[2026-09-15T10:05:07] RUN_START run_id=ML_INT8_quantized_03
[2026-09-15T10:05:07] PARAM model_type=INT8_quantized
[2026-09-15T10:05:07] PARAM sensor=Adafruit_INA219
[2026-09-15T10:05:07] METRIC model_size_kb=212
[2026-09-15T10:05:07] METRIC inference_time_ms=1.8639
[2026-09-15T10:05:07] METRIC memory_usage_mb=2.023
[2026-09-15T10:05:07] METRIC total_power_mw=40.526
[2026-09-15T10:05:07] METRIC dram_power_mw=16.774
[2026-09-15T10:05:07] METRIC cpu_active_power_mw=12.071
[2026-09-15T10:05:07] METRIC static_leakage_power_mw=13.231
[2026-09-15T10:05:07] METRIC sample_rate_hz=10
[2026-09-15T10:05:07] RUN_END status=OK
[2026-09-15T10:07:00] RUN_START run_id=ML_INT8_quantized_04
[2026-09-15T10:07:00] PARAM model_type=INT8_quantized
[2026-09-15T10:07:00] PARAM sensor=Adafruit_INA219
[2026-09-15T10:07:00] METRIC model_size_kb=212
[2026-09-15T10:07:00] METRIC inference_time_ms=1.7547
[2026-09-15T10:07:00] METRIC memory_usage_mb=2.022
[2026-09-15T10:07:00] METRIC total_power_mw=41.857
[2026-09-15T10:07:00] METRIC dram_power_mw=17.415
[2026-09-15T10:07:00] METRIC cpu_active_power_mw=11.241
[2026-09-15T10:07:00] METRIC static_leakage_power_mw=12.651
[2026-09-15T10:07:00] METRIC sample_rate_hz=10
[2026-09-15T10:07:00] RUN_END status=OK
[2026-09-15T10:08:07] RUN_START run_id=ML_FP32_original_04
[2026-09-15T10:08:07] PARAM model_type=FP32_original
[2026-09-15T10:08:07] PARAM sensor=Adafruit_INA219
[2026-09-15T10:08:07] METRIC model_size_kb=842
[2026-09-15T10:08:07] METRIC inference_time_ms=4.8925
[2026-09-15T10:08:07] METRIC memory_usage_mb=7.332
[2026-09-15T10:08:07] METRIC total_power_mw=129.826
[2026-09-15T10:08:07] METRIC dram_power_mw=66.03
[2026-09-15T10:08:07] METRIC cpu_active_power_mw=32.463
[2026-09-15T10:08:07] METRIC static_leakage_power_mw=24.827
[2026-09-15T10:08:07] METRIC sample_rate_hz=10
[2026-09-15T10:08:07] RUN_END status=OK
[2026-09-15T10:09:16] RUN_START run_id=ML_INT8_quantized_05
[2026-09-15T10:09:16] PARAM model_type=INT8_quantized
[2026-09-15T10:09:16] PARAM sensor=Adafruit_INA219
[2026-09-15T10:09:16] METRIC model_size_kb=212
[2026-09-15T10:09:16] METRIC inference_time_ms=1.834
[2026-09-15T10:09:16] METRIC memory_usage_mb=2.103
[2026-09-15T10:09:16] METRIC total_power_mw=43.076
[2026-09-15T10:09:16] METRIC dram_power_mw=16.992
[2026-09-15T10:09:16] METRIC cpu_active_power_mw=11.662
[2026-09-15T10:09:16] METRIC static_leakage_power_mw=13.254
[2026-09-15T10:09:16] METRIC sample_rate_hz=10
[2026-09-15T10:09:16] RUN_END status=OK
[2026-09-15T10:10:41] RUN_START run_id=ML_INT8_quantized_06
[2026-09-15T10:10:41] PARAM model_type=INT8_quantized
[2026-09-15T10:10:41] PARAM sensor=Adafruit_INA219
[2026-09-15T10:10:41] METRIC model_size_kb=212
[2026-09-15T10:10:41] METRIC inference_time_ms=1.8601
[2026-09-15T10:10:41] METRIC memory_usage_mb=2.09
[2026-09-15T10:10:41] METRIC total_power_mw=41.52
[2026-09-15T10:10:41] METRIC dram_power_mw=16.275
[2026-09-15T10:10:41] METRIC cpu_active_power_mw=12.047
[2026-09-15T10:10:41] METRIC static_leakage_power_mw=12.907
[2026-09-15T10:10:41] METRIC sample_rate_hz=10
[2026-09-15T10:10:41] RUN_END status=OK
