[2026-08-02T08:35:53] RUN_START run_id=LINKSENS_uDCN_016
[2026-08-02T08:35:53] PARAM implementation=uDCN
[2026-08-02T08:35:53] METRIC link_bandwidth_gbps=10.0
[2026-08-02T08:35:53] METRIC base_rtt_ms=5.0
[2026-08-02T08:35:53] METRIC packet_loss_pct=2.0692
[2026-08-02T08:35:53] METRIC retransmission_count=3
[2026-08-02T08:35:53] METRIC throughput_gbps=8.5448
[2026-08-02T08:35:53] METRIC latency_ms=12.7682
[2026-08-02T08:35:53] RUN_END status=OK
[2026-08-02T08:37:01] RUN_START run_id=LINKSENS_uDCN_017
[2026-08-02T08:37:01] PARAM implementation=uDCN
[2026-08-02T08:37:01] METRIC link_bandwidth_gbps=10.0
[2026-08-02T08:37:01] METRIC base_rtt_ms=5.0
[2026-08-02T08:37:01] METRIC packet_loss_pct=1.3599
[2026-08-02T08:37:01] METRIC retransmission_count=5
[2026-08-02T08:37:01] METRIC throughput_gbps=8.0469
[2026-08-02T08:37:01] METRIC latency_ms=13.4165
[2026-08-02T08:37:01] RUN_END status=OK
[2026-08-02T08:39:59] RUN_START run_id=LINKSENS_uDCN_018
[2026-08-02T08:39:59] PARAM implementation=uDCN
[2026-08-02T08:39:59] METRIC link_bandwidth_gbps=10.0
[2026-08-02T08:39:59] METRIC base_rtt_ms=5.0
[2026-08-02T08:39:59] METRIC packet_loss_pct=3.3171
[2026-08-02T08:39:59] METRIC retransmission_count=11
[2026-08-02T08:39:59] METRIC throughput_gbps=7.5108
[2026-08-02T08:39:59] METRIC latency_ms=13.4018
[2026-08-02T08:39:59] RUN_END status=OK
[2026-08-02T08:41:24] RUN_START run_id=LINKSENS_uDCN_019
[2026-08-02T08:41:24] PARAM implementation=uDCN
[2026-08-02T08:41:24] METRIC link_bandwidth_gbps=10.0
[2026-08-02T08:41:24] METRIC base_rtt_ms=5.0
[2026-08-02T08:41:24] METRIC packet_loss_pct=3.166
[2026-08-02T08:41:24] METRIC retransmission_count=19
[2026-08-02T08:41:24] METRIC throughput_gbps=8.1763
[2026-08-02T08:41:24] METRIC latency_ms=13.3012
[2026-08-02T08:41:24] RUN_END status=OK
[2026-08-02T08:46:57] RUN_START run_id=LINKSENS_uDCN_020
[2026-08-02T08:46:57] PARAM implementation=uDCN
[2026-08-02T08:46:57] METRIC link_bandwidth_gbps=10.0
[2026-08-02T08:46:57] METRIC base_rtt_ms=5.0
[2026-08-02T08:46:57] METRIC packet_loss_pct=3.4786
[2026-08-02T08:46:57] METRIC retransmission_count=12
[2026-08-02T08:46:57] METRIC throughput_gbps=7.7297
[2026-08-02T08:46:57] METRIC latency_ms=12.4834
[2026-08-02T08:46:57] RUN_END status=OK
[2026-08-02T08:50:30] RUN_START run_id=LINKSENS_uDCN_021
[2026-08-02T08:50:30] PARAM implementation=uDCN
[2026-08-02T08:50:30] METRIC link_bandwidth_gbps=10.0
[2026-08-02T08:50:30] METRIC base_rtt_ms=5.0
[2026-08-02T08:50:30] METRIC packet_loss_pct=4.8284
[2026-08-02T08:50:30] METRIC retransmission_count=16
[2026-08-02T08:50:30] METRIC throughput_gbps=7.4359
[2026-08-02T08:50:30] METRIC latency_ms=13.4658
[2026-08-02T08:50:30] RUN_END status=OK
[2026-08-02T08:51:34] RUN_START run_id=LINKSENS_uDCN_022
[2026-08-02T08:51:34] PARAM implementation=uDCN
[2026-08-02T08:51:34] METRIC link_bandwidth_gbps=10.0
[2026-08-02T08:51:34] METRIC base_rtt_ms=5.0
[2026-08-02T08:51:34] METRIC packet_loss_pct=0.9452
[2026-08-02T08:51:34] METRIC retransmission_count=3
[2026-08-02T08:51:34] METRIC throughput_gbps=8.312
[2026-08-02T08:51:34] METRIC latency_ms=12.595
[2026-08-02T08:51:34] RUN_END status=OK
[2026-08-02T08:54:55] RUN_START run_id=LINKSENS_uDCN_023
[2026-08-02T08:54:55] PARAM implementation=uDCN
[2026-08-02T08:54:55] METRIC link_bandwidth_gbps=10.0
[2026-08-02T08:54:55] METRIC base_rtt_ms=5.0
[2026-08-02T08:54:55] METRIC packet_loss_pct=0.8133
[2026-08-02T08:54:55] METRIC retransmission_count=5
[2026-08-02T08:54:55] METRIC throughput_gbps=7.8993
[2026-08-02T08:54:55] METRIC latency_ms=13.032
[2026-08-02T08:54:55] RUN_END status=OK
[2026-08-02T08:57:22] RUN_START run_id=LINKSENS_uDCN_024
[2026-08-02T08:57:22] PARAM implementation=uDCN
[2026-08-02T08:57:22] METRIC link_bandwidth_gbps=10.0
[2026-08-02T08:57:22] METRIC base_rtt_ms=5.0
[2026-08-02T08:57:22] METRIC packet_loss_pct=3.0178
[2026-08-02T08:57:22] METRIC retransmission_count=4
[2026-08-02T08:57:22] METRIC throughput_gbps=7.4373
[2026-08-02T08:57:22] METRIC latency_ms=13.0695
[2026-08-02T08:57:22] RUN_END status=OK
[2026-08-02T08:58:28] RUN_START run_id=LINKSENS_uDCN_025
[2026-08-02T08:58:28] PARAM implementation=uDCN
[2026-08-02T08:58:28] METRIC link_bandwidth_gbps=10.0
[2026-08-02T08:58:28] METRIC base_rtt_ms=5.0
[2026-08-02T08:58:28] METRIC packet_loss_pct=4.2245
[2026-08-02T08:58:28] METRIC retransmission_count=27
[2026-08-02T08:58:28] METRIC throughput_gbps=7.7974
[2026-08-02T08:58:28] METRIC latency_ms=13.2375
[2026-08-02T08:58:28] RUN_END status=OK
[2026-08-02T09:00:45] RUN_START run_id=LINKSENS_uDCN_026
[2026-08-02T09:00:45] PARAM implementation=uDCN
[2026-08-02T09:00:45] METRIC link_bandwidth_gbps=10.0
[2026-08-02T09:00:45] METRIC base_rtt_ms=5.0
[2026-08-02T09:00:45] METRIC packet_loss_pct=2.891
[2026-08-02T09:00:45] METRIC retransmission_count=12
[2026-08-02T09:00:45] METRIC throughput_gbps=7.3673
[2026-08-02T09:00:45] METRIC latency_ms=13.598
[2026-08-02T09:00:45] RUN_END status=OK
[2026-08-02T09:01:27] RUN_START run_id=LINKSENS_uDCN_027
[2026-08-02T09:01:27] PARAM implementation=uDCN
[2026-08-02T09:01:27] METRIC link_bandwidth_gbps=10.0
[2026-08-02T09:01:27] METRIC base_rtt_ms=5.0
[2026-08-02T09:01:27] METRIC packet_loss_pct=2.6735
[2026-08-02T09:01:27] METRIC retransmission_count=11
[2026-08-02T09:01:27] METRIC throughput_gbps=7.4538
[2026-08-02T09:01:27] METRIC latency_ms=12.4076
[2026-08-02T09:01:27] RUN_END status=OK
