[2026-08-05T16:28:00] RUN_START run_id=LINKSENS_NFD_091
[2026-08-05T16:28:00] PARAM implementation=NFD
[2026-08-05T16:28:00] METRIC link_bandwidth_gbps=10.0
[2026-08-05T16:28:00] METRIC base_rtt_ms=5.0
[2026-08-05T16:28:00] METRIC packet_loss_pct=0.2499
[2026-08-05T16:28:00] METRIC retransmission_count=0
[2026-08-05T16:28:00] METRIC throughput_gbps=2.8294
[2026-08-05T16:28:00] METRIC latency_ms=16.3961
[2026-08-05T16:28:00] RUN_END status=OK
[2026-08-05T16:30:59] RUN_START run_id=LINKSENS_NFD_092
[2026-08-05T16:30:59] PARAM implementation=NFD
[2026-08-05T16:30:59] METRIC link_bandwidth_gbps=10.0
[2026-08-05T16:30:59] METRIC base_rtt_ms=5.0
[2026-08-05T16:30:59] METRIC packet_loss_pct=3.7941
[2026-08-05T16:30:59] METRIC retransmission_count=10
[2026-08-05T16:30:59] METRIC throughput_gbps=2.1256
[2026-08-05T16:30:59] METRIC latency_ms=22.1814
[2026-08-05T16:30:59] RUN_END status=OK
[2026-08-05T16:32:13] RUN_START run_id=LINKSENS_NFD_093
[2026-08-05T16:32:13] PARAM implementation=NFD
[2026-08-05T16:32:13] METRIC link_bandwidth_gbps=10.0
[2026-08-05T16:32:13] METRIC base_rtt_ms=5.0
[2026-08-05T16:32:13] METRIC packet_loss_pct=4.6921
[2026-08-05T16:32:13] METRIC retransmission_count=20
[2026-08-05T16:32:13] METRIC throughput_gbps=1.9599
[2026-08-05T16:32:13] METRIC latency_ms=21.8661
[2026-08-05T16:32:13] RUN_END status=OK
[2026-08-05T16:35:38] RUN_START run_id=LINKSENS_NFD_094
[2026-08-05T16:35:38] PARAM implementation=NFD
[2026-08-05T16:35:38] METRIC link_bandwidth_gbps=10.0
[2026-08-05T16:35:38] METRIC base_rtt_ms=5.0
[2026-08-05T16:35:38] METRIC packet_loss_pct=2.0292
[2026-08-05T16:35:38] METRIC retransmission_count=7
[2026-08-05T16:35:38] METRIC throughput_gbps=2.4705
[2026-08-05T16:35:38] METRIC latency_ms=19.3522
[2026-08-05T16:35:38] RUN_END status=OK
[2026-08-05T16:37:49] RUN_START run_id=LINKSENS_NFD_095
[2026-08-05T16:37:49] PARAM implementation=NFD
[2026-08-05T16:37:49] METRIC link_bandwidth_gbps=10.0
[2026-08-05T16:37:49] METRIC base_rtt_ms=5.0
[2026-08-05T16:37:49] METRIC packet_loss_pct=2.3249
[2026-08-05T16:37:49] METRIC retransmission_count=5
[2026-08-05T16:37:49] METRIC throughput_gbps=2.4468
[2026-08-05T16:37:49] METRIC latency_ms=19.2471
[2026-08-05T16:37:49] RUN_END status=OK
[2026-08-05T16:44:17] RUN_START run_id=LINKSENS_NFD_096
[2026-08-05T16:44:17] PARAM implementation=NFD
[2026-08-05T16:44:17] METRIC link_bandwidth_gbps=10.0
[2026-08-05T16:44:17] METRIC base_rtt_ms=5.0
[2026-08-05T16:44:17] METRIC packet_loss_pct=0.3416
[2026-08-05T16:44:17] METRIC retransmission_count=0
[2026-08-05T16:44:17] METRIC throughput_gbps=2.7458
[2026-08-05T16:44:17] METRIC latency_ms=17.7294
[2026-08-05T16:44:17] RUN_END status=OK
[2026-08-05T16:46:44] RUN_START run_id=LINKSENS_NFD_097
[2026-08-05T16:46:44] PARAM implementation=NFD
[2026-08-05T16:46:44] METRIC link_bandwidth_gbps=10.0
[2026-08-05T16:46:44] METRIC base_rtt_ms=5.0
[2026-08-05T16:46:44] METRIC packet_loss_pct=3.9777
[2026-08-05T16:46:44] METRIC retransmission_count=10
[2026-08-05T16:46:44] METRIC throughput_gbps=2.1008
[2026-08-05T16:46:44] METRIC latency_ms=22.2016
[2026-08-05T16:46:44] RUN_END status=OK
[2026-08-05T16:48:34] RUN_START run_id=LINKSENS_NFD_098
[2026-08-05T16:48:34] PARAM implementation=NFD
[2026-08-05T16:48:34] METRIC link_bandwidth_gbps=10.0
[2026-08-05T16:48:34] METRIC base_rtt_ms=5.0
[2026-08-05T16:48:34] METRIC packet_loss_pct=0.1172
[2026-08-05T16:48:34] METRIC retransmission_count=0
[2026-08-05T16:48:34] METRIC throughput_gbps=2.8764
[2026-08-05T16:48:34] METRIC latency_ms=17.4899
[2026-08-05T16:48:34] RUN_END status=OK
[2026-08-05T16:49:57] RUN_START run_id=LINKSENS_NFD_099
[2026-08-05T16:49:57] PARAM implementation=NFD
[2026-08-05T16:49:57] METRIC link_bandwidth_gbps=10.0
[2026-08-05T16:49:57] METRIC base_rtt_ms=5.0
[2026-08-05T16:49:57] METRIC packet_loss_pct=3.2939
[2026-08-05T16:49:57] METRIC retransmission_count=6
[2026-08-05T16:49:57] METRIC throughput_gbps=2.1497
[2026-08-05T16:49:57] METRIC latency_ms=21.1387
[2026-08-05T16:49:57] RUN_END status=OK
[2026-08-05T16:50:41] RUN_START run_id=LINKSENS_NFD_100
[2026-08-05T16:50:41] PARAM implementation=NFD
[2026-08-05T16:50:41] METRIC link_bandwidth_gbps=10.0
[2026-08-05T16:50:41] METRIC base_rtt_ms=5.0
[2026-08-05T16:50:41] METRIC packet_loss_pct=4.8741
[2026-08-05T16:50:41] METRIC retransmission_count=17
[2026-08-05T16:50:41] METRIC throughput_gbps=1.9991
[2026-08-05T16:50:41] METRIC latency_ms=23.194
[2026-08-05T16:50:41] RUN_END status=OK
[2026-08-05T16:53:45] RUN_START run_id=LINKSENS_NFD_101
[2026-08-05T16:53:45] PARAM implementation=NFD
[2026-08-05T16:53:45] METRIC link_bandwidth_gbps=10.0
[2026-08-05T16:53:45] METRIC base_rtt_ms=5.0
[2026-08-05T16:53:45] METRIC packet_loss_pct=3.969
[2026-08-05T16:53:45] METRIC retransmission_count=10
[2026-08-05T16:53:45] METRIC throughput_gbps=2.1115
[2026-08-05T16:53:45] METRIC latency_ms=23.4143
[2026-08-05T16:53:45] RUN_END status=OK
[2026-08-05T16:55:32] RUN_START run_id=LINKSENS_NFD_102
[2026-08-05T16:55:32] PARAM implementation=NFD
[2026-08-05T16:55:32] METRIC link_bandwidth_gbps=10.0
[2026-08-05T16:55:32] METRIC base_rtt_ms=5.0
[2026-08-05T16:55:32] METRIC packet_loss_pct=1.1408
[2026-08-05T16:55:32] METRIC retransmission_count=4
[2026-08-05T16:55:32] METRIC throughput_gbps=2.6711
[2026-08-05T16:55:32] METRIC latency_ms=19.0667
[2026-08-05T16:55:32] RUN_END status=OK
[2026-08-05T16:56:17] RUN_START run_id=LINKSENS_NFD_103
[2026-08-05T16:56:17] PARAM implementation=NFD
[2026-08-05T16:56:17] METRIC link_bandwidth_gbps=10.0
[2026-08-05T16:56:17] METRIC base_rtt_ms=5.0
[2026-08-05T16:56:17] METRIC packet_loss_pct=0.4075
[2026-08-05T16:56:17] METRIC retransmission_count=2
[2026-08-05T16:56:17] METRIC throughput_gbps=2.6417
[2026-08-05T16:56:17] METRIC latency_ms=16.1581
[2026-08-05T16:56:17] RUN_END status=OK
[2026-08-05T16:58:34] RUN_START run_id=LINKSENS_NFD_104
[2026-08-05T16:58:34] PARAM implementation=NFD
[2026-08-05T16:58:34] METRIC link_bandwidth_gbps=10.0
[2026-08-05T16:58:34] METRIC base_rtt_ms=5.0
[2026-08-05T16:58:34] METRIC packet_loss_pct=0.1162
[2026-08-05T16:58:34] METRIC retransmission_count=0
[2026-08-05T16:58:34] METRIC throughput_gbps=2.8058
[2026-08-05T16:58:34] METRIC latency_ms=16.4859
[2026-08-05T16:58:34] RUN_END status=OK
[2026-08-05T17:00:00] RUN_START run_id=LINKSENS_CCNlite_001
[2026-08-05T17:00:00] PARAM implementation=CCNlite
[2026-08-05T17:00:00] METRIC link_bandwidth_gbps=10.0
[2026-08-05T17:00:00] METRIC base_rtt_ms=5.0
[2026-08-05T17:00:00] METRIC packet_loss_pct=3.6519
[2026-08-05T17:00:00] METRIC retransmission_count=20
[2026-08-05T17:00:00] METRIC throughput_gbps=1.8101
[2026-08-05T17:00:00] METRIC latency_ms=21.7089
[2026-08-05T17:00:00] RUN_END status=OK
[2026-08-05T17:00:15] RUN_START run_id=LINKSENS_NFD_105
[2026-08-05T17:00:15] PARAM implementation=NFD
[2026-08-05T17:00:15] METRIC link_bandwidth_gbps=10.0
[2026-08-05T17:00:15] METRIC base_rtt_ms=5.0
[2026-08-05T17:00:15] METRIC packet_loss_pct=4.4218
[2026-08-05T17:00:15] METRIC retransmission_count=16
[2026-08-05T17:00:15] METRIC throughput_gbps=1.9603
[2026-08-05T17:00:15] METRIC latency_ms=21.3512
[2026-08-05T17:00:15] RUN_END status=OK
[2026-08-05T17:02:08] RUN_START run_id=LINKSENS_NFD_106
[2026-08-05T17:02:08] PARAM implementation=NFD
[2026-08-05T17:02:08] METRIC link_bandwidth_gbps=10.0
[2026-08-05T17:02:08] METRIC base_rtt_ms=5.0
[2026-08-05T17:02:08] METRIC packet_loss_pct=4.0813
[2026-08-05T17:02:08] METRIC retransmission_count=10
[2026-08-05T17:02:08] METRIC throughput_gbps=2.1365
[2026-08-05T17:02:08] METRIC latency_ms=21.2488
[2026-08-05T17:02:08] RUN_END status=OK
[2026-08-05T17:02:54] RUN_START run_id=LINKSENS_NFD_107
[2026-08-05T17:02:54] PARAM implementation=NFD
[2026-08-05T17:02:54] METRIC link_bandwidth_gbps=10.0
[2026-08-05T17:02:54] METRIC base_rtt_ms=5.0
[2026-08-05T17:02:54] METRIC packet_loss_pct=4.145
[2026-08-05T17:02:54] METRIC retransmission_count=14
[2026-08-05T17:02:54] METRIC throughput_gbps=2.0691
[2026-08-05T17:02:54] METRIC latency_ms=20.9779
[2026-08-05T17:02:54] RUN_END status=OK
