[2026-08-08T02:01:05] RUN_START run_id=LINKSENS_CCNlite_060
[2026-08-08T02:01:05] PARAM implementation=CCNlite
[2026-08-08T02:01:05] METRIC link_bandwidth_gbps=10.0
[2026-08-08T02:01:05] METRIC base_rtt_ms=5.0
[2026-08-08T02:01:05] METRIC packet_loss_pct=0.3402
[2026-08-08T02:01:05] METRIC retransmission_count=0
[2026-08-08T02:01:05] METRIC throughput_gbps=2.128
[2026-08-08T02:01:05] METRIC latency_ms=18.2134
[2026-08-08T02:01:05] RUN_END status=OK
[2026-08-08T02:03:35] RUN_START run_id=LINKSENS_CCNlite_061
[2026-08-08T02:03:35] PARAM implementation=CCNlite
[2026-08-08T02:03:35] METRIC link_bandwidth_gbps=10.0
[2026-08-08T02:03:35] METRIC base_rtt_ms=5.0
[2026-08-08T02:03:35] METRIC packet_loss_pct=3.4267
[2026-08-08T02:03:35] METRIC retransmission_count=10
[2026-08-08T02:03:35] METRIC throughput_gbps=1.8028
[2026-08-08T02:03:35] METRIC latency_ms=21.114
[2026-08-08T02:03:35] RUN_END status=OK
[2026-08-08T02:04:23] RUN_START run_id=LINKSENS_CCNlite_062
[2026-08-08T02:04:23] PARAM implementation=CCNlite
[2026-08-08T02:04:23] METRIC link_bandwidth_gbps=10.0
[2026-08-08T02:04:23] METRIC base_rtt_ms=5.0
[2026-08-08T02:04:23] METRIC packet_loss_pct=1.8033
[2026-08-08T02:04:23] METRIC retransmission_count=8
[2026-08-08T02:04:23] METRIC throughput_gbps=1.9526
[2026-08-08T02:04:23] METRIC latency_ms=19.3627
[2026-08-08T02:04:23] RUN_END status=OK
[2026-08-08T02:08:01] RUN_START run_id=LINKSENS_CCNlite_063
[2026-08-08T02:08:01] PARAM implementation=CCNlite
[2026-08-08T02:08:01] METRIC link_bandwidth_gbps=10.0
[2026-08-08T02:08:01] METRIC base_rtt_ms=5.0
[2026-08-08T02:08:01] METRIC packet_loss_pct=2.0395
[2026-08-08T02:08:01] METRIC retransmission_count=14
[2026-08-08T02:08:01] METRIC throughput_gbps=1.9909
[2026-08-08T02:08:01] METRIC latency_ms=20.3044
[2026-08-08T02:08:01] RUN_END status=OK
[2026-08-08T02:08:53] RUN_START run_id=LINKSENS_CCNlite_064
[2026-08-08T02:08:53] PARAM implementation=CCNlite
[2026-08-08T02:08:53] METRIC link_bandwidth_gbps=10.0
[2026-08-08T02:08:53] METRIC base_rtt_ms=5.0
[2026-08-08T02:08:53] METRIC packet_loss_pct=3.3556
[2026-08-08T02:08:53] METRIC retransmission_count=14
[2026-08-08T02:08:53] METRIC throughput_gbps=1.8141
[2026-08-08T02:08:53] METRIC latency_ms=23.1445
[2026-08-08T02:08:53] RUN_END status=OK
[2026-08-08T02:12:47] RUN_START run_id=LINKSENS_CCNlite_065
[2026-08-08T02:12:47] PARAM implementation=CCNlite
[2026-08-08T02:12:47] METRIC link_bandwidth_gbps=10.0
[2026-08-08T02:12:47] METRIC base_rtt_ms=5.0
[2026-08-08T02:12:47] METRIC packet_loss_pct=2.4609
[2026-08-08T02:12:47] METRIC retransmission_count=15
[2026-08-08T02:12:47] METRIC throughput_gbps=2.0583
[2026-08-08T02:12:47] METRIC latency_ms=20.4547
[2026-08-08T02:12:47] RUN_END status=OK
[2026-08-08T02:15:28] RUN_START run_id=LINKSENS_NFD_124
[2026-08-08T02:15:28] PARAM implementation=NFD
[2026-08-08T02:15:28] METRIC link_bandwidth_gbps=10.0
[2026-08-08T02:15:28] METRIC base_rtt_ms=5.0
[2026-08-08T02:15:28] METRIC packet_loss_pct=4.8896
[2026-08-08T02:15:28] METRIC retransmission_count=16
[2026-08-08T02:15:28] METRIC throughput_gbps=1.9184
[2026-08-08T02:15:28] METRIC latency_ms=23.995
[2026-08-08T02:15:28] RUN_END status=OK
[2026-08-08T02:15:40] RUN_START run_id=LINKSENS_CCNlite_066
[2026-08-08T02:15:40] PARAM implementation=CCNlite
[2026-08-08T02:15:40] METRIC link_bandwidth_gbps=10.0
[2026-08-08T02:15:40] METRIC base_rtt_ms=5.0
[2026-08-08T02:15:40] METRIC packet_loss_pct=2.4124
[2026-08-08T02:15:40] METRIC retransmission_count=11
[2026-08-08T02:15:40] METRIC throughput_gbps=1.9626
[2026-08-08T02:15:40] METRIC latency_ms=19.2414
[2026-08-08T02:15:40] RUN_END status=OK
[2026-08-08T02:17:25] RUN_START run_id=LINKSENS_NFD_125
[2026-08-08T02:17:25] PARAM implementation=NFD
[2026-08-08T02:17:25] METRIC link_bandwidth_gbps=10.0
[2026-08-08T02:17:25] METRIC base_rtt_ms=5.0
[2026-08-08T02:17:25] METRIC packet_loss_pct=4.7643
[2026-08-08T02:17:25] METRIC retransmission_count=18
[2026-08-08T02:17:25] METRIC throughput_gbps=2.0229
[2026-08-08T02:17:25] METRIC latency_ms=21.2226
[2026-08-08T02:17:25] RUN_END status=OK
[2026-08-08T02:17:40] RUN_START run_id=LINKSENS_CCNlite_067
[2026-08-08T02:17:40] PARAM implementation=CCNlite
[2026-08-08T02:17:40] METRIC link_bandwidth_gbps=10.0
[2026-08-08T02:17:40] METRIC base_rtt_ms=5.0
[2026-08-08T02:17:40] METRIC packet_loss_pct=0.014
[2026-08-08T02:17:40] METRIC retransmission_count=0
[2026-08-08T02:17:40] METRIC throughput_gbps=2.3172
[2026-08-08T02:17:40] METRIC latency_ms=17.6725
[2026-08-08T02:17:40] RUN_END status=OK
[2026-08-08T02:19:41] RUN_START run_id=LINKSENS_NFD_126
[2026-08-08T02:19:41] PARAM implementation=NFD
[2026-08-08T02:19:41] METRIC link_bandwidth_gbps=10.0
[2026-08-08T02:19:41] METRIC base_rtt_ms=5.0
[2026-08-08T02:19:41] METRIC packet_loss_pct=0.9786
[2026-08-08T02:19:41] METRIC retransmission_count=4
[2026-08-08T02:19:41] METRIC throughput_gbps=2.7992
[2026-08-08T02:19:41] METRIC latency_ms=18.0473
[2026-08-08T02:19:41] RUN_END status=OK
[2026-08-08T02:21:51] RUN_START run_id=LINKSENS_NFD_127
[2026-08-08T02:21:51] PARAM implementation=NFD
[2026-08-08T02:21:51] METRIC link_bandwidth_gbps=10.0
[2026-08-08T02:21:51] METRIC base_rtt_ms=5.0
[2026-08-08T02:21:51] METRIC packet_loss_pct=2.9852
[2026-08-08T02:21:51] METRIC retransmission_count=12
[2026-08-08T02:21:51] METRIC throughput_gbps=2.3025
[2026-08-08T02:21:51] METRIC latency_ms=20.0886
[2026-08-08T02:21:51] RUN_END status=OK
[2026-08-08T02:22:00] RUN_START run_id=LINKSENS_CCNlite_068
[2026-08-08T02:22:00] PARAM implementation=CCNlite
[2026-08-08T02:22:00] METRIC link_bandwidth_gbps=10.0
[2026-08-08T02:22:00] METRIC base_rtt_ms=5.0
[2026-08-08T02:22:00] METRIC packet_loss_pct=0.2483
[2026-08-08T02:22:00] METRIC retransmission_count=0
[2026-08-08T02:22:00] METRIC throughput_gbps=2.1892
[2026-08-08T02:22:00] METRIC latency_ms=17.5944
[2026-08-08T02:22:00] RUN_END status=OK
