[2026-08-05T12:54:25] RUN_START run_id=LINKSENS_PythonNDN_122
[2026-08-05T12:54:25] PARAM implementation=PythonNDN
[2026-08-05T12:54:25] METRIC link_bandwidth_gbps=10.0
[2026-08-05T12:54:25] METRIC base_rtt_ms=5.0
[2026-08-05T12:54:25] METRIC packet_loss_pct=3.0346
[2026-08-05T12:54:25] METRIC retransmission_count=10
[2026-08-05T12:54:25] METRIC throughput_gbps=0.55
[2026-08-05T12:54:25] METRIC latency_ms=33.8607
[2026-08-05T12:54:25] RUN_END status=OK
[2026-08-05T12:57:16] RUN_START run_id=LINKSENS_PythonNDN_123
[2026-08-05T12:57:16] PARAM implementation=PythonNDN
[2026-08-05T12:57:16] METRIC link_bandwidth_gbps=10.0
[2026-08-05T12:57:16] METRIC base_rtt_ms=5.0
[2026-08-05T12:57:16] METRIC packet_loss_pct=1.459
[2026-08-05T12:57:16] METRIC retransmission_count=11
[2026-08-05T12:57:16] METRIC throughput_gbps=0.6322
[2026-08-05T12:57:16] METRIC latency_ms=29.2904
[2026-08-05T12:57:16] RUN_END status=OK
[2026-08-05T12:58:07] RUN_START run_id=LINKSENS_PythonNDN_124
[2026-08-05T12:58:07] PARAM implementation=PythonNDN
[2026-08-05T12:58:07] METRIC link_bandwidth_gbps=10.0
[2026-08-05T12:58:07] METRIC base_rtt_ms=5.0
[2026-08-05T12:58:07] METRIC packet_loss_pct=4.5735
[2026-08-05T12:58:07] METRIC retransmission_count=22
[2026-08-05T12:58:07] METRIC throughput_gbps=0.5028
[2026-08-05T12:58:07] METRIC latency_ms=38.3307
[2026-08-05T12:58:07] RUN_END status=OK
[2026-08-05T12:59:18] RUN_START run_id=LINKSENS_PythonNDN_125
[2026-08-05T12:59:18] PARAM implementation=PythonNDN
[2026-08-05T12:59:18] METRIC link_bandwidth_gbps=10.0
[2026-08-05T12:59:18] METRIC base_rtt_ms=5.0
[2026-08-05T12:59:18] METRIC packet_loss_pct=2.9123
[2026-08-05T12:59:18] METRIC retransmission_count=8
[2026-08-05T12:59:18] METRIC throughput_gbps=0.5686
[2026-08-05T12:59:18] METRIC latency_ms=34.6022
[2026-08-05T12:59:18] RUN_END status=OK
[2026-08-05T13:01:52] RUN_START run_id=LINKSENS_PythonNDN_126
[2026-08-05T13:01:52] PARAM implementation=PythonNDN
[2026-08-05T13:01:52] METRIC link_bandwidth_gbps=10.0
[2026-08-05T13:01:52] METRIC base_rtt_ms=5.0
[2026-08-05T13:01:52] METRIC packet_loss_pct=1.3252
[2026-08-05T13:01:52] METRIC retransmission_count=7
[2026-08-05T13:01:52] METRIC throughput_gbps=0.6555
[2026-08-05T13:01:52] METRIC latency_ms=31.2623
[2026-08-05T13:01:52] RUN_END status=OK
[2026-08-05T13:03:37] RUN_START run_id=LINKSENS_PythonNDN_127
[2026-08-05T13:03:37] PARAM implementation=PythonNDN
[2026-08-05T13:03:37] METRIC link_bandwidth_gbps=10.0
[2026-08-05T13:03:37] METRIC base_rtt_ms=5.0
[2026-08-05T13:03:37] METRIC packet_loss_pct=0.4821
[2026-08-05T13:03:37] METRIC retransmission_count=1
[2026-08-05T13:03:37] METRIC throughput_gbps=0.6728
[2026-08-05T13:03:37] METRIC latency_ms=27.8099
[2026-08-05T13:03:37] RUN_END status=OK
[2026-08-05T14:20:21] RUN_START run_id=LINKSENS_PythonNDN_128
[2026-08-05T14:20:21] PARAM implementation=PythonNDN
[2026-08-05T14:20:21] METRIC link_bandwidth_gbps=10.0
[2026-08-05T14:20:21] METRIC base_rtt_ms=5.0
[2026-08-05T14:20:21] METRIC packet_loss_pct=2.7531
[2026-08-05T14:20:21] METRIC retransmission_count=11
[2026-08-05T14:20:21] METRIC throughput_gbps=0.5532
[2026-08-05T14:20:21] METRIC latency_ms=39.463
[2026-08-05T14:20:21] RUN_END status=OK
[2026-08-05T14:22:47] RUN_START run_id=LINKSENS_PythonNDN_129
[2026-08-05T14:22:47] PARAM implementation=PythonNDN
[2026-08-05T14:22:47] METRIC link_bandwidth_gbps=10.0
[2026-08-05T14:22:47] METRIC base_rtt_ms=5.0
[2026-08-05T14:22:47] METRIC packet_loss_pct=2.3159
[2026-08-05T14:22:47] METRIC retransmission_count=8
[2026-08-05T14:22:47] METRIC throughput_gbps=0.6333
[2026-08-05T14:22:47] METRIC latency_ms=35.5492
[2026-08-05T14:22:47] RUN_END status=OK
[2026-08-05T14:24:54] RUN_START run_id=LINKSENS_PythonNDN_130
[2026-08-05T14:24:54] PARAM implementation=PythonNDN
[2026-08-05T14:24:54] METRIC link_bandwidth_gbps=10.0
[2026-08-05T14:24:54] METRIC base_rtt_ms=5.0
[2026-08-05T14:24:54] METRIC packet_loss_pct=3.9548
[2026-08-05T14:24:54] METRIC retransmission_count=17
[2026-08-05T14:24:54] METRIC throughput_gbps=0.5141
[2026-08-05T14:24:54] METRIC latency_ms=37.0146
[2026-08-05T14:24:54] RUN_END status=OK
[2026-08-05T14:25:34] RUN_START run_id=LINKSENS_PythonNDN_131
[2026-08-05T14:25:34] PARAM implementation=PythonNDN
[2026-08-05T14:25:34] METRIC link_bandwidth_gbps=10.0
[2026-08-05T14:25:34] METRIC base_rtt_ms=5.0
[2026-08-05T14:25:34] METRIC packet_loss_pct=0.7787
[2026-08-05T14:25:34] METRIC retransmission_count=2
[2026-08-05T14:25:34] METRIC throughput_gbps=0.6655
[2026-08-05T14:25:34] METRIC latency_ms=27.541
[2026-08-05T14:25:34] RUN_END status=OK
[2026-08-05T14:27:13] RUN_START run_id=LINKSENS_PythonNDN_132
[2026-08-05T14:27:13] PARAM implementation=PythonNDN
[2026-08-05T14:27:13] METRIC link_bandwidth_gbps=10.0
[2026-08-05T14:27:13] METRIC base_rtt_ms=5.0
[2026-08-05T14:27:13] METRIC packet_loss_pct=0.827
[2026-08-05T14:27:13] METRIC retransmission_count=4
[2026-08-05T14:27:13] METRIC throughput_gbps=0.633
[2026-08-05T14:27:13] METRIC latency_ms=30.5377
[2026-08-05T14:27:13] RUN_END status=OK
[2026-08-05T14:28:35] RUN_START run_id=LINKSENS_PythonNDN_133
[2026-08-05T14:28:35] PARAM implementation=PythonNDN
[2026-08-05T14:28:35] METRIC link_bandwidth_gbps=10.0
[2026-08-05T14:28:35] METRIC base_rtt_ms=5.0
[2026-08-05T14:28:35] METRIC packet_loss_pct=2.6064
[2026-08-05T14:28:35] METRIC retransmission_count=7
[2026-08-05T14:28:35] METRIC throughput_gbps=0.611
[2026-08-05T14:28:35] METRIC latency_ms=34.6008
[2026-08-05T14:28:35] RUN_END status=OK
[2026-08-05T14:29:48] RUN_START run_id=LINKSENS_PythonNDN_134
[2026-08-05T14:29:48] PARAM implementation=PythonNDN
[2026-08-05T14:29:48] METRIC link_bandwidth_gbps=10.0
[2026-08-05T14:29:48] METRIC base_rtt_ms=5.0
[2026-08-05T14:29:48] METRIC packet_loss_pct=4.9351
[2026-08-05T14:29:48] METRIC retransmission_count=14
[2026-08-05T14:29:48] METRIC throughput_gbps=0.4833
[2026-08-05T14:29:48] METRIC latency_ms=37.6842
[2026-08-05T14:29:48] RUN_END status=OK
[2026-08-05T14:35:02] RUN_START run_id=LINKSENS_PythonNDN_135
[2026-08-05T14:35:02] PARAM implementation=PythonNDN
[2026-08-05T14:35:02] METRIC link_bandwidth_gbps=10.0
[2026-08-05T14:35:02] METRIC base_rtt_ms=5.0
[2026-08-05T14:35:02] METRIC packet_loss_pct=0.5315
[2026-08-05T14:35:02] METRIC retransmission_count=3
[2026-08-05T14:35:02] METRIC throughput_gbps=0.6942
[2026-08-05T14:35:02] METRIC latency_ms=28.221
[2026-08-05T14:35:02] RUN_END status=OK
[2026-08-05T14:35:53] RUN_START run_id=LINKSENS_PythonNDN_136
[2026-08-05T14:35:53] PARAM implementation=PythonNDN
[2026-08-05T14:35:53] METRIC link_bandwidth_gbps=10.0
[2026-08-05T14:35:53] METRIC base_rtt_ms=5.0
[2026-08-05T14:35:53] METRIC packet_loss_pct=0.89
[2026-08-05T14:35:53] METRIC retransmission_count=2
[2026-08-05T14:35:53] METRIC throughput_gbps=0.7076
[2026-08-05T14:35:53] METRIC latency_ms=30.5947
[2026-08-05T14:35:53] RUN_END status=OK
