[2026-08-08T02:46:01] RUN_START run_id=LINKSENS_CCNlite_076
[2026-08-08T02:46:01] PARAM implementation=CCNlite
[2026-08-08T02:46:01] METRIC link_bandwidth_gbps=10.0
[2026-08-08T02:46:01] METRIC base_rtt_ms=5.0
[2026-08-08T02:46:01] METRIC packet_loss_pct=4.013
[2026-08-08T02:46:01] METRIC retransmission_count=13
[2026-08-08T02:46:01] METRIC throughput_gbps=1.7479
[2026-08-08T02:46:01] METRIC latency_ms=22.5829
[2026-08-08T02:46:01] RUN_END status=OK
[2026-08-08T02:48:43] RUN_START run_id=LINKSENS_NFD_138
[2026-08-08T02:48:43] PARAM implementation=NFD
[2026-08-08T02:48:43] METRIC link_bandwidth_gbps=10.0
[2026-08-08T02:48:43] METRIC base_rtt_ms=5.0
[2026-08-08T02:48:43] METRIC packet_loss_pct=0.7548
[2026-08-08T02:48:43] METRIC retransmission_count=4
[2026-08-08T02:48:43] METRIC throughput_gbps=2.7089
[2026-08-08T02:48:43] METRIC latency_ms=18.307
[2026-08-08T02:48:43] RUN_END status=OK
[2026-08-08T02:50:26] RUN_START run_id=LINKSENS_NFD_139
[2026-08-08T02:50:26] PARAM implementation=NFD
[2026-08-08T02:50:26] METRIC link_bandwidth_gbps=10.0
[2026-08-08T02:50:26] METRIC base_rtt_ms=5.0
[2026-08-08T02:50:26] METRIC packet_loss_pct=2.7514
[2026-08-08T02:50:26] METRIC retransmission_count=5
[2026-08-08T02:50:26] METRIC throughput_gbps=2.3174
[2026-08-08T02:50:26] METRIC latency_ms=20.5538
[2026-08-08T02:50:26] RUN_END status=OK
[2026-08-08T02:52:10] RUN_START run_id=LINKSENS_NFD_140
[2026-08-08T02:52:10] PARAM implementation=NFD
[2026-08-08T02:52:10] METRIC link_bandwidth_gbps=10.0
[2026-08-08T02:52:10] METRIC base_rtt_ms=5.0
[2026-08-08T02:52:10] METRIC packet_loss_pct=2.5269
[2026-08-08T02:52:10] METRIC retransmission_count=13
[2026-08-08T02:52:10] METRIC throughput_gbps=2.4063
[2026-08-08T02:52:10] METRIC latency_ms=20.0538
[2026-08-08T02:52:10] RUN_END status=OK
[2026-08-08T17:20:40] RUN_START run_id=LINKSENS_CCNlite_077
[2026-08-08T17:20:40] PARAM implementation=CCNlite
[2026-08-08T17:20:40] METRIC link_bandwidth_gbps=10.0
[2026-08-08T17:20:40] METRIC base_rtt_ms=5.0
[2026-08-08T17:20:40] METRIC packet_loss_pct=0.9733
[2026-08-08T17:20:40] METRIC retransmission_count=3
[2026-08-08T17:20:40] METRIC throughput_gbps=2.084
[2026-08-08T17:20:40] METRIC latency_ms=20.2602
[2026-08-08T17:20:40] RUN_END status=OK
[2026-08-08T17:21:48] RUN_START run_id=LINKSENS_CCNlite_078
[2026-08-08T17:21:48] PARAM implementation=CCNlite
[2026-08-08T17:21:48] METRIC link_bandwidth_gbps=10.0
[2026-08-08T17:21:48] METRIC base_rtt_ms=5.0
[2026-08-08T17:21:48] METRIC packet_loss_pct=3.072
[2026-08-08T17:21:48] METRIC retransmission_count=9
[2026-08-08T17:21:48] METRIC throughput_gbps=1.8595
[2026-08-08T17:21:48] METRIC latency_ms=21.4329
[2026-08-08T17:21:48] RUN_END status=OK
[2026-08-08T17:23:11] RUN_START run_id=LINKSENS_CCNlite_079
[2026-08-08T17:23:11] PARAM implementation=CCNlite
[2026-08-08T17:23:11] METRIC link_bandwidth_gbps=10.0
[2026-08-08T17:23:11] METRIC base_rtt_ms=5.0
[2026-08-08T17:23:11] METRIC packet_loss_pct=4.5696
[2026-08-08T17:23:11] METRIC retransmission_count=18
[2026-08-08T17:23:11] METRIC throughput_gbps=1.5969
[2026-08-08T17:23:11] METRIC latency_ms=22.0857
[2026-08-08T17:23:11] RUN_END status=OK
[2026-08-08T17:26:54] RUN_START run_id=LINKSENS_CCNlite_080
[2026-08-08T17:26:54] PARAM implementation=CCNlite
[2026-08-08T17:26:54] METRIC link_bandwidth_gbps=10.0
[2026-08-08T17:26:54] METRIC base_rtt_ms=5.0
[2026-08-08T17:26:54] METRIC packet_loss_pct=3.864
[2026-08-08T17:26:54] METRIC retransmission_count=20
[2026-08-08T17:26:54] METRIC throughput_gbps=1.8289
[2026-08-08T17:26:54] METRIC latency_ms=21.8438
[2026-08-08T17:26:54] RUN_END status=OK
[2026-08-08T17:30:01] RUN_START run_id=LINKSENS_CCNlite_081
[2026-08-08T17:30:01] PARAM implementation=CCNlite
[2026-08-08T17:30:01] METRIC link_bandwidth_gbps=10.0
[2026-08-08T17:30:01] METRIC base_rtt_ms=5.0
[2026-08-08T17:30:01] METRIC packet_loss_pct=3.316
[2026-08-08T17:30:01] METRIC retransmission_count=11
[2026-08-08T17:30:01] METRIC throughput_gbps=1.8577
[2026-08-08T17:30:01] METRIC latency_ms=21.8393
[2026-08-08T17:30:01] RUN_END status=OK
[2026-08-08T17:31:43] RUN_START run_id=LINKSENS_CCNlite_082
[2026-08-08T17:31:43] PARAM implementation=CCNlite
[2026-08-08T17:31:43] METRIC link_bandwidth_gbps=10.0
[2026-08-08T17:31:43] METRIC base_rtt_ms=5.0
[2026-08-08T17:31:43] METRIC packet_loss_pct=3.6694
[2026-08-08T17:31:43] METRIC retransmission_count=20
[2026-08-08T17:31:43] METRIC throughput_gbps=1.7291
[2026-08-08T17:31:43] METRIC latency_ms=21.3734
[2026-08-08T17:31:43] RUN_END status=OK
[2026-08-08T17:34:31] RUN_START run_id=LINKSENS_CCNlite_083
[2026-08-08T17:34:31] PARAM implementation=CCNlite
[2026-08-08T17:34:31] METRIC link_bandwidth_gbps=10.0
[2026-08-08T17:34:31] METRIC base_rtt_ms=5.0
[2026-08-08T17:34:31] METRIC packet_loss_pct=4.3166
[2026-08-08T17:34:31] METRIC retransmission_count=14
[2026-08-08T17:34:31] METRIC throughput_gbps=1.7404
[2026-08-08T17:34:31] METRIC latency_ms=21.5063
[2026-08-08T17:34:31] RUN_END status=OK
[2026-08-08T17:35:25] RUN_START run_id=LINKSENS_CCNlite_084
[2026-08-08T17:35:25] PARAM implementation=CCNlite
[2026-08-08T17:35:25] METRIC link_bandwidth_gbps=10.0
[2026-08-08T17:35:25] METRIC base_rtt_ms=5.0
[2026-08-08T17:35:25] METRIC packet_loss_pct=2.4593
[2026-08-08T17:35:25] METRIC retransmission_count=6
[2026-08-08T17:35:25] METRIC throughput_gbps=2.0583
[2026-08-08T17:35:25] METRIC latency_ms=22.2958
[2026-08-08T17:35:25] RUN_END status=OK
