[2026-08-05T17:40:11] RUN_START run_id=LINKSENS_CCNlite_022
[2026-08-05T17:40:11] PARAM implementation=CCNlite
[2026-08-05T17:40:11] METRIC link_bandwidth_gbps=10.0
[2026-08-05T17:40:11] METRIC base_rtt_ms=5.0
[2026-08-05T17:40:11] METRIC packet_loss_pct=0.8581
[2026-08-05T17:40:11] METRIC retransmission_count=3
[2026-08-05T17:40:11] METRIC throughput_gbps=2.1599
[2026-08-05T17:40:11] METRIC latency_ms=18.5293
[2026-08-05T17:40:11] RUN_END status=OK
[2026-08-05T17:40:25] RUN_START run_id=LINKSENS_CCNlite_023
[2026-08-05T17:40:25] PARAM implementation=CCNlite
[2026-08-05T17:40:25] METRIC link_bandwidth_gbps=10.0
[2026-08-05T17:40:25] METRIC base_rtt_ms=5.0
[2026-08-05T17:40:25] METRIC packet_loss_pct=2.439
[2026-08-05T17:40:25] METRIC retransmission_count=9
[2026-08-05T17:40:25] METRIC throughput_gbps=1.9568
[2026-08-05T17:40:25] METRIC latency_ms=20.771
[2026-08-05T17:40:25] RUN_END status=OK
[2026-08-05T17:41:31] RUN_START run_id=LINKSENS_CCNlite_024
[2026-08-05T17:41:31] PARAM implementation=CCNlite
[2026-08-05T17:41:31] METRIC link_bandwidth_gbps=10.0
[2026-08-05T17:41:31] METRIC base_rtt_ms=5.0
[2026-08-05T17:41:31] METRIC packet_loss_pct=4.8619
[2026-08-05T17:41:31] METRIC retransmission_count=28
[2026-08-05T17:41:31] METRIC throughput_gbps=1.6
[2026-08-05T17:41:31] METRIC latency_ms=25.9039
[2026-08-05T17:41:31] RUN_END status=OK
[2026-08-05T17:44:37] RUN_START run_id=LINKSENS_CCNlite_025
[2026-08-05T17:44:37] PARAM implementation=CCNlite
[2026-08-05T17:44:37] METRIC link_bandwidth_gbps=10.0
[2026-08-05T17:44:37] METRIC base_rtt_ms=5.0
[2026-08-05T17:44:37] METRIC packet_loss_pct=2.6813
[2026-08-05T17:44:37] METRIC retransmission_count=11
[2026-08-05T17:44:37] METRIC throughput_gbps=1.9789
[2026-08-05T17:44:37] METRIC latency_ms=20.8329
[2026-08-05T17:44:37] RUN_END status=OK
[2026-08-05T17:45:47] RUN_START run_id=LINKSENS_CCNlite_026
[2026-08-05T17:45:47] PARAM implementation=CCNlite
[2026-08-05T17:45:47] METRIC link_bandwidth_gbps=10.0
[2026-08-05T17:45:47] METRIC base_rtt_ms=5.0
[2026-08-05T17:45:47] METRIC packet_loss_pct=2.7629
[2026-08-05T17:45:47] METRIC retransmission_count=8
[2026-08-05T17:45:47] METRIC throughput_gbps=1.9189
[2026-08-05T17:45:47] METRIC latency_ms=20.1511
[2026-08-05T17:45:47] RUN_END status=OK
[2026-08-05T17:47:06] RUN_START run_id=LINKSENS_CCNlite_027
[2026-08-05T17:47:06] PARAM implementation=CCNlite
[2026-08-05T17:47:06] METRIC link_bandwidth_gbps=10.0
[2026-08-05T17:47:06] METRIC base_rtt_ms=5.0
[2026-08-05T17:47:06] METRIC packet_loss_pct=1.6465
[2026-08-05T17:47:06] METRIC retransmission_count=5
[2026-08-05T17:47:06] METRIC throughput_gbps=2.1547
[2026-08-05T17:47:06] METRIC latency_ms=19.2488
[2026-08-05T17:47:06] RUN_END status=OK
[2026-08-05T17:49:50] RUN_START run_id=LINKSENS_CCNlite_028
[2026-08-05T17:49:50] PARAM implementation=CCNlite
[2026-08-05T17:49:50] METRIC link_bandwidth_gbps=10.0
[2026-08-05T17:49:50] METRIC base_rtt_ms=5.0
[2026-08-05T17:49:50] METRIC packet_loss_pct=1.1483
[2026-08-05T17:49:50] METRIC retransmission_count=1
[2026-08-05T17:49:50] METRIC throughput_gbps=2.1729
[2026-08-05T17:49:50] METRIC latency_ms=18.582
[2026-08-05T17:49:50] RUN_END status=OK
[2026-08-05T17:50:54] RUN_START run_id=LINKSENS_CCNlite_029
[2026-08-05T17:50:54] PARAM implementation=CCNlite
[2026-08-05T17:50:54] METRIC link_bandwidth_gbps=10.0
[2026-08-05T17:50:54] METRIC base_rtt_ms=5.0
[2026-08-05T17:50:54] METRIC packet_loss_pct=2.7647
[2026-08-05T17:50:54] METRIC retransmission_count=10
[2026-08-05T17:50:54] METRIC throughput_gbps=1.9149
[2026-08-05T17:50:54] METRIC latency_ms=20.0784
[2026-08-05T17:50:54] RUN_END status=OK
[2026-08-05T17:53:27] RUN_START run_id=LINKSENS_CCNlite_030
[2026-08-05T17:53:27] PARAM implementation=CCNlite
[2026-08-05T17:53:27] METRIC link_bandwidth_gbps=10.0
[2026-08-05T17:53:27] METRIC base_rtt_ms=5.0
[2026-08-05T17:53:27] METRIC packet_loss_pct=3.8086
[2026-08-05T17:53:27] METRIC retransmission_count=19
[2026-08-05T17:53:27] METRIC throughput_gbps=1.7377
[2026-08-05T17:53:27] METRIC latency_ms=22.4641
[2026-08-05T17:53:27] RUN_END status=OK
[2026-08-05T17:55:45] RUN_START run_id=LINKSENS_CCNlite_031
[2026-08-05T17:55:45] PARAM implementation=CCNlite
[2026-08-05T17:55:45] METRIC link_bandwidth_gbps=10.0
[2026-08-05T17:55:45] METRIC base_rtt_ms=5.0
[2026-08-05T17:55:45] METRIC packet_loss_pct=4.455
[2026-08-05T17:55:45] METRIC retransmission_count=18
[2026-08-05T17:55:45] METRIC throughput_gbps=1.6872
[2026-08-05T17:55:45] METRIC latency_ms=23.6046
[2026-08-05T17:55:45] RUN_END status=OK
[2026-08-05T17:57:57] RUN_START run_id=LINKSENS_CCNlite_032
[2026-08-05T17:57:57] PARAM implementation=CCNlite
[2026-08-05T17:57:57] METRIC link_bandwidth_gbps=10.0
[2026-08-05T17:57:57] METRIC base_rtt_ms=5.0
[2026-08-05T17:57:57] METRIC packet_loss_pct=1.7179
[2026-08-05T17:57:57] METRIC retransmission_count=2
[2026-08-05T17:57:57] METRIC throughput_gbps=2.1881
[2026-08-05T17:57:57] METRIC latency_ms=19.1294
[2026-08-05T17:57:57] RUN_END status=OK
[2026-08-06T21:14:17] RUN_START run_id=LINKSENS_NFD_108
[2026-08-06T21:14:17] PARAM implementation=NFD
[2026-08-06T21:14:17] METRIC link_bandwidth_gbps=10.0
[2026-08-06T21:14:17] METRIC base_rtt_ms=5.0
[2026-08-06T21:14:17] METRIC packet_loss_pct=4.4407
[2026-08-06T21:14:17] METRIC retransmission_count=16
[2026-08-06T21:14:17] METRIC throughput_gbps=2.0871
[2026-08-06T21:14:17] METRIC latency_ms=22.0887
[2026-08-06T21:14:17] RUN_END status=OK
[2026-08-06T21:16:03] RUN_START run_id=LINKSENS_NFD_109
[2026-08-06T21:16:03] PARAM implementation=NFD
[2026-08-06T21:16:03] METRIC link_bandwidth_gbps=10.0
[2026-08-06T21:16:03] METRIC base_rtt_ms=5.0
[2026-08-06T21:16:03] METRIC packet_loss_pct=4.5001
[2026-08-06T21:16:03] METRIC retransmission_count=17
[2026-08-06T21:16:03] METRIC throughput_gbps=2.1093
[2026-08-06T21:16:03] METRIC latency_ms=22.8487
[2026-08-06T21:16:03] RUN_END status=OK
[2026-08-06T21:19:04] RUN_START run_id=LINKSENS_NFD_110
[2026-08-06T21:19:04] PARAM implementation=NFD
[2026-08-06T21:19:04] METRIC link_bandwidth_gbps=10.0
[2026-08-06T21:19:04] METRIC base_rtt_ms=5.0
[2026-08-06T21:19:04] METRIC packet_loss_pct=1.952
[2026-08-06T21:19:04] METRIC retransmission_count=6
[2026-08-06T21:19:04] METRIC throughput_gbps=2.4268
[2026-08-06T21:19:04] METRIC latency_ms=18.8459
[2026-08-06T21:19:04] RUN_END status=OK
[2026-08-06T21:21:42] RUN_START run_id=LINKSENS_NFD_111
[2026-08-06T21:21:42] PARAM implementation=NFD
[2026-08-06T21:21:42] METRIC link_bandwidth_gbps=10.0
[2026-08-06T21:21:42] METRIC base_rtt_ms=5.0
[2026-08-06T21:21:42] METRIC packet_loss_pct=1.9194
[2026-08-06T21:21:42] METRIC retransmission_count=10
[2026-08-06T21:21:42] METRIC throughput_gbps=2.4752
[2026-08-06T21:21:42] METRIC latency_ms=19.5492
[2026-08-06T21:21:42] RUN_END status=OK
[2026-08-06T21:25:17] RUN_START run_id=LINKSENS_NFD_112
[2026-08-06T21:25:17] PARAM implementation=NFD
[2026-08-06T21:25:17] METRIC link_bandwidth_gbps=10.0
[2026-08-06T21:25:17] METRIC base_rtt_ms=5.0
[2026-08-06T21:25:17] METRIC packet_loss_pct=2.3848
[2026-08-06T21:25:17] METRIC retransmission_count=8
[2026-08-06T21:25:17] METRIC throughput_gbps=2.4444
[2026-08-06T21:25:17] METRIC latency_ms=18.5764
[2026-08-06T21:25:17] RUN_END status=OK
[2026-08-06T21:27:47] RUN_START run_id=LINKSENS_NFD_113
[2026-08-06T21:27:47] PARAM implementation=NFD
[2026-08-06T21:27:47] METRIC link_bandwidth_gbps=10.0
[2026-08-06T21:27:47] METRIC base_rtt_ms=5.0
[2026-08-06T21:27:47] METRIC packet_loss_pct=2.4977
[2026-08-06T21:27:47] METRIC retransmission_count=8
[2026-08-06T21:27:47] METRIC throughput_gbps=2.3239
[2026-08-06T21:27:47] METRIC latency_ms=20.0984
[2026-08-06T21:27:47] RUN_END status=OK
