[2026-08-03T13:16:41] RUN_START run_id=LINKSENS_NFD_023
[2026-08-03T13:16:41] PARAM implementation=NFD
[2026-08-03T13:16:41] METRIC link_bandwidth_gbps=10.0
[2026-08-03T13:16:41] METRIC base_rtt_ms=5.0
[2026-08-03T13:16:41] METRIC packet_loss_pct=1.5026
[2026-08-03T13:16:41] METRIC retransmission_count=3
[2026-08-03T13:16:41] METRIC throughput_gbps=2.3666
[2026-08-03T13:16:41] METRIC latency_ms=18.6829
[2026-08-03T13:16:41] RUN_END status=OK
[2026-08-03T13:22:18] RUN_START run_id=LINKSENS_NFD_024
[2026-08-03T13:22:18] PARAM implementation=NFD
[2026-08-03T13:22:18] METRIC link_bandwidth_gbps=10.0
[2026-08-03T13:22:18] METRIC base_rtt_ms=5.0
[2026-08-03T13:22:18] METRIC packet_loss_pct=0.3645
[2026-08-03T13:22:18] METRIC retransmission_count=1
[2026-08-03T13:22:18] METRIC throughput_gbps=2.6712
[2026-08-03T13:22:18] METRIC latency_ms=18.1212
[2026-08-03T13:22:18] RUN_END status=OK
[2026-08-03T13:22:55] RUN_START run_id=LINKSENS_NFD_025
[2026-08-03T13:22:55] PARAM implementation=NFD
[2026-08-03T13:22:55] METRIC link_bandwidth_gbps=10.0
[2026-08-03T13:22:55] METRIC base_rtt_ms=5.0
[2026-08-03T13:22:55] METRIC packet_loss_pct=1.5322
[2026-08-03T13:22:55] METRIC retransmission_count=8
[2026-08-03T13:22:55] METRIC throughput_gbps=2.4659
[2026-08-03T13:22:55] METRIC latency_ms=18.8005
[2026-08-03T13:22:55] RUN_END status=OK
[2026-08-03T13:25:43] RUN_START run_id=LINKSENS_NFD_026
[2026-08-03T13:25:43] PARAM implementation=NFD
[2026-08-03T13:25:43] METRIC link_bandwidth_gbps=10.0
[2026-08-03T13:25:43] METRIC base_rtt_ms=5.0
[2026-08-03T13:25:43] METRIC packet_loss_pct=4.9687
[2026-08-03T13:25:43] METRIC retransmission_count=27
[2026-08-03T13:25:43] METRIC throughput_gbps=2.0119
[2026-08-03T13:25:43] METRIC latency_ms=23.9251
[2026-08-03T13:25:43] RUN_END status=OK
[2026-08-03T13:28:21] RUN_START run_id=LINKSENS_NFD_027
[2026-08-03T13:28:21] PARAM implementation=NFD
[2026-08-03T13:28:21] METRIC link_bandwidth_gbps=10.0
[2026-08-03T13:28:21] METRIC base_rtt_ms=5.0
[2026-08-03T13:28:21] METRIC packet_loss_pct=1.76
[2026-08-03T13:28:21] METRIC retransmission_count=11
[2026-08-03T13:28:21] METRIC throughput_gbps=2.4634
[2026-08-03T13:28:21] METRIC latency_ms=19.201
[2026-08-03T13:28:21] RUN_END status=OK
[2026-08-03T13:34:25] RUN_START run_id=LINKSENS_NFD_028
[2026-08-03T13:34:25] PARAM implementation=NFD
[2026-08-03T13:34:25] METRIC link_bandwidth_gbps=10.0
[2026-08-03T13:34:25] METRIC base_rtt_ms=5.0
[2026-08-03T13:34:25] METRIC packet_loss_pct=3.7947
[2026-08-03T13:34:25] METRIC retransmission_count=17
[2026-08-03T13:34:25] METRIC throughput_gbps=2.0944
[2026-08-03T13:34:25] METRIC latency_ms=21.4778
[2026-08-03T13:34:25] RUN_END status=OK
[2026-08-03T13:38:03] RUN_START run_id=LINKSENS_NFD_029
[2026-08-03T13:38:03] PARAM implementation=NFD
[2026-08-03T13:38:03] METRIC link_bandwidth_gbps=10.0
[2026-08-03T13:38:03] METRIC base_rtt_ms=5.0
[2026-08-03T13:38:03] METRIC packet_loss_pct=0.2063
[2026-08-03T13:38:03] METRIC retransmission_count=0
[2026-08-03T13:38:03] METRIC throughput_gbps=2.766
[2026-08-03T13:38:03] METRIC latency_ms=16.9339
[2026-08-03T13:38:03] RUN_END status=OK
[2026-08-03T13:39:37] RUN_START run_id=LINKSENS_NFD_030
[2026-08-03T13:39:37] PARAM implementation=NFD
[2026-08-03T13:39:37] METRIC link_bandwidth_gbps=10.0
[2026-08-03T13:39:37] METRIC base_rtt_ms=5.0
[2026-08-03T13:39:37] METRIC packet_loss_pct=1.798
[2026-08-03T13:39:37] METRIC retransmission_count=5
[2026-08-03T13:39:37] METRIC throughput_gbps=2.5883
[2026-08-03T13:39:37] METRIC latency_ms=18.5902
[2026-08-03T13:39:37] RUN_END status=OK
[2026-08-03T13:42:03] RUN_START run_id=LINKSENS_NFD_031
[2026-08-03T13:42:03] PARAM implementation=NFD
[2026-08-03T13:42:03] METRIC link_bandwidth_gbps=10.0
[2026-08-03T13:42:03] METRIC base_rtt_ms=5.0
[2026-08-03T13:42:03] METRIC packet_loss_pct=4.7366
[2026-08-03T13:42:03] METRIC retransmission_count=15
[2026-08-03T13:42:03] METRIC throughput_gbps=1.8712
[2026-08-03T13:42:03] METRIC latency_ms=24.3205
[2026-08-03T13:42:03] RUN_END status=OK
[2026-08-03T13:43:11] RUN_START run_id=LINKSENS_NFD_032
[2026-08-03T13:43:11] PARAM implementation=NFD
[2026-08-03T13:43:11] METRIC link_bandwidth_gbps=10.0
[2026-08-03T13:43:11] METRIC base_rtt_ms=5.0
[2026-08-03T13:43:11] METRIC packet_loss_pct=1.5187
[2026-08-03T13:43:11] METRIC retransmission_count=5
[2026-08-03T13:43:11] METRIC throughput_gbps=2.5036
[2026-08-03T13:43:11] METRIC latency_ms=18.6099
[2026-08-03T13:43:11] RUN_END status=OK
[2026-08-03T13:47:37] RUN_START run_id=LINKSENS_NFD_033
[2026-08-03T13:47:37] PARAM implementation=NFD
[2026-08-03T13:47:37] METRIC link_bandwidth_gbps=10.0
[2026-08-03T13:47:37] METRIC base_rtt_ms=5.0
[2026-08-03T13:47:37] METRIC packet_loss_pct=4.0853
[2026-08-03T13:47:37] METRIC retransmission_count=13
[2026-08-03T13:47:37] METRIC throughput_gbps=2.1174
[2026-08-03T13:47:37] METRIC latency_ms=22.0284
[2026-08-03T13:47:37] RUN_END status=OK
[2026-08-03T13:52:48] RUN_START run_id=LINKSENS_NFD_034
[2026-08-03T13:52:48] PARAM implementation=NFD
[2026-08-03T13:52:48] METRIC link_bandwidth_gbps=10.0
[2026-08-03T13:52:48] METRIC base_rtt_ms=5.0
[2026-08-03T13:52:48] METRIC packet_loss_pct=4.744
[2026-08-03T13:52:48] METRIC retransmission_count=23
[2026-08-03T13:52:48] METRIC throughput_gbps=1.8997
[2026-08-03T13:52:48] METRIC latency_ms=22.9745
[2026-08-03T13:52:48] RUN_END status=OK
[2026-08-03T13:53:44] RUN_START run_id=LINKSENS_NFD_035
[2026-08-03T13:53:44] PARAM implementation=NFD
[2026-08-03T13:53:44] METRIC link_bandwidth_gbps=10.0
[2026-08-03T13:53:44] METRIC base_rtt_ms=5.0
[2026-08-03T13:53:44] METRIC packet_loss_pct=0.7199
[2026-08-03T13:53:44] METRIC retransmission_count=4
[2026-08-03T13:53:44] METRIC throughput_gbps=2.5786
[2026-08-03T13:53:44] METRIC latency_ms=17.9822
[2026-08-03T13:53:44] RUN_END status=OK
[2026-08-03T13:57:05] RUN_START run_id=LINKSENS_NFD_036
[2026-08-03T13:57:05] PARAM implementation=NFD
[2026-08-03T13:57:05] METRIC link_bandwidth_gbps=10.0
[2026-08-03T13:57:05] METRIC base_rtt_ms=5.0
[2026-08-03T13:57:05] METRIC packet_loss_pct=1.3498
[2026-08-03T13:57:05] METRIC retransmission_count=8
[2026-08-03T13:57:05] METRIC throughput_gbps=2.5775
[2026-08-03T13:57:05] METRIC latency_ms=18.6582
[2026-08-03T13:57:05] RUN_END status=OK
