[2026-08-02T06:14:22] RUN_START run_id=LINKSENS_PythonNDN_033
[2026-08-02T06:14:22] PARAM implementation=PythonNDN
[2026-08-02T06:14:22] METRIC link_bandwidth_gbps=10.0
[2026-08-02T06:14:22] METRIC base_rtt_ms=5.0
[2026-08-02T06:14:22] METRIC packet_loss_pct=1.0529
[2026-08-02T06:14:22] METRIC retransmission_count=2
[2026-08-02T06:14:22] METRIC throughput_gbps=0.6725
[2026-08-02T06:14:22] METRIC latency_ms=27.5998
[2026-08-02T06:14:22] RUN_END status=OK
[2026-08-02T06:18:08] RUN_START run_id=LINKSENS_PythonNDN_034
[2026-08-02T06:18:08] PARAM implementation=PythonNDN
[2026-08-02T06:18:08] METRIC link_bandwidth_gbps=10.0
[2026-08-02T06:18:08] METRIC base_rtt_ms=5.0
[2026-08-02T06:18:08] METRIC packet_loss_pct=1.3542
[2026-08-02T06:18:08] METRIC retransmission_count=4
[2026-08-02T06:18:08] METRIC throughput_gbps=0.6278
[2026-08-02T06:18:08] METRIC latency_ms=31.8109
[2026-08-02T06:18:08] RUN_END status=OK
[2026-08-02T06:20:07] RUN_START run_id=LINKSENS_PythonNDN_035
[2026-08-02T06:20:07] PARAM implementation=PythonNDN
[2026-08-02T06:20:07] METRIC link_bandwidth_gbps=10.0
[2026-08-02T06:20:07] METRIC base_rtt_ms=5.0
[2026-08-02T06:20:07] METRIC packet_loss_pct=3.6288
[2026-08-02T06:20:07] METRIC retransmission_count=14
[2026-08-02T06:20:07] METRIC throughput_gbps=0.5238
[2026-08-02T06:20:07] METRIC latency_ms=33.2318
[2026-08-02T06:20:07] RUN_END status=OK
[2026-08-02T08:00:00] RUN_START run_id=LINKSENS_uDCN_001
[2026-08-02T08:00:00] PARAM implementation=uDCN
[2026-08-02T08:00:00] METRIC link_bandwidth_gbps=10.0
[2026-08-02T08:00:00] METRIC base_rtt_ms=5.0
[2026-08-02T08:00:00] METRIC packet_loss_pct=4.5917
[2026-08-02T08:00:00] METRIC retransmission_count=18
[2026-08-02T08:00:00] METRIC throughput_gbps=7.9673
[2026-08-02T08:00:00] METRIC latency_ms=13.03
[2026-08-02T08:00:00] RUN_END status=OK
[2026-08-02T08:01:05] RUN_START run_id=LINKSENS_uDCN_002
[2026-08-02T08:01:05] PARAM implementation=uDCN
[2026-08-02T08:01:05] METRIC link_bandwidth_gbps=10.0
[2026-08-02T08:01:05] METRIC base_rtt_ms=5.0
[2026-08-02T08:01:05] METRIC packet_loss_pct=2.9446
[2026-08-02T08:01:05] METRIC retransmission_count=13
[2026-08-02T08:01:05] METRIC throughput_gbps=7.9754
[2026-08-02T08:01:05] METRIC latency_ms=13.2876
[2026-08-02T08:01:05] RUN_END status=OK
[2026-08-02T08:02:09] RUN_START run_id=LINKSENS_uDCN_003
[2026-08-02T08:02:09] PARAM implementation=uDCN
[2026-08-02T08:02:09] METRIC link_bandwidth_gbps=10.0
[2026-08-02T08:02:09] METRIC base_rtt_ms=5.0
[2026-08-02T08:02:09] METRIC packet_loss_pct=0.4121
[2026-08-02T08:02:09] METRIC retransmission_count=1
[2026-08-02T08:02:09] METRIC throughput_gbps=8.3283
[2026-08-02T08:02:09] METRIC latency_ms=12.011
[2026-08-02T08:02:09] RUN_END status=OK
[2026-08-02T08:03:50] RUN_START run_id=LINKSENS_uDCN_004
[2026-08-02T08:03:50] PARAM implementation=uDCN
[2026-08-02T08:03:50] METRIC link_bandwidth_gbps=10.0
[2026-08-02T08:03:50] METRIC base_rtt_ms=5.0
[2026-08-02T08:03:50] METRIC packet_loss_pct=4.1116
[2026-08-02T08:03:50] METRIC retransmission_count=22
[2026-08-02T08:03:50] METRIC throughput_gbps=7.8718
[2026-08-02T08:03:50] METRIC latency_ms=14.8327
[2026-08-02T08:03:50] RUN_END status=OK
[2026-08-02T08:06:18] RUN_START run_id=LINKSENS_uDCN_005
[2026-08-02T08:06:18] PARAM implementation=uDCN
[2026-08-02T08:06:18] METRIC link_bandwidth_gbps=10.0
[2026-08-02T08:06:18] METRIC base_rtt_ms=5.0
[2026-08-02T08:06:18] METRIC packet_loss_pct=1.6917
[2026-08-02T08:06:18] METRIC retransmission_count=5
[2026-08-02T08:06:18] METRIC throughput_gbps=7.679
[2026-08-02T08:06:18] METRIC latency_ms=13.1038
[2026-08-02T08:06:18] RUN_END status=OK
[2026-08-02T08:07:54] RUN_START run_id=LINKSENS_uDCN_006
[2026-08-02T08:07:54] PARAM implementation=uDCN
[2026-08-02T08:07:54] METRIC link_bandwidth_gbps=10.0
[2026-08-02T08:07:54] METRIC base_rtt_ms=5.0
[2026-08-02T08:07:54] METRIC packet_loss_pct=1.3659
[2026-08-02T08:07:54] METRIC retransmission_count=11
[2026-08-02T08:07:54] METRIC throughput_gbps=8.0819
[2026-08-02T08:07:54] METRIC latency_ms=13.4053
[2026-08-02T08:07:54] RUN_END status=OK
[2026-08-02T08:09:00] RUN_START run_id=LINKSENS_uDCN_007
[2026-08-02T08:09:00] PARAM implementation=uDCN
[2026-08-02T08:09:00] METRIC link_bandwidth_gbps=10.0
[2026-08-02T08:09:00] METRIC base_rtt_ms=5.0
[2026-08-02T08:09:00] METRIC packet_loss_pct=4.6433
[2026-08-02T08:09:00] METRIC retransmission_count=16
[2026-08-02T08:09:00] METRIC throughput_gbps=7.4931
[2026-08-02T08:09:00] METRIC latency_ms=13.9477
[2026-08-02T08:09:00] RUN_END status=OK
[2026-08-02T08:09:44] RUN_START run_id=LINKSENS_uDCN_008
[2026-08-02T08:09:44] PARAM implementation=uDCN
[2026-08-02T08:09:44] METRIC link_bandwidth_gbps=10.0
[2026-08-02T08:09:44] METRIC base_rtt_ms=5.0
[2026-08-02T08:09:44] METRIC packet_loss_pct=0.9724
[2026-08-02T08:09:44] METRIC retransmission_count=2
[2026-08-02T08:09:44] METRIC throughput_gbps=8.2773
[2026-08-02T08:09:44] METRIC latency_ms=12.5757
[2026-08-02T08:09:44] RUN_END status=OK
[2026-08-02T08:10:15] RUN_START run_id=LINKSENS_uDCN_009
[2026-08-02T08:10:15] PARAM implementation=uDCN
[2026-08-02T08:10:15] METRIC link_bandwidth_gbps=10.0
[2026-08-02T08:10:15] METRIC base_rtt_ms=5.0
[2026-08-02T08:10:15] METRIC packet_loss_pct=0.6647
[2026-08-02T08:10:15] METRIC retransmission_count=2
[2026-08-02T08:10:15] METRIC throughput_gbps=8.1175
[2026-08-02T08:10:15] METRIC latency_ms=13.0146
[2026-08-02T08:10:15] RUN_END status=OK
[2026-08-02T08:13:27] RUN_START run_id=LINKSENS_uDCN_010
[2026-08-02T08:13:27] PARAM implementation=uDCN
[2026-08-02T08:13:27] METRIC link_bandwidth_gbps=10.0
[2026-08-02T08:13:27] METRIC base_rtt_ms=5.0
[2026-08-02T08:13:27] METRIC packet_loss_pct=2.8067
[2026-08-02T08:13:27] METRIC retransmission_count=9
[2026-08-02T08:13:27] METRIC throughput_gbps=7.9067
[2026-08-02T08:13:27] METRIC latency_ms=13.9547
[2026-08-02T08:13:27] RUN_END status=OK
[2026-08-02T08:18:49] RUN_START run_id=LINKSENS_uDCN_011
[2026-08-02T08:18:49] PARAM implementation=uDCN
[2026-08-02T08:18:49] METRIC link_bandwidth_gbps=10.0
[2026-08-02T08:18:49] METRIC base_rtt_ms=5.0
[2026-08-02T08:18:49] METRIC packet_loss_pct=4.3021
[2026-08-02T08:18:49] METRIC retransmission_count=17
[2026-08-02T08:18:49] METRIC throughput_gbps=7.7531
[2026-08-02T08:18:49] METRIC latency_ms=13.1787
[2026-08-02T08:18:49] RUN_END status=OK
[2026-08-02T08:22:32] RUN_START run_id=LINKSENS_uDCN_012
[2026-08-02T08:22:32] PARAM implementation=uDCN
[2026-08-02T08:22:32] METRIC link_bandwidth_gbps=10.0
[2026-08-02T08:22:32] METRIC base_rtt_ms=5.0
[2026-08-02T08:22:32] METRIC packet_loss_pct=0.2765
[2026-08-02T08:22:32] METRIC retransmission_count=2
[2026-08-02T08:22:32] METRIC throughput_gbps=8.2548
[2026-08-02T08:22:32] METRIC latency_ms=12.5892
[2026-08-02T08:22:32] RUN_END status=OK
[2026-08-02T08:28:01] RUN_START run_id=LINKSENS_uDCN_013
[2026-08-02T08:28:01] PARAM implementation=uDCN
[2026-08-02T08:28:01] METRIC link_bandwidth_gbps=10.0
[2026-08-02T08:28:01] METRIC base_rtt_ms=5.0
[2026-08-02T08:28:01] METRIC packet_loss_pct=0.0505
[2026-08-02T08:28:01] METRIC retransmission_count=0
[2026-08-02T08:28:01] METRIC throughput_gbps=8.004
[2026-08-02T08:28:01] METRIC latency_ms=12.3896
[2026-08-02T08:28:01] RUN_END status=OK
[2026-08-02T08:30:29] RUN_START run_id=LINKSENS_uDCN_014
[2026-08-02T08:30:29] PARAM implementation=uDCN
[2026-08-02T08:30:29] METRIC link_bandwidth_gbps=10.0
[2026-08-02T08:30:29] METRIC base_rtt_ms=5.0
[2026-08-02T08:30:29] METRIC packet_loss_pct=3.9385
[2026-08-02T08:30:29] METRIC retransmission_count=13
[2026-08-02T08:30:29] METRIC throughput_gbps=7.722
[2026-08-02T08:30:29] METRIC latency_ms=13.2402
[2026-08-02T08:30:29] RUN_END status=OK
[2026-08-02T08:33:54] RUN_START run_id=LINKSENS_uDCN_015
[2026-08-02T08:33:54] PARAM implementation=uDCN
[2026-08-02T08:33:54] METRIC link_bandwidth_gbps=10.0
[2026-08-02T08:33:54] METRIC base_rtt_ms=5.0
[2026-08-02T08:33:54] METRIC packet_loss_pct=4.8387
[2026-08-02T08:33:54] METRIC retransmission_count=17
[2026-08-02T08:33:54] METRIC throughput_gbps=7.6105
[2026-08-02T08:33:54] METRIC latency_ms=13.2763
[2026-08-02T08:33:54] RUN_END status=OK
