[2026-08-03T15:40:36] RUN_START run_id=LINKSENS_uDCN_086
[2026-08-03T15:40:36] PARAM implementation=uDCN
[2026-08-03T15:40:36] METRIC link_bandwidth_gbps=10.0
[2026-08-03T15:40:36] METRIC base_rtt_ms=5.0
[2026-08-03T15:40:36] METRIC packet_loss_pct=0.8637
[2026-08-03T15:40:36] METRIC retransmission_count=3
[2026-08-03T15:40:36] METRIC throughput_gbps=8.5992
[2026-08-03T15:40:36] METRIC latency_ms=12.0365
[2026-08-03T15:40:36] RUN_END status=OK
[2026-08-03T15:41:42] RUN_START run_id=LINKSENS_uDCN_087
[2026-08-03T15:41:42] PARAM implementation=uDCN
[2026-08-03T15:41:42] METRIC link_bandwidth_gbps=10.0
[2026-08-03T15:41:42] METRIC base_rtt_ms=5.0
[2026-08-03T15:41:42] METRIC packet_loss_pct=1.4835
[2026-08-03T15:41:42] METRIC retransmission_count=6
[2026-08-03T15:41:42] METRIC throughput_gbps=8.0869
[2026-08-03T15:41:42] METRIC latency_ms=12.9003
[2026-08-03T15:41:42] RUN_END status=OK
[2026-08-03T15:43:13] RUN_START run_id=LINKSENS_uDCN_088
[2026-08-03T15:43:13] PARAM implementation=uDCN
[2026-08-03T15:43:13] METRIC link_bandwidth_gbps=10.0
[2026-08-03T15:43:13] METRIC base_rtt_ms=5.0
[2026-08-03T15:43:13] METRIC packet_loss_pct=1.8133
[2026-08-03T15:43:13] METRIC retransmission_count=6
[2026-08-03T15:43:13] METRIC throughput_gbps=8.0384
[2026-08-03T15:43:13] METRIC latency_ms=12.7679
[2026-08-03T15:43:13] RUN_END status=OK
[2026-08-03T15:45:48] RUN_START run_id=LINKSENS_uDCN_089
[2026-08-03T15:45:48] PARAM implementation=uDCN
[2026-08-03T15:45:48] METRIC link_bandwidth_gbps=10.0
[2026-08-03T15:45:48] METRIC base_rtt_ms=5.0
[2026-08-03T15:45:48] METRIC packet_loss_pct=2.948
[2026-08-03T15:45:48] METRIC retransmission_count=10
[2026-08-03T15:45:48] METRIC throughput_gbps=8.1548
[2026-08-03T15:45:48] METRIC latency_ms=12.4719
[2026-08-03T15:45:48] RUN_END status=OK
[2026-08-03T22:55:15] RUN_START run_id=LINKSENS_uDCN_090
[2026-08-03T22:55:15] PARAM implementation=uDCN
[2026-08-03T22:55:15] METRIC link_bandwidth_gbps=10.0
[2026-08-03T22:55:15] METRIC base_rtt_ms=5.0
[2026-08-03T22:55:15] METRIC packet_loss_pct=3.3481
[2026-08-03T22:55:15] METRIC retransmission_count=16
[2026-08-03T22:55:15] METRIC throughput_gbps=7.7496
[2026-08-03T22:55:15] METRIC latency_ms=12.7466
[2026-08-03T22:55:15] RUN_END status=OK
[2026-08-03T22:56:30] RUN_START run_id=LINKSENS_uDCN_091
[2026-08-03T22:56:30] PARAM implementation=uDCN
[2026-08-03T22:56:30] METRIC link_bandwidth_gbps=10.0
[2026-08-03T22:56:30] METRIC base_rtt_ms=5.0
[2026-08-03T22:56:30] METRIC packet_loss_pct=1.4083
[2026-08-03T22:56:30] METRIC retransmission_count=1
[2026-08-03T22:56:30] METRIC throughput_gbps=8.4407
[2026-08-03T22:56:30] METRIC latency_ms=13.6351
[2026-08-03T22:56:30] RUN_END status=OK
[2026-08-03T22:59:51] RUN_START run_id=LINKSENS_uDCN_092
[2026-08-03T22:59:51] PARAM implementation=uDCN
[2026-08-03T22:59:51] METRIC link_bandwidth_gbps=10.0
[2026-08-03T22:59:51] METRIC base_rtt_ms=5.0
[2026-08-03T22:59:51] METRIC packet_loss_pct=3.3095
[2026-08-03T22:59:51] METRIC retransmission_count=18
[2026-08-03T22:59:51] METRIC throughput_gbps=8.0692
[2026-08-03T22:59:51] METRIC latency_ms=14.461
[2026-08-03T22:59:51] RUN_END status=OK
[2026-08-03T23:01:53] RUN_START run_id=LINKSENS_uDCN_093
[2026-08-03T23:01:53] PARAM implementation=uDCN
[2026-08-03T23:01:53] METRIC link_bandwidth_gbps=10.0
[2026-08-03T23:01:53] METRIC base_rtt_ms=5.0
[2026-08-03T23:01:53] METRIC packet_loss_pct=1.7849
[2026-08-03T23:01:53] METRIC retransmission_count=6
[2026-08-03T23:01:53] METRIC throughput_gbps=8.0866
[2026-08-03T23:01:53] METRIC latency_ms=13.3643
[2026-08-03T23:01:53] RUN_END status=OK
[2026-08-03T23:03:51] RUN_START run_id=LINKSENS_uDCN_094
[2026-08-03T23:03:51] PARAM implementation=uDCN
[2026-08-03T23:03:51] METRIC link_bandwidth_gbps=10.0
[2026-08-03T23:03:51] METRIC base_rtt_ms=5.0
[2026-08-03T23:03:51] METRIC packet_loss_pct=2.9913
[2026-08-03T23:03:51] METRIC retransmission_count=19
[2026-08-03T23:03:51] METRIC throughput_gbps=7.8787
[2026-08-03T23:03:51] METRIC latency_ms=13.7314
[2026-08-03T23:03:51] RUN_END status=OK
[2026-08-03T23:05:23] RUN_START run_id=LINKSENS_uDCN_095
[2026-08-03T23:05:23] PARAM implementation=uDCN
[2026-08-03T23:05:23] METRIC link_bandwidth_gbps=10.0
[2026-08-03T23:05:23] METRIC base_rtt_ms=5.0
[2026-08-03T23:05:23] METRIC packet_loss_pct=3.5344
[2026-08-03T23:05:23] METRIC retransmission_count=15
[2026-08-03T23:05:23] METRIC throughput_gbps=8.2619
[2026-08-03T23:05:23] METRIC latency_ms=13.5993
[2026-08-03T23:05:23] RUN_END status=OK
[2026-08-03T23:06:09] RUN_START run_id=LINKSENS_uDCN_096
[2026-08-03T23:06:09] PARAM implementation=uDCN
[2026-08-03T23:06:09] METRIC link_bandwidth_gbps=10.0
[2026-08-03T23:06:09] METRIC base_rtt_ms=5.0
[2026-08-03T23:06:09] METRIC packet_loss_pct=0.4247
[2026-08-03T23:06:09] METRIC retransmission_count=2
[2026-08-03T23:06:09] METRIC throughput_gbps=8.5364
[2026-08-03T23:06:09] METRIC latency_ms=12.4823
[2026-08-03T23:06:09] RUN_END status=OK
[2026-08-03T23:07:00] RUN_START run_id=LINKSENS_NFD_049
[2026-08-03T23:07:00] PARAM implementation=NFD
[2026-08-03T23:07:00] METRIC link_bandwidth_gbps=10.0
[2026-08-03T23:07:00] METRIC base_rtt_ms=5.0
[2026-08-03T23:07:00] METRIC packet_loss_pct=0.3502
[2026-08-03T23:07:00] METRIC retransmission_count=2
[2026-08-03T23:07:00] METRIC throughput_gbps=2.5842
[2026-08-03T23:07:00] METRIC latency_ms=16.8506
[2026-08-03T23:07:00] RUN_END status=OK
[2026-08-03T23:07:39] RUN_START run_id=LINKSENS_uDCN_097
[2026-08-03T23:07:39] PARAM implementation=uDCN
[2026-08-03T23:07:39] METRIC link_bandwidth_gbps=10.0
[2026-08-03T23:07:39] METRIC base_rtt_ms=5.0
[2026-08-03T23:07:39] METRIC packet_loss_pct=1.0697
[2026-08-03T23:07:39] METRIC retransmission_count=2
[2026-08-03T23:07:39] METRIC throughput_gbps=8.2258
[2026-08-03T23:07:39] METRIC latency_ms=12.332
[2026-08-03T23:07:39] RUN_END status=OK
[2026-08-03T23:08:42] RUN_START run_id=LINKSENS_uDCN_098
[2026-08-03T23:08:42] PARAM implementation=uDCN
[2026-08-03T23:08:42] METRIC link_bandwidth_gbps=10.0
[2026-08-03T23:08:42] METRIC base_rtt_ms=5.0
[2026-08-03T23:08:42] METRIC packet_loss_pct=1.7666
[2026-08-03T23:08:42] METRIC retransmission_count=6
[2026-08-03T23:08:42] METRIC throughput_gbps=7.9817
[2026-08-03T23:08:42] METRIC latency_ms=13.8549
[2026-08-03T23:08:42] RUN_END status=OK
[2026-08-03T23:08:50] RUN_START run_id=LINKSENS_NFD_050
[2026-08-03T23:08:50] PARAM implementation=NFD
[2026-08-03T23:08:50] METRIC link_bandwidth_gbps=10.0
[2026-08-03T23:08:50] METRIC base_rtt_ms=5.0
[2026-08-03T23:08:50] METRIC packet_loss_pct=3.1124
[2026-08-03T23:08:50] METRIC retransmission_count=12
[2026-08-03T23:08:50] METRIC throughput_gbps=2.2766
[2026-08-03T23:08:50] METRIC latency_ms=20.1009
[2026-08-03T23:08:50] RUN_END status=OK
[2026-08-03T23:09:53] RUN_START run_id=LINKSENS_NFD_051
[2026-08-03T23:09:53] PARAM implementation=NFD
[2026-08-03T23:09:53] METRIC link_bandwidth_gbps=10.0
[2026-08-03T23:09:53] METRIC base_rtt_ms=5.0
[2026-08-03T23:09:53] METRIC packet_loss_pct=2.5285
[2026-08-03T23:09:53] METRIC retransmission_count=7
[2026-08-03T23:09:53] METRIC throughput_gbps=2.3378
[2026-08-03T23:09:53] METRIC latency_ms=21.6513
[2026-08-03T23:09:53] RUN_END status=OK
[2026-08-03T23:10:16] RUN_START run_id=LINKSENS_uDCN_099
[2026-08-03T23:10:16] PARAM implementation=uDCN
[2026-08-03T23:10:16] METRIC link_bandwidth_gbps=10.0
[2026-08-03T23:10:16] METRIC base_rtt_ms=5.0
[2026-08-03T23:10:16] METRIC packet_loss_pct=2.0517
[2026-08-03T23:10:16] METRIC retransmission_count=8
[2026-08-03T23:10:16] METRIC throughput_gbps=7.5745
[2026-08-03T23:10:16] METRIC latency_ms=12.908
[2026-08-03T23:10:16] RUN_END status=OK
[2026-08-03T23:12:56] RUN_START run_id=LINKSENS_uDCN_100
[2026-08-03T23:12:56] PARAM implementation=uDCN
[2026-08-03T23:12:56] METRIC link_bandwidth_gbps=10.0
[2026-08-03T23:12:56] METRIC base_rtt_ms=5.0
[2026-08-03T23:12:56] METRIC packet_loss_pct=4.8188
[2026-08-03T23:12:56] METRIC retransmission_count=23
[2026-08-03T23:12:56] METRIC throughput_gbps=7.6373
[2026-08-03T23:12:56] METRIC latency_ms=13.9079
[2026-08-03T23:12:56] RUN_END status=OK
[2026-08-03T23:13:35] RUN_START run_id=LINKSENS_NFD_052
[2026-08-03T23:13:35] PARAM implementation=NFD
[2026-08-03T23:13:35] METRIC link_bandwidth_gbps=10.0
[2026-08-03T23:13:35] METRIC base_rtt_ms=5.0
[2026-08-03T23:13:35] METRIC packet_loss_pct=3.8955
[2026-08-03T23:13:35] METRIC retransmission_count=8
[2026-08-03T23:13:35] METRIC throughput_gbps=2.2299
[2026-08-03T23:13:35] METRIC latency_ms=22.4724
[2026-08-03T23:13:35] RUN_END status=OK
[2026-08-03T23:14:11] RUN_START run_id=LINKSENS_uDCN_101
[2026-08-03T23:14:11] PARAM implementation=uDCN
[2026-08-03T23:14:11] METRIC link_bandwidth_gbps=10.0
[2026-08-03T23:14:11] METRIC base_rtt_ms=5.0
[2026-08-03T23:14:11] METRIC packet_loss_pct=0.3905
[2026-08-03T23:14:11] METRIC retransmission_count=1
[2026-08-03T23:14:11] METRIC throughput_gbps=8.3621
[2026-08-03T23:14:11] METRIC latency_ms=12.4039
[2026-08-03T23:14:11] RUN_END status=OK
