[2026-08-06T23:51:51] RUN_START run_id=LINKSENS_CCNlite_042
[2026-08-06T23:51:51] PARAM implementation=CCNlite
[2026-08-06T23:51:51] METRIC link_bandwidth_gbps=10.0
[2026-08-06T23:51:51] METRIC base_rtt_ms=5.0
[2026-08-06T23:51:51] METRIC packet_loss_pct=1.2878
[2026-08-06T23:51:51] METRIC retransmission_count=5
[2026-08-06T23:51:51] METRIC throughput_gbps=2.1867
[2026-08-06T23:51:51] METRIC latency_ms=20.0333
[2026-08-06T23:51:51] RUN_END status=OK
[2026-08-06T23:54:38] RUN_START run_id=LINKSENS_CCNlite_043
[2026-08-06T23:54:38] PARAM implementation=CCNlite
[2026-08-06T23:54:38] METRIC link_bandwidth_gbps=10.0
[2026-08-06T23:54:38] METRIC base_rtt_ms=5.0
[2026-08-06T23:54:38] METRIC packet_loss_pct=1.3197
[2026-08-06T23:54:38] METRIC retransmission_count=6
[2026-08-06T23:54:38] METRIC throughput_gbps=2.1216
[2026-08-06T23:54:38] METRIC latency_ms=18.8724
[2026-08-06T23:54:38] RUN_END status=OK
[2026-08-06T23:57:06] RUN_START run_id=LINKSENS_CCNlite_044
[2026-08-06T23:57:06] PARAM implementation=CCNlite
[2026-08-06T23:57:06] METRIC link_bandwidth_gbps=10.0
[2026-08-06T23:57:06] METRIC base_rtt_ms=5.0
[2026-08-06T23:57:06] METRIC packet_loss_pct=2.4095
[2026-08-06T23:57:06] METRIC retransmission_count=12
[2026-08-06T23:57:06] METRIC throughput_gbps=1.9978
[2026-08-06T23:57:06] METRIC latency_ms=21.2865
[2026-08-06T23:57:06] RUN_END status=OK
[2026-08-07T00:01:12] RUN_START run_id=LINKSENS_CCNlite_045
[2026-08-07T00:01:12] PARAM implementation=CCNlite
[2026-08-07T00:01:12] METRIC link_bandwidth_gbps=10.0
[2026-08-07T00:01:12] METRIC base_rtt_ms=5.0
[2026-08-07T00:01:12] METRIC packet_loss_pct=0.9564
[2026-08-07T00:01:12] METRIC retransmission_count=5
[2026-08-07T00:01:12] METRIC throughput_gbps=2.0871
[2026-08-07T00:01:12] METRIC latency_ms=19.2367
[2026-08-07T00:01:12] RUN_END status=OK
[2026-08-07T00:02:59] RUN_START run_id=LINKSENS_CCNlite_046
[2026-08-07T00:02:59] PARAM implementation=CCNlite
[2026-08-07T00:02:59] METRIC link_bandwidth_gbps=10.0
[2026-08-07T00:02:59] METRIC base_rtt_ms=5.0
[2026-08-07T00:02:59] METRIC packet_loss_pct=4.7906
[2026-08-07T00:02:59] METRIC retransmission_count=14
[2026-08-07T00:02:59] METRIC throughput_gbps=1.6948
[2026-08-07T00:02:59] METRIC latency_ms=23.2419
[2026-08-07T00:02:59] RUN_END status=OK
[2026-08-07T00:05:00] RUN_START run_id=LINKSENS_CCNlite_047
[2026-08-07T00:05:00] PARAM implementation=CCNlite
[2026-08-07T00:05:00] METRIC link_bandwidth_gbps=10.0
[2026-08-07T00:05:00] METRIC base_rtt_ms=5.0
[2026-08-07T00:05:00] METRIC packet_loss_pct=0.5721
[2026-08-07T00:05:00] METRIC retransmission_count=3
[2026-08-07T00:05:00] METRIC throughput_gbps=2.2435
[2026-08-07T00:05:00] METRIC latency_ms=18.8694
[2026-08-07T00:05:00] RUN_END status=OK
[2026-08-07T00:07:59] RUN_START run_id=LINKSENS_CCNlite_048
[2026-08-07T00:07:59] PARAM implementation=CCNlite
[2026-08-07T00:07:59] METRIC link_bandwidth_gbps=10.0
[2026-08-07T00:07:59] METRIC base_rtt_ms=5.0
[2026-08-07T00:07:59] METRIC packet_loss_pct=4.9757
[2026-08-07T00:07:59] METRIC retransmission_count=18
[2026-08-07T00:07:59] METRIC throughput_gbps=1.7553
[2026-08-07T00:07:59] METRIC latency_ms=24.9903
[2026-08-07T00:07:59] RUN_END status=OK
[2026-08-07T00:09:13] RUN_START run_id=LINKSENS_CCNlite_049
[2026-08-07T00:09:13] PARAM implementation=CCNlite
[2026-08-07T00:09:13] METRIC link_bandwidth_gbps=10.0
[2026-08-07T00:09:13] METRIC base_rtt_ms=5.0
[2026-08-07T00:09:13] METRIC packet_loss_pct=3.9721
[2026-08-07T00:09:13] METRIC retransmission_count=11
[2026-08-07T00:09:13] METRIC throughput_gbps=1.7399
[2026-08-07T00:09:13] METRIC latency_ms=19.5912
[2026-08-07T00:09:13] RUN_END status=OK
[2026-08-07T00:12:17] RUN_START run_id=LINKSENS_CCNlite_050
[2026-08-07T00:12:17] PARAM implementation=CCNlite
[2026-08-07T00:12:17] METRIC link_bandwidth_gbps=10.0
[2026-08-07T00:12:17] METRIC base_rtt_ms=5.0
[2026-08-07T00:12:17] METRIC packet_loss_pct=2.9537
[2026-08-07T00:12:17] METRIC retransmission_count=8
[2026-08-07T00:12:17] METRIC throughput_gbps=1.911
[2026-08-07T00:12:17] METRIC latency_ms=21.0703
[2026-08-07T00:12:17] RUN_END status=OK
[2026-08-07T00:13:41] RUN_START run_id=LINKSENS_CCNlite_051
[2026-08-07T00:13:41] PARAM implementation=CCNlite
[2026-08-07T00:13:41] METRIC link_bandwidth_gbps=10.0
[2026-08-07T00:13:41] METRIC base_rtt_ms=5.0
[2026-08-07T00:13:41] METRIC packet_loss_pct=1.5819
[2026-08-07T00:13:41] METRIC retransmission_count=5
[2026-08-07T00:13:41] METRIC throughput_gbps=2.0379
[2026-08-07T00:13:41] METRIC latency_ms=20.2956
[2026-08-07T00:13:41] RUN_END status=OK
[2026-08-07T00:15:58] RUN_START run_id=LINKSENS_CCNlite_052
[2026-08-07T00:15:58] PARAM implementation=CCNlite
[2026-08-07T00:15:58] METRIC link_bandwidth_gbps=10.0
[2026-08-07T00:15:58] METRIC base_rtt_ms=5.0
[2026-08-07T00:15:58] METRIC packet_loss_pct=1.9339
[2026-08-07T00:15:58] METRIC retransmission_count=11
[2026-08-07T00:15:58] METRIC throughput_gbps=2.0608
[2026-08-07T00:15:58] METRIC latency_ms=19.662
[2026-08-07T00:15:58] RUN_END status=OK
[2026-08-07T00:19:35] RUN_START run_id=LINKSENS_CCNlite_053
[2026-08-07T00:19:35] PARAM implementation=CCNlite
[2026-08-07T00:19:35] METRIC link_bandwidth_gbps=10.0
[2026-08-07T00:19:35] METRIC base_rtt_ms=5.0
[2026-08-07T00:19:35] METRIC packet_loss_pct=1.1956
[2026-08-07T00:19:35] METRIC retransmission_count=5
[2026-08-07T00:19:35] METRIC throughput_gbps=2.1144
[2026-08-07T00:19:35] METRIC latency_ms=17.3388
[2026-08-07T00:19:35] RUN_END status=OK
[2026-08-07T00:20:03] RUN_START run_id=LINKSENS_CCNlite_054
[2026-08-07T00:20:03] PARAM implementation=CCNlite
[2026-08-07T00:20:03] METRIC link_bandwidth_gbps=10.0
[2026-08-07T00:20:03] METRIC base_rtt_ms=5.0
[2026-08-07T00:20:03] METRIC packet_loss_pct=4.7028
[2026-08-07T00:20:03] METRIC retransmission_count=16
[2026-08-07T00:20:03] METRIC throughput_gbps=1.6871
[2026-08-07T00:20:03] METRIC latency_ms=24.8665
[2026-08-07T00:20:03] RUN_END status=OK
[2026-08-07T00:22:06] RUN_START run_id=LINKSENS_CCNlite_055
[2026-08-07T00:22:06] PARAM implementation=CCNlite
[2026-08-07T00:22:06] METRIC link_bandwidth_gbps=10.0
[2026-08-07T00:22:06] METRIC base_rtt_ms=5.0
[2026-08-07T00:22:06] METRIC packet_loss_pct=0.9317
[2026-08-07T00:22:06] METRIC retransmission_count=4
[2026-08-07T00:22:06] METRIC throughput_gbps=2.1475
[2026-08-07T00:22:06] METRIC latency_ms=17.8725
[2026-08-07T00:22:06] RUN_END status=OK
[2026-08-08T01:56:07] RUN_START run_id=LINKSENS_CCNlite_056
[2026-08-08T01:56:07] PARAM implementation=CCNlite
[2026-08-08T01:56:07] METRIC link_bandwidth_gbps=10.0
[2026-08-08T01:56:07] METRIC base_rtt_ms=5.0
[2026-08-08T01:56:07] METRIC packet_loss_pct=1.5008
[2026-08-08T01:56:07] METRIC retransmission_count=3
[2026-08-08T01:56:07] METRIC throughput_gbps=2.1042
[2026-08-08T01:56:07] METRIC latency_ms=19.309
[2026-08-08T01:56:07] RUN_END status=OK
[2026-08-08T01:56:44] RUN_START run_id=LINKSENS_CCNlite_057
[2026-08-08T01:56:44] PARAM implementation=CCNlite
[2026-08-08T01:56:44] METRIC link_bandwidth_gbps=10.0
[2026-08-08T01:56:44] METRIC base_rtt_ms=5.0
[2026-08-08T01:56:44] METRIC packet_loss_pct=2.0884
[2026-08-08T01:56:44] METRIC retransmission_count=15
[2026-08-08T01:56:44] METRIC throughput_gbps=2.1684
[2026-08-08T01:56:44] METRIC latency_ms=19.698
[2026-08-08T01:56:44] RUN_END status=OK
[2026-08-08T01:58:15] RUN_START run_id=LINKSENS_CCNlite_058
[2026-08-08T01:58:15] PARAM implementation=CCNlite
[2026-08-08T01:58:15] METRIC link_bandwidth_gbps=10.0
[2026-08-08T01:58:15] METRIC base_rtt_ms=5.0
[2026-08-08T01:58:15] METRIC packet_loss_pct=4.3965
[2026-08-08T01:58:15] METRIC retransmission_count=21
[2026-08-08T01:58:15] METRIC throughput_gbps=1.7683
[2026-08-08T01:58:15] METRIC latency_ms=21.4488
[2026-08-08T01:58:15] RUN_END status=OK
[2026-08-08T02:00:07] RUN_START run_id=LINKSENS_CCNlite_059
[2026-08-08T02:00:07] PARAM implementation=CCNlite
[2026-08-08T02:00:07] METRIC link_bandwidth_gbps=10.0
[2026-08-08T02:00:07] METRIC base_rtt_ms=5.0
[2026-08-08T02:00:07] METRIC packet_loss_pct=4.7923
[2026-08-08T02:00:07] METRIC retransmission_count=22
[2026-08-08T02:00:07] METRIC throughput_gbps=1.7318
[2026-08-08T02:00:07] METRIC latency_ms=22.6885
[2026-08-08T02:00:07] RUN_END status=OK
