[2026-08-03T15:08:40] RUN_START run_id=LINKSENS_PythonNDN_075
[2026-08-03T15:08:40] PARAM implementation=PythonNDN
[2026-08-03T15:08:40] METRIC link_bandwidth_gbps=10.0
[2026-08-03T15:08:40] METRIC base_rtt_ms=5.0
[2026-08-03T15:08:40] METRIC packet_loss_pct=1.4791
[2026-08-03T15:08:40] METRIC retransmission_count=5
[2026-08-03T15:08:40] METRIC throughput_gbps=0.639
[2026-08-03T15:08:40] METRIC latency_ms=32.152
[2026-08-03T15:08:40] RUN_END status=OK
[2026-08-03T15:08:45] RUN_START run_id=LINKSENS_uDCN_073
[2026-08-03T15:08:45] PARAM implementation=uDCN
[2026-08-03T15:08:45] METRIC link_bandwidth_gbps=10.0
[2026-08-03T15:08:45] METRIC base_rtt_ms=5.0
[2026-08-03T15:08:45] METRIC packet_loss_pct=1.4485
[2026-08-03T15:08:45] METRIC retransmission_count=5
[2026-08-03T15:08:45] METRIC throughput_gbps=8.0211
[2026-08-03T15:08:45] METRIC latency_ms=11.6899
[2026-08-03T15:08:45] RUN_END status=OK
[2026-08-03T15:11:07] RUN_START run_id=LINKSENS_uDCN_074
[2026-08-03T15:11:07] PARAM implementation=uDCN
[2026-08-03T15:11:07] METRIC link_bandwidth_gbps=10.0
[2026-08-03T15:11:07] METRIC base_rtt_ms=5.0
[2026-08-03T15:11:07] METRIC packet_loss_pct=2.1191
[2026-08-03T15:11:07] METRIC retransmission_count=9
[2026-08-03T15:11:07] METRIC throughput_gbps=7.9493
[2026-08-03T15:11:07] METRIC latency_ms=12.9831
[2026-08-03T15:11:07] RUN_END status=OK
[2026-08-03T15:11:32] RUN_START run_id=LINKSENS_PythonNDN_076
[2026-08-03T15:11:32] PARAM implementation=PythonNDN
[2026-08-03T15:11:32] METRIC link_bandwidth_gbps=10.0
[2026-08-03T15:11:32] METRIC base_rtt_ms=5.0
[2026-08-03T15:11:32] METRIC packet_loss_pct=2.9738
[2026-08-03T15:11:32] METRIC retransmission_count=9
[2026-08-03T15:11:32] METRIC throughput_gbps=0.5431
[2026-08-03T15:11:32] METRIC latency_ms=36.0633
[2026-08-03T15:11:32] RUN_END status=OK
[2026-08-03T15:14:20] RUN_START run_id=LINKSENS_PythonNDN_077
[2026-08-03T15:14:20] PARAM implementation=PythonNDN
[2026-08-03T15:14:20] METRIC link_bandwidth_gbps=10.0
[2026-08-03T15:14:20] METRIC base_rtt_ms=5.0
[2026-08-03T15:14:20] METRIC packet_loss_pct=4.2441
[2026-08-03T15:14:20] METRIC retransmission_count=17
[2026-08-03T15:14:20] METRIC throughput_gbps=0.4962
[2026-08-03T15:14:20] METRIC latency_ms=38.1852
[2026-08-03T15:14:20] RUN_END status=OK
[2026-08-03T15:16:18] RUN_START run_id=LINKSENS_PythonNDN_078
[2026-08-03T15:16:18] PARAM implementation=PythonNDN
[2026-08-03T15:16:18] METRIC link_bandwidth_gbps=10.0
[2026-08-03T15:16:18] METRIC base_rtt_ms=5.0
[2026-08-03T15:16:18] METRIC packet_loss_pct=0.15
[2026-08-03T15:16:18] METRIC retransmission_count=1
[2026-08-03T15:16:18] METRIC throughput_gbps=0.6866
[2026-08-03T15:16:18] METRIC latency_ms=26.419
[2026-08-03T15:16:18] RUN_END status=OK
[2026-08-03T15:16:47] RUN_START run_id=LINKSENS_uDCN_075
[2026-08-03T15:16:47] PARAM implementation=uDCN
[2026-08-03T15:16:47] METRIC link_bandwidth_gbps=10.0
[2026-08-03T15:16:47] METRIC base_rtt_ms=5.0
[2026-08-03T15:16:47] METRIC packet_loss_pct=4.1012
[2026-08-03T15:16:47] METRIC retransmission_count=19
[2026-08-03T15:16:47] METRIC throughput_gbps=8.1954
[2026-08-03T15:16:47] METRIC latency_ms=13.8582
[2026-08-03T15:16:47] RUN_END status=OK
[2026-08-03T15:17:51] RUN_START run_id=LINKSENS_PythonNDN_079
[2026-08-03T15:17:51] PARAM implementation=PythonNDN
[2026-08-03T15:17:51] METRIC link_bandwidth_gbps=10.0
[2026-08-03T15:17:51] METRIC base_rtt_ms=5.0
[2026-08-03T15:17:51] METRIC packet_loss_pct=3.8589
[2026-08-03T15:17:51] METRIC retransmission_count=14
[2026-08-03T15:17:51] METRIC throughput_gbps=0.522
[2026-08-03T15:17:51] METRIC latency_ms=39.1577
[2026-08-03T15:17:51] RUN_END status=OK
[2026-08-03T15:18:12] RUN_START run_id=LINKSENS_uDCN_076
[2026-08-03T15:18:12] PARAM implementation=uDCN
[2026-08-03T15:18:12] METRIC link_bandwidth_gbps=10.0
[2026-08-03T15:18:12] METRIC base_rtt_ms=5.0
[2026-08-03T15:18:12] METRIC packet_loss_pct=4.3749
[2026-08-03T15:18:12] METRIC retransmission_count=21
[2026-08-03T15:18:12] METRIC throughput_gbps=7.8267
[2026-08-03T15:18:12] METRIC latency_ms=13.4442
[2026-08-03T15:18:12] RUN_END status=OK
[2026-08-03T15:19:36] RUN_START run_id=LINKSENS_uDCN_077
[2026-08-03T15:19:36] PARAM implementation=uDCN
[2026-08-03T15:19:36] METRIC link_bandwidth_gbps=10.0
[2026-08-03T15:19:36] METRIC base_rtt_ms=5.0
[2026-08-03T15:19:36] METRIC packet_loss_pct=1.3131
[2026-08-03T15:19:36] METRIC retransmission_count=6
[2026-08-03T15:19:36] METRIC throughput_gbps=8.0973
[2026-08-03T15:19:36] METRIC latency_ms=13.5309
[2026-08-03T15:19:36] RUN_END status=OK
[2026-08-03T15:19:48] RUN_START run_id=LINKSENS_PythonNDN_080
[2026-08-03T15:19:48] PARAM implementation=PythonNDN
[2026-08-03T15:19:48] METRIC link_bandwidth_gbps=10.0
[2026-08-03T15:19:48] METRIC base_rtt_ms=5.0
[2026-08-03T15:19:48] METRIC packet_loss_pct=4.4412
[2026-08-03T15:19:48] METRIC retransmission_count=22
[2026-08-03T15:19:48] METRIC throughput_gbps=0.51
[2026-08-03T15:19:48] METRIC latency_ms=39.2121
[2026-08-03T15:19:48] RUN_END status=OK
[2026-08-03T15:21:03] RUN_START run_id=LINKSENS_PythonNDN_081
[2026-08-03T15:21:03] PARAM implementation=PythonNDN
[2026-08-03T15:21:03] METRIC link_bandwidth_gbps=10.0
[2026-08-03T15:21:03] METRIC base_rtt_ms=5.0
[2026-08-03T15:21:03] METRIC packet_loss_pct=3.0379
[2026-08-03T15:21:03] METRIC retransmission_count=14
[2026-08-03T15:21:03] METRIC throughput_gbps=0.5419
[2026-08-03T15:21:03] METRIC latency_ms=35.3982
[2026-08-03T15:21:03] RUN_END status=OK
[2026-08-03T15:21:13] RUN_START run_id=LINKSENS_uDCN_078
[2026-08-03T15:21:13] PARAM implementation=uDCN
[2026-08-03T15:21:13] METRIC link_bandwidth_gbps=10.0
[2026-08-03T15:21:13] METRIC base_rtt_ms=5.0
[2026-08-03T15:21:13] METRIC packet_loss_pct=0.4593
[2026-08-03T15:21:13] METRIC retransmission_count=1
[2026-08-03T15:21:13] METRIC throughput_gbps=8.1654
[2026-08-03T15:21:13] METRIC latency_ms=12.0927
[2026-08-03T15:21:13] RUN_END status=OK
