[2026-08-01T18:16:01] RUN_START run_id=LINKSENS_PythonNDN_008
[2026-08-01T18:16:01] PARAM implementation=PythonNDN
[2026-08-01T18:16:01] METRIC link_bandwidth_gbps=10.0
[2026-08-01T18:16:01] METRIC base_rtt_ms=5.0
[2026-08-01T18:16:01] METRIC packet_loss_pct=3.9308
[2026-08-01T18:16:01] METRIC retransmission_count=17
[2026-08-01T18:16:01] METRIC throughput_gbps=0.5312
[2026-08-01T18:16:01] METRIC latency_ms=37.3096
[2026-08-01T18:16:01] RUN_END status=OK
[2026-08-01T18:17:09] RUN_START run_id=LINKSENS_PythonNDN_009
[2026-08-01T18:17:09] PARAM implementation=PythonNDN
[2026-08-01T18:17:09] METRIC link_bandwidth_gbps=10.0
[2026-08-01T18:17:09] METRIC base_rtt_ms=5.0
[2026-08-01T18:17:09] METRIC packet_loss_pct=1.3716
[2026-08-01T18:17:09] METRIC retransmission_count=2
[2026-08-01T18:17:09] METRIC throughput_gbps=0.6217
[2026-08-01T18:17:09] METRIC latency_ms=29.9559
[2026-08-01T18:17:09] RUN_END status=OK
[2026-08-01T18:19:28] RUN_START run_id=LINKSENS_PythonNDN_010
[2026-08-01T18:19:28] PARAM implementation=PythonNDN
[2026-08-01T18:19:28] METRIC link_bandwidth_gbps=10.0
[2026-08-01T18:19:28] METRIC base_rtt_ms=5.0
[2026-08-01T18:19:28] METRIC packet_loss_pct=2.9066
[2026-08-01T18:19:28] METRIC retransmission_count=13
[2026-08-01T18:19:28] METRIC throughput_gbps=0.5396
[2026-08-01T18:19:28] METRIC latency_ms=35.9885
[2026-08-01T18:19:28] RUN_END status=OK
[2026-08-01T18:20:35] RUN_START run_id=LINKSENS_PythonNDN_011
[2026-08-01T18:20:35] PARAM implementation=PythonNDN
[2026-08-01T18:20:35] METRIC link_bandwidth_gbps=10.0
[2026-08-01T18:20:35] METRIC base_rtt_ms=5.0
[2026-08-01T18:20:35] METRIC packet_loss_pct=1.8525
[2026-08-01T18:20:35] METRIC retransmission_count=5
[2026-08-01T18:20:35] METRIC throughput_gbps=0.6206
[2026-08-01T18:20:35] METRIC latency_ms=29.767
[2026-08-01T18:20:35] RUN_END status=OK
[2026-08-01T18:22:20] RUN_START run_id=LINKSENS_PythonNDN_012
[2026-08-01T18:22:20] PARAM implementation=PythonNDN
[2026-08-01T18:22:20] METRIC link_bandwidth_gbps=10.0
[2026-08-01T18:22:20] METRIC base_rtt_ms=5.0
[2026-08-01T18:22:20] METRIC packet_loss_pct=0.914
[2026-08-01T18:22:20] METRIC retransmission_count=3
[2026-08-01T18:22:20] METRIC throughput_gbps=0.6469
[2026-08-01T18:22:20] METRIC latency_ms=29.4683
[2026-08-01T18:22:20] RUN_END status=OK
[2026-08-01T18:23:29] RUN_START run_id=LINKSENS_PythonNDN_013
[2026-08-01T18:23:29] PARAM implementation=PythonNDN
[2026-08-01T18:23:29] METRIC link_bandwidth_gbps=10.0
[2026-08-01T18:23:29] METRIC base_rtt_ms=5.0
[2026-08-01T18:23:29] METRIC packet_loss_pct=1.3934
[2026-08-01T18:23:29] METRIC retransmission_count=13
[2026-08-01T18:23:29] METRIC throughput_gbps=0.657
[2026-08-01T18:23:29] METRIC latency_ms=31.2814
[2026-08-01T18:23:29] RUN_END status=OK
[2026-08-01T18:26:29] RUN_START run_id=LINKSENS_PythonNDN_014
[2026-08-01T18:26:29] PARAM implementation=PythonNDN
[2026-08-01T18:26:29] METRIC link_bandwidth_gbps=10.0
[2026-08-01T18:26:29] METRIC base_rtt_ms=5.0
[2026-08-01T18:26:29] METRIC packet_loss_pct=4.9168
[2026-08-01T18:26:29] METRIC retransmission_count=20
[2026-08-01T18:26:29] METRIC throughput_gbps=0.4892
[2026-08-01T18:26:29] METRIC latency_ms=36.6272
[2026-08-01T18:26:29] RUN_END status=OK
[2026-08-01T18:27:29] RUN_START run_id=LINKSENS_PythonNDN_015
[2026-08-01T18:27:29] PARAM implementation=PythonNDN
[2026-08-01T18:27:29] METRIC link_bandwidth_gbps=10.0
[2026-08-01T18:27:29] METRIC base_rtt_ms=5.0
[2026-08-01T18:27:29] METRIC packet_loss_pct=3.3403
[2026-08-01T18:27:29] METRIC retransmission_count=13
[2026-08-01T18:27:29] METRIC throughput_gbps=0.523
[2026-08-01T18:27:29] METRIC latency_ms=36.0489
[2026-08-01T18:27:29] RUN_END status=OK
[2026-08-01T18:30:51] RUN_START run_id=LINKSENS_PythonNDN_016
[2026-08-01T18:30:51] PARAM implementation=PythonNDN
[2026-08-01T18:30:51] METRIC link_bandwidth_gbps=10.0
[2026-08-01T18:30:51] METRIC base_rtt_ms=5.0
[2026-08-01T18:30:51] METRIC packet_loss_pct=1.1967
[2026-08-01T18:30:51] METRIC retransmission_count=4
[2026-08-01T18:30:51] METRIC throughput_gbps=0.6466
[2026-08-01T18:30:51] METRIC latency_ms=31.7881
[2026-08-01T18:30:51] RUN_END status=OK
[2026-08-01T18:32:32] RUN_START run_id=LINKSENS_PythonNDN_017
[2026-08-01T18:32:32] PARAM implementation=PythonNDN
[2026-08-01T18:32:32] METRIC link_bandwidth_gbps=10.0
[2026-08-01T18:32:32] METRIC base_rtt_ms=5.0
[2026-08-01T18:32:32] METRIC packet_loss_pct=0.102
[2026-08-01T18:32:32] METRIC retransmission_count=0
[2026-08-01T18:32:32] METRIC throughput_gbps=0.7396
[2026-08-01T18:32:32] METRIC latency_ms=28.1152
[2026-08-01T18:32:32] RUN_END status=OK
[2026-08-01T18:34:21] RUN_START run_id=LINKSENS_PythonNDN_018
[2026-08-01T18:34:21] PARAM implementation=PythonNDN
[2026-08-01T18:34:21] METRIC link_bandwidth_gbps=10.0
[2026-08-01T18:34:21] METRIC base_rtt_ms=5.0
[2026-08-01T18:34:21] METRIC packet_loss_pct=3.1301
[2026-08-01T18:34:21] METRIC retransmission_count=14
[2026-08-01T18:34:21] METRIC throughput_gbps=0.569
[2026-08-01T18:34:21] METRIC latency_ms=34.8721
[2026-08-01T18:34:21] RUN_END status=OK
[2026-08-01T18:34:50] RUN_START run_id=LINKSENS_PythonNDN_019
[2026-08-01T18:34:50] PARAM implementation=PythonNDN
[2026-08-01T18:34:50] METRIC link_bandwidth_gbps=10.0
[2026-08-01T18:34:50] METRIC base_rtt_ms=5.0
[2026-08-01T18:34:50] METRIC packet_loss_pct=0.0518
[2026-08-01T18:34:50] METRIC retransmission_count=1
[2026-08-01T18:34:50] METRIC throughput_gbps=0.7249
[2026-08-01T18:34:50] METRIC latency_ms=28.9784
[2026-08-01T18:34:50] RUN_END status=OK
[2026-08-01T18:35:38] RUN_START run_id=LINKSENS_PythonNDN_020
[2026-08-01T18:35:38] PARAM implementation=PythonNDN
[2026-08-01T18:35:38] METRIC link_bandwidth_gbps=10.0
[2026-08-01T18:35:38] METRIC base_rtt_ms=5.0
[2026-08-01T18:35:38] METRIC packet_loss_pct=1.7787
[2026-08-01T18:35:38] METRIC retransmission_count=7
[2026-08-01T18:35:38] METRIC throughput_gbps=0.612
[2026-08-01T18:35:38] METRIC latency_ms=30.5538
[2026-08-01T18:35:38] RUN_END status=OK
[2026-08-01T18:37:36] RUN_START run_id=LINKSENS_PythonNDN_021
[2026-08-01T18:37:36] PARAM implementation=PythonNDN
[2026-08-01T18:37:36] METRIC link_bandwidth_gbps=10.0
[2026-08-01T18:37:36] METRIC base_rtt_ms=5.0
[2026-08-01T18:37:36] METRIC packet_loss_pct=1.676
[2026-08-01T18:37:36] METRIC retransmission_count=5
[2026-08-01T18:37:36] METRIC throughput_gbps=0.6217
[2026-08-01T18:37:36] METRIC latency_ms=31.8266
[2026-08-01T18:37:36] RUN_END status=OK
