[2026-08-03T02:40:53] RUN_START run_id=LINKSENS_PythonNDN_057
[2026-08-03T02:40:53] PARAM implementation=PythonNDN
[2026-08-03T02:40:53] METRIC link_bandwidth_gbps=10.0
[2026-08-03T02:40:53] METRIC base_rtt_ms=5.0
[2026-08-03T02:40:53] METRIC packet_loss_pct=4.0633
[2026-08-03T02:40:53] METRIC retransmission_count=18
[2026-08-03T02:40:53] METRIC throughput_gbps=0.5124
[2026-08-03T02:40:53] METRIC latency_ms=36.7837
[2026-08-03T02:40:53] RUN_END status=OK
[2026-08-03T02:43:41] RUN_START run_id=LINKSENS_PythonNDN_058
[2026-08-03T02:43:41] PARAM implementation=PythonNDN
[2026-08-03T02:43:41] METRIC link_bandwidth_gbps=10.0
[2026-08-03T02:43:41] METRIC base_rtt_ms=5.0
[2026-08-03T02:43:41] METRIC packet_loss_pct=4.6744
[2026-08-03T02:43:41] METRIC retransmission_count=18
[2026-08-03T02:43:41] METRIC throughput_gbps=0.4726
[2026-08-03T02:43:41] METRIC latency_ms=38.995
[2026-08-03T02:43:41] RUN_END status=OK
[2026-08-03T02:46:33] RUN_START run_id=LINKSENS_PythonNDN_059
[2026-08-03T02:46:33] PARAM implementation=PythonNDN
[2026-08-03T02:46:33] METRIC link_bandwidth_gbps=10.0
[2026-08-03T02:46:33] METRIC base_rtt_ms=5.0
[2026-08-03T02:46:33] METRIC packet_loss_pct=0.8673
[2026-08-03T02:46:33] METRIC retransmission_count=4
[2026-08-03T02:46:33] METRIC throughput_gbps=0.6357
[2026-08-03T02:46:33] METRIC latency_ms=29.1095
[2026-08-03T02:46:33] RUN_END status=OK
[2026-08-03T02:47:35] RUN_START run_id=LINKSENS_PythonNDN_060
[2026-08-03T02:47:35] PARAM implementation=PythonNDN
[2026-08-03T02:47:35] METRIC link_bandwidth_gbps=10.0
[2026-08-03T02:47:35] METRIC base_rtt_ms=5.0
[2026-08-03T02:47:35] METRIC packet_loss_pct=1.2464
[2026-08-03T02:47:35] METRIC retransmission_count=5
[2026-08-03T02:47:35] METRIC throughput_gbps=0.6562
[2026-08-03T02:47:35] METRIC latency_ms=31.0669
[2026-08-03T02:47:35] RUN_END status=OK
[2026-08-03T02:49:43] RUN_START run_id=LINKSENS_PythonNDN_061
[2026-08-03T02:49:43] PARAM implementation=PythonNDN
[2026-08-03T02:49:43] METRIC link_bandwidth_gbps=10.0
[2026-08-03T02:49:43] METRIC base_rtt_ms=5.0
[2026-08-03T02:49:43] METRIC packet_loss_pct=2.0117
[2026-08-03T02:49:43] METRIC retransmission_count=6
[2026-08-03T02:49:43] METRIC throughput_gbps=0.6041
[2026-08-03T02:49:43] METRIC latency_ms=30.9575
[2026-08-03T02:49:43] RUN_END status=OK
[2026-08-03T12:59:00] RUN_START run_id=LINKSENS_NFD_016
[2026-08-03T12:59:00] PARAM implementation=NFD
[2026-08-03T12:59:00] METRIC link_bandwidth_gbps=10.0
[2026-08-03T12:59:00] METRIC base_rtt_ms=5.0
[2026-08-03T12:59:00] METRIC packet_loss_pct=1.843
[2026-08-03T12:59:00] METRIC retransmission_count=6
[2026-08-03T12:59:00] METRIC throughput_gbps=2.4427
[2026-08-03T12:59:00] METRIC latency_ms=18.5914
[2026-08-03T12:59:00] RUN_END status=OK
[2026-08-03T13:02:49] RUN_START run_id=LINKSENS_NFD_017
[2026-08-03T13:02:49] PARAM implementation=NFD
[2026-08-03T13:02:49] METRIC link_bandwidth_gbps=10.0
[2026-08-03T13:02:49] METRIC base_rtt_ms=5.0
[2026-08-03T13:02:49] METRIC packet_loss_pct=0.0577
[2026-08-03T13:02:49] METRIC retransmission_count=1
[2026-08-03T13:02:49] METRIC throughput_gbps=2.738
[2026-08-03T13:02:49] METRIC latency_ms=17.0657
[2026-08-03T13:02:49] RUN_END status=OK
[2026-08-03T13:04:44] RUN_START run_id=LINKSENS_NFD_018
[2026-08-03T13:04:44] PARAM implementation=NFD
[2026-08-03T13:04:44] METRIC link_bandwidth_gbps=10.0
[2026-08-03T13:04:44] METRIC base_rtt_ms=5.0
[2026-08-03T13:04:44] METRIC packet_loss_pct=4.5446
[2026-08-03T13:04:44] METRIC retransmission_count=19
[2026-08-03T13:04:44] METRIC throughput_gbps=1.9141
[2026-08-03T13:04:44] METRIC latency_ms=23.482
[2026-08-03T13:04:44] RUN_END status=OK
[2026-08-03T13:08:02] RUN_START run_id=LINKSENS_NFD_019
[2026-08-03T13:08:02] PARAM implementation=NFD
[2026-08-03T13:08:02] METRIC link_bandwidth_gbps=10.0
[2026-08-03T13:08:02] METRIC base_rtt_ms=5.0
[2026-08-03T13:08:02] METRIC packet_loss_pct=3.0205
[2026-08-03T13:08:02] METRIC retransmission_count=12
[2026-08-03T13:08:02] METRIC throughput_gbps=2.3002
[2026-08-03T13:08:02] METRIC latency_ms=21.0934
[2026-08-03T13:08:02] RUN_END status=OK
[2026-08-03T13:11:26] RUN_START run_id=LINKSENS_NFD_020
[2026-08-03T13:11:26] PARAM implementation=NFD
[2026-08-03T13:11:26] METRIC link_bandwidth_gbps=10.0
[2026-08-03T13:11:26] METRIC base_rtt_ms=5.0
[2026-08-03T13:11:26] METRIC packet_loss_pct=1.3763
[2026-08-03T13:11:26] METRIC retransmission_count=8
[2026-08-03T13:11:26] METRIC throughput_gbps=2.5589
[2026-08-03T13:11:26] METRIC latency_ms=17.6871
[2026-08-03T13:11:26] RUN_END status=OK
[2026-08-03T13:12:31] RUN_START run_id=LINKSENS_NFD_021
[2026-08-03T13:12:31] PARAM implementation=NFD
[2026-08-03T13:12:31] METRIC link_bandwidth_gbps=10.0
[2026-08-03T13:12:31] METRIC base_rtt_ms=5.0
[2026-08-03T13:12:31] METRIC packet_loss_pct=3.7886
[2026-08-03T13:12:31] METRIC retransmission_count=16
[2026-08-03T13:12:31] METRIC throughput_gbps=2.0947
[2026-08-03T13:12:31] METRIC latency_ms=23.6214
[2026-08-03T13:12:31] RUN_END status=OK
[2026-08-03T13:15:16] RUN_START run_id=LINKSENS_NFD_022
[2026-08-03T13:15:16] PARAM implementation=NFD
[2026-08-03T13:15:16] METRIC link_bandwidth_gbps=10.0
[2026-08-03T13:15:16] METRIC base_rtt_ms=5.0
[2026-08-03T13:15:16] METRIC packet_loss_pct=3.4858
[2026-08-03T13:15:16] METRIC retransmission_count=15
[2026-08-03T13:15:16] METRIC throughput_gbps=2.1256
[2026-08-03T13:15:16] METRIC latency_ms=19.346
[2026-08-03T13:15:16] RUN_END status=OK
