[2026-08-08T17:36:19] RUN_START run_id=LINKSENS_CCNlite_085
[2026-08-08T17:36:19] PARAM implementation=CCNlite
[2026-08-08T17:36:19] METRIC link_bandwidth_gbps=10.0
[2026-08-08T17:36:19] METRIC base_rtt_ms=5.0
[2026-08-08T17:36:19] METRIC packet_loss_pct=1.363
[2026-08-08T17:36:19] METRIC retransmission_count=4
[2026-08-08T17:36:19] METRIC throughput_gbps=2.0988
[2026-08-08T17:36:19] METRIC latency_ms=19.6897
[2026-08-08T17:36:19] RUN_END status=OK
[2026-08-08T17:37:03] RUN_START run_id=12_link_impairment_sensitivity_DISCARDED_0035
[2026-08-08T17:37:03] RUN_ABORTED reason=netem_verification_out_of_tolerance: pre-run probe failed tolerance check, batch discarded and tc qdisc re-instantiated
[2026-08-08T17:38:25] RUN_START run_id=LINKSENS_CCNlite_086
[2026-08-08T17:38:25] PARAM implementation=CCNlite
[2026-08-08T17:38:25] METRIC link_bandwidth_gbps=10.0
[2026-08-08T17:38:25] METRIC base_rtt_ms=5.0
[2026-08-08T17:38:25] METRIC packet_loss_pct=3.7401
[2026-08-08T17:38:25] METRIC retransmission_count=7
[2026-08-08T17:38:25] METRIC throughput_gbps=1.811
[2026-08-08T17:38:25] METRIC latency_ms=22.6321
[2026-08-08T17:38:25] RUN_END status=OK
[2026-08-08T17:40:51] RUN_START run_id=LINKSENS_CCNlite_087
[2026-08-08T17:40:51] PARAM implementation=CCNlite
[2026-08-08T17:40:51] METRIC link_bandwidth_gbps=10.0
[2026-08-08T17:40:51] METRIC base_rtt_ms=5.0
[2026-08-08T17:40:51] METRIC packet_loss_pct=0.5029
[2026-08-08T17:40:51] METRIC retransmission_count=2
[2026-08-08T17:40:51] METRIC throughput_gbps=2.1732
[2026-08-08T17:40:51] METRIC latency_ms=16.8502
[2026-08-08T17:40:51] RUN_END status=OK
[2026-08-08T17:43:01] RUN_START run_id=LINKSENS_CCNlite_088
[2026-08-08T17:43:01] PARAM implementation=CCNlite
[2026-08-08T17:43:01] METRIC link_bandwidth_gbps=10.0
[2026-08-08T17:43:01] METRIC base_rtt_ms=5.0
[2026-08-08T17:43:01] METRIC packet_loss_pct=0.0712
[2026-08-08T17:43:01] METRIC retransmission_count=0
[2026-08-08T17:43:01] METRIC throughput_gbps=2.3192
[2026-08-08T17:43:01] METRIC latency_ms=16.6839
[2026-08-08T17:43:01] RUN_END status=OK
[2026-08-08T17:46:25] RUN_START run_id=LINKSENS_CCNlite_089
[2026-08-08T17:46:25] PARAM implementation=CCNlite
[2026-08-08T17:46:25] METRIC link_bandwidth_gbps=10.0
[2026-08-08T17:46:25] METRIC base_rtt_ms=5.0
[2026-08-08T17:46:25] METRIC packet_loss_pct=0.416
[2026-08-08T17:46:25] METRIC retransmission_count=0
[2026-08-08T17:46:25] METRIC throughput_gbps=2.3294
[2026-08-08T17:46:25] METRIC latency_ms=17.4546
[2026-08-08T17:46:25] RUN_END status=OK
[2026-08-08T17:47:36] RUN_START run_id=LINKSENS_CCNlite_090
[2026-08-08T17:47:36] PARAM implementation=CCNlite
[2026-08-08T17:47:36] METRIC link_bandwidth_gbps=10.0
[2026-08-08T17:47:36] METRIC base_rtt_ms=5.0
[2026-08-08T17:47:36] METRIC packet_loss_pct=3.0752
[2026-08-08T17:47:36] METRIC retransmission_count=16
[2026-08-08T17:47:36] METRIC throughput_gbps=1.8401
[2026-08-08T17:47:36] METRIC latency_ms=20.8227
[2026-08-08T17:47:36] RUN_END status=OK
[2026-08-08T17:51:16] RUN_START run_id=LINKSENS_CCNlite_091
[2026-08-08T17:51:16] PARAM implementation=CCNlite
[2026-08-08T17:51:16] METRIC link_bandwidth_gbps=10.0
[2026-08-08T17:51:16] METRIC base_rtt_ms=5.0
[2026-08-08T17:51:16] METRIC packet_loss_pct=0.3104
[2026-08-08T17:51:16] METRIC retransmission_count=1
[2026-08-08T17:51:16] METRIC throughput_gbps=2.3706
[2026-08-08T17:51:16] METRIC latency_ms=17.9986
[2026-08-08T17:51:16] RUN_END status=OK
[2026-08-08T17:51:45] RUN_START run_id=LINKSENS_CCNlite_092
[2026-08-08T17:51:45] PARAM implementation=CCNlite
[2026-08-08T17:51:45] METRIC link_bandwidth_gbps=10.0
[2026-08-08T17:51:45] METRIC base_rtt_ms=5.0
[2026-08-08T17:51:45] METRIC packet_loss_pct=0.6119
[2026-08-08T17:51:45] METRIC retransmission_count=4
[2026-08-08T17:51:45] METRIC throughput_gbps=2.16
[2026-08-08T17:51:45] METRIC latency_ms=18.8522
[2026-08-08T17:51:45] RUN_END status=OK
[2026-08-08T17:52:38] RUN_START run_id=LINKSENS_CCNlite_093
[2026-08-08T17:52:38] PARAM implementation=CCNlite
[2026-08-08T17:52:38] METRIC link_bandwidth_gbps=10.0
[2026-08-08T17:52:38] METRIC base_rtt_ms=5.0
[2026-08-08T17:52:38] METRIC packet_loss_pct=2.6799
[2026-08-08T17:52:38] METRIC retransmission_count=7
[2026-08-08T17:52:38] METRIC throughput_gbps=1.8453
[2026-08-08T17:52:38] METRIC latency_ms=20.6268
[2026-08-08T17:52:38] RUN_END status=OK
[2026-08-08T17:55:08] RUN_START run_id=LINKSENS_CCNlite_094
[2026-08-08T17:55:08] PARAM implementation=CCNlite
[2026-08-08T17:55:08] METRIC link_bandwidth_gbps=10.0
[2026-08-08T17:55:08] METRIC base_rtt_ms=5.0
[2026-08-08T17:55:08] METRIC packet_loss_pct=0.1498
[2026-08-08T17:55:08] METRIC retransmission_count=1
[2026-08-08T17:55:08] METRIC throughput_gbps=2.3047
[2026-08-08T17:55:08] METRIC latency_ms=17.1124
[2026-08-08T17:55:08] RUN_END status=OK
