[2026-08-09T23:44:23] RUN_START run_id=LINKSENS_CCNlite_124
[2026-08-09T23:44:23] PARAM implementation=CCNlite
[2026-08-09T23:44:23] METRIC link_bandwidth_gbps=10.0
[2026-08-09T23:44:23] METRIC base_rtt_ms=5.0
[2026-08-09T23:44:23] METRIC packet_loss_pct=1.621
[2026-08-09T23:44:23] METRIC retransmission_count=9
[2026-08-09T23:44:23] METRIC throughput_gbps=2.0142
[2026-08-09T23:44:23] METRIC latency_ms=20.272
[2026-08-09T23:44:23] RUN_END status=OK
[2026-08-09T23:45:43] RUN_START run_id=LINKSENS_CCNlite_125
[2026-08-09T23:45:43] PARAM implementation=CCNlite
[2026-08-09T23:45:43] METRIC link_bandwidth_gbps=10.0
[2026-08-09T23:45:43] METRIC base_rtt_ms=5.0
[2026-08-09T23:45:43] METRIC packet_loss_pct=4.7118
[2026-08-09T23:45:43] METRIC retransmission_count=20
[2026-08-09T23:45:43] METRIC throughput_gbps=1.7119
[2026-08-09T23:45:43] METRIC latency_ms=23.2646
[2026-08-09T23:45:43] RUN_END status=OK
[2026-08-09T23:48:13] RUN_START run_id=LINKSENS_CCNlite_126
[2026-08-09T23:48:13] PARAM implementation=CCNlite
[2026-08-09T23:48:13] METRIC link_bandwidth_gbps=10.0
[2026-08-09T23:48:13] METRIC base_rtt_ms=5.0
[2026-08-09T23:48:13] METRIC packet_loss_pct=4.796
[2026-08-09T23:48:13] METRIC retransmission_count=22
[2026-08-09T23:48:13] METRIC throughput_gbps=1.6656
[2026-08-09T23:48:13] METRIC latency_ms=23.5582
[2026-08-09T23:48:13] RUN_END status=OK
[2026-08-09T23:51:04] RUN_START run_id=LINKSENS_CCNlite_127
[2026-08-09T23:51:04] PARAM implementation=CCNlite
[2026-08-09T23:51:04] METRIC link_bandwidth_gbps=10.0
[2026-08-09T23:51:04] METRIC base_rtt_ms=5.0
[2026-08-09T23:51:04] METRIC packet_loss_pct=1.5429
[2026-08-09T23:51:04] METRIC retransmission_count=7
[2026-08-09T23:51:04] METRIC throughput_gbps=2.1527
[2026-08-09T23:51:04] METRIC latency_ms=19.5985
[2026-08-09T23:51:04] RUN_END status=OK
[2026-08-09T23:51:50] RUN_START run_id=LINKSENS_CCNlite_128
[2026-08-09T23:51:50] PARAM implementation=CCNlite
[2026-08-09T23:51:50] METRIC link_bandwidth_gbps=10.0
[2026-08-09T23:51:50] METRIC base_rtt_ms=5.0
[2026-08-09T23:51:50] METRIC packet_loss_pct=3.0772
[2026-08-09T23:51:50] METRIC retransmission_count=13
[2026-08-09T23:51:50] METRIC throughput_gbps=2.0084
[2026-08-09T23:51:50] METRIC latency_ms=20.5859
[2026-08-09T23:51:50] RUN_END status=OK
[2026-08-09T23:53:07] RUN_START run_id=LINKSENS_CCNlite_129
[2026-08-09T23:53:07] PARAM implementation=CCNlite
[2026-08-09T23:53:07] METRIC link_bandwidth_gbps=10.0
[2026-08-09T23:53:07] METRIC base_rtt_ms=5.0
[2026-08-09T23:53:07] METRIC packet_loss_pct=2.2282
[2026-08-09T23:53:07] METRIC retransmission_count=5
[2026-08-09T23:53:07] METRIC throughput_gbps=1.992
[2026-08-09T23:53:07] METRIC latency_ms=19.3307
[2026-08-09T23:53:07] RUN_END status=OK
[2026-08-09T23:54:32] RUN_START run_id=LINKSENS_CCNlite_130
[2026-08-09T23:54:32] PARAM implementation=CCNlite
[2026-08-09T23:54:32] METRIC link_bandwidth_gbps=10.0
[2026-08-09T23:54:32] METRIC base_rtt_ms=5.0
[2026-08-09T23:54:32] METRIC packet_loss_pct=3.1657
[2026-08-09T23:54:32] METRIC retransmission_count=13
[2026-08-09T23:54:32] METRIC throughput_gbps=1.9005
[2026-08-09T23:54:32] METRIC latency_ms=20.6411
[2026-08-09T23:54:32] RUN_END status=OK
[2026-08-09T23:56:20] RUN_START run_id=LINKSENS_CCNlite_131
[2026-08-09T23:56:20] PARAM implementation=CCNlite
[2026-08-09T23:56:20] METRIC link_bandwidth_gbps=10.0
[2026-08-09T23:56:20] METRIC base_rtt_ms=5.0
[2026-08-09T23:56:20] METRIC packet_loss_pct=2.1131
[2026-08-09T23:56:20] METRIC retransmission_count=4
[2026-08-09T23:56:20] METRIC throughput_gbps=1.9883
[2026-08-09T23:56:20] METRIC latency_ms=19.2236
[2026-08-09T23:56:20] RUN_END status=OK
[2026-08-09T23:58:38] RUN_START run_id=LINKSENS_CCNlite_132
[2026-08-09T23:58:38] PARAM implementation=CCNlite
[2026-08-09T23:58:38] METRIC link_bandwidth_gbps=10.0
[2026-08-09T23:58:38] METRIC base_rtt_ms=5.0
[2026-08-09T23:58:38] METRIC packet_loss_pct=3.7963
[2026-08-09T23:58:38] METRIC retransmission_count=14
[2026-08-09T23:58:38] METRIC throughput_gbps=1.8701
[2026-08-09T23:58:38] METRIC latency_ms=23.5928
[2026-08-09T23:58:38] RUN_END status=OK
[2026-08-10T00:00:24] RUN_START run_id=LINKSENS_CCNlite_133
[2026-08-10T00:00:24] PARAM implementation=CCNlite
[2026-08-10T00:00:24] METRIC link_bandwidth_gbps=10.0
[2026-08-10T00:00:24] METRIC base_rtt_ms=5.0
[2026-08-10T00:00:24] METRIC packet_loss_pct=4.7924
[2026-08-10T00:00:24] METRIC retransmission_count=15
[2026-08-10T00:00:24] METRIC throughput_gbps=1.6541
[2026-08-10T00:00:24] METRIC latency_ms=25.057
[2026-08-10T00:00:24] RUN_END status=OK
[2026-08-10T00:02:20] RUN_START run_id=LINKSENS_CCNlite_134
[2026-08-10T00:02:20] PARAM implementation=CCNlite
[2026-08-10T00:02:20] METRIC link_bandwidth_gbps=10.0
[2026-08-10T00:02:20] METRIC base_rtt_ms=5.0
[2026-08-10T00:02:20] METRIC packet_loss_pct=4.6109
[2026-08-10T00:02:20] METRIC retransmission_count=20
[2026-08-10T00:02:20] METRIC throughput_gbps=1.7859
[2026-08-10T00:02:20] METRIC latency_ms=22.8842
[2026-08-10T00:02:20] RUN_END status=OK
[2026-08-12T08:19:34] RUN_START run_id=LINKSENS_CCNlite_135
[2026-08-12T08:19:34] PARAM implementation=CCNlite
[2026-08-12T08:19:34] METRIC link_bandwidth_gbps=10.0
[2026-08-12T08:19:34] METRIC base_rtt_ms=5.0
[2026-08-12T08:19:34] METRIC packet_loss_pct=1.4551
[2026-08-12T08:19:34] METRIC retransmission_count=5
[2026-08-12T08:19:34] METRIC throughput_gbps=2.0745
[2026-08-12T08:19:34] METRIC latency_ms=20.1954
[2026-08-12T08:19:34] RUN_END status=OK
[2026-08-12T08:22:09] RUN_START run_id=LINKSENS_CCNlite_136
[2026-08-12T08:22:09] PARAM implementation=CCNlite
[2026-08-12T08:22:09] METRIC link_bandwidth_gbps=10.0
[2026-08-12T08:22:09] METRIC base_rtt_ms=5.0
[2026-08-12T08:22:09] METRIC packet_loss_pct=2.1163
[2026-08-12T08:22:09] METRIC retransmission_count=6
[2026-08-12T08:22:09] METRIC throughput_gbps=2.0789
[2026-08-12T08:22:09] METRIC latency_ms=19.7734
[2026-08-12T08:22:09] RUN_END status=OK
[2026-08-12T08:30:21] RUN_START run_id=LINKSENS_CCNlite_137
[2026-08-12T08:30:21] PARAM implementation=CCNlite
[2026-08-12T08:30:21] METRIC link_bandwidth_gbps=10.0
[2026-08-12T08:30:21] METRIC base_rtt_ms=5.0
[2026-08-12T08:30:21] METRIC packet_loss_pct=0.0073
[2026-08-12T08:30:21] METRIC retransmission_count=0
[2026-08-12T08:30:21] METRIC throughput_gbps=2.2418
[2026-08-12T08:30:21] METRIC latency_ms=17.4745
[2026-08-12T08:30:21] RUN_END status=OK
[2026-08-12T08:34:00] RUN_START run_id=LINKSENS_CCNlite_138
[2026-08-12T08:34:00] PARAM implementation=CCNlite
[2026-08-12T08:34:00] METRIC link_bandwidth_gbps=10.0
[2026-08-12T08:34:00] METRIC base_rtt_ms=5.0
[2026-08-12T08:34:00] METRIC packet_loss_pct=3.4287
[2026-08-12T08:34:00] METRIC retransmission_count=11
[2026-08-12T08:34:00] METRIC throughput_gbps=1.8502
[2026-08-12T08:34:00] METRIC latency_ms=22.0833
[2026-08-12T08:34:00] RUN_END status=OK
[2026-08-12T08:35:00] RUN_START run_id=LINKSENS_CCNlite_139
[2026-08-12T08:35:00] PARAM implementation=CCNlite
[2026-08-12T08:35:00] METRIC link_bandwidth_gbps=10.0
[2026-08-12T08:35:00] METRIC base_rtt_ms=5.0
[2026-08-12T08:35:00] METRIC packet_loss_pct=2.13
[2026-08-12T08:35:00] METRIC retransmission_count=8
[2026-08-12T08:35:00] METRIC throughput_gbps=1.9877
[2026-08-12T08:35:00] METRIC latency_ms=20.2699
[2026-08-12T08:35:00] RUN_END status=OK
[2026-08-12T08:37:07] RUN_START run_id=LINKSENS_CCNlite_140
[2026-08-12T08:37:07] PARAM implementation=CCNlite
[2026-08-12T08:37:07] METRIC link_bandwidth_gbps=10.0
[2026-08-12T08:37:07] METRIC base_rtt_ms=5.0
[2026-08-12T08:37:07] METRIC packet_loss_pct=3.9525
[2026-08-12T08:37:07] METRIC retransmission_count=18
[2026-08-12T08:37:07] METRIC throughput_gbps=1.8149
[2026-08-12T08:37:07] METRIC latency_ms=22.9298
[2026-08-12T08:37:07] RUN_END status=OK
[2026-08-12T08:38:26] RUN_START run_id=LINKSENS_CCNlite_141
[2026-08-12T08:38:26] PARAM implementation=CCNlite
[2026-08-12T08:38:26] METRIC link_bandwidth_gbps=10.0
[2026-08-12T08:38:26] METRIC base_rtt_ms=5.0
[2026-08-12T08:38:26] METRIC packet_loss_pct=3.4734
[2026-08-12T08:38:26] METRIC retransmission_count=13
[2026-08-12T08:38:26] METRIC throughput_gbps=1.8931
[2026-08-12T08:38:26] METRIC latency_ms=22.5671
[2026-08-12T08:38:26] RUN_END status=OK
