[2026-08-05T12:26:29] RUN_START run_id=LINKSENS_PythonNDN_110
[2026-08-05T12:26:29] PARAM implementation=PythonNDN
[2026-08-05T12:26:29] METRIC link_bandwidth_gbps=10.0
[2026-08-05T12:26:29] METRIC base_rtt_ms=5.0
[2026-08-05T12:26:29] METRIC packet_loss_pct=0.862
[2026-08-05T12:26:29] METRIC retransmission_count=8
[2026-08-05T12:26:29] METRIC throughput_gbps=0.6744
[2026-08-05T12:26:29] METRIC latency_ms=28.9663
[2026-08-05T12:26:29] RUN_END status=OK
[2026-08-05T12:30:47] RUN_START run_id=LINKSENS_PythonNDN_111
[2026-08-05T12:30:47] PARAM implementation=PythonNDN
[2026-08-05T12:30:47] METRIC link_bandwidth_gbps=10.0
[2026-08-05T12:30:47] METRIC base_rtt_ms=5.0
[2026-08-05T12:30:47] METRIC packet_loss_pct=3.2807
[2026-08-05T12:30:47] METRIC retransmission_count=15
[2026-08-05T12:30:47] METRIC throughput_gbps=0.5263
[2026-08-05T12:30:47] METRIC latency_ms=35.7464
[2026-08-05T12:30:47] RUN_END status=OK
[2026-08-05T12:31:27] RUN_START run_id=LINKSENS_PythonNDN_112
[2026-08-05T12:31:27] PARAM implementation=PythonNDN
[2026-08-05T12:31:27] METRIC link_bandwidth_gbps=10.0
[2026-08-05T12:31:27] METRIC base_rtt_ms=5.0
[2026-08-05T12:31:27] METRIC packet_loss_pct=2.2422
[2026-08-05T12:31:27] METRIC retransmission_count=8
[2026-08-05T12:31:27] METRIC throughput_gbps=0.6109
[2026-08-05T12:31:27] METRIC latency_ms=34.9526
[2026-08-05T12:31:27] RUN_END status=OK
[2026-08-05T12:32:34] RUN_START run_id=LINKSENS_PythonNDN_113
[2026-08-05T12:32:34] PARAM implementation=PythonNDN
[2026-08-05T12:32:34] METRIC link_bandwidth_gbps=10.0
[2026-08-05T12:32:34] METRIC base_rtt_ms=5.0
[2026-08-05T12:32:34] METRIC packet_loss_pct=0.8175
[2026-08-05T12:32:34] METRIC retransmission_count=2
[2026-08-05T12:32:34] METRIC throughput_gbps=0.6549
[2026-08-05T12:32:34] METRIC latency_ms=31.4952
[2026-08-05T12:32:34] RUN_END status=OK
[2026-08-05T12:35:19] RUN_START run_id=LINKSENS_PythonNDN_114
[2026-08-05T12:35:19] PARAM implementation=PythonNDN
[2026-08-05T12:35:19] METRIC link_bandwidth_gbps=10.0
[2026-08-05T12:35:19] METRIC base_rtt_ms=5.0
[2026-08-05T12:35:19] METRIC packet_loss_pct=2.0303
[2026-08-05T12:35:19] METRIC retransmission_count=10
[2026-08-05T12:35:19] METRIC throughput_gbps=0.6002
[2026-08-05T12:35:19] METRIC latency_ms=34.7144
[2026-08-05T12:35:19] RUN_END status=OK
[2026-08-05T12:37:06] RUN_START run_id=LINKSENS_PythonNDN_115
[2026-08-05T12:37:06] PARAM implementation=PythonNDN
[2026-08-05T12:37:06] METRIC link_bandwidth_gbps=10.0
[2026-08-05T12:37:06] METRIC base_rtt_ms=5.0
[2026-08-05T12:37:06] METRIC packet_loss_pct=0.232
[2026-08-05T12:37:06] METRIC retransmission_count=0
[2026-08-05T12:37:06] METRIC throughput_gbps=0.6901
[2026-08-05T12:37:06] METRIC latency_ms=28.7323
[2026-08-05T12:37:06] RUN_END status=OK
[2026-08-05T12:43:49] RUN_START run_id=LINKSENS_PythonNDN_116
[2026-08-05T12:43:49] PARAM implementation=PythonNDN
[2026-08-05T12:43:49] METRIC link_bandwidth_gbps=10.0
[2026-08-05T12:43:49] METRIC base_rtt_ms=5.0
[2026-08-05T12:43:49] METRIC packet_loss_pct=4.9097
[2026-08-05T12:43:49] METRIC retransmission_count=22
[2026-08-05T12:43:49] METRIC throughput_gbps=0.4568
[2026-08-05T12:43:49] METRIC latency_ms=39.3169
[2026-08-05T12:43:49] RUN_END status=OK
[2026-08-05T12:45:44] RUN_START run_id=LINKSENS_PythonNDN_117
[2026-08-05T12:45:44] PARAM implementation=PythonNDN
[2026-08-05T12:45:44] METRIC link_bandwidth_gbps=10.0
[2026-08-05T12:45:44] METRIC base_rtt_ms=5.0
[2026-08-05T12:45:44] METRIC packet_loss_pct=3.1058
[2026-08-05T12:45:44] METRIC retransmission_count=13
[2026-08-05T12:45:44] METRIC throughput_gbps=0.5921
[2026-08-05T12:45:44] METRIC latency_ms=34.1313
[2026-08-05T12:45:44] RUN_END status=OK
[2026-08-05T12:47:46] RUN_START run_id=LINKSENS_PythonNDN_118
[2026-08-05T12:47:46] PARAM implementation=PythonNDN
[2026-08-05T12:47:46] METRIC link_bandwidth_gbps=10.0
[2026-08-05T12:47:46] METRIC base_rtt_ms=5.0
[2026-08-05T12:47:46] METRIC packet_loss_pct=0.3236
[2026-08-05T12:47:46] METRIC retransmission_count=2
[2026-08-05T12:47:46] METRIC throughput_gbps=0.6554
[2026-08-05T12:47:46] METRIC latency_ms=30.8206
[2026-08-05T12:47:46] RUN_END status=OK
[2026-08-05T12:49:28] RUN_START run_id=LINKSENS_PythonNDN_119
[2026-08-05T12:49:28] PARAM implementation=PythonNDN
[2026-08-05T12:49:28] METRIC link_bandwidth_gbps=10.0
[2026-08-05T12:49:28] METRIC base_rtt_ms=5.0
[2026-08-05T12:49:28] METRIC packet_loss_pct=4.9496
[2026-08-05T12:49:28] METRIC retransmission_count=28
[2026-08-05T12:49:28] METRIC throughput_gbps=0.4652
[2026-08-05T12:49:28] METRIC latency_ms=40.8167
[2026-08-05T12:49:28] RUN_END status=OK
[2026-08-05T12:50:01] RUN_START run_id=LINKSENS_PythonNDN_120
[2026-08-05T12:50:01] PARAM implementation=PythonNDN
[2026-08-05T12:50:01] METRIC link_bandwidth_gbps=10.0
[2026-08-05T12:50:01] METRIC base_rtt_ms=5.0
[2026-08-05T12:50:01] METRIC packet_loss_pct=3.7549
[2026-08-05T12:50:01] METRIC retransmission_count=20
[2026-08-05T12:50:01] METRIC throughput_gbps=0.5166
[2026-08-05T12:50:01] METRIC latency_ms=35.6875
[2026-08-05T12:50:01] RUN_END status=OK
[2026-08-05T12:53:17] RUN_START run_id=LINKSENS_PythonNDN_121
[2026-08-05T12:53:17] PARAM implementation=PythonNDN
[2026-08-05T12:53:17] METRIC link_bandwidth_gbps=10.0
[2026-08-05T12:53:17] METRIC base_rtt_ms=5.0
[2026-08-05T12:53:17] METRIC packet_loss_pct=1.6441
[2026-08-05T12:53:17] METRIC retransmission_count=4
[2026-08-05T12:53:17] METRIC throughput_gbps=0.6379
[2026-08-05T12:53:17] METRIC latency_ms=31.9137
[2026-08-05T12:53:17] RUN_END status=OK
