[2026-08-03T23:52:10] RUN_START run_id=LINKSENS_NFD_066
[2026-08-03T23:52:10] PARAM implementation=NFD
[2026-08-03T23:52:10] METRIC link_bandwidth_gbps=10.0
[2026-08-03T23:52:10] METRIC base_rtt_ms=5.0
[2026-08-03T23:52:10] METRIC packet_loss_pct=2.7893
[2026-08-03T23:52:10] METRIC retransmission_count=9
[2026-08-03T23:52:10] METRIC throughput_gbps=2.3487
[2026-08-03T23:52:10] METRIC latency_ms=19.7386
[2026-08-03T23:52:10] RUN_END status=OK
[2026-08-03T23:52:46] RUN_START run_id=LINKSENS_NFD_067
[2026-08-03T23:52:46] PARAM implementation=NFD
[2026-08-03T23:52:46] METRIC link_bandwidth_gbps=10.0
[2026-08-03T23:52:46] METRIC base_rtt_ms=5.0
[2026-08-03T23:52:46] METRIC packet_loss_pct=1.5081
[2026-08-03T23:52:46] METRIC retransmission_count=4
[2026-08-03T23:52:46] METRIC throughput_gbps=2.6121
[2026-08-03T23:52:46] METRIC latency_ms=18.4914
[2026-08-03T23:52:46] RUN_END status=OK
[2026-08-03T23:54:30] RUN_START run_id=LINKSENS_NFD_068
[2026-08-03T23:54:30] PARAM implementation=NFD
[2026-08-03T23:54:30] METRIC link_bandwidth_gbps=10.0
[2026-08-03T23:54:30] METRIC base_rtt_ms=5.0
[2026-08-03T23:54:30] METRIC packet_loss_pct=3.6006
[2026-08-03T23:54:30] METRIC retransmission_count=19
[2026-08-03T23:54:30] METRIC throughput_gbps=2.1571
[2026-08-03T23:54:30] METRIC latency_ms=23.2959
[2026-08-03T23:54:30] RUN_END status=OK
[2026-08-03T23:55:18] RUN_START run_id=LINKSENS_uDCN_119
[2026-08-03T23:55:18] PARAM implementation=uDCN
[2026-08-03T23:55:18] METRIC link_bandwidth_gbps=10.0
[2026-08-03T23:55:18] METRIC base_rtt_ms=5.0
[2026-08-03T23:55:18] METRIC packet_loss_pct=4.7055
[2026-08-03T23:55:18] METRIC retransmission_count=14
[2026-08-03T23:55:18] METRIC throughput_gbps=7.4729
[2026-08-03T23:55:18] METRIC latency_ms=13.9993
[2026-08-03T23:55:18] RUN_END status=OK
[2026-08-03T23:58:26] RUN_START run_id=LINKSENS_NFD_069
[2026-08-03T23:58:26] PARAM implementation=NFD
[2026-08-03T23:58:26] METRIC link_bandwidth_gbps=10.0
[2026-08-03T23:58:26] METRIC base_rtt_ms=5.0
[2026-08-03T23:58:26] METRIC packet_loss_pct=3.859
[2026-08-03T23:58:26] METRIC retransmission_count=15
[2026-08-03T23:58:26] METRIC throughput_gbps=2.1321
[2026-08-03T23:58:26] METRIC latency_ms=20.921
[2026-08-03T23:58:26] RUN_END status=OK
[2026-08-03T23:59:22] RUN_START run_id=LINKSENS_uDCN_120
[2026-08-03T23:59:22] PARAM implementation=uDCN
[2026-08-03T23:59:22] METRIC link_bandwidth_gbps=10.0
[2026-08-03T23:59:22] METRIC base_rtt_ms=5.0
[2026-08-03T23:59:22] METRIC packet_loss_pct=1.5346
[2026-08-03T23:59:22] METRIC retransmission_count=7
[2026-08-03T23:59:22] METRIC throughput_gbps=7.8696
[2026-08-03T23:59:22] METRIC latency_ms=12.4554
[2026-08-03T23:59:22] RUN_END status=OK
[2026-08-04T00:00:40] RUN_START run_id=LINKSENS_NFD_070
[2026-08-04T00:00:40] PARAM implementation=NFD
[2026-08-04T00:00:40] METRIC link_bandwidth_gbps=10.0
[2026-08-04T00:00:40] METRIC base_rtt_ms=5.0
[2026-08-04T00:00:40] METRIC packet_loss_pct=1.7453
[2026-08-04T00:00:40] METRIC retransmission_count=8
[2026-08-04T00:00:40] METRIC throughput_gbps=2.5048
[2026-08-04T00:00:40] METRIC latency_ms=18.0421
[2026-08-04T00:00:40] RUN_END status=OK
[2026-08-04T07:18:53] RUN_START run_id=LINKSENS_uDCN_121
[2026-08-04T07:18:53] PARAM implementation=uDCN
[2026-08-04T07:18:53] METRIC link_bandwidth_gbps=10.0
[2026-08-04T07:18:53] METRIC base_rtt_ms=5.0
[2026-08-04T07:18:53] METRIC packet_loss_pct=0.4529
[2026-08-04T07:18:53] METRIC retransmission_count=0
[2026-08-04T07:18:53] METRIC throughput_gbps=8.2404
[2026-08-04T07:18:53] METRIC latency_ms=12.2483
[2026-08-04T07:18:53] RUN_END status=OK
[2026-08-04T07:21:11] RUN_START run_id=LINKSENS_uDCN_122
[2026-08-04T07:21:11] PARAM implementation=uDCN
[2026-08-04T07:21:11] METRIC link_bandwidth_gbps=10.0
[2026-08-04T07:21:11] METRIC base_rtt_ms=5.0
[2026-08-04T07:21:11] METRIC packet_loss_pct=0.9944
[2026-08-04T07:21:11] METRIC retransmission_count=3
[2026-08-04T07:21:11] METRIC throughput_gbps=7.9613
[2026-08-04T07:21:11] METRIC latency_ms=11.7672
[2026-08-04T07:21:11] RUN_END status=OK
[2026-08-04T07:23:20] RUN_START run_id=LINKSENS_uDCN_123
[2026-08-04T07:23:20] PARAM implementation=uDCN
[2026-08-04T07:23:20] METRIC link_bandwidth_gbps=10.0
[2026-08-04T07:23:20] METRIC base_rtt_ms=5.0
[2026-08-04T07:23:20] METRIC packet_loss_pct=4.9631
[2026-08-04T07:23:20] METRIC retransmission_count=25
[2026-08-04T07:23:20] METRIC throughput_gbps=7.6825
[2026-08-04T07:23:20] METRIC latency_ms=12.9973
[2026-08-04T07:23:20] RUN_END status=OK
[2026-08-04T07:25:03] RUN_START run_id=LINKSENS_uDCN_124
[2026-08-04T07:25:03] PARAM implementation=uDCN
[2026-08-04T07:25:03] METRIC link_bandwidth_gbps=10.0
[2026-08-04T07:25:03] METRIC base_rtt_ms=5.0
[2026-08-04T07:25:03] METRIC packet_loss_pct=3.4073
[2026-08-04T07:25:03] METRIC retransmission_count=14
[2026-08-04T07:25:03] METRIC throughput_gbps=8.0641
[2026-08-04T07:25:03] METRIC latency_ms=13.5035
[2026-08-04T07:25:03] RUN_END status=OK
[2026-08-04T07:28:58] RUN_START run_id=LINKSENS_uDCN_125
[2026-08-04T07:28:58] PARAM implementation=uDCN
[2026-08-04T07:28:58] METRIC link_bandwidth_gbps=10.0
[2026-08-04T07:28:58] METRIC base_rtt_ms=5.0
[2026-08-04T07:28:58] METRIC packet_loss_pct=3.501
[2026-08-04T07:28:58] METRIC retransmission_count=6
[2026-08-04T07:28:58] METRIC throughput_gbps=7.8051
[2026-08-04T07:28:58] METRIC latency_ms=13.3265
[2026-08-04T07:28:58] RUN_END status=OK
[2026-08-04T07:31:21] RUN_START run_id=LINKSENS_uDCN_126
[2026-08-04T07:31:21] PARAM implementation=uDCN
[2026-08-04T07:31:21] METRIC link_bandwidth_gbps=10.0
[2026-08-04T07:31:21] METRIC base_rtt_ms=5.0
[2026-08-04T07:31:21] METRIC packet_loss_pct=4.8369
[2026-08-04T07:31:21] METRIC retransmission_count=11
[2026-08-04T07:31:21] METRIC throughput_gbps=7.4558
[2026-08-04T07:31:21] METRIC latency_ms=12.5344
[2026-08-04T07:31:21] RUN_END status=OK
[2026-08-04T07:35:06] RUN_START run_id=LINKSENS_uDCN_127
[2026-08-04T07:35:06] PARAM implementation=uDCN
[2026-08-04T07:35:06] METRIC link_bandwidth_gbps=10.0
[2026-08-04T07:35:06] METRIC base_rtt_ms=5.0
[2026-08-04T07:35:06] METRIC packet_loss_pct=0.756
[2026-08-04T07:35:06] METRIC retransmission_count=4
[2026-08-04T07:35:06] METRIC throughput_gbps=8.553
[2026-08-04T07:35:06] METRIC latency_ms=12.2615
[2026-08-04T07:35:06] RUN_END status=OK
[2026-08-04T07:37:14] RUN_START run_id=LINKSENS_uDCN_128
[2026-08-04T07:37:14] PARAM implementation=uDCN
[2026-08-04T07:37:14] METRIC link_bandwidth_gbps=10.0
[2026-08-04T07:37:14] METRIC base_rtt_ms=5.0
[2026-08-04T07:37:14] METRIC packet_loss_pct=1.4241
[2026-08-04T07:37:14] METRIC retransmission_count=5
[2026-08-04T07:37:14] METRIC throughput_gbps=8.3011
[2026-08-04T07:37:14] METRIC latency_ms=13.0921
[2026-08-04T07:37:14] RUN_END status=OK
[2026-08-04T07:40:41] RUN_START run_id=LINKSENS_uDCN_129
[2026-08-04T07:40:41] PARAM implementation=uDCN
[2026-08-04T07:40:41] METRIC link_bandwidth_gbps=10.0
[2026-08-04T07:40:41] METRIC base_rtt_ms=5.0
[2026-08-04T07:40:41] METRIC packet_loss_pct=3.2827
[2026-08-04T07:40:41] METRIC retransmission_count=14
[2026-08-04T07:40:41] METRIC throughput_gbps=7.8903
[2026-08-04T07:40:41] METRIC latency_ms=13.9103
[2026-08-04T07:40:41] RUN_END status=OK
[2026-08-04T07:43:53] RUN_START run_id=LINKSENS_uDCN_130
[2026-08-04T07:43:53] PARAM implementation=uDCN
[2026-08-04T07:43:53] METRIC link_bandwidth_gbps=10.0
[2026-08-04T07:43:53] METRIC base_rtt_ms=5.0
[2026-08-04T07:43:53] METRIC packet_loss_pct=3.8512
[2026-08-04T07:43:53] METRIC retransmission_count=12
[2026-08-04T07:43:53] METRIC throughput_gbps=7.4293
[2026-08-04T07:43:53] METRIC latency_ms=14.1165
[2026-08-04T07:43:53] RUN_END status=OK
[2026-08-04T07:46:09] RUN_START run_id=LINKSENS_uDCN_131
[2026-08-04T07:46:09] PARAM implementation=uDCN
[2026-08-04T07:46:09] METRIC link_bandwidth_gbps=10.0
[2026-08-04T07:46:09] METRIC base_rtt_ms=5.0
[2026-08-04T07:46:09] METRIC packet_loss_pct=4.6393
[2026-08-04T07:46:09] METRIC retransmission_count=24
[2026-08-04T07:46:09] METRIC throughput_gbps=7.8795
[2026-08-04T07:46:09] METRIC latency_ms=13.7345
[2026-08-04T07:46:09] RUN_END status=OK
