[2026-08-03T01:15:08] RUN_START run_id=LINKSENS_uDCN_042
[2026-08-03T01:15:08] PARAM implementation=uDCN
[2026-08-03T01:15:08] METRIC link_bandwidth_gbps=10.0
[2026-08-03T01:15:08] METRIC base_rtt_ms=5.0
[2026-08-03T01:15:08] METRIC packet_loss_pct=4.1964
[2026-08-03T01:15:08] METRIC retransmission_count=15
[2026-08-03T01:15:08] METRIC throughput_gbps=7.7893
[2026-08-03T01:15:08] METRIC latency_ms=12.8158
[2026-08-03T01:15:08] RUN_END status=OK
[2026-08-03T01:17:45] RUN_START run_id=LINKSENS_uDCN_043
[2026-08-03T01:17:45] PARAM implementation=uDCN
[2026-08-03T01:17:45] METRIC link_bandwidth_gbps=10.0
[2026-08-03T01:17:45] METRIC base_rtt_ms=5.0
[2026-08-03T01:17:45] METRIC packet_loss_pct=0.0453
[2026-08-03T01:17:45] METRIC retransmission_count=0
[2026-08-03T01:17:45] METRIC throughput_gbps=8.3379
[2026-08-03T01:17:45] METRIC latency_ms=12.7813
[2026-08-03T01:17:45] RUN_END status=OK
[2026-08-03T01:19:43] RUN_START run_id=LINKSENS_uDCN_044
[2026-08-03T01:19:43] PARAM implementation=uDCN
[2026-08-03T01:19:43] METRIC link_bandwidth_gbps=10.0
[2026-08-03T01:19:43] METRIC base_rtt_ms=5.0
[2026-08-03T01:19:43] METRIC packet_loss_pct=4.6913
[2026-08-03T01:19:43] METRIC retransmission_count=29
[2026-08-03T01:19:43] METRIC throughput_gbps=7.8135
[2026-08-03T01:19:43] METRIC latency_ms=14.6482
[2026-08-03T01:19:43] RUN_END status=OK
[2026-08-03T01:23:58] RUN_START run_id=LINKSENS_uDCN_045
[2026-08-03T01:23:58] PARAM implementation=uDCN
[2026-08-03T01:23:58] METRIC link_bandwidth_gbps=10.0
[2026-08-03T01:23:58] METRIC base_rtt_ms=5.0
[2026-08-03T01:23:58] METRIC packet_loss_pct=0.526
[2026-08-03T01:23:58] METRIC retransmission_count=0
[2026-08-03T01:23:58] METRIC throughput_gbps=8.5517
[2026-08-03T01:23:58] METRIC latency_ms=12.5042
[2026-08-03T01:23:58] RUN_END status=OK
[2026-08-03T01:27:11] RUN_START run_id=LINKSENS_uDCN_046
[2026-08-03T01:27:11] PARAM implementation=uDCN
[2026-08-03T01:27:11] METRIC link_bandwidth_gbps=10.0
[2026-08-03T01:27:11] METRIC base_rtt_ms=5.0
[2026-08-03T01:27:11] METRIC packet_loss_pct=3.6945
[2026-08-03T01:27:11] METRIC retransmission_count=16
[2026-08-03T01:27:11] METRIC throughput_gbps=7.4246
[2026-08-03T01:27:11] METRIC latency_ms=13.1718
[2026-08-03T01:27:11] RUN_END status=OK
[2026-08-03T01:29:32] RUN_START run_id=LINKSENS_uDCN_047
[2026-08-03T01:29:32] PARAM implementation=uDCN
[2026-08-03T01:29:32] METRIC link_bandwidth_gbps=10.0
[2026-08-03T01:29:32] METRIC base_rtt_ms=5.0
[2026-08-03T01:29:32] METRIC packet_loss_pct=1.7536
[2026-08-03T01:29:32] METRIC retransmission_count=7
[2026-08-03T01:29:32] METRIC throughput_gbps=8.1535
[2026-08-03T01:29:32] METRIC latency_ms=12.2434
[2026-08-03T01:29:32] RUN_END status=OK
[2026-08-03T01:31:33] RUN_START run_id=LINKSENS_uDCN_048
[2026-08-03T01:31:33] PARAM implementation=uDCN
[2026-08-03T01:31:33] METRIC link_bandwidth_gbps=10.0
[2026-08-03T01:31:33] METRIC base_rtt_ms=5.0
[2026-08-03T01:31:33] METRIC packet_loss_pct=3.1808
[2026-08-03T01:31:33] METRIC retransmission_count=5
[2026-08-03T01:31:33] METRIC throughput_gbps=8.2344
[2026-08-03T01:31:33] METRIC latency_ms=13.5046
[2026-08-03T01:31:33] RUN_END status=OK
[2026-08-03T01:36:10] RUN_START run_id=LINKSENS_uDCN_049
[2026-08-03T01:36:10] PARAM implementation=uDCN
[2026-08-03T01:36:10] METRIC link_bandwidth_gbps=10.0
[2026-08-03T01:36:10] METRIC base_rtt_ms=5.0
[2026-08-03T01:36:10] METRIC packet_loss_pct=0.3985
[2026-08-03T01:36:10] METRIC retransmission_count=0
[2026-08-03T01:36:10] METRIC throughput_gbps=8.0825
[2026-08-03T01:36:10] METRIC latency_ms=12.4597
[2026-08-03T01:36:10] RUN_END status=OK
[2026-08-03T01:37:49] RUN_START run_id=LINKSENS_uDCN_050
[2026-08-03T01:37:49] PARAM implementation=uDCN
[2026-08-03T01:37:49] METRIC link_bandwidth_gbps=10.0
[2026-08-03T01:37:49] METRIC base_rtt_ms=5.0
[2026-08-03T01:37:49] METRIC packet_loss_pct=2.8002
[2026-08-03T01:37:49] METRIC retransmission_count=9
[2026-08-03T01:37:49] METRIC throughput_gbps=7.5873
[2026-08-03T01:37:49] METRIC latency_ms=13.205
[2026-08-03T01:37:49] RUN_END status=OK
[2026-08-03T01:42:48] RUN_START run_id=LINKSENS_uDCN_051
[2026-08-03T01:42:48] PARAM implementation=uDCN
[2026-08-03T01:42:48] METRIC link_bandwidth_gbps=10.0
[2026-08-03T01:42:48] METRIC base_rtt_ms=5.0
[2026-08-03T01:42:48] METRIC packet_loss_pct=4.4292
[2026-08-03T01:42:48] METRIC retransmission_count=19
[2026-08-03T01:42:48] METRIC throughput_gbps=7.229
[2026-08-03T01:42:48] METRIC latency_ms=14.0047
[2026-08-03T01:42:48] RUN_END status=OK
[2026-08-03T01:43:55] RUN_START run_id=LINKSENS_uDCN_052
[2026-08-03T01:43:55] PARAM implementation=uDCN
[2026-08-03T01:43:55] METRIC link_bandwidth_gbps=10.0
[2026-08-03T01:43:55] METRIC base_rtt_ms=5.0
[2026-08-03T01:43:55] METRIC packet_loss_pct=3.3704
[2026-08-03T01:43:55] METRIC retransmission_count=8
[2026-08-03T01:43:55] METRIC throughput_gbps=8.0307
[2026-08-03T01:43:55] METRIC latency_ms=12.5761
[2026-08-03T01:43:55] RUN_END status=OK
[2026-08-03T01:46:15] RUN_START run_id=LINKSENS_uDCN_053
[2026-08-03T01:46:15] PARAM implementation=uDCN
[2026-08-03T01:46:15] METRIC link_bandwidth_gbps=10.0
[2026-08-03T01:46:15] METRIC base_rtt_ms=5.0
[2026-08-03T01:46:15] METRIC packet_loss_pct=4.0055
[2026-08-03T01:46:15] METRIC retransmission_count=17
[2026-08-03T01:46:15] METRIC throughput_gbps=7.5792
[2026-08-03T01:46:15] METRIC latency_ms=13.3067
[2026-08-03T01:46:15] RUN_END status=OK
[2026-08-03T01:47:52] RUN_START run_id=LINKSENS_uDCN_054
[2026-08-03T01:47:52] PARAM implementation=uDCN
[2026-08-03T01:47:52] METRIC link_bandwidth_gbps=10.0
[2026-08-03T01:47:52] METRIC base_rtt_ms=5.0
[2026-08-03T01:47:52] METRIC packet_loss_pct=2.508
[2026-08-03T01:47:52] METRIC retransmission_count=10
[2026-08-03T01:47:52] METRIC throughput_gbps=8.0494
[2026-08-03T01:47:52] METRIC latency_ms=13.2509
[2026-08-03T01:47:52] RUN_END status=OK
[2026-08-03T01:53:29] RUN_START run_id=LINKSENS_uDCN_055
[2026-08-03T01:53:29] PARAM implementation=uDCN
[2026-08-03T01:53:29] METRIC link_bandwidth_gbps=10.0
[2026-08-03T01:53:29] METRIC base_rtt_ms=5.0
[2026-08-03T01:53:29] METRIC packet_loss_pct=1.3062
[2026-08-03T01:53:29] METRIC retransmission_count=7
[2026-08-03T01:53:29] METRIC throughput_gbps=8.4661
[2026-08-03T01:53:29] METRIC latency_ms=13.2188
[2026-08-03T01:53:29] RUN_END status=OK
[2026-08-03T01:54:59] RUN_START run_id=LINKSENS_PythonNDN_036
[2026-08-03T01:54:59] PARAM implementation=PythonNDN
[2026-08-03T01:54:59] METRIC link_bandwidth_gbps=10.0
[2026-08-03T01:54:59] METRIC base_rtt_ms=5.0
[2026-08-03T01:54:59] METRIC packet_loss_pct=0.7111
[2026-08-03T01:54:59] METRIC retransmission_count=2
[2026-08-03T01:54:59] METRIC throughput_gbps=0.6336
[2026-08-03T01:54:59] METRIC latency_ms=28.3114
[2026-08-03T01:54:59] RUN_END status=OK
