[2026-08-08T17:57:24] RUN_START run_id=LINKSENS_CCNlite_095
[2026-08-08T17:57:24] PARAM implementation=CCNlite
[2026-08-08T17:57:24] METRIC link_bandwidth_gbps=10.0
[2026-08-08T17:57:24] METRIC base_rtt_ms=5.0
[2026-08-08T17:57:24] METRIC packet_loss_pct=3.9256
[2026-08-08T17:57:24] METRIC retransmission_count=24
[2026-08-08T17:57:24] METRIC throughput_gbps=1.663
[2026-08-08T17:57:24] METRIC latency_ms=21.5347
[2026-08-08T17:57:24] RUN_END status=OK
[2026-08-08T18:00:02] RUN_START run_id=LINKSENS_CCNlite_096
[2026-08-08T18:00:02] PARAM implementation=CCNlite
[2026-08-08T18:00:02] METRIC link_bandwidth_gbps=10.0
[2026-08-08T18:00:02] METRIC base_rtt_ms=5.0
[2026-08-08T18:00:02] METRIC packet_loss_pct=3.8535
[2026-08-08T18:00:02] METRIC retransmission_count=14
[2026-08-08T18:00:02] METRIC throughput_gbps=1.8943
[2026-08-08T18:00:02] METRIC latency_ms=22.5427
[2026-08-08T18:00:02] RUN_END status=OK
[2026-08-08T18:03:14] RUN_START run_id=LINKSENS_CCNlite_097
[2026-08-08T18:03:14] PARAM implementation=CCNlite
[2026-08-08T18:03:14] METRIC link_bandwidth_gbps=10.0
[2026-08-08T18:03:14] METRIC base_rtt_ms=5.0
[2026-08-08T18:03:14] METRIC packet_loss_pct=1.2047
[2026-08-08T18:03:14] METRIC retransmission_count=5
[2026-08-08T18:03:14] METRIC throughput_gbps=2.0606
[2026-08-08T18:03:14] METRIC latency_ms=18.8339
[2026-08-08T18:03:14] RUN_END status=OK
[2026-08-08T18:04:14] RUN_START run_id=LINKSENS_CCNlite_098
[2026-08-08T18:04:14] PARAM implementation=CCNlite
[2026-08-08T18:04:14] METRIC link_bandwidth_gbps=10.0
[2026-08-08T18:04:14] METRIC base_rtt_ms=5.0
[2026-08-08T18:04:14] METRIC packet_loss_pct=4.9276
[2026-08-08T18:04:14] METRIC retransmission_count=24
[2026-08-08T18:04:14] METRIC throughput_gbps=1.619
[2026-08-08T18:04:14] METRIC latency_ms=23.4789
[2026-08-08T18:04:14] RUN_END status=OK
[2026-08-08T18:07:50] RUN_START run_id=LINKSENS_CCNlite_099
[2026-08-08T18:07:50] PARAM implementation=CCNlite
[2026-08-08T18:07:50] METRIC link_bandwidth_gbps=10.0
[2026-08-08T18:07:50] METRIC base_rtt_ms=5.0
[2026-08-08T18:07:50] METRIC packet_loss_pct=3.1103
[2026-08-08T18:07:50] METRIC retransmission_count=14
[2026-08-08T18:07:50] METRIC throughput_gbps=1.8723
[2026-08-08T18:07:50] METRIC latency_ms=20.5272
[2026-08-08T18:07:50] RUN_END status=OK
[2026-08-08T18:09:49] RUN_START run_id=LINKSENS_CCNlite_100
[2026-08-08T18:09:49] PARAM implementation=CCNlite
[2026-08-08T18:09:49] METRIC link_bandwidth_gbps=10.0
[2026-08-08T18:09:49] METRIC base_rtt_ms=5.0
[2026-08-08T18:09:49] METRIC packet_loss_pct=1.6733
[2026-08-08T18:09:49] METRIC retransmission_count=8
[2026-08-08T18:09:49] METRIC throughput_gbps=2.0462
[2026-08-08T18:09:49] METRIC latency_ms=19.4022
[2026-08-08T18:09:49] RUN_END status=OK
[2026-08-08T18:10:24] RUN_START run_id=LINKSENS_CCNlite_101
[2026-08-08T18:10:24] PARAM implementation=CCNlite
[2026-08-08T18:10:24] METRIC link_bandwidth_gbps=10.0
[2026-08-08T18:10:24] METRIC base_rtt_ms=5.0
[2026-08-08T18:10:24] METRIC packet_loss_pct=2.5331
[2026-08-08T18:10:24] METRIC retransmission_count=11
[2026-08-08T18:10:24] METRIC throughput_gbps=1.9211
[2026-08-08T18:10:24] METRIC latency_ms=20.3802
[2026-08-08T18:10:24] RUN_END status=OK
[2026-08-08T18:13:42] RUN_START run_id=LINKSENS_CCNlite_102
[2026-08-08T18:13:42] PARAM implementation=CCNlite
[2026-08-08T18:13:42] METRIC link_bandwidth_gbps=10.0
[2026-08-08T18:13:42] METRIC base_rtt_ms=5.0
[2026-08-08T18:13:42] METRIC packet_loss_pct=2.1101
[2026-08-08T18:13:42] METRIC retransmission_count=10
[2026-08-08T18:13:42] METRIC throughput_gbps=2.0086
[2026-08-08T18:13:42] METRIC latency_ms=21.3135
[2026-08-08T18:13:42] RUN_END status=OK
[2026-08-08T18:16:48] RUN_START run_id=LINKSENS_CCNlite_103
[2026-08-08T18:16:48] PARAM implementation=CCNlite
[2026-08-08T18:16:48] METRIC link_bandwidth_gbps=10.0
[2026-08-08T18:16:48] METRIC base_rtt_ms=5.0
[2026-08-08T18:16:48] METRIC packet_loss_pct=2.7546
[2026-08-08T18:16:48] METRIC retransmission_count=9
[2026-08-08T18:16:48] METRIC throughput_gbps=1.9884
[2026-08-08T18:16:48] METRIC latency_ms=21.019
[2026-08-08T18:16:48] RUN_END status=OK
[2026-08-08T18:19:07] RUN_START run_id=LINKSENS_CCNlite_104
[2026-08-08T18:19:07] PARAM implementation=CCNlite
[2026-08-08T18:19:07] METRIC link_bandwidth_gbps=10.0
[2026-08-08T18:19:07] METRIC base_rtt_ms=5.0
[2026-08-08T18:19:07] METRIC packet_loss_pct=3.9153
[2026-08-08T18:19:07] METRIC retransmission_count=18
[2026-08-08T18:19:07] METRIC throughput_gbps=1.7574
[2026-08-08T18:19:07] METRIC latency_ms=20.8096
[2026-08-08T18:19:07] RUN_END status=OK
[2026-08-08T19:08:17] RUN_START run_id=LINKSENS_NFD_141
[2026-08-08T19:08:17] PARAM implementation=NFD
[2026-08-08T19:08:17] METRIC link_bandwidth_gbps=10.0
[2026-08-08T19:08:17] METRIC base_rtt_ms=5.0
[2026-08-08T19:08:17] METRIC packet_loss_pct=0.2962
[2026-08-08T19:08:17] METRIC retransmission_count=1
[2026-08-08T19:08:17] METRIC throughput_gbps=2.5944
[2026-08-08T19:08:17] METRIC latency_ms=18.3623
[2026-08-08T19:08:17] RUN_END status=OK
[2026-08-08T19:10:08] RUN_START run_id=LINKSENS_NFD_142
[2026-08-08T19:10:08] PARAM implementation=NFD
[2026-08-08T19:10:08] METRIC link_bandwidth_gbps=10.0
[2026-08-08T19:10:08] METRIC base_rtt_ms=5.0
[2026-08-08T19:10:08] METRIC packet_loss_pct=1.4241
[2026-08-08T19:10:08] METRIC retransmission_count=4
[2026-08-08T19:10:08] METRIC throughput_gbps=2.6059
[2026-08-08T19:10:08] METRIC latency_ms=17.9902
[2026-08-08T19:10:08] RUN_END status=OK
[2026-08-08T19:12:56] RUN_START run_id=LINKSENS_NFD_143
[2026-08-08T19:12:56] PARAM implementation=NFD
[2026-08-08T19:12:56] METRIC link_bandwidth_gbps=10.0
[2026-08-08T19:12:56] METRIC base_rtt_ms=5.0
[2026-08-08T19:12:56] METRIC packet_loss_pct=0.4069
[2026-08-08T19:12:56] METRIC retransmission_count=1
[2026-08-08T19:12:56] METRIC throughput_gbps=2.7245
[2026-08-08T19:12:56] METRIC latency_ms=16.1113
[2026-08-08T19:12:56] RUN_END status=OK
[2026-08-08T19:14:24] RUN_START run_id=LINKSENS_NFD_144
[2026-08-08T19:14:24] PARAM implementation=NFD
[2026-08-08T19:14:24] METRIC link_bandwidth_gbps=10.0
[2026-08-08T19:14:24] METRIC base_rtt_ms=5.0
[2026-08-08T19:14:24] METRIC packet_loss_pct=0.2576
[2026-08-08T19:14:24] METRIC retransmission_count=1
[2026-08-08T19:14:24] METRIC throughput_gbps=2.7594
[2026-08-08T19:14:24] METRIC latency_ms=17.5666
[2026-08-08T19:14:24] RUN_END status=OK
[2026-08-08T19:19:04] RUN_START run_id=LINKSENS_NFD_145
[2026-08-08T19:19:04] PARAM implementation=NFD
[2026-08-08T19:19:04] METRIC link_bandwidth_gbps=10.0
[2026-08-08T19:19:04] METRIC base_rtt_ms=5.0
[2026-08-08T19:19:04] METRIC packet_loss_pct=2.3235
[2026-08-08T19:19:04] METRIC retransmission_count=9
[2026-08-08T19:19:04] METRIC throughput_gbps=2.5115
[2026-08-08T19:19:04] METRIC latency_ms=19.2022
[2026-08-08T19:19:04] RUN_END status=OK
[2026-08-08T19:21:36] RUN_START run_id=LINKSENS_NFD_146
[2026-08-08T19:21:36] PARAM implementation=NFD
[2026-08-08T19:21:36] METRIC link_bandwidth_gbps=10.0
[2026-08-08T19:21:36] METRIC base_rtt_ms=5.0
[2026-08-08T19:21:36] METRIC packet_loss_pct=3.729
[2026-08-08T19:21:36] METRIC retransmission_count=13
[2026-08-08T19:21:36] METRIC throughput_gbps=2.2156
[2026-08-08T19:21:36] METRIC latency_ms=22.3923
[2026-08-08T19:21:36] RUN_END status=OK
[2026-08-08T19:23:08] RUN_START run_id=LINKSENS_NFD_147
[2026-08-08T19:23:08] PARAM implementation=NFD
[2026-08-08T19:23:08] METRIC link_bandwidth_gbps=10.0
[2026-08-08T19:23:08] METRIC base_rtt_ms=5.0
[2026-08-08T19:23:08] METRIC packet_loss_pct=4.4463
[2026-08-08T19:23:08] METRIC retransmission_count=12
[2026-08-08T19:23:08] METRIC throughput_gbps=1.9563
[2026-08-08T19:23:08] METRIC latency_ms=22.2701
[2026-08-08T19:23:08] RUN_END status=OK
[2026-08-08T19:24:11] RUN_START run_id=LINKSENS_NFD_148
[2026-08-08T19:24:11] PARAM implementation=NFD
[2026-08-08T19:24:11] METRIC link_bandwidth_gbps=10.0
[2026-08-08T19:24:11] METRIC base_rtt_ms=5.0
[2026-08-08T19:24:11] METRIC packet_loss_pct=4.768
[2026-08-08T19:24:11] METRIC retransmission_count=23
[2026-08-08T19:24:11] METRIC throughput_gbps=1.8836
[2026-08-08T19:24:11] METRIC latency_ms=25.1193
[2026-08-08T19:24:11] RUN_END status=OK
