[2026-08-06T21:28:51] RUN_START run_id=LINKSENS_NFD_114
[2026-08-06T21:28:51] PARAM implementation=NFD
[2026-08-06T21:28:51] METRIC link_bandwidth_gbps=10.0
[2026-08-06T21:28:51] METRIC base_rtt_ms=5.0
[2026-08-06T21:28:51] METRIC packet_loss_pct=4.6915
[2026-08-06T21:28:51] METRIC retransmission_count=16
[2026-08-06T21:28:51] METRIC throughput_gbps=1.968
[2026-08-06T21:28:51] METRIC latency_ms=21.9797
[2026-08-06T21:28:51] RUN_END status=OK
[2026-08-06T21:31:42] RUN_START run_id=LINKSENS_NFD_115
[2026-08-06T21:31:42] PARAM implementation=NFD
[2026-08-06T21:31:42] METRIC link_bandwidth_gbps=10.0
[2026-08-06T21:31:42] METRIC base_rtt_ms=5.0
[2026-08-06T21:31:42] METRIC packet_loss_pct=0.422
[2026-08-06T21:31:42] METRIC retransmission_count=3
[2026-08-06T21:31:42] METRIC throughput_gbps=2.8025
[2026-08-06T21:31:42] METRIC latency_ms=16.6571
[2026-08-06T21:31:42] RUN_END status=OK
[2026-08-06T21:32:23] RUN_START run_id=LINKSENS_NFD_116
[2026-08-06T21:32:23] PARAM implementation=NFD
[2026-08-06T21:32:23] METRIC link_bandwidth_gbps=10.0
[2026-08-06T21:32:23] METRIC base_rtt_ms=5.0
[2026-08-06T21:32:23] METRIC packet_loss_pct=4.5424
[2026-08-06T21:32:23] METRIC retransmission_count=23
[2026-08-06T21:32:23] METRIC throughput_gbps=1.9628
[2026-08-06T21:32:23] METRIC latency_ms=23.9688
[2026-08-06T21:32:23] RUN_END status=OK
[2026-08-06T21:34:53] RUN_START run_id=LINKSENS_NFD_117
[2026-08-06T21:34:53] PARAM implementation=NFD
[2026-08-06T21:34:53] METRIC link_bandwidth_gbps=10.0
[2026-08-06T21:34:53] METRIC base_rtt_ms=5.0
[2026-08-06T21:34:53] METRIC packet_loss_pct=4.1975
[2026-08-06T21:34:53] METRIC retransmission_count=21
[2026-08-06T21:34:53] METRIC throughput_gbps=2.045
[2026-08-06T21:34:53] METRIC latency_ms=22.1611
[2026-08-06T21:34:53] RUN_END status=OK
[2026-08-06T21:38:06] RUN_START run_id=LINKSENS_NFD_118
[2026-08-06T21:38:06] PARAM implementation=NFD
[2026-08-06T21:38:06] METRIC link_bandwidth_gbps=10.0
[2026-08-06T21:38:06] METRIC base_rtt_ms=5.0
[2026-08-06T21:38:06] METRIC packet_loss_pct=3.5572
[2026-08-06T21:38:06] METRIC retransmission_count=16
[2026-08-06T21:38:06] METRIC throughput_gbps=2.2148
[2026-08-06T21:38:06] METRIC latency_ms=23.0241
[2026-08-06T21:38:06] RUN_END status=OK
[2026-08-06T21:39:02] RUN_START run_id=LINKSENS_NFD_119
[2026-08-06T21:39:02] PARAM implementation=NFD
[2026-08-06T21:39:02] METRIC link_bandwidth_gbps=10.0
[2026-08-06T21:39:02] METRIC base_rtt_ms=5.0
[2026-08-06T21:39:02] METRIC packet_loss_pct=0.1956
[2026-08-06T21:39:02] METRIC retransmission_count=2
[2026-08-06T21:39:02] METRIC throughput_gbps=2.7338
[2026-08-06T21:39:02] METRIC latency_ms=16.3089
[2026-08-06T21:39:02] RUN_END status=OK
[2026-08-06T21:40:58] RUN_START run_id=LINKSENS_NFD_120
[2026-08-06T21:40:58] PARAM implementation=NFD
[2026-08-06T21:40:58] METRIC link_bandwidth_gbps=10.0
[2026-08-06T21:40:58] METRIC base_rtt_ms=5.0
[2026-08-06T21:40:58] METRIC packet_loss_pct=1.0074
[2026-08-06T21:40:58] METRIC retransmission_count=6
[2026-08-06T21:40:58] METRIC throughput_gbps=2.6273
[2026-08-06T21:40:58] METRIC latency_ms=18.0486
[2026-08-06T21:40:58] RUN_END status=OK
[2026-08-06T21:42:34] RUN_START run_id=LINKSENS_NFD_121
[2026-08-06T21:42:34] PARAM implementation=NFD
[2026-08-06T21:42:34] METRIC link_bandwidth_gbps=10.0
[2026-08-06T21:42:34] METRIC base_rtt_ms=5.0
[2026-08-06T21:42:34] METRIC packet_loss_pct=3.5503
[2026-08-06T21:42:34] METRIC retransmission_count=12
[2026-08-06T21:42:34] METRIC throughput_gbps=2.143
[2026-08-06T21:42:34] METRIC latency_ms=22.3368
[2026-08-06T21:42:34] RUN_END status=OK
[2026-08-06T21:45:09] RUN_START run_id=LINKSENS_NFD_122
[2026-08-06T21:45:09] PARAM implementation=NFD
[2026-08-06T21:45:09] METRIC link_bandwidth_gbps=10.0
[2026-08-06T21:45:09] METRIC base_rtt_ms=5.0
[2026-08-06T21:45:09] METRIC packet_loss_pct=3.6835
[2026-08-06T21:45:09] METRIC retransmission_count=15
[2026-08-06T21:45:09] METRIC throughput_gbps=2.0554
[2026-08-06T21:45:09] METRIC latency_ms=21.8977
[2026-08-06T21:45:09] RUN_END status=OK
[2026-08-06T21:46:59] RUN_START run_id=LINKSENS_NFD_123
[2026-08-06T21:46:59] PARAM implementation=NFD
[2026-08-06T21:46:59] METRIC link_bandwidth_gbps=10.0
[2026-08-06T21:46:59] METRIC base_rtt_ms=5.0
[2026-08-06T21:46:59] METRIC packet_loss_pct=3.4377
[2026-08-06T21:46:59] METRIC retransmission_count=15
[2026-08-06T21:46:59] METRIC throughput_gbps=2.2109
[2026-08-06T21:46:59] METRIC latency_ms=21.4805
[2026-08-06T21:46:59] RUN_END status=OK
[2026-08-06T23:36:08] RUN_START run_id=LINKSENS_CCNlite_033
[2026-08-06T23:36:08] PARAM implementation=CCNlite
[2026-08-06T23:36:08] METRIC link_bandwidth_gbps=10.0
[2026-08-06T23:36:08] METRIC base_rtt_ms=5.0
[2026-08-06T23:36:08] METRIC packet_loss_pct=2.6037
[2026-08-06T23:36:08] METRIC retransmission_count=11
[2026-08-06T23:36:08] METRIC throughput_gbps=1.9806
[2026-08-06T23:36:08] METRIC latency_ms=20.2162
[2026-08-06T23:36:08] RUN_END status=OK
[2026-08-06T23:36:50] RUN_START run_id=LINKSENS_CCNlite_034
[2026-08-06T23:36:50] PARAM implementation=CCNlite
[2026-08-06T23:36:50] METRIC link_bandwidth_gbps=10.0
[2026-08-06T23:36:50] METRIC base_rtt_ms=5.0
[2026-08-06T23:36:50] METRIC packet_loss_pct=1.959
[2026-08-06T23:36:50] METRIC retransmission_count=8
[2026-08-06T23:36:50] METRIC throughput_gbps=1.9841
[2026-08-06T23:36:50] METRIC latency_ms=18.7312
[2026-08-06T23:36:50] RUN_END status=OK
[2026-08-06T23:38:25] RUN_START run_id=LINKSENS_CCNlite_035
[2026-08-06T23:38:25] PARAM implementation=CCNlite
[2026-08-06T23:38:25] METRIC link_bandwidth_gbps=10.0
[2026-08-06T23:38:25] METRIC base_rtt_ms=5.0
[2026-08-06T23:38:25] METRIC packet_loss_pct=1.8788
[2026-08-06T23:38:25] METRIC retransmission_count=10
[2026-08-06T23:38:25] METRIC throughput_gbps=2.0391
[2026-08-06T23:38:25] METRIC latency_ms=19.6559
[2026-08-06T23:38:25] RUN_END status=OK
[2026-08-06T23:39:33] RUN_START run_id=LINKSENS_CCNlite_036
[2026-08-06T23:39:33] PARAM implementation=CCNlite
[2026-08-06T23:39:33] METRIC link_bandwidth_gbps=10.0
[2026-08-06T23:39:33] METRIC base_rtt_ms=5.0
[2026-08-06T23:39:33] METRIC packet_loss_pct=4.3664
[2026-08-06T23:39:33] METRIC retransmission_count=17
[2026-08-06T23:39:33] METRIC throughput_gbps=1.6432
[2026-08-06T23:39:33] METRIC latency_ms=22.9962
[2026-08-06T23:39:33] RUN_END status=OK
[2026-08-06T23:41:15] RUN_START run_id=LINKSENS_CCNlite_037
[2026-08-06T23:41:15] PARAM implementation=CCNlite
[2026-08-06T23:41:15] METRIC link_bandwidth_gbps=10.0
[2026-08-06T23:41:15] METRIC base_rtt_ms=5.0
[2026-08-06T23:41:15] METRIC packet_loss_pct=2.0011
[2026-08-06T23:41:15] METRIC retransmission_count=7
[2026-08-06T23:41:15] METRIC throughput_gbps=1.9998
[2026-08-06T23:41:15] METRIC latency_ms=20.605
[2026-08-06T23:41:15] RUN_END status=OK
[2026-08-06T23:42:59] RUN_START run_id=LINKSENS_CCNlite_038
[2026-08-06T23:42:59] PARAM implementation=CCNlite
[2026-08-06T23:42:59] METRIC link_bandwidth_gbps=10.0
[2026-08-06T23:42:59] METRIC base_rtt_ms=5.0
[2026-08-06T23:42:59] METRIC packet_loss_pct=0.8107
[2026-08-06T23:42:59] METRIC retransmission_count=3
[2026-08-06T23:42:59] METRIC throughput_gbps=2.0108
[2026-08-06T23:42:59] METRIC latency_ms=17.8858
[2026-08-06T23:42:59] RUN_END status=OK
[2026-08-06T23:44:53] RUN_START run_id=LINKSENS_CCNlite_039
[2026-08-06T23:44:53] PARAM implementation=CCNlite
[2026-08-06T23:44:53] METRIC link_bandwidth_gbps=10.0
[2026-08-06T23:44:53] METRIC base_rtt_ms=5.0
[2026-08-06T23:44:53] METRIC packet_loss_pct=1.9694
[2026-08-06T23:44:53] METRIC retransmission_count=8
[2026-08-06T23:44:53] METRIC throughput_gbps=1.9927
[2026-08-06T23:44:53] METRIC latency_ms=19.1839
[2026-08-06T23:44:53] RUN_END status=OK
[2026-08-06T23:48:19] RUN_START run_id=LINKSENS_CCNlite_040
[2026-08-06T23:48:19] PARAM implementation=CCNlite
[2026-08-06T23:48:19] METRIC link_bandwidth_gbps=10.0
[2026-08-06T23:48:19] METRIC base_rtt_ms=5.0
[2026-08-06T23:48:19] METRIC packet_loss_pct=0.3057
[2026-08-06T23:48:19] METRIC retransmission_count=1
[2026-08-06T23:48:19] METRIC throughput_gbps=2.1723
[2026-08-06T23:48:19] METRIC latency_ms=18.2164
[2026-08-06T23:48:19] RUN_END status=OK
[2026-08-06T23:51:09] RUN_START run_id=LINKSENS_CCNlite_041
[2026-08-06T23:51:09] PARAM implementation=CCNlite
[2026-08-06T23:51:09] METRIC link_bandwidth_gbps=10.0
[2026-08-06T23:51:09] METRIC base_rtt_ms=5.0
[2026-08-06T23:51:09] METRIC packet_loss_pct=2.8076
[2026-08-06T23:51:09] METRIC retransmission_count=11
[2026-08-06T23:51:09] METRIC throughput_gbps=1.8736
[2026-08-06T23:51:09] METRIC latency_ms=20.3899
[2026-08-06T23:51:09] RUN_END status=OK
