[2026-07-04T11:00:00] RUN_START run_id=MTU_low_lat_high_loss_001
[2026-07-04T11:00:00] PARAM condition=low_lat_high_loss
[2026-07-04T11:00:00] METRIC feat_packet_loss_rate_pct=4.5518
[2026-07-04T11:00:00] METRIC feat_throughput_mbps=183.28
[2026-07-04T11:00:00] METRIC feat_rtt_ms=8.604
[2026-07-04T11:00:00] METRIC feat_jitter_ms=0.336
[2026-07-04T11:00:00] METRIC feat_bw_utilization_pct=75.18
[2026-07-04T11:00:00] METRIC feat_cache_hit_ratio=0.8015
[2026-07-04T11:00:00] METRIC feat_avg_object_size_kb=822.697
[2026-07-04T11:00:00] METRIC feat_retransmission_count=25
[2026-07-04T11:00:00] METRIC true_optimal_mtu_bytes=5320
[2026-07-04T11:00:00] METRIC mlp_predicted_mtu_bytes=5069
[2026-07-04T11:00:00] METRIC mlp_confidence=0.7477
[2026-07-04T11:00:00] METRIC abs_error_bytes=251
[2026-07-04T11:00:00] METRIC update_applied=False
[2026-07-04T11:00:00] RUN_END status=OK
[2026-07-04T11:01:20] RUN_START run_id=MTU_low_lat_high_loss_002
[2026-07-04T11:01:20] PARAM condition=low_lat_high_loss
[2026-07-04T11:01:20] METRIC feat_packet_loss_rate_pct=3.9841
[2026-07-04T11:01:20] METRIC feat_throughput_mbps=8865.76
[2026-07-04T11:01:20] METRIC feat_rtt_ms=6.886
[2026-07-04T11:01:20] METRIC feat_jitter_ms=0.887
[2026-07-04T11:01:20] METRIC feat_bw_utilization_pct=75.42
[2026-07-04T11:01:20] METRIC feat_cache_hit_ratio=0.7538
[2026-07-04T11:01:20] METRIC feat_avg_object_size_kb=620.984
[2026-07-04T11:01:20] METRIC feat_retransmission_count=21
[2026-07-04T11:01:20] METRIC true_optimal_mtu_bytes=5600
[2026-07-04T11:01:20] METRIC mlp_predicted_mtu_bytes=5573
[2026-07-04T11:01:20] METRIC mlp_confidence=0.9416
[2026-07-04T11:01:20] METRIC abs_error_bytes=27
[2026-07-04T11:01:20] METRIC update_applied=True
[2026-07-04T11:01:20] RUN_END status=OK
[2026-07-04T11:04:28] RUN_START run_id=MTU_low_lat_high_loss_003
[2026-07-04T11:04:28] PARAM condition=low_lat_high_loss
[2026-07-04T11:04:28] METRIC feat_packet_loss_rate_pct=3.6377
[2026-07-04T11:04:28] METRIC feat_throughput_mbps=810.68
[2026-07-04T11:04:28] METRIC feat_rtt_ms=3.792
[2026-07-04T11:04:28] METRIC feat_jitter_ms=1.244
[2026-07-04T11:04:28] METRIC feat_bw_utilization_pct=40.97
[2026-07-04T11:04:28] METRIC feat_cache_hit_ratio=0.8925
[2026-07-04T11:04:28] METRIC feat_avg_object_size_kb=4.462
[2026-07-04T11:04:28] METRIC feat_retransmission_count=24
[2026-07-04T11:04:28] METRIC true_optimal_mtu_bytes=1288
[2026-07-04T11:04:28] METRIC mlp_predicted_mtu_bytes=1459
[2026-07-04T11:04:28] METRIC mlp_confidence=0.8136
[2026-07-04T11:04:28] METRIC abs_error_bytes=171
[2026-07-04T11:04:28] METRIC update_applied=True
[2026-07-04T11:04:28] RUN_END status=OK
[2026-07-04T11:06:46] RUN_START run_id=MTU_low_lat_high_loss_004
[2026-07-04T11:06:46] PARAM condition=low_lat_high_loss
[2026-07-04T11:06:46] METRIC feat_packet_loss_rate_pct=4.2731
[2026-07-04T11:06:46] METRIC feat_throughput_mbps=5073.05
[2026-07-04T11:06:46] METRIC feat_rtt_ms=1.617
[2026-07-04T11:06:46] METRIC feat_jitter_ms=0.617
[2026-07-04T11:06:46] METRIC feat_bw_utilization_pct=83.27
[2026-07-04T11:06:46] METRIC feat_cache_hit_ratio=0.7785
[2026-07-04T11:06:46] METRIC feat_avg_object_size_kb=0.203
[2026-07-04T11:06:46] METRIC feat_retransmission_count=31
[2026-07-04T11:06:46] METRIC true_optimal_mtu_bytes=1000
[2026-07-04T11:06:46] METRIC mlp_predicted_mtu_bytes=1137
[2026-07-04T11:06:46] METRIC mlp_confidence=0.8978
[2026-07-04T11:06:46] METRIC abs_error_bytes=137
[2026-07-04T11:06:46] METRIC update_applied=True
[2026-07-04T11:06:46] RUN_END status=OK
[2026-07-04T11:08:57] RUN_START run_id=MTU_low_lat_high_loss_005
[2026-07-04T11:08:57] PARAM condition=low_lat_high_loss
[2026-07-04T11:08:57] METRIC feat_packet_loss_rate_pct=3.3449
[2026-07-04T11:08:57] METRIC feat_throughput_mbps=8858.17
[2026-07-04T11:08:57] METRIC feat_rtt_ms=6.647
[2026-07-04T11:08:57] METRIC feat_jitter_ms=1.165
[2026-07-04T11:08:57] METRIC feat_bw_utilization_pct=44.53
[2026-07-04T11:08:57] METRIC feat_cache_hit_ratio=0.7269
[2026-07-04T11:08:57] METRIC feat_avg_object_size_kb=4340.284
[2026-07-04T11:08:57] METRIC feat_retransmission_count=22
[2026-07-04T11:08:57] METRIC true_optimal_mtu_bytes=6120
[2026-07-04T11:08:57] METRIC mlp_predicted_mtu_bytes=6013
[2026-07-04T11:08:57] METRIC mlp_confidence=0.9071
[2026-07-04T11:08:57] METRIC abs_error_bytes=107
[2026-07-04T11:08:57] METRIC update_applied=True
[2026-07-04T11:08:57] RUN_END status=OK
[2026-07-04T11:12:59] RUN_START run_id=MTU_low_lat_high_loss_006
[2026-07-04T11:12:59] PARAM condition=low_lat_high_loss
[2026-07-04T11:12:59] METRIC feat_packet_loss_rate_pct=4.9055
[2026-07-04T11:12:59] METRIC feat_throughput_mbps=4568.82
[2026-07-04T11:12:59] METRIC feat_rtt_ms=5.22
[2026-07-04T11:12:59] METRIC feat_jitter_ms=1.61
[2026-07-04T11:12:59] METRIC feat_bw_utilization_pct=13.2
[2026-07-04T11:12:59] METRIC feat_cache_hit_ratio=0.7669
[2026-07-04T11:12:59] METRIC feat_avg_object_size_kb=2.131
[2026-07-04T11:12:59] METRIC feat_retransmission_count=30
[2026-07-04T11:12:59] METRIC true_optimal_mtu_bytes=1000
[2026-07-04T11:12:59] METRIC mlp_predicted_mtu_bytes=1114
[2026-07-04T11:12:59] METRIC mlp_confidence=0.884
[2026-07-04T11:12:59] METRIC abs_error_bytes=114
[2026-07-04T11:12:59] METRIC update_applied=True
[2026-07-04T11:12:59] RUN_END status=OK
[2026-07-04T11:14:33] RUN_START run_id=MTU_low_lat_high_loss_007
[2026-07-04T11:14:33] PARAM condition=low_lat_high_loss
[2026-07-04T11:14:33] METRIC feat_packet_loss_rate_pct=3.4419
[2026-07-04T11:14:33] METRIC feat_throughput_mbps=6704.14
[2026-07-04T11:14:33] METRIC feat_rtt_ms=9.976
[2026-07-04T11:14:33] METRIC feat_jitter_ms=1.287
[2026-07-04T11:14:33] METRIC feat_bw_utilization_pct=42.84
[2026-07-04T11:14:33] METRIC feat_cache_hit_ratio=0.9112
[2026-07-04T11:14:33] METRIC feat_avg_object_size_kb=171.638
[2026-07-04T11:14:33] METRIC feat_retransmission_count=32
[2026-07-04T11:14:33] METRIC true_optimal_mtu_bytes=4648
[2026-07-04T11:14:33] METRIC mlp_predicted_mtu_bytes=4775
[2026-07-04T11:14:33] METRIC mlp_confidence=0.8854
[2026-07-04T11:14:33] METRIC abs_error_bytes=127
[2026-07-04T11:14:33] METRIC update_applied=True
[2026-07-04T11:14:33] RUN_END status=OK
[2026-07-04T11:16:35] RUN_START run_id=MTU_low_lat_high_loss_008
[2026-07-04T11:16:35] PARAM condition=low_lat_high_loss
[2026-07-04T11:16:35] METRIC feat_packet_loss_rate_pct=3.2484
[2026-07-04T11:16:35] METRIC feat_throughput_mbps=1605.48
[2026-07-04T11:16:35] METRIC feat_rtt_ms=2.279
[2026-07-04T11:16:35] METRIC feat_jitter_ms=0.434
[2026-07-04T11:16:35] METRIC feat_bw_utilization_pct=48.38
[2026-07-04T11:16:35] METRIC feat_cache_hit_ratio=0.6753
[2026-07-04T11:16:35] METRIC feat_avg_object_size_kb=0.212
[2026-07-04T11:16:35] METRIC feat_retransmission_count=18
[2026-07-04T11:16:35] METRIC true_optimal_mtu_bytes=1000
[2026-07-04T11:16:35] METRIC mlp_predicted_mtu_bytes=778
[2026-07-04T11:16:35] METRIC mlp_confidence=0.7236
[2026-07-04T11:16:35] METRIC abs_error_bytes=222
[2026-07-04T11:16:35] METRIC update_applied=False
[2026-07-04T11:16:35] RUN_END status=OK
[2026-07-04T11:19:31] RUN_START run_id=MTU_low_lat_high_loss_009
[2026-07-04T11:19:31] PARAM condition=low_lat_high_loss
[2026-07-04T11:19:31] METRIC feat_packet_loss_rate_pct=5.136
[2026-07-04T11:19:31] METRIC feat_throughput_mbps=7123.47
[2026-07-04T11:19:31] METRIC feat_rtt_ms=4.235
[2026-07-04T11:19:31] METRIC feat_jitter_ms=1.318
[2026-07-04T11:19:31] METRIC feat_bw_utilization_pct=23.12
[2026-07-04T11:19:31] METRIC feat_cache_hit_ratio=0.8384
[2026-07-04T11:19:31] METRIC feat_avg_object_size_kb=49.157
[2026-07-04T11:19:31] METRIC feat_retransmission_count=28
[2026-07-04T11:19:31] METRIC true_optimal_mtu_bytes=3400
[2026-07-04T11:19:31] METRIC mlp_predicted_mtu_bytes=3426
[2026-07-04T11:19:31] METRIC mlp_confidence=0.99
[2026-07-04T11:19:31] METRIC abs_error_bytes=26
[2026-07-04T11:19:31] METRIC update_applied=True
[2026-07-04T11:19:31] RUN_END status=OK
[2026-07-04T11:20:36] RUN_START run_id=MTU_low_lat_high_loss_010
[2026-07-04T11:20:36] PARAM condition=low_lat_high_loss
[2026-07-04T11:20:36] METRIC feat_packet_loss_rate_pct=3.6739
[2026-07-04T11:20:36] METRIC feat_throughput_mbps=3449.09
[2026-07-04T11:20:36] METRIC feat_rtt_ms=2.251
[2026-07-04T11:20:36] METRIC feat_jitter_ms=1.418
[2026-07-04T11:20:36] METRIC feat_bw_utilization_pct=21.72
[2026-07-04T11:20:36] METRIC feat_cache_hit_ratio=0.6525
[2026-07-04T11:20:36] METRIC feat_avg_object_size_kb=64.349
[2026-07-04T11:20:36] METRIC feat_retransmission_count=32
[2026-07-04T11:20:36] METRIC true_optimal_mtu_bytes=3776
[2026-07-04T11:20:36] METRIC mlp_predicted_mtu_bytes=3811
[2026-07-04T11:20:36] METRIC mlp_confidence=0.9636
[2026-07-04T11:20:36] METRIC abs_error_bytes=35
[2026-07-04T11:20:36] METRIC update_applied=True
[2026-07-04T11:20:36] RUN_END status=OK
[2026-07-04T11:23:27] RUN_START run_id=MTU_low_lat_high_loss_011
[2026-07-04T11:23:27] PARAM condition=low_lat_high_loss
[2026-07-04T11:23:27] METRIC feat_packet_loss_rate_pct=3.6302
[2026-07-04T11:23:27] METRIC feat_throughput_mbps=2077.4
[2026-07-04T11:23:27] METRIC feat_rtt_ms=8.41
[2026-07-04T11:23:27] METRIC feat_jitter_ms=1.258
[2026-07-04T11:23:27] METRIC feat_bw_utilization_pct=16.8
[2026-07-04T11:23:27] METRIC feat_cache_hit_ratio=0.99
[2026-07-04T11:23:27] METRIC feat_avg_object_size_kb=75.169
[2026-07-04T11:23:27] METRIC feat_retransmission_count=17
[2026-07-04T11:23:27] METRIC true_optimal_mtu_bytes=4200
[2026-07-04T11:23:27] METRIC mlp_predicted_mtu_bytes=4126
[2026-07-04T11:23:27] METRIC mlp_confidence=0.9186
[2026-07-04T11:23:27] METRIC abs_error_bytes=74
[2026-07-04T11:23:27] METRIC update_applied=True
[2026-07-04T11:23:27] RUN_END status=OK
[2026-07-04T11:26:39] RUN_START run_id=MTU_low_lat_high_loss_012
[2026-07-04T11:26:39] PARAM condition=low_lat_high_loss
[2026-07-04T11:26:39] METRIC feat_packet_loss_rate_pct=4.5179
[2026-07-04T11:26:39] METRIC feat_throughput_mbps=7731.75
[2026-07-04T11:26:39] METRIC feat_rtt_ms=1.266
[2026-07-04T11:26:39] METRIC feat_jitter_ms=1.46
[2026-07-04T11:26:39] METRIC feat_bw_utilization_pct=92.9
[2026-07-04T11:26:39] METRIC feat_cache_hit_ratio=0.6614
[2026-07-04T11:26:39] METRIC feat_avg_object_size_kb=335.181
[2026-07-04T11:26:39] METRIC feat_retransmission_count=32
[2026-07-04T11:26:39] METRIC true_optimal_mtu_bytes=5096
[2026-07-04T11:26:39] METRIC mlp_predicted_mtu_bytes=4912
[2026-07-04T11:26:39] METRIC mlp_confidence=0.7722
[2026-07-04T11:26:39] METRIC abs_error_bytes=184
[2026-07-04T11:26:39] METRIC update_applied=False
[2026-07-04T11:26:39] RUN_END status=OK
[2026-07-04T11:29:53] RUN_START run_id=MTU_low_lat_high_loss_013
[2026-07-04T11:29:53] PARAM condition=low_lat_high_loss
[2026-07-04T11:29:53] METRIC feat_packet_loss_rate_pct=4.22
[2026-07-04T11:29:53] METRIC feat_throughput_mbps=4506.87
[2026-07-04T11:29:53] METRIC feat_rtt_ms=3.348
[2026-07-04T11:29:53] METRIC feat_jitter_ms=0.47
[2026-07-04T11:29:53] METRIC feat_bw_utilization_pct=69.46
[2026-07-04T11:29:53] METRIC feat_cache_hit_ratio=0.7786
[2026-07-04T11:29:53] METRIC feat_avg_object_size_kb=15.497
[2026-07-04T11:29:53] METRIC feat_retransmission_count=23
[2026-07-04T11:29:53] METRIC true_optimal_mtu_bytes=2088
[2026-07-04T11:29:53] METRIC mlp_predicted_mtu_bytes=2104
[2026-07-04T11:29:53] METRIC mlp_confidence=0.9258
[2026-07-04T11:29:53] METRIC abs_error_bytes=16
[2026-07-04T11:29:53] METRIC update_applied=True
[2026-07-04T11:29:53] RUN_END status=OK
[2026-07-04T11:32:12] RUN_START run_id=MTU_low_lat_high_loss_014
[2026-07-04T11:32:12] PARAM condition=low_lat_high_loss
[2026-07-04T11:32:12] METRIC feat_packet_loss_rate_pct=5.308
[2026-07-04T11:32:12] METRIC feat_throughput_mbps=4031.62
[2026-07-04T11:32:12] METRIC feat_rtt_ms=7.332
[2026-07-04T11:32:12] METRIC feat_jitter_ms=1.091
[2026-07-04T11:32:12] METRIC feat_bw_utilization_pct=69.49
[2026-07-04T11:32:12] METRIC feat_cache_hit_ratio=0.7573
[2026-07-04T11:32:12] METRIC feat_avg_object_size_kb=0.237
[2026-07-04T11:32:12] METRIC feat_retransmission_count=28
[2026-07-04T11:32:12] METRIC true_optimal_mtu_bytes=1000
[2026-07-04T11:32:12] METRIC mlp_predicted_mtu_bytes=1153
[2026-07-04T11:32:12] METRIC mlp_confidence=0.7626
[2026-07-04T11:32:12] METRIC abs_error_bytes=153
[2026-07-04T11:32:12] METRIC update_applied=False
[2026-07-04T11:32:12] RUN_END status=OK
[2026-07-04T11:36:52] RUN_START run_id=MTU_low_lat_high_loss_015
[2026-07-04T11:36:52] PARAM condition=low_lat_high_loss
[2026-07-04T11:36:52] METRIC feat_packet_loss_rate_pct=4.3191
[2026-07-04T11:36:52] METRIC feat_throughput_mbps=4232.54
[2026-07-04T11:36:52] METRIC feat_rtt_ms=2.638
[2026-07-04T11:36:52] METRIC feat_jitter_ms=0.402
[2026-07-04T11:36:52] METRIC feat_bw_utilization_pct=49.25
[2026-07-04T11:36:52] METRIC feat_cache_hit_ratio=0.6478
[2026-07-04T11:36:52] METRIC feat_avg_object_size_kb=0.436
[2026-07-04T11:36:52] METRIC feat_retransmission_count=24
[2026-07-04T11:36:52] METRIC true_optimal_mtu_bytes=1000
[2026-07-04T11:36:52] METRIC mlp_predicted_mtu_bytes=859
[2026-07-04T11:36:52] METRIC mlp_confidence=0.8225
[2026-07-04T11:36:52] METRIC abs_error_bytes=141
[2026-07-04T11:36:52] METRIC update_applied=True
[2026-07-04T11:36:52] RUN_END status=OK
[2026-07-04T11:38:39] RUN_START run_id=MTU_low_lat_high_loss_016
[2026-07-04T11:38:39] PARAM condition=low_lat_high_loss
[2026-07-04T11:38:39] METRIC feat_packet_loss_rate_pct=3.0497
[2026-07-04T11:38:39] METRIC feat_throughput_mbps=4076.43
[2026-07-04T11:38:39] METRIC feat_rtt_ms=3.495
[2026-07-04T11:38:39] METRIC feat_jitter_ms=1.28
[2026-07-04T11:38:39] METRIC feat_bw_utilization_pct=27.45
[2026-07-04T11:38:39] METRIC feat_cache_hit_ratio=0.6654
[2026-07-04T11:38:39] METRIC feat_avg_object_size_kb=0.448
[2026-07-04T11:38:39] METRIC feat_retransmission_count=26
[2026-07-04T11:38:39] METRIC true_optimal_mtu_bytes=1000
[2026-07-04T11:38:39] METRIC mlp_predicted_mtu_bytes=1066
[2026-07-04T11:38:39] METRIC mlp_confidence=0.8963
[2026-07-04T11:38:39] METRIC abs_error_bytes=66
[2026-07-04T11:38:39] METRIC update_applied=True
[2026-07-04T11:38:39] RUN_END status=OK
