[2026-07-20T13:36:07] RUN_START run_id=MTU_low_lat_low_loss_111
[2026-07-20T13:36:07] PARAM condition=low_lat_low_loss
[2026-07-20T13:36:07] METRIC feat_packet_loss_rate_pct=0.4003
[2026-07-20T13:36:07] METRIC feat_throughput_mbps=5236.69
[2026-07-20T13:36:07] METRIC feat_rtt_ms=6.133
[2026-07-20T13:36:07] METRIC feat_jitter_ms=0.465
[2026-07-20T13:36:07] METRIC feat_bw_utilization_pct=65.9
[2026-07-20T13:36:07] METRIC feat_cache_hit_ratio=0.4092
[2026-07-20T13:36:07] METRIC feat_avg_object_size_kb=1809.994
[2026-07-20T13:36:07] METRIC feat_retransmission_count=2
[2026-07-20T13:36:07] METRIC true_optimal_mtu_bytes=8032
[2026-07-20T13:36:07] METRIC mlp_predicted_mtu_bytes=8182
[2026-07-20T13:36:07] METRIC mlp_confidence=0.8443
[2026-07-20T13:36:07] METRIC abs_error_bytes=150
[2026-07-20T13:36:07] METRIC update_applied=True
[2026-07-20T13:36:07] RUN_END status=OK
[2026-07-20T13:39:37] RUN_START run_id=MTU_low_lat_low_loss_112
[2026-07-20T13:39:37] PARAM condition=low_lat_low_loss
[2026-07-20T13:39:37] METRIC feat_packet_loss_rate_pct=0.4493
[2026-07-20T13:39:37] METRIC feat_throughput_mbps=1248.53
[2026-07-20T13:39:37] METRIC feat_rtt_ms=2.868
[2026-07-20T13:39:37] METRIC feat_jitter_ms=0.49
[2026-07-20T13:39:37] METRIC feat_bw_utilization_pct=64.16
[2026-07-20T13:39:37] METRIC feat_cache_hit_ratio=0.4887
[2026-07-20T13:39:37] METRIC feat_avg_object_size_kb=238.403
[2026-07-20T13:39:37] METRIC feat_retransmission_count=3
[2026-07-20T13:39:37] METRIC true_optimal_mtu_bytes=7192
[2026-07-20T13:39:37] METRIC mlp_predicted_mtu_bytes=7078
[2026-07-20T13:39:37] METRIC mlp_confidence=0.844
[2026-07-20T13:39:37] METRIC abs_error_bytes=114
[2026-07-20T13:39:37] METRIC update_applied=True
[2026-07-20T13:39:37] RUN_END status=OK
[2026-07-20T13:41:36] RUN_START run_id=MTU_low_lat_low_loss_113
[2026-07-20T13:41:36] PARAM condition=low_lat_low_loss
[2026-07-20T13:41:36] METRIC feat_packet_loss_rate_pct=0.4188
[2026-07-20T13:41:36] METRIC feat_throughput_mbps=1079.83
[2026-07-20T13:41:36] METRIC feat_rtt_ms=4.866
[2026-07-20T13:41:36] METRIC feat_jitter_ms=0.231
[2026-07-20T13:41:36] METRIC feat_bw_utilization_pct=62.28
[2026-07-20T13:41:36] METRIC feat_cache_hit_ratio=0.8373
[2026-07-20T13:41:36] METRIC feat_avg_object_size_kb=2177.11
[2026-07-20T13:41:36] METRIC feat_retransmission_count=1
[2026-07-20T13:41:36] METRIC true_optimal_mtu_bytes=8160
[2026-07-20T13:41:36] METRIC mlp_predicted_mtu_bytes=8176
[2026-07-20T13:41:36] METRIC mlp_confidence=0.99
[2026-07-20T13:41:36] METRIC abs_error_bytes=16
[2026-07-20T13:41:36] METRIC update_applied=True
[2026-07-20T13:41:36] RUN_END status=OK
[2026-07-20T13:43:25] RUN_START run_id=MTU_low_lat_low_loss_114
[2026-07-20T13:43:25] PARAM condition=low_lat_low_loss
[2026-07-20T13:43:25] METRIC feat_packet_loss_rate_pct=0.3278
[2026-07-20T13:43:25] METRIC feat_throughput_mbps=2158.34
[2026-07-20T13:43:25] METRIC feat_rtt_ms=2.003
[2026-07-20T13:43:25] METRIC feat_jitter_ms=0.884
[2026-07-20T13:43:25] METRIC feat_bw_utilization_pct=72.99
[2026-07-20T13:43:25] METRIC feat_cache_hit_ratio=0.5875
[2026-07-20T13:43:25] METRIC feat_avg_object_size_kb=432.091
[2026-07-20T13:43:25] METRIC feat_retransmission_count=4
[2026-07-20T13:43:25] METRIC true_optimal_mtu_bytes=7608
[2026-07-20T13:43:25] METRIC mlp_predicted_mtu_bytes=7625
[2026-07-20T13:43:25] METRIC mlp_confidence=0.9495
[2026-07-20T13:43:25] METRIC abs_error_bytes=17
[2026-07-20T13:43:25] METRIC update_applied=True
[2026-07-20T13:43:25] RUN_END status=OK
[2026-07-20T13:44:57] RUN_START run_id=MTU_low_lat_low_loss_115
[2026-07-20T13:44:57] PARAM condition=low_lat_low_loss
[2026-07-20T13:44:57] METRIC feat_packet_loss_rate_pct=0.2653
[2026-07-20T13:44:57] METRIC feat_throughput_mbps=649.63
[2026-07-20T13:44:57] METRIC feat_rtt_ms=7.82
[2026-07-20T13:44:57] METRIC feat_jitter_ms=0.584
[2026-07-20T13:44:57] METRIC feat_bw_utilization_pct=47.76
[2026-07-20T13:44:57] METRIC feat_cache_hit_ratio=0.7924
[2026-07-20T13:44:57] METRIC feat_avg_object_size_kb=4.193
[2026-07-20T13:44:57] METRIC feat_retransmission_count=5
[2026-07-20T13:44:57] METRIC true_optimal_mtu_bytes=1720
[2026-07-20T13:44:57] METRIC mlp_predicted_mtu_bytes=1594
[2026-07-20T13:44:57] METRIC mlp_confidence=0.8445
[2026-07-20T13:44:57] METRIC abs_error_bytes=126
[2026-07-20T13:44:57] METRIC update_applied=True
[2026-07-20T13:44:57] RUN_END status=OK
[2026-07-20T13:49:27] RUN_START run_id=MTU_low_lat_low_loss_116
[2026-07-20T13:49:27] PARAM condition=low_lat_low_loss
[2026-07-20T13:49:27] METRIC feat_packet_loss_rate_pct=0.0904
[2026-07-20T13:49:27] METRIC feat_throughput_mbps=3882.53
[2026-07-20T13:49:27] METRIC feat_rtt_ms=1.154
[2026-07-20T13:49:27] METRIC feat_jitter_ms=0.092
[2026-07-20T13:49:27] METRIC feat_bw_utilization_pct=66.92
[2026-07-20T13:49:27] METRIC feat_cache_hit_ratio=0.9143
[2026-07-20T13:49:27] METRIC feat_avg_object_size_kb=73.99
[2026-07-20T13:49:27] METRIC feat_retransmission_count=2
[2026-07-20T13:49:27] METRIC true_optimal_mtu_bytes=5680
[2026-07-20T13:49:27] METRIC mlp_predicted_mtu_bytes=5815
[2026-07-20T13:49:27] METRIC mlp_confidence=0.8066
[2026-07-20T13:49:27] METRIC abs_error_bytes=135
[2026-07-20T13:49:27] METRIC update_applied=True
[2026-07-20T13:49:27] RUN_END status=OK
[2026-07-20T13:49:58] RUN_START run_id=MTU_low_lat_low_loss_117
[2026-07-20T13:49:58] PARAM condition=low_lat_low_loss
[2026-07-20T13:49:58] METRIC feat_packet_loss_rate_pct=0.3268
[2026-07-20T13:49:58] METRIC feat_throughput_mbps=4374.34
[2026-07-20T13:49:58] METRIC feat_rtt_ms=7.47
[2026-07-20T13:49:58] METRIC feat_jitter_ms=0.722
[2026-07-20T13:49:58] METRIC feat_bw_utilization_pct=84.32
[2026-07-20T13:49:58] METRIC feat_cache_hit_ratio=0.7361
[2026-07-20T13:49:58] METRIC feat_avg_object_size_kb=140.004
[2026-07-20T13:49:58] METRIC feat_retransmission_count=2
[2026-07-20T13:49:58] METRIC true_optimal_mtu_bytes=6560
[2026-07-20T13:49:58] METRIC mlp_predicted_mtu_bytes=6502
[2026-07-20T13:49:58] METRIC mlp_confidence=0.9063
[2026-07-20T13:49:58] METRIC abs_error_bytes=58
[2026-07-20T13:49:58] METRIC update_applied=True
[2026-07-20T13:49:58] RUN_END status=OK
[2026-07-20T13:56:28] RUN_START run_id=MTU_low_lat_low_loss_118
[2026-07-20T13:56:28] PARAM condition=low_lat_low_loss
[2026-07-20T13:56:28] METRIC feat_packet_loss_rate_pct=0.2252
[2026-07-20T13:56:28] METRIC feat_throughput_mbps=5208.21
[2026-07-20T13:56:28] METRIC feat_rtt_ms=4.869
[2026-07-20T13:56:28] METRIC feat_jitter_ms=0.283
[2026-07-20T13:56:28] METRIC feat_bw_utilization_pct=82.84
[2026-07-20T13:56:28] METRIC feat_cache_hit_ratio=0.6736
[2026-07-20T13:56:28] METRIC feat_avg_object_size_kb=0.348
[2026-07-20T13:56:28] METRIC feat_retransmission_count=2
[2026-07-20T13:56:28] METRIC true_optimal_mtu_bytes=1112
[2026-07-20T13:56:28] METRIC mlp_predicted_mtu_bytes=1142
[2026-07-20T13:56:28] METRIC mlp_confidence=0.9765
[2026-07-20T13:56:28] METRIC abs_error_bytes=30
[2026-07-20T13:56:28] METRIC update_applied=True
[2026-07-20T13:56:28] RUN_END status=OK
[2026-07-20T13:58:09] RUN_START run_id=MTU_low_lat_low_loss_119
[2026-07-20T13:58:09] PARAM condition=low_lat_low_loss
[2026-07-20T13:58:09] METRIC feat_packet_loss_rate_pct=0.1844
[2026-07-20T13:58:09] METRIC feat_throughput_mbps=3959.31
[2026-07-20T13:58:09] METRIC feat_rtt_ms=4.43
[2026-07-20T13:58:09] METRIC feat_jitter_ms=0.483
[2026-07-20T13:58:09] METRIC feat_bw_utilization_pct=71.57
[2026-07-20T13:58:09] METRIC feat_cache_hit_ratio=0.6948
[2026-07-20T13:58:09] METRIC feat_avg_object_size_kb=39.372
[2026-07-20T13:58:09] METRIC feat_retransmission_count=2
[2026-07-20T13:58:09] METRIC true_optimal_mtu_bytes=4648
[2026-07-20T13:58:09] METRIC mlp_predicted_mtu_bytes=4663
[2026-07-20T13:58:09] METRIC mlp_confidence=0.9737
[2026-07-20T13:58:09] METRIC abs_error_bytes=15
[2026-07-20T13:58:09] METRIC update_applied=True
[2026-07-20T13:58:09] RUN_END status=OK
[2026-07-20T14:00:42] RUN_START run_id=MTU_low_lat_low_loss_120
[2026-07-20T14:00:42] PARAM condition=low_lat_low_loss
[2026-07-20T14:00:42] METRIC feat_packet_loss_rate_pct=0.7707
[2026-07-20T14:00:42] METRIC feat_throughput_mbps=1601.07
[2026-07-20T14:00:42] METRIC feat_rtt_ms=6.219
[2026-07-20T14:00:42] METRIC feat_jitter_ms=0.162
[2026-07-20T14:00:42] METRIC feat_bw_utilization_pct=24.23
[2026-07-20T14:00:42] METRIC feat_cache_hit_ratio=0.85
[2026-07-20T14:00:42] METRIC feat_avg_object_size_kb=2423.294
[2026-07-20T14:00:42] METRIC feat_retransmission_count=5
[2026-07-20T14:00:42] METRIC true_optimal_mtu_bytes=7840
[2026-07-20T14:00:42] METRIC mlp_predicted_mtu_bytes=7669
[2026-07-20T14:00:42] METRIC mlp_confidence=0.821
[2026-07-20T14:00:42] METRIC abs_error_bytes=171
[2026-07-20T14:00:42] METRIC update_applied=True
[2026-07-20T14:00:42] RUN_END status=OK
[2026-07-20T14:02:19] RUN_START run_id=MTU_low_lat_low_loss_121
[2026-07-20T14:02:19] PARAM condition=low_lat_low_loss
[2026-07-20T14:02:19] METRIC feat_packet_loss_rate_pct=0.7401
[2026-07-20T14:02:19] METRIC feat_throughput_mbps=4914.62
[2026-07-20T14:02:19] METRIC feat_rtt_ms=5.931
[2026-07-20T14:02:19] METRIC feat_jitter_ms=0.949
[2026-07-20T14:02:19] METRIC feat_bw_utilization_pct=75.1
[2026-07-20T14:02:19] METRIC feat_cache_hit_ratio=0.5996
[2026-07-20T14:02:19] METRIC feat_avg_object_size_kb=4406.876
[2026-07-20T14:02:19] METRIC feat_retransmission_count=3
[2026-07-20T14:02:19] METRIC true_optimal_mtu_bytes=7984
[2026-07-20T14:02:19] METRIC mlp_predicted_mtu_bytes=8035
[2026-07-20T14:02:19] METRIC mlp_confidence=0.9486
[2026-07-20T14:02:19] METRIC abs_error_bytes=51
[2026-07-20T14:02:19] METRIC update_applied=True
[2026-07-20T14:02:19] RUN_END status=OK
