[2026-07-15T13:15:48] RUN_START run_id=MTU_high_lat_low_loss_106
[2026-07-15T13:15:48] PARAM condition=high_lat_low_loss
[2026-07-15T13:15:48] METRIC feat_packet_loss_rate_pct=0.6958
[2026-07-15T13:15:48] METRIC feat_throughput_mbps=5484.44
[2026-07-15T13:15:48] METRIC feat_rtt_ms=57.782
[2026-07-15T13:15:48] METRIC feat_jitter_ms=8.41
[2026-07-15T13:15:48] METRIC feat_bw_utilization_pct=48.48
[2026-07-15T13:15:48] METRIC feat_cache_hit_ratio=0.8427
[2026-07-15T13:15:48] METRIC feat_avg_object_size_kb=0.205
[2026-07-15T13:15:48] METRIC feat_retransmission_count=1
[2026-07-15T13:15:48] METRIC true_optimal_mtu_bytes=1072
[2026-07-15T13:15:48] METRIC mlp_predicted_mtu_bytes=752
[2026-07-15T13:15:48] METRIC mlp_confidence=0.6602
[2026-07-15T13:15:48] METRIC abs_error_bytes=320
[2026-07-15T13:15:48] METRIC update_applied=False
[2026-07-15T13:15:48] RUN_END status=OK
[2026-07-15T13:17:29] RUN_START run_id=MTU_high_lat_low_loss_107
[2026-07-15T13:17:29] PARAM condition=high_lat_low_loss
[2026-07-15T13:17:29] METRIC feat_packet_loss_rate_pct=0.0236
[2026-07-15T13:17:29] METRIC feat_throughput_mbps=8463.47
[2026-07-15T13:17:29] METRIC feat_rtt_ms=54.023
[2026-07-15T13:17:29] METRIC feat_jitter_ms=8.454
[2026-07-15T13:17:29] METRIC feat_bw_utilization_pct=20.42
[2026-07-15T13:17:29] METRIC feat_cache_hit_ratio=0.6829
[2026-07-15T13:17:29] METRIC feat_avg_object_size_kb=405.052
[2026-07-15T13:17:29] METRIC feat_retransmission_count=0
[2026-07-15T13:17:29] METRIC true_optimal_mtu_bytes=7848
[2026-07-15T13:17:29] METRIC mlp_predicted_mtu_bytes=8079
[2026-07-15T13:17:29] METRIC mlp_confidence=0.7448
[2026-07-15T13:17:29] METRIC abs_error_bytes=231
[2026-07-15T13:17:29] METRIC update_applied=False
[2026-07-15T13:17:29] RUN_END status=OK
[2026-07-15T13:21:13] RUN_START run_id=MTU_high_lat_low_loss_108
[2026-07-15T13:21:13] PARAM condition=high_lat_low_loss
[2026-07-15T13:21:13] METRIC feat_packet_loss_rate_pct=0.27
[2026-07-15T13:21:13] METRIC feat_throughput_mbps=7341.32
[2026-07-15T13:21:13] METRIC feat_rtt_ms=45.051
[2026-07-15T13:21:13] METRIC feat_jitter_ms=5.958
[2026-07-15T13:21:13] METRIC feat_bw_utilization_pct=80.86
[2026-07-15T13:21:13] METRIC feat_cache_hit_ratio=0.6606
[2026-07-15T13:21:13] METRIC feat_avg_object_size_kb=0.164
[2026-07-15T13:21:13] METRIC feat_retransmission_count=0
[2026-07-15T13:21:13] METRIC true_optimal_mtu_bytes=1000
[2026-07-15T13:21:13] METRIC mlp_predicted_mtu_bytes=922
[2026-07-15T13:21:13] METRIC mlp_confidence=0.8694
[2026-07-15T13:21:13] METRIC abs_error_bytes=78
[2026-07-15T13:21:13] METRIC update_applied=True
[2026-07-15T13:21:13] RUN_END status=OK
[2026-07-15T13:21:51] RUN_START run_id=MTU_high_lat_low_loss_109
[2026-07-15T13:21:51] PARAM condition=high_lat_low_loss
[2026-07-15T13:21:51] METRIC feat_packet_loss_rate_pct=0.0431
[2026-07-15T13:21:51] METRIC feat_throughput_mbps=594.61
[2026-07-15T13:21:51] METRIC feat_rtt_ms=58.614
[2026-07-15T13:21:51] METRIC feat_jitter_ms=9.858
[2026-07-15T13:21:51] METRIC feat_bw_utilization_pct=51.26
[2026-07-15T13:21:51] METRIC feat_cache_hit_ratio=0.7684
[2026-07-15T13:21:51] METRIC feat_avg_object_size_kb=2410.512
[2026-07-15T13:21:51] METRIC feat_retransmission_count=0
[2026-07-15T13:21:51] METRIC true_optimal_mtu_bytes=8496
[2026-07-15T13:21:51] METRIC mlp_predicted_mtu_bytes=8577
[2026-07-15T13:21:51] METRIC mlp_confidence=0.9292
[2026-07-15T13:21:51] METRIC abs_error_bytes=81
[2026-07-15T13:21:51] METRIC update_applied=True
[2026-07-15T13:21:51] RUN_END status=OK
[2026-07-15T13:22:33] RUN_START run_id=MTU_high_lat_low_loss_110
[2026-07-15T13:22:33] PARAM condition=high_lat_low_loss
[2026-07-15T13:22:33] METRIC feat_packet_loss_rate_pct=0.0338
[2026-07-15T13:22:33] METRIC feat_throughput_mbps=4944.62
[2026-07-15T13:22:33] METRIC feat_rtt_ms=57.509
[2026-07-15T13:22:33] METRIC feat_jitter_ms=3.292
[2026-07-15T13:22:33] METRIC feat_bw_utilization_pct=47.04
[2026-07-15T13:22:33] METRIC feat_cache_hit_ratio=0.7285
[2026-07-15T13:22:33] METRIC feat_avg_object_size_kb=0.518
[2026-07-15T13:22:33] METRIC feat_retransmission_count=1
[2026-07-15T13:22:33] METRIC true_optimal_mtu_bytes=1048
[2026-07-15T13:22:33] METRIC mlp_predicted_mtu_bytes=1063
[2026-07-15T13:22:33] METRIC mlp_confidence=0.9639
[2026-07-15T13:22:33] METRIC abs_error_bytes=15
[2026-07-15T13:22:33] METRIC update_applied=True
[2026-07-15T13:22:33] RUN_END status=OK
[2026-07-15T13:24:23] RUN_START run_id=MTU_high_lat_low_loss_111
[2026-07-15T13:24:23] PARAM condition=high_lat_low_loss
[2026-07-15T13:24:23] METRIC feat_packet_loss_rate_pct=0.7068
[2026-07-15T13:24:23] METRIC feat_throughput_mbps=1133.46
[2026-07-15T13:24:23] METRIC feat_rtt_ms=41.231
[2026-07-15T13:24:23] METRIC feat_jitter_ms=5.564
[2026-07-15T13:24:23] METRIC feat_bw_utilization_pct=29.1
[2026-07-15T13:24:23] METRIC feat_cache_hit_ratio=0.7028
[2026-07-15T13:24:23] METRIC feat_avg_object_size_kb=61.475
[2026-07-15T13:24:23] METRIC feat_retransmission_count=2
[2026-07-15T13:24:23] METRIC true_optimal_mtu_bytes=5248
[2026-07-15T13:24:23] METRIC mlp_predicted_mtu_bytes=5235
[2026-07-15T13:24:23] METRIC mlp_confidence=0.9826
[2026-07-15T13:24:23] METRIC abs_error_bytes=13
[2026-07-15T13:24:23] METRIC update_applied=True
[2026-07-15T13:24:23] RUN_END status=OK
[2026-07-15T13:25:38] RUN_START run_id=MTU_high_lat_low_loss_112
[2026-07-15T13:25:38] PARAM condition=high_lat_low_loss
[2026-07-15T13:25:38] METRIC feat_packet_loss_rate_pct=0.3173
[2026-07-15T13:25:38] METRIC feat_throughput_mbps=6963.45
[2026-07-15T13:25:38] METRIC feat_rtt_ms=52.109
[2026-07-15T13:25:38] METRIC feat_jitter_ms=3.686
[2026-07-15T13:25:38] METRIC feat_bw_utilization_pct=41.92
[2026-07-15T13:25:38] METRIC feat_cache_hit_ratio=0.6142
[2026-07-15T13:25:38] METRIC feat_avg_object_size_kb=474.582
[2026-07-15T13:25:38] METRIC feat_retransmission_count=2
[2026-07-15T13:25:38] METRIC true_optimal_mtu_bytes=7768
[2026-07-15T13:25:38] METRIC mlp_predicted_mtu_bytes=7939
[2026-07-15T13:25:38] METRIC mlp_confidence=0.852
[2026-07-15T13:25:38] METRIC abs_error_bytes=171
[2026-07-15T13:25:38] METRIC update_applied=True
[2026-07-15T13:25:38] RUN_END status=OK
[2026-07-15T13:26:40] RUN_START run_id=MTU_high_lat_low_loss_113
[2026-07-15T13:26:40] PARAM condition=high_lat_low_loss
[2026-07-15T13:26:40] METRIC feat_packet_loss_rate_pct=0.3656
[2026-07-15T13:26:40] METRIC feat_throughput_mbps=7172.72
[2026-07-15T13:26:40] METRIC feat_rtt_ms=57.444
[2026-07-15T13:26:40] METRIC feat_jitter_ms=4.557
[2026-07-15T13:26:40] METRIC feat_bw_utilization_pct=73.79
[2026-07-15T13:26:40] METRIC feat_cache_hit_ratio=0.6784
[2026-07-15T13:26:40] METRIC feat_avg_object_size_kb=229.912
[2026-07-15T13:26:40] METRIC feat_retransmission_count=7
[2026-07-15T13:26:40] METRIC true_optimal_mtu_bytes=6856
[2026-07-15T13:26:40] METRIC mlp_predicted_mtu_bytes=6875
[2026-07-15T13:26:40] METRIC mlp_confidence=0.9793
[2026-07-15T13:26:40] METRIC abs_error_bytes=19
[2026-07-15T13:26:40] METRIC update_applied=True
[2026-07-15T13:26:40] RUN_END status=OK
[2026-07-15T13:27:56] RUN_START run_id=MTU_high_lat_low_loss_114
[2026-07-15T13:27:56] PARAM condition=high_lat_low_loss
[2026-07-15T13:27:56] METRIC feat_packet_loss_rate_pct=0.7575
[2026-07-15T13:27:56] METRIC feat_throughput_mbps=2014.62
[2026-07-15T13:27:56] METRIC feat_rtt_ms=49.961
[2026-07-15T13:27:56] METRIC feat_jitter_ms=8.617
[2026-07-15T13:27:56] METRIC feat_bw_utilization_pct=93.3
[2026-07-15T13:27:56] METRIC feat_cache_hit_ratio=0.6359
[2026-07-15T13:27:56] METRIC feat_avg_object_size_kb=3.607
[2026-07-15T13:27:56] METRIC feat_retransmission_count=3
[2026-07-15T13:27:56] METRIC true_optimal_mtu_bytes=1720
[2026-07-15T13:27:56] METRIC mlp_predicted_mtu_bytes=1742
[2026-07-15T13:27:56] METRIC mlp_confidence=0.9469
[2026-07-15T13:27:56] METRIC abs_error_bytes=22
[2026-07-15T13:27:56] METRIC update_applied=True
[2026-07-15T13:27:56] RUN_END status=OK
[2026-07-15T13:29:39] RUN_START run_id=MTU_high_lat_low_loss_115
[2026-07-15T13:29:39] PARAM condition=high_lat_low_loss
[2026-07-15T13:29:39] METRIC feat_packet_loss_rate_pct=0.5875
[2026-07-15T13:29:39] METRIC feat_throughput_mbps=4808.95
[2026-07-15T13:29:39] METRIC feat_rtt_ms=49.901
[2026-07-15T13:29:39] METRIC feat_jitter_ms=8.601
[2026-07-15T13:29:39] METRIC feat_bw_utilization_pct=54.05
[2026-07-15T13:29:39] METRIC feat_cache_hit_ratio=0.7875
[2026-07-15T13:29:39] METRIC feat_avg_object_size_kb=643.942
[2026-07-15T13:29:39] METRIC feat_retransmission_count=6
[2026-07-15T13:29:39] METRIC true_optimal_mtu_bytes=7560
[2026-07-15T13:29:39] METRIC mlp_predicted_mtu_bytes=7515
[2026-07-15T13:29:39] METRIC mlp_confidence=0.9827
[2026-07-15T13:29:39] METRIC abs_error_bytes=45
[2026-07-15T13:29:39] METRIC update_applied=True
[2026-07-15T13:29:39] RUN_END status=OK
[2026-07-15T13:31:58] RUN_START run_id=MTU_high_lat_low_loss_116
[2026-07-15T13:31:58] PARAM condition=high_lat_low_loss
[2026-07-15T13:31:58] METRIC feat_packet_loss_rate_pct=0.958
[2026-07-15T13:31:58] METRIC feat_throughput_mbps=3346.77
[2026-07-15T13:31:58] METRIC feat_rtt_ms=32.326
[2026-07-15T13:31:58] METRIC feat_jitter_ms=6.698
[2026-07-15T13:31:58] METRIC feat_bw_utilization_pct=35.08
[2026-07-15T13:31:58] METRIC feat_cache_hit_ratio=0.4582
[2026-07-15T13:31:58] METRIC feat_avg_object_size_kb=228.41
[2026-07-15T13:31:58] METRIC feat_retransmission_count=4
[2026-07-15T13:31:58] METRIC true_optimal_mtu_bytes=6952
[2026-07-15T13:31:58] METRIC mlp_predicted_mtu_bytes=6866
[2026-07-15T13:31:58] METRIC mlp_confidence=0.8622
[2026-07-15T13:31:58] METRIC abs_error_bytes=86
[2026-07-15T13:31:58] METRIC update_applied=True
[2026-07-15T13:31:58] RUN_END status=OK
[2026-07-15T13:33:47] RUN_START run_id=MTU_high_lat_low_loss_117
[2026-07-15T13:33:47] PARAM condition=high_lat_low_loss
[2026-07-15T13:33:47] METRIC feat_packet_loss_rate_pct=0.7514
[2026-07-15T13:33:47] METRIC feat_throughput_mbps=2517.92
[2026-07-15T13:33:47] METRIC feat_rtt_ms=35.489
[2026-07-15T13:33:47] METRIC feat_jitter_ms=4.65
[2026-07-15T13:33:47] METRIC feat_bw_utilization_pct=25.02
[2026-07-15T13:33:47] METRIC feat_cache_hit_ratio=0.8131
[2026-07-15T13:33:47] METRIC feat_avg_object_size_kb=16.236
[2026-07-15T13:33:47] METRIC feat_retransmission_count=5
[2026-07-15T13:33:47] METRIC true_optimal_mtu_bytes=2960
[2026-07-15T13:33:47] METRIC mlp_predicted_mtu_bytes=2883
[2026-07-15T13:33:47] METRIC mlp_confidence=0.9682
[2026-07-15T13:33:47] METRIC abs_error_bytes=77
[2026-07-15T13:33:47] METRIC update_applied=True
[2026-07-15T13:33:47] RUN_END status=OK
[2026-07-15T13:34:14] RUN_START run_id=MTU_high_lat_low_loss_118
[2026-07-15T13:34:14] PARAM condition=high_lat_low_loss
[2026-07-15T13:34:14] METRIC feat_packet_loss_rate_pct=0.8502
[2026-07-15T13:34:14] METRIC feat_throughput_mbps=2032.95
[2026-07-15T13:34:14] METRIC feat_rtt_ms=53.454
[2026-07-15T13:34:14] METRIC feat_jitter_ms=4.206
[2026-07-15T13:34:14] METRIC feat_bw_utilization_pct=36.54
[2026-07-15T13:34:14] METRIC feat_cache_hit_ratio=0.5424
[2026-07-15T13:34:14] METRIC feat_avg_object_size_kb=339.916
[2026-07-15T13:34:14] METRIC feat_retransmission_count=6
[2026-07-15T13:34:14] METRIC true_optimal_mtu_bytes=7112
[2026-07-15T13:34:14] METRIC mlp_predicted_mtu_bytes=7336
[2026-07-15T13:34:14] METRIC mlp_confidence=0.8373
[2026-07-15T13:34:14] METRIC abs_error_bytes=224
[2026-07-15T13:34:14] METRIC update_applied=True
[2026-07-15T13:34:14] RUN_END status=OK
[2026-07-15T13:35:07] RUN_START run_id=MTU_high_lat_low_loss_119
[2026-07-15T13:35:07] PARAM condition=high_lat_low_loss
[2026-07-15T13:35:07] METRIC feat_packet_loss_rate_pct=0.3664
[2026-07-15T13:35:07] METRIC feat_throughput_mbps=8529.11
[2026-07-15T13:35:07] METRIC feat_rtt_ms=33.877
[2026-07-15T13:35:07] METRIC feat_jitter_ms=4.212
[2026-07-15T13:35:07] METRIC feat_bw_utilization_pct=51.46
[2026-07-15T13:35:07] METRIC feat_cache_hit_ratio=0.606
[2026-07-15T13:35:07] METRIC feat_avg_object_size_kb=17.827
[2026-07-15T13:35:07] METRIC feat_retransmission_count=0
[2026-07-15T13:35:07] METRIC true_optimal_mtu_bytes=3168
[2026-07-15T13:35:07] METRIC mlp_predicted_mtu_bytes=3091
[2026-07-15T13:35:07] METRIC mlp_confidence=0.8696
[2026-07-15T13:35:07] METRIC abs_error_bytes=77
[2026-07-15T13:35:07] METRIC update_applied=True
[2026-07-15T13:35:07] RUN_END status=OK
[2026-07-15T13:35:51] RUN_START run_id=MTU_high_lat_low_loss_120
[2026-07-15T13:35:51] PARAM condition=high_lat_low_loss
[2026-07-15T13:35:51] METRIC feat_packet_loss_rate_pct=0.5753
[2026-07-15T13:35:51] METRIC feat_throughput_mbps=5529.6
[2026-07-15T13:35:51] METRIC feat_rtt_ms=45.327
[2026-07-15T13:35:51] METRIC feat_jitter_ms=8.519
[2026-07-15T13:35:51] METRIC feat_bw_utilization_pct=93.86
[2026-07-15T13:35:51] METRIC feat_cache_hit_ratio=0.6179
[2026-07-15T13:35:51] METRIC feat_avg_object_size_kb=28.851
[2026-07-15T13:35:51] METRIC feat_retransmission_count=5
[2026-07-15T13:35:51] METRIC true_optimal_mtu_bytes=4064
[2026-07-15T13:35:51] METRIC mlp_predicted_mtu_bytes=4222
[2026-07-15T13:35:51] METRIC mlp_confidence=0.8026
[2026-07-15T13:35:51] METRIC abs_error_bytes=158
[2026-07-15T13:35:51] METRIC update_applied=True
[2026-07-15T13:35:51] RUN_END status=OK
