[2026-07-11T17:08:00] RUN_START run_id=MTU_high_lat_high_loss_128
[2026-07-11T17:08:00] PARAM condition=high_lat_high_loss
[2026-07-11T17:08:00] METRIC feat_packet_loss_rate_pct=3.5277
[2026-07-11T17:08:00] METRIC feat_throughput_mbps=4201.55
[2026-07-11T17:08:00] METRIC feat_rtt_ms=58.357
[2026-07-11T17:08:00] METRIC feat_jitter_ms=6.398
[2026-07-11T17:08:00] METRIC feat_bw_utilization_pct=76.28
[2026-07-11T17:08:00] METRIC feat_cache_hit_ratio=0.978
[2026-07-11T17:08:00] METRIC feat_avg_object_size_kb=892.669
[2026-07-11T17:08:00] METRIC feat_retransmission_count=22
[2026-07-11T17:08:00] METRIC true_optimal_mtu_bytes=5984
[2026-07-11T17:08:00] METRIC mlp_predicted_mtu_bytes=5897
[2026-07-11T17:08:00] METRIC mlp_confidence=0.8966
[2026-07-11T17:08:00] METRIC abs_error_bytes=87
[2026-07-11T17:08:00] METRIC update_applied=True
[2026-07-11T17:08:00] RUN_END status=OK
[2026-07-11T17:10:27] RUN_START run_id=MTU_high_lat_high_loss_129
[2026-07-11T17:10:27] PARAM condition=high_lat_high_loss
[2026-07-11T17:10:27] METRIC feat_packet_loss_rate_pct=4.6857
[2026-07-11T17:10:27] METRIC feat_throughput_mbps=2366.96
[2026-07-11T17:10:27] METRIC feat_rtt_ms=42.084
[2026-07-11T17:10:27] METRIC feat_jitter_ms=10.887
[2026-07-11T17:10:27] METRIC feat_bw_utilization_pct=76.5
[2026-07-11T17:10:27] METRIC feat_cache_hit_ratio=0.8312
[2026-07-11T17:10:27] METRIC feat_avg_object_size_kb=45.079
[2026-07-11T17:10:27] METRIC feat_retransmission_count=28
[2026-07-11T17:10:27] METRIC true_optimal_mtu_bytes=3272
[2026-07-11T17:10:27] METRIC mlp_predicted_mtu_bytes=3079
[2026-07-11T17:10:27] METRIC mlp_confidence=0.7897
[2026-07-11T17:10:27] METRIC abs_error_bytes=193
[2026-07-11T17:10:27] METRIC update_applied=False
[2026-07-11T17:10:27] RUN_END status=OK
[2026-07-11T17:15:42] RUN_START run_id=MTU_high_lat_high_loss_130
[2026-07-11T17:15:42] PARAM condition=high_lat_high_loss
[2026-07-11T17:15:42] METRIC feat_packet_loss_rate_pct=3.6432
[2026-07-11T17:15:42] METRIC feat_throughput_mbps=1714.68
[2026-07-11T17:15:42] METRIC feat_rtt_ms=52.314
[2026-07-11T17:15:42] METRIC feat_jitter_ms=5.653
[2026-07-11T17:15:42] METRIC feat_bw_utilization_pct=73.2
[2026-07-11T17:15:42] METRIC feat_cache_hit_ratio=0.873
[2026-07-11T17:15:42] METRIC feat_avg_object_size_kb=19.001
[2026-07-11T17:15:42] METRIC feat_retransmission_count=21
[2026-07-11T17:15:42] METRIC true_optimal_mtu_bytes=2504
[2026-07-11T17:15:42] METRIC mlp_predicted_mtu_bytes=2232
[2026-07-11T17:15:42] METRIC mlp_confidence=0.7157
[2026-07-11T17:15:42] METRIC abs_error_bytes=272
[2026-07-11T17:15:42] METRIC update_applied=False
[2026-07-11T17:15:42] RUN_END status=OK
[2026-07-11T23:06:46] RUN_START run_id=MTU_low_lat_high_loss_100
[2026-07-11T23:06:46] PARAM condition=low_lat_high_loss
[2026-07-11T23:06:46] METRIC feat_packet_loss_rate_pct=3.139
[2026-07-11T23:06:46] METRIC feat_throughput_mbps=6839.0
[2026-07-11T23:06:46] METRIC feat_rtt_ms=5.821
[2026-07-11T23:06:46] METRIC feat_jitter_ms=1.243
[2026-07-11T23:06:46] METRIC feat_bw_utilization_pct=74.77
[2026-07-11T23:06:46] METRIC feat_cache_hit_ratio=0.7059
[2026-07-11T23:06:46] METRIC feat_avg_object_size_kb=100.908
[2026-07-11T23:06:46] METRIC feat_retransmission_count=23
[2026-07-11T23:06:46] METRIC true_optimal_mtu_bytes=4544
[2026-07-11T23:06:46] METRIC mlp_predicted_mtu_bytes=4672
[2026-07-11T23:06:46] METRIC mlp_confidence=0.9016
[2026-07-11T23:06:46] METRIC abs_error_bytes=128
[2026-07-11T23:06:46] METRIC update_applied=True
[2026-07-11T23:06:46] RUN_END status=OK
[2026-07-11T23:07:44] RUN_START run_id=MTU_low_lat_high_loss_101
[2026-07-11T23:07:44] PARAM condition=low_lat_high_loss
[2026-07-11T23:07:44] METRIC feat_packet_loss_rate_pct=5.1013
[2026-07-11T23:07:44] METRIC feat_throughput_mbps=6674.22
[2026-07-11T23:07:44] METRIC feat_rtt_ms=5.267
[2026-07-11T23:07:44] METRIC feat_jitter_ms=0.806
[2026-07-11T23:07:44] METRIC feat_bw_utilization_pct=73.26
[2026-07-11T23:07:44] METRIC feat_cache_hit_ratio=0.9138
[2026-07-11T23:07:44] METRIC feat_avg_object_size_kb=0.411
[2026-07-11T23:07:44] METRIC feat_retransmission_count=31
[2026-07-11T23:07:44] METRIC true_optimal_mtu_bytes=1000
[2026-07-11T23:07:44] METRIC mlp_predicted_mtu_bytes=1399
[2026-07-11T23:07:44] METRIC mlp_confidence=0.6061
[2026-07-11T23:07:44] METRIC abs_error_bytes=399
[2026-07-11T23:07:44] METRIC update_applied=False
[2026-07-11T23:07:44] RUN_END status=OK
[2026-07-11T23:12:01] RUN_START run_id=MTU_low_lat_high_loss_102
[2026-07-11T23:12:01] PARAM condition=low_lat_high_loss
[2026-07-11T23:12:01] METRIC feat_packet_loss_rate_pct=5.6758
[2026-07-11T23:12:01] METRIC feat_throughput_mbps=4813.6
[2026-07-11T23:12:01] METRIC feat_rtt_ms=1.636
[2026-07-11T23:12:01] METRIC feat_jitter_ms=0.487
[2026-07-11T23:12:01] METRIC feat_bw_utilization_pct=81.48
[2026-07-11T23:12:01] METRIC feat_cache_hit_ratio=0.8137
[2026-07-11T23:12:01] METRIC feat_avg_object_size_kb=0.542
[2026-07-11T23:12:01] METRIC feat_retransmission_count=27
[2026-07-11T23:12:01] METRIC true_optimal_mtu_bytes=1000
[2026-07-11T23:12:01] METRIC mlp_predicted_mtu_bytes=893
[2026-07-11T23:12:01] METRIC mlp_confidence=0.8625
[2026-07-11T23:12:01] METRIC abs_error_bytes=107
[2026-07-11T23:12:01] METRIC update_applied=True
[2026-07-11T23:12:01] RUN_END status=OK
[2026-07-11T23:14:12] RUN_START run_id=MTU_low_lat_high_loss_103
[2026-07-11T23:14:12] PARAM condition=low_lat_high_loss
[2026-07-11T23:14:12] METRIC feat_packet_loss_rate_pct=4.0663
[2026-07-11T23:14:12] METRIC feat_throughput_mbps=223.65
[2026-07-11T23:14:12] METRIC feat_rtt_ms=8.258
[2026-07-11T23:14:12] METRIC feat_jitter_ms=1.02
[2026-07-11T23:14:12] METRIC feat_bw_utilization_pct=74.77
[2026-07-11T23:14:12] METRIC feat_cache_hit_ratio=0.6537
[2026-07-11T23:14:12] METRIC feat_avg_object_size_kb=555.847
[2026-07-11T23:14:12] METRIC feat_retransmission_count=27
[2026-07-11T23:14:12] METRIC true_optimal_mtu_bytes=5264
[2026-07-11T23:14:12] METRIC mlp_predicted_mtu_bytes=5272
[2026-07-11T23:14:12] METRIC mlp_confidence=0.9847
[2026-07-11T23:14:12] METRIC abs_error_bytes=8
[2026-07-11T23:14:12] METRIC update_applied=True
[2026-07-11T23:14:12] RUN_END status=OK
[2026-07-11T23:15:07] RUN_START run_id=MTU_low_lat_high_loss_104
[2026-07-11T23:15:07] PARAM condition=low_lat_high_loss
[2026-07-11T23:15:07] METRIC feat_packet_loss_rate_pct=5.131
[2026-07-11T23:15:07] METRIC feat_throughput_mbps=5908.56
[2026-07-11T23:15:07] METRIC feat_rtt_ms=1.892
[2026-07-11T23:15:07] METRIC feat_jitter_ms=1.608
[2026-07-11T23:15:07] METRIC feat_bw_utilization_pct=90.78
[2026-07-11T23:15:07] METRIC feat_cache_hit_ratio=0.7483
[2026-07-11T23:15:07] METRIC feat_avg_object_size_kb=115.382
[2026-07-11T23:15:07] METRIC feat_retransmission_count=32
[2026-07-11T23:15:07] METRIC true_optimal_mtu_bytes=4312
[2026-07-11T23:15:07] METRIC mlp_predicted_mtu_bytes=4312
[2026-07-11T23:15:07] METRIC mlp_confidence=0.9644
[2026-07-11T23:15:07] METRIC abs_error_bytes=0
[2026-07-11T23:15:07] METRIC update_applied=True
[2026-07-11T23:15:07] RUN_END status=OK
[2026-07-11T23:17:56] RUN_START run_id=MTU_low_lat_high_loss_105
[2026-07-11T23:17:56] PARAM condition=low_lat_high_loss
[2026-07-11T23:17:56] METRIC feat_packet_loss_rate_pct=5.3924
[2026-07-11T23:17:56] METRIC feat_throughput_mbps=1801.57
[2026-07-11T23:17:56] METRIC feat_rtt_ms=1.666
[2026-07-11T23:17:56] METRIC feat_jitter_ms=1.98
[2026-07-11T23:17:56] METRIC feat_bw_utilization_pct=63.26
[2026-07-11T23:17:56] METRIC feat_cache_hit_ratio=0.941
[2026-07-11T23:17:56] METRIC feat_avg_object_size_kb=881.734
[2026-07-11T23:17:56] METRIC feat_retransmission_count=27
[2026-07-11T23:17:56] METRIC true_optimal_mtu_bytes=5184
[2026-07-11T23:17:56] METRIC mlp_predicted_mtu_bytes=5196
[2026-07-11T23:17:56] METRIC mlp_confidence=0.99
[2026-07-11T23:17:56] METRIC abs_error_bytes=12
[2026-07-11T23:17:56] METRIC update_applied=True
[2026-07-11T23:17:56] RUN_END status=OK
[2026-07-11T23:20:29] RUN_START run_id=MTU_low_lat_high_loss_106
[2026-07-11T23:20:29] PARAM condition=low_lat_high_loss
[2026-07-11T23:20:29] METRIC feat_packet_loss_rate_pct=3.98
[2026-07-11T23:20:29] METRIC feat_throughput_mbps=4922.3
[2026-07-11T23:20:29] METRIC feat_rtt_ms=4.084
[2026-07-11T23:20:29] METRIC feat_jitter_ms=0.936
[2026-07-11T23:20:29] METRIC feat_bw_utilization_pct=22.99
[2026-07-11T23:20:29] METRIC feat_cache_hit_ratio=0.5631
[2026-07-11T23:20:29] METRIC feat_avg_object_size_kb=854.26
[2026-07-11T23:20:29] METRIC feat_retransmission_count=26
[2026-07-11T23:20:29] METRIC true_optimal_mtu_bytes=5600
[2026-07-11T23:20:29] METRIC mlp_predicted_mtu_bytes=5508
[2026-07-11T23:20:29] METRIC mlp_confidence=0.8589
[2026-07-11T23:20:29] METRIC abs_error_bytes=92
[2026-07-11T23:20:29] METRIC update_applied=True
[2026-07-11T23:20:29] RUN_END status=OK
[2026-07-11T23:23:11] RUN_START run_id=MTU_low_lat_high_loss_107
[2026-07-11T23:23:11] PARAM condition=low_lat_high_loss
[2026-07-11T23:23:11] METRIC feat_packet_loss_rate_pct=4.4455
[2026-07-11T23:23:11] METRIC feat_throughput_mbps=2890.06
[2026-07-11T23:23:11] METRIC feat_rtt_ms=8.565
[2026-07-11T23:23:11] METRIC feat_jitter_ms=0.766
[2026-07-11T23:23:11] METRIC feat_bw_utilization_pct=92.38
[2026-07-11T23:23:11] METRIC feat_cache_hit_ratio=0.8164
[2026-07-11T23:23:11] METRIC feat_avg_object_size_kb=7.232
[2026-07-11T23:23:11] METRIC feat_retransmission_count=22
[2026-07-11T23:23:11] METRIC true_optimal_mtu_bytes=1424
[2026-07-11T23:23:11] METRIC mlp_predicted_mtu_bytes=1151
[2026-07-11T23:23:11] METRIC mlp_confidence=0.6694
[2026-07-11T23:23:11] METRIC abs_error_bytes=273
[2026-07-11T23:23:11] METRIC update_applied=False
[2026-07-11T23:23:11] RUN_END status=OK
[2026-07-11T23:25:02] RUN_START run_id=MTU_low_lat_high_loss_108
[2026-07-11T23:25:02] PARAM condition=low_lat_high_loss
[2026-07-11T23:25:02] METRIC feat_packet_loss_rate_pct=3.7787
[2026-07-11T23:25:02] METRIC feat_throughput_mbps=5976.59
[2026-07-11T23:25:02] METRIC feat_rtt_ms=6.817
[2026-07-11T23:25:02] METRIC feat_jitter_ms=0.651
[2026-07-11T23:25:02] METRIC feat_bw_utilization_pct=85.93
[2026-07-11T23:25:02] METRIC feat_cache_hit_ratio=0.6308
[2026-07-11T23:25:02] METRIC feat_avg_object_size_kb=5.337
[2026-07-11T23:25:02] METRIC feat_retransmission_count=29
[2026-07-11T23:25:02] METRIC true_optimal_mtu_bytes=1272
[2026-07-11T23:25:02] METRIC mlp_predicted_mtu_bytes=1281
[2026-07-11T23:25:02] METRIC mlp_confidence=0.976
[2026-07-11T23:25:02] METRIC abs_error_bytes=9
[2026-07-11T23:25:02] METRIC update_applied=True
[2026-07-11T23:25:02] RUN_END status=OK
[2026-07-11T23:26:31] RUN_START run_id=MTU_low_lat_high_loss_109
[2026-07-11T23:26:31] PARAM condition=low_lat_high_loss
[2026-07-11T23:26:31] METRIC feat_packet_loss_rate_pct=4.0144
[2026-07-11T23:26:31] METRIC feat_throughput_mbps=8120.52
[2026-07-11T23:26:31] METRIC feat_rtt_ms=5.331
[2026-07-11T23:26:31] METRIC feat_jitter_ms=0.388
[2026-07-11T23:26:31] METRIC feat_bw_utilization_pct=26.47
[2026-07-11T23:26:31] METRIC feat_cache_hit_ratio=0.5976
[2026-07-11T23:26:31] METRIC feat_avg_object_size_kb=6.393
[2026-07-11T23:26:31] METRIC feat_retransmission_count=18
[2026-07-11T23:26:31] METRIC true_optimal_mtu_bytes=1600
[2026-07-11T23:26:31] METRIC mlp_predicted_mtu_bytes=1776
[2026-07-11T23:26:31] METRIC mlp_confidence=0.785
[2026-07-11T23:26:31] METRIC abs_error_bytes=176
[2026-07-11T23:26:31] METRIC update_applied=False
[2026-07-11T23:26:31] RUN_END status=OK
[2026-07-11T23:29:53] RUN_START run_id=MTU_low_lat_high_loss_110
[2026-07-11T23:29:53] PARAM condition=low_lat_high_loss
[2026-07-11T23:29:53] METRIC feat_packet_loss_rate_pct=3.7448
[2026-07-11T23:29:53] METRIC feat_throughput_mbps=1661.37
[2026-07-11T23:29:53] METRIC feat_rtt_ms=6.794
[2026-07-11T23:29:53] METRIC feat_jitter_ms=0.862
[2026-07-11T23:29:53] METRIC feat_bw_utilization_pct=64.3
[2026-07-11T23:29:53] METRIC feat_cache_hit_ratio=0.3428
[2026-07-11T23:29:53] METRIC feat_avg_object_size_kb=8.997
[2026-07-11T23:29:53] METRIC feat_retransmission_count=24
[2026-07-11T23:29:53] METRIC true_optimal_mtu_bytes=1584
[2026-07-11T23:29:53] METRIC mlp_predicted_mtu_bytes=1501
[2026-07-11T23:29:53] METRIC mlp_confidence=0.8864
[2026-07-11T23:29:53] METRIC abs_error_bytes=83
[2026-07-11T23:29:53] METRIC update_applied=True
[2026-07-11T23:29:53] RUN_END status=OK
[2026-07-11T23:31:35] RUN_START run_id=MTU_low_lat_high_loss_111
[2026-07-11T23:31:35] PARAM condition=low_lat_high_loss
[2026-07-11T23:31:35] METRIC feat_packet_loss_rate_pct=3.6628
[2026-07-11T23:31:35] METRIC feat_throughput_mbps=8970.78
[2026-07-11T23:31:35] METRIC feat_rtt_ms=4.44
[2026-07-11T23:31:35] METRIC feat_jitter_ms=1.963
[2026-07-11T23:31:35] METRIC feat_bw_utilization_pct=14.68
[2026-07-11T23:31:35] METRIC feat_cache_hit_ratio=0.869
[2026-07-11T23:31:35] METRIC feat_avg_object_size_kb=8.326
[2026-07-11T23:31:35] METRIC feat_retransmission_count=17
[2026-07-11T23:31:35] METRIC true_optimal_mtu_bytes=1536
[2026-07-11T23:31:35] METRIC mlp_predicted_mtu_bytes=1589
[2026-07-11T23:31:35] METRIC mlp_confidence=0.9127
[2026-07-11T23:31:35] METRIC abs_error_bytes=53
[2026-07-11T23:31:35] METRIC update_applied=True
[2026-07-11T23:31:35] RUN_END status=OK
[2026-07-11T23:33:55] RUN_START run_id=MTU_low_lat_high_loss_112
[2026-07-11T23:33:55] PARAM condition=low_lat_high_loss
[2026-07-11T23:33:55] METRIC feat_packet_loss_rate_pct=4.3834
[2026-07-11T23:33:55] METRIC feat_throughput_mbps=6681.12
[2026-07-11T23:33:55] METRIC feat_rtt_ms=5.154
[2026-07-11T23:33:55] METRIC feat_jitter_ms=1.124
[2026-07-11T23:33:55] METRIC feat_bw_utilization_pct=75.42
[2026-07-11T23:33:55] METRIC feat_cache_hit_ratio=0.638
[2026-07-11T23:33:55] METRIC feat_avg_object_size_kb=0.127
[2026-07-11T23:33:55] METRIC feat_retransmission_count=30
[2026-07-11T23:33:55] METRIC true_optimal_mtu_bytes=1000
[2026-07-11T23:33:55] METRIC mlp_predicted_mtu_bytes=1154
[2026-07-11T23:33:55] METRIC mlp_confidence=0.8549
[2026-07-11T23:33:55] METRIC abs_error_bytes=154
[2026-07-11T23:33:55] METRIC update_applied=True
[2026-07-11T23:33:55] RUN_END status=OK
[2026-07-11T23:35:13] RUN_START run_id=MTU_low_lat_high_loss_113
[2026-07-11T23:35:13] PARAM condition=low_lat_high_loss
[2026-07-11T23:35:13] METRIC feat_packet_loss_rate_pct=4.1381
[2026-07-11T23:35:13] METRIC feat_throughput_mbps=7967.45
[2026-07-11T23:35:13] METRIC feat_rtt_ms=1.045
[2026-07-11T23:35:13] METRIC feat_jitter_ms=0.699
[2026-07-11T23:35:13] METRIC feat_bw_utilization_pct=74.68
[2026-07-11T23:35:13] METRIC feat_cache_hit_ratio=0.488
[2026-07-11T23:35:13] METRIC feat_avg_object_size_kb=5.538
[2026-07-11T23:35:13] METRIC feat_retransmission_count=28
[2026-07-11T23:35:13] METRIC true_optimal_mtu_bytes=1320
[2026-07-11T23:35:13] METRIC mlp_predicted_mtu_bytes=1271
[2026-07-11T23:35:13] METRIC mlp_confidence=0.9608
[2026-07-11T23:35:13] METRIC abs_error_bytes=49
[2026-07-11T23:35:13] METRIC update_applied=True
[2026-07-11T23:35:13] RUN_END status=OK
[2026-07-11T23:37:00] RUN_START run_id=MTU_low_lat_high_loss_114
[2026-07-11T23:37:00] PARAM condition=low_lat_high_loss
[2026-07-11T23:37:00] METRIC feat_packet_loss_rate_pct=5.4588
[2026-07-11T23:37:00] METRIC feat_throughput_mbps=6799.27
[2026-07-11T23:37:00] METRIC feat_rtt_ms=6.335
[2026-07-11T23:37:00] METRIC feat_jitter_ms=0.444
[2026-07-11T23:37:00] METRIC feat_bw_utilization_pct=53.82
[2026-07-11T23:37:00] METRIC feat_cache_hit_ratio=0.6363
[2026-07-11T23:37:00] METRIC feat_avg_object_size_kb=2260.185
[2026-07-11T23:37:00] METRIC feat_retransmission_count=31
[2026-07-11T23:37:00] METRIC true_optimal_mtu_bytes=5320
[2026-07-11T23:37:00] METRIC mlp_predicted_mtu_bytes=5183
[2026-07-11T23:37:00] METRIC mlp_confidence=0.9059
[2026-07-11T23:37:00] METRIC abs_error_bytes=137
[2026-07-11T23:37:00] METRIC update_applied=True
[2026-07-11T23:37:00] RUN_END status=OK
[2026-07-11T23:41:56] RUN_START run_id=MTU_low_lat_high_loss_115
[2026-07-11T23:41:56] PARAM condition=low_lat_high_loss
[2026-07-11T23:41:56] METRIC feat_packet_loss_rate_pct=3.3251
[2026-07-11T23:41:56] METRIC feat_throughput_mbps=3945.69
[2026-07-11T23:41:56] METRIC feat_rtt_ms=4.159
[2026-07-11T23:41:56] METRIC feat_jitter_ms=0.658
[2026-07-11T23:41:56] METRIC feat_bw_utilization_pct=61.87
[2026-07-11T23:41:56] METRIC feat_cache_hit_ratio=0.85
[2026-07-11T23:41:56] METRIC feat_avg_object_size_kb=539.7
[2026-07-11T23:41:56] METRIC feat_retransmission_count=14
[2026-07-11T23:41:56] METRIC true_optimal_mtu_bytes=6008
[2026-07-11T23:41:56] METRIC mlp_predicted_mtu_bytes=5959
[2026-07-11T23:41:56] METRIC mlp_confidence=0.919
[2026-07-11T23:41:56] METRIC abs_error_bytes=49
[2026-07-11T23:41:56] METRIC update_applied=True
[2026-07-11T23:41:56] RUN_END status=OK
[2026-07-12T03:34:23] RUN_START run_id=MTU_high_lat_high_loss_131
[2026-07-12T03:34:23] PARAM condition=high_lat_high_loss
[2026-07-12T03:34:23] METRIC feat_packet_loss_rate_pct=5.0783
[2026-07-12T03:34:23] METRIC feat_throughput_mbps=2429.08
[2026-07-12T03:34:23] METRIC feat_rtt_ms=45.159
[2026-07-12T03:34:23] METRIC feat_jitter_ms=8.897
[2026-07-12T03:34:23] METRIC feat_bw_utilization_pct=36.24
[2026-07-12T03:34:23] METRIC feat_cache_hit_ratio=0.4868
[2026-07-12T03:34:23] METRIC feat_avg_object_size_kb=675.264
[2026-07-12T03:34:23] METRIC feat_retransmission_count=39
[2026-07-12T03:34:23] METRIC true_optimal_mtu_bytes=5200
[2026-07-12T03:34:23] METRIC mlp_predicted_mtu_bytes=5366
[2026-07-12T03:34:23] METRIC mlp_confidence=0.8074
[2026-07-12T03:34:23] METRIC abs_error_bytes=166
[2026-07-12T03:34:23] METRIC update_applied=True
[2026-07-12T03:34:23] RUN_END status=OK
