[2026-07-06T11:27:38] RUN_START run_id=MTU_high_lat_high_loss_014
[2026-07-06T11:27:38] PARAM condition=high_lat_high_loss
[2026-07-06T11:27:38] METRIC feat_packet_loss_rate_pct=4.7957
[2026-07-06T11:27:38] METRIC feat_throughput_mbps=8271.68
[2026-07-06T11:27:38] METRIC feat_rtt_ms=43.65
[2026-07-06T11:27:38] METRIC feat_jitter_ms=5.897
[2026-07-06T11:27:38] METRIC feat_bw_utilization_pct=42.86
[2026-07-06T11:27:38] METRIC feat_cache_hit_ratio=0.9692
[2026-07-06T11:27:38] METRIC feat_avg_object_size_kb=363.66
[2026-07-06T11:27:38] METRIC feat_retransmission_count=29
[2026-07-06T11:27:38] METRIC true_optimal_mtu_bytes=5008
[2026-07-06T11:27:38] METRIC mlp_predicted_mtu_bytes=4946
[2026-07-06T11:27:38] METRIC mlp_confidence=0.9307
[2026-07-06T11:27:38] METRIC abs_error_bytes=62
[2026-07-06T11:27:38] METRIC update_applied=True
[2026-07-06T11:27:38] RUN_END status=OK
[2026-07-06T11:28:01] RUN_START run_id=MTU_high_lat_high_loss_015
[2026-07-06T11:28:01] PARAM condition=high_lat_high_loss
[2026-07-06T11:28:01] METRIC feat_packet_loss_rate_pct=5.1911
[2026-07-06T11:28:01] METRIC feat_throughput_mbps=4340.7
[2026-07-06T11:28:01] METRIC feat_rtt_ms=52.282
[2026-07-06T11:28:01] METRIC feat_jitter_ms=8.955
[2026-07-06T11:28:01] METRIC feat_bw_utilization_pct=77.82
[2026-07-06T11:28:01] METRIC feat_cache_hit_ratio=0.4107
[2026-07-06T11:28:01] METRIC feat_avg_object_size_kb=0.213
[2026-07-06T11:28:01] METRIC feat_retransmission_count=29
[2026-07-06T11:28:01] METRIC true_optimal_mtu_bytes=1000
[2026-07-06T11:28:01] METRIC mlp_predicted_mtu_bytes=740
[2026-07-06T11:28:01] METRIC mlp_confidence=0.7344
[2026-07-06T11:28:01] METRIC abs_error_bytes=260
[2026-07-06T11:28:01] METRIC update_applied=False
[2026-07-06T11:28:01] RUN_END status=OK
[2026-07-06T11:29:10] RUN_START run_id=MTU_high_lat_high_loss_016
[2026-07-06T11:29:10] PARAM condition=high_lat_high_loss
[2026-07-06T11:29:10] METRIC feat_packet_loss_rate_pct=4.335
[2026-07-06T11:29:10] METRIC feat_throughput_mbps=5816.22
[2026-07-06T11:29:10] METRIC feat_rtt_ms=58.841
[2026-07-06T11:29:10] METRIC feat_jitter_ms=8.281
[2026-07-06T11:29:10] METRIC feat_bw_utilization_pct=92.13
[2026-07-06T11:29:10] METRIC feat_cache_hit_ratio=0.8393
[2026-07-06T11:29:10] METRIC feat_avg_object_size_kb=46.04
[2026-07-06T11:29:10] METRIC feat_retransmission_count=27
[2026-07-06T11:29:10] METRIC true_optimal_mtu_bytes=3296
[2026-07-06T11:29:10] METRIC mlp_predicted_mtu_bytes=3161
[2026-07-06T11:29:10] METRIC mlp_confidence=0.8711
[2026-07-06T11:29:10] METRIC abs_error_bytes=135
[2026-07-06T11:29:10] METRIC update_applied=True
[2026-07-06T11:29:10] RUN_END status=OK
[2026-07-06T11:29:35] RUN_START run_id=MTU_high_lat_high_loss_017
[2026-07-06T11:29:35] PARAM condition=high_lat_high_loss
[2026-07-06T11:29:35] METRIC feat_packet_loss_rate_pct=5.6823
[2026-07-06T11:29:35] METRIC feat_throughput_mbps=8952.13
[2026-07-06T11:29:35] METRIC feat_rtt_ms=40.594
[2026-07-06T11:29:35] METRIC feat_jitter_ms=6.228
[2026-07-06T11:29:35] METRIC feat_bw_utilization_pct=83.79
[2026-07-06T11:29:35] METRIC feat_cache_hit_ratio=0.3994
[2026-07-06T11:29:35] METRIC feat_avg_object_size_kb=4558.728
[2026-07-06T11:29:35] METRIC feat_retransmission_count=37
[2026-07-06T11:29:35] METRIC true_optimal_mtu_bytes=5304
[2026-07-06T11:29:35] METRIC mlp_predicted_mtu_bytes=5174
[2026-07-06T11:29:35] METRIC mlp_confidence=0.8433
[2026-07-06T11:29:35] METRIC abs_error_bytes=130
[2026-07-06T11:29:35] METRIC update_applied=True
[2026-07-06T11:29:35] RUN_END status=OK
[2026-07-06T11:31:14] RUN_START run_id=MTU_high_lat_high_loss_018
[2026-07-06T11:31:14] PARAM condition=high_lat_high_loss
[2026-07-06T11:31:14] METRIC feat_packet_loss_rate_pct=3.7234
[2026-07-06T11:31:14] METRIC feat_throughput_mbps=1815.75
[2026-07-06T11:31:14] METRIC feat_rtt_ms=38.766
[2026-07-06T11:31:14] METRIC feat_jitter_ms=9.056
[2026-07-06T11:31:14] METRIC feat_bw_utilization_pct=80.7
[2026-07-06T11:31:14] METRIC feat_cache_hit_ratio=0.5628
[2026-07-06T11:31:14] METRIC feat_avg_object_size_kb=3670.524
[2026-07-06T11:31:14] METRIC feat_retransmission_count=23
[2026-07-06T11:31:14] METRIC true_optimal_mtu_bytes=5952
[2026-07-06T11:31:14] METRIC mlp_predicted_mtu_bytes=6333
[2026-07-06T11:31:14] METRIC mlp_confidence=0.5445
[2026-07-06T11:31:14] METRIC abs_error_bytes=381
[2026-07-06T11:31:14] METRIC update_applied=False
[2026-07-06T11:31:14] RUN_END status=OK
[2026-07-06T11:36:18] RUN_START run_id=MTU_high_lat_high_loss_019
[2026-07-06T11:36:18] PARAM condition=high_lat_high_loss
[2026-07-06T11:36:18] METRIC feat_packet_loss_rate_pct=6.0402
[2026-07-06T11:36:18] METRIC feat_throughput_mbps=3266.8
[2026-07-06T11:36:18] METRIC feat_rtt_ms=44.721
[2026-07-06T11:36:18] METRIC feat_jitter_ms=11.988
[2026-07-06T11:36:18] METRIC feat_bw_utilization_pct=41.98
[2026-07-06T11:36:18] METRIC feat_cache_hit_ratio=0.6559
[2026-07-06T11:36:18] METRIC feat_avg_object_size_kb=6.721
[2026-07-06T11:36:18] METRIC feat_retransmission_count=31
[2026-07-06T11:36:18] METRIC true_optimal_mtu_bytes=1416
[2026-07-06T11:36:18] METRIC mlp_predicted_mtu_bytes=1531
[2026-07-06T11:36:18] METRIC mlp_confidence=0.8675
[2026-07-06T11:36:18] METRIC abs_error_bytes=115
[2026-07-06T11:36:18] METRIC update_applied=True
[2026-07-06T11:36:18] RUN_END status=OK
[2026-07-06T11:36:50] RUN_START run_id=MTU_high_lat_high_loss_020
[2026-07-06T11:36:50] PARAM condition=high_lat_high_loss
[2026-07-06T11:36:50] METRIC feat_packet_loss_rate_pct=5.273
[2026-07-06T11:36:50] METRIC feat_throughput_mbps=4515.01
[2026-07-06T11:36:50] METRIC feat_rtt_ms=52.898
[2026-07-06T11:36:50] METRIC feat_jitter_ms=5.661
[2026-07-06T11:36:50] METRIC feat_bw_utilization_pct=60.36
[2026-07-06T11:36:50] METRIC feat_cache_hit_ratio=0.5536
[2026-07-06T11:36:50] METRIC feat_avg_object_size_kb=497.039
[2026-07-06T11:36:50] METRIC feat_retransmission_count=39
[2026-07-06T11:36:50] METRIC true_optimal_mtu_bytes=5160
[2026-07-06T11:36:50] METRIC mlp_predicted_mtu_bytes=5236
[2026-07-06T11:36:50] METRIC mlp_confidence=0.9372
[2026-07-06T11:36:50] METRIC abs_error_bytes=76
[2026-07-06T11:36:50] METRIC update_applied=True
[2026-07-06T11:36:50] RUN_END status=OK
[2026-07-06T11:39:58] RUN_START run_id=MTU_high_lat_high_loss_021
[2026-07-06T11:39:58] PARAM condition=high_lat_high_loss
[2026-07-06T11:39:58] METRIC feat_packet_loss_rate_pct=5.8096
[2026-07-06T11:39:58] METRIC feat_throughput_mbps=8461.72
[2026-07-06T11:39:58] METRIC feat_rtt_ms=51.462
[2026-07-06T11:39:58] METRIC feat_jitter_ms=6.796
[2026-07-06T11:39:58] METRIC feat_bw_utilization_pct=92.87
[2026-07-06T11:39:58] METRIC feat_cache_hit_ratio=0.7962
[2026-07-06T11:39:58] METRIC feat_avg_object_size_kb=56.17
[2026-07-06T11:39:58] METRIC feat_retransmission_count=36
[2026-07-06T11:39:58] METRIC true_optimal_mtu_bytes=3536
[2026-07-06T11:39:58] METRIC mlp_predicted_mtu_bytes=3565
[2026-07-06T11:39:58] METRIC mlp_confidence=0.99
[2026-07-06T11:39:58] METRIC abs_error_bytes=29
[2026-07-06T11:39:58] METRIC update_applied=True
[2026-07-06T11:39:58] RUN_END status=OK
[2026-07-06T11:41:27] RUN_START run_id=MTU_high_lat_high_loss_022
[2026-07-06T11:41:27] PARAM condition=high_lat_high_loss
[2026-07-06T11:41:27] METRIC feat_packet_loss_rate_pct=5.4294
[2026-07-06T11:41:27] METRIC feat_throughput_mbps=2315.44
[2026-07-06T11:41:27] METRIC feat_rtt_ms=50.554
[2026-07-06T11:41:27] METRIC feat_jitter_ms=7.891
[2026-07-06T11:41:27] METRIC feat_bw_utilization_pct=91.1
[2026-07-06T11:41:27] METRIC feat_cache_hit_ratio=0.8526
[2026-07-06T11:41:27] METRIC feat_avg_object_size_kb=1604.167
[2026-07-06T11:41:27] METRIC feat_retransmission_count=26
[2026-07-06T11:41:27] METRIC true_optimal_mtu_bytes=5464
[2026-07-06T11:41:27] METRIC mlp_predicted_mtu_bytes=4959
[2026-07-06T11:41:27] METRIC mlp_confidence=0.4593
[2026-07-06T11:41:27] METRIC abs_error_bytes=505
[2026-07-06T11:41:27] METRIC update_applied=False
[2026-07-06T11:41:27] RUN_END status=OK
[2026-07-06T11:41:49] RUN_START run_id=MTU_high_lat_high_loss_023
[2026-07-06T11:41:49] PARAM condition=high_lat_high_loss
[2026-07-06T11:41:49] METRIC feat_packet_loss_rate_pct=4.853
[2026-07-06T11:41:49] METRIC feat_throughput_mbps=6181.82
[2026-07-06T11:41:49] METRIC feat_rtt_ms=57.748
[2026-07-06T11:41:49] METRIC feat_jitter_ms=7.729
[2026-07-06T11:41:49] METRIC feat_bw_utilization_pct=49.6
[2026-07-06T11:41:49] METRIC feat_cache_hit_ratio=0.4412
[2026-07-06T11:41:49] METRIC feat_avg_object_size_kb=10.256
[2026-07-06T11:41:49] METRIC feat_retransmission_count=29
[2026-07-06T11:41:49] METRIC true_optimal_mtu_bytes=1728
[2026-07-06T11:41:49] METRIC mlp_predicted_mtu_bytes=1737
[2026-07-06T11:41:49] METRIC mlp_confidence=0.9365
[2026-07-06T11:41:49] METRIC abs_error_bytes=9
[2026-07-06T11:41:49] METRIC update_applied=True
[2026-07-06T11:41:49] RUN_END status=OK
[2026-07-06T11:42:21] RUN_START run_id=MTU_high_lat_high_loss_024
[2026-07-06T11:42:21] PARAM condition=high_lat_high_loss
[2026-07-06T11:42:21] METRIC feat_packet_loss_rate_pct=6.1027
[2026-07-06T11:42:21] METRIC feat_throughput_mbps=5149.54
[2026-07-06T11:42:21] METRIC feat_rtt_ms=44.158
[2026-07-06T11:42:21] METRIC feat_jitter_ms=10.741
[2026-07-06T11:42:21] METRIC feat_bw_utilization_pct=38.87
[2026-07-06T11:42:21] METRIC feat_cache_hit_ratio=0.4806
[2026-07-06T11:42:21] METRIC feat_avg_object_size_kb=15.998
[2026-07-06T11:42:21] METRIC feat_retransmission_count=28
[2026-07-06T11:42:21] METRIC true_optimal_mtu_bytes=2096
[2026-07-06T11:42:21] METRIC mlp_predicted_mtu_bytes=2222
[2026-07-06T11:42:21] METRIC mlp_confidence=0.782
[2026-07-06T11:42:21] METRIC abs_error_bytes=126
[2026-07-06T11:42:21] METRIC update_applied=False
[2026-07-06T11:42:21] RUN_END status=OK
[2026-07-07T06:34:51] RUN_START run_id=MTU_high_lat_high_loss_025
[2026-07-07T06:34:51] PARAM condition=high_lat_high_loss
[2026-07-07T06:34:51] METRIC feat_packet_loss_rate_pct=3.8786
[2026-07-07T06:34:51] METRIC feat_throughput_mbps=3755.47
[2026-07-07T06:34:51] METRIC feat_rtt_ms=50.186
[2026-07-07T06:34:51] METRIC feat_jitter_ms=10.123
[2026-07-07T06:34:51] METRIC feat_bw_utilization_pct=63.88
[2026-07-07T06:34:51] METRIC feat_cache_hit_ratio=0.5588
[2026-07-07T06:34:51] METRIC feat_avg_object_size_kb=2575.467
[2026-07-07T06:34:51] METRIC feat_retransmission_count=28
[2026-07-07T06:34:51] METRIC true_optimal_mtu_bytes=5648
[2026-07-07T06:34:51] METRIC mlp_predicted_mtu_bytes=5858
[2026-07-07T06:34:51] METRIC mlp_confidence=0.7213
[2026-07-07T06:34:51] METRIC abs_error_bytes=210
[2026-07-07T06:34:51] METRIC update_applied=False
[2026-07-07T06:34:51] RUN_END status=OK
[2026-07-07T06:41:45] RUN_START run_id=MTU_high_lat_high_loss_026
[2026-07-07T06:41:45] PARAM condition=high_lat_high_loss
[2026-07-07T06:41:45] METRIC feat_packet_loss_rate_pct=5.779
[2026-07-07T06:41:45] METRIC feat_throughput_mbps=7676.28
[2026-07-07T06:41:45] METRIC feat_rtt_ms=57.276
[2026-07-07T06:41:45] METRIC feat_jitter_ms=9.657
[2026-07-07T06:41:45] METRIC feat_bw_utilization_pct=90.28
[2026-07-07T06:41:45] METRIC feat_cache_hit_ratio=0.5211
[2026-07-07T06:41:45] METRIC feat_avg_object_size_kb=13.366
[2026-07-07T06:41:45] METRIC feat_retransmission_count=29
[2026-07-07T06:41:45] METRIC true_optimal_mtu_bytes=1936
[2026-07-07T06:41:45] METRIC mlp_predicted_mtu_bytes=1793
[2026-07-07T06:41:45] METRIC mlp_confidence=0.8737
[2026-07-07T06:41:45] METRIC abs_error_bytes=143
[2026-07-07T06:41:45] METRIC update_applied=True
[2026-07-07T06:41:45] RUN_END status=OK
[2026-07-07T06:46:19] RUN_START run_id=MTU_high_lat_high_loss_027
[2026-07-07T06:46:19] PARAM condition=high_lat_high_loss
[2026-07-07T06:46:19] METRIC feat_packet_loss_rate_pct=4.4523
[2026-07-07T06:46:19] METRIC feat_throughput_mbps=3626.22
[2026-07-07T06:46:19] METRIC feat_rtt_ms=48.555
[2026-07-07T06:46:19] METRIC feat_jitter_ms=10.165
[2026-07-07T06:46:19] METRIC feat_bw_utilization_pct=89.8
[2026-07-07T06:46:19] METRIC feat_cache_hit_ratio=0.5015
[2026-07-07T06:46:19] METRIC feat_avg_object_size_kb=8.696
[2026-07-07T06:46:19] METRIC feat_retransmission_count=21
[2026-07-07T06:46:19] METRIC true_optimal_mtu_bytes=1552
[2026-07-07T06:46:19] METRIC mlp_predicted_mtu_bytes=1491
[2026-07-07T06:46:19] METRIC mlp_confidence=0.9502
[2026-07-07T06:46:19] METRIC abs_error_bytes=61
[2026-07-07T06:46:19] METRIC update_applied=True
[2026-07-07T06:46:19] RUN_END status=OK
[2026-07-07T06:48:31] RUN_START run_id=MTU_high_lat_high_loss_028
[2026-07-07T06:48:31] PARAM condition=high_lat_high_loss
[2026-07-07T06:48:31] METRIC feat_packet_loss_rate_pct=4.9131
[2026-07-07T06:48:31] METRIC feat_throughput_mbps=1806.63
[2026-07-07T06:48:31] METRIC feat_rtt_ms=42.675
[2026-07-07T06:48:31] METRIC feat_jitter_ms=6.731
[2026-07-07T06:48:31] METRIC feat_bw_utilization_pct=68.3
[2026-07-07T06:48:31] METRIC feat_cache_hit_ratio=0.6359
[2026-07-07T06:48:31] METRIC feat_avg_object_size_kb=14.626
[2026-07-07T06:48:31] METRIC feat_retransmission_count=40
[2026-07-07T06:48:31] METRIC true_optimal_mtu_bytes=2064
[2026-07-07T06:48:31] METRIC mlp_predicted_mtu_bytes=2058
[2026-07-07T06:48:31] METRIC mlp_confidence=0.99
[2026-07-07T06:48:31] METRIC abs_error_bytes=6
[2026-07-07T06:48:31] METRIC update_applied=True
[2026-07-07T06:48:31] RUN_END status=OK
[2026-07-07T06:49:22] RUN_START run_id=MTU_high_lat_high_loss_029
[2026-07-07T06:49:22] PARAM condition=high_lat_high_loss
[2026-07-07T06:49:22] METRIC feat_packet_loss_rate_pct=6.0075
[2026-07-07T06:49:22] METRIC feat_throughput_mbps=1189.11
[2026-07-07T06:49:22] METRIC feat_rtt_ms=51.302
[2026-07-07T06:49:22] METRIC feat_jitter_ms=5.08
[2026-07-07T06:49:22] METRIC feat_bw_utilization_pct=19.1
[2026-07-07T06:49:22] METRIC feat_cache_hit_ratio=0.563
[2026-07-07T06:49:22] METRIC feat_avg_object_size_kb=703.318
[2026-07-07T06:49:22] METRIC feat_retransmission_count=35
[2026-07-07T06:49:22] METRIC true_optimal_mtu_bytes=5216
[2026-07-07T06:49:22] METRIC mlp_predicted_mtu_bytes=5229
[2026-07-07T06:49:22] METRIC mlp_confidence=0.9519
[2026-07-07T06:49:22] METRIC abs_error_bytes=13
[2026-07-07T06:49:22] METRIC update_applied=True
[2026-07-07T06:49:22] RUN_END status=OK
[2026-07-07T06:50:33] RUN_START run_id=MTU_high_lat_high_loss_030
[2026-07-07T06:50:33] PARAM condition=high_lat_high_loss
[2026-07-07T06:50:33] METRIC feat_packet_loss_rate_pct=6.1225
[2026-07-07T06:50:33] METRIC feat_throughput_mbps=7020.1
[2026-07-07T06:50:33] METRIC feat_rtt_ms=46.485
[2026-07-07T06:50:33] METRIC feat_jitter_ms=11.808
[2026-07-07T06:50:33] METRIC feat_bw_utilization_pct=46.06
[2026-07-07T06:50:33] METRIC feat_cache_hit_ratio=0.7001
[2026-07-07T06:50:33] METRIC feat_avg_object_size_kb=134.12
[2026-07-07T06:50:33] METRIC feat_retransmission_count=40
[2026-07-07T06:50:33] METRIC true_optimal_mtu_bytes=4400
[2026-07-07T06:50:33] METRIC mlp_predicted_mtu_bytes=4496
[2026-07-07T06:50:33] METRIC mlp_confidence=0.8717
[2026-07-07T06:50:33] METRIC abs_error_bytes=96
[2026-07-07T06:50:33] METRIC update_applied=True
[2026-07-07T06:50:33] RUN_END status=OK
[2026-07-07T06:52:57] RUN_START run_id=MTU_high_lat_high_loss_031
[2026-07-07T06:52:57] PARAM condition=high_lat_high_loss
[2026-07-07T06:52:57] METRIC feat_packet_loss_rate_pct=5.8445
[2026-07-07T06:52:57] METRIC feat_throughput_mbps=2466.63
[2026-07-07T06:52:57] METRIC feat_rtt_ms=45.605
[2026-07-07T06:52:57] METRIC feat_jitter_ms=5.281
[2026-07-07T06:52:57] METRIC feat_bw_utilization_pct=49.22
[2026-07-07T06:52:57] METRIC feat_cache_hit_ratio=0.4321
[2026-07-07T06:52:57] METRIC feat_avg_object_size_kb=0.107
[2026-07-07T06:52:57] METRIC feat_retransmission_count=38
[2026-07-07T06:52:57] METRIC true_optimal_mtu_bytes=1000
[2026-07-07T06:52:57] METRIC mlp_predicted_mtu_bytes=576
[2026-07-07T06:52:57] METRIC mlp_confidence=0.5554
[2026-07-07T06:52:57] METRIC abs_error_bytes=424
[2026-07-07T06:52:57] METRIC update_applied=False
[2026-07-07T06:52:57] RUN_END status=OK
[2026-07-07T06:53:25] RUN_START run_id=MTU_high_lat_high_loss_032
[2026-07-07T06:53:25] PARAM condition=high_lat_high_loss
[2026-07-07T06:53:25] METRIC feat_packet_loss_rate_pct=4.8181
[2026-07-07T06:53:25] METRIC feat_throughput_mbps=773.29
[2026-07-07T06:53:25] METRIC feat_rtt_ms=48.071
[2026-07-07T06:53:25] METRIC feat_jitter_ms=5.322
[2026-07-07T06:53:25] METRIC feat_bw_utilization_pct=60.17
[2026-07-07T06:53:25] METRIC feat_cache_hit_ratio=0.8288
[2026-07-07T06:53:25] METRIC feat_avg_object_size_kb=906.442
[2026-07-07T06:53:25] METRIC feat_retransmission_count=35
[2026-07-07T06:53:25] METRIC true_optimal_mtu_bytes=5320
[2026-07-07T06:53:25] METRIC mlp_predicted_mtu_bytes=5608
[2026-07-07T06:53:25] METRIC mlp_confidence=0.7224
[2026-07-07T06:53:25] METRIC abs_error_bytes=288
[2026-07-07T06:53:25] METRIC update_applied=False
[2026-07-07T06:53:25] RUN_END status=OK
[2026-07-07T06:55:10] RUN_START run_id=MTU_high_lat_high_loss_033
[2026-07-07T06:55:10] PARAM condition=high_lat_high_loss
[2026-07-07T06:55:10] METRIC feat_packet_loss_rate_pct=3.9946
[2026-07-07T06:55:10] METRIC feat_throughput_mbps=6243.56
[2026-07-07T06:55:10] METRIC feat_rtt_ms=41.62
[2026-07-07T06:55:10] METRIC feat_jitter_ms=11.679
[2026-07-07T06:55:10] METRIC feat_bw_utilization_pct=27.43
[2026-07-07T06:55:10] METRIC feat_cache_hit_ratio=0.8007
[2026-07-07T06:55:10] METRIC feat_avg_object_size_kb=2.237
[2026-07-07T06:55:10] METRIC feat_retransmission_count=29
[2026-07-07T06:55:10] METRIC true_optimal_mtu_bytes=1000
[2026-07-07T06:55:10] METRIC mlp_predicted_mtu_bytes=901
[2026-07-07T06:55:10] METRIC mlp_confidence=0.8748
[2026-07-07T06:55:10] METRIC abs_error_bytes=99
[2026-07-07T06:55:10] METRIC update_applied=True
[2026-07-07T06:55:10] RUN_END status=OK
