[2026-07-17T20:46:01] RUN_START run_id=MTU_high_lat_low_loss_137
[2026-07-17T20:46:01] PARAM condition=high_lat_low_loss
[2026-07-17T20:46:01] METRIC feat_packet_loss_rate_pct=0.5592
[2026-07-17T20:46:01] METRIC feat_throughput_mbps=8824.75
[2026-07-17T20:46:01] METRIC feat_rtt_ms=38.059
[2026-07-17T20:46:01] METRIC feat_jitter_ms=8.795
[2026-07-17T20:46:01] METRIC feat_bw_utilization_pct=53.61
[2026-07-17T20:46:01] METRIC feat_cache_hit_ratio=0.99
[2026-07-17T20:46:01] METRIC feat_avg_object_size_kb=2938.259
[2026-07-17T20:46:01] METRIC feat_retransmission_count=2
[2026-07-17T20:46:01] METRIC true_optimal_mtu_bytes=8056
[2026-07-17T20:46:01] METRIC mlp_predicted_mtu_bytes=8138
[2026-07-17T20:46:01] METRIC mlp_confidence=0.8802
[2026-07-17T20:46:01] METRIC abs_error_bytes=82
[2026-07-17T20:46:01] METRIC update_applied=True
[2026-07-17T20:46:01] RUN_END status=OK
[2026-07-17T20:47:22] RUN_START run_id=MTU_high_lat_low_loss_138
[2026-07-17T20:47:22] PARAM condition=high_lat_low_loss
[2026-07-17T20:47:22] METRIC feat_packet_loss_rate_pct=0.7595
[2026-07-17T20:47:22] METRIC feat_throughput_mbps=6468.07
[2026-07-17T20:47:22] METRIC feat_rtt_ms=45.952
[2026-07-17T20:47:22] METRIC feat_jitter_ms=7.67
[2026-07-17T20:47:22] METRIC feat_bw_utilization_pct=28.38
[2026-07-17T20:47:22] METRIC feat_cache_hit_ratio=0.8691
[2026-07-17T20:47:22] METRIC feat_avg_object_size_kb=99.172
[2026-07-17T20:47:22] METRIC feat_retransmission_count=6
[2026-07-17T20:47:22] METRIC true_optimal_mtu_bytes=5912
[2026-07-17T20:47:22] METRIC mlp_predicted_mtu_bytes=5943
[2026-07-17T20:47:22] METRIC mlp_confidence=0.9529
[2026-07-17T20:47:22] METRIC abs_error_bytes=31
[2026-07-17T20:47:22] METRIC update_applied=True
[2026-07-17T20:47:22] RUN_END status=OK
[2026-07-17T20:50:53] RUN_START run_id=MTU_high_lat_low_loss_139
[2026-07-17T20:50:53] PARAM condition=high_lat_low_loss
[2026-07-17T20:50:53] METRIC feat_packet_loss_rate_pct=0.3984
[2026-07-17T20:50:53] METRIC feat_throughput_mbps=8756.07
[2026-07-17T20:50:53] METRIC feat_rtt_ms=33.285
[2026-07-17T20:50:53] METRIC feat_jitter_ms=6.752
[2026-07-17T20:50:53] METRIC feat_bw_utilization_pct=19.68
[2026-07-17T20:50:53] METRIC feat_cache_hit_ratio=0.5643
[2026-07-17T20:50:53] METRIC feat_avg_object_size_kb=5.276
[2026-07-17T20:50:53] METRIC feat_retransmission_count=1
[2026-07-17T20:50:53] METRIC true_optimal_mtu_bytes=1808
[2026-07-17T20:50:53] METRIC mlp_predicted_mtu_bytes=1809
[2026-07-17T20:50:53] METRIC mlp_confidence=0.9897
[2026-07-17T20:50:53] METRIC abs_error_bytes=1
[2026-07-17T20:50:53] METRIC update_applied=True
[2026-07-17T20:50:53] RUN_END status=OK
[2026-07-17T20:53:51] RUN_START run_id=MTU_high_lat_low_loss_140
[2026-07-17T20:53:51] PARAM condition=high_lat_low_loss
[2026-07-17T20:53:51] METRIC feat_packet_loss_rate_pct=0.3921
[2026-07-17T20:53:51] METRIC feat_throughput_mbps=8504.69
[2026-07-17T20:53:51] METRIC feat_rtt_ms=37.906
[2026-07-17T20:53:51] METRIC feat_jitter_ms=6.317
[2026-07-17T20:53:51] METRIC feat_bw_utilization_pct=31.1
[2026-07-17T20:53:51] METRIC feat_cache_hit_ratio=0.6529
[2026-07-17T20:53:51] METRIC feat_avg_object_size_kb=11.827
[2026-07-17T20:53:51] METRIC feat_retransmission_count=0
[2026-07-17T20:53:51] METRIC true_optimal_mtu_bytes=2696
[2026-07-17T20:53:51] METRIC mlp_predicted_mtu_bytes=2892
[2026-07-17T20:53:51] METRIC mlp_confidence=0.7725
[2026-07-17T20:53:51] METRIC abs_error_bytes=196
[2026-07-17T20:53:51] METRIC update_applied=False
[2026-07-17T20:53:51] RUN_END status=OK
[2026-07-17T20:56:50] RUN_START run_id=MTU_high_lat_low_loss_141
[2026-07-17T20:56:50] PARAM condition=high_lat_low_loss
[2026-07-17T20:56:50] METRIC feat_packet_loss_rate_pct=0.8405
[2026-07-17T20:56:50] METRIC feat_throughput_mbps=7123.53
[2026-07-17T20:56:50] METRIC feat_rtt_ms=32.658
[2026-07-17T20:56:50] METRIC feat_jitter_ms=7.99
[2026-07-17T20:56:50] METRIC feat_bw_utilization_pct=28.84
[2026-07-17T20:56:50] METRIC feat_cache_hit_ratio=0.687
[2026-07-17T20:56:50] METRIC feat_avg_object_size_kb=65.168
[2026-07-17T20:56:50] METRIC feat_retransmission_count=4
[2026-07-17T20:56:50] METRIC true_optimal_mtu_bytes=5320
[2026-07-17T20:56:50] METRIC mlp_predicted_mtu_bytes=5204
[2026-07-17T20:56:50] METRIC mlp_confidence=0.882
[2026-07-17T20:56:50] METRIC abs_error_bytes=116
[2026-07-17T20:56:50] METRIC update_applied=True
[2026-07-17T20:56:50] RUN_END status=OK
[2026-07-17T20:59:30] RUN_START run_id=MTU_high_lat_low_loss_142
[2026-07-17T20:59:30] PARAM condition=high_lat_low_loss
[2026-07-17T20:59:30] METRIC feat_packet_loss_rate_pct=0.6919
[2026-07-17T20:59:30] METRIC feat_throughput_mbps=1662.18
[2026-07-17T20:59:30] METRIC feat_rtt_ms=33.606
[2026-07-17T20:59:30] METRIC feat_jitter_ms=8.245
[2026-07-17T20:59:30] METRIC feat_bw_utilization_pct=66.08
[2026-07-17T20:59:30] METRIC feat_cache_hit_ratio=0.4268
[2026-07-17T20:59:30] METRIC feat_avg_object_size_kb=22.416
[2026-07-17T20:59:30] METRIC feat_retransmission_count=3
[2026-07-17T20:59:30] METRIC true_optimal_mtu_bytes=3624
[2026-07-17T20:59:30] METRIC mlp_predicted_mtu_bytes=3530
[2026-07-17T20:59:30] METRIC mlp_confidence=0.8872
[2026-07-17T20:59:30] METRIC abs_error_bytes=94
[2026-07-17T20:59:30] METRIC update_applied=True
[2026-07-17T20:59:30] RUN_END status=OK
[2026-07-17T21:01:28] RUN_START run_id=03_mtu_prediction_features_DISCARDED_0030
[2026-07-17T21:01:28] RUN_ABORTED reason=tflite_alloc_failure: interpreter.allocate_tensors() raised on Tier-2 node, run aborted before inference
[2026-07-17T21:02:06] RUN_START run_id=MTU_high_lat_low_loss_143
[2026-07-17T21:02:06] PARAM condition=high_lat_low_loss
[2026-07-17T21:02:06] METRIC feat_packet_loss_rate_pct=0.5817
[2026-07-17T21:02:06] METRIC feat_throughput_mbps=2257.86
[2026-07-17T21:02:06] METRIC feat_rtt_ms=33.224
[2026-07-17T21:02:06] METRIC feat_jitter_ms=4.942
[2026-07-17T21:02:06] METRIC feat_bw_utilization_pct=69.4
[2026-07-17T21:02:06] METRIC feat_cache_hit_ratio=0.5239
[2026-07-17T21:02:06] METRIC feat_avg_object_size_kb=2952.651
[2026-07-17T21:02:06] METRIC feat_retransmission_count=6
[2026-07-17T21:02:06] METRIC true_optimal_mtu_bytes=7936
[2026-07-17T21:02:06] METRIC mlp_predicted_mtu_bytes=8026
[2026-07-17T21:02:06] METRIC mlp_confidence=0.9113
[2026-07-17T21:02:06] METRIC abs_error_bytes=90
[2026-07-17T21:02:06] METRIC update_applied=True
[2026-07-17T21:02:06] RUN_END status=OK
[2026-07-17T21:25:11] RUN_START run_id=MTU_low_lat_low_loss_031
[2026-07-17T21:25:11] PARAM condition=low_lat_low_loss
[2026-07-17T21:25:11] METRIC feat_packet_loss_rate_pct=0.625
[2026-07-17T21:25:11] METRIC feat_throughput_mbps=4315.11
[2026-07-17T21:25:11] METRIC feat_rtt_ms=3.049
[2026-07-17T21:25:11] METRIC feat_jitter_ms=0.115
[2026-07-17T21:25:11] METRIC feat_bw_utilization_pct=59.25
[2026-07-17T21:25:11] METRIC feat_cache_hit_ratio=0.9073
[2026-07-17T21:25:11] METRIC feat_avg_object_size_kb=185.119
[2026-07-17T21:25:11] METRIC feat_retransmission_count=2
[2026-07-17T21:25:11] METRIC true_optimal_mtu_bytes=6720
[2026-07-17T21:25:11] METRIC mlp_predicted_mtu_bytes=6747
[2026-07-17T21:25:11] METRIC mlp_confidence=0.9402
[2026-07-17T21:25:11] METRIC abs_error_bytes=27
[2026-07-17T21:25:11] METRIC update_applied=True
[2026-07-17T21:25:11] RUN_END status=OK
[2026-07-17T21:26:45] RUN_START run_id=MTU_low_lat_low_loss_032
[2026-07-17T21:26:45] PARAM condition=low_lat_low_loss
[2026-07-17T21:26:45] METRIC feat_packet_loss_rate_pct=0.2933
[2026-07-17T21:26:45] METRIC feat_throughput_mbps=8677.29
[2026-07-17T21:26:45] METRIC feat_rtt_ms=3.476
[2026-07-17T21:26:45] METRIC feat_jitter_ms=0.67
[2026-07-17T21:26:45] METRIC feat_bw_utilization_pct=93.5
[2026-07-17T21:26:45] METRIC feat_cache_hit_ratio=0.8876
[2026-07-17T21:26:45] METRIC feat_avg_object_size_kb=2557.87
[2026-07-17T21:26:45] METRIC feat_retransmission_count=1
[2026-07-17T21:26:45] METRIC true_optimal_mtu_bytes=8168
[2026-07-17T21:26:45] METRIC mlp_predicted_mtu_bytes=8006
[2026-07-17T21:26:45] METRIC mlp_confidence=0.8098
[2026-07-17T21:26:45] METRIC abs_error_bytes=162
[2026-07-17T21:26:45] METRIC update_applied=True
[2026-07-17T21:26:45] RUN_END status=OK
[2026-07-17T21:30:22] RUN_START run_id=MTU_low_lat_low_loss_033
[2026-07-17T21:30:22] PARAM condition=low_lat_low_loss
[2026-07-17T21:30:22] METRIC feat_packet_loss_rate_pct=0.6592
[2026-07-17T21:30:22] METRIC feat_throughput_mbps=1187.56
[2026-07-17T21:30:22] METRIC feat_rtt_ms=3.501
[2026-07-17T21:30:22] METRIC feat_jitter_ms=0.252
[2026-07-17T21:30:22] METRIC feat_bw_utilization_pct=37.3
[2026-07-17T21:30:22] METRIC feat_cache_hit_ratio=0.7772
[2026-07-17T21:30:22] METRIC feat_avg_object_size_kb=2065.181
[2026-07-17T21:30:22] METRIC feat_retransmission_count=4
[2026-07-17T21:30:22] METRIC true_optimal_mtu_bytes=7888
[2026-07-17T21:30:22] METRIC mlp_predicted_mtu_bytes=7903
[2026-07-17T21:30:22] METRIC mlp_confidence=0.99
[2026-07-17T21:30:22] METRIC abs_error_bytes=15
[2026-07-17T21:30:22] METRIC update_applied=True
[2026-07-17T21:30:22] RUN_END status=OK
[2026-07-17T21:32:03] RUN_START run_id=MTU_low_lat_low_loss_034
[2026-07-17T21:32:03] PARAM condition=low_lat_low_loss
[2026-07-17T21:32:03] METRIC feat_packet_loss_rate_pct=0.0477
[2026-07-17T21:32:03] METRIC feat_throughput_mbps=5335.82
[2026-07-17T21:32:03] METRIC feat_rtt_ms=1.203
[2026-07-17T21:32:03] METRIC feat_jitter_ms=0.954
[2026-07-17T21:32:03] METRIC feat_bw_utilization_pct=79.44
[2026-07-17T21:32:03] METRIC feat_cache_hit_ratio=0.7458
[2026-07-17T21:32:03] METRIC feat_avg_object_size_kb=0.102
[2026-07-17T21:32:03] METRIC feat_retransmission_count=1
[2026-07-17T21:32:03] METRIC true_optimal_mtu_bytes=1136
[2026-07-17T21:32:03] METRIC mlp_predicted_mtu_bytes=1148
[2026-07-17T21:32:03] METRIC mlp_confidence=0.9061
[2026-07-17T21:32:03] METRIC abs_error_bytes=12
[2026-07-17T21:32:03] METRIC update_applied=True
[2026-07-17T21:32:03] RUN_END status=OK
[2026-07-17T21:39:13] RUN_START run_id=MTU_low_lat_low_loss_035
[2026-07-17T21:39:13] PARAM condition=low_lat_low_loss
[2026-07-17T21:39:13] METRIC feat_packet_loss_rate_pct=0.1994
[2026-07-17T21:39:13] METRIC feat_throughput_mbps=1611.2
[2026-07-17T21:39:13] METRIC feat_rtt_ms=6.522
[2026-07-17T21:39:13] METRIC feat_jitter_ms=0.206
[2026-07-17T21:39:13] METRIC feat_bw_utilization_pct=87.26
[2026-07-17T21:39:13] METRIC feat_cache_hit_ratio=0.7473
[2026-07-17T21:39:13] METRIC feat_avg_object_size_kb=212.454
[2026-07-17T21:39:13] METRIC feat_retransmission_count=3
[2026-07-17T21:39:13] METRIC true_optimal_mtu_bytes=7144
[2026-07-17T21:39:13] METRIC mlp_predicted_mtu_bytes=7077
[2026-07-17T21:39:13] METRIC mlp_confidence=0.8652
[2026-07-17T21:39:13] METRIC abs_error_bytes=67
[2026-07-17T21:39:13] METRIC update_applied=True
[2026-07-17T21:39:13] RUN_END status=OK
[2026-07-17T21:41:25] RUN_START run_id=MTU_low_lat_low_loss_036
[2026-07-17T21:41:25] PARAM condition=low_lat_low_loss
[2026-07-17T21:41:25] METRIC feat_packet_loss_rate_pct=0.1078
[2026-07-17T21:41:25] METRIC feat_throughput_mbps=4415.27
[2026-07-17T21:41:25] METRIC feat_rtt_ms=5.741
[2026-07-17T21:41:25] METRIC feat_jitter_ms=0.299
[2026-07-17T21:41:25] METRIC feat_bw_utilization_pct=43.56
[2026-07-17T21:41:25] METRIC feat_cache_hit_ratio=0.6525
[2026-07-17T21:41:25] METRIC feat_avg_object_size_kb=9.485
[2026-07-17T21:41:25] METRIC feat_retransmission_count=1
[2026-07-17T21:41:25] METRIC true_optimal_mtu_bytes=2352
[2026-07-17T21:41:25] METRIC mlp_predicted_mtu_bytes=2211
[2026-07-17T21:41:25] METRIC mlp_confidence=0.8533
[2026-07-17T21:41:25] METRIC abs_error_bytes=141
[2026-07-17T21:41:25] METRIC update_applied=True
[2026-07-17T21:41:25] RUN_END status=OK
[2026-07-17T21:43:13] RUN_START run_id=MTU_low_lat_low_loss_037
[2026-07-17T21:43:13] PARAM condition=low_lat_low_loss
[2026-07-17T21:43:13] METRIC feat_packet_loss_rate_pct=0.2117
[2026-07-17T21:43:13] METRIC feat_throughput_mbps=526.29
[2026-07-17T21:43:13] METRIC feat_rtt_ms=6.844
[2026-07-17T21:43:13] METRIC feat_jitter_ms=0.271
[2026-07-17T21:43:13] METRIC feat_bw_utilization_pct=93.88
[2026-07-17T21:43:13] METRIC feat_cache_hit_ratio=0.7514
[2026-07-17T21:43:13] METRIC feat_avg_object_size_kb=22.461
[2026-07-17T21:43:13] METRIC feat_retransmission_count=2
[2026-07-17T21:43:13] METRIC true_optimal_mtu_bytes=3744
[2026-07-17T21:43:13] METRIC mlp_predicted_mtu_bytes=3674
[2026-07-17T21:43:13] METRIC mlp_confidence=0.9126
[2026-07-17T21:43:13] METRIC abs_error_bytes=70
[2026-07-17T21:43:13] METRIC update_applied=True
[2026-07-17T21:43:13] RUN_END status=OK
[2026-07-17T21:45:05] RUN_START run_id=MTU_low_lat_low_loss_038
[2026-07-17T21:45:05] PARAM condition=low_lat_low_loss
[2026-07-17T21:45:05] METRIC feat_packet_loss_rate_pct=0.3103
[2026-07-17T21:45:05] METRIC feat_throughput_mbps=7282.55
[2026-07-17T21:45:05] METRIC feat_rtt_ms=1.827
[2026-07-17T21:45:05] METRIC feat_jitter_ms=0.66
[2026-07-17T21:45:05] METRIC feat_bw_utilization_pct=65.26
[2026-07-17T21:45:05] METRIC feat_cache_hit_ratio=0.7784
[2026-07-17T21:45:05] METRIC feat_avg_object_size_kb=1103.286
[2026-07-17T21:45:05] METRIC feat_retransmission_count=1
[2026-07-17T21:45:05] METRIC true_optimal_mtu_bytes=8240
[2026-07-17T21:45:05] METRIC mlp_predicted_mtu_bytes=8360
[2026-07-17T21:45:05] METRIC mlp_confidence=0.874
[2026-07-17T21:45:05] METRIC abs_error_bytes=120
[2026-07-17T21:45:05] METRIC update_applied=True
[2026-07-17T21:45:05] RUN_END status=OK
