[2026-07-18T05:51:39] RUN_START run_id=MTU_low_lat_low_loss_065
[2026-07-18T05:51:39] PARAM condition=low_lat_low_loss
[2026-07-18T05:51:39] METRIC feat_packet_loss_rate_pct=0.5508
[2026-07-18T05:51:39] METRIC feat_throughput_mbps=7623.02
[2026-07-18T05:51:39] METRIC feat_rtt_ms=7.119
[2026-07-18T05:51:39] METRIC feat_jitter_ms=0.85
[2026-07-18T05:51:39] METRIC feat_bw_utilization_pct=44.48
[2026-07-18T05:51:39] METRIC feat_cache_hit_ratio=0.7346
[2026-07-18T05:51:39] METRIC feat_avg_object_size_kb=2945.639
[2026-07-18T05:51:39] METRIC feat_retransmission_count=1
[2026-07-18T05:51:39] METRIC true_optimal_mtu_bytes=8184
[2026-07-18T05:51:39] METRIC mlp_predicted_mtu_bytes=8068
[2026-07-18T05:51:39] METRIC mlp_confidence=0.8461
[2026-07-18T05:51:39] METRIC abs_error_bytes=116
[2026-07-18T05:51:39] METRIC update_applied=True
[2026-07-18T05:51:39] RUN_END status=OK
[2026-07-18T05:54:08] RUN_START run_id=MTU_low_lat_low_loss_066
[2026-07-18T05:54:08] PARAM condition=low_lat_low_loss
[2026-07-18T05:54:08] METRIC feat_packet_loss_rate_pct=0.3916
[2026-07-18T05:54:08] METRIC feat_throughput_mbps=7173.7
[2026-07-18T05:54:08] METRIC feat_rtt_ms=2.238
[2026-07-18T05:54:08] METRIC feat_jitter_ms=0.065
[2026-07-18T05:54:08] METRIC feat_bw_utilization_pct=30.52
[2026-07-18T05:54:08] METRIC feat_cache_hit_ratio=0.7402
[2026-07-18T05:54:08] METRIC feat_avg_object_size_kb=1298.257
[2026-07-18T05:54:08] METRIC feat_retransmission_count=3
[2026-07-18T05:54:08] METRIC true_optimal_mtu_bytes=7952
[2026-07-18T05:54:08] METRIC mlp_predicted_mtu_bytes=8036
[2026-07-18T05:54:08] METRIC mlp_confidence=0.8974
[2026-07-18T05:54:08] METRIC abs_error_bytes=84
[2026-07-18T05:54:08] METRIC update_applied=True
[2026-07-18T05:54:08] RUN_END status=OK
[2026-07-18T05:56:27] RUN_START run_id=MTU_low_lat_low_loss_067
[2026-07-18T05:56:27] PARAM condition=low_lat_low_loss
[2026-07-18T05:56:27] METRIC feat_packet_loss_rate_pct=0.0802
[2026-07-18T05:56:27] METRIC feat_throughput_mbps=4702.98
[2026-07-18T05:56:27] METRIC feat_rtt_ms=4.772
[2026-07-18T05:56:27] METRIC feat_jitter_ms=0.347
[2026-07-18T05:56:27] METRIC feat_bw_utilization_pct=47.41
[2026-07-18T05:56:27] METRIC feat_cache_hit_ratio=0.7004
[2026-07-18T05:56:27] METRIC feat_avg_object_size_kb=14.975
[2026-07-18T05:56:27] METRIC feat_retransmission_count=1
[2026-07-18T05:56:27] METRIC true_optimal_mtu_bytes=3032
[2026-07-18T05:56:27] METRIC mlp_predicted_mtu_bytes=3002
[2026-07-18T05:56:27] METRIC mlp_confidence=0.9299
[2026-07-18T05:56:27] METRIC abs_error_bytes=30
[2026-07-18T05:56:27] METRIC update_applied=True
[2026-07-18T05:56:27] RUN_END status=OK
[2026-07-18T05:58:51] RUN_START run_id=MTU_low_lat_low_loss_068
[2026-07-18T05:58:51] PARAM condition=low_lat_low_loss
[2026-07-18T05:58:51] METRIC feat_packet_loss_rate_pct=0.0594
[2026-07-18T05:58:51] METRIC feat_throughput_mbps=5879.16
[2026-07-18T05:58:51] METRIC feat_rtt_ms=5.477
[2026-07-18T05:58:51] METRIC feat_jitter_ms=0.403
[2026-07-18T05:58:51] METRIC feat_bw_utilization_pct=20.26
[2026-07-18T05:58:51] METRIC feat_cache_hit_ratio=0.5305
[2026-07-18T05:58:51] METRIC feat_avg_object_size_kb=6.952
[2026-07-18T05:58:51] METRIC feat_retransmission_count=0
[2026-07-18T05:58:51] METRIC true_optimal_mtu_bytes=2128
[2026-07-18T05:58:51] METRIC mlp_predicted_mtu_bytes=2121
[2026-07-18T05:58:51] METRIC mlp_confidence=0.99
[2026-07-18T05:58:51] METRIC abs_error_bytes=7
[2026-07-18T05:58:51] METRIC update_applied=True
[2026-07-18T05:58:51] RUN_END status=OK
[2026-07-18T06:00:36] RUN_START run_id=MTU_low_lat_low_loss_069
[2026-07-18T06:00:36] PARAM condition=low_lat_low_loss
[2026-07-18T06:00:36] METRIC feat_packet_loss_rate_pct=0.2419
[2026-07-18T06:00:36] METRIC feat_throughput_mbps=6442.5
[2026-07-18T06:00:36] METRIC feat_rtt_ms=2.29
[2026-07-18T06:00:36] METRIC feat_jitter_ms=0.084
[2026-07-18T06:00:36] METRIC feat_bw_utilization_pct=17.47
[2026-07-18T06:00:36] METRIC feat_cache_hit_ratio=0.778
[2026-07-18T06:00:36] METRIC feat_avg_object_size_kb=4.85
[2026-07-18T06:00:36] METRIC feat_retransmission_count=2
[2026-07-18T06:00:36] METRIC true_optimal_mtu_bytes=1768
[2026-07-18T06:00:36] METRIC mlp_predicted_mtu_bytes=1872
[2026-07-18T06:00:36] METRIC mlp_confidence=0.8817
[2026-07-18T06:00:36] METRIC abs_error_bytes=104
[2026-07-18T06:00:36] METRIC update_applied=True
[2026-07-18T06:00:36] RUN_END status=OK
[2026-07-18T06:04:28] RUN_START run_id=MTU_low_lat_low_loss_070
[2026-07-18T06:04:28] PARAM condition=low_lat_low_loss
[2026-07-18T06:04:28] METRIC feat_packet_loss_rate_pct=0.3101
[2026-07-18T06:04:28] METRIC feat_throughput_mbps=8300.52
[2026-07-18T06:04:28] METRIC feat_rtt_ms=6.693
[2026-07-18T06:04:28] METRIC feat_jitter_ms=0.878
[2026-07-18T06:04:28] METRIC feat_bw_utilization_pct=88.32
[2026-07-18T06:04:28] METRIC feat_cache_hit_ratio=0.6355
[2026-07-18T06:04:28] METRIC feat_avg_object_size_kb=53.274
[2026-07-18T06:04:28] METRIC feat_retransmission_count=7
[2026-07-18T06:04:28] METRIC true_optimal_mtu_bytes=4976
[2026-07-18T06:04:28] METRIC mlp_predicted_mtu_bytes=4946
[2026-07-18T06:04:28] METRIC mlp_confidence=0.9203
[2026-07-18T06:04:28] METRIC abs_error_bytes=30
[2026-07-18T06:04:28] METRIC update_applied=True
[2026-07-18T06:04:28] RUN_END status=OK
[2026-07-18T06:06:46] RUN_START run_id=MTU_low_lat_low_loss_071
[2026-07-18T06:06:46] PARAM condition=low_lat_low_loss
[2026-07-18T06:06:46] METRIC feat_packet_loss_rate_pct=0.7655
[2026-07-18T06:06:46] METRIC feat_throughput_mbps=5178.43
[2026-07-18T06:06:46] METRIC feat_rtt_ms=7.724
[2026-07-18T06:06:46] METRIC feat_jitter_ms=0.865
[2026-07-18T06:06:46] METRIC feat_bw_utilization_pct=44.64
[2026-07-18T06:06:46] METRIC feat_cache_hit_ratio=0.735
[2026-07-18T06:06:46] METRIC feat_avg_object_size_kb=0.41
[2026-07-18T06:06:46] METRIC feat_retransmission_count=1
[2026-07-18T06:06:46] METRIC true_optimal_mtu_bytes=1032
[2026-07-18T06:06:46] METRIC mlp_predicted_mtu_bytes=1011
[2026-07-18T06:06:46] METRIC mlp_confidence=0.9704
[2026-07-18T06:06:46] METRIC abs_error_bytes=21
[2026-07-18T06:06:46] METRIC update_applied=True
[2026-07-18T06:06:46] RUN_END status=OK
[2026-07-18T06:07:41] RUN_START run_id=MTU_low_lat_low_loss_072
[2026-07-18T06:07:41] PARAM condition=low_lat_low_loss
[2026-07-18T06:07:41] METRIC feat_packet_loss_rate_pct=0.6327
[2026-07-18T06:07:41] METRIC feat_throughput_mbps=4725.09
[2026-07-18T06:07:41] METRIC feat_rtt_ms=6.433
[2026-07-18T06:07:41] METRIC feat_jitter_ms=0.834
[2026-07-18T06:07:41] METRIC feat_bw_utilization_pct=53.83
[2026-07-18T06:07:41] METRIC feat_cache_hit_ratio=0.9432
[2026-07-18T06:07:41] METRIC feat_avg_object_size_kb=0.868
[2026-07-18T06:07:41] METRIC feat_retransmission_count=4
[2026-07-18T06:07:41] METRIC true_optimal_mtu_bytes=1080
[2026-07-18T06:07:41] METRIC mlp_predicted_mtu_bytes=957
[2026-07-18T06:07:41] METRIC mlp_confidence=0.8947
[2026-07-18T06:07:41] METRIC abs_error_bytes=123
[2026-07-18T06:07:41] METRIC update_applied=True
[2026-07-18T06:07:41] RUN_END status=OK
[2026-07-18T06:08:32] RUN_START run_id=MTU_low_lat_low_loss_073
[2026-07-18T06:08:32] PARAM condition=low_lat_low_loss
[2026-07-18T06:08:32] METRIC feat_packet_loss_rate_pct=0.4058
[2026-07-18T06:08:32] METRIC feat_throughput_mbps=5301.72
[2026-07-18T06:08:32] METRIC feat_rtt_ms=4.328
[2026-07-18T06:08:32] METRIC feat_jitter_ms=0.407
[2026-07-18T06:08:32] METRIC feat_bw_utilization_pct=63.25
[2026-07-18T06:08:32] METRIC feat_cache_hit_ratio=0.827
[2026-07-18T06:08:32] METRIC feat_avg_object_size_kb=1222.945
[2026-07-18T06:08:32] METRIC feat_retransmission_count=0
[2026-07-18T06:08:32] METRIC true_optimal_mtu_bytes=7976
[2026-07-18T06:08:32] METRIC mlp_predicted_mtu_bytes=7995
[2026-07-18T06:08:32] METRIC mlp_confidence=0.9872
[2026-07-18T06:08:32] METRIC abs_error_bytes=19
[2026-07-18T06:08:32] METRIC update_applied=True
[2026-07-18T06:08:32] RUN_END status=OK
[2026-07-18T06:10:23] RUN_START run_id=MTU_low_lat_low_loss_074
[2026-07-18T06:10:23] PARAM condition=low_lat_low_loss
[2026-07-18T06:10:23] METRIC feat_packet_loss_rate_pct=0.5936
[2026-07-18T06:10:23] METRIC feat_throughput_mbps=6078.28
[2026-07-18T06:10:23] METRIC feat_rtt_ms=6.684
[2026-07-18T06:10:23] METRIC feat_jitter_ms=0.287
[2026-07-18T06:10:23] METRIC feat_bw_utilization_pct=75.53
[2026-07-18T06:10:23] METRIC feat_cache_hit_ratio=0.7498
[2026-07-18T06:10:23] METRIC feat_avg_object_size_kb=2951.112
[2026-07-18T06:10:23] METRIC feat_retransmission_count=8
[2026-07-18T06:10:23] METRIC true_optimal_mtu_bytes=7904
[2026-07-18T06:10:23] METRIC mlp_predicted_mtu_bytes=7857
[2026-07-18T06:10:23] METRIC mlp_confidence=0.9521
[2026-07-18T06:10:23] METRIC abs_error_bytes=47
[2026-07-18T06:10:23] METRIC update_applied=True
[2026-07-18T06:10:23] RUN_END status=OK
[2026-07-18T06:10:56] RUN_START run_id=MTU_low_lat_low_loss_075
[2026-07-18T06:10:56] PARAM condition=low_lat_low_loss
[2026-07-18T06:10:56] METRIC feat_packet_loss_rate_pct=0.4318
[2026-07-18T06:10:56] METRIC feat_throughput_mbps=798.29
[2026-07-18T06:10:56] METRIC feat_rtt_ms=7.81
[2026-07-18T06:10:56] METRIC feat_jitter_ms=0.66
[2026-07-18T06:10:56] METRIC feat_bw_utilization_pct=65.25
[2026-07-18T06:10:56] METRIC feat_cache_hit_ratio=0.676
[2026-07-18T06:10:56] METRIC feat_avg_object_size_kb=0.29
[2026-07-18T06:10:56] METRIC feat_retransmission_count=3
[2026-07-18T06:10:56] METRIC true_optimal_mtu_bytes=1232
[2026-07-18T06:10:56] METRIC mlp_predicted_mtu_bytes=1031
[2026-07-18T06:10:56] METRIC mlp_confidence=0.8408
[2026-07-18T06:10:56] METRIC abs_error_bytes=201
[2026-07-18T06:10:56] METRIC update_applied=True
[2026-07-18T06:10:56] RUN_END status=OK
[2026-07-18T09:42:21] RUN_START run_id=MTU_high_lat_low_loss_144
[2026-07-18T09:42:21] PARAM condition=high_lat_low_loss
[2026-07-18T09:42:21] METRIC feat_packet_loss_rate_pct=0.7267
[2026-07-18T09:42:21] METRIC feat_throughput_mbps=2068.18
[2026-07-18T09:42:21] METRIC feat_rtt_ms=59.261
[2026-07-18T09:42:21] METRIC feat_jitter_ms=3.498
[2026-07-18T09:42:21] METRIC feat_bw_utilization_pct=82.27
[2026-07-18T09:42:21] METRIC feat_cache_hit_ratio=0.8215
[2026-07-18T09:42:21] METRIC feat_avg_object_size_kb=1722.975
[2026-07-18T09:42:21] METRIC feat_retransmission_count=3
[2026-07-18T09:42:21] METRIC true_optimal_mtu_bytes=7832
[2026-07-18T09:42:21] METRIC mlp_predicted_mtu_bytes=7917
[2026-07-18T09:42:21] METRIC mlp_confidence=0.8593
[2026-07-18T09:42:21] METRIC abs_error_bytes=85
[2026-07-18T09:42:21] METRIC update_applied=True
[2026-07-18T09:42:21] RUN_END status=OK
[2026-07-18T09:44:46] RUN_START run_id=MTU_high_lat_low_loss_145
[2026-07-18T09:44:46] PARAM condition=high_lat_low_loss
[2026-07-18T09:44:46] METRIC feat_packet_loss_rate_pct=0.8178
[2026-07-18T09:44:46] METRIC feat_throughput_mbps=7107.63
[2026-07-18T09:44:46] METRIC feat_rtt_ms=38.299
[2026-07-18T09:44:46] METRIC feat_jitter_ms=8.274
[2026-07-18T09:44:46] METRIC feat_bw_utilization_pct=49.55
[2026-07-18T09:44:46] METRIC feat_cache_hit_ratio=0.7262
[2026-07-18T09:44:46] METRIC feat_avg_object_size_kb=0.116
[2026-07-18T09:44:46] METRIC feat_retransmission_count=5
[2026-07-18T09:44:46] METRIC true_optimal_mtu_bytes=1000
[2026-07-18T09:44:46] METRIC mlp_predicted_mtu_bytes=1047
[2026-07-18T09:44:46] METRIC mlp_confidence=0.9619
[2026-07-18T09:44:46] METRIC abs_error_bytes=47
[2026-07-18T09:44:46] METRIC update_applied=True
[2026-07-18T09:44:46] RUN_END status=OK
[2026-07-18T09:48:00] RUN_START run_id=MTU_high_lat_low_loss_146
[2026-07-18T09:48:00] PARAM condition=high_lat_low_loss
[2026-07-18T09:48:00] METRIC feat_packet_loss_rate_pct=0.0558
[2026-07-18T09:48:00] METRIC feat_throughput_mbps=1037.28
[2026-07-18T09:48:00] METRIC feat_rtt_ms=49.851
[2026-07-18T09:48:00] METRIC feat_jitter_ms=4.826
[2026-07-18T09:48:00] METRIC feat_bw_utilization_pct=61.34
[2026-07-18T09:48:00] METRIC feat_cache_hit_ratio=0.4444
[2026-07-18T09:48:00] METRIC feat_avg_object_size_kb=1.304
[2026-07-18T09:48:00] METRIC feat_retransmission_count=0
[2026-07-18T09:48:00] METRIC true_optimal_mtu_bytes=1192
[2026-07-18T09:48:00] METRIC mlp_predicted_mtu_bytes=1284
[2026-07-18T09:48:00] METRIC mlp_confidence=0.9457
[2026-07-18T09:48:00] METRIC abs_error_bytes=92
[2026-07-18T09:48:00] METRIC update_applied=True
[2026-07-18T09:48:00] RUN_END status=OK
