[2026-07-07T06:57:08] RUN_START run_id=MTU_high_lat_high_loss_034
[2026-07-07T06:57:08] PARAM condition=high_lat_high_loss
[2026-07-07T06:57:08] METRIC feat_packet_loss_rate_pct=6.0658
[2026-07-07T06:57:08] METRIC feat_throughput_mbps=4203.74
[2026-07-07T06:57:08] METRIC feat_rtt_ms=51.275
[2026-07-07T06:57:08] METRIC feat_jitter_ms=5.216
[2026-07-07T06:57:08] METRIC feat_bw_utilization_pct=68.14
[2026-07-07T06:57:08] METRIC feat_cache_hit_ratio=0.6589
[2026-07-07T06:57:08] METRIC feat_avg_object_size_kb=995.077
[2026-07-07T06:57:08] METRIC feat_retransmission_count=44
[2026-07-07T06:57:08] METRIC true_optimal_mtu_bytes=5464
[2026-07-07T06:57:08] METRIC mlp_predicted_mtu_bytes=5827
[2026-07-07T06:57:08] METRIC mlp_confidence=0.5503
[2026-07-07T06:57:08] METRIC abs_error_bytes=363
[2026-07-07T06:57:08] METRIC update_applied=False
[2026-07-07T06:57:08] RUN_END status=OK
[2026-07-07T06:59:01] RUN_START run_id=MTU_high_lat_high_loss_035
[2026-07-07T06:59:01] PARAM condition=high_lat_high_loss
[2026-07-07T06:59:01] METRIC feat_packet_loss_rate_pct=4.4144
[2026-07-07T06:59:01] METRIC feat_throughput_mbps=3645.23
[2026-07-07T06:59:01] METRIC feat_rtt_ms=55.679
[2026-07-07T06:59:01] METRIC feat_jitter_ms=9.204
[2026-07-07T06:59:01] METRIC feat_bw_utilization_pct=28.64
[2026-07-07T06:59:01] METRIC feat_cache_hit_ratio=0.7026
[2026-07-07T06:59:01] METRIC feat_avg_object_size_kb=0.512
[2026-07-07T06:59:01] METRIC feat_retransmission_count=17
[2026-07-07T06:59:01] METRIC true_optimal_mtu_bytes=1000
[2026-07-07T06:59:01] METRIC mlp_predicted_mtu_bytes=1076
[2026-07-07T06:59:01] METRIC mlp_confidence=0.9007
[2026-07-07T06:59:01] METRIC abs_error_bytes=76
[2026-07-07T06:59:01] METRIC update_applied=True
[2026-07-07T06:59:01] RUN_END status=OK
[2026-07-07T07:00:10] RUN_START run_id=MTU_high_lat_high_loss_036
[2026-07-07T07:00:10] PARAM condition=high_lat_high_loss
[2026-07-07T07:00:10] METRIC feat_packet_loss_rate_pct=5.1363
[2026-07-07T07:00:10] METRIC feat_throughput_mbps=1237.49
[2026-07-07T07:00:10] METRIC feat_rtt_ms=51.115
[2026-07-07T07:00:10] METRIC feat_jitter_ms=9.935
[2026-07-07T07:00:10] METRIC feat_bw_utilization_pct=12.0
[2026-07-07T07:00:10] METRIC feat_cache_hit_ratio=0.6997
[2026-07-07T07:00:10] METRIC feat_avg_object_size_kb=2.342
[2026-07-07T07:00:10] METRIC feat_retransmission_count=31
[2026-07-07T07:00:10] METRIC true_optimal_mtu_bytes=1024
[2026-07-07T07:00:10] METRIC mlp_predicted_mtu_bytes=1072
[2026-07-07T07:00:10] METRIC mlp_confidence=0.9559
[2026-07-07T07:00:10] METRIC abs_error_bytes=48
[2026-07-07T07:00:10] METRIC update_applied=True
[2026-07-07T07:00:10] RUN_END status=OK
[2026-07-07T07:01:31] RUN_START run_id=MTU_high_lat_high_loss_037
[2026-07-07T07:01:31] PARAM condition=high_lat_high_loss
[2026-07-07T07:01:31] METRIC feat_packet_loss_rate_pct=6.4315
[2026-07-07T07:01:31] METRIC feat_throughput_mbps=2116.66
[2026-07-07T07:01:31] METRIC feat_rtt_ms=53.775
[2026-07-07T07:01:31] METRIC feat_jitter_ms=6.552
[2026-07-07T07:01:31] METRIC feat_bw_utilization_pct=37.09
[2026-07-07T07:01:31] METRIC feat_cache_hit_ratio=0.953
[2026-07-07T07:01:31] METRIC feat_avg_object_size_kb=107.829
[2026-07-07T07:01:31] METRIC feat_retransmission_count=38
[2026-07-07T07:01:31] METRIC true_optimal_mtu_bytes=4328
[2026-07-07T07:01:31] METRIC mlp_predicted_mtu_bytes=4203
[2026-07-07T07:01:31] METRIC mlp_confidence=0.908
[2026-07-07T07:01:31] METRIC abs_error_bytes=125
[2026-07-07T07:01:31] METRIC update_applied=True
[2026-07-07T07:01:31] RUN_END status=OK
[2026-07-07T07:06:21] RUN_START run_id=MTU_high_lat_high_loss_038
[2026-07-07T07:06:21] PARAM condition=high_lat_high_loss
[2026-07-07T07:06:21] METRIC feat_packet_loss_rate_pct=6.2411
[2026-07-07T07:06:21] METRIC feat_throughput_mbps=2031.18
[2026-07-07T07:06:21] METRIC feat_rtt_ms=59.346
[2026-07-07T07:06:21] METRIC feat_jitter_ms=9.528
[2026-07-07T07:06:21] METRIC feat_bw_utilization_pct=46.9
[2026-07-07T07:06:21] METRIC feat_cache_hit_ratio=0.9805
[2026-07-07T07:06:21] METRIC feat_avg_object_size_kb=27.729
[2026-07-07T07:06:21] METRIC feat_retransmission_count=48
[2026-07-07T07:06:21] METRIC true_optimal_mtu_bytes=2584
[2026-07-07T07:06:21] METRIC mlp_predicted_mtu_bytes=2463
[2026-07-07T07:06:21] METRIC mlp_confidence=0.8408
[2026-07-07T07:06:21] METRIC abs_error_bytes=121
[2026-07-07T07:06:21] METRIC update_applied=True
[2026-07-07T07:06:21] RUN_END status=OK
[2026-07-07T07:09:10] RUN_START run_id=MTU_high_lat_high_loss_039
[2026-07-07T07:09:10] PARAM condition=high_lat_high_loss
[2026-07-07T07:09:10] METRIC feat_packet_loss_rate_pct=5.7087
[2026-07-07T07:09:10] METRIC feat_throughput_mbps=1836.85
[2026-07-07T07:09:10] METRIC feat_rtt_ms=43.109
[2026-07-07T07:09:10] METRIC feat_jitter_ms=6.834
[2026-07-07T07:09:10] METRIC feat_bw_utilization_pct=74.77
[2026-07-07T07:09:10] METRIC feat_cache_hit_ratio=0.6857
[2026-07-07T07:09:10] METRIC feat_avg_object_size_kb=3.227
[2026-07-07T07:09:10] METRIC feat_retransmission_count=34
[2026-07-07T07:09:10] METRIC true_optimal_mtu_bytes=1000
[2026-07-07T07:09:10] METRIC mlp_predicted_mtu_bytes=1085
[2026-07-07T07:09:10] METRIC mlp_confidence=0.9431
[2026-07-07T07:09:10] METRIC abs_error_bytes=85
[2026-07-07T07:09:10] METRIC update_applied=True
[2026-07-07T07:09:10] RUN_END status=OK
[2026-07-07T07:12:58] RUN_START run_id=MTU_high_lat_high_loss_040
[2026-07-07T07:12:58] PARAM condition=high_lat_high_loss
[2026-07-07T07:12:58] METRIC feat_packet_loss_rate_pct=5.8189
[2026-07-07T07:12:58] METRIC feat_throughput_mbps=5767.24
[2026-07-07T07:12:58] METRIC feat_rtt_ms=39.079
[2026-07-07T07:12:58] METRIC feat_jitter_ms=5.269
[2026-07-07T07:12:58] METRIC feat_bw_utilization_pct=91.56
[2026-07-07T07:12:58] METRIC feat_cache_hit_ratio=0.6955
[2026-07-07T07:12:58] METRIC feat_avg_object_size_kb=70.478
[2026-07-07T07:12:58] METRIC feat_retransmission_count=38
[2026-07-07T07:12:58] METRIC true_optimal_mtu_bytes=3672
[2026-07-07T07:12:58] METRIC mlp_predicted_mtu_bytes=3602
[2026-07-07T07:12:58] METRIC mlp_confidence=0.8975
[2026-07-07T07:12:58] METRIC abs_error_bytes=70
[2026-07-07T07:12:58] METRIC update_applied=True
[2026-07-07T07:12:58] RUN_END status=OK
[2026-07-07T07:13:21] RUN_START run_id=MTU_high_lat_high_loss_041
[2026-07-07T07:13:21] PARAM condition=high_lat_high_loss
[2026-07-07T07:13:21] METRIC feat_packet_loss_rate_pct=3.5703
[2026-07-07T07:13:21] METRIC feat_throughput_mbps=1034.43
[2026-07-07T07:13:21] METRIC feat_rtt_ms=39.972
[2026-07-07T07:13:21] METRIC feat_jitter_ms=11.811
[2026-07-07T07:13:21] METRIC feat_bw_utilization_pct=45.29
[2026-07-07T07:13:21] METRIC feat_cache_hit_ratio=0.5948
[2026-07-07T07:13:21] METRIC feat_avg_object_size_kb=7.049
[2026-07-07T07:13:21] METRIC feat_retransmission_count=27
[2026-07-07T07:13:21] METRIC true_optimal_mtu_bytes=1392
[2026-07-07T07:13:21] METRIC mlp_predicted_mtu_bytes=1381
[2026-07-07T07:13:21] METRIC mlp_confidence=0.99
[2026-07-07T07:13:21] METRIC abs_error_bytes=11
[2026-07-07T07:13:21] METRIC update_applied=True
[2026-07-07T07:13:21] RUN_END status=OK
[2026-07-07T07:52:19] RUN_START run_id=MTU_low_lat_high_loss_034
[2026-07-07T07:52:19] PARAM condition=low_lat_high_loss
[2026-07-07T07:52:19] METRIC feat_packet_loss_rate_pct=4.7024
[2026-07-07T07:52:19] METRIC feat_throughput_mbps=4672.56
[2026-07-07T07:52:19] METRIC feat_rtt_ms=5.383
[2026-07-07T07:52:19] METRIC feat_jitter_ms=1.243
[2026-07-07T07:52:19] METRIC feat_bw_utilization_pct=79.83
[2026-07-07T07:52:19] METRIC feat_cache_hit_ratio=0.792
[2026-07-07T07:52:19] METRIC feat_avg_object_size_kb=0.395
[2026-07-07T07:52:19] METRIC feat_retransmission_count=26
[2026-07-07T07:52:19] METRIC true_optimal_mtu_bytes=1000
[2026-07-07T07:52:19] METRIC mlp_predicted_mtu_bytes=733
[2026-07-07T07:52:19] METRIC mlp_confidence=0.6876
[2026-07-07T07:52:19] METRIC abs_error_bytes=267
[2026-07-07T07:52:19] METRIC update_applied=False
[2026-07-07T07:52:19] RUN_END status=OK
[2026-07-07T07:54:24] RUN_START run_id=MTU_low_lat_high_loss_035
[2026-07-07T07:54:24] PARAM condition=low_lat_high_loss
[2026-07-07T07:54:24] METRIC feat_packet_loss_rate_pct=3.5375
[2026-07-07T07:54:24] METRIC feat_throughput_mbps=2477.51
[2026-07-07T07:54:24] METRIC feat_rtt_ms=8.842
[2026-07-07T07:54:24] METRIC feat_jitter_ms=1.496
[2026-07-07T07:54:24] METRIC feat_bw_utilization_pct=39.59
[2026-07-07T07:54:24] METRIC feat_cache_hit_ratio=0.7664
[2026-07-07T07:54:24] METRIC feat_avg_object_size_kb=42.037
[2026-07-07T07:54:24] METRIC feat_retransmission_count=22
[2026-07-07T07:54:24] METRIC true_optimal_mtu_bytes=3408
[2026-07-07T07:54:24] METRIC mlp_predicted_mtu_bytes=3219
[2026-07-07T07:54:24] METRIC mlp_confidence=0.7755
[2026-07-07T07:54:24] METRIC abs_error_bytes=189
[2026-07-07T07:54:24] METRIC update_applied=False
[2026-07-07T07:54:24] RUN_END status=OK
[2026-07-07T07:57:28] RUN_START run_id=MTU_low_lat_high_loss_036
[2026-07-07T07:57:28] PARAM condition=low_lat_high_loss
[2026-07-07T07:57:28] METRIC feat_packet_loss_rate_pct=5.3821
[2026-07-07T07:57:28] METRIC feat_throughput_mbps=1616.04
[2026-07-07T07:57:28] METRIC feat_rtt_ms=2.963
[2026-07-07T07:57:28] METRIC feat_jitter_ms=0.917
[2026-07-07T07:57:28] METRIC feat_bw_utilization_pct=11.57
[2026-07-07T07:57:28] METRIC feat_cache_hit_ratio=0.7038
[2026-07-07T07:57:28] METRIC feat_avg_object_size_kb=1068.119
[2026-07-07T07:57:28] METRIC feat_retransmission_count=41
[2026-07-07T07:57:28] METRIC true_optimal_mtu_bytes=5120
[2026-07-07T07:57:28] METRIC mlp_predicted_mtu_bytes=5062
[2026-07-07T07:57:28] METRIC mlp_confidence=0.9178
[2026-07-07T07:57:28] METRIC abs_error_bytes=58
[2026-07-07T07:57:28] METRIC update_applied=True
[2026-07-07T07:57:28] RUN_END status=OK
[2026-07-07T08:01:02] RUN_START run_id=MTU_low_lat_high_loss_037
[2026-07-07T08:01:02] PARAM condition=low_lat_high_loss
[2026-07-07T08:01:02] METRIC feat_packet_loss_rate_pct=3.1546
[2026-07-07T08:01:02] METRIC feat_throughput_mbps=3485.54
[2026-07-07T08:01:02] METRIC feat_rtt_ms=9.209
[2026-07-07T08:01:02] METRIC feat_jitter_ms=0.553
[2026-07-07T08:01:02] METRIC feat_bw_utilization_pct=68.74
[2026-07-07T08:01:02] METRIC feat_cache_hit_ratio=0.5595
[2026-07-07T08:01:02] METRIC feat_avg_object_size_kb=807.585
[2026-07-07T08:01:02] METRIC feat_retransmission_count=15
[2026-07-07T08:01:02] METRIC true_optimal_mtu_bytes=6128
[2026-07-07T08:01:02] METRIC mlp_predicted_mtu_bytes=6353
[2026-07-07T08:01:02] METRIC mlp_confidence=0.7632
[2026-07-07T08:01:02] METRIC abs_error_bytes=225
[2026-07-07T08:01:02] METRIC update_applied=False
[2026-07-07T08:01:02] RUN_END status=OK
