[2026-07-07T18:03:28] RUN_START run_id=MTU_low_lat_high_loss_057
[2026-07-07T18:03:28] PARAM condition=low_lat_high_loss
[2026-07-07T18:03:28] METRIC feat_packet_loss_rate_pct=4.7437
[2026-07-07T18:03:28] METRIC feat_throughput_mbps=593.07
[2026-07-07T18:03:28] METRIC feat_rtt_ms=7.939
[2026-07-07T18:03:28] METRIC feat_jitter_ms=1.877
[2026-07-07T18:03:28] METRIC feat_bw_utilization_pct=13.61
[2026-07-07T18:03:28] METRIC feat_cache_hit_ratio=0.673
[2026-07-07T18:03:28] METRIC feat_avg_object_size_kb=75.203
[2026-07-07T18:03:28] METRIC feat_retransmission_count=24
[2026-07-07T18:03:28] METRIC true_optimal_mtu_bytes=3888
[2026-07-07T18:03:28] METRIC mlp_predicted_mtu_bytes=3980
[2026-07-07T18:03:28] METRIC mlp_confidence=0.919
[2026-07-07T18:03:28] METRIC abs_error_bytes=92
[2026-07-07T18:03:28] METRIC update_applied=True
[2026-07-07T18:03:28] RUN_END status=OK
[2026-07-07T18:08:41] RUN_START run_id=MTU_low_lat_high_loss_058
[2026-07-07T18:08:41] PARAM condition=low_lat_high_loss
[2026-07-07T18:08:41] METRIC feat_packet_loss_rate_pct=4.2701
[2026-07-07T18:08:41] METRIC feat_throughput_mbps=4602.17
[2026-07-07T18:08:41] METRIC feat_rtt_ms=6.385
[2026-07-07T18:08:41] METRIC feat_jitter_ms=1.983
[2026-07-07T18:08:41] METRIC feat_bw_utilization_pct=77.81
[2026-07-07T18:08:41] METRIC feat_cache_hit_ratio=0.8334
[2026-07-07T18:08:41] METRIC feat_avg_object_size_kb=216.225
[2026-07-07T18:08:41] METRIC feat_retransmission_count=17
[2026-07-07T18:08:41] METRIC true_optimal_mtu_bytes=5160
[2026-07-07T18:08:41] METRIC mlp_predicted_mtu_bytes=5223
[2026-07-07T18:08:41] METRIC mlp_confidence=0.9525
[2026-07-07T18:08:41] METRIC abs_error_bytes=63
[2026-07-07T18:08:41] METRIC update_applied=True
[2026-07-07T18:08:41] RUN_END status=OK
[2026-07-07T18:09:37] RUN_START run_id=MTU_low_lat_high_loss_059
[2026-07-07T18:09:37] PARAM condition=low_lat_high_loss
[2026-07-07T18:09:37] METRIC feat_packet_loss_rate_pct=4.3863
[2026-07-07T18:09:37] METRIC feat_throughput_mbps=4254.53
[2026-07-07T18:09:37] METRIC feat_rtt_ms=2.189
[2026-07-07T18:09:37] METRIC feat_jitter_ms=0.798
[2026-07-07T18:09:37] METRIC feat_bw_utilization_pct=53.23
[2026-07-07T18:09:37] METRIC feat_cache_hit_ratio=0.6703
[2026-07-07T18:09:37] METRIC feat_avg_object_size_kb=18.196
[2026-07-07T18:09:37] METRIC feat_retransmission_count=19
[2026-07-07T18:09:37] METRIC true_optimal_mtu_bytes=2272
[2026-07-07T18:09:37] METRIC mlp_predicted_mtu_bytes=2278
[2026-07-07T18:09:37] METRIC mlp_confidence=0.9629
[2026-07-07T18:09:37] METRIC abs_error_bytes=6
[2026-07-07T18:09:37] METRIC update_applied=True
[2026-07-07T18:09:37] RUN_END status=OK
[2026-07-07T18:10:42] RUN_START run_id=MTU_low_lat_high_loss_060
[2026-07-07T18:10:42] PARAM condition=low_lat_high_loss
[2026-07-07T18:10:42] METRIC feat_packet_loss_rate_pct=3.9532
[2026-07-07T18:10:42] METRIC feat_throughput_mbps=4271.67
[2026-07-07T18:10:42] METRIC feat_rtt_ms=7.768
[2026-07-07T18:10:42] METRIC feat_jitter_ms=0.514
[2026-07-07T18:10:42] METRIC feat_bw_utilization_pct=59.36
[2026-07-07T18:10:42] METRIC feat_cache_hit_ratio=0.8743
[2026-07-07T18:10:42] METRIC feat_avg_object_size_kb=11.348
[2026-07-07T18:10:42] METRIC feat_retransmission_count=30
[2026-07-07T18:10:42] METRIC true_optimal_mtu_bytes=1696
[2026-07-07T18:10:42] METRIC mlp_predicted_mtu_bytes=1662
[2026-07-07T18:10:42] METRIC mlp_confidence=0.9389
[2026-07-07T18:10:42] METRIC abs_error_bytes=34
[2026-07-07T18:10:42] METRIC update_applied=True
[2026-07-07T18:10:42] RUN_END status=OK
[2026-07-07T18:12:10] RUN_START run_id=MTU_low_lat_high_loss_061
[2026-07-07T18:12:10] PARAM condition=low_lat_high_loss
[2026-07-07T18:12:10] METRIC feat_packet_loss_rate_pct=4.784
[2026-07-07T18:12:10] METRIC feat_throughput_mbps=6243.26
[2026-07-07T18:12:10] METRIC feat_rtt_ms=5.951
[2026-07-07T18:12:10] METRIC feat_jitter_ms=1.883
[2026-07-07T18:12:10] METRIC feat_bw_utilization_pct=76.07
[2026-07-07T18:12:10] METRIC feat_cache_hit_ratio=0.7204
[2026-07-07T18:12:10] METRIC feat_avg_object_size_kb=0.534
[2026-07-07T18:12:10] METRIC feat_retransmission_count=29
[2026-07-07T18:12:10] METRIC true_optimal_mtu_bytes=1000
[2026-07-07T18:12:10] METRIC mlp_predicted_mtu_bytes=1068
[2026-07-07T18:12:10] METRIC mlp_confidence=0.9302
[2026-07-07T18:12:10] METRIC abs_error_bytes=68
[2026-07-07T18:12:10] METRIC update_applied=True
[2026-07-07T18:12:10] RUN_END status=OK
[2026-07-07T18:15:05] RUN_START run_id=MTU_low_lat_high_loss_062
[2026-07-07T18:15:05] PARAM condition=low_lat_high_loss
[2026-07-07T18:15:05] METRIC feat_packet_loss_rate_pct=3.2692
[2026-07-07T18:15:05] METRIC feat_throughput_mbps=1802.16
[2026-07-07T18:15:05] METRIC feat_rtt_ms=3.356
[2026-07-07T18:15:05] METRIC feat_jitter_ms=1.846
[2026-07-07T18:15:05] METRIC feat_bw_utilization_pct=90.4
[2026-07-07T18:15:05] METRIC feat_cache_hit_ratio=0.8164
[2026-07-07T18:15:05] METRIC feat_avg_object_size_kb=6.018
[2026-07-07T18:15:05] METRIC feat_retransmission_count=20
[2026-07-07T18:15:05] METRIC true_optimal_mtu_bytes=1392
[2026-07-07T18:15:05] METRIC mlp_predicted_mtu_bytes=1589
[2026-07-07T18:15:05] METRIC mlp_confidence=0.7353
[2026-07-07T18:15:05] METRIC abs_error_bytes=197
[2026-07-07T18:15:05] METRIC update_applied=False
[2026-07-07T18:15:05] RUN_END status=OK
[2026-07-07T18:16:03] RUN_START run_id=MTU_low_lat_high_loss_063
[2026-07-07T18:16:03] PARAM condition=low_lat_high_loss
[2026-07-07T18:16:03] METRIC feat_packet_loss_rate_pct=5.1038
[2026-07-07T18:16:03] METRIC feat_throughput_mbps=6966.18
[2026-07-07T18:16:03] METRIC feat_rtt_ms=9.983
[2026-07-07T18:16:03] METRIC feat_jitter_ms=1.65
[2026-07-07T18:16:03] METRIC feat_bw_utilization_pct=27.04
[2026-07-07T18:16:03] METRIC feat_cache_hit_ratio=0.6283
[2026-07-07T18:16:03] METRIC feat_avg_object_size_kb=257.906
[2026-07-07T18:16:03] METRIC feat_retransmission_count=26
[2026-07-07T18:16:03] METRIC true_optimal_mtu_bytes=4816
[2026-07-07T18:16:03] METRIC mlp_predicted_mtu_bytes=4910
[2026-07-07T18:16:03] METRIC mlp_confidence=0.9601
[2026-07-07T18:16:03] METRIC abs_error_bytes=94
[2026-07-07T18:16:03] METRIC update_applied=True
[2026-07-07T18:16:03] RUN_END status=OK
[2026-07-07T18:17:31] RUN_START run_id=MTU_low_lat_high_loss_064
[2026-07-07T18:17:31] PARAM condition=low_lat_high_loss
[2026-07-07T18:17:31] METRIC feat_packet_loss_rate_pct=4.3103
[2026-07-07T18:17:31] METRIC feat_throughput_mbps=8228.4
[2026-07-07T18:17:31] METRIC feat_rtt_ms=8.504
[2026-07-07T18:17:31] METRIC feat_jitter_ms=1.526
[2026-07-07T18:17:31] METRIC feat_bw_utilization_pct=26.82
[2026-07-07T18:17:31] METRIC feat_cache_hit_ratio=0.7499
[2026-07-07T18:17:31] METRIC feat_avg_object_size_kb=1.581
[2026-07-07T18:17:31] METRIC feat_retransmission_count=26
[2026-07-07T18:17:31] METRIC true_optimal_mtu_bytes=1000
[2026-07-07T18:17:31] METRIC mlp_predicted_mtu_bytes=770
[2026-07-07T18:17:31] METRIC mlp_confidence=0.7716
[2026-07-07T18:17:31] METRIC abs_error_bytes=230
[2026-07-07T18:17:31] METRIC update_applied=False
[2026-07-07T18:17:31] RUN_END status=OK
[2026-07-07T18:19:56] RUN_START run_id=MTU_low_lat_high_loss_065
[2026-07-07T18:19:56] PARAM condition=low_lat_high_loss
[2026-07-07T18:19:56] METRIC feat_packet_loss_rate_pct=4.7235
[2026-07-07T18:19:56] METRIC feat_throughput_mbps=5814.87
[2026-07-07T18:19:56] METRIC feat_rtt_ms=6.926
[2026-07-07T18:19:56] METRIC feat_jitter_ms=0.871
[2026-07-07T18:19:56] METRIC feat_bw_utilization_pct=36.78
[2026-07-07T18:19:56] METRIC feat_cache_hit_ratio=0.5054
[2026-07-07T18:19:56] METRIC feat_avg_object_size_kb=0.395
[2026-07-07T18:19:56] METRIC feat_retransmission_count=37
[2026-07-07T18:19:56] METRIC true_optimal_mtu_bytes=1000
[2026-07-07T18:19:56] METRIC mlp_predicted_mtu_bytes=860
[2026-07-07T18:19:56] METRIC mlp_confidence=0.8254
[2026-07-07T18:19:56] METRIC abs_error_bytes=140
[2026-07-07T18:19:56] METRIC update_applied=True
[2026-07-07T18:19:56] RUN_END status=OK
[2026-07-07T18:20:53] RUN_START run_id=MTU_low_lat_high_loss_066
[2026-07-07T18:20:53] PARAM condition=low_lat_high_loss
[2026-07-07T18:20:53] METRIC feat_packet_loss_rate_pct=5.8361
[2026-07-07T18:20:53] METRIC feat_throughput_mbps=4208.59
[2026-07-07T18:20:53] METRIC feat_rtt_ms=7.637
[2026-07-07T18:20:53] METRIC feat_jitter_ms=0.919
[2026-07-07T18:20:53] METRIC feat_bw_utilization_pct=91.98
[2026-07-07T18:20:53] METRIC feat_cache_hit_ratio=0.6754
[2026-07-07T18:20:53] METRIC feat_avg_object_size_kb=1.327
[2026-07-07T18:20:53] METRIC feat_retransmission_count=30
[2026-07-07T18:20:53] METRIC true_optimal_mtu_bytes=1000
[2026-07-07T18:20:53] METRIC mlp_predicted_mtu_bytes=942
[2026-07-07T18:20:53] METRIC mlp_confidence=0.9122
[2026-07-07T18:20:53] METRIC abs_error_bytes=58
[2026-07-07T18:20:53] METRIC update_applied=True
[2026-07-07T18:20:53] RUN_END status=OK
[2026-07-07T18:23:10] RUN_START run_id=MTU_low_lat_high_loss_067
[2026-07-07T18:23:10] PARAM condition=low_lat_high_loss
[2026-07-07T18:23:10] METRIC feat_packet_loss_rate_pct=5.0814
[2026-07-07T18:23:10] METRIC feat_throughput_mbps=1224.17
[2026-07-07T18:23:10] METRIC feat_rtt_ms=7.383
[2026-07-07T18:23:10] METRIC feat_jitter_ms=0.494
[2026-07-07T18:23:10] METRIC feat_bw_utilization_pct=23.38
[2026-07-07T18:23:10] METRIC feat_cache_hit_ratio=0.556
[2026-07-07T18:23:10] METRIC feat_avg_object_size_kb=0.101
[2026-07-07T18:23:10] METRIC feat_retransmission_count=39
[2026-07-07T18:23:10] METRIC true_optimal_mtu_bytes=1000
[2026-07-07T18:23:10] METRIC mlp_predicted_mtu_bytes=1004
[2026-07-07T18:23:10] METRIC mlp_confidence=0.99
[2026-07-07T18:23:10] METRIC abs_error_bytes=4
[2026-07-07T18:23:10] METRIC update_applied=True
[2026-07-07T18:23:10] RUN_END status=OK
[2026-07-07T18:26:07] RUN_START run_id=MTU_low_lat_high_loss_068
[2026-07-07T18:26:07] PARAM condition=low_lat_high_loss
[2026-07-07T18:26:07] METRIC feat_packet_loss_rate_pct=3.1527
[2026-07-07T18:26:07] METRIC feat_throughput_mbps=2996.82
[2026-07-07T18:26:07] METRIC feat_rtt_ms=5.005
[2026-07-07T18:26:07] METRIC feat_jitter_ms=0.466
[2026-07-07T18:26:07] METRIC feat_bw_utilization_pct=19.3
[2026-07-07T18:26:07] METRIC feat_cache_hit_ratio=0.7044
[2026-07-07T18:26:07] METRIC feat_avg_object_size_kb=1771.104
[2026-07-07T18:26:07] METRIC feat_retransmission_count=19
[2026-07-07T18:26:07] METRIC true_optimal_mtu_bytes=6224
[2026-07-07T18:26:07] METRIC mlp_predicted_mtu_bytes=6182
[2026-07-07T18:26:07] METRIC mlp_confidence=0.9454
[2026-07-07T18:26:07] METRIC abs_error_bytes=42
[2026-07-07T18:26:07] METRIC update_applied=True
[2026-07-07T18:26:07] RUN_END status=OK
[2026-07-07T18:29:10] RUN_START run_id=MTU_low_lat_high_loss_069
[2026-07-07T18:29:10] PARAM condition=low_lat_high_loss
[2026-07-07T18:29:10] METRIC feat_packet_loss_rate_pct=5.6013
[2026-07-07T18:29:10] METRIC feat_throughput_mbps=4333.99
[2026-07-07T18:29:10] METRIC feat_rtt_ms=4.202
[2026-07-07T18:29:10] METRIC feat_jitter_ms=1.945
[2026-07-07T18:29:10] METRIC feat_bw_utilization_pct=60.19
[2026-07-07T18:29:10] METRIC feat_cache_hit_ratio=0.9001
[2026-07-07T18:29:10] METRIC feat_avg_object_size_kb=98.813
[2026-07-07T18:29:10] METRIC feat_retransmission_count=34
[2026-07-07T18:29:10] METRIC true_optimal_mtu_bytes=4112
[2026-07-07T18:29:10] METRIC mlp_predicted_mtu_bytes=4290
[2026-07-07T18:29:10] METRIC mlp_confidence=0.7844
[2026-07-07T18:29:10] METRIC abs_error_bytes=178
[2026-07-07T18:29:10] METRIC update_applied=False
[2026-07-07T18:29:10] RUN_END status=OK
[2026-07-07T18:33:35] RUN_START run_id=MTU_low_lat_high_loss_070
[2026-07-07T18:33:35] PARAM condition=low_lat_high_loss
[2026-07-07T18:33:35] METRIC feat_packet_loss_rate_pct=4.6276
[2026-07-07T18:33:35] METRIC feat_throughput_mbps=5823.19
[2026-07-07T18:33:35] METRIC feat_rtt_ms=9.594
[2026-07-07T18:33:35] METRIC feat_jitter_ms=1.418
[2026-07-07T18:33:35] METRIC feat_bw_utilization_pct=45.87
[2026-07-07T18:33:35] METRIC feat_cache_hit_ratio=0.6968
[2026-07-07T18:33:35] METRIC feat_avg_object_size_kb=0.213
[2026-07-07T18:33:35] METRIC feat_retransmission_count=35
[2026-07-07T18:33:35] METRIC true_optimal_mtu_bytes=1000
[2026-07-07T18:33:35] METRIC mlp_predicted_mtu_bytes=1071
[2026-07-07T18:33:35] METRIC mlp_confidence=0.9349
[2026-07-07T18:33:35] METRIC abs_error_bytes=71
[2026-07-07T18:33:35] METRIC update_applied=True
[2026-07-07T18:33:35] RUN_END status=OK
[2026-07-07T18:36:47] RUN_START run_id=MTU_low_lat_high_loss_071
[2026-07-07T18:36:47] PARAM condition=low_lat_high_loss
[2026-07-07T18:36:47] METRIC feat_packet_loss_rate_pct=3.8517
[2026-07-07T18:36:47] METRIC feat_throughput_mbps=6875.84
[2026-07-07T18:36:47] METRIC feat_rtt_ms=5.373
[2026-07-07T18:36:47] METRIC feat_jitter_ms=1.493
[2026-07-07T18:36:47] METRIC feat_bw_utilization_pct=30.82
[2026-07-07T18:36:47] METRIC feat_cache_hit_ratio=0.6134
[2026-07-07T18:36:47] METRIC feat_avg_object_size_kb=145.484
[2026-07-07T18:36:47] METRIC feat_retransmission_count=21
[2026-07-07T18:36:47] METRIC true_optimal_mtu_bytes=4880
[2026-07-07T18:36:47] METRIC mlp_predicted_mtu_bytes=4948
[2026-07-07T18:36:47] METRIC mlp_confidence=0.9327
[2026-07-07T18:36:47] METRIC abs_error_bytes=68
[2026-07-07T18:36:47] METRIC update_applied=True
[2026-07-07T18:36:47] RUN_END status=OK
[2026-07-07T18:37:39] RUN_START run_id=MTU_low_lat_high_loss_072
[2026-07-07T18:37:39] PARAM condition=low_lat_high_loss
[2026-07-07T18:37:39] METRIC feat_packet_loss_rate_pct=3.0096
[2026-07-07T18:37:39] METRIC feat_throughput_mbps=2007.32
[2026-07-07T18:37:39] METRIC feat_rtt_ms=1.941
[2026-07-07T18:37:39] METRIC feat_jitter_ms=1.56
[2026-07-07T18:37:39] METRIC feat_bw_utilization_pct=94.73
[2026-07-07T18:37:39] METRIC feat_cache_hit_ratio=0.7289
[2026-07-07T18:37:39] METRIC feat_avg_object_size_kb=0.308
[2026-07-07T18:37:39] METRIC feat_retransmission_count=15
[2026-07-07T18:37:39] METRIC true_optimal_mtu_bytes=1000
[2026-07-07T18:37:39] METRIC mlp_predicted_mtu_bytes=998
[2026-07-07T18:37:39] METRIC mlp_confidence=0.99
[2026-07-07T18:37:39] METRIC abs_error_bytes=2
[2026-07-07T18:37:39] METRIC update_applied=True
[2026-07-07T18:37:39] RUN_END status=OK
[2026-07-07T18:39:52] RUN_START run_id=MTU_low_lat_high_loss_073
[2026-07-07T18:39:52] PARAM condition=low_lat_high_loss
[2026-07-07T18:39:52] METRIC feat_packet_loss_rate_pct=5.1831
[2026-07-07T18:39:52] METRIC feat_throughput_mbps=6784.46
[2026-07-07T18:39:52] METRIC feat_rtt_ms=7.002
[2026-07-07T18:39:52] METRIC feat_jitter_ms=0.652
[2026-07-07T18:39:52] METRIC feat_bw_utilization_pct=26.06
[2026-07-07T18:39:52] METRIC feat_cache_hit_ratio=0.4921
[2026-07-07T18:39:52] METRIC feat_avg_object_size_kb=611.368
[2026-07-07T18:39:52] METRIC feat_retransmission_count=22
[2026-07-07T18:39:52] METRIC true_optimal_mtu_bytes=5240
[2026-07-07T18:39:52] METRIC mlp_predicted_mtu_bytes=5228
[2026-07-07T18:39:52] METRIC mlp_confidence=0.9749
[2026-07-07T18:39:52] METRIC abs_error_bytes=12
[2026-07-07T18:39:52] METRIC update_applied=True
[2026-07-07T18:39:52] RUN_END status=OK
[2026-07-07T18:41:31] RUN_START run_id=MTU_low_lat_high_loss_074
[2026-07-07T18:41:31] PARAM condition=low_lat_high_loss
[2026-07-07T18:41:31] METRIC feat_packet_loss_rate_pct=3.5865
[2026-07-07T18:41:31] METRIC feat_throughput_mbps=4567.25
[2026-07-07T18:41:31] METRIC feat_rtt_ms=4.295
[2026-07-07T18:41:31] METRIC feat_jitter_ms=0.732
[2026-07-07T18:41:31] METRIC feat_bw_utilization_pct=22.04
[2026-07-07T18:41:31] METRIC feat_cache_hit_ratio=0.99
[2026-07-07T18:41:31] METRIC feat_avg_object_size_kb=0.225
[2026-07-07T18:41:31] METRIC feat_retransmission_count=22
[2026-07-07T18:41:31] METRIC true_optimal_mtu_bytes=1000
[2026-07-07T18:41:31] METRIC mlp_predicted_mtu_bytes=1156
[2026-07-07T18:41:31] METRIC mlp_confidence=0.8513
[2026-07-07T18:41:31] METRIC abs_error_bytes=156
[2026-07-07T18:41:31] METRIC update_applied=True
[2026-07-07T18:41:31] RUN_END status=OK
[2026-07-07T18:41:59] RUN_START run_id=MTU_low_lat_high_loss_075
[2026-07-07T18:41:59] PARAM condition=low_lat_high_loss
[2026-07-07T18:41:59] METRIC feat_packet_loss_rate_pct=3.8658
[2026-07-07T18:41:59] METRIC feat_throughput_mbps=7168.89
[2026-07-07T18:41:59] METRIC feat_rtt_ms=8.86
[2026-07-07T18:41:59] METRIC feat_jitter_ms=0.832
[2026-07-07T18:41:59] METRIC feat_bw_utilization_pct=92.72
[2026-07-07T18:41:59] METRIC feat_cache_hit_ratio=0.6235
[2026-07-07T18:41:59] METRIC feat_avg_object_size_kb=5.66
[2026-07-07T18:41:59] METRIC feat_retransmission_count=26
[2026-07-07T18:41:59] METRIC true_optimal_mtu_bytes=1296
[2026-07-07T18:41:59] METRIC mlp_predicted_mtu_bytes=1495
[2026-07-07T18:41:59] METRIC mlp_confidence=0.7636
[2026-07-07T18:41:59] METRIC abs_error_bytes=199
[2026-07-07T18:41:59] METRIC update_applied=False
[2026-07-07T18:41:59] RUN_END status=OK
[2026-07-07T18:43:22] RUN_START run_id=MTU_low_lat_high_loss_076
[2026-07-07T18:43:22] PARAM condition=low_lat_high_loss
[2026-07-07T18:43:22] METRIC feat_packet_loss_rate_pct=4.6994
[2026-07-07T18:43:22] METRIC feat_throughput_mbps=7756.67
[2026-07-07T18:43:22] METRIC feat_rtt_ms=4.551
[2026-07-07T18:43:22] METRIC feat_jitter_ms=0.904
[2026-07-07T18:43:22] METRIC feat_bw_utilization_pct=91.73
[2026-07-07T18:43:22] METRIC feat_cache_hit_ratio=0.7306
[2026-07-07T18:43:22] METRIC feat_avg_object_size_kb=1922.073
[2026-07-07T18:43:22] METRIC feat_retransmission_count=25
[2026-07-07T18:43:22] METRIC true_optimal_mtu_bytes=5312
[2026-07-07T18:43:22] METRIC mlp_predicted_mtu_bytes=5420
[2026-07-07T18:43:22] METRIC mlp_confidence=0.9012
[2026-07-07T18:43:22] METRIC abs_error_bytes=108
[2026-07-07T18:43:22] METRIC update_applied=True
[2026-07-07T18:43:22] RUN_END status=OK
