[2026-07-15T11:31:25] RUN_START run_id=MTU_low_lat_low_loss_021
[2026-07-15T11:31:25] PARAM condition=low_lat_low_loss
[2026-07-15T11:31:25] METRIC feat_packet_loss_rate_pct=0.3248
[2026-07-15T11:31:25] METRIC feat_throughput_mbps=6595.11
[2026-07-15T11:31:25] METRIC feat_rtt_ms=7.675
[2026-07-15T11:31:25] METRIC feat_jitter_ms=0.272
[2026-07-15T11:31:25] METRIC feat_bw_utilization_pct=41.05
[2026-07-15T11:31:25] METRIC feat_cache_hit_ratio=0.5624
[2026-07-15T11:31:25] METRIC feat_avg_object_size_kb=26.41
[2026-07-15T11:31:25] METRIC feat_retransmission_count=1
[2026-07-15T11:31:25] METRIC true_optimal_mtu_bytes=3888
[2026-07-15T11:31:25] METRIC mlp_predicted_mtu_bytes=3962
[2026-07-15T11:31:25] METRIC mlp_confidence=0.9519
[2026-07-15T11:31:25] METRIC abs_error_bytes=74
[2026-07-15T11:31:25] METRIC update_applied=True
[2026-07-15T11:31:25] RUN_END status=OK
[2026-07-15T11:31:55] RUN_START run_id=MTU_low_lat_low_loss_022
[2026-07-15T11:31:55] PARAM condition=low_lat_low_loss
[2026-07-15T11:31:55] METRIC feat_packet_loss_rate_pct=0.1308
[2026-07-15T11:31:55] METRIC feat_throughput_mbps=1965.41
[2026-07-15T11:31:55] METRIC feat_rtt_ms=5.174
[2026-07-15T11:31:55] METRIC feat_jitter_ms=0.252
[2026-07-15T11:31:55] METRIC feat_bw_utilization_pct=32.89
[2026-07-15T11:31:55] METRIC feat_cache_hit_ratio=0.99
[2026-07-15T11:31:55] METRIC feat_avg_object_size_kb=0.222
[2026-07-15T11:31:55] METRIC feat_retransmission_count=0
[2026-07-15T11:31:55] METRIC true_optimal_mtu_bytes=1000
[2026-07-15T11:31:55] METRIC mlp_predicted_mtu_bytes=853
[2026-07-15T11:31:55] METRIC mlp_confidence=0.8677
[2026-07-15T11:31:55] METRIC abs_error_bytes=147
[2026-07-15T11:31:55] METRIC update_applied=True
[2026-07-15T11:31:55] RUN_END status=OK
[2026-07-15T11:35:02] RUN_START run_id=MTU_low_lat_low_loss_023
[2026-07-15T11:35:02] PARAM condition=low_lat_low_loss
[2026-07-15T11:35:02] METRIC feat_packet_loss_rate_pct=0.4981
[2026-07-15T11:35:02] METRIC feat_throughput_mbps=5778.64
[2026-07-15T11:35:02] METRIC feat_rtt_ms=6.018
[2026-07-15T11:35:02] METRIC feat_jitter_ms=0.911
[2026-07-15T11:35:02] METRIC feat_bw_utilization_pct=79.48
[2026-07-15T11:35:02] METRIC feat_cache_hit_ratio=0.9229
[2026-07-15T11:35:02] METRIC feat_avg_object_size_kb=4.95
[2026-07-15T11:35:02] METRIC feat_retransmission_count=0
[2026-07-15T11:35:02] METRIC true_optimal_mtu_bytes=1712
[2026-07-15T11:35:02] METRIC mlp_predicted_mtu_bytes=1956
[2026-07-15T11:35:02] METRIC mlp_confidence=0.7152
[2026-07-15T11:35:02] METRIC abs_error_bytes=244
[2026-07-15T11:35:02] METRIC update_applied=False
[2026-07-15T11:35:02] RUN_END status=OK
[2026-07-15T11:37:03] RUN_START run_id=MTU_low_lat_low_loss_024
[2026-07-15T11:37:03] PARAM condition=low_lat_low_loss
[2026-07-15T11:37:03] METRIC feat_packet_loss_rate_pct=0.4241
[2026-07-15T11:37:03] METRIC feat_throughput_mbps=8071.2
[2026-07-15T11:37:03] METRIC feat_rtt_ms=4.999
[2026-07-15T11:37:03] METRIC feat_jitter_ms=0.529
[2026-07-15T11:37:03] METRIC feat_bw_utilization_pct=91.82
[2026-07-15T11:37:03] METRIC feat_cache_hit_ratio=0.6058
[2026-07-15T11:37:03] METRIC feat_avg_object_size_kb=1932.006
[2026-07-15T11:37:03] METRIC feat_retransmission_count=2
[2026-07-15T11:37:03] METRIC true_optimal_mtu_bytes=8152
[2026-07-15T11:37:03] METRIC mlp_predicted_mtu_bytes=8164
[2026-07-15T11:37:03] METRIC mlp_confidence=0.9485
[2026-07-15T11:37:03] METRIC abs_error_bytes=12
[2026-07-15T11:37:03] METRIC update_applied=True
[2026-07-15T11:37:03] RUN_END status=OK
[2026-07-15T11:40:04] RUN_START run_id=MTU_low_lat_low_loss_025
[2026-07-15T11:40:04] PARAM condition=low_lat_low_loss
[2026-07-15T11:40:04] METRIC feat_packet_loss_rate_pct=0.7885
[2026-07-15T11:40:04] METRIC feat_throughput_mbps=6651.86
[2026-07-15T11:40:04] METRIC feat_rtt_ms=7.956
[2026-07-15T11:40:04] METRIC feat_jitter_ms=0.654
[2026-07-15T11:40:04] METRIC feat_bw_utilization_pct=75.02
[2026-07-15T11:40:04] METRIC feat_cache_hit_ratio=0.7451
[2026-07-15T11:40:04] METRIC feat_avg_object_size_kb=0.761
[2026-07-15T11:40:04] METRIC feat_retransmission_count=2
[2026-07-15T11:40:04] METRIC true_optimal_mtu_bytes=1064
[2026-07-15T11:40:04] METRIC mlp_predicted_mtu_bytes=1163
[2026-07-15T11:40:04] METRIC mlp_confidence=0.9362
[2026-07-15T11:40:04] METRIC abs_error_bytes=99
[2026-07-15T11:40:04] METRIC update_applied=True
[2026-07-15T11:40:04] RUN_END status=OK
[2026-07-15T11:42:32] RUN_START run_id=MTU_low_lat_low_loss_026
[2026-07-15T11:42:32] PARAM condition=low_lat_low_loss
[2026-07-15T11:42:32] METRIC feat_packet_loss_rate_pct=0.1326
[2026-07-15T11:42:32] METRIC feat_throughput_mbps=2807.97
[2026-07-15T11:42:32] METRIC feat_rtt_ms=5.824
[2026-07-15T11:42:32] METRIC feat_jitter_ms=0.981
[2026-07-15T11:42:32] METRIC feat_bw_utilization_pct=27.92
[2026-07-15T11:42:32] METRIC feat_cache_hit_ratio=0.9359
[2026-07-15T11:42:32] METRIC feat_avg_object_size_kb=0.548
[2026-07-15T11:42:32] METRIC feat_retransmission_count=0
[2026-07-15T11:42:32] METRIC true_optimal_mtu_bytes=1136
[2026-07-15T11:42:32] METRIC mlp_predicted_mtu_bytes=1421
[2026-07-15T11:42:32] METRIC mlp_confidence=0.6327
[2026-07-15T11:42:32] METRIC abs_error_bytes=285
[2026-07-15T11:42:32] METRIC update_applied=False
[2026-07-15T11:42:32] RUN_END status=OK
[2026-07-15T11:44:59] RUN_START run_id=MTU_low_lat_low_loss_027
[2026-07-15T11:44:59] PARAM condition=low_lat_low_loss
[2026-07-15T11:44:59] METRIC feat_packet_loss_rate_pct=0.4558
[2026-07-15T11:44:59] METRIC feat_throughput_mbps=8473.86
[2026-07-15T11:44:59] METRIC feat_rtt_ms=6.689
[2026-07-15T11:44:59] METRIC feat_jitter_ms=0.222
[2026-07-15T11:44:59] METRIC feat_bw_utilization_pct=11.51
[2026-07-15T11:44:59] METRIC feat_cache_hit_ratio=0.6843
[2026-07-15T11:44:59] METRIC feat_avg_object_size_kb=1.041
[2026-07-15T11:44:59] METRIC feat_retransmission_count=2
[2026-07-15T11:44:59] METRIC true_optimal_mtu_bytes=1192
[2026-07-15T11:44:59] METRIC mlp_predicted_mtu_bytes=1322
[2026-07-15T11:44:59] METRIC mlp_confidence=0.8724
[2026-07-15T11:44:59] METRIC abs_error_bytes=130
[2026-07-15T11:44:59] METRIC update_applied=True
[2026-07-15T11:44:59] RUN_END status=OK
[2026-07-15T11:47:25] RUN_START run_id=MTU_low_lat_low_loss_028
[2026-07-15T11:47:25] PARAM condition=low_lat_low_loss
[2026-07-15T11:47:25] METRIC feat_packet_loss_rate_pct=0.0711
[2026-07-15T11:47:25] METRIC feat_throughput_mbps=7913.13
[2026-07-15T11:47:25] METRIC feat_rtt_ms=5.154
[2026-07-15T11:47:25] METRIC feat_jitter_ms=0.729
[2026-07-15T11:47:25] METRIC feat_bw_utilization_pct=55.38
[2026-07-15T11:47:25] METRIC feat_cache_hit_ratio=0.4206
[2026-07-15T11:47:25] METRIC feat_avg_object_size_kb=0.494
[2026-07-15T11:47:25] METRIC feat_retransmission_count=0
[2026-07-15T11:47:25] METRIC true_optimal_mtu_bytes=1208
[2026-07-15T11:47:25] METRIC mlp_predicted_mtu_bytes=1106
[2026-07-15T11:47:25] METRIC mlp_confidence=0.8265
[2026-07-15T11:47:25] METRIC abs_error_bytes=102
[2026-07-15T11:47:25] METRIC update_applied=True
[2026-07-15T11:47:25] RUN_END status=OK
[2026-07-15T11:51:57] RUN_START run_id=MTU_low_lat_low_loss_029
[2026-07-15T11:51:57] PARAM condition=low_lat_low_loss
[2026-07-15T11:51:57] METRIC feat_packet_loss_rate_pct=0.7506
[2026-07-15T11:51:57] METRIC feat_throughput_mbps=7360.0
[2026-07-15T11:51:57] METRIC feat_rtt_ms=7.593
[2026-07-15T11:51:57] METRIC feat_jitter_ms=0.081
[2026-07-15T11:51:57] METRIC feat_bw_utilization_pct=53.05
[2026-07-15T11:51:57] METRIC feat_cache_hit_ratio=0.4374
[2026-07-15T11:51:57] METRIC feat_avg_object_size_kb=0.479
[2026-07-15T11:51:57] METRIC feat_retransmission_count=3
[2026-07-15T11:51:57] METRIC true_optimal_mtu_bytes=1000
[2026-07-15T11:51:57] METRIC mlp_predicted_mtu_bytes=1126
[2026-07-15T11:51:57] METRIC mlp_confidence=0.9264
[2026-07-15T11:51:57] METRIC abs_error_bytes=126
[2026-07-15T11:51:57] METRIC update_applied=True
[2026-07-15T11:51:57] RUN_END status=OK
[2026-07-15T11:55:34] RUN_START run_id=MTU_low_lat_low_loss_030
[2026-07-15T11:55:34] PARAM condition=low_lat_low_loss
[2026-07-15T11:55:34] METRIC feat_packet_loss_rate_pct=0.5778
[2026-07-15T11:55:34] METRIC feat_throughput_mbps=8618.02
[2026-07-15T11:55:34] METRIC feat_rtt_ms=3.196
[2026-07-15T11:55:34] METRIC feat_jitter_ms=0.788
[2026-07-15T11:55:34] METRIC feat_bw_utilization_pct=34.54
[2026-07-15T11:55:34] METRIC feat_cache_hit_ratio=0.901
[2026-07-15T11:55:34] METRIC feat_avg_object_size_kb=0.123
[2026-07-15T11:55:34] METRIC feat_retransmission_count=3
[2026-07-15T11:55:34] METRIC true_optimal_mtu_bytes=1000
[2026-07-15T11:55:34] METRIC mlp_predicted_mtu_bytes=1058
[2026-07-15T11:55:34] METRIC mlp_confidence=0.956
[2026-07-15T11:55:34] METRIC abs_error_bytes=58
[2026-07-15T11:55:34] METRIC update_applied=True
[2026-07-15T11:55:34] RUN_END status=OK
[2026-07-15T13:13:30] RUN_START run_id=MTU_high_lat_low_loss_105
[2026-07-15T13:13:30] PARAM condition=high_lat_low_loss
[2026-07-15T13:13:30] METRIC feat_packet_loss_rate_pct=0.9254
[2026-07-15T13:13:30] METRIC feat_throughput_mbps=1761.74
[2026-07-15T13:13:30] METRIC feat_rtt_ms=55.845
[2026-07-15T13:13:30] METRIC feat_jitter_ms=3.949
[2026-07-15T13:13:30] METRIC feat_bw_utilization_pct=84.02
[2026-07-15T13:13:30] METRIC feat_cache_hit_ratio=0.7503
[2026-07-15T13:13:30] METRIC feat_avg_object_size_kb=988.876
[2026-07-15T13:13:30] METRIC feat_retransmission_count=9
[2026-07-15T13:13:30] METRIC true_optimal_mtu_bytes=7400
[2026-07-15T13:13:30] METRIC mlp_predicted_mtu_bytes=7339
[2026-07-15T13:13:30] METRIC mlp_confidence=0.9303
[2026-07-15T13:13:30] METRIC abs_error_bytes=61
[2026-07-15T13:13:30] METRIC update_applied=True
[2026-07-15T13:13:30] RUN_END status=OK
