[2026-07-07T08:02:22] RUN_START run_id=MTU_low_lat_high_loss_038
[2026-07-07T08:02:22] PARAM condition=low_lat_high_loss
[2026-07-07T08:02:22] METRIC feat_packet_loss_rate_pct=5.6139
[2026-07-07T08:02:22] METRIC feat_throughput_mbps=2576.8
[2026-07-07T08:02:22] METRIC feat_rtt_ms=1.087
[2026-07-07T08:02:22] METRIC feat_jitter_ms=1.786
[2026-07-07T08:02:22] METRIC feat_bw_utilization_pct=30.14
[2026-07-07T08:02:22] METRIC feat_cache_hit_ratio=0.6922
[2026-07-07T08:02:22] METRIC feat_avg_object_size_kb=1.724
[2026-07-07T08:02:22] METRIC feat_retransmission_count=44
[2026-07-07T08:02:22] METRIC true_optimal_mtu_bytes=1000
[2026-07-07T08:02:22] METRIC mlp_predicted_mtu_bytes=912
[2026-07-07T08:02:22] METRIC mlp_confidence=0.9141
[2026-07-07T08:02:22] METRIC abs_error_bytes=88
[2026-07-07T08:02:22] METRIC update_applied=True
[2026-07-07T08:02:22] RUN_END status=OK
[2026-07-07T08:03:06] RUN_START run_id=MTU_low_lat_high_loss_039
[2026-07-07T08:03:06] PARAM condition=low_lat_high_loss
[2026-07-07T08:03:06] METRIC feat_packet_loss_rate_pct=5.7665
[2026-07-07T08:03:06] METRIC feat_throughput_mbps=5393.53
[2026-07-07T08:03:06] METRIC feat_rtt_ms=3.68
[2026-07-07T08:03:06] METRIC feat_jitter_ms=1.149
[2026-07-07T08:03:06] METRIC feat_bw_utilization_pct=58.79
[2026-07-07T08:03:06] METRIC feat_cache_hit_ratio=0.6968
[2026-07-07T08:03:06] METRIC feat_avg_object_size_kb=0.518
[2026-07-07T08:03:06] METRIC feat_retransmission_count=36
[2026-07-07T08:03:06] METRIC true_optimal_mtu_bytes=1000
[2026-07-07T08:03:06] METRIC mlp_predicted_mtu_bytes=1039
[2026-07-07T08:03:06] METRIC mlp_confidence=0.9442
[2026-07-07T08:03:06] METRIC abs_error_bytes=39
[2026-07-07T08:03:06] METRIC update_applied=True
[2026-07-07T08:03:06] RUN_END status=OK
[2026-07-07T08:04:26] RUN_START run_id=MTU_low_lat_high_loss_040
[2026-07-07T08:04:26] PARAM condition=low_lat_high_loss
[2026-07-07T08:04:26] METRIC feat_packet_loss_rate_pct=5.4813
[2026-07-07T08:04:26] METRIC feat_throughput_mbps=7631.69
[2026-07-07T08:04:26] METRIC feat_rtt_ms=9.976
[2026-07-07T08:04:26] METRIC feat_jitter_ms=1.893
[2026-07-07T08:04:26] METRIC feat_bw_utilization_pct=22.0
[2026-07-07T08:04:26] METRIC feat_cache_hit_ratio=0.8528
[2026-07-07T08:04:26] METRIC feat_avg_object_size_kb=405.768
[2026-07-07T08:04:26] METRIC feat_retransmission_count=32
[2026-07-07T08:04:26] METRIC true_optimal_mtu_bytes=5112
[2026-07-07T08:04:26] METRIC mlp_predicted_mtu_bytes=5061
[2026-07-07T08:04:26] METRIC mlp_confidence=0.9198
[2026-07-07T08:04:26] METRIC abs_error_bytes=51
[2026-07-07T08:04:26] METRIC update_applied=True
[2026-07-07T08:04:26] RUN_END status=OK
[2026-07-07T08:06:41] RUN_START run_id=MTU_low_lat_high_loss_041
[2026-07-07T08:06:41] PARAM condition=low_lat_high_loss
[2026-07-07T08:06:41] METRIC feat_packet_loss_rate_pct=3.7453
[2026-07-07T08:06:41] METRIC feat_throughput_mbps=7226.07
[2026-07-07T08:06:41] METRIC feat_rtt_ms=8.623
[2026-07-07T08:06:41] METRIC feat_jitter_ms=1.453
[2026-07-07T08:06:41] METRIC feat_bw_utilization_pct=23.71
[2026-07-07T08:06:41] METRIC feat_cache_hit_ratio=0.596
[2026-07-07T08:06:41] METRIC feat_avg_object_size_kb=431.806
[2026-07-07T08:06:41] METRIC feat_retransmission_count=30
[2026-07-07T08:06:41] METRIC true_optimal_mtu_bytes=5216
[2026-07-07T08:06:41] METRIC mlp_predicted_mtu_bytes=5305
[2026-07-07T08:06:41] METRIC mlp_confidence=0.9256
[2026-07-07T08:06:41] METRIC abs_error_bytes=89
[2026-07-07T08:06:41] METRIC update_applied=True
[2026-07-07T08:06:41] RUN_END status=OK
[2026-07-07T08:11:25] RUN_START run_id=MTU_low_lat_high_loss_042
[2026-07-07T08:11:25] PARAM condition=low_lat_high_loss
[2026-07-07T08:11:25] METRIC feat_packet_loss_rate_pct=3.9983
[2026-07-07T08:11:25] METRIC feat_throughput_mbps=1507.94
[2026-07-07T08:11:25] METRIC feat_rtt_ms=6.752
[2026-07-07T08:11:25] METRIC feat_jitter_ms=1.896
[2026-07-07T08:11:25] METRIC feat_bw_utilization_pct=13.11
[2026-07-07T08:11:25] METRIC feat_cache_hit_ratio=0.3096
[2026-07-07T08:11:25] METRIC feat_avg_object_size_kb=0.198
[2026-07-07T08:11:25] METRIC feat_retransmission_count=18
[2026-07-07T08:11:25] METRIC true_optimal_mtu_bytes=1000
[2026-07-07T08:11:25] METRIC mlp_predicted_mtu_bytes=1205
[2026-07-07T08:11:25] METRIC mlp_confidence=0.7586
[2026-07-07T08:11:25] METRIC abs_error_bytes=205
[2026-07-07T08:11:25] METRIC update_applied=False
[2026-07-07T08:11:25] RUN_END status=OK
[2026-07-07T08:17:34] RUN_START run_id=MTU_low_lat_high_loss_043
[2026-07-07T08:17:34] PARAM condition=low_lat_high_loss
[2026-07-07T08:17:34] METRIC feat_packet_loss_rate_pct=3.9224
[2026-07-07T08:17:34] METRIC feat_throughput_mbps=6794.2
[2026-07-07T08:17:34] METRIC feat_rtt_ms=4.049
[2026-07-07T08:17:34] METRIC feat_jitter_ms=1.281
[2026-07-07T08:17:34] METRIC feat_bw_utilization_pct=84.0
[2026-07-07T08:17:34] METRIC feat_cache_hit_ratio=0.7088
[2026-07-07T08:17:34] METRIC feat_avg_object_size_kb=119.573
[2026-07-07T08:17:34] METRIC feat_retransmission_count=24
[2026-07-07T08:17:34] METRIC true_optimal_mtu_bytes=4616
[2026-07-07T08:17:34] METRIC mlp_predicted_mtu_bytes=4550
[2026-07-07T08:17:34] METRIC mlp_confidence=0.8825
[2026-07-07T08:17:34] METRIC abs_error_bytes=66
[2026-07-07T08:17:34] METRIC update_applied=True
[2026-07-07T08:17:34] RUN_END status=OK
[2026-07-07T08:18:34] RUN_START run_id=MTU_low_lat_high_loss_044
[2026-07-07T08:18:34] PARAM condition=low_lat_high_loss
[2026-07-07T08:18:34] METRIC feat_packet_loss_rate_pct=3.7379
[2026-07-07T08:18:34] METRIC feat_throughput_mbps=2282.75
[2026-07-07T08:18:34] METRIC feat_rtt_ms=5.626
[2026-07-07T08:18:34] METRIC feat_jitter_ms=1.587
[2026-07-07T08:18:34] METRIC feat_bw_utilization_pct=71.41
[2026-07-07T08:18:34] METRIC feat_cache_hit_ratio=0.931
[2026-07-07T08:18:34] METRIC feat_avg_object_size_kb=4.189
[2026-07-07T08:18:34] METRIC feat_retransmission_count=30
[2026-07-07T08:18:34] METRIC true_optimal_mtu_bytes=1104
[2026-07-07T08:18:34] METRIC mlp_predicted_mtu_bytes=877
[2026-07-07T08:18:34] METRIC mlp_confidence=0.7081
[2026-07-07T08:18:34] METRIC abs_error_bytes=227
[2026-07-07T08:18:34] METRIC update_applied=False
[2026-07-07T08:18:34] RUN_END status=OK
[2026-07-07T08:21:59] RUN_START run_id=MTU_low_lat_high_loss_045
[2026-07-07T08:21:59] PARAM condition=low_lat_high_loss
[2026-07-07T08:21:59] METRIC feat_packet_loss_rate_pct=3.7523
[2026-07-07T08:21:59] METRIC feat_throughput_mbps=7294.53
[2026-07-07T08:21:59] METRIC feat_rtt_ms=2.16
[2026-07-07T08:21:59] METRIC feat_jitter_ms=1.77
[2026-07-07T08:21:59] METRIC feat_bw_utilization_pct=71.04
[2026-07-07T08:21:59] METRIC feat_cache_hit_ratio=0.6694
[2026-07-07T08:21:59] METRIC feat_avg_object_size_kb=912.713
[2026-07-07T08:21:59] METRIC feat_retransmission_count=25
[2026-07-07T08:21:59] METRIC true_optimal_mtu_bytes=5560
[2026-07-07T08:21:59] METRIC mlp_predicted_mtu_bytes=5700
[2026-07-07T08:21:59] METRIC mlp_confidence=0.85
[2026-07-07T08:21:59] METRIC abs_error_bytes=140
[2026-07-07T08:21:59] METRIC update_applied=True
[2026-07-07T08:21:59] RUN_END status=OK
[2026-07-07T17:33:45] RUN_START run_id=MTU_low_lat_high_loss_046
[2026-07-07T17:33:45] PARAM condition=low_lat_high_loss
[2026-07-07T17:33:45] METRIC feat_packet_loss_rate_pct=5.161
[2026-07-07T17:33:45] METRIC feat_throughput_mbps=5834.34
[2026-07-07T17:33:45] METRIC feat_rtt_ms=3.022
[2026-07-07T17:33:45] METRIC feat_jitter_ms=1.621
[2026-07-07T17:33:45] METRIC feat_bw_utilization_pct=87.09
[2026-07-07T17:33:45] METRIC feat_cache_hit_ratio=0.708
[2026-07-07T17:33:45] METRIC feat_avg_object_size_kb=2376.791
[2026-07-07T17:33:45] METRIC feat_retransmission_count=31
[2026-07-07T17:33:45] METRIC true_optimal_mtu_bytes=5536
[2026-07-07T17:33:45] METRIC mlp_predicted_mtu_bytes=5621
[2026-07-07T17:33:45] METRIC mlp_confidence=0.8708
[2026-07-07T17:33:45] METRIC abs_error_bytes=85
[2026-07-07T17:33:45] METRIC update_applied=True
[2026-07-07T17:33:45] RUN_END status=OK
[2026-07-07T17:36:01] RUN_START run_id=MTU_low_lat_high_loss_047
[2026-07-07T17:36:01] PARAM condition=low_lat_high_loss
[2026-07-07T17:36:01] METRIC feat_packet_loss_rate_pct=3.5613
[2026-07-07T17:36:01] METRIC feat_throughput_mbps=7170.19
[2026-07-07T17:36:01] METRIC feat_rtt_ms=7.487
[2026-07-07T17:36:01] METRIC feat_jitter_ms=1.935
[2026-07-07T17:36:01] METRIC feat_bw_utilization_pct=49.33
[2026-07-07T17:36:01] METRIC feat_cache_hit_ratio=0.7231
[2026-07-07T17:36:01] METRIC feat_avg_object_size_kb=26.689
[2026-07-07T17:36:01] METRIC feat_retransmission_count=17
[2026-07-07T17:36:01] METRIC true_optimal_mtu_bytes=2928
[2026-07-07T17:36:01] METRIC mlp_predicted_mtu_bytes=3055
[2026-07-07T17:36:01] METRIC mlp_confidence=0.8853
[2026-07-07T17:36:01] METRIC abs_error_bytes=127
[2026-07-07T17:36:01] METRIC update_applied=True
[2026-07-07T17:36:01] RUN_END status=OK
[2026-07-07T17:38:29] RUN_START run_id=MTU_low_lat_high_loss_048
[2026-07-07T17:38:29] PARAM condition=low_lat_high_loss
[2026-07-07T17:38:29] METRIC feat_packet_loss_rate_pct=3.3265
[2026-07-07T17:38:29] METRIC feat_throughput_mbps=8785.2
[2026-07-07T17:38:29] METRIC feat_rtt_ms=1.842
[2026-07-07T17:38:29] METRIC feat_jitter_ms=1.251
[2026-07-07T17:38:29] METRIC feat_bw_utilization_pct=56.49
[2026-07-07T17:38:29] METRIC feat_cache_hit_ratio=0.4459
[2026-07-07T17:38:29] METRIC feat_avg_object_size_kb=33.342
[2026-07-07T17:38:29] METRIC feat_retransmission_count=26
[2026-07-07T17:38:29] METRIC true_optimal_mtu_bytes=2960
[2026-07-07T17:38:29] METRIC mlp_predicted_mtu_bytes=2846
[2026-07-07T17:38:29] METRIC mlp_confidence=0.8663
[2026-07-07T17:38:29] METRIC abs_error_bytes=114
[2026-07-07T17:38:29] METRIC update_applied=True
[2026-07-07T17:38:29] RUN_END status=OK
[2026-07-07T17:40:30] RUN_START run_id=MTU_low_lat_high_loss_049
[2026-07-07T17:40:30] PARAM condition=low_lat_high_loss
[2026-07-07T17:40:30] METRIC feat_packet_loss_rate_pct=3.9598
[2026-07-07T17:40:30] METRIC feat_throughput_mbps=152.07
[2026-07-07T17:40:30] METRIC feat_rtt_ms=9.132
[2026-07-07T17:40:30] METRIC feat_jitter_ms=1.661
[2026-07-07T17:40:30] METRIC feat_bw_utilization_pct=77.63
[2026-07-07T17:40:30] METRIC feat_cache_hit_ratio=0.6632
[2026-07-07T17:40:30] METRIC feat_avg_object_size_kb=2336.867
[2026-07-07T17:40:30] METRIC feat_retransmission_count=28
[2026-07-07T17:40:30] METRIC true_optimal_mtu_bytes=5512
[2026-07-07T17:40:30] METRIC mlp_predicted_mtu_bytes=5545
[2026-07-07T17:40:30] METRIC mlp_confidence=0.99
[2026-07-07T17:40:30] METRIC abs_error_bytes=33
[2026-07-07T17:40:30] METRIC update_applied=True
[2026-07-07T17:40:30] RUN_END status=OK
[2026-07-07T17:43:08] RUN_START run_id=MTU_low_lat_high_loss_050
[2026-07-07T17:43:08] PARAM condition=low_lat_high_loss
[2026-07-07T17:43:08] METRIC feat_packet_loss_rate_pct=4.5884
[2026-07-07T17:43:08] METRIC feat_throughput_mbps=7566.54
[2026-07-07T17:43:08] METRIC feat_rtt_ms=9.232
[2026-07-07T17:43:08] METRIC feat_jitter_ms=1.309
[2026-07-07T17:43:08] METRIC feat_bw_utilization_pct=72.06
[2026-07-07T17:43:08] METRIC feat_cache_hit_ratio=0.5641
[2026-07-07T17:43:08] METRIC feat_avg_object_size_kb=2636.951
[2026-07-07T17:43:08] METRIC feat_retransmission_count=32
[2026-07-07T17:43:08] METRIC true_optimal_mtu_bytes=5496
[2026-07-07T17:43:08] METRIC mlp_predicted_mtu_bytes=5523
[2026-07-07T17:43:08] METRIC mlp_confidence=0.9713
[2026-07-07T17:43:08] METRIC abs_error_bytes=27
[2026-07-07T17:43:08] METRIC update_applied=True
[2026-07-07T17:43:08] RUN_END status=OK
[2026-07-07T17:46:04] RUN_START run_id=MTU_low_lat_high_loss_051
[2026-07-07T17:46:04] PARAM condition=low_lat_high_loss
[2026-07-07T17:46:04] METRIC feat_packet_loss_rate_pct=3.3454
[2026-07-07T17:46:04] METRIC feat_throughput_mbps=7923.17
[2026-07-07T17:46:04] METRIC feat_rtt_ms=3.033
[2026-07-07T17:46:04] METRIC feat_jitter_ms=0.997
[2026-07-07T17:46:04] METRIC feat_bw_utilization_pct=42.06
[2026-07-07T17:46:04] METRIC feat_cache_hit_ratio=0.7476
[2026-07-07T17:46:04] METRIC feat_avg_object_size_kb=1.101
[2026-07-07T17:46:04] METRIC feat_retransmission_count=20
[2026-07-07T17:46:04] METRIC true_optimal_mtu_bytes=1000
[2026-07-07T17:46:04] METRIC mlp_predicted_mtu_bytes=1066
[2026-07-07T17:46:04] METRIC mlp_confidence=0.9403
[2026-07-07T17:46:04] METRIC abs_error_bytes=66
[2026-07-07T17:46:04] METRIC update_applied=True
[2026-07-07T17:46:04] RUN_END status=OK
[2026-07-07T17:48:53] RUN_START run_id=MTU_low_lat_high_loss_052
[2026-07-07T17:48:53] PARAM condition=low_lat_high_loss
[2026-07-07T17:48:53] METRIC feat_packet_loss_rate_pct=4.203
[2026-07-07T17:48:53] METRIC feat_throughput_mbps=2231.4
[2026-07-07T17:48:53] METRIC feat_rtt_ms=2.483
[2026-07-07T17:48:53] METRIC feat_jitter_ms=0.372
[2026-07-07T17:48:53] METRIC feat_bw_utilization_pct=33.87
[2026-07-07T17:48:53] METRIC feat_cache_hit_ratio=0.7891
[2026-07-07T17:48:53] METRIC feat_avg_object_size_kb=0.216
[2026-07-07T17:48:53] METRIC feat_retransmission_count=18
[2026-07-07T17:48:53] METRIC true_optimal_mtu_bytes=1000
[2026-07-07T17:48:53] METRIC mlp_predicted_mtu_bytes=954
[2026-07-07T17:48:53] METRIC mlp_confidence=0.8915
[2026-07-07T17:48:53] METRIC abs_error_bytes=46
[2026-07-07T17:48:53] METRIC update_applied=True
[2026-07-07T17:48:53] RUN_END status=OK
[2026-07-07T17:50:35] RUN_START run_id=MTU_low_lat_high_loss_053
[2026-07-07T17:50:35] PARAM condition=low_lat_high_loss
[2026-07-07T17:50:35] METRIC feat_packet_loss_rate_pct=5.3794
[2026-07-07T17:50:35] METRIC feat_throughput_mbps=5606.63
[2026-07-07T17:50:35] METRIC feat_rtt_ms=3.987
[2026-07-07T17:50:35] METRIC feat_jitter_ms=1.586
[2026-07-07T17:50:35] METRIC feat_bw_utilization_pct=80.63
[2026-07-07T17:50:35] METRIC feat_cache_hit_ratio=0.6962
[2026-07-07T17:50:35] METRIC feat_avg_object_size_kb=18.523
[2026-07-07T17:50:35] METRIC feat_retransmission_count=27
[2026-07-07T17:50:35] METRIC true_optimal_mtu_bytes=2208
[2026-07-07T17:50:35] METRIC mlp_predicted_mtu_bytes=2003
[2026-07-07T17:50:35] METRIC mlp_confidence=0.7167
[2026-07-07T17:50:35] METRIC abs_error_bytes=205
[2026-07-07T17:50:35] METRIC update_applied=False
[2026-07-07T17:50:35] RUN_END status=OK
[2026-07-07T17:53:56] RUN_START run_id=MTU_low_lat_high_loss_054
[2026-07-07T17:53:56] PARAM condition=low_lat_high_loss
[2026-07-07T17:53:56] METRIC feat_packet_loss_rate_pct=4.674
[2026-07-07T17:53:56] METRIC feat_throughput_mbps=5250.21
[2026-07-07T17:53:56] METRIC feat_rtt_ms=9.186
[2026-07-07T17:53:56] METRIC feat_jitter_ms=1.85
[2026-07-07T17:53:56] METRIC feat_bw_utilization_pct=91.54
[2026-07-07T17:53:56] METRIC feat_cache_hit_ratio=0.638
[2026-07-07T17:53:56] METRIC feat_avg_object_size_kb=5.016
[2026-07-07T17:53:56] METRIC feat_retransmission_count=26
[2026-07-07T17:53:56] METRIC true_optimal_mtu_bytes=1280
[2026-07-07T17:53:56] METRIC mlp_predicted_mtu_bytes=1223
[2026-07-07T17:53:56] METRIC mlp_confidence=0.8968
[2026-07-07T17:53:56] METRIC abs_error_bytes=57
[2026-07-07T17:53:56] METRIC update_applied=True
[2026-07-07T17:53:56] RUN_END status=OK
[2026-07-07T17:57:12] RUN_START run_id=MTU_low_lat_high_loss_055
[2026-07-07T17:57:12] PARAM condition=low_lat_high_loss
[2026-07-07T17:57:12] METRIC feat_packet_loss_rate_pct=4.0149
[2026-07-07T17:57:12] METRIC feat_throughput_mbps=6863.15
[2026-07-07T17:57:12] METRIC feat_rtt_ms=2.035
[2026-07-07T17:57:12] METRIC feat_jitter_ms=1.07
[2026-07-07T17:57:12] METRIC feat_bw_utilization_pct=52.25
[2026-07-07T17:57:12] METRIC feat_cache_hit_ratio=0.6615
[2026-07-07T17:57:12] METRIC feat_avg_object_size_kb=9.015
[2026-07-07T17:57:12] METRIC feat_retransmission_count=22
[2026-07-07T17:57:12] METRIC true_optimal_mtu_bytes=1592
[2026-07-07T17:57:12] METRIC mlp_predicted_mtu_bytes=1444
[2026-07-07T17:57:12] METRIC mlp_confidence=0.8014
[2026-07-07T17:57:12] METRIC abs_error_bytes=148
[2026-07-07T17:57:12] METRIC update_applied=True
[2026-07-07T17:57:12] RUN_END status=OK
[2026-07-07T18:01:26] RUN_START run_id=MTU_low_lat_high_loss_056
[2026-07-07T18:01:26] PARAM condition=low_lat_high_loss
[2026-07-07T18:01:26] METRIC feat_packet_loss_rate_pct=3.5789
[2026-07-07T18:01:26] METRIC feat_throughput_mbps=1795.83
[2026-07-07T18:01:26] METRIC feat_rtt_ms=9.567
[2026-07-07T18:01:26] METRIC feat_jitter_ms=0.632
[2026-07-07T18:01:26] METRIC feat_bw_utilization_pct=78.36
[2026-07-07T18:01:26] METRIC feat_cache_hit_ratio=0.7413
[2026-07-07T18:01:26] METRIC feat_avg_object_size_kb=540.276
[2026-07-07T18:01:26] METRIC feat_retransmission_count=22
[2026-07-07T18:01:26] METRIC true_optimal_mtu_bytes=5728
[2026-07-07T18:01:26] METRIC mlp_predicted_mtu_bytes=5669
[2026-07-07T18:01:26] METRIC mlp_confidence=0.8876
[2026-07-07T18:01:26] METRIC abs_error_bytes=59
[2026-07-07T18:01:26] METRIC update_applied=True
[2026-07-07T18:01:26] RUN_END status=OK
