[2026-07-12T08:13:46] RUN_START run_id=MTU_high_lat_low_loss_037
[2026-07-12T08:13:46] PARAM condition=high_lat_low_loss
[2026-07-12T08:13:46] METRIC feat_packet_loss_rate_pct=0.3668
[2026-07-12T08:13:46] METRIC feat_throughput_mbps=1445.2
[2026-07-12T08:13:46] METRIC feat_rtt_ms=32.093
[2026-07-12T08:13:46] METRIC feat_jitter_ms=5.721
[2026-07-12T08:13:46] METRIC feat_bw_utilization_pct=65.12
[2026-07-12T08:13:46] METRIC feat_cache_hit_ratio=0.652
[2026-07-12T08:13:46] METRIC feat_avg_object_size_kb=5.609
[2026-07-12T08:13:46] METRIC feat_retransmission_count=1
[2026-07-12T08:13:46] METRIC true_optimal_mtu_bytes=1888
[2026-07-12T08:13:46] METRIC mlp_predicted_mtu_bytes=1780
[2026-07-12T08:13:46] METRIC mlp_confidence=0.8625
[2026-07-12T08:13:46] METRIC abs_error_bytes=108
[2026-07-12T08:13:46] METRIC update_applied=True
[2026-07-12T08:13:46] RUN_END status=OK
[2026-07-12T08:15:31] RUN_START run_id=MTU_low_lat_high_loss_117
[2026-07-12T08:15:31] PARAM condition=low_lat_high_loss
[2026-07-12T08:15:31] METRIC feat_packet_loss_rate_pct=5.5583
[2026-07-12T08:15:31] METRIC feat_throughput_mbps=3881.66
[2026-07-12T08:15:31] METRIC feat_rtt_ms=10.0
[2026-07-12T08:15:31] METRIC feat_jitter_ms=0.401
[2026-07-12T08:15:31] METRIC feat_bw_utilization_pct=19.11
[2026-07-12T08:15:31] METRIC feat_cache_hit_ratio=0.6375
[2026-07-12T08:15:31] METRIC feat_avg_object_size_kb=41.912
[2026-07-12T08:15:31] METRIC feat_retransmission_count=31
[2026-07-12T08:15:31] METRIC true_optimal_mtu_bytes=3128
[2026-07-12T08:15:31] METRIC mlp_predicted_mtu_bytes=2853
[2026-07-12T08:15:31] METRIC mlp_confidence=0.6701
[2026-07-12T08:15:31] METRIC abs_error_bytes=275
[2026-07-12T08:15:31] METRIC update_applied=False
[2026-07-12T08:15:31] RUN_END status=OK
[2026-07-12T08:15:51] RUN_START run_id=MTU_high_lat_low_loss_038
[2026-07-12T08:15:51] PARAM condition=high_lat_low_loss
[2026-07-12T08:15:51] METRIC feat_packet_loss_rate_pct=0.8948
[2026-07-12T08:15:51] METRIC feat_throughput_mbps=7421.29
[2026-07-12T08:15:51] METRIC feat_rtt_ms=34.858
[2026-07-12T08:15:51] METRIC feat_jitter_ms=6.538
[2026-07-12T08:15:51] METRIC feat_bw_utilization_pct=61.42
[2026-07-12T08:15:51] METRIC feat_cache_hit_ratio=0.7487
[2026-07-12T08:15:51] METRIC feat_avg_object_size_kb=4270.879
[2026-07-12T08:15:51] METRIC feat_retransmission_count=5
[2026-07-12T08:15:51] METRIC true_optimal_mtu_bytes=7920
[2026-07-12T08:15:51] METRIC mlp_predicted_mtu_bytes=8114
[2026-07-12T08:15:51] METRIC mlp_confidence=0.7764
[2026-07-12T08:15:51] METRIC abs_error_bytes=194
[2026-07-12T08:15:51] METRIC update_applied=False
[2026-07-12T08:15:51] RUN_END status=OK
[2026-07-12T08:17:15] RUN_START run_id=MTU_high_lat_low_loss_039
[2026-07-12T08:17:15] PARAM condition=high_lat_low_loss
[2026-07-12T08:17:15] METRIC feat_packet_loss_rate_pct=0.3244
[2026-07-12T08:17:15] METRIC feat_throughput_mbps=1214.07
[2026-07-12T08:17:15] METRIC feat_rtt_ms=35.297
[2026-07-12T08:17:15] METRIC feat_jitter_ms=4.545
[2026-07-12T08:17:15] METRIC feat_bw_utilization_pct=10.98
[2026-07-12T08:17:15] METRIC feat_cache_hit_ratio=0.99
[2026-07-12T08:17:15] METRIC feat_avg_object_size_kb=1.176
[2026-07-12T08:17:15] METRIC feat_retransmission_count=2
[2026-07-12T08:17:15] METRIC true_optimal_mtu_bytes=1232
[2026-07-12T08:17:15] METRIC mlp_predicted_mtu_bytes=1004
[2026-07-12T08:17:15] METRIC mlp_confidence=0.7734
[2026-07-12T08:17:15] METRIC abs_error_bytes=228
[2026-07-12T08:17:15] METRIC update_applied=False
[2026-07-12T08:17:15] RUN_END status=OK
[2026-07-12T08:19:10] RUN_START run_id=MTU_low_lat_high_loss_118
[2026-07-12T08:19:10] PARAM condition=low_lat_high_loss
[2026-07-12T08:19:10] METRIC feat_packet_loss_rate_pct=4.37
[2026-07-12T08:19:10] METRIC feat_throughput_mbps=8632.59
[2026-07-12T08:19:10] METRIC feat_rtt_ms=5.001
[2026-07-12T08:19:10] METRIC feat_jitter_ms=0.614
[2026-07-12T08:19:10] METRIC feat_bw_utilization_pct=59.82
[2026-07-12T08:19:10] METRIC feat_cache_hit_ratio=0.6949
[2026-07-12T08:19:10] METRIC feat_avg_object_size_kb=58.238
[2026-07-12T08:19:10] METRIC feat_retransmission_count=26
[2026-07-12T08:19:10] METRIC true_optimal_mtu_bytes=3576
[2026-07-12T08:19:10] METRIC mlp_predicted_mtu_bytes=3793
[2026-07-12T08:19:10] METRIC mlp_confidence=0.755
[2026-07-12T08:19:10] METRIC abs_error_bytes=217
[2026-07-12T08:19:10] METRIC update_applied=False
[2026-07-12T08:19:10] RUN_END status=OK
[2026-07-12T08:20:53] RUN_START run_id=MTU_high_lat_low_loss_040
[2026-07-12T08:20:53] PARAM condition=high_lat_low_loss
[2026-07-12T08:20:53] METRIC feat_packet_loss_rate_pct=0.0615
[2026-07-12T08:20:53] METRIC feat_throughput_mbps=8526.38
[2026-07-12T08:20:53] METRIC feat_rtt_ms=53.945
[2026-07-12T08:20:53] METRIC feat_jitter_ms=8.225
[2026-07-12T08:20:53] METRIC feat_bw_utilization_pct=52.01
[2026-07-12T08:20:53] METRIC feat_cache_hit_ratio=0.6201
[2026-07-12T08:20:53] METRIC feat_avg_object_size_kb=102.738
[2026-07-12T08:20:53] METRIC feat_retransmission_count=0
[2026-07-12T08:20:53] METRIC true_optimal_mtu_bytes=6472
[2026-07-12T08:20:53] METRIC mlp_predicted_mtu_bytes=6592
[2026-07-12T08:20:53] METRIC mlp_confidence=0.8542
[2026-07-12T08:20:53] METRIC abs_error_bytes=120
[2026-07-12T08:20:53] METRIC update_applied=True
[2026-07-12T08:20:53] RUN_END status=OK
[2026-07-12T08:22:14] RUN_START run_id=MTU_low_lat_high_loss_119
[2026-07-12T08:22:14] PARAM condition=low_lat_high_loss
[2026-07-12T08:22:14] METRIC feat_packet_loss_rate_pct=5.3298
[2026-07-12T08:22:14] METRIC feat_throughput_mbps=8137.77
[2026-07-12T08:22:14] METRIC feat_rtt_ms=2.005
[2026-07-12T08:22:14] METRIC feat_jitter_ms=0.909
[2026-07-12T08:22:14] METRIC feat_bw_utilization_pct=82.18
[2026-07-12T08:22:14] METRIC feat_cache_hit_ratio=0.6832
[2026-07-12T08:22:14] METRIC feat_avg_object_size_kb=0.826
[2026-07-12T08:22:14] METRIC feat_retransmission_count=27
[2026-07-12T08:22:14] METRIC true_optimal_mtu_bytes=1000
[2026-07-12T08:22:14] METRIC mlp_predicted_mtu_bytes=1255
[2026-07-12T08:22:14] METRIC mlp_confidence=0.6994
[2026-07-12T08:22:14] METRIC abs_error_bytes=255
[2026-07-12T08:22:14] METRIC update_applied=False
[2026-07-12T08:22:14] RUN_END status=OK
[2026-07-12T08:23:01] RUN_START run_id=MTU_high_lat_low_loss_041
[2026-07-12T08:23:01] PARAM condition=high_lat_low_loss
[2026-07-12T08:23:01] METRIC feat_packet_loss_rate_pct=0.3651
[2026-07-12T08:23:01] METRIC feat_throughput_mbps=2931.29
[2026-07-12T08:23:01] METRIC feat_rtt_ms=30.948
[2026-07-12T08:23:01] METRIC feat_jitter_ms=4.461
[2026-07-12T08:23:01] METRIC feat_bw_utilization_pct=15.88
[2026-07-12T08:23:01] METRIC feat_cache_hit_ratio=0.5272
[2026-07-12T08:23:01] METRIC feat_avg_object_size_kb=4902.508
[2026-07-12T08:23:01] METRIC feat_retransmission_count=0
[2026-07-12T08:23:01] METRIC true_optimal_mtu_bytes=8360
[2026-07-12T08:23:01] METRIC mlp_predicted_mtu_bytes=8433
[2026-07-12T08:23:01] METRIC mlp_confidence=0.8716
[2026-07-12T08:23:01] METRIC abs_error_bytes=73
[2026-07-12T08:23:01] METRIC update_applied=True
[2026-07-12T08:23:01] RUN_END status=OK
[2026-07-12T08:25:24] RUN_START run_id=MTU_low_lat_high_loss_120
[2026-07-12T08:25:24] PARAM condition=low_lat_high_loss
[2026-07-12T08:25:24] METRIC feat_packet_loss_rate_pct=5.9047
[2026-07-12T08:25:24] METRIC feat_throughput_mbps=3859.53
[2026-07-12T08:25:24] METRIC feat_rtt_ms=4.874
[2026-07-12T08:25:24] METRIC feat_jitter_ms=0.95
[2026-07-12T08:25:24] METRIC feat_bw_utilization_pct=23.37
[2026-07-12T08:25:24] METRIC feat_cache_hit_ratio=0.6258
[2026-07-12T08:25:24] METRIC feat_avg_object_size_kb=395.773
[2026-07-12T08:25:24] METRIC feat_retransmission_count=32
[2026-07-12T08:25:24] METRIC true_optimal_mtu_bytes=5080
[2026-07-12T08:25:24] METRIC mlp_predicted_mtu_bytes=5000
[2026-07-12T08:25:24] METRIC mlp_confidence=0.9133
[2026-07-12T08:25:24] METRIC abs_error_bytes=80
[2026-07-12T08:25:24] METRIC update_applied=True
[2026-07-12T08:25:24] RUN_END status=OK
[2026-07-12T08:26:03] RUN_START run_id=MTU_high_lat_low_loss_042
[2026-07-12T08:26:03] PARAM condition=high_lat_low_loss
[2026-07-12T08:26:03] METRIC feat_packet_loss_rate_pct=0.0327
[2026-07-12T08:26:03] METRIC feat_throughput_mbps=2437.67
[2026-07-12T08:26:03] METRIC feat_rtt_ms=41.786
[2026-07-12T08:26:03] METRIC feat_jitter_ms=9.274
[2026-07-12T08:26:03] METRIC feat_bw_utilization_pct=23.58
[2026-07-12T08:26:03] METRIC feat_cache_hit_ratio=0.5475
[2026-07-12T08:26:03] METRIC feat_avg_object_size_kb=1.175
[2026-07-12T08:26:03] METRIC feat_retransmission_count=2
[2026-07-12T08:26:03] METRIC true_optimal_mtu_bytes=1320
[2026-07-12T08:26:03] METRIC mlp_predicted_mtu_bytes=1281
[2026-07-12T08:26:03] METRIC mlp_confidence=0.9196
[2026-07-12T08:26:03] METRIC abs_error_bytes=39
[2026-07-12T08:26:03] METRIC update_applied=True
[2026-07-12T08:26:03] RUN_END status=OK
[2026-07-12T08:29:49] RUN_START run_id=MTU_high_lat_low_loss_043
[2026-07-12T08:29:49] PARAM condition=high_lat_low_loss
[2026-07-12T08:29:49] METRIC feat_packet_loss_rate_pct=0.0258
[2026-07-12T08:29:49] METRIC feat_throughput_mbps=7220.67
[2026-07-12T08:29:49] METRIC feat_rtt_ms=53.484
[2026-07-12T08:29:49] METRIC feat_jitter_ms=6.86
[2026-07-12T08:29:49] METRIC feat_bw_utilization_pct=60.92
[2026-07-12T08:29:49] METRIC feat_cache_hit_ratio=0.7345
[2026-07-12T08:29:49] METRIC feat_avg_object_size_kb=0.158
[2026-07-12T08:29:49] METRIC feat_retransmission_count=0
[2026-07-12T08:29:49] METRIC true_optimal_mtu_bytes=1096
[2026-07-12T08:29:49] METRIC mlp_predicted_mtu_bytes=1332
[2026-07-12T08:29:49] METRIC mlp_confidence=0.7205
[2026-07-12T08:29:49] METRIC abs_error_bytes=236
[2026-07-12T08:29:49] METRIC update_applied=False
[2026-07-12T08:29:49] RUN_END status=OK
