[2026-07-11T16:11:33] RUN_START run_id=MTU_high_lat_low_loss_005
[2026-07-11T16:11:33] PARAM condition=high_lat_low_loss
[2026-07-11T16:11:33] METRIC feat_packet_loss_rate_pct=0.9729
[2026-07-11T16:11:33] METRIC feat_throughput_mbps=3889.83
[2026-07-11T16:11:33] METRIC feat_rtt_ms=51.286
[2026-07-11T16:11:33] METRIC feat_jitter_ms=3.56
[2026-07-11T16:11:33] METRIC feat_bw_utilization_pct=74.18
[2026-07-11T16:11:33] METRIC feat_cache_hit_ratio=0.6498
[2026-07-11T16:11:33] METRIC feat_avg_object_size_kb=0.124
[2026-07-11T16:11:33] METRIC feat_retransmission_count=9
[2026-07-11T16:11:33] METRIC true_optimal_mtu_bytes=1000
[2026-07-11T16:11:33] METRIC mlp_predicted_mtu_bytes=956
[2026-07-11T16:11:33] METRIC mlp_confidence=0.9675
[2026-07-11T16:11:33] METRIC abs_error_bytes=44
[2026-07-11T16:11:33] METRIC update_applied=True
[2026-07-11T16:11:33] RUN_END status=OK
[2026-07-11T16:12:26] RUN_START run_id=MTU_high_lat_high_loss_100
[2026-07-11T16:12:26] PARAM condition=high_lat_high_loss
[2026-07-11T16:12:26] METRIC feat_packet_loss_rate_pct=4.3009
[2026-07-11T16:12:26] METRIC feat_throughput_mbps=3069.27
[2026-07-11T16:12:26] METRIC feat_rtt_ms=35.528
[2026-07-11T16:12:26] METRIC feat_jitter_ms=7.745
[2026-07-11T16:12:26] METRIC feat_bw_utilization_pct=42.92
[2026-07-11T16:12:26] METRIC feat_cache_hit_ratio=0.7039
[2026-07-11T16:12:26] METRIC feat_avg_object_size_kb=1.194
[2026-07-11T16:12:26] METRIC feat_retransmission_count=22
[2026-07-11T16:12:26] METRIC true_optimal_mtu_bytes=1000
[2026-07-11T16:12:26] METRIC mlp_predicted_mtu_bytes=1354
[2026-07-11T16:12:26] METRIC mlp_confidence=0.6009
[2026-07-11T16:12:26] METRIC abs_error_bytes=354
[2026-07-11T16:12:26] METRIC update_applied=False
[2026-07-11T16:12:26] RUN_END status=OK
[2026-07-11T16:14:44] RUN_START run_id=MTU_high_lat_low_loss_006
[2026-07-11T16:14:44] PARAM condition=high_lat_low_loss
[2026-07-11T16:14:44] METRIC feat_packet_loss_rate_pct=0.5203
[2026-07-11T16:14:44] METRIC feat_throughput_mbps=7911.77
[2026-07-11T16:14:44] METRIC feat_rtt_ms=32.98
[2026-07-11T16:14:44] METRIC feat_jitter_ms=8.882
[2026-07-11T16:14:44] METRIC feat_bw_utilization_pct=35.34
[2026-07-11T16:14:44] METRIC feat_cache_hit_ratio=0.7465
[2026-07-11T16:14:44] METRIC feat_avg_object_size_kb=3.586
[2026-07-11T16:14:44] METRIC feat_retransmission_count=2
[2026-07-11T16:14:44] METRIC true_optimal_mtu_bytes=1528
[2026-07-11T16:14:44] METRIC mlp_predicted_mtu_bytes=1502
[2026-07-11T16:14:44] METRIC mlp_confidence=0.9532
[2026-07-11T16:14:44] METRIC abs_error_bytes=26
[2026-07-11T16:14:44] METRIC update_applied=True
[2026-07-11T16:14:44] RUN_END status=OK
[2026-07-11T16:15:02] RUN_START run_id=MTU_high_lat_high_loss_101
[2026-07-11T16:15:02] PARAM condition=high_lat_high_loss
[2026-07-11T16:15:02] METRIC feat_packet_loss_rate_pct=4.59
[2026-07-11T16:15:02] METRIC feat_throughput_mbps=4627.83
[2026-07-11T16:15:02] METRIC feat_rtt_ms=58.053
[2026-07-11T16:15:02] METRIC feat_jitter_ms=11.143
[2026-07-11T16:15:02] METRIC feat_bw_utilization_pct=18.52
[2026-07-11T16:15:02] METRIC feat_cache_hit_ratio=0.5136
[2026-07-11T16:15:02] METRIC feat_avg_object_size_kb=313.932
[2026-07-11T16:15:02] METRIC feat_retransmission_count=22
[2026-07-11T16:15:02] METRIC true_optimal_mtu_bytes=5056
[2026-07-11T16:15:02] METRIC mlp_predicted_mtu_bytes=5269
[2026-07-11T16:15:02] METRIC mlp_confidence=0.759
[2026-07-11T16:15:02] METRIC abs_error_bytes=213
[2026-07-11T16:15:02] METRIC update_applied=False
[2026-07-11T16:15:02] RUN_END status=OK
[2026-07-11T16:17:00] RUN_START run_id=MTU_high_lat_high_loss_102
[2026-07-11T16:17:00] PARAM condition=high_lat_high_loss
[2026-07-11T16:17:00] METRIC feat_packet_loss_rate_pct=4.3758
[2026-07-11T16:17:00] METRIC feat_throughput_mbps=7052.1
[2026-07-11T16:17:00] METRIC feat_rtt_ms=38.729
[2026-07-11T16:17:00] METRIC feat_jitter_ms=5.743
[2026-07-11T16:17:00] METRIC feat_bw_utilization_pct=80.55
[2026-07-11T16:17:00] METRIC feat_cache_hit_ratio=0.3667
[2026-07-11T16:17:00] METRIC feat_avg_object_size_kb=1779.041
[2026-07-11T16:17:00] METRIC feat_retransmission_count=20
[2026-07-11T16:17:00] METRIC true_optimal_mtu_bytes=5792
[2026-07-11T16:17:00] METRIC mlp_predicted_mtu_bytes=5847
[2026-07-11T16:17:00] METRIC mlp_confidence=0.8695
[2026-07-11T16:17:00] METRIC abs_error_bytes=55
[2026-07-11T16:17:00] METRIC update_applied=True
[2026-07-11T16:17:00] RUN_END status=OK
[2026-07-11T16:17:44] RUN_START run_id=MTU_high_lat_low_loss_007
[2026-07-11T16:17:44] PARAM condition=high_lat_low_loss
[2026-07-11T16:17:44] METRIC feat_packet_loss_rate_pct=0.5239
[2026-07-11T16:17:44] METRIC feat_throughput_mbps=7137.53
[2026-07-11T16:17:44] METRIC feat_rtt_ms=56.864
[2026-07-11T16:17:44] METRIC feat_jitter_ms=4.725
[2026-07-11T16:17:44] METRIC feat_bw_utilization_pct=54.04
[2026-07-11T16:17:44] METRIC feat_cache_hit_ratio=0.7419
[2026-07-11T16:17:44] METRIC feat_avg_object_size_kb=1.851
[2026-07-11T16:17:44] METRIC feat_retransmission_count=5
[2026-07-11T16:17:44] METRIC true_optimal_mtu_bytes=1240
[2026-07-11T16:17:44] METRIC mlp_predicted_mtu_bytes=1148
[2026-07-11T16:17:44] METRIC mlp_confidence=0.937
[2026-07-11T16:17:44] METRIC abs_error_bytes=92
[2026-07-11T16:17:44] METRIC update_applied=True
[2026-07-11T16:17:44] RUN_END status=OK
[2026-07-11T16:19:49] RUN_START run_id=MTU_high_lat_low_loss_008
[2026-07-11T16:19:49] PARAM condition=high_lat_low_loss
[2026-07-11T16:19:49] METRIC feat_packet_loss_rate_pct=0.94
[2026-07-11T16:19:49] METRIC feat_throughput_mbps=6847.06
[2026-07-11T16:19:49] METRIC feat_rtt_ms=55.851
[2026-07-11T16:19:49] METRIC feat_jitter_ms=5.608
[2026-07-11T16:19:49] METRIC feat_bw_utilization_pct=19.47
[2026-07-11T16:19:49] METRIC feat_cache_hit_ratio=0.6392
[2026-07-11T16:19:49] METRIC feat_avg_object_size_kb=822.371
[2026-07-11T16:19:49] METRIC feat_retransmission_count=4
[2026-07-11T16:19:49] METRIC true_optimal_mtu_bytes=7520
[2026-07-11T16:19:49] METRIC mlp_predicted_mtu_bytes=7460
[2026-07-11T16:19:49] METRIC mlp_confidence=0.9171
[2026-07-11T16:19:49] METRIC abs_error_bytes=60
[2026-07-11T16:19:49] METRIC update_applied=True
[2026-07-11T16:19:49] RUN_END status=OK
[2026-07-11T16:19:51] RUN_START run_id=MTU_high_lat_high_loss_103
[2026-07-11T16:19:51] PARAM condition=high_lat_high_loss
[2026-07-11T16:19:51] METRIC feat_packet_loss_rate_pct=5.5064
[2026-07-11T16:19:51] METRIC feat_throughput_mbps=526.64
[2026-07-11T16:19:51] METRIC feat_rtt_ms=44.398
[2026-07-11T16:19:51] METRIC feat_jitter_ms=7.4
[2026-07-11T16:19:51] METRIC feat_bw_utilization_pct=29.0
[2026-07-11T16:19:51] METRIC feat_cache_hit_ratio=0.7784
[2026-07-11T16:19:51] METRIC feat_avg_object_size_kb=1950.546
[2026-07-11T16:19:51] METRIC feat_retransmission_count=35
[2026-07-11T16:19:51] METRIC true_optimal_mtu_bytes=5352
[2026-07-11T16:19:51] METRIC mlp_predicted_mtu_bytes=5463
[2026-07-11T16:19:51] METRIC mlp_confidence=0.8183
[2026-07-11T16:19:51] METRIC abs_error_bytes=111
[2026-07-11T16:19:51] METRIC update_applied=True
[2026-07-11T16:19:51] RUN_END status=OK
[2026-07-11T16:20:45] RUN_START run_id=MTU_high_lat_high_loss_104
[2026-07-11T16:20:45] PARAM condition=high_lat_high_loss
[2026-07-11T16:20:45] METRIC feat_packet_loss_rate_pct=6.4219
[2026-07-11T16:20:45] METRIC feat_throughput_mbps=5572.4
[2026-07-11T16:20:45] METRIC feat_rtt_ms=51.47
[2026-07-11T16:20:45] METRIC feat_jitter_ms=6.478
[2026-07-11T16:20:45] METRIC feat_bw_utilization_pct=11.93
[2026-07-11T16:20:45] METRIC feat_cache_hit_ratio=0.6282
[2026-07-11T16:20:45] METRIC feat_avg_object_size_kb=113.241
[2026-07-11T16:20:45] METRIC feat_retransmission_count=39
[2026-07-11T16:20:45] METRIC true_optimal_mtu_bytes=4200
[2026-07-11T16:20:45] METRIC mlp_predicted_mtu_bytes=3908
[2026-07-11T16:20:45] METRIC mlp_confidence=0.6339
[2026-07-11T16:20:45] METRIC abs_error_bytes=292
[2026-07-11T16:20:45] METRIC update_applied=False
[2026-07-11T16:20:45] RUN_END status=OK
[2026-07-11T16:21:48] RUN_START run_id=MTU_high_lat_high_loss_105
[2026-07-11T16:21:48] PARAM condition=high_lat_high_loss
[2026-07-11T16:21:48] METRIC feat_packet_loss_rate_pct=4.0443
[2026-07-11T16:21:48] METRIC feat_throughput_mbps=5655.71
[2026-07-11T16:21:48] METRIC feat_rtt_ms=48.858
[2026-07-11T16:21:48] METRIC feat_jitter_ms=10.119
[2026-07-11T16:21:48] METRIC feat_bw_utilization_pct=43.06
[2026-07-11T16:21:48] METRIC feat_cache_hit_ratio=0.7859
[2026-07-11T16:21:48] METRIC feat_avg_object_size_kb=237.876
[2026-07-11T16:21:48] METRIC feat_retransmission_count=19
[2026-07-11T16:21:48] METRIC true_optimal_mtu_bytes=5104
[2026-07-11T16:21:48] METRIC mlp_predicted_mtu_bytes=5389
[2026-07-11T16:21:48] METRIC mlp_confidence=0.7043
[2026-07-11T16:21:48] METRIC abs_error_bytes=285
[2026-07-11T16:21:48] METRIC update_applied=False
[2026-07-11T16:21:48] RUN_END status=OK
[2026-07-11T16:22:47] RUN_START run_id=MTU_high_lat_low_loss_009
[2026-07-11T16:22:47] PARAM condition=high_lat_low_loss
[2026-07-11T16:22:47] METRIC feat_packet_loss_rate_pct=0.054
[2026-07-11T16:22:47] METRIC feat_throughput_mbps=7324.64
[2026-07-11T16:22:47] METRIC feat_rtt_ms=59.619
[2026-07-11T16:22:47] METRIC feat_jitter_ms=7.147
[2026-07-11T16:22:47] METRIC feat_bw_utilization_pct=21.39
[2026-07-11T16:22:47] METRIC feat_cache_hit_ratio=0.699
[2026-07-11T16:22:47] METRIC feat_avg_object_size_kb=2496.427
[2026-07-11T16:22:47] METRIC feat_retransmission_count=0
[2026-07-11T16:22:47] METRIC true_optimal_mtu_bytes=8424
[2026-07-11T16:22:47] METRIC mlp_predicted_mtu_bytes=8444
[2026-07-11T16:22:47] METRIC mlp_confidence=0.9269
[2026-07-11T16:22:47] METRIC abs_error_bytes=20
[2026-07-11T16:22:47] METRIC update_applied=True
[2026-07-11T16:22:47] RUN_END status=OK
[2026-07-11T16:23:32] RUN_START run_id=MTU_high_lat_high_loss_106
[2026-07-11T16:23:32] PARAM condition=high_lat_high_loss
[2026-07-11T16:23:32] METRIC feat_packet_loss_rate_pct=5.6944
[2026-07-11T16:23:32] METRIC feat_throughput_mbps=7306.3
[2026-07-11T16:23:32] METRIC feat_rtt_ms=39.018
[2026-07-11T16:23:32] METRIC feat_jitter_ms=10.66
[2026-07-11T16:23:32] METRIC feat_bw_utilization_pct=31.23
[2026-07-11T16:23:32] METRIC feat_cache_hit_ratio=0.6916
[2026-07-11T16:23:32] METRIC feat_avg_object_size_kb=68.077
[2026-07-11T16:23:32] METRIC feat_retransmission_count=39
[2026-07-11T16:23:32] METRIC true_optimal_mtu_bytes=3608
[2026-07-11T16:23:32] METRIC mlp_predicted_mtu_bytes=3850
[2026-07-11T16:23:32] METRIC mlp_confidence=0.7183
[2026-07-11T16:23:32] METRIC abs_error_bytes=242
[2026-07-11T16:23:32] METRIC update_applied=False
[2026-07-11T16:23:32] RUN_END status=OK
[2026-07-11T16:24:30] RUN_START run_id=MTU_high_lat_high_loss_107
[2026-07-11T16:24:30] PARAM condition=high_lat_high_loss
[2026-07-11T16:24:30] METRIC feat_packet_loss_rate_pct=5.7162
[2026-07-11T16:24:30] METRIC feat_throughput_mbps=1682.68
[2026-07-11T16:24:30] METRIC feat_rtt_ms=56.241
[2026-07-11T16:24:30] METRIC feat_jitter_ms=11.014
[2026-07-11T16:24:30] METRIC feat_bw_utilization_pct=85.19
[2026-07-11T16:24:30] METRIC feat_cache_hit_ratio=0.8411
[2026-07-11T16:24:30] METRIC feat_avg_object_size_kb=115.91
[2026-07-11T16:24:30] METRIC feat_retransmission_count=33
[2026-07-11T16:24:30] METRIC true_optimal_mtu_bytes=4304
[2026-07-11T16:24:30] METRIC mlp_predicted_mtu_bytes=4248
[2026-07-11T16:24:30] METRIC mlp_confidence=0.9473
[2026-07-11T16:24:30] METRIC abs_error_bytes=56
[2026-07-11T16:24:30] METRIC update_applied=True
[2026-07-11T16:24:30] RUN_END status=OK
[2026-07-11T16:26:07] RUN_START run_id=MTU_high_lat_high_loss_108
[2026-07-11T16:26:07] PARAM condition=high_lat_high_loss
[2026-07-11T16:26:07] METRIC feat_packet_loss_rate_pct=3.84
[2026-07-11T16:26:07] METRIC feat_throughput_mbps=6815.75
[2026-07-11T16:26:07] METRIC feat_rtt_ms=53.049
[2026-07-11T16:26:07] METRIC feat_jitter_ms=10.593
[2026-07-11T16:26:07] METRIC feat_bw_utilization_pct=28.43
[2026-07-11T16:26:07] METRIC feat_cache_hit_ratio=0.3997
[2026-07-11T16:26:07] METRIC feat_avg_object_size_kb=0.384
[2026-07-11T16:26:07] METRIC feat_retransmission_count=17
[2026-07-11T16:26:07] METRIC true_optimal_mtu_bytes=1000
[2026-07-11T16:26:07] METRIC mlp_predicted_mtu_bytes=1121
[2026-07-11T16:26:07] METRIC mlp_confidence=0.8606
[2026-07-11T16:26:07] METRIC abs_error_bytes=121
[2026-07-11T16:26:07] METRIC update_applied=True
[2026-07-11T16:26:07] RUN_END status=OK
[2026-07-11T16:27:05] RUN_START run_id=MTU_high_lat_high_loss_109
[2026-07-11T16:27:05] PARAM condition=high_lat_high_loss
[2026-07-11T16:27:05] METRIC feat_packet_loss_rate_pct=3.6757
[2026-07-11T16:27:05] METRIC feat_throughput_mbps=1362.62
[2026-07-11T16:27:05] METRIC feat_rtt_ms=52.701
[2026-07-11T16:27:05] METRIC feat_jitter_ms=5.599
[2026-07-11T16:27:05] METRIC feat_bw_utilization_pct=26.45
[2026-07-11T16:27:05] METRIC feat_cache_hit_ratio=0.602
[2026-07-11T16:27:05] METRIC feat_avg_object_size_kb=0.387
[2026-07-11T16:27:05] METRIC feat_retransmission_count=15
[2026-07-11T16:27:05] METRIC true_optimal_mtu_bytes=1000
[2026-07-11T16:27:05] METRIC mlp_predicted_mtu_bytes=859
[2026-07-11T16:27:05] METRIC mlp_confidence=0.7995
[2026-07-11T16:27:05] METRIC abs_error_bytes=141
[2026-07-11T16:27:05] METRIC update_applied=False
[2026-07-11T16:27:05] RUN_END status=OK
[2026-07-11T16:27:13] RUN_START run_id=MTU_high_lat_low_loss_010
[2026-07-11T16:27:13] PARAM condition=high_lat_low_loss
[2026-07-11T16:27:13] METRIC feat_packet_loss_rate_pct=0.1406
[2026-07-11T16:27:13] METRIC feat_throughput_mbps=6493.4
[2026-07-11T16:27:13] METRIC feat_rtt_ms=33.442
[2026-07-11T16:27:13] METRIC feat_jitter_ms=5.811
[2026-07-11T16:27:13] METRIC feat_bw_utilization_pct=21.84
[2026-07-11T16:27:13] METRIC feat_cache_hit_ratio=0.6223
[2026-07-11T16:27:13] METRIC feat_avg_object_size_kb=0.169
[2026-07-11T16:27:13] METRIC feat_retransmission_count=2
[2026-07-11T16:27:13] METRIC true_optimal_mtu_bytes=1112
[2026-07-11T16:27:13] METRIC mlp_predicted_mtu_bytes=985
[2026-07-11T16:27:13] METRIC mlp_confidence=0.8382
[2026-07-11T16:27:13] METRIC abs_error_bytes=127
[2026-07-11T16:27:13] METRIC update_applied=True
[2026-07-11T16:27:13] RUN_END status=OK
[2026-07-11T16:28:22] RUN_START run_id=MTU_high_lat_low_loss_011
[2026-07-11T16:28:22] PARAM condition=high_lat_low_loss
[2026-07-11T16:28:22] METRIC feat_packet_loss_rate_pct=0.8227
[2026-07-11T16:28:22] METRIC feat_throughput_mbps=2865.48
[2026-07-11T16:28:22] METRIC feat_rtt_ms=54.748
[2026-07-11T16:28:22] METRIC feat_jitter_ms=6.319
[2026-07-11T16:28:22] METRIC feat_bw_utilization_pct=81.76
[2026-07-11T16:28:22] METRIC feat_cache_hit_ratio=0.4562
[2026-07-11T16:28:22] METRIC feat_avg_object_size_kb=11.666
[2026-07-11T16:28:22] METRIC feat_retransmission_count=3
[2026-07-11T16:28:22] METRIC true_optimal_mtu_bytes=2688
[2026-07-11T16:28:22] METRIC mlp_predicted_mtu_bytes=2589
[2026-07-11T16:28:22] METRIC mlp_confidence=0.8555
[2026-07-11T16:28:22] METRIC abs_error_bytes=99
[2026-07-11T16:28:22] METRIC update_applied=True
[2026-07-11T16:28:22] RUN_END status=OK
[2026-07-11T16:29:59] RUN_START run_id=MTU_high_lat_low_loss_012
[2026-07-11T16:29:59] PARAM condition=high_lat_low_loss
[2026-07-11T16:29:59] METRIC feat_packet_loss_rate_pct=0.8333
[2026-07-11T16:29:59] METRIC feat_throughput_mbps=5519.59
[2026-07-11T16:29:59] METRIC feat_rtt_ms=51.437
[2026-07-11T16:29:59] METRIC feat_jitter_ms=3.391
[2026-07-11T16:29:59] METRIC feat_bw_utilization_pct=41.65
[2026-07-11T16:29:59] METRIC feat_cache_hit_ratio=0.7091
[2026-07-11T16:29:59] METRIC feat_avg_object_size_kb=4968.01
[2026-07-11T16:29:59] METRIC feat_retransmission_count=4
[2026-07-11T16:29:59] METRIC true_optimal_mtu_bytes=7936
[2026-07-11T16:29:59] METRIC mlp_predicted_mtu_bytes=7999
[2026-07-11T16:29:59] METRIC mlp_confidence=0.8823
[2026-07-11T16:29:59] METRIC abs_error_bytes=63
[2026-07-11T16:29:59] METRIC update_applied=True
[2026-07-11T16:29:59] RUN_END status=OK
