[2026-07-12T03:35:29] RUN_START run_id=MTU_high_lat_high_loss_132
[2026-07-12T03:35:29] PARAM condition=high_lat_high_loss
[2026-07-12T03:35:29] METRIC feat_packet_loss_rate_pct=4.4439
[2026-07-12T03:35:29] METRIC feat_throughput_mbps=8945.8
[2026-07-12T03:35:29] METRIC feat_rtt_ms=46.848
[2026-07-12T03:35:29] METRIC feat_jitter_ms=10.146
[2026-07-12T03:35:29] METRIC feat_bw_utilization_pct=74.51
[2026-07-12T03:35:29] METRIC feat_cache_hit_ratio=0.952
[2026-07-12T03:35:29] METRIC feat_avg_object_size_kb=0.503
[2026-07-12T03:35:29] METRIC feat_retransmission_count=21
[2026-07-12T03:35:29] METRIC true_optimal_mtu_bytes=1000
[2026-07-12T03:35:29] METRIC mlp_predicted_mtu_bytes=1037
[2026-07-12T03:35:29] METRIC mlp_confidence=0.9205
[2026-07-12T03:35:29] METRIC abs_error_bytes=37
[2026-07-12T03:35:29] METRIC update_applied=True
[2026-07-12T03:35:29] RUN_END status=OK
[2026-07-12T03:36:18] RUN_START run_id=MTU_high_lat_high_loss_133
[2026-07-12T03:36:18] PARAM condition=high_lat_high_loss
[2026-07-12T03:36:18] METRIC feat_packet_loss_rate_pct=4.3191
[2026-07-12T03:36:18] METRIC feat_throughput_mbps=3551.59
[2026-07-12T03:36:18] METRIC feat_rtt_ms=39.203
[2026-07-12T03:36:18] METRIC feat_jitter_ms=10.871
[2026-07-12T03:36:18] METRIC feat_bw_utilization_pct=36.74
[2026-07-12T03:36:18] METRIC feat_cache_hit_ratio=0.7451
[2026-07-12T03:36:18] METRIC feat_avg_object_size_kb=4.078
[2026-07-12T03:36:18] METRIC feat_retransmission_count=30
[2026-07-12T03:36:18] METRIC true_optimal_mtu_bytes=1000
[2026-07-12T03:36:18] METRIC mlp_predicted_mtu_bytes=946
[2026-07-12T03:36:18] METRIC mlp_confidence=0.9388
[2026-07-12T03:36:18] METRIC abs_error_bytes=54
[2026-07-12T03:36:18] METRIC update_applied=True
[2026-07-12T03:36:18] RUN_END status=OK
[2026-07-12T03:37:56] RUN_START run_id=MTU_high_lat_high_loss_134
[2026-07-12T03:37:56] PARAM condition=high_lat_high_loss
[2026-07-12T03:37:56] METRIC feat_packet_loss_rate_pct=5.7204
[2026-07-12T03:37:56] METRIC feat_throughput_mbps=241.86
[2026-07-12T03:37:56] METRIC feat_rtt_ms=36.322
[2026-07-12T03:37:56] METRIC feat_jitter_ms=8.158
[2026-07-12T03:37:56] METRIC feat_bw_utilization_pct=73.0
[2026-07-12T03:37:56] METRIC feat_cache_hit_ratio=0.658
[2026-07-12T03:37:56] METRIC feat_avg_object_size_kb=0.261
[2026-07-12T03:37:56] METRIC feat_retransmission_count=37
[2026-07-12T03:37:56] METRIC true_optimal_mtu_bytes=1000
[2026-07-12T03:37:56] METRIC mlp_predicted_mtu_bytes=1186
[2026-07-12T03:37:56] METRIC mlp_confidence=0.7918
[2026-07-12T03:37:56] METRIC abs_error_bytes=186
[2026-07-12T03:37:56] METRIC update_applied=False
[2026-07-12T03:37:56] RUN_END status=OK
[2026-07-12T03:39:02] RUN_START run_id=MTU_high_lat_high_loss_135
[2026-07-12T03:39:02] PARAM condition=high_lat_high_loss
[2026-07-12T03:39:02] METRIC feat_packet_loss_rate_pct=4.9835
[2026-07-12T03:39:02] METRIC feat_throughput_mbps=4213.23
[2026-07-12T03:39:02] METRIC feat_rtt_ms=52.416
[2026-07-12T03:39:02] METRIC feat_jitter_ms=5.693
[2026-07-12T03:39:02] METRIC feat_bw_utilization_pct=42.51
[2026-07-12T03:39:02] METRIC feat_cache_hit_ratio=0.4869
[2026-07-12T03:39:02] METRIC feat_avg_object_size_kb=0.238
[2026-07-12T03:39:02] METRIC feat_retransmission_count=29
[2026-07-12T03:39:02] METRIC true_optimal_mtu_bytes=1000
[2026-07-12T03:39:02] METRIC mlp_predicted_mtu_bytes=1122
[2026-07-12T03:39:02] METRIC mlp_confidence=0.8944
[2026-07-12T03:39:02] METRIC abs_error_bytes=122
[2026-07-12T03:39:02] METRIC update_applied=True
[2026-07-12T03:39:02] RUN_END status=OK
[2026-07-12T03:42:14] RUN_START run_id=MTU_high_lat_high_loss_136
[2026-07-12T03:42:14] PARAM condition=high_lat_high_loss
[2026-07-12T03:42:14] METRIC feat_packet_loss_rate_pct=3.7621
[2026-07-12T03:42:14] METRIC feat_throughput_mbps=4713.17
[2026-07-12T03:42:14] METRIC feat_rtt_ms=45.565
[2026-07-12T03:42:14] METRIC feat_jitter_ms=9.384
[2026-07-12T03:42:14] METRIC feat_bw_utilization_pct=76.51
[2026-07-12T03:42:14] METRIC feat_cache_hit_ratio=0.5691
[2026-07-12T03:42:14] METRIC feat_avg_object_size_kb=19.763
[2026-07-12T03:42:14] METRIC feat_retransmission_count=19
[2026-07-12T03:42:14] METRIC true_optimal_mtu_bytes=2448
[2026-07-12T03:42:14] METRIC mlp_predicted_mtu_bytes=2496
[2026-07-12T03:42:14] METRIC mlp_confidence=0.9197
[2026-07-12T03:42:14] METRIC abs_error_bytes=48
[2026-07-12T03:42:14] METRIC update_applied=True
[2026-07-12T03:42:14] RUN_END status=OK
[2026-07-12T03:43:40] RUN_START run_id=MTU_high_lat_high_loss_137
[2026-07-12T03:43:40] PARAM condition=high_lat_high_loss
[2026-07-12T03:43:40] METRIC feat_packet_loss_rate_pct=4.7155
[2026-07-12T03:43:40] METRIC feat_throughput_mbps=7947.36
[2026-07-12T03:43:40] METRIC feat_rtt_ms=44.378
[2026-07-12T03:43:40] METRIC feat_jitter_ms=8.455
[2026-07-12T03:43:40] METRIC feat_bw_utilization_pct=91.37
[2026-07-12T03:43:40] METRIC feat_cache_hit_ratio=0.6133
[2026-07-12T03:43:40] METRIC feat_avg_object_size_kb=12.746
[2026-07-12T03:43:40] METRIC feat_retransmission_count=29
[2026-07-12T03:43:40] METRIC true_optimal_mtu_bytes=1872
[2026-07-12T03:43:40] METRIC mlp_predicted_mtu_bytes=1852
[2026-07-12T03:43:40] METRIC mlp_confidence=0.9709
[2026-07-12T03:43:40] METRIC abs_error_bytes=20
[2026-07-12T03:43:40] METRIC update_applied=True
[2026-07-12T03:43:40] RUN_END status=OK
[2026-07-12T03:43:53] RUN_START run_id=MTU_high_lat_high_loss_138
[2026-07-12T03:43:53] PARAM condition=high_lat_high_loss
[2026-07-12T03:43:53] METRIC feat_packet_loss_rate_pct=3.7569
[2026-07-12T03:43:53] METRIC feat_throughput_mbps=1895.25
[2026-07-12T03:43:53] METRIC feat_rtt_ms=55.399
[2026-07-12T03:43:53] METRIC feat_jitter_ms=5.07
[2026-07-12T03:43:53] METRIC feat_bw_utilization_pct=85.52
[2026-07-12T03:43:53] METRIC feat_cache_hit_ratio=0.8437
[2026-07-12T03:43:53] METRIC feat_avg_object_size_kb=1.41
[2026-07-12T03:43:53] METRIC feat_retransmission_count=24
[2026-07-12T03:43:53] METRIC true_optimal_mtu_bytes=1000
[2026-07-12T03:43:53] METRIC mlp_predicted_mtu_bytes=862
[2026-07-12T03:43:53] METRIC mlp_confidence=0.8229
[2026-07-12T03:43:53] METRIC abs_error_bytes=138
[2026-07-12T03:43:53] METRIC update_applied=True
[2026-07-12T03:43:53] RUN_END status=OK
[2026-07-12T03:48:43] RUN_START run_id=MTU_high_lat_high_loss_139
[2026-07-12T03:48:43] PARAM condition=high_lat_high_loss
[2026-07-12T03:48:43] METRIC feat_packet_loss_rate_pct=5.9706
[2026-07-12T03:48:43] METRIC feat_throughput_mbps=6209.0
[2026-07-12T03:48:43] METRIC feat_rtt_ms=44.266
[2026-07-12T03:48:43] METRIC feat_jitter_ms=5.52
[2026-07-12T03:48:43] METRIC feat_bw_utilization_pct=76.21
[2026-07-12T03:48:43] METRIC feat_cache_hit_ratio=0.7534
[2026-07-12T03:48:43] METRIC feat_avg_object_size_kb=658.138
[2026-07-12T03:48:43] METRIC feat_retransmission_count=26
[2026-07-12T03:48:43] METRIC true_optimal_mtu_bytes=5376
[2026-07-12T03:48:43] METRIC mlp_predicted_mtu_bytes=5188
[2026-07-12T03:48:43] METRIC mlp_confidence=0.8178
[2026-07-12T03:48:43] METRIC abs_error_bytes=188
[2026-07-12T03:48:43] METRIC update_applied=True
[2026-07-12T03:48:43] RUN_END status=OK
[2026-07-12T03:49:55] RUN_START run_id=MTU_high_lat_high_loss_140
[2026-07-12T03:49:55] PARAM condition=high_lat_high_loss
[2026-07-12T03:49:55] METRIC feat_packet_loss_rate_pct=6.1472
[2026-07-12T03:49:55] METRIC feat_throughput_mbps=3926.15
[2026-07-12T03:49:55] METRIC feat_rtt_ms=51.042
[2026-07-12T03:49:55] METRIC feat_jitter_ms=5.307
[2026-07-12T03:49:55] METRIC feat_bw_utilization_pct=18.33
[2026-07-12T03:49:55] METRIC feat_cache_hit_ratio=0.8128
[2026-07-12T03:49:55] METRIC feat_avg_object_size_kb=0.424
[2026-07-12T03:49:55] METRIC feat_retransmission_count=36
[2026-07-12T03:49:55] METRIC true_optimal_mtu_bytes=1000
[2026-07-12T03:49:55] METRIC mlp_predicted_mtu_bytes=999
[2026-07-12T03:49:55] METRIC mlp_confidence=0.9834
[2026-07-12T03:49:55] METRIC abs_error_bytes=1
[2026-07-12T03:49:55] METRIC update_applied=True
[2026-07-12T03:49:55] RUN_END status=OK
[2026-07-12T03:51:00] RUN_START run_id=MTU_high_lat_high_loss_141
[2026-07-12T03:51:00] PARAM condition=high_lat_high_loss
[2026-07-12T03:51:00] METRIC feat_packet_loss_rate_pct=5.4784
[2026-07-12T03:51:00] METRIC feat_throughput_mbps=3822.81
[2026-07-12T03:51:00] METRIC feat_rtt_ms=46.774
[2026-07-12T03:51:00] METRIC feat_jitter_ms=9.245
[2026-07-12T03:51:00] METRIC feat_bw_utilization_pct=70.67
[2026-07-12T03:51:00] METRIC feat_cache_hit_ratio=0.8638
[2026-07-12T03:51:00] METRIC feat_avg_object_size_kb=11.513
[2026-07-12T03:51:00] METRIC feat_retransmission_count=34
[2026-07-12T03:51:00] METRIC true_optimal_mtu_bytes=1704
[2026-07-12T03:51:00] METRIC mlp_predicted_mtu_bytes=1553
[2026-07-12T03:51:00] METRIC mlp_confidence=0.8017
[2026-07-12T03:51:00] METRIC abs_error_bytes=151
[2026-07-12T03:51:00] METRIC update_applied=True
[2026-07-12T03:51:00] RUN_END status=OK
[2026-07-12T03:51:43] RUN_START run_id=MTU_high_lat_high_loss_142
[2026-07-12T03:51:43] PARAM condition=high_lat_high_loss
[2026-07-12T03:51:43] METRIC feat_packet_loss_rate_pct=4.3529
[2026-07-12T03:51:43] METRIC feat_throughput_mbps=3418.09
[2026-07-12T03:51:43] METRIC feat_rtt_ms=52.729
[2026-07-12T03:51:43] METRIC feat_jitter_ms=10.863
[2026-07-12T03:51:43] METRIC feat_bw_utilization_pct=51.82
[2026-07-12T03:51:43] METRIC feat_cache_hit_ratio=0.5882
[2026-07-12T03:51:43] METRIC feat_avg_object_size_kb=369.42
[2026-07-12T03:51:43] METRIC feat_retransmission_count=29
[2026-07-12T03:51:43] METRIC true_optimal_mtu_bytes=5088
[2026-07-12T03:51:43] METRIC mlp_predicted_mtu_bytes=5211
[2026-07-12T03:51:43] METRIC mlp_confidence=0.8957
[2026-07-12T03:51:43] METRIC abs_error_bytes=123
[2026-07-12T03:51:43] METRIC update_applied=True
[2026-07-12T03:51:43] RUN_END status=OK
[2026-07-12T03:54:26] RUN_START run_id=MTU_high_lat_high_loss_143
[2026-07-12T03:54:26] PARAM condition=high_lat_high_loss
[2026-07-12T03:54:26] METRIC feat_packet_loss_rate_pct=4.6417
[2026-07-12T03:54:26] METRIC feat_throughput_mbps=8469.4
[2026-07-12T03:54:26] METRIC feat_rtt_ms=59.076
[2026-07-12T03:54:26] METRIC feat_jitter_ms=5.484
[2026-07-12T03:54:26] METRIC feat_bw_utilization_pct=32.29
[2026-07-12T03:54:26] METRIC feat_cache_hit_ratio=0.9518
[2026-07-12T03:54:26] METRIC feat_avg_object_size_kb=1977.333
[2026-07-12T03:54:26] METRIC feat_retransmission_count=23
[2026-07-12T03:54:26] METRIC true_optimal_mtu_bytes=5480
[2026-07-12T03:54:26] METRIC mlp_predicted_mtu_bytes=5425
[2026-07-12T03:54:26] METRIC mlp_confidence=0.9288
[2026-07-12T03:54:26] METRIC abs_error_bytes=55
[2026-07-12T03:54:26] METRIC update_applied=True
[2026-07-12T03:54:26] RUN_END status=OK
[2026-07-12T03:57:58] RUN_START run_id=MTU_high_lat_high_loss_144
[2026-07-12T03:57:58] PARAM condition=high_lat_high_loss
[2026-07-12T03:57:58] METRIC feat_packet_loss_rate_pct=4.1604
[2026-07-12T03:57:58] METRIC feat_throughput_mbps=1994.01
[2026-07-12T03:57:58] METRIC feat_rtt_ms=45.277
[2026-07-12T03:57:58] METRIC feat_jitter_ms=9.041
[2026-07-12T03:57:58] METRIC feat_bw_utilization_pct=82.88
[2026-07-12T03:57:58] METRIC feat_cache_hit_ratio=0.5011
[2026-07-12T03:57:58] METRIC feat_avg_object_size_kb=3.592
[2026-07-12T03:57:58] METRIC feat_retransmission_count=30
[2026-07-12T03:57:58] METRIC true_optimal_mtu_bytes=1072
[2026-07-12T03:57:58] METRIC mlp_predicted_mtu_bytes=1021
[2026-07-12T03:57:58] METRIC mlp_confidence=0.946
[2026-07-12T03:57:58] METRIC abs_error_bytes=51
[2026-07-12T03:57:58] METRIC update_applied=True
[2026-07-12T03:57:58] RUN_END status=OK
[2026-07-12T03:59:51] RUN_START run_id=MTU_high_lat_high_loss_145
[2026-07-12T03:59:51] PARAM condition=high_lat_high_loss
[2026-07-12T03:59:51] METRIC feat_packet_loss_rate_pct=4.4988
[2026-07-12T03:59:51] METRIC feat_throughput_mbps=5766.88
[2026-07-12T03:59:51] METRIC feat_rtt_ms=52.823
[2026-07-12T03:59:51] METRIC feat_jitter_ms=9.488
[2026-07-12T03:59:51] METRIC feat_bw_utilization_pct=36.29
[2026-07-12T03:59:51] METRIC feat_cache_hit_ratio=0.7356
[2026-07-12T03:59:51] METRIC feat_avg_object_size_kb=190.555
[2026-07-12T03:59:51] METRIC feat_retransmission_count=31
[2026-07-12T03:59:51] METRIC true_optimal_mtu_bytes=4808
[2026-07-12T03:59:51] METRIC mlp_predicted_mtu_bytes=4750
[2026-07-12T03:59:51] METRIC mlp_confidence=0.9622
[2026-07-12T03:59:51] METRIC abs_error_bytes=58
[2026-07-12T03:59:51] METRIC update_applied=True
[2026-07-12T03:59:51] RUN_END status=OK
[2026-07-12T04:01:22] RUN_START run_id=MTU_high_lat_high_loss_146
[2026-07-12T04:01:22] PARAM condition=high_lat_high_loss
[2026-07-12T04:01:22] METRIC feat_packet_loss_rate_pct=3.9335
[2026-07-12T04:01:22] METRIC feat_throughput_mbps=309.95
[2026-07-12T04:01:22] METRIC feat_rtt_ms=54.129
[2026-07-12T04:01:22] METRIC feat_jitter_ms=5.266
[2026-07-12T04:01:22] METRIC feat_bw_utilization_pct=90.94
[2026-07-12T04:01:22] METRIC feat_cache_hit_ratio=0.5916
[2026-07-12T04:01:22] METRIC feat_avg_object_size_kb=0.927
[2026-07-12T04:01:22] METRIC feat_retransmission_count=18
[2026-07-12T04:01:22] METRIC true_optimal_mtu_bytes=1000
[2026-07-12T04:01:22] METRIC mlp_predicted_mtu_bytes=1057
[2026-07-12T04:01:22] METRIC mlp_confidence=0.9508
[2026-07-12T04:01:22] METRIC abs_error_bytes=57
[2026-07-12T04:01:22] METRIC update_applied=True
[2026-07-12T04:01:22] RUN_END status=OK
[2026-07-12T04:03:51] RUN_START run_id=MTU_high_lat_high_loss_147
[2026-07-12T04:03:51] PARAM condition=high_lat_high_loss
[2026-07-12T04:03:51] METRIC feat_packet_loss_rate_pct=3.5552
[2026-07-12T04:03:51] METRIC feat_throughput_mbps=2099.79
[2026-07-12T04:03:51] METRIC feat_rtt_ms=58.271
[2026-07-12T04:03:51] METRIC feat_jitter_ms=7.684
[2026-07-12T04:03:51] METRIC feat_bw_utilization_pct=88.23
[2026-07-12T04:03:51] METRIC feat_cache_hit_ratio=0.5054
[2026-07-12T04:03:51] METRIC feat_avg_object_size_kb=2251.496
[2026-07-12T04:03:51] METRIC feat_retransmission_count=18
[2026-07-12T04:03:51] METRIC true_optimal_mtu_bytes=6152
[2026-07-12T04:03:51] METRIC mlp_predicted_mtu_bytes=6266
[2026-07-12T04:03:51] METRIC mlp_confidence=0.8551
[2026-07-12T04:03:51] METRIC abs_error_bytes=114
[2026-07-12T04:03:51] METRIC update_applied=True
[2026-07-12T04:03:51] RUN_END status=OK
[2026-07-12T04:06:57] RUN_START run_id=MTU_high_lat_high_loss_148
[2026-07-12T04:06:57] PARAM condition=high_lat_high_loss
[2026-07-12T04:06:57] METRIC feat_packet_loss_rate_pct=4.3528
[2026-07-12T04:06:57] METRIC feat_throughput_mbps=6801.22
[2026-07-12T04:06:57] METRIC feat_rtt_ms=49.801
[2026-07-12T04:06:57] METRIC feat_jitter_ms=8.208
[2026-07-12T04:06:57] METRIC feat_bw_utilization_pct=52.47
[2026-07-12T04:06:57] METRIC feat_cache_hit_ratio=0.7044
[2026-07-12T04:06:57] METRIC feat_avg_object_size_kb=37.388
[2026-07-12T04:06:57] METRIC feat_retransmission_count=22
[2026-07-12T04:06:57] METRIC true_optimal_mtu_bytes=3040
[2026-07-12T04:06:57] METRIC mlp_predicted_mtu_bytes=3047
[2026-07-12T04:06:57] METRIC mlp_confidence=0.99
[2026-07-12T04:06:57] METRIC abs_error_bytes=7
[2026-07-12T04:06:57] METRIC update_applied=True
[2026-07-12T04:06:57] RUN_END status=OK
[2026-07-12T04:10:36] RUN_START run_id=MTU_high_lat_high_loss_149
[2026-07-12T04:10:36] PARAM condition=high_lat_high_loss
[2026-07-12T04:10:36] METRIC feat_packet_loss_rate_pct=4.7922
[2026-07-12T04:10:36] METRIC feat_throughput_mbps=6071.81
[2026-07-12T04:10:36] METRIC feat_rtt_ms=36.826
[2026-07-12T04:10:36] METRIC feat_jitter_ms=5.212
[2026-07-12T04:10:36] METRIC feat_bw_utilization_pct=34.5
[2026-07-12T04:10:36] METRIC feat_cache_hit_ratio=0.99
[2026-07-12T04:10:36] METRIC feat_avg_object_size_kb=350.194
[2026-07-12T04:10:36] METRIC feat_retransmission_count=25
[2026-07-12T04:10:36] METRIC true_optimal_mtu_bytes=5088
[2026-07-12T04:10:36] METRIC mlp_predicted_mtu_bytes=5557
[2026-07-12T04:10:36] METRIC mlp_confidence=0.4973
[2026-07-12T04:10:36] METRIC abs_error_bytes=469
[2026-07-12T04:10:36] METRIC update_applied=False
[2026-07-12T04:10:36] RUN_END status=OK
[2026-07-12T04:13:38] RUN_START run_id=MTU_high_lat_high_loss_150
[2026-07-12T04:13:38] PARAM condition=high_lat_high_loss
[2026-07-12T04:13:38] METRIC feat_packet_loss_rate_pct=3.9383
[2026-07-12T04:13:38] METRIC feat_throughput_mbps=8213.1
[2026-07-12T04:13:38] METRIC feat_rtt_ms=52.448
[2026-07-12T04:13:38] METRIC feat_jitter_ms=9.835
[2026-07-12T04:13:38] METRIC feat_bw_utilization_pct=88.67
[2026-07-12T04:13:38] METRIC feat_cache_hit_ratio=0.4981
[2026-07-12T04:13:38] METRIC feat_avg_object_size_kb=12.921
[2026-07-12T04:13:38] METRIC feat_retransmission_count=27
[2026-07-12T04:13:38] METRIC true_optimal_mtu_bytes=1824
[2026-07-12T04:13:38] METRIC mlp_predicted_mtu_bytes=1352
[2026-07-12T04:13:38] METRIC mlp_confidence=0.487
[2026-07-12T04:13:38] METRIC abs_error_bytes=472
[2026-07-12T04:13:38] METRIC update_applied=False
[2026-07-12T04:13:38] RUN_END status=OK
[2026-07-12T07:39:58] RUN_START run_id=MTU_high_lat_low_loss_023
[2026-07-12T07:39:58] PARAM condition=high_lat_low_loss
[2026-07-12T07:39:58] METRIC feat_packet_loss_rate_pct=0.2962
[2026-07-12T07:39:58] METRIC feat_throughput_mbps=3620.41
[2026-07-12T07:39:58] METRIC feat_rtt_ms=40.251
[2026-07-12T07:39:58] METRIC feat_jitter_ms=6.901
[2026-07-12T07:39:58] METRIC feat_bw_utilization_pct=71.66
[2026-07-12T07:39:58] METRIC feat_cache_hit_ratio=0.6061
[2026-07-12T07:39:58] METRIC feat_avg_object_size_kb=3.194
[2026-07-12T07:39:58] METRIC feat_retransmission_count=2
[2026-07-12T07:39:58] METRIC true_optimal_mtu_bytes=1472
[2026-07-12T07:39:58] METRIC mlp_predicted_mtu_bytes=1547
[2026-07-12T07:39:58] METRIC mlp_confidence=0.8792
[2026-07-12T07:39:58] METRIC abs_error_bytes=75
[2026-07-12T07:39:58] METRIC update_applied=True
[2026-07-12T07:39:58] RUN_END status=OK
