[2026-05-06T13:25:14] RUN_START run_id=LDO_uDCN_132
[2026-05-06T13:25:14] PARAM implementation=uDCN
[2026-05-06T13:25:14] PARAM workload_type=LDO
[2026-05-06T13:25:14] PARAM test_link=LI_10GbE_aggregation_backhaul
[2026-05-06T13:25:14] METRIC object_size_bytes=2570492.8
[2026-05-06T13:25:14] METRIC link_bandwidth_gbps=10.0
[2026-05-06T13:25:14] METRIC throughput_gbps=6.1995
[2026-05-06T13:25:14] METRIC latency_ms=88.8289
[2026-05-06T13:25:14] METRIC cpu_util_pct=24.3
[2026-05-06T13:25:14] RUN_END status=OK
[2026-05-06T13:27:43] RUN_START run_id=LDO_uDCN_133
[2026-05-06T13:27:43] PARAM implementation=uDCN
[2026-05-06T13:27:43] PARAM workload_type=LDO
[2026-05-06T13:27:43] PARAM test_link=LI_10GbE_aggregation_backhaul
[2026-05-06T13:27:43] METRIC object_size_bytes=3194692.9
[2026-05-06T13:27:43] METRIC link_bandwidth_gbps=10.0
[2026-05-06T13:27:43] METRIC throughput_gbps=6.6346
[2026-05-06T13:27:43] METRIC latency_ms=98.8601
[2026-05-06T13:27:43] METRIC cpu_util_pct=23.24
[2026-05-06T13:27:43] RUN_END status=OK
[2026-05-06T13:29:20] RUN_START run_id=LDO_uDCN_134
[2026-05-06T13:29:20] PARAM implementation=uDCN
[2026-05-06T13:29:20] PARAM workload_type=LDO
[2026-05-06T13:29:20] PARAM test_link=LI_10GbE_aggregation_backhaul
[2026-05-06T13:29:20] METRIC object_size_bytes=3291088.5
[2026-05-06T13:29:20] METRIC link_bandwidth_gbps=10.0
[2026-05-06T13:29:20] METRIC throughput_gbps=6.6293
[2026-05-06T13:29:20] METRIC latency_ms=94.4429
[2026-05-06T13:29:20] METRIC cpu_util_pct=23.76
[2026-05-06T13:29:20] RUN_END status=OK
[2026-05-06T13:31:50] RUN_START run_id=LDO_uDCN_135
[2026-05-06T13:31:50] PARAM implementation=uDCN
[2026-05-06T13:31:50] PARAM workload_type=LDO
[2026-05-06T13:31:50] PARAM test_link=LI_10GbE_aggregation_backhaul
[2026-05-06T13:31:50] METRIC object_size_bytes=2951449.6
[2026-05-06T13:31:50] METRIC link_bandwidth_gbps=10.0
[2026-05-06T13:31:50] METRIC throughput_gbps=6.4138
[2026-05-06T13:31:50] METRIC latency_ms=88.9274
[2026-05-06T13:31:50] METRIC cpu_util_pct=25.74
[2026-05-06T13:31:50] RUN_END status=OK
[2026-05-06T13:34:38] RUN_START run_id=LDO_uDCN_136
[2026-05-06T13:34:38] PARAM implementation=uDCN
[2026-05-06T13:34:38] PARAM workload_type=LDO
[2026-05-06T13:34:38] PARAM test_link=LI_10GbE_aggregation_backhaul
[2026-05-06T13:34:38] METRIC object_size_bytes=1103431.3
[2026-05-06T13:34:38] METRIC link_bandwidth_gbps=10.0
[2026-05-06T13:34:38] METRIC throughput_gbps=6.9061
[2026-05-06T13:34:38] METRIC latency_ms=86.2354
[2026-05-06T13:34:38] METRIC cpu_util_pct=23.79
[2026-05-06T13:34:38] RUN_END status=OK
[2026-05-06T13:36:58] RUN_START run_id=LDO_uDCN_137
[2026-05-06T13:36:58] PARAM implementation=uDCN
[2026-05-06T13:36:58] PARAM workload_type=LDO
[2026-05-06T13:36:58] PARAM test_link=LI_10GbE_aggregation_backhaul
[2026-05-06T13:36:58] METRIC object_size_bytes=4361107.6
[2026-05-06T13:36:58] METRIC link_bandwidth_gbps=10.0
[2026-05-06T13:36:58] METRIC throughput_gbps=6.5843
[2026-05-06T13:36:58] METRIC latency_ms=91.4232
[2026-05-06T13:36:58] METRIC cpu_util_pct=22.8
[2026-05-06T13:36:58] RUN_END status=OK
[2026-05-06T13:42:18] RUN_START run_id=LDO_uDCN_138
[2026-05-06T13:42:18] PARAM implementation=uDCN
[2026-05-06T13:42:18] PARAM workload_type=LDO
[2026-05-06T13:42:18] PARAM test_link=LI_10GbE_aggregation_backhaul
[2026-05-06T13:42:18] METRIC object_size_bytes=2156064.6
[2026-05-06T13:42:18] METRIC link_bandwidth_gbps=10.0
[2026-05-06T13:42:18] METRIC throughput_gbps=6.3614
[2026-05-06T13:42:18] METRIC latency_ms=98.8313
[2026-05-06T13:42:18] METRIC cpu_util_pct=23.96
[2026-05-06T13:42:18] RUN_END status=OK
[2026-05-06T13:44:09] RUN_START run_id=LDO_uDCN_139
[2026-05-06T13:44:09] PARAM implementation=uDCN
[2026-05-06T13:44:09] PARAM workload_type=LDO
[2026-05-06T13:44:09] PARAM test_link=LI_10GbE_aggregation_backhaul
[2026-05-06T13:44:09] METRIC object_size_bytes=4234131.6
[2026-05-06T13:44:09] METRIC link_bandwidth_gbps=10.0
[2026-05-06T13:44:09] METRIC throughput_gbps=6.2596
[2026-05-06T13:44:09] METRIC latency_ms=93.9081
[2026-05-06T13:44:09] METRIC cpu_util_pct=24.38
[2026-05-06T13:44:09] RUN_END status=OK
[2026-05-06T13:46:36] RUN_START run_id=LDO_uDCN_140
[2026-05-06T13:46:36] PARAM implementation=uDCN
[2026-05-06T13:46:36] PARAM workload_type=LDO
[2026-05-06T13:46:36] PARAM test_link=LI_10GbE_aggregation_backhaul
[2026-05-06T13:46:36] METRIC object_size_bytes=1922607.5
[2026-05-06T13:46:36] METRIC link_bandwidth_gbps=10.0
[2026-05-06T13:46:36] METRIC throughput_gbps=6.2399
[2026-05-06T13:46:36] METRIC latency_ms=95.0634
[2026-05-06T13:46:36] METRIC cpu_util_pct=23.7
[2026-05-06T13:46:36] RUN_END status=OK
[2026-05-06T13:48:20] RUN_START run_id=LDO_uDCN_141
[2026-05-06T13:48:20] PARAM implementation=uDCN
[2026-05-06T13:48:20] PARAM workload_type=LDO
[2026-05-06T13:48:20] PARAM test_link=LI_10GbE_aggregation_backhaul
[2026-05-06T13:48:20] METRIC object_size_bytes=3939334.5
[2026-05-06T13:48:20] METRIC link_bandwidth_gbps=10.0
[2026-05-06T13:48:20] METRIC throughput_gbps=6.3695
[2026-05-06T13:48:20] METRIC latency_ms=95.8574
[2026-05-06T13:48:20] METRIC cpu_util_pct=24.15
[2026-05-06T13:48:20] RUN_END status=OK
[2026-05-06T13:48:46] RUN_START run_id=LDO_uDCN_142
[2026-05-06T13:48:46] PARAM implementation=uDCN
[2026-05-06T13:48:46] PARAM workload_type=LDO
[2026-05-06T13:48:46] PARAM test_link=LI_10GbE_aggregation_backhaul
[2026-05-06T13:48:46] METRIC object_size_bytes=3214918.0
[2026-05-06T13:48:46] METRIC link_bandwidth_gbps=10.0
[2026-05-06T13:48:46] METRIC throughput_gbps=6.2461
[2026-05-06T13:48:46] METRIC latency_ms=91.0911
[2026-05-06T13:48:46] METRIC cpu_util_pct=22.32
[2026-05-06T13:48:46] RUN_END status=OK
[2026-05-06T13:50:31] RUN_START run_id=LDO_uDCN_143
[2026-05-06T13:50:31] PARAM implementation=uDCN
[2026-05-06T13:50:31] PARAM workload_type=LDO
[2026-05-06T13:50:31] PARAM test_link=LI_10GbE_aggregation_backhaul
[2026-05-06T13:50:31] METRIC object_size_bytes=4806250.5
[2026-05-06T13:50:31] METRIC link_bandwidth_gbps=10.0
[2026-05-06T13:50:31] METRIC throughput_gbps=6.5357
[2026-05-06T13:50:31] METRIC latency_ms=78.0741
[2026-05-06T13:50:31] METRIC cpu_util_pct=25.13
[2026-05-06T13:50:31] RUN_END status=OK
[2026-05-06T13:52:28] RUN_START run_id=LDO_uDCN_144
[2026-05-06T13:52:28] PARAM implementation=uDCN
[2026-05-06T13:52:28] PARAM workload_type=LDO
[2026-05-06T13:52:28] PARAM test_link=LI_10GbE_aggregation_backhaul
[2026-05-06T13:52:28] METRIC object_size_bytes=4515505.9
[2026-05-06T13:52:28] METRIC link_bandwidth_gbps=10.0
[2026-05-06T13:52:28] METRIC throughput_gbps=6.6466
[2026-05-06T13:52:28] METRIC latency_ms=90.915
[2026-05-06T13:52:28] METRIC cpu_util_pct=23.45
[2026-05-06T13:52:28] RUN_END status=OK
[2026-05-06T13:55:05] RUN_START run_id=LDO_uDCN_145
[2026-05-06T13:55:05] PARAM implementation=uDCN
[2026-05-06T13:55:05] PARAM workload_type=LDO
[2026-05-06T13:55:05] PARAM test_link=LI_10GbE_aggregation_backhaul
[2026-05-06T13:55:05] METRIC object_size_bytes=4565891.4
[2026-05-06T13:55:05] METRIC link_bandwidth_gbps=10.0
[2026-05-06T13:55:05] METRIC throughput_gbps=6.1213
[2026-05-06T13:55:05] METRIC latency_ms=84.574
[2026-05-06T13:55:05] METRIC cpu_util_pct=25.55
[2026-05-06T13:55:05] RUN_END status=OK
[2026-05-06T13:56:03] RUN_START run_id=LDO_uDCN_146
[2026-05-06T13:56:03] PARAM implementation=uDCN
[2026-05-06T13:56:03] PARAM workload_type=LDO
[2026-05-06T13:56:03] PARAM test_link=LI_10GbE_aggregation_backhaul
[2026-05-06T13:56:03] METRIC object_size_bytes=1133162.2
[2026-05-06T13:56:03] METRIC link_bandwidth_gbps=10.0
[2026-05-06T13:56:03] METRIC throughput_gbps=6.0042
[2026-05-06T13:56:03] METRIC latency_ms=93.4839
[2026-05-06T13:56:03] METRIC cpu_util_pct=25.19
[2026-05-06T13:56:03] RUN_END status=OK
[2026-05-06T13:59:16] RUN_START run_id=LDO_uDCN_147
[2026-05-06T13:59:16] PARAM implementation=uDCN
[2026-05-06T13:59:16] PARAM workload_type=LDO
[2026-05-06T13:59:16] PARAM test_link=LI_10GbE_aggregation_backhaul
[2026-05-06T13:59:16] METRIC object_size_bytes=2424483.8
[2026-05-06T13:59:16] METRIC link_bandwidth_gbps=10.0
[2026-05-06T13:59:16] METRIC throughput_gbps=6.4161
[2026-05-06T13:59:16] METRIC latency_ms=95.7037
[2026-05-06T13:59:16] METRIC cpu_util_pct=23.38
[2026-05-06T13:59:16] RUN_END status=OK
[2026-05-06T14:02:21] RUN_START run_id=LDO_uDCN_148
[2026-05-06T14:02:21] PARAM implementation=uDCN
[2026-05-06T14:02:21] PARAM workload_type=LDO
[2026-05-06T14:02:21] PARAM test_link=LI_10GbE_aggregation_backhaul
[2026-05-06T14:02:21] METRIC object_size_bytes=1442485.4
[2026-05-06T14:02:21] METRIC link_bandwidth_gbps=10.0
[2026-05-06T14:02:21] METRIC throughput_gbps=6.3555
[2026-05-06T14:02:21] METRIC latency_ms=90.946
[2026-05-06T14:02:21] METRIC cpu_util_pct=23.22
[2026-05-06T14:02:21] RUN_END status=OK
[2026-05-07T05:53:17] RUN_START run_id=LDO_uDCN_149
[2026-05-07T05:53:17] PARAM implementation=uDCN
[2026-05-07T05:53:17] PARAM workload_type=LDO
[2026-05-07T05:53:17] PARAM test_link=LI_10GbE_aggregation_backhaul
[2026-05-07T05:53:17] METRIC object_size_bytes=2375117.7
[2026-05-07T05:53:17] METRIC link_bandwidth_gbps=10.0
[2026-05-07T05:53:17] METRIC throughput_gbps=6.8395
[2026-05-07T05:53:17] METRIC latency_ms=89.6318
[2026-05-07T05:53:17] METRIC cpu_util_pct=23.99
[2026-05-07T05:53:17] RUN_END status=OK
[2026-05-07T05:59:11] RUN_START run_id=LDO_uDCN_150
[2026-05-07T05:59:11] PARAM implementation=uDCN
[2026-05-07T05:59:11] PARAM workload_type=LDO
[2026-05-07T05:59:11] PARAM test_link=LI_10GbE_aggregation_backhaul
[2026-05-07T05:59:11] METRIC object_size_bytes=2434243.8
[2026-05-07T05:59:11] METRIC link_bandwidth_gbps=10.0
[2026-05-07T05:59:11] METRIC throughput_gbps=6.5032
[2026-05-07T05:59:11] METRIC latency_ms=92.0392
[2026-05-07T05:59:11] METRIC cpu_util_pct=24.85
[2026-05-07T05:59:11] RUN_END status=OK
[2026-05-13T13:13:00] RUN_START run_id=MDO_uDCN_001
[2026-05-13T13:13:00] PARAM implementation=uDCN
[2026-05-13T13:13:00] PARAM workload_type=MDO
[2026-05-13T13:13:00] PARAM test_link=LI_10GbE_aggregation_backhaul
[2026-05-13T13:13:00] METRIC object_size_bytes=465252.2
[2026-05-13T13:13:00] METRIC link_bandwidth_gbps=10.0
[2026-05-13T13:13:00] METRIC throughput_gbps=8.6179
[2026-05-13T13:13:00] METRIC latency_ms=11.8842
[2026-05-13T13:13:00] METRIC cpu_util_pct=17.48
[2026-05-13T13:13:00] RUN_END status=OK
[2026-05-13T13:15:49] RUN_START run_id=MDO_uDCN_002
[2026-05-13T13:15:49] PARAM implementation=uDCN
[2026-05-13T13:15:49] PARAM workload_type=MDO
[2026-05-13T13:15:49] PARAM test_link=LI_10GbE_aggregation_backhaul
[2026-05-13T13:15:49] METRIC object_size_bytes=169373.1
[2026-05-13T13:15:49] METRIC link_bandwidth_gbps=10.0
[2026-05-13T13:15:49] METRIC throughput_gbps=8.6982
[2026-05-13T13:15:49] METRIC latency_ms=12.5739
[2026-05-13T13:15:49] METRIC cpu_util_pct=17.71
[2026-05-13T13:15:49] RUN_END status=OK
[2026-05-13T13:18:32] RUN_START run_id=MDO_uDCN_003
[2026-05-13T13:18:32] PARAM implementation=uDCN
[2026-05-13T13:18:32] PARAM workload_type=MDO
[2026-05-13T13:18:32] PARAM test_link=LI_10GbE_aggregation_backhaul
[2026-05-13T13:18:32] METRIC object_size_bytes=155802.3
[2026-05-13T13:18:32] METRIC link_bandwidth_gbps=10.0
[2026-05-13T13:18:32] METRIC throughput_gbps=7.9135
[2026-05-13T13:18:32] METRIC latency_ms=12.0106
[2026-05-13T13:18:32] METRIC cpu_util_pct=16.72
[2026-05-13T13:18:32] RUN_END status=OK
