[2026-04-02T16:09:32] RUN_START run_id=LDO_NFD_034
[2026-04-02T16:09:32] PARAM implementation=NFD
[2026-04-02T16:09:32] PARAM workload_type=LDO
[2026-04-02T16:09:32] PARAM test_link=LI_10GbE_aggregation_backhaul
[2026-04-02T16:09:32] METRIC object_size_bytes=2779083.6
[2026-04-02T16:09:32] METRIC link_bandwidth_gbps=10.0
[2026-04-02T16:09:32] METRIC throughput_gbps=3.2645
[2026-04-02T16:09:32] METRIC latency_ms=125.3322
[2026-04-02T16:09:32] METRIC cpu_util_pct=58.5
[2026-04-02T16:09:32] RUN_END status=OK
[2026-04-02T16:13:57] RUN_START run_id=LDO_NFD_035
[2026-04-02T16:13:57] PARAM implementation=NFD
[2026-04-02T16:13:57] PARAM workload_type=LDO
[2026-04-02T16:13:57] PARAM test_link=LI_10GbE_aggregation_backhaul
[2026-04-02T16:13:57] METRIC object_size_bytes=1988026.7
[2026-04-02T16:13:57] METRIC link_bandwidth_gbps=10.0
[2026-04-02T16:13:57] METRIC throughput_gbps=3.1893
[2026-04-02T16:13:57] METRIC latency_ms=110.8638
[2026-04-02T16:13:57] METRIC cpu_util_pct=60.27
[2026-04-02T16:13:57] RUN_END status=OK
[2026-04-02T16:16:01] RUN_START run_id=LDO_NFD_036
[2026-04-02T16:16:01] PARAM implementation=NFD
[2026-04-02T16:16:01] PARAM workload_type=LDO
[2026-04-02T16:16:01] PARAM test_link=LI_10GbE_aggregation_backhaul
[2026-04-02T16:16:01] METRIC object_size_bytes=4961800.9
[2026-04-02T16:16:01] METRIC link_bandwidth_gbps=10.0
[2026-04-02T16:16:01] METRIC throughput_gbps=3.0378
[2026-04-02T16:16:01] METRIC latency_ms=135.0564
[2026-04-02T16:16:01] METRIC cpu_util_pct=57.95
[2026-04-02T16:16:01] RUN_END status=OK
[2026-04-02T16:18:53] RUN_START run_id=LDO_NFD_037
[2026-04-02T16:18:53] PARAM implementation=NFD
[2026-04-02T16:18:53] PARAM workload_type=LDO
[2026-04-02T16:18:53] PARAM test_link=LI_10GbE_aggregation_backhaul
[2026-04-02T16:18:53] METRIC object_size_bytes=3654069.9
[2026-04-02T16:18:53] METRIC link_bandwidth_gbps=10.0
[2026-04-02T16:18:53] METRIC throughput_gbps=3.2128
[2026-04-02T16:18:53] METRIC latency_ms=127.215
[2026-04-02T16:18:53] METRIC cpu_util_pct=56.64
[2026-04-02T16:18:53] RUN_END status=OK
[2026-04-02T16:19:13] RUN_START run_id=LDO_NFD_038
[2026-04-02T16:19:13] PARAM implementation=NFD
[2026-04-02T16:19:13] PARAM workload_type=LDO
[2026-04-02T16:19:13] PARAM test_link=LI_10GbE_aggregation_backhaul
[2026-04-02T16:19:13] METRIC object_size_bytes=4454646.6
[2026-04-02T16:19:13] METRIC link_bandwidth_gbps=10.0
[2026-04-02T16:19:13] METRIC throughput_gbps=3.1191
[2026-04-02T16:19:13] METRIC latency_ms=125.9433
[2026-04-02T16:19:13] METRIC cpu_util_pct=59.48
[2026-04-02T16:19:13] RUN_END status=OK
[2026-04-02T16:20:30] RUN_START run_id=LDO_NFD_039
[2026-04-02T16:20:30] PARAM implementation=NFD
[2026-04-02T16:20:30] PARAM workload_type=LDO
[2026-04-02T16:20:30] PARAM test_link=LI_10GbE_aggregation_backhaul
[2026-04-02T16:20:30] METRIC object_size_bytes=2814830.8
[2026-04-02T16:20:30] METRIC link_bandwidth_gbps=10.0
[2026-04-02T16:20:30] METRIC throughput_gbps=3.2916
[2026-04-02T16:20:30] METRIC latency_ms=121.9271
[2026-04-02T16:20:30] METRIC cpu_util_pct=62.1
[2026-04-02T16:20:30] RUN_END status=OK
[2026-04-02T16:22:45] RUN_START run_id=LDO_NFD_040
[2026-04-02T16:22:45] PARAM implementation=NFD
[2026-04-02T16:22:45] PARAM workload_type=LDO
[2026-04-02T16:22:45] PARAM test_link=LI_10GbE_aggregation_backhaul
[2026-04-02T16:22:45] METRIC object_size_bytes=4185786.3
[2026-04-02T16:22:45] METRIC link_bandwidth_gbps=10.0
[2026-04-02T16:22:45] METRIC throughput_gbps=3.0357
[2026-04-02T16:22:45] METRIC latency_ms=127.8362
[2026-04-02T16:22:45] METRIC cpu_util_pct=55.02
[2026-04-02T16:22:45] RUN_END status=OK
[2026-04-02T16:26:05] RUN_START run_id=LDO_NFD_041
[2026-04-02T16:26:05] PARAM implementation=NFD
[2026-04-02T16:26:05] PARAM workload_type=LDO
[2026-04-02T16:26:05] PARAM test_link=LI_10GbE_aggregation_backhaul
[2026-04-02T16:26:05] METRIC object_size_bytes=3344815.8
[2026-04-02T16:26:05] METRIC link_bandwidth_gbps=10.0
[2026-04-02T16:26:05] METRIC throughput_gbps=3.2186
[2026-04-02T16:26:05] METRIC latency_ms=126.9341
[2026-04-02T16:26:05] METRIC cpu_util_pct=60.05
[2026-04-02T16:26:05] RUN_END status=OK
[2026-04-02T16:27:55] RUN_START run_id=LDO_NFD_042
[2026-04-02T16:27:55] PARAM implementation=NFD
[2026-04-02T16:27:55] PARAM workload_type=LDO
[2026-04-02T16:27:55] PARAM test_link=LI_10GbE_aggregation_backhaul
[2026-04-02T16:27:55] METRIC object_size_bytes=2470633.0
[2026-04-02T16:27:55] METRIC link_bandwidth_gbps=10.0
[2026-04-02T16:27:55] METRIC throughput_gbps=3.379
[2026-04-02T16:27:55] METRIC latency_ms=130.7764
[2026-04-02T16:27:55] METRIC cpu_util_pct=59.64
[2026-04-02T16:27:55] RUN_END status=OK
[2026-04-02T16:29:33] RUN_START run_id=LDO_NFD_043
[2026-04-02T16:29:33] PARAM implementation=NFD
[2026-04-02T16:29:33] PARAM workload_type=LDO
[2026-04-02T16:29:33] PARAM test_link=LI_10GbE_aggregation_backhaul
[2026-04-02T16:29:33] METRIC object_size_bytes=3673029.5
[2026-04-02T16:29:33] METRIC link_bandwidth_gbps=10.0
[2026-04-02T16:29:33] METRIC throughput_gbps=3.4046
[2026-04-02T16:29:33] METRIC latency_ms=123.044
[2026-04-02T16:29:33] METRIC cpu_util_pct=62.16
[2026-04-02T16:29:33] RUN_END status=OK
[2026-04-02T16:30:52] RUN_START run_id=LDO_NFD_044
[2026-04-02T16:30:52] PARAM implementation=NFD
[2026-04-02T16:30:52] PARAM workload_type=LDO
[2026-04-02T16:30:52] PARAM test_link=LI_10GbE_aggregation_backhaul
[2026-04-02T16:30:52] METRIC object_size_bytes=4676558.3
[2026-04-02T16:30:52] METRIC link_bandwidth_gbps=10.0
[2026-04-02T16:30:52] METRIC throughput_gbps=3.198
[2026-04-02T16:30:52] METRIC latency_ms=111.5395
[2026-04-02T16:30:52] METRIC cpu_util_pct=60.5
[2026-04-02T16:30:52] RUN_END status=OK
[2026-04-02T16:32:14] RUN_START run_id=LDO_NFD_045
[2026-04-02T16:32:14] PARAM implementation=NFD
[2026-04-02T16:32:14] PARAM workload_type=LDO
[2026-04-02T16:32:14] PARAM test_link=LI_10GbE_aggregation_backhaul
[2026-04-02T16:32:14] METRIC object_size_bytes=1064391.6
[2026-04-02T16:32:14] METRIC link_bandwidth_gbps=10.0
[2026-04-02T16:32:14] METRIC throughput_gbps=3.1549
[2026-04-02T16:32:14] METRIC latency_ms=113.5602
[2026-04-02T16:32:14] METRIC cpu_util_pct=54.24
[2026-04-02T16:32:14] RUN_END status=OK
[2026-04-02T16:38:18] RUN_START run_id=LDO_NFD_046
[2026-04-02T16:38:18] PARAM implementation=NFD
[2026-04-02T16:38:18] PARAM workload_type=LDO
[2026-04-02T16:38:18] PARAM test_link=LI_10GbE_aggregation_backhaul
[2026-04-02T16:38:18] METRIC object_size_bytes=1581486.9
[2026-04-02T16:38:18] METRIC link_bandwidth_gbps=10.0
[2026-04-02T16:38:18] METRIC throughput_gbps=3.1591
[2026-04-02T16:38:18] METRIC latency_ms=127.2188
[2026-04-02T16:38:18] METRIC cpu_util_pct=58.25
[2026-04-02T16:38:18] RUN_END status=OK
[2026-04-02T16:43:15] RUN_START run_id=LDO_NFD_047
[2026-04-02T16:43:15] PARAM implementation=NFD
[2026-04-02T16:43:15] PARAM workload_type=LDO
[2026-04-02T16:43:15] PARAM test_link=LI_10GbE_aggregation_backhaul
[2026-04-02T16:43:15] METRIC object_size_bytes=3081500.3
[2026-04-02T16:43:15] METRIC link_bandwidth_gbps=10.0
[2026-04-02T16:43:15] METRIC throughput_gbps=3.2467
[2026-04-02T16:43:15] METRIC latency_ms=122.7279
[2026-04-02T16:43:15] METRIC cpu_util_pct=64.19
[2026-04-02T16:43:15] RUN_END status=OK
[2026-04-02T16:44:31] RUN_START run_id=LDO_NFD_048
[2026-04-02T16:44:31] PARAM implementation=NFD
[2026-04-02T16:44:31] PARAM workload_type=LDO
[2026-04-02T16:44:31] PARAM test_link=LI_10GbE_aggregation_backhaul
[2026-04-02T16:44:31] METRIC object_size_bytes=4069992.0
[2026-04-02T16:44:31] METRIC link_bandwidth_gbps=10.0
[2026-04-02T16:44:31] METRIC throughput_gbps=3.2216
[2026-04-02T16:44:31] METRIC latency_ms=121.0641
[2026-04-02T16:44:31] METRIC cpu_util_pct=60.09
[2026-04-02T16:44:31] RUN_END status=OK
[2026-04-02T16:47:47] RUN_START run_id=LDO_NFD_049
[2026-04-02T16:47:47] PARAM implementation=NFD
[2026-04-02T16:47:47] PARAM workload_type=LDO
[2026-04-02T16:47:47] PARAM test_link=LI_10GbE_aggregation_backhaul
[2026-04-02T16:47:47] METRIC object_size_bytes=1681375.2
[2026-04-02T16:47:47] METRIC link_bandwidth_gbps=10.0
[2026-04-02T16:47:47] METRIC throughput_gbps=3.2104
[2026-04-02T16:47:47] METRIC latency_ms=123.947
[2026-04-02T16:47:47] METRIC cpu_util_pct=58.9
[2026-04-02T16:47:47] RUN_END status=OK
[2026-04-03T12:21:18] RUN_START run_id=LDO_NFD_050
[2026-04-03T12:21:18] PARAM implementation=NFD
[2026-04-03T12:21:18] PARAM workload_type=LDO
[2026-04-03T12:21:18] PARAM test_link=LI_10GbE_aggregation_backhaul
[2026-04-03T12:21:18] METRIC object_size_bytes=4040898.0
[2026-04-03T12:21:18] METRIC link_bandwidth_gbps=10.0
[2026-04-03T12:21:18] METRIC throughput_gbps=3.1725
[2026-04-03T12:21:18] METRIC latency_ms=121.9569
[2026-04-03T12:21:18] METRIC cpu_util_pct=61.45
[2026-04-03T12:21:18] RUN_END status=OK
[2026-04-03T12:22:48] RUN_START run_id=LDO_NFD_051
[2026-04-03T12:22:48] PARAM implementation=NFD
[2026-04-03T12:22:48] PARAM workload_type=LDO
[2026-04-03T12:22:48] PARAM test_link=LI_10GbE_aggregation_backhaul
[2026-04-03T12:22:48] METRIC object_size_bytes=4507619.9
[2026-04-03T12:22:48] METRIC link_bandwidth_gbps=10.0
[2026-04-03T12:22:48] METRIC throughput_gbps=3.1862
[2026-04-03T12:22:48] METRIC latency_ms=118.2407
[2026-04-03T12:22:48] METRIC cpu_util_pct=55.53
[2026-04-03T12:22:48] RUN_END status=OK
[2026-04-03T12:26:44] RUN_START run_id=LDO_NFD_052
[2026-04-03T12:26:44] PARAM implementation=NFD
[2026-04-03T12:26:44] PARAM workload_type=LDO
[2026-04-03T12:26:44] PARAM test_link=LI_10GbE_aggregation_backhaul
[2026-04-03T12:26:44] METRIC object_size_bytes=2192388.8
[2026-04-03T12:26:44] METRIC link_bandwidth_gbps=10.0
[2026-04-03T12:26:44] METRIC throughput_gbps=3.3553
[2026-04-03T12:26:44] METRIC latency_ms=117.4578
[2026-04-03T12:26:44] METRIC cpu_util_pct=55.02
[2026-04-03T12:26:44] RUN_END status=OK
[2026-04-03T12:28:13] RUN_START run_id=LDO_NFD_053
[2026-04-03T12:28:13] PARAM implementation=NFD
[2026-04-03T12:28:13] PARAM workload_type=LDO
[2026-04-03T12:28:13] PARAM test_link=LI_10GbE_aggregation_backhaul
[2026-04-03T12:28:13] METRIC object_size_bytes=4209141.5
[2026-04-03T12:28:13] METRIC link_bandwidth_gbps=10.0
[2026-04-03T12:28:13] METRIC throughput_gbps=3.2791
[2026-04-03T12:28:13] METRIC latency_ms=118.8212
[2026-04-03T12:28:13] METRIC cpu_util_pct=59.53
[2026-04-03T12:28:13] RUN_END status=OK
