[2026-06-08T11:29:46] RUN_START run_id=LDO_CCNlite_034
[2026-06-08T11:29:46] PARAM implementation=CCNlite
[2026-06-08T11:29:46] PARAM workload_type=LDO
[2026-06-08T11:29:46] PARAM test_link=LI_10GbE_aggregation_backhaul
[2026-06-08T11:29:46] METRIC object_size_bytes=2291850.5
[2026-06-08T11:29:46] METRIC link_bandwidth_gbps=10.0
[2026-06-08T11:29:46] METRIC throughput_gbps=2.6605
[2026-06-08T11:29:46] METRIC latency_ms=140.1806
[2026-06-08T11:29:46] METRIC cpu_util_pct=66.13
[2026-06-08T11:29:46] RUN_END status=OK
[2026-06-08T11:36:29] RUN_START run_id=LDO_CCNlite_035
[2026-06-08T11:36:29] PARAM implementation=CCNlite
[2026-06-08T11:36:29] PARAM workload_type=LDO
[2026-06-08T11:36:29] PARAM test_link=LI_10GbE_aggregation_backhaul
[2026-06-08T11:36:29] METRIC object_size_bytes=3340120.1
[2026-06-08T11:36:29] METRIC link_bandwidth_gbps=10.0
[2026-06-08T11:36:29] METRIC throughput_gbps=2.7323
[2026-06-08T11:36:29] METRIC latency_ms=137.6872
[2026-06-08T11:36:29] METRIC cpu_util_pct=61.69
[2026-06-08T11:36:29] RUN_END status=OK
[2026-06-08T11:40:07] RUN_START run_id=LDO_CCNlite_036
[2026-06-08T11:40:07] PARAM implementation=CCNlite
[2026-06-08T11:40:07] PARAM workload_type=LDO
[2026-06-08T11:40:07] PARAM test_link=LI_10GbE_aggregation_backhaul
[2026-06-08T11:40:07] METRIC object_size_bytes=4380715.8
[2026-06-08T11:40:07] METRIC link_bandwidth_gbps=10.0
[2026-06-08T11:40:07] METRIC throughput_gbps=2.8681
[2026-06-08T11:40:07] METRIC latency_ms=135.4541
[2026-06-08T11:40:07] METRIC cpu_util_pct=67.02
[2026-06-08T11:40:07] RUN_END status=OK
[2026-06-08T11:43:06] RUN_START run_id=LDO_CCNlite_037
[2026-06-08T11:43:06] PARAM implementation=CCNlite
[2026-06-08T11:43:06] PARAM workload_type=LDO
[2026-06-08T11:43:06] PARAM test_link=LI_10GbE_aggregation_backhaul
[2026-06-08T11:43:06] METRIC object_size_bytes=3601044.9
[2026-06-08T11:43:06] METRIC link_bandwidth_gbps=10.0
[2026-06-08T11:43:06] METRIC throughput_gbps=2.8389
[2026-06-08T11:43:06] METRIC latency_ms=125.9076
[2026-06-08T11:43:06] METRIC cpu_util_pct=65.0
[2026-06-08T11:43:06] RUN_END status=OK
[2026-06-08T11:45:24] RUN_START run_id=LDO_CCNlite_038
[2026-06-08T11:45:24] PARAM implementation=CCNlite
[2026-06-08T11:45:24] PARAM workload_type=LDO
[2026-06-08T11:45:24] PARAM test_link=LI_10GbE_aggregation_backhaul
[2026-06-08T11:45:24] METRIC object_size_bytes=1220784.9
[2026-06-08T11:45:24] METRIC link_bandwidth_gbps=10.0
[2026-06-08T11:45:24] METRIC throughput_gbps=2.8555
[2026-06-08T11:45:24] METRIC latency_ms=133.3487
[2026-06-08T11:45:24] METRIC cpu_util_pct=70.41
[2026-06-08T11:45:24] RUN_END status=OK
[2026-06-08T11:50:04] RUN_START run_id=LDO_CCNlite_039
[2026-06-08T11:50:04] PARAM implementation=CCNlite
[2026-06-08T11:50:04] PARAM workload_type=LDO
[2026-06-08T11:50:04] PARAM test_link=LI_10GbE_aggregation_backhaul
[2026-06-08T11:50:04] METRIC object_size_bytes=1525580.9
[2026-06-08T11:50:04] METRIC link_bandwidth_gbps=10.0
[2026-06-08T11:50:04] METRIC throughput_gbps=2.7257
[2026-06-08T11:50:04] METRIC latency_ms=127.6211
[2026-06-08T11:50:04] METRIC cpu_util_pct=64.1
[2026-06-08T11:50:04] RUN_END status=OK
[2026-06-08T11:50:57] RUN_START run_id=LDO_CCNlite_040
[2026-06-08T11:50:57] PARAM implementation=CCNlite
[2026-06-08T11:50:57] PARAM workload_type=LDO
[2026-06-08T11:50:57] PARAM test_link=LI_10GbE_aggregation_backhaul
[2026-06-08T11:50:57] METRIC object_size_bytes=3910085.1
[2026-06-08T11:50:57] METRIC link_bandwidth_gbps=10.0
[2026-06-08T11:50:57] METRIC throughput_gbps=2.7486
[2026-06-08T11:50:57] METRIC latency_ms=144.2417
[2026-06-08T11:50:57] METRIC cpu_util_pct=67.58
[2026-06-08T11:50:57] RUN_END status=OK
[2026-06-08T11:51:46] RUN_START run_id=LDO_CCNlite_041
[2026-06-08T11:51:46] PARAM implementation=CCNlite
[2026-06-08T11:51:46] PARAM workload_type=LDO
[2026-06-08T11:51:46] PARAM test_link=LI_10GbE_aggregation_backhaul
[2026-06-08T11:51:46] METRIC object_size_bytes=4808562.2
[2026-06-08T11:51:46] METRIC link_bandwidth_gbps=10.0
[2026-06-08T11:51:46] METRIC throughput_gbps=2.6015
[2026-06-08T11:51:46] METRIC latency_ms=130.9398
[2026-06-08T11:51:46] METRIC cpu_util_pct=64.85
[2026-06-08T11:51:46] RUN_END status=OK
[2026-06-08T11:56:58] RUN_START run_id=LDO_CCNlite_042
[2026-06-08T11:56:58] PARAM implementation=CCNlite
[2026-06-08T11:56:58] PARAM workload_type=LDO
[2026-06-08T11:56:58] PARAM test_link=LI_10GbE_aggregation_backhaul
[2026-06-08T11:56:58] METRIC object_size_bytes=4882542.2
[2026-06-08T11:56:58] METRIC link_bandwidth_gbps=10.0
[2026-06-08T11:56:58] METRIC throughput_gbps=2.7907
[2026-06-08T11:56:58] METRIC latency_ms=131.9758
[2026-06-08T11:56:58] METRIC cpu_util_pct=66.74
[2026-06-08T11:56:58] RUN_END status=OK
[2026-06-08T11:57:54] RUN_START run_id=LDO_CCNlite_043
[2026-06-08T11:57:54] PARAM implementation=CCNlite
[2026-06-08T11:57:54] PARAM workload_type=LDO
[2026-06-08T11:57:54] PARAM test_link=LI_10GbE_aggregation_backhaul
[2026-06-08T11:57:54] METRIC object_size_bytes=4827329.0
[2026-06-08T11:57:54] METRIC link_bandwidth_gbps=10.0
[2026-06-08T11:57:54] METRIC throughput_gbps=2.7543
[2026-06-08T11:57:54] METRIC latency_ms=126.8177
[2026-06-08T11:57:54] METRIC cpu_util_pct=69.73
[2026-06-08T11:57:54] RUN_END status=OK
[2026-06-08T12:01:06] RUN_START run_id=LDO_CCNlite_044
[2026-06-08T12:01:06] PARAM implementation=CCNlite
[2026-06-08T12:01:06] PARAM workload_type=LDO
[2026-06-08T12:01:06] PARAM test_link=LI_10GbE_aggregation_backhaul
[2026-06-08T12:01:06] METRIC object_size_bytes=2394114.4
[2026-06-08T12:01:06] METRIC link_bandwidth_gbps=10.0
[2026-06-08T12:01:06] METRIC throughput_gbps=2.7245
[2026-06-08T12:01:06] METRIC latency_ms=144.7413
[2026-06-08T12:01:06] METRIC cpu_util_pct=59.37
[2026-06-08T12:01:06] RUN_END status=OK
[2026-06-08T12:01:36] RUN_START run_id=LDO_CCNlite_045
[2026-06-08T12:01:36] PARAM implementation=CCNlite
[2026-06-08T12:01:36] PARAM workload_type=LDO
[2026-06-08T12:01:36] PARAM test_link=LI_10GbE_aggregation_backhaul
[2026-06-08T12:01:36] METRIC object_size_bytes=3130638.0
[2026-06-08T12:01:36] METRIC link_bandwidth_gbps=10.0
[2026-06-08T12:01:36] METRIC throughput_gbps=2.6909
[2026-06-08T12:01:36] METRIC latency_ms=129.4943
[2026-06-08T12:01:36] METRIC cpu_util_pct=69.48
[2026-06-08T12:01:36] RUN_END status=OK
[2026-06-08T12:02:18] RUN_START run_id=LDO_CCNlite_046
[2026-06-08T12:02:18] PARAM implementation=CCNlite
[2026-06-08T12:02:18] PARAM workload_type=LDO
[2026-06-08T12:02:18] PARAM test_link=LI_10GbE_aggregation_backhaul
[2026-06-08T12:02:18] METRIC object_size_bytes=1433327.9
[2026-06-08T12:02:18] METRIC link_bandwidth_gbps=10.0
[2026-06-08T12:02:18] METRIC throughput_gbps=2.9073
[2026-06-08T12:02:18] METRIC latency_ms=136.3276
[2026-06-08T12:02:18] METRIC cpu_util_pct=63.61
[2026-06-08T12:02:18] RUN_END status=OK
[2026-06-08T12:03:21] RUN_START run_id=LDO_CCNlite_047
[2026-06-08T12:03:21] PARAM implementation=CCNlite
[2026-06-08T12:03:21] PARAM workload_type=LDO
[2026-06-08T12:03:21] PARAM test_link=LI_10GbE_aggregation_backhaul
[2026-06-08T12:03:21] METRIC object_size_bytes=2190939.2
[2026-06-08T12:03:21] METRIC link_bandwidth_gbps=10.0
[2026-06-08T12:03:21] METRIC throughput_gbps=2.7904
[2026-06-08T12:03:21] METRIC latency_ms=133.0334
[2026-06-08T12:03:21] METRIC cpu_util_pct=65.74
[2026-06-08T12:03:21] RUN_END status=OK
[2026-06-08T12:08:34] RUN_START run_id=LDO_CCNlite_048
[2026-06-08T12:08:34] PARAM implementation=CCNlite
[2026-06-08T12:08:34] PARAM workload_type=LDO
[2026-06-08T12:08:34] PARAM test_link=LI_10GbE_aggregation_backhaul
[2026-06-08T12:08:34] METRIC object_size_bytes=1806391.3
[2026-06-08T12:08:34] METRIC link_bandwidth_gbps=10.0
[2026-06-08T12:08:34] METRIC throughput_gbps=2.8605
[2026-06-08T12:08:34] METRIC latency_ms=124.9655
[2026-06-08T12:08:34] METRIC cpu_util_pct=71.75
[2026-06-08T12:08:34] RUN_END status=OK
[2026-06-08T12:09:57] RUN_START run_id=LDO_CCNlite_049
[2026-06-08T12:09:57] PARAM implementation=CCNlite
[2026-06-08T12:09:57] PARAM workload_type=LDO
[2026-06-08T12:09:57] PARAM test_link=LI_10GbE_aggregation_backhaul
[2026-06-08T12:09:57] METRIC object_size_bytes=1342240.5
[2026-06-08T12:09:57] METRIC link_bandwidth_gbps=10.0
[2026-06-08T12:09:57] METRIC throughput_gbps=2.7333
[2026-06-08T12:09:57] METRIC latency_ms=148.3573
[2026-06-08T12:09:57] METRIC cpu_util_pct=65.7
[2026-06-08T12:09:57] RUN_END status=OK
