[2026-05-22T08:16:16] RUN_START run_id=MDO_PythonNDN_111
[2026-05-22T08:16:16] PARAM implementation=PythonNDN
[2026-05-22T08:16:16] PARAM workload_type=MDO
[2026-05-22T08:16:16] PARAM test_link=LI_10GbE_aggregation_backhaul
[2026-05-22T08:16:16] METRIC object_size_bytes=85326.1
[2026-05-22T08:16:16] METRIC link_bandwidth_gbps=10.0
[2026-05-22T08:16:16] METRIC throughput_gbps=0.7099
[2026-05-22T08:16:16] METRIC latency_ms=27.5051
[2026-05-22T08:16:16] METRIC cpu_util_pct=88.18
[2026-05-22T08:16:16] RUN_END status=OK
[2026-05-22T08:17:28] RUN_START run_id=MDO_PythonNDN_112
[2026-05-22T08:17:28] PARAM implementation=PythonNDN
[2026-05-22T08:17:28] PARAM workload_type=MDO
[2026-05-22T08:17:28] PARAM test_link=LI_10GbE_aggregation_backhaul
[2026-05-22T08:17:28] METRIC object_size_bytes=505464.3
[2026-05-22T08:17:28] METRIC link_bandwidth_gbps=10.0
[2026-05-22T08:17:28] METRIC throughput_gbps=0.7314
[2026-05-22T08:17:28] METRIC latency_ms=27.2991
[2026-05-22T08:17:28] METRIC cpu_util_pct=97.21
[2026-05-22T08:17:28] RUN_END status=OK
[2026-05-22T08:19:28] RUN_START run_id=MDO_PythonNDN_113
[2026-05-22T08:19:28] PARAM implementation=PythonNDN
[2026-05-22T08:19:28] PARAM workload_type=MDO
[2026-05-22T08:19:28] PARAM test_link=LI_10GbE_aggregation_backhaul
[2026-05-22T08:19:28] METRIC object_size_bytes=398475.7
[2026-05-22T08:19:28] METRIC link_bandwidth_gbps=10.0
[2026-05-22T08:19:28] METRIC throughput_gbps=0.6611
[2026-05-22T08:19:28] METRIC latency_ms=27.4176
[2026-05-22T08:19:28] METRIC cpu_util_pct=84.18
[2026-05-22T08:19:28] RUN_END status=OK
[2026-05-22T08:23:02] RUN_START run_id=MDO_PythonNDN_114
[2026-05-22T08:23:02] PARAM implementation=PythonNDN
[2026-05-22T08:23:02] PARAM workload_type=MDO
[2026-05-22T08:23:02] PARAM test_link=LI_10GbE_aggregation_backhaul
[2026-05-22T08:23:02] METRIC object_size_bytes=399207.7
[2026-05-22T08:23:02] METRIC link_bandwidth_gbps=10.0
[2026-05-22T08:23:02] METRIC throughput_gbps=0.7307
[2026-05-22T08:23:02] METRIC latency_ms=26.5829
[2026-05-22T08:23:02] METRIC cpu_util_pct=85.25
[2026-05-22T08:23:02] RUN_END status=OK
[2026-05-22T08:23:27] RUN_START run_id=MDO_PythonNDN_115
[2026-05-22T08:23:27] PARAM implementation=PythonNDN
[2026-05-22T08:23:27] PARAM workload_type=MDO
[2026-05-22T08:23:27] PARAM test_link=LI_10GbE_aggregation_backhaul
[2026-05-22T08:23:27] METRIC object_size_bytes=424021.6
[2026-05-22T08:23:27] METRIC link_bandwidth_gbps=10.0
[2026-05-22T08:23:27] METRIC throughput_gbps=0.6763
[2026-05-22T08:23:27] METRIC latency_ms=27.8043
[2026-05-22T08:23:27] METRIC cpu_util_pct=89.51
[2026-05-22T08:23:27] RUN_END status=OK
[2026-05-22T08:26:07] RUN_START run_id=MDO_PythonNDN_116
[2026-05-22T08:26:07] PARAM implementation=PythonNDN
[2026-05-22T08:26:07] PARAM workload_type=MDO
[2026-05-22T08:26:07] PARAM test_link=LI_10GbE_aggregation_backhaul
[2026-05-22T08:26:07] METRIC object_size_bytes=404820.1
[2026-05-22T08:26:07] METRIC link_bandwidth_gbps=10.0
[2026-05-22T08:26:07] METRIC throughput_gbps=0.6871
[2026-05-22T08:26:07] METRIC latency_ms=28.0262
[2026-05-22T08:26:07] METRIC cpu_util_pct=87.6
[2026-05-22T08:26:07] RUN_END status=OK
[2026-05-22T08:28:59] RUN_START run_id=MDO_PythonNDN_117
[2026-05-22T08:28:59] PARAM implementation=PythonNDN
[2026-05-22T08:28:59] PARAM workload_type=MDO
[2026-05-22T08:28:59] PARAM test_link=LI_10GbE_aggregation_backhaul
[2026-05-22T08:28:59] METRIC object_size_bytes=350348.8
[2026-05-22T08:28:59] METRIC link_bandwidth_gbps=10.0
[2026-05-22T08:28:59] METRIC throughput_gbps=0.6781
[2026-05-22T08:28:59] METRIC latency_ms=29.8999
[2026-05-22T08:28:59] METRIC cpu_util_pct=85.13
[2026-05-22T08:28:59] RUN_END status=OK
[2026-05-22T08:30:33] RUN_START run_id=MDO_PythonNDN_118
[2026-05-22T08:30:33] PARAM implementation=PythonNDN
[2026-05-22T08:30:33] PARAM workload_type=MDO
[2026-05-22T08:30:33] PARAM test_link=LI_10GbE_aggregation_backhaul
[2026-05-22T08:30:33] METRIC object_size_bytes=308706.3
[2026-05-22T08:30:33] METRIC link_bandwidth_gbps=10.0
[2026-05-22T08:30:33] METRIC throughput_gbps=0.6883
[2026-05-22T08:30:33] METRIC latency_ms=28.8552
[2026-05-22T08:30:33] METRIC cpu_util_pct=87.03
[2026-05-22T08:30:33] RUN_END status=OK
[2026-05-22T08:31:22] RUN_START run_id=MDO_PythonNDN_119
[2026-05-22T08:31:22] PARAM implementation=PythonNDN
[2026-05-22T08:31:22] PARAM workload_type=MDO
[2026-05-22T08:31:22] PARAM test_link=LI_10GbE_aggregation_backhaul
[2026-05-22T08:31:22] METRIC object_size_bytes=330173.9
[2026-05-22T08:31:22] METRIC link_bandwidth_gbps=10.0
[2026-05-22T08:31:22] METRIC throughput_gbps=0.6756
[2026-05-22T08:31:22] METRIC latency_ms=29.3726
[2026-05-22T08:31:22] METRIC cpu_util_pct=90.77
[2026-05-22T08:31:22] RUN_END status=OK
[2026-05-22T08:33:43] RUN_START run_id=MDO_PythonNDN_120
[2026-05-22T08:33:43] PARAM implementation=PythonNDN
[2026-05-22T08:33:43] PARAM workload_type=MDO
[2026-05-22T08:33:43] PARAM test_link=LI_10GbE_aggregation_backhaul
[2026-05-22T08:33:43] METRIC object_size_bytes=152383.8
[2026-05-22T08:33:43] METRIC link_bandwidth_gbps=10.0
[2026-05-22T08:33:43] METRIC throughput_gbps=0.6878
[2026-05-22T08:33:43] METRIC latency_ms=28.2984
[2026-05-22T08:33:43] METRIC cpu_util_pct=80.24
[2026-05-22T08:33:43] RUN_END status=OK
[2026-05-22T08:34:56] RUN_START run_id=MDO_PythonNDN_121
[2026-05-22T08:34:56] PARAM implementation=PythonNDN
[2026-05-22T08:34:56] PARAM workload_type=MDO
[2026-05-22T08:34:56] PARAM test_link=LI_10GbE_aggregation_backhaul
[2026-05-22T08:34:56] METRIC object_size_bytes=401263.2
[2026-05-22T08:34:56] METRIC link_bandwidth_gbps=10.0
[2026-05-22T08:34:56] METRIC throughput_gbps=0.6593
[2026-05-22T08:34:56] METRIC latency_ms=28.4082
[2026-05-22T08:34:56] METRIC cpu_util_pct=87.38
[2026-05-22T08:34:56] RUN_END status=OK
[2026-05-22T08:36:07] RUN_START run_id=MDO_PythonNDN_122
[2026-05-22T08:36:07] PARAM implementation=PythonNDN
[2026-05-22T08:36:07] PARAM workload_type=MDO
[2026-05-22T08:36:07] PARAM test_link=LI_10GbE_aggregation_backhaul
[2026-05-22T08:36:07] METRIC object_size_bytes=392988.9
[2026-05-22T08:36:07] METRIC link_bandwidth_gbps=10.0
[2026-05-22T08:36:07] METRIC throughput_gbps=0.7067
[2026-05-22T08:36:07] METRIC latency_ms=27.7564
[2026-05-22T08:36:07] METRIC cpu_util_pct=91.23
[2026-05-22T08:36:07] RUN_END status=OK
[2026-05-22T08:39:15] RUN_START run_id=MDO_PythonNDN_123
[2026-05-22T08:39:15] PARAM implementation=PythonNDN
[2026-05-22T08:39:15] PARAM workload_type=MDO
[2026-05-22T08:39:15] PARAM test_link=LI_10GbE_aggregation_backhaul
[2026-05-22T08:39:15] METRIC object_size_bytes=151114.0
[2026-05-22T08:39:15] METRIC link_bandwidth_gbps=10.0
[2026-05-22T08:39:15] METRIC throughput_gbps=0.68
[2026-05-22T08:39:15] METRIC latency_ms=28.9795
[2026-05-22T08:39:15] METRIC cpu_util_pct=83.53
[2026-05-22T08:39:15] RUN_END status=OK
[2026-05-22T08:40:33] RUN_START run_id=MDO_PythonNDN_124
[2026-05-22T08:40:33] PARAM implementation=PythonNDN
[2026-05-22T08:40:33] PARAM workload_type=MDO
[2026-05-22T08:40:33] PARAM test_link=LI_10GbE_aggregation_backhaul
[2026-05-22T08:40:33] METRIC object_size_bytes=242553.6
[2026-05-22T08:40:33] METRIC link_bandwidth_gbps=10.0
[2026-05-22T08:40:33] METRIC throughput_gbps=0.7104
[2026-05-22T08:40:33] METRIC latency_ms=24.82
[2026-05-22T08:40:33] METRIC cpu_util_pct=85.12
[2026-05-22T08:40:33] RUN_END status=OK
[2026-05-22T08:43:07] RUN_START run_id=MDO_PythonNDN_125
[2026-05-22T08:43:07] PARAM implementation=PythonNDN
[2026-05-22T08:43:07] PARAM workload_type=MDO
[2026-05-22T08:43:07] PARAM test_link=LI_10GbE_aggregation_backhaul
[2026-05-22T08:43:07] METRIC object_size_bytes=66999.5
[2026-05-22T08:43:07] METRIC link_bandwidth_gbps=10.0
[2026-05-22T08:43:07] METRIC throughput_gbps=0.6842
[2026-05-22T08:43:07] METRIC latency_ms=27.5732
[2026-05-22T08:43:07] METRIC cpu_util_pct=90.15
[2026-05-22T08:43:07] RUN_END status=OK
[2026-05-22T08:45:40] RUN_START run_id=MDO_PythonNDN_126
[2026-05-22T08:45:40] PARAM implementation=PythonNDN
[2026-05-22T08:45:40] PARAM workload_type=MDO
[2026-05-22T08:45:40] PARAM test_link=LI_10GbE_aggregation_backhaul
[2026-05-22T08:45:40] METRIC object_size_bytes=78611.9
[2026-05-22T08:45:40] METRIC link_bandwidth_gbps=10.0
[2026-05-22T08:45:40] METRIC throughput_gbps=0.6691
[2026-05-22T08:45:40] METRIC latency_ms=30.4189
[2026-05-22T08:45:40] METRIC cpu_util_pct=85.44
[2026-05-22T08:45:40] RUN_END status=OK
[2026-05-22T08:46:32] RUN_START run_id=MDO_PythonNDN_127
[2026-05-22T08:46:32] PARAM implementation=PythonNDN
[2026-05-22T08:46:32] PARAM workload_type=MDO
[2026-05-22T08:46:32] PARAM test_link=LI_10GbE_aggregation_backhaul
[2026-05-22T08:46:32] METRIC object_size_bytes=106507.7
[2026-05-22T08:46:32] METRIC link_bandwidth_gbps=10.0
[2026-05-22T08:46:32] METRIC throughput_gbps=0.6766
[2026-05-22T08:46:32] METRIC latency_ms=30.6691
[2026-05-22T08:46:32] METRIC cpu_util_pct=86.47
[2026-05-22T08:46:32] RUN_END status=OK
[2026-05-22T08:47:56] RUN_START run_id=MDO_PythonNDN_128
[2026-05-22T08:47:56] PARAM implementation=PythonNDN
[2026-05-22T08:47:56] PARAM workload_type=MDO
[2026-05-22T08:47:56] PARAM test_link=LI_10GbE_aggregation_backhaul
[2026-05-22T08:47:56] METRIC object_size_bytes=457936.2
[2026-05-22T08:47:56] METRIC link_bandwidth_gbps=10.0
[2026-05-22T08:47:56] METRIC throughput_gbps=0.6953
[2026-05-22T08:47:56] METRIC latency_ms=29.2036
[2026-05-22T08:47:56] METRIC cpu_util_pct=85.92
[2026-05-22T08:47:56] RUN_END status=OK
[2026-05-22T08:49:49] RUN_START run_id=MDO_PythonNDN_129
[2026-05-22T08:49:49] PARAM implementation=PythonNDN
[2026-05-22T08:49:49] PARAM workload_type=MDO
[2026-05-22T08:49:49] PARAM test_link=LI_10GbE_aggregation_backhaul
[2026-05-22T08:49:49] METRIC object_size_bytes=314355.7
[2026-05-22T08:49:49] METRIC link_bandwidth_gbps=10.0
[2026-05-22T08:49:49] METRIC throughput_gbps=0.6669
[2026-05-22T08:49:49] METRIC latency_ms=27.8388
[2026-05-22T08:49:49] METRIC cpu_util_pct=92.08
[2026-05-22T08:49:49] RUN_END status=OK
