[2026-04-05T18:01:47] RUN_START run_id=LDO_NFD_111
[2026-04-05T18:01:47] PARAM implementation=NFD
[2026-04-05T18:01:47] PARAM workload_type=LDO
[2026-04-05T18:01:47] PARAM test_link=LI_10GbE_aggregation_backhaul
[2026-04-05T18:01:47] METRIC object_size_bytes=3230389.5
[2026-04-05T18:01:47] METRIC link_bandwidth_gbps=10.0
[2026-04-05T18:01:47] METRIC throughput_gbps=3.0935
[2026-04-05T18:01:47] METRIC latency_ms=132.1051
[2026-04-05T18:01:47] METRIC cpu_util_pct=56.2
[2026-04-05T18:01:47] RUN_END status=OK
[2026-04-05T18:02:52] RUN_START run_id=LDO_NFD_112
[2026-04-05T18:02:52] PARAM implementation=NFD
[2026-04-05T18:02:52] PARAM workload_type=LDO
[2026-04-05T18:02:52] PARAM test_link=LI_10GbE_aggregation_backhaul
[2026-04-05T18:02:52] METRIC object_size_bytes=1701254.0
[2026-04-05T18:02:52] METRIC link_bandwidth_gbps=10.0
[2026-04-05T18:02:52] METRIC throughput_gbps=2.9275
[2026-04-05T18:02:52] METRIC latency_ms=109.5441
[2026-04-05T18:02:52] METRIC cpu_util_pct=56.08
[2026-04-05T18:02:52] RUN_END status=OK
[2026-04-05T18:03:49] RUN_START run_id=LDO_NFD_113
[2026-04-05T18:03:49] PARAM implementation=NFD
[2026-04-05T18:03:49] PARAM workload_type=LDO
[2026-04-05T18:03:49] PARAM test_link=LI_10GbE_aggregation_backhaul
[2026-04-05T18:03:49] METRIC object_size_bytes=3859211.0
[2026-04-05T18:03:49] METRIC link_bandwidth_gbps=10.0
[2026-04-05T18:03:49] METRIC throughput_gbps=3.1354
[2026-04-05T18:03:49] METRIC latency_ms=117.5597
[2026-04-05T18:03:49] METRIC cpu_util_pct=58.36
[2026-04-05T18:03:49] RUN_END status=OK
[2026-04-05T18:05:10] RUN_START run_id=LDO_NFD_114
[2026-04-05T18:05:10] PARAM implementation=NFD
[2026-04-05T18:05:10] PARAM workload_type=LDO
[2026-04-05T18:05:10] PARAM test_link=LI_10GbE_aggregation_backhaul
[2026-04-05T18:05:10] METRIC object_size_bytes=4024443.7
[2026-04-05T18:05:10] METRIC link_bandwidth_gbps=10.0
[2026-04-05T18:05:10] METRIC throughput_gbps=2.9658
[2026-04-05T18:05:10] METRIC latency_ms=112.7944
[2026-04-05T18:05:10] METRIC cpu_util_pct=61.02
[2026-04-05T18:05:10] RUN_END status=OK
[2026-04-05T18:06:09] RUN_START run_id=LDO_NFD_115
[2026-04-05T18:06:09] PARAM implementation=NFD
[2026-04-05T18:06:09] PARAM workload_type=LDO
[2026-04-05T18:06:09] PARAM test_link=LI_10GbE_aggregation_backhaul
[2026-04-05T18:06:09] METRIC object_size_bytes=2842135.9
[2026-04-05T18:06:09] METRIC link_bandwidth_gbps=10.0
[2026-04-05T18:06:09] METRIC throughput_gbps=3.0771
[2026-04-05T18:06:09] METRIC latency_ms=110.5739
[2026-04-05T18:06:09] METRIC cpu_util_pct=55.91
[2026-04-05T18:06:09] RUN_END status=OK
[2026-04-06T17:24:22] RUN_START run_id=LDO_NFD_116
[2026-04-06T17:24:22] PARAM implementation=NFD
[2026-04-06T17:24:22] PARAM workload_type=LDO
[2026-04-06T17:24:22] PARAM test_link=LI_10GbE_aggregation_backhaul
[2026-04-06T17:24:22] METRIC object_size_bytes=2459005.4
[2026-04-06T17:24:22] METRIC link_bandwidth_gbps=10.0
[2026-04-06T17:24:22] METRIC throughput_gbps=3.2855
[2026-04-06T17:24:22] METRIC latency_ms=116.0924
[2026-04-06T17:24:22] METRIC cpu_util_pct=57.83
[2026-04-06T17:24:22] RUN_END status=OK
[2026-04-06T17:26:29] RUN_START run_id=LDO_NFD_117
[2026-04-06T17:26:29] PARAM implementation=NFD
[2026-04-06T17:26:29] PARAM workload_type=LDO
[2026-04-06T17:26:29] PARAM test_link=LI_10GbE_aggregation_backhaul
[2026-04-06T17:26:29] METRIC object_size_bytes=2360926.9
[2026-04-06T17:26:29] METRIC link_bandwidth_gbps=10.0
[2026-04-06T17:26:29] METRIC throughput_gbps=3.0929
[2026-04-06T17:26:29] METRIC latency_ms=116.0425
[2026-04-06T17:26:29] METRIC cpu_util_pct=56.14
[2026-04-06T17:26:29] RUN_END status=OK
[2026-04-06T17:28:08] RUN_START run_id=LDO_NFD_118
[2026-04-06T17:28:08] PARAM implementation=NFD
[2026-04-06T17:28:08] PARAM workload_type=LDO
[2026-04-06T17:28:08] PARAM test_link=LI_10GbE_aggregation_backhaul
[2026-04-06T17:28:08] METRIC object_size_bytes=1218035.7
[2026-04-06T17:28:08] METRIC link_bandwidth_gbps=10.0
[2026-04-06T17:28:08] METRIC throughput_gbps=3.009
[2026-04-06T17:28:08] METRIC latency_ms=121.801
[2026-04-06T17:28:08] METRIC cpu_util_pct=54.02
[2026-04-06T17:28:08] RUN_END status=OK
[2026-04-06T17:30:13] RUN_START run_id=LDO_NFD_119
[2026-04-06T17:30:13] PARAM implementation=NFD
[2026-04-06T17:30:13] PARAM workload_type=LDO
[2026-04-06T17:30:13] PARAM test_link=LI_10GbE_aggregation_backhaul
[2026-04-06T17:30:13] METRIC object_size_bytes=4484660.0
[2026-04-06T17:30:13] METRIC link_bandwidth_gbps=10.0
[2026-04-06T17:30:13] METRIC throughput_gbps=3.1944
[2026-04-06T17:30:13] METRIC latency_ms=128.1652
[2026-04-06T17:30:13] METRIC cpu_util_pct=59.99
[2026-04-06T17:30:13] RUN_END status=OK
[2026-04-06T17:31:01] RUN_START run_id=LDO_NFD_120
[2026-04-06T17:31:01] PARAM implementation=NFD
[2026-04-06T17:31:01] PARAM workload_type=LDO
[2026-04-06T17:31:01] PARAM test_link=LI_10GbE_aggregation_backhaul
[2026-04-06T17:31:01] METRIC object_size_bytes=4325158.9
[2026-04-06T17:31:01] METRIC link_bandwidth_gbps=10.0
[2026-04-06T17:31:01] METRIC throughput_gbps=3.1815
[2026-04-06T17:31:01] METRIC latency_ms=119.6464
[2026-04-06T17:31:01] METRIC cpu_util_pct=59.52
[2026-04-06T17:31:01] RUN_END status=OK
[2026-04-06T17:34:38] RUN_START run_id=LDO_NFD_121
[2026-04-06T17:34:38] PARAM implementation=NFD
[2026-04-06T17:34:38] PARAM workload_type=LDO
[2026-04-06T17:34:38] PARAM test_link=LI_10GbE_aggregation_backhaul
[2026-04-06T17:34:38] METRIC object_size_bytes=3581817.5
[2026-04-06T17:34:38] METRIC link_bandwidth_gbps=10.0
[2026-04-06T17:34:38] METRIC throughput_gbps=3.1403
[2026-04-06T17:34:38] METRIC latency_ms=122.1904
[2026-04-06T17:34:38] METRIC cpu_util_pct=57.38
[2026-04-06T17:34:38] RUN_END status=OK
[2026-04-06T17:37:17] RUN_START run_id=LDO_NFD_122
[2026-04-06T17:37:17] PARAM implementation=NFD
[2026-04-06T17:37:17] PARAM workload_type=LDO
[2026-04-06T17:37:17] PARAM test_link=LI_10GbE_aggregation_backhaul
[2026-04-06T17:37:17] METRIC object_size_bytes=1131698.9
[2026-04-06T17:37:17] METRIC link_bandwidth_gbps=10.0
[2026-04-06T17:37:17] METRIC throughput_gbps=3.3881
[2026-04-06T17:37:17] METRIC latency_ms=118.1149
[2026-04-06T17:37:17] METRIC cpu_util_pct=61.68
[2026-04-06T17:37:17] RUN_END status=OK
[2026-04-06T17:39:36] RUN_START run_id=LDO_NFD_123
[2026-04-06T17:39:36] PARAM implementation=NFD
[2026-04-06T17:39:36] PARAM workload_type=LDO
[2026-04-06T17:39:36] PARAM test_link=LI_10GbE_aggregation_backhaul
[2026-04-06T17:39:36] METRIC object_size_bytes=1870077.7
[2026-04-06T17:39:36] METRIC link_bandwidth_gbps=10.0
[2026-04-06T17:39:36] METRIC throughput_gbps=3.0981
[2026-04-06T17:39:36] METRIC latency_ms=95.4498
[2026-04-06T17:39:36] METRIC cpu_util_pct=56.89
[2026-04-06T17:39:36] RUN_END status=OK
[2026-04-06T17:41:12] RUN_START run_id=LDO_NFD_124
[2026-04-06T17:41:12] PARAM implementation=NFD
[2026-04-06T17:41:12] PARAM workload_type=LDO
[2026-04-06T17:41:12] PARAM test_link=LI_10GbE_aggregation_backhaul
[2026-04-06T17:41:12] METRIC object_size_bytes=4039432.2
[2026-04-06T17:41:12] METRIC link_bandwidth_gbps=10.0
[2026-04-06T17:41:12] METRIC throughput_gbps=3.0674
[2026-04-06T17:41:12] METRIC latency_ms=123.5243
[2026-04-06T17:41:12] METRIC cpu_util_pct=57.38
[2026-04-06T17:41:12] RUN_END status=OK
[2026-04-06T17:42:30] RUN_START run_id=LDO_NFD_125
[2026-04-06T17:42:30] PARAM implementation=NFD
[2026-04-06T17:42:30] PARAM workload_type=LDO
[2026-04-06T17:42:30] PARAM test_link=LI_10GbE_aggregation_backhaul
[2026-04-06T17:42:30] METRIC object_size_bytes=3547208.8
[2026-04-06T17:42:30] METRIC link_bandwidth_gbps=10.0
[2026-04-06T17:42:30] METRIC throughput_gbps=3.094
[2026-04-06T17:42:30] METRIC latency_ms=124.3925
[2026-04-06T17:42:30] METRIC cpu_util_pct=55.22
[2026-04-06T17:42:30] RUN_END status=OK
[2026-04-06T17:45:00] RUN_START run_id=LDO_NFD_126
[2026-04-06T17:45:00] PARAM implementation=NFD
[2026-04-06T17:45:00] PARAM workload_type=LDO
[2026-04-06T17:45:00] PARAM test_link=LI_10GbE_aggregation_backhaul
[2026-04-06T17:45:00] METRIC object_size_bytes=2882479.8
[2026-04-06T17:45:00] METRIC link_bandwidth_gbps=10.0
[2026-04-06T17:45:00] METRIC throughput_gbps=3.0312
[2026-04-06T17:45:00] METRIC latency_ms=122.3115
[2026-04-06T17:45:00] METRIC cpu_util_pct=54.28
[2026-04-06T17:45:00] RUN_END status=OK
[2026-04-06T17:47:50] RUN_START run_id=LDO_NFD_127
[2026-04-06T17:47:50] PARAM implementation=NFD
[2026-04-06T17:47:50] PARAM workload_type=LDO
[2026-04-06T17:47:50] PARAM test_link=LI_10GbE_aggregation_backhaul
[2026-04-06T17:47:50] METRIC object_size_bytes=4329361.1
[2026-04-06T17:47:50] METRIC link_bandwidth_gbps=10.0
[2026-04-06T17:47:50] METRIC throughput_gbps=3.3112
[2026-04-06T17:47:50] METRIC latency_ms=129.4892
[2026-04-06T17:47:50] METRIC cpu_util_pct=64.93
[2026-04-06T17:47:50] RUN_END status=OK
