[2026-04-05T17:29:47] RUN_START run_id=LDO_NFD_099
[2026-04-05T17:29:47] PARAM implementation=NFD
[2026-04-05T17:29:47] PARAM workload_type=LDO
[2026-04-05T17:29:47] PARAM test_link=LI_10GbE_aggregation_backhaul
[2026-04-05T17:29:47] METRIC object_size_bytes=3089796.3
[2026-04-05T17:29:47] METRIC link_bandwidth_gbps=10.0
[2026-04-05T17:29:47] METRIC throughput_gbps=2.9649
[2026-04-05T17:29:47] METRIC latency_ms=115.0126
[2026-04-05T17:29:47] METRIC cpu_util_pct=61.32
[2026-04-05T17:29:47] RUN_END status=OK
[2026-04-05T17:36:34] RUN_START run_id=LDO_NFD_100
[2026-04-05T17:36:34] PARAM implementation=NFD
[2026-04-05T17:36:34] PARAM workload_type=LDO
[2026-04-05T17:36:34] PARAM test_link=LI_10GbE_aggregation_backhaul
[2026-04-05T17:36:34] METRIC object_size_bytes=3801426.4
[2026-04-05T17:36:34] METRIC link_bandwidth_gbps=10.0
[2026-04-05T17:36:34] METRIC throughput_gbps=3.056
[2026-04-05T17:36:34] METRIC latency_ms=120.1126
[2026-04-05T17:36:34] METRIC cpu_util_pct=53.2
[2026-04-05T17:36:34] RUN_END status=OK
[2026-04-05T17:37:09] RUN_START run_id=LDO_NFD_101
[2026-04-05T17:37:09] PARAM implementation=NFD
[2026-04-05T17:37:09] PARAM workload_type=LDO
[2026-04-05T17:37:09] PARAM test_link=LI_10GbE_aggregation_backhaul
[2026-04-05T17:37:09] METRIC object_size_bytes=2689326.4
[2026-04-05T17:37:09] METRIC link_bandwidth_gbps=10.0
[2026-04-05T17:37:09] METRIC throughput_gbps=2.9566
[2026-04-05T17:37:09] METRIC latency_ms=110.7551
[2026-04-05T17:37:09] METRIC cpu_util_pct=58.04
[2026-04-05T17:37:09] RUN_END status=OK
[2026-04-05T17:39:38] RUN_START run_id=LDO_NFD_102
[2026-04-05T17:39:38] PARAM implementation=NFD
[2026-04-05T17:39:38] PARAM workload_type=LDO
[2026-04-05T17:39:38] PARAM test_link=LI_10GbE_aggregation_backhaul
[2026-04-05T17:39:38] METRIC object_size_bytes=3728967.3
[2026-04-05T17:39:38] METRIC link_bandwidth_gbps=10.0
[2026-04-05T17:39:38] METRIC throughput_gbps=3.1005
[2026-04-05T17:39:38] METRIC latency_ms=125.4851
[2026-04-05T17:39:38] METRIC cpu_util_pct=55.05
[2026-04-05T17:39:38] RUN_END status=OK
[2026-04-05T17:43:36] RUN_START run_id=LDO_NFD_103
[2026-04-05T17:43:36] PARAM implementation=NFD
[2026-04-05T17:43:36] PARAM workload_type=LDO
[2026-04-05T17:43:36] PARAM test_link=LI_10GbE_aggregation_backhaul
[2026-04-05T17:43:36] METRIC object_size_bytes=3152517.1
[2026-04-05T17:43:36] METRIC link_bandwidth_gbps=10.0
[2026-04-05T17:43:36] METRIC throughput_gbps=3.3756
[2026-04-05T17:43:36] METRIC latency_ms=116.937
[2026-04-05T17:43:36] METRIC cpu_util_pct=59.56
[2026-04-05T17:43:36] RUN_END status=OK
[2026-04-05T17:44:35] RUN_START run_id=LDO_NFD_104
[2026-04-05T17:44:35] PARAM implementation=NFD
[2026-04-05T17:44:35] PARAM workload_type=LDO
[2026-04-05T17:44:35] PARAM test_link=LI_10GbE_aggregation_backhaul
[2026-04-05T17:44:35] METRIC object_size_bytes=3016573.2
[2026-04-05T17:44:35] METRIC link_bandwidth_gbps=10.0
[2026-04-05T17:44:35] METRIC throughput_gbps=3.1122
[2026-04-05T17:44:35] METRIC latency_ms=123.5542
[2026-04-05T17:44:35] METRIC cpu_util_pct=53.61
[2026-04-05T17:44:35] RUN_END status=OK
[2026-04-05T17:48:59] RUN_START run_id=LDO_NFD_105
[2026-04-05T17:48:59] PARAM implementation=NFD
[2026-04-05T17:48:59] PARAM workload_type=LDO
[2026-04-05T17:48:59] PARAM test_link=LI_10GbE_aggregation_backhaul
[2026-04-05T17:48:59] METRIC object_size_bytes=1423082.5
[2026-04-05T17:48:59] METRIC link_bandwidth_gbps=10.0
[2026-04-05T17:48:59] METRIC throughput_gbps=3.1396
[2026-04-05T17:48:59] METRIC latency_ms=123.4735
[2026-04-05T17:48:59] METRIC cpu_util_pct=57.64
[2026-04-05T17:48:59] RUN_END status=OK
[2026-04-05T17:51:47] RUN_START run_id=LDO_NFD_106
[2026-04-05T17:51:47] PARAM implementation=NFD
[2026-04-05T17:51:47] PARAM workload_type=LDO
[2026-04-05T17:51:47] PARAM test_link=LI_10GbE_aggregation_backhaul
[2026-04-05T17:51:47] METRIC object_size_bytes=3781199.3
[2026-04-05T17:51:47] METRIC link_bandwidth_gbps=10.0
[2026-04-05T17:51:47] METRIC throughput_gbps=3.2818
[2026-04-05T17:51:47] METRIC latency_ms=127.3094
[2026-04-05T17:51:47] METRIC cpu_util_pct=55.29
[2026-04-05T17:51:47] RUN_END status=OK
[2026-04-05T17:53:29] RUN_START run_id=LDO_NFD_107
[2026-04-05T17:53:29] PARAM implementation=NFD
[2026-04-05T17:53:29] PARAM workload_type=LDO
[2026-04-05T17:53:29] PARAM test_link=LI_10GbE_aggregation_backhaul
[2026-04-05T17:53:29] METRIC object_size_bytes=4599509.9
[2026-04-05T17:53:29] METRIC link_bandwidth_gbps=10.0
[2026-04-05T17:53:29] METRIC throughput_gbps=3.2021
[2026-04-05T17:53:29] METRIC latency_ms=120.5425
[2026-04-05T17:53:29] METRIC cpu_util_pct=58.39
[2026-04-05T17:53:29] RUN_END status=OK
[2026-04-05T17:55:21] RUN_START run_id=LDO_NFD_108
[2026-04-05T17:55:21] PARAM implementation=NFD
[2026-04-05T17:55:21] PARAM workload_type=LDO
[2026-04-05T17:55:21] PARAM test_link=LI_10GbE_aggregation_backhaul
[2026-04-05T17:55:21] METRIC object_size_bytes=4106735.7
[2026-04-05T17:55:21] METRIC link_bandwidth_gbps=10.0
[2026-04-05T17:55:21] METRIC throughput_gbps=3.1345
[2026-04-05T17:55:21] METRIC latency_ms=111.6164
[2026-04-05T17:55:21] METRIC cpu_util_pct=56.32
[2026-04-05T17:55:21] RUN_END status=OK
[2026-04-05T17:57:17] RUN_START run_id=LDO_NFD_109
[2026-04-05T17:57:17] PARAM implementation=NFD
[2026-04-05T17:57:17] PARAM workload_type=LDO
[2026-04-05T17:57:17] PARAM test_link=LI_10GbE_aggregation_backhaul
[2026-04-05T17:57:17] METRIC object_size_bytes=4309829.3
[2026-04-05T17:57:17] METRIC link_bandwidth_gbps=10.0
[2026-04-05T17:57:17] METRIC throughput_gbps=3.1337
[2026-04-05T17:57:17] METRIC latency_ms=122.8365
[2026-04-05T17:57:17] METRIC cpu_util_pct=57.91
[2026-04-05T17:57:17] RUN_END status=OK
[2026-04-05T18:00:11] RUN_START run_id=LDO_NFD_110
[2026-04-05T18:00:11] PARAM implementation=NFD
[2026-04-05T18:00:11] PARAM workload_type=LDO
[2026-04-05T18:00:11] PARAM test_link=LI_10GbE_aggregation_backhaul
[2026-04-05T18:00:11] METRIC object_size_bytes=4286482.1
[2026-04-05T18:00:11] METRIC link_bandwidth_gbps=10.0
[2026-04-05T18:00:11] METRIC throughput_gbps=3.055
[2026-04-05T18:00:11] METRIC latency_ms=113.4098
[2026-04-05T18:00:11] METRIC cpu_util_pct=54.94
[2026-04-05T18:00:11] RUN_END status=OK
