[2026-05-01T10:17:19] RUN_START run_id=SDO_uDCN_138
[2026-05-01T10:17:19] PARAM implementation=uDCN
[2026-05-01T10:17:19] PARAM workload_type=SDO
[2026-05-01T10:17:19] PARAM test_link=LI_10GbE_aggregation_backhaul
[2026-05-01T10:17:19] METRIC object_size_bytes=1161.8
[2026-05-01T10:17:19] METRIC link_bandwidth_gbps=10.0
[2026-05-01T10:17:19] METRIC throughput_gbps=4.7842
[2026-05-01T10:17:19] METRIC latency_ms=0.8307
[2026-05-01T10:17:19] METRIC cpu_util_pct=11.08
[2026-05-01T10:17:19] RUN_END status=OK
[2026-05-01T10:19:09] RUN_START run_id=SDO_uDCN_139
[2026-05-01T10:19:09] PARAM implementation=uDCN
[2026-05-01T10:19:09] PARAM workload_type=SDO
[2026-05-01T10:19:09] PARAM test_link=LI_10GbE_aggregation_backhaul
[2026-05-01T10:19:09] METRIC object_size_bytes=147.4
[2026-05-01T10:19:09] METRIC link_bandwidth_gbps=10.0
[2026-05-01T10:19:09] METRIC throughput_gbps=4.9617
[2026-05-01T10:19:09] METRIC latency_ms=0.8141
[2026-05-01T10:19:09] METRIC cpu_util_pct=12.87
[2026-05-01T10:19:09] RUN_END status=OK
[2026-05-01T10:20:49] RUN_START run_id=SDO_uDCN_140
[2026-05-01T10:20:49] PARAM implementation=uDCN
[2026-05-01T10:20:49] PARAM workload_type=SDO
[2026-05-01T10:20:49] PARAM test_link=LI_10GbE_aggregation_backhaul
[2026-05-01T10:20:49] METRIC object_size_bytes=1620.5
[2026-05-01T10:20:49] METRIC link_bandwidth_gbps=10.0
[2026-05-01T10:20:49] METRIC throughput_gbps=4.6632
[2026-05-01T10:20:49] METRIC latency_ms=0.8134
[2026-05-01T10:20:49] METRIC cpu_util_pct=11.62
[2026-05-01T10:20:49] RUN_END status=OK
[2026-05-01T10:21:08] RUN_START run_id=SDO_uDCN_141
[2026-05-01T10:21:08] PARAM implementation=uDCN
[2026-05-01T10:21:08] PARAM workload_type=SDO
[2026-05-01T10:21:08] PARAM test_link=LI_10GbE_aggregation_backhaul
[2026-05-01T10:21:08] METRIC object_size_bytes=481.9
[2026-05-01T10:21:08] METRIC link_bandwidth_gbps=10.0
[2026-05-01T10:21:08] METRIC throughput_gbps=4.8087
[2026-05-01T10:21:08] METRIC latency_ms=0.7839
[2026-05-01T10:21:08] METRIC cpu_util_pct=11.92
[2026-05-01T10:21:08] RUN_END status=OK
[2026-05-01T10:27:23] RUN_START run_id=SDO_uDCN_142
[2026-05-01T10:27:23] PARAM implementation=uDCN
[2026-05-01T10:27:23] PARAM workload_type=SDO
[2026-05-01T10:27:23] PARAM test_link=LI_10GbE_aggregation_backhaul
[2026-05-01T10:27:23] METRIC object_size_bytes=1018.9
[2026-05-01T10:27:23] METRIC link_bandwidth_gbps=10.0
[2026-05-01T10:27:23] METRIC throughput_gbps=4.5787
[2026-05-01T10:27:23] METRIC latency_ms=0.8389
[2026-05-01T10:27:23] METRIC cpu_util_pct=11.63
[2026-05-01T10:27:23] RUN_END status=OK
[2026-05-01T10:29:06] RUN_START run_id=SDO_uDCN_143
[2026-05-01T10:29:06] PARAM implementation=uDCN
[2026-05-01T10:29:06] PARAM workload_type=SDO
[2026-05-01T10:29:06] PARAM test_link=LI_10GbE_aggregation_backhaul
[2026-05-01T10:29:06] METRIC object_size_bytes=373.8
[2026-05-01T10:29:06] METRIC link_bandwidth_gbps=10.0
[2026-05-01T10:29:06] METRIC throughput_gbps=4.6563
[2026-05-01T10:29:06] METRIC latency_ms=0.7686
[2026-05-01T10:29:06] METRIC cpu_util_pct=12.19
[2026-05-01T10:29:06] RUN_END status=OK
[2026-05-01T10:31:12] RUN_START run_id=SDO_uDCN_144
[2026-05-01T10:31:12] PARAM implementation=uDCN
[2026-05-01T10:31:12] PARAM workload_type=SDO
[2026-05-01T10:31:12] PARAM test_link=LI_10GbE_aggregation_backhaul
[2026-05-01T10:31:12] METRIC object_size_bytes=1636.0
[2026-05-01T10:31:12] METRIC link_bandwidth_gbps=10.0
[2026-05-01T10:31:12] METRIC throughput_gbps=4.7256
[2026-05-01T10:31:12] METRIC latency_ms=0.8055
[2026-05-01T10:31:12] METRIC cpu_util_pct=12.28
[2026-05-01T10:31:12] RUN_END status=OK
[2026-05-01T10:33:07] RUN_START run_id=SDO_uDCN_145
[2026-05-01T10:33:07] PARAM implementation=uDCN
[2026-05-01T10:33:07] PARAM workload_type=SDO
[2026-05-01T10:33:07] PARAM test_link=LI_10GbE_aggregation_backhaul
[2026-05-01T10:33:07] METRIC object_size_bytes=961.5
[2026-05-01T10:33:07] METRIC link_bandwidth_gbps=10.0
[2026-05-01T10:33:07] METRIC throughput_gbps=4.9644
[2026-05-01T10:33:07] METRIC latency_ms=0.977
[2026-05-01T10:33:07] METRIC cpu_util_pct=12.3
[2026-05-01T10:33:07] RUN_END status=OK
[2026-05-01T10:34:12] RUN_START run_id=SDO_uDCN_146
[2026-05-01T10:34:12] PARAM implementation=uDCN
[2026-05-01T10:34:12] PARAM workload_type=SDO
[2026-05-01T10:34:12] PARAM test_link=LI_10GbE_aggregation_backhaul
[2026-05-01T10:34:12] METRIC object_size_bytes=842.8
[2026-05-01T10:34:12] METRIC link_bandwidth_gbps=10.0
[2026-05-01T10:34:12] METRIC throughput_gbps=4.5975
[2026-05-01T10:34:12] METRIC latency_ms=0.828
[2026-05-01T10:34:12] METRIC cpu_util_pct=13.85
[2026-05-01T10:34:12] RUN_END status=OK
[2026-05-01T10:36:28] RUN_START run_id=SDO_uDCN_147
[2026-05-01T10:36:28] PARAM implementation=uDCN
[2026-05-01T10:36:28] PARAM workload_type=SDO
[2026-05-01T10:36:28] PARAM test_link=LI_10GbE_aggregation_backhaul
[2026-05-01T10:36:28] METRIC object_size_bytes=225.1
[2026-05-01T10:36:28] METRIC link_bandwidth_gbps=10.0
[2026-05-01T10:36:28] METRIC throughput_gbps=4.889
[2026-05-01T10:36:28] METRIC latency_ms=0.7809
[2026-05-01T10:36:28] METRIC cpu_util_pct=10.51
[2026-05-01T10:36:28] RUN_END status=OK
