[2026-06-04T17:48:26] RUN_START run_id=MDO_CCNlite_021
[2026-06-04T17:48:26] PARAM implementation=CCNlite
[2026-06-04T17:48:26] PARAM workload_type=MDO
[2026-06-04T17:48:26] PARAM test_link=LI_10GbE_aggregation_backhaul
[2026-06-04T17:48:26] METRIC object_size_bytes=70213.6
[2026-06-04T17:48:26] METRIC link_bandwidth_gbps=10.0
[2026-06-04T17:48:26] METRIC throughput_gbps=2.3083
[2026-06-04T17:48:26] METRIC latency_ms=15.9069
[2026-06-04T17:48:26] METRIC cpu_util_pct=60.44
[2026-06-04T17:48:26] RUN_END status=OK
[2026-06-04T17:50:14] RUN_START run_id=MDO_CCNlite_022
[2026-06-04T17:50:14] PARAM implementation=CCNlite
[2026-06-04T17:50:14] PARAM workload_type=MDO
[2026-06-04T17:50:14] PARAM test_link=LI_10GbE_aggregation_backhaul
[2026-06-04T17:50:14] METRIC object_size_bytes=189083.0
[2026-06-04T17:50:14] METRIC link_bandwidth_gbps=10.0
[2026-06-04T17:50:14] METRIC throughput_gbps=2.2971
[2026-06-04T17:50:14] METRIC latency_ms=17.8573
[2026-06-04T17:50:14] METRIC cpu_util_pct=55.17
[2026-06-04T17:50:14] RUN_END status=OK
[2026-06-04T17:53:51] RUN_START run_id=MDO_CCNlite_023
[2026-06-04T17:53:51] PARAM implementation=CCNlite
[2026-06-04T17:53:51] PARAM workload_type=MDO
[2026-06-04T17:53:51] PARAM test_link=LI_10GbE_aggregation_backhaul
[2026-06-04T17:53:51] METRIC object_size_bytes=401313.1
[2026-06-04T17:53:51] METRIC link_bandwidth_gbps=10.0
[2026-06-04T17:53:51] METRIC throughput_gbps=2.4268
[2026-06-04T17:53:51] METRIC latency_ms=16.6433
[2026-06-04T17:53:51] METRIC cpu_util_pct=53.79
[2026-06-04T17:53:51] RUN_END status=OK
[2026-06-04T17:56:38] RUN_START run_id=MDO_CCNlite_024
[2026-06-04T17:56:38] PARAM implementation=CCNlite
[2026-06-04T17:56:38] PARAM workload_type=MDO
[2026-06-04T17:56:38] PARAM test_link=LI_10GbE_aggregation_backhaul
[2026-06-04T17:56:38] METRIC object_size_bytes=476779.8
[2026-06-04T17:56:38] METRIC link_bandwidth_gbps=10.0
[2026-06-04T17:56:38] METRIC throughput_gbps=2.3081
[2026-06-04T17:56:38] METRIC latency_ms=17.1828
[2026-06-04T17:56:38] METRIC cpu_util_pct=53.79
[2026-06-04T17:56:38] RUN_END status=OK
[2026-06-04T17:57:42] RUN_START run_id=MDO_CCNlite_025
[2026-06-04T17:57:42] PARAM implementation=CCNlite
[2026-06-04T17:57:42] PARAM workload_type=MDO
[2026-06-04T17:57:42] PARAM test_link=LI_10GbE_aggregation_backhaul
[2026-06-04T17:57:42] METRIC object_size_bytes=195416.5
[2026-06-04T17:57:42] METRIC link_bandwidth_gbps=10.0
[2026-06-04T17:57:42] METRIC throughput_gbps=2.2839
[2026-06-04T17:57:42] METRIC latency_ms=17.4233
[2026-06-04T17:57:42] METRIC cpu_util_pct=61.48
[2026-06-04T17:57:42] RUN_END status=OK
[2026-06-04T18:00:04] RUN_START run_id=MDO_CCNlite_026
[2026-06-04T18:00:04] PARAM implementation=CCNlite
[2026-06-04T18:00:04] PARAM workload_type=MDO
[2026-06-04T18:00:04] PARAM test_link=LI_10GbE_aggregation_backhaul
[2026-06-04T18:00:04] METRIC object_size_bytes=456640.0
[2026-06-04T18:00:04] METRIC link_bandwidth_gbps=10.0
[2026-06-04T18:00:04] METRIC throughput_gbps=2.3509
[2026-06-04T18:00:04] METRIC latency_ms=16.1584
[2026-06-04T18:00:04] METRIC cpu_util_pct=62.16
[2026-06-04T18:00:04] RUN_END status=OK
[2026-06-04T18:06:11] RUN_START run_id=MDO_CCNlite_027
[2026-06-04T18:06:11] PARAM implementation=CCNlite
[2026-06-04T18:06:11] PARAM workload_type=MDO
[2026-06-04T18:06:11] PARAM test_link=LI_10GbE_aggregation_backhaul
[2026-06-04T18:06:11] METRIC object_size_bytes=166063.8
[2026-06-04T18:06:11] METRIC link_bandwidth_gbps=10.0
[2026-06-04T18:06:11] METRIC throughput_gbps=2.3436
[2026-06-04T18:06:11] METRIC latency_ms=17.161
[2026-06-04T18:06:11] METRIC cpu_util_pct=57.17
[2026-06-04T18:06:11] RUN_END status=OK
[2026-06-04T18:11:12] RUN_START run_id=MDO_CCNlite_028
[2026-06-04T18:11:12] PARAM implementation=CCNlite
[2026-06-04T18:11:12] PARAM workload_type=MDO
[2026-06-04T18:11:12] PARAM test_link=LI_10GbE_aggregation_backhaul
[2026-06-04T18:11:12] METRIC object_size_bytes=302125.1
[2026-06-04T18:11:12] METRIC link_bandwidth_gbps=10.0
[2026-06-04T18:11:12] METRIC throughput_gbps=2.3532
[2026-06-04T18:11:12] METRIC latency_ms=17.6725
[2026-06-04T18:11:12] METRIC cpu_util_pct=56.02
[2026-06-04T18:11:12] RUN_END status=OK
[2026-06-04T18:12:41] RUN_START run_id=MDO_CCNlite_029
[2026-06-04T18:12:41] PARAM implementation=CCNlite
[2026-06-04T18:12:41] PARAM workload_type=MDO
[2026-06-04T18:12:41] PARAM test_link=LI_10GbE_aggregation_backhaul
[2026-06-04T18:12:41] METRIC object_size_bytes=167732.7
[2026-06-04T18:12:41] METRIC link_bandwidth_gbps=10.0
[2026-06-04T18:12:41] METRIC throughput_gbps=2.3772
[2026-06-04T18:12:41] METRIC latency_ms=18.084
[2026-06-04T18:12:41] METRIC cpu_util_pct=61.19
[2026-06-04T18:12:41] RUN_END status=OK
[2026-06-04T18:15:59] RUN_START run_id=MDO_CCNlite_030
[2026-06-04T18:15:59] PARAM implementation=CCNlite
[2026-06-04T18:15:59] PARAM workload_type=MDO
[2026-06-04T18:15:59] PARAM test_link=LI_10GbE_aggregation_backhaul
[2026-06-04T18:15:59] METRIC object_size_bytes=397056.1
[2026-06-04T18:15:59] METRIC link_bandwidth_gbps=10.0
[2026-06-04T18:15:59] METRIC throughput_gbps=2.3736
[2026-06-04T18:15:59] METRIC latency_ms=17.6426
[2026-06-04T18:15:59] METRIC cpu_util_pct=57.87
[2026-06-04T18:15:59] RUN_END status=OK
[2026-06-04T18:16:57] RUN_START run_id=MDO_CCNlite_031
[2026-06-04T18:16:57] PARAM implementation=CCNlite
[2026-06-04T18:16:57] PARAM workload_type=MDO
[2026-06-04T18:16:57] PARAM test_link=LI_10GbE_aggregation_backhaul
[2026-06-04T18:16:57] METRIC object_size_bytes=319464.3
[2026-06-04T18:16:57] METRIC link_bandwidth_gbps=10.0
[2026-06-04T18:16:57] METRIC throughput_gbps=2.3525
[2026-06-04T18:16:57] METRIC latency_ms=18.6173
[2026-06-04T18:16:57] METRIC cpu_util_pct=62.8
[2026-06-04T18:16:57] RUN_END status=OK
[2026-06-04T18:19:58] RUN_START run_id=MDO_CCNlite_032
[2026-06-04T18:19:58] PARAM implementation=CCNlite
[2026-06-04T18:19:58] PARAM workload_type=MDO
[2026-06-04T18:19:58] PARAM test_link=LI_10GbE_aggregation_backhaul
[2026-06-04T18:19:58] METRIC object_size_bytes=137507.3
[2026-06-04T18:19:58] METRIC link_bandwidth_gbps=10.0
[2026-06-04T18:19:58] METRIC throughput_gbps=2.5819
[2026-06-04T18:19:58] METRIC latency_ms=18.8028
[2026-06-04T18:19:58] METRIC cpu_util_pct=57.54
[2026-06-04T18:19:58] RUN_END status=OK
[2026-06-04T18:20:51] RUN_START run_id=MDO_CCNlite_033
[2026-06-04T18:20:51] PARAM implementation=CCNlite
[2026-06-04T18:20:51] PARAM workload_type=MDO
[2026-06-04T18:20:51] PARAM test_link=LI_10GbE_aggregation_backhaul
[2026-06-04T18:20:51] METRIC object_size_bytes=489163.6
[2026-06-04T18:20:51] METRIC link_bandwidth_gbps=10.0
[2026-06-04T18:20:51] METRIC throughput_gbps=2.2874
[2026-06-04T18:20:51] METRIC latency_ms=15.153
[2026-06-04T18:20:51] METRIC cpu_util_pct=61.41
[2026-06-04T18:20:51] RUN_END status=OK
