[2026-04-27T10:11:27] RUN_START run_id=SDO_uDCN_060
[2026-04-27T10:11:27] PARAM implementation=uDCN
[2026-04-27T10:11:27] PARAM workload_type=SDO
[2026-04-27T10:11:27] PARAM test_link=LI_10GbE_aggregation_backhaul
[2026-04-27T10:11:27] METRIC object_size_bytes=1441.2
[2026-04-27T10:11:27] METRIC link_bandwidth_gbps=10.0
[2026-04-27T10:11:27] METRIC throughput_gbps=4.7169
[2026-04-27T10:11:27] METRIC latency_ms=0.7383
[2026-04-27T10:11:27] METRIC cpu_util_pct=11.47
[2026-04-27T10:11:27] RUN_END status=OK
[2026-04-27T10:14:46] RUN_START run_id=SDO_uDCN_061
[2026-04-27T10:14:46] PARAM implementation=uDCN
[2026-04-27T10:14:46] PARAM workload_type=SDO
[2026-04-27T10:14:46] PARAM test_link=LI_10GbE_aggregation_backhaul
[2026-04-27T10:14:46] METRIC object_size_bytes=1561.1
[2026-04-27T10:14:46] METRIC link_bandwidth_gbps=10.0
[2026-04-27T10:14:46] METRIC throughput_gbps=4.8326
[2026-04-27T10:14:46] METRIC latency_ms=0.7904
[2026-04-27T10:14:46] METRIC cpu_util_pct=11.64
[2026-04-27T10:14:46] RUN_END status=OK
[2026-04-27T10:15:42] RUN_START run_id=SDO_uDCN_062
[2026-04-27T10:15:42] PARAM implementation=uDCN
[2026-04-27T10:15:42] PARAM workload_type=SDO
[2026-04-27T10:15:42] PARAM test_link=LI_10GbE_aggregation_backhaul
[2026-04-27T10:15:42] METRIC object_size_bytes=1881.0
[2026-04-27T10:15:42] METRIC link_bandwidth_gbps=10.0
[2026-04-27T10:15:42] METRIC throughput_gbps=4.6077
[2026-04-27T10:15:42] METRIC latency_ms=0.8145
[2026-04-27T10:15:42] METRIC cpu_util_pct=11.61
[2026-04-27T10:15:42] RUN_END status=OK
[2026-04-27T10:21:03] RUN_START run_id=SDO_uDCN_063
[2026-04-27T10:21:03] PARAM implementation=uDCN
[2026-04-27T10:21:03] PARAM workload_type=SDO
[2026-04-27T10:21:03] PARAM test_link=LI_10GbE_aggregation_backhaul
[2026-04-27T10:21:03] METRIC object_size_bytes=1477.0
[2026-04-27T10:21:03] METRIC link_bandwidth_gbps=10.0
[2026-04-27T10:21:03] METRIC throughput_gbps=4.7687
[2026-04-27T10:21:03] METRIC latency_ms=0.7199
[2026-04-27T10:21:03] METRIC cpu_util_pct=11.71
[2026-04-27T10:21:03] RUN_END status=OK
[2026-04-27T10:21:56] RUN_START run_id=SDO_uDCN_064
[2026-04-27T10:21:56] PARAM implementation=uDCN
[2026-04-27T10:21:56] PARAM workload_type=SDO
[2026-04-27T10:21:56] PARAM test_link=LI_10GbE_aggregation_backhaul
[2026-04-27T10:21:56] METRIC object_size_bytes=1379.0
[2026-04-27T10:21:56] METRIC link_bandwidth_gbps=10.0
[2026-04-27T10:21:56] METRIC throughput_gbps=4.7427
[2026-04-27T10:21:56] METRIC latency_ms=0.8004
[2026-04-27T10:21:56] METRIC cpu_util_pct=13.57
[2026-04-27T10:21:56] RUN_END status=OK
[2026-04-27T10:23:34] RUN_START run_id=SDO_uDCN_065
[2026-04-27T10:23:34] PARAM implementation=uDCN
[2026-04-27T10:23:34] PARAM workload_type=SDO
[2026-04-27T10:23:34] PARAM test_link=LI_10GbE_aggregation_backhaul
[2026-04-27T10:23:34] METRIC object_size_bytes=994.4
[2026-04-27T10:23:34] METRIC link_bandwidth_gbps=10.0
[2026-04-27T10:23:34] METRIC throughput_gbps=4.9382
[2026-04-27T10:23:34] METRIC latency_ms=0.8171
[2026-04-27T10:23:34] METRIC cpu_util_pct=11.78
[2026-04-27T10:23:34] RUN_END status=OK
[2026-04-27T10:27:01] RUN_START run_id=SDO_uDCN_066
[2026-04-27T10:27:01] PARAM implementation=uDCN
[2026-04-27T10:27:01] PARAM workload_type=SDO
[2026-04-27T10:27:01] PARAM test_link=LI_10GbE_aggregation_backhaul
[2026-04-27T10:27:01] METRIC object_size_bytes=1924.0
[2026-04-27T10:27:01] METRIC link_bandwidth_gbps=10.0
[2026-04-27T10:27:01] METRIC throughput_gbps=4.295
[2026-04-27T10:27:01] METRIC latency_ms=0.7772
[2026-04-27T10:27:01] METRIC cpu_util_pct=12.41
[2026-04-27T10:27:01] RUN_END status=OK
[2026-04-27T16:55:55] RUN_START run_id=LDO_PythonNDN_099
[2026-04-27T16:55:55] PARAM implementation=PythonNDN
[2026-04-27T16:55:55] PARAM workload_type=LDO
[2026-04-27T16:55:55] PARAM test_link=LI_10GbE_aggregation_backhaul
[2026-04-27T16:55:55] METRIC object_size_bytes=3303656.0
[2026-04-27T16:55:55] METRIC link_bandwidth_gbps=10.0
[2026-04-27T16:55:55] METRIC throughput_gbps=0.8044
[2026-04-27T16:55:55] METRIC latency_ms=155.3865
[2026-04-27T16:55:55] METRIC cpu_util_pct=92.2
[2026-04-27T16:55:55] RUN_END status=OK
[2026-04-27T16:59:55] RUN_START run_id=LDO_PythonNDN_100
[2026-04-27T16:59:55] PARAM implementation=PythonNDN
[2026-04-27T16:59:55] PARAM workload_type=LDO
[2026-04-27T16:59:55] PARAM test_link=LI_10GbE_aggregation_backhaul
[2026-04-27T16:59:55] METRIC object_size_bytes=2656423.2
[2026-04-27T16:59:55] METRIC link_bandwidth_gbps=10.0
[2026-04-27T16:59:55] METRIC throughput_gbps=0.8222
[2026-04-27T16:59:55] METRIC latency_ms=142.2128
[2026-04-27T16:59:55] METRIC cpu_util_pct=90.51
[2026-04-27T16:59:55] RUN_END status=OK
[2026-04-27T17:03:45] RUN_START run_id=LDO_PythonNDN_101
[2026-04-27T17:03:45] PARAM implementation=PythonNDN
[2026-04-27T17:03:45] PARAM workload_type=LDO
[2026-04-27T17:03:45] PARAM test_link=LI_10GbE_aggregation_backhaul
[2026-04-27T17:03:45] METRIC object_size_bytes=4700637.2
[2026-04-27T17:03:45] METRIC link_bandwidth_gbps=10.0
[2026-04-27T17:03:45] METRIC throughput_gbps=0.8287
[2026-04-27T17:03:45] METRIC latency_ms=155.7739
[2026-04-27T17:03:45] METRIC cpu_util_pct=89.75
[2026-04-27T17:03:45] RUN_END status=OK
[2026-04-27T17:06:40] RUN_START run_id=LDO_PythonNDN_102
[2026-04-27T17:06:40] PARAM implementation=PythonNDN
[2026-04-27T17:06:40] PARAM workload_type=LDO
[2026-04-27T17:06:40] PARAM test_link=LI_10GbE_aggregation_backhaul
[2026-04-27T17:06:40] METRIC object_size_bytes=1171461.2
[2026-04-27T17:06:40] METRIC link_bandwidth_gbps=10.0
[2026-04-27T17:06:40] METRIC throughput_gbps=0.7515
[2026-04-27T17:06:40] METRIC latency_ms=142.4675
[2026-04-27T17:06:40] METRIC cpu_util_pct=88.03
[2026-04-27T17:06:40] RUN_END status=OK
[2026-04-27T17:08:44] RUN_START run_id=LDO_PythonNDN_103
[2026-04-27T17:08:44] PARAM implementation=PythonNDN
[2026-04-27T17:08:44] PARAM workload_type=LDO
[2026-04-27T17:08:44] PARAM test_link=LI_10GbE_aggregation_backhaul
[2026-04-27T17:08:44] METRIC object_size_bytes=3352585.2
[2026-04-27T17:08:44] METRIC link_bandwidth_gbps=10.0
[2026-04-27T17:08:44] METRIC throughput_gbps=0.8143
[2026-04-27T17:08:44] METRIC latency_ms=143.0155
[2026-04-27T17:08:44] METRIC cpu_util_pct=89.12
[2026-04-27T17:08:44] RUN_END status=OK
[2026-04-27T17:11:05] RUN_START run_id=LDO_PythonNDN_104
[2026-04-27T17:11:05] PARAM implementation=PythonNDN
[2026-04-27T17:11:05] PARAM workload_type=LDO
[2026-04-27T17:11:05] PARAM test_link=LI_10GbE_aggregation_backhaul
[2026-04-27T17:11:05] METRIC object_size_bytes=1455597.1
[2026-04-27T17:11:05] METRIC link_bandwidth_gbps=10.0
[2026-04-27T17:11:05] METRIC throughput_gbps=0.7798
[2026-04-27T17:11:05] METRIC latency_ms=165.8583
[2026-04-27T17:11:05] METRIC cpu_util_pct=92.72
[2026-04-27T17:11:05] RUN_END status=OK
