[2026-06-21T08:19:49] RUN_START run_id=SDO_NFD_091
[2026-06-21T08:19:49] PARAM implementation=NFD
[2026-06-21T08:19:49] PARAM workload_type=SDO
[2026-06-21T08:19:49] PARAM test_link=LI_10GbE_aggregation_backhaul
[2026-06-21T08:19:49] METRIC object_size_bytes=1708.6
[2026-06-21T08:19:49] METRIC link_bandwidth_gbps=10.0
[2026-06-21T08:19:49] METRIC throughput_gbps=1.1933
[2026-06-21T08:19:49] METRIC latency_ms=1.545
[2026-06-21T08:19:49] METRIC cpu_util_pct=48.99
[2026-06-21T08:19:49] RUN_END status=OK
[2026-06-21T08:20:37] RUN_START run_id=SDO_NFD_092
[2026-06-21T08:20:37] PARAM implementation=NFD
[2026-06-21T08:20:37] PARAM workload_type=SDO
[2026-06-21T08:20:37] PARAM test_link=LI_10GbE_aggregation_backhaul
[2026-06-21T08:20:37] METRIC object_size_bytes=1885.5
[2026-06-21T08:20:37] METRIC link_bandwidth_gbps=10.0
[2026-06-21T08:20:37] METRIC throughput_gbps=1.1805
[2026-06-21T08:20:37] METRIC latency_ms=1.3788
[2026-06-21T08:20:37] METRIC cpu_util_pct=46.83
[2026-06-21T08:20:37] RUN_END status=OK
[2026-06-21T08:23:19] RUN_START run_id=SDO_NFD_093
[2026-06-21T08:23:19] PARAM implementation=NFD
[2026-06-21T08:23:19] PARAM workload_type=SDO
[2026-06-21T08:23:19] PARAM test_link=LI_10GbE_aggregation_backhaul
[2026-06-21T08:23:19] METRIC object_size_bytes=1827.4
[2026-06-21T08:23:19] METRIC link_bandwidth_gbps=10.0
[2026-06-21T08:23:19] METRIC throughput_gbps=1.2062
[2026-06-21T08:23:19] METRIC latency_ms=1.4928
[2026-06-21T08:23:19] METRIC cpu_util_pct=47.23
[2026-06-21T08:23:19] RUN_END status=OK
[2026-06-21T08:25:58] RUN_START run_id=SDO_NFD_094
[2026-06-21T08:25:58] PARAM implementation=NFD
[2026-06-21T08:25:58] PARAM workload_type=SDO
[2026-06-21T08:25:58] PARAM test_link=LI_10GbE_aggregation_backhaul
[2026-06-21T08:25:58] METRIC object_size_bytes=274.8
[2026-06-21T08:25:58] METRIC link_bandwidth_gbps=10.0
[2026-06-21T08:25:58] METRIC throughput_gbps=1.1889
[2026-06-21T08:25:58] METRIC latency_ms=1.4837
[2026-06-21T08:25:58] METRIC cpu_util_pct=48.11
[2026-06-21T08:25:58] RUN_END status=OK
[2026-06-21T08:28:20] RUN_START run_id=SDO_NFD_095
[2026-06-21T08:28:20] PARAM implementation=NFD
[2026-06-21T08:28:20] PARAM workload_type=SDO
[2026-06-21T08:28:20] PARAM test_link=LI_10GbE_aggregation_backhaul
[2026-06-21T08:28:20] METRIC object_size_bytes=171.4
[2026-06-21T08:28:20] METRIC link_bandwidth_gbps=10.0
[2026-06-21T08:28:20] METRIC throughput_gbps=1.2039
[2026-06-21T08:28:20] METRIC latency_ms=1.4759
[2026-06-21T08:28:20] METRIC cpu_util_pct=44.94
[2026-06-21T08:28:20] RUN_END status=OK
[2026-06-21T08:29:47] RUN_START run_id=SDO_NFD_096
[2026-06-21T08:29:47] PARAM implementation=NFD
[2026-06-21T08:29:47] PARAM workload_type=SDO
[2026-06-21T08:29:47] PARAM test_link=LI_10GbE_aggregation_backhaul
[2026-06-21T08:29:47] METRIC object_size_bytes=466.0
[2026-06-21T08:29:47] METRIC link_bandwidth_gbps=10.0
[2026-06-21T08:29:47] METRIC throughput_gbps=1.204
[2026-06-21T08:29:47] METRIC latency_ms=1.5428
[2026-06-21T08:29:47] METRIC cpu_util_pct=47.21
[2026-06-21T08:29:47] RUN_END status=OK
[2026-06-21T08:31:58] RUN_START run_id=SDO_NFD_097
[2026-06-21T08:31:58] PARAM implementation=NFD
[2026-06-21T08:31:58] PARAM workload_type=SDO
[2026-06-21T08:31:58] PARAM test_link=LI_10GbE_aggregation_backhaul
[2026-06-21T08:31:58] METRIC object_size_bytes=714.9
[2026-06-21T08:31:58] METRIC link_bandwidth_gbps=10.0
[2026-06-21T08:31:58] METRIC throughput_gbps=1.2595
[2026-06-21T08:31:58] METRIC latency_ms=1.267
[2026-06-21T08:31:58] METRIC cpu_util_pct=47.98
[2026-06-21T08:31:58] RUN_END status=OK
[2026-06-21T08:35:00] RUN_START run_id=SDO_NFD_098
[2026-06-21T08:35:00] PARAM implementation=NFD
[2026-06-21T08:35:00] PARAM workload_type=SDO
[2026-06-21T08:35:00] PARAM test_link=LI_10GbE_aggregation_backhaul
[2026-06-21T08:35:00] METRIC object_size_bytes=1585.6
[2026-06-21T08:35:00] METRIC link_bandwidth_gbps=10.0
[2026-06-21T08:35:00] METRIC throughput_gbps=1.1824
[2026-06-21T08:35:00] METRIC latency_ms=1.4488
[2026-06-21T08:35:00] METRIC cpu_util_pct=49.21
[2026-06-21T08:35:00] RUN_END status=OK
[2026-06-21T08:36:20] RUN_START run_id=SDO_NFD_099
[2026-06-21T08:36:20] PARAM implementation=NFD
[2026-06-21T08:36:20] PARAM workload_type=SDO
[2026-06-21T08:36:20] PARAM test_link=LI_10GbE_aggregation_backhaul
[2026-06-21T08:36:20] METRIC object_size_bytes=587.1
[2026-06-21T08:36:20] METRIC link_bandwidth_gbps=10.0
[2026-06-21T08:36:20] METRIC throughput_gbps=1.1986
[2026-06-21T08:36:20] METRIC latency_ms=1.3813
[2026-06-21T08:36:20] METRIC cpu_util_pct=47.95
[2026-06-21T08:36:20] RUN_END status=OK
[2026-06-21T08:40:23] RUN_START run_id=SDO_NFD_100
[2026-06-21T08:40:23] PARAM implementation=NFD
[2026-06-21T08:40:23] PARAM workload_type=SDO
[2026-06-21T08:40:23] PARAM test_link=LI_10GbE_aggregation_backhaul
[2026-06-21T08:40:23] METRIC object_size_bytes=932.0
[2026-06-21T08:40:23] METRIC link_bandwidth_gbps=10.0
[2026-06-21T08:40:23] METRIC throughput_gbps=1.2084
[2026-06-21T08:40:23] METRIC latency_ms=1.381
[2026-06-21T08:40:23] METRIC cpu_util_pct=45.87
[2026-06-21T08:40:23] RUN_END status=OK
[2026-06-21T08:41:57] RUN_START run_id=SDO_NFD_101
[2026-06-21T08:41:57] PARAM implementation=NFD
[2026-06-21T08:41:57] PARAM workload_type=SDO
[2026-06-21T08:41:57] PARAM test_link=LI_10GbE_aggregation_backhaul
[2026-06-21T08:41:57] METRIC object_size_bytes=373.2
[2026-06-21T08:41:57] METRIC link_bandwidth_gbps=10.0
[2026-06-21T08:41:57] METRIC throughput_gbps=1.1646
[2026-06-21T08:41:57] METRIC latency_ms=1.5291
[2026-06-21T08:41:57] METRIC cpu_util_pct=44.36
[2026-06-21T08:41:57] RUN_END status=OK
[2026-06-21T08:45:52] RUN_START run_id=SDO_NFD_102
[2026-06-21T08:45:52] PARAM implementation=NFD
[2026-06-21T08:45:52] PARAM workload_type=SDO
[2026-06-21T08:45:52] PARAM test_link=LI_10GbE_aggregation_backhaul
[2026-06-21T08:45:52] METRIC object_size_bytes=1155.9
[2026-06-21T08:45:52] METRIC link_bandwidth_gbps=10.0
[2026-06-21T08:45:52] METRIC throughput_gbps=1.2243
[2026-06-21T08:45:52] METRIC latency_ms=1.364
[2026-06-21T08:45:52] METRIC cpu_util_pct=45.28
[2026-06-21T08:45:52] RUN_END status=OK
[2026-06-21T08:47:18] RUN_START run_id=SDO_NFD_103
[2026-06-21T08:47:18] PARAM implementation=NFD
[2026-06-21T08:47:18] PARAM workload_type=SDO
[2026-06-21T08:47:18] PARAM test_link=LI_10GbE_aggregation_backhaul
[2026-06-21T08:47:18] METRIC object_size_bytes=1495.6
[2026-06-21T08:47:18] METRIC link_bandwidth_gbps=10.0
[2026-06-21T08:47:18] METRIC throughput_gbps=1.1987
[2026-06-21T08:47:18] METRIC latency_ms=1.3552
[2026-06-21T08:47:18] METRIC cpu_util_pct=43.94
[2026-06-21T08:47:18] RUN_END status=OK
[2026-06-21T08:49:27] RUN_START run_id=SDO_NFD_104
[2026-06-21T08:49:27] PARAM implementation=NFD
[2026-06-21T08:49:27] PARAM workload_type=SDO
[2026-06-21T08:49:27] PARAM test_link=LI_10GbE_aggregation_backhaul
[2026-06-21T08:49:27] METRIC object_size_bytes=775.0
[2026-06-21T08:49:27] METRIC link_bandwidth_gbps=10.0
[2026-06-21T08:49:27] METRIC throughput_gbps=1.1796
[2026-06-21T08:49:27] METRIC latency_ms=1.5202
[2026-06-21T08:49:27] METRIC cpu_util_pct=44.44
[2026-06-21T08:49:27] RUN_END status=OK
[2026-06-21T08:51:32] RUN_START run_id=SDO_NFD_105
[2026-06-21T08:51:32] PARAM implementation=NFD
[2026-06-21T08:51:32] PARAM workload_type=SDO
[2026-06-21T08:51:32] PARAM test_link=LI_10GbE_aggregation_backhaul
[2026-06-21T08:51:32] METRIC object_size_bytes=1448.1
[2026-06-21T08:51:32] METRIC link_bandwidth_gbps=10.0
[2026-06-21T08:51:32] METRIC throughput_gbps=1.1713
[2026-06-21T08:51:32] METRIC latency_ms=1.2523
[2026-06-21T08:51:32] METRIC cpu_util_pct=45.29
[2026-06-21T08:51:32] RUN_END status=OK
