[2026-04-27T21:12:32] RUN_START run_id=LDO_PythonNDN_131
[2026-04-27T21:12:32] PARAM implementation=PythonNDN
[2026-04-27T21:12:32] PARAM workload_type=LDO
[2026-04-27T21:12:32] PARAM test_link=LI_10GbE_aggregation_backhaul
[2026-04-27T21:12:32] METRIC object_size_bytes=3801512.0
[2026-04-27T21:12:32] METRIC link_bandwidth_gbps=10.0
[2026-04-27T21:12:32] METRIC throughput_gbps=0.7489
[2026-04-27T21:12:32] METRIC latency_ms=142.1528
[2026-04-27T21:12:32] METRIC cpu_util_pct=85.48
[2026-04-27T21:12:32] RUN_END status=OK
[2026-04-27T21:17:39] RUN_START run_id=LDO_PythonNDN_132
[2026-04-27T21:17:39] PARAM implementation=PythonNDN
[2026-04-27T21:17:39] PARAM workload_type=LDO
[2026-04-27T21:17:39] PARAM test_link=LI_10GbE_aggregation_backhaul
[2026-04-27T21:17:39] METRIC object_size_bytes=4577514.4
[2026-04-27T21:17:39] METRIC link_bandwidth_gbps=10.0
[2026-04-27T21:17:39] METRIC throughput_gbps=0.7666
[2026-04-27T21:17:39] METRIC latency_ms=157.3926
[2026-04-27T21:17:39] METRIC cpu_util_pct=86.81
[2026-04-27T21:17:39] RUN_END status=OK
[2026-04-27T21:21:49] RUN_START run_id=LDO_PythonNDN_133
[2026-04-27T21:21:49] PARAM implementation=PythonNDN
[2026-04-27T21:21:49] PARAM workload_type=LDO
[2026-04-27T21:21:49] PARAM test_link=LI_10GbE_aggregation_backhaul
[2026-04-27T21:21:49] METRIC object_size_bytes=2402495.4
[2026-04-27T21:21:49] METRIC link_bandwidth_gbps=10.0
[2026-04-27T21:21:49] METRIC throughput_gbps=0.7669
[2026-04-27T21:21:49] METRIC latency_ms=152.9688
[2026-04-27T21:21:49] METRIC cpu_util_pct=92.45
[2026-04-27T21:21:49] RUN_END status=OK
[2026-04-27T21:24:13] RUN_START run_id=LDO_PythonNDN_134
[2026-04-27T21:24:13] PARAM implementation=PythonNDN
[2026-04-27T21:24:13] PARAM workload_type=LDO
[2026-04-27T21:24:13] PARAM test_link=LI_10GbE_aggregation_backhaul
[2026-04-27T21:24:13] METRIC object_size_bytes=1019364.0
[2026-04-27T21:24:13] METRIC link_bandwidth_gbps=10.0
[2026-04-27T21:24:13] METRIC throughput_gbps=0.8003
[2026-04-27T21:24:13] METRIC latency_ms=163.4772
[2026-04-27T21:24:13] METRIC cpu_util_pct=90.67
[2026-04-27T21:24:13] RUN_END status=OK
[2026-04-27T21:25:33] RUN_START run_id=LDO_PythonNDN_135
[2026-04-27T21:25:33] PARAM implementation=PythonNDN
[2026-04-27T21:25:33] PARAM workload_type=LDO
[2026-04-27T21:25:33] PARAM test_link=LI_10GbE_aggregation_backhaul
[2026-04-27T21:25:33] METRIC object_size_bytes=1779319.8
[2026-04-27T21:25:33] METRIC link_bandwidth_gbps=10.0
[2026-04-27T21:25:33] METRIC throughput_gbps=0.7706
[2026-04-27T21:25:33] METRIC latency_ms=156.1624
[2026-04-27T21:25:33] METRIC cpu_util_pct=96.49
[2026-04-27T21:25:33] RUN_END status=OK
[2026-04-27T21:27:45] RUN_START run_id=LDO_PythonNDN_136
[2026-04-27T21:27:45] PARAM implementation=PythonNDN
[2026-04-27T21:27:45] PARAM workload_type=LDO
[2026-04-27T21:27:45] PARAM test_link=LI_10GbE_aggregation_backhaul
[2026-04-27T21:27:45] METRIC object_size_bytes=2780800.6
[2026-04-27T21:27:45] METRIC link_bandwidth_gbps=10.0
[2026-04-27T21:27:45] METRIC throughput_gbps=0.752
[2026-04-27T21:27:45] METRIC latency_ms=153.4614
[2026-04-27T21:27:45] METRIC cpu_util_pct=86.78
[2026-04-27T21:27:45] RUN_END status=OK
[2026-04-27T21:28:25] RUN_START run_id=LDO_PythonNDN_137
[2026-04-27T21:28:25] PARAM implementation=PythonNDN
[2026-04-27T21:28:25] PARAM workload_type=LDO
[2026-04-27T21:28:25] PARAM test_link=LI_10GbE_aggregation_backhaul
[2026-04-27T21:28:25] METRIC object_size_bytes=4451638.4
[2026-04-27T21:28:25] METRIC link_bandwidth_gbps=10.0
[2026-04-27T21:28:25] METRIC throughput_gbps=0.7594
[2026-04-27T21:28:25] METRIC latency_ms=161.8288
[2026-04-27T21:28:25] METRIC cpu_util_pct=90.22
[2026-04-27T21:28:25] RUN_END status=OK
[2026-04-27T21:31:01] RUN_START run_id=LDO_PythonNDN_138
[2026-04-27T21:31:01] PARAM implementation=PythonNDN
[2026-04-27T21:31:01] PARAM workload_type=LDO
[2026-04-27T21:31:01] PARAM test_link=LI_10GbE_aggregation_backhaul
[2026-04-27T21:31:01] METRIC object_size_bytes=3628535.7
[2026-04-27T21:31:01] METRIC link_bandwidth_gbps=10.0
[2026-04-27T21:31:01] METRIC throughput_gbps=0.7697
[2026-04-27T21:31:01] METRIC latency_ms=155.2179
[2026-04-27T21:31:01] METRIC cpu_util_pct=90.66
[2026-04-27T21:31:01] RUN_END status=OK
[2026-04-27T21:32:53] RUN_START run_id=LDO_PythonNDN_139
[2026-04-27T21:32:53] PARAM implementation=PythonNDN
[2026-04-27T21:32:53] PARAM workload_type=LDO
[2026-04-27T21:32:53] PARAM test_link=LI_10GbE_aggregation_backhaul
[2026-04-27T21:32:53] METRIC object_size_bytes=1188981.5
[2026-04-27T21:32:53] METRIC link_bandwidth_gbps=10.0
[2026-04-27T21:32:53] METRIC throughput_gbps=0.8302
[2026-04-27T21:32:53] METRIC latency_ms=147.4447
[2026-04-27T21:32:53] METRIC cpu_util_pct=85.79
[2026-04-27T21:32:53] RUN_END status=OK
[2026-04-27T21:35:02] RUN_START run_id=LDO_PythonNDN_140
[2026-04-27T21:35:02] PARAM implementation=PythonNDN
[2026-04-27T21:35:02] PARAM workload_type=LDO
[2026-04-27T21:35:02] PARAM test_link=LI_10GbE_aggregation_backhaul
[2026-04-27T21:35:02] METRIC object_size_bytes=4763051.7
[2026-04-27T21:35:02] METRIC link_bandwidth_gbps=10.0
[2026-04-27T21:35:02] METRIC throughput_gbps=0.7591
[2026-04-27T21:35:02] METRIC latency_ms=154.9879
[2026-04-27T21:35:02] METRIC cpu_util_pct=96.54
[2026-04-27T21:35:02] RUN_END status=OK
[2026-04-27T21:39:29] RUN_START run_id=LDO_PythonNDN_141
[2026-04-27T21:39:29] PARAM implementation=PythonNDN
[2026-04-27T21:39:29] PARAM workload_type=LDO
[2026-04-27T21:39:29] PARAM test_link=LI_10GbE_aggregation_backhaul
[2026-04-27T21:39:29] METRIC object_size_bytes=1517941.2
[2026-04-27T21:39:29] METRIC link_bandwidth_gbps=10.0
[2026-04-27T21:39:29] METRIC throughput_gbps=0.8103
[2026-04-27T21:39:29] METRIC latency_ms=149.8663
[2026-04-27T21:39:29] METRIC cpu_util_pct=91.41
[2026-04-27T21:39:29] RUN_END status=OK
[2026-04-27T21:40:42] RUN_START run_id=LDO_PythonNDN_142
[2026-04-27T21:40:42] PARAM implementation=PythonNDN
[2026-04-27T21:40:42] PARAM workload_type=LDO
[2026-04-27T21:40:42] PARAM test_link=LI_10GbE_aggregation_backhaul
[2026-04-27T21:40:42] METRIC object_size_bytes=3702518.6
[2026-04-27T21:40:42] METRIC link_bandwidth_gbps=10.0
[2026-04-27T21:40:42] METRIC throughput_gbps=0.8073
[2026-04-27T21:40:42] METRIC latency_ms=174.3213
[2026-04-27T21:40:42] METRIC cpu_util_pct=90.12
[2026-04-27T21:40:42] RUN_END status=OK
[2026-04-27T21:41:17] RUN_START run_id=LDO_PythonNDN_143
[2026-04-27T21:41:17] PARAM implementation=PythonNDN
[2026-04-27T21:41:17] PARAM workload_type=LDO
[2026-04-27T21:41:17] PARAM test_link=LI_10GbE_aggregation_backhaul
[2026-04-27T21:41:17] METRIC object_size_bytes=2280174.0
[2026-04-27T21:41:17] METRIC link_bandwidth_gbps=10.0
[2026-04-27T21:41:17] METRIC throughput_gbps=0.7642
[2026-04-27T21:41:17] METRIC latency_ms=134.623
[2026-04-27T21:41:17] METRIC cpu_util_pct=88.81
[2026-04-27T21:41:17] RUN_END status=OK
[2026-04-27T21:44:16] RUN_START run_id=LDO_PythonNDN_144
[2026-04-27T21:44:16] PARAM implementation=PythonNDN
[2026-04-27T21:44:16] PARAM workload_type=LDO
[2026-04-27T21:44:16] PARAM test_link=LI_10GbE_aggregation_backhaul
[2026-04-27T21:44:16] METRIC object_size_bytes=1066198.0
[2026-04-27T21:44:16] METRIC link_bandwidth_gbps=10.0
[2026-04-27T21:44:16] METRIC throughput_gbps=0.8055
[2026-04-27T21:44:16] METRIC latency_ms=154.168
[2026-04-27T21:44:16] METRIC cpu_util_pct=77.82
[2026-04-27T21:44:16] RUN_END status=OK
