[2026-04-17T14:49:39] RUN_START run_id=MDO_NFD_072
[2026-04-17T14:49:39] PARAM implementation=NFD
[2026-04-17T14:49:39] PARAM workload_type=MDO
[2026-04-17T14:49:39] PARAM test_link=LI_10GbE_aggregation_backhaul
[2026-04-17T14:49:39] METRIC object_size_bytes=81515.9
[2026-04-17T14:49:39] METRIC link_bandwidth_gbps=10.0
[2026-04-17T14:49:39] METRIC throughput_gbps=2.8668
[2026-04-17T14:49:39] METRIC latency_ms=17.6852
[2026-04-17T14:49:39] METRIC cpu_util_pct=55.12
[2026-04-17T14:49:39] RUN_END status=OK
[2026-04-17T14:51:56] RUN_START run_id=MDO_NFD_073
[2026-04-17T14:51:56] PARAM implementation=NFD
[2026-04-17T14:51:56] PARAM workload_type=MDO
[2026-04-17T14:51:56] PARAM test_link=LI_10GbE_aggregation_backhaul
[2026-04-17T14:51:56] METRIC object_size_bytes=181699.9
[2026-04-17T14:51:56] METRIC link_bandwidth_gbps=10.0
[2026-04-17T14:51:56] METRIC throughput_gbps=2.8864
[2026-04-17T14:51:56] METRIC latency_ms=18.3402
[2026-04-17T14:51:56] METRIC cpu_util_pct=54.2
[2026-04-17T14:51:56] RUN_END status=OK
[2026-04-17T14:56:08] RUN_START run_id=MDO_NFD_074
[2026-04-17T14:56:08] PARAM implementation=NFD
[2026-04-17T14:56:08] PARAM workload_type=MDO
[2026-04-17T14:56:08] PARAM test_link=LI_10GbE_aggregation_backhaul
[2026-04-17T14:56:08] METRIC object_size_bytes=477474.9
[2026-04-17T14:56:08] METRIC link_bandwidth_gbps=10.0
[2026-04-17T14:56:08] METRIC throughput_gbps=2.933
[2026-04-17T14:56:08] METRIC latency_ms=16.9619
[2026-04-17T14:56:08] METRIC cpu_util_pct=56.05
[2026-04-17T14:56:08] RUN_END status=OK
[2026-04-17T14:57:56] RUN_START run_id=MDO_NFD_075
[2026-04-17T14:57:56] PARAM implementation=NFD
[2026-04-17T14:57:56] PARAM workload_type=MDO
[2026-04-17T14:57:56] PARAM test_link=LI_10GbE_aggregation_backhaul
[2026-04-17T14:57:56] METRIC object_size_bytes=194316.8
[2026-04-17T14:57:56] METRIC link_bandwidth_gbps=10.0
[2026-04-17T14:57:56] METRIC throughput_gbps=2.8769
[2026-04-17T14:57:56] METRIC latency_ms=15.93
[2026-04-17T14:57:56] METRIC cpu_util_pct=52.86
[2026-04-17T14:57:56] RUN_END status=OK
[2026-04-17T15:00:29] RUN_START run_id=MDO_NFD_076
[2026-04-17T15:00:29] PARAM implementation=NFD
[2026-04-17T15:00:29] PARAM workload_type=MDO
[2026-04-17T15:00:29] PARAM test_link=LI_10GbE_aggregation_backhaul
[2026-04-17T15:00:29] METRIC object_size_bytes=413239.0
[2026-04-17T15:00:29] METRIC link_bandwidth_gbps=10.0
[2026-04-17T15:00:29] METRIC throughput_gbps=2.7714
[2026-04-17T15:00:29] METRIC latency_ms=18.9966
[2026-04-17T15:00:29] METRIC cpu_util_pct=58.23
[2026-04-17T15:00:29] RUN_END status=OK
[2026-04-17T15:02:27] RUN_START run_id=MDO_NFD_077
[2026-04-17T15:02:27] PARAM implementation=NFD
[2026-04-17T15:02:27] PARAM workload_type=MDO
[2026-04-17T15:02:27] PARAM test_link=LI_10GbE_aggregation_backhaul
[2026-04-17T15:02:27] METRIC object_size_bytes=208186.9
[2026-04-17T15:02:27] METRIC link_bandwidth_gbps=10.0
[2026-04-17T15:02:27] METRIC throughput_gbps=2.8968
[2026-04-17T15:02:27] METRIC latency_ms=17.8679
[2026-04-17T15:02:27] METRIC cpu_util_pct=51.52
[2026-04-17T15:02:27] RUN_END status=OK
[2026-04-17T15:07:40] RUN_START run_id=MDO_NFD_078
[2026-04-17T15:07:40] PARAM implementation=NFD
[2026-04-17T15:07:40] PARAM workload_type=MDO
[2026-04-17T15:07:40] PARAM test_link=LI_10GbE_aggregation_backhaul
[2026-04-17T15:07:40] METRIC object_size_bytes=325966.5
[2026-04-17T15:07:40] METRIC link_bandwidth_gbps=10.0
[2026-04-17T15:07:40] METRIC throughput_gbps=2.9648
[2026-04-17T15:07:40] METRIC latency_ms=17.8211
[2026-04-17T15:07:40] METRIC cpu_util_pct=54.29
[2026-04-17T15:07:40] RUN_END status=OK
[2026-04-17T15:08:16] RUN_START run_id=MDO_NFD_079
[2026-04-17T15:08:16] PARAM implementation=NFD
[2026-04-17T15:08:16] PARAM workload_type=MDO
[2026-04-17T15:08:16] PARAM test_link=LI_10GbE_aggregation_backhaul
[2026-04-17T15:08:16] METRIC object_size_bytes=385429.7
[2026-04-17T15:08:16] METRIC link_bandwidth_gbps=10.0
[2026-04-17T15:08:16] METRIC throughput_gbps=3.06
[2026-04-17T15:08:16] METRIC latency_ms=18.2965
[2026-04-17T15:08:16] METRIC cpu_util_pct=52.4
[2026-04-17T15:08:16] RUN_END status=OK
[2026-04-17T15:08:56] RUN_START run_id=MDO_NFD_080
[2026-04-17T15:08:56] PARAM implementation=NFD
[2026-04-17T15:08:56] PARAM workload_type=MDO
[2026-04-17T15:08:56] PARAM test_link=LI_10GbE_aggregation_backhaul
[2026-04-17T15:08:56] METRIC object_size_bytes=469897.6
[2026-04-17T15:08:56] METRIC link_bandwidth_gbps=10.0
[2026-04-17T15:08:56] METRIC throughput_gbps=2.9518
[2026-04-17T15:08:56] METRIC latency_ms=15.7007
[2026-04-17T15:08:56] METRIC cpu_util_pct=57.03
[2026-04-17T15:08:56] RUN_END status=OK
[2026-04-17T15:11:45] RUN_START run_id=MDO_NFD_081
[2026-04-17T15:11:45] PARAM implementation=NFD
[2026-04-17T15:11:45] PARAM workload_type=MDO
[2026-04-17T15:11:45] PARAM test_link=LI_10GbE_aggregation_backhaul
[2026-04-17T15:11:45] METRIC object_size_bytes=245534.3
[2026-04-17T15:11:45] METRIC link_bandwidth_gbps=10.0
[2026-04-17T15:11:45] METRIC throughput_gbps=2.9942
[2026-04-17T15:11:45] METRIC latency_ms=19.6859
[2026-04-17T15:11:45] METRIC cpu_util_pct=54.06
[2026-04-17T15:11:45] RUN_END status=OK
[2026-04-17T15:12:32] RUN_START run_id=01_throughput_latency_cpu_by_workload_DISCARDED_0015
[2026-04-17T15:12:32] RUN_ABORTED reason=netem_verification_out_of_tolerance: measured loss deviated >0.2pp from configured value during pre-run iperf3 probe; testbed reconfigured (Node 3 scheduler anomaly)
[2026-04-17T15:14:16] RUN_START run_id=MDO_NFD_082
[2026-04-17T15:14:16] PARAM implementation=NFD
[2026-04-17T15:14:16] PARAM workload_type=MDO
[2026-04-17T15:14:16] PARAM test_link=LI_10GbE_aggregation_backhaul
[2026-04-17T15:14:16] METRIC object_size_bytes=271625.3
[2026-04-17T15:14:16] METRIC link_bandwidth_gbps=10.0
[2026-04-17T15:14:16] METRIC throughput_gbps=2.7958
[2026-04-17T15:14:16] METRIC latency_ms=17.7395
[2026-04-17T15:14:16] METRIC cpu_util_pct=55.34
[2026-04-17T15:14:16] RUN_END status=OK
[2026-04-17T15:17:35] RUN_START run_id=MDO_NFD_083
[2026-04-17T15:17:35] PARAM implementation=NFD
[2026-04-17T15:17:35] PARAM workload_type=MDO
[2026-04-17T15:17:35] PARAM test_link=LI_10GbE_aggregation_backhaul
[2026-04-17T15:17:35] METRIC object_size_bytes=145310.0
[2026-04-17T15:17:35] METRIC link_bandwidth_gbps=10.0
[2026-04-17T15:17:35] METRIC throughput_gbps=2.9394
[2026-04-17T15:17:35] METRIC latency_ms=16.3637
[2026-04-17T15:17:35] METRIC cpu_util_pct=51.49
[2026-04-17T15:17:35] RUN_END status=OK
