[2026-05-21T23:25:07] RUN_START run_id=MDO_PythonNDN_095
[2026-05-21T23:25:07] PARAM implementation=PythonNDN
[2026-05-21T23:25:07] PARAM workload_type=MDO
[2026-05-21T23:25:07] PARAM test_link=LI_10GbE_aggregation_backhaul
[2026-05-21T23:25:07] METRIC object_size_bytes=166394.3
[2026-05-21T23:25:07] METRIC link_bandwidth_gbps=10.0
[2026-05-21T23:25:07] METRIC throughput_gbps=0.7233
[2026-05-21T23:25:07] METRIC latency_ms=26.1295
[2026-05-21T23:25:07] METRIC cpu_util_pct=97.32
[2026-05-21T23:25:07] RUN_END status=OK
[2026-05-21T23:26:55] RUN_START run_id=MDO_PythonNDN_096
[2026-05-21T23:26:55] PARAM implementation=PythonNDN
[2026-05-21T23:26:55] PARAM workload_type=MDO
[2026-05-21T23:26:55] PARAM test_link=LI_10GbE_aggregation_backhaul
[2026-05-21T23:26:55] METRIC object_size_bytes=141244.0
[2026-05-21T23:26:55] METRIC link_bandwidth_gbps=10.0
[2026-05-21T23:26:55] METRIC throughput_gbps=0.6917
[2026-05-21T23:26:55] METRIC latency_ms=25.6283
[2026-05-21T23:26:55] METRIC cpu_util_pct=89.41
[2026-05-21T23:26:55] RUN_END status=OK
[2026-05-21T23:30:08] RUN_START run_id=MDO_PythonNDN_097
[2026-05-21T23:30:08] PARAM implementation=PythonNDN
[2026-05-21T23:30:08] PARAM workload_type=MDO
[2026-05-21T23:30:08] PARAM test_link=LI_10GbE_aggregation_backhaul
[2026-05-21T23:30:08] METRIC object_size_bytes=331148.6
[2026-05-21T23:30:08] METRIC link_bandwidth_gbps=10.0
[2026-05-21T23:30:08] METRIC throughput_gbps=0.7014
[2026-05-21T23:30:08] METRIC latency_ms=28.6395
[2026-05-21T23:30:08] METRIC cpu_util_pct=87.92
[2026-05-21T23:30:08] RUN_END status=OK
[2026-05-21T23:31:13] RUN_START run_id=MDO_PythonNDN_098
[2026-05-21T23:31:13] PARAM implementation=PythonNDN
[2026-05-21T23:31:13] PARAM workload_type=MDO
[2026-05-21T23:31:13] PARAM test_link=LI_10GbE_aggregation_backhaul
[2026-05-21T23:31:13] METRIC object_size_bytes=339103.0
[2026-05-21T23:31:13] METRIC link_bandwidth_gbps=10.0
[2026-05-21T23:31:13] METRIC throughput_gbps=0.6931
[2026-05-21T23:31:13] METRIC latency_ms=29.347
[2026-05-21T23:31:13] METRIC cpu_util_pct=97.93
[2026-05-21T23:31:13] RUN_END status=OK
[2026-05-21T23:32:16] RUN_START run_id=MDO_PythonNDN_099
[2026-05-21T23:32:16] PARAM implementation=PythonNDN
[2026-05-21T23:32:16] PARAM workload_type=MDO
[2026-05-21T23:32:16] PARAM test_link=LI_10GbE_aggregation_backhaul
[2026-05-21T23:32:16] METRIC object_size_bytes=470736.2
[2026-05-21T23:32:16] METRIC link_bandwidth_gbps=10.0
[2026-05-21T23:32:16] METRIC throughput_gbps=0.7198
[2026-05-21T23:32:16] METRIC latency_ms=26.2934
[2026-05-21T23:32:16] METRIC cpu_util_pct=89.45
[2026-05-21T23:32:16] RUN_END status=OK
[2026-05-21T23:32:54] RUN_START run_id=MDO_PythonNDN_100
[2026-05-21T23:32:54] PARAM implementation=PythonNDN
[2026-05-21T23:32:54] PARAM workload_type=MDO
[2026-05-21T23:32:54] PARAM test_link=LI_10GbE_aggregation_backhaul
[2026-05-21T23:32:54] METRIC object_size_bytes=453247.6
[2026-05-21T23:32:54] METRIC link_bandwidth_gbps=10.0
[2026-05-21T23:32:54] METRIC throughput_gbps=0.6952
[2026-05-21T23:32:54] METRIC latency_ms=29.2968
[2026-05-21T23:32:54] METRIC cpu_util_pct=90.3
[2026-05-21T23:32:54] RUN_END status=OK
[2026-05-21T23:34:14] RUN_START run_id=MDO_PythonNDN_101
[2026-05-21T23:34:14] PARAM implementation=PythonNDN
[2026-05-21T23:34:14] PARAM workload_type=MDO
[2026-05-21T23:34:14] PARAM test_link=LI_10GbE_aggregation_backhaul
[2026-05-21T23:34:14] METRIC object_size_bytes=203256.6
[2026-05-21T23:34:14] METRIC link_bandwidth_gbps=10.0
[2026-05-21T23:34:14] METRIC throughput_gbps=0.7364
[2026-05-21T23:34:14] METRIC latency_ms=27.912
[2026-05-21T23:34:14] METRIC cpu_util_pct=85.45
[2026-05-21T23:34:14] RUN_END status=OK
[2026-05-21T23:35:54] RUN_START run_id=MDO_PythonNDN_102
[2026-05-21T23:35:54] PARAM implementation=PythonNDN
[2026-05-21T23:35:54] PARAM workload_type=MDO
[2026-05-21T23:35:54] PARAM test_link=LI_10GbE_aggregation_backhaul
[2026-05-21T23:35:54] METRIC object_size_bytes=322987.2
[2026-05-21T23:35:54] METRIC link_bandwidth_gbps=10.0
[2026-05-21T23:35:54] METRIC throughput_gbps=0.6976
[2026-05-21T23:35:54] METRIC latency_ms=27.5208
[2026-05-21T23:35:54] METRIC cpu_util_pct=90.9
[2026-05-21T23:35:54] RUN_END status=OK
[2026-05-21T23:36:53] RUN_START run_id=MDO_PythonNDN_103
[2026-05-21T23:36:53] PARAM implementation=PythonNDN
[2026-05-21T23:36:53] PARAM workload_type=MDO
[2026-05-21T23:36:53] PARAM test_link=LI_10GbE_aggregation_backhaul
[2026-05-21T23:36:53] METRIC object_size_bytes=457462.7
[2026-05-21T23:36:53] METRIC link_bandwidth_gbps=10.0
[2026-05-21T23:36:53] METRIC throughput_gbps=0.6733
[2026-05-21T23:36:53] METRIC latency_ms=29.8174
[2026-05-21T23:36:53] METRIC cpu_util_pct=85.85
[2026-05-21T23:36:53] RUN_END status=OK
[2026-05-21T23:41:04] RUN_START run_id=MDO_PythonNDN_104
[2026-05-21T23:41:04] PARAM implementation=PythonNDN
[2026-05-21T23:41:04] PARAM workload_type=MDO
[2026-05-21T23:41:04] PARAM test_link=LI_10GbE_aggregation_backhaul
[2026-05-21T23:41:04] METRIC object_size_bytes=138345.8
[2026-05-21T23:41:04] METRIC link_bandwidth_gbps=10.0
[2026-05-21T23:41:04] METRIC throughput_gbps=0.7467
[2026-05-21T23:41:04] METRIC latency_ms=29.8808
[2026-05-21T23:41:04] METRIC cpu_util_pct=94.56
[2026-05-21T23:41:04] RUN_END status=OK
[2026-05-21T23:41:54] RUN_START run_id=MDO_PythonNDN_105
[2026-05-21T23:41:54] PARAM implementation=PythonNDN
[2026-05-21T23:41:54] PARAM workload_type=MDO
[2026-05-21T23:41:54] PARAM test_link=LI_10GbE_aggregation_backhaul
[2026-05-21T23:41:54] METRIC object_size_bytes=246883.4
[2026-05-21T23:41:54] METRIC link_bandwidth_gbps=10.0
[2026-05-21T23:41:54] METRIC throughput_gbps=0.7259
[2026-05-21T23:41:54] METRIC latency_ms=24.1577
[2026-05-21T23:41:54] METRIC cpu_util_pct=89.24
[2026-05-21T23:41:54] RUN_END status=OK
[2026-05-21T23:44:33] RUN_START run_id=MDO_PythonNDN_106
[2026-05-21T23:44:33] PARAM implementation=PythonNDN
[2026-05-21T23:44:33] PARAM workload_type=MDO
[2026-05-21T23:44:33] PARAM test_link=LI_10GbE_aggregation_backhaul
[2026-05-21T23:44:33] METRIC object_size_bytes=427945.6
[2026-05-21T23:44:33] METRIC link_bandwidth_gbps=10.0
[2026-05-21T23:44:33] METRIC throughput_gbps=0.6956
[2026-05-21T23:44:33] METRIC latency_ms=30.3988
[2026-05-21T23:44:33] METRIC cpu_util_pct=88.43
[2026-05-21T23:44:33] RUN_END status=OK
[2026-05-21T23:45:23] RUN_START run_id=MDO_PythonNDN_107
[2026-05-21T23:45:23] PARAM implementation=PythonNDN
[2026-05-21T23:45:23] PARAM workload_type=MDO
[2026-05-21T23:45:23] PARAM test_link=LI_10GbE_aggregation_backhaul
[2026-05-21T23:45:23] METRIC object_size_bytes=270479.2
[2026-05-21T23:45:23] METRIC link_bandwidth_gbps=10.0
[2026-05-21T23:45:23] METRIC throughput_gbps=0.691
[2026-05-21T23:45:23] METRIC latency_ms=27.6541
[2026-05-21T23:45:23] METRIC cpu_util_pct=91.15
[2026-05-21T23:45:23] RUN_END status=OK
[2026-05-21T23:47:07] RUN_START run_id=MDO_PythonNDN_108
[2026-05-21T23:47:07] PARAM implementation=PythonNDN
[2026-05-21T23:47:07] PARAM workload_type=MDO
[2026-05-21T23:47:07] PARAM test_link=LI_10GbE_aggregation_backhaul
[2026-05-21T23:47:07] METRIC object_size_bytes=114073.0
[2026-05-21T23:47:07] METRIC link_bandwidth_gbps=10.0
[2026-05-21T23:47:07] METRIC throughput_gbps=0.7329
[2026-05-21T23:47:07] METRIC latency_ms=25.9778
[2026-05-21T23:47:07] METRIC cpu_util_pct=94.59
[2026-05-21T23:47:07] RUN_END status=OK
[2026-05-21T23:50:22] RUN_START run_id=MDO_PythonNDN_109
[2026-05-21T23:50:22] PARAM implementation=PythonNDN
[2026-05-21T23:50:22] PARAM workload_type=MDO
[2026-05-21T23:50:22] PARAM test_link=LI_10GbE_aggregation_backhaul
[2026-05-21T23:50:22] METRIC object_size_bytes=301191.4
[2026-05-21T23:50:22] METRIC link_bandwidth_gbps=10.0
[2026-05-21T23:50:22] METRIC throughput_gbps=0.6897
[2026-05-21T23:50:22] METRIC latency_ms=29.8171
[2026-05-21T23:50:22] METRIC cpu_util_pct=82.96
[2026-05-21T23:50:22] RUN_END status=OK
[2026-05-21T23:53:52] RUN_START run_id=MDO_PythonNDN_110
[2026-05-21T23:53:52] PARAM implementation=PythonNDN
[2026-05-21T23:53:52] PARAM workload_type=MDO
[2026-05-21T23:53:52] PARAM test_link=LI_10GbE_aggregation_backhaul
[2026-05-21T23:53:52] METRIC object_size_bytes=84997.4
[2026-05-21T23:53:52] METRIC link_bandwidth_gbps=10.0
[2026-05-21T23:53:52] METRIC throughput_gbps=0.7322
[2026-05-21T23:53:52] METRIC latency_ms=27.3868
[2026-05-21T23:53:52] METRIC cpu_util_pct=84.03
[2026-05-21T23:53:52] RUN_END status=OK
