[2026-04-18T12:04:29] RUN_START run_id=SDO_PythonNDN_026
[2026-04-18T12:04:29] PARAM implementation=PythonNDN
[2026-04-18T12:04:29] PARAM workload_type=SDO
[2026-04-18T12:04:29] PARAM test_link=LI_10GbE_aggregation_backhaul
[2026-04-18T12:04:29] METRIC object_size_bytes=1716.1
[2026-04-18T12:04:29] METRIC link_bandwidth_gbps=10.0
[2026-04-18T12:04:29] METRIC throughput_gbps=0.4149
[2026-04-18T12:04:29] METRIC latency_ms=3.2966
[2026-04-18T12:04:29] METRIC cpu_util_pct=80.29
[2026-04-18T12:04:29] RUN_END status=OK
[2026-04-18T12:07:08] RUN_START run_id=SDO_PythonNDN_027
[2026-04-18T12:07:08] PARAM implementation=PythonNDN
[2026-04-18T12:07:08] PARAM workload_type=SDO
[2026-04-18T12:07:08] PARAM test_link=LI_10GbE_aggregation_backhaul
[2026-04-18T12:07:08] METRIC object_size_bytes=1702.9
[2026-04-18T12:07:08] METRIC link_bandwidth_gbps=10.0
[2026-04-18T12:07:08] METRIC throughput_gbps=0.3869
[2026-04-18T12:07:08] METRIC latency_ms=3.3971
[2026-04-18T12:07:08] METRIC cpu_util_pct=90.53
[2026-04-18T12:07:08] RUN_END status=OK
[2026-04-18T12:08:57] RUN_START run_id=SDO_PythonNDN_028
[2026-04-18T12:08:57] PARAM implementation=PythonNDN
[2026-04-18T12:08:57] PARAM workload_type=SDO
[2026-04-18T12:08:57] PARAM test_link=LI_10GbE_aggregation_backhaul
[2026-04-18T12:08:57] METRIC object_size_bytes=1031.4
[2026-04-18T12:08:57] METRIC link_bandwidth_gbps=10.0
[2026-04-18T12:08:57] METRIC throughput_gbps=0.3961
[2026-04-18T12:08:57] METRIC latency_ms=3.2642
[2026-04-18T12:08:57] METRIC cpu_util_pct=82.72
[2026-04-18T12:08:57] RUN_END status=OK
[2026-04-18T12:11:45] RUN_START run_id=SDO_PythonNDN_029
[2026-04-18T12:11:45] PARAM implementation=PythonNDN
[2026-04-18T12:11:45] PARAM workload_type=SDO
[2026-04-18T12:11:45] PARAM test_link=LI_10GbE_aggregation_backhaul
[2026-04-18T12:11:45] METRIC object_size_bytes=345.7
[2026-04-18T12:11:45] METRIC link_bandwidth_gbps=10.0
[2026-04-18T12:11:45] METRIC throughput_gbps=0.3941
[2026-04-18T12:11:45] METRIC latency_ms=3.0573
[2026-04-18T12:11:45] METRIC cpu_util_pct=86.18
[2026-04-18T12:11:45] RUN_END status=OK
[2026-04-18T12:12:46] RUN_START run_id=SDO_PythonNDN_030
[2026-04-18T12:12:46] PARAM implementation=PythonNDN
[2026-04-18T12:12:46] PARAM workload_type=SDO
[2026-04-18T12:12:46] PARAM test_link=LI_10GbE_aggregation_backhaul
[2026-04-18T12:12:46] METRIC object_size_bytes=278.5
[2026-04-18T12:12:46] METRIC link_bandwidth_gbps=10.0
[2026-04-18T12:12:46] METRIC throughput_gbps=0.428
[2026-04-18T12:12:46] METRIC latency_ms=3.1095
[2026-04-18T12:12:46] METRIC cpu_util_pct=77.31
[2026-04-18T12:12:46] RUN_END status=OK
[2026-04-18T13:20:26] RUN_START run_id=MDO_NFD_088
[2026-04-18T13:20:26] PARAM implementation=NFD
[2026-04-18T13:20:26] PARAM workload_type=MDO
[2026-04-18T13:20:26] PARAM test_link=LI_10GbE_aggregation_backhaul
[2026-04-18T13:20:26] METRIC object_size_bytes=391332.3
[2026-04-18T13:20:26] METRIC link_bandwidth_gbps=10.0
[2026-04-18T13:20:26] METRIC throughput_gbps=2.7718
[2026-04-18T13:20:26] METRIC latency_ms=17.3855
[2026-04-18T13:20:26] METRIC cpu_util_pct=51.15
[2026-04-18T13:20:26] RUN_END status=OK
[2026-04-18T13:24:27] RUN_START run_id=MDO_NFD_089
[2026-04-18T13:24:27] PARAM implementation=NFD
[2026-04-18T13:24:27] PARAM workload_type=MDO
[2026-04-18T13:24:27] PARAM test_link=LI_10GbE_aggregation_backhaul
[2026-04-18T13:24:27] METRIC object_size_bytes=291143.3
[2026-04-18T13:24:27] METRIC link_bandwidth_gbps=10.0
[2026-04-18T13:24:27] METRIC throughput_gbps=2.9929
[2026-04-18T13:24:27] METRIC latency_ms=17.6433
[2026-04-18T13:24:27] METRIC cpu_util_pct=66.32
[2026-04-18T13:24:27] RUN_END status=OK
[2026-04-18T13:26:26] RUN_START run_id=MDO_NFD_090
[2026-04-18T13:26:26] PARAM implementation=NFD
[2026-04-18T13:26:26] PARAM workload_type=MDO
[2026-04-18T13:26:26] PARAM test_link=LI_10GbE_aggregation_backhaul
[2026-04-18T13:26:26] METRIC object_size_bytes=193356.2
[2026-04-18T13:26:26] METRIC link_bandwidth_gbps=10.0
[2026-04-18T13:26:26] METRIC throughput_gbps=2.6862
[2026-04-18T13:26:26] METRIC latency_ms=15.6631
[2026-04-18T13:26:26] METRIC cpu_util_pct=61.23
[2026-04-18T13:26:26] RUN_END status=OK
[2026-04-18T13:28:26] RUN_START run_id=MDO_NFD_091
[2026-04-18T13:28:26] PARAM implementation=NFD
[2026-04-18T13:28:26] PARAM workload_type=MDO
[2026-04-18T13:28:26] PARAM test_link=LI_10GbE_aggregation_backhaul
[2026-04-18T13:28:26] METRIC object_size_bytes=163911.6
[2026-04-18T13:28:26] METRIC link_bandwidth_gbps=10.0
[2026-04-18T13:28:26] METRIC throughput_gbps=3.0285
[2026-04-18T13:28:26] METRIC latency_ms=16.3061
[2026-04-18T13:28:26] METRIC cpu_util_pct=54.88
[2026-04-18T13:28:26] RUN_END status=OK
[2026-04-18T13:29:09] RUN_START run_id=MDO_NFD_092
[2026-04-18T13:29:09] PARAM implementation=NFD
[2026-04-18T13:29:09] PARAM workload_type=MDO
[2026-04-18T13:29:09] PARAM test_link=LI_10GbE_aggregation_backhaul
[2026-04-18T13:29:09] METRIC object_size_bytes=266875.2
[2026-04-18T13:29:09] METRIC link_bandwidth_gbps=10.0
[2026-04-18T13:29:09] METRIC throughput_gbps=2.9071
[2026-04-18T13:29:09] METRIC latency_ms=16.5041
[2026-04-18T13:29:09] METRIC cpu_util_pct=53.37
[2026-04-18T13:29:09] RUN_END status=OK
[2026-04-18T13:32:52] RUN_START run_id=MDO_NFD_093
[2026-04-18T13:32:52] PARAM implementation=NFD
[2026-04-18T13:32:52] PARAM workload_type=MDO
[2026-04-18T13:32:52] PARAM test_link=LI_10GbE_aggregation_backhaul
[2026-04-18T13:32:52] METRIC object_size_bytes=427141.7
[2026-04-18T13:32:52] METRIC link_bandwidth_gbps=10.0
[2026-04-18T13:32:52] METRIC throughput_gbps=2.9472
[2026-04-18T13:32:52] METRIC latency_ms=17.3511
[2026-04-18T13:32:52] METRIC cpu_util_pct=53.36
[2026-04-18T13:32:52] RUN_END status=OK
[2026-04-18T13:34:58] RUN_START run_id=MDO_NFD_094
[2026-04-18T13:34:58] PARAM implementation=NFD
[2026-04-18T13:34:58] PARAM workload_type=MDO
[2026-04-18T13:34:58] PARAM test_link=LI_10GbE_aggregation_backhaul
[2026-04-18T13:34:58] METRIC object_size_bytes=498394.5
[2026-04-18T13:34:58] METRIC link_bandwidth_gbps=10.0
[2026-04-18T13:34:58] METRIC throughput_gbps=3.0692
[2026-04-18T13:34:58] METRIC latency_ms=17.2073
[2026-04-18T13:34:58] METRIC cpu_util_pct=53.8
[2026-04-18T13:34:58] RUN_END status=OK
[2026-04-18T13:36:33] RUN_START run_id=MDO_NFD_095
[2026-04-18T13:36:33] PARAM implementation=NFD
[2026-04-18T13:36:33] PARAM workload_type=MDO
[2026-04-18T13:36:33] PARAM test_link=LI_10GbE_aggregation_backhaul
[2026-04-18T13:36:33] METRIC object_size_bytes=395992.7
[2026-04-18T13:36:33] METRIC link_bandwidth_gbps=10.0
[2026-04-18T13:36:33] METRIC throughput_gbps=2.8297
[2026-04-18T13:36:33] METRIC latency_ms=18.9211
[2026-04-18T13:36:33] METRIC cpu_util_pct=56.37
[2026-04-18T13:36:33] RUN_END status=OK
[2026-04-18T13:39:33] RUN_START run_id=MDO_NFD_096
[2026-04-18T13:39:33] PARAM implementation=NFD
[2026-04-18T13:39:33] PARAM workload_type=MDO
[2026-04-18T13:39:33] PARAM test_link=LI_10GbE_aggregation_backhaul
[2026-04-18T13:39:33] METRIC object_size_bytes=244706.1
[2026-04-18T13:39:33] METRIC link_bandwidth_gbps=10.0
[2026-04-18T13:39:33] METRIC throughput_gbps=3.0363
[2026-04-18T13:39:33] METRIC latency_ms=17.2038
[2026-04-18T13:39:33] METRIC cpu_util_pct=57.1
[2026-04-18T13:39:33] RUN_END status=OK
[2026-04-18T13:42:39] RUN_START run_id=MDO_NFD_097
[2026-04-18T13:42:39] PARAM implementation=NFD
[2026-04-18T13:42:39] PARAM workload_type=MDO
[2026-04-18T13:42:39] PARAM test_link=LI_10GbE_aggregation_backhaul
[2026-04-18T13:42:39] METRIC object_size_bytes=207577.3
[2026-04-18T13:42:39] METRIC link_bandwidth_gbps=10.0
[2026-04-18T13:42:39] METRIC throughput_gbps=2.885
[2026-04-18T13:42:39] METRIC latency_ms=16.0
[2026-04-18T13:42:39] METRIC cpu_util_pct=55.68
[2026-04-18T13:42:39] RUN_END status=OK
[2026-04-18T13:44:38] RUN_START run_id=MDO_NFD_098
[2026-04-18T13:44:38] PARAM implementation=NFD
[2026-04-18T13:44:38] PARAM workload_type=MDO
[2026-04-18T13:44:38] PARAM test_link=LI_10GbE_aggregation_backhaul
[2026-04-18T13:44:38] METRIC object_size_bytes=129131.8
[2026-04-18T13:44:38] METRIC link_bandwidth_gbps=10.0
[2026-04-18T13:44:38] METRIC throughput_gbps=2.9383
[2026-04-18T13:44:38] METRIC latency_ms=17.3015
[2026-04-18T13:44:38] METRIC cpu_util_pct=54.12
[2026-04-18T13:44:38] RUN_END status=OK
