[2026-06-08T12:12:16] RUN_START run_id=LDO_CCNlite_050
[2026-06-08T12:12:16] PARAM implementation=CCNlite
[2026-06-08T12:12:16] PARAM workload_type=LDO
[2026-06-08T12:12:16] PARAM test_link=LI_10GbE_aggregation_backhaul
[2026-06-08T12:12:16] METRIC object_size_bytes=2681864.5
[2026-06-08T12:12:16] METRIC link_bandwidth_gbps=10.0
[2026-06-08T12:12:16] METRIC throughput_gbps=2.9046
[2026-06-08T12:12:16] METRIC latency_ms=127.5126
[2026-06-08T12:12:16] METRIC cpu_util_pct=63.6
[2026-06-08T12:12:16] RUN_END status=OK
[2026-06-08T12:14:56] RUN_START run_id=LDO_CCNlite_051
[2026-06-08T12:14:56] PARAM implementation=CCNlite
[2026-06-08T12:14:56] PARAM workload_type=LDO
[2026-06-08T12:14:56] PARAM test_link=LI_10GbE_aggregation_backhaul
[2026-06-08T12:14:56] METRIC object_size_bytes=4219756.6
[2026-06-08T12:14:56] METRIC link_bandwidth_gbps=10.0
[2026-06-08T12:14:56] METRIC throughput_gbps=2.8916
[2026-06-08T12:14:56] METRIC latency_ms=139.7377
[2026-06-08T12:14:56] METRIC cpu_util_pct=67.16
[2026-06-08T12:14:56] RUN_END status=OK
[2026-06-08T12:16:17] RUN_START run_id=LDO_CCNlite_052
[2026-06-08T12:16:17] PARAM implementation=CCNlite
[2026-06-08T12:16:17] PARAM workload_type=LDO
[2026-06-08T12:16:17] PARAM test_link=LI_10GbE_aggregation_backhaul
[2026-06-08T12:16:17] METRIC object_size_bytes=3719157.6
[2026-06-08T12:16:17] METRIC link_bandwidth_gbps=10.0
[2026-06-08T12:16:17] METRIC throughput_gbps=2.8262
[2026-06-08T12:16:17] METRIC latency_ms=131.8661
[2026-06-08T12:16:17] METRIC cpu_util_pct=67.75
[2026-06-08T12:16:17] RUN_END status=OK
[2026-06-08T12:17:28] RUN_START run_id=LDO_CCNlite_053
[2026-06-08T12:17:28] PARAM implementation=CCNlite
[2026-06-08T12:17:28] PARAM workload_type=LDO
[2026-06-08T12:17:28] PARAM test_link=LI_10GbE_aggregation_backhaul
[2026-06-08T12:17:28] METRIC object_size_bytes=4264409.5
[2026-06-08T12:17:28] METRIC link_bandwidth_gbps=10.0
[2026-06-08T12:17:28] METRIC throughput_gbps=2.7853
[2026-06-08T12:17:28] METRIC latency_ms=137.4987
[2026-06-08T12:17:28] METRIC cpu_util_pct=65.54
[2026-06-08T12:17:28] RUN_END status=OK
[2026-06-08T12:22:22] RUN_START run_id=LDO_CCNlite_054
[2026-06-08T12:22:22] PARAM implementation=CCNlite
[2026-06-08T12:22:22] PARAM workload_type=LDO
[2026-06-08T12:22:22] PARAM test_link=LI_10GbE_aggregation_backhaul
[2026-06-08T12:22:22] METRIC object_size_bytes=3968804.4
[2026-06-08T12:22:22] METRIC link_bandwidth_gbps=10.0
[2026-06-08T12:22:22] METRIC throughput_gbps=2.8112
[2026-06-08T12:22:22] METRIC latency_ms=154.623
[2026-06-08T12:22:22] METRIC cpu_util_pct=66.57
[2026-06-08T12:22:22] RUN_END status=OK
[2026-06-08T12:25:09] RUN_START run_id=LDO_CCNlite_055
[2026-06-08T12:25:09] PARAM implementation=CCNlite
[2026-06-08T12:25:09] PARAM workload_type=LDO
[2026-06-08T12:25:09] PARAM test_link=LI_10GbE_aggregation_backhaul
[2026-06-08T12:25:09] METRIC object_size_bytes=1475455.0
[2026-06-08T12:25:09] METRIC link_bandwidth_gbps=10.0
[2026-06-08T12:25:09] METRIC throughput_gbps=2.8325
[2026-06-08T12:25:09] METRIC latency_ms=130.8956
[2026-06-08T12:25:09] METRIC cpu_util_pct=66.44
[2026-06-08T12:25:09] RUN_END status=OK
[2026-06-08T12:26:04] RUN_START run_id=LDO_CCNlite_056
[2026-06-08T12:26:04] PARAM implementation=CCNlite
[2026-06-08T12:26:04] PARAM workload_type=LDO
[2026-06-08T12:26:04] PARAM test_link=LI_10GbE_aggregation_backhaul
[2026-06-08T12:26:04] METRIC object_size_bytes=1690944.0
[2026-06-08T12:26:04] METRIC link_bandwidth_gbps=10.0
[2026-06-08T12:26:04] METRIC throughput_gbps=2.9203
[2026-06-08T12:26:04] METRIC latency_ms=131.5518
[2026-06-08T12:26:04] METRIC cpu_util_pct=61.03
[2026-06-08T12:26:04] RUN_END status=OK
[2026-06-08T12:26:34] RUN_START run_id=LDO_CCNlite_057
[2026-06-08T12:26:34] PARAM implementation=CCNlite
[2026-06-08T12:26:34] PARAM workload_type=LDO
[2026-06-08T12:26:34] PARAM test_link=LI_10GbE_aggregation_backhaul
[2026-06-08T12:26:34] METRIC object_size_bytes=3017526.9
[2026-06-08T12:26:34] METRIC link_bandwidth_gbps=10.0
[2026-06-08T12:26:34] METRIC throughput_gbps=2.7335
[2026-06-08T12:26:34] METRIC latency_ms=133.3606
[2026-06-08T12:26:34] METRIC cpu_util_pct=60.44
[2026-06-08T12:26:34] RUN_END status=OK
[2026-06-08T12:27:37] RUN_START run_id=LDO_CCNlite_058
[2026-06-08T12:27:37] PARAM implementation=CCNlite
[2026-06-08T12:27:37] PARAM workload_type=LDO
[2026-06-08T12:27:37] PARAM test_link=LI_10GbE_aggregation_backhaul
[2026-06-08T12:27:37] METRIC object_size_bytes=3744323.1
[2026-06-08T12:27:37] METRIC link_bandwidth_gbps=10.0
[2026-06-08T12:27:37] METRIC throughput_gbps=2.787
[2026-06-08T12:27:37] METRIC latency_ms=141.2366
[2026-06-08T12:27:37] METRIC cpu_util_pct=61.91
[2026-06-08T12:27:37] RUN_END status=OK
[2026-06-08T12:27:49] RUN_START run_id=LDO_CCNlite_059
[2026-06-08T12:27:49] PARAM implementation=CCNlite
[2026-06-08T12:27:49] PARAM workload_type=LDO
[2026-06-08T12:27:49] PARAM test_link=LI_10GbE_aggregation_backhaul
[2026-06-08T12:27:49] METRIC object_size_bytes=3820273.8
[2026-06-08T12:27:49] METRIC link_bandwidth_gbps=10.0
[2026-06-08T12:27:49] METRIC throughput_gbps=2.8756
[2026-06-08T12:27:49] METRIC latency_ms=124.8631
[2026-06-08T12:27:49] METRIC cpu_util_pct=63.48
[2026-06-08T12:27:49] RUN_END status=OK
[2026-06-08T12:30:55] RUN_START run_id=LDO_CCNlite_060
[2026-06-08T12:30:55] PARAM implementation=CCNlite
[2026-06-08T12:30:55] PARAM workload_type=LDO
[2026-06-08T12:30:55] PARAM test_link=LI_10GbE_aggregation_backhaul
[2026-06-08T12:30:55] METRIC object_size_bytes=2150958.5
[2026-06-08T12:30:55] METRIC link_bandwidth_gbps=10.0
[2026-06-08T12:30:55] METRIC throughput_gbps=2.8281
[2026-06-08T12:30:55] METRIC latency_ms=145.3172
[2026-06-08T12:30:55] METRIC cpu_util_pct=61.12
[2026-06-08T12:30:55] RUN_END status=OK
[2026-06-09T02:31:18] RUN_START run_id=MDO_CCNlite_097
[2026-06-09T02:31:18] PARAM implementation=CCNlite
[2026-06-09T02:31:18] PARAM workload_type=MDO
[2026-06-09T02:31:18] PARAM test_link=LI_10GbE_aggregation_backhaul
[2026-06-09T02:31:18] METRIC object_size_bytes=93258.9
[2026-06-09T02:31:18] METRIC link_bandwidth_gbps=10.0
[2026-06-09T02:31:18] METRIC throughput_gbps=2.2331
[2026-06-09T02:31:18] METRIC latency_ms=17.4426
[2026-06-09T02:31:18] METRIC cpu_util_pct=55.41
[2026-06-09T02:31:18] RUN_END status=OK
[2026-06-09T02:32:56] RUN_START run_id=MDO_CCNlite_098
[2026-06-09T02:32:56] PARAM implementation=CCNlite
[2026-06-09T02:32:56] PARAM workload_type=MDO
[2026-06-09T02:32:56] PARAM test_link=LI_10GbE_aggregation_backhaul
[2026-06-09T02:32:56] METRIC object_size_bytes=349085.7
[2026-06-09T02:32:56] METRIC link_bandwidth_gbps=10.0
[2026-06-09T02:32:56] METRIC throughput_gbps=2.1173
[2026-06-09T02:32:56] METRIC latency_ms=16.3725
[2026-06-09T02:32:56] METRIC cpu_util_pct=51.37
[2026-06-09T02:32:56] RUN_END status=OK
[2026-06-09T02:34:19] RUN_START run_id=MDO_CCNlite_099
[2026-06-09T02:34:19] PARAM implementation=CCNlite
[2026-06-09T02:34:19] PARAM workload_type=MDO
[2026-06-09T02:34:19] PARAM test_link=LI_10GbE_aggregation_backhaul
[2026-06-09T02:34:19] METRIC object_size_bytes=372231.1
[2026-06-09T02:34:19] METRIC link_bandwidth_gbps=10.0
[2026-06-09T02:34:19] METRIC throughput_gbps=2.327
[2026-06-09T02:34:19] METRIC latency_ms=16.503
[2026-06-09T02:34:19] METRIC cpu_util_pct=56.65
[2026-06-09T02:34:19] RUN_END status=OK
[2026-06-09T02:36:13] RUN_START run_id=MDO_CCNlite_100
[2026-06-09T02:36:13] PARAM implementation=CCNlite
[2026-06-09T02:36:13] PARAM workload_type=MDO
[2026-06-09T02:36:13] PARAM test_link=LI_10GbE_aggregation_backhaul
[2026-06-09T02:36:13] METRIC object_size_bytes=413837.2
[2026-06-09T02:36:13] METRIC link_bandwidth_gbps=10.0
[2026-06-09T02:36:13] METRIC throughput_gbps=2.2452
[2026-06-09T02:36:13] METRIC latency_ms=15.543
[2026-06-09T02:36:13] METRIC cpu_util_pct=55.81
[2026-06-09T02:36:13] RUN_END status=OK
[2026-06-09T02:37:25] RUN_START run_id=MDO_CCNlite_101
[2026-06-09T02:37:25] PARAM implementation=CCNlite
[2026-06-09T02:37:25] PARAM workload_type=MDO
[2026-06-09T02:37:25] PARAM test_link=LI_10GbE_aggregation_backhaul
[2026-06-09T02:37:25] METRIC object_size_bytes=275643.8
[2026-06-09T02:37:25] METRIC link_bandwidth_gbps=10.0
[2026-06-09T02:37:25] METRIC throughput_gbps=2.2422
[2026-06-09T02:37:25] METRIC latency_ms=17.5921
[2026-06-09T02:37:25] METRIC cpu_util_pct=54.2
[2026-06-09T02:37:25] RUN_END status=OK
