[2026-06-09T07:56:55] RUN_START run_id=LDO_CCNlite_067
[2026-06-09T07:56:55] PARAM implementation=CCNlite
[2026-06-09T07:56:55] PARAM workload_type=LDO
[2026-06-09T07:56:55] PARAM test_link=LI_10GbE_aggregation_backhaul
[2026-06-09T07:56:55] METRIC object_size_bytes=2222395.7
[2026-06-09T07:56:55] METRIC link_bandwidth_gbps=10.0
[2026-06-09T07:56:55] METRIC throughput_gbps=2.7377
[2026-06-09T07:56:55] METRIC latency_ms=132.8274
[2026-06-09T07:56:55] METRIC cpu_util_pct=66.55
[2026-06-09T07:56:55] RUN_END status=OK
[2026-06-09T07:57:53] RUN_START run_id=LDO_CCNlite_068
[2026-06-09T07:57:53] PARAM implementation=CCNlite
[2026-06-09T07:57:53] PARAM workload_type=LDO
[2026-06-09T07:57:53] PARAM test_link=LI_10GbE_aggregation_backhaul
[2026-06-09T07:57:53] METRIC object_size_bytes=3367901.2
[2026-06-09T07:57:53] METRIC link_bandwidth_gbps=10.0
[2026-06-09T07:57:53] METRIC throughput_gbps=2.599
[2026-06-09T07:57:53] METRIC latency_ms=129.8559
[2026-06-09T07:57:53] METRIC cpu_util_pct=58.65
[2026-06-09T07:57:53] RUN_END status=OK
[2026-06-09T07:58:45] RUN_START run_id=LDO_CCNlite_069
[2026-06-09T07:58:45] PARAM implementation=CCNlite
[2026-06-09T07:58:45] PARAM workload_type=LDO
[2026-06-09T07:58:45] PARAM test_link=LI_10GbE_aggregation_backhaul
[2026-06-09T07:58:45] METRIC object_size_bytes=1325571.3
[2026-06-09T07:58:45] METRIC link_bandwidth_gbps=10.0
[2026-06-09T07:58:45] METRIC throughput_gbps=2.7824
[2026-06-09T07:58:45] METRIC latency_ms=118.613
[2026-06-09T07:58:45] METRIC cpu_util_pct=61.19
[2026-06-09T07:58:45] RUN_END status=OK
[2026-06-09T08:00:58] RUN_START run_id=LDO_CCNlite_070
[2026-06-09T08:00:58] PARAM implementation=CCNlite
[2026-06-09T08:00:58] PARAM workload_type=LDO
[2026-06-09T08:00:58] PARAM test_link=LI_10GbE_aggregation_backhaul
[2026-06-09T08:00:58] METRIC object_size_bytes=3344036.4
[2026-06-09T08:00:58] METRIC link_bandwidth_gbps=10.0
[2026-06-09T08:00:58] METRIC throughput_gbps=2.8555
[2026-06-09T08:00:58] METRIC latency_ms=131.3588
[2026-06-09T08:00:58] METRIC cpu_util_pct=59.17
[2026-06-09T08:00:58] RUN_END status=OK
[2026-06-09T08:03:49] RUN_START run_id=LDO_CCNlite_071
[2026-06-09T08:03:49] PARAM implementation=CCNlite
[2026-06-09T08:03:49] PARAM workload_type=LDO
[2026-06-09T08:03:49] PARAM test_link=LI_10GbE_aggregation_backhaul
[2026-06-09T08:03:49] METRIC object_size_bytes=2846881.1
[2026-06-09T08:03:49] METRIC link_bandwidth_gbps=10.0
[2026-06-09T08:03:49] METRIC throughput_gbps=2.7587
[2026-06-09T08:03:49] METRIC latency_ms=134.0992
[2026-06-09T08:03:49] METRIC cpu_util_pct=59.19
[2026-06-09T08:03:49] RUN_END status=OK
[2026-06-09T08:05:34] RUN_START run_id=LDO_CCNlite_072
[2026-06-09T08:05:34] PARAM implementation=CCNlite
[2026-06-09T08:05:34] PARAM workload_type=LDO
[2026-06-09T08:05:34] PARAM test_link=LI_10GbE_aggregation_backhaul
[2026-06-09T08:05:34] METRIC object_size_bytes=2333591.4
[2026-06-09T08:05:34] METRIC link_bandwidth_gbps=10.0
[2026-06-09T08:05:34] METRIC throughput_gbps=2.6734
[2026-06-09T08:05:34] METRIC latency_ms=126.7141
[2026-06-09T08:05:34] METRIC cpu_util_pct=60.47
[2026-06-09T08:05:34] RUN_END status=OK
[2026-06-09T08:07:30] RUN_START run_id=LDO_CCNlite_073
[2026-06-09T08:07:30] PARAM implementation=CCNlite
[2026-06-09T08:07:30] PARAM workload_type=LDO
[2026-06-09T08:07:30] PARAM test_link=LI_10GbE_aggregation_backhaul
[2026-06-09T08:07:30] METRIC object_size_bytes=2360519.0
[2026-06-09T08:07:30] METRIC link_bandwidth_gbps=10.0
[2026-06-09T08:07:30] METRIC throughput_gbps=2.7201
[2026-06-09T08:07:30] METRIC latency_ms=143.6106
[2026-06-09T08:07:30] METRIC cpu_util_pct=69.14
[2026-06-09T08:07:30] RUN_END status=OK
[2026-06-09T08:11:54] RUN_START run_id=LDO_CCNlite_074
[2026-06-09T08:11:54] PARAM implementation=CCNlite
[2026-06-09T08:11:54] PARAM workload_type=LDO
[2026-06-09T08:11:54] PARAM test_link=LI_10GbE_aggregation_backhaul
[2026-06-09T08:11:54] METRIC object_size_bytes=2080934.2
[2026-06-09T08:11:54] METRIC link_bandwidth_gbps=10.0
[2026-06-09T08:11:54] METRIC throughput_gbps=2.867
[2026-06-09T08:11:54] METRIC latency_ms=131.9011
[2026-06-09T08:11:54] METRIC cpu_util_pct=62.57
[2026-06-09T08:11:54] RUN_END status=OK
[2026-06-09T08:12:44] RUN_START run_id=LDO_CCNlite_075
[2026-06-09T08:12:44] PARAM implementation=CCNlite
[2026-06-09T08:12:44] PARAM workload_type=LDO
[2026-06-09T08:12:44] PARAM test_link=LI_10GbE_aggregation_backhaul
[2026-06-09T08:12:44] METRIC object_size_bytes=1112320.7
[2026-06-09T08:12:44] METRIC link_bandwidth_gbps=10.0
[2026-06-09T08:12:44] METRIC throughput_gbps=2.7243
[2026-06-09T08:12:44] METRIC latency_ms=131.8899
[2026-06-09T08:12:44] METRIC cpu_util_pct=63.28
[2026-06-09T08:12:44] RUN_END status=OK
[2026-06-09T08:13:54] RUN_START run_id=LDO_CCNlite_076
[2026-06-09T08:13:54] PARAM implementation=CCNlite
[2026-06-09T08:13:54] PARAM workload_type=LDO
[2026-06-09T08:13:54] PARAM test_link=LI_10GbE_aggregation_backhaul
[2026-06-09T08:13:54] METRIC object_size_bytes=3163788.4
[2026-06-09T08:13:54] METRIC link_bandwidth_gbps=10.0
[2026-06-09T08:13:54] METRIC throughput_gbps=2.7612
[2026-06-09T08:13:54] METRIC latency_ms=141.9551
[2026-06-09T08:13:54] METRIC cpu_util_pct=63.49
[2026-06-09T08:13:54] RUN_END status=OK
[2026-06-09T08:17:39] RUN_START run_id=LDO_CCNlite_077
[2026-06-09T08:17:39] PARAM implementation=CCNlite
[2026-06-09T08:17:39] PARAM workload_type=LDO
[2026-06-09T08:17:39] PARAM test_link=LI_10GbE_aggregation_backhaul
[2026-06-09T08:17:39] METRIC object_size_bytes=1179940.1
[2026-06-09T08:17:39] METRIC link_bandwidth_gbps=10.0
[2026-06-09T08:17:39] METRIC throughput_gbps=2.7423
[2026-06-09T08:17:39] METRIC latency_ms=135.9797
[2026-06-09T08:17:39] METRIC cpu_util_pct=58.48
[2026-06-09T08:17:39] RUN_END status=OK
[2026-06-09T08:20:15] RUN_START run_id=LDO_CCNlite_078
[2026-06-09T08:20:15] PARAM implementation=CCNlite
[2026-06-09T08:20:15] PARAM workload_type=LDO
[2026-06-09T08:20:15] PARAM test_link=LI_10GbE_aggregation_backhaul
[2026-06-09T08:20:15] METRIC object_size_bytes=2469579.4
[2026-06-09T08:20:15] METRIC link_bandwidth_gbps=10.0
[2026-06-09T08:20:15] METRIC throughput_gbps=2.6459
[2026-06-09T08:20:15] METRIC latency_ms=142.3108
[2026-06-09T08:20:15] METRIC cpu_util_pct=68.18
[2026-06-09T08:20:15] RUN_END status=OK
[2026-06-09T08:21:20] RUN_START run_id=LDO_CCNlite_079
[2026-06-09T08:21:20] PARAM implementation=CCNlite
[2026-06-09T08:21:20] PARAM workload_type=LDO
[2026-06-09T08:21:20] PARAM test_link=LI_10GbE_aggregation_backhaul
[2026-06-09T08:21:20] METRIC object_size_bytes=3189248.2
[2026-06-09T08:21:20] METRIC link_bandwidth_gbps=10.0
[2026-06-09T08:21:20] METRIC throughput_gbps=2.7081
[2026-06-09T08:21:20] METRIC latency_ms=123.5896
[2026-06-09T08:21:20] METRIC cpu_util_pct=63.76
[2026-06-09T08:21:20] RUN_END status=OK
[2026-06-09T08:23:28] RUN_START run_id=LDO_CCNlite_080
[2026-06-09T08:23:28] PARAM implementation=CCNlite
[2026-06-09T08:23:28] PARAM workload_type=LDO
[2026-06-09T08:23:28] PARAM test_link=LI_10GbE_aggregation_backhaul
[2026-06-09T08:23:28] METRIC object_size_bytes=1019732.1
[2026-06-09T08:23:28] METRIC link_bandwidth_gbps=10.0
[2026-06-09T08:23:28] METRIC throughput_gbps=2.6224
[2026-06-09T08:23:28] METRIC latency_ms=133.5535
[2026-06-09T08:23:28] METRIC cpu_util_pct=55.3
[2026-06-09T08:23:28] RUN_END status=OK
[2026-06-09T08:25:32] RUN_START run_id=LDO_CCNlite_081
[2026-06-09T08:25:32] PARAM implementation=CCNlite
[2026-06-09T08:25:32] PARAM workload_type=LDO
[2026-06-09T08:25:32] PARAM test_link=LI_10GbE_aggregation_backhaul
[2026-06-09T08:25:32] METRIC object_size_bytes=2011220.4
[2026-06-09T08:25:32] METRIC link_bandwidth_gbps=10.0
[2026-06-09T08:25:32] METRIC throughput_gbps=2.6925
[2026-06-09T08:25:32] METRIC latency_ms=137.5583
[2026-06-09T08:25:32] METRIC cpu_util_pct=65.09
[2026-06-09T08:25:32] RUN_END status=OK
[2026-06-09T08:26:53] RUN_START run_id=LDO_CCNlite_082
[2026-06-09T08:26:53] PARAM implementation=CCNlite
[2026-06-09T08:26:53] PARAM workload_type=LDO
[2026-06-09T08:26:53] PARAM test_link=LI_10GbE_aggregation_backhaul
[2026-06-09T08:26:53] METRIC object_size_bytes=2600493.2
[2026-06-09T08:26:53] METRIC link_bandwidth_gbps=10.0
[2026-06-09T08:26:53] METRIC throughput_gbps=2.8396
[2026-06-09T08:26:53] METRIC latency_ms=136.5983
[2026-06-09T08:26:53] METRIC cpu_util_pct=66.37
[2026-06-09T08:26:53] RUN_END status=OK
[2026-06-09T08:29:01] RUN_START run_id=LDO_CCNlite_083
[2026-06-09T08:29:01] PARAM implementation=CCNlite
[2026-06-09T08:29:01] PARAM workload_type=LDO
[2026-06-09T08:29:01] PARAM test_link=LI_10GbE_aggregation_backhaul
[2026-06-09T08:29:01] METRIC object_size_bytes=1008427.0
[2026-06-09T08:29:01] METRIC link_bandwidth_gbps=10.0
[2026-06-09T08:29:01] METRIC throughput_gbps=2.5514
[2026-06-09T08:29:01] METRIC latency_ms=138.1167
[2026-06-09T08:29:01] METRIC cpu_util_pct=60.23
[2026-06-09T08:29:01] RUN_END status=OK
[2026-06-09T08:31:30] RUN_START run_id=LDO_CCNlite_084
[2026-06-09T08:31:30] PARAM implementation=CCNlite
[2026-06-09T08:31:30] PARAM workload_type=LDO
[2026-06-09T08:31:30] PARAM test_link=LI_10GbE_aggregation_backhaul
[2026-06-09T08:31:30] METRIC object_size_bytes=4007136.5
[2026-06-09T08:31:30] METRIC link_bandwidth_gbps=10.0
[2026-06-09T08:31:30] METRIC throughput_gbps=2.6965
[2026-06-09T08:31:30] METRIC latency_ms=149.3493
[2026-06-09T08:31:30] METRIC cpu_util_pct=62.3
[2026-06-09T08:31:30] RUN_END status=OK
[2026-06-09T08:32:04] RUN_START run_id=LDO_CCNlite_085
[2026-06-09T08:32:04] PARAM implementation=CCNlite
[2026-06-09T08:32:04] PARAM workload_type=LDO
[2026-06-09T08:32:04] PARAM test_link=LI_10GbE_aggregation_backhaul
[2026-06-09T08:32:04] METRIC object_size_bytes=1813997.3
[2026-06-09T08:32:04] METRIC link_bandwidth_gbps=10.0
[2026-06-09T08:32:04] METRIC throughput_gbps=2.685
[2026-06-09T08:32:04] METRIC latency_ms=131.8054
[2026-06-09T08:32:04] METRIC cpu_util_pct=61.55
[2026-06-09T08:32:04] RUN_END status=OK
