[2026-06-09T02:39:01] RUN_START run_id=MDO_CCNlite_102
[2026-06-09T02:39:01] PARAM implementation=CCNlite
[2026-06-09T02:39:01] PARAM workload_type=MDO
[2026-06-09T02:39:01] PARAM test_link=LI_10GbE_aggregation_backhaul
[2026-06-09T02:39:01] METRIC object_size_bytes=397715.0
[2026-06-09T02:39:01] METRIC link_bandwidth_gbps=10.0
[2026-06-09T02:39:01] METRIC throughput_gbps=2.1912
[2026-06-09T02:39:01] METRIC latency_ms=15.1952
[2026-06-09T02:39:01] METRIC cpu_util_pct=53.99
[2026-06-09T02:39:01] RUN_END status=OK
[2026-06-09T02:41:06] RUN_START run_id=MDO_CCNlite_103
[2026-06-09T02:41:06] PARAM implementation=CCNlite
[2026-06-09T02:41:06] PARAM workload_type=MDO
[2026-06-09T02:41:06] PARAM test_link=LI_10GbE_aggregation_backhaul
[2026-06-09T02:41:06] METRIC object_size_bytes=371491.2
[2026-06-09T02:41:06] METRIC link_bandwidth_gbps=10.0
[2026-06-09T02:41:06] METRIC throughput_gbps=2.3148
[2026-06-09T02:41:06] METRIC latency_ms=15.3746
[2026-06-09T02:41:06] METRIC cpu_util_pct=54.63
[2026-06-09T02:41:06] RUN_END status=OK
[2026-06-09T02:44:14] RUN_START run_id=MDO_CCNlite_104
[2026-06-09T02:44:14] PARAM implementation=CCNlite
[2026-06-09T02:44:14] PARAM workload_type=MDO
[2026-06-09T02:44:14] PARAM test_link=LI_10GbE_aggregation_backhaul
[2026-06-09T02:44:14] METRIC object_size_bytes=132729.0
[2026-06-09T02:44:14] METRIC link_bandwidth_gbps=10.0
[2026-06-09T02:44:14] METRIC throughput_gbps=2.3699
[2026-06-09T02:44:14] METRIC latency_ms=16.5474
[2026-06-09T02:44:14] METRIC cpu_util_pct=56.95
[2026-06-09T02:44:14] RUN_END status=OK
[2026-06-09T02:48:16] RUN_START run_id=MDO_CCNlite_105
[2026-06-09T02:48:16] PARAM implementation=CCNlite
[2026-06-09T02:48:16] PARAM workload_type=MDO
[2026-06-09T02:48:16] PARAM test_link=LI_10GbE_aggregation_backhaul
[2026-06-09T02:48:16] METRIC object_size_bytes=72743.8
[2026-06-09T02:48:16] METRIC link_bandwidth_gbps=10.0
[2026-06-09T02:48:16] METRIC throughput_gbps=2.2126
[2026-06-09T02:48:16] METRIC latency_ms=14.5613
[2026-06-09T02:48:16] METRIC cpu_util_pct=55.26
[2026-06-09T02:48:16] RUN_END status=OK
[2026-06-09T02:52:49] RUN_START run_id=MDO_CCNlite_106
[2026-06-09T02:52:49] PARAM implementation=CCNlite
[2026-06-09T02:52:49] PARAM workload_type=MDO
[2026-06-09T02:52:49] PARAM test_link=LI_10GbE_aggregation_backhaul
[2026-06-09T02:52:49] METRIC object_size_bytes=400013.6
[2026-06-09T02:52:49] METRIC link_bandwidth_gbps=10.0
[2026-06-09T02:52:49] METRIC throughput_gbps=2.1806
[2026-06-09T02:52:49] METRIC latency_ms=16.0669
[2026-06-09T02:52:49] METRIC cpu_util_pct=52.43
[2026-06-09T02:52:49] RUN_END status=OK
[2026-06-09T02:54:18] RUN_START run_id=MDO_CCNlite_107
[2026-06-09T02:54:18] PARAM implementation=CCNlite
[2026-06-09T02:54:18] PARAM workload_type=MDO
[2026-06-09T02:54:18] PARAM test_link=LI_10GbE_aggregation_backhaul
[2026-06-09T02:54:18] METRIC object_size_bytes=89830.1
[2026-06-09T02:54:18] METRIC link_bandwidth_gbps=10.0
[2026-06-09T02:54:18] METRIC throughput_gbps=2.1692
[2026-06-09T02:54:18] METRIC latency_ms=18.1117
[2026-06-09T02:54:18] METRIC cpu_util_pct=51.14
[2026-06-09T02:54:18] RUN_END status=OK
[2026-06-09T02:56:07] RUN_START run_id=MDO_CCNlite_108
[2026-06-09T02:56:07] PARAM implementation=CCNlite
[2026-06-09T02:56:07] PARAM workload_type=MDO
[2026-06-09T02:56:07] PARAM test_link=LI_10GbE_aggregation_backhaul
[2026-06-09T02:56:07] METRIC object_size_bytes=120515.2
[2026-06-09T02:56:07] METRIC link_bandwidth_gbps=10.0
[2026-06-09T02:56:07] METRIC throughput_gbps=2.3495
[2026-06-09T02:56:07] METRIC latency_ms=15.5934
[2026-06-09T02:56:07] METRIC cpu_util_pct=52.23
[2026-06-09T02:56:07] RUN_END status=OK
[2026-06-09T02:56:47] RUN_START run_id=MDO_CCNlite_109
[2026-06-09T02:56:47] PARAM implementation=CCNlite
[2026-06-09T02:56:47] PARAM workload_type=MDO
[2026-06-09T02:56:47] PARAM test_link=LI_10GbE_aggregation_backhaul
[2026-06-09T02:56:47] METRIC object_size_bytes=186505.2
[2026-06-09T02:56:47] METRIC link_bandwidth_gbps=10.0
[2026-06-09T02:56:47] METRIC throughput_gbps=2.1333
[2026-06-09T02:56:47] METRIC latency_ms=17.3256
[2026-06-09T02:56:47] METRIC cpu_util_pct=56.68
[2026-06-09T02:56:47] RUN_END status=OK
[2026-06-09T02:58:52] RUN_START run_id=MDO_CCNlite_110
[2026-06-09T02:58:52] PARAM implementation=CCNlite
[2026-06-09T02:58:52] PARAM workload_type=MDO
[2026-06-09T02:58:52] PARAM test_link=LI_10GbE_aggregation_backhaul
[2026-06-09T02:58:52] METRIC object_size_bytes=428921.7
[2026-06-09T02:58:52] METRIC link_bandwidth_gbps=10.0
[2026-06-09T02:58:52] METRIC throughput_gbps=2.0499
[2026-06-09T02:58:52] METRIC latency_ms=15.4972
[2026-06-09T02:58:52] METRIC cpu_util_pct=51.36
[2026-06-09T02:58:52] RUN_END status=OK
[2026-06-09T07:46:25] RUN_START run_id=LDO_CCNlite_061
[2026-06-09T07:46:25] PARAM implementation=CCNlite
[2026-06-09T07:46:25] PARAM workload_type=LDO
[2026-06-09T07:46:25] PARAM test_link=LI_10GbE_aggregation_backhaul
[2026-06-09T07:46:25] METRIC object_size_bytes=2050797.8
[2026-06-09T07:46:25] METRIC link_bandwidth_gbps=10.0
[2026-06-09T07:46:25] METRIC throughput_gbps=2.6397
[2026-06-09T07:46:25] METRIC latency_ms=133.9094
[2026-06-09T07:46:25] METRIC cpu_util_pct=59.5
[2026-06-09T07:46:25] RUN_END status=OK
[2026-06-09T07:48:43] RUN_START run_id=LDO_CCNlite_062
[2026-06-09T07:48:43] PARAM implementation=CCNlite
[2026-06-09T07:48:43] PARAM workload_type=LDO
[2026-06-09T07:48:43] PARAM test_link=LI_10GbE_aggregation_backhaul
[2026-06-09T07:48:43] METRIC object_size_bytes=4389341.8
[2026-06-09T07:48:43] METRIC link_bandwidth_gbps=10.0
[2026-06-09T07:48:43] METRIC throughput_gbps=2.8245
[2026-06-09T07:48:43] METRIC latency_ms=128.4514
[2026-06-09T07:48:43] METRIC cpu_util_pct=64.68
[2026-06-09T07:48:43] RUN_END status=OK
[2026-06-09T07:49:05] RUN_START run_id=LDO_CCNlite_063
[2026-06-09T07:49:05] PARAM implementation=CCNlite
[2026-06-09T07:49:05] PARAM workload_type=LDO
[2026-06-09T07:49:05] PARAM test_link=LI_10GbE_aggregation_backhaul
[2026-06-09T07:49:05] METRIC object_size_bytes=3403573.9
[2026-06-09T07:49:05] METRIC link_bandwidth_gbps=10.0
[2026-06-09T07:49:05] METRIC throughput_gbps=2.7235
[2026-06-09T07:49:05] METRIC latency_ms=143.8143
[2026-06-09T07:49:05] METRIC cpu_util_pct=68.88
[2026-06-09T07:49:05] RUN_END status=OK
[2026-06-09T07:49:56] RUN_START run_id=LDO_CCNlite_064
[2026-06-09T07:49:56] PARAM implementation=CCNlite
[2026-06-09T07:49:56] PARAM workload_type=LDO
[2026-06-09T07:49:56] PARAM test_link=LI_10GbE_aggregation_backhaul
[2026-06-09T07:49:56] METRIC object_size_bytes=4452693.7
[2026-06-09T07:49:56] METRIC link_bandwidth_gbps=10.0
[2026-06-09T07:49:56] METRIC throughput_gbps=2.6811
[2026-06-09T07:49:56] METRIC latency_ms=128.7284
[2026-06-09T07:49:56] METRIC cpu_util_pct=68.06
[2026-06-09T07:49:56] RUN_END status=OK
[2026-06-09T07:52:48] RUN_START run_id=LDO_CCNlite_065
[2026-06-09T07:52:48] PARAM implementation=CCNlite
[2026-06-09T07:52:48] PARAM workload_type=LDO
[2026-06-09T07:52:48] PARAM test_link=LI_10GbE_aggregation_backhaul
[2026-06-09T07:52:48] METRIC object_size_bytes=2703298.1
[2026-06-09T07:52:48] METRIC link_bandwidth_gbps=10.0
[2026-06-09T07:52:48] METRIC throughput_gbps=2.6589
[2026-06-09T07:52:48] METRIC latency_ms=130.7397
[2026-06-09T07:52:48] METRIC cpu_util_pct=62.28
[2026-06-09T07:52:48] RUN_END status=OK
[2026-06-09T07:54:34] RUN_START run_id=LDO_CCNlite_066
[2026-06-09T07:54:34] PARAM implementation=CCNlite
[2026-06-09T07:54:34] PARAM workload_type=LDO
[2026-06-09T07:54:34] PARAM test_link=LI_10GbE_aggregation_backhaul
[2026-06-09T07:54:34] METRIC object_size_bytes=4011962.0
[2026-06-09T07:54:34] METRIC link_bandwidth_gbps=10.0
[2026-06-09T07:54:34] METRIC throughput_gbps=2.7134
[2026-06-09T07:54:34] METRIC latency_ms=142.4935
[2026-06-09T07:54:34] METRIC cpu_util_pct=64.48
[2026-06-09T07:54:34] RUN_END status=OK
