[2026-06-19T01:57:30] RUN_START run_id=SDO_NFD_032
[2026-06-19T01:57:30] PARAM implementation=NFD
[2026-06-19T01:57:30] PARAM workload_type=SDO
[2026-06-19T01:57:30] PARAM test_link=LI_10GbE_aggregation_backhaul
[2026-06-19T01:57:30] METRIC object_size_bytes=408.9
[2026-06-19T01:57:30] METRIC link_bandwidth_gbps=10.0
[2026-06-19T01:57:30] METRIC throughput_gbps=1.1581
[2026-06-19T01:57:30] METRIC latency_ms=1.3865
[2026-06-19T01:57:30] METRIC cpu_util_pct=46.27
[2026-06-19T01:57:30] RUN_END status=OK
[2026-06-19T01:58:15] RUN_START run_id=SDO_NFD_033
[2026-06-19T01:58:15] PARAM implementation=NFD
[2026-06-19T01:58:15] PARAM workload_type=SDO
[2026-06-19T01:58:15] PARAM test_link=LI_10GbE_aggregation_backhaul
[2026-06-19T01:58:15] METRIC object_size_bytes=1125.0
[2026-06-19T01:58:15] METRIC link_bandwidth_gbps=10.0
[2026-06-19T01:58:15] METRIC throughput_gbps=1.2442
[2026-06-19T01:58:15] METRIC latency_ms=1.3227
[2026-06-19T01:58:15] METRIC cpu_util_pct=43.75
[2026-06-19T01:58:15] RUN_END status=OK
[2026-06-19T02:00:58] RUN_START run_id=SDO_NFD_034
[2026-06-19T02:00:58] PARAM implementation=NFD
[2026-06-19T02:00:58] PARAM workload_type=SDO
[2026-06-19T02:00:58] PARAM test_link=LI_10GbE_aggregation_backhaul
[2026-06-19T02:00:58] METRIC object_size_bytes=1684.3
[2026-06-19T02:00:58] METRIC link_bandwidth_gbps=10.0
[2026-06-19T02:00:58] METRIC throughput_gbps=1.1757
[2026-06-19T02:00:58] METRIC latency_ms=1.1921
[2026-06-19T02:00:58] METRIC cpu_util_pct=46.64
[2026-06-19T02:00:58] RUN_END status=OK
[2026-06-19T02:08:55] RUN_START run_id=SDO_NFD_035
[2026-06-19T02:08:55] PARAM implementation=NFD
[2026-06-19T02:08:55] PARAM workload_type=SDO
[2026-06-19T02:08:55] PARAM test_link=LI_10GbE_aggregation_backhaul
[2026-06-19T02:08:55] METRIC object_size_bytes=1397.1
[2026-06-19T02:08:55] METRIC link_bandwidth_gbps=10.0
[2026-06-19T02:08:55] METRIC throughput_gbps=1.2329
[2026-06-19T02:08:55] METRIC latency_ms=1.4465
[2026-06-19T02:08:55] METRIC cpu_util_pct=45.4
[2026-06-19T02:08:55] RUN_END status=OK
[2026-06-19T02:12:25] RUN_START run_id=SDO_NFD_036
[2026-06-19T02:12:25] PARAM implementation=NFD
[2026-06-19T02:12:25] PARAM workload_type=SDO
[2026-06-19T02:12:25] PARAM test_link=LI_10GbE_aggregation_backhaul
[2026-06-19T02:12:25] METRIC object_size_bytes=188.3
[2026-06-19T02:12:25] METRIC link_bandwidth_gbps=10.0
[2026-06-19T02:12:25] METRIC throughput_gbps=1.2417
[2026-06-19T02:12:25] METRIC latency_ms=1.315
[2026-06-19T02:12:25] METRIC cpu_util_pct=47.88
[2026-06-19T02:12:25] RUN_END status=OK
[2026-06-19T02:18:37] RUN_START run_id=SDO_NFD_037
[2026-06-19T02:18:37] PARAM implementation=NFD
[2026-06-19T02:18:37] PARAM workload_type=SDO
[2026-06-19T02:18:37] PARAM test_link=LI_10GbE_aggregation_backhaul
[2026-06-19T02:18:37] METRIC object_size_bytes=1214.4
[2026-06-19T02:18:37] METRIC link_bandwidth_gbps=10.0
[2026-06-19T02:18:37] METRIC throughput_gbps=1.1278
[2026-06-19T02:18:37] METRIC latency_ms=1.343
[2026-06-19T02:18:37] METRIC cpu_util_pct=45.64
[2026-06-19T02:18:37] RUN_END status=OK
[2026-06-19T02:19:17] RUN_START run_id=SDO_NFD_038
[2026-06-19T02:19:17] PARAM implementation=NFD
[2026-06-19T02:19:17] PARAM workload_type=SDO
[2026-06-19T02:19:17] PARAM test_link=LI_10GbE_aggregation_backhaul
[2026-06-19T02:19:17] METRIC object_size_bytes=696.6
[2026-06-19T02:19:17] METRIC link_bandwidth_gbps=10.0
[2026-06-19T02:19:17] METRIC throughput_gbps=1.1776
[2026-06-19T02:19:17] METRIC latency_ms=1.4181
[2026-06-19T02:19:17] METRIC cpu_util_pct=46.67
[2026-06-19T02:19:17] RUN_END status=OK
[2026-06-19T02:21:28] RUN_START run_id=SDO_NFD_039
[2026-06-19T02:21:28] PARAM implementation=NFD
[2026-06-19T02:21:28] PARAM workload_type=SDO
[2026-06-19T02:21:28] PARAM test_link=LI_10GbE_aggregation_backhaul
[2026-06-19T02:21:28] METRIC object_size_bytes=1343.0
[2026-06-19T02:21:28] METRIC link_bandwidth_gbps=10.0
[2026-06-19T02:21:28] METRIC throughput_gbps=1.1894
[2026-06-19T02:21:28] METRIC latency_ms=1.4511
[2026-06-19T02:21:28] METRIC cpu_util_pct=49.05
[2026-06-19T02:21:28] RUN_END status=OK
[2026-06-20T08:08:22] RUN_START run_id=SDO_NFD_040
[2026-06-20T08:08:22] PARAM implementation=NFD
[2026-06-20T08:08:22] PARAM workload_type=SDO
[2026-06-20T08:08:22] PARAM test_link=LI_10GbE_aggregation_backhaul
[2026-06-20T08:08:22] METRIC object_size_bytes=1952.9
[2026-06-20T08:08:22] METRIC link_bandwidth_gbps=10.0
[2026-06-20T08:08:22] METRIC throughput_gbps=1.2369
[2026-06-20T08:08:22] METRIC latency_ms=1.5389
[2026-06-20T08:08:22] METRIC cpu_util_pct=46.36
[2026-06-20T08:08:22] RUN_END status=OK
[2026-06-20T08:11:45] RUN_START run_id=SDO_NFD_041
[2026-06-20T08:11:45] PARAM implementation=NFD
[2026-06-20T08:11:45] PARAM workload_type=SDO
[2026-06-20T08:11:45] PARAM test_link=LI_10GbE_aggregation_backhaul
[2026-06-20T08:11:45] METRIC object_size_bytes=1763.0
[2026-06-20T08:11:45] METRIC link_bandwidth_gbps=10.0
[2026-06-20T08:11:45] METRIC throughput_gbps=1.2427
[2026-06-20T08:11:45] METRIC latency_ms=1.4797
[2026-06-20T08:11:45] METRIC cpu_util_pct=45.86
[2026-06-20T08:11:45] RUN_END status=OK
[2026-06-20T08:13:03] RUN_START run_id=SDO_NFD_042
[2026-06-20T08:13:03] PARAM implementation=NFD
[2026-06-20T08:13:03] PARAM workload_type=SDO
[2026-06-20T08:13:03] PARAM test_link=LI_10GbE_aggregation_backhaul
[2026-06-20T08:13:03] METRIC object_size_bytes=1544.7
[2026-06-20T08:13:03] METRIC link_bandwidth_gbps=10.0
[2026-06-20T08:13:03] METRIC throughput_gbps=1.1462
[2026-06-20T08:13:03] METRIC latency_ms=1.4325
[2026-06-20T08:13:03] METRIC cpu_util_pct=45.44
[2026-06-20T08:13:03] RUN_END status=OK
[2026-06-20T08:15:30] RUN_START run_id=SDO_NFD_043
[2026-06-20T08:15:30] PARAM implementation=NFD
[2026-06-20T08:15:30] PARAM workload_type=SDO
[2026-06-20T08:15:30] PARAM test_link=LI_10GbE_aggregation_backhaul
[2026-06-20T08:15:30] METRIC object_size_bytes=1240.0
[2026-06-20T08:15:30] METRIC link_bandwidth_gbps=10.0
[2026-06-20T08:15:30] METRIC throughput_gbps=1.2034
[2026-06-20T08:15:30] METRIC latency_ms=1.3707
[2026-06-20T08:15:30] METRIC cpu_util_pct=44.2
[2026-06-20T08:15:30] RUN_END status=OK
