[2026-06-21T08:03:50] RUN_START run_id=SDO_NFD_080
[2026-06-21T08:03:50] PARAM implementation=NFD
[2026-06-21T08:03:50] PARAM workload_type=SDO
[2026-06-21T08:03:50] PARAM test_link=LI_10GbE_aggregation_backhaul
[2026-06-21T08:03:50] METRIC object_size_bytes=688.0
[2026-06-21T08:03:50] METRIC link_bandwidth_gbps=10.0
[2026-06-21T08:03:50] METRIC throughput_gbps=1.1492
[2026-06-21T08:03:50] METRIC latency_ms=1.6154
[2026-06-21T08:03:50] METRIC cpu_util_pct=46.13
[2026-06-21T08:03:50] RUN_END status=OK
[2026-06-21T08:04:21] RUN_START run_id=SDO_NFD_081
[2026-06-21T08:04:21] PARAM implementation=NFD
[2026-06-21T08:04:21] PARAM workload_type=SDO
[2026-06-21T08:04:21] PARAM test_link=LI_10GbE_aggregation_backhaul
[2026-06-21T08:04:21] METRIC object_size_bytes=543.6
[2026-06-21T08:04:21] METRIC link_bandwidth_gbps=10.0
[2026-06-21T08:04:21] METRIC throughput_gbps=1.2451
[2026-06-21T08:04:21] METRIC latency_ms=1.4158
[2026-06-21T08:04:21] METRIC cpu_util_pct=48.18
[2026-06-21T08:04:21] RUN_END status=OK
[2026-06-21T08:05:51] RUN_START run_id=SDO_NFD_082
[2026-06-21T08:05:51] PARAM implementation=NFD
[2026-06-21T08:05:51] PARAM workload_type=SDO
[2026-06-21T08:05:51] PARAM test_link=LI_10GbE_aggregation_backhaul
[2026-06-21T08:05:51] METRIC object_size_bytes=1179.5
[2026-06-21T08:05:51] METRIC link_bandwidth_gbps=10.0
[2026-06-21T08:05:51] METRIC throughput_gbps=1.1701
[2026-06-21T08:05:51] METRIC latency_ms=1.3968
[2026-06-21T08:05:51] METRIC cpu_util_pct=46.7
[2026-06-21T08:05:51] RUN_END status=OK
[2026-06-21T08:06:47] RUN_START run_id=SDO_NFD_083
[2026-06-21T08:06:47] PARAM implementation=NFD
[2026-06-21T08:06:47] PARAM workload_type=SDO
[2026-06-21T08:06:47] PARAM test_link=LI_10GbE_aggregation_backhaul
[2026-06-21T08:06:47] METRIC object_size_bytes=1961.8
[2026-06-21T08:06:47] METRIC link_bandwidth_gbps=10.0
[2026-06-21T08:06:47] METRIC throughput_gbps=1.264
[2026-06-21T08:06:47] METRIC latency_ms=1.4462
[2026-06-21T08:06:47] METRIC cpu_util_pct=46.48
[2026-06-21T08:06:47] RUN_END status=OK
[2026-06-21T08:07:49] RUN_START run_id=SDO_NFD_084
[2026-06-21T08:07:49] PARAM implementation=NFD
[2026-06-21T08:07:49] PARAM workload_type=SDO
[2026-06-21T08:07:49] PARAM test_link=LI_10GbE_aggregation_backhaul
[2026-06-21T08:07:49] METRIC object_size_bytes=441.9
[2026-06-21T08:07:49] METRIC link_bandwidth_gbps=10.0
[2026-06-21T08:07:49] METRIC throughput_gbps=1.2305
[2026-06-21T08:07:49] METRIC latency_ms=1.3301
[2026-06-21T08:07:49] METRIC cpu_util_pct=48.26
[2026-06-21T08:07:49] RUN_END status=OK
[2026-06-21T08:09:54] RUN_START run_id=SDO_NFD_085
[2026-06-21T08:09:54] PARAM implementation=NFD
[2026-06-21T08:09:54] PARAM workload_type=SDO
[2026-06-21T08:09:54] PARAM test_link=LI_10GbE_aggregation_backhaul
[2026-06-21T08:09:54] METRIC object_size_bytes=1792.9
[2026-06-21T08:09:54] METRIC link_bandwidth_gbps=10.0
[2026-06-21T08:09:54] METRIC throughput_gbps=1.1817
[2026-06-21T08:09:54] METRIC latency_ms=1.3349
[2026-06-21T08:09:54] METRIC cpu_util_pct=50.75
[2026-06-21T08:09:54] RUN_END status=OK
[2026-06-21T08:12:31] RUN_START run_id=SDO_NFD_086
[2026-06-21T08:12:31] PARAM implementation=NFD
[2026-06-21T08:12:31] PARAM workload_type=SDO
[2026-06-21T08:12:31] PARAM test_link=LI_10GbE_aggregation_backhaul
[2026-06-21T08:12:31] METRIC object_size_bytes=984.7
[2026-06-21T08:12:31] METRIC link_bandwidth_gbps=10.0
[2026-06-21T08:12:31] METRIC throughput_gbps=1.2041
[2026-06-21T08:12:31] METRIC latency_ms=1.3262
[2026-06-21T08:12:31] METRIC cpu_util_pct=50.61
[2026-06-21T08:12:31] RUN_END status=OK
[2026-06-21T08:13:56] RUN_START run_id=SDO_NFD_087
[2026-06-21T08:13:56] PARAM implementation=NFD
[2026-06-21T08:13:56] PARAM workload_type=SDO
[2026-06-21T08:13:56] PARAM test_link=LI_10GbE_aggregation_backhaul
[2026-06-21T08:13:56] METRIC object_size_bytes=462.6
[2026-06-21T08:13:56] METRIC link_bandwidth_gbps=10.0
[2026-06-21T08:13:56] METRIC throughput_gbps=1.1576
[2026-06-21T08:13:56] METRIC latency_ms=1.4655
[2026-06-21T08:13:56] METRIC cpu_util_pct=47.79
[2026-06-21T08:13:56] RUN_END status=OK
[2026-06-21T08:15:03] RUN_START run_id=SDO_NFD_088
[2026-06-21T08:15:03] PARAM implementation=NFD
[2026-06-21T08:15:03] PARAM workload_type=SDO
[2026-06-21T08:15:03] PARAM test_link=LI_10GbE_aggregation_backhaul
[2026-06-21T08:15:03] METRIC object_size_bytes=625.9
[2026-06-21T08:15:03] METRIC link_bandwidth_gbps=10.0
[2026-06-21T08:15:03] METRIC throughput_gbps=1.1535
[2026-06-21T08:15:03] METRIC latency_ms=1.2831
[2026-06-21T08:15:03] METRIC cpu_util_pct=46.61
[2026-06-21T08:15:03] RUN_END status=OK
[2026-06-21T08:17:20] RUN_START run_id=SDO_NFD_089
[2026-06-21T08:17:20] PARAM implementation=NFD
[2026-06-21T08:17:20] PARAM workload_type=SDO
[2026-06-21T08:17:20] PARAM test_link=LI_10GbE_aggregation_backhaul
[2026-06-21T08:17:20] METRIC object_size_bytes=1479.4
[2026-06-21T08:17:20] METRIC link_bandwidth_gbps=10.0
[2026-06-21T08:17:20] METRIC throughput_gbps=1.2482
[2026-06-21T08:17:20] METRIC latency_ms=1.4161
[2026-06-21T08:17:20] METRIC cpu_util_pct=47.4
[2026-06-21T08:17:20] RUN_END status=OK
[2026-06-21T08:19:02] RUN_START run_id=SDO_NFD_090
[2026-06-21T08:19:02] PARAM implementation=NFD
[2026-06-21T08:19:02] PARAM workload_type=SDO
[2026-06-21T08:19:02] PARAM test_link=LI_10GbE_aggregation_backhaul
[2026-06-21T08:19:02] METRIC object_size_bytes=1964.2
[2026-06-21T08:19:02] METRIC link_bandwidth_gbps=10.0
[2026-06-21T08:19:02] METRIC throughput_gbps=1.1855
[2026-06-21T08:19:02] METRIC latency_ms=1.3998
[2026-06-21T08:19:02] METRIC cpu_util_pct=48.01
[2026-06-21T08:19:02] RUN_END status=OK
