[2026-04-18T13:48:40] RUN_START run_id=MDO_NFD_099
[2026-04-18T13:48:40] PARAM implementation=NFD
[2026-04-18T13:48:40] PARAM workload_type=MDO
[2026-04-18T13:48:40] PARAM test_link=LI_10GbE_aggregation_backhaul
[2026-04-18T13:48:40] METRIC object_size_bytes=115376.0
[2026-04-18T13:48:40] METRIC link_bandwidth_gbps=10.0
[2026-04-18T13:48:40] METRIC throughput_gbps=2.9479
[2026-04-18T13:48:40] METRIC latency_ms=14.5047
[2026-04-18T13:48:40] METRIC cpu_util_pct=52.13
[2026-04-18T13:48:40] RUN_END status=OK
[2026-04-19T11:38:18] RUN_START run_id=MDO_NFD_100
[2026-04-19T11:38:18] PARAM implementation=NFD
[2026-04-19T11:38:18] PARAM workload_type=MDO
[2026-04-19T11:38:18] PARAM test_link=LI_10GbE_aggregation_backhaul
[2026-04-19T11:38:18] METRIC object_size_bytes=162174.1
[2026-04-19T11:38:18] METRIC link_bandwidth_gbps=10.0
[2026-04-19T11:38:18] METRIC throughput_gbps=3.0007
[2026-04-19T11:38:18] METRIC latency_ms=16.602
[2026-04-19T11:38:18] METRIC cpu_util_pct=52.33
[2026-04-19T11:38:18] RUN_END status=OK
[2026-04-19T11:39:17] RUN_START run_id=MDO_NFD_101
[2026-04-19T11:39:17] PARAM implementation=NFD
[2026-04-19T11:39:17] PARAM workload_type=MDO
[2026-04-19T11:39:17] PARAM test_link=LI_10GbE_aggregation_backhaul
[2026-04-19T11:39:17] METRIC object_size_bytes=493167.3
[2026-04-19T11:39:17] METRIC link_bandwidth_gbps=10.0
[2026-04-19T11:39:17] METRIC throughput_gbps=2.6234
[2026-04-19T11:39:17] METRIC latency_ms=15.5381
[2026-04-19T11:39:17] METRIC cpu_util_pct=51.23
[2026-04-19T11:39:17] RUN_END status=OK
[2026-04-19T11:42:03] RUN_START run_id=MDO_NFD_102
[2026-04-19T11:42:03] PARAM implementation=NFD
[2026-04-19T11:42:03] PARAM workload_type=MDO
[2026-04-19T11:42:03] PARAM test_link=LI_10GbE_aggregation_backhaul
[2026-04-19T11:42:03] METRIC object_size_bytes=215402.3
[2026-04-19T11:42:03] METRIC link_bandwidth_gbps=10.0
[2026-04-19T11:42:03] METRIC throughput_gbps=2.7683
[2026-04-19T11:42:03] METRIC latency_ms=18.0445
[2026-04-19T11:42:03] METRIC cpu_util_pct=51.69
[2026-04-19T11:42:03] RUN_END status=OK
[2026-04-19T11:42:57] RUN_START run_id=MDO_NFD_103
[2026-04-19T11:42:57] PARAM implementation=NFD
[2026-04-19T11:42:57] PARAM workload_type=MDO
[2026-04-19T11:42:57] PARAM test_link=LI_10GbE_aggregation_backhaul
[2026-04-19T11:42:57] METRIC object_size_bytes=417997.3
[2026-04-19T11:42:57] METRIC link_bandwidth_gbps=10.0
[2026-04-19T11:42:57] METRIC throughput_gbps=2.7982
[2026-04-19T11:42:57] METRIC latency_ms=18.9594
[2026-04-19T11:42:57] METRIC cpu_util_pct=53.74
[2026-04-19T11:42:57] RUN_END status=OK
[2026-04-19T11:43:55] RUN_START run_id=MDO_NFD_104
[2026-04-19T11:43:55] PARAM implementation=NFD
[2026-04-19T11:43:55] PARAM workload_type=MDO
[2026-04-19T11:43:55] PARAM test_link=LI_10GbE_aggregation_backhaul
[2026-04-19T11:43:55] METRIC object_size_bytes=464900.8
[2026-04-19T11:43:55] METRIC link_bandwidth_gbps=10.0
[2026-04-19T11:43:55] METRIC throughput_gbps=2.7559
[2026-04-19T11:43:55] METRIC latency_ms=16.2155
[2026-04-19T11:43:55] METRIC cpu_util_pct=52.26
[2026-04-19T11:43:55] RUN_END status=OK
[2026-04-19T11:45:07] RUN_START run_id=MDO_NFD_105
[2026-04-19T11:45:07] PARAM implementation=NFD
[2026-04-19T11:45:07] PARAM workload_type=MDO
[2026-04-19T11:45:07] PARAM test_link=LI_10GbE_aggregation_backhaul
[2026-04-19T11:45:07] METRIC object_size_bytes=195734.4
[2026-04-19T11:45:07] METRIC link_bandwidth_gbps=10.0
[2026-04-19T11:45:07] METRIC throughput_gbps=2.8467
[2026-04-19T11:45:07] METRIC latency_ms=15.6201
[2026-04-19T11:45:07] METRIC cpu_util_pct=50.43
[2026-04-19T11:45:07] RUN_END status=OK
[2026-04-19T11:47:00] RUN_START run_id=MDO_NFD_106
[2026-04-19T11:47:00] PARAM implementation=NFD
[2026-04-19T11:47:00] PARAM workload_type=MDO
[2026-04-19T11:47:00] PARAM test_link=LI_10GbE_aggregation_backhaul
[2026-04-19T11:47:00] METRIC object_size_bytes=504090.0
[2026-04-19T11:47:00] METRIC link_bandwidth_gbps=10.0
[2026-04-19T11:47:00] METRIC throughput_gbps=2.7659
[2026-04-19T11:47:00] METRIC latency_ms=17.8921
[2026-04-19T11:47:00] METRIC cpu_util_pct=50.46
[2026-04-19T11:47:00] RUN_END status=OK
[2026-04-19T11:48:49] RUN_START run_id=MDO_NFD_107
[2026-04-19T11:48:49] PARAM implementation=NFD
[2026-04-19T11:48:49] PARAM workload_type=MDO
[2026-04-19T11:48:49] PARAM test_link=LI_10GbE_aggregation_backhaul
[2026-04-19T11:48:49] METRIC object_size_bytes=116870.6
[2026-04-19T11:48:49] METRIC link_bandwidth_gbps=10.0
[2026-04-19T11:48:49] METRIC throughput_gbps=2.8314
[2026-04-19T11:48:49] METRIC latency_ms=17.1335
[2026-04-19T11:48:49] METRIC cpu_util_pct=53.64
[2026-04-19T11:48:49] RUN_END status=OK
[2026-04-19T11:51:12] RUN_START run_id=MDO_NFD_108
[2026-04-19T11:51:12] PARAM implementation=NFD
[2026-04-19T11:51:12] PARAM workload_type=MDO
[2026-04-19T11:51:12] PARAM test_link=LI_10GbE_aggregation_backhaul
[2026-04-19T11:51:12] METRIC object_size_bytes=378532.7
[2026-04-19T11:51:12] METRIC link_bandwidth_gbps=10.0
[2026-04-19T11:51:12] METRIC throughput_gbps=2.7247
[2026-04-19T11:51:12] METRIC latency_ms=16.6552
[2026-04-19T11:51:12] METRIC cpu_util_pct=51.97
[2026-04-19T11:51:12] RUN_END status=OK
[2026-04-19T11:53:31] RUN_START run_id=MDO_NFD_109
[2026-04-19T11:53:31] PARAM implementation=NFD
[2026-04-19T11:53:31] PARAM workload_type=MDO
[2026-04-19T11:53:31] PARAM test_link=LI_10GbE_aggregation_backhaul
[2026-04-19T11:53:31] METRIC object_size_bytes=252899.6
[2026-04-19T11:53:31] METRIC link_bandwidth_gbps=10.0
[2026-04-19T11:53:31] METRIC throughput_gbps=2.7007
[2026-04-19T11:53:31] METRIC latency_ms=16.4982
[2026-04-19T11:53:31] METRIC cpu_util_pct=50.53
[2026-04-19T11:53:31] RUN_END status=OK
[2026-04-19T11:54:56] RUN_START run_id=MDO_NFD_110
[2026-04-19T11:54:56] PARAM implementation=NFD
[2026-04-19T11:54:56] PARAM workload_type=MDO
[2026-04-19T11:54:56] PARAM test_link=LI_10GbE_aggregation_backhaul
[2026-04-19T11:54:56] METRIC object_size_bytes=101237.2
[2026-04-19T11:54:56] METRIC link_bandwidth_gbps=10.0
[2026-04-19T11:54:56] METRIC throughput_gbps=2.7216
[2026-04-19T11:54:56] METRIC latency_ms=16.5643
[2026-04-19T11:54:56] METRIC cpu_util_pct=57.48
[2026-04-19T11:54:56] RUN_END status=OK
[2026-04-19T11:56:08] RUN_START run_id=MDO_NFD_111
[2026-04-19T11:56:08] PARAM implementation=NFD
[2026-04-19T11:56:08] PARAM workload_type=MDO
[2026-04-19T11:56:08] PARAM test_link=LI_10GbE_aggregation_backhaul
[2026-04-19T11:56:08] METRIC object_size_bytes=508593.8
[2026-04-19T11:56:08] METRIC link_bandwidth_gbps=10.0
[2026-04-19T11:56:08] METRIC throughput_gbps=2.8464
[2026-04-19T11:56:08] METRIC latency_ms=16.3154
[2026-04-19T11:56:08] METRIC cpu_util_pct=53.92
[2026-04-19T11:56:08] RUN_END status=OK
[2026-04-19T11:57:15] RUN_START run_id=MDO_NFD_112
[2026-04-19T11:57:15] PARAM implementation=NFD
[2026-04-19T11:57:15] PARAM workload_type=MDO
[2026-04-19T11:57:15] PARAM test_link=LI_10GbE_aggregation_backhaul
[2026-04-19T11:57:15] METRIC object_size_bytes=187428.4
[2026-04-19T11:57:15] METRIC link_bandwidth_gbps=10.0
[2026-04-19T11:57:15] METRIC throughput_gbps=2.8258
[2026-04-19T11:57:15] METRIC latency_ms=17.6234
[2026-04-19T11:57:15] METRIC cpu_util_pct=51.4
[2026-04-19T11:57:15] RUN_END status=OK
[2026-04-19T12:00:22] RUN_START run_id=MDO_NFD_113
[2026-04-19T12:00:22] PARAM implementation=NFD
[2026-04-19T12:00:22] PARAM workload_type=MDO
[2026-04-19T12:00:22] PARAM test_link=LI_10GbE_aggregation_backhaul
[2026-04-19T12:00:22] METRIC object_size_bytes=181950.5
[2026-04-19T12:00:22] METRIC link_bandwidth_gbps=10.0
[2026-04-19T12:00:22] METRIC throughput_gbps=2.9102
[2026-04-19T12:00:22] METRIC latency_ms=17.9379
[2026-04-19T12:00:22] METRIC cpu_util_pct=54.37
[2026-04-19T12:00:22] RUN_END status=OK
[2026-04-19T12:03:26] RUN_START run_id=SDO_PythonNDN_031
[2026-04-19T12:03:26] PARAM implementation=PythonNDN
[2026-04-19T12:03:26] PARAM workload_type=SDO
[2026-04-19T12:03:26] PARAM test_link=LI_10GbE_aggregation_backhaul
[2026-04-19T12:03:26] METRIC object_size_bytes=792.7
[2026-04-19T12:03:26] METRIC link_bandwidth_gbps=10.0
[2026-04-19T12:03:26] METRIC throughput_gbps=0.399
[2026-04-19T12:03:26] METRIC latency_ms=3.111
[2026-04-19T12:03:26] METRIC cpu_util_pct=81.57
[2026-04-19T12:03:26] RUN_END status=OK
[2026-04-19T12:03:30] RUN_START run_id=MDO_NFD_114
[2026-04-19T12:03:30] PARAM implementation=NFD
[2026-04-19T12:03:30] PARAM workload_type=MDO
[2026-04-19T12:03:30] PARAM test_link=LI_10GbE_aggregation_backhaul
[2026-04-19T12:03:30] METRIC object_size_bytes=193313.1
[2026-04-19T12:03:30] METRIC link_bandwidth_gbps=10.0
[2026-04-19T12:03:30] METRIC throughput_gbps=2.854
[2026-04-19T12:03:30] METRIC latency_ms=16.9678
[2026-04-19T12:03:30] METRIC cpu_util_pct=57.09
[2026-04-19T12:03:30] RUN_END status=OK
