[2026-04-26T15:38:03] RUN_START run_id=SDO_uDCN_009
[2026-04-26T15:38:03] PARAM implementation=uDCN
[2026-04-26T15:38:03] PARAM workload_type=SDO
[2026-04-26T15:38:03] PARAM test_link=LI_10GbE_aggregation_backhaul
[2026-04-26T15:38:03] METRIC object_size_bytes=1682.1
[2026-04-26T15:38:03] METRIC link_bandwidth_gbps=10.0
[2026-04-26T15:38:03] METRIC throughput_gbps=4.7269
[2026-04-26T15:38:03] METRIC latency_ms=0.8073
[2026-04-26T15:38:03] METRIC cpu_util_pct=11.87
[2026-04-26T15:38:03] RUN_END status=OK
[2026-04-26T15:40:22] RUN_START run_id=SDO_uDCN_010
[2026-04-26T15:40:22] PARAM implementation=uDCN
[2026-04-26T15:40:22] PARAM workload_type=SDO
[2026-04-26T15:40:22] PARAM test_link=LI_10GbE_aggregation_backhaul
[2026-04-26T15:40:22] METRIC object_size_bytes=1031.4
[2026-04-26T15:40:22] METRIC link_bandwidth_gbps=10.0
[2026-04-26T15:40:22] METRIC throughput_gbps=4.4889
[2026-04-26T15:40:22] METRIC latency_ms=0.7395
[2026-04-26T15:40:22] METRIC cpu_util_pct=10.81
[2026-04-26T15:40:22] RUN_END status=OK
[2026-04-26T15:41:06] RUN_START run_id=SDO_uDCN_011
[2026-04-26T15:41:06] PARAM implementation=uDCN
[2026-04-26T15:41:06] PARAM workload_type=SDO
[2026-04-26T15:41:06] PARAM test_link=LI_10GbE_aggregation_backhaul
[2026-04-26T15:41:06] METRIC object_size_bytes=350.0
[2026-04-26T15:41:06] METRIC link_bandwidth_gbps=10.0
[2026-04-26T15:41:06] METRIC throughput_gbps=4.3853
[2026-04-26T15:41:06] METRIC latency_ms=0.7104
[2026-04-26T15:41:06] METRIC cpu_util_pct=11.82
[2026-04-26T15:41:06] RUN_END status=OK
[2026-04-26T15:43:51] RUN_START run_id=SDO_uDCN_012
[2026-04-26T15:43:51] PARAM implementation=uDCN
[2026-04-26T15:43:51] PARAM workload_type=SDO
[2026-04-26T15:43:51] PARAM test_link=LI_10GbE_aggregation_backhaul
[2026-04-26T15:43:51] METRIC object_size_bytes=1667.6
[2026-04-26T15:43:51] METRIC link_bandwidth_gbps=10.0
[2026-04-26T15:43:51] METRIC throughput_gbps=4.716
[2026-04-26T15:43:51] METRIC latency_ms=0.7392
[2026-04-26T15:43:51] METRIC cpu_util_pct=11.58
[2026-04-26T15:43:51] RUN_END status=OK
[2026-04-26T15:48:26] RUN_START run_id=SDO_uDCN_013
[2026-04-26T15:48:26] PARAM implementation=uDCN
[2026-04-26T15:48:26] PARAM workload_type=SDO
[2026-04-26T15:48:26] PARAM test_link=LI_10GbE_aggregation_backhaul
[2026-04-26T15:48:26] METRIC object_size_bytes=1069.3
[2026-04-26T15:48:26] METRIC link_bandwidth_gbps=10.0
[2026-04-26T15:48:26] METRIC throughput_gbps=4.2862
[2026-04-26T15:48:26] METRIC latency_ms=0.7555
[2026-04-26T15:48:26] METRIC cpu_util_pct=11.85
[2026-04-26T15:48:26] RUN_END status=OK
[2026-04-26T15:49:02] RUN_START run_id=SDO_uDCN_014
[2026-04-26T15:49:02] PARAM implementation=uDCN
[2026-04-26T15:49:02] PARAM workload_type=SDO
[2026-04-26T15:49:02] PARAM test_link=LI_10GbE_aggregation_backhaul
[2026-04-26T15:49:02] METRIC object_size_bytes=959.6
[2026-04-26T15:49:02] METRIC link_bandwidth_gbps=10.0
[2026-04-26T15:49:02] METRIC throughput_gbps=4.4382
[2026-04-26T15:49:02] METRIC latency_ms=0.7851
[2026-04-26T15:49:02] METRIC cpu_util_pct=11.0
[2026-04-26T15:49:02] RUN_END status=OK
[2026-04-26T15:50:00] RUN_START run_id=SDO_uDCN_015
[2026-04-26T15:50:00] PARAM implementation=uDCN
[2026-04-26T15:50:00] PARAM workload_type=SDO
[2026-04-26T15:50:00] PARAM test_link=LI_10GbE_aggregation_backhaul
[2026-04-26T15:50:00] METRIC object_size_bytes=1513.8
[2026-04-26T15:50:00] METRIC link_bandwidth_gbps=10.0
[2026-04-26T15:50:00] METRIC throughput_gbps=4.702
[2026-04-26T15:50:00] METRIC latency_ms=0.8141
[2026-04-26T15:50:00] METRIC cpu_util_pct=11.43
[2026-04-26T15:50:00] RUN_END status=OK
[2026-04-27T02:28:55] RUN_START run_id=LDO_PythonNDN_066
[2026-04-27T02:28:55] PARAM implementation=PythonNDN
[2026-04-27T02:28:55] PARAM workload_type=LDO
[2026-04-27T02:28:55] PARAM test_link=LI_10GbE_aggregation_backhaul
[2026-04-27T02:28:55] METRIC object_size_bytes=1570822.4
[2026-04-27T02:28:55] METRIC link_bandwidth_gbps=10.0
[2026-04-27T02:28:55] METRIC throughput_gbps=0.8569
[2026-04-27T02:28:55] METRIC latency_ms=162.5477
[2026-04-27T02:28:55] METRIC cpu_util_pct=100.0
[2026-04-27T02:28:55] RUN_END status=OK
[2026-04-27T02:30:28] RUN_START run_id=LDO_PythonNDN_067
[2026-04-27T02:30:28] PARAM implementation=PythonNDN
[2026-04-27T02:30:28] PARAM workload_type=LDO
[2026-04-27T02:30:28] PARAM test_link=LI_10GbE_aggregation_backhaul
[2026-04-27T02:30:28] METRIC object_size_bytes=1174268.8
[2026-04-27T02:30:28] METRIC link_bandwidth_gbps=10.0
[2026-04-27T02:30:28] METRIC throughput_gbps=0.7765
[2026-04-27T02:30:28] METRIC latency_ms=167.9526
[2026-04-27T02:30:28] METRIC cpu_util_pct=88.76
[2026-04-27T02:30:28] RUN_END status=OK
[2026-04-27T02:34:51] RUN_START run_id=LDO_PythonNDN_068
[2026-04-27T02:34:51] PARAM implementation=PythonNDN
[2026-04-27T02:34:51] PARAM workload_type=LDO
[2026-04-27T02:34:51] PARAM test_link=LI_10GbE_aggregation_backhaul
[2026-04-27T02:34:51] METRIC object_size_bytes=2388513.9
[2026-04-27T02:34:51] METRIC link_bandwidth_gbps=10.0
[2026-04-27T02:34:51] METRIC throughput_gbps=0.7755
[2026-04-27T02:34:51] METRIC latency_ms=181.315
[2026-04-27T02:34:51] METRIC cpu_util_pct=90.66
[2026-04-27T02:34:51] RUN_END status=OK
[2026-04-27T02:36:11] RUN_START run_id=LDO_PythonNDN_069
[2026-04-27T02:36:11] PARAM implementation=PythonNDN
[2026-04-27T02:36:11] PARAM workload_type=LDO
[2026-04-27T02:36:11] PARAM test_link=LI_10GbE_aggregation_backhaul
[2026-04-27T02:36:11] METRIC object_size_bytes=3625639.1
[2026-04-27T02:36:11] METRIC link_bandwidth_gbps=10.0
[2026-04-27T02:36:11] METRIC throughput_gbps=0.8159
[2026-04-27T02:36:11] METRIC latency_ms=151.0315
[2026-04-27T02:36:11] METRIC cpu_util_pct=99.38
[2026-04-27T02:36:11] RUN_END status=OK
[2026-04-27T02:37:25] RUN_START run_id=LDO_PythonNDN_070
[2026-04-27T02:37:25] PARAM implementation=PythonNDN
[2026-04-27T02:37:25] PARAM workload_type=LDO
[2026-04-27T02:37:25] PARAM test_link=LI_10GbE_aggregation_backhaul
[2026-04-27T02:37:25] METRIC object_size_bytes=3121023.5
[2026-04-27T02:37:25] METRIC link_bandwidth_gbps=10.0
[2026-04-27T02:37:25] METRIC throughput_gbps=0.7761
[2026-04-27T02:37:25] METRIC latency_ms=163.4976
[2026-04-27T02:37:25] METRIC cpu_util_pct=96.39
[2026-04-27T02:37:25] RUN_END status=OK
[2026-04-27T02:38:42] RUN_START run_id=LDO_PythonNDN_071
[2026-04-27T02:38:42] PARAM implementation=PythonNDN
[2026-04-27T02:38:42] PARAM workload_type=LDO
[2026-04-27T02:38:42] PARAM test_link=LI_10GbE_aggregation_backhaul
[2026-04-27T02:38:42] METRIC object_size_bytes=1899076.3
[2026-04-27T02:38:42] METRIC link_bandwidth_gbps=10.0
[2026-04-27T02:38:42] METRIC throughput_gbps=0.804
[2026-04-27T02:38:42] METRIC latency_ms=154.8837
[2026-04-27T02:38:42] METRIC cpu_util_pct=91.28
[2026-04-27T02:38:42] RUN_END status=OK
[2026-04-27T02:42:00] RUN_START run_id=LDO_PythonNDN_072
[2026-04-27T02:42:00] PARAM implementation=PythonNDN
[2026-04-27T02:42:00] PARAM workload_type=LDO
[2026-04-27T02:42:00] PARAM test_link=LI_10GbE_aggregation_backhaul
[2026-04-27T02:42:00] METRIC object_size_bytes=2027352.4
[2026-04-27T02:42:00] METRIC link_bandwidth_gbps=10.0
[2026-04-27T02:42:00] METRIC throughput_gbps=0.7823
[2026-04-27T02:42:00] METRIC latency_ms=183.0627
[2026-04-27T02:42:00] METRIC cpu_util_pct=100.0
[2026-04-27T02:42:00] RUN_END status=OK
[2026-04-27T02:45:38] RUN_START run_id=LDO_PythonNDN_073
[2026-04-27T02:45:38] PARAM implementation=PythonNDN
[2026-04-27T02:45:38] PARAM workload_type=LDO
[2026-04-27T02:45:38] PARAM test_link=LI_10GbE_aggregation_backhaul
[2026-04-27T02:45:38] METRIC object_size_bytes=3330960.2
[2026-04-27T02:45:38] METRIC link_bandwidth_gbps=10.0
[2026-04-27T02:45:38] METRIC throughput_gbps=0.8389
[2026-04-27T02:45:38] METRIC latency_ms=155.5908
[2026-04-27T02:45:38] METRIC cpu_util_pct=88.71
[2026-04-27T02:45:38] RUN_END status=OK
[2026-04-27T02:49:28] RUN_START run_id=LDO_PythonNDN_074
[2026-04-27T02:49:28] PARAM implementation=PythonNDN
[2026-04-27T02:49:28] PARAM workload_type=LDO
[2026-04-27T02:49:28] PARAM test_link=LI_10GbE_aggregation_backhaul
[2026-04-27T02:49:28] METRIC object_size_bytes=4161142.3
[2026-04-27T02:49:28] METRIC link_bandwidth_gbps=10.0
[2026-04-27T02:49:28] METRIC throughput_gbps=0.7824
[2026-04-27T02:49:28] METRIC latency_ms=150.2397
[2026-04-27T02:49:28] METRIC cpu_util_pct=85.42
[2026-04-27T02:49:28] RUN_END status=OK
[2026-04-27T02:52:26] RUN_START run_id=LDO_PythonNDN_075
[2026-04-27T02:52:26] PARAM implementation=PythonNDN
[2026-04-27T02:52:26] PARAM workload_type=LDO
[2026-04-27T02:52:26] PARAM test_link=LI_10GbE_aggregation_backhaul
[2026-04-27T02:52:26] METRIC object_size_bytes=1328091.1
[2026-04-27T02:52:26] METRIC link_bandwidth_gbps=10.0
[2026-04-27T02:52:26] METRIC throughput_gbps=0.8837
[2026-04-27T02:52:26] METRIC latency_ms=142.2373
[2026-04-27T02:52:26] METRIC cpu_util_pct=96.32
[2026-04-27T02:52:26] RUN_END status=OK
[2026-04-27T02:57:08] RUN_START run_id=LDO_PythonNDN_076
[2026-04-27T02:57:08] PARAM implementation=PythonNDN
[2026-04-27T02:57:08] PARAM workload_type=LDO
[2026-04-27T02:57:08] PARAM test_link=LI_10GbE_aggregation_backhaul
[2026-04-27T02:57:08] METRIC object_size_bytes=3328238.4
[2026-04-27T02:57:08] METRIC link_bandwidth_gbps=10.0
[2026-04-27T02:57:08] METRIC throughput_gbps=0.8401
[2026-04-27T02:57:08] METRIC latency_ms=155.1814
[2026-04-27T02:57:08] METRIC cpu_util_pct=97.86
[2026-04-27T02:57:08] RUN_END status=OK
