[2026-05-17T05:50:38] RUN_START run_id=MDO_uDCN_087
[2026-05-17T05:50:38] PARAM implementation=uDCN
[2026-05-17T05:50:38] PARAM workload_type=MDO
[2026-05-17T05:50:38] PARAM test_link=LI_10GbE_aggregation_backhaul
[2026-05-17T05:50:38] METRIC object_size_bytes=149183.5
[2026-05-17T05:50:38] METRIC link_bandwidth_gbps=10.0
[2026-05-17T05:50:38] METRIC throughput_gbps=8.7108
[2026-05-17T05:50:38] METRIC latency_ms=12.7822
[2026-05-17T05:50:38] METRIC cpu_util_pct=19.11
[2026-05-17T05:50:38] RUN_END status=OK
[2026-05-17T05:53:19] RUN_START run_id=MDO_uDCN_088
[2026-05-17T05:53:19] PARAM implementation=uDCN
[2026-05-17T05:53:19] PARAM workload_type=MDO
[2026-05-17T05:53:19] PARAM test_link=LI_10GbE_aggregation_backhaul
[2026-05-17T05:53:19] METRIC object_size_bytes=245821.5
[2026-05-17T05:53:19] METRIC link_bandwidth_gbps=10.0
[2026-05-17T05:53:19] METRIC throughput_gbps=8.2974
[2026-05-17T05:53:19] METRIC latency_ms=10.9481
[2026-05-17T05:53:19] METRIC cpu_util_pct=17.15
[2026-05-17T05:53:19] RUN_END status=OK
[2026-05-17T05:58:01] RUN_START run_id=MDO_uDCN_089
[2026-05-17T05:58:01] PARAM implementation=uDCN
[2026-05-17T05:58:01] PARAM workload_type=MDO
[2026-05-17T05:58:01] PARAM test_link=LI_10GbE_aggregation_backhaul
[2026-05-17T05:58:01] METRIC object_size_bytes=191526.1
[2026-05-17T05:58:01] METRIC link_bandwidth_gbps=10.0
[2026-05-17T05:58:01] METRIC throughput_gbps=8.3472
[2026-05-17T05:58:01] METRIC latency_ms=13.0704
[2026-05-17T05:58:01] METRIC cpu_util_pct=18.39
[2026-05-17T05:58:01] RUN_END status=OK
[2026-05-17T05:59:07] RUN_START run_id=MDO_uDCN_090
[2026-05-17T05:59:07] PARAM implementation=uDCN
[2026-05-17T05:59:07] PARAM workload_type=MDO
[2026-05-17T05:59:07] PARAM test_link=LI_10GbE_aggregation_backhaul
[2026-05-17T05:59:07] METRIC object_size_bytes=456528.6
[2026-05-17T05:59:07] METRIC link_bandwidth_gbps=10.0
[2026-05-17T05:59:07] METRIC throughput_gbps=8.4118
[2026-05-17T05:59:07] METRIC latency_ms=10.9586
[2026-05-17T05:59:07] METRIC cpu_util_pct=17.94
[2026-05-17T05:59:07] RUN_END status=OK
[2026-05-17T18:10:00] RUN_START run_id=MDO_PythonNDN_001
[2026-05-17T18:10:00] PARAM implementation=PythonNDN
[2026-05-17T18:10:00] PARAM workload_type=MDO
[2026-05-17T18:10:00] PARAM test_link=LI_10GbE_aggregation_backhaul
[2026-05-17T18:10:00] METRIC object_size_bytes=160524.6
[2026-05-17T18:10:00] METRIC link_bandwidth_gbps=10.0
[2026-05-17T18:10:00] METRIC throughput_gbps=0.6777
[2026-05-17T18:10:00] METRIC latency_ms=26.3173
[2026-05-17T18:10:00] METRIC cpu_util_pct=90.27
[2026-05-17T18:10:00] RUN_END status=OK
[2026-05-17T18:18:09] RUN_START run_id=MDO_PythonNDN_002
[2026-05-17T18:18:09] PARAM implementation=PythonNDN
[2026-05-17T18:18:09] PARAM workload_type=MDO
[2026-05-17T18:18:09] PARAM test_link=LI_10GbE_aggregation_backhaul
[2026-05-17T18:18:09] METRIC object_size_bytes=437512.7
[2026-05-17T18:18:09] METRIC link_bandwidth_gbps=10.0
[2026-05-17T18:18:09] METRIC throughput_gbps=0.6841
[2026-05-17T18:18:09] METRIC latency_ms=30.8372
[2026-05-17T18:18:09] METRIC cpu_util_pct=88.98
[2026-05-17T18:18:09] RUN_END status=OK
[2026-05-17T18:21:07] RUN_START run_id=MDO_PythonNDN_003
[2026-05-17T18:21:07] PARAM implementation=PythonNDN
[2026-05-17T18:21:07] PARAM workload_type=MDO
[2026-05-17T18:21:07] PARAM test_link=LI_10GbE_aggregation_backhaul
[2026-05-17T18:21:07] METRIC object_size_bytes=466095.0
[2026-05-17T18:21:07] METRIC link_bandwidth_gbps=10.0
[2026-05-17T18:21:07] METRIC throughput_gbps=0.6637
[2026-05-17T18:21:07] METRIC latency_ms=25.8108
[2026-05-17T18:21:07] METRIC cpu_util_pct=85.49
[2026-05-17T18:21:07] RUN_END status=OK
[2026-05-17T18:22:10] RUN_START run_id=MDO_PythonNDN_004
[2026-05-17T18:22:10] PARAM implementation=PythonNDN
[2026-05-17T18:22:10] PARAM workload_type=MDO
[2026-05-17T18:22:10] PARAM test_link=LI_10GbE_aggregation_backhaul
[2026-05-17T18:22:10] METRIC object_size_bytes=88158.4
[2026-05-17T18:22:10] METRIC link_bandwidth_gbps=10.0
[2026-05-17T18:22:10] METRIC throughput_gbps=0.7163
[2026-05-17T18:22:10] METRIC latency_ms=26.3632
[2026-05-17T18:22:10] METRIC cpu_util_pct=96.16
[2026-05-17T18:22:10] RUN_END status=OK
[2026-05-17T18:23:49] RUN_START run_id=MDO_PythonNDN_005
[2026-05-17T18:23:49] PARAM implementation=PythonNDN
[2026-05-17T18:23:49] PARAM workload_type=MDO
[2026-05-17T18:23:49] PARAM test_link=LI_10GbE_aggregation_backhaul
[2026-05-17T18:23:49] METRIC object_size_bytes=441643.8
[2026-05-17T18:23:49] METRIC link_bandwidth_gbps=10.0
[2026-05-17T18:23:49] METRIC throughput_gbps=0.7427
[2026-05-17T18:23:49] METRIC latency_ms=26.3235
[2026-05-17T18:23:49] METRIC cpu_util_pct=88.54
[2026-05-17T18:23:49] RUN_END status=OK
[2026-05-17T18:24:53] RUN_START run_id=MDO_PythonNDN_006
[2026-05-17T18:24:53] PARAM implementation=PythonNDN
[2026-05-17T18:24:53] PARAM workload_type=MDO
[2026-05-17T18:24:53] PARAM test_link=LI_10GbE_aggregation_backhaul
[2026-05-17T18:24:53] METRIC object_size_bytes=289869.8
[2026-05-17T18:24:53] METRIC link_bandwidth_gbps=10.0
[2026-05-17T18:24:53] METRIC throughput_gbps=0.6979
[2026-05-17T18:24:53] METRIC latency_ms=26.1315
[2026-05-17T18:24:53] METRIC cpu_util_pct=87.17
[2026-05-17T18:24:53] RUN_END status=OK
[2026-05-17T18:27:44] RUN_START run_id=MDO_PythonNDN_007
[2026-05-17T18:27:44] PARAM implementation=PythonNDN
[2026-05-17T18:27:44] PARAM workload_type=MDO
[2026-05-17T18:27:44] PARAM test_link=LI_10GbE_aggregation_backhaul
[2026-05-17T18:27:44] METRIC object_size_bytes=390232.4
[2026-05-17T18:27:44] METRIC link_bandwidth_gbps=10.0
[2026-05-17T18:27:44] METRIC throughput_gbps=0.6746
[2026-05-17T18:27:44] METRIC latency_ms=27.1525
[2026-05-17T18:27:44] METRIC cpu_util_pct=97.5
[2026-05-17T18:27:44] RUN_END status=OK
[2026-05-17T18:29:28] RUN_START run_id=MDO_PythonNDN_008
[2026-05-17T18:29:28] PARAM implementation=PythonNDN
[2026-05-17T18:29:28] PARAM workload_type=MDO
[2026-05-17T18:29:28] PARAM test_link=LI_10GbE_aggregation_backhaul
[2026-05-17T18:29:28] METRIC object_size_bytes=254381.5
[2026-05-17T18:29:28] METRIC link_bandwidth_gbps=10.0
[2026-05-17T18:29:28] METRIC throughput_gbps=0.6734
[2026-05-17T18:29:28] METRIC latency_ms=29.258
[2026-05-17T18:29:28] METRIC cpu_util_pct=89.89
[2026-05-17T18:29:28] RUN_END status=OK
[2026-05-17T18:31:19] RUN_START run_id=MDO_PythonNDN_009
[2026-05-17T18:31:19] PARAM implementation=PythonNDN
[2026-05-17T18:31:19] PARAM workload_type=MDO
[2026-05-17T18:31:19] PARAM test_link=LI_10GbE_aggregation_backhaul
[2026-05-17T18:31:19] METRIC object_size_bytes=454228.7
[2026-05-17T18:31:19] METRIC link_bandwidth_gbps=10.0
[2026-05-17T18:31:19] METRIC throughput_gbps=0.7
[2026-05-17T18:31:19] METRIC latency_ms=28.3963
[2026-05-17T18:31:19] METRIC cpu_util_pct=95.37
[2026-05-17T18:31:19] RUN_END status=OK
[2026-05-17T18:36:26] RUN_START run_id=MDO_PythonNDN_010
[2026-05-17T18:36:26] PARAM implementation=PythonNDN
[2026-05-17T18:36:26] PARAM workload_type=MDO
[2026-05-17T18:36:26] PARAM test_link=LI_10GbE_aggregation_backhaul
[2026-05-17T18:36:26] METRIC object_size_bytes=71880.1
[2026-05-17T18:36:26] METRIC link_bandwidth_gbps=10.0
[2026-05-17T18:36:26] METRIC throughput_gbps=0.7179
[2026-05-17T18:36:26] METRIC latency_ms=28.0223
[2026-05-17T18:36:26] METRIC cpu_util_pct=89.01
[2026-05-17T18:36:26] RUN_END status=OK
[2026-05-17T18:41:07] RUN_START run_id=MDO_PythonNDN_011
[2026-05-17T18:41:07] PARAM implementation=PythonNDN
[2026-05-17T18:41:07] PARAM workload_type=MDO
[2026-05-17T18:41:07] PARAM test_link=LI_10GbE_aggregation_backhaul
[2026-05-17T18:41:07] METRIC object_size_bytes=94335.6
[2026-05-17T18:41:07] METRIC link_bandwidth_gbps=10.0
[2026-05-17T18:41:07] METRIC throughput_gbps=0.7146
[2026-05-17T18:41:07] METRIC latency_ms=27.5945
[2026-05-17T18:41:07] METRIC cpu_util_pct=78.67
[2026-05-17T18:41:07] RUN_END status=OK
[2026-05-17T18:44:17] RUN_START run_id=MDO_PythonNDN_012
[2026-05-17T18:44:17] PARAM implementation=PythonNDN
[2026-05-17T18:44:17] PARAM workload_type=MDO
[2026-05-17T18:44:17] PARAM test_link=LI_10GbE_aggregation_backhaul
[2026-05-17T18:44:17] METRIC object_size_bytes=285301.0
[2026-05-17T18:44:17] METRIC link_bandwidth_gbps=10.0
[2026-05-17T18:44:17] METRIC throughput_gbps=0.6624
[2026-05-17T18:44:17] METRIC latency_ms=28.089
[2026-05-17T18:44:17] METRIC cpu_util_pct=87.52
[2026-05-17T18:44:17] RUN_END status=OK
