[2026-06-20T08:16:09] RUN_START run_id=SDO_NFD_044
[2026-06-20T08:16:09] PARAM implementation=NFD
[2026-06-20T08:16:09] PARAM workload_type=SDO
[2026-06-20T08:16:09] PARAM test_link=LI_10GbE_aggregation_backhaul
[2026-06-20T08:16:09] METRIC object_size_bytes=896.6
[2026-06-20T08:16:09] METRIC link_bandwidth_gbps=10.0
[2026-06-20T08:16:09] METRIC throughput_gbps=1.1898
[2026-06-20T08:16:09] METRIC latency_ms=1.2763
[2026-06-20T08:16:09] METRIC cpu_util_pct=47.4
[2026-06-20T08:16:09] RUN_END status=OK
[2026-06-20T08:17:20] RUN_START run_id=SDO_NFD_045
[2026-06-20T08:17:20] PARAM implementation=NFD
[2026-06-20T08:17:20] PARAM workload_type=SDO
[2026-06-20T08:17:20] PARAM test_link=LI_10GbE_aggregation_backhaul
[2026-06-20T08:17:20] METRIC object_size_bytes=1818.7
[2026-06-20T08:17:20] METRIC link_bandwidth_gbps=10.0
[2026-06-20T08:17:20] METRIC throughput_gbps=1.1313
[2026-06-20T08:17:20] METRIC latency_ms=1.3507
[2026-06-20T08:17:20] METRIC cpu_util_pct=42.89
[2026-06-20T08:17:20] RUN_END status=OK
[2026-06-20T08:20:19] RUN_START run_id=SDO_NFD_046
[2026-06-20T08:20:19] PARAM implementation=NFD
[2026-06-20T08:20:19] PARAM workload_type=SDO
[2026-06-20T08:20:19] PARAM test_link=LI_10GbE_aggregation_backhaul
[2026-06-20T08:20:19] METRIC object_size_bytes=502.8
[2026-06-20T08:20:19] METRIC link_bandwidth_gbps=10.0
[2026-06-20T08:20:19] METRIC throughput_gbps=1.2221
[2026-06-20T08:20:19] METRIC latency_ms=1.4538
[2026-06-20T08:20:19] METRIC cpu_util_pct=44.58
[2026-06-20T08:20:19] RUN_END status=OK
[2026-06-20T08:22:44] RUN_START run_id=SDO_NFD_047
[2026-06-20T08:22:44] PARAM implementation=NFD
[2026-06-20T08:22:44] PARAM workload_type=SDO
[2026-06-20T08:22:44] PARAM test_link=LI_10GbE_aggregation_backhaul
[2026-06-20T08:22:44] METRIC object_size_bytes=610.2
[2026-06-20T08:22:44] METRIC link_bandwidth_gbps=10.0
[2026-06-20T08:22:44] METRIC throughput_gbps=1.2481
[2026-06-20T08:22:44] METRIC latency_ms=1.1974
[2026-06-20T08:22:44] METRIC cpu_util_pct=43.75
[2026-06-20T08:22:44] RUN_END status=OK
[2026-06-20T08:24:26] RUN_START run_id=SDO_NFD_048
[2026-06-20T08:24:26] PARAM implementation=NFD
[2026-06-20T08:24:26] PARAM workload_type=SDO
[2026-06-20T08:24:26] PARAM test_link=LI_10GbE_aggregation_backhaul
[2026-06-20T08:24:26] METRIC object_size_bytes=1353.6
[2026-06-20T08:24:26] METRIC link_bandwidth_gbps=10.0
[2026-06-20T08:24:26] METRIC throughput_gbps=1.1334
[2026-06-20T08:24:26] METRIC latency_ms=1.3649
[2026-06-20T08:24:26] METRIC cpu_util_pct=47.22
[2026-06-20T08:24:26] RUN_END status=OK
[2026-06-20T08:27:56] RUN_START run_id=SDO_NFD_049
[2026-06-20T08:27:56] PARAM implementation=NFD
[2026-06-20T08:27:56] PARAM workload_type=SDO
[2026-06-20T08:27:56] PARAM test_link=LI_10GbE_aggregation_backhaul
[2026-06-20T08:27:56] METRIC object_size_bytes=315.4
[2026-06-20T08:27:56] METRIC link_bandwidth_gbps=10.0
[2026-06-20T08:27:56] METRIC throughput_gbps=1.2031
[2026-06-20T08:27:56] METRIC latency_ms=1.5047
[2026-06-20T08:27:56] METRIC cpu_util_pct=51.76
[2026-06-20T08:27:56] RUN_END status=OK
[2026-06-20T08:32:27] RUN_START run_id=SDO_NFD_050
[2026-06-20T08:32:27] PARAM implementation=NFD
[2026-06-20T08:32:27] PARAM workload_type=SDO
[2026-06-20T08:32:27] PARAM test_link=LI_10GbE_aggregation_backhaul
[2026-06-20T08:32:27] METRIC object_size_bytes=707.0
[2026-06-20T08:32:27] METRIC link_bandwidth_gbps=10.0
[2026-06-20T08:32:27] METRIC throughput_gbps=1.1477
[2026-06-20T08:32:27] METRIC latency_ms=1.4498
[2026-06-20T08:32:27] METRIC cpu_util_pct=43.22
[2026-06-20T08:32:27] RUN_END status=OK
[2026-06-20T08:35:21] RUN_START run_id=SDO_NFD_051
[2026-06-20T08:35:21] PARAM implementation=NFD
[2026-06-20T08:35:21] PARAM workload_type=SDO
[2026-06-20T08:35:21] PARAM test_link=LI_10GbE_aggregation_backhaul
[2026-06-20T08:35:21] METRIC object_size_bytes=358.0
[2026-06-20T08:35:21] METRIC link_bandwidth_gbps=10.0
[2026-06-20T08:35:21] METRIC throughput_gbps=1.2205
[2026-06-20T08:35:21] METRIC latency_ms=1.3491
[2026-06-20T08:35:21] METRIC cpu_util_pct=47.73
[2026-06-20T08:35:21] RUN_END status=OK
[2026-06-20T08:39:15] RUN_START run_id=SDO_NFD_052
[2026-06-20T08:39:15] PARAM implementation=NFD
[2026-06-20T08:39:15] PARAM workload_type=SDO
[2026-06-20T08:39:15] PARAM test_link=LI_10GbE_aggregation_backhaul
[2026-06-20T08:39:15] METRIC object_size_bytes=173.7
[2026-06-20T08:39:15] METRIC link_bandwidth_gbps=10.0
[2026-06-20T08:39:15] METRIC throughput_gbps=1.222
[2026-06-20T08:39:15] METRIC latency_ms=1.3435
[2026-06-20T08:39:15] METRIC cpu_util_pct=45.99
[2026-06-20T08:39:15] RUN_END status=OK
[2026-06-20T08:44:02] RUN_START run_id=SDO_NFD_053
[2026-06-20T08:44:02] PARAM implementation=NFD
[2026-06-20T08:44:02] PARAM workload_type=SDO
[2026-06-20T08:44:02] PARAM test_link=LI_10GbE_aggregation_backhaul
[2026-06-20T08:44:02] METRIC object_size_bytes=1531.8
[2026-06-20T08:44:02] METRIC link_bandwidth_gbps=10.0
[2026-06-20T08:44:02] METRIC throughput_gbps=1.1615
[2026-06-20T08:44:02] METRIC latency_ms=1.4251
[2026-06-20T08:44:02] METRIC cpu_util_pct=51.19
[2026-06-20T08:44:02] RUN_END status=OK
[2026-06-20T08:47:09] RUN_START run_id=SDO_NFD_054
[2026-06-20T08:47:09] PARAM implementation=NFD
[2026-06-20T08:47:09] PARAM workload_type=SDO
[2026-06-20T08:47:09] PARAM test_link=LI_10GbE_aggregation_backhaul
[2026-06-20T08:47:09] METRIC object_size_bytes=1570.6
[2026-06-20T08:47:09] METRIC link_bandwidth_gbps=10.0
[2026-06-20T08:47:09] METRIC throughput_gbps=1.1682
[2026-06-20T08:47:09] METRIC latency_ms=1.3516
[2026-06-20T08:47:09] METRIC cpu_util_pct=40.6
[2026-06-20T08:47:09] RUN_END status=OK
[2026-06-20T08:48:16] RUN_START run_id=SDO_NFD_055
[2026-06-20T08:48:16] PARAM implementation=NFD
[2026-06-20T08:48:16] PARAM workload_type=SDO
[2026-06-20T08:48:16] PARAM test_link=LI_10GbE_aggregation_backhaul
[2026-06-20T08:48:16] METRIC object_size_bytes=1755.9
[2026-06-20T08:48:16] METRIC link_bandwidth_gbps=10.0
[2026-06-20T08:48:16] METRIC throughput_gbps=1.2439
[2026-06-20T08:48:16] METRIC latency_ms=1.4182
[2026-06-20T08:48:16] METRIC cpu_util_pct=44.08
[2026-06-20T08:48:16] RUN_END status=OK
[2026-06-20T08:48:52] RUN_START run_id=SDO_NFD_056
[2026-06-20T08:48:52] PARAM implementation=NFD
[2026-06-20T08:48:52] PARAM workload_type=SDO
[2026-06-20T08:48:52] PARAM test_link=LI_10GbE_aggregation_backhaul
[2026-06-20T08:48:52] METRIC object_size_bytes=1790.1
[2026-06-20T08:48:52] METRIC link_bandwidth_gbps=10.0
[2026-06-20T08:48:52] METRIC throughput_gbps=1.1676
[2026-06-20T08:48:52] METRIC latency_ms=1.5217
[2026-06-20T08:48:52] METRIC cpu_util_pct=47.55
[2026-06-20T08:48:52] RUN_END status=OK
[2026-06-20T08:51:59] RUN_START run_id=SDO_NFD_057
[2026-06-20T08:51:59] PARAM implementation=NFD
[2026-06-20T08:51:59] PARAM workload_type=SDO
[2026-06-20T08:51:59] PARAM test_link=LI_10GbE_aggregation_backhaul
[2026-06-20T08:51:59] METRIC object_size_bytes=325.3
[2026-06-20T08:51:59] METRIC link_bandwidth_gbps=10.0
[2026-06-20T08:51:59] METRIC throughput_gbps=1.2204
[2026-06-20T08:51:59] METRIC latency_ms=1.3495
[2026-06-20T08:51:59] METRIC cpu_util_pct=46.23
[2026-06-20T08:51:59] RUN_END status=OK
[2026-06-20T08:53:16] RUN_START run_id=SDO_NFD_058
[2026-06-20T08:53:16] PARAM implementation=NFD
[2026-06-20T08:53:16] PARAM workload_type=SDO
[2026-06-20T08:53:16] PARAM test_link=LI_10GbE_aggregation_backhaul
[2026-06-20T08:53:16] METRIC object_size_bytes=1188.9
[2026-06-20T08:53:16] METRIC link_bandwidth_gbps=10.0
[2026-06-20T08:53:16] METRIC throughput_gbps=1.1057
[2026-06-20T08:53:16] METRIC latency_ms=1.3238
[2026-06-20T08:53:16] METRIC cpu_util_pct=47.23
[2026-06-20T08:53:16] RUN_END status=OK
[2026-06-20T12:27:51] RUN_START run_id=SDO_NFD_059
[2026-06-20T12:27:51] PARAM implementation=NFD
[2026-06-20T12:27:51] PARAM workload_type=SDO
[2026-06-20T12:27:51] PARAM test_link=LI_10GbE_aggregation_backhaul
[2026-06-20T12:27:51] METRIC object_size_bytes=1420.4
[2026-06-20T12:27:51] METRIC link_bandwidth_gbps=10.0
[2026-06-20T12:27:51] METRIC throughput_gbps=1.1054
[2026-06-20T12:27:51] METRIC latency_ms=1.4494
[2026-06-20T12:27:51] METRIC cpu_util_pct=41.73
[2026-06-20T12:27:51] RUN_END status=OK
[2026-06-20T12:29:31] RUN_START run_id=SDO_NFD_060
[2026-06-20T12:29:31] PARAM implementation=NFD
[2026-06-20T12:29:31] PARAM workload_type=SDO
[2026-06-20T12:29:31] PARAM test_link=LI_10GbE_aggregation_backhaul
[2026-06-20T12:29:31] METRIC object_size_bytes=916.6
[2026-06-20T12:29:31] METRIC link_bandwidth_gbps=10.0
[2026-06-20T12:29:31] METRIC throughput_gbps=1.2083
[2026-06-20T12:29:31] METRIC latency_ms=1.388
[2026-06-20T12:29:31] METRIC cpu_util_pct=45.07
[2026-06-20T12:29:31] RUN_END status=OK
[2026-06-20T12:32:07] RUN_START run_id=SDO_NFD_061
[2026-06-20T12:32:07] PARAM implementation=NFD
[2026-06-20T12:32:07] PARAM workload_type=SDO
[2026-06-20T12:32:07] PARAM test_link=LI_10GbE_aggregation_backhaul
[2026-06-20T12:32:07] METRIC object_size_bytes=1472.4
[2026-06-20T12:32:07] METRIC link_bandwidth_gbps=10.0
[2026-06-20T12:32:07] METRIC throughput_gbps=1.1738
[2026-06-20T12:32:07] METRIC latency_ms=1.294
[2026-06-20T12:32:07] METRIC cpu_util_pct=44.27
[2026-06-20T12:32:07] RUN_END status=OK
[2026-06-20T12:33:13] RUN_START run_id=SDO_NFD_062
[2026-06-20T12:33:13] PARAM implementation=NFD
[2026-06-20T12:33:13] PARAM workload_type=SDO
[2026-06-20T12:33:13] PARAM test_link=LI_10GbE_aggregation_backhaul
[2026-06-20T12:33:13] METRIC object_size_bytes=1818.8
[2026-06-20T12:33:13] METRIC link_bandwidth_gbps=10.0
[2026-06-20T12:33:13] METRIC throughput_gbps=1.1513
[2026-06-20T12:33:13] METRIC latency_ms=1.204
[2026-06-20T12:33:13] METRIC cpu_util_pct=51.08
[2026-06-20T12:33:13] RUN_END status=OK
[2026-06-20T12:35:20] RUN_START run_id=SDO_NFD_063
[2026-06-20T12:35:20] PARAM implementation=NFD
[2026-06-20T12:35:20] PARAM workload_type=SDO
[2026-06-20T12:35:20] PARAM test_link=LI_10GbE_aggregation_backhaul
[2026-06-20T12:35:20] METRIC object_size_bytes=256.7
[2026-06-20T12:35:20] METRIC link_bandwidth_gbps=10.0
[2026-06-20T12:35:20] METRIC throughput_gbps=1.1191
[2026-06-20T12:35:20] METRIC latency_ms=1.5118
[2026-06-20T12:35:20] METRIC cpu_util_pct=46.7
[2026-06-20T12:35:20] RUN_END status=OK
[2026-06-20T12:36:01] RUN_START run_id=SDO_NFD_064
[2026-06-20T12:36:01] PARAM implementation=NFD
[2026-06-20T12:36:01] PARAM workload_type=SDO
[2026-06-20T12:36:01] PARAM test_link=LI_10GbE_aggregation_backhaul
[2026-06-20T12:36:01] METRIC object_size_bytes=396.8
[2026-06-20T12:36:01] METRIC link_bandwidth_gbps=10.0
[2026-06-20T12:36:01] METRIC throughput_gbps=1.1717
[2026-06-20T12:36:01] METRIC latency_ms=1.5254
[2026-06-20T12:36:01] METRIC cpu_util_pct=46.79
[2026-06-20T12:36:01] RUN_END status=OK
[2026-06-20T12:37:43] RUN_START run_id=01_throughput_latency_cpu_by_workload_DISCARDED_0111
[2026-06-20T12:37:43] RUN_ABORTED reason=netem_verification_out_of_tolerance: measured loss deviated >0.2pp from configured value during pre-run iperf3 probe; testbed reconfigured (Node 3 scheduler anomaly)
[2026-06-20T12:38:15] RUN_START run_id=SDO_NFD_065
[2026-06-20T12:38:15] PARAM implementation=NFD
[2026-06-20T12:38:15] PARAM workload_type=SDO
[2026-06-20T12:38:15] PARAM test_link=LI_10GbE_aggregation_backhaul
[2026-06-20T12:38:15] METRIC object_size_bytes=680.8
[2026-06-20T12:38:15] METRIC link_bandwidth_gbps=10.0
[2026-06-20T12:38:15] METRIC throughput_gbps=1.1093
[2026-06-20T12:38:15] METRIC latency_ms=1.349
[2026-06-20T12:38:15] METRIC cpu_util_pct=45.19
[2026-06-20T12:38:15] RUN_END status=OK
