[2026-04-17T09:33:32] RUN_START run_id=SDO_PythonNDN_003
[2026-04-17T09:33:32] PARAM implementation=PythonNDN
[2026-04-17T09:33:32] PARAM workload_type=SDO
[2026-04-17T09:33:32] PARAM test_link=LI_10GbE_aggregation_backhaul
[2026-04-17T09:33:32] METRIC object_size_bytes=1531.9
[2026-04-17T09:33:32] METRIC link_bandwidth_gbps=10.0
[2026-04-17T09:33:32] METRIC throughput_gbps=0.4205
[2026-04-17T09:33:32] METRIC latency_ms=3.5236
[2026-04-17T09:33:32] METRIC cpu_util_pct=88.62
[2026-04-17T09:33:32] RUN_END status=OK
[2026-04-17T09:34:47] RUN_START run_id=SDO_PythonNDN_004
[2026-04-17T09:34:47] PARAM implementation=PythonNDN
[2026-04-17T09:34:47] PARAM workload_type=SDO
[2026-04-17T09:34:47] PARAM test_link=LI_10GbE_aggregation_backhaul
[2026-04-17T09:34:47] METRIC object_size_bytes=1827.1
[2026-04-17T09:34:47] METRIC link_bandwidth_gbps=10.0
[2026-04-17T09:34:47] METRIC throughput_gbps=0.4013
[2026-04-17T09:34:47] METRIC latency_ms=3.2567
[2026-04-17T09:34:47] METRIC cpu_util_pct=90.89
[2026-04-17T09:34:47] RUN_END status=OK
[2026-04-17T09:36:41] RUN_START run_id=SDO_PythonNDN_005
[2026-04-17T09:36:41] PARAM implementation=PythonNDN
[2026-04-17T09:36:41] PARAM workload_type=SDO
[2026-04-17T09:36:41] PARAM test_link=LI_10GbE_aggregation_backhaul
[2026-04-17T09:36:41] METRIC object_size_bytes=1914.2
[2026-04-17T09:36:41] METRIC link_bandwidth_gbps=10.0
[2026-04-17T09:36:41] METRIC throughput_gbps=0.393
[2026-04-17T09:36:41] METRIC latency_ms=3.3794
[2026-04-17T09:36:41] METRIC cpu_util_pct=87.54
[2026-04-17T09:36:41] RUN_END status=OK
[2026-04-17T09:39:13] RUN_START run_id=SDO_PythonNDN_006
[2026-04-17T09:39:13] PARAM implementation=PythonNDN
[2026-04-17T09:39:13] PARAM workload_type=SDO
[2026-04-17T09:39:13] PARAM test_link=LI_10GbE_aggregation_backhaul
[2026-04-17T09:39:13] METRIC object_size_bytes=835.4
[2026-04-17T09:39:13] METRIC link_bandwidth_gbps=10.0
[2026-04-17T09:39:13] METRIC throughput_gbps=0.4007
[2026-04-17T09:39:13] METRIC latency_ms=3.0683
[2026-04-17T09:39:13] METRIC cpu_util_pct=83.87
[2026-04-17T09:39:13] RUN_END status=OK
[2026-04-17T09:43:01] RUN_START run_id=SDO_PythonNDN_007
[2026-04-17T09:43:01] PARAM implementation=PythonNDN
[2026-04-17T09:43:01] PARAM workload_type=SDO
[2026-04-17T09:43:01] PARAM test_link=LI_10GbE_aggregation_backhaul
[2026-04-17T09:43:01] METRIC object_size_bytes=528.4
[2026-04-17T09:43:01] METRIC link_bandwidth_gbps=10.0
[2026-04-17T09:43:01] METRIC throughput_gbps=0.3959
[2026-04-17T09:43:01] METRIC latency_ms=2.925
[2026-04-17T09:43:01] METRIC cpu_util_pct=80.76
[2026-04-17T09:43:01] RUN_END status=OK
[2026-04-17T09:47:57] RUN_START run_id=SDO_PythonNDN_008
[2026-04-17T09:47:57] PARAM implementation=PythonNDN
[2026-04-17T09:47:57] PARAM workload_type=SDO
[2026-04-17T09:47:57] PARAM test_link=LI_10GbE_aggregation_backhaul
[2026-04-17T09:47:57] METRIC object_size_bytes=1080.5
[2026-04-17T09:47:57] METRIC link_bandwidth_gbps=10.0
[2026-04-17T09:47:57] METRIC throughput_gbps=0.3891
[2026-04-17T09:47:57] METRIC latency_ms=3.1327
[2026-04-17T09:47:57] METRIC cpu_util_pct=84.06
[2026-04-17T09:47:57] RUN_END status=OK
[2026-04-17T09:50:40] RUN_START run_id=SDO_PythonNDN_009
[2026-04-17T09:50:40] PARAM implementation=PythonNDN
[2026-04-17T09:50:40] PARAM workload_type=SDO
[2026-04-17T09:50:40] PARAM test_link=LI_10GbE_aggregation_backhaul
[2026-04-17T09:50:40] METRIC object_size_bytes=302.7
[2026-04-17T09:50:40] METRIC link_bandwidth_gbps=10.0
[2026-04-17T09:50:40] METRIC throughput_gbps=0.3958
[2026-04-17T09:50:40] METRIC latency_ms=3.2861
[2026-04-17T09:50:40] METRIC cpu_util_pct=78.58
[2026-04-17T09:50:40] RUN_END status=OK
[2026-04-17T09:52:35] RUN_START run_id=SDO_PythonNDN_010
[2026-04-17T09:52:35] PARAM implementation=PythonNDN
[2026-04-17T09:52:35] PARAM workload_type=SDO
[2026-04-17T09:52:35] PARAM test_link=LI_10GbE_aggregation_backhaul
[2026-04-17T09:52:35] METRIC object_size_bytes=359.0
[2026-04-17T09:52:35] METRIC link_bandwidth_gbps=10.0
[2026-04-17T09:52:35] METRIC throughput_gbps=0.3864
[2026-04-17T09:52:35] METRIC latency_ms=3.3311
[2026-04-17T09:52:35] METRIC cpu_util_pct=83.26
[2026-04-17T09:52:35] RUN_END status=OK
[2026-04-17T09:53:58] RUN_START run_id=SDO_PythonNDN_011
[2026-04-17T09:53:58] PARAM implementation=PythonNDN
[2026-04-17T09:53:58] PARAM workload_type=SDO
[2026-04-17T09:53:58] PARAM test_link=LI_10GbE_aggregation_backhaul
[2026-04-17T09:53:58] METRIC object_size_bytes=1194.1
[2026-04-17T09:53:58] METRIC link_bandwidth_gbps=10.0
[2026-04-17T09:53:58] METRIC throughput_gbps=0.3859
[2026-04-17T09:53:58] METRIC latency_ms=3.3718
[2026-04-17T09:53:58] METRIC cpu_util_pct=82.23
[2026-04-17T09:53:58] RUN_END status=OK
[2026-04-17T09:56:37] RUN_START run_id=SDO_PythonNDN_012
[2026-04-17T09:56:37] PARAM implementation=PythonNDN
[2026-04-17T09:56:37] PARAM workload_type=SDO
[2026-04-17T09:56:37] PARAM test_link=LI_10GbE_aggregation_backhaul
[2026-04-17T09:56:37] METRIC object_size_bytes=735.2
[2026-04-17T09:56:37] METRIC link_bandwidth_gbps=10.0
[2026-04-17T09:56:37] METRIC throughput_gbps=0.41
[2026-04-17T09:56:37] METRIC latency_ms=3.0608
[2026-04-17T09:56:37] METRIC cpu_util_pct=84.13
[2026-04-17T09:56:37] RUN_END status=OK
[2026-04-17T09:58:17] RUN_START run_id=SDO_PythonNDN_013
[2026-04-17T09:58:17] PARAM implementation=PythonNDN
[2026-04-17T09:58:17] PARAM workload_type=SDO
[2026-04-17T09:58:17] PARAM test_link=LI_10GbE_aggregation_backhaul
[2026-04-17T09:58:17] METRIC object_size_bytes=1071.8
[2026-04-17T09:58:17] METRIC link_bandwidth_gbps=10.0
[2026-04-17T09:58:17] METRIC throughput_gbps=0.3688
[2026-04-17T09:58:17] METRIC latency_ms=3.2068
[2026-04-17T09:58:17] METRIC cpu_util_pct=77.32
[2026-04-17T09:58:17] RUN_END status=OK
[2026-04-17T09:58:41] RUN_START run_id=SDO_PythonNDN_014
[2026-04-17T09:58:41] PARAM implementation=PythonNDN
[2026-04-17T09:58:41] PARAM workload_type=SDO
[2026-04-17T09:58:41] PARAM test_link=LI_10GbE_aggregation_backhaul
[2026-04-17T09:58:41] METRIC object_size_bytes=254.4
[2026-04-17T09:58:41] METRIC link_bandwidth_gbps=10.0
[2026-04-17T09:58:41] METRIC throughput_gbps=0.3838
[2026-04-17T09:58:41] METRIC latency_ms=2.8963
[2026-04-17T09:58:41] METRIC cpu_util_pct=83.08
[2026-04-17T09:58:41] RUN_END status=OK
[2026-04-17T14:29:49] RUN_START run_id=MDO_NFD_065
[2026-04-17T14:29:49] PARAM implementation=NFD
[2026-04-17T14:29:49] PARAM workload_type=MDO
[2026-04-17T14:29:49] PARAM test_link=LI_10GbE_aggregation_backhaul
[2026-04-17T14:29:49] METRIC object_size_bytes=268153.8
[2026-04-17T14:29:49] METRIC link_bandwidth_gbps=10.0
[2026-04-17T14:29:49] METRIC throughput_gbps=2.9193
[2026-04-17T14:29:49] METRIC latency_ms=16.9486
[2026-04-17T14:29:49] METRIC cpu_util_pct=52.0
[2026-04-17T14:29:49] RUN_END status=OK
[2026-04-17T14:32:19] RUN_START run_id=MDO_NFD_066
[2026-04-17T14:32:19] PARAM implementation=NFD
[2026-04-17T14:32:19] PARAM workload_type=MDO
[2026-04-17T14:32:19] PARAM test_link=LI_10GbE_aggregation_backhaul
[2026-04-17T14:32:19] METRIC object_size_bytes=276964.2
[2026-04-17T14:32:19] METRIC link_bandwidth_gbps=10.0
[2026-04-17T14:32:19] METRIC throughput_gbps=2.9072
[2026-04-17T14:32:19] METRIC latency_ms=18.1054
[2026-04-17T14:32:19] METRIC cpu_util_pct=54.73
[2026-04-17T14:32:19] RUN_END status=OK
[2026-04-17T14:33:09] RUN_START run_id=MDO_NFD_067
[2026-04-17T14:33:09] PARAM implementation=NFD
[2026-04-17T14:33:09] PARAM workload_type=MDO
[2026-04-17T14:33:09] PARAM test_link=LI_10GbE_aggregation_backhaul
[2026-04-17T14:33:09] METRIC object_size_bytes=378740.2
[2026-04-17T14:33:09] METRIC link_bandwidth_gbps=10.0
[2026-04-17T14:33:09] METRIC throughput_gbps=2.6611
[2026-04-17T14:33:09] METRIC latency_ms=16.336
[2026-04-17T14:33:09] METRIC cpu_util_pct=51.17
[2026-04-17T14:33:09] RUN_END status=OK
[2026-04-17T14:37:08] RUN_START run_id=MDO_NFD_068
[2026-04-17T14:37:08] PARAM implementation=NFD
[2026-04-17T14:37:08] PARAM workload_type=MDO
[2026-04-17T14:37:08] PARAM test_link=LI_10GbE_aggregation_backhaul
[2026-04-17T14:37:08] METRIC object_size_bytes=100627.7
[2026-04-17T14:37:08] METRIC link_bandwidth_gbps=10.0
[2026-04-17T14:37:08] METRIC throughput_gbps=2.9523
[2026-04-17T14:37:08] METRIC latency_ms=17.9957
[2026-04-17T14:37:08] METRIC cpu_util_pct=55.66
[2026-04-17T14:37:08] RUN_END status=OK
[2026-04-17T14:41:32] RUN_START run_id=MDO_NFD_069
[2026-04-17T14:41:32] PARAM implementation=NFD
[2026-04-17T14:41:32] PARAM workload_type=MDO
[2026-04-17T14:41:32] PARAM test_link=LI_10GbE_aggregation_backhaul
[2026-04-17T14:41:32] METRIC object_size_bytes=308830.2
[2026-04-17T14:41:32] METRIC link_bandwidth_gbps=10.0
[2026-04-17T14:41:32] METRIC throughput_gbps=2.9194
[2026-04-17T14:41:32] METRIC latency_ms=17.5607
[2026-04-17T14:41:32] METRIC cpu_util_pct=53.07
[2026-04-17T14:41:32] RUN_END status=OK
[2026-04-17T14:43:40] RUN_START run_id=MDO_NFD_070
[2026-04-17T14:43:40] PARAM implementation=NFD
[2026-04-17T14:43:40] PARAM workload_type=MDO
[2026-04-17T14:43:40] PARAM test_link=LI_10GbE_aggregation_backhaul
[2026-04-17T14:43:40] METRIC object_size_bytes=265299.2
[2026-04-17T14:43:40] METRIC link_bandwidth_gbps=10.0
[2026-04-17T14:43:40] METRIC throughput_gbps=2.8421
[2026-04-17T14:43:40] METRIC latency_ms=17.485
[2026-04-17T14:43:40] METRIC cpu_util_pct=58.01
[2026-04-17T14:43:40] RUN_END status=OK
[2026-04-17T14:48:10] RUN_START run_id=MDO_NFD_071
[2026-04-17T14:48:10] PARAM implementation=NFD
[2026-04-17T14:48:10] PARAM workload_type=MDO
[2026-04-17T14:48:10] PARAM test_link=LI_10GbE_aggregation_backhaul
[2026-04-17T14:48:10] METRIC object_size_bytes=362305.8
[2026-04-17T14:48:10] METRIC link_bandwidth_gbps=10.0
[2026-04-17T14:48:10] METRIC throughput_gbps=2.946
[2026-04-17T14:48:10] METRIC latency_ms=18.013
[2026-04-17T14:48:10] METRIC cpu_util_pct=56.46
[2026-04-17T14:48:10] RUN_END status=OK
