[2026-05-18T04:51:49] RUN_START run_id=MDO_uDCN_091
[2026-05-18T04:51:49] PARAM implementation=uDCN
[2026-05-18T04:51:49] PARAM workload_type=MDO
[2026-05-18T04:51:49] PARAM test_link=LI_10GbE_aggregation_backhaul
[2026-05-18T04:51:49] METRIC object_size_bytes=432851.3
[2026-05-18T04:51:49] METRIC link_bandwidth_gbps=10.0
[2026-05-18T04:51:49] METRIC throughput_gbps=8.0305
[2026-05-18T04:51:49] METRIC latency_ms=12.107
[2026-05-18T04:51:49] METRIC cpu_util_pct=17.78
[2026-05-18T04:51:49] RUN_END status=OK
[2026-05-18T04:53:14] RUN_START run_id=MDO_uDCN_092
[2026-05-18T04:53:14] PARAM implementation=uDCN
[2026-05-18T04:53:14] PARAM workload_type=MDO
[2026-05-18T04:53:14] PARAM test_link=LI_10GbE_aggregation_backhaul
[2026-05-18T04:53:14] METRIC object_size_bytes=505416.0
[2026-05-18T04:53:14] METRIC link_bandwidth_gbps=10.0
[2026-05-18T04:53:14] METRIC throughput_gbps=8.6639
[2026-05-18T04:53:14] METRIC latency_ms=12.9225
[2026-05-18T04:53:14] METRIC cpu_util_pct=19.68
[2026-05-18T04:53:14] RUN_END status=OK
[2026-05-18T04:54:45] RUN_START run_id=MDO_uDCN_093
[2026-05-18T04:54:45] PARAM implementation=uDCN
[2026-05-18T04:54:45] PARAM workload_type=MDO
[2026-05-18T04:54:45] PARAM test_link=LI_10GbE_aggregation_backhaul
[2026-05-18T04:54:45] METRIC object_size_bytes=266643.9
[2026-05-18T04:54:45] METRIC link_bandwidth_gbps=10.0
[2026-05-18T04:54:45] METRIC throughput_gbps=7.9887
[2026-05-18T04:54:45] METRIC latency_ms=12.2082
[2026-05-18T04:54:45] METRIC cpu_util_pct=19.38
[2026-05-18T04:54:45] RUN_END status=OK
[2026-05-18T04:57:31] RUN_START run_id=MDO_uDCN_094
[2026-05-18T04:57:31] PARAM implementation=uDCN
[2026-05-18T04:57:31] PARAM workload_type=MDO
[2026-05-18T04:57:31] PARAM test_link=LI_10GbE_aggregation_backhaul
[2026-05-18T04:57:31] METRIC object_size_bytes=495716.6
[2026-05-18T04:57:31] METRIC link_bandwidth_gbps=10.0
[2026-05-18T04:57:31] METRIC throughput_gbps=8.2711
[2026-05-18T04:57:31] METRIC latency_ms=12.5421
[2026-05-18T04:57:31] METRIC cpu_util_pct=17.61
[2026-05-18T04:57:31] RUN_END status=OK
[2026-05-18T04:59:11] RUN_START run_id=MDO_uDCN_095
[2026-05-18T04:59:11] PARAM implementation=uDCN
[2026-05-18T04:59:11] PARAM workload_type=MDO
[2026-05-18T04:59:11] PARAM test_link=LI_10GbE_aggregation_backhaul
[2026-05-18T04:59:11] METRIC object_size_bytes=374059.2
[2026-05-18T04:59:11] METRIC link_bandwidth_gbps=10.0
[2026-05-18T04:59:11] METRIC throughput_gbps=8.3765
[2026-05-18T04:59:11] METRIC latency_ms=11.7771
[2026-05-18T04:59:11] METRIC cpu_util_pct=19.6
[2026-05-18T04:59:11] RUN_END status=OK
[2026-05-18T05:02:50] RUN_START run_id=MDO_uDCN_096
[2026-05-18T05:02:50] PARAM implementation=uDCN
[2026-05-18T05:02:50] PARAM workload_type=MDO
[2026-05-18T05:02:50] PARAM test_link=LI_10GbE_aggregation_backhaul
[2026-05-18T05:02:50] METRIC object_size_bytes=408019.4
[2026-05-18T05:02:50] METRIC link_bandwidth_gbps=10.0
[2026-05-18T05:02:50] METRIC throughput_gbps=7.8646
[2026-05-18T05:02:50] METRIC latency_ms=13.7509
[2026-05-18T05:02:50] METRIC cpu_util_pct=16.65
[2026-05-18T05:02:50] RUN_END status=OK
[2026-05-18T05:03:49] RUN_START run_id=MDO_uDCN_097
[2026-05-18T05:03:49] PARAM implementation=uDCN
[2026-05-18T05:03:49] PARAM workload_type=MDO
[2026-05-18T05:03:49] PARAM test_link=LI_10GbE_aggregation_backhaul
[2026-05-18T05:03:49] METRIC object_size_bytes=176000.7
[2026-05-18T05:03:49] METRIC link_bandwidth_gbps=10.0
[2026-05-18T05:03:49] METRIC throughput_gbps=8.4274
[2026-05-18T05:03:49] METRIC latency_ms=13.2014
[2026-05-18T05:03:49] METRIC cpu_util_pct=17.43
[2026-05-18T05:03:49] RUN_END status=OK
[2026-05-18T05:04:39] RUN_START run_id=MDO_uDCN_098
[2026-05-18T05:04:39] PARAM implementation=uDCN
[2026-05-18T05:04:39] PARAM workload_type=MDO
[2026-05-18T05:04:39] PARAM test_link=LI_10GbE_aggregation_backhaul
[2026-05-18T05:04:39] METRIC object_size_bytes=300481.3
[2026-05-18T05:04:39] METRIC link_bandwidth_gbps=10.0
[2026-05-18T05:04:39] METRIC throughput_gbps=7.8905
[2026-05-18T05:04:39] METRIC latency_ms=12.1856
[2026-05-18T05:04:39] METRIC cpu_util_pct=16.86
[2026-05-18T05:04:39] RUN_END status=OK
[2026-05-18T05:06:44] RUN_START run_id=MDO_uDCN_099
[2026-05-18T05:06:44] PARAM implementation=uDCN
[2026-05-18T05:06:44] PARAM workload_type=MDO
[2026-05-18T05:06:44] PARAM test_link=LI_10GbE_aggregation_backhaul
[2026-05-18T05:06:44] METRIC object_size_bytes=382104.0
[2026-05-18T05:06:44] METRIC link_bandwidth_gbps=10.0
[2026-05-18T05:06:44] METRIC throughput_gbps=7.9402
[2026-05-18T05:06:44] METRIC latency_ms=13.7278
[2026-05-18T05:06:44] METRIC cpu_util_pct=17.65
[2026-05-18T05:06:44] RUN_END status=OK
[2026-05-18T05:08:39] RUN_START run_id=MDO_uDCN_100
[2026-05-18T05:08:39] PARAM implementation=uDCN
[2026-05-18T05:08:39] PARAM workload_type=MDO
[2026-05-18T05:08:39] PARAM test_link=LI_10GbE_aggregation_backhaul
[2026-05-18T05:08:39] METRIC object_size_bytes=375546.2
[2026-05-18T05:08:39] METRIC link_bandwidth_gbps=10.0
[2026-05-18T05:08:39] METRIC throughput_gbps=8.6506
[2026-05-18T05:08:39] METRIC latency_ms=12.0165
[2026-05-18T05:08:39] METRIC cpu_util_pct=18.34
[2026-05-18T05:08:39] RUN_END status=OK
[2026-05-18T05:10:23] RUN_START run_id=MDO_uDCN_101
[2026-05-18T05:10:23] PARAM implementation=uDCN
[2026-05-18T05:10:23] PARAM workload_type=MDO
[2026-05-18T05:10:23] PARAM test_link=LI_10GbE_aggregation_backhaul
[2026-05-18T05:10:23] METRIC object_size_bytes=501648.2
[2026-05-18T05:10:23] METRIC link_bandwidth_gbps=10.0
[2026-05-18T05:10:23] METRIC throughput_gbps=8.9063
[2026-05-18T05:10:23] METRIC latency_ms=12.4927
[2026-05-18T05:10:23] METRIC cpu_util_pct=17.73
[2026-05-18T05:10:23] RUN_END status=OK
[2026-05-18T05:12:41] RUN_START run_id=MDO_uDCN_102
[2026-05-18T05:12:41] PARAM implementation=uDCN
[2026-05-18T05:12:41] PARAM workload_type=MDO
[2026-05-18T05:12:41] PARAM test_link=LI_10GbE_aggregation_backhaul
[2026-05-18T05:12:41] METRIC object_size_bytes=491305.3
[2026-05-18T05:12:41] METRIC link_bandwidth_gbps=10.0
[2026-05-18T05:12:41] METRIC throughput_gbps=7.8298
[2026-05-18T05:12:41] METRIC latency_ms=12.0524
[2026-05-18T05:12:41] METRIC cpu_util_pct=17.95
[2026-05-18T05:12:41] RUN_END status=OK
[2026-05-18T05:14:14] RUN_START run_id=MDO_uDCN_103
[2026-05-18T05:14:14] PARAM implementation=uDCN
[2026-05-18T05:14:14] PARAM workload_type=MDO
[2026-05-18T05:14:14] PARAM test_link=LI_10GbE_aggregation_backhaul
[2026-05-18T05:14:14] METRIC object_size_bytes=254044.3
[2026-05-18T05:14:14] METRIC link_bandwidth_gbps=10.0
[2026-05-18T05:14:14] METRIC throughput_gbps=8.0776
[2026-05-18T05:14:14] METRIC latency_ms=13.0408
[2026-05-18T05:14:14] METRIC cpu_util_pct=19.92
[2026-05-18T05:14:14] RUN_END status=OK
[2026-05-18T05:16:36] RUN_START run_id=MDO_uDCN_104
[2026-05-18T05:16:36] PARAM implementation=uDCN
[2026-05-18T05:16:36] PARAM workload_type=MDO
[2026-05-18T05:16:36] PARAM test_link=LI_10GbE_aggregation_backhaul
[2026-05-18T05:16:36] METRIC object_size_bytes=306659.2
[2026-05-18T05:16:36] METRIC link_bandwidth_gbps=10.0
[2026-05-18T05:16:36] METRIC throughput_gbps=7.839
[2026-05-18T05:16:36] METRIC latency_ms=13.403
[2026-05-18T05:16:36] METRIC cpu_util_pct=17.88
[2026-05-18T05:16:36] RUN_END status=OK
[2026-05-18T05:19:15] RUN_START run_id=MDO_uDCN_105
[2026-05-18T05:19:15] PARAM implementation=uDCN
[2026-05-18T05:19:15] PARAM workload_type=MDO
[2026-05-18T05:19:15] PARAM test_link=LI_10GbE_aggregation_backhaul
[2026-05-18T05:19:15] METRIC object_size_bytes=108440.9
[2026-05-18T05:19:15] METRIC link_bandwidth_gbps=10.0
[2026-05-18T05:19:15] METRIC throughput_gbps=8.3664
[2026-05-18T05:19:15] METRIC latency_ms=11.806
[2026-05-18T05:19:15] METRIC cpu_util_pct=17.38
[2026-05-18T05:19:15] RUN_END status=OK
[2026-05-18T05:20:37] RUN_START run_id=MDO_uDCN_106
[2026-05-18T05:20:37] PARAM implementation=uDCN
[2026-05-18T05:20:37] PARAM workload_type=MDO
[2026-05-18T05:20:37] PARAM test_link=LI_10GbE_aggregation_backhaul
[2026-05-18T05:20:37] METRIC object_size_bytes=473383.3
[2026-05-18T05:20:37] METRIC link_bandwidth_gbps=10.0
[2026-05-18T05:20:37] METRIC throughput_gbps=8.5537
[2026-05-18T05:20:37] METRIC latency_ms=11.272
[2026-05-18T05:20:37] METRIC cpu_util_pct=18.83
[2026-05-18T05:20:37] RUN_END status=OK
