[2026-05-05T04:42:15] RUN_START run_id=LDO_uDCN_076
[2026-05-05T04:42:15] PARAM implementation=uDCN
[2026-05-05T04:42:15] PARAM workload_type=LDO
[2026-05-05T04:42:15] PARAM test_link=LI_10GbE_aggregation_backhaul
[2026-05-05T04:42:15] METRIC object_size_bytes=1860291.0
[2026-05-05T04:42:15] METRIC link_bandwidth_gbps=10.0
[2026-05-05T04:42:15] METRIC throughput_gbps=6.2669
[2026-05-05T04:42:15] METRIC latency_ms=86.8777
[2026-05-05T04:42:15] METRIC cpu_util_pct=21.87
[2026-05-05T04:42:15] RUN_END status=OK
[2026-05-05T04:42:46] RUN_START run_id=LDO_uDCN_077
[2026-05-05T04:42:46] PARAM implementation=uDCN
[2026-05-05T04:42:46] PARAM workload_type=LDO
[2026-05-05T04:42:46] PARAM test_link=LI_10GbE_aggregation_backhaul
[2026-05-05T04:42:46] METRIC object_size_bytes=2363921.0
[2026-05-05T04:42:46] METRIC link_bandwidth_gbps=10.0
[2026-05-05T04:42:46] METRIC throughput_gbps=6.3079
[2026-05-05T04:42:46] METRIC latency_ms=85.7427
[2026-05-05T04:42:46] METRIC cpu_util_pct=22.72
[2026-05-05T04:42:46] RUN_END status=OK
[2026-05-05T04:48:25] RUN_START run_id=LDO_uDCN_078
[2026-05-05T04:48:25] PARAM implementation=uDCN
[2026-05-05T04:48:25] PARAM workload_type=LDO
[2026-05-05T04:48:25] PARAM test_link=LI_10GbE_aggregation_backhaul
[2026-05-05T04:48:25] METRIC object_size_bytes=3060799.3
[2026-05-05T04:48:25] METRIC link_bandwidth_gbps=10.0
[2026-05-05T04:48:25] METRIC throughput_gbps=6.091
[2026-05-05T04:48:25] METRIC latency_ms=91.1115
[2026-05-05T04:48:25] METRIC cpu_util_pct=22.84
[2026-05-05T04:48:25] RUN_END status=OK
[2026-05-05T04:51:33] RUN_START run_id=LDO_uDCN_079
[2026-05-05T04:51:33] PARAM implementation=uDCN
[2026-05-05T04:51:33] PARAM workload_type=LDO
[2026-05-05T04:51:33] PARAM test_link=LI_10GbE_aggregation_backhaul
[2026-05-05T04:51:33] METRIC object_size_bytes=3075282.1
[2026-05-05T04:51:33] METRIC link_bandwidth_gbps=10.0
[2026-05-05T04:51:33] METRIC throughput_gbps=6.3387
[2026-05-05T04:51:33] METRIC latency_ms=87.5891
[2026-05-05T04:51:33] METRIC cpu_util_pct=22.09
[2026-05-05T04:51:33] RUN_END status=OK
[2026-05-05T04:53:34] RUN_START run_id=LDO_uDCN_080
[2026-05-05T04:53:34] PARAM implementation=uDCN
[2026-05-05T04:53:34] PARAM workload_type=LDO
[2026-05-05T04:53:34] PARAM test_link=LI_10GbE_aggregation_backhaul
[2026-05-05T04:53:34] METRIC object_size_bytes=4402537.4
[2026-05-05T04:53:34] METRIC link_bandwidth_gbps=10.0
[2026-05-05T04:53:34] METRIC throughput_gbps=6.2535
[2026-05-05T04:53:34] METRIC latency_ms=89.5175
[2026-05-05T04:53:34] METRIC cpu_util_pct=23.52
[2026-05-05T04:53:34] RUN_END status=OK
[2026-05-05T05:00:44] RUN_START run_id=LDO_uDCN_081
[2026-05-05T05:00:44] PARAM implementation=uDCN
[2026-05-05T05:00:44] PARAM workload_type=LDO
[2026-05-05T05:00:44] PARAM test_link=LI_10GbE_aggregation_backhaul
[2026-05-05T05:00:44] METRIC object_size_bytes=2044370.1
[2026-05-05T05:00:44] METRIC link_bandwidth_gbps=10.0
[2026-05-05T05:00:44] METRIC throughput_gbps=6.2662
[2026-05-05T05:00:44] METRIC latency_ms=89.6507
[2026-05-05T05:00:44] METRIC cpu_util_pct=22.93
[2026-05-05T05:00:44] RUN_END status=OK
[2026-05-05T05:02:52] RUN_START run_id=LDO_uDCN_082
[2026-05-05T05:02:52] PARAM implementation=uDCN
[2026-05-05T05:02:52] PARAM workload_type=LDO
[2026-05-05T05:02:52] PARAM test_link=LI_10GbE_aggregation_backhaul
[2026-05-05T05:02:52] METRIC object_size_bytes=3680827.3
[2026-05-05T05:02:52] METRIC link_bandwidth_gbps=10.0
[2026-05-05T05:02:52] METRIC throughput_gbps=6.3887
[2026-05-05T05:02:52] METRIC latency_ms=103.4299
[2026-05-05T05:02:52] METRIC cpu_util_pct=24.89
[2026-05-05T05:02:52] RUN_END status=OK
[2026-05-05T05:03:44] RUN_START run_id=LDO_uDCN_083
[2026-05-05T05:03:44] PARAM implementation=uDCN
[2026-05-05T05:03:44] PARAM workload_type=LDO
[2026-05-05T05:03:44] PARAM test_link=LI_10GbE_aggregation_backhaul
[2026-05-05T05:03:44] METRIC object_size_bytes=1294865.3
[2026-05-05T05:03:44] METRIC link_bandwidth_gbps=10.0
[2026-05-05T05:03:44] METRIC throughput_gbps=6.3817
[2026-05-05T05:03:44] METRIC latency_ms=90.3536
[2026-05-05T05:03:44] METRIC cpu_util_pct=22.39
[2026-05-05T05:03:44] RUN_END status=OK
[2026-05-05T05:07:51] RUN_START run_id=LDO_uDCN_084
[2026-05-05T05:07:51] PARAM implementation=uDCN
[2026-05-05T05:07:51] PARAM workload_type=LDO
[2026-05-05T05:07:51] PARAM test_link=LI_10GbE_aggregation_backhaul
[2026-05-05T05:07:51] METRIC object_size_bytes=3692109.2
[2026-05-05T05:07:51] METRIC link_bandwidth_gbps=10.0
[2026-05-05T05:07:51] METRIC throughput_gbps=6.3365
[2026-05-05T05:07:51] METRIC latency_ms=84.2449
[2026-05-05T05:07:51] METRIC cpu_util_pct=21.53
[2026-05-05T05:07:51] RUN_END status=OK
[2026-05-05T05:09:38] RUN_START run_id=LDO_uDCN_085
[2026-05-05T05:09:38] PARAM implementation=uDCN
[2026-05-05T05:09:38] PARAM workload_type=LDO
[2026-05-05T05:09:38] PARAM test_link=LI_10GbE_aggregation_backhaul
[2026-05-05T05:09:38] METRIC object_size_bytes=1041201.8
[2026-05-05T05:09:38] METRIC link_bandwidth_gbps=10.0
[2026-05-05T05:09:38] METRIC throughput_gbps=6.4334
[2026-05-05T05:09:38] METRIC latency_ms=85.4589
[2026-05-05T05:09:38] METRIC cpu_util_pct=22.66
[2026-05-05T05:09:38] RUN_END status=OK
[2026-05-05T05:14:37] RUN_START run_id=LDO_uDCN_086
[2026-05-05T05:14:37] PARAM implementation=uDCN
[2026-05-05T05:14:37] PARAM workload_type=LDO
[2026-05-05T05:14:37] PARAM test_link=LI_10GbE_aggregation_backhaul
[2026-05-05T05:14:37] METRIC object_size_bytes=3368408.9
[2026-05-05T05:14:37] METRIC link_bandwidth_gbps=10.0
[2026-05-05T05:14:37] METRIC throughput_gbps=6.6757
[2026-05-05T05:14:37] METRIC latency_ms=94.5393
[2026-05-05T05:14:37] METRIC cpu_util_pct=22.07
[2026-05-05T05:14:37] RUN_END status=OK
