[2026-06-13T17:05:30] RUN_START run_id=LDO_CCNlite_140
[2026-06-13T17:05:30] PARAM implementation=CCNlite
[2026-06-13T17:05:30] PARAM workload_type=LDO
[2026-06-13T17:05:30] PARAM test_link=LI_10GbE_aggregation_backhaul
[2026-06-13T17:05:30] METRIC object_size_bytes=1126114.8
[2026-06-13T17:05:30] METRIC link_bandwidth_gbps=10.0
[2026-06-13T17:05:30] METRIC throughput_gbps=2.6514
[2026-06-13T17:05:30] METRIC latency_ms=138.2097
[2026-06-13T17:05:30] METRIC cpu_util_pct=67.81
[2026-06-13T17:05:30] RUN_END status=OK
[2026-06-13T17:09:46] RUN_START run_id=LDO_CCNlite_141
[2026-06-13T17:09:46] PARAM implementation=CCNlite
[2026-06-13T17:09:46] PARAM workload_type=LDO
[2026-06-13T17:09:46] PARAM test_link=LI_10GbE_aggregation_backhaul
[2026-06-13T17:09:46] METRIC object_size_bytes=4768581.9
[2026-06-13T17:09:46] METRIC link_bandwidth_gbps=10.0
[2026-06-13T17:09:46] METRIC throughput_gbps=2.7016
[2026-06-13T17:09:46] METRIC latency_ms=125.0198
[2026-06-13T17:09:46] METRIC cpu_util_pct=59.61
[2026-06-13T17:09:46] RUN_END status=OK
[2026-06-13T17:11:11] RUN_START run_id=LDO_CCNlite_142
[2026-06-13T17:11:11] PARAM implementation=CCNlite
[2026-06-13T17:11:11] PARAM workload_type=LDO
[2026-06-13T17:11:11] PARAM test_link=LI_10GbE_aggregation_backhaul
[2026-06-13T17:11:11] METRIC object_size_bytes=4339877.9
[2026-06-13T17:11:11] METRIC link_bandwidth_gbps=10.0
[2026-06-13T17:11:11] METRIC throughput_gbps=2.8178
[2026-06-13T17:11:11] METRIC latency_ms=136.1409
[2026-06-13T17:11:11] METRIC cpu_util_pct=62.95
[2026-06-13T17:11:11] RUN_END status=OK
[2026-06-13T17:14:30] RUN_START run_id=LDO_CCNlite_143
[2026-06-13T17:14:30] PARAM implementation=CCNlite
[2026-06-13T17:14:30] PARAM workload_type=LDO
[2026-06-13T17:14:30] PARAM test_link=LI_10GbE_aggregation_backhaul
[2026-06-13T17:14:30] METRIC object_size_bytes=4272682.7
[2026-06-13T17:14:30] METRIC link_bandwidth_gbps=10.0
[2026-06-13T17:14:30] METRIC throughput_gbps=2.7534
[2026-06-13T17:14:30] METRIC latency_ms=131.6651
[2026-06-13T17:14:30] METRIC cpu_util_pct=63.86
[2026-06-13T17:14:30] RUN_END status=OK
[2026-06-13T17:16:19] RUN_START run_id=LDO_CCNlite_144
[2026-06-13T17:16:19] PARAM implementation=CCNlite
[2026-06-13T17:16:19] PARAM workload_type=LDO
[2026-06-13T17:16:19] PARAM test_link=LI_10GbE_aggregation_backhaul
[2026-06-13T17:16:19] METRIC object_size_bytes=4538927.2
[2026-06-13T17:16:19] METRIC link_bandwidth_gbps=10.0
[2026-06-13T17:16:19] METRIC throughput_gbps=2.9945
[2026-06-13T17:16:19] METRIC latency_ms=140.4585
[2026-06-13T17:16:19] METRIC cpu_util_pct=63.86
[2026-06-13T17:16:19] RUN_END status=OK
[2026-06-15T11:02:40] RUN_START run_id=LDO_CCNlite_145
[2026-06-15T11:02:40] PARAM implementation=CCNlite
[2026-06-15T11:02:40] PARAM workload_type=LDO
[2026-06-15T11:02:40] PARAM test_link=LI_10GbE_aggregation_backhaul
[2026-06-15T11:02:40] METRIC object_size_bytes=3734188.7
[2026-06-15T11:02:40] METRIC link_bandwidth_gbps=10.0
[2026-06-15T11:02:40] METRIC throughput_gbps=2.6103
[2026-06-15T11:02:40] METRIC latency_ms=122.012
[2026-06-15T11:02:40] METRIC cpu_util_pct=60.57
[2026-06-15T11:02:40] RUN_END status=OK
[2026-06-15T11:03:55] RUN_START run_id=LDO_CCNlite_146
[2026-06-15T11:03:55] PARAM implementation=CCNlite
[2026-06-15T11:03:55] PARAM workload_type=LDO
[2026-06-15T11:03:55] PARAM test_link=LI_10GbE_aggregation_backhaul
[2026-06-15T11:03:55] METRIC object_size_bytes=3642864.9
[2026-06-15T11:03:55] METRIC link_bandwidth_gbps=10.0
[2026-06-15T11:03:55] METRIC throughput_gbps=2.6521
[2026-06-15T11:03:55] METRIC latency_ms=126.7614
[2026-06-15T11:03:55] METRIC cpu_util_pct=62.98
[2026-06-15T11:03:55] RUN_END status=OK
[2026-06-15T11:05:23] RUN_START run_id=LDO_CCNlite_147
[2026-06-15T11:05:23] PARAM implementation=CCNlite
[2026-06-15T11:05:23] PARAM workload_type=LDO
[2026-06-15T11:05:23] PARAM test_link=LI_10GbE_aggregation_backhaul
[2026-06-15T11:05:23] METRIC object_size_bytes=3304264.1
[2026-06-15T11:05:23] METRIC link_bandwidth_gbps=10.0
[2026-06-15T11:05:23] METRIC throughput_gbps=2.4472
[2026-06-15T11:05:23] METRIC latency_ms=121.8264
[2026-06-15T11:05:23] METRIC cpu_util_pct=56.65
[2026-06-15T11:05:23] RUN_END status=OK
[2026-06-15T11:08:16] RUN_START run_id=LDO_CCNlite_148
[2026-06-15T11:08:16] PARAM implementation=CCNlite
[2026-06-15T11:08:16] PARAM workload_type=LDO
[2026-06-15T11:08:16] PARAM test_link=LI_10GbE_aggregation_backhaul
[2026-06-15T11:08:16] METRIC object_size_bytes=1066148.5
[2026-06-15T11:08:16] METRIC link_bandwidth_gbps=10.0
[2026-06-15T11:08:16] METRIC throughput_gbps=2.8385
[2026-06-15T11:08:16] METRIC latency_ms=118.7904
[2026-06-15T11:08:16] METRIC cpu_util_pct=60.76
[2026-06-15T11:08:16] RUN_END status=OK
[2026-06-15T11:09:30] RUN_START run_id=LDO_CCNlite_149
[2026-06-15T11:09:30] PARAM implementation=CCNlite
[2026-06-15T11:09:30] PARAM workload_type=LDO
[2026-06-15T11:09:30] PARAM test_link=LI_10GbE_aggregation_backhaul
[2026-06-15T11:09:30] METRIC object_size_bytes=4662261.3
[2026-06-15T11:09:30] METRIC link_bandwidth_gbps=10.0
[2026-06-15T11:09:30] METRIC throughput_gbps=2.6452
[2026-06-15T11:09:30] METRIC latency_ms=134.9704
[2026-06-15T11:09:30] METRIC cpu_util_pct=68.01
[2026-06-15T11:09:30] RUN_END status=OK
[2026-06-15T11:12:04] RUN_START run_id=LDO_CCNlite_150
[2026-06-15T11:12:04] PARAM implementation=CCNlite
[2026-06-15T11:12:04] PARAM workload_type=LDO
[2026-06-15T11:12:04] PARAM test_link=LI_10GbE_aggregation_backhaul
[2026-06-15T11:12:04] METRIC object_size_bytes=4305039.7
[2026-06-15T11:12:04] METRIC link_bandwidth_gbps=10.0
[2026-06-15T11:12:04] METRIC throughput_gbps=2.6296
[2026-06-15T11:12:04] METRIC latency_ms=142.8563
[2026-06-15T11:12:04] METRIC cpu_util_pct=57.76
[2026-06-15T11:12:04] RUN_END status=OK
[2026-06-18T16:45:00] RUN_START run_id=SDO_NFD_001
[2026-06-18T16:45:00] PARAM implementation=NFD
[2026-06-18T16:45:00] PARAM workload_type=SDO
[2026-06-18T16:45:00] PARAM test_link=LI_10GbE_aggregation_backhaul
[2026-06-18T16:45:00] METRIC object_size_bytes=748.2
[2026-06-18T16:45:00] METRIC link_bandwidth_gbps=10.0
[2026-06-18T16:45:00] METRIC throughput_gbps=1.1455
[2026-06-18T16:45:00] METRIC latency_ms=1.3228
[2026-06-18T16:45:00] METRIC cpu_util_pct=46.32
[2026-06-18T16:45:00] RUN_END status=OK
[2026-06-18T16:49:50] RUN_START run_id=SDO_NFD_002
[2026-06-18T16:49:50] PARAM implementation=NFD
[2026-06-18T16:49:50] PARAM workload_type=SDO
[2026-06-18T16:49:50] PARAM test_link=LI_10GbE_aggregation_backhaul
[2026-06-18T16:49:50] METRIC object_size_bytes=1508.9
[2026-06-18T16:49:50] METRIC link_bandwidth_gbps=10.0
[2026-06-18T16:49:50] METRIC throughput_gbps=1.0548
[2026-06-18T16:49:50] METRIC latency_ms=1.5145
[2026-06-18T16:49:50] METRIC cpu_util_pct=43.39
[2026-06-18T16:49:50] RUN_END status=OK
[2026-06-18T16:50:20] RUN_START run_id=SDO_NFD_003
[2026-06-18T16:50:20] PARAM implementation=NFD
[2026-06-18T16:50:20] PARAM workload_type=SDO
[2026-06-18T16:50:20] PARAM test_link=LI_10GbE_aggregation_backhaul
[2026-06-18T16:50:20] METRIC object_size_bytes=1311.2
[2026-06-18T16:50:20] METRIC link_bandwidth_gbps=10.0
[2026-06-18T16:50:20] METRIC throughput_gbps=1.192
[2026-06-18T16:50:20] METRIC latency_ms=1.514
[2026-06-18T16:50:20] METRIC cpu_util_pct=47.55
[2026-06-18T16:50:20] RUN_END status=OK
[2026-06-18T16:52:18] RUN_START run_id=SDO_NFD_004
[2026-06-18T16:52:18] PARAM implementation=NFD
[2026-06-18T16:52:18] PARAM workload_type=SDO
[2026-06-18T16:52:18] PARAM test_link=LI_10GbE_aggregation_backhaul
[2026-06-18T16:52:18] METRIC object_size_bytes=432.9
[2026-06-18T16:52:18] METRIC link_bandwidth_gbps=10.0
[2026-06-18T16:52:18] METRIC throughput_gbps=1.177
[2026-06-18T16:52:18] METRIC latency_ms=1.4392
[2026-06-18T16:52:18] METRIC cpu_util_pct=47.48
[2026-06-18T16:52:18] RUN_END status=OK
