[2026-05-20T00:35:51] RUN_START run_id=MDO_PythonNDN_074
[2026-05-20T00:35:51] PARAM implementation=PythonNDN
[2026-05-20T00:35:51] PARAM workload_type=MDO
[2026-05-20T00:35:51] PARAM test_link=LI_10GbE_aggregation_backhaul
[2026-05-20T00:35:51] METRIC object_size_bytes=343054.6
[2026-05-20T00:35:51] METRIC link_bandwidth_gbps=10.0
[2026-05-20T00:35:51] METRIC throughput_gbps=0.7247
[2026-05-20T00:35:51] METRIC latency_ms=27.956
[2026-05-20T00:35:51] METRIC cpu_util_pct=94.04
[2026-05-20T00:35:51] RUN_END status=OK
[2026-05-20T00:40:41] RUN_START run_id=MDO_PythonNDN_075
[2026-05-20T00:40:41] PARAM implementation=PythonNDN
[2026-05-20T00:40:41] PARAM workload_type=MDO
[2026-05-20T00:40:41] PARAM test_link=LI_10GbE_aggregation_backhaul
[2026-05-20T00:40:41] METRIC object_size_bytes=170653.4
[2026-05-20T00:40:41] METRIC link_bandwidth_gbps=10.0
[2026-05-20T00:40:41] METRIC throughput_gbps=0.6642
[2026-05-20T00:40:41] METRIC latency_ms=29.3336
[2026-05-20T00:40:41] METRIC cpu_util_pct=82.85
[2026-05-20T00:40:41] RUN_END status=OK
[2026-05-20T00:45:21] RUN_START run_id=MDO_PythonNDN_076
[2026-05-20T00:45:21] PARAM implementation=PythonNDN
[2026-05-20T00:45:21] PARAM workload_type=MDO
[2026-05-20T00:45:21] PARAM test_link=LI_10GbE_aggregation_backhaul
[2026-05-20T00:45:21] METRIC object_size_bytes=173286.7
[2026-05-20T00:45:21] METRIC link_bandwidth_gbps=10.0
[2026-05-20T00:45:21] METRIC throughput_gbps=0.758
[2026-05-20T00:45:21] METRIC latency_ms=29.0209
[2026-05-20T00:45:21] METRIC cpu_util_pct=95.94
[2026-05-20T00:45:21] RUN_END status=OK
[2026-05-20T00:46:24] RUN_START run_id=MDO_PythonNDN_077
[2026-05-20T00:46:24] PARAM implementation=PythonNDN
[2026-05-20T00:46:24] PARAM workload_type=MDO
[2026-05-20T00:46:24] PARAM test_link=LI_10GbE_aggregation_backhaul
[2026-05-20T00:46:24] METRIC object_size_bytes=270434.0
[2026-05-20T00:46:24] METRIC link_bandwidth_gbps=10.0
[2026-05-20T00:46:24] METRIC throughput_gbps=0.7118
[2026-05-20T00:46:24] METRIC latency_ms=29.3244
[2026-05-20T00:46:24] METRIC cpu_util_pct=88.45
[2026-05-20T00:46:24] RUN_END status=OK
[2026-05-20T00:48:37] RUN_START run_id=MDO_uDCN_135
[2026-05-20T00:48:37] PARAM implementation=uDCN
[2026-05-20T00:48:37] PARAM workload_type=MDO
[2026-05-20T00:48:37] PARAM test_link=LI_10GbE_aggregation_backhaul
[2026-05-20T00:48:37] METRIC object_size_bytes=369743.7
[2026-05-20T00:48:37] METRIC link_bandwidth_gbps=10.0
[2026-05-20T00:48:37] METRIC throughput_gbps=7.8212
[2026-05-20T00:48:37] METRIC latency_ms=11.2965
[2026-05-20T00:48:37] METRIC cpu_util_pct=19.05
[2026-05-20T00:48:37] RUN_END status=OK
[2026-05-20T00:48:55] RUN_START run_id=MDO_PythonNDN_078
[2026-05-20T00:48:55] PARAM implementation=PythonNDN
[2026-05-20T00:48:55] PARAM workload_type=MDO
[2026-05-20T00:48:55] PARAM test_link=LI_10GbE_aggregation_backhaul
[2026-05-20T00:48:55] METRIC object_size_bytes=455950.7
[2026-05-20T00:48:55] METRIC link_bandwidth_gbps=10.0
[2026-05-20T00:48:55] METRIC throughput_gbps=0.7568
[2026-05-20T00:48:55] METRIC latency_ms=27.6075
[2026-05-20T00:48:55] METRIC cpu_util_pct=88.05
[2026-05-20T00:48:55] RUN_END status=OK
[2026-05-20T00:49:53] RUN_START run_id=MDO_uDCN_136
[2026-05-20T00:49:53] PARAM implementation=uDCN
[2026-05-20T00:49:53] PARAM workload_type=MDO
[2026-05-20T00:49:53] PARAM test_link=LI_10GbE_aggregation_backhaul
[2026-05-20T00:49:53] METRIC object_size_bytes=407126.8
[2026-05-20T00:49:53] METRIC link_bandwidth_gbps=10.0
[2026-05-20T00:49:53] METRIC throughput_gbps=8.7764
[2026-05-20T00:49:53] METRIC latency_ms=11.6119
[2026-05-20T00:49:53] METRIC cpu_util_pct=17.91
[2026-05-20T00:49:53] RUN_END status=OK
[2026-05-20T00:50:52] RUN_START run_id=MDO_PythonNDN_079
[2026-05-20T00:50:52] PARAM implementation=PythonNDN
[2026-05-20T00:50:52] PARAM workload_type=MDO
[2026-05-20T00:50:52] PARAM test_link=LI_10GbE_aggregation_backhaul
[2026-05-20T00:50:52] METRIC object_size_bytes=69052.2
[2026-05-20T00:50:52] METRIC link_bandwidth_gbps=10.0
[2026-05-20T00:50:52] METRIC throughput_gbps=0.7246
[2026-05-20T00:50:52] METRIC latency_ms=25.6609
[2026-05-20T00:50:52] METRIC cpu_util_pct=83.95
[2026-05-20T00:50:52] RUN_END status=OK
[2026-05-20T00:52:36] RUN_START run_id=MDO_PythonNDN_080
[2026-05-20T00:52:36] PARAM implementation=PythonNDN
[2026-05-20T00:52:36] PARAM workload_type=MDO
[2026-05-20T00:52:36] PARAM test_link=LI_10GbE_aggregation_backhaul
[2026-05-20T00:52:36] METRIC object_size_bytes=410794.9
[2026-05-20T00:52:36] METRIC link_bandwidth_gbps=10.0
[2026-05-20T00:52:36] METRIC throughput_gbps=0.6878
[2026-05-20T00:52:36] METRIC latency_ms=27.3218
[2026-05-20T00:52:36] METRIC cpu_util_pct=94.51
[2026-05-20T00:52:36] RUN_END status=OK
[2026-05-20T00:53:39] RUN_START run_id=MDO_PythonNDN_081
[2026-05-20T00:53:39] PARAM implementation=PythonNDN
[2026-05-20T00:53:39] PARAM workload_type=MDO
[2026-05-20T00:53:39] PARAM test_link=LI_10GbE_aggregation_backhaul
[2026-05-20T00:53:39] METRIC object_size_bytes=503098.1
[2026-05-20T00:53:39] METRIC link_bandwidth_gbps=10.0
[2026-05-20T00:53:39] METRIC throughput_gbps=0.7332
[2026-05-20T00:53:39] METRIC latency_ms=28.4962
[2026-05-20T00:53:39] METRIC cpu_util_pct=86.55
[2026-05-20T00:53:39] RUN_END status=OK
[2026-05-20T00:54:28] RUN_START run_id=MDO_PythonNDN_082
[2026-05-20T00:54:28] PARAM implementation=PythonNDN
[2026-05-20T00:54:28] PARAM workload_type=MDO
[2026-05-20T00:54:28] PARAM test_link=LI_10GbE_aggregation_backhaul
[2026-05-20T00:54:28] METRIC object_size_bytes=222770.8
[2026-05-20T00:54:28] METRIC link_bandwidth_gbps=10.0
[2026-05-20T00:54:28] METRIC throughput_gbps=0.7154
[2026-05-20T00:54:28] METRIC latency_ms=27.7898
[2026-05-20T00:54:28] METRIC cpu_util_pct=98.78
[2026-05-20T00:54:28] RUN_END status=OK
[2026-05-20T00:55:08] RUN_START run_id=MDO_uDCN_137
[2026-05-20T00:55:08] PARAM implementation=uDCN
[2026-05-20T00:55:08] PARAM workload_type=MDO
[2026-05-20T00:55:08] PARAM test_link=LI_10GbE_aggregation_backhaul
[2026-05-20T00:55:08] METRIC object_size_bytes=426545.0
[2026-05-20T00:55:08] METRIC link_bandwidth_gbps=10.0
[2026-05-20T00:55:08] METRIC throughput_gbps=8.2042
[2026-05-20T00:55:08] METRIC latency_ms=11.8721
[2026-05-20T00:55:08] METRIC cpu_util_pct=18.68
[2026-05-20T00:55:08] RUN_END status=OK
[2026-05-20T00:55:49] RUN_START run_id=MDO_uDCN_138
[2026-05-20T00:55:49] PARAM implementation=uDCN
[2026-05-20T00:55:49] PARAM workload_type=MDO
[2026-05-20T00:55:49] PARAM test_link=LI_10GbE_aggregation_backhaul
[2026-05-20T00:55:49] METRIC object_size_bytes=362275.4
[2026-05-20T00:55:49] METRIC link_bandwidth_gbps=10.0
[2026-05-20T00:55:49] METRIC throughput_gbps=8.4975
[2026-05-20T00:55:49] METRIC latency_ms=12.7512
[2026-05-20T00:55:49] METRIC cpu_util_pct=19.46
[2026-05-20T00:55:49] RUN_END status=OK
[2026-05-20T00:57:14] RUN_START run_id=MDO_uDCN_139
[2026-05-20T00:57:14] PARAM implementation=uDCN
[2026-05-20T00:57:14] PARAM workload_type=MDO
[2026-05-20T00:57:14] PARAM test_link=LI_10GbE_aggregation_backhaul
[2026-05-20T00:57:14] METRIC object_size_bytes=230784.5
[2026-05-20T00:57:14] METRIC link_bandwidth_gbps=10.0
[2026-05-20T00:57:14] METRIC throughput_gbps=8.3269
[2026-05-20T00:57:14] METRIC latency_ms=14.0607
[2026-05-20T00:57:14] METRIC cpu_util_pct=15.98
[2026-05-20T00:57:14] RUN_END status=OK
[2026-05-20T00:59:05] RUN_START run_id=MDO_uDCN_140
[2026-05-20T00:59:05] PARAM implementation=uDCN
[2026-05-20T00:59:05] PARAM workload_type=MDO
[2026-05-20T00:59:05] PARAM test_link=LI_10GbE_aggregation_backhaul
[2026-05-20T00:59:05] METRIC object_size_bytes=436716.6
[2026-05-20T00:59:05] METRIC link_bandwidth_gbps=10.0
[2026-05-20T00:59:05] METRIC throughput_gbps=8.2336
[2026-05-20T00:59:05] METRIC latency_ms=11.7429
[2026-05-20T00:59:05] METRIC cpu_util_pct=16.2
[2026-05-20T00:59:05] RUN_END status=OK
[2026-05-20T00:59:37] RUN_START run_id=MDO_uDCN_141
[2026-05-20T00:59:37] PARAM implementation=uDCN
[2026-05-20T00:59:37] PARAM workload_type=MDO
[2026-05-20T00:59:37] PARAM test_link=LI_10GbE_aggregation_backhaul
[2026-05-20T00:59:37] METRIC object_size_bytes=487746.5
[2026-05-20T00:59:37] METRIC link_bandwidth_gbps=10.0
[2026-05-20T00:59:37] METRIC throughput_gbps=8.2897
[2026-05-20T00:59:37] METRIC latency_ms=11.9501
[2026-05-20T00:59:37] METRIC cpu_util_pct=18.99
[2026-05-20T00:59:37] RUN_END status=OK
[2026-05-20T01:02:52] RUN_START run_id=MDO_uDCN_142
[2026-05-20T01:02:52] PARAM implementation=uDCN
[2026-05-20T01:02:52] PARAM workload_type=MDO
[2026-05-20T01:02:52] PARAM test_link=LI_10GbE_aggregation_backhaul
[2026-05-20T01:02:52] METRIC object_size_bytes=142578.4
[2026-05-20T01:02:52] METRIC link_bandwidth_gbps=10.0
[2026-05-20T01:02:52] METRIC throughput_gbps=8.3946
[2026-05-20T01:02:52] METRIC latency_ms=11.7011
[2026-05-20T01:02:52] METRIC cpu_util_pct=16.48
[2026-05-20T01:02:52] RUN_END status=OK
[2026-05-20T01:07:15] RUN_START run_id=MDO_uDCN_143
[2026-05-20T01:07:15] PARAM implementation=uDCN
[2026-05-20T01:07:15] PARAM workload_type=MDO
[2026-05-20T01:07:15] PARAM test_link=LI_10GbE_aggregation_backhaul
[2026-05-20T01:07:15] METRIC object_size_bytes=295923.3
[2026-05-20T01:07:15] METRIC link_bandwidth_gbps=10.0
[2026-05-20T01:07:15] METRIC throughput_gbps=8.214
[2026-05-20T01:07:15] METRIC latency_ms=12.602
[2026-05-20T01:07:15] METRIC cpu_util_pct=16.19
[2026-05-20T01:07:15] RUN_END status=OK
[2026-05-20T01:10:26] RUN_START run_id=MDO_uDCN_144
[2026-05-20T01:10:26] PARAM implementation=uDCN
[2026-05-20T01:10:26] PARAM workload_type=MDO
[2026-05-20T01:10:26] PARAM test_link=LI_10GbE_aggregation_backhaul
[2026-05-20T01:10:26] METRIC object_size_bytes=261928.7
[2026-05-20T01:10:26] METRIC link_bandwidth_gbps=10.0
[2026-05-20T01:10:26] METRIC throughput_gbps=7.8729
[2026-05-20T01:10:26] METRIC latency_ms=11.3837
[2026-05-20T01:10:26] METRIC cpu_util_pct=18.89
[2026-05-20T01:10:26] RUN_END status=OK
[2026-05-20T01:14:23] RUN_START run_id=MDO_uDCN_145
[2026-05-20T01:14:23] PARAM implementation=uDCN
[2026-05-20T01:14:23] PARAM workload_type=MDO
[2026-05-20T01:14:23] PARAM test_link=LI_10GbE_aggregation_backhaul
[2026-05-20T01:14:23] METRIC object_size_bytes=354951.5
[2026-05-20T01:14:23] METRIC link_bandwidth_gbps=10.0
[2026-05-20T01:14:23] METRIC throughput_gbps=8.0249
[2026-05-20T01:14:23] METRIC latency_ms=12.5361
[2026-05-20T01:14:23] METRIC cpu_util_pct=18.51
[2026-05-20T01:14:23] RUN_END status=OK
[2026-05-20T01:22:07] RUN_START run_id=MDO_uDCN_146
[2026-05-20T01:22:07] PARAM implementation=uDCN
[2026-05-20T01:22:07] PARAM workload_type=MDO
[2026-05-20T01:22:07] PARAM test_link=LI_10GbE_aggregation_backhaul
[2026-05-20T01:22:07] METRIC object_size_bytes=493761.4
[2026-05-20T01:22:07] METRIC link_bandwidth_gbps=10.0
[2026-05-20T01:22:07] METRIC throughput_gbps=8.5182
[2026-05-20T01:22:07] METRIC latency_ms=13.4421
[2026-05-20T01:22:07] METRIC cpu_util_pct=18.2
[2026-05-20T01:22:07] RUN_END status=OK
