[2026-04-06T17:48:06] RUN_START run_id=LDO_NFD_128
[2026-04-06T17:48:06] PARAM implementation=NFD
[2026-04-06T17:48:06] PARAM workload_type=LDO
[2026-04-06T17:48:06] PARAM test_link=LI_10GbE_aggregation_backhaul
[2026-04-06T17:48:06] METRIC object_size_bytes=1833334.4
[2026-04-06T17:48:06] METRIC link_bandwidth_gbps=10.0
[2026-04-06T17:48:06] METRIC throughput_gbps=3.0541
[2026-04-06T17:48:06] METRIC latency_ms=128.2039
[2026-04-06T17:48:06] METRIC cpu_util_pct=58.4
[2026-04-06T17:48:06] RUN_END status=OK
[2026-04-06T17:49:06] RUN_START run_id=LDO_NFD_129
[2026-04-06T17:49:06] PARAM implementation=NFD
[2026-04-06T17:49:06] PARAM workload_type=LDO
[2026-04-06T17:49:06] PARAM test_link=LI_10GbE_aggregation_backhaul
[2026-04-06T17:49:06] METRIC object_size_bytes=4167176.9
[2026-04-06T17:49:06] METRIC link_bandwidth_gbps=10.0
[2026-04-06T17:49:06] METRIC throughput_gbps=3.2689
[2026-04-06T17:49:06] METRIC latency_ms=128.3677
[2026-04-06T17:49:06] METRIC cpu_util_pct=57.24
[2026-04-06T17:49:06] RUN_END status=OK
[2026-04-06T17:49:40] RUN_START run_id=LDO_NFD_130
[2026-04-06T17:49:40] PARAM implementation=NFD
[2026-04-06T17:49:40] PARAM workload_type=LDO
[2026-04-06T17:49:40] PARAM test_link=LI_10GbE_aggregation_backhaul
[2026-04-06T17:49:40] METRIC object_size_bytes=3454515.2
[2026-04-06T17:49:40] METRIC link_bandwidth_gbps=10.0
[2026-04-06T17:49:40] METRIC throughput_gbps=3.1779
[2026-04-06T17:49:40] METRIC latency_ms=126.6906
[2026-04-06T17:49:40] METRIC cpu_util_pct=56.39
[2026-04-06T17:49:40] RUN_END status=OK
[2026-04-06T17:51:10] RUN_START run_id=LDO_NFD_131
[2026-04-06T17:51:10] PARAM implementation=NFD
[2026-04-06T17:51:10] PARAM workload_type=LDO
[2026-04-06T17:51:10] PARAM test_link=LI_10GbE_aggregation_backhaul
[2026-04-06T17:51:10] METRIC object_size_bytes=3223164.7
[2026-04-06T17:51:10] METRIC link_bandwidth_gbps=10.0
[2026-04-06T17:51:10] METRIC throughput_gbps=3.0279
[2026-04-06T17:51:10] METRIC latency_ms=123.4562
[2026-04-06T17:51:10] METRIC cpu_util_pct=59.06
[2026-04-06T17:51:10] RUN_END status=OK
[2026-04-06T17:52:36] RUN_START run_id=LDO_NFD_132
[2026-04-06T17:52:36] PARAM implementation=NFD
[2026-04-06T17:52:36] PARAM workload_type=LDO
[2026-04-06T17:52:36] PARAM test_link=LI_10GbE_aggregation_backhaul
[2026-04-06T17:52:36] METRIC object_size_bytes=1441026.9
[2026-04-06T17:52:36] METRIC link_bandwidth_gbps=10.0
[2026-04-06T17:52:36] METRIC throughput_gbps=3.2805
[2026-04-06T17:52:36] METRIC latency_ms=122.0957
[2026-04-06T17:52:36] METRIC cpu_util_pct=55.97
[2026-04-06T17:52:36] RUN_END status=OK
[2026-04-06T17:57:16] RUN_START run_id=LDO_NFD_133
[2026-04-06T17:57:16] PARAM implementation=NFD
[2026-04-06T17:57:16] PARAM workload_type=LDO
[2026-04-06T17:57:16] PARAM test_link=LI_10GbE_aggregation_backhaul
[2026-04-06T17:57:16] METRIC object_size_bytes=4851927.4
[2026-04-06T17:57:16] METRIC link_bandwidth_gbps=10.0
[2026-04-06T17:57:16] METRIC throughput_gbps=3.1143
[2026-04-06T17:57:16] METRIC latency_ms=125.5359
[2026-04-06T17:57:16] METRIC cpu_util_pct=52.02
[2026-04-06T17:57:16] RUN_END status=OK
[2026-04-06T17:59:27] RUN_START run_id=LDO_NFD_134
[2026-04-06T17:59:27] PARAM implementation=NFD
[2026-04-06T17:59:27] PARAM workload_type=LDO
[2026-04-06T17:59:27] PARAM test_link=LI_10GbE_aggregation_backhaul
[2026-04-06T17:59:27] METRIC object_size_bytes=1635237.4
[2026-04-06T17:59:27] METRIC link_bandwidth_gbps=10.0
[2026-04-06T17:59:27] METRIC throughput_gbps=3.0089
[2026-04-06T17:59:27] METRIC latency_ms=126.101
[2026-04-06T17:59:27] METRIC cpu_util_pct=62.67
[2026-04-06T17:59:27] RUN_END status=OK
[2026-04-06T18:04:50] RUN_START run_id=LDO_NFD_135
[2026-04-06T18:04:50] PARAM implementation=NFD
[2026-04-06T18:04:50] PARAM workload_type=LDO
[2026-04-06T18:04:50] PARAM test_link=LI_10GbE_aggregation_backhaul
[2026-04-06T18:04:50] METRIC object_size_bytes=4623622.0
[2026-04-06T18:04:50] METRIC link_bandwidth_gbps=10.0
[2026-04-06T18:04:50] METRIC throughput_gbps=3.2178
[2026-04-06T18:04:50] METRIC latency_ms=117.8421
[2026-04-06T18:04:50] METRIC cpu_util_pct=58.74
[2026-04-06T18:04:50] RUN_END status=OK
[2026-04-06T18:06:20] RUN_START run_id=LDO_NFD_136
[2026-04-06T18:06:20] PARAM implementation=NFD
[2026-04-06T18:06:20] PARAM workload_type=LDO
[2026-04-06T18:06:20] PARAM test_link=LI_10GbE_aggregation_backhaul
[2026-04-06T18:06:20] METRIC object_size_bytes=4068829.2
[2026-04-06T18:06:20] METRIC link_bandwidth_gbps=10.0
[2026-04-06T18:06:20] METRIC throughput_gbps=3.0741
[2026-04-06T18:06:20] METRIC latency_ms=124.2889
[2026-04-06T18:06:20] METRIC cpu_util_pct=56.08
[2026-04-06T18:06:20] RUN_END status=OK
[2026-04-06T18:07:00] RUN_START run_id=LDO_NFD_137
[2026-04-06T18:07:00] PARAM implementation=NFD
[2026-04-06T18:07:00] PARAM workload_type=LDO
[2026-04-06T18:07:00] PARAM test_link=LI_10GbE_aggregation_backhaul
[2026-04-06T18:07:00] METRIC object_size_bytes=1593856.9
[2026-04-06T18:07:00] METRIC link_bandwidth_gbps=10.0
[2026-04-06T18:07:00] METRIC throughput_gbps=3.1161
[2026-04-06T18:07:00] METRIC latency_ms=119.7994
[2026-04-06T18:07:00] METRIC cpu_util_pct=56.62
[2026-04-06T18:07:00] RUN_END status=OK
[2026-04-06T18:11:35] RUN_START run_id=LDO_NFD_138
[2026-04-06T18:11:35] PARAM implementation=NFD
[2026-04-06T18:11:35] PARAM workload_type=LDO
[2026-04-06T18:11:35] PARAM test_link=LI_10GbE_aggregation_backhaul
[2026-04-06T18:11:35] METRIC object_size_bytes=1328801.2
[2026-04-06T18:11:35] METRIC link_bandwidth_gbps=10.0
[2026-04-06T18:11:35] METRIC throughput_gbps=3.3906
[2026-04-06T18:11:35] METRIC latency_ms=123.5036
[2026-04-06T18:11:35] METRIC cpu_util_pct=55.88
[2026-04-06T18:11:35] RUN_END status=OK
[2026-04-06T18:12:09] RUN_START run_id=LDO_NFD_139
[2026-04-06T18:12:09] PARAM implementation=NFD
[2026-04-06T18:12:09] PARAM workload_type=LDO
[2026-04-06T18:12:09] PARAM test_link=LI_10GbE_aggregation_backhaul
[2026-04-06T18:12:09] METRIC object_size_bytes=3616058.7
[2026-04-06T18:12:09] METRIC link_bandwidth_gbps=10.0
[2026-04-06T18:12:09] METRIC throughput_gbps=3.044
[2026-04-06T18:12:09] METRIC latency_ms=120.2538
[2026-04-06T18:12:09] METRIC cpu_util_pct=60.72
[2026-04-06T18:12:09] RUN_END status=OK
[2026-04-07T00:24:46] RUN_START run_id=LDO_NFD_140
[2026-04-07T00:24:46] PARAM implementation=NFD
[2026-04-07T00:24:46] PARAM workload_type=LDO
[2026-04-07T00:24:46] PARAM test_link=LI_10GbE_aggregation_backhaul
[2026-04-07T00:24:46] METRIC object_size_bytes=4491585.8
[2026-04-07T00:24:46] METRIC link_bandwidth_gbps=10.0
[2026-04-07T00:24:46] METRIC throughput_gbps=3.1564
[2026-04-07T00:24:46] METRIC latency_ms=119.5847
[2026-04-07T00:24:46] METRIC cpu_util_pct=62.1
[2026-04-07T00:24:46] RUN_END status=OK
[2026-04-07T00:26:10] RUN_START run_id=LDO_NFD_141
[2026-04-07T00:26:10] PARAM implementation=NFD
[2026-04-07T00:26:10] PARAM workload_type=LDO
[2026-04-07T00:26:10] PARAM test_link=LI_10GbE_aggregation_backhaul
[2026-04-07T00:26:10] METRIC object_size_bytes=4258787.3
[2026-04-07T00:26:10] METRIC link_bandwidth_gbps=10.0
[2026-04-07T00:26:10] METRIC throughput_gbps=3.1802
[2026-04-07T00:26:10] METRIC latency_ms=124.2647
[2026-04-07T00:26:10] METRIC cpu_util_pct=58.61
[2026-04-07T00:26:10] RUN_END status=OK
[2026-04-07T00:30:07] RUN_START run_id=LDO_NFD_142
[2026-04-07T00:30:07] PARAM implementation=NFD
[2026-04-07T00:30:07] PARAM workload_type=LDO
[2026-04-07T00:30:07] PARAM test_link=LI_10GbE_aggregation_backhaul
[2026-04-07T00:30:07] METRIC object_size_bytes=2791025.2
[2026-04-07T00:30:07] METRIC link_bandwidth_gbps=10.0
[2026-04-07T00:30:07] METRIC throughput_gbps=3.3393
[2026-04-07T00:30:07] METRIC latency_ms=121.4514
[2026-04-07T00:30:07] METRIC cpu_util_pct=57.6
[2026-04-07T00:30:07] RUN_END status=OK
[2026-04-07T00:34:15] RUN_START run_id=LDO_NFD_143
[2026-04-07T00:34:15] PARAM implementation=NFD
[2026-04-07T00:34:15] PARAM workload_type=LDO
[2026-04-07T00:34:15] PARAM test_link=LI_10GbE_aggregation_backhaul
[2026-04-07T00:34:15] METRIC object_size_bytes=1159351.3
[2026-04-07T00:34:15] METRIC link_bandwidth_gbps=10.0
[2026-04-07T00:34:15] METRIC throughput_gbps=3.3485
[2026-04-07T00:34:15] METRIC latency_ms=113.4545
[2026-04-07T00:34:15] METRIC cpu_util_pct=57.41
[2026-04-07T00:34:15] RUN_END status=OK
[2026-04-07T00:34:58] RUN_START run_id=LDO_NFD_144
[2026-04-07T00:34:58] PARAM implementation=NFD
[2026-04-07T00:34:58] PARAM workload_type=LDO
[2026-04-07T00:34:58] PARAM test_link=LI_10GbE_aggregation_backhaul
[2026-04-07T00:34:58] METRIC object_size_bytes=4039489.3
[2026-04-07T00:34:58] METRIC link_bandwidth_gbps=10.0
[2026-04-07T00:34:58] METRIC throughput_gbps=3.1161
[2026-04-07T00:34:58] METRIC latency_ms=115.4477
[2026-04-07T00:34:58] METRIC cpu_util_pct=58.56
[2026-04-07T00:34:58] RUN_END status=OK
[2026-04-07T00:36:37] RUN_START run_id=LDO_NFD_145
[2026-04-07T00:36:37] PARAM implementation=NFD
[2026-04-07T00:36:37] PARAM workload_type=LDO
[2026-04-07T00:36:37] PARAM test_link=LI_10GbE_aggregation_backhaul
[2026-04-07T00:36:37] METRIC object_size_bytes=3137006.2
[2026-04-07T00:36:37] METRIC link_bandwidth_gbps=10.0
[2026-04-07T00:36:37] METRIC throughput_gbps=3.1874
[2026-04-07T00:36:37] METRIC latency_ms=121.6851
[2026-04-07T00:36:37] METRIC cpu_util_pct=59.4
[2026-04-07T00:36:37] RUN_END status=OK
[2026-04-07T00:38:51] RUN_START run_id=LDO_NFD_146
[2026-04-07T00:38:51] PARAM implementation=NFD
[2026-04-07T00:38:51] PARAM workload_type=LDO
[2026-04-07T00:38:51] PARAM test_link=LI_10GbE_aggregation_backhaul
[2026-04-07T00:38:51] METRIC object_size_bytes=1758425.7
[2026-04-07T00:38:51] METRIC link_bandwidth_gbps=10.0
[2026-04-07T00:38:51] METRIC throughput_gbps=3.268
[2026-04-07T00:38:51] METRIC latency_ms=128.361
[2026-04-07T00:38:51] METRIC cpu_util_pct=61.24
[2026-04-07T00:38:51] RUN_END status=OK
[2026-04-07T00:40:02] RUN_START run_id=LDO_NFD_147
[2026-04-07T00:40:02] PARAM implementation=NFD
[2026-04-07T00:40:02] PARAM workload_type=LDO
[2026-04-07T00:40:02] PARAM test_link=LI_10GbE_aggregation_backhaul
[2026-04-07T00:40:02] METRIC object_size_bytes=1846899.2
[2026-04-07T00:40:02] METRIC link_bandwidth_gbps=10.0
[2026-04-07T00:40:02] METRIC throughput_gbps=3.3355
[2026-04-07T00:40:02] METRIC latency_ms=120.7314
[2026-04-07T00:40:02] METRIC cpu_util_pct=60.9
[2026-04-07T00:40:02] RUN_END status=OK
