[2026-06-05T19:12:00] RUN_START run_id=MDO_CCNlite_056
[2026-06-05T19:12:00] PARAM implementation=CCNlite
[2026-06-05T19:12:00] PARAM workload_type=MDO
[2026-06-05T19:12:00] PARAM test_link=LI_10GbE_aggregation_backhaul
[2026-06-05T19:12:00] METRIC object_size_bytes=323702.7
[2026-06-05T19:12:00] METRIC link_bandwidth_gbps=10.0
[2026-06-05T19:12:00] METRIC throughput_gbps=2.4516
[2026-06-05T19:12:00] METRIC latency_ms=18.3877
[2026-06-05T19:12:00] METRIC cpu_util_pct=61.31
[2026-06-05T19:12:00] RUN_END status=OK
[2026-06-05T19:15:30] RUN_START run_id=MDO_CCNlite_057
[2026-06-05T19:15:30] PARAM implementation=CCNlite
[2026-06-05T19:15:30] PARAM workload_type=MDO
[2026-06-05T19:15:30] PARAM test_link=LI_10GbE_aggregation_backhaul
[2026-06-05T19:15:30] METRIC object_size_bytes=272517.5
[2026-06-05T19:15:30] METRIC link_bandwidth_gbps=10.0
[2026-06-05T19:15:30] METRIC throughput_gbps=2.2912
[2026-06-05T19:15:30] METRIC latency_ms=18.4368
[2026-06-05T19:15:30] METRIC cpu_util_pct=61.92
[2026-06-05T19:15:30] RUN_END status=OK
[2026-06-05T19:17:26] RUN_START run_id=MDO_CCNlite_058
[2026-06-05T19:17:26] PARAM implementation=CCNlite
[2026-06-05T19:17:26] PARAM workload_type=MDO
[2026-06-05T19:17:26] PARAM test_link=LI_10GbE_aggregation_backhaul
[2026-06-05T19:17:26] METRIC object_size_bytes=264179.9
[2026-06-05T19:17:26] METRIC link_bandwidth_gbps=10.0
[2026-06-05T19:17:26] METRIC throughput_gbps=2.2965
[2026-06-05T19:17:26] METRIC latency_ms=20.5339
[2026-06-05T19:17:26] METRIC cpu_util_pct=58.27
[2026-06-05T19:17:26] RUN_END status=OK
[2026-06-06T17:55:00] RUN_START run_id=LDO_CCNlite_001
[2026-06-06T17:55:00] PARAM implementation=CCNlite
[2026-06-06T17:55:00] PARAM workload_type=LDO
[2026-06-06T17:55:00] PARAM test_link=LI_10GbE_aggregation_backhaul
[2026-06-06T17:55:00] METRIC object_size_bytes=4459727.6
[2026-06-06T17:55:00] METRIC link_bandwidth_gbps=10.0
[2026-06-06T17:55:00] METRIC throughput_gbps=2.8646
[2026-06-06T17:55:00] METRIC latency_ms=122.9987
[2026-06-06T17:55:00] METRIC cpu_util_pct=68.38
[2026-06-06T17:55:00] RUN_END status=OK
[2026-06-06T18:00:03] RUN_START run_id=LDO_CCNlite_002
[2026-06-06T18:00:03] PARAM implementation=CCNlite
[2026-06-06T18:00:03] PARAM workload_type=LDO
[2026-06-06T18:00:03] PARAM test_link=LI_10GbE_aggregation_backhaul
[2026-06-06T18:00:03] METRIC object_size_bytes=2003933.5
[2026-06-06T18:00:03] METRIC link_bandwidth_gbps=10.0
[2026-06-06T18:00:03] METRIC throughput_gbps=2.7249
[2026-06-06T18:00:03] METRIC latency_ms=153.682
[2026-06-06T18:00:03] METRIC cpu_util_pct=64.69
[2026-06-06T18:00:03] RUN_END status=OK
[2026-06-06T18:00:15] RUN_START run_id=LDO_CCNlite_003
[2026-06-06T18:00:15] PARAM implementation=CCNlite
[2026-06-06T18:00:15] PARAM workload_type=LDO
[2026-06-06T18:00:15] PARAM test_link=LI_10GbE_aggregation_backhaul
[2026-06-06T18:00:15] METRIC object_size_bytes=3881799.1
[2026-06-06T18:00:15] METRIC link_bandwidth_gbps=10.0
[2026-06-06T18:00:15] METRIC throughput_gbps=2.7303
[2026-06-06T18:00:15] METRIC latency_ms=133.7073
[2026-06-06T18:00:15] METRIC cpu_util_pct=55.03
[2026-06-06T18:00:15] RUN_END status=OK
[2026-06-06T18:02:39] RUN_START run_id=LDO_CCNlite_004
[2026-06-06T18:02:39] PARAM implementation=CCNlite
[2026-06-06T18:02:39] PARAM workload_type=LDO
[2026-06-06T18:02:39] PARAM test_link=LI_10GbE_aggregation_backhaul
[2026-06-06T18:02:39] METRIC object_size_bytes=3222002.1
[2026-06-06T18:02:39] METRIC link_bandwidth_gbps=10.0
[2026-06-06T18:02:39] METRIC throughput_gbps=2.655
[2026-06-06T18:02:39] METRIC latency_ms=132.3019
[2026-06-06T18:02:39] METRIC cpu_util_pct=59.3
[2026-06-06T18:02:39] RUN_END status=OK
[2026-06-06T18:04:38] RUN_START run_id=LDO_CCNlite_005
[2026-06-06T18:04:38] PARAM implementation=CCNlite
[2026-06-06T18:04:38] PARAM workload_type=LDO
[2026-06-06T18:04:38] PARAM test_link=LI_10GbE_aggregation_backhaul
[2026-06-06T18:04:38] METRIC object_size_bytes=2942230.9
[2026-06-06T18:04:38] METRIC link_bandwidth_gbps=10.0
[2026-06-06T18:04:38] METRIC throughput_gbps=2.7559
[2026-06-06T18:04:38] METRIC latency_ms=129.6575
[2026-06-06T18:04:38] METRIC cpu_util_pct=63.54
[2026-06-06T18:04:38] RUN_END status=OK
[2026-06-06T18:08:40] RUN_START run_id=LDO_CCNlite_006
[2026-06-06T18:08:40] PARAM implementation=CCNlite
[2026-06-06T18:08:40] PARAM workload_type=LDO
[2026-06-06T18:08:40] PARAM test_link=LI_10GbE_aggregation_backhaul
[2026-06-06T18:08:40] METRIC object_size_bytes=2591616.6
[2026-06-06T18:08:40] METRIC link_bandwidth_gbps=10.0
[2026-06-06T18:08:40] METRIC throughput_gbps=2.644
[2026-06-06T18:08:40] METRIC latency_ms=129.7105
[2026-06-06T18:08:40] METRIC cpu_util_pct=64.48
[2026-06-06T18:08:40] RUN_END status=OK
[2026-06-06T18:11:39] RUN_START run_id=LDO_CCNlite_007
[2026-06-06T18:11:39] PARAM implementation=CCNlite
[2026-06-06T18:11:39] PARAM workload_type=LDO
[2026-06-06T18:11:39] PARAM test_link=LI_10GbE_aggregation_backhaul
[2026-06-06T18:11:39] METRIC object_size_bytes=2713532.2
[2026-06-06T18:11:39] METRIC link_bandwidth_gbps=10.0
[2026-06-06T18:11:39] METRIC throughput_gbps=2.742
[2026-06-06T18:11:39] METRIC latency_ms=138.3886
[2026-06-06T18:11:39] METRIC cpu_util_pct=63.7
[2026-06-06T18:11:39] RUN_END status=OK
[2026-06-06T18:14:27] RUN_START run_id=LDO_CCNlite_008
[2026-06-06T18:14:27] PARAM implementation=CCNlite
[2026-06-06T18:14:27] PARAM workload_type=LDO
[2026-06-06T18:14:27] PARAM test_link=LI_10GbE_aggregation_backhaul
[2026-06-06T18:14:27] METRIC object_size_bytes=3270110.7
[2026-06-06T18:14:27] METRIC link_bandwidth_gbps=10.0
[2026-06-06T18:14:27] METRIC throughput_gbps=2.7146
[2026-06-06T18:14:27] METRIC latency_ms=134.1827
[2026-06-06T18:14:27] METRIC cpu_util_pct=64.6
[2026-06-06T18:14:27] RUN_END status=OK
[2026-06-06T18:15:00] RUN_START run_id=LDO_CCNlite_009
[2026-06-06T18:15:00] PARAM implementation=CCNlite
[2026-06-06T18:15:00] PARAM workload_type=LDO
[2026-06-06T18:15:00] PARAM test_link=LI_10GbE_aggregation_backhaul
[2026-06-06T18:15:00] METRIC object_size_bytes=1724722.5
[2026-06-06T18:15:00] METRIC link_bandwidth_gbps=10.0
[2026-06-06T18:15:00] METRIC throughput_gbps=2.8948
[2026-06-06T18:15:00] METRIC latency_ms=137.8744
[2026-06-06T18:15:00] METRIC cpu_util_pct=66.36
[2026-06-06T18:15:00] RUN_END status=OK
[2026-06-06T18:17:53] RUN_START run_id=LDO_CCNlite_010
[2026-06-06T18:17:53] PARAM implementation=CCNlite
[2026-06-06T18:17:53] PARAM workload_type=LDO
[2026-06-06T18:17:53] PARAM test_link=LI_10GbE_aggregation_backhaul
[2026-06-06T18:17:53] METRIC object_size_bytes=3659625.0
[2026-06-06T18:17:53] METRIC link_bandwidth_gbps=10.0
[2026-06-06T18:17:53] METRIC throughput_gbps=2.6735
[2026-06-06T18:17:53] METRIC latency_ms=137.4871
[2026-06-06T18:17:53] METRIC cpu_util_pct=60.31
[2026-06-06T18:17:53] RUN_END status=OK
[2026-06-06T18:18:40] RUN_START run_id=LDO_CCNlite_011
[2026-06-06T18:18:40] PARAM implementation=CCNlite
[2026-06-06T18:18:40] PARAM workload_type=LDO
[2026-06-06T18:18:40] PARAM test_link=LI_10GbE_aggregation_backhaul
[2026-06-06T18:18:40] METRIC object_size_bytes=4188987.0
[2026-06-06T18:18:40] METRIC link_bandwidth_gbps=10.0
[2026-06-06T18:18:40] METRIC throughput_gbps=2.6115
[2026-06-06T18:18:40] METRIC latency_ms=125.1301
[2026-06-06T18:18:40] METRIC cpu_util_pct=64.78
[2026-06-06T18:18:40] RUN_END status=OK
[2026-06-06T18:20:57] RUN_START run_id=LDO_CCNlite_012
[2026-06-06T18:20:57] PARAM implementation=CCNlite
[2026-06-06T18:20:57] PARAM workload_type=LDO
[2026-06-06T18:20:57] PARAM test_link=LI_10GbE_aggregation_backhaul
[2026-06-06T18:20:57] METRIC object_size_bytes=1654172.3
[2026-06-06T18:20:57] METRIC link_bandwidth_gbps=10.0
[2026-06-06T18:20:57] METRIC throughput_gbps=2.7268
[2026-06-06T18:20:57] METRIC latency_ms=136.1791
[2026-06-06T18:20:57] METRIC cpu_util_pct=62.76
[2026-06-06T18:20:57] RUN_END status=OK
[2026-06-07T00:58:56] RUN_START run_id=MDO_CCNlite_059
[2026-06-07T00:58:56] PARAM implementation=CCNlite
[2026-06-07T00:58:56] PARAM workload_type=MDO
[2026-06-07T00:58:56] PARAM test_link=LI_10GbE_aggregation_backhaul
[2026-06-07T00:58:56] METRIC object_size_bytes=429705.0
[2026-06-07T00:58:56] METRIC link_bandwidth_gbps=10.0
[2026-06-07T00:58:56] METRIC throughput_gbps=2.3027
[2026-06-07T00:58:56] METRIC latency_ms=18.3022
[2026-06-07T00:58:56] METRIC cpu_util_pct=56.22
[2026-06-07T00:58:56] RUN_END status=OK
[2026-06-07T01:00:31] RUN_START run_id=MDO_CCNlite_060
[2026-06-07T01:00:31] PARAM implementation=CCNlite
[2026-06-07T01:00:31] PARAM workload_type=MDO
[2026-06-07T01:00:31] PARAM test_link=LI_10GbE_aggregation_backhaul
[2026-06-07T01:00:31] METRIC object_size_bytes=159773.7
[2026-06-07T01:00:31] METRIC link_bandwidth_gbps=10.0
[2026-06-07T01:00:31] METRIC throughput_gbps=2.2731
[2026-06-07T01:00:31] METRIC latency_ms=16.8901
[2026-06-07T01:00:31] METRIC cpu_util_pct=52.54
[2026-06-07T01:00:31] RUN_END status=OK
[2026-06-07T01:02:48] RUN_START run_id=MDO_CCNlite_061
[2026-06-07T01:02:48] PARAM implementation=CCNlite
[2026-06-07T01:02:48] PARAM workload_type=MDO
[2026-06-07T01:02:48] PARAM test_link=LI_10GbE_aggregation_backhaul
[2026-06-07T01:02:48] METRIC object_size_bytes=441051.1
[2026-06-07T01:02:48] METRIC link_bandwidth_gbps=10.0
[2026-06-07T01:02:48] METRIC throughput_gbps=2.4674
[2026-06-07T01:02:48] METRIC latency_ms=19.5343
[2026-06-07T01:02:48] METRIC cpu_util_pct=56.5
[2026-06-07T01:02:48] RUN_END status=OK
