[2026-05-14T12:25:41] RUN_START run_id=MDO_uDCN_026
[2026-05-14T12:25:41] PARAM implementation=uDCN
[2026-05-14T12:25:41] PARAM workload_type=MDO
[2026-05-14T12:25:41] PARAM test_link=LI_10GbE_aggregation_backhaul
[2026-05-14T12:25:41] METRIC object_size_bytes=254944.3
[2026-05-14T12:25:41] METRIC link_bandwidth_gbps=10.0
[2026-05-14T12:25:41] METRIC throughput_gbps=8.2711
[2026-05-14T12:25:41] METRIC latency_ms=11.4574
[2026-05-14T12:25:41] METRIC cpu_util_pct=18.73
[2026-05-14T12:25:41] RUN_END status=OK
[2026-05-14T12:28:46] RUN_START run_id=MDO_uDCN_027
[2026-05-14T12:28:46] PARAM implementation=uDCN
[2026-05-14T12:28:46] PARAM workload_type=MDO
[2026-05-14T12:28:46] PARAM test_link=LI_10GbE_aggregation_backhaul
[2026-05-14T12:28:46] METRIC object_size_bytes=352248.7
[2026-05-14T12:28:46] METRIC link_bandwidth_gbps=10.0
[2026-05-14T12:28:46] METRIC throughput_gbps=8.3262
[2026-05-14T12:28:46] METRIC latency_ms=13.7388
[2026-05-14T12:28:46] METRIC cpu_util_pct=17.62
[2026-05-14T12:28:46] RUN_END status=OK
[2026-05-14T12:29:15] RUN_START run_id=MDO_uDCN_028
[2026-05-14T12:29:15] PARAM implementation=uDCN
[2026-05-14T12:29:15] PARAM workload_type=MDO
[2026-05-14T12:29:15] PARAM test_link=LI_10GbE_aggregation_backhaul
[2026-05-14T12:29:15] METRIC object_size_bytes=505132.9
[2026-05-14T12:29:15] METRIC link_bandwidth_gbps=10.0
[2026-05-14T12:29:15] METRIC throughput_gbps=8.5555
[2026-05-14T12:29:15] METRIC latency_ms=12.4383
[2026-05-14T12:29:15] METRIC cpu_util_pct=16.38
[2026-05-14T12:29:15] RUN_END status=OK
[2026-05-14T12:30:09] RUN_START run_id=MDO_uDCN_029
[2026-05-14T12:30:09] PARAM implementation=uDCN
[2026-05-14T12:30:09] PARAM workload_type=MDO
[2026-05-14T12:30:09] PARAM test_link=LI_10GbE_aggregation_backhaul
[2026-05-14T12:30:09] METRIC object_size_bytes=357907.4
[2026-05-14T12:30:09] METRIC link_bandwidth_gbps=10.0
[2026-05-14T12:30:09] METRIC throughput_gbps=8.5692
[2026-05-14T12:30:09] METRIC latency_ms=12.9119
[2026-05-14T12:30:09] METRIC cpu_util_pct=18.34
[2026-05-14T12:30:09] RUN_END status=OK
[2026-05-14T12:34:26] RUN_START run_id=MDO_uDCN_030
[2026-05-14T12:34:26] PARAM implementation=uDCN
[2026-05-14T12:34:26] PARAM workload_type=MDO
[2026-05-14T12:34:26] PARAM test_link=LI_10GbE_aggregation_backhaul
[2026-05-14T12:34:26] METRIC object_size_bytes=237600.1
[2026-05-14T12:34:26] METRIC link_bandwidth_gbps=10.0
[2026-05-14T12:34:26] METRIC throughput_gbps=8.0733
[2026-05-14T12:34:26] METRIC latency_ms=11.5986
[2026-05-14T12:34:26] METRIC cpu_util_pct=18.03
[2026-05-14T12:34:26] RUN_END status=OK
[2026-05-14T12:34:57] RUN_START run_id=MDO_uDCN_031
[2026-05-14T12:34:57] PARAM implementation=uDCN
[2026-05-14T12:34:57] PARAM workload_type=MDO
[2026-05-14T12:34:57] PARAM test_link=LI_10GbE_aggregation_backhaul
[2026-05-14T12:34:57] METRIC object_size_bytes=154612.3
[2026-05-14T12:34:57] METRIC link_bandwidth_gbps=10.0
[2026-05-14T12:34:57] METRIC throughput_gbps=8.3123
[2026-05-14T12:34:57] METRIC latency_ms=11.4684
[2026-05-14T12:34:57] METRIC cpu_util_pct=17.79
[2026-05-14T12:34:57] RUN_END status=OK
[2026-05-14T12:38:10] RUN_START run_id=MDO_uDCN_032
[2026-05-14T12:38:10] PARAM implementation=uDCN
[2026-05-14T12:38:10] PARAM workload_type=MDO
[2026-05-14T12:38:10] PARAM test_link=LI_10GbE_aggregation_backhaul
[2026-05-14T12:38:10] METRIC object_size_bytes=441001.1
[2026-05-14T12:38:10] METRIC link_bandwidth_gbps=10.0
[2026-05-14T12:38:10] METRIC throughput_gbps=8.3834
[2026-05-14T12:38:10] METRIC latency_ms=12.4529
[2026-05-14T12:38:10] METRIC cpu_util_pct=17.08
[2026-05-14T12:38:10] RUN_END status=OK
[2026-05-14T12:39:34] RUN_START run_id=MDO_uDCN_033
[2026-05-14T12:39:34] PARAM implementation=uDCN
[2026-05-14T12:39:34] PARAM workload_type=MDO
[2026-05-14T12:39:34] PARAM test_link=LI_10GbE_aggregation_backhaul
[2026-05-14T12:39:34] METRIC object_size_bytes=331505.6
[2026-05-14T12:39:34] METRIC link_bandwidth_gbps=10.0
[2026-05-14T12:39:34] METRIC throughput_gbps=8.336
[2026-05-14T12:39:34] METRIC latency_ms=12.8363
[2026-05-14T12:39:34] METRIC cpu_util_pct=18.0
[2026-05-14T12:39:34] RUN_END status=OK
[2026-05-14T12:44:54] RUN_START run_id=MDO_uDCN_034
[2026-05-14T12:44:54] PARAM implementation=uDCN
[2026-05-14T12:44:54] PARAM workload_type=MDO
[2026-05-14T12:44:54] PARAM test_link=LI_10GbE_aggregation_backhaul
[2026-05-14T12:44:54] METRIC object_size_bytes=306312.3
[2026-05-14T12:44:54] METRIC link_bandwidth_gbps=10.0
[2026-05-14T12:44:54] METRIC throughput_gbps=8.3502
[2026-05-14T12:44:54] METRIC latency_ms=12.5145
[2026-05-14T12:44:54] METRIC cpu_util_pct=17.88
[2026-05-14T12:44:54] RUN_END status=OK
[2026-05-14T12:48:38] RUN_START run_id=MDO_uDCN_035
[2026-05-14T12:48:38] PARAM implementation=uDCN
[2026-05-14T12:48:38] PARAM workload_type=MDO
[2026-05-14T12:48:38] PARAM test_link=LI_10GbE_aggregation_backhaul
[2026-05-14T12:48:38] METRIC object_size_bytes=294991.4
[2026-05-14T12:48:38] METRIC link_bandwidth_gbps=10.0
[2026-05-14T12:48:38] METRIC throughput_gbps=8.1402
[2026-05-14T12:48:38] METRIC latency_ms=12.333
[2026-05-14T12:48:38] METRIC cpu_util_pct=17.06
[2026-05-14T12:48:38] RUN_END status=OK
[2026-05-14T12:50:35] RUN_START run_id=MDO_uDCN_036
[2026-05-14T12:50:35] PARAM implementation=uDCN
[2026-05-14T12:50:35] PARAM workload_type=MDO
[2026-05-14T12:50:35] PARAM test_link=LI_10GbE_aggregation_backhaul
[2026-05-14T12:50:35] METRIC object_size_bytes=117063.6
[2026-05-14T12:50:35] METRIC link_bandwidth_gbps=10.0
[2026-05-14T12:50:35] METRIC throughput_gbps=8.0985
[2026-05-14T12:50:35] METRIC latency_ms=13.5189
[2026-05-14T12:50:35] METRIC cpu_util_pct=18.8
[2026-05-14T12:50:35] RUN_END status=OK
[2026-05-14T12:52:28] RUN_START run_id=MDO_uDCN_037
[2026-05-14T12:52:28] PARAM implementation=uDCN
[2026-05-14T12:52:28] PARAM workload_type=MDO
[2026-05-14T12:52:28] PARAM test_link=LI_10GbE_aggregation_backhaul
[2026-05-14T12:52:28] METRIC object_size_bytes=445909.9
[2026-05-14T12:52:28] METRIC link_bandwidth_gbps=10.0
[2026-05-14T12:52:28] METRIC throughput_gbps=8.3514
[2026-05-14T12:52:28] METRIC latency_ms=11.7551
[2026-05-14T12:52:28] METRIC cpu_util_pct=17.72
[2026-05-14T12:52:28] RUN_END status=OK
[2026-05-14T12:53:22] RUN_START run_id=MDO_uDCN_038
[2026-05-14T12:53:22] PARAM implementation=uDCN
[2026-05-14T12:53:22] PARAM workload_type=MDO
[2026-05-14T12:53:22] PARAM test_link=LI_10GbE_aggregation_backhaul
[2026-05-14T12:53:22] METRIC object_size_bytes=99733.2
[2026-05-14T12:53:22] METRIC link_bandwidth_gbps=10.0
[2026-05-14T12:53:22] METRIC throughput_gbps=7.7469
[2026-05-14T12:53:22] METRIC latency_ms=13.9197
[2026-05-14T12:53:22] METRIC cpu_util_pct=18.0
[2026-05-14T12:53:22] RUN_END status=OK
[2026-05-14T12:58:40] RUN_START run_id=MDO_uDCN_039
[2026-05-14T12:58:40] PARAM implementation=uDCN
[2026-05-14T12:58:40] PARAM workload_type=MDO
[2026-05-14T12:58:40] PARAM test_link=LI_10GbE_aggregation_backhaul
[2026-05-14T12:58:40] METRIC object_size_bytes=161826.5
[2026-05-14T12:58:40] METRIC link_bandwidth_gbps=10.0
[2026-05-14T12:58:40] METRIC throughput_gbps=8.2871
[2026-05-14T12:58:40] METRIC latency_ms=11.4042
[2026-05-14T12:58:40] METRIC cpu_util_pct=17.87
[2026-05-14T12:58:40] RUN_END status=OK
[2026-05-14T13:02:14] RUN_START run_id=MDO_uDCN_040
[2026-05-14T13:02:14] PARAM implementation=uDCN
[2026-05-14T13:02:14] PARAM workload_type=MDO
[2026-05-14T13:02:14] PARAM test_link=LI_10GbE_aggregation_backhaul
[2026-05-14T13:02:14] METRIC object_size_bytes=387108.0
[2026-05-14T13:02:14] METRIC link_bandwidth_gbps=10.0
[2026-05-14T13:02:14] METRIC throughput_gbps=8.2037
[2026-05-14T13:02:14] METRIC latency_ms=11.5474
[2026-05-14T13:02:14] METRIC cpu_util_pct=17.63
[2026-05-14T13:02:14] RUN_END status=OK
[2026-05-14T13:04:58] RUN_START run_id=MDO_uDCN_041
[2026-05-14T13:04:58] PARAM implementation=uDCN
[2026-05-14T13:04:58] PARAM workload_type=MDO
[2026-05-14T13:04:58] PARAM test_link=LI_10GbE_aggregation_backhaul
[2026-05-14T13:04:58] METRIC object_size_bytes=278189.3
[2026-05-14T13:04:58] METRIC link_bandwidth_gbps=10.0
[2026-05-14T13:04:58] METRIC throughput_gbps=8.5797
[2026-05-14T13:04:58] METRIC latency_ms=12.2552
[2026-05-14T13:04:58] METRIC cpu_util_pct=17.22
[2026-05-14T13:04:58] RUN_END status=OK
