[2026-06-11T03:22:41] RUN_START run_id=MDO_CCNlite_127
[2026-06-11T03:22:41] PARAM implementation=CCNlite
[2026-06-11T03:22:41] PARAM workload_type=MDO
[2026-06-11T03:22:41] PARAM test_link=LI_10GbE_aggregation_backhaul
[2026-06-11T03:22:41] METRIC object_size_bytes=180446.7
[2026-06-11T03:22:41] METRIC link_bandwidth_gbps=10.0
[2026-06-11T03:22:41] METRIC throughput_gbps=2.1712
[2026-06-11T03:22:41] METRIC latency_ms=16.3753
[2026-06-11T03:22:41] METRIC cpu_util_pct=62.84
[2026-06-11T03:22:41] RUN_END status=OK
[2026-06-11T03:24:06] RUN_START run_id=MDO_CCNlite_128
[2026-06-11T03:24:06] PARAM implementation=CCNlite
[2026-06-11T03:24:06] PARAM workload_type=MDO
[2026-06-11T03:24:06] PARAM test_link=LI_10GbE_aggregation_backhaul
[2026-06-11T03:24:06] METRIC object_size_bytes=89927.0
[2026-06-11T03:24:06] METRIC link_bandwidth_gbps=10.0
[2026-06-11T03:24:06] METRIC throughput_gbps=2.2391
[2026-06-11T03:24:06] METRIC latency_ms=15.2093
[2026-06-11T03:24:06] METRIC cpu_util_pct=54.73
[2026-06-11T03:24:06] RUN_END status=OK
[2026-06-11T03:29:22] RUN_START run_id=MDO_CCNlite_129
[2026-06-11T03:29:22] PARAM implementation=CCNlite
[2026-06-11T03:29:22] PARAM workload_type=MDO
[2026-06-11T03:29:22] PARAM test_link=LI_10GbE_aggregation_backhaul
[2026-06-11T03:29:22] METRIC object_size_bytes=129517.2
[2026-06-11T03:29:22] METRIC link_bandwidth_gbps=10.0
[2026-06-11T03:29:22] METRIC throughput_gbps=2.1935
[2026-06-11T03:29:22] METRIC latency_ms=18.2068
[2026-06-11T03:29:22] METRIC cpu_util_pct=58.22
[2026-06-11T03:29:22] RUN_END status=OK
[2026-06-11T03:30:45] RUN_START run_id=MDO_CCNlite_130
[2026-06-11T03:30:45] PARAM implementation=CCNlite
[2026-06-11T03:30:45] PARAM workload_type=MDO
[2026-06-11T03:30:45] PARAM test_link=LI_10GbE_aggregation_backhaul
[2026-06-11T03:30:45] METRIC object_size_bytes=231349.1
[2026-06-11T03:30:45] METRIC link_bandwidth_gbps=10.0
[2026-06-11T03:30:45] METRIC throughput_gbps=2.2661
[2026-06-11T03:30:45] METRIC latency_ms=16.8803
[2026-06-11T03:30:45] METRIC cpu_util_pct=54.65
[2026-06-11T03:30:45] RUN_END status=OK
[2026-06-11T03:31:53] RUN_START run_id=MDO_CCNlite_131
[2026-06-11T03:31:53] PARAM implementation=CCNlite
[2026-06-11T03:31:53] PARAM workload_type=MDO
[2026-06-11T03:31:53] PARAM test_link=LI_10GbE_aggregation_backhaul
[2026-06-11T03:31:53] METRIC object_size_bytes=176453.7
[2026-06-11T03:31:53] METRIC link_bandwidth_gbps=10.0
[2026-06-11T03:31:53] METRIC throughput_gbps=2.1613
[2026-06-11T03:31:53] METRIC latency_ms=16.9299
[2026-06-11T03:31:53] METRIC cpu_util_pct=55.7
[2026-06-11T03:31:53] RUN_END status=OK
[2026-06-11T03:32:34] RUN_START run_id=MDO_CCNlite_132
[2026-06-11T03:32:34] PARAM implementation=CCNlite
[2026-06-11T03:32:34] PARAM workload_type=MDO
[2026-06-11T03:32:34] PARAM test_link=LI_10GbE_aggregation_backhaul
[2026-06-11T03:32:34] METRIC object_size_bytes=151810.7
[2026-06-11T03:32:34] METRIC link_bandwidth_gbps=10.0
[2026-06-11T03:32:34] METRIC throughput_gbps=2.2163
[2026-06-11T03:32:34] METRIC latency_ms=16.9319
[2026-06-11T03:32:34] METRIC cpu_util_pct=53.34
[2026-06-11T03:32:34] RUN_END status=OK
[2026-06-11T03:37:33] RUN_START run_id=MDO_CCNlite_133
[2026-06-11T03:37:33] PARAM implementation=CCNlite
[2026-06-11T03:37:33] PARAM workload_type=MDO
[2026-06-11T03:37:33] PARAM test_link=LI_10GbE_aggregation_backhaul
[2026-06-11T03:37:33] METRIC object_size_bytes=371252.0
[2026-06-11T03:37:33] METRIC link_bandwidth_gbps=10.0
[2026-06-11T03:37:33] METRIC throughput_gbps=2.2486
[2026-06-11T03:37:33] METRIC latency_ms=17.7404
[2026-06-11T03:37:33] METRIC cpu_util_pct=54.61
[2026-06-11T03:37:33] RUN_END status=OK
[2026-06-11T03:40:00] RUN_START run_id=MDO_CCNlite_134
[2026-06-11T03:40:00] PARAM implementation=CCNlite
[2026-06-11T03:40:00] PARAM workload_type=MDO
[2026-06-11T03:40:00] PARAM test_link=LI_10GbE_aggregation_backhaul
[2026-06-11T03:40:00] METRIC object_size_bytes=309894.9
[2026-06-11T03:40:00] METRIC link_bandwidth_gbps=10.0
[2026-06-11T03:40:00] METRIC throughput_gbps=2.2453
[2026-06-11T03:40:00] METRIC latency_ms=17.0155
[2026-06-11T03:40:00] METRIC cpu_util_pct=56.05
[2026-06-11T03:40:00] RUN_END status=OK
[2026-06-11T03:40:38] RUN_START run_id=MDO_CCNlite_135
[2026-06-11T03:40:38] PARAM implementation=CCNlite
[2026-06-11T03:40:38] PARAM workload_type=MDO
[2026-06-11T03:40:38] PARAM test_link=LI_10GbE_aggregation_backhaul
[2026-06-11T03:40:38] METRIC object_size_bytes=178066.8
[2026-06-11T03:40:38] METRIC link_bandwidth_gbps=10.0
[2026-06-11T03:40:38] METRIC throughput_gbps=2.2206
[2026-06-11T03:40:38] METRIC latency_ms=16.4143
[2026-06-11T03:40:38] METRIC cpu_util_pct=55.26
[2026-06-11T03:40:38] RUN_END status=OK
[2026-06-11T03:41:04] RUN_START run_id=MDO_CCNlite_136
[2026-06-11T03:41:04] PARAM implementation=CCNlite
[2026-06-11T03:41:04] PARAM workload_type=MDO
[2026-06-11T03:41:04] PARAM test_link=LI_10GbE_aggregation_backhaul
[2026-06-11T03:41:04] METRIC object_size_bytes=374398.8
[2026-06-11T03:41:04] METRIC link_bandwidth_gbps=10.0
[2026-06-11T03:41:04] METRIC throughput_gbps=2.2147
[2026-06-11T03:41:04] METRIC latency_ms=17.059
[2026-06-11T03:41:04] METRIC cpu_util_pct=50.37
[2026-06-11T03:41:04] RUN_END status=OK
[2026-06-11T03:41:45] RUN_START run_id=MDO_CCNlite_137
[2026-06-11T03:41:45] PARAM implementation=CCNlite
[2026-06-11T03:41:45] PARAM workload_type=MDO
[2026-06-11T03:41:45] PARAM test_link=LI_10GbE_aggregation_backhaul
[2026-06-11T03:41:45] METRIC object_size_bytes=453031.1
[2026-06-11T03:41:45] METRIC link_bandwidth_gbps=10.0
[2026-06-11T03:41:45] METRIC throughput_gbps=2.2631
[2026-06-11T03:41:45] METRIC latency_ms=16.0859
[2026-06-11T03:41:45] METRIC cpu_util_pct=51.37
[2026-06-11T03:41:45] RUN_END status=OK
[2026-06-11T03:50:20] RUN_START run_id=MDO_CCNlite_138
[2026-06-11T03:50:20] PARAM implementation=CCNlite
[2026-06-11T03:50:20] PARAM workload_type=MDO
[2026-06-11T03:50:20] PARAM test_link=LI_10GbE_aggregation_backhaul
[2026-06-11T03:50:20] METRIC object_size_bytes=227211.2
[2026-06-11T03:50:20] METRIC link_bandwidth_gbps=10.0
[2026-06-11T03:50:20] METRIC throughput_gbps=2.3244
[2026-06-11T03:50:20] METRIC latency_ms=15.6503
[2026-06-11T03:50:20] METRIC cpu_util_pct=58.95
[2026-06-11T03:50:20] RUN_END status=OK
[2026-06-11T03:54:13] RUN_START run_id=MDO_CCNlite_139
[2026-06-11T03:54:13] PARAM implementation=CCNlite
[2026-06-11T03:54:13] PARAM workload_type=MDO
[2026-06-11T03:54:13] PARAM test_link=LI_10GbE_aggregation_backhaul
[2026-06-11T03:54:13] METRIC object_size_bytes=177726.0
[2026-06-11T03:54:13] METRIC link_bandwidth_gbps=10.0
[2026-06-11T03:54:13] METRIC throughput_gbps=2.1956
[2026-06-11T03:54:13] METRIC latency_ms=16.1565
[2026-06-11T03:54:13] METRIC cpu_util_pct=56.14
[2026-06-11T03:54:13] RUN_END status=OK
[2026-06-11T03:54:45] RUN_START run_id=MDO_CCNlite_140
[2026-06-11T03:54:45] PARAM implementation=CCNlite
[2026-06-11T03:54:45] PARAM workload_type=MDO
[2026-06-11T03:54:45] PARAM test_link=LI_10GbE_aggregation_backhaul
[2026-06-11T03:54:45] METRIC object_size_bytes=365355.2
[2026-06-11T03:54:45] METRIC link_bandwidth_gbps=10.0
[2026-06-11T03:54:45] METRIC throughput_gbps=2.2482
[2026-06-11T03:54:45] METRIC latency_ms=16.6401
[2026-06-11T03:54:45] METRIC cpu_util_pct=61.34
[2026-06-11T03:54:45] RUN_END status=OK
[2026-06-11T03:59:28] RUN_START run_id=MDO_CCNlite_141
[2026-06-11T03:59:28] PARAM implementation=CCNlite
[2026-06-11T03:59:28] PARAM workload_type=MDO
[2026-06-11T03:59:28] PARAM test_link=LI_10GbE_aggregation_backhaul
[2026-06-11T03:59:28] METRIC object_size_bytes=480493.1
[2026-06-11T03:59:28] METRIC link_bandwidth_gbps=10.0
[2026-06-11T03:59:28] METRIC throughput_gbps=2.124
[2026-06-11T03:59:28] METRIC latency_ms=17.4329
[2026-06-11T03:59:28] METRIC cpu_util_pct=56.37
[2026-06-11T03:59:28] RUN_END status=OK
[2026-06-11T04:01:22] RUN_START run_id=MDO_CCNlite_142
[2026-06-11T04:01:22] PARAM implementation=CCNlite
[2026-06-11T04:01:22] PARAM workload_type=MDO
[2026-06-11T04:01:22] PARAM test_link=LI_10GbE_aggregation_backhaul
[2026-06-11T04:01:22] METRIC object_size_bytes=169698.8
[2026-06-11T04:01:22] METRIC link_bandwidth_gbps=10.0
[2026-06-11T04:01:22] METRIC throughput_gbps=2.2574
[2026-06-11T04:01:22] METRIC latency_ms=16.7918
[2026-06-11T04:01:22] METRIC cpu_util_pct=56.65
[2026-06-11T04:01:22] RUN_END status=OK
[2026-06-11T04:03:52] RUN_START run_id=MDO_CCNlite_143
[2026-06-11T04:03:52] PARAM implementation=CCNlite
[2026-06-11T04:03:52] PARAM workload_type=MDO
[2026-06-11T04:03:52] PARAM test_link=LI_10GbE_aggregation_backhaul
[2026-06-11T04:03:52] METRIC object_size_bytes=111970.0
[2026-06-11T04:03:52] METRIC link_bandwidth_gbps=10.0
[2026-06-11T04:03:52] METRIC throughput_gbps=2.2536
[2026-06-11T04:03:52] METRIC latency_ms=15.2057
[2026-06-11T04:03:52] METRIC cpu_util_pct=58.18
[2026-06-11T04:03:52] RUN_END status=OK
