[2026-05-18T05:22:15] RUN_START run_id=MDO_uDCN_107
[2026-05-18T05:22:15] PARAM implementation=uDCN
[2026-05-18T05:22:15] PARAM workload_type=MDO
[2026-05-18T05:22:15] PARAM test_link=LI_10GbE_aggregation_backhaul
[2026-05-18T05:22:15] METRIC object_size_bytes=226206.0
[2026-05-18T05:22:15] METRIC link_bandwidth_gbps=10.0
[2026-05-18T05:22:15] METRIC throughput_gbps=8.3585
[2026-05-18T05:22:15] METRIC latency_ms=12.7596
[2026-05-18T05:22:15] METRIC cpu_util_pct=17.73
[2026-05-18T05:22:15] RUN_END status=OK
[2026-05-18T05:25:12] RUN_START run_id=MDO_uDCN_108
[2026-05-18T05:25:12] PARAM implementation=uDCN
[2026-05-18T05:25:12] PARAM workload_type=MDO
[2026-05-18T05:25:12] PARAM test_link=LI_10GbE_aggregation_backhaul
[2026-05-18T05:25:12] METRIC object_size_bytes=276312.9
[2026-05-18T05:25:12] METRIC link_bandwidth_gbps=10.0
[2026-05-18T05:25:12] METRIC throughput_gbps=9.0827
[2026-05-18T05:25:12] METRIC latency_ms=12.6061
[2026-05-18T05:25:12] METRIC cpu_util_pct=17.9
[2026-05-18T05:25:12] RUN_END status=OK
[2026-05-18T05:28:56] RUN_START run_id=MDO_uDCN_109
[2026-05-18T05:28:56] PARAM implementation=uDCN
[2026-05-18T05:28:56] PARAM workload_type=MDO
[2026-05-18T05:28:56] PARAM test_link=LI_10GbE_aggregation_backhaul
[2026-05-18T05:28:56] METRIC object_size_bytes=488910.2
[2026-05-18T05:28:56] METRIC link_bandwidth_gbps=10.0
[2026-05-18T05:28:56] METRIC throughput_gbps=8.0341
[2026-05-18T05:28:56] METRIC latency_ms=12.7832
[2026-05-18T05:28:56] METRIC cpu_util_pct=16.84
[2026-05-18T05:28:56] RUN_END status=OK
[2026-05-18T05:31:57] RUN_START run_id=MDO_uDCN_110
[2026-05-18T05:31:57] PARAM implementation=uDCN
[2026-05-18T05:31:57] PARAM workload_type=MDO
[2026-05-18T05:31:57] PARAM test_link=LI_10GbE_aggregation_backhaul
[2026-05-18T05:31:57] METRIC object_size_bytes=136646.9
[2026-05-18T05:31:57] METRIC link_bandwidth_gbps=10.0
[2026-05-18T05:31:57] METRIC throughput_gbps=7.9461
[2026-05-18T05:31:57] METRIC latency_ms=12.1967
[2026-05-18T05:31:57] METRIC cpu_util_pct=17.37
[2026-05-18T05:31:57] RUN_END status=OK
[2026-05-18T05:34:25] RUN_START run_id=MDO_uDCN_111
[2026-05-18T05:34:25] PARAM implementation=uDCN
[2026-05-18T05:34:25] PARAM workload_type=MDO
[2026-05-18T05:34:25] PARAM test_link=LI_10GbE_aggregation_backhaul
[2026-05-18T05:34:25] METRIC object_size_bytes=276528.8
[2026-05-18T05:34:25] METRIC link_bandwidth_gbps=10.0
[2026-05-18T05:34:25] METRIC throughput_gbps=8.3474
[2026-05-18T05:34:25] METRIC latency_ms=13.3733
[2026-05-18T05:34:25] METRIC cpu_util_pct=18.23
[2026-05-18T05:34:25] RUN_END status=OK
[2026-05-18T05:35:38] RUN_START run_id=MDO_uDCN_112
[2026-05-18T05:35:38] PARAM implementation=uDCN
[2026-05-18T05:35:38] PARAM workload_type=MDO
[2026-05-18T05:35:38] PARAM test_link=LI_10GbE_aggregation_backhaul
[2026-05-18T05:35:38] METRIC object_size_bytes=338758.3
[2026-05-18T05:35:38] METRIC link_bandwidth_gbps=10.0
[2026-05-18T05:35:38] METRIC throughput_gbps=8.6173
[2026-05-18T05:35:38] METRIC latency_ms=12.3759
[2026-05-18T05:35:38] METRIC cpu_util_pct=16.67
[2026-05-18T05:35:38] RUN_END status=OK
[2026-05-18T05:37:52] RUN_START run_id=MDO_uDCN_113
[2026-05-18T05:37:52] PARAM implementation=uDCN
[2026-05-18T05:37:52] PARAM workload_type=MDO
[2026-05-18T05:37:52] PARAM test_link=LI_10GbE_aggregation_backhaul
[2026-05-18T05:37:52] METRIC object_size_bytes=260920.0
[2026-05-18T05:37:52] METRIC link_bandwidth_gbps=10.0
[2026-05-18T05:37:52] METRIC throughput_gbps=7.8925
[2026-05-18T05:37:52] METRIC latency_ms=12.2288
[2026-05-18T05:37:52] METRIC cpu_util_pct=18.22
[2026-05-18T05:37:52] RUN_END status=OK
[2026-05-18T05:39:35] RUN_START run_id=MDO_uDCN_114
[2026-05-18T05:39:35] PARAM implementation=uDCN
[2026-05-18T05:39:35] PARAM workload_type=MDO
[2026-05-18T05:39:35] PARAM test_link=LI_10GbE_aggregation_backhaul
[2026-05-18T05:39:35] METRIC object_size_bytes=371379.6
[2026-05-18T05:39:35] METRIC link_bandwidth_gbps=10.0
[2026-05-18T05:39:35] METRIC throughput_gbps=7.9428
[2026-05-18T05:39:35] METRIC latency_ms=11.4675
[2026-05-18T05:39:35] METRIC cpu_util_pct=17.7
[2026-05-18T05:39:35] RUN_END status=OK
[2026-05-18T05:39:50] RUN_START run_id=MDO_uDCN_115
[2026-05-18T05:39:50] PARAM implementation=uDCN
[2026-05-18T05:39:50] PARAM workload_type=MDO
[2026-05-18T05:39:50] PARAM test_link=LI_10GbE_aggregation_backhaul
[2026-05-18T05:39:50] METRIC object_size_bytes=505086.8
[2026-05-18T05:39:50] METRIC link_bandwidth_gbps=10.0
[2026-05-18T05:39:50] METRIC throughput_gbps=8.3833
[2026-05-18T05:39:50] METRIC latency_ms=12.2828
[2026-05-18T05:39:50] METRIC cpu_util_pct=16.93
[2026-05-18T05:39:50] RUN_END status=OK
[2026-05-18T05:41:52] RUN_START run_id=MDO_uDCN_116
[2026-05-18T05:41:52] PARAM implementation=uDCN
[2026-05-18T05:41:52] PARAM workload_type=MDO
[2026-05-18T05:41:52] PARAM test_link=LI_10GbE_aggregation_backhaul
[2026-05-18T05:41:52] METRIC object_size_bytes=148532.9
[2026-05-18T05:41:52] METRIC link_bandwidth_gbps=10.0
[2026-05-18T05:41:52] METRIC throughput_gbps=8.4446
[2026-05-18T05:41:52] METRIC latency_ms=12.0062
[2026-05-18T05:41:52] METRIC cpu_util_pct=17.55
[2026-05-18T05:41:52] RUN_END status=OK
[2026-05-18T05:44:00] RUN_START run_id=MDO_uDCN_117
[2026-05-18T05:44:00] PARAM implementation=uDCN
[2026-05-18T05:44:00] PARAM workload_type=MDO
[2026-05-18T05:44:00] PARAM test_link=LI_10GbE_aggregation_backhaul
[2026-05-18T05:44:00] METRIC object_size_bytes=367845.6
[2026-05-18T05:44:00] METRIC link_bandwidth_gbps=10.0
[2026-05-18T05:44:00] METRIC throughput_gbps=8.2218
[2026-05-18T05:44:00] METRIC latency_ms=12.2296
[2026-05-18T05:44:00] METRIC cpu_util_pct=16.98
[2026-05-18T05:44:00] RUN_END status=OK
[2026-05-18T05:46:05] RUN_START run_id=MDO_uDCN_118
[2026-05-18T05:46:05] PARAM implementation=uDCN
[2026-05-18T05:46:05] PARAM workload_type=MDO
[2026-05-18T05:46:05] PARAM test_link=LI_10GbE_aggregation_backhaul
[2026-05-18T05:46:05] METRIC object_size_bytes=428550.8
[2026-05-18T05:46:05] METRIC link_bandwidth_gbps=10.0
[2026-05-18T05:46:05] METRIC throughput_gbps=8.3422
[2026-05-18T05:46:05] METRIC latency_ms=12.2703
[2026-05-18T05:46:05] METRIC cpu_util_pct=19.02
[2026-05-18T05:46:05] RUN_END status=OK
[2026-05-18T05:51:24] RUN_START run_id=MDO_uDCN_119
[2026-05-18T05:51:24] PARAM implementation=uDCN
[2026-05-18T05:51:24] PARAM workload_type=MDO
[2026-05-18T05:51:24] PARAM test_link=LI_10GbE_aggregation_backhaul
[2026-05-18T05:51:24] METRIC object_size_bytes=99334.7
[2026-05-18T05:51:24] METRIC link_bandwidth_gbps=10.0
[2026-05-18T05:51:24] METRIC throughput_gbps=8.512
[2026-05-18T05:51:24] METRIC latency_ms=13.6072
[2026-05-18T05:51:24] METRIC cpu_util_pct=16.9
[2026-05-18T05:51:24] RUN_END status=OK
[2026-05-18T05:53:13] RUN_START run_id=MDO_uDCN_120
[2026-05-18T05:53:13] PARAM implementation=uDCN
[2026-05-18T05:53:13] PARAM workload_type=MDO
[2026-05-18T05:53:13] PARAM test_link=LI_10GbE_aggregation_backhaul
[2026-05-18T05:53:13] METRIC object_size_bytes=105177.4
[2026-05-18T05:53:13] METRIC link_bandwidth_gbps=10.0
[2026-05-18T05:53:13] METRIC throughput_gbps=7.6522
[2026-05-18T05:53:13] METRIC latency_ms=13.3749
[2026-05-18T05:53:13] METRIC cpu_util_pct=18.69
[2026-05-18T05:53:13] RUN_END status=OK
[2026-05-18T05:54:35] RUN_START run_id=MDO_uDCN_121
[2026-05-18T05:54:35] PARAM implementation=uDCN
[2026-05-18T05:54:35] PARAM workload_type=MDO
[2026-05-18T05:54:35] PARAM test_link=LI_10GbE_aggregation_backhaul
[2026-05-18T05:54:35] METRIC object_size_bytes=356588.9
[2026-05-18T05:54:35] METRIC link_bandwidth_gbps=10.0
[2026-05-18T05:54:35] METRIC throughput_gbps=8.9032
[2026-05-18T05:54:35] METRIC latency_ms=12.3839
[2026-05-18T05:54:35] METRIC cpu_util_pct=18.28
[2026-05-18T05:54:35] RUN_END status=OK
[2026-05-18T23:59:40] RUN_START run_id=MDO_PythonNDN_025
[2026-05-18T23:59:40] PARAM implementation=PythonNDN
[2026-05-18T23:59:40] PARAM workload_type=MDO
[2026-05-18T23:59:40] PARAM test_link=LI_10GbE_aggregation_backhaul
[2026-05-18T23:59:40] METRIC object_size_bytes=352268.4
[2026-05-18T23:59:40] METRIC link_bandwidth_gbps=10.0
[2026-05-18T23:59:40] METRIC throughput_gbps=0.6731
[2026-05-18T23:59:40] METRIC latency_ms=29.5238
[2026-05-18T23:59:40] METRIC cpu_util_pct=86.77
[2026-05-18T23:59:40] RUN_END status=OK
[2026-05-19T00:02:19] RUN_START run_id=MDO_PythonNDN_026
[2026-05-19T00:02:19] PARAM implementation=PythonNDN
[2026-05-19T00:02:19] PARAM workload_type=MDO
[2026-05-19T00:02:19] PARAM test_link=LI_10GbE_aggregation_backhaul
[2026-05-19T00:02:19] METRIC object_size_bytes=310789.4
[2026-05-19T00:02:19] METRIC link_bandwidth_gbps=10.0
[2026-05-19T00:02:19] METRIC throughput_gbps=0.6648
[2026-05-19T00:02:19] METRIC latency_ms=29.1647
[2026-05-19T00:02:19] METRIC cpu_util_pct=81.01
[2026-05-19T00:02:19] RUN_END status=OK
[2026-05-19T00:03:48] RUN_START run_id=MDO_PythonNDN_027
[2026-05-19T00:03:48] PARAM implementation=PythonNDN
[2026-05-19T00:03:48] PARAM workload_type=MDO
[2026-05-19T00:03:48] PARAM test_link=LI_10GbE_aggregation_backhaul
[2026-05-19T00:03:48] METRIC object_size_bytes=226883.3
[2026-05-19T00:03:48] METRIC link_bandwidth_gbps=10.0
[2026-05-19T00:03:48] METRIC throughput_gbps=0.7142
[2026-05-19T00:03:48] METRIC latency_ms=29.7925
[2026-05-19T00:03:48] METRIC cpu_util_pct=87.03
[2026-05-19T00:03:48] RUN_END status=OK
[2026-05-19T00:07:06] RUN_START run_id=MDO_PythonNDN_028
[2026-05-19T00:07:06] PARAM implementation=PythonNDN
[2026-05-19T00:07:06] PARAM workload_type=MDO
[2026-05-19T00:07:06] PARAM test_link=LI_10GbE_aggregation_backhaul
[2026-05-19T00:07:06] METRIC object_size_bytes=437617.9
[2026-05-19T00:07:06] METRIC link_bandwidth_gbps=10.0
[2026-05-19T00:07:06] METRIC throughput_gbps=0.7296
[2026-05-19T00:07:06] METRIC latency_ms=29.5359
[2026-05-19T00:07:06] METRIC cpu_util_pct=81.55
[2026-05-19T00:07:06] RUN_END status=OK
[2026-05-19T00:09:36] RUN_START run_id=MDO_PythonNDN_029
[2026-05-19T00:09:36] PARAM implementation=PythonNDN
[2026-05-19T00:09:36] PARAM workload_type=MDO
[2026-05-19T00:09:36] PARAM test_link=LI_10GbE_aggregation_backhaul
[2026-05-19T00:09:36] METRIC object_size_bytes=495700.5
[2026-05-19T00:09:36] METRIC link_bandwidth_gbps=10.0
[2026-05-19T00:09:36] METRIC throughput_gbps=0.6751
[2026-05-19T00:09:36] METRIC latency_ms=25.985
[2026-05-19T00:09:36] METRIC cpu_util_pct=88.88
[2026-05-19T00:09:36] RUN_END status=OK
