[2026-04-03T12:29:46] RUN_START run_id=LDO_NFD_054
[2026-04-03T12:29:46] PARAM implementation=NFD
[2026-04-03T12:29:46] PARAM workload_type=LDO
[2026-04-03T12:29:46] PARAM test_link=LI_10GbE_aggregation_backhaul
[2026-04-03T12:29:46] METRIC object_size_bytes=2228361.1
[2026-04-03T12:29:46] METRIC link_bandwidth_gbps=10.0
[2026-04-03T12:29:46] METRIC throughput_gbps=3.2545
[2026-04-03T12:29:46] METRIC latency_ms=125.3203
[2026-04-03T12:29:46] METRIC cpu_util_pct=56.32
[2026-04-03T12:29:46] RUN_END status=OK
[2026-04-03T12:31:05] RUN_START run_id=LDO_NFD_055
[2026-04-03T12:31:05] PARAM implementation=NFD
[2026-04-03T12:31:05] PARAM workload_type=LDO
[2026-04-03T12:31:05] PARAM test_link=LI_10GbE_aggregation_backhaul
[2026-04-03T12:31:05] METRIC object_size_bytes=1144847.6
[2026-04-03T12:31:05] METRIC link_bandwidth_gbps=10.0
[2026-04-03T12:31:05] METRIC throughput_gbps=3.3542
[2026-04-03T12:31:05] METRIC latency_ms=131.3479
[2026-04-03T12:31:05] METRIC cpu_util_pct=59.66
[2026-04-03T12:31:05] RUN_END status=OK
[2026-04-03T12:32:38] RUN_START run_id=LDO_NFD_056
[2026-04-03T12:32:38] PARAM implementation=NFD
[2026-04-03T12:32:38] PARAM workload_type=LDO
[2026-04-03T12:32:38] PARAM test_link=LI_10GbE_aggregation_backhaul
[2026-04-03T12:32:38] METRIC object_size_bytes=4478872.6
[2026-04-03T12:32:38] METRIC link_bandwidth_gbps=10.0
[2026-04-03T12:32:38] METRIC throughput_gbps=3.3978
[2026-04-03T12:32:38] METRIC latency_ms=124.4075
[2026-04-03T12:32:38] METRIC cpu_util_pct=59.77
[2026-04-03T12:32:38] RUN_END status=OK
[2026-04-03T12:36:23] RUN_START run_id=LDO_NFD_057
[2026-04-03T12:36:23] PARAM implementation=NFD
[2026-04-03T12:36:23] PARAM workload_type=LDO
[2026-04-03T12:36:23] PARAM test_link=LI_10GbE_aggregation_backhaul
[2026-04-03T12:36:23] METRIC object_size_bytes=3312065.6
[2026-04-03T12:36:23] METRIC link_bandwidth_gbps=10.0
[2026-04-03T12:36:23] METRIC throughput_gbps=3.2693
[2026-04-03T12:36:23] METRIC latency_ms=107.7131
[2026-04-03T12:36:23] METRIC cpu_util_pct=59.35
[2026-04-03T12:36:23] RUN_END status=OK
[2026-04-03T12:38:42] RUN_START run_id=LDO_NFD_058
[2026-04-03T12:38:42] PARAM implementation=NFD
[2026-04-03T12:38:42] PARAM workload_type=LDO
[2026-04-03T12:38:42] PARAM test_link=LI_10GbE_aggregation_backhaul
[2026-04-03T12:38:42] METRIC object_size_bytes=4628556.7
[2026-04-03T12:38:42] METRIC link_bandwidth_gbps=10.0
[2026-04-03T12:38:42] METRIC throughput_gbps=3.2496
[2026-04-03T12:38:42] METRIC latency_ms=107.929
[2026-04-03T12:38:42] METRIC cpu_util_pct=57.25
[2026-04-03T12:38:42] RUN_END status=OK
[2026-04-03T12:41:10] RUN_START run_id=LDO_NFD_059
[2026-04-03T12:41:10] PARAM implementation=NFD
[2026-04-03T12:41:10] PARAM workload_type=LDO
[2026-04-03T12:41:10] PARAM test_link=LI_10GbE_aggregation_backhaul
[2026-04-03T12:41:10] METRIC object_size_bytes=1699827.3
[2026-04-03T12:41:10] METRIC link_bandwidth_gbps=10.0
[2026-04-03T12:41:10] METRIC throughput_gbps=3.3774
[2026-04-03T12:41:10] METRIC latency_ms=124.0423
[2026-04-03T12:41:10] METRIC cpu_util_pct=59.44
[2026-04-03T12:41:10] RUN_END status=OK
[2026-04-03T12:45:17] RUN_START run_id=LDO_NFD_060
[2026-04-03T12:45:17] PARAM implementation=NFD
[2026-04-03T12:45:17] PARAM workload_type=LDO
[2026-04-03T12:45:17] PARAM test_link=LI_10GbE_aggregation_backhaul
[2026-04-03T12:45:17] METRIC object_size_bytes=2954120.2
[2026-04-03T12:45:17] METRIC link_bandwidth_gbps=10.0
[2026-04-03T12:45:17] METRIC throughput_gbps=3.2592
[2026-04-03T12:45:17] METRIC latency_ms=135.6349
[2026-04-03T12:45:17] METRIC cpu_util_pct=59.74
[2026-04-03T12:45:17] RUN_END status=OK
[2026-04-03T12:48:38] RUN_START run_id=LDO_NFD_061
[2026-04-03T12:48:38] PARAM implementation=NFD
[2026-04-03T12:48:38] PARAM workload_type=LDO
[2026-04-03T12:48:38] PARAM test_link=LI_10GbE_aggregation_backhaul
[2026-04-03T12:48:38] METRIC object_size_bytes=2411353.9
[2026-04-03T12:48:38] METRIC link_bandwidth_gbps=10.0
[2026-04-03T12:48:38] METRIC throughput_gbps=3.1488
[2026-04-03T12:48:38] METRIC latency_ms=125.4748
[2026-04-03T12:48:38] METRIC cpu_util_pct=62.95
[2026-04-03T12:48:38] RUN_END status=OK
[2026-04-03T12:50:20] RUN_START run_id=LDO_NFD_062
[2026-04-03T12:50:20] PARAM implementation=NFD
[2026-04-03T12:50:20] PARAM workload_type=LDO
[2026-04-03T12:50:20] PARAM test_link=LI_10GbE_aggregation_backhaul
[2026-04-03T12:50:20] METRIC object_size_bytes=4044204.1
[2026-04-03T12:50:20] METRIC link_bandwidth_gbps=10.0
[2026-04-03T12:50:20] METRIC throughput_gbps=3.4833
[2026-04-03T12:50:20] METRIC latency_ms=127.2278
[2026-04-03T12:50:20] METRIC cpu_util_pct=59.63
[2026-04-03T12:50:20] RUN_END status=OK
[2026-04-03T12:51:51] RUN_START run_id=LDO_NFD_063
[2026-04-03T12:51:51] PARAM implementation=NFD
[2026-04-03T12:51:51] PARAM workload_type=LDO
[2026-04-03T12:51:51] PARAM test_link=LI_10GbE_aggregation_backhaul
[2026-04-03T12:51:51] METRIC object_size_bytes=2302472.9
[2026-04-03T12:51:51] METRIC link_bandwidth_gbps=10.0
[2026-04-03T12:51:51] METRIC throughput_gbps=3.1139
[2026-04-03T12:51:51] METRIC latency_ms=113.8865
[2026-04-03T12:51:51] METRIC cpu_util_pct=55.73
[2026-04-03T12:51:51] RUN_END status=OK
[2026-04-03T12:54:15] RUN_START run_id=LDO_NFD_064
[2026-04-03T12:54:15] PARAM implementation=NFD
[2026-04-03T12:54:15] PARAM workload_type=LDO
[2026-04-03T12:54:15] PARAM test_link=LI_10GbE_aggregation_backhaul
[2026-04-03T12:54:15] METRIC object_size_bytes=2595284.9
[2026-04-03T12:54:15] METRIC link_bandwidth_gbps=10.0
[2026-04-03T12:54:15] METRIC throughput_gbps=3.2342
[2026-04-03T12:54:15] METRIC latency_ms=126.7249
[2026-04-03T12:54:15] METRIC cpu_util_pct=59.31
[2026-04-03T12:54:15] RUN_END status=OK
[2026-04-03T12:56:23] RUN_START run_id=LDO_NFD_065
[2026-04-03T12:56:23] PARAM implementation=NFD
[2026-04-03T12:56:23] PARAM workload_type=LDO
[2026-04-03T12:56:23] PARAM test_link=LI_10GbE_aggregation_backhaul
[2026-04-03T12:56:23] METRIC object_size_bytes=2544457.3
[2026-04-03T12:56:23] METRIC link_bandwidth_gbps=10.0
[2026-04-03T12:56:23] METRIC throughput_gbps=3.3519
[2026-04-03T12:56:23] METRIC latency_ms=121.663
[2026-04-03T12:56:23] METRIC cpu_util_pct=59.66
[2026-04-03T12:56:23] RUN_END status=OK
[2026-04-04T13:08:51] RUN_START run_id=LDO_NFD_066
[2026-04-04T13:08:51] PARAM implementation=NFD
[2026-04-04T13:08:51] PARAM workload_type=LDO
[2026-04-04T13:08:51] PARAM test_link=LI_10GbE_aggregation_backhaul
[2026-04-04T13:08:51] METRIC object_size_bytes=1188479.9
[2026-04-04T13:08:51] METRIC link_bandwidth_gbps=10.0
[2026-04-04T13:08:51] METRIC throughput_gbps=3.0469
[2026-04-04T13:08:51] METRIC latency_ms=124.6514
[2026-04-04T13:08:51] METRIC cpu_util_pct=56.63
[2026-04-04T13:08:51] RUN_END status=OK
[2026-04-04T13:13:30] RUN_START run_id=LDO_NFD_067
[2026-04-04T13:13:30] PARAM implementation=NFD
[2026-04-04T13:13:30] PARAM workload_type=LDO
[2026-04-04T13:13:30] PARAM test_link=LI_10GbE_aggregation_backhaul
[2026-04-04T13:13:30] METRIC object_size_bytes=1188061.3
[2026-04-04T13:13:30] METRIC link_bandwidth_gbps=10.0
[2026-04-04T13:13:30] METRIC throughput_gbps=3.3063
[2026-04-04T13:13:30] METRIC latency_ms=119.5108
[2026-04-04T13:13:30] METRIC cpu_util_pct=57.49
[2026-04-04T13:13:30] RUN_END status=OK
[2026-04-04T13:16:15] RUN_START run_id=LDO_NFD_068
[2026-04-04T13:16:15] PARAM implementation=NFD
[2026-04-04T13:16:15] PARAM workload_type=LDO
[2026-04-04T13:16:15] PARAM test_link=LI_10GbE_aggregation_backhaul
[2026-04-04T13:16:15] METRIC object_size_bytes=1966635.3
[2026-04-04T13:16:15] METRIC link_bandwidth_gbps=10.0
[2026-04-04T13:16:15] METRIC throughput_gbps=2.9089
[2026-04-04T13:16:15] METRIC latency_ms=115.2478
[2026-04-04T13:16:15] METRIC cpu_util_pct=56.9
[2026-04-04T13:16:15] RUN_END status=OK
[2026-04-04T13:17:46] RUN_START run_id=LDO_NFD_069
[2026-04-04T13:17:46] PARAM implementation=NFD
[2026-04-04T13:17:46] PARAM workload_type=LDO
[2026-04-04T13:17:46] PARAM test_link=LI_10GbE_aggregation_backhaul
[2026-04-04T13:17:46] METRIC object_size_bytes=2061813.0
[2026-04-04T13:17:46] METRIC link_bandwidth_gbps=10.0
[2026-04-04T13:17:46] METRIC throughput_gbps=3.3145
[2026-04-04T13:17:46] METRIC latency_ms=132.6199
[2026-04-04T13:17:46] METRIC cpu_util_pct=62.48
[2026-04-04T13:17:46] RUN_END status=OK
[2026-04-04T13:19:25] RUN_START run_id=LDO_NFD_070
[2026-04-04T13:19:25] PARAM implementation=NFD
[2026-04-04T13:19:25] PARAM workload_type=LDO
[2026-04-04T13:19:25] PARAM test_link=LI_10GbE_aggregation_backhaul
[2026-04-04T13:19:25] METRIC object_size_bytes=4503939.0
[2026-04-04T13:19:25] METRIC link_bandwidth_gbps=10.0
[2026-04-04T13:19:25] METRIC throughput_gbps=3.0987
[2026-04-04T13:19:25] METRIC latency_ms=126.9703
[2026-04-04T13:19:25] METRIC cpu_util_pct=56.24
[2026-04-04T13:19:25] RUN_END status=OK
