[2026-04-25T23:31:14] RUN_START run_id=LDO_PythonNDN_057
[2026-04-25T23:31:14] PARAM implementation=PythonNDN
[2026-04-25T23:31:14] PARAM workload_type=LDO
[2026-04-25T23:31:14] PARAM test_link=LI_10GbE_aggregation_backhaul
[2026-04-25T23:31:14] METRIC object_size_bytes=2988568.0
[2026-04-25T23:31:14] METRIC link_bandwidth_gbps=10.0
[2026-04-25T23:31:14] METRIC throughput_gbps=0.7527
[2026-04-25T23:31:14] METRIC latency_ms=152.9609
[2026-04-25T23:31:14] METRIC cpu_util_pct=90.79
[2026-04-25T23:31:14] RUN_END status=OK
[2026-04-25T23:31:44] RUN_START run_id=LDO_PythonNDN_058
[2026-04-25T23:31:44] PARAM implementation=PythonNDN
[2026-04-25T23:31:44] PARAM workload_type=LDO
[2026-04-25T23:31:44] PARAM test_link=LI_10GbE_aggregation_backhaul
[2026-04-25T23:31:44] METRIC object_size_bytes=4680935.4
[2026-04-25T23:31:44] METRIC link_bandwidth_gbps=10.0
[2026-04-25T23:31:44] METRIC throughput_gbps=0.8322
[2026-04-25T23:31:44] METRIC latency_ms=175.258
[2026-04-25T23:31:44] METRIC cpu_util_pct=85.91
[2026-04-25T23:31:44] RUN_END status=OK
[2026-04-25T23:33:22] RUN_START run_id=LDO_PythonNDN_059
[2026-04-25T23:33:22] PARAM implementation=PythonNDN
[2026-04-25T23:33:22] PARAM workload_type=LDO
[2026-04-25T23:33:22] PARAM test_link=LI_10GbE_aggregation_backhaul
[2026-04-25T23:33:22] METRIC object_size_bytes=2777506.0
[2026-04-25T23:33:22] METRIC link_bandwidth_gbps=10.0
[2026-04-25T23:33:22] METRIC throughput_gbps=0.7495
[2026-04-25T23:33:22] METRIC latency_ms=153.9593
[2026-04-25T23:33:22] METRIC cpu_util_pct=86.72
[2026-04-25T23:33:22] RUN_END status=OK
[2026-04-25T23:36:01] RUN_START run_id=LDO_PythonNDN_060
[2026-04-25T23:36:01] PARAM implementation=PythonNDN
[2026-04-25T23:36:01] PARAM workload_type=LDO
[2026-04-25T23:36:01] PARAM test_link=LI_10GbE_aggregation_backhaul
[2026-04-25T23:36:01] METRIC object_size_bytes=1383700.5
[2026-04-25T23:36:01] METRIC link_bandwidth_gbps=10.0
[2026-04-25T23:36:01] METRIC throughput_gbps=0.7535
[2026-04-25T23:36:01] METRIC latency_ms=168.2687
[2026-04-25T23:36:01] METRIC cpu_util_pct=88.73
[2026-04-25T23:36:01] RUN_END status=OK
[2026-04-25T23:37:09] RUN_START run_id=LDO_PythonNDN_061
[2026-04-25T23:37:09] PARAM implementation=PythonNDN
[2026-04-25T23:37:09] PARAM workload_type=LDO
[2026-04-25T23:37:09] PARAM test_link=LI_10GbE_aggregation_backhaul
[2026-04-25T23:37:09] METRIC object_size_bytes=4571744.8
[2026-04-25T23:37:09] METRIC link_bandwidth_gbps=10.0
[2026-04-25T23:37:09] METRIC throughput_gbps=0.8239
[2026-04-25T23:37:09] METRIC latency_ms=158.718
[2026-04-25T23:37:09] METRIC cpu_util_pct=88.05
[2026-04-25T23:37:09] RUN_END status=OK
[2026-04-25T23:41:09] RUN_START run_id=LDO_PythonNDN_062
[2026-04-25T23:41:09] PARAM implementation=PythonNDN
[2026-04-25T23:41:09] PARAM workload_type=LDO
[2026-04-25T23:41:09] PARAM test_link=LI_10GbE_aggregation_backhaul
[2026-04-25T23:41:09] METRIC object_size_bytes=1120551.4
[2026-04-25T23:41:09] METRIC link_bandwidth_gbps=10.0
[2026-04-25T23:41:09] METRIC throughput_gbps=0.8074
[2026-04-25T23:41:09] METRIC latency_ms=170.1513
[2026-04-25T23:41:09] METRIC cpu_util_pct=92.17
[2026-04-25T23:41:09] RUN_END status=OK
[2026-04-25T23:44:41] RUN_START run_id=LDO_PythonNDN_063
[2026-04-25T23:44:41] PARAM implementation=PythonNDN
[2026-04-25T23:44:41] PARAM workload_type=LDO
[2026-04-25T23:44:41] PARAM test_link=LI_10GbE_aggregation_backhaul
[2026-04-25T23:44:41] METRIC object_size_bytes=3269151.4
[2026-04-25T23:44:41] METRIC link_bandwidth_gbps=10.0
[2026-04-25T23:44:41] METRIC throughput_gbps=0.7623
[2026-04-25T23:44:41] METRIC latency_ms=149.448
[2026-04-25T23:44:41] METRIC cpu_util_pct=91.74
[2026-04-25T23:44:41] RUN_END status=OK
[2026-04-25T23:46:49] RUN_START run_id=LDO_PythonNDN_064
[2026-04-25T23:46:49] PARAM implementation=PythonNDN
[2026-04-25T23:46:49] PARAM workload_type=LDO
[2026-04-25T23:46:49] PARAM test_link=LI_10GbE_aggregation_backhaul
[2026-04-25T23:46:49] METRIC object_size_bytes=3403193.0
[2026-04-25T23:46:49] METRIC link_bandwidth_gbps=10.0
[2026-04-25T23:46:49] METRIC throughput_gbps=0.7496
[2026-04-25T23:46:49] METRIC latency_ms=162.6817
[2026-04-25T23:46:49] METRIC cpu_util_pct=86.86
[2026-04-25T23:46:49] RUN_END status=OK
[2026-04-25T23:47:58] RUN_START run_id=LDO_PythonNDN_065
[2026-04-25T23:47:58] PARAM implementation=PythonNDN
[2026-04-25T23:47:58] PARAM workload_type=LDO
[2026-04-25T23:47:58] PARAM test_link=LI_10GbE_aggregation_backhaul
[2026-04-25T23:47:58] METRIC object_size_bytes=1712905.6
[2026-04-25T23:47:58] METRIC link_bandwidth_gbps=10.0
[2026-04-25T23:47:58] METRIC throughput_gbps=0.8598
[2026-04-25T23:47:58] METRIC latency_ms=149.12
[2026-04-25T23:47:58] METRIC cpu_util_pct=93.09
[2026-04-25T23:47:58] RUN_END status=OK
[2026-04-26T15:21:00] RUN_START run_id=SDO_uDCN_001
[2026-04-26T15:21:00] PARAM implementation=uDCN
[2026-04-26T15:21:00] PARAM workload_type=SDO
[2026-04-26T15:21:00] PARAM test_link=LI_10GbE_aggregation_backhaul
[2026-04-26T15:21:00] METRIC object_size_bytes=463.1
[2026-04-26T15:21:00] METRIC link_bandwidth_gbps=10.0
[2026-04-26T15:21:00] METRIC throughput_gbps=4.759
[2026-04-26T15:21:00] METRIC latency_ms=0.7416
[2026-04-26T15:21:00] METRIC cpu_util_pct=11.0
[2026-04-26T15:21:00] RUN_END status=OK
[2026-04-26T15:26:05] RUN_START run_id=SDO_uDCN_002
[2026-04-26T15:26:05] PARAM implementation=uDCN
[2026-04-26T15:26:05] PARAM workload_type=SDO
[2026-04-26T15:26:05] PARAM test_link=LI_10GbE_aggregation_backhaul
[2026-04-26T15:26:05] METRIC object_size_bytes=1573.3
[2026-04-26T15:26:05] METRIC link_bandwidth_gbps=10.0
[2026-04-26T15:26:05] METRIC throughput_gbps=4.7254
[2026-04-26T15:26:05] METRIC latency_ms=0.8248
[2026-04-26T15:26:05] METRIC cpu_util_pct=11.54
[2026-04-26T15:26:05] RUN_END status=OK
[2026-04-26T15:29:11] RUN_START run_id=SDO_uDCN_003
[2026-04-26T15:29:11] PARAM implementation=uDCN
[2026-04-26T15:29:11] PARAM workload_type=SDO
[2026-04-26T15:29:11] PARAM test_link=LI_10GbE_aggregation_backhaul
[2026-04-26T15:29:11] METRIC object_size_bytes=1543.7
[2026-04-26T15:29:11] METRIC link_bandwidth_gbps=10.0
[2026-04-26T15:29:11] METRIC throughput_gbps=4.3743
[2026-04-26T15:29:11] METRIC latency_ms=0.7854
[2026-04-26T15:29:11] METRIC cpu_util_pct=11.38
[2026-04-26T15:29:11] RUN_END status=OK
[2026-04-26T15:30:20] RUN_START run_id=SDO_uDCN_004
[2026-04-26T15:30:20] PARAM implementation=uDCN
[2026-04-26T15:30:20] PARAM workload_type=SDO
[2026-04-26T15:30:20] PARAM test_link=LI_10GbE_aggregation_backhaul
[2026-04-26T15:30:20] METRIC object_size_bytes=885.2
[2026-04-26T15:30:20] METRIC link_bandwidth_gbps=10.0
[2026-04-26T15:30:20] METRIC throughput_gbps=4.4967
[2026-04-26T15:30:20] METRIC latency_ms=0.8626
[2026-04-26T15:30:20] METRIC cpu_util_pct=11.66
[2026-04-26T15:30:20] RUN_END status=OK
[2026-04-26T15:30:56] RUN_START run_id=SDO_uDCN_005
[2026-04-26T15:30:56] PARAM implementation=uDCN
[2026-04-26T15:30:56] PARAM workload_type=SDO
[2026-04-26T15:30:56] PARAM test_link=LI_10GbE_aggregation_backhaul
[2026-04-26T15:30:56] METRIC object_size_bytes=554.5
[2026-04-26T15:30:56] METRIC link_bandwidth_gbps=10.0
[2026-04-26T15:30:56] METRIC throughput_gbps=4.6886
[2026-04-26T15:30:56] METRIC latency_ms=0.7818
[2026-04-26T15:30:56] METRIC cpu_util_pct=11.86
[2026-04-26T15:30:56] RUN_END status=OK
[2026-04-26T15:32:30] RUN_START run_id=SDO_uDCN_006
[2026-04-26T15:32:30] PARAM implementation=uDCN
[2026-04-26T15:32:30] PARAM workload_type=SDO
[2026-04-26T15:32:30] PARAM test_link=LI_10GbE_aggregation_backhaul
[2026-04-26T15:32:30] METRIC object_size_bytes=348.0
[2026-04-26T15:32:30] METRIC link_bandwidth_gbps=10.0
[2026-04-26T15:32:30] METRIC throughput_gbps=4.8453
[2026-04-26T15:32:30] METRIC latency_ms=0.8421
[2026-04-26T15:32:30] METRIC cpu_util_pct=11.8
[2026-04-26T15:32:30] RUN_END status=OK
[2026-04-26T15:34:26] RUN_START run_id=SDO_uDCN_007
[2026-04-26T15:34:26] PARAM implementation=uDCN
[2026-04-26T15:34:26] PARAM workload_type=SDO
[2026-04-26T15:34:26] PARAM test_link=LI_10GbE_aggregation_backhaul
[2026-04-26T15:34:26] METRIC object_size_bytes=665.2
[2026-04-26T15:34:26] METRIC link_bandwidth_gbps=10.0
[2026-04-26T15:34:26] METRIC throughput_gbps=4.3966
[2026-04-26T15:34:26] METRIC latency_ms=0.7851
[2026-04-26T15:34:26] METRIC cpu_util_pct=11.1
[2026-04-26T15:34:26] RUN_END status=OK
[2026-04-26T15:36:06] RUN_START run_id=SDO_uDCN_008
[2026-04-26T15:36:06] PARAM implementation=uDCN
[2026-04-26T15:36:06] PARAM workload_type=SDO
[2026-04-26T15:36:06] PARAM test_link=LI_10GbE_aggregation_backhaul
[2026-04-26T15:36:06] METRIC object_size_bytes=1318.7
[2026-04-26T15:36:06] METRIC link_bandwidth_gbps=10.0
[2026-04-26T15:36:06] METRIC throughput_gbps=4.4118
[2026-04-26T15:36:06] METRIC latency_ms=0.7321
[2026-04-26T15:36:06] METRIC cpu_util_pct=11.94
[2026-04-26T15:36:06] RUN_END status=OK
