[2026-06-05T18:23:29] RUN_START run_id=MDO_CCNlite_034
[2026-06-05T18:23:29] PARAM implementation=CCNlite
[2026-06-05T18:23:29] PARAM workload_type=MDO
[2026-06-05T18:23:29] PARAM test_link=LI_10GbE_aggregation_backhaul
[2026-06-05T18:23:29] METRIC object_size_bytes=98346.6
[2026-06-05T18:23:29] METRIC link_bandwidth_gbps=10.0
[2026-06-05T18:23:29] METRIC throughput_gbps=2.3087
[2026-06-05T18:23:29] METRIC latency_ms=18.4606
[2026-06-05T18:23:29] METRIC cpu_util_pct=55.95
[2026-06-05T18:23:29] RUN_END status=OK
[2026-06-05T18:25:46] RUN_START run_id=MDO_CCNlite_035
[2026-06-05T18:25:46] PARAM implementation=CCNlite
[2026-06-05T18:25:46] PARAM workload_type=MDO
[2026-06-05T18:25:46] PARAM test_link=LI_10GbE_aggregation_backhaul
[2026-06-05T18:25:46] METRIC object_size_bytes=504603.8
[2026-06-05T18:25:46] METRIC link_bandwidth_gbps=10.0
[2026-06-05T18:25:46] METRIC throughput_gbps=2.4069
[2026-06-05T18:25:46] METRIC latency_ms=19.2547
[2026-06-05T18:25:46] METRIC cpu_util_pct=61.9
[2026-06-05T18:25:46] RUN_END status=OK
[2026-06-05T18:26:47] RUN_START run_id=MDO_CCNlite_036
[2026-06-05T18:26:47] PARAM implementation=CCNlite
[2026-06-05T18:26:47] PARAM workload_type=MDO
[2026-06-05T18:26:47] PARAM test_link=LI_10GbE_aggregation_backhaul
[2026-06-05T18:26:47] METRIC object_size_bytes=150189.7
[2026-06-05T18:26:47] METRIC link_bandwidth_gbps=10.0
[2026-06-05T18:26:47] METRIC throughput_gbps=2.308
[2026-06-05T18:26:47] METRIC latency_ms=17.6756
[2026-06-05T18:26:47] METRIC cpu_util_pct=57.31
[2026-06-05T18:26:47] RUN_END status=OK
[2026-06-05T18:29:42] RUN_START run_id=MDO_CCNlite_037
[2026-06-05T18:29:42] PARAM implementation=CCNlite
[2026-06-05T18:29:42] PARAM workload_type=MDO
[2026-06-05T18:29:42] PARAM test_link=LI_10GbE_aggregation_backhaul
[2026-06-05T18:29:42] METRIC object_size_bytes=416932.2
[2026-06-05T18:29:42] METRIC link_bandwidth_gbps=10.0
[2026-06-05T18:29:42] METRIC throughput_gbps=2.3094
[2026-06-05T18:29:42] METRIC latency_ms=18.0102
[2026-06-05T18:29:42] METRIC cpu_util_pct=58.97
[2026-06-05T18:29:42] RUN_END status=OK
[2026-06-05T18:32:52] RUN_START run_id=MDO_CCNlite_038
[2026-06-05T18:32:52] PARAM implementation=CCNlite
[2026-06-05T18:32:52] PARAM workload_type=MDO
[2026-06-05T18:32:52] PARAM test_link=LI_10GbE_aggregation_backhaul
[2026-06-05T18:32:52] METRIC object_size_bytes=142198.6
[2026-06-05T18:32:52] METRIC link_bandwidth_gbps=10.0
[2026-06-05T18:32:52] METRIC throughput_gbps=2.3001
[2026-06-05T18:32:52] METRIC latency_ms=19.7718
[2026-06-05T18:32:52] METRIC cpu_util_pct=57.23
[2026-06-05T18:32:52] RUN_END status=OK
[2026-06-05T18:35:15] RUN_START run_id=MDO_CCNlite_039
[2026-06-05T18:35:15] PARAM implementation=CCNlite
[2026-06-05T18:35:15] PARAM workload_type=MDO
[2026-06-05T18:35:15] PARAM test_link=LI_10GbE_aggregation_backhaul
[2026-06-05T18:35:15] METRIC object_size_bytes=446862.0
[2026-06-05T18:35:15] METRIC link_bandwidth_gbps=10.0
[2026-06-05T18:35:15] METRIC throughput_gbps=2.499
[2026-06-05T18:35:15] METRIC latency_ms=18.3787
[2026-06-05T18:35:15] METRIC cpu_util_pct=58.54
[2026-06-05T18:35:15] RUN_END status=OK
[2026-06-05T18:36:37] RUN_START run_id=MDO_CCNlite_040
[2026-06-05T18:36:37] PARAM implementation=CCNlite
[2026-06-05T18:36:37] PARAM workload_type=MDO
[2026-06-05T18:36:37] PARAM test_link=LI_10GbE_aggregation_backhaul
[2026-06-05T18:36:37] METRIC object_size_bytes=73579.0
[2026-06-05T18:36:37] METRIC link_bandwidth_gbps=10.0
[2026-06-05T18:36:37] METRIC throughput_gbps=2.529
[2026-06-05T18:36:37] METRIC latency_ms=19.4984
[2026-06-05T18:36:37] METRIC cpu_util_pct=61.0
[2026-06-05T18:36:37] RUN_END status=OK
[2026-06-05T18:39:15] RUN_START run_id=MDO_CCNlite_041
[2026-06-05T18:39:15] PARAM implementation=CCNlite
[2026-06-05T18:39:15] PARAM workload_type=MDO
[2026-06-05T18:39:15] PARAM test_link=LI_10GbE_aggregation_backhaul
[2026-06-05T18:39:15] METRIC object_size_bytes=304454.6
[2026-06-05T18:39:15] METRIC link_bandwidth_gbps=10.0
[2026-06-05T18:39:15] METRIC throughput_gbps=2.5032
[2026-06-05T18:39:15] METRIC latency_ms=16.8188
[2026-06-05T18:39:15] METRIC cpu_util_pct=61.82
[2026-06-05T18:39:15] RUN_END status=OK
[2026-06-05T18:39:51] RUN_START run_id=MDO_CCNlite_042
[2026-06-05T18:39:51] PARAM implementation=CCNlite
[2026-06-05T18:39:51] PARAM workload_type=MDO
[2026-06-05T18:39:51] PARAM test_link=LI_10GbE_aggregation_backhaul
[2026-06-05T18:39:51] METRIC object_size_bytes=464580.7
[2026-06-05T18:39:51] METRIC link_bandwidth_gbps=10.0
[2026-06-05T18:39:51] METRIC throughput_gbps=2.3043
[2026-06-05T18:39:51] METRIC latency_ms=18.2249
[2026-06-05T18:39:51] METRIC cpu_util_pct=59.33
[2026-06-05T18:39:51] RUN_END status=OK
[2026-06-05T18:42:30] RUN_START run_id=MDO_CCNlite_043
[2026-06-05T18:42:30] PARAM implementation=CCNlite
[2026-06-05T18:42:30] PARAM workload_type=MDO
[2026-06-05T18:42:30] PARAM test_link=LI_10GbE_aggregation_backhaul
[2026-06-05T18:42:30] METRIC object_size_bytes=89309.2
[2026-06-05T18:42:30] METRIC link_bandwidth_gbps=10.0
[2026-06-05T18:42:30] METRIC throughput_gbps=2.4359
[2026-06-05T18:42:30] METRIC latency_ms=17.2391
[2026-06-05T18:42:30] METRIC cpu_util_pct=57.87
[2026-06-05T18:42:30] RUN_END status=OK
[2026-06-05T18:44:53] RUN_START run_id=MDO_CCNlite_044
[2026-06-05T18:44:53] PARAM implementation=CCNlite
[2026-06-05T18:44:53] PARAM workload_type=MDO
[2026-06-05T18:44:53] PARAM test_link=LI_10GbE_aggregation_backhaul
[2026-06-05T18:44:53] METRIC object_size_bytes=373831.8
[2026-06-05T18:44:53] METRIC link_bandwidth_gbps=10.0
[2026-06-05T18:44:53] METRIC throughput_gbps=2.2416
[2026-06-05T18:44:53] METRIC latency_ms=16.8874
[2026-06-05T18:44:53] METRIC cpu_util_pct=57.52
[2026-06-05T18:44:53] RUN_END status=OK
[2026-06-05T18:46:21] RUN_START run_id=MDO_CCNlite_045
[2026-06-05T18:46:21] PARAM implementation=CCNlite
[2026-06-05T18:46:21] PARAM workload_type=MDO
[2026-06-05T18:46:21] PARAM test_link=LI_10GbE_aggregation_backhaul
[2026-06-05T18:46:21] METRIC object_size_bytes=341782.2
[2026-06-05T18:46:21] METRIC link_bandwidth_gbps=10.0
[2026-06-05T18:46:21] METRIC throughput_gbps=2.501
[2026-06-05T18:46:21] METRIC latency_ms=17.4964
[2026-06-05T18:46:21] METRIC cpu_util_pct=57.34
[2026-06-05T18:46:21] RUN_END status=OK
[2026-06-05T18:47:53] RUN_START run_id=MDO_CCNlite_046
[2026-06-05T18:47:53] PARAM implementation=CCNlite
[2026-06-05T18:47:53] PARAM workload_type=MDO
[2026-06-05T18:47:53] PARAM test_link=LI_10GbE_aggregation_backhaul
[2026-06-05T18:47:53] METRIC object_size_bytes=480528.4
[2026-06-05T18:47:53] METRIC link_bandwidth_gbps=10.0
[2026-06-05T18:47:53] METRIC throughput_gbps=2.4696
[2026-06-05T18:47:53] METRIC latency_ms=17.6941
[2026-06-05T18:47:53] METRIC cpu_util_pct=62.25
[2026-06-05T18:47:53] RUN_END status=OK
[2026-06-05T18:48:43] RUN_START run_id=MDO_CCNlite_047
[2026-06-05T18:48:43] PARAM implementation=CCNlite
[2026-06-05T18:48:43] PARAM workload_type=MDO
[2026-06-05T18:48:43] PARAM test_link=LI_10GbE_aggregation_backhaul
[2026-06-05T18:48:43] METRIC object_size_bytes=391692.8
[2026-06-05T18:48:43] METRIC link_bandwidth_gbps=10.0
[2026-06-05T18:48:43] METRIC throughput_gbps=2.4804
[2026-06-05T18:48:43] METRIC latency_ms=15.5243
[2026-06-05T18:48:43] METRIC cpu_util_pct=55.18
[2026-06-05T18:48:43] RUN_END status=OK
[2026-06-05T18:50:21] RUN_START run_id=MDO_CCNlite_048
[2026-06-05T18:50:21] PARAM implementation=CCNlite
[2026-06-05T18:50:21] PARAM workload_type=MDO
[2026-06-05T18:50:21] PARAM test_link=LI_10GbE_aggregation_backhaul
[2026-06-05T18:50:21] METRIC object_size_bytes=343289.9
[2026-06-05T18:50:21] METRIC link_bandwidth_gbps=10.0
[2026-06-05T18:50:21] METRIC throughput_gbps=2.3507
[2026-06-05T18:50:21] METRIC latency_ms=17.4939
[2026-06-05T18:50:21] METRIC cpu_util_pct=55.85
[2026-06-05T18:50:21] RUN_END status=OK
[2026-06-05T18:51:54] RUN_START run_id=MDO_CCNlite_049
[2026-06-05T18:51:54] PARAM implementation=CCNlite
[2026-06-05T18:51:54] PARAM workload_type=MDO
[2026-06-05T18:51:54] PARAM test_link=LI_10GbE_aggregation_backhaul
[2026-06-05T18:51:54] METRIC object_size_bytes=477343.5
[2026-06-05T18:51:54] METRIC link_bandwidth_gbps=10.0
[2026-06-05T18:51:54] METRIC throughput_gbps=2.4959
[2026-06-05T18:51:54] METRIC latency_ms=17.589
[2026-06-05T18:51:54] METRIC cpu_util_pct=57.15
[2026-06-05T18:51:54] RUN_END status=OK
[2026-06-05T18:52:28] RUN_START run_id=MDO_CCNlite_050
[2026-06-05T18:52:28] PARAM implementation=CCNlite
[2026-06-05T18:52:28] PARAM workload_type=MDO
[2026-06-05T18:52:28] PARAM test_link=LI_10GbE_aggregation_backhaul
[2026-06-05T18:52:28] METRIC object_size_bytes=349351.6
[2026-06-05T18:52:28] METRIC link_bandwidth_gbps=10.0
[2026-06-05T18:52:28] METRIC throughput_gbps=2.3964
[2026-06-05T18:52:28] METRIC latency_ms=18.8654
[2026-06-05T18:52:28] METRIC cpu_util_pct=57.02
[2026-06-05T18:52:28] RUN_END status=OK
[2026-06-05T18:54:35] RUN_START run_id=MDO_CCNlite_051
[2026-06-05T18:54:35] PARAM implementation=CCNlite
[2026-06-05T18:54:35] PARAM workload_type=MDO
[2026-06-05T18:54:35] PARAM test_link=LI_10GbE_aggregation_backhaul
[2026-06-05T18:54:35] METRIC object_size_bytes=272725.1
[2026-06-05T18:54:35] METRIC link_bandwidth_gbps=10.0
[2026-06-05T18:54:35] METRIC throughput_gbps=2.3694
[2026-06-05T18:54:35] METRIC latency_ms=19.5762
[2026-06-05T18:54:35] METRIC cpu_util_pct=56.96
[2026-06-05T18:54:35] RUN_END status=OK
[2026-06-05T18:58:26] RUN_START run_id=MDO_CCNlite_052
[2026-06-05T18:58:26] PARAM implementation=CCNlite
[2026-06-05T18:58:26] PARAM workload_type=MDO
[2026-06-05T18:58:26] PARAM test_link=LI_10GbE_aggregation_backhaul
[2026-06-05T18:58:26] METRIC object_size_bytes=214623.7
[2026-06-05T18:58:26] METRIC link_bandwidth_gbps=10.0
[2026-06-05T18:58:26] METRIC throughput_gbps=2.4579
[2026-06-05T18:58:26] METRIC latency_ms=18.9668
[2026-06-05T18:58:26] METRIC cpu_util_pct=59.53
[2026-06-05T18:58:26] RUN_END status=OK
[2026-06-05T19:01:24] RUN_START run_id=MDO_CCNlite_053
[2026-06-05T19:01:24] PARAM implementation=CCNlite
[2026-06-05T19:01:24] PARAM workload_type=MDO
[2026-06-05T19:01:24] PARAM test_link=LI_10GbE_aggregation_backhaul
[2026-06-05T19:01:24] METRIC object_size_bytes=308814.5
[2026-06-05T19:01:24] METRIC link_bandwidth_gbps=10.0
[2026-06-05T19:01:24] METRIC throughput_gbps=2.3119
[2026-06-05T19:01:24] METRIC latency_ms=16.2027
[2026-06-05T19:01:24] METRIC cpu_util_pct=60.59
[2026-06-05T19:01:24] RUN_END status=OK
[2026-06-05T19:06:42] RUN_START run_id=MDO_CCNlite_054
[2026-06-05T19:06:42] PARAM implementation=CCNlite
[2026-06-05T19:06:42] PARAM workload_type=MDO
[2026-06-05T19:06:42] PARAM test_link=LI_10GbE_aggregation_backhaul
[2026-06-05T19:06:42] METRIC object_size_bytes=197681.8
[2026-06-05T19:06:42] METRIC link_bandwidth_gbps=10.0
[2026-06-05T19:06:42] METRIC throughput_gbps=2.4406
[2026-06-05T19:06:42] METRIC latency_ms=17.2952
[2026-06-05T19:06:42] METRIC cpu_util_pct=60.77
[2026-06-05T19:06:42] RUN_END status=OK
[2026-06-05T19:09:46] RUN_START run_id=MDO_CCNlite_055
[2026-06-05T19:09:46] PARAM implementation=CCNlite
[2026-06-05T19:09:46] PARAM workload_type=MDO
[2026-06-05T19:09:46] PARAM test_link=LI_10GbE_aggregation_backhaul
[2026-06-05T19:09:46] METRIC object_size_bytes=356926.2
[2026-06-05T19:09:46] METRIC link_bandwidth_gbps=10.0
[2026-06-05T19:09:46] METRIC throughput_gbps=2.3916
[2026-06-05T19:09:46] METRIC latency_ms=17.3742
[2026-06-05T19:09:46] METRIC cpu_util_pct=54.93
[2026-06-05T19:09:46] RUN_END status=OK
