[2026-04-21T21:20:57] RUN_START run_id=SDO_PythonNDN_078
[2026-04-21T21:20:57] PARAM implementation=PythonNDN
[2026-04-21T21:20:57] PARAM workload_type=SDO
[2026-04-21T21:20:57] PARAM test_link=LI_10GbE_aggregation_backhaul
[2026-04-21T21:20:57] METRIC object_size_bytes=1813.5
[2026-04-21T21:20:57] METRIC link_bandwidth_gbps=10.0
[2026-04-21T21:20:57] METRIC throughput_gbps=0.3898
[2026-04-21T21:20:57] METRIC latency_ms=3.192
[2026-04-21T21:20:57] METRIC cpu_util_pct=75.92
[2026-04-21T21:20:57] RUN_END status=OK
[2026-04-21T21:23:03] RUN_START run_id=SDO_PythonNDN_079
[2026-04-21T21:23:03] PARAM implementation=PythonNDN
[2026-04-21T21:23:03] PARAM workload_type=SDO
[2026-04-21T21:23:03] PARAM test_link=LI_10GbE_aggregation_backhaul
[2026-04-21T21:23:03] METRIC object_size_bytes=1015.9
[2026-04-21T21:23:03] METRIC link_bandwidth_gbps=10.0
[2026-04-21T21:23:03] METRIC throughput_gbps=0.3826
[2026-04-21T21:23:03] METRIC latency_ms=3.0874
[2026-04-21T21:23:03] METRIC cpu_util_pct=76.25
[2026-04-21T21:23:03] RUN_END status=OK
[2026-04-21T21:26:20] RUN_START run_id=SDO_PythonNDN_080
[2026-04-21T21:26:20] PARAM implementation=PythonNDN
[2026-04-21T21:26:20] PARAM workload_type=SDO
[2026-04-21T21:26:20] PARAM test_link=LI_10GbE_aggregation_backhaul
[2026-04-21T21:26:20] METRIC object_size_bytes=1660.9
[2026-04-21T21:26:20] METRIC link_bandwidth_gbps=10.0
[2026-04-21T21:26:20] METRIC throughput_gbps=0.371
[2026-04-21T21:26:20] METRIC latency_ms=3.068
[2026-04-21T21:26:20] METRIC cpu_util_pct=83.16
[2026-04-21T21:26:20] RUN_END status=OK
[2026-04-22T23:09:22] RUN_START run_id=SDO_PythonNDN_081
[2026-04-22T23:09:22] PARAM implementation=PythonNDN
[2026-04-22T23:09:22] PARAM workload_type=SDO
[2026-04-22T23:09:22] PARAM test_link=LI_10GbE_aggregation_backhaul
[2026-04-22T23:09:22] METRIC object_size_bytes=294.4
[2026-04-22T23:09:22] METRIC link_bandwidth_gbps=10.0
[2026-04-22T23:09:22] METRIC throughput_gbps=0.3995
[2026-04-22T23:09:22] METRIC latency_ms=3.2588
[2026-04-22T23:09:22] METRIC cpu_util_pct=81.58
[2026-04-22T23:09:22] RUN_END status=OK
[2026-04-22T23:13:14] RUN_START run_id=SDO_PythonNDN_082
[2026-04-22T23:13:14] PARAM implementation=PythonNDN
[2026-04-22T23:13:14] PARAM workload_type=SDO
[2026-04-22T23:13:14] PARAM test_link=LI_10GbE_aggregation_backhaul
[2026-04-22T23:13:14] METRIC object_size_bytes=1850.9
[2026-04-22T23:13:14] METRIC link_bandwidth_gbps=10.0
[2026-04-22T23:13:14] METRIC throughput_gbps=0.3891
[2026-04-22T23:13:14] METRIC latency_ms=3.4068
[2026-04-22T23:13:14] METRIC cpu_util_pct=85.43
[2026-04-22T23:13:14] RUN_END status=OK
[2026-04-22T23:15:40] RUN_START run_id=SDO_PythonNDN_083
[2026-04-22T23:15:40] PARAM implementation=PythonNDN
[2026-04-22T23:15:40] PARAM workload_type=SDO
[2026-04-22T23:15:40] PARAM test_link=LI_10GbE_aggregation_backhaul
[2026-04-22T23:15:40] METRIC object_size_bytes=356.4
[2026-04-22T23:15:40] METRIC link_bandwidth_gbps=10.0
[2026-04-22T23:15:40] METRIC throughput_gbps=0.4001
[2026-04-22T23:15:40] METRIC latency_ms=3.4846
[2026-04-22T23:15:40] METRIC cpu_util_pct=78.98
[2026-04-22T23:15:40] RUN_END status=OK
[2026-04-22T23:20:24] RUN_START run_id=SDO_PythonNDN_084
[2026-04-22T23:20:24] PARAM implementation=PythonNDN
[2026-04-22T23:20:24] PARAM workload_type=SDO
[2026-04-22T23:20:24] PARAM test_link=LI_10GbE_aggregation_backhaul
[2026-04-22T23:20:24] METRIC object_size_bytes=266.2
[2026-04-22T23:20:24] METRIC link_bandwidth_gbps=10.0
[2026-04-22T23:20:24] METRIC throughput_gbps=0.3988
[2026-04-22T23:20:24] METRIC latency_ms=3.342
[2026-04-22T23:20:24] METRIC cpu_util_pct=77.92
[2026-04-22T23:20:24] RUN_END status=OK
[2026-04-22T23:21:57] RUN_START run_id=SDO_PythonNDN_085
[2026-04-22T23:21:57] PARAM implementation=PythonNDN
[2026-04-22T23:21:57] PARAM workload_type=SDO
[2026-04-22T23:21:57] PARAM test_link=LI_10GbE_aggregation_backhaul
[2026-04-22T23:21:57] METRIC object_size_bytes=1966.7
[2026-04-22T23:21:57] METRIC link_bandwidth_gbps=10.0
[2026-04-22T23:21:57] METRIC throughput_gbps=0.398
[2026-04-22T23:21:57] METRIC latency_ms=3.4957
[2026-04-22T23:21:57] METRIC cpu_util_pct=86.83
[2026-04-22T23:21:57] RUN_END status=OK
[2026-04-22T23:24:29] RUN_START run_id=SDO_PythonNDN_086
[2026-04-22T23:24:29] PARAM implementation=PythonNDN
[2026-04-22T23:24:29] PARAM workload_type=SDO
[2026-04-22T23:24:29] PARAM test_link=LI_10GbE_aggregation_backhaul
[2026-04-22T23:24:29] METRIC object_size_bytes=1903.7
[2026-04-22T23:24:29] METRIC link_bandwidth_gbps=10.0
[2026-04-22T23:24:29] METRIC throughput_gbps=0.3833
[2026-04-22T23:24:29] METRIC latency_ms=3.295
[2026-04-22T23:24:29] METRIC cpu_util_pct=85.0
[2026-04-22T23:24:29] RUN_END status=OK
[2026-04-22T23:26:40] RUN_START run_id=SDO_PythonNDN_087
[2026-04-22T23:26:40] PARAM implementation=PythonNDN
[2026-04-22T23:26:40] PARAM workload_type=SDO
[2026-04-22T23:26:40] PARAM test_link=LI_10GbE_aggregation_backhaul
[2026-04-22T23:26:40] METRIC object_size_bytes=1049.1
[2026-04-22T23:26:40] METRIC link_bandwidth_gbps=10.0
[2026-04-22T23:26:40] METRIC throughput_gbps=0.3876
[2026-04-22T23:26:40] METRIC latency_ms=3.2429
[2026-04-22T23:26:40] METRIC cpu_util_pct=77.29
[2026-04-22T23:26:40] RUN_END status=OK
[2026-04-22T23:27:39] RUN_START run_id=SDO_PythonNDN_088
[2026-04-22T23:27:39] PARAM implementation=PythonNDN
[2026-04-22T23:27:39] PARAM workload_type=SDO
[2026-04-22T23:27:39] PARAM test_link=LI_10GbE_aggregation_backhaul
[2026-04-22T23:27:39] METRIC object_size_bytes=621.5
[2026-04-22T23:27:39] METRIC link_bandwidth_gbps=10.0
[2026-04-22T23:27:39] METRIC throughput_gbps=0.3995
[2026-04-22T23:27:39] METRIC latency_ms=3.3481
[2026-04-22T23:27:39] METRIC cpu_util_pct=78.52
[2026-04-22T23:27:39] RUN_END status=OK
[2026-04-22T23:28:42] RUN_START run_id=SDO_PythonNDN_089
[2026-04-22T23:28:42] PARAM implementation=PythonNDN
[2026-04-22T23:28:42] PARAM workload_type=SDO
[2026-04-22T23:28:42] PARAM test_link=LI_10GbE_aggregation_backhaul
[2026-04-22T23:28:42] METRIC object_size_bytes=1326.6
[2026-04-22T23:28:42] METRIC link_bandwidth_gbps=10.0
[2026-04-22T23:28:42] METRIC throughput_gbps=0.3785
[2026-04-22T23:28:42] METRIC latency_ms=3.29
[2026-04-22T23:28:42] METRIC cpu_util_pct=91.38
[2026-04-22T23:28:42] RUN_END status=OK
[2026-04-22T23:29:22] RUN_START run_id=SDO_PythonNDN_090
[2026-04-22T23:29:22] PARAM implementation=PythonNDN
[2026-04-22T23:29:22] PARAM workload_type=SDO
[2026-04-22T23:29:22] PARAM test_link=LI_10GbE_aggregation_backhaul
[2026-04-22T23:29:22] METRIC object_size_bytes=276.3
[2026-04-22T23:29:22] METRIC link_bandwidth_gbps=10.0
[2026-04-22T23:29:22] METRIC throughput_gbps=0.4156
[2026-04-22T23:29:22] METRIC latency_ms=3.2813
[2026-04-22T23:29:22] METRIC cpu_util_pct=82.82
[2026-04-22T23:29:22] RUN_END status=OK
[2026-04-22T23:32:04] RUN_START run_id=SDO_PythonNDN_091
[2026-04-22T23:32:04] PARAM implementation=PythonNDN
[2026-04-22T23:32:04] PARAM workload_type=SDO
[2026-04-22T23:32:04] PARAM test_link=LI_10GbE_aggregation_backhaul
[2026-04-22T23:32:04] METRIC object_size_bytes=497.9
[2026-04-22T23:32:04] METRIC link_bandwidth_gbps=10.0
[2026-04-22T23:32:04] METRIC throughput_gbps=0.3975
[2026-04-22T23:32:04] METRIC latency_ms=3.5535
[2026-04-22T23:32:04] METRIC cpu_util_pct=92.42
[2026-04-22T23:32:04] RUN_END status=OK
[2026-04-22T23:33:19] RUN_START run_id=SDO_PythonNDN_092
[2026-04-22T23:33:19] PARAM implementation=PythonNDN
[2026-04-22T23:33:19] PARAM workload_type=SDO
[2026-04-22T23:33:19] PARAM test_link=LI_10GbE_aggregation_backhaul
[2026-04-22T23:33:19] METRIC object_size_bytes=1008.1
[2026-04-22T23:33:19] METRIC link_bandwidth_gbps=10.0
[2026-04-22T23:33:19] METRIC throughput_gbps=0.3981
[2026-04-22T23:33:19] METRIC latency_ms=3.4643
[2026-04-22T23:33:19] METRIC cpu_util_pct=82.56
[2026-04-22T23:33:19] RUN_END status=OK
[2026-04-22T23:36:09] RUN_START run_id=SDO_PythonNDN_093
[2026-04-22T23:36:09] PARAM implementation=PythonNDN
[2026-04-22T23:36:09] PARAM workload_type=SDO
[2026-04-22T23:36:09] PARAM test_link=LI_10GbE_aggregation_backhaul
[2026-04-22T23:36:09] METRIC object_size_bytes=723.5
[2026-04-22T23:36:09] METRIC link_bandwidth_gbps=10.0
[2026-04-22T23:36:09] METRIC throughput_gbps=0.3822
[2026-04-22T23:36:09] METRIC latency_ms=3.2983
[2026-04-22T23:36:09] METRIC cpu_util_pct=81.94
[2026-04-22T23:36:09] RUN_END status=OK
