[2026-04-27T02:58:59] RUN_START run_id=LDO_PythonNDN_077
[2026-04-27T02:58:59] PARAM implementation=PythonNDN
[2026-04-27T02:58:59] PARAM workload_type=LDO
[2026-04-27T02:58:59] PARAM test_link=LI_10GbE_aggregation_backhaul
[2026-04-27T02:58:59] METRIC object_size_bytes=4345010.0
[2026-04-27T02:58:59] METRIC link_bandwidth_gbps=10.0
[2026-04-27T02:58:59] METRIC throughput_gbps=0.7837
[2026-04-27T02:58:59] METRIC latency_ms=163.5883
[2026-04-27T02:58:59] METRIC cpu_util_pct=95.6
[2026-04-27T02:58:59] RUN_END status=OK
[2026-04-27T03:00:42] RUN_START run_id=LDO_PythonNDN_078
[2026-04-27T03:00:42] PARAM implementation=PythonNDN
[2026-04-27T03:00:42] PARAM workload_type=LDO
[2026-04-27T03:00:42] PARAM test_link=LI_10GbE_aggregation_backhaul
[2026-04-27T03:00:42] METRIC object_size_bytes=1603832.0
[2026-04-27T03:00:42] METRIC link_bandwidth_gbps=10.0
[2026-04-27T03:00:42] METRIC throughput_gbps=0.8394
[2026-04-27T03:00:42] METRIC latency_ms=157.0854
[2026-04-27T03:00:42] METRIC cpu_util_pct=92.11
[2026-04-27T03:00:42] RUN_END status=OK
[2026-04-27T03:03:13] RUN_START run_id=LDO_PythonNDN_079
[2026-04-27T03:03:13] PARAM implementation=PythonNDN
[2026-04-27T03:03:13] PARAM workload_type=LDO
[2026-04-27T03:03:13] PARAM test_link=LI_10GbE_aggregation_backhaul
[2026-04-27T03:03:13] METRIC object_size_bytes=3251011.6
[2026-04-27T03:03:13] METRIC link_bandwidth_gbps=10.0
[2026-04-27T03:03:13] METRIC throughput_gbps=0.8403
[2026-04-27T03:03:13] METRIC latency_ms=156.3611
[2026-04-27T03:03:13] METRIC cpu_util_pct=86.91
[2026-04-27T03:03:13] RUN_END status=OK
[2026-04-27T03:03:55] RUN_START run_id=LDO_PythonNDN_080
[2026-04-27T03:03:55] PARAM implementation=PythonNDN
[2026-04-27T03:03:55] PARAM workload_type=LDO
[2026-04-27T03:03:55] PARAM test_link=LI_10GbE_aggregation_backhaul
[2026-04-27T03:03:55] METRIC object_size_bytes=1060070.3
[2026-04-27T03:03:55] METRIC link_bandwidth_gbps=10.0
[2026-04-27T03:03:55] METRIC throughput_gbps=0.8149
[2026-04-27T03:03:55] METRIC latency_ms=160.6499
[2026-04-27T03:03:55] METRIC cpu_util_pct=89.83
[2026-04-27T03:03:55] RUN_END status=OK
[2026-04-27T03:05:12] RUN_START run_id=LDO_PythonNDN_081
[2026-04-27T03:05:12] PARAM implementation=PythonNDN
[2026-04-27T03:05:12] PARAM workload_type=LDO
[2026-04-27T03:05:12] PARAM test_link=LI_10GbE_aggregation_backhaul
[2026-04-27T03:05:12] METRIC object_size_bytes=2743979.6
[2026-04-27T03:05:12] METRIC link_bandwidth_gbps=10.0
[2026-04-27T03:05:12] METRIC throughput_gbps=0.8637
[2026-04-27T03:05:12] METRIC latency_ms=148.5541
[2026-04-27T03:05:12] METRIC cpu_util_pct=98.87
[2026-04-27T03:05:12] RUN_END status=OK
[2026-04-27T03:08:32] RUN_START run_id=LDO_PythonNDN_082
[2026-04-27T03:08:32] PARAM implementation=PythonNDN
[2026-04-27T03:08:32] PARAM workload_type=LDO
[2026-04-27T03:08:32] PARAM test_link=LI_10GbE_aggregation_backhaul
[2026-04-27T03:08:32] METRIC object_size_bytes=3930717.7
[2026-04-27T03:08:32] METRIC link_bandwidth_gbps=10.0
[2026-04-27T03:08:32] METRIC throughput_gbps=0.8513
[2026-04-27T03:08:32] METRIC latency_ms=166.6325
[2026-04-27T03:08:32] METRIC cpu_util_pct=94.42
[2026-04-27T03:08:32] RUN_END status=OK
[2026-04-27T03:09:07] RUN_START run_id=LDO_PythonNDN_083
[2026-04-27T03:09:07] PARAM implementation=PythonNDN
[2026-04-27T03:09:07] PARAM workload_type=LDO
[2026-04-27T03:09:07] PARAM test_link=LI_10GbE_aggregation_backhaul
[2026-04-27T03:09:07] METRIC object_size_bytes=3386490.7
[2026-04-27T03:09:07] METRIC link_bandwidth_gbps=10.0
[2026-04-27T03:09:07] METRIC throughput_gbps=0.8292
[2026-04-27T03:09:07] METRIC latency_ms=161.3613
[2026-04-27T03:09:07] METRIC cpu_util_pct=99.75
[2026-04-27T03:09:07] RUN_END status=OK
[2026-04-27T03:12:17] RUN_START run_id=LDO_PythonNDN_084
[2026-04-27T03:12:17] PARAM implementation=PythonNDN
[2026-04-27T03:12:17] PARAM workload_type=LDO
[2026-04-27T03:12:17] PARAM test_link=LI_10GbE_aggregation_backhaul
[2026-04-27T03:12:17] METRIC object_size_bytes=4403370.8
[2026-04-27T03:12:17] METRIC link_bandwidth_gbps=10.0
[2026-04-27T03:12:17] METRIC throughput_gbps=0.8463
[2026-04-27T03:12:17] METRIC latency_ms=158.4419
[2026-04-27T03:12:17] METRIC cpu_util_pct=94.28
[2026-04-27T03:12:17] RUN_END status=OK
[2026-04-27T03:13:44] RUN_START run_id=SDO_uDCN_016
[2026-04-27T03:13:44] PARAM implementation=uDCN
[2026-04-27T03:13:44] PARAM workload_type=SDO
[2026-04-27T03:13:44] PARAM test_link=LI_10GbE_aggregation_backhaul
[2026-04-27T03:13:44] METRIC object_size_bytes=198.3
[2026-04-27T03:13:44] METRIC link_bandwidth_gbps=10.0
[2026-04-27T03:13:44] METRIC throughput_gbps=4.4143
[2026-04-27T03:13:44] METRIC latency_ms=0.7964
[2026-04-27T03:13:44] METRIC cpu_util_pct=11.4
[2026-04-27T03:13:44] RUN_END status=OK
[2026-04-27T03:15:07] RUN_START run_id=LDO_PythonNDN_085
[2026-04-27T03:15:07] PARAM implementation=PythonNDN
[2026-04-27T03:15:07] PARAM workload_type=LDO
[2026-04-27T03:15:07] PARAM test_link=LI_10GbE_aggregation_backhaul
[2026-04-27T03:15:07] METRIC object_size_bytes=2450608.2
[2026-04-27T03:15:07] METRIC link_bandwidth_gbps=10.0
[2026-04-27T03:15:07] METRIC throughput_gbps=0.7583
[2026-04-27T03:15:07] METRIC latency_ms=165.3379
[2026-04-27T03:15:07] METRIC cpu_util_pct=89.78
[2026-04-27T03:15:07] RUN_END status=OK
[2026-04-27T03:15:33] RUN_START run_id=LDO_PythonNDN_086
[2026-04-27T03:15:33] PARAM implementation=PythonNDN
[2026-04-27T03:15:33] PARAM workload_type=LDO
[2026-04-27T03:15:33] PARAM test_link=LI_10GbE_aggregation_backhaul
[2026-04-27T03:15:33] METRIC object_size_bytes=4345568.1
[2026-04-27T03:15:33] METRIC link_bandwidth_gbps=10.0
[2026-04-27T03:15:33] METRIC throughput_gbps=0.7874
[2026-04-27T03:15:33] METRIC latency_ms=153.4938
[2026-04-27T03:15:33] METRIC cpu_util_pct=93.48
[2026-04-27T03:15:33] RUN_END status=OK
[2026-04-27T03:16:07] RUN_START run_id=SDO_uDCN_017
[2026-04-27T03:16:07] PARAM implementation=uDCN
[2026-04-27T03:16:07] PARAM workload_type=SDO
[2026-04-27T03:16:07] PARAM test_link=LI_10GbE_aggregation_backhaul
[2026-04-27T03:16:07] METRIC object_size_bytes=466.8
[2026-04-27T03:16:07] METRIC link_bandwidth_gbps=10.0
[2026-04-27T03:16:07] METRIC throughput_gbps=4.6347
[2026-04-27T03:16:07] METRIC latency_ms=0.8707
[2026-04-27T03:16:07] METRIC cpu_util_pct=10.84
[2026-04-27T03:16:07] RUN_END status=OK
[2026-04-27T03:19:17] RUN_START run_id=SDO_uDCN_018
[2026-04-27T03:19:17] PARAM implementation=uDCN
[2026-04-27T03:19:17] PARAM workload_type=SDO
[2026-04-27T03:19:17] PARAM test_link=LI_10GbE_aggregation_backhaul
[2026-04-27T03:19:17] METRIC object_size_bytes=190.6
[2026-04-27T03:19:17] METRIC link_bandwidth_gbps=10.0
[2026-04-27T03:19:17] METRIC throughput_gbps=4.3229
[2026-04-27T03:19:17] METRIC latency_ms=0.6825
[2026-04-27T03:19:17] METRIC cpu_util_pct=11.83
[2026-04-27T03:19:17] RUN_END status=OK
[2026-04-27T03:19:21] RUN_START run_id=LDO_PythonNDN_087
[2026-04-27T03:19:21] PARAM implementation=PythonNDN
[2026-04-27T03:19:21] PARAM workload_type=LDO
[2026-04-27T03:19:21] PARAM test_link=LI_10GbE_aggregation_backhaul
[2026-04-27T03:19:21] METRIC object_size_bytes=1309514.3
[2026-04-27T03:19:21] METRIC link_bandwidth_gbps=10.0
[2026-04-27T03:19:21] METRIC throughput_gbps=0.8185
[2026-04-27T03:19:21] METRIC latency_ms=151.8333
[2026-04-27T03:19:21] METRIC cpu_util_pct=98.64
[2026-04-27T03:19:21] RUN_END status=OK
[2026-04-27T03:20:01] RUN_START run_id=SDO_uDCN_019
[2026-04-27T03:20:01] PARAM implementation=uDCN
[2026-04-27T03:20:01] PARAM workload_type=SDO
[2026-04-27T03:20:01] PARAM test_link=LI_10GbE_aggregation_backhaul
[2026-04-27T03:20:01] METRIC object_size_bytes=604.5
[2026-04-27T03:20:01] METRIC link_bandwidth_gbps=10.0
[2026-04-27T03:20:01] METRIC throughput_gbps=4.6366
[2026-04-27T03:20:01] METRIC latency_ms=0.7596
[2026-04-27T03:20:01] METRIC cpu_util_pct=11.36
[2026-04-27T03:20:01] RUN_END status=OK
[2026-04-27T03:20:54] RUN_START run_id=LDO_PythonNDN_088
[2026-04-27T03:20:54] PARAM implementation=PythonNDN
[2026-04-27T03:20:54] PARAM workload_type=LDO
[2026-04-27T03:20:54] PARAM test_link=LI_10GbE_aggregation_backhaul
[2026-04-27T03:20:54] METRIC object_size_bytes=2228681.2
[2026-04-27T03:20:54] METRIC link_bandwidth_gbps=10.0
[2026-04-27T03:20:54] METRIC throughput_gbps=0.8291
[2026-04-27T03:20:54] METRIC latency_ms=163.4667
[2026-04-27T03:20:54] METRIC cpu_util_pct=93.33
[2026-04-27T03:20:54] RUN_END status=OK
[2026-04-27T03:21:59] RUN_START run_id=LDO_PythonNDN_089
[2026-04-27T03:21:59] PARAM implementation=PythonNDN
[2026-04-27T03:21:59] PARAM workload_type=LDO
[2026-04-27T03:21:59] PARAM test_link=LI_10GbE_aggregation_backhaul
[2026-04-27T03:21:59] METRIC object_size_bytes=3102556.3
[2026-04-27T03:21:59] METRIC link_bandwidth_gbps=10.0
[2026-04-27T03:21:59] METRIC throughput_gbps=0.8289
[2026-04-27T03:21:59] METRIC latency_ms=161.3278
[2026-04-27T03:21:59] METRIC cpu_util_pct=98.89
[2026-04-27T03:21:59] RUN_END status=OK
[2026-04-27T03:24:33] RUN_START run_id=SDO_uDCN_020
[2026-04-27T03:24:33] PARAM implementation=uDCN
[2026-04-27T03:24:33] PARAM workload_type=SDO
[2026-04-27T03:24:33] PARAM test_link=LI_10GbE_aggregation_backhaul
[2026-04-27T03:24:33] METRIC object_size_bytes=999.2
[2026-04-27T03:24:33] METRIC link_bandwidth_gbps=10.0
[2026-04-27T03:24:33] METRIC throughput_gbps=4.5876
[2026-04-27T03:24:33] METRIC latency_ms=0.8972
[2026-04-27T03:24:33] METRIC cpu_util_pct=11.76
[2026-04-27T03:24:33] RUN_END status=OK
[2026-04-27T03:25:48] RUN_START run_id=SDO_uDCN_021
[2026-04-27T03:25:48] PARAM implementation=uDCN
[2026-04-27T03:25:48] PARAM workload_type=SDO
[2026-04-27T03:25:48] PARAM test_link=LI_10GbE_aggregation_backhaul
[2026-04-27T03:25:48] METRIC object_size_bytes=474.0
[2026-04-27T03:25:48] METRIC link_bandwidth_gbps=10.0
[2026-04-27T03:25:48] METRIC throughput_gbps=4.7757
[2026-04-27T03:25:48] METRIC latency_ms=0.7536
[2026-04-27T03:25:48] METRIC cpu_util_pct=10.96
[2026-04-27T03:25:48] RUN_END status=OK
[2026-04-27T03:25:59] RUN_START run_id=LDO_PythonNDN_090
[2026-04-27T03:25:59] PARAM implementation=PythonNDN
[2026-04-27T03:25:59] PARAM workload_type=LDO
[2026-04-27T03:25:59] PARAM test_link=LI_10GbE_aggregation_backhaul
[2026-04-27T03:25:59] METRIC object_size_bytes=4103664.4
[2026-04-27T03:25:59] METRIC link_bandwidth_gbps=10.0
[2026-04-27T03:25:59] METRIC throughput_gbps=0.8416
[2026-04-27T03:25:59] METRIC latency_ms=154.4441
[2026-04-27T03:25:59] METRIC cpu_util_pct=96.15
[2026-04-27T03:25:59] RUN_END status=OK
