[2026-04-15T15:47:03] RUN_START run_id=MDO_NFD_011
[2026-04-15T15:47:03] PARAM implementation=NFD
[2026-04-15T15:47:03] PARAM workload_type=MDO
[2026-04-15T15:47:03] PARAM test_link=LI_10GbE_aggregation_backhaul
[2026-04-15T15:47:03] METRIC object_size_bytes=331820.6
[2026-04-15T15:47:03] METRIC link_bandwidth_gbps=10.0
[2026-04-15T15:47:03] METRIC throughput_gbps=2.6075
[2026-04-15T15:47:03] METRIC latency_ms=15.2815
[2026-04-15T15:47:03] METRIC cpu_util_pct=51.23
[2026-04-15T15:47:03] RUN_END status=OK
[2026-04-15T15:49:20] RUN_START run_id=MDO_NFD_012
[2026-04-15T15:49:20] PARAM implementation=NFD
[2026-04-15T15:49:20] PARAM workload_type=MDO
[2026-04-15T15:49:20] PARAM test_link=LI_10GbE_aggregation_backhaul
[2026-04-15T15:49:20] METRIC object_size_bytes=374385.6
[2026-04-15T15:49:20] METRIC link_bandwidth_gbps=10.0
[2026-04-15T15:49:20] METRIC throughput_gbps=2.5244
[2026-04-15T15:49:20] METRIC latency_ms=15.2752
[2026-04-15T15:49:20] METRIC cpu_util_pct=51.52
[2026-04-15T15:49:20] RUN_END status=OK
[2026-04-16T05:06:39] RUN_START run_id=MDO_NFD_013
[2026-04-16T05:06:39] PARAM implementation=NFD
[2026-04-16T05:06:39] PARAM workload_type=MDO
[2026-04-16T05:06:39] PARAM test_link=LI_10GbE_aggregation_backhaul
[2026-04-16T05:06:39] METRIC object_size_bytes=402153.8
[2026-04-16T05:06:39] METRIC link_bandwidth_gbps=10.0
[2026-04-16T05:06:39] METRIC throughput_gbps=2.8355
[2026-04-16T05:06:39] METRIC latency_ms=16.1963
[2026-04-16T05:06:39] METRIC cpu_util_pct=50.72
[2026-04-16T05:06:39] RUN_END status=OK
[2026-04-16T05:08:57] RUN_START run_id=MDO_NFD_014
[2026-04-16T05:08:57] PARAM implementation=NFD
[2026-04-16T05:08:57] PARAM workload_type=MDO
[2026-04-16T05:08:57] PARAM test_link=LI_10GbE_aggregation_backhaul
[2026-04-16T05:08:57] METRIC object_size_bytes=116276.0
[2026-04-16T05:08:57] METRIC link_bandwidth_gbps=10.0
[2026-04-16T05:08:57] METRIC throughput_gbps=2.8681
[2026-04-16T05:08:57] METRIC latency_ms=16.3977
[2026-04-16T05:08:57] METRIC cpu_util_pct=52.22
[2026-04-16T05:08:57] RUN_END status=OK
[2026-04-16T05:09:58] RUN_START run_id=MDO_NFD_015
[2026-04-16T05:09:58] PARAM implementation=NFD
[2026-04-16T05:09:58] PARAM workload_type=MDO
[2026-04-16T05:09:58] PARAM test_link=LI_10GbE_aggregation_backhaul
[2026-04-16T05:09:58] METRIC object_size_bytes=202810.0
[2026-04-16T05:09:58] METRIC link_bandwidth_gbps=10.0
[2026-04-16T05:09:58] METRIC throughput_gbps=2.7037
[2026-04-16T05:09:58] METRIC latency_ms=14.3932
[2026-04-16T05:09:58] METRIC cpu_util_pct=53.84
[2026-04-16T05:09:58] RUN_END status=OK
[2026-04-16T05:11:34] RUN_START run_id=MDO_NFD_016
[2026-04-16T05:11:34] PARAM implementation=NFD
[2026-04-16T05:11:34] PARAM workload_type=MDO
[2026-04-16T05:11:34] PARAM test_link=LI_10GbE_aggregation_backhaul
[2026-04-16T05:11:34] METRIC object_size_bytes=444528.2
[2026-04-16T05:11:34] METRIC link_bandwidth_gbps=10.0
[2026-04-16T05:11:34] METRIC throughput_gbps=2.7518
[2026-04-16T05:11:34] METRIC latency_ms=17.1328
[2026-04-16T05:11:34] METRIC cpu_util_pct=56.29
[2026-04-16T05:11:34] RUN_END status=OK
[2026-04-16T05:13:50] RUN_START run_id=MDO_NFD_017
[2026-04-16T05:13:50] PARAM implementation=NFD
[2026-04-16T05:13:50] PARAM workload_type=MDO
[2026-04-16T05:13:50] PARAM test_link=LI_10GbE_aggregation_backhaul
[2026-04-16T05:13:50] METRIC object_size_bytes=91098.7
[2026-04-16T05:13:50] METRIC link_bandwidth_gbps=10.0
[2026-04-16T05:13:50] METRIC throughput_gbps=2.8034
[2026-04-16T05:13:50] METRIC latency_ms=16.308
[2026-04-16T05:13:50] METRIC cpu_util_pct=54.1
[2026-04-16T05:13:50] RUN_END status=OK
[2026-04-16T05:16:10] RUN_START run_id=MDO_NFD_018
[2026-04-16T05:16:10] PARAM implementation=NFD
[2026-04-16T05:16:10] PARAM workload_type=MDO
[2026-04-16T05:16:10] PARAM test_link=LI_10GbE_aggregation_backhaul
[2026-04-16T05:16:10] METRIC object_size_bytes=133812.0
[2026-04-16T05:16:10] METRIC link_bandwidth_gbps=10.0
[2026-04-16T05:16:10] METRIC throughput_gbps=2.8786
[2026-04-16T05:16:10] METRIC latency_ms=16.7904
[2026-04-16T05:16:10] METRIC cpu_util_pct=54.61
[2026-04-16T05:16:10] RUN_END status=OK
[2026-04-16T05:18:25] RUN_START run_id=MDO_NFD_019
[2026-04-16T05:18:25] PARAM implementation=NFD
[2026-04-16T05:18:25] PARAM workload_type=MDO
[2026-04-16T05:18:25] PARAM test_link=LI_10GbE_aggregation_backhaul
[2026-04-16T05:18:25] METRIC object_size_bytes=325044.4
[2026-04-16T05:18:25] METRIC link_bandwidth_gbps=10.0
[2026-04-16T05:18:25] METRIC throughput_gbps=2.7409
[2026-04-16T05:18:25] METRIC latency_ms=16.6847
[2026-04-16T05:18:25] METRIC cpu_util_pct=62.84
[2026-04-16T05:18:25] RUN_END status=OK
[2026-04-16T05:23:23] RUN_START run_id=MDO_NFD_020
[2026-04-16T05:23:23] PARAM implementation=NFD
[2026-04-16T05:23:23] PARAM workload_type=MDO
[2026-04-16T05:23:23] PARAM test_link=LI_10GbE_aggregation_backhaul
[2026-04-16T05:23:23] METRIC object_size_bytes=109681.0
[2026-04-16T05:23:23] METRIC link_bandwidth_gbps=10.0
[2026-04-16T05:23:23] METRIC throughput_gbps=2.7529
[2026-04-16T05:23:23] METRIC latency_ms=15.5592
[2026-04-16T05:23:23] METRIC cpu_util_pct=53.84
[2026-04-16T05:23:23] RUN_END status=OK
[2026-04-16T05:26:32] RUN_START run_id=MDO_NFD_021
[2026-04-16T05:26:32] PARAM implementation=NFD
[2026-04-16T05:26:32] PARAM workload_type=MDO
[2026-04-16T05:26:32] PARAM test_link=LI_10GbE_aggregation_backhaul
[2026-04-16T05:26:32] METRIC object_size_bytes=434439.8
[2026-04-16T05:26:32] METRIC link_bandwidth_gbps=10.0
[2026-04-16T05:26:32] METRIC throughput_gbps=2.894
[2026-04-16T05:26:32] METRIC latency_ms=16.6481
[2026-04-16T05:26:32] METRIC cpu_util_pct=55.63
[2026-04-16T05:26:32] RUN_END status=OK
[2026-04-16T05:29:41] RUN_START run_id=MDO_NFD_022
[2026-04-16T05:29:41] PARAM implementation=NFD
[2026-04-16T05:29:41] PARAM workload_type=MDO
[2026-04-16T05:29:41] PARAM test_link=LI_10GbE_aggregation_backhaul
[2026-04-16T05:29:41] METRIC object_size_bytes=202623.6
[2026-04-16T05:29:41] METRIC link_bandwidth_gbps=10.0
[2026-04-16T05:29:41] METRIC throughput_gbps=2.7114
[2026-04-16T05:29:41] METRIC latency_ms=16.9768
[2026-04-16T05:29:41] METRIC cpu_util_pct=57.21
[2026-04-16T05:29:41] RUN_END status=OK
[2026-04-16T05:30:59] RUN_START run_id=MDO_NFD_023
[2026-04-16T05:30:59] PARAM implementation=NFD
[2026-04-16T05:30:59] PARAM workload_type=MDO
[2026-04-16T05:30:59] PARAM test_link=LI_10GbE_aggregation_backhaul
[2026-04-16T05:30:59] METRIC object_size_bytes=221722.9
[2026-04-16T05:30:59] METRIC link_bandwidth_gbps=10.0
[2026-04-16T05:30:59] METRIC throughput_gbps=2.8184
[2026-04-16T05:30:59] METRIC latency_ms=17.0184
[2026-04-16T05:30:59] METRIC cpu_util_pct=54.26
[2026-04-16T05:30:59] RUN_END status=OK
[2026-04-16T05:34:09] RUN_START run_id=MDO_NFD_024
[2026-04-16T05:34:09] PARAM implementation=NFD
[2026-04-16T05:34:09] PARAM workload_type=MDO
[2026-04-16T05:34:09] PARAM test_link=LI_10GbE_aggregation_backhaul
[2026-04-16T05:34:09] METRIC object_size_bytes=406349.3
[2026-04-16T05:34:09] METRIC link_bandwidth_gbps=10.0
[2026-04-16T05:34:09] METRIC throughput_gbps=2.8411
[2026-04-16T05:34:09] METRIC latency_ms=16.6293
[2026-04-16T05:34:09] METRIC cpu_util_pct=58.36
[2026-04-16T05:34:09] RUN_END status=OK
[2026-04-16T05:36:14] RUN_START run_id=MDO_NFD_025
[2026-04-16T05:36:14] PARAM implementation=NFD
[2026-04-16T05:36:14] PARAM workload_type=MDO
[2026-04-16T05:36:14] PARAM test_link=LI_10GbE_aggregation_backhaul
[2026-04-16T05:36:14] METRIC object_size_bytes=428685.6
[2026-04-16T05:36:14] METRIC link_bandwidth_gbps=10.0
[2026-04-16T05:36:14] METRIC throughput_gbps=2.7274
[2026-04-16T05:36:14] METRIC latency_ms=19.7674
[2026-04-16T05:36:14] METRIC cpu_util_pct=44.1
[2026-04-16T05:36:14] RUN_END status=OK
[2026-04-16T05:37:55] RUN_START run_id=MDO_NFD_026
[2026-04-16T05:37:55] PARAM implementation=NFD
[2026-04-16T05:37:55] PARAM workload_type=MDO
[2026-04-16T05:37:55] PARAM test_link=LI_10GbE_aggregation_backhaul
[2026-04-16T05:37:55] METRIC object_size_bytes=142705.0
[2026-04-16T05:37:55] METRIC link_bandwidth_gbps=10.0
[2026-04-16T05:37:55] METRIC throughput_gbps=2.8881
[2026-04-16T05:37:55] METRIC latency_ms=16.814
[2026-04-16T05:37:55] METRIC cpu_util_pct=53.95
[2026-04-16T05:37:55] RUN_END status=OK
[2026-04-16T05:42:13] RUN_START run_id=MDO_NFD_027
[2026-04-16T05:42:13] PARAM implementation=NFD
[2026-04-16T05:42:13] PARAM workload_type=MDO
[2026-04-16T05:42:13] PARAM test_link=LI_10GbE_aggregation_backhaul
[2026-04-16T05:42:13] METRIC object_size_bytes=96157.3
[2026-04-16T05:42:13] METRIC link_bandwidth_gbps=10.0
[2026-04-16T05:42:13] METRIC throughput_gbps=2.691
[2026-04-16T05:42:13] METRIC latency_ms=17.7385
[2026-04-16T05:42:13] METRIC cpu_util_pct=53.63
[2026-04-16T05:42:13] RUN_END status=OK
[2026-04-16T05:45:36] RUN_START run_id=MDO_NFD_028
[2026-04-16T05:45:36] PARAM implementation=NFD
[2026-04-16T05:45:36] PARAM workload_type=MDO
[2026-04-16T05:45:36] PARAM test_link=LI_10GbE_aggregation_backhaul
[2026-04-16T05:45:36] METRIC object_size_bytes=344809.1
[2026-04-16T05:45:36] METRIC link_bandwidth_gbps=10.0
[2026-04-16T05:45:36] METRIC throughput_gbps=2.8508
[2026-04-16T05:45:36] METRIC latency_ms=15.3666
[2026-04-16T05:45:36] METRIC cpu_util_pct=54.05
[2026-04-16T05:45:36] RUN_END status=OK
[2026-04-16T05:49:50] RUN_START run_id=MDO_NFD_029
[2026-04-16T05:49:50] PARAM implementation=NFD
[2026-04-16T05:49:50] PARAM workload_type=MDO
[2026-04-16T05:49:50] PARAM test_link=LI_10GbE_aggregation_backhaul
[2026-04-16T05:49:50] METRIC object_size_bytes=177801.8
[2026-04-16T05:49:50] METRIC link_bandwidth_gbps=10.0
[2026-04-16T05:49:50] METRIC throughput_gbps=2.9899
[2026-04-16T05:49:50] METRIC latency_ms=17.6022
[2026-04-16T05:49:50] METRIC cpu_util_pct=55.16
[2026-04-16T05:49:50] RUN_END status=OK
