[2026-04-02T09:15:57] RUN_START run_id=LDO_NFD_018
[2026-04-02T09:15:57] PARAM implementation=NFD
[2026-04-02T09:15:57] PARAM workload_type=LDO
[2026-04-02T09:15:57] PARAM test_link=LI_10GbE_aggregation_backhaul
[2026-04-02T09:15:57] METRIC object_size_bytes=3550407.9
[2026-04-02T09:15:57] METRIC link_bandwidth_gbps=10.0
[2026-04-02T09:15:57] METRIC throughput_gbps=3.1136
[2026-04-02T09:15:57] METRIC latency_ms=133.9797
[2026-04-02T09:15:57] METRIC cpu_util_pct=58.0
[2026-04-02T09:15:57] RUN_END status=OK
[2026-04-02T09:17:58] RUN_START run_id=LDO_NFD_019
[2026-04-02T09:17:58] PARAM implementation=NFD
[2026-04-02T09:17:58] PARAM workload_type=LDO
[2026-04-02T09:17:58] PARAM test_link=LI_10GbE_aggregation_backhaul
[2026-04-02T09:17:58] METRIC object_size_bytes=3979960.1
[2026-04-02T09:17:58] METRIC link_bandwidth_gbps=10.0
[2026-04-02T09:17:58] METRIC throughput_gbps=3.1981
[2026-04-02T09:17:58] METRIC latency_ms=114.2575
[2026-04-02T09:17:58] METRIC cpu_util_pct=56.82
[2026-04-02T09:17:58] RUN_END status=OK
[2026-04-02T09:19:40] RUN_START run_id=LDO_NFD_020
[2026-04-02T09:19:40] PARAM implementation=NFD
[2026-04-02T09:19:40] PARAM workload_type=LDO
[2026-04-02T09:19:40] PARAM test_link=LI_10GbE_aggregation_backhaul
[2026-04-02T09:19:40] METRIC object_size_bytes=3992567.9
[2026-04-02T09:19:40] METRIC link_bandwidth_gbps=10.0
[2026-04-02T09:19:40] METRIC throughput_gbps=3.1717
[2026-04-02T09:19:40] METRIC latency_ms=123.8893
[2026-04-02T09:19:40] METRIC cpu_util_pct=58.45
[2026-04-02T09:19:40] RUN_END status=OK
[2026-04-02T09:21:16] RUN_START run_id=LDO_NFD_021
[2026-04-02T09:21:16] PARAM implementation=NFD
[2026-04-02T09:21:16] PARAM workload_type=LDO
[2026-04-02T09:21:16] PARAM test_link=LI_10GbE_aggregation_backhaul
[2026-04-02T09:21:16] METRIC object_size_bytes=4253890.9
[2026-04-02T09:21:16] METRIC link_bandwidth_gbps=10.0
[2026-04-02T09:21:16] METRIC throughput_gbps=3.3288
[2026-04-02T09:21:16] METRIC latency_ms=118.2704
[2026-04-02T09:21:16] METRIC cpu_util_pct=60.19
[2026-04-02T09:21:16] RUN_END status=OK
[2026-04-02T09:23:13] RUN_START run_id=LDO_NFD_022
[2026-04-02T09:23:13] PARAM implementation=NFD
[2026-04-02T09:23:13] PARAM workload_type=LDO
[2026-04-02T09:23:13] PARAM test_link=LI_10GbE_aggregation_backhaul
[2026-04-02T09:23:13] METRIC object_size_bytes=1264313.4
[2026-04-02T09:23:13] METRIC link_bandwidth_gbps=10.0
[2026-04-02T09:23:13] METRIC throughput_gbps=3.1993
[2026-04-02T09:23:13] METRIC latency_ms=114.756
[2026-04-02T09:23:13] METRIC cpu_util_pct=60.12
[2026-04-02T09:23:13] RUN_END status=OK
[2026-04-02T09:26:25] RUN_START run_id=LDO_NFD_023
[2026-04-02T09:26:25] PARAM implementation=NFD
[2026-04-02T09:26:25] PARAM workload_type=LDO
[2026-04-02T09:26:25] PARAM test_link=LI_10GbE_aggregation_backhaul
[2026-04-02T09:26:25] METRIC object_size_bytes=4720981.4
[2026-04-02T09:26:25] METRIC link_bandwidth_gbps=10.0
[2026-04-02T09:26:25] METRIC throughput_gbps=3.1324
[2026-04-02T09:26:25] METRIC latency_ms=135.3245
[2026-04-02T09:26:25] METRIC cpu_util_pct=60.0
[2026-04-02T09:26:25] RUN_END status=OK
[2026-04-02T09:27:38] RUN_START run_id=LDO_NFD_024
[2026-04-02T09:27:38] PARAM implementation=NFD
[2026-04-02T09:27:38] PARAM workload_type=LDO
[2026-04-02T09:27:38] PARAM test_link=LI_10GbE_aggregation_backhaul
[2026-04-02T09:27:38] METRIC object_size_bytes=4627251.2
[2026-04-02T09:27:38] METRIC link_bandwidth_gbps=10.0
[2026-04-02T09:27:38] METRIC throughput_gbps=3.2648
[2026-04-02T09:27:38] METRIC latency_ms=113.0064
[2026-04-02T09:27:38] METRIC cpu_util_pct=58.04
[2026-04-02T09:27:38] RUN_END status=OK
[2026-04-02T15:48:32] RUN_START run_id=LDO_NFD_025
[2026-04-02T15:48:32] PARAM implementation=NFD
[2026-04-02T15:48:32] PARAM workload_type=LDO
[2026-04-02T15:48:32] PARAM test_link=LI_10GbE_aggregation_backhaul
[2026-04-02T15:48:32] METRIC object_size_bytes=2175561.3
[2026-04-02T15:48:32] METRIC link_bandwidth_gbps=10.0
[2026-04-02T15:48:32] METRIC throughput_gbps=3.2888
[2026-04-02T15:48:32] METRIC latency_ms=120.5928
[2026-04-02T15:48:32] METRIC cpu_util_pct=56.95
[2026-04-02T15:48:32] RUN_END status=OK
[2026-04-02T15:51:06] RUN_START run_id=LDO_NFD_026
[2026-04-02T15:51:06] PARAM implementation=NFD
[2026-04-02T15:51:06] PARAM workload_type=LDO
[2026-04-02T15:51:06] PARAM test_link=LI_10GbE_aggregation_backhaul
[2026-04-02T15:51:06] METRIC object_size_bytes=1335100.6
[2026-04-02T15:51:06] METRIC link_bandwidth_gbps=10.0
[2026-04-02T15:51:06] METRIC throughput_gbps=3.2289
[2026-04-02T15:51:06] METRIC latency_ms=126.7635
[2026-04-02T15:51:06] METRIC cpu_util_pct=59.97
[2026-04-02T15:51:06] RUN_END status=OK
[2026-04-02T15:54:19] RUN_START run_id=LDO_NFD_027
[2026-04-02T15:54:19] PARAM implementation=NFD
[2026-04-02T15:54:19] PARAM workload_type=LDO
[2026-04-02T15:54:19] PARAM test_link=LI_10GbE_aggregation_backhaul
[2026-04-02T15:54:19] METRIC object_size_bytes=1130755.7
[2026-04-02T15:54:19] METRIC link_bandwidth_gbps=10.0
[2026-04-02T15:54:19] METRIC throughput_gbps=3.1119
[2026-04-02T15:54:19] METRIC latency_ms=134.8836
[2026-04-02T15:54:19] METRIC cpu_util_pct=61.46
[2026-04-02T15:54:19] RUN_END status=OK
[2026-04-02T15:55:24] RUN_START run_id=LDO_NFD_028
[2026-04-02T15:55:24] PARAM implementation=NFD
[2026-04-02T15:55:24] PARAM workload_type=LDO
[2026-04-02T15:55:24] PARAM test_link=LI_10GbE_aggregation_backhaul
[2026-04-02T15:55:24] METRIC object_size_bytes=4699397.9
[2026-04-02T15:55:24] METRIC link_bandwidth_gbps=10.0
[2026-04-02T15:55:24] METRIC throughput_gbps=3.1251
[2026-04-02T15:55:24] METRIC latency_ms=109.2664
[2026-04-02T15:55:24] METRIC cpu_util_pct=58.55
[2026-04-02T15:55:24] RUN_END status=OK
[2026-04-02T15:56:15] RUN_START run_id=LDO_NFD_029
[2026-04-02T15:56:15] PARAM implementation=NFD
[2026-04-02T15:56:15] PARAM workload_type=LDO
[2026-04-02T15:56:15] PARAM test_link=LI_10GbE_aggregation_backhaul
[2026-04-02T15:56:15] METRIC object_size_bytes=1359661.0
[2026-04-02T15:56:15] METRIC link_bandwidth_gbps=10.0
[2026-04-02T15:56:15] METRIC throughput_gbps=3.3747
[2026-04-02T15:56:15] METRIC latency_ms=117.298
[2026-04-02T15:56:15] METRIC cpu_util_pct=58.32
[2026-04-02T15:56:15] RUN_END status=OK
[2026-04-02T15:58:42] RUN_START run_id=LDO_NFD_030
[2026-04-02T15:58:42] PARAM implementation=NFD
[2026-04-02T15:58:42] PARAM workload_type=LDO
[2026-04-02T15:58:42] PARAM test_link=LI_10GbE_aggregation_backhaul
[2026-04-02T15:58:42] METRIC object_size_bytes=4036574.5
[2026-04-02T15:58:42] METRIC link_bandwidth_gbps=10.0
[2026-04-02T15:58:42] METRIC throughput_gbps=3.3961
[2026-04-02T15:58:42] METRIC latency_ms=119.1266
[2026-04-02T15:58:42] METRIC cpu_util_pct=58.89
[2026-04-02T15:58:42] RUN_END status=OK
[2026-04-02T16:01:05] RUN_START run_id=LDO_NFD_031
[2026-04-02T16:01:05] PARAM implementation=NFD
[2026-04-02T16:01:05] PARAM workload_type=LDO
[2026-04-02T16:01:05] PARAM test_link=LI_10GbE_aggregation_backhaul
[2026-04-02T16:01:05] METRIC object_size_bytes=1984363.5
[2026-04-02T16:01:05] METRIC link_bandwidth_gbps=10.0
[2026-04-02T16:01:05] METRIC throughput_gbps=3.0446
[2026-04-02T16:01:05] METRIC latency_ms=114.7308
[2026-04-02T16:01:05] METRIC cpu_util_pct=54.64
[2026-04-02T16:01:05] RUN_END status=OK
[2026-04-02T16:03:44] RUN_START run_id=LDO_NFD_032
[2026-04-02T16:03:44] PARAM implementation=NFD
[2026-04-02T16:03:44] PARAM workload_type=LDO
[2026-04-02T16:03:44] PARAM test_link=LI_10GbE_aggregation_backhaul
[2026-04-02T16:03:44] METRIC object_size_bytes=3545469.8
[2026-04-02T16:03:44] METRIC link_bandwidth_gbps=10.0
[2026-04-02T16:03:44] METRIC throughput_gbps=3.1955
[2026-04-02T16:03:44] METRIC latency_ms=116.3114
[2026-04-02T16:03:44] METRIC cpu_util_pct=59.11
[2026-04-02T16:03:44] RUN_END status=OK
[2026-04-02T16:05:36] RUN_START run_id=LDO_NFD_033
[2026-04-02T16:05:36] PARAM implementation=NFD
[2026-04-02T16:05:36] PARAM workload_type=LDO
[2026-04-02T16:05:36] PARAM test_link=LI_10GbE_aggregation_backhaul
[2026-04-02T16:05:36] METRIC object_size_bytes=3546911.8
[2026-04-02T16:05:36] METRIC link_bandwidth_gbps=10.0
[2026-04-02T16:05:36] METRIC throughput_gbps=3.4252
[2026-04-02T16:05:36] METRIC latency_ms=116.9532
[2026-04-02T16:05:36] METRIC cpu_util_pct=58.62
[2026-04-02T16:05:36] RUN_END status=OK
