[2026-04-28T01:05:41] RUN_START run_id=SDO_uDCN_067
[2026-04-28T01:05:41] PARAM implementation=uDCN
[2026-04-28T01:05:41] PARAM workload_type=SDO
[2026-04-28T01:05:41] PARAM test_link=LI_10GbE_aggregation_backhaul
[2026-04-28T01:05:41] METRIC object_size_bytes=641.2
[2026-04-28T01:05:41] METRIC link_bandwidth_gbps=10.0
[2026-04-28T01:05:41] METRIC throughput_gbps=4.6199
[2026-04-28T01:05:41] METRIC latency_ms=0.787
[2026-04-28T01:05:41] METRIC cpu_util_pct=10.92
[2026-04-28T01:05:41] RUN_END status=OK
[2026-04-28T01:08:51] RUN_START run_id=SDO_uDCN_068
[2026-04-28T01:08:51] PARAM implementation=uDCN
[2026-04-28T01:08:51] PARAM workload_type=SDO
[2026-04-28T01:08:51] PARAM test_link=LI_10GbE_aggregation_backhaul
[2026-04-28T01:08:51] METRIC object_size_bytes=1763.3
[2026-04-28T01:08:51] METRIC link_bandwidth_gbps=10.0
[2026-04-28T01:08:51] METRIC throughput_gbps=4.6621
[2026-04-28T01:08:51] METRIC latency_ms=0.8535
[2026-04-28T01:08:51] METRIC cpu_util_pct=11.33
[2026-04-28T01:08:51] RUN_END status=OK
[2026-04-28T01:09:33] RUN_START run_id=SDO_uDCN_069
[2026-04-28T01:09:33] PARAM implementation=uDCN
[2026-04-28T01:09:33] PARAM workload_type=SDO
[2026-04-28T01:09:33] PARAM test_link=LI_10GbE_aggregation_backhaul
[2026-04-28T01:09:33] METRIC object_size_bytes=574.4
[2026-04-28T01:09:33] METRIC link_bandwidth_gbps=10.0
[2026-04-28T01:09:33] METRIC throughput_gbps=4.7171
[2026-04-28T01:09:33] METRIC latency_ms=0.7498
[2026-04-28T01:09:33] METRIC cpu_util_pct=12.28
[2026-04-28T01:09:33] RUN_END status=OK
[2026-04-28T01:13:12] RUN_START run_id=SDO_uDCN_070
[2026-04-28T01:13:12] PARAM implementation=uDCN
[2026-04-28T01:13:12] PARAM workload_type=SDO
[2026-04-28T01:13:12] PARAM test_link=LI_10GbE_aggregation_backhaul
[2026-04-28T01:13:12] METRIC object_size_bytes=558.5
[2026-04-28T01:13:12] METRIC link_bandwidth_gbps=10.0
[2026-04-28T01:13:12] METRIC throughput_gbps=4.6057
[2026-04-28T01:13:12] METRIC latency_ms=0.7083
[2026-04-28T01:13:12] METRIC cpu_util_pct=12.37
[2026-04-28T01:13:12] RUN_END status=OK
[2026-04-28T01:15:42] RUN_START run_id=SDO_uDCN_071
[2026-04-28T01:15:42] PARAM implementation=uDCN
[2026-04-28T01:15:42] PARAM workload_type=SDO
[2026-04-28T01:15:42] PARAM test_link=LI_10GbE_aggregation_backhaul
[2026-04-28T01:15:42] METRIC object_size_bytes=550.9
[2026-04-28T01:15:42] METRIC link_bandwidth_gbps=10.0
[2026-04-28T01:15:42] METRIC throughput_gbps=4.4754
[2026-04-28T01:15:42] METRIC latency_ms=0.7665
[2026-04-28T01:15:42] METRIC cpu_util_pct=10.81
[2026-04-28T01:15:42] RUN_END status=OK
[2026-04-28T01:16:56] RUN_START run_id=SDO_uDCN_072
[2026-04-28T01:16:56] PARAM implementation=uDCN
[2026-04-28T01:16:56] PARAM workload_type=SDO
[2026-04-28T01:16:56] PARAM test_link=LI_10GbE_aggregation_backhaul
[2026-04-28T01:16:56] METRIC object_size_bytes=1807.2
[2026-04-28T01:16:56] METRIC link_bandwidth_gbps=10.0
[2026-04-28T01:16:56] METRIC throughput_gbps=4.7163
[2026-04-28T01:16:56] METRIC latency_ms=0.7437
[2026-04-28T01:16:56] METRIC cpu_util_pct=13.1
[2026-04-28T01:16:56] RUN_END status=OK
[2026-04-28T01:18:59] RUN_START run_id=SDO_uDCN_073
[2026-04-28T01:18:59] PARAM implementation=uDCN
[2026-04-28T01:18:59] PARAM workload_type=SDO
[2026-04-28T01:18:59] PARAM test_link=LI_10GbE_aggregation_backhaul
[2026-04-28T01:18:59] METRIC object_size_bytes=1500.5
[2026-04-28T01:18:59] METRIC link_bandwidth_gbps=10.0
[2026-04-28T01:18:59] METRIC throughput_gbps=4.6669
[2026-04-28T01:18:59] METRIC latency_ms=0.7818
[2026-04-28T01:18:59] METRIC cpu_util_pct=12.01
[2026-04-28T01:18:59] RUN_END status=OK
[2026-04-28T01:20:51] RUN_START run_id=SDO_uDCN_074
[2026-04-28T01:20:51] PARAM implementation=uDCN
[2026-04-28T01:20:51] PARAM workload_type=SDO
[2026-04-28T01:20:51] PARAM test_link=LI_10GbE_aggregation_backhaul
[2026-04-28T01:20:51] METRIC object_size_bytes=606.7
[2026-04-28T01:20:51] METRIC link_bandwidth_gbps=10.0
[2026-04-28T01:20:51] METRIC throughput_gbps=4.4735
[2026-04-28T01:20:51] METRIC latency_ms=0.8176
[2026-04-28T01:20:51] METRIC cpu_util_pct=11.29
[2026-04-28T01:20:51] RUN_END status=OK
[2026-04-28T01:21:28] RUN_START run_id=SDO_uDCN_075
[2026-04-28T01:21:28] PARAM implementation=uDCN
[2026-04-28T01:21:28] PARAM workload_type=SDO
[2026-04-28T01:21:28] PARAM test_link=LI_10GbE_aggregation_backhaul
[2026-04-28T01:21:28] METRIC object_size_bytes=429.2
[2026-04-28T01:21:28] METRIC link_bandwidth_gbps=10.0
[2026-04-28T01:21:28] METRIC throughput_gbps=4.3928
[2026-04-28T01:21:28] METRIC latency_ms=0.8271
[2026-04-28T01:21:28] METRIC cpu_util_pct=12.04
[2026-04-28T01:21:28] RUN_END status=OK
[2026-04-28T01:22:17] RUN_START run_id=SDO_uDCN_076
[2026-04-28T01:22:17] PARAM implementation=uDCN
[2026-04-28T01:22:17] PARAM workload_type=SDO
[2026-04-28T01:22:17] PARAM test_link=LI_10GbE_aggregation_backhaul
[2026-04-28T01:22:17] METRIC object_size_bytes=1443.0
[2026-04-28T01:22:17] METRIC link_bandwidth_gbps=10.0
[2026-04-28T01:22:17] METRIC throughput_gbps=4.6979
[2026-04-28T01:22:17] METRIC latency_ms=0.7993
[2026-04-28T01:22:17] METRIC cpu_util_pct=11.37
[2026-04-28T01:22:17] RUN_END status=OK
[2026-04-28T01:25:53] RUN_START run_id=SDO_uDCN_077
[2026-04-28T01:25:53] PARAM implementation=uDCN
[2026-04-28T01:25:53] PARAM workload_type=SDO
[2026-04-28T01:25:53] PARAM test_link=LI_10GbE_aggregation_backhaul
[2026-04-28T01:25:53] METRIC object_size_bytes=394.4
[2026-04-28T01:25:53] METRIC link_bandwidth_gbps=10.0
[2026-04-28T01:25:53] METRIC throughput_gbps=4.4694
[2026-04-28T01:25:53] METRIC latency_ms=0.8529
[2026-04-28T01:25:53] METRIC cpu_util_pct=10.9
[2026-04-28T01:25:53] RUN_END status=OK
[2026-04-28T01:29:53] RUN_START run_id=SDO_uDCN_078
[2026-04-28T01:29:53] PARAM implementation=uDCN
[2026-04-28T01:29:53] PARAM workload_type=SDO
[2026-04-28T01:29:53] PARAM test_link=LI_10GbE_aggregation_backhaul
[2026-04-28T01:29:53] METRIC object_size_bytes=1845.7
[2026-04-28T01:29:53] METRIC link_bandwidth_gbps=10.0
[2026-04-28T01:29:53] METRIC throughput_gbps=4.713
[2026-04-28T01:29:53] METRIC latency_ms=0.8013
[2026-04-28T01:29:53] METRIC cpu_util_pct=11.87
[2026-04-28T01:29:53] RUN_END status=OK
