[2026-05-19T00:15:49] RUN_START run_id=MDO_PythonNDN_030
[2026-05-19T00:15:49] PARAM implementation=PythonNDN
[2026-05-19T00:15:49] PARAM workload_type=MDO
[2026-05-19T00:15:49] PARAM test_link=LI_10GbE_aggregation_backhaul
[2026-05-19T00:15:49] METRIC object_size_bytes=315107.7
[2026-05-19T00:15:49] METRIC link_bandwidth_gbps=10.0
[2026-05-19T00:15:49] METRIC throughput_gbps=0.7192
[2026-05-19T00:15:49] METRIC latency_ms=28.1547
[2026-05-19T00:15:49] METRIC cpu_util_pct=91.45
[2026-05-19T00:15:49] RUN_END status=OK
[2026-05-19T00:21:22] RUN_START run_id=MDO_PythonNDN_031
[2026-05-19T00:21:22] PARAM implementation=PythonNDN
[2026-05-19T00:21:22] PARAM workload_type=MDO
[2026-05-19T00:21:22] PARAM test_link=LI_10GbE_aggregation_backhaul
[2026-05-19T00:21:22] METRIC object_size_bytes=278685.6
[2026-05-19T00:21:22] METRIC link_bandwidth_gbps=10.0
[2026-05-19T00:21:22] METRIC throughput_gbps=0.6498
[2026-05-19T00:21:22] METRIC latency_ms=27.9107
[2026-05-19T00:21:22] METRIC cpu_util_pct=92.07
[2026-05-19T00:21:22] RUN_END status=OK
[2026-05-19T00:23:14] RUN_START run_id=MDO_PythonNDN_032
[2026-05-19T00:23:14] PARAM implementation=PythonNDN
[2026-05-19T00:23:14] PARAM workload_type=MDO
[2026-05-19T00:23:14] PARAM test_link=LI_10GbE_aggregation_backhaul
[2026-05-19T00:23:14] METRIC object_size_bytes=106358.6
[2026-05-19T00:23:14] METRIC link_bandwidth_gbps=10.0
[2026-05-19T00:23:14] METRIC throughput_gbps=0.6995
[2026-05-19T00:23:14] METRIC latency_ms=30.5454
[2026-05-19T00:23:14] METRIC cpu_util_pct=87.99
[2026-05-19T00:23:14] RUN_END status=OK
[2026-05-19T00:24:01] RUN_START run_id=MDO_PythonNDN_033
[2026-05-19T00:24:01] PARAM implementation=PythonNDN
[2026-05-19T00:24:01] PARAM workload_type=MDO
[2026-05-19T00:24:01] PARAM test_link=LI_10GbE_aggregation_backhaul
[2026-05-19T00:24:01] METRIC object_size_bytes=405938.8
[2026-05-19T00:24:01] METRIC link_bandwidth_gbps=10.0
[2026-05-19T00:24:01] METRIC throughput_gbps=0.6783
[2026-05-19T00:24:01] METRIC latency_ms=23.9791
[2026-05-19T00:24:01] METRIC cpu_util_pct=84.8
[2026-05-19T00:24:01] RUN_END status=OK
[2026-05-19T00:25:45] RUN_START run_id=MDO_PythonNDN_034
[2026-05-19T00:25:45] PARAM implementation=PythonNDN
[2026-05-19T00:25:45] PARAM workload_type=MDO
[2026-05-19T00:25:45] PARAM test_link=LI_10GbE_aggregation_backhaul
[2026-05-19T00:25:45] METRIC object_size_bytes=475971.3
[2026-05-19T00:25:45] METRIC link_bandwidth_gbps=10.0
[2026-05-19T00:25:45] METRIC throughput_gbps=0.706
[2026-05-19T00:25:45] METRIC latency_ms=27.16
[2026-05-19T00:25:45] METRIC cpu_util_pct=87.74
[2026-05-19T00:25:45] RUN_END status=OK
[2026-05-19T00:27:24] RUN_START run_id=MDO_PythonNDN_035
[2026-05-19T00:27:24] PARAM implementation=PythonNDN
[2026-05-19T00:27:24] PARAM workload_type=MDO
[2026-05-19T00:27:24] PARAM test_link=LI_10GbE_aggregation_backhaul
[2026-05-19T00:27:24] METRIC object_size_bytes=229031.0
[2026-05-19T00:27:24] METRIC link_bandwidth_gbps=10.0
[2026-05-19T00:27:24] METRIC throughput_gbps=0.6633
[2026-05-19T00:27:24] METRIC latency_ms=25.9237
[2026-05-19T00:27:24] METRIC cpu_util_pct=84.39
[2026-05-19T00:27:24] RUN_END status=OK
[2026-05-19T00:30:35] RUN_START run_id=MDO_PythonNDN_036
[2026-05-19T00:30:35] PARAM implementation=PythonNDN
[2026-05-19T00:30:35] PARAM workload_type=MDO
[2026-05-19T00:30:35] PARAM test_link=LI_10GbE_aggregation_backhaul
[2026-05-19T00:30:35] METRIC object_size_bytes=406412.9
[2026-05-19T00:30:35] METRIC link_bandwidth_gbps=10.0
[2026-05-19T00:30:35] METRIC throughput_gbps=0.7318
[2026-05-19T00:30:35] METRIC latency_ms=26.3145
[2026-05-19T00:30:35] METRIC cpu_util_pct=100.0
[2026-05-19T00:30:35] RUN_END status=OK
[2026-05-19T00:32:15] RUN_START run_id=MDO_PythonNDN_037
[2026-05-19T00:32:15] PARAM implementation=PythonNDN
[2026-05-19T00:32:15] PARAM workload_type=MDO
[2026-05-19T00:32:15] PARAM test_link=LI_10GbE_aggregation_backhaul
[2026-05-19T00:32:15] METRIC object_size_bytes=489413.4
[2026-05-19T00:32:15] METRIC link_bandwidth_gbps=10.0
[2026-05-19T00:32:15] METRIC throughput_gbps=0.7221
[2026-05-19T00:32:15] METRIC latency_ms=27.0123
[2026-05-19T00:32:15] METRIC cpu_util_pct=84.2
[2026-05-19T00:32:15] RUN_END status=OK
[2026-05-19T00:33:53] RUN_START run_id=MDO_PythonNDN_038
[2026-05-19T00:33:53] PARAM implementation=PythonNDN
[2026-05-19T00:33:53] PARAM workload_type=MDO
[2026-05-19T00:33:53] PARAM test_link=LI_10GbE_aggregation_backhaul
[2026-05-19T00:33:53] METRIC object_size_bytes=382710.3
[2026-05-19T00:33:53] METRIC link_bandwidth_gbps=10.0
[2026-05-19T00:33:53] METRIC throughput_gbps=0.7365
[2026-05-19T00:33:53] METRIC latency_ms=29.4852
[2026-05-19T00:33:53] METRIC cpu_util_pct=85.94
[2026-05-19T00:33:53] RUN_END status=OK
[2026-05-19T00:37:30] RUN_START run_id=MDO_PythonNDN_039
[2026-05-19T00:37:30] PARAM implementation=PythonNDN
[2026-05-19T00:37:30] PARAM workload_type=MDO
[2026-05-19T00:37:30] PARAM test_link=LI_10GbE_aggregation_backhaul
[2026-05-19T00:37:30] METRIC object_size_bytes=257543.3
[2026-05-19T00:37:30] METRIC link_bandwidth_gbps=10.0
[2026-05-19T00:37:30] METRIC throughput_gbps=0.72
[2026-05-19T00:37:30] METRIC latency_ms=27.5478
[2026-05-19T00:37:30] METRIC cpu_util_pct=89.54
[2026-05-19T00:37:30] RUN_END status=OK
[2026-05-19T00:39:54] RUN_START run_id=MDO_PythonNDN_040
[2026-05-19T00:39:54] PARAM implementation=PythonNDN
[2026-05-19T00:39:54] PARAM workload_type=MDO
[2026-05-19T00:39:54] PARAM test_link=LI_10GbE_aggregation_backhaul
[2026-05-19T00:39:54] METRIC object_size_bytes=145409.5
[2026-05-19T00:39:54] METRIC link_bandwidth_gbps=10.0
[2026-05-19T00:39:54] METRIC throughput_gbps=0.7029
[2026-05-19T00:39:54] METRIC latency_ms=28.5314
[2026-05-19T00:39:54] METRIC cpu_util_pct=86.09
[2026-05-19T00:39:54] RUN_END status=OK
