[2026-05-17T18:45:34] RUN_START run_id=MDO_PythonNDN_013
[2026-05-17T18:45:34] PARAM implementation=PythonNDN
[2026-05-17T18:45:34] PARAM workload_type=MDO
[2026-05-17T18:45:34] PARAM test_link=LI_10GbE_aggregation_backhaul
[2026-05-17T18:45:34] METRIC object_size_bytes=466064.9
[2026-05-17T18:45:34] METRIC link_bandwidth_gbps=10.0
[2026-05-17T18:45:34] METRIC throughput_gbps=0.692
[2026-05-17T18:45:34] METRIC latency_ms=24.049
[2026-05-17T18:45:34] METRIC cpu_util_pct=84.14
[2026-05-17T18:45:34] RUN_END status=OK
[2026-05-17T18:49:29] RUN_START run_id=MDO_PythonNDN_014
[2026-05-17T18:49:29] PARAM implementation=PythonNDN
[2026-05-17T18:49:29] PARAM workload_type=MDO
[2026-05-17T18:49:29] PARAM test_link=LI_10GbE_aggregation_backhaul
[2026-05-17T18:49:29] METRIC object_size_bytes=411219.1
[2026-05-17T18:49:29] METRIC link_bandwidth_gbps=10.0
[2026-05-17T18:49:29] METRIC throughput_gbps=0.685
[2026-05-17T18:49:29] METRIC latency_ms=28.3503
[2026-05-17T18:49:29] METRIC cpu_util_pct=86.86
[2026-05-17T18:49:29] RUN_END status=OK
[2026-05-17T18:51:27] RUN_START run_id=MDO_PythonNDN_015
[2026-05-17T18:51:27] PARAM implementation=PythonNDN
[2026-05-17T18:51:27] PARAM workload_type=MDO
[2026-05-17T18:51:27] PARAM test_link=LI_10GbE_aggregation_backhaul
[2026-05-17T18:51:27] METRIC object_size_bytes=228644.7
[2026-05-17T18:51:27] METRIC link_bandwidth_gbps=10.0
[2026-05-17T18:51:27] METRIC throughput_gbps=0.6774
[2026-05-17T18:51:27] METRIC latency_ms=24.9328
[2026-05-17T18:51:27] METRIC cpu_util_pct=86.01
[2026-05-17T18:51:27] RUN_END status=OK
[2026-05-17T18:52:54] RUN_START run_id=MDO_PythonNDN_016
[2026-05-17T18:52:54] PARAM implementation=PythonNDN
[2026-05-17T18:52:54] PARAM workload_type=MDO
[2026-05-17T18:52:54] PARAM test_link=LI_10GbE_aggregation_backhaul
[2026-05-17T18:52:54] METRIC object_size_bytes=198176.3
[2026-05-17T18:52:54] METRIC link_bandwidth_gbps=10.0
[2026-05-17T18:52:54] METRIC throughput_gbps=0.6877
[2026-05-17T18:52:54] METRIC latency_ms=26.2809
[2026-05-17T18:52:54] METRIC cpu_util_pct=87.01
[2026-05-17T18:52:54] RUN_END status=OK
[2026-05-17T18:58:23] RUN_START run_id=MDO_PythonNDN_017
[2026-05-17T18:58:23] PARAM implementation=PythonNDN
[2026-05-17T18:58:23] PARAM workload_type=MDO
[2026-05-17T18:58:23] PARAM test_link=LI_10GbE_aggregation_backhaul
[2026-05-17T18:58:23] METRIC object_size_bytes=148246.8
[2026-05-17T18:58:23] METRIC link_bandwidth_gbps=10.0
[2026-05-17T18:58:23] METRIC throughput_gbps=0.6668
[2026-05-17T18:58:23] METRIC latency_ms=28.1361
[2026-05-17T18:58:23] METRIC cpu_util_pct=96.53
[2026-05-17T18:58:23] RUN_END status=OK
[2026-05-17T18:59:34] RUN_START run_id=MDO_PythonNDN_018
[2026-05-17T18:59:34] PARAM implementation=PythonNDN
[2026-05-17T18:59:34] PARAM workload_type=MDO
[2026-05-17T18:59:34] PARAM test_link=LI_10GbE_aggregation_backhaul
[2026-05-17T18:59:34] METRIC object_size_bytes=476779.0
[2026-05-17T18:59:34] METRIC link_bandwidth_gbps=10.0
[2026-05-17T18:59:34] METRIC throughput_gbps=0.7134
[2026-05-17T18:59:34] METRIC latency_ms=26.0442
[2026-05-17T18:59:34] METRIC cpu_util_pct=91.26
[2026-05-17T18:59:34] RUN_END status=OK
[2026-05-17T19:00:49] RUN_START run_id=MDO_PythonNDN_019
[2026-05-17T19:00:49] PARAM implementation=PythonNDN
[2026-05-17T19:00:49] PARAM workload_type=MDO
[2026-05-17T19:00:49] PARAM test_link=LI_10GbE_aggregation_backhaul
[2026-05-17T19:00:49] METRIC object_size_bytes=457667.0
[2026-05-17T19:00:49] METRIC link_bandwidth_gbps=10.0
[2026-05-17T19:00:49] METRIC throughput_gbps=0.6896
[2026-05-17T19:00:49] METRIC latency_ms=28.604
[2026-05-17T19:00:49] METRIC cpu_util_pct=92.47
[2026-05-17T19:00:49] RUN_END status=OK
[2026-05-17T19:03:58] RUN_START run_id=MDO_PythonNDN_020
[2026-05-17T19:03:58] PARAM implementation=PythonNDN
[2026-05-17T19:03:58] PARAM workload_type=MDO
[2026-05-17T19:03:58] PARAM test_link=LI_10GbE_aggregation_backhaul
[2026-05-17T19:03:58] METRIC object_size_bytes=495424.6
[2026-05-17T19:03:58] METRIC link_bandwidth_gbps=10.0
[2026-05-17T19:03:58] METRIC throughput_gbps=0.6889
[2026-05-17T19:03:58] METRIC latency_ms=27.9151
[2026-05-17T19:03:58] METRIC cpu_util_pct=86.93
[2026-05-17T19:03:58] RUN_END status=OK
[2026-05-17T19:04:45] RUN_START run_id=MDO_PythonNDN_021
[2026-05-17T19:04:45] PARAM implementation=PythonNDN
[2026-05-17T19:04:45] PARAM workload_type=MDO
[2026-05-17T19:04:45] PARAM test_link=LI_10GbE_aggregation_backhaul
[2026-05-17T19:04:45] METRIC object_size_bytes=454267.2
[2026-05-17T19:04:45] METRIC link_bandwidth_gbps=10.0
[2026-05-17T19:04:45] METRIC throughput_gbps=0.6628
[2026-05-17T19:04:45] METRIC latency_ms=27.4207
[2026-05-17T19:04:45] METRIC cpu_util_pct=85.25
[2026-05-17T19:04:45] RUN_END status=OK
[2026-05-17T19:05:16] RUN_START run_id=MDO_PythonNDN_022
[2026-05-17T19:05:16] PARAM implementation=PythonNDN
[2026-05-17T19:05:16] PARAM workload_type=MDO
[2026-05-17T19:05:16] PARAM test_link=LI_10GbE_aggregation_backhaul
[2026-05-17T19:05:16] METRIC object_size_bytes=135410.7
[2026-05-17T19:05:16] METRIC link_bandwidth_gbps=10.0
[2026-05-17T19:05:16] METRIC throughput_gbps=0.6705
[2026-05-17T19:05:16] METRIC latency_ms=26.8872
[2026-05-17T19:05:16] METRIC cpu_util_pct=87.78
[2026-05-17T19:05:16] RUN_END status=OK
[2026-05-17T19:06:03] RUN_START run_id=MDO_PythonNDN_023
[2026-05-17T19:06:03] PARAM implementation=PythonNDN
[2026-05-17T19:06:03] PARAM workload_type=MDO
[2026-05-17T19:06:03] PARAM test_link=LI_10GbE_aggregation_backhaul
[2026-05-17T19:06:03] METRIC object_size_bytes=95048.4
[2026-05-17T19:06:03] METRIC link_bandwidth_gbps=10.0
[2026-05-17T19:06:03] METRIC throughput_gbps=0.7242
[2026-05-17T19:06:03] METRIC latency_ms=32.6687
[2026-05-17T19:06:03] METRIC cpu_util_pct=86.89
[2026-05-17T19:06:03] RUN_END status=OK
[2026-05-17T19:08:25] RUN_START run_id=MDO_PythonNDN_024
[2026-05-17T19:08:25] PARAM implementation=PythonNDN
[2026-05-17T19:08:25] PARAM workload_type=MDO
[2026-05-17T19:08:25] PARAM test_link=LI_10GbE_aggregation_backhaul
[2026-05-17T19:08:25] METRIC object_size_bytes=358476.7
[2026-05-17T19:08:25] METRIC link_bandwidth_gbps=10.0
[2026-05-17T19:08:25] METRIC throughput_gbps=0.6279
[2026-05-17T19:08:25] METRIC latency_ms=26.8057
[2026-05-17T19:08:25] METRIC cpu_util_pct=88.23
[2026-05-17T19:08:25] RUN_END status=OK
