[2026-06-25T19:01:35] RUN_START run_id=SDO_NFD_143
[2026-06-25T19:01:35] PARAM implementation=NFD
[2026-06-25T19:01:35] PARAM workload_type=SDO
[2026-06-25T19:01:35] PARAM test_link=LI_10GbE_aggregation_backhaul
[2026-06-25T19:01:35] METRIC object_size_bytes=1245.5
[2026-06-25T19:01:35] METRIC link_bandwidth_gbps=10.0
[2026-06-25T19:01:35] METRIC throughput_gbps=1.1537
[2026-06-25T19:01:35] METRIC latency_ms=1.2847
[2026-06-25T19:01:35] METRIC cpu_util_pct=47.84
[2026-06-25T19:01:35] RUN_END status=OK
[2026-06-25T19:04:08] RUN_START run_id=SDO_NFD_144
[2026-06-25T19:04:08] PARAM implementation=NFD
[2026-06-25T19:04:08] PARAM workload_type=SDO
[2026-06-25T19:04:08] PARAM test_link=LI_10GbE_aggregation_backhaul
[2026-06-25T19:04:08] METRIC object_size_bytes=292.8
[2026-06-25T19:04:08] METRIC link_bandwidth_gbps=10.0
[2026-06-25T19:04:08] METRIC throughput_gbps=1.1401
[2026-06-25T19:04:08] METRIC latency_ms=1.3284
[2026-06-25T19:04:08] METRIC cpu_util_pct=46.38
[2026-06-25T19:04:08] RUN_END status=OK
[2026-06-25T19:06:25] RUN_START run_id=SDO_NFD_145
[2026-06-25T19:06:25] PARAM implementation=NFD
[2026-06-25T19:06:25] PARAM workload_type=SDO
[2026-06-25T19:06:25] PARAM test_link=LI_10GbE_aggregation_backhaul
[2026-06-25T19:06:25] METRIC object_size_bytes=589.5
[2026-06-25T19:06:25] METRIC link_bandwidth_gbps=10.0
[2026-06-25T19:06:25] METRIC throughput_gbps=1.2243
[2026-06-25T19:06:25] METRIC latency_ms=1.3089
[2026-06-25T19:06:25] METRIC cpu_util_pct=45.66
[2026-06-25T19:06:25] RUN_END status=OK
[2026-06-25T19:07:28] RUN_START run_id=SDO_NFD_146
[2026-06-25T19:07:28] PARAM implementation=NFD
[2026-06-25T19:07:28] PARAM workload_type=SDO
[2026-06-25T19:07:28] PARAM test_link=LI_10GbE_aggregation_backhaul
[2026-06-25T19:07:28] METRIC object_size_bytes=1130.3
[2026-06-25T19:07:28] METRIC link_bandwidth_gbps=10.0
[2026-06-25T19:07:28] METRIC throughput_gbps=1.2147
[2026-06-25T19:07:28] METRIC latency_ms=1.3572
[2026-06-25T19:07:28] METRIC cpu_util_pct=50.41
[2026-06-25T19:07:28] RUN_END status=OK
[2026-06-25T19:09:57] RUN_START run_id=SDO_NFD_147
[2026-06-25T19:09:57] PARAM implementation=NFD
[2026-06-25T19:09:57] PARAM workload_type=SDO
[2026-06-25T19:09:57] PARAM test_link=LI_10GbE_aggregation_backhaul
[2026-06-25T19:09:57] METRIC object_size_bytes=1252.2
[2026-06-25T19:09:57] METRIC link_bandwidth_gbps=10.0
[2026-06-25T19:09:57] METRIC throughput_gbps=1.2073
[2026-06-25T19:09:57] METRIC latency_ms=1.2443
[2026-06-25T19:09:57] METRIC cpu_util_pct=47.53
[2026-06-25T19:09:57] RUN_END status=OK
[2026-06-25T19:15:02] RUN_START run_id=SDO_NFD_148
[2026-06-25T19:15:02] PARAM implementation=NFD
[2026-06-25T19:15:02] PARAM workload_type=SDO
[2026-06-25T19:15:02] PARAM test_link=LI_10GbE_aggregation_backhaul
[2026-06-25T19:15:02] METRIC object_size_bytes=1885.4
[2026-06-25T19:15:02] METRIC link_bandwidth_gbps=10.0
[2026-06-25T19:15:02] METRIC throughput_gbps=1.1982
[2026-06-25T19:15:02] METRIC latency_ms=1.5546
[2026-06-25T19:15:02] METRIC cpu_util_pct=44.51
[2026-06-25T19:15:02] RUN_END status=OK
[2026-06-25T19:16:30] RUN_START run_id=SDO_NFD_149
[2026-06-25T19:16:30] PARAM implementation=NFD
[2026-06-25T19:16:30] PARAM workload_type=SDO
[2026-06-25T19:16:30] PARAM test_link=LI_10GbE_aggregation_backhaul
[2026-06-25T19:16:30] METRIC object_size_bytes=298.7
[2026-06-25T19:16:30] METRIC link_bandwidth_gbps=10.0
[2026-06-25T19:16:30] METRIC throughput_gbps=1.2789
[2026-06-25T19:16:30] METRIC latency_ms=1.2873
[2026-06-25T19:16:30] METRIC cpu_util_pct=46.46
[2026-06-25T19:16:30] RUN_END status=OK
[2026-06-25T19:18:11] RUN_START run_id=SDO_NFD_150
[2026-06-25T19:18:11] PARAM implementation=NFD
[2026-06-25T19:18:11] PARAM workload_type=SDO
[2026-06-25T19:18:11] PARAM test_link=LI_10GbE_aggregation_backhaul
[2026-06-25T19:18:11] METRIC object_size_bytes=1652.3
[2026-06-25T19:18:11] METRIC link_bandwidth_gbps=10.0
[2026-06-25T19:18:11] METRIC throughput_gbps=1.2282
[2026-06-25T19:18:11] METRIC latency_ms=1.3168
[2026-06-25T19:18:11] METRIC cpu_util_pct=46.13
[2026-06-25T19:18:11] RUN_END status=OK
