[2026-04-27T20:46:24] RUN_START run_id=LDO_PythonNDN_117
[2026-04-27T20:46:24] PARAM implementation=PythonNDN
[2026-04-27T20:46:24] PARAM workload_type=LDO
[2026-04-27T20:46:24] PARAM test_link=LI_10GbE_aggregation_backhaul
[2026-04-27T20:46:24] METRIC object_size_bytes=2889252.5
[2026-04-27T20:46:24] METRIC link_bandwidth_gbps=10.0
[2026-04-27T20:46:24] METRIC throughput_gbps=0.7896
[2026-04-27T20:46:24] METRIC latency_ms=152.9933
[2026-04-27T20:46:24] METRIC cpu_util_pct=90.7
[2026-04-27T20:46:24] RUN_END status=OK
[2026-04-27T20:47:32] RUN_START run_id=LDO_PythonNDN_118
[2026-04-27T20:47:32] PARAM implementation=PythonNDN
[2026-04-27T20:47:32] PARAM workload_type=LDO
[2026-04-27T20:47:32] PARAM test_link=LI_10GbE_aggregation_backhaul
[2026-04-27T20:47:32] METRIC object_size_bytes=2803794.0
[2026-04-27T20:47:32] METRIC link_bandwidth_gbps=10.0
[2026-04-27T20:47:32] METRIC throughput_gbps=0.7887
[2026-04-27T20:47:32] METRIC latency_ms=155.1951
[2026-04-27T20:47:32] METRIC cpu_util_pct=92.07
[2026-04-27T20:47:32] RUN_END status=OK
[2026-04-27T20:48:39] RUN_START run_id=LDO_PythonNDN_119
[2026-04-27T20:48:39] PARAM implementation=PythonNDN
[2026-04-27T20:48:39] PARAM workload_type=LDO
[2026-04-27T20:48:39] PARAM test_link=LI_10GbE_aggregation_backhaul
[2026-04-27T20:48:39] METRIC object_size_bytes=2929919.6
[2026-04-27T20:48:39] METRIC link_bandwidth_gbps=10.0
[2026-04-27T20:48:39] METRIC throughput_gbps=0.7658
[2026-04-27T20:48:39] METRIC latency_ms=143.372
[2026-04-27T20:48:39] METRIC cpu_util_pct=93.52
[2026-04-27T20:48:39] RUN_END status=OK
[2026-04-27T20:49:24] RUN_START run_id=LDO_PythonNDN_120
[2026-04-27T20:49:24] PARAM implementation=PythonNDN
[2026-04-27T20:49:24] PARAM workload_type=LDO
[2026-04-27T20:49:24] PARAM test_link=LI_10GbE_aggregation_backhaul
[2026-04-27T20:49:24] METRIC object_size_bytes=1321306.2
[2026-04-27T20:49:24] METRIC link_bandwidth_gbps=10.0
[2026-04-27T20:49:24] METRIC throughput_gbps=0.8098
[2026-04-27T20:49:24] METRIC latency_ms=148.5139
[2026-04-27T20:49:24] METRIC cpu_util_pct=93.68
[2026-04-27T20:49:24] RUN_END status=OK
[2026-04-27T20:50:53] RUN_START run_id=LDO_PythonNDN_121
[2026-04-27T20:50:53] PARAM implementation=PythonNDN
[2026-04-27T20:50:53] PARAM workload_type=LDO
[2026-04-27T20:50:53] PARAM test_link=LI_10GbE_aggregation_backhaul
[2026-04-27T20:50:53] METRIC object_size_bytes=3770512.9
[2026-04-27T20:50:53] METRIC link_bandwidth_gbps=10.0
[2026-04-27T20:50:53] METRIC throughput_gbps=0.7564
[2026-04-27T20:50:53] METRIC latency_ms=152.7093
[2026-04-27T20:50:53] METRIC cpu_util_pct=84.25
[2026-04-27T20:50:53] RUN_END status=OK
[2026-04-27T20:52:12] RUN_START run_id=LDO_PythonNDN_122
[2026-04-27T20:52:12] PARAM implementation=PythonNDN
[2026-04-27T20:52:12] PARAM workload_type=LDO
[2026-04-27T20:52:12] PARAM test_link=LI_10GbE_aggregation_backhaul
[2026-04-27T20:52:12] METRIC object_size_bytes=1145273.5
[2026-04-27T20:52:12] METRIC link_bandwidth_gbps=10.0
[2026-04-27T20:52:12] METRIC throughput_gbps=0.769
[2026-04-27T20:52:12] METRIC latency_ms=135.0307
[2026-04-27T20:52:12] METRIC cpu_util_pct=84.69
[2026-04-27T20:52:12] RUN_END status=OK
[2026-04-27T20:52:45] RUN_START run_id=LDO_PythonNDN_123
[2026-04-27T20:52:45] PARAM implementation=PythonNDN
[2026-04-27T20:52:45] PARAM workload_type=LDO
[2026-04-27T20:52:45] PARAM test_link=LI_10GbE_aggregation_backhaul
[2026-04-27T20:52:45] METRIC object_size_bytes=1873320.5
[2026-04-27T20:52:45] METRIC link_bandwidth_gbps=10.0
[2026-04-27T20:52:45] METRIC throughput_gbps=0.8073
[2026-04-27T20:52:45] METRIC latency_ms=148.211
[2026-04-27T20:52:45] METRIC cpu_util_pct=95.26
[2026-04-27T20:52:45] RUN_END status=OK
[2026-04-27T20:53:18] RUN_START run_id=LDO_PythonNDN_124
[2026-04-27T20:53:18] PARAM implementation=PythonNDN
[2026-04-27T20:53:18] PARAM workload_type=LDO
[2026-04-27T20:53:18] PARAM test_link=LI_10GbE_aggregation_backhaul
[2026-04-27T20:53:18] METRIC object_size_bytes=4988522.6
[2026-04-27T20:53:18] METRIC link_bandwidth_gbps=10.0
[2026-04-27T20:53:18] METRIC throughput_gbps=0.7319
[2026-04-27T20:53:18] METRIC latency_ms=151.8184
[2026-04-27T20:53:18] METRIC cpu_util_pct=90.23
[2026-04-27T20:53:18] RUN_END status=OK
[2026-04-27T20:57:16] RUN_START run_id=LDO_PythonNDN_125
[2026-04-27T20:57:16] PARAM implementation=PythonNDN
[2026-04-27T20:57:16] PARAM workload_type=LDO
[2026-04-27T20:57:16] PARAM test_link=LI_10GbE_aggregation_backhaul
[2026-04-27T20:57:16] METRIC object_size_bytes=3557131.6
[2026-04-27T20:57:16] METRIC link_bandwidth_gbps=10.0
[2026-04-27T20:57:16] METRIC throughput_gbps=0.7612
[2026-04-27T20:57:16] METRIC latency_ms=160.3679
[2026-04-27T20:57:16] METRIC cpu_util_pct=86.82
[2026-04-27T20:57:16] RUN_END status=OK
[2026-04-27T20:59:25] RUN_START run_id=LDO_PythonNDN_126
[2026-04-27T20:59:25] PARAM implementation=PythonNDN
[2026-04-27T20:59:25] PARAM workload_type=LDO
[2026-04-27T20:59:25] PARAM test_link=LI_10GbE_aggregation_backhaul
[2026-04-27T20:59:25] METRIC object_size_bytes=4156373.9
[2026-04-27T20:59:25] METRIC link_bandwidth_gbps=10.0
[2026-04-27T20:59:25] METRIC throughput_gbps=0.7868
[2026-04-27T20:59:25] METRIC latency_ms=153.5378
[2026-04-27T20:59:25] METRIC cpu_util_pct=87.8
[2026-04-27T20:59:25] RUN_END status=OK
[2026-04-27T21:00:48] RUN_START run_id=LDO_PythonNDN_127
[2026-04-27T21:00:48] PARAM implementation=PythonNDN
[2026-04-27T21:00:48] PARAM workload_type=LDO
[2026-04-27T21:00:48] PARAM test_link=LI_10GbE_aggregation_backhaul
[2026-04-27T21:00:48] METRIC object_size_bytes=4173390.2
[2026-04-27T21:00:48] METRIC link_bandwidth_gbps=10.0
[2026-04-27T21:00:48] METRIC throughput_gbps=0.7878
[2026-04-27T21:00:48] METRIC latency_ms=155.9778
[2026-04-27T21:00:48] METRIC cpu_util_pct=87.93
[2026-04-27T21:00:48] RUN_END status=OK
[2026-04-27T21:02:07] RUN_START run_id=LDO_PythonNDN_128
[2026-04-27T21:02:07] PARAM implementation=PythonNDN
[2026-04-27T21:02:07] PARAM workload_type=LDO
[2026-04-27T21:02:07] PARAM test_link=LI_10GbE_aggregation_backhaul
[2026-04-27T21:02:07] METRIC object_size_bytes=4344752.4
[2026-04-27T21:02:07] METRIC link_bandwidth_gbps=10.0
[2026-04-27T21:02:07] METRIC throughput_gbps=0.7452
[2026-04-27T21:02:07] METRIC latency_ms=168.4976
[2026-04-27T21:02:07] METRIC cpu_util_pct=94.01
[2026-04-27T21:02:07] RUN_END status=OK
[2026-04-27T21:05:10] RUN_START run_id=LDO_PythonNDN_129
[2026-04-27T21:05:10] PARAM implementation=PythonNDN
[2026-04-27T21:05:10] PARAM workload_type=LDO
[2026-04-27T21:05:10] PARAM test_link=LI_10GbE_aggregation_backhaul
[2026-04-27T21:05:10] METRIC object_size_bytes=4079811.0
[2026-04-27T21:05:10] METRIC link_bandwidth_gbps=10.0
[2026-04-27T21:05:10] METRIC throughput_gbps=0.7993
[2026-04-27T21:05:10] METRIC latency_ms=145.8049
[2026-04-27T21:05:10] METRIC cpu_util_pct=86.13
[2026-04-27T21:05:10] RUN_END status=OK
[2026-04-27T21:08:36] RUN_START run_id=LDO_PythonNDN_130
[2026-04-27T21:08:36] PARAM implementation=PythonNDN
[2026-04-27T21:08:36] PARAM workload_type=LDO
[2026-04-27T21:08:36] PARAM test_link=LI_10GbE_aggregation_backhaul
[2026-04-27T21:08:36] METRIC object_size_bytes=2106639.3
[2026-04-27T21:08:36] METRIC link_bandwidth_gbps=10.0
[2026-04-27T21:08:36] METRIC throughput_gbps=0.7835
[2026-04-27T21:08:36] METRIC latency_ms=135.0497
[2026-04-27T21:08:36] METRIC cpu_util_pct=100.0
[2026-04-27T21:08:36] RUN_END status=OK
