[2026-04-25T13:00:01] RUN_START run_id=LDO_PythonNDN_038
[2026-04-25T13:00:01] PARAM implementation=PythonNDN
[2026-04-25T13:00:01] PARAM workload_type=LDO
[2026-04-25T13:00:01] PARAM test_link=LI_10GbE_aggregation_backhaul
[2026-04-25T13:00:01] METRIC object_size_bytes=2284640.1
[2026-04-25T13:00:01] METRIC link_bandwidth_gbps=10.0
[2026-04-25T13:00:01] METRIC throughput_gbps=0.7727
[2026-04-25T13:00:01] METRIC latency_ms=149.5451
[2026-04-25T13:00:01] METRIC cpu_util_pct=90.06
[2026-04-25T13:00:01] RUN_END status=OK
[2026-04-25T13:00:13] RUN_START run_id=LDO_PythonNDN_039
[2026-04-25T13:00:13] PARAM implementation=PythonNDN
[2026-04-25T13:00:13] PARAM workload_type=LDO
[2026-04-25T13:00:13] PARAM test_link=LI_10GbE_aggregation_backhaul
[2026-04-25T13:00:13] METRIC object_size_bytes=4334465.7
[2026-04-25T13:00:13] METRIC link_bandwidth_gbps=10.0
[2026-04-25T13:00:13] METRIC throughput_gbps=0.7868
[2026-04-25T13:00:13] METRIC latency_ms=167.2738
[2026-04-25T13:00:13] METRIC cpu_util_pct=91.41
[2026-04-25T13:00:13] RUN_END status=OK
[2026-04-25T13:01:31] RUN_START run_id=LDO_PythonNDN_040
[2026-04-25T13:01:31] PARAM implementation=PythonNDN
[2026-04-25T13:01:31] PARAM workload_type=LDO
[2026-04-25T13:01:31] PARAM test_link=LI_10GbE_aggregation_backhaul
[2026-04-25T13:01:31] METRIC object_size_bytes=4885920.1
[2026-04-25T13:01:31] METRIC link_bandwidth_gbps=10.0
[2026-04-25T13:01:31] METRIC throughput_gbps=0.776
[2026-04-25T13:01:31] METRIC latency_ms=154.3001
[2026-04-25T13:01:31] METRIC cpu_util_pct=92.33
[2026-04-25T13:01:31] RUN_END status=OK
[2026-04-25T13:02:17] RUN_START run_id=LDO_PythonNDN_041
[2026-04-25T13:02:17] PARAM implementation=PythonNDN
[2026-04-25T13:02:17] PARAM workload_type=LDO
[2026-04-25T13:02:17] PARAM test_link=LI_10GbE_aggregation_backhaul
[2026-04-25T13:02:17] METRIC object_size_bytes=3829108.3
[2026-04-25T13:02:17] METRIC link_bandwidth_gbps=10.0
[2026-04-25T13:02:17] METRIC throughput_gbps=0.759
[2026-04-25T13:02:17] METRIC latency_ms=158.4966
[2026-04-25T13:02:17] METRIC cpu_util_pct=92.35
[2026-04-25T13:02:17] RUN_END status=OK
[2026-04-25T13:05:24] RUN_START run_id=LDO_PythonNDN_042
[2026-04-25T13:05:24] PARAM implementation=PythonNDN
[2026-04-25T13:05:24] PARAM workload_type=LDO
[2026-04-25T13:05:24] PARAM test_link=LI_10GbE_aggregation_backhaul
[2026-04-25T13:05:24] METRIC object_size_bytes=2712400.3
[2026-04-25T13:05:24] METRIC link_bandwidth_gbps=10.0
[2026-04-25T13:05:24] METRIC throughput_gbps=0.8194
[2026-04-25T13:05:24] METRIC latency_ms=171.7983
[2026-04-25T13:05:24] METRIC cpu_util_pct=97.7
[2026-04-25T13:05:24] RUN_END status=OK
[2026-04-25T13:06:28] RUN_START run_id=LDO_PythonNDN_043
[2026-04-25T13:06:28] PARAM implementation=PythonNDN
[2026-04-25T13:06:28] PARAM workload_type=LDO
[2026-04-25T13:06:28] PARAM test_link=LI_10GbE_aggregation_backhaul
[2026-04-25T13:06:28] METRIC object_size_bytes=4068979.9
[2026-04-25T13:06:28] METRIC link_bandwidth_gbps=10.0
[2026-04-25T13:06:28] METRIC throughput_gbps=0.7807
[2026-04-25T13:06:28] METRIC latency_ms=154.8379
[2026-04-25T13:06:28] METRIC cpu_util_pct=95.53
[2026-04-25T13:06:28] RUN_END status=OK
[2026-04-25T13:11:41] RUN_START run_id=LDO_PythonNDN_044
[2026-04-25T13:11:41] PARAM implementation=PythonNDN
[2026-04-25T13:11:41] PARAM workload_type=LDO
[2026-04-25T13:11:41] PARAM test_link=LI_10GbE_aggregation_backhaul
[2026-04-25T13:11:41] METRIC object_size_bytes=3255361.3
[2026-04-25T13:11:41] METRIC link_bandwidth_gbps=10.0
[2026-04-25T13:11:41] METRIC throughput_gbps=0.75
[2026-04-25T13:11:41] METRIC latency_ms=168.5212
[2026-04-25T13:11:41] METRIC cpu_util_pct=93.99
[2026-04-25T13:11:41] RUN_END status=OK
[2026-04-25T13:13:49] RUN_START run_id=LDO_PythonNDN_045
[2026-04-25T13:13:49] PARAM implementation=PythonNDN
[2026-04-25T13:13:49] PARAM workload_type=LDO
[2026-04-25T13:13:49] PARAM test_link=LI_10GbE_aggregation_backhaul
[2026-04-25T13:13:49] METRIC object_size_bytes=3174929.3
[2026-04-25T13:13:49] METRIC link_bandwidth_gbps=10.0
[2026-04-25T13:13:49] METRIC throughput_gbps=0.8169
[2026-04-25T13:13:49] METRIC latency_ms=157.0107
[2026-04-25T13:13:49] METRIC cpu_util_pct=91.81
[2026-04-25T13:13:49] RUN_END status=OK
[2026-04-25T13:16:46] RUN_START run_id=LDO_PythonNDN_046
[2026-04-25T13:16:46] PARAM implementation=PythonNDN
[2026-04-25T13:16:46] PARAM workload_type=LDO
[2026-04-25T13:16:46] PARAM test_link=LI_10GbE_aggregation_backhaul
[2026-04-25T13:16:46] METRIC object_size_bytes=3671652.3
[2026-04-25T13:16:46] METRIC link_bandwidth_gbps=10.0
[2026-04-25T13:16:46] METRIC throughput_gbps=0.8009
[2026-04-25T13:16:46] METRIC latency_ms=168.181
[2026-04-25T13:16:46] METRIC cpu_util_pct=90.03
[2026-04-25T13:16:46] RUN_END status=OK
[2026-04-25T13:17:37] RUN_START run_id=LDO_PythonNDN_047
[2026-04-25T13:17:37] PARAM implementation=PythonNDN
[2026-04-25T13:17:37] PARAM workload_type=LDO
[2026-04-25T13:17:37] PARAM test_link=LI_10GbE_aggregation_backhaul
[2026-04-25T13:17:37] METRIC object_size_bytes=3873165.0
[2026-04-25T13:17:37] METRIC link_bandwidth_gbps=10.0
[2026-04-25T13:17:37] METRIC throughput_gbps=0.8025
[2026-04-25T13:17:37] METRIC latency_ms=159.578
[2026-04-25T13:17:37] METRIC cpu_util_pct=98.35
[2026-04-25T13:17:37] RUN_END status=OK
[2026-04-25T13:19:35] RUN_START run_id=LDO_PythonNDN_048
[2026-04-25T13:19:35] PARAM implementation=PythonNDN
[2026-04-25T13:19:35] PARAM workload_type=LDO
[2026-04-25T13:19:35] PARAM test_link=LI_10GbE_aggregation_backhaul
[2026-04-25T13:19:35] METRIC object_size_bytes=2351496.9
[2026-04-25T13:19:35] METRIC link_bandwidth_gbps=10.0
[2026-04-25T13:19:35] METRIC throughput_gbps=0.8262
[2026-04-25T13:19:35] METRIC latency_ms=161.364
[2026-04-25T13:19:35] METRIC cpu_util_pct=93.54
[2026-04-25T13:19:35] RUN_END status=OK
[2026-04-25T13:23:06] RUN_START run_id=LDO_PythonNDN_049
[2026-04-25T13:23:06] PARAM implementation=PythonNDN
[2026-04-25T13:23:06] PARAM workload_type=LDO
[2026-04-25T13:23:06] PARAM test_link=LI_10GbE_aggregation_backhaul
[2026-04-25T13:23:06] METRIC object_size_bytes=3385178.7
[2026-04-25T13:23:06] METRIC link_bandwidth_gbps=10.0
[2026-04-25T13:23:06] METRIC throughput_gbps=0.7434
[2026-04-25T13:23:06] METRIC latency_ms=146.3124
[2026-04-25T13:23:06] METRIC cpu_util_pct=96.63
[2026-04-25T13:23:06] RUN_END status=OK
[2026-04-25T13:25:40] RUN_START run_id=LDO_PythonNDN_050
[2026-04-25T13:25:40] PARAM implementation=PythonNDN
[2026-04-25T13:25:40] PARAM workload_type=LDO
[2026-04-25T13:25:40] PARAM test_link=LI_10GbE_aggregation_backhaul
[2026-04-25T13:25:40] METRIC object_size_bytes=4308888.3
[2026-04-25T13:25:40] METRIC link_bandwidth_gbps=10.0
[2026-04-25T13:25:40] METRIC throughput_gbps=0.7873
[2026-04-25T13:25:40] METRIC latency_ms=180.4691
[2026-04-25T13:25:40] METRIC cpu_util_pct=88.31
[2026-04-25T13:25:40] RUN_END status=OK
[2026-04-25T23:14:29] RUN_START run_id=LDO_PythonNDN_051
[2026-04-25T23:14:29] PARAM implementation=PythonNDN
[2026-04-25T23:14:29] PARAM workload_type=LDO
[2026-04-25T23:14:29] PARAM test_link=LI_10GbE_aggregation_backhaul
[2026-04-25T23:14:29] METRIC object_size_bytes=3806835.2
[2026-04-25T23:14:29] METRIC link_bandwidth_gbps=10.0
[2026-04-25T23:14:29] METRIC throughput_gbps=0.7971
[2026-04-25T23:14:29] METRIC latency_ms=146.3685
[2026-04-25T23:14:29] METRIC cpu_util_pct=82.37
[2026-04-25T23:14:29] RUN_END status=OK
[2026-04-25T23:17:44] RUN_START run_id=LDO_PythonNDN_052
[2026-04-25T23:17:44] PARAM implementation=PythonNDN
[2026-04-25T23:17:44] PARAM workload_type=LDO
[2026-04-25T23:17:44] PARAM test_link=LI_10GbE_aggregation_backhaul
[2026-04-25T23:17:44] METRIC object_size_bytes=1572784.3
[2026-04-25T23:17:44] METRIC link_bandwidth_gbps=10.0
[2026-04-25T23:17:44] METRIC throughput_gbps=0.7174
[2026-04-25T23:17:44] METRIC latency_ms=147.7459
[2026-04-25T23:17:44] METRIC cpu_util_pct=81.59
[2026-04-25T23:17:44] RUN_END status=OK
[2026-04-25T23:19:37] RUN_START run_id=LDO_PythonNDN_053
[2026-04-25T23:19:37] PARAM implementation=PythonNDN
[2026-04-25T23:19:37] PARAM workload_type=LDO
[2026-04-25T23:19:37] PARAM test_link=LI_10GbE_aggregation_backhaul
[2026-04-25T23:19:37] METRIC object_size_bytes=2987832.1
[2026-04-25T23:19:37] METRIC link_bandwidth_gbps=10.0
[2026-04-25T23:19:37] METRIC throughput_gbps=0.7874
[2026-04-25T23:19:37] METRIC latency_ms=133.4559
[2026-04-25T23:19:37] METRIC cpu_util_pct=90.05
[2026-04-25T23:19:37] RUN_END status=OK
[2026-04-25T23:23:36] RUN_START run_id=LDO_PythonNDN_054
[2026-04-25T23:23:36] PARAM implementation=PythonNDN
[2026-04-25T23:23:36] PARAM workload_type=LDO
[2026-04-25T23:23:36] PARAM test_link=LI_10GbE_aggregation_backhaul
[2026-04-25T23:23:36] METRIC object_size_bytes=1112203.2
[2026-04-25T23:23:36] METRIC link_bandwidth_gbps=10.0
[2026-04-25T23:23:36] METRIC throughput_gbps=0.7849
[2026-04-25T23:23:36] METRIC latency_ms=147.0884
[2026-04-25T23:23:36] METRIC cpu_util_pct=95.39
[2026-04-25T23:23:36] RUN_END status=OK
[2026-04-25T23:24:18] RUN_START run_id=LDO_PythonNDN_055
[2026-04-25T23:24:18] PARAM implementation=PythonNDN
[2026-04-25T23:24:18] PARAM workload_type=LDO
[2026-04-25T23:24:18] PARAM test_link=LI_10GbE_aggregation_backhaul
[2026-04-25T23:24:18] METRIC object_size_bytes=3979736.5
[2026-04-25T23:24:18] METRIC link_bandwidth_gbps=10.0
[2026-04-25T23:24:18] METRIC throughput_gbps=0.7594
[2026-04-25T23:24:18] METRIC latency_ms=162.8802
[2026-04-25T23:24:18] METRIC cpu_util_pct=84.19
[2026-04-25T23:24:18] RUN_END status=OK
[2026-04-25T23:29:18] RUN_START run_id=LDO_PythonNDN_056
[2026-04-25T23:29:18] PARAM implementation=PythonNDN
[2026-04-25T23:29:18] PARAM workload_type=LDO
[2026-04-25T23:29:18] PARAM test_link=LI_10GbE_aggregation_backhaul
[2026-04-25T23:29:18] METRIC object_size_bytes=2890644.9
[2026-04-25T23:29:18] METRIC link_bandwidth_gbps=10.0
[2026-04-25T23:29:18] METRIC throughput_gbps=0.766
[2026-04-25T23:29:18] METRIC latency_ms=158.2904
[2026-04-25T23:29:18] METRIC cpu_util_pct=92.11
[2026-04-25T23:29:18] RUN_END status=OK
