[2026-05-29T16:42:42] RUN_START run_id=SDO_CCNlite_084
[2026-05-29T16:42:42] PARAM implementation=CCNlite
[2026-05-29T16:42:42] PARAM workload_type=SDO
[2026-05-29T16:42:42] PARAM test_link=LI_10GbE_aggregation_backhaul
[2026-05-29T16:42:42] METRIC object_size_bytes=638.2
[2026-05-29T16:42:42] METRIC link_bandwidth_gbps=10.0
[2026-05-29T16:42:42] METRIC throughput_gbps=1.2122
[2026-05-29T16:42:42] METRIC latency_ms=1.3175
[2026-05-29T16:42:42] METRIC cpu_util_pct=52.4
[2026-05-29T16:42:42] RUN_END status=OK
[2026-05-29T16:46:14] RUN_START run_id=SDO_CCNlite_085
[2026-05-29T16:46:14] PARAM implementation=CCNlite
[2026-05-29T16:46:14] PARAM workload_type=SDO
[2026-05-29T16:46:14] PARAM test_link=LI_10GbE_aggregation_backhaul
[2026-05-29T16:46:14] METRIC object_size_bytes=134.9
[2026-05-29T16:46:14] METRIC link_bandwidth_gbps=10.0
[2026-05-29T16:46:14] METRIC throughput_gbps=1.0886
[2026-05-29T16:46:14] METRIC latency_ms=1.2131
[2026-05-29T16:46:14] METRIC cpu_util_pct=54.25
[2026-05-29T16:46:14] RUN_END status=OK
[2026-05-29T16:49:16] RUN_START run_id=SDO_CCNlite_086
[2026-05-29T16:49:16] PARAM implementation=CCNlite
[2026-05-29T16:49:16] PARAM workload_type=SDO
[2026-05-29T16:49:16] PARAM test_link=LI_10GbE_aggregation_backhaul
[2026-05-29T16:49:16] METRIC object_size_bytes=1286.1
[2026-05-29T16:49:16] METRIC link_bandwidth_gbps=10.0
[2026-05-29T16:49:16] METRIC throughput_gbps=1.0517
[2026-05-29T16:49:16] METRIC latency_ms=1.2089
[2026-05-29T16:49:16] METRIC cpu_util_pct=50.76
[2026-05-29T16:49:16] RUN_END status=OK
[2026-05-29T16:51:59] RUN_START run_id=SDO_CCNlite_087
[2026-05-29T16:51:59] PARAM implementation=CCNlite
[2026-05-29T16:51:59] PARAM workload_type=SDO
[2026-05-29T16:51:59] PARAM test_link=LI_10GbE_aggregation_backhaul
[2026-05-29T16:51:59] METRIC object_size_bytes=1822.3
[2026-05-29T16:51:59] METRIC link_bandwidth_gbps=10.0
[2026-05-29T16:51:59] METRIC throughput_gbps=1.1129
[2026-05-29T16:51:59] METRIC latency_ms=1.3323
[2026-05-29T16:51:59] METRIC cpu_util_pct=53.47
[2026-05-29T16:51:59] RUN_END status=OK
[2026-05-29T16:55:23] RUN_START run_id=SDO_CCNlite_088
[2026-05-29T16:55:23] PARAM implementation=CCNlite
[2026-05-29T16:55:23] PARAM workload_type=SDO
[2026-05-29T16:55:23] PARAM test_link=LI_10GbE_aggregation_backhaul
[2026-05-29T16:55:23] METRIC object_size_bytes=1861.5
[2026-05-29T16:55:23] METRIC link_bandwidth_gbps=10.0
[2026-05-29T16:55:23] METRIC throughput_gbps=1.1744
[2026-05-29T16:55:23] METRIC latency_ms=1.1721
[2026-05-29T16:55:23] METRIC cpu_util_pct=49.56
[2026-05-29T16:55:23] RUN_END status=OK
[2026-05-29T16:56:24] RUN_START run_id=SDO_CCNlite_089
[2026-05-29T16:56:24] PARAM implementation=CCNlite
[2026-05-29T16:56:24] PARAM workload_type=SDO
[2026-05-29T16:56:24] PARAM test_link=LI_10GbE_aggregation_backhaul
[2026-05-29T16:56:24] METRIC object_size_bytes=227.6
[2026-05-29T16:56:24] METRIC link_bandwidth_gbps=10.0
[2026-05-29T16:56:24] METRIC throughput_gbps=1.0954
[2026-05-29T16:56:24] METRIC latency_ms=1.2246
[2026-05-29T16:56:24] METRIC cpu_util_pct=50.15
[2026-05-29T16:56:24] RUN_END status=OK
[2026-05-29T16:57:14] RUN_START run_id=SDO_CCNlite_090
[2026-05-29T16:57:14] PARAM implementation=CCNlite
[2026-05-29T16:57:14] PARAM workload_type=SDO
[2026-05-29T16:57:14] PARAM test_link=LI_10GbE_aggregation_backhaul
[2026-05-29T16:57:14] METRIC object_size_bytes=174.0
[2026-05-29T16:57:14] METRIC link_bandwidth_gbps=10.0
[2026-05-29T16:57:14] METRIC throughput_gbps=1.0865
[2026-05-29T16:57:14] METRIC latency_ms=1.3014
[2026-05-29T16:57:14] METRIC cpu_util_pct=52.97
[2026-05-29T16:57:14] RUN_END status=OK
[2026-05-29T16:58:46] RUN_START run_id=SDO_CCNlite_091
[2026-05-29T16:58:46] PARAM implementation=CCNlite
[2026-05-29T16:58:46] PARAM workload_type=SDO
[2026-05-29T16:58:46] PARAM test_link=LI_10GbE_aggregation_backhaul
[2026-05-29T16:58:46] METRIC object_size_bytes=880.4
[2026-05-29T16:58:46] METRIC link_bandwidth_gbps=10.0
[2026-05-29T16:58:46] METRIC throughput_gbps=1.1519
[2026-05-29T16:58:46] METRIC latency_ms=1.2429
[2026-05-29T16:58:46] METRIC cpu_util_pct=56.23
[2026-05-29T16:58:46] RUN_END status=OK
[2026-05-29T17:01:20] RUN_START run_id=SDO_CCNlite_092
[2026-05-29T17:01:20] PARAM implementation=CCNlite
[2026-05-29T17:01:20] PARAM workload_type=SDO
[2026-05-29T17:01:20] PARAM test_link=LI_10GbE_aggregation_backhaul
[2026-05-29T17:01:20] METRIC object_size_bytes=1373.1
[2026-05-29T17:01:20] METRIC link_bandwidth_gbps=10.0
[2026-05-29T17:01:20] METRIC throughput_gbps=1.1311
[2026-05-29T17:01:20] METRIC latency_ms=1.2697
[2026-05-29T17:01:20] METRIC cpu_util_pct=47.81
[2026-05-29T17:01:20] RUN_END status=OK
[2026-05-29T17:04:30] RUN_START run_id=SDO_CCNlite_093
[2026-05-29T17:04:30] PARAM implementation=CCNlite
[2026-05-29T17:04:30] PARAM workload_type=SDO
[2026-05-29T17:04:30] PARAM test_link=LI_10GbE_aggregation_backhaul
[2026-05-29T17:04:30] METRIC object_size_bytes=1955.7
[2026-05-29T17:04:30] METRIC link_bandwidth_gbps=10.0
[2026-05-29T17:04:30] METRIC throughput_gbps=1.1352
[2026-05-29T17:04:30] METRIC latency_ms=1.1427
[2026-05-29T17:04:30] METRIC cpu_util_pct=53.62
[2026-05-29T17:04:30] RUN_END status=OK
[2026-05-29T17:05:54] RUN_START run_id=SDO_CCNlite_094
[2026-05-29T17:05:54] PARAM implementation=CCNlite
[2026-05-29T17:05:54] PARAM workload_type=SDO
[2026-05-29T17:05:54] PARAM test_link=LI_10GbE_aggregation_backhaul
[2026-05-29T17:05:54] METRIC object_size_bytes=951.8
[2026-05-29T17:05:54] METRIC link_bandwidth_gbps=10.0
[2026-05-29T17:05:54] METRIC throughput_gbps=1.1174
[2026-05-29T17:05:54] METRIC latency_ms=1.0935
[2026-05-29T17:05:54] METRIC cpu_util_pct=45.9
[2026-05-29T17:05:54] RUN_END status=OK
[2026-05-29T17:07:38] RUN_START run_id=SDO_CCNlite_095
[2026-05-29T17:07:38] PARAM implementation=CCNlite
[2026-05-29T17:07:38] PARAM workload_type=SDO
[2026-05-29T17:07:38] PARAM test_link=LI_10GbE_aggregation_backhaul
[2026-05-29T17:07:38] METRIC object_size_bytes=1964.0
[2026-05-29T17:07:38] METRIC link_bandwidth_gbps=10.0
[2026-05-29T17:07:38] METRIC throughput_gbps=1.0717
[2026-05-29T17:07:38] METRIC latency_ms=1.2889
[2026-05-29T17:07:38] METRIC cpu_util_pct=50.37
[2026-05-29T17:07:38] RUN_END status=OK
[2026-05-29T17:11:07] RUN_START run_id=SDO_CCNlite_096
[2026-05-29T17:11:07] PARAM implementation=CCNlite
[2026-05-29T17:11:07] PARAM workload_type=SDO
[2026-05-29T17:11:07] PARAM test_link=LI_10GbE_aggregation_backhaul
[2026-05-29T17:11:07] METRIC object_size_bytes=810.6
[2026-05-29T17:11:07] METRIC link_bandwidth_gbps=10.0
[2026-05-29T17:11:07] METRIC throughput_gbps=1.2248
[2026-05-29T17:11:07] METRIC latency_ms=1.2871
[2026-05-29T17:11:07] METRIC cpu_util_pct=48.74
[2026-05-29T17:11:07] RUN_END status=OK
