[2026-04-16T05:52:11] RUN_START run_id=MDO_NFD_030
[2026-04-16T05:52:11] PARAM implementation=NFD
[2026-04-16T05:52:11] PARAM workload_type=MDO
[2026-04-16T05:52:11] PARAM test_link=LI_10GbE_aggregation_backhaul
[2026-04-16T05:52:11] METRIC object_size_bytes=416440.3
[2026-04-16T05:52:11] METRIC link_bandwidth_gbps=10.0
[2026-04-16T05:52:11] METRIC throughput_gbps=2.9394
[2026-04-16T05:52:11] METRIC latency_ms=16.8882
[2026-04-16T05:52:11] METRIC cpu_util_pct=48.1
[2026-04-16T05:52:11] RUN_END status=OK
[2026-04-16T05:54:49] RUN_START run_id=MDO_NFD_031
[2026-04-16T05:54:49] PARAM implementation=NFD
[2026-04-16T05:54:49] PARAM workload_type=MDO
[2026-04-16T05:54:49] PARAM test_link=LI_10GbE_aggregation_backhaul
[2026-04-16T05:54:49] METRIC object_size_bytes=311617.9
[2026-04-16T05:54:49] METRIC link_bandwidth_gbps=10.0
[2026-04-16T05:54:49] METRIC throughput_gbps=2.9596
[2026-04-16T05:54:49] METRIC latency_ms=18.2096
[2026-04-16T05:54:49] METRIC cpu_util_pct=54.88
[2026-04-16T05:54:49] RUN_END status=OK
[2026-04-16T05:57:57] RUN_START run_id=MDO_NFD_032
[2026-04-16T05:57:57] PARAM implementation=NFD
[2026-04-16T05:57:57] PARAM workload_type=MDO
[2026-04-16T05:57:57] PARAM test_link=LI_10GbE_aggregation_backhaul
[2026-04-16T05:57:57] METRIC object_size_bytes=449069.0
[2026-04-16T05:57:57] METRIC link_bandwidth_gbps=10.0
[2026-04-16T05:57:57] METRIC throughput_gbps=2.79
[2026-04-16T05:57:57] METRIC latency_ms=16.552
[2026-04-16T05:57:57] METRIC cpu_util_pct=54.39
[2026-04-16T05:57:57] RUN_END status=OK
[2026-04-16T05:59:48] RUN_START run_id=MDO_NFD_033
[2026-04-16T05:59:48] PARAM implementation=NFD
[2026-04-16T05:59:48] PARAM workload_type=MDO
[2026-04-16T05:59:48] PARAM test_link=LI_10GbE_aggregation_backhaul
[2026-04-16T05:59:48] METRIC object_size_bytes=208078.4
[2026-04-16T05:59:48] METRIC link_bandwidth_gbps=10.0
[2026-04-16T05:59:48] METRIC throughput_gbps=2.9604
[2026-04-16T05:59:48] METRIC latency_ms=15.7007
[2026-04-16T05:59:48] METRIC cpu_util_pct=49.61
[2026-04-16T05:59:48] RUN_END status=OK
[2026-04-16T06:02:05] RUN_START run_id=MDO_NFD_034
[2026-04-16T06:02:05] PARAM implementation=NFD
[2026-04-16T06:02:05] PARAM workload_type=MDO
[2026-04-16T06:02:05] PARAM test_link=LI_10GbE_aggregation_backhaul
[2026-04-16T06:02:05] METRIC object_size_bytes=437351.1
[2026-04-16T06:02:05] METRIC link_bandwidth_gbps=10.0
[2026-04-16T06:02:05] METRIC throughput_gbps=3.0529
[2026-04-16T06:02:05] METRIC latency_ms=14.2646
[2026-04-16T06:02:05] METRIC cpu_util_pct=56.83
[2026-04-16T06:02:05] RUN_END status=OK
[2026-04-16T19:56:13] RUN_START run_id=MDO_NFD_035
[2026-04-16T19:56:13] PARAM implementation=NFD
[2026-04-16T19:56:13] PARAM workload_type=MDO
[2026-04-16T19:56:13] PARAM test_link=LI_10GbE_aggregation_backhaul
[2026-04-16T19:56:13] METRIC object_size_bytes=472921.6
[2026-04-16T19:56:13] METRIC link_bandwidth_gbps=10.0
[2026-04-16T19:56:13] METRIC throughput_gbps=2.795
[2026-04-16T19:56:13] METRIC latency_ms=16.7529
[2026-04-16T19:56:13] METRIC cpu_util_pct=55.75
[2026-04-16T19:56:13] RUN_END status=OK
[2026-04-16T19:57:09] RUN_START run_id=MDO_NFD_036
[2026-04-16T19:57:09] PARAM implementation=NFD
[2026-04-16T19:57:09] PARAM workload_type=MDO
[2026-04-16T19:57:09] PARAM test_link=LI_10GbE_aggregation_backhaul
[2026-04-16T19:57:09] METRIC object_size_bytes=173339.3
[2026-04-16T19:57:09] METRIC link_bandwidth_gbps=10.0
[2026-04-16T19:57:09] METRIC throughput_gbps=2.834
[2026-04-16T19:57:09] METRIC latency_ms=17.7263
[2026-04-16T19:57:09] METRIC cpu_util_pct=47.28
[2026-04-16T19:57:09] RUN_END status=OK
[2026-04-16T19:58:49] RUN_START run_id=MDO_NFD_037
[2026-04-16T19:58:49] PARAM implementation=NFD
[2026-04-16T19:58:49] PARAM workload_type=MDO
[2026-04-16T19:58:49] PARAM test_link=LI_10GbE_aggregation_backhaul
[2026-04-16T19:58:49] METRIC object_size_bytes=111455.2
[2026-04-16T19:58:49] METRIC link_bandwidth_gbps=10.0
[2026-04-16T19:58:49] METRIC throughput_gbps=2.7509
[2026-04-16T19:58:49] METRIC latency_ms=16.5054
[2026-04-16T19:58:49] METRIC cpu_util_pct=50.14
[2026-04-16T19:58:49] RUN_END status=OK
[2026-04-16T20:02:39] RUN_START run_id=MDO_NFD_038
[2026-04-16T20:02:39] PARAM implementation=NFD
[2026-04-16T20:02:39] PARAM workload_type=MDO
[2026-04-16T20:02:39] PARAM test_link=LI_10GbE_aggregation_backhaul
[2026-04-16T20:02:39] METRIC object_size_bytes=407368.9
[2026-04-16T20:02:39] METRIC link_bandwidth_gbps=10.0
[2026-04-16T20:02:39] METRIC throughput_gbps=3.0004
[2026-04-16T20:02:39] METRIC latency_ms=16.2921
[2026-04-16T20:02:39] METRIC cpu_util_pct=50.28
[2026-04-16T20:02:39] RUN_END status=OK
[2026-04-16T20:04:26] RUN_START run_id=MDO_NFD_039
[2026-04-16T20:04:26] PARAM implementation=NFD
[2026-04-16T20:04:26] PARAM workload_type=MDO
[2026-04-16T20:04:26] PARAM test_link=LI_10GbE_aggregation_backhaul
[2026-04-16T20:04:26] METRIC object_size_bytes=328690.6
[2026-04-16T20:04:26] METRIC link_bandwidth_gbps=10.0
[2026-04-16T20:04:26] METRIC throughput_gbps=2.7627
[2026-04-16T20:04:26] METRIC latency_ms=16.0367
[2026-04-16T20:04:26] METRIC cpu_util_pct=55.71
[2026-04-16T20:04:26] RUN_END status=OK
