[2026-04-17T15:21:16] RUN_START run_id=MDO_NFD_084
[2026-04-17T15:21:16] PARAM implementation=NFD
[2026-04-17T15:21:16] PARAM workload_type=MDO
[2026-04-17T15:21:16] PARAM test_link=LI_10GbE_aggregation_backhaul
[2026-04-17T15:21:16] METRIC object_size_bytes=511781.6
[2026-04-17T15:21:16] METRIC link_bandwidth_gbps=10.0
[2026-04-17T15:21:16] METRIC throughput_gbps=2.7784
[2026-04-17T15:21:16] METRIC latency_ms=16.7567
[2026-04-17T15:21:16] METRIC cpu_util_pct=57.72
[2026-04-17T15:21:16] RUN_END status=OK
[2026-04-17T15:26:46] RUN_START run_id=MDO_NFD_085
[2026-04-17T15:26:46] PARAM implementation=NFD
[2026-04-17T15:26:46] PARAM workload_type=MDO
[2026-04-17T15:26:46] PARAM test_link=LI_10GbE_aggregation_backhaul
[2026-04-17T15:26:46] METRIC object_size_bytes=99299.0
[2026-04-17T15:26:46] METRIC link_bandwidth_gbps=10.0
[2026-04-17T15:26:46] METRIC throughput_gbps=3.0063
[2026-04-17T15:26:46] METRIC latency_ms=17.595
[2026-04-17T15:26:46] METRIC cpu_util_pct=55.72
[2026-04-17T15:26:46] RUN_END status=OK
[2026-04-17T15:27:31] RUN_START run_id=MDO_NFD_086
[2026-04-17T15:27:31] PARAM implementation=NFD
[2026-04-17T15:27:31] PARAM workload_type=MDO
[2026-04-17T15:27:31] PARAM test_link=LI_10GbE_aggregation_backhaul
[2026-04-17T15:27:31] METRIC object_size_bytes=109873.2
[2026-04-17T15:27:31] METRIC link_bandwidth_gbps=10.0
[2026-04-17T15:27:31] METRIC throughput_gbps=2.8762
[2026-04-17T15:27:31] METRIC latency_ms=17.6859
[2026-04-17T15:27:31] METRIC cpu_util_pct=55.98
[2026-04-17T15:27:31] RUN_END status=OK
[2026-04-17T15:28:32] RUN_START run_id=MDO_NFD_087
[2026-04-17T15:28:32] PARAM implementation=NFD
[2026-04-17T15:28:32] PARAM workload_type=MDO
[2026-04-17T15:28:32] PARAM test_link=LI_10GbE_aggregation_backhaul
[2026-04-17T15:28:32] METRIC object_size_bytes=181611.8
[2026-04-17T15:28:32] METRIC link_bandwidth_gbps=10.0
[2026-04-17T15:28:32] METRIC throughput_gbps=2.8869
[2026-04-17T15:28:32] METRIC latency_ms=16.8869
[2026-04-17T15:28:32] METRIC cpu_util_pct=57.63
[2026-04-17T15:28:32] RUN_END status=OK
[2026-04-18T11:39:39] RUN_START run_id=SDO_PythonNDN_015
[2026-04-18T11:39:39] PARAM implementation=PythonNDN
[2026-04-18T11:39:39] PARAM workload_type=SDO
[2026-04-18T11:39:39] PARAM test_link=LI_10GbE_aggregation_backhaul
[2026-04-18T11:39:39] METRIC object_size_bytes=1688.0
[2026-04-18T11:39:39] METRIC link_bandwidth_gbps=10.0
[2026-04-18T11:39:39] METRIC throughput_gbps=0.3905
[2026-04-18T11:39:39] METRIC latency_ms=3.0518
[2026-04-18T11:39:39] METRIC cpu_util_pct=81.99
[2026-04-18T11:39:39] RUN_END status=OK
[2026-04-18T11:42:22] RUN_START run_id=SDO_PythonNDN_016
[2026-04-18T11:42:22] PARAM implementation=PythonNDN
[2026-04-18T11:42:22] PARAM workload_type=SDO
[2026-04-18T11:42:22] PARAM test_link=LI_10GbE_aggregation_backhaul
[2026-04-18T11:42:22] METRIC object_size_bytes=949.9
[2026-04-18T11:42:22] METRIC link_bandwidth_gbps=10.0
[2026-04-18T11:42:22] METRIC throughput_gbps=0.4086
[2026-04-18T11:42:22] METRIC latency_ms=3.1674
[2026-04-18T11:42:22] METRIC cpu_util_pct=79.67
[2026-04-18T11:42:22] RUN_END status=OK
[2026-04-18T11:43:00] RUN_START run_id=SDO_PythonNDN_017
[2026-04-18T11:43:00] PARAM implementation=PythonNDN
[2026-04-18T11:43:00] PARAM workload_type=SDO
[2026-04-18T11:43:00] PARAM test_link=LI_10GbE_aggregation_backhaul
[2026-04-18T11:43:00] METRIC object_size_bytes=1615.8
[2026-04-18T11:43:00] METRIC link_bandwidth_gbps=10.0
[2026-04-18T11:43:00] METRIC throughput_gbps=0.3847
[2026-04-18T11:43:00] METRIC latency_ms=3.2358
[2026-04-18T11:43:00] METRIC cpu_util_pct=80.44
[2026-04-18T11:43:00] RUN_END status=OK
[2026-04-18T11:45:53] RUN_START run_id=SDO_PythonNDN_018
[2026-04-18T11:45:53] PARAM implementation=PythonNDN
[2026-04-18T11:45:53] PARAM workload_type=SDO
[2026-04-18T11:45:53] PARAM test_link=LI_10GbE_aggregation_backhaul
[2026-04-18T11:45:53] METRIC object_size_bytes=1172.8
[2026-04-18T11:45:53] METRIC link_bandwidth_gbps=10.0
[2026-04-18T11:45:53] METRIC throughput_gbps=0.403
[2026-04-18T11:45:53] METRIC latency_ms=3.4881
[2026-04-18T11:45:53] METRIC cpu_util_pct=83.75
[2026-04-18T11:45:53] RUN_END status=OK
[2026-04-18T11:48:22] RUN_START run_id=SDO_PythonNDN_019
[2026-04-18T11:48:22] PARAM implementation=PythonNDN
[2026-04-18T11:48:22] PARAM workload_type=SDO
[2026-04-18T11:48:22] PARAM test_link=LI_10GbE_aggregation_backhaul
[2026-04-18T11:48:22] METRIC object_size_bytes=1504.1
[2026-04-18T11:48:22] METRIC link_bandwidth_gbps=10.0
[2026-04-18T11:48:22] METRIC throughput_gbps=0.4046
[2026-04-18T11:48:22] METRIC latency_ms=3.3685
[2026-04-18T11:48:22] METRIC cpu_util_pct=84.77
[2026-04-18T11:48:22] RUN_END status=OK
[2026-04-18T11:49:33] RUN_START run_id=SDO_PythonNDN_020
[2026-04-18T11:49:33] PARAM implementation=PythonNDN
[2026-04-18T11:49:33] PARAM workload_type=SDO
[2026-04-18T11:49:33] PARAM test_link=LI_10GbE_aggregation_backhaul
[2026-04-18T11:49:33] METRIC object_size_bytes=1973.2
[2026-04-18T11:49:33] METRIC link_bandwidth_gbps=10.0
[2026-04-18T11:49:33] METRIC throughput_gbps=0.4094
[2026-04-18T11:49:33] METRIC latency_ms=3.5104
[2026-04-18T11:49:33] METRIC cpu_util_pct=71.22
[2026-04-18T11:49:33] RUN_END status=OK
[2026-04-18T11:53:42] RUN_START run_id=SDO_PythonNDN_021
[2026-04-18T11:53:42] PARAM implementation=PythonNDN
[2026-04-18T11:53:42] PARAM workload_type=SDO
[2026-04-18T11:53:42] PARAM test_link=LI_10GbE_aggregation_backhaul
[2026-04-18T11:53:42] METRIC object_size_bytes=1854.5
[2026-04-18T11:53:42] METRIC link_bandwidth_gbps=10.0
[2026-04-18T11:53:42] METRIC throughput_gbps=0.4122
[2026-04-18T11:53:42] METRIC latency_ms=2.9372
[2026-04-18T11:53:42] METRIC cpu_util_pct=80.63
[2026-04-18T11:53:42] RUN_END status=OK
[2026-04-18T11:54:17] RUN_START run_id=SDO_PythonNDN_022
[2026-04-18T11:54:17] PARAM implementation=PythonNDN
[2026-04-18T11:54:17] PARAM workload_type=SDO
[2026-04-18T11:54:17] PARAM test_link=LI_10GbE_aggregation_backhaul
[2026-04-18T11:54:17] METRIC object_size_bytes=1370.9
[2026-04-18T11:54:17] METRIC link_bandwidth_gbps=10.0
[2026-04-18T11:54:17] METRIC throughput_gbps=0.4008
[2026-04-18T11:54:17] METRIC latency_ms=3.2937
[2026-04-18T11:54:17] METRIC cpu_util_pct=89.4
[2026-04-18T11:54:17] RUN_END status=OK
[2026-04-18T11:58:35] RUN_START run_id=SDO_PythonNDN_023
[2026-04-18T11:58:35] PARAM implementation=PythonNDN
[2026-04-18T11:58:35] PARAM workload_type=SDO
[2026-04-18T11:58:35] PARAM test_link=LI_10GbE_aggregation_backhaul
[2026-04-18T11:58:35] METRIC object_size_bytes=1988.8
[2026-04-18T11:58:35] METRIC link_bandwidth_gbps=10.0
[2026-04-18T11:58:35] METRIC throughput_gbps=0.3916
[2026-04-18T11:58:35] METRIC latency_ms=3.0362
[2026-04-18T11:58:35] METRIC cpu_util_pct=90.78
[2026-04-18T11:58:35] RUN_END status=OK
[2026-04-18T12:01:24] RUN_START run_id=SDO_PythonNDN_024
[2026-04-18T12:01:24] PARAM implementation=PythonNDN
[2026-04-18T12:01:24] PARAM workload_type=SDO
[2026-04-18T12:01:24] PARAM test_link=LI_10GbE_aggregation_backhaul
[2026-04-18T12:01:24] METRIC object_size_bytes=290.1
[2026-04-18T12:01:24] METRIC link_bandwidth_gbps=10.0
[2026-04-18T12:01:24] METRIC throughput_gbps=0.3999
[2026-04-18T12:01:24] METRIC latency_ms=3.4211
[2026-04-18T12:01:24] METRIC cpu_util_pct=84.77
[2026-04-18T12:01:24] RUN_END status=OK
[2026-04-18T12:03:45] RUN_START run_id=SDO_PythonNDN_025
[2026-04-18T12:03:45] PARAM implementation=PythonNDN
[2026-04-18T12:03:45] PARAM workload_type=SDO
[2026-04-18T12:03:45] PARAM test_link=LI_10GbE_aggregation_backhaul
[2026-04-18T12:03:45] METRIC object_size_bytes=477.5
[2026-04-18T12:03:45] METRIC link_bandwidth_gbps=10.0
[2026-04-18T12:03:45] METRIC throughput_gbps=0.3784
[2026-04-18T12:03:45] METRIC latency_ms=3.1797
[2026-04-18T12:03:45] METRIC cpu_util_pct=82.26
[2026-04-18T12:03:45] RUN_END status=OK
