[2026-04-22T23:39:15] RUN_START run_id=SDO_PythonNDN_094
[2026-04-22T23:39:15] PARAM implementation=PythonNDN
[2026-04-22T23:39:15] PARAM workload_type=SDO
[2026-04-22T23:39:15] PARAM test_link=LI_10GbE_aggregation_backhaul
[2026-04-22T23:39:15] METRIC object_size_bytes=1924.9
[2026-04-22T23:39:15] METRIC link_bandwidth_gbps=10.0
[2026-04-22T23:39:15] METRIC throughput_gbps=0.3896
[2026-04-22T23:39:15] METRIC latency_ms=3.2279
[2026-04-22T23:39:15] METRIC cpu_util_pct=84.02
[2026-04-22T23:39:15] RUN_END status=OK
[2026-04-22T23:41:34] RUN_START run_id=SDO_PythonNDN_095
[2026-04-22T23:41:34] PARAM implementation=PythonNDN
[2026-04-22T23:41:34] PARAM workload_type=SDO
[2026-04-22T23:41:34] PARAM test_link=LI_10GbE_aggregation_backhaul
[2026-04-22T23:41:34] METRIC object_size_bytes=1401.1
[2026-04-22T23:41:34] METRIC link_bandwidth_gbps=10.0
[2026-04-22T23:41:34] METRIC throughput_gbps=0.3884
[2026-04-22T23:41:34] METRIC latency_ms=3.3761
[2026-04-22T23:41:34] METRIC cpu_util_pct=87.81
[2026-04-22T23:41:34] RUN_END status=OK
[2026-04-22T23:44:41] RUN_START run_id=SDO_PythonNDN_096
[2026-04-22T23:44:41] PARAM implementation=PythonNDN
[2026-04-22T23:44:41] PARAM workload_type=SDO
[2026-04-22T23:44:41] PARAM test_link=LI_10GbE_aggregation_backhaul
[2026-04-22T23:44:41] METRIC object_size_bytes=250.6
[2026-04-22T23:44:41] METRIC link_bandwidth_gbps=10.0
[2026-04-22T23:44:41] METRIC throughput_gbps=0.3736
[2026-04-22T23:44:41] METRIC latency_ms=3.4193
[2026-04-22T23:44:41] METRIC cpu_util_pct=82.08
[2026-04-22T23:44:41] RUN_END status=OK
[2026-04-22T23:50:40] RUN_START run_id=SDO_PythonNDN_097
[2026-04-22T23:50:40] PARAM implementation=PythonNDN
[2026-04-22T23:50:40] PARAM workload_type=SDO
[2026-04-22T23:50:40] PARAM test_link=LI_10GbE_aggregation_backhaul
[2026-04-22T23:50:40] METRIC object_size_bytes=1994.4
[2026-04-22T23:50:40] METRIC link_bandwidth_gbps=10.0
[2026-04-22T23:50:40] METRIC throughput_gbps=0.3805
[2026-04-22T23:50:40] METRIC latency_ms=3.2254
[2026-04-22T23:50:40] METRIC cpu_util_pct=81.15
[2026-04-22T23:50:40] RUN_END status=OK
[2026-04-22T23:52:38] RUN_START run_id=SDO_PythonNDN_098
[2026-04-22T23:52:38] PARAM implementation=PythonNDN
[2026-04-22T23:52:38] PARAM workload_type=SDO
[2026-04-22T23:52:38] PARAM test_link=LI_10GbE_aggregation_backhaul
[2026-04-22T23:52:38] METRIC object_size_bytes=1710.5
[2026-04-22T23:52:38] METRIC link_bandwidth_gbps=10.0
[2026-04-22T23:52:38] METRIC throughput_gbps=0.4123
[2026-04-22T23:52:38] METRIC latency_ms=3.1033
[2026-04-22T23:52:38] METRIC cpu_util_pct=81.03
[2026-04-22T23:52:38] RUN_END status=OK
[2026-04-22T23:53:27] RUN_START run_id=SDO_PythonNDN_099
[2026-04-22T23:53:27] PARAM implementation=PythonNDN
[2026-04-22T23:53:27] PARAM workload_type=SDO
[2026-04-22T23:53:27] PARAM test_link=LI_10GbE_aggregation_backhaul
[2026-04-22T23:53:27] METRIC object_size_bytes=1543.6
[2026-04-22T23:53:27] METRIC link_bandwidth_gbps=10.0
[2026-04-22T23:53:27] METRIC throughput_gbps=0.3812
[2026-04-22T23:53:27] METRIC latency_ms=2.9231
[2026-04-22T23:53:27] METRIC cpu_util_pct=80.7
[2026-04-22T23:53:27] RUN_END status=OK
[2026-04-22T23:55:19] RUN_START run_id=SDO_PythonNDN_100
[2026-04-22T23:55:19] PARAM implementation=PythonNDN
[2026-04-22T23:55:19] PARAM workload_type=SDO
[2026-04-22T23:55:19] PARAM test_link=LI_10GbE_aggregation_backhaul
[2026-04-22T23:55:19] METRIC object_size_bytes=617.2
[2026-04-22T23:55:19] METRIC link_bandwidth_gbps=10.0
[2026-04-22T23:55:19] METRIC throughput_gbps=0.3965
[2026-04-22T23:55:19] METRIC latency_ms=3.6266
[2026-04-22T23:55:19] METRIC cpu_util_pct=83.63
[2026-04-22T23:55:19] RUN_END status=OK
[2026-04-22T23:56:33] RUN_START run_id=SDO_PythonNDN_101
[2026-04-22T23:56:33] PARAM implementation=PythonNDN
[2026-04-22T23:56:33] PARAM workload_type=SDO
[2026-04-22T23:56:33] PARAM test_link=LI_10GbE_aggregation_backhaul
[2026-04-22T23:56:33] METRIC object_size_bytes=1750.5
[2026-04-22T23:56:33] METRIC link_bandwidth_gbps=10.0
[2026-04-22T23:56:33] METRIC throughput_gbps=0.4076
[2026-04-22T23:56:33] METRIC latency_ms=3.2852
[2026-04-22T23:56:33] METRIC cpu_util_pct=88.16
[2026-04-22T23:56:33] RUN_END status=OK
[2026-04-22T23:58:24] RUN_START run_id=SDO_PythonNDN_102
[2026-04-22T23:58:24] PARAM implementation=PythonNDN
[2026-04-22T23:58:24] PARAM workload_type=SDO
[2026-04-22T23:58:24] PARAM test_link=LI_10GbE_aggregation_backhaul
[2026-04-22T23:58:24] METRIC object_size_bytes=379.1
[2026-04-22T23:58:24] METRIC link_bandwidth_gbps=10.0
[2026-04-22T23:58:24] METRIC throughput_gbps=0.3888
[2026-04-22T23:58:24] METRIC latency_ms=3.2468
[2026-04-22T23:58:24] METRIC cpu_util_pct=84.26
[2026-04-22T23:58:24] RUN_END status=OK
[2026-04-23T00:00:29] RUN_START run_id=SDO_PythonNDN_103
[2026-04-23T00:00:29] PARAM implementation=PythonNDN
[2026-04-23T00:00:29] PARAM workload_type=SDO
[2026-04-23T00:00:29] PARAM test_link=LI_10GbE_aggregation_backhaul
[2026-04-23T00:00:29] METRIC object_size_bytes=1171.0
[2026-04-23T00:00:29] METRIC link_bandwidth_gbps=10.0
[2026-04-23T00:00:29] METRIC throughput_gbps=0.3989
[2026-04-23T00:00:29] METRIC latency_ms=3.4539
[2026-04-23T00:00:29] METRIC cpu_util_pct=79.72
[2026-04-23T00:00:29] RUN_END status=OK
[2026-04-23T00:01:12] RUN_START run_id=SDO_PythonNDN_104
[2026-04-23T00:01:12] PARAM implementation=PythonNDN
[2026-04-23T00:01:12] PARAM workload_type=SDO
[2026-04-23T00:01:12] PARAM test_link=LI_10GbE_aggregation_backhaul
[2026-04-23T00:01:12] METRIC object_size_bytes=1331.5
[2026-04-23T00:01:12] METRIC link_bandwidth_gbps=10.0
[2026-04-23T00:01:12] METRIC throughput_gbps=0.3917
[2026-04-23T00:01:12] METRIC latency_ms=3.6112
[2026-04-23T00:01:12] METRIC cpu_util_pct=81.03
[2026-04-23T00:01:12] RUN_END status=OK
[2026-04-23T00:05:05] RUN_START run_id=SDO_PythonNDN_105
[2026-04-23T00:05:05] PARAM implementation=PythonNDN
[2026-04-23T00:05:05] PARAM workload_type=SDO
[2026-04-23T00:05:05] PARAM test_link=LI_10GbE_aggregation_backhaul
[2026-04-23T00:05:05] METRIC object_size_bytes=517.8
[2026-04-23T00:05:05] METRIC link_bandwidth_gbps=10.0
[2026-04-23T00:05:05] METRIC throughput_gbps=0.3894
[2026-04-23T00:05:05] METRIC latency_ms=3.0904
[2026-04-23T00:05:05] METRIC cpu_util_pct=79.19
[2026-04-23T00:05:05] RUN_END status=OK
[2026-04-23T00:07:16] RUN_START run_id=SDO_PythonNDN_106
[2026-04-23T00:07:16] PARAM implementation=PythonNDN
[2026-04-23T00:07:16] PARAM workload_type=SDO
[2026-04-23T00:07:16] PARAM test_link=LI_10GbE_aggregation_backhaul
[2026-04-23T00:07:16] METRIC object_size_bytes=1134.5
[2026-04-23T00:07:16] METRIC link_bandwidth_gbps=10.0
[2026-04-23T00:07:16] METRIC throughput_gbps=0.4086
[2026-04-23T00:07:16] METRIC latency_ms=3.5881
[2026-04-23T00:07:16] METRIC cpu_util_pct=81.83
[2026-04-23T00:07:16] RUN_END status=OK
[2026-04-23T00:12:13] RUN_START run_id=SDO_PythonNDN_107
[2026-04-23T00:12:13] PARAM implementation=PythonNDN
[2026-04-23T00:12:13] PARAM workload_type=SDO
[2026-04-23T00:12:13] PARAM test_link=LI_10GbE_aggregation_backhaul
[2026-04-23T00:12:13] METRIC object_size_bytes=683.2
[2026-04-23T00:12:13] METRIC link_bandwidth_gbps=10.0
[2026-04-23T00:12:13] METRIC throughput_gbps=0.3902
[2026-04-23T00:12:13] METRIC latency_ms=3.5245
[2026-04-23T00:12:13] METRIC cpu_util_pct=76.44
[2026-04-23T00:12:13] RUN_END status=OK
[2026-04-23T04:21:49] RUN_START run_id=SDO_PythonNDN_108
[2026-04-23T04:21:49] PARAM implementation=PythonNDN
[2026-04-23T04:21:49] PARAM workload_type=SDO
[2026-04-23T04:21:49] PARAM test_link=LI_10GbE_aggregation_backhaul
[2026-04-23T04:21:49] METRIC object_size_bytes=433.2
[2026-04-23T04:21:49] METRIC link_bandwidth_gbps=10.0
[2026-04-23T04:21:49] METRIC throughput_gbps=0.373
[2026-04-23T04:21:49] METRIC latency_ms=3.5332
[2026-04-23T04:21:49] METRIC cpu_util_pct=86.46
[2026-04-23T04:21:49] RUN_END status=OK
[2026-04-23T04:25:23] RUN_START run_id=SDO_PythonNDN_109
[2026-04-23T04:25:23] PARAM implementation=PythonNDN
[2026-04-23T04:25:23] PARAM workload_type=SDO
[2026-04-23T04:25:23] PARAM test_link=LI_10GbE_aggregation_backhaul
[2026-04-23T04:25:23] METRIC object_size_bytes=182.4
[2026-04-23T04:25:23] METRIC link_bandwidth_gbps=10.0
[2026-04-23T04:25:23] METRIC throughput_gbps=0.3852
[2026-04-23T04:25:23] METRIC latency_ms=3.251
[2026-04-23T04:25:23] METRIC cpu_util_pct=83.81
[2026-04-23T04:25:23] RUN_END status=OK
[2026-04-23T04:28:08] RUN_START run_id=SDO_PythonNDN_110
[2026-04-23T04:28:08] PARAM implementation=PythonNDN
[2026-04-23T04:28:08] PARAM workload_type=SDO
[2026-04-23T04:28:08] PARAM test_link=LI_10GbE_aggregation_backhaul
[2026-04-23T04:28:08] METRIC object_size_bytes=1559.6
[2026-04-23T04:28:08] METRIC link_bandwidth_gbps=10.0
[2026-04-23T04:28:08] METRIC throughput_gbps=0.397
[2026-04-23T04:28:08] METRIC latency_ms=3.2989
[2026-04-23T04:28:08] METRIC cpu_util_pct=81.34
[2026-04-23T04:28:08] RUN_END status=OK
[2026-04-23T04:31:28] RUN_START run_id=SDO_PythonNDN_111
[2026-04-23T04:31:28] PARAM implementation=PythonNDN
[2026-04-23T04:31:28] PARAM workload_type=SDO
[2026-04-23T04:31:28] PARAM test_link=LI_10GbE_aggregation_backhaul
[2026-04-23T04:31:28] METRIC object_size_bytes=261.5
[2026-04-23T04:31:28] METRIC link_bandwidth_gbps=10.0
[2026-04-23T04:31:28] METRIC throughput_gbps=0.41
[2026-04-23T04:31:28] METRIC latency_ms=3.4235
[2026-04-23T04:31:28] METRIC cpu_util_pct=82.81
[2026-04-23T04:31:28] RUN_END status=OK
