[2026-06-20T12:40:17] RUN_START run_id=SDO_NFD_066
[2026-06-20T12:40:17] PARAM implementation=NFD
[2026-06-20T12:40:17] PARAM workload_type=SDO
[2026-06-20T12:40:17] PARAM test_link=LI_10GbE_aggregation_backhaul
[2026-06-20T12:40:17] METRIC object_size_bytes=395.9
[2026-06-20T12:40:17] METRIC link_bandwidth_gbps=10.0
[2026-06-20T12:40:17] METRIC throughput_gbps=1.1556
[2026-06-20T12:40:17] METRIC latency_ms=1.4031
[2026-06-20T12:40:17] METRIC cpu_util_pct=49.45
[2026-06-20T12:40:17] RUN_END status=OK
[2026-06-20T12:41:32] RUN_START run_id=SDO_NFD_067
[2026-06-20T12:41:32] PARAM implementation=NFD
[2026-06-20T12:41:32] PARAM workload_type=SDO
[2026-06-20T12:41:32] PARAM test_link=LI_10GbE_aggregation_backhaul
[2026-06-20T12:41:32] METRIC object_size_bytes=338.7
[2026-06-20T12:41:32] METRIC link_bandwidth_gbps=10.0
[2026-06-20T12:41:32] METRIC throughput_gbps=1.1894
[2026-06-20T12:41:32] METRIC latency_ms=1.3799
[2026-06-20T12:41:32] METRIC cpu_util_pct=46.12
[2026-06-20T12:41:32] RUN_END status=OK
[2026-06-20T12:42:09] RUN_START run_id=SDO_NFD_068
[2026-06-20T12:42:09] PARAM implementation=NFD
[2026-06-20T12:42:09] PARAM workload_type=SDO
[2026-06-20T12:42:09] PARAM test_link=LI_10GbE_aggregation_backhaul
[2026-06-20T12:42:09] METRIC object_size_bytes=332.4
[2026-06-20T12:42:09] METRIC link_bandwidth_gbps=10.0
[2026-06-20T12:42:09] METRIC throughput_gbps=1.1505
[2026-06-20T12:42:09] METRIC latency_ms=1.4017
[2026-06-20T12:42:09] METRIC cpu_util_pct=46.71
[2026-06-20T12:42:09] RUN_END status=OK
[2026-06-20T12:43:26] RUN_START run_id=SDO_NFD_069
[2026-06-20T12:43:26] PARAM implementation=NFD
[2026-06-20T12:43:26] PARAM workload_type=SDO
[2026-06-20T12:43:26] PARAM test_link=LI_10GbE_aggregation_backhaul
[2026-06-20T12:43:26] METRIC object_size_bytes=1707.9
[2026-06-20T12:43:26] METRIC link_bandwidth_gbps=10.0
[2026-06-20T12:43:26] METRIC throughput_gbps=1.099
[2026-06-20T12:43:26] METRIC latency_ms=1.5101
[2026-06-20T12:43:26] METRIC cpu_util_pct=43.62
[2026-06-20T12:43:26] RUN_END status=OK
[2026-06-20T12:44:54] RUN_START run_id=SDO_NFD_070
[2026-06-20T12:44:54] PARAM implementation=NFD
[2026-06-20T12:44:54] PARAM workload_type=SDO
[2026-06-20T12:44:54] PARAM test_link=LI_10GbE_aggregation_backhaul
[2026-06-20T12:44:54] METRIC object_size_bytes=1321.3
[2026-06-20T12:44:54] METRIC link_bandwidth_gbps=10.0
[2026-06-20T12:44:54] METRIC throughput_gbps=1.095
[2026-06-20T12:44:54] METRIC latency_ms=1.4038
[2026-06-20T12:44:54] METRIC cpu_util_pct=48.18
[2026-06-20T12:44:54] RUN_END status=OK
[2026-06-20T12:46:13] RUN_START run_id=SDO_NFD_071
[2026-06-20T12:46:13] PARAM implementation=NFD
[2026-06-20T12:46:13] PARAM workload_type=SDO
[2026-06-20T12:46:13] PARAM test_link=LI_10GbE_aggregation_backhaul
[2026-06-20T12:46:13] METRIC object_size_bytes=1110.2
[2026-06-20T12:46:13] METRIC link_bandwidth_gbps=10.0
[2026-06-20T12:46:13] METRIC throughput_gbps=1.1425
[2026-06-20T12:46:13] METRIC latency_ms=1.3555
[2026-06-20T12:46:13] METRIC cpu_util_pct=48.05
[2026-06-20T12:46:13] RUN_END status=OK
[2026-06-20T12:51:05] RUN_START run_id=SDO_NFD_072
[2026-06-20T12:51:05] PARAM implementation=NFD
[2026-06-20T12:51:05] PARAM workload_type=SDO
[2026-06-20T12:51:05] PARAM test_link=LI_10GbE_aggregation_backhaul
[2026-06-20T12:51:05] METRIC object_size_bytes=1266.9
[2026-06-20T12:51:05] METRIC link_bandwidth_gbps=10.0
[2026-06-20T12:51:05] METRIC throughput_gbps=1.0729
[2026-06-20T12:51:05] METRIC latency_ms=1.3933
[2026-06-20T12:51:05] METRIC cpu_util_pct=43.29
[2026-06-20T12:51:05] RUN_END status=OK
[2026-06-20T12:55:31] RUN_START run_id=SDO_NFD_073
[2026-06-20T12:55:31] PARAM implementation=NFD
[2026-06-20T12:55:31] PARAM workload_type=SDO
[2026-06-20T12:55:31] PARAM test_link=LI_10GbE_aggregation_backhaul
[2026-06-20T12:55:31] METRIC object_size_bytes=1936.1
[2026-06-20T12:55:31] METRIC link_bandwidth_gbps=10.0
[2026-06-20T12:55:31] METRIC throughput_gbps=1.1932
[2026-06-20T12:55:31] METRIC latency_ms=1.3798
[2026-06-20T12:55:31] METRIC cpu_util_pct=43.9
[2026-06-20T12:55:31] RUN_END status=OK
[2026-06-20T12:56:28] RUN_START run_id=SDO_NFD_074
[2026-06-20T12:56:28] PARAM implementation=NFD
[2026-06-20T12:56:28] PARAM workload_type=SDO
[2026-06-20T12:56:28] PARAM test_link=LI_10GbE_aggregation_backhaul
[2026-06-20T12:56:28] METRIC object_size_bytes=1701.1
[2026-06-20T12:56:28] METRIC link_bandwidth_gbps=10.0
[2026-06-20T12:56:28] METRIC throughput_gbps=1.1319
[2026-06-20T12:56:28] METRIC latency_ms=1.4271
[2026-06-20T12:56:28] METRIC cpu_util_pct=46.6
[2026-06-20T12:56:28] RUN_END status=OK
[2026-06-20T12:58:04] RUN_START run_id=SDO_NFD_075
[2026-06-20T12:58:04] PARAM implementation=NFD
[2026-06-20T12:58:04] PARAM workload_type=SDO
[2026-06-20T12:58:04] PARAM test_link=LI_10GbE_aggregation_backhaul
[2026-06-20T12:58:04] METRIC object_size_bytes=945.4
[2026-06-20T12:58:04] METRIC link_bandwidth_gbps=10.0
[2026-06-20T12:58:04] METRIC throughput_gbps=1.135
[2026-06-20T12:58:04] METRIC latency_ms=1.3458
[2026-06-20T12:58:04] METRIC cpu_util_pct=45.26
[2026-06-20T12:58:04] RUN_END status=OK
[2026-06-21T07:50:51] RUN_START run_id=SDO_NFD_076
[2026-06-21T07:50:51] PARAM implementation=NFD
[2026-06-21T07:50:51] PARAM workload_type=SDO
[2026-06-21T07:50:51] PARAM test_link=LI_10GbE_aggregation_backhaul
[2026-06-21T07:50:51] METRIC object_size_bytes=1271.0
[2026-06-21T07:50:51] METRIC link_bandwidth_gbps=10.0
[2026-06-21T07:50:51] METRIC throughput_gbps=1.1843
[2026-06-21T07:50:51] METRIC latency_ms=1.3586
[2026-06-21T07:50:51] METRIC cpu_util_pct=45.06
[2026-06-21T07:50:51] RUN_END status=OK
[2026-06-21T07:55:02] RUN_START run_id=SDO_NFD_077
[2026-06-21T07:55:02] PARAM implementation=NFD
[2026-06-21T07:55:02] PARAM workload_type=SDO
[2026-06-21T07:55:02] PARAM test_link=LI_10GbE_aggregation_backhaul
[2026-06-21T07:55:02] METRIC object_size_bytes=1012.0
[2026-06-21T07:55:02] METRIC link_bandwidth_gbps=10.0
[2026-06-21T07:55:02] METRIC throughput_gbps=1.1673
[2026-06-21T07:55:02] METRIC latency_ms=1.5835
[2026-06-21T07:55:02] METRIC cpu_util_pct=47.61
[2026-06-21T07:55:02] RUN_END status=OK
[2026-06-21T07:57:13] RUN_START run_id=SDO_NFD_078
[2026-06-21T07:57:13] PARAM implementation=NFD
[2026-06-21T07:57:13] PARAM workload_type=SDO
[2026-06-21T07:57:13] PARAM test_link=LI_10GbE_aggregation_backhaul
[2026-06-21T07:57:13] METRIC object_size_bytes=442.9
[2026-06-21T07:57:13] METRIC link_bandwidth_gbps=10.0
[2026-06-21T07:57:13] METRIC throughput_gbps=1.2568
[2026-06-21T07:57:13] METRIC latency_ms=1.4787
[2026-06-21T07:57:13] METRIC cpu_util_pct=48.94
[2026-06-21T07:57:13] RUN_END status=OK
[2026-06-21T08:01:53] RUN_START run_id=SDO_NFD_079
[2026-06-21T08:01:53] PARAM implementation=NFD
[2026-06-21T08:01:53] PARAM workload_type=SDO
[2026-06-21T08:01:53] PARAM test_link=LI_10GbE_aggregation_backhaul
[2026-06-21T08:01:53] METRIC object_size_bytes=1715.9
[2026-06-21T08:01:53] METRIC link_bandwidth_gbps=10.0
[2026-06-21T08:01:53] METRIC throughput_gbps=1.1717
[2026-06-21T08:01:53] METRIC latency_ms=1.4886
[2026-06-21T08:01:53] METRIC cpu_util_pct=47.19
[2026-06-21T08:01:53] RUN_END status=OK
