[2026-04-28T16:55:02] RUN_START run_id=SDO_uDCN_112
[2026-04-28T16:55:02] PARAM implementation=uDCN
[2026-04-28T16:55:02] PARAM workload_type=SDO
[2026-04-28T16:55:02] PARAM test_link=LI_10GbE_aggregation_backhaul
[2026-04-28T16:55:02] METRIC object_size_bytes=1733.9
[2026-04-28T16:55:02] METRIC link_bandwidth_gbps=10.0
[2026-04-28T16:55:02] METRIC throughput_gbps=4.9134
[2026-04-28T16:55:02] METRIC latency_ms=0.7982
[2026-04-28T16:55:02] METRIC cpu_util_pct=12.61
[2026-04-28T16:55:02] RUN_END status=OK
[2026-04-28T16:55:55] RUN_START run_id=SDO_uDCN_113
[2026-04-28T16:55:55] PARAM implementation=uDCN
[2026-04-28T16:55:55] PARAM workload_type=SDO
[2026-04-28T16:55:55] PARAM test_link=LI_10GbE_aggregation_backhaul
[2026-04-28T16:55:55] METRIC object_size_bytes=793.7
[2026-04-28T16:55:55] METRIC link_bandwidth_gbps=10.0
[2026-04-28T16:55:55] METRIC throughput_gbps=4.5336
[2026-04-28T16:55:55] METRIC latency_ms=0.8623
[2026-04-28T16:55:55] METRIC cpu_util_pct=11.25
[2026-04-28T16:55:55] RUN_END status=OK
[2026-04-28T16:56:40] RUN_START run_id=SDO_uDCN_114
[2026-04-28T16:56:40] PARAM implementation=uDCN
[2026-04-28T16:56:40] PARAM workload_type=SDO
[2026-04-28T16:56:40] PARAM test_link=LI_10GbE_aggregation_backhaul
[2026-04-28T16:56:40] METRIC object_size_bytes=269.4
[2026-04-28T16:56:40] METRIC link_bandwidth_gbps=10.0
[2026-04-28T16:56:40] METRIC throughput_gbps=4.4719
[2026-04-28T16:56:40] METRIC latency_ms=0.82
[2026-04-28T16:56:40] METRIC cpu_util_pct=11.72
[2026-04-28T16:56:40] RUN_END status=OK
[2026-04-28T16:58:00] RUN_START run_id=SDO_uDCN_115
[2026-04-28T16:58:00] PARAM implementation=uDCN
[2026-04-28T16:58:00] PARAM workload_type=SDO
[2026-04-28T16:58:00] PARAM test_link=LI_10GbE_aggregation_backhaul
[2026-04-28T16:58:00] METRIC object_size_bytes=916.2
[2026-04-28T16:58:00] METRIC link_bandwidth_gbps=10.0
[2026-04-28T16:58:00] METRIC throughput_gbps=4.6361
[2026-04-28T16:58:00] METRIC latency_ms=0.8112
[2026-04-28T16:58:00] METRIC cpu_util_pct=11.26
[2026-04-28T16:58:00] RUN_END status=OK
[2026-04-28T16:58:49] RUN_START run_id=SDO_uDCN_116
[2026-04-28T16:58:49] PARAM implementation=uDCN
[2026-04-28T16:58:49] PARAM workload_type=SDO
[2026-04-28T16:58:49] PARAM test_link=LI_10GbE_aggregation_backhaul
[2026-04-28T16:58:49] METRIC object_size_bytes=1633.2
[2026-04-28T16:58:49] METRIC link_bandwidth_gbps=10.0
[2026-04-28T16:58:49] METRIC throughput_gbps=4.8175
[2026-04-28T16:58:49] METRIC latency_ms=0.7999
[2026-04-28T16:58:49] METRIC cpu_util_pct=11.21
[2026-04-28T16:58:49] RUN_END status=OK
[2026-04-28T17:00:11] RUN_START run_id=SDO_uDCN_117
[2026-04-28T17:00:11] PARAM implementation=uDCN
[2026-04-28T17:00:11] PARAM workload_type=SDO
[2026-04-28T17:00:11] PARAM test_link=LI_10GbE_aggregation_backhaul
[2026-04-28T17:00:11] METRIC object_size_bytes=416.4
[2026-04-28T17:00:11] METRIC link_bandwidth_gbps=10.0
[2026-04-28T17:00:11] METRIC throughput_gbps=4.645
[2026-04-28T17:00:11] METRIC latency_ms=0.7641
[2026-04-28T17:00:11] METRIC cpu_util_pct=11.97
[2026-04-28T17:00:11] RUN_END status=OK
[2026-04-28T17:03:50] RUN_START run_id=SDO_uDCN_118
[2026-04-28T17:03:50] PARAM implementation=uDCN
[2026-04-28T17:03:50] PARAM workload_type=SDO
[2026-04-28T17:03:50] PARAM test_link=LI_10GbE_aggregation_backhaul
[2026-04-28T17:03:50] METRIC object_size_bytes=695.9
[2026-04-28T17:03:50] METRIC link_bandwidth_gbps=10.0
[2026-04-28T17:03:50] METRIC throughput_gbps=4.8626
[2026-04-28T17:03:50] METRIC latency_ms=0.807
[2026-04-28T17:03:50] METRIC cpu_util_pct=12.0
[2026-04-28T17:03:50] RUN_END status=OK
[2026-04-29T02:07:44] RUN_START run_id=LDO_PythonNDN_145
[2026-04-29T02:07:44] PARAM implementation=PythonNDN
[2026-04-29T02:07:44] PARAM workload_type=LDO
[2026-04-29T02:07:44] PARAM test_link=LI_10GbE_aggregation_backhaul
[2026-04-29T02:07:44] METRIC object_size_bytes=1141568.4
[2026-04-29T02:07:44] METRIC link_bandwidth_gbps=10.0
[2026-04-29T02:07:44] METRIC throughput_gbps=0.7696
[2026-04-29T02:07:44] METRIC latency_ms=173.5696
[2026-04-29T02:07:44] METRIC cpu_util_pct=90.62
[2026-04-29T02:07:44] RUN_END status=OK
[2026-04-29T02:08:38] RUN_START run_id=LDO_PythonNDN_146
[2026-04-29T02:08:38] PARAM implementation=PythonNDN
[2026-04-29T02:08:38] PARAM workload_type=LDO
[2026-04-29T02:08:38] PARAM test_link=LI_10GbE_aggregation_backhaul
[2026-04-29T02:08:38] METRIC object_size_bytes=3321306.4
[2026-04-29T02:08:38] METRIC link_bandwidth_gbps=10.0
[2026-04-29T02:08:38] METRIC throughput_gbps=0.8113
[2026-04-29T02:08:38] METRIC latency_ms=146.0966
[2026-04-29T02:08:38] METRIC cpu_util_pct=82.41
[2026-04-29T02:08:38] RUN_END status=OK
[2026-04-29T02:10:28] RUN_START run_id=LDO_PythonNDN_147
[2026-04-29T02:10:28] PARAM implementation=PythonNDN
[2026-04-29T02:10:28] PARAM workload_type=LDO
[2026-04-29T02:10:28] PARAM test_link=LI_10GbE_aggregation_backhaul
[2026-04-29T02:10:28] METRIC object_size_bytes=1952664.4
[2026-04-29T02:10:28] METRIC link_bandwidth_gbps=10.0
[2026-04-29T02:10:28] METRIC throughput_gbps=0.8017
[2026-04-29T02:10:28] METRIC latency_ms=136.6193
[2026-04-29T02:10:28] METRIC cpu_util_pct=87.55
[2026-04-29T02:10:28] RUN_END status=OK
[2026-04-29T02:12:19] RUN_START run_id=LDO_PythonNDN_148
[2026-04-29T02:12:19] PARAM implementation=PythonNDN
[2026-04-29T02:12:19] PARAM workload_type=LDO
[2026-04-29T02:12:19] PARAM test_link=LI_10GbE_aggregation_backhaul
[2026-04-29T02:12:19] METRIC object_size_bytes=1754898.3
[2026-04-29T02:12:19] METRIC link_bandwidth_gbps=10.0
[2026-04-29T02:12:19] METRIC throughput_gbps=0.8338
[2026-04-29T02:12:19] METRIC latency_ms=148.3157
[2026-04-29T02:12:19] METRIC cpu_util_pct=91.21
[2026-04-29T02:12:19] RUN_END status=OK
[2026-04-29T02:15:25] RUN_START run_id=LDO_PythonNDN_149
[2026-04-29T02:15:25] PARAM implementation=PythonNDN
[2026-04-29T02:15:25] PARAM workload_type=LDO
[2026-04-29T02:15:25] PARAM test_link=LI_10GbE_aggregation_backhaul
[2026-04-29T02:15:25] METRIC object_size_bytes=4686640.8
[2026-04-29T02:15:25] METRIC link_bandwidth_gbps=10.0
[2026-04-29T02:15:25] METRIC throughput_gbps=0.8015
[2026-04-29T02:15:25] METRIC latency_ms=138.1525
[2026-04-29T02:15:25] METRIC cpu_util_pct=88.51
[2026-04-29T02:15:25] RUN_END status=OK
