[2026-06-01T00:37:32] RUN_START run_id=SDO_CCNlite_139
[2026-06-01T00:37:32] PARAM implementation=CCNlite
[2026-06-01T00:37:32] PARAM workload_type=SDO
[2026-06-01T00:37:32] PARAM test_link=LI_10GbE_aggregation_backhaul
[2026-06-01T00:37:32] METRIC object_size_bytes=892.4
[2026-06-01T00:37:32] METRIC link_bandwidth_gbps=10.0
[2026-06-01T00:37:32] METRIC throughput_gbps=1.0618
[2026-06-01T00:37:32] METRIC latency_ms=1.3348
[2026-06-01T00:37:32] METRIC cpu_util_pct=53.9
[2026-06-01T00:37:32] RUN_END status=OK
[2026-06-01T00:42:04] RUN_START run_id=SDO_CCNlite_140
[2026-06-01T00:42:04] PARAM implementation=CCNlite
[2026-06-01T00:42:04] PARAM workload_type=SDO
[2026-06-01T00:42:04] PARAM test_link=LI_10GbE_aggregation_backhaul
[2026-06-01T00:42:04] METRIC object_size_bytes=1643.0
[2026-06-01T00:42:04] METRIC link_bandwidth_gbps=10.0
[2026-06-01T00:42:04] METRIC throughput_gbps=1.1608
[2026-06-01T00:42:04] METRIC latency_ms=1.3184
[2026-06-01T00:42:04] METRIC cpu_util_pct=49.99
[2026-06-01T00:42:04] RUN_END status=OK
[2026-06-01T00:44:19] RUN_START run_id=SDO_CCNlite_141
[2026-06-01T00:44:19] PARAM implementation=CCNlite
[2026-06-01T00:44:19] PARAM workload_type=SDO
[2026-06-01T00:44:19] PARAM test_link=LI_10GbE_aggregation_backhaul
[2026-06-01T00:44:19] METRIC object_size_bytes=765.6
[2026-06-01T00:44:19] METRIC link_bandwidth_gbps=10.0
[2026-06-01T00:44:19] METRIC throughput_gbps=1.1244
[2026-06-01T00:44:19] METRIC latency_ms=1.3221
[2026-06-01T00:44:19] METRIC cpu_util_pct=54.73
[2026-06-01T00:44:19] RUN_END status=OK
[2026-06-01T00:45:39] RUN_START run_id=SDO_CCNlite_142
[2026-06-01T00:45:39] PARAM implementation=CCNlite
[2026-06-01T00:45:39] PARAM workload_type=SDO
[2026-06-01T00:45:39] PARAM test_link=LI_10GbE_aggregation_backhaul
[2026-06-01T00:45:39] METRIC object_size_bytes=129.0
[2026-06-01T00:45:39] METRIC link_bandwidth_gbps=10.0
[2026-06-01T00:45:39] METRIC throughput_gbps=1.1012
[2026-06-01T00:45:39] METRIC latency_ms=1.172
[2026-06-01T00:45:39] METRIC cpu_util_pct=53.84
[2026-06-01T00:45:39] RUN_END status=OK
[2026-06-01T00:48:08] RUN_START run_id=SDO_CCNlite_143
[2026-06-01T00:48:08] PARAM implementation=CCNlite
[2026-06-01T00:48:08] PARAM workload_type=SDO
[2026-06-01T00:48:08] PARAM test_link=LI_10GbE_aggregation_backhaul
[2026-06-01T00:48:08] METRIC object_size_bytes=477.3
[2026-06-01T00:48:08] METRIC link_bandwidth_gbps=10.0
[2026-06-01T00:48:08] METRIC throughput_gbps=1.1114
[2026-06-01T00:48:08] METRIC latency_ms=1.255
[2026-06-01T00:48:08] METRIC cpu_util_pct=54.96
[2026-06-01T00:48:08] RUN_END status=OK
[2026-06-01T00:48:45] RUN_START run_id=SDO_CCNlite_144
[2026-06-01T00:48:45] PARAM implementation=CCNlite
[2026-06-01T00:48:45] PARAM workload_type=SDO
[2026-06-01T00:48:45] PARAM test_link=LI_10GbE_aggregation_backhaul
[2026-06-01T00:48:45] METRIC object_size_bytes=1554.7
[2026-06-01T00:48:45] METRIC link_bandwidth_gbps=10.0
[2026-06-01T00:48:45] METRIC throughput_gbps=1.1271
[2026-06-01T00:48:45] METRIC latency_ms=1.1888
[2026-06-01T00:48:45] METRIC cpu_util_pct=56.92
[2026-06-01T00:48:45] RUN_END status=OK
[2026-06-01T00:49:30] RUN_START run_id=SDO_CCNlite_145
[2026-06-01T00:49:30] PARAM implementation=CCNlite
[2026-06-01T00:49:30] PARAM workload_type=SDO
[2026-06-01T00:49:30] PARAM test_link=LI_10GbE_aggregation_backhaul
[2026-06-01T00:49:30] METRIC object_size_bytes=1555.0
[2026-06-01T00:49:30] METRIC link_bandwidth_gbps=10.0
[2026-06-01T00:49:30] METRIC throughput_gbps=1.2364
[2026-06-01T00:49:30] METRIC latency_ms=1.4291
[2026-06-01T00:49:30] METRIC cpu_util_pct=54.02
[2026-06-01T00:49:30] RUN_END status=OK
[2026-06-01T00:51:10] RUN_START run_id=SDO_CCNlite_146
[2026-06-01T00:51:10] PARAM implementation=CCNlite
[2026-06-01T00:51:10] PARAM workload_type=SDO
[2026-06-01T00:51:10] PARAM test_link=LI_10GbE_aggregation_backhaul
[2026-06-01T00:51:10] METRIC object_size_bytes=1312.2
[2026-06-01T00:51:10] METRIC link_bandwidth_gbps=10.0
[2026-06-01T00:51:10] METRIC throughput_gbps=1.1344
[2026-06-01T00:51:10] METRIC latency_ms=1.2236
[2026-06-01T00:51:10] METRIC cpu_util_pct=55.28
[2026-06-01T00:51:10] RUN_END status=OK
[2026-06-01T00:52:53] RUN_START run_id=SDO_CCNlite_147
[2026-06-01T00:52:53] PARAM implementation=CCNlite
[2026-06-01T00:52:53] PARAM workload_type=SDO
[2026-06-01T00:52:53] PARAM test_link=LI_10GbE_aggregation_backhaul
[2026-06-01T00:52:53] METRIC object_size_bytes=756.6
[2026-06-01T00:52:53] METRIC link_bandwidth_gbps=10.0
[2026-06-01T00:52:53] METRIC throughput_gbps=1.1826
[2026-06-01T00:52:53] METRIC latency_ms=1.2315
[2026-06-01T00:52:53] METRIC cpu_util_pct=54.2
[2026-06-01T00:52:53] RUN_END status=OK
[2026-06-01T00:54:41] RUN_START run_id=SDO_CCNlite_148
[2026-06-01T00:54:41] PARAM implementation=CCNlite
[2026-06-01T00:54:41] PARAM workload_type=SDO
[2026-06-01T00:54:41] PARAM test_link=LI_10GbE_aggregation_backhaul
[2026-06-01T00:54:41] METRIC object_size_bytes=1315.3
[2026-06-01T00:54:41] METRIC link_bandwidth_gbps=10.0
[2026-06-01T00:54:41] METRIC throughput_gbps=1.1022
[2026-06-01T00:54:41] METRIC latency_ms=1.1763
[2026-06-01T00:54:41] METRIC cpu_util_pct=50.65
[2026-06-01T00:54:41] RUN_END status=OK
[2026-06-01T00:56:54] RUN_START run_id=SDO_CCNlite_149
[2026-06-01T00:56:54] PARAM implementation=CCNlite
[2026-06-01T00:56:54] PARAM workload_type=SDO
[2026-06-01T00:56:54] PARAM test_link=LI_10GbE_aggregation_backhaul
[2026-06-01T00:56:54] METRIC object_size_bytes=198.7
[2026-06-01T00:56:54] METRIC link_bandwidth_gbps=10.0
[2026-06-01T00:56:54] METRIC throughput_gbps=1.2038
[2026-06-01T00:56:54] METRIC latency_ms=1.2298
[2026-06-01T00:56:54] METRIC cpu_util_pct=50.74
[2026-06-01T00:56:54] RUN_END status=OK
[2026-06-03T15:49:48] RUN_START run_id=SDO_CCNlite_150
[2026-06-03T15:49:48] PARAM implementation=CCNlite
[2026-06-03T15:49:48] PARAM workload_type=SDO
[2026-06-03T15:49:48] PARAM test_link=LI_10GbE_aggregation_backhaul
[2026-06-03T15:49:48] METRIC object_size_bytes=504.8
[2026-06-03T15:49:48] METRIC link_bandwidth_gbps=10.0
[2026-06-03T15:49:48] METRIC throughput_gbps=1.1429
[2026-06-03T15:49:48] METRIC latency_ms=1.1673
[2026-06-03T15:49:48] METRIC cpu_util_pct=50.59
[2026-06-03T15:49:48] RUN_END status=OK
[2026-06-04T16:23:00] RUN_START run_id=MDO_CCNlite_001
[2026-06-04T16:23:00] PARAM implementation=CCNlite
[2026-06-04T16:23:00] PARAM workload_type=MDO
[2026-06-04T16:23:00] PARAM test_link=LI_10GbE_aggregation_backhaul
[2026-06-04T16:23:00] METRIC object_size_bytes=319389.2
[2026-06-04T16:23:00] METRIC link_bandwidth_gbps=10.0
[2026-06-04T16:23:00] METRIC throughput_gbps=2.3882
[2026-06-04T16:23:00] METRIC latency_ms=15.3328
[2026-06-04T16:23:00] METRIC cpu_util_pct=55.87
[2026-06-04T16:23:00] RUN_END status=OK
[2026-06-04T16:24:06] RUN_START run_id=MDO_CCNlite_002
[2026-06-04T16:24:06] PARAM implementation=CCNlite
[2026-06-04T16:24:06] PARAM workload_type=MDO
[2026-06-04T16:24:06] PARAM test_link=LI_10GbE_aggregation_backhaul
[2026-06-04T16:24:06] METRIC object_size_bytes=145654.5
[2026-06-04T16:24:06] METRIC link_bandwidth_gbps=10.0
[2026-06-04T16:24:06] METRIC throughput_gbps=2.379
[2026-06-04T16:24:06] METRIC latency_ms=18.8501
[2026-06-04T16:24:06] METRIC cpu_util_pct=61.59
[2026-06-04T16:24:06] RUN_END status=OK
[2026-06-04T16:26:32] RUN_START run_id=MDO_CCNlite_003
[2026-06-04T16:26:32] PARAM implementation=CCNlite
[2026-06-04T16:26:32] PARAM workload_type=MDO
[2026-06-04T16:26:32] PARAM test_link=LI_10GbE_aggregation_backhaul
[2026-06-04T16:26:32] METRIC object_size_bytes=176660.0
[2026-06-04T16:26:32] METRIC link_bandwidth_gbps=10.0
[2026-06-04T16:26:32] METRIC throughput_gbps=2.4218
[2026-06-04T16:26:32] METRIC latency_ms=15.9078
[2026-06-04T16:26:32] METRIC cpu_util_pct=55.61
[2026-06-04T16:26:32] RUN_END status=OK
