[2026-04-20T00:38:45] RUN_START run_id=SDO_PythonNDN_057
[2026-04-20T00:38:45] PARAM implementation=PythonNDN
[2026-04-20T00:38:45] PARAM workload_type=SDO
[2026-04-20T00:38:45] PARAM test_link=LI_10GbE_aggregation_backhaul
[2026-04-20T00:38:45] METRIC object_size_bytes=1397.6
[2026-04-20T00:38:45] METRIC link_bandwidth_gbps=10.0
[2026-04-20T00:38:45] METRIC throughput_gbps=0.3956
[2026-04-20T00:38:45] METRIC latency_ms=3.0179
[2026-04-20T00:38:45] METRIC cpu_util_pct=83.3
[2026-04-20T00:38:45] RUN_END status=OK
[2026-04-20T00:41:23] RUN_START run_id=SDO_PythonNDN_058
[2026-04-20T00:41:23] PARAM implementation=PythonNDN
[2026-04-20T00:41:23] PARAM workload_type=SDO
[2026-04-20T00:41:23] PARAM test_link=LI_10GbE_aggregation_backhaul
[2026-04-20T00:41:23] METRIC object_size_bytes=385.2
[2026-04-20T00:41:23] METRIC link_bandwidth_gbps=10.0
[2026-04-20T00:41:23] METRIC throughput_gbps=0.3952
[2026-04-20T00:41:23] METRIC latency_ms=3.1971
[2026-04-20T00:41:23] METRIC cpu_util_pct=85.46
[2026-04-20T00:41:23] RUN_END status=OK
[2026-04-20T00:41:56] RUN_START run_id=SDO_PythonNDN_059
[2026-04-20T00:41:56] PARAM implementation=PythonNDN
[2026-04-20T00:41:56] PARAM workload_type=SDO
[2026-04-20T00:41:56] PARAM test_link=LI_10GbE_aggregation_backhaul
[2026-04-20T00:41:56] METRIC object_size_bytes=252.7
[2026-04-20T00:41:56] METRIC link_bandwidth_gbps=10.0
[2026-04-20T00:41:56] METRIC throughput_gbps=0.3823
[2026-04-20T00:41:56] METRIC latency_ms=3.0993
[2026-04-20T00:41:56] METRIC cpu_util_pct=83.54
[2026-04-20T00:41:56] RUN_END status=OK
[2026-04-20T00:44:31] RUN_START run_id=SDO_PythonNDN_060
[2026-04-20T00:44:31] PARAM implementation=PythonNDN
[2026-04-20T00:44:31] PARAM workload_type=SDO
[2026-04-20T00:44:31] PARAM test_link=LI_10GbE_aggregation_backhaul
[2026-04-20T00:44:31] METRIC object_size_bytes=1093.9
[2026-04-20T00:44:31] METRIC link_bandwidth_gbps=10.0
[2026-04-20T00:44:31] METRIC throughput_gbps=0.3857
[2026-04-20T00:44:31] METRIC latency_ms=3.2692
[2026-04-20T00:44:31] METRIC cpu_util_pct=77.53
[2026-04-20T00:44:31] RUN_END status=OK
[2026-04-20T00:48:50] RUN_START run_id=SDO_PythonNDN_061
[2026-04-20T00:48:50] PARAM implementation=PythonNDN
[2026-04-20T00:48:50] PARAM workload_type=SDO
[2026-04-20T00:48:50] PARAM test_link=LI_10GbE_aggregation_backhaul
[2026-04-20T00:48:50] METRIC object_size_bytes=316.8
[2026-04-20T00:48:50] METRIC link_bandwidth_gbps=10.0
[2026-04-20T00:48:50] METRIC throughput_gbps=0.3886
[2026-04-20T00:48:50] METRIC latency_ms=2.7136
[2026-04-20T00:48:50] METRIC cpu_util_pct=78.12
[2026-04-20T00:48:50] RUN_END status=OK
[2026-04-20T00:50:27] RUN_START run_id=SDO_PythonNDN_062
[2026-04-20T00:50:27] PARAM implementation=PythonNDN
[2026-04-20T00:50:27] PARAM workload_type=SDO
[2026-04-20T00:50:27] PARAM test_link=LI_10GbE_aggregation_backhaul
[2026-04-20T00:50:27] METRIC object_size_bytes=385.5
[2026-04-20T00:50:27] METRIC link_bandwidth_gbps=10.0
[2026-04-20T00:50:27] METRIC throughput_gbps=0.3828
[2026-04-20T00:50:27] METRIC latency_ms=3.5519
[2026-04-20T00:50:27] METRIC cpu_util_pct=79.94
[2026-04-20T00:50:27] RUN_END status=OK
[2026-04-20T00:53:14] RUN_START run_id=SDO_PythonNDN_063
[2026-04-20T00:53:14] PARAM implementation=PythonNDN
[2026-04-20T00:53:14] PARAM workload_type=SDO
[2026-04-20T00:53:14] PARAM test_link=LI_10GbE_aggregation_backhaul
[2026-04-20T00:53:14] METRIC object_size_bytes=1090.3
[2026-04-20T00:53:14] METRIC link_bandwidth_gbps=10.0
[2026-04-20T00:53:14] METRIC throughput_gbps=0.3923
[2026-04-20T00:53:14] METRIC latency_ms=3.0618
[2026-04-20T00:53:14] METRIC cpu_util_pct=81.05
[2026-04-20T00:53:14] RUN_END status=OK
[2026-04-20T05:05:13] RUN_START run_id=MDO_NFD_122
[2026-04-20T05:05:13] PARAM implementation=NFD
[2026-04-20T05:05:13] PARAM workload_type=MDO
[2026-04-20T05:05:13] PARAM test_link=LI_10GbE_aggregation_backhaul
[2026-04-20T05:05:13] METRIC object_size_bytes=332927.7
[2026-04-20T05:05:13] METRIC link_bandwidth_gbps=10.0
[2026-04-20T05:05:13] METRIC throughput_gbps=2.9883
[2026-04-20T05:05:13] METRIC latency_ms=17.9053
[2026-04-20T05:05:13] METRIC cpu_util_pct=53.38
[2026-04-20T05:05:13] RUN_END status=OK
[2026-04-20T05:08:29] RUN_START run_id=MDO_NFD_123
[2026-04-20T05:08:29] PARAM implementation=NFD
[2026-04-20T05:08:29] PARAM workload_type=MDO
[2026-04-20T05:08:29] PARAM test_link=LI_10GbE_aggregation_backhaul
[2026-04-20T05:08:29] METRIC object_size_bytes=189033.1
[2026-04-20T05:08:29] METRIC link_bandwidth_gbps=10.0
[2026-04-20T05:08:29] METRIC throughput_gbps=2.7359
[2026-04-20T05:08:29] METRIC latency_ms=16.0348
[2026-04-20T05:08:29] METRIC cpu_util_pct=53.6
[2026-04-20T05:08:29] RUN_END status=OK
[2026-04-20T05:09:24] RUN_START run_id=MDO_NFD_124
[2026-04-20T05:09:24] PARAM implementation=NFD
[2026-04-20T05:09:24] PARAM workload_type=MDO
[2026-04-20T05:09:24] PARAM test_link=LI_10GbE_aggregation_backhaul
[2026-04-20T05:09:24] METRIC object_size_bytes=126900.6
[2026-04-20T05:09:24] METRIC link_bandwidth_gbps=10.0
[2026-04-20T05:09:24] METRIC throughput_gbps=2.7552
[2026-04-20T05:09:24] METRIC latency_ms=16.4125
[2026-04-20T05:09:24] METRIC cpu_util_pct=50.33
[2026-04-20T05:09:24] RUN_END status=OK
[2026-04-20T05:12:41] RUN_START run_id=MDO_NFD_125
[2026-04-20T05:12:41] PARAM implementation=NFD
[2026-04-20T05:12:41] PARAM workload_type=MDO
[2026-04-20T05:12:41] PARAM test_link=LI_10GbE_aggregation_backhaul
[2026-04-20T05:12:41] METRIC object_size_bytes=334414.2
[2026-04-20T05:12:41] METRIC link_bandwidth_gbps=10.0
[2026-04-20T05:12:41] METRIC throughput_gbps=2.7852
[2026-04-20T05:12:41] METRIC latency_ms=17.2181
[2026-04-20T05:12:41] METRIC cpu_util_pct=49.65
[2026-04-20T05:12:41] RUN_END status=OK
[2026-04-20T05:13:30] RUN_START run_id=MDO_NFD_126
[2026-04-20T05:13:30] PARAM implementation=NFD
[2026-04-20T05:13:30] PARAM workload_type=MDO
[2026-04-20T05:13:30] PARAM test_link=LI_10GbE_aggregation_backhaul
[2026-04-20T05:13:30] METRIC object_size_bytes=263343.9
[2026-04-20T05:13:30] METRIC link_bandwidth_gbps=10.0
[2026-04-20T05:13:30] METRIC throughput_gbps=2.7581
[2026-04-20T05:13:30] METRIC latency_ms=15.9206
[2026-04-20T05:13:30] METRIC cpu_util_pct=56.29
[2026-04-20T05:13:30] RUN_END status=OK
[2026-04-20T05:13:57] RUN_START run_id=MDO_NFD_127
[2026-04-20T05:13:57] PARAM implementation=NFD
[2026-04-20T05:13:57] PARAM workload_type=MDO
[2026-04-20T05:13:57] PARAM test_link=LI_10GbE_aggregation_backhaul
[2026-04-20T05:13:57] METRIC object_size_bytes=320060.0
[2026-04-20T05:13:57] METRIC link_bandwidth_gbps=10.0
[2026-04-20T05:13:57] METRIC throughput_gbps=2.7316
[2026-04-20T05:13:57] METRIC latency_ms=17.3569
[2026-04-20T05:13:57] METRIC cpu_util_pct=51.58
[2026-04-20T05:13:57] RUN_END status=OK
[2026-04-20T05:17:29] RUN_START run_id=MDO_NFD_128
[2026-04-20T05:17:29] PARAM implementation=NFD
[2026-04-20T05:17:29] PARAM workload_type=MDO
[2026-04-20T05:17:29] PARAM test_link=LI_10GbE_aggregation_backhaul
[2026-04-20T05:17:29] METRIC object_size_bytes=295071.2
[2026-04-20T05:17:29] METRIC link_bandwidth_gbps=10.0
[2026-04-20T05:17:29] METRIC throughput_gbps=2.8114
[2026-04-20T05:17:29] METRIC latency_ms=16.1751
[2026-04-20T05:17:29] METRIC cpu_util_pct=54.43
[2026-04-20T05:17:29] RUN_END status=OK
[2026-04-20T05:19:17] RUN_START run_id=MDO_NFD_129
[2026-04-20T05:19:17] PARAM implementation=NFD
[2026-04-20T05:19:17] PARAM workload_type=MDO
[2026-04-20T05:19:17] PARAM test_link=LI_10GbE_aggregation_backhaul
[2026-04-20T05:19:17] METRIC object_size_bytes=110605.7
[2026-04-20T05:19:17] METRIC link_bandwidth_gbps=10.0
[2026-04-20T05:19:17] METRIC throughput_gbps=2.8721
[2026-04-20T05:19:17] METRIC latency_ms=17.039
[2026-04-20T05:19:17] METRIC cpu_util_pct=50.99
[2026-04-20T05:19:17] RUN_END status=OK
