[2026-05-29T17:12:48] RUN_START run_id=SDO_CCNlite_097
[2026-05-29T17:12:48] PARAM implementation=CCNlite
[2026-05-29T17:12:48] PARAM workload_type=SDO
[2026-05-29T17:12:48] PARAM test_link=LI_10GbE_aggregation_backhaul
[2026-05-29T17:12:48] METRIC object_size_bytes=324.1
[2026-05-29T17:12:48] METRIC link_bandwidth_gbps=10.0
[2026-05-29T17:12:48] METRIC throughput_gbps=1.0985
[2026-05-29T17:12:48] METRIC latency_ms=1.3346
[2026-05-29T17:12:48] METRIC cpu_util_pct=50.37
[2026-05-29T17:12:48] RUN_END status=OK
[2026-05-29T17:14:14] RUN_START run_id=SDO_CCNlite_098
[2026-05-29T17:14:14] PARAM implementation=CCNlite
[2026-05-29T17:14:14] PARAM workload_type=SDO
[2026-05-29T17:14:14] PARAM test_link=LI_10GbE_aggregation_backhaul
[2026-05-29T17:14:14] METRIC object_size_bytes=297.5
[2026-05-29T17:14:14] METRIC link_bandwidth_gbps=10.0
[2026-05-29T17:14:14] METRIC throughput_gbps=1.172
[2026-05-29T17:14:14] METRIC latency_ms=1.3739
[2026-05-29T17:14:14] METRIC cpu_util_pct=50.41
[2026-05-29T17:14:14] RUN_END status=OK
[2026-05-29T17:15:23] RUN_START run_id=SDO_CCNlite_099
[2026-05-29T17:15:23] PARAM implementation=CCNlite
[2026-05-29T17:15:23] PARAM workload_type=SDO
[2026-05-29T17:15:23] PARAM test_link=LI_10GbE_aggregation_backhaul
[2026-05-29T17:15:23] METRIC object_size_bytes=655.8
[2026-05-29T17:15:23] METRIC link_bandwidth_gbps=10.0
[2026-05-29T17:15:23] METRIC throughput_gbps=1.0595
[2026-05-29T17:15:23] METRIC latency_ms=1.2361
[2026-05-29T17:15:23] METRIC cpu_util_pct=47.56
[2026-05-29T17:15:23] RUN_END status=OK
[2026-05-29T17:19:13] RUN_START run_id=SDO_CCNlite_100
[2026-05-29T17:19:13] PARAM implementation=CCNlite
[2026-05-29T17:19:13] PARAM workload_type=SDO
[2026-05-29T17:19:13] PARAM test_link=LI_10GbE_aggregation_backhaul
[2026-05-29T17:19:13] METRIC object_size_bytes=1419.7
[2026-05-29T17:19:13] METRIC link_bandwidth_gbps=10.0
[2026-05-29T17:19:13] METRIC throughput_gbps=1.1013
[2026-05-29T17:19:13] METRIC latency_ms=1.2613
[2026-05-29T17:19:13] METRIC cpu_util_pct=55.15
[2026-05-29T17:19:13] RUN_END status=OK
[2026-05-31T20:57:52] RUN_START run_id=SDO_CCNlite_101
[2026-05-31T20:57:52] PARAM implementation=CCNlite
[2026-05-31T20:57:52] PARAM workload_type=SDO
[2026-05-31T20:57:52] PARAM test_link=LI_10GbE_aggregation_backhaul
[2026-05-31T20:57:52] METRIC object_size_bytes=875.3
[2026-05-31T20:57:52] METRIC link_bandwidth_gbps=10.0
[2026-05-31T20:57:52] METRIC throughput_gbps=1.0274
[2026-05-31T20:57:52] METRIC latency_ms=1.2745
[2026-05-31T20:57:52] METRIC cpu_util_pct=51.52
[2026-05-31T20:57:52] RUN_END status=OK
[2026-05-31T21:00:08] RUN_START run_id=SDO_CCNlite_102
[2026-05-31T21:00:08] PARAM implementation=CCNlite
[2026-05-31T21:00:08] PARAM workload_type=SDO
[2026-05-31T21:00:08] PARAM test_link=LI_10GbE_aggregation_backhaul
[2026-05-31T21:00:08] METRIC object_size_bytes=327.1
[2026-05-31T21:00:08] METRIC link_bandwidth_gbps=10.0
[2026-05-31T21:00:08] METRIC throughput_gbps=1.0361
[2026-05-31T21:00:08] METRIC latency_ms=1.0829
[2026-05-31T21:00:08] METRIC cpu_util_pct=48.82
[2026-05-31T21:00:08] RUN_END status=OK
[2026-05-31T21:01:04] RUN_START run_id=SDO_CCNlite_103
[2026-05-31T21:01:04] PARAM implementation=CCNlite
[2026-05-31T21:01:04] PARAM workload_type=SDO
[2026-05-31T21:01:04] PARAM test_link=LI_10GbE_aggregation_backhaul
[2026-05-31T21:01:04] METRIC object_size_bytes=1593.3
[2026-05-31T21:01:04] METRIC link_bandwidth_gbps=10.0
[2026-05-31T21:01:04] METRIC throughput_gbps=1.0306
[2026-05-31T21:01:04] METRIC latency_ms=1.1845
[2026-05-31T21:01:04] METRIC cpu_util_pct=54.68
[2026-05-31T21:01:04] RUN_END status=OK
[2026-05-31T21:01:35] RUN_START run_id=SDO_CCNlite_104
[2026-05-31T21:01:35] PARAM implementation=CCNlite
[2026-05-31T21:01:35] PARAM workload_type=SDO
[2026-05-31T21:01:35] PARAM test_link=LI_10GbE_aggregation_backhaul
[2026-05-31T21:01:35] METRIC object_size_bytes=768.1
[2026-05-31T21:01:35] METRIC link_bandwidth_gbps=10.0
[2026-05-31T21:01:35] METRIC throughput_gbps=1.1111
[2026-05-31T21:01:35] METRIC latency_ms=1.1602
[2026-05-31T21:01:35] METRIC cpu_util_pct=52.66
[2026-05-31T21:01:35] RUN_END status=OK
[2026-05-31T21:03:31] RUN_START run_id=SDO_CCNlite_105
[2026-05-31T21:03:31] PARAM implementation=CCNlite
[2026-05-31T21:03:31] PARAM workload_type=SDO
[2026-05-31T21:03:31] PARAM test_link=LI_10GbE_aggregation_backhaul
[2026-05-31T21:03:31] METRIC object_size_bytes=667.7
[2026-05-31T21:03:31] METRIC link_bandwidth_gbps=10.0
[2026-05-31T21:03:31] METRIC throughput_gbps=1.083
[2026-05-31T21:03:31] METRIC latency_ms=1.2137
[2026-05-31T21:03:31] METRIC cpu_util_pct=51.22
[2026-05-31T21:03:31] RUN_END status=OK
[2026-05-31T21:05:10] RUN_START run_id=SDO_CCNlite_106
[2026-05-31T21:05:10] PARAM implementation=CCNlite
[2026-05-31T21:05:10] PARAM workload_type=SDO
[2026-05-31T21:05:10] PARAM test_link=LI_10GbE_aggregation_backhaul
[2026-05-31T21:05:10] METRIC object_size_bytes=1419.1
[2026-05-31T21:05:10] METRIC link_bandwidth_gbps=10.0
[2026-05-31T21:05:10] METRIC throughput_gbps=1.105
[2026-05-31T21:05:10] METRIC latency_ms=1.307
[2026-05-31T21:05:10] METRIC cpu_util_pct=51.41
[2026-05-31T21:05:10] RUN_END status=OK
[2026-05-31T21:06:36] RUN_START run_id=SDO_CCNlite_107
[2026-05-31T21:06:36] PARAM implementation=CCNlite
[2026-05-31T21:06:36] PARAM workload_type=SDO
[2026-05-31T21:06:36] PARAM test_link=LI_10GbE_aggregation_backhaul
[2026-05-31T21:06:36] METRIC object_size_bytes=680.3
[2026-05-31T21:06:36] METRIC link_bandwidth_gbps=10.0
[2026-05-31T21:06:36] METRIC throughput_gbps=1.1041
[2026-05-31T21:06:36] METRIC latency_ms=1.1849
[2026-05-31T21:06:36] METRIC cpu_util_pct=48.93
[2026-05-31T21:06:36] RUN_END status=OK
[2026-05-31T21:10:21] RUN_START run_id=SDO_CCNlite_108
[2026-05-31T21:10:21] PARAM implementation=CCNlite
[2026-05-31T21:10:21] PARAM workload_type=SDO
[2026-05-31T21:10:21] PARAM test_link=LI_10GbE_aggregation_backhaul
[2026-05-31T21:10:21] METRIC object_size_bytes=781.5
[2026-05-31T21:10:21] METRIC link_bandwidth_gbps=10.0
[2026-05-31T21:10:21] METRIC throughput_gbps=1.0346
[2026-05-31T21:10:21] METRIC latency_ms=1.1391
[2026-05-31T21:10:21] METRIC cpu_util_pct=51.11
[2026-05-31T21:10:21] RUN_END status=OK
[2026-05-31T21:13:31] RUN_START run_id=SDO_CCNlite_109
[2026-05-31T21:13:31] PARAM implementation=CCNlite
[2026-05-31T21:13:31] PARAM workload_type=SDO
[2026-05-31T21:13:31] PARAM test_link=LI_10GbE_aggregation_backhaul
[2026-05-31T21:13:31] METRIC object_size_bytes=1857.8
[2026-05-31T21:13:31] METRIC link_bandwidth_gbps=10.0
[2026-05-31T21:13:31] METRIC throughput_gbps=1.0759
[2026-05-31T21:13:31] METRIC latency_ms=1.1233
[2026-05-31T21:13:31] METRIC cpu_util_pct=45.88
[2026-05-31T21:13:31] RUN_END status=OK
[2026-05-31T21:14:31] RUN_START run_id=SDO_CCNlite_110
[2026-05-31T21:14:31] PARAM implementation=CCNlite
[2026-05-31T21:14:31] PARAM workload_type=SDO
[2026-05-31T21:14:31] PARAM test_link=LI_10GbE_aggregation_backhaul
[2026-05-31T21:14:31] METRIC object_size_bytes=1621.9
[2026-05-31T21:14:31] METRIC link_bandwidth_gbps=10.0
[2026-05-31T21:14:31] METRIC throughput_gbps=1.0251
[2026-05-31T21:14:31] METRIC latency_ms=1.1155
[2026-05-31T21:14:31] METRIC cpu_util_pct=50.69
[2026-05-31T21:14:31] RUN_END status=OK
[2026-05-31T21:16:24] RUN_START run_id=SDO_CCNlite_111
[2026-05-31T21:16:24] PARAM implementation=CCNlite
[2026-05-31T21:16:24] PARAM workload_type=SDO
[2026-05-31T21:16:24] PARAM test_link=LI_10GbE_aggregation_backhaul
[2026-05-31T21:16:24] METRIC object_size_bytes=348.4
[2026-05-31T21:16:24] METRIC link_bandwidth_gbps=10.0
[2026-05-31T21:16:24] METRIC throughput_gbps=1.1539
[2026-05-31T21:16:24] METRIC latency_ms=1.1883
[2026-05-31T21:16:24] METRIC cpu_util_pct=50.7
[2026-05-31T21:16:24] RUN_END status=OK
[2026-05-31T21:19:37] RUN_START run_id=SDO_CCNlite_112
[2026-05-31T21:19:37] PARAM implementation=CCNlite
[2026-05-31T21:19:37] PARAM workload_type=SDO
[2026-05-31T21:19:37] PARAM test_link=LI_10GbE_aggregation_backhaul
[2026-05-31T21:19:37] METRIC object_size_bytes=1992.9
[2026-05-31T21:19:37] METRIC link_bandwidth_gbps=10.0
[2026-05-31T21:19:37] METRIC throughput_gbps=1.1157
[2026-05-31T21:19:37] METRIC latency_ms=1.025
[2026-05-31T21:19:37] METRIC cpu_util_pct=51.23
[2026-05-31T21:19:37] RUN_END status=OK
[2026-05-31T21:20:22] RUN_START run_id=SDO_CCNlite_113
[2026-05-31T21:20:22] PARAM implementation=CCNlite
[2026-05-31T21:20:22] PARAM workload_type=SDO
[2026-05-31T21:20:22] PARAM test_link=LI_10GbE_aggregation_backhaul
[2026-05-31T21:20:22] METRIC object_size_bytes=1964.3
[2026-05-31T21:20:22] METRIC link_bandwidth_gbps=10.0
[2026-05-31T21:20:22] METRIC throughput_gbps=1.0815
[2026-05-31T21:20:22] METRIC latency_ms=1.2583
[2026-05-31T21:20:22] METRIC cpu_util_pct=49.44
[2026-05-31T21:20:22] RUN_END status=OK
[2026-05-31T21:21:26] RUN_START run_id=SDO_CCNlite_114
[2026-05-31T21:21:26] PARAM implementation=CCNlite
[2026-05-31T21:21:26] PARAM workload_type=SDO
[2026-05-31T21:21:26] PARAM test_link=LI_10GbE_aggregation_backhaul
[2026-05-31T21:21:26] METRIC object_size_bytes=640.5
[2026-05-31T21:21:26] METRIC link_bandwidth_gbps=10.0
[2026-05-31T21:21:26] METRIC throughput_gbps=1.0188
[2026-05-31T21:21:26] METRIC latency_ms=1.1901
[2026-05-31T21:21:26] METRIC cpu_util_pct=48.82
[2026-05-31T21:21:26] RUN_END status=OK
