[2026-06-09T08:33:26] RUN_START run_id=LDO_CCNlite_086
[2026-06-09T08:33:26] PARAM implementation=CCNlite
[2026-06-09T08:33:26] PARAM workload_type=LDO
[2026-06-09T08:33:26] PARAM test_link=LI_10GbE_aggregation_backhaul
[2026-06-09T08:33:26] METRIC object_size_bytes=3204679.1
[2026-06-09T08:33:26] METRIC link_bandwidth_gbps=10.0
[2026-06-09T08:33:26] METRIC throughput_gbps=2.9017
[2026-06-09T08:33:26] METRIC latency_ms=130.5104
[2026-06-09T08:33:26] METRIC cpu_util_pct=67.48
[2026-06-09T08:33:26] RUN_END status=OK
[2026-06-09T08:34:51] RUN_START run_id=LDO_CCNlite_087
[2026-06-09T08:34:51] PARAM implementation=CCNlite
[2026-06-09T08:34:51] PARAM workload_type=LDO
[2026-06-09T08:34:51] PARAM test_link=LI_10GbE_aggregation_backhaul
[2026-06-09T08:34:51] METRIC object_size_bytes=3730664.9
[2026-06-09T08:34:51] METRIC link_bandwidth_gbps=10.0
[2026-06-09T08:34:51] METRIC throughput_gbps=2.8452
[2026-06-09T08:34:51] METRIC latency_ms=140.1655
[2026-06-09T08:34:51] METRIC cpu_util_pct=61.07
[2026-06-09T08:34:51] RUN_END status=OK
[2026-06-09T08:36:06] RUN_START run_id=LDO_CCNlite_088
[2026-06-09T08:36:06] PARAM implementation=CCNlite
[2026-06-09T08:36:06] PARAM workload_type=LDO
[2026-06-09T08:36:06] PARAM test_link=LI_10GbE_aggregation_backhaul
[2026-06-09T08:36:06] METRIC object_size_bytes=1351217.3
[2026-06-09T08:36:06] METRIC link_bandwidth_gbps=10.0
[2026-06-09T08:36:06] METRIC throughput_gbps=2.7981
[2026-06-09T08:36:06] METRIC latency_ms=130.0537
[2026-06-09T08:36:06] METRIC cpu_util_pct=63.86
[2026-06-09T08:36:06] RUN_END status=OK
[2026-06-09T08:39:31] RUN_START run_id=LDO_CCNlite_089
[2026-06-09T08:39:31] PARAM implementation=CCNlite
[2026-06-09T08:39:31] PARAM workload_type=LDO
[2026-06-09T08:39:31] PARAM test_link=LI_10GbE_aggregation_backhaul
[2026-06-09T08:39:31] METRIC object_size_bytes=2247809.5
[2026-06-09T08:39:31] METRIC link_bandwidth_gbps=10.0
[2026-06-09T08:39:31] METRIC throughput_gbps=2.7826
[2026-06-09T08:39:31] METRIC latency_ms=133.6534
[2026-06-09T08:39:31] METRIC cpu_util_pct=67.0
[2026-06-09T08:39:31] RUN_END status=OK
[2026-06-09T08:42:49] RUN_START run_id=LDO_CCNlite_090
[2026-06-09T08:42:49] PARAM implementation=CCNlite
[2026-06-09T08:42:49] PARAM workload_type=LDO
[2026-06-09T08:42:49] PARAM test_link=LI_10GbE_aggregation_backhaul
[2026-06-09T08:42:49] METRIC object_size_bytes=3972246.1
[2026-06-09T08:42:49] METRIC link_bandwidth_gbps=10.0
[2026-06-09T08:42:49] METRIC throughput_gbps=2.8633
[2026-06-09T08:42:49] METRIC latency_ms=121.5682
[2026-06-09T08:42:49] METRIC cpu_util_pct=65.84
[2026-06-09T08:42:49] RUN_END status=OK
[2026-06-09T08:45:12] RUN_START run_id=LDO_CCNlite_091
[2026-06-09T08:45:12] PARAM implementation=CCNlite
[2026-06-09T08:45:12] PARAM workload_type=LDO
[2026-06-09T08:45:12] PARAM test_link=LI_10GbE_aggregation_backhaul
[2026-06-09T08:45:12] METRIC object_size_bytes=1155147.4
[2026-06-09T08:45:12] METRIC link_bandwidth_gbps=10.0
[2026-06-09T08:45:12] METRIC throughput_gbps=2.5824
[2026-06-09T08:45:12] METRIC latency_ms=136.2619
[2026-06-09T08:45:12] METRIC cpu_util_pct=60.3
[2026-06-09T08:45:12] RUN_END status=OK
[2026-06-09T22:54:16] RUN_START run_id=MDO_CCNlite_111
[2026-06-09T22:54:16] PARAM implementation=CCNlite
[2026-06-09T22:54:16] PARAM workload_type=MDO
[2026-06-09T22:54:16] PARAM test_link=LI_10GbE_aggregation_backhaul
[2026-06-09T22:54:16] METRIC object_size_bytes=169905.6
[2026-06-09T22:54:16] METRIC link_bandwidth_gbps=10.0
[2026-06-09T22:54:16] METRIC throughput_gbps=2.2611
[2026-06-09T22:54:16] METRIC latency_ms=18.5768
[2026-06-09T22:54:16] METRIC cpu_util_pct=55.75
[2026-06-09T22:54:16] RUN_END status=OK
[2026-06-09T22:58:41] RUN_START run_id=MDO_CCNlite_112
[2026-06-09T22:58:41] PARAM implementation=CCNlite
[2026-06-09T22:58:41] PARAM workload_type=MDO
[2026-06-09T22:58:41] PARAM test_link=LI_10GbE_aggregation_backhaul
[2026-06-09T22:58:41] METRIC object_size_bytes=346706.5
[2026-06-09T22:58:41] METRIC link_bandwidth_gbps=10.0
[2026-06-09T22:58:41] METRIC throughput_gbps=2.3661
[2026-06-09T22:58:41] METRIC latency_ms=17.4167
[2026-06-09T22:58:41] METRIC cpu_util_pct=61.79
[2026-06-09T22:58:41] RUN_END status=OK
[2026-06-09T22:59:28] RUN_START run_id=MDO_CCNlite_113
[2026-06-09T22:59:28] PARAM implementation=CCNlite
[2026-06-09T22:59:28] PARAM workload_type=MDO
[2026-06-09T22:59:28] PARAM test_link=LI_10GbE_aggregation_backhaul
[2026-06-09T22:59:28] METRIC object_size_bytes=232273.1
[2026-06-09T22:59:28] METRIC link_bandwidth_gbps=10.0
[2026-06-09T22:59:28] METRIC throughput_gbps=2.4216
[2026-06-09T22:59:28] METRIC latency_ms=17.949
[2026-06-09T22:59:28] METRIC cpu_util_pct=57.8
[2026-06-09T22:59:28] RUN_END status=OK
[2026-06-09T23:03:43] RUN_START run_id=MDO_CCNlite_114
[2026-06-09T23:03:43] PARAM implementation=CCNlite
[2026-06-09T23:03:43] PARAM workload_type=MDO
[2026-06-09T23:03:43] PARAM test_link=LI_10GbE_aggregation_backhaul
[2026-06-09T23:03:43] METRIC object_size_bytes=344534.6
[2026-06-09T23:03:43] METRIC link_bandwidth_gbps=10.0
[2026-06-09T23:03:43] METRIC throughput_gbps=2.4602
[2026-06-09T23:03:43] METRIC latency_ms=18.3564
[2026-06-09T23:03:43] METRIC cpu_util_pct=51.75
[2026-06-09T23:03:43] RUN_END status=OK
[2026-06-09T23:07:04] RUN_START run_id=MDO_CCNlite_115
[2026-06-09T23:07:04] PARAM implementation=CCNlite
[2026-06-09T23:07:04] PARAM workload_type=MDO
[2026-06-09T23:07:04] PARAM test_link=LI_10GbE_aggregation_backhaul
[2026-06-09T23:07:04] METRIC object_size_bytes=312073.8
[2026-06-09T23:07:04] METRIC link_bandwidth_gbps=10.0
[2026-06-09T23:07:04] METRIC throughput_gbps=2.3408
[2026-06-09T23:07:04] METRIC latency_ms=19.2218
[2026-06-09T23:07:04] METRIC cpu_util_pct=55.44
[2026-06-09T23:07:04] RUN_END status=OK
[2026-06-09T23:09:22] RUN_START run_id=MDO_CCNlite_116
[2026-06-09T23:09:22] PARAM implementation=CCNlite
[2026-06-09T23:09:22] PARAM workload_type=MDO
[2026-06-09T23:09:22] PARAM test_link=LI_10GbE_aggregation_backhaul
[2026-06-09T23:09:22] METRIC object_size_bytes=339343.2
[2026-06-09T23:09:22] METRIC link_bandwidth_gbps=10.0
[2026-06-09T23:09:22] METRIC throughput_gbps=2.328
[2026-06-09T23:09:22] METRIC latency_ms=17.1684
[2026-06-09T23:09:22] METRIC cpu_util_pct=56.23
[2026-06-09T23:09:22] RUN_END status=OK
[2026-06-09T23:13:37] RUN_START run_id=MDO_CCNlite_117
[2026-06-09T23:13:37] PARAM implementation=CCNlite
[2026-06-09T23:13:37] PARAM workload_type=MDO
[2026-06-09T23:13:37] PARAM test_link=LI_10GbE_aggregation_backhaul
[2026-06-09T23:13:37] METRIC object_size_bytes=234787.8
[2026-06-09T23:13:37] METRIC link_bandwidth_gbps=10.0
[2026-06-09T23:13:37] METRIC throughput_gbps=2.3534
[2026-06-09T23:13:37] METRIC latency_ms=18.2072
[2026-06-09T23:13:37] METRIC cpu_util_pct=61.64
[2026-06-09T23:13:37] RUN_END status=OK
[2026-06-09T23:14:40] RUN_START run_id=MDO_CCNlite_118
[2026-06-09T23:14:40] PARAM implementation=CCNlite
[2026-06-09T23:14:40] PARAM workload_type=MDO
[2026-06-09T23:14:40] PARAM test_link=LI_10GbE_aggregation_backhaul
[2026-06-09T23:14:40] METRIC object_size_bytes=318013.6
[2026-06-09T23:14:40] METRIC link_bandwidth_gbps=10.0
[2026-06-09T23:14:40] METRIC throughput_gbps=2.2429
[2026-06-09T23:14:40] METRIC latency_ms=16.8892
[2026-06-09T23:14:40] METRIC cpu_util_pct=55.67
[2026-06-09T23:14:40] RUN_END status=OK
[2026-06-09T23:16:53] RUN_START run_id=MDO_CCNlite_119
[2026-06-09T23:16:53] PARAM implementation=CCNlite
[2026-06-09T23:16:53] PARAM workload_type=MDO
[2026-06-09T23:16:53] PARAM test_link=LI_10GbE_aggregation_backhaul
[2026-06-09T23:16:53] METRIC object_size_bytes=80026.7
[2026-06-09T23:16:53] METRIC link_bandwidth_gbps=10.0
[2026-06-09T23:16:53] METRIC throughput_gbps=2.2973
[2026-06-09T23:16:53] METRIC latency_ms=18.779
[2026-06-09T23:16:53] METRIC cpu_util_pct=58.76
[2026-06-09T23:16:53] RUN_END status=OK
[2026-06-09T23:18:51] RUN_START run_id=MDO_CCNlite_120
[2026-06-09T23:18:51] PARAM implementation=CCNlite
[2026-06-09T23:18:51] PARAM workload_type=MDO
[2026-06-09T23:18:51] PARAM test_link=LI_10GbE_aggregation_backhaul
[2026-06-09T23:18:51] METRIC object_size_bytes=472930.0
[2026-06-09T23:18:51] METRIC link_bandwidth_gbps=10.0
[2026-06-09T23:18:51] METRIC throughput_gbps=2.2991
[2026-06-09T23:18:51] METRIC latency_ms=18.1616
[2026-06-09T23:18:51] METRIC cpu_util_pct=58.43
[2026-06-09T23:18:51] RUN_END status=OK
[2026-06-09T23:22:52] RUN_START run_id=MDO_CCNlite_121
[2026-06-09T23:22:52] PARAM implementation=CCNlite
[2026-06-09T23:22:52] PARAM workload_type=MDO
[2026-06-09T23:22:52] PARAM test_link=LI_10GbE_aggregation_backhaul
[2026-06-09T23:22:52] METRIC object_size_bytes=383773.2
[2026-06-09T23:22:52] METRIC link_bandwidth_gbps=10.0
[2026-06-09T23:22:52] METRIC throughput_gbps=2.3329
[2026-06-09T23:22:52] METRIC latency_ms=18.61
[2026-06-09T23:22:52] METRIC cpu_util_pct=58.58
[2026-06-09T23:22:52] RUN_END status=OK
[2026-06-09T23:24:41] RUN_START run_id=MDO_CCNlite_122
[2026-06-09T23:24:41] PARAM implementation=CCNlite
[2026-06-09T23:24:41] PARAM workload_type=MDO
[2026-06-09T23:24:41] PARAM test_link=LI_10GbE_aggregation_backhaul
[2026-06-09T23:24:41] METRIC object_size_bytes=315116.3
[2026-06-09T23:24:41] METRIC link_bandwidth_gbps=10.0
[2026-06-09T23:24:41] METRIC throughput_gbps=2.2029
[2026-06-09T23:24:41] METRIC latency_ms=16.2942
[2026-06-09T23:24:41] METRIC cpu_util_pct=54.75
[2026-06-09T23:24:41] RUN_END status=OK
[2026-06-09T23:28:23] RUN_START run_id=MDO_CCNlite_123
[2026-06-09T23:28:23] PARAM implementation=CCNlite
[2026-06-09T23:28:23] PARAM workload_type=MDO
[2026-06-09T23:28:23] PARAM test_link=LI_10GbE_aggregation_backhaul
[2026-06-09T23:28:23] METRIC object_size_bytes=263382.6
[2026-06-09T23:28:23] METRIC link_bandwidth_gbps=10.0
[2026-06-09T23:28:23] METRIC throughput_gbps=2.3283
[2026-06-09T23:28:23] METRIC latency_ms=18.3978
[2026-06-09T23:28:23] METRIC cpu_util_pct=55.47
[2026-06-09T23:28:23] RUN_END status=OK
[2026-06-09T23:29:53] RUN_START run_id=MDO_CCNlite_124
[2026-06-09T23:29:53] PARAM implementation=CCNlite
[2026-06-09T23:29:53] PARAM workload_type=MDO
[2026-06-09T23:29:53] PARAM test_link=LI_10GbE_aggregation_backhaul
[2026-06-09T23:29:53] METRIC object_size_bytes=444865.8
[2026-06-09T23:29:53] METRIC link_bandwidth_gbps=10.0
[2026-06-09T23:29:53] METRIC throughput_gbps=2.122
[2026-06-09T23:29:53] METRIC latency_ms=17.6555
[2026-06-09T23:29:53] METRIC cpu_util_pct=54.74
[2026-06-09T23:29:53] RUN_END status=OK
[2026-06-09T23:30:20] RUN_START run_id=MDO_CCNlite_125
[2026-06-09T23:30:20] PARAM implementation=CCNlite
[2026-06-09T23:30:20] PARAM workload_type=MDO
[2026-06-09T23:30:20] PARAM test_link=LI_10GbE_aggregation_backhaul
[2026-06-09T23:30:20] METRIC object_size_bytes=90235.2
[2026-06-09T23:30:20] METRIC link_bandwidth_gbps=10.0
[2026-06-09T23:30:20] METRIC throughput_gbps=2.3858
[2026-06-09T23:30:20] METRIC latency_ms=15.2516
[2026-06-09T23:30:20] METRIC cpu_util_pct=58.01
[2026-06-09T23:30:20] RUN_END status=OK
[2026-06-11T03:22:09] RUN_START run_id=MDO_CCNlite_126
[2026-06-11T03:22:09] PARAM implementation=CCNlite
[2026-06-11T03:22:09] PARAM workload_type=MDO
[2026-06-11T03:22:09] PARAM test_link=LI_10GbE_aggregation_backhaul
[2026-06-11T03:22:09] METRIC object_size_bytes=97969.2
[2026-06-11T03:22:09] METRIC link_bandwidth_gbps=10.0
[2026-06-11T03:22:09] METRIC throughput_gbps=2.1931
[2026-06-11T03:22:09] METRIC latency_ms=16.7881
[2026-06-11T03:22:09] METRIC cpu_util_pct=54.97
[2026-06-11T03:22:09] RUN_END status=OK
