[2026-04-25T09:03:17] RUN_START run_id=LDO_PythonNDN_005
[2026-04-25T09:03:17] PARAM implementation=PythonNDN
[2026-04-25T09:03:17] PARAM workload_type=LDO
[2026-04-25T09:03:17] PARAM test_link=LI_10GbE_aggregation_backhaul
[2026-04-25T09:03:17] METRIC object_size_bytes=4253905.0
[2026-04-25T09:03:17] METRIC link_bandwidth_gbps=10.0
[2026-04-25T09:03:17] METRIC throughput_gbps=0.8073
[2026-04-25T09:03:17] METRIC latency_ms=163.7207
[2026-04-25T09:03:17] METRIC cpu_util_pct=88.78
[2026-04-25T09:03:17] RUN_END status=OK
[2026-04-25T09:05:53] RUN_START run_id=LDO_PythonNDN_006
[2026-04-25T09:05:53] PARAM implementation=PythonNDN
[2026-04-25T09:05:53] PARAM workload_type=LDO
[2026-04-25T09:05:53] PARAM test_link=LI_10GbE_aggregation_backhaul
[2026-04-25T09:05:53] METRIC object_size_bytes=3249297.8
[2026-04-25T09:05:53] METRIC link_bandwidth_gbps=10.0
[2026-04-25T09:05:53] METRIC throughput_gbps=0.8261
[2026-04-25T09:05:53] METRIC latency_ms=175.9568
[2026-04-25T09:05:53] METRIC cpu_util_pct=83.5
[2026-04-25T09:05:53] RUN_END status=OK
[2026-04-25T09:08:35] RUN_START run_id=LDO_PythonNDN_007
[2026-04-25T09:08:35] PARAM implementation=PythonNDN
[2026-04-25T09:08:35] PARAM workload_type=LDO
[2026-04-25T09:08:35] PARAM test_link=LI_10GbE_aggregation_backhaul
[2026-04-25T09:08:35] METRIC object_size_bytes=1249206.5
[2026-04-25T09:08:35] METRIC link_bandwidth_gbps=10.0
[2026-04-25T09:08:35] METRIC throughput_gbps=0.7957
[2026-04-25T09:08:35] METRIC latency_ms=174.5629
[2026-04-25T09:08:35] METRIC cpu_util_pct=86.8
[2026-04-25T09:08:35] RUN_END status=OK
[2026-04-25T09:14:08] RUN_START run_id=LDO_PythonNDN_008
[2026-04-25T09:14:08] PARAM implementation=PythonNDN
[2026-04-25T09:14:08] PARAM workload_type=LDO
[2026-04-25T09:14:08] PARAM test_link=LI_10GbE_aggregation_backhaul
[2026-04-25T09:14:08] METRIC object_size_bytes=2635765.1
[2026-04-25T09:14:08] METRIC link_bandwidth_gbps=10.0
[2026-04-25T09:14:08] METRIC throughput_gbps=0.9021
[2026-04-25T09:14:08] METRIC latency_ms=157.6433
[2026-04-25T09:14:08] METRIC cpu_util_pct=95.87
[2026-04-25T09:14:08] RUN_END status=OK
[2026-04-25T09:17:57] RUN_START run_id=LDO_PythonNDN_009
[2026-04-25T09:17:57] PARAM implementation=PythonNDN
[2026-04-25T09:17:57] PARAM workload_type=LDO
[2026-04-25T09:17:57] PARAM test_link=LI_10GbE_aggregation_backhaul
[2026-04-25T09:17:57] METRIC object_size_bytes=1099400.9
[2026-04-25T09:17:57] METRIC link_bandwidth_gbps=10.0
[2026-04-25T09:17:57] METRIC throughput_gbps=0.8399
[2026-04-25T09:17:57] METRIC latency_ms=159.4184
[2026-04-25T09:17:57] METRIC cpu_util_pct=88.89
[2026-04-25T09:17:57] RUN_END status=OK
[2026-04-25T09:20:50] RUN_START run_id=LDO_PythonNDN_010
[2026-04-25T09:20:50] PARAM implementation=PythonNDN
[2026-04-25T09:20:50] PARAM workload_type=LDO
[2026-04-25T09:20:50] PARAM test_link=LI_10GbE_aggregation_backhaul
[2026-04-25T09:20:50] METRIC object_size_bytes=1319447.0
[2026-04-25T09:20:50] METRIC link_bandwidth_gbps=10.0
[2026-04-25T09:20:50] METRIC throughput_gbps=0.8137
[2026-04-25T09:20:50] METRIC latency_ms=155.0003
[2026-04-25T09:20:50] METRIC cpu_util_pct=94.75
[2026-04-25T09:20:50] RUN_END status=OK
[2026-04-25T09:21:50] RUN_START run_id=LDO_PythonNDN_011
[2026-04-25T09:21:50] PARAM implementation=PythonNDN
[2026-04-25T09:21:50] PARAM workload_type=LDO
[2026-04-25T09:21:50] PARAM test_link=LI_10GbE_aggregation_backhaul
[2026-04-25T09:21:50] METRIC object_size_bytes=1874623.9
[2026-04-25T09:21:50] METRIC link_bandwidth_gbps=10.0
[2026-04-25T09:21:50] METRIC throughput_gbps=0.846
[2026-04-25T09:21:50] METRIC latency_ms=157.8008
[2026-04-25T09:21:50] METRIC cpu_util_pct=89.62
[2026-04-25T09:21:50] RUN_END status=OK
[2026-04-25T09:24:23] RUN_START run_id=LDO_PythonNDN_012
[2026-04-25T09:24:23] PARAM implementation=PythonNDN
[2026-04-25T09:24:23] PARAM workload_type=LDO
[2026-04-25T09:24:23] PARAM test_link=LI_10GbE_aggregation_backhaul
[2026-04-25T09:24:23] METRIC object_size_bytes=3424441.5
[2026-04-25T09:24:23] METRIC link_bandwidth_gbps=10.0
[2026-04-25T09:24:23] METRIC throughput_gbps=0.8207
[2026-04-25T09:24:23] METRIC latency_ms=165.079
[2026-04-25T09:24:23] METRIC cpu_util_pct=92.78
[2026-04-25T09:24:23] RUN_END status=OK
[2026-04-25T09:28:03] RUN_START run_id=LDO_PythonNDN_013
[2026-04-25T09:28:03] PARAM implementation=PythonNDN
[2026-04-25T09:28:03] PARAM workload_type=LDO
[2026-04-25T09:28:03] PARAM test_link=LI_10GbE_aggregation_backhaul
[2026-04-25T09:28:03] METRIC object_size_bytes=3317463.7
[2026-04-25T09:28:03] METRIC link_bandwidth_gbps=10.0
[2026-04-25T09:28:03] METRIC throughput_gbps=0.7679
[2026-04-25T09:28:03] METRIC latency_ms=148.7047
[2026-04-25T09:28:03] METRIC cpu_util_pct=97.43
[2026-04-25T09:28:03] RUN_END status=OK
[2026-04-25T09:30:06] RUN_START run_id=LDO_PythonNDN_014
[2026-04-25T09:30:06] PARAM implementation=PythonNDN
[2026-04-25T09:30:06] PARAM workload_type=LDO
[2026-04-25T09:30:06] PARAM test_link=LI_10GbE_aggregation_backhaul
[2026-04-25T09:30:06] METRIC object_size_bytes=1517933.7
[2026-04-25T09:30:06] METRIC link_bandwidth_gbps=10.0
[2026-04-25T09:30:06] METRIC throughput_gbps=0.8184
[2026-04-25T09:30:06] METRIC latency_ms=159.1446
[2026-04-25T09:30:06] METRIC cpu_util_pct=96.19
[2026-04-25T09:30:06] RUN_END status=OK
[2026-04-25T09:31:13] RUN_START run_id=LDO_PythonNDN_015
[2026-04-25T09:31:13] PARAM implementation=PythonNDN
[2026-04-25T09:31:13] PARAM workload_type=LDO
[2026-04-25T09:31:13] PARAM test_link=LI_10GbE_aggregation_backhaul
[2026-04-25T09:31:13] METRIC object_size_bytes=3956425.5
[2026-04-25T09:31:13] METRIC link_bandwidth_gbps=10.0
[2026-04-25T09:31:13] METRIC throughput_gbps=0.798
[2026-04-25T09:31:13] METRIC latency_ms=166.7792
[2026-04-25T09:31:13] METRIC cpu_util_pct=88.03
[2026-04-25T09:31:13] RUN_END status=OK
[2026-04-25T12:06:11] RUN_START run_id=LDO_PythonNDN_016
[2026-04-25T12:06:11] PARAM implementation=PythonNDN
[2026-04-25T12:06:11] PARAM workload_type=LDO
[2026-04-25T12:06:11] PARAM test_link=LI_10GbE_aggregation_backhaul
[2026-04-25T12:06:11] METRIC object_size_bytes=3033304.3
[2026-04-25T12:06:11] METRIC link_bandwidth_gbps=10.0
[2026-04-25T12:06:11] METRIC throughput_gbps=0.7222
[2026-04-25T12:06:11] METRIC latency_ms=157.7089
[2026-04-25T12:06:11] METRIC cpu_util_pct=92.61
[2026-04-25T12:06:11] RUN_END status=OK
[2026-04-25T12:09:50] RUN_START run_id=LDO_PythonNDN_017
[2026-04-25T12:09:50] PARAM implementation=PythonNDN
[2026-04-25T12:09:50] PARAM workload_type=LDO
[2026-04-25T12:09:50] PARAM test_link=LI_10GbE_aggregation_backhaul
[2026-04-25T12:09:50] METRIC object_size_bytes=3611753.9
[2026-04-25T12:09:50] METRIC link_bandwidth_gbps=10.0
[2026-04-25T12:09:50] METRIC throughput_gbps=0.799
[2026-04-25T12:09:50] METRIC latency_ms=152.1447
[2026-04-25T12:09:50] METRIC cpu_util_pct=98.84
[2026-04-25T12:09:50] RUN_END status=OK
[2026-04-25T12:14:26] RUN_START run_id=LDO_PythonNDN_018
[2026-04-25T12:14:26] PARAM implementation=PythonNDN
[2026-04-25T12:14:26] PARAM workload_type=LDO
[2026-04-25T12:14:26] PARAM test_link=LI_10GbE_aggregation_backhaul
[2026-04-25T12:14:26] METRIC object_size_bytes=3150987.0
[2026-04-25T12:14:26] METRIC link_bandwidth_gbps=10.0
[2026-04-25T12:14:26] METRIC throughput_gbps=0.7747
[2026-04-25T12:14:26] METRIC latency_ms=168.6086
[2026-04-25T12:14:26] METRIC cpu_util_pct=92.75
[2026-04-25T12:14:26] RUN_END status=OK
[2026-04-25T12:16:19] RUN_START run_id=LDO_PythonNDN_019
[2026-04-25T12:16:19] PARAM implementation=PythonNDN
[2026-04-25T12:16:19] PARAM workload_type=LDO
[2026-04-25T12:16:19] PARAM test_link=LI_10GbE_aggregation_backhaul
[2026-04-25T12:16:19] METRIC object_size_bytes=2547150.1
[2026-04-25T12:16:19] METRIC link_bandwidth_gbps=10.0
[2026-04-25T12:16:19] METRIC throughput_gbps=0.8467
[2026-04-25T12:16:19] METRIC latency_ms=143.541
[2026-04-25T12:16:19] METRIC cpu_util_pct=98.5
[2026-04-25T12:16:19] RUN_END status=OK
[2026-04-25T12:18:28] RUN_START run_id=LDO_PythonNDN_020
[2026-04-25T12:18:28] PARAM implementation=PythonNDN
[2026-04-25T12:18:28] PARAM workload_type=LDO
[2026-04-25T12:18:28] PARAM test_link=LI_10GbE_aggregation_backhaul
[2026-04-25T12:18:28] METRIC object_size_bytes=3738962.2
[2026-04-25T12:18:28] METRIC link_bandwidth_gbps=10.0
[2026-04-25T12:18:28] METRIC throughput_gbps=0.8125
[2026-04-25T12:18:28] METRIC latency_ms=161.6837
[2026-04-25T12:18:28] METRIC cpu_util_pct=100.0
[2026-04-25T12:18:28] RUN_END status=OK
[2026-04-25T12:19:37] RUN_START run_id=LDO_PythonNDN_021
[2026-04-25T12:19:37] PARAM implementation=PythonNDN
[2026-04-25T12:19:37] PARAM workload_type=LDO
[2026-04-25T12:19:37] PARAM test_link=LI_10GbE_aggregation_backhaul
[2026-04-25T12:19:37] METRIC object_size_bytes=4733257.1
[2026-04-25T12:19:37] METRIC link_bandwidth_gbps=10.0
[2026-04-25T12:19:37] METRIC throughput_gbps=0.767
[2026-04-25T12:19:37] METRIC latency_ms=163.254
[2026-04-25T12:19:37] METRIC cpu_util_pct=96.63
[2026-04-25T12:19:37] RUN_END status=OK
[2026-04-25T12:24:02] RUN_START run_id=LDO_PythonNDN_022
[2026-04-25T12:24:02] PARAM implementation=PythonNDN
[2026-04-25T12:24:02] PARAM workload_type=LDO
[2026-04-25T12:24:02] PARAM test_link=LI_10GbE_aggregation_backhaul
[2026-04-25T12:24:02] METRIC object_size_bytes=4446230.0
[2026-04-25T12:24:02] METRIC link_bandwidth_gbps=10.0
[2026-04-25T12:24:02] METRIC throughput_gbps=0.8271
[2026-04-25T12:24:02] METRIC latency_ms=174.4195
[2026-04-25T12:24:02] METRIC cpu_util_pct=83.39
[2026-04-25T12:24:02] RUN_END status=OK
