[2026-05-26T08:21:06] RUN_START run_id=SDO_CCNlite_023
[2026-05-26T08:21:06] PARAM implementation=CCNlite
[2026-05-26T08:21:06] PARAM workload_type=SDO
[2026-05-26T08:21:06] PARAM test_link=LI_10GbE_aggregation_backhaul
[2026-05-26T08:21:06] METRIC object_size_bytes=1927.5
[2026-05-26T08:21:06] METRIC link_bandwidth_gbps=10.0
[2026-05-26T08:21:06] METRIC throughput_gbps=1.067
[2026-05-26T08:21:06] METRIC latency_ms=1.2777
[2026-05-26T08:21:06] METRIC cpu_util_pct=51.82
[2026-05-26T08:21:06] RUN_END status=OK
[2026-05-26T08:24:24] RUN_START run_id=SDO_CCNlite_024
[2026-05-26T08:24:24] PARAM implementation=CCNlite
[2026-05-26T08:24:24] PARAM workload_type=SDO
[2026-05-26T08:24:24] PARAM test_link=LI_10GbE_aggregation_backhaul
[2026-05-26T08:24:24] METRIC object_size_bytes=1813.2
[2026-05-26T08:24:24] METRIC link_bandwidth_gbps=10.0
[2026-05-26T08:24:24] METRIC throughput_gbps=1.0562
[2026-05-26T08:24:24] METRIC latency_ms=1.1481
[2026-05-26T08:24:24] METRIC cpu_util_pct=49.1
[2026-05-26T08:24:24] RUN_END status=OK
[2026-05-26T08:27:09] RUN_START run_id=SDO_CCNlite_025
[2026-05-26T08:27:09] PARAM implementation=CCNlite
[2026-05-26T08:27:09] PARAM workload_type=SDO
[2026-05-26T08:27:09] PARAM test_link=LI_10GbE_aggregation_backhaul
[2026-05-26T08:27:09] METRIC object_size_bytes=288.2
[2026-05-26T08:27:09] METRIC link_bandwidth_gbps=10.0
[2026-05-26T08:27:09] METRIC throughput_gbps=0.989
[2026-05-26T08:27:09] METRIC latency_ms=1.3571
[2026-05-26T08:27:09] METRIC cpu_util_pct=47.69
[2026-05-26T08:27:09] RUN_END status=OK
[2026-05-26T08:30:55] RUN_START run_id=SDO_CCNlite_026
[2026-05-26T08:30:55] PARAM implementation=CCNlite
[2026-05-26T08:30:55] PARAM workload_type=SDO
[2026-05-26T08:30:55] PARAM test_link=LI_10GbE_aggregation_backhaul
[2026-05-26T08:30:55] METRIC object_size_bytes=1150.8
[2026-05-26T08:30:55] METRIC link_bandwidth_gbps=10.0
[2026-05-26T08:30:55] METRIC throughput_gbps=1.0228
[2026-05-26T08:30:55] METRIC latency_ms=1.1582
[2026-05-26T08:30:55] METRIC cpu_util_pct=51.07
[2026-05-26T08:30:55] RUN_END status=OK
[2026-05-26T08:33:36] RUN_START run_id=SDO_CCNlite_027
[2026-05-26T08:33:36] PARAM implementation=CCNlite
[2026-05-26T08:33:36] PARAM workload_type=SDO
[2026-05-26T08:33:36] PARAM test_link=LI_10GbE_aggregation_backhaul
[2026-05-26T08:33:36] METRIC object_size_bytes=200.1
[2026-05-26T08:33:36] METRIC link_bandwidth_gbps=10.0
[2026-05-26T08:33:36] METRIC throughput_gbps=1.0538
[2026-05-26T08:33:36] METRIC latency_ms=1.2017
[2026-05-26T08:33:36] METRIC cpu_util_pct=49.85
[2026-05-26T08:33:36] RUN_END status=OK
[2026-05-26T08:34:25] RUN_START run_id=SDO_CCNlite_028
[2026-05-26T08:34:25] PARAM implementation=CCNlite
[2026-05-26T08:34:25] PARAM workload_type=SDO
[2026-05-26T08:34:25] PARAM test_link=LI_10GbE_aggregation_backhaul
[2026-05-26T08:34:25] METRIC object_size_bytes=1460.9
[2026-05-26T08:34:25] METRIC link_bandwidth_gbps=10.0
[2026-05-26T08:34:25] METRIC throughput_gbps=1.1187
[2026-05-26T08:34:25] METRIC latency_ms=1.1157
[2026-05-26T08:34:25] METRIC cpu_util_pct=51.03
[2026-05-26T08:34:25] RUN_END status=OK
[2026-05-26T08:35:39] RUN_START run_id=SDO_CCNlite_029
[2026-05-26T08:35:39] PARAM implementation=CCNlite
[2026-05-26T08:35:39] PARAM workload_type=SDO
[2026-05-26T08:35:39] PARAM test_link=LI_10GbE_aggregation_backhaul
[2026-05-26T08:35:39] METRIC object_size_bytes=442.4
[2026-05-26T08:35:39] METRIC link_bandwidth_gbps=10.0
[2026-05-26T08:35:39] METRIC throughput_gbps=1.0439
[2026-05-26T08:35:39] METRIC latency_ms=1.1998
[2026-05-26T08:35:39] METRIC cpu_util_pct=46.01
[2026-05-26T08:35:39] RUN_END status=OK
[2026-05-26T08:36:44] RUN_START run_id=SDO_CCNlite_030
[2026-05-26T08:36:44] PARAM implementation=CCNlite
[2026-05-26T08:36:44] PARAM workload_type=SDO
[2026-05-26T08:36:44] PARAM test_link=LI_10GbE_aggregation_backhaul
[2026-05-26T08:36:44] METRIC object_size_bytes=1864.0
[2026-05-26T08:36:44] METRIC link_bandwidth_gbps=10.0
[2026-05-26T08:36:44] METRIC throughput_gbps=1.0717
[2026-05-26T08:36:44] METRIC latency_ms=1.1399
[2026-05-26T08:36:44] METRIC cpu_util_pct=50.52
[2026-05-26T08:36:44] RUN_END status=OK
[2026-05-26T08:40:01] RUN_START run_id=SDO_CCNlite_031
[2026-05-26T08:40:01] PARAM implementation=CCNlite
[2026-05-26T08:40:01] PARAM workload_type=SDO
[2026-05-26T08:40:01] PARAM test_link=LI_10GbE_aggregation_backhaul
[2026-05-26T08:40:01] METRIC object_size_bytes=1979.2
[2026-05-26T08:40:01] METRIC link_bandwidth_gbps=10.0
[2026-05-26T08:40:01] METRIC throughput_gbps=1.036
[2026-05-26T08:40:01] METRIC latency_ms=1.2131
[2026-05-26T08:40:01] METRIC cpu_util_pct=51.92
[2026-05-26T08:40:01] RUN_END status=OK
[2026-05-26T08:41:14] RUN_START run_id=SDO_CCNlite_032
[2026-05-26T08:41:14] PARAM implementation=CCNlite
[2026-05-26T08:41:14] PARAM workload_type=SDO
[2026-05-26T08:41:14] PARAM test_link=LI_10GbE_aggregation_backhaul
[2026-05-26T08:41:14] METRIC object_size_bytes=1916.8
[2026-05-26T08:41:14] METRIC link_bandwidth_gbps=10.0
[2026-05-26T08:41:14] METRIC throughput_gbps=1.0707
[2026-05-26T08:41:14] METRIC latency_ms=1.3084
[2026-05-26T08:41:14] METRIC cpu_util_pct=50.15
[2026-05-26T08:41:14] RUN_END status=OK
[2026-05-26T08:43:18] RUN_START run_id=SDO_CCNlite_033
[2026-05-26T08:43:18] PARAM implementation=CCNlite
[2026-05-26T08:43:18] PARAM workload_type=SDO
[2026-05-26T08:43:18] PARAM test_link=LI_10GbE_aggregation_backhaul
[2026-05-26T08:43:18] METRIC object_size_bytes=616.6
[2026-05-26T08:43:18] METRIC link_bandwidth_gbps=10.0
[2026-05-26T08:43:18] METRIC throughput_gbps=1.1201
[2026-05-26T08:43:18] METRIC latency_ms=1.2175
[2026-05-26T08:43:18] METRIC cpu_util_pct=47.17
[2026-05-26T08:43:18] RUN_END status=OK
[2026-05-27T14:13:07] RUN_START run_id=SDO_CCNlite_034
[2026-05-27T14:13:07] PARAM implementation=CCNlite
[2026-05-27T14:13:07] PARAM workload_type=SDO
[2026-05-27T14:13:07] PARAM test_link=LI_10GbE_aggregation_backhaul
[2026-05-27T14:13:07] METRIC object_size_bytes=584.1
[2026-05-27T14:13:07] METRIC link_bandwidth_gbps=10.0
[2026-05-27T14:13:07] METRIC throughput_gbps=1.1306
[2026-05-27T14:13:07] METRIC latency_ms=1.1508
[2026-05-27T14:13:07] METRIC cpu_util_pct=55.48
[2026-05-27T14:13:07] RUN_END status=OK
[2026-05-27T14:15:19] RUN_START run_id=SDO_CCNlite_035
[2026-05-27T14:15:19] PARAM implementation=CCNlite
[2026-05-27T14:15:19] PARAM workload_type=SDO
[2026-05-27T14:15:19] PARAM test_link=LI_10GbE_aggregation_backhaul
[2026-05-27T14:15:19] METRIC object_size_bytes=1870.6
[2026-05-27T14:15:19] METRIC link_bandwidth_gbps=10.0
[2026-05-27T14:15:19] METRIC throughput_gbps=1.1326
[2026-05-27T14:15:19] METRIC latency_ms=1.1375
[2026-05-27T14:15:19] METRIC cpu_util_pct=55.38
[2026-05-27T14:15:19] RUN_END status=OK
[2026-05-27T14:16:14] RUN_START run_id=SDO_CCNlite_036
[2026-05-27T14:16:14] PARAM implementation=CCNlite
[2026-05-27T14:16:14] PARAM workload_type=SDO
[2026-05-27T14:16:14] PARAM test_link=LI_10GbE_aggregation_backhaul
[2026-05-27T14:16:14] METRIC object_size_bytes=1548.6
[2026-05-27T14:16:14] METRIC link_bandwidth_gbps=10.0
[2026-05-27T14:16:14] METRIC throughput_gbps=1.1846
[2026-05-27T14:16:14] METRIC latency_ms=1.1678
[2026-05-27T14:16:14] METRIC cpu_util_pct=49.53
[2026-05-27T14:16:14] RUN_END status=OK
[2026-05-27T14:17:43] RUN_START run_id=SDO_CCNlite_037
[2026-05-27T14:17:43] PARAM implementation=CCNlite
[2026-05-27T14:17:43] PARAM workload_type=SDO
[2026-05-27T14:17:43] PARAM test_link=LI_10GbE_aggregation_backhaul
[2026-05-27T14:17:43] METRIC object_size_bytes=285.3
[2026-05-27T14:17:43] METRIC link_bandwidth_gbps=10.0
[2026-05-27T14:17:43] METRIC throughput_gbps=1.1016
[2026-05-27T14:17:43] METRIC latency_ms=1.3967
[2026-05-27T14:17:43] METRIC cpu_util_pct=49.31
[2026-05-27T14:17:43] RUN_END status=OK
