[2026-04-21T20:48:56] RUN_START run_id=SDO_PythonNDN_067
[2026-04-21T20:48:56] PARAM implementation=PythonNDN
[2026-04-21T20:48:56] PARAM workload_type=SDO
[2026-04-21T20:48:56] PARAM test_link=LI_10GbE_aggregation_backhaul
[2026-04-21T20:48:56] METRIC object_size_bytes=1762.9
[2026-04-21T20:48:56] METRIC link_bandwidth_gbps=10.0
[2026-04-21T20:48:56] METRIC throughput_gbps=0.3669
[2026-04-21T20:48:56] METRIC latency_ms=3.0548
[2026-04-21T20:48:56] METRIC cpu_util_pct=82.95
[2026-04-21T20:48:56] RUN_END status=OK
[2026-04-21T20:52:59] RUN_START run_id=SDO_PythonNDN_068
[2026-04-21T20:52:59] PARAM implementation=PythonNDN
[2026-04-21T20:52:59] PARAM workload_type=SDO
[2026-04-21T20:52:59] PARAM test_link=LI_10GbE_aggregation_backhaul
[2026-04-21T20:52:59] METRIC object_size_bytes=1923.6
[2026-04-21T20:52:59] METRIC link_bandwidth_gbps=10.0
[2026-04-21T20:52:59] METRIC throughput_gbps=0.4002
[2026-04-21T20:52:59] METRIC latency_ms=3.0596
[2026-04-21T20:52:59] METRIC cpu_util_pct=73.49
[2026-04-21T20:52:59] RUN_END status=OK
[2026-04-21T20:54:48] RUN_START run_id=SDO_PythonNDN_069
[2026-04-21T20:54:48] PARAM implementation=PythonNDN
[2026-04-21T20:54:48] PARAM workload_type=SDO
[2026-04-21T20:54:48] PARAM test_link=LI_10GbE_aggregation_backhaul
[2026-04-21T20:54:48] METRIC object_size_bytes=528.9
[2026-04-21T20:54:48] METRIC link_bandwidth_gbps=10.0
[2026-04-21T20:54:48] METRIC throughput_gbps=0.4032
[2026-04-21T20:54:48] METRIC latency_ms=3.4473
[2026-04-21T20:54:48] METRIC cpu_util_pct=80.75
[2026-04-21T20:54:48] RUN_END status=OK
[2026-04-21T21:00:35] RUN_START run_id=SDO_PythonNDN_070
[2026-04-21T21:00:35] PARAM implementation=PythonNDN
[2026-04-21T21:00:35] PARAM workload_type=SDO
[2026-04-21T21:00:35] PARAM test_link=LI_10GbE_aggregation_backhaul
[2026-04-21T21:00:35] METRIC object_size_bytes=453.4
[2026-04-21T21:00:35] METRIC link_bandwidth_gbps=10.0
[2026-04-21T21:00:35] METRIC throughput_gbps=0.4005
[2026-04-21T21:00:35] METRIC latency_ms=3.5026
[2026-04-21T21:00:35] METRIC cpu_util_pct=79.81
[2026-04-21T21:00:35] RUN_END status=OK
[2026-04-21T21:03:27] RUN_START run_id=SDO_PythonNDN_071
[2026-04-21T21:03:27] PARAM implementation=PythonNDN
[2026-04-21T21:03:27] PARAM workload_type=SDO
[2026-04-21T21:03:27] PARAM test_link=LI_10GbE_aggregation_backhaul
[2026-04-21T21:03:27] METRIC object_size_bytes=999.7
[2026-04-21T21:03:27] METRIC link_bandwidth_gbps=10.0
[2026-04-21T21:03:27] METRIC throughput_gbps=0.3747
[2026-04-21T21:03:27] METRIC latency_ms=2.9732
[2026-04-21T21:03:27] METRIC cpu_util_pct=78.05
[2026-04-21T21:03:27] RUN_END status=OK
[2026-04-21T21:05:41] RUN_START run_id=SDO_PythonNDN_072
[2026-04-21T21:05:41] PARAM implementation=PythonNDN
[2026-04-21T21:05:41] PARAM workload_type=SDO
[2026-04-21T21:05:41] PARAM test_link=LI_10GbE_aggregation_backhaul
[2026-04-21T21:05:41] METRIC object_size_bytes=521.0
[2026-04-21T21:05:41] METRIC link_bandwidth_gbps=10.0
[2026-04-21T21:05:41] METRIC throughput_gbps=0.373
[2026-04-21T21:05:41] METRIC latency_ms=3.0947
[2026-04-21T21:05:41] METRIC cpu_util_pct=77.57
[2026-04-21T21:05:41] RUN_END status=OK
[2026-04-21T21:07:40] RUN_START run_id=SDO_PythonNDN_073
[2026-04-21T21:07:40] PARAM implementation=PythonNDN
[2026-04-21T21:07:40] PARAM workload_type=SDO
[2026-04-21T21:07:40] PARAM test_link=LI_10GbE_aggregation_backhaul
[2026-04-21T21:07:40] METRIC object_size_bytes=709.4
[2026-04-21T21:07:40] METRIC link_bandwidth_gbps=10.0
[2026-04-21T21:07:40] METRIC throughput_gbps=0.3816
[2026-04-21T21:07:40] METRIC latency_ms=2.9077
[2026-04-21T21:07:40] METRIC cpu_util_pct=71.32
[2026-04-21T21:07:40] RUN_END status=OK
[2026-04-21T21:10:21] RUN_START run_id=SDO_PythonNDN_074
[2026-04-21T21:10:21] PARAM implementation=PythonNDN
[2026-04-21T21:10:21] PARAM workload_type=SDO
[2026-04-21T21:10:21] PARAM test_link=LI_10GbE_aggregation_backhaul
[2026-04-21T21:10:21] METRIC object_size_bytes=967.1
[2026-04-21T21:10:21] METRIC link_bandwidth_gbps=10.0
[2026-04-21T21:10:21] METRIC throughput_gbps=0.3755
[2026-04-21T21:10:21] METRIC latency_ms=3.4072
[2026-04-21T21:10:21] METRIC cpu_util_pct=73.88
[2026-04-21T21:10:21] RUN_END status=OK
[2026-04-21T21:14:28] RUN_START run_id=SDO_PythonNDN_075
[2026-04-21T21:14:28] PARAM implementation=PythonNDN
[2026-04-21T21:14:28] PARAM workload_type=SDO
[2026-04-21T21:14:28] PARAM test_link=LI_10GbE_aggregation_backhaul
[2026-04-21T21:14:28] METRIC object_size_bytes=1598.2
[2026-04-21T21:14:28] METRIC link_bandwidth_gbps=10.0
[2026-04-21T21:14:28] METRIC throughput_gbps=0.3944
[2026-04-21T21:14:28] METRIC latency_ms=3.3257
[2026-04-21T21:14:28] METRIC cpu_util_pct=79.27
[2026-04-21T21:14:28] RUN_END status=OK
[2026-04-21T21:16:43] RUN_START run_id=SDO_PythonNDN_076
[2026-04-21T21:16:43] PARAM implementation=PythonNDN
[2026-04-21T21:16:43] PARAM workload_type=SDO
[2026-04-21T21:16:43] PARAM test_link=LI_10GbE_aggregation_backhaul
[2026-04-21T21:16:43] METRIC object_size_bytes=1556.4
[2026-04-21T21:16:43] METRIC link_bandwidth_gbps=10.0
[2026-04-21T21:16:43] METRIC throughput_gbps=0.3755
[2026-04-21T21:16:43] METRIC latency_ms=3.2913
[2026-04-21T21:16:43] METRIC cpu_util_pct=76.75
[2026-04-21T21:16:43] RUN_END status=OK
[2026-04-21T21:19:59] RUN_START run_id=SDO_PythonNDN_077
[2026-04-21T21:19:59] PARAM implementation=PythonNDN
[2026-04-21T21:19:59] PARAM workload_type=SDO
[2026-04-21T21:19:59] PARAM test_link=LI_10GbE_aggregation_backhaul
[2026-04-21T21:19:59] METRIC object_size_bytes=1255.7
[2026-04-21T21:19:59] METRIC link_bandwidth_gbps=10.0
[2026-04-21T21:19:59] METRIC throughput_gbps=0.3794
[2026-04-21T21:19:59] METRIC latency_ms=2.9502
[2026-04-21T21:19:59] METRIC cpu_util_pct=83.6
[2026-04-21T21:19:59] RUN_END status=OK
