[2026-05-20T00:00:54] RUN_START run_id=MDO_PythonNDN_063
[2026-05-20T00:00:54] PARAM implementation=PythonNDN
[2026-05-20T00:00:54] PARAM workload_type=MDO
[2026-05-20T00:00:54] PARAM test_link=LI_10GbE_aggregation_backhaul
[2026-05-20T00:00:54] METRIC object_size_bytes=108132.4
[2026-05-20T00:00:54] METRIC link_bandwidth_gbps=10.0
[2026-05-20T00:00:54] METRIC throughput_gbps=0.6954
[2026-05-20T00:00:54] METRIC latency_ms=29.2536
[2026-05-20T00:00:54] METRIC cpu_util_pct=93.58
[2026-05-20T00:00:54] RUN_END status=OK
[2026-05-20T00:08:06] RUN_START run_id=MDO_PythonNDN_064
[2026-05-20T00:08:06] PARAM implementation=PythonNDN
[2026-05-20T00:08:06] PARAM workload_type=MDO
[2026-05-20T00:08:06] PARAM test_link=LI_10GbE_aggregation_backhaul
[2026-05-20T00:08:06] METRIC object_size_bytes=396098.5
[2026-05-20T00:08:06] METRIC link_bandwidth_gbps=10.0
[2026-05-20T00:08:06] METRIC throughput_gbps=0.6827
[2026-05-20T00:08:06] METRIC latency_ms=27.2428
[2026-05-20T00:08:06] METRIC cpu_util_pct=88.65
[2026-05-20T00:08:06] RUN_END status=OK
[2026-05-20T00:10:28] RUN_START run_id=MDO_PythonNDN_065
[2026-05-20T00:10:28] PARAM implementation=PythonNDN
[2026-05-20T00:10:28] PARAM workload_type=MDO
[2026-05-20T00:10:28] PARAM test_link=LI_10GbE_aggregation_backhaul
[2026-05-20T00:10:28] METRIC object_size_bytes=443776.0
[2026-05-20T00:10:28] METRIC link_bandwidth_gbps=10.0
[2026-05-20T00:10:28] METRIC throughput_gbps=0.77
[2026-05-20T00:10:28] METRIC latency_ms=31.1213
[2026-05-20T00:10:28] METRIC cpu_util_pct=89.81
[2026-05-20T00:10:28] RUN_END status=OK
[2026-05-20T00:12:17] RUN_START run_id=MDO_PythonNDN_066
[2026-05-20T00:12:17] PARAM implementation=PythonNDN
[2026-05-20T00:12:17] PARAM workload_type=MDO
[2026-05-20T00:12:17] PARAM test_link=LI_10GbE_aggregation_backhaul
[2026-05-20T00:12:17] METRIC object_size_bytes=172050.6
[2026-05-20T00:12:17] METRIC link_bandwidth_gbps=10.0
[2026-05-20T00:12:17] METRIC throughput_gbps=0.7674
[2026-05-20T00:12:17] METRIC latency_ms=28.4637
[2026-05-20T00:12:17] METRIC cpu_util_pct=95.27
[2026-05-20T00:12:17] RUN_END status=OK
[2026-05-20T00:17:05] RUN_START run_id=MDO_PythonNDN_067
[2026-05-20T00:17:05] PARAM implementation=PythonNDN
[2026-05-20T00:17:05] PARAM workload_type=MDO
[2026-05-20T00:17:05] PARAM test_link=LI_10GbE_aggregation_backhaul
[2026-05-20T00:17:05] METRIC object_size_bytes=434781.0
[2026-05-20T00:17:05] METRIC link_bandwidth_gbps=10.0
[2026-05-20T00:17:05] METRIC throughput_gbps=0.7949
[2026-05-20T00:17:05] METRIC latency_ms=29.0351
[2026-05-20T00:17:05] METRIC cpu_util_pct=87.79
[2026-05-20T00:17:05] RUN_END status=OK
[2026-05-20T00:21:29] RUN_START run_id=MDO_PythonNDN_068
[2026-05-20T00:21:29] PARAM implementation=PythonNDN
[2026-05-20T00:21:29] PARAM workload_type=MDO
[2026-05-20T00:21:29] PARAM test_link=LI_10GbE_aggregation_backhaul
[2026-05-20T00:21:29] METRIC object_size_bytes=211553.8
[2026-05-20T00:21:29] METRIC link_bandwidth_gbps=10.0
[2026-05-20T00:21:29] METRIC throughput_gbps=0.7136
[2026-05-20T00:21:29] METRIC latency_ms=27.8641
[2026-05-20T00:21:29] METRIC cpu_util_pct=97.56
[2026-05-20T00:21:29] RUN_END status=OK
[2026-05-20T00:27:54] RUN_START run_id=MDO_PythonNDN_069
[2026-05-20T00:27:54] PARAM implementation=PythonNDN
[2026-05-20T00:27:54] PARAM workload_type=MDO
[2026-05-20T00:27:54] PARAM test_link=LI_10GbE_aggregation_backhaul
[2026-05-20T00:27:54] METRIC object_size_bytes=106822.2
[2026-05-20T00:27:54] METRIC link_bandwidth_gbps=10.0
[2026-05-20T00:27:54] METRIC throughput_gbps=0.6956
[2026-05-20T00:27:54] METRIC latency_ms=29.8935
[2026-05-20T00:27:54] METRIC cpu_util_pct=96.45
[2026-05-20T00:27:54] RUN_END status=OK
[2026-05-20T00:28:41] RUN_START run_id=MDO_PythonNDN_070
[2026-05-20T00:28:41] PARAM implementation=PythonNDN
[2026-05-20T00:28:41] PARAM workload_type=MDO
[2026-05-20T00:28:41] PARAM test_link=LI_10GbE_aggregation_backhaul
[2026-05-20T00:28:41] METRIC object_size_bytes=171809.5
[2026-05-20T00:28:41] METRIC link_bandwidth_gbps=10.0
[2026-05-20T00:28:41] METRIC throughput_gbps=0.7221
[2026-05-20T00:28:41] METRIC latency_ms=27.3673
[2026-05-20T00:28:41] METRIC cpu_util_pct=86.78
[2026-05-20T00:28:41] RUN_END status=OK
[2026-05-20T00:29:43] RUN_START run_id=MDO_PythonNDN_071
[2026-05-20T00:29:43] PARAM implementation=PythonNDN
[2026-05-20T00:29:43] PARAM workload_type=MDO
[2026-05-20T00:29:43] PARAM test_link=LI_10GbE_aggregation_backhaul
[2026-05-20T00:29:43] METRIC object_size_bytes=276952.7
[2026-05-20T00:29:43] METRIC link_bandwidth_gbps=10.0
[2026-05-20T00:29:43] METRIC throughput_gbps=0.6938
[2026-05-20T00:29:43] METRIC latency_ms=31.9137
[2026-05-20T00:29:43] METRIC cpu_util_pct=94.91
[2026-05-20T00:29:43] RUN_END status=OK
[2026-05-20T00:32:08] RUN_START run_id=MDO_PythonNDN_072
[2026-05-20T00:32:08] PARAM implementation=PythonNDN
[2026-05-20T00:32:08] PARAM workload_type=MDO
[2026-05-20T00:32:08] PARAM test_link=LI_10GbE_aggregation_backhaul
[2026-05-20T00:32:08] METRIC object_size_bytes=181894.4
[2026-05-20T00:32:08] METRIC link_bandwidth_gbps=10.0
[2026-05-20T00:32:08] METRIC throughput_gbps=0.7425
[2026-05-20T00:32:08] METRIC latency_ms=27.9337
[2026-05-20T00:32:08] METRIC cpu_util_pct=100.0
[2026-05-20T00:32:08] RUN_END status=OK
[2026-05-20T00:33:44] RUN_START run_id=MDO_PythonNDN_073
[2026-05-20T00:33:44] PARAM implementation=PythonNDN
[2026-05-20T00:33:44] PARAM workload_type=MDO
[2026-05-20T00:33:44] PARAM test_link=LI_10GbE_aggregation_backhaul
[2026-05-20T00:33:44] METRIC object_size_bytes=178324.4
[2026-05-20T00:33:44] METRIC link_bandwidth_gbps=10.0
[2026-05-20T00:33:44] METRIC throughput_gbps=0.7186
[2026-05-20T00:33:44] METRIC latency_ms=35.1163
[2026-05-20T00:33:44] METRIC cpu_util_pct=97.52
[2026-05-20T00:33:44] RUN_END status=OK
