[2026-04-25T12:24:51] RUN_START run_id=LDO_PythonNDN_023
[2026-04-25T12:24:51] PARAM implementation=PythonNDN
[2026-04-25T12:24:51] PARAM workload_type=LDO
[2026-04-25T12:24:51] PARAM test_link=LI_10GbE_aggregation_backhaul
[2026-04-25T12:24:51] METRIC object_size_bytes=4487744.2
[2026-04-25T12:24:51] METRIC link_bandwidth_gbps=10.0
[2026-04-25T12:24:51] METRIC throughput_gbps=0.7943
[2026-04-25T12:24:51] METRIC latency_ms=153.4836
[2026-04-25T12:24:51] METRIC cpu_util_pct=91.18
[2026-04-25T12:24:51] RUN_END status=OK
[2026-04-25T12:27:38] RUN_START run_id=LDO_PythonNDN_024
[2026-04-25T12:27:38] PARAM implementation=PythonNDN
[2026-04-25T12:27:38] PARAM workload_type=LDO
[2026-04-25T12:27:38] PARAM test_link=LI_10GbE_aggregation_backhaul
[2026-04-25T12:27:38] METRIC object_size_bytes=2859635.8
[2026-04-25T12:27:38] METRIC link_bandwidth_gbps=10.0
[2026-04-25T12:27:38] METRIC throughput_gbps=0.7672
[2026-04-25T12:27:38] METRIC latency_ms=159.6701
[2026-04-25T12:27:38] METRIC cpu_util_pct=93.76
[2026-04-25T12:27:38] RUN_END status=OK
[2026-04-25T12:30:07] RUN_START run_id=LDO_PythonNDN_025
[2026-04-25T12:30:07] PARAM implementation=PythonNDN
[2026-04-25T12:30:07] PARAM workload_type=LDO
[2026-04-25T12:30:07] PARAM test_link=LI_10GbE_aggregation_backhaul
[2026-04-25T12:30:07] METRIC object_size_bytes=3533960.3
[2026-04-25T12:30:07] METRIC link_bandwidth_gbps=10.0
[2026-04-25T12:30:07] METRIC throughput_gbps=0.8023
[2026-04-25T12:30:07] METRIC latency_ms=149.338
[2026-04-25T12:30:07] METRIC cpu_util_pct=90.82
[2026-04-25T12:30:07] RUN_END status=OK
[2026-04-25T12:31:21] RUN_START run_id=LDO_PythonNDN_026
[2026-04-25T12:31:21] PARAM implementation=PythonNDN
[2026-04-25T12:31:21] PARAM workload_type=LDO
[2026-04-25T12:31:21] PARAM test_link=LI_10GbE_aggregation_backhaul
[2026-04-25T12:31:21] METRIC object_size_bytes=2486482.6
[2026-04-25T12:31:21] METRIC link_bandwidth_gbps=10.0
[2026-04-25T12:31:21] METRIC throughput_gbps=0.7626
[2026-04-25T12:31:21] METRIC latency_ms=161.8642
[2026-04-25T12:31:21] METRIC cpu_util_pct=88.28
[2026-04-25T12:31:21] RUN_END status=OK
[2026-04-25T12:34:29] RUN_START run_id=LDO_PythonNDN_027
[2026-04-25T12:34:29] PARAM implementation=PythonNDN
[2026-04-25T12:34:29] PARAM workload_type=LDO
[2026-04-25T12:34:29] PARAM test_link=LI_10GbE_aggregation_backhaul
[2026-04-25T12:34:29] METRIC object_size_bytes=3268497.7
[2026-04-25T12:34:29] METRIC link_bandwidth_gbps=10.0
[2026-04-25T12:34:29] METRIC throughput_gbps=0.7662
[2026-04-25T12:34:29] METRIC latency_ms=130.6205
[2026-04-25T12:34:29] METRIC cpu_util_pct=87.06
[2026-04-25T12:34:29] RUN_END status=OK
[2026-04-25T12:35:55] RUN_START run_id=LDO_PythonNDN_028
[2026-04-25T12:35:55] PARAM implementation=PythonNDN
[2026-04-25T12:35:55] PARAM workload_type=LDO
[2026-04-25T12:35:55] PARAM test_link=LI_10GbE_aggregation_backhaul
[2026-04-25T12:35:55] METRIC object_size_bytes=1803690.8
[2026-04-25T12:35:55] METRIC link_bandwidth_gbps=10.0
[2026-04-25T12:35:55] METRIC throughput_gbps=0.771
[2026-04-25T12:35:55] METRIC latency_ms=151.853
[2026-04-25T12:35:55] METRIC cpu_util_pct=89.7
[2026-04-25T12:35:55] RUN_END status=OK
[2026-04-25T12:38:17] RUN_START run_id=LDO_PythonNDN_029
[2026-04-25T12:38:17] PARAM implementation=PythonNDN
[2026-04-25T12:38:17] PARAM workload_type=LDO
[2026-04-25T12:38:17] PARAM test_link=LI_10GbE_aggregation_backhaul
[2026-04-25T12:38:17] METRIC object_size_bytes=4347711.0
[2026-04-25T12:38:17] METRIC link_bandwidth_gbps=10.0
[2026-04-25T12:38:17] METRIC throughput_gbps=0.7373
[2026-04-25T12:38:17] METRIC latency_ms=143.1472
[2026-04-25T12:38:17] METRIC cpu_util_pct=95.96
[2026-04-25T12:38:17] RUN_END status=OK
[2026-04-25T12:41:51] RUN_START run_id=LDO_PythonNDN_030
[2026-04-25T12:41:51] PARAM implementation=PythonNDN
[2026-04-25T12:41:51] PARAM workload_type=LDO
[2026-04-25T12:41:51] PARAM test_link=LI_10GbE_aggregation_backhaul
[2026-04-25T12:41:51] METRIC object_size_bytes=3911576.1
[2026-04-25T12:41:51] METRIC link_bandwidth_gbps=10.0
[2026-04-25T12:41:51] METRIC throughput_gbps=0.7987
[2026-04-25T12:41:51] METRIC latency_ms=162.7264
[2026-04-25T12:41:51] METRIC cpu_util_pct=94.19
[2026-04-25T12:41:51] RUN_END status=OK
[2026-04-25T12:45:22] RUN_START run_id=LDO_PythonNDN_031
[2026-04-25T12:45:22] PARAM implementation=PythonNDN
[2026-04-25T12:45:22] PARAM workload_type=LDO
[2026-04-25T12:45:22] PARAM test_link=LI_10GbE_aggregation_backhaul
[2026-04-25T12:45:22] METRIC object_size_bytes=3238438.1
[2026-04-25T12:45:22] METRIC link_bandwidth_gbps=10.0
[2026-04-25T12:45:22] METRIC throughput_gbps=0.855
[2026-04-25T12:45:22] METRIC latency_ms=156.2294
[2026-04-25T12:45:22] METRIC cpu_util_pct=96.94
[2026-04-25T12:45:22] RUN_END status=OK
[2026-04-25T12:47:55] RUN_START run_id=LDO_PythonNDN_032
[2026-04-25T12:47:55] PARAM implementation=PythonNDN
[2026-04-25T12:47:55] PARAM workload_type=LDO
[2026-04-25T12:47:55] PARAM test_link=LI_10GbE_aggregation_backhaul
[2026-04-25T12:47:55] METRIC object_size_bytes=1518382.5
[2026-04-25T12:47:55] METRIC link_bandwidth_gbps=10.0
[2026-04-25T12:47:55] METRIC throughput_gbps=0.7839
[2026-04-25T12:47:55] METRIC latency_ms=154.4981
[2026-04-25T12:47:55] METRIC cpu_util_pct=94.22
[2026-04-25T12:47:55] RUN_END status=OK
[2026-04-25T12:48:44] RUN_START run_id=LDO_PythonNDN_033
[2026-04-25T12:48:44] PARAM implementation=PythonNDN
[2026-04-25T12:48:44] PARAM workload_type=LDO
[2026-04-25T12:48:44] PARAM test_link=LI_10GbE_aggregation_backhaul
[2026-04-25T12:48:44] METRIC object_size_bytes=2994907.6
[2026-04-25T12:48:44] METRIC link_bandwidth_gbps=10.0
[2026-04-25T12:48:44] METRIC throughput_gbps=0.7365
[2026-04-25T12:48:44] METRIC latency_ms=152.9
[2026-04-25T12:48:44] METRIC cpu_util_pct=91.19
[2026-04-25T12:48:44] RUN_END status=OK
[2026-04-25T12:51:39] RUN_START run_id=LDO_PythonNDN_034
[2026-04-25T12:51:39] PARAM implementation=PythonNDN
[2026-04-25T12:51:39] PARAM workload_type=LDO
[2026-04-25T12:51:39] PARAM test_link=LI_10GbE_aggregation_backhaul
[2026-04-25T12:51:39] METRIC object_size_bytes=4046370.5
[2026-04-25T12:51:39] METRIC link_bandwidth_gbps=10.0
[2026-04-25T12:51:39] METRIC throughput_gbps=0.7982
[2026-04-25T12:51:39] METRIC latency_ms=150.9407
[2026-04-25T12:51:39] METRIC cpu_util_pct=93.49
[2026-04-25T12:51:39] RUN_END status=OK
[2026-04-25T12:52:44] RUN_START run_id=LDO_PythonNDN_035
[2026-04-25T12:52:44] PARAM implementation=PythonNDN
[2026-04-25T12:52:44] PARAM workload_type=LDO
[2026-04-25T12:52:44] PARAM test_link=LI_10GbE_aggregation_backhaul
[2026-04-25T12:52:44] METRIC object_size_bytes=3131351.7
[2026-04-25T12:52:44] METRIC link_bandwidth_gbps=10.0
[2026-04-25T12:52:44] METRIC throughput_gbps=0.8484
[2026-04-25T12:52:44] METRIC latency_ms=147.0391
[2026-04-25T12:52:44] METRIC cpu_util_pct=83.25
[2026-04-25T12:52:44] RUN_END status=OK
[2026-04-25T12:56:36] RUN_START run_id=LDO_PythonNDN_036
[2026-04-25T12:56:36] PARAM implementation=PythonNDN
[2026-04-25T12:56:36] PARAM workload_type=LDO
[2026-04-25T12:56:36] PARAM test_link=LI_10GbE_aggregation_backhaul
[2026-04-25T12:56:36] METRIC object_size_bytes=2991446.9
[2026-04-25T12:56:36] METRIC link_bandwidth_gbps=10.0
[2026-04-25T12:56:36] METRIC throughput_gbps=0.8057
[2026-04-25T12:56:36] METRIC latency_ms=159.8348
[2026-04-25T12:56:36] METRIC cpu_util_pct=93.79
[2026-04-25T12:56:36] RUN_END status=OK
[2026-04-25T12:58:57] RUN_START run_id=LDO_PythonNDN_037
[2026-04-25T12:58:57] PARAM implementation=PythonNDN
[2026-04-25T12:58:57] PARAM workload_type=LDO
[2026-04-25T12:58:57] PARAM test_link=LI_10GbE_aggregation_backhaul
[2026-04-25T12:58:57] METRIC object_size_bytes=1356435.5
[2026-04-25T12:58:57] METRIC link_bandwidth_gbps=10.0
[2026-04-25T12:58:57] METRIC throughput_gbps=0.786
[2026-04-25T12:58:57] METRIC latency_ms=157.7001
[2026-04-25T12:58:57] METRIC cpu_util_pct=91.22
[2026-04-25T12:58:57] RUN_END status=OK
