[2026-05-05T20:40:47] RUN_START run_id=LDO_uDCN_108
[2026-05-05T20:40:47] PARAM implementation=uDCN
[2026-05-05T20:40:47] PARAM workload_type=LDO
[2026-05-05T20:40:47] PARAM test_link=LI_10GbE_aggregation_backhaul
[2026-05-05T20:40:47] METRIC object_size_bytes=2196091.0
[2026-05-05T20:40:47] METRIC link_bandwidth_gbps=10.0
[2026-05-05T20:40:47] METRIC throughput_gbps=5.8796
[2026-05-05T20:40:47] METRIC latency_ms=87.8269
[2026-05-05T20:40:47] METRIC cpu_util_pct=23.73
[2026-05-05T20:40:47] RUN_END status=OK
[2026-05-05T20:44:42] RUN_START run_id=LDO_uDCN_109
[2026-05-05T20:44:42] PARAM implementation=uDCN
[2026-05-05T20:44:42] PARAM workload_type=LDO
[2026-05-05T20:44:42] PARAM test_link=LI_10GbE_aggregation_backhaul
[2026-05-05T20:44:42] METRIC object_size_bytes=3205896.3
[2026-05-05T20:44:42] METRIC link_bandwidth_gbps=10.0
[2026-05-05T20:44:42] METRIC throughput_gbps=5.7795
[2026-05-05T20:44:42] METRIC latency_ms=79.9677
[2026-05-05T20:44:42] METRIC cpu_util_pct=21.02
[2026-05-05T20:44:42] RUN_END status=OK
[2026-05-05T20:45:46] RUN_START run_id=LDO_uDCN_110
[2026-05-05T20:45:46] PARAM implementation=uDCN
[2026-05-05T20:45:46] PARAM workload_type=LDO
[2026-05-05T20:45:46] PARAM test_link=LI_10GbE_aggregation_backhaul
[2026-05-05T20:45:46] METRIC object_size_bytes=4423191.8
[2026-05-05T20:45:46] METRIC link_bandwidth_gbps=10.0
[2026-05-05T20:45:46] METRIC throughput_gbps=6.0028
[2026-05-05T20:45:46] METRIC latency_ms=78.1433
[2026-05-05T20:45:46] METRIC cpu_util_pct=21.56
[2026-05-05T20:45:46] RUN_END status=OK
[2026-05-05T20:48:32] RUN_START run_id=LDO_uDCN_111
[2026-05-05T20:48:32] PARAM implementation=uDCN
[2026-05-05T20:48:32] PARAM workload_type=LDO
[2026-05-05T20:48:32] PARAM test_link=LI_10GbE_aggregation_backhaul
[2026-05-05T20:48:32] METRIC object_size_bytes=3559627.5
[2026-05-05T20:48:32] METRIC link_bandwidth_gbps=10.0
[2026-05-05T20:48:32] METRIC throughput_gbps=6.1756
[2026-05-05T20:48:32] METRIC latency_ms=99.8044
[2026-05-05T20:48:32] METRIC cpu_util_pct=23.14
[2026-05-05T20:48:32] RUN_END status=OK
[2026-05-05T20:51:23] RUN_START run_id=LDO_uDCN_112
[2026-05-05T20:51:23] PARAM implementation=uDCN
[2026-05-05T20:51:23] PARAM workload_type=LDO
[2026-05-05T20:51:23] PARAM test_link=LI_10GbE_aggregation_backhaul
[2026-05-05T20:51:23] METRIC object_size_bytes=2193747.9
[2026-05-05T20:51:23] METRIC link_bandwidth_gbps=10.0
[2026-05-05T20:51:23] METRIC throughput_gbps=6.3601
[2026-05-05T20:51:23] METRIC latency_ms=91.1495
[2026-05-05T20:51:23] METRIC cpu_util_pct=22.27
[2026-05-05T20:51:23] RUN_END status=OK
[2026-05-05T20:52:33] RUN_START run_id=LDO_uDCN_113
[2026-05-05T20:52:33] PARAM implementation=uDCN
[2026-05-05T20:52:33] PARAM workload_type=LDO
[2026-05-05T20:52:33] PARAM test_link=LI_10GbE_aggregation_backhaul
[2026-05-05T20:52:33] METRIC object_size_bytes=4332891.6
[2026-05-05T20:52:33] METRIC link_bandwidth_gbps=10.0
[2026-05-05T20:52:33] METRIC throughput_gbps=5.9228
[2026-05-05T20:52:33] METRIC latency_ms=84.3634
[2026-05-05T20:52:33] METRIC cpu_util_pct=25.77
[2026-05-05T20:52:33] RUN_END status=OK
[2026-05-05T20:53:36] RUN_START run_id=LDO_uDCN_114
[2026-05-05T20:53:36] PARAM implementation=uDCN
[2026-05-05T20:53:36] PARAM workload_type=LDO
[2026-05-05T20:53:36] PARAM test_link=LI_10GbE_aggregation_backhaul
[2026-05-05T20:53:36] METRIC object_size_bytes=2411867.1
[2026-05-05T20:53:36] METRIC link_bandwidth_gbps=10.0
[2026-05-05T20:53:36] METRIC throughput_gbps=5.7389
[2026-05-05T20:53:36] METRIC latency_ms=81.8692
[2026-05-05T20:53:36] METRIC cpu_util_pct=21.6
[2026-05-05T20:53:36] RUN_END status=OK
[2026-05-05T20:56:30] RUN_START run_id=LDO_uDCN_115
[2026-05-05T20:56:30] PARAM implementation=uDCN
[2026-05-05T20:56:30] PARAM workload_type=LDO
[2026-05-05T20:56:30] PARAM test_link=LI_10GbE_aggregation_backhaul
[2026-05-05T20:56:30] METRIC object_size_bytes=4575808.3
[2026-05-05T20:56:30] METRIC link_bandwidth_gbps=10.0
[2026-05-05T20:56:30] METRIC throughput_gbps=6.1204
[2026-05-05T20:56:30] METRIC latency_ms=100.7879
[2026-05-05T20:56:30] METRIC cpu_util_pct=23.16
[2026-05-05T20:56:30] RUN_END status=OK
[2026-05-05T20:57:08] RUN_START run_id=LDO_uDCN_116
[2026-05-05T20:57:08] PARAM implementation=uDCN
[2026-05-05T20:57:08] PARAM workload_type=LDO
[2026-05-05T20:57:08] PARAM test_link=LI_10GbE_aggregation_backhaul
[2026-05-05T20:57:08] METRIC object_size_bytes=1968969.2
[2026-05-05T20:57:08] METRIC link_bandwidth_gbps=10.0
[2026-05-05T20:57:08] METRIC throughput_gbps=5.9459
[2026-05-05T20:57:08] METRIC latency_ms=82.5194
[2026-05-05T20:57:08] METRIC cpu_util_pct=20.81
[2026-05-05T20:57:08] RUN_END status=OK
[2026-05-05T20:59:06] RUN_START run_id=LDO_uDCN_117
[2026-05-05T20:59:06] PARAM implementation=uDCN
[2026-05-05T20:59:06] PARAM workload_type=LDO
[2026-05-05T20:59:06] PARAM test_link=LI_10GbE_aggregation_backhaul
[2026-05-05T20:59:06] METRIC object_size_bytes=4977702.5
[2026-05-05T20:59:06] METRIC link_bandwidth_gbps=10.0
[2026-05-05T20:59:06] METRIC throughput_gbps=6.0605
[2026-05-05T20:59:06] METRIC latency_ms=75.3164
[2026-05-05T20:59:06] METRIC cpu_util_pct=24.77
[2026-05-05T20:59:06] RUN_END status=OK
[2026-05-05T21:01:58] RUN_START run_id=LDO_uDCN_118
[2026-05-05T21:01:58] PARAM implementation=uDCN
[2026-05-05T21:01:58] PARAM workload_type=LDO
[2026-05-05T21:01:58] PARAM test_link=LI_10GbE_aggregation_backhaul
[2026-05-05T21:01:58] METRIC object_size_bytes=1391224.2
[2026-05-05T21:01:58] METRIC link_bandwidth_gbps=10.0
[2026-05-05T21:01:58] METRIC throughput_gbps=5.7031
[2026-05-05T21:01:58] METRIC latency_ms=74.8406
[2026-05-05T21:01:58] METRIC cpu_util_pct=21.76
[2026-05-05T21:01:58] RUN_END status=OK
[2026-05-05T21:02:10] RUN_START run_id=LDO_uDCN_119
[2026-05-05T21:02:10] PARAM implementation=uDCN
[2026-05-05T21:02:10] PARAM workload_type=LDO
[2026-05-05T21:02:10] PARAM test_link=LI_10GbE_aggregation_backhaul
[2026-05-05T21:02:10] METRIC object_size_bytes=4520595.1
[2026-05-05T21:02:10] METRIC link_bandwidth_gbps=10.0
[2026-05-05T21:02:10] METRIC throughput_gbps=5.9955
[2026-05-05T21:02:10] METRIC latency_ms=88.2184
[2026-05-05T21:02:10] METRIC cpu_util_pct=21.2
[2026-05-05T21:02:10] RUN_END status=OK
[2026-05-05T21:03:02] RUN_START run_id=LDO_uDCN_120
[2026-05-05T21:03:02] PARAM implementation=uDCN
[2026-05-05T21:03:02] PARAM workload_type=LDO
[2026-05-05T21:03:02] PARAM test_link=LI_10GbE_aggregation_backhaul
[2026-05-05T21:03:02] METRIC object_size_bytes=1575982.4
[2026-05-05T21:03:02] METRIC link_bandwidth_gbps=10.0
[2026-05-05T21:03:02] METRIC throughput_gbps=5.7936
[2026-05-05T21:03:02] METRIC latency_ms=85.3403
[2026-05-05T21:03:02] METRIC cpu_util_pct=22.82
[2026-05-05T21:03:02] RUN_END status=OK
[2026-05-05T21:10:00] RUN_START run_id=LDO_uDCN_121
[2026-05-05T21:10:00] PARAM implementation=uDCN
[2026-05-05T21:10:00] PARAM workload_type=LDO
[2026-05-05T21:10:00] PARAM test_link=LI_10GbE_aggregation_backhaul
[2026-05-05T21:10:00] METRIC object_size_bytes=1155671.9
[2026-05-05T21:10:00] METRIC link_bandwidth_gbps=10.0
[2026-05-05T21:10:00] METRIC throughput_gbps=5.7612
[2026-05-05T21:10:00] METRIC latency_ms=96.5368
[2026-05-05T21:10:00] METRIC cpu_util_pct=21.69
[2026-05-05T21:10:00] RUN_END status=OK
