[2026-05-05T04:20:36] RUN_START run_id=LDO_uDCN_065
[2026-05-05T04:20:36] PARAM implementation=uDCN
[2026-05-05T04:20:36] PARAM workload_type=LDO
[2026-05-05T04:20:36] PARAM test_link=LI_10GbE_aggregation_backhaul
[2026-05-05T04:20:36] METRIC object_size_bytes=4745867.1
[2026-05-05T04:20:36] METRIC link_bandwidth_gbps=10.0
[2026-05-05T04:20:36] METRIC throughput_gbps=5.9852
[2026-05-05T04:20:36] METRIC latency_ms=90.6482
[2026-05-05T04:20:36] METRIC cpu_util_pct=25.47
[2026-05-05T04:20:36] RUN_END status=OK
[2026-05-05T04:22:06] RUN_START run_id=LDO_uDCN_066
[2026-05-05T04:22:06] PARAM implementation=uDCN
[2026-05-05T04:22:06] PARAM workload_type=LDO
[2026-05-05T04:22:06] PARAM test_link=LI_10GbE_aggregation_backhaul
[2026-05-05T04:22:06] METRIC object_size_bytes=3630595.1
[2026-05-05T04:22:06] METRIC link_bandwidth_gbps=10.0
[2026-05-05T04:22:06] METRIC throughput_gbps=6.3715
[2026-05-05T04:22:06] METRIC latency_ms=93.319
[2026-05-05T04:22:06] METRIC cpu_util_pct=23.14
[2026-05-05T04:22:06] RUN_END status=OK
[2026-05-05T04:24:20] RUN_START run_id=LDO_uDCN_067
[2026-05-05T04:24:20] PARAM implementation=uDCN
[2026-05-05T04:24:20] PARAM workload_type=LDO
[2026-05-05T04:24:20] PARAM test_link=LI_10GbE_aggregation_backhaul
[2026-05-05T04:24:20] METRIC object_size_bytes=1464703.2
[2026-05-05T04:24:20] METRIC link_bandwidth_gbps=10.0
[2026-05-05T04:24:20] METRIC throughput_gbps=6.3685
[2026-05-05T04:24:20] METRIC latency_ms=92.3687
[2026-05-05T04:24:20] METRIC cpu_util_pct=24.33
[2026-05-05T04:24:20] RUN_END status=OK
[2026-05-05T04:27:58] RUN_START run_id=LDO_uDCN_068
[2026-05-05T04:27:58] PARAM implementation=uDCN
[2026-05-05T04:27:58] PARAM workload_type=LDO
[2026-05-05T04:27:58] PARAM test_link=LI_10GbE_aggregation_backhaul
[2026-05-05T04:27:58] METRIC object_size_bytes=4116236.7
[2026-05-05T04:27:58] METRIC link_bandwidth_gbps=10.0
[2026-05-05T04:27:58] METRIC throughput_gbps=5.9821
[2026-05-05T04:27:58] METRIC latency_ms=81.4201
[2026-05-05T04:27:58] METRIC cpu_util_pct=25.65
[2026-05-05T04:27:58] RUN_END status=OK
[2026-05-05T04:29:24] RUN_START run_id=LDO_uDCN_069
[2026-05-05T04:29:24] PARAM implementation=uDCN
[2026-05-05T04:29:24] PARAM workload_type=LDO
[2026-05-05T04:29:24] PARAM test_link=LI_10GbE_aggregation_backhaul
[2026-05-05T04:29:24] METRIC object_size_bytes=3627259.7
[2026-05-05T04:29:24] METRIC link_bandwidth_gbps=10.0
[2026-05-05T04:29:24] METRIC throughput_gbps=5.6968
[2026-05-05T04:29:24] METRIC latency_ms=83.9634
[2026-05-05T04:29:24] METRIC cpu_util_pct=23.91
[2026-05-05T04:29:24] RUN_END status=OK
[2026-05-05T04:31:34] RUN_START run_id=LDO_uDCN_070
[2026-05-05T04:31:34] PARAM implementation=uDCN
[2026-05-05T04:31:34] PARAM workload_type=LDO
[2026-05-05T04:31:34] PARAM test_link=LI_10GbE_aggregation_backhaul
[2026-05-05T04:31:34] METRIC object_size_bytes=1048327.3
[2026-05-05T04:31:34] METRIC link_bandwidth_gbps=10.0
[2026-05-05T04:31:34] METRIC throughput_gbps=6.12
[2026-05-05T04:31:34] METRIC latency_ms=89.815
[2026-05-05T04:31:34] METRIC cpu_util_pct=23.55
[2026-05-05T04:31:34] RUN_END status=OK
[2026-05-05T04:33:39] RUN_START run_id=LDO_uDCN_071
[2026-05-05T04:33:39] PARAM implementation=uDCN
[2026-05-05T04:33:39] PARAM workload_type=LDO
[2026-05-05T04:33:39] PARAM test_link=LI_10GbE_aggregation_backhaul
[2026-05-05T04:33:39] METRIC object_size_bytes=3791631.3
[2026-05-05T04:33:39] METRIC link_bandwidth_gbps=10.0
[2026-05-05T04:33:39] METRIC throughput_gbps=6.1605
[2026-05-05T04:33:39] METRIC latency_ms=92.173
[2026-05-05T04:33:39] METRIC cpu_util_pct=25.16
[2026-05-05T04:33:39] RUN_END status=OK
[2026-05-05T04:35:03] RUN_START run_id=LDO_uDCN_072
[2026-05-05T04:35:03] PARAM implementation=uDCN
[2026-05-05T04:35:03] PARAM workload_type=LDO
[2026-05-05T04:35:03] PARAM test_link=LI_10GbE_aggregation_backhaul
[2026-05-05T04:35:03] METRIC object_size_bytes=3602488.8
[2026-05-05T04:35:03] METRIC link_bandwidth_gbps=10.0
[2026-05-05T04:35:03] METRIC throughput_gbps=5.9441
[2026-05-05T04:35:03] METRIC latency_ms=99.1798
[2026-05-05T04:35:03] METRIC cpu_util_pct=24.44
[2026-05-05T04:35:03] RUN_END status=OK
[2026-05-05T04:35:23] RUN_START run_id=LDO_uDCN_073
[2026-05-05T04:35:23] PARAM implementation=uDCN
[2026-05-05T04:35:23] PARAM workload_type=LDO
[2026-05-05T04:35:23] PARAM test_link=LI_10GbE_aggregation_backhaul
[2026-05-05T04:35:23] METRIC object_size_bytes=3798689.7
[2026-05-05T04:35:23] METRIC link_bandwidth_gbps=10.0
[2026-05-05T04:35:23] METRIC throughput_gbps=6.208
[2026-05-05T04:35:23] METRIC latency_ms=85.4636
[2026-05-05T04:35:23] METRIC cpu_util_pct=23.54
[2026-05-05T04:35:23] RUN_END status=OK
[2026-05-05T04:36:29] RUN_START run_id=LDO_uDCN_074
[2026-05-05T04:36:29] PARAM implementation=uDCN
[2026-05-05T04:36:29] PARAM workload_type=LDO
[2026-05-05T04:36:29] PARAM test_link=LI_10GbE_aggregation_backhaul
[2026-05-05T04:36:29] METRIC object_size_bytes=2943062.8
[2026-05-05T04:36:29] METRIC link_bandwidth_gbps=10.0
[2026-05-05T04:36:29] METRIC throughput_gbps=6.3063
[2026-05-05T04:36:29] METRIC latency_ms=93.7961
[2026-05-05T04:36:29] METRIC cpu_util_pct=22.64
[2026-05-05T04:36:29] RUN_END status=OK
[2026-05-05T04:37:38] RUN_START run_id=LDO_uDCN_075
[2026-05-05T04:37:38] PARAM implementation=uDCN
[2026-05-05T04:37:38] PARAM workload_type=LDO
[2026-05-05T04:37:38] PARAM test_link=LI_10GbE_aggregation_backhaul
[2026-05-05T04:37:38] METRIC object_size_bytes=4127367.5
[2026-05-05T04:37:38] METRIC link_bandwidth_gbps=10.0
[2026-05-05T04:37:38] METRIC throughput_gbps=6.0828
[2026-05-05T04:37:38] METRIC latency_ms=97.9408
[2026-05-05T04:37:38] METRIC cpu_util_pct=23.18
[2026-05-05T04:37:38] RUN_END status=OK
