[2026-04-23T04:33:55] RUN_START run_id=SDO_PythonNDN_112
[2026-04-23T04:33:55] PARAM implementation=PythonNDN
[2026-04-23T04:33:55] PARAM workload_type=SDO
[2026-04-23T04:33:55] PARAM test_link=LI_10GbE_aggregation_backhaul
[2026-04-23T04:33:55] METRIC object_size_bytes=393.2
[2026-04-23T04:33:55] METRIC link_bandwidth_gbps=10.0
[2026-04-23T04:33:55] METRIC throughput_gbps=0.39
[2026-04-23T04:33:55] METRIC latency_ms=3.3647
[2026-04-23T04:33:55] METRIC cpu_util_pct=82.9
[2026-04-23T04:33:55] RUN_END status=OK
[2026-04-23T04:35:46] RUN_START run_id=SDO_PythonNDN_113
[2026-04-23T04:35:46] PARAM implementation=PythonNDN
[2026-04-23T04:35:46] PARAM workload_type=SDO
[2026-04-23T04:35:46] PARAM test_link=LI_10GbE_aggregation_backhaul
[2026-04-23T04:35:46] METRIC object_size_bytes=1125.9
[2026-04-23T04:35:46] METRIC link_bandwidth_gbps=10.0
[2026-04-23T04:35:46] METRIC throughput_gbps=0.4174
[2026-04-23T04:35:46] METRIC latency_ms=3.321
[2026-04-23T04:35:46] METRIC cpu_util_pct=83.78
[2026-04-23T04:35:46] RUN_END status=OK
[2026-04-23T04:37:57] RUN_START run_id=SDO_PythonNDN_114
[2026-04-23T04:37:57] PARAM implementation=PythonNDN
[2026-04-23T04:37:57] PARAM workload_type=SDO
[2026-04-23T04:37:57] PARAM test_link=LI_10GbE_aggregation_backhaul
[2026-04-23T04:37:57] METRIC object_size_bytes=1108.3
[2026-04-23T04:37:57] METRIC link_bandwidth_gbps=10.0
[2026-04-23T04:37:57] METRIC throughput_gbps=0.3761
[2026-04-23T04:37:57] METRIC latency_ms=3.4942
[2026-04-23T04:37:57] METRIC cpu_util_pct=83.45
[2026-04-23T04:37:57] RUN_END status=OK
[2026-04-23T04:39:14] RUN_START run_id=SDO_PythonNDN_115
[2026-04-23T04:39:14] PARAM implementation=PythonNDN
[2026-04-23T04:39:14] PARAM workload_type=SDO
[2026-04-23T04:39:14] PARAM test_link=LI_10GbE_aggregation_backhaul
[2026-04-23T04:39:14] METRIC object_size_bytes=946.7
[2026-04-23T04:39:14] METRIC link_bandwidth_gbps=10.0
[2026-04-23T04:39:14] METRIC throughput_gbps=0.3913
[2026-04-23T04:39:14] METRIC latency_ms=3.4275
[2026-04-23T04:39:14] METRIC cpu_util_pct=87.12
[2026-04-23T04:39:14] RUN_END status=OK
[2026-04-23T04:39:52] RUN_START run_id=SDO_PythonNDN_116
[2026-04-23T04:39:52] PARAM implementation=PythonNDN
[2026-04-23T04:39:52] PARAM workload_type=SDO
[2026-04-23T04:39:52] PARAM test_link=LI_10GbE_aggregation_backhaul
[2026-04-23T04:39:52] METRIC object_size_bytes=1008.3
[2026-04-23T04:39:52] METRIC link_bandwidth_gbps=10.0
[2026-04-23T04:39:52] METRIC throughput_gbps=0.3994
[2026-04-23T04:39:52] METRIC latency_ms=3.1838
[2026-04-23T04:39:52] METRIC cpu_util_pct=86.39
[2026-04-23T04:39:52] RUN_END status=OK
[2026-04-23T04:42:28] RUN_START run_id=SDO_PythonNDN_117
[2026-04-23T04:42:28] PARAM implementation=PythonNDN
[2026-04-23T04:42:28] PARAM workload_type=SDO
[2026-04-23T04:42:28] PARAM test_link=LI_10GbE_aggregation_backhaul
[2026-04-23T04:42:28] METRIC object_size_bytes=1907.9
[2026-04-23T04:42:28] METRIC link_bandwidth_gbps=10.0
[2026-04-23T04:42:28] METRIC throughput_gbps=0.3944
[2026-04-23T04:42:28] METRIC latency_ms=3.0335
[2026-04-23T04:42:28] METRIC cpu_util_pct=75.26
[2026-04-23T04:42:28] RUN_END status=OK
[2026-04-23T04:46:32] RUN_START run_id=SDO_PythonNDN_118
[2026-04-23T04:46:32] PARAM implementation=PythonNDN
[2026-04-23T04:46:32] PARAM workload_type=SDO
[2026-04-23T04:46:32] PARAM test_link=LI_10GbE_aggregation_backhaul
[2026-04-23T04:46:32] METRIC object_size_bytes=1321.0
[2026-04-23T04:46:32] METRIC link_bandwidth_gbps=10.0
[2026-04-23T04:46:32] METRIC throughput_gbps=0.3904
[2026-04-23T04:46:32] METRIC latency_ms=3.2941
[2026-04-23T04:46:32] METRIC cpu_util_pct=84.16
[2026-04-23T04:46:32] RUN_END status=OK
[2026-04-23T04:50:54] RUN_START run_id=SDO_PythonNDN_119
[2026-04-23T04:50:54] PARAM implementation=PythonNDN
[2026-04-23T04:50:54] PARAM workload_type=SDO
[2026-04-23T04:50:54] PARAM test_link=LI_10GbE_aggregation_backhaul
[2026-04-23T04:50:54] METRIC object_size_bytes=1915.1
[2026-04-23T04:50:54] METRIC link_bandwidth_gbps=10.0
[2026-04-23T04:50:54] METRIC throughput_gbps=0.41
[2026-04-23T04:50:54] METRIC latency_ms=3.3029
[2026-04-23T04:50:54] METRIC cpu_util_pct=92.55
[2026-04-23T04:50:54] RUN_END status=OK
[2026-04-23T04:53:06] RUN_START run_id=SDO_PythonNDN_120
[2026-04-23T04:53:06] PARAM implementation=PythonNDN
[2026-04-23T04:53:06] PARAM workload_type=SDO
[2026-04-23T04:53:06] PARAM test_link=LI_10GbE_aggregation_backhaul
[2026-04-23T04:53:06] METRIC object_size_bytes=894.8
[2026-04-23T04:53:06] METRIC link_bandwidth_gbps=10.0
[2026-04-23T04:53:06] METRIC throughput_gbps=0.3831
[2026-04-23T04:53:06] METRIC latency_ms=3.1004
[2026-04-23T04:53:06] METRIC cpu_util_pct=80.61
[2026-04-23T04:53:06] RUN_END status=OK
[2026-04-23T04:55:31] RUN_START run_id=SDO_PythonNDN_121
[2026-04-23T04:55:31] PARAM implementation=PythonNDN
[2026-04-23T04:55:31] PARAM workload_type=SDO
[2026-04-23T04:55:31] PARAM test_link=LI_10GbE_aggregation_backhaul
[2026-04-23T04:55:31] METRIC object_size_bytes=1239.5
[2026-04-23T04:55:31] METRIC link_bandwidth_gbps=10.0
[2026-04-23T04:55:31] METRIC throughput_gbps=0.3906
[2026-04-23T04:55:31] METRIC latency_ms=3.1319
[2026-04-23T04:55:31] METRIC cpu_util_pct=84.62
[2026-04-23T04:55:31] RUN_END status=OK
[2026-04-23T04:57:45] RUN_START run_id=SDO_PythonNDN_122
[2026-04-23T04:57:45] PARAM implementation=PythonNDN
[2026-04-23T04:57:45] PARAM workload_type=SDO
[2026-04-23T04:57:45] PARAM test_link=LI_10GbE_aggregation_backhaul
[2026-04-23T04:57:45] METRIC object_size_bytes=695.2
[2026-04-23T04:57:45] METRIC link_bandwidth_gbps=10.0
[2026-04-23T04:57:45] METRIC throughput_gbps=0.3952
[2026-04-23T04:57:45] METRIC latency_ms=3.0544
[2026-04-23T04:57:45] METRIC cpu_util_pct=81.34
[2026-04-23T04:57:45] RUN_END status=OK
[2026-04-23T04:59:49] RUN_START run_id=SDO_PythonNDN_123
[2026-04-23T04:59:49] PARAM implementation=PythonNDN
[2026-04-23T04:59:49] PARAM workload_type=SDO
[2026-04-23T04:59:49] PARAM test_link=LI_10GbE_aggregation_backhaul
[2026-04-23T04:59:49] METRIC object_size_bytes=1658.5
[2026-04-23T04:59:49] METRIC link_bandwidth_gbps=10.0
[2026-04-23T04:59:49] METRIC throughput_gbps=0.3771
[2026-04-23T04:59:49] METRIC latency_ms=3.263
[2026-04-23T04:59:49] METRIC cpu_util_pct=76.76
[2026-04-23T04:59:49] RUN_END status=OK
[2026-04-23T05:03:49] RUN_START run_id=SDO_PythonNDN_124
[2026-04-23T05:03:49] PARAM implementation=PythonNDN
[2026-04-23T05:03:49] PARAM workload_type=SDO
[2026-04-23T05:03:49] PARAM test_link=LI_10GbE_aggregation_backhaul
[2026-04-23T05:03:49] METRIC object_size_bytes=1050.6
[2026-04-23T05:03:49] METRIC link_bandwidth_gbps=10.0
[2026-04-23T05:03:49] METRIC throughput_gbps=0.3984
[2026-04-23T05:03:49] METRIC latency_ms=2.9927
[2026-04-23T05:03:49] METRIC cpu_util_pct=88.13
[2026-04-23T05:03:49] RUN_END status=OK
[2026-04-23T05:04:01] RUN_START run_id=SDO_PythonNDN_125
[2026-04-23T05:04:01] PARAM implementation=PythonNDN
[2026-04-23T05:04:01] PARAM workload_type=SDO
[2026-04-23T05:04:01] PARAM test_link=LI_10GbE_aggregation_backhaul
[2026-04-23T05:04:01] METRIC object_size_bytes=1112.1
[2026-04-23T05:04:01] METRIC link_bandwidth_gbps=10.0
[2026-04-23T05:04:01] METRIC throughput_gbps=0.4016
[2026-04-23T05:04:01] METRIC latency_ms=3.4737
[2026-04-23T05:04:01] METRIC cpu_util_pct=86.06
[2026-04-23T05:04:01] RUN_END status=OK
