[2026-05-20T01:23:38] RUN_START run_id=MDO_uDCN_147
[2026-05-20T01:23:38] PARAM implementation=uDCN
[2026-05-20T01:23:38] PARAM workload_type=MDO
[2026-05-20T01:23:38] PARAM test_link=LI_10GbE_aggregation_backhaul
[2026-05-20T01:23:38] METRIC object_size_bytes=139727.6
[2026-05-20T01:23:38] METRIC link_bandwidth_gbps=10.0
[2026-05-20T01:23:38] METRIC throughput_gbps=8.3444
[2026-05-20T01:23:38] METRIC latency_ms=11.7957
[2026-05-20T01:23:38] METRIC cpu_util_pct=17.92
[2026-05-20T01:23:38] RUN_END status=OK
[2026-05-20T01:25:59] RUN_START run_id=MDO_uDCN_148
[2026-05-20T01:25:59] PARAM implementation=uDCN
[2026-05-20T01:25:59] PARAM workload_type=MDO
[2026-05-20T01:25:59] PARAM test_link=LI_10GbE_aggregation_backhaul
[2026-05-20T01:25:59] METRIC object_size_bytes=305909.7
[2026-05-20T01:25:59] METRIC link_bandwidth_gbps=10.0
[2026-05-20T01:25:59] METRIC throughput_gbps=8.2738
[2026-05-20T01:25:59] METRIC latency_ms=12.4233
[2026-05-20T01:25:59] METRIC cpu_util_pct=17.53
[2026-05-20T01:25:59] RUN_END status=OK
[2026-05-20T01:28:02] RUN_START run_id=MDO_uDCN_149
[2026-05-20T01:28:02] PARAM implementation=uDCN
[2026-05-20T01:28:02] PARAM workload_type=MDO
[2026-05-20T01:28:02] PARAM test_link=LI_10GbE_aggregation_backhaul
[2026-05-20T01:28:02] METRIC object_size_bytes=372997.9
[2026-05-20T01:28:02] METRIC link_bandwidth_gbps=10.0
[2026-05-20T01:28:02] METRIC throughput_gbps=8.7202
[2026-05-20T01:28:02] METRIC latency_ms=12.209
[2026-05-20T01:28:02] METRIC cpu_util_pct=18.5
[2026-05-20T01:28:02] RUN_END status=OK
[2026-05-20T01:31:37] RUN_START run_id=MDO_uDCN_150
[2026-05-20T01:31:37] PARAM implementation=uDCN
[2026-05-20T01:31:37] PARAM workload_type=MDO
[2026-05-20T01:31:37] PARAM test_link=LI_10GbE_aggregation_backhaul
[2026-05-20T01:31:37] METRIC object_size_bytes=427448.1
[2026-05-20T01:31:37] METRIC link_bandwidth_gbps=10.0
[2026-05-20T01:31:37] METRIC throughput_gbps=8.5505
[2026-05-20T01:31:37] METRIC latency_ms=11.4065
[2026-05-20T01:31:37] METRIC cpu_util_pct=17.52
[2026-05-20T01:31:37] RUN_END status=OK
[2026-05-21T22:54:32] RUN_START run_id=MDO_PythonNDN_083
[2026-05-21T22:54:32] PARAM implementation=PythonNDN
[2026-05-21T22:54:32] PARAM workload_type=MDO
[2026-05-21T22:54:32] PARAM test_link=LI_10GbE_aggregation_backhaul
[2026-05-21T22:54:32] METRIC object_size_bytes=77896.1
[2026-05-21T22:54:32] METRIC link_bandwidth_gbps=10.0
[2026-05-21T22:54:32] METRIC throughput_gbps=0.6995
[2026-05-21T22:54:32] METRIC latency_ms=27.0261
[2026-05-21T22:54:32] METRIC cpu_util_pct=86.57
[2026-05-21T22:54:32] RUN_END status=OK
[2026-05-21T22:55:43] RUN_START run_id=MDO_PythonNDN_084
[2026-05-21T22:55:43] PARAM implementation=PythonNDN
[2026-05-21T22:55:43] PARAM workload_type=MDO
[2026-05-21T22:55:43] PARAM test_link=LI_10GbE_aggregation_backhaul
[2026-05-21T22:55:43] METRIC object_size_bytes=488710.1
[2026-05-21T22:55:43] METRIC link_bandwidth_gbps=10.0
[2026-05-21T22:55:43] METRIC throughput_gbps=0.678
[2026-05-21T22:55:43] METRIC latency_ms=27.2182
[2026-05-21T22:55:43] METRIC cpu_util_pct=82.29
[2026-05-21T22:55:43] RUN_END status=OK
[2026-05-21T22:58:33] RUN_START run_id=MDO_PythonNDN_085
[2026-05-21T22:58:33] PARAM implementation=PythonNDN
[2026-05-21T22:58:33] PARAM workload_type=MDO
[2026-05-21T22:58:33] PARAM test_link=LI_10GbE_aggregation_backhaul
[2026-05-21T22:58:33] METRIC object_size_bytes=360134.4
[2026-05-21T22:58:33] METRIC link_bandwidth_gbps=10.0
[2026-05-21T22:58:33] METRIC throughput_gbps=0.7181
[2026-05-21T22:58:33] METRIC latency_ms=27.1794
[2026-05-21T22:58:33] METRIC cpu_util_pct=92.99
[2026-05-21T22:58:33] RUN_END status=OK
[2026-05-21T22:59:06] RUN_START run_id=MDO_PythonNDN_086
[2026-05-21T22:59:06] PARAM implementation=PythonNDN
[2026-05-21T22:59:06] PARAM workload_type=MDO
[2026-05-21T22:59:06] PARAM test_link=LI_10GbE_aggregation_backhaul
[2026-05-21T22:59:06] METRIC object_size_bytes=182956.4
[2026-05-21T22:59:06] METRIC link_bandwidth_gbps=10.0
[2026-05-21T22:59:06] METRIC throughput_gbps=0.6748
[2026-05-21T22:59:06] METRIC latency_ms=28.2013
[2026-05-21T22:59:06] METRIC cpu_util_pct=89.9
[2026-05-21T22:59:06] RUN_END status=OK
[2026-05-21T23:04:31] RUN_START run_id=MDO_PythonNDN_087
[2026-05-21T23:04:31] PARAM implementation=PythonNDN
[2026-05-21T23:04:31] PARAM workload_type=MDO
[2026-05-21T23:04:31] PARAM test_link=LI_10GbE_aggregation_backhaul
[2026-05-21T23:04:31] METRIC object_size_bytes=82054.3
[2026-05-21T23:04:31] METRIC link_bandwidth_gbps=10.0
[2026-05-21T23:04:31] METRIC throughput_gbps=0.7118
[2026-05-21T23:04:31] METRIC latency_ms=25.3637
[2026-05-21T23:04:31] METRIC cpu_util_pct=90.98
[2026-05-21T23:04:31] RUN_END status=OK
[2026-05-21T23:07:40] RUN_START run_id=MDO_PythonNDN_088
[2026-05-21T23:07:40] PARAM implementation=PythonNDN
[2026-05-21T23:07:40] PARAM workload_type=MDO
[2026-05-21T23:07:40] PARAM test_link=LI_10GbE_aggregation_backhaul
[2026-05-21T23:07:40] METRIC object_size_bytes=360853.9
[2026-05-21T23:07:40] METRIC link_bandwidth_gbps=10.0
[2026-05-21T23:07:40] METRIC throughput_gbps=0.6726
[2026-05-21T23:07:40] METRIC latency_ms=26.5305
[2026-05-21T23:07:40] METRIC cpu_util_pct=83.59
[2026-05-21T23:07:40] RUN_END status=OK
[2026-05-21T23:09:17] RUN_START run_id=MDO_PythonNDN_089
[2026-05-21T23:09:17] PARAM implementation=PythonNDN
[2026-05-21T23:09:17] PARAM workload_type=MDO
[2026-05-21T23:09:17] PARAM test_link=LI_10GbE_aggregation_backhaul
[2026-05-21T23:09:17] METRIC object_size_bytes=211507.7
[2026-05-21T23:09:17] METRIC link_bandwidth_gbps=10.0
[2026-05-21T23:09:17] METRIC throughput_gbps=0.711
[2026-05-21T23:09:17] METRIC latency_ms=24.9622
[2026-05-21T23:09:17] METRIC cpu_util_pct=92.98
[2026-05-21T23:09:17] RUN_END status=OK
[2026-05-21T23:12:50] RUN_START run_id=MDO_PythonNDN_090
[2026-05-21T23:12:50] PARAM implementation=PythonNDN
[2026-05-21T23:12:50] PARAM workload_type=MDO
[2026-05-21T23:12:50] PARAM test_link=LI_10GbE_aggregation_backhaul
[2026-05-21T23:12:50] METRIC object_size_bytes=495834.7
[2026-05-21T23:12:50] METRIC link_bandwidth_gbps=10.0
[2026-05-21T23:12:50] METRIC throughput_gbps=0.7345
[2026-05-21T23:12:50] METRIC latency_ms=26.1867
[2026-05-21T23:12:50] METRIC cpu_util_pct=96.17
[2026-05-21T23:12:50] RUN_END status=OK
[2026-05-21T23:15:08] RUN_START run_id=MDO_PythonNDN_091
[2026-05-21T23:15:08] PARAM implementation=PythonNDN
[2026-05-21T23:15:08] PARAM workload_type=MDO
[2026-05-21T23:15:08] PARAM test_link=LI_10GbE_aggregation_backhaul
[2026-05-21T23:15:08] METRIC object_size_bytes=177749.7
[2026-05-21T23:15:08] METRIC link_bandwidth_gbps=10.0
[2026-05-21T23:15:08] METRIC throughput_gbps=0.6969
[2026-05-21T23:15:08] METRIC latency_ms=28.5018
[2026-05-21T23:15:08] METRIC cpu_util_pct=80.26
[2026-05-21T23:15:08] RUN_END status=OK
[2026-05-21T23:17:11] RUN_START run_id=MDO_PythonNDN_092
[2026-05-21T23:17:11] PARAM implementation=PythonNDN
[2026-05-21T23:17:11] PARAM workload_type=MDO
[2026-05-21T23:17:11] PARAM test_link=LI_10GbE_aggregation_backhaul
[2026-05-21T23:17:11] METRIC object_size_bytes=119517.4
[2026-05-21T23:17:11] METRIC link_bandwidth_gbps=10.0
[2026-05-21T23:17:11] METRIC throughput_gbps=0.6866
[2026-05-21T23:17:11] METRIC latency_ms=27.5128
[2026-05-21T23:17:11] METRIC cpu_util_pct=89.79
[2026-05-21T23:17:11] RUN_END status=OK
[2026-05-21T23:20:11] RUN_START run_id=MDO_PythonNDN_093
[2026-05-21T23:20:11] PARAM implementation=PythonNDN
[2026-05-21T23:20:11] PARAM workload_type=MDO
[2026-05-21T23:20:11] PARAM test_link=LI_10GbE_aggregation_backhaul
[2026-05-21T23:20:11] METRIC object_size_bytes=109447.3
[2026-05-21T23:20:11] METRIC link_bandwidth_gbps=10.0
[2026-05-21T23:20:11] METRIC throughput_gbps=0.7101
[2026-05-21T23:20:11] METRIC latency_ms=25.7255
[2026-05-21T23:20:11] METRIC cpu_util_pct=85.32
[2026-05-21T23:20:11] RUN_END status=OK
[2026-05-21T23:22:48] RUN_START run_id=MDO_PythonNDN_094
[2026-05-21T23:22:48] PARAM implementation=PythonNDN
[2026-05-21T23:22:48] PARAM workload_type=MDO
[2026-05-21T23:22:48] PARAM test_link=LI_10GbE_aggregation_backhaul
[2026-05-21T23:22:48] METRIC object_size_bytes=509717.0
[2026-05-21T23:22:48] METRIC link_bandwidth_gbps=10.0
[2026-05-21T23:22:48] METRIC throughput_gbps=0.7525
[2026-05-21T23:22:48] METRIC latency_ms=26.0336
[2026-05-21T23:22:48] METRIC cpu_util_pct=96.63
[2026-05-21T23:22:48] RUN_END status=OK
