[2026-05-22T08:51:55] RUN_START run_id=MDO_PythonNDN_130
[2026-05-22T08:51:55] PARAM implementation=PythonNDN
[2026-05-22T08:51:55] PARAM workload_type=MDO
[2026-05-22T08:51:55] PARAM test_link=LI_10GbE_aggregation_backhaul
[2026-05-22T08:51:55] METRIC object_size_bytes=408439.3
[2026-05-22T08:51:55] METRIC link_bandwidth_gbps=10.0
[2026-05-22T08:51:55] METRIC throughput_gbps=0.6745
[2026-05-22T08:51:55] METRIC latency_ms=28.9392
[2026-05-22T08:51:55] METRIC cpu_util_pct=83.01
[2026-05-22T08:51:55] RUN_END status=OK
[2026-05-22T08:54:03] RUN_START run_id=MDO_PythonNDN_131
[2026-05-22T08:54:03] PARAM implementation=PythonNDN
[2026-05-22T08:54:03] PARAM workload_type=MDO
[2026-05-22T08:54:03] PARAM test_link=LI_10GbE_aggregation_backhaul
[2026-05-22T08:54:03] METRIC object_size_bytes=141838.9
[2026-05-22T08:54:03] METRIC link_bandwidth_gbps=10.0
[2026-05-22T08:54:03] METRIC throughput_gbps=0.7196
[2026-05-22T08:54:03] METRIC latency_ms=26.3552
[2026-05-22T08:54:03] METRIC cpu_util_pct=89.68
[2026-05-22T08:54:03] RUN_END status=OK
[2026-05-22T08:56:39] RUN_START run_id=MDO_PythonNDN_132
[2026-05-22T08:56:39] PARAM implementation=PythonNDN
[2026-05-22T08:56:39] PARAM workload_type=MDO
[2026-05-22T08:56:39] PARAM test_link=LI_10GbE_aggregation_backhaul
[2026-05-22T08:56:39] METRIC object_size_bytes=249277.7
[2026-05-22T08:56:39] METRIC link_bandwidth_gbps=10.0
[2026-05-22T08:56:39] METRIC throughput_gbps=0.7187
[2026-05-22T08:56:39] METRIC latency_ms=24.8737
[2026-05-22T08:56:39] METRIC cpu_util_pct=87.65
[2026-05-22T08:56:39] RUN_END status=OK
[2026-05-23T01:24:58] RUN_START run_id=MDO_PythonNDN_133
[2026-05-23T01:24:58] PARAM implementation=PythonNDN
[2026-05-23T01:24:58] PARAM workload_type=MDO
[2026-05-23T01:24:58] PARAM test_link=LI_10GbE_aggregation_backhaul
[2026-05-23T01:24:58] METRIC object_size_bytes=511673.1
[2026-05-23T01:24:58] METRIC link_bandwidth_gbps=10.0
[2026-05-23T01:24:58] METRIC throughput_gbps=0.6983
[2026-05-23T01:24:58] METRIC latency_ms=28.5359
[2026-05-23T01:24:58] METRIC cpu_util_pct=89.52
[2026-05-23T01:24:58] RUN_END status=OK
[2026-05-23T01:28:02] RUN_START run_id=MDO_PythonNDN_134
[2026-05-23T01:28:02] PARAM implementation=PythonNDN
[2026-05-23T01:28:02] PARAM workload_type=MDO
[2026-05-23T01:28:02] PARAM test_link=LI_10GbE_aggregation_backhaul
[2026-05-23T01:28:02] METRIC object_size_bytes=428358.0
[2026-05-23T01:28:02] METRIC link_bandwidth_gbps=10.0
[2026-05-23T01:28:02] METRIC throughput_gbps=0.7352
[2026-05-23T01:28:02] METRIC latency_ms=27.171
[2026-05-23T01:28:02] METRIC cpu_util_pct=90.71
[2026-05-23T01:28:02] RUN_END status=OK
[2026-05-23T01:29:23] RUN_START run_id=MDO_PythonNDN_135
[2026-05-23T01:29:23] PARAM implementation=PythonNDN
[2026-05-23T01:29:23] PARAM workload_type=MDO
[2026-05-23T01:29:23] PARAM test_link=LI_10GbE_aggregation_backhaul
[2026-05-23T01:29:23] METRIC object_size_bytes=461501.0
[2026-05-23T01:29:23] METRIC link_bandwidth_gbps=10.0
[2026-05-23T01:29:23] METRIC throughput_gbps=0.6899
[2026-05-23T01:29:23] METRIC latency_ms=27.4607
[2026-05-23T01:29:23] METRIC cpu_util_pct=83.95
[2026-05-23T01:29:23] RUN_END status=OK
[2026-05-23T01:30:55] RUN_START run_id=MDO_PythonNDN_136
[2026-05-23T01:30:55] PARAM implementation=PythonNDN
[2026-05-23T01:30:55] PARAM workload_type=MDO
[2026-05-23T01:30:55] PARAM test_link=LI_10GbE_aggregation_backhaul
[2026-05-23T01:30:55] METRIC object_size_bytes=283888.2
[2026-05-23T01:30:55] METRIC link_bandwidth_gbps=10.0
[2026-05-23T01:30:55] METRIC throughput_gbps=0.7045
[2026-05-23T01:30:55] METRIC latency_ms=27.2149
[2026-05-23T01:30:55] METRIC cpu_util_pct=96.07
[2026-05-23T01:30:55] RUN_END status=OK
[2026-05-23T01:31:24] RUN_START run_id=MDO_PythonNDN_137
[2026-05-23T01:31:24] PARAM implementation=PythonNDN
[2026-05-23T01:31:24] PARAM workload_type=MDO
[2026-05-23T01:31:24] PARAM test_link=LI_10GbE_aggregation_backhaul
[2026-05-23T01:31:24] METRIC object_size_bytes=279291.0
[2026-05-23T01:31:24] METRIC link_bandwidth_gbps=10.0
[2026-05-23T01:31:24] METRIC throughput_gbps=0.698
[2026-05-23T01:31:24] METRIC latency_ms=28.3349
[2026-05-23T01:31:24] METRIC cpu_util_pct=90.53
[2026-05-23T01:31:24] RUN_END status=OK
[2026-05-23T01:32:12] RUN_START run_id=MDO_PythonNDN_138
[2026-05-23T01:32:12] PARAM implementation=PythonNDN
[2026-05-23T01:32:12] PARAM workload_type=MDO
[2026-05-23T01:32:12] PARAM test_link=LI_10GbE_aggregation_backhaul
[2026-05-23T01:32:12] METRIC object_size_bytes=354915.1
[2026-05-23T01:32:12] METRIC link_bandwidth_gbps=10.0
[2026-05-23T01:32:12] METRIC throughput_gbps=0.7224
[2026-05-23T01:32:12] METRIC latency_ms=29.8451
[2026-05-23T01:32:12] METRIC cpu_util_pct=83.71
[2026-05-23T01:32:12] RUN_END status=OK
[2026-05-23T01:37:34] RUN_START run_id=MDO_PythonNDN_139
[2026-05-23T01:37:34] PARAM implementation=PythonNDN
[2026-05-23T01:37:34] PARAM workload_type=MDO
[2026-05-23T01:37:34] PARAM test_link=LI_10GbE_aggregation_backhaul
[2026-05-23T01:37:34] METRIC object_size_bytes=199664.0
[2026-05-23T01:37:34] METRIC link_bandwidth_gbps=10.0
[2026-05-23T01:37:34] METRIC throughput_gbps=0.7039
[2026-05-23T01:37:34] METRIC latency_ms=28.7027
[2026-05-23T01:37:34] METRIC cpu_util_pct=89.47
[2026-05-23T01:37:34] RUN_END status=OK
[2026-05-23T01:38:20] RUN_START run_id=MDO_PythonNDN_140
[2026-05-23T01:38:20] PARAM implementation=PythonNDN
[2026-05-23T01:38:20] PARAM workload_type=MDO
[2026-05-23T01:38:20] PARAM test_link=LI_10GbE_aggregation_backhaul
[2026-05-23T01:38:20] METRIC object_size_bytes=280978.8
[2026-05-23T01:38:20] METRIC link_bandwidth_gbps=10.0
[2026-05-23T01:38:20] METRIC throughput_gbps=0.7208
[2026-05-23T01:38:20] METRIC latency_ms=30.1148
[2026-05-23T01:38:20] METRIC cpu_util_pct=93.09
[2026-05-23T01:38:20] RUN_END status=OK
[2026-05-23T01:39:24] RUN_START run_id=MDO_PythonNDN_141
[2026-05-23T01:39:24] PARAM implementation=PythonNDN
[2026-05-23T01:39:24] PARAM workload_type=MDO
[2026-05-23T01:39:24] PARAM test_link=LI_10GbE_aggregation_backhaul
[2026-05-23T01:39:24] METRIC object_size_bytes=405995.6
[2026-05-23T01:39:24] METRIC link_bandwidth_gbps=10.0
[2026-05-23T01:39:24] METRIC throughput_gbps=0.6644
[2026-05-23T01:39:24] METRIC latency_ms=27.5608
[2026-05-23T01:39:24] METRIC cpu_util_pct=84.64
[2026-05-23T01:39:24] RUN_END status=OK
[2026-05-23T01:39:53] RUN_START run_id=MDO_PythonNDN_142
[2026-05-23T01:39:53] PARAM implementation=PythonNDN
[2026-05-23T01:39:53] PARAM workload_type=MDO
[2026-05-23T01:39:53] PARAM test_link=LI_10GbE_aggregation_backhaul
[2026-05-23T01:39:53] METRIC object_size_bytes=208246.3
[2026-05-23T01:39:53] METRIC link_bandwidth_gbps=10.0
[2026-05-23T01:39:53] METRIC throughput_gbps=0.7016
[2026-05-23T01:39:53] METRIC latency_ms=26.8821
[2026-05-23T01:39:53] METRIC cpu_util_pct=88.34
[2026-05-23T01:39:53] RUN_END status=OK
[2026-05-23T01:42:42] RUN_START run_id=MDO_PythonNDN_143
[2026-05-23T01:42:42] PARAM implementation=PythonNDN
[2026-05-23T01:42:42] PARAM workload_type=MDO
[2026-05-23T01:42:42] PARAM test_link=LI_10GbE_aggregation_backhaul
[2026-05-23T01:42:42] METRIC object_size_bytes=172120.4
[2026-05-23T01:42:42] METRIC link_bandwidth_gbps=10.0
[2026-05-23T01:42:42] METRIC throughput_gbps=0.7505
[2026-05-23T01:42:42] METRIC latency_ms=28.223
[2026-05-23T01:42:42] METRIC cpu_util_pct=86.86
[2026-05-23T01:42:42] RUN_END status=OK
[2026-05-23T01:44:37] RUN_START run_id=MDO_PythonNDN_144
[2026-05-23T01:44:37] PARAM implementation=PythonNDN
[2026-05-23T01:44:37] PARAM workload_type=MDO
[2026-05-23T01:44:37] PARAM test_link=LI_10GbE_aggregation_backhaul
[2026-05-23T01:44:37] METRIC object_size_bytes=91985.8
[2026-05-23T01:44:37] METRIC link_bandwidth_gbps=10.0
[2026-05-23T01:44:37] METRIC throughput_gbps=0.6866
[2026-05-23T01:44:37] METRIC latency_ms=30.3963
[2026-05-23T01:44:37] METRIC cpu_util_pct=90.89
[2026-05-23T01:44:37] RUN_END status=OK
[2026-05-23T01:46:25] RUN_START run_id=MDO_PythonNDN_145
[2026-05-23T01:46:25] PARAM implementation=PythonNDN
[2026-05-23T01:46:25] PARAM workload_type=MDO
[2026-05-23T01:46:25] PARAM test_link=LI_10GbE_aggregation_backhaul
[2026-05-23T01:46:25] METRIC object_size_bytes=302626.7
[2026-05-23T01:46:25] METRIC link_bandwidth_gbps=10.0
[2026-05-23T01:46:25] METRIC throughput_gbps=0.727
[2026-05-23T01:46:25] METRIC latency_ms=31.2613
[2026-05-23T01:46:25] METRIC cpu_util_pct=98.55
[2026-05-23T01:46:25] RUN_END status=OK
[2026-05-23T01:51:09] RUN_START run_id=MDO_PythonNDN_146
[2026-05-23T01:51:09] PARAM implementation=PythonNDN
[2026-05-23T01:51:09] PARAM workload_type=MDO
[2026-05-23T01:51:09] PARAM test_link=LI_10GbE_aggregation_backhaul
[2026-05-23T01:51:09] METRIC object_size_bytes=232265.1
[2026-05-23T01:51:09] METRIC link_bandwidth_gbps=10.0
[2026-05-23T01:51:09] METRIC throughput_gbps=0.687
[2026-05-23T01:51:09] METRIC latency_ms=28.2981
[2026-05-23T01:51:09] METRIC cpu_util_pct=90.12
[2026-05-23T01:51:09] RUN_END status=OK
[2026-05-23T01:54:10] RUN_START run_id=MDO_PythonNDN_147
[2026-05-23T01:54:10] PARAM implementation=PythonNDN
[2026-05-23T01:54:10] PARAM workload_type=MDO
[2026-05-23T01:54:10] PARAM test_link=LI_10GbE_aggregation_backhaul
[2026-05-23T01:54:10] METRIC object_size_bytes=507340.3
[2026-05-23T01:54:10] METRIC link_bandwidth_gbps=10.0
[2026-05-23T01:54:10] METRIC throughput_gbps=0.7132
[2026-05-23T01:54:10] METRIC latency_ms=27.3806
[2026-05-23T01:54:10] METRIC cpu_util_pct=84.56
[2026-05-23T01:54:10] RUN_END status=OK
