[2026-05-19T14:55:09] RUN_START run_id=MDO_PythonNDN_047
[2026-05-19T14:55:09] PARAM implementation=PythonNDN
[2026-05-19T14:55:09] PARAM workload_type=MDO
[2026-05-19T14:55:09] PARAM test_link=LI_10GbE_aggregation_backhaul
[2026-05-19T14:55:09] METRIC object_size_bytes=418695.1
[2026-05-19T14:55:09] METRIC link_bandwidth_gbps=10.0
[2026-05-19T14:55:09] METRIC throughput_gbps=0.6849
[2026-05-19T14:55:09] METRIC latency_ms=28.1945
[2026-05-19T14:55:09] METRIC cpu_util_pct=84.0
[2026-05-19T14:55:09] RUN_END status=OK
[2026-05-19T14:56:22] RUN_START run_id=MDO_PythonNDN_048
[2026-05-19T14:56:22] PARAM implementation=PythonNDN
[2026-05-19T14:56:22] PARAM workload_type=MDO
[2026-05-19T14:56:22] PARAM test_link=LI_10GbE_aggregation_backhaul
[2026-05-19T14:56:22] METRIC object_size_bytes=374420.3
[2026-05-19T14:56:22] METRIC link_bandwidth_gbps=10.0
[2026-05-19T14:56:22] METRIC throughput_gbps=0.6552
[2026-05-19T14:56:22] METRIC latency_ms=31.7661
[2026-05-19T14:56:22] METRIC cpu_util_pct=85.86
[2026-05-19T14:56:22] RUN_END status=OK
[2026-05-19T14:58:37] RUN_START run_id=MDO_PythonNDN_049
[2026-05-19T14:58:37] PARAM implementation=PythonNDN
[2026-05-19T14:58:37] PARAM workload_type=MDO
[2026-05-19T14:58:37] PARAM test_link=LI_10GbE_aggregation_backhaul
[2026-05-19T14:58:37] METRIC object_size_bytes=264462.1
[2026-05-19T14:58:37] METRIC link_bandwidth_gbps=10.0
[2026-05-19T14:58:37] METRIC throughput_gbps=0.7013
[2026-05-19T14:58:37] METRIC latency_ms=24.9634
[2026-05-19T14:58:37] METRIC cpu_util_pct=87.77
[2026-05-19T14:58:37] RUN_END status=OK
[2026-05-19T14:59:43] RUN_START run_id=MDO_PythonNDN_050
[2026-05-19T14:59:43] PARAM implementation=PythonNDN
[2026-05-19T14:59:43] PARAM workload_type=MDO
[2026-05-19T14:59:43] PARAM test_link=LI_10GbE_aggregation_backhaul
[2026-05-19T14:59:43] METRIC object_size_bytes=310136.2
[2026-05-19T14:59:43] METRIC link_bandwidth_gbps=10.0
[2026-05-19T14:59:43] METRIC throughput_gbps=0.6964
[2026-05-19T14:59:43] METRIC latency_ms=26.1194
[2026-05-19T14:59:43] METRIC cpu_util_pct=82.7
[2026-05-19T14:59:43] RUN_END status=OK
[2026-05-19T15:06:29] RUN_START run_id=MDO_PythonNDN_051
[2026-05-19T15:06:29] PARAM implementation=PythonNDN
[2026-05-19T15:06:29] PARAM workload_type=MDO
[2026-05-19T15:06:29] PARAM test_link=LI_10GbE_aggregation_backhaul
[2026-05-19T15:06:29] METRIC object_size_bytes=400425.4
[2026-05-19T15:06:29] METRIC link_bandwidth_gbps=10.0
[2026-05-19T15:06:29] METRIC throughput_gbps=0.6472
[2026-05-19T15:06:29] METRIC latency_ms=27.4083
[2026-05-19T15:06:29] METRIC cpu_util_pct=86.34
[2026-05-19T15:06:29] RUN_END status=OK
[2026-05-19T15:08:15] RUN_START run_id=MDO_PythonNDN_052
[2026-05-19T15:08:15] PARAM implementation=PythonNDN
[2026-05-19T15:08:15] PARAM workload_type=MDO
[2026-05-19T15:08:15] PARAM test_link=LI_10GbE_aggregation_backhaul
[2026-05-19T15:08:15] METRIC object_size_bytes=493015.2
[2026-05-19T15:08:15] METRIC link_bandwidth_gbps=10.0
[2026-05-19T15:08:15] METRIC throughput_gbps=0.704
[2026-05-19T15:08:15] METRIC latency_ms=24.4535
[2026-05-19T15:08:15] METRIC cpu_util_pct=80.9
[2026-05-19T15:08:15] RUN_END status=OK
[2026-05-19T15:11:27] RUN_START run_id=MDO_PythonNDN_053
[2026-05-19T15:11:27] PARAM implementation=PythonNDN
[2026-05-19T15:11:27] PARAM workload_type=MDO
[2026-05-19T15:11:27] PARAM test_link=LI_10GbE_aggregation_backhaul
[2026-05-19T15:11:27] METRIC object_size_bytes=462234.4
[2026-05-19T15:11:27] METRIC link_bandwidth_gbps=10.0
[2026-05-19T15:11:27] METRIC throughput_gbps=0.6948
[2026-05-19T15:11:27] METRIC latency_ms=26.7761
[2026-05-19T15:11:27] METRIC cpu_util_pct=84.86
[2026-05-19T15:11:27] RUN_END status=OK
[2026-05-19T15:13:32] RUN_START run_id=MDO_PythonNDN_054
[2026-05-19T15:13:32] PARAM implementation=PythonNDN
[2026-05-19T15:13:32] PARAM workload_type=MDO
[2026-05-19T15:13:32] PARAM test_link=LI_10GbE_aggregation_backhaul
[2026-05-19T15:13:32] METRIC object_size_bytes=86920.4
[2026-05-19T15:13:32] METRIC link_bandwidth_gbps=10.0
[2026-05-19T15:13:32] METRIC throughput_gbps=0.7049
[2026-05-19T15:13:32] METRIC latency_ms=28.3025
[2026-05-19T15:13:32] METRIC cpu_util_pct=89.33
[2026-05-19T15:13:32] RUN_END status=OK
[2026-05-19T15:18:17] RUN_START run_id=MDO_PythonNDN_055
[2026-05-19T15:18:17] PARAM implementation=PythonNDN
[2026-05-19T15:18:17] PARAM workload_type=MDO
[2026-05-19T15:18:17] PARAM test_link=LI_10GbE_aggregation_backhaul
[2026-05-19T15:18:17] METRIC object_size_bytes=479397.9
[2026-05-19T15:18:17] METRIC link_bandwidth_gbps=10.0
[2026-05-19T15:18:17] METRIC throughput_gbps=0.6927
[2026-05-19T15:18:17] METRIC latency_ms=26.4779
[2026-05-19T15:18:17] METRIC cpu_util_pct=93.34
[2026-05-19T15:18:17] RUN_END status=OK
[2026-05-19T15:21:54] RUN_START run_id=MDO_PythonNDN_056
[2026-05-19T15:21:54] PARAM implementation=PythonNDN
[2026-05-19T15:21:54] PARAM workload_type=MDO
[2026-05-19T15:21:54] PARAM test_link=LI_10GbE_aggregation_backhaul
[2026-05-19T15:21:54] METRIC object_size_bytes=206211.1
[2026-05-19T15:21:54] METRIC link_bandwidth_gbps=10.0
[2026-05-19T15:21:54] METRIC throughput_gbps=0.6826
[2026-05-19T15:21:54] METRIC latency_ms=30.6693
[2026-05-19T15:21:54] METRIC cpu_util_pct=80.71
[2026-05-19T15:21:54] RUN_END status=OK
[2026-05-19T15:24:30] RUN_START run_id=MDO_PythonNDN_057
[2026-05-19T15:24:30] PARAM implementation=PythonNDN
[2026-05-19T15:24:30] PARAM workload_type=MDO
[2026-05-19T15:24:30] PARAM test_link=LI_10GbE_aggregation_backhaul
[2026-05-19T15:24:30] METRIC object_size_bytes=74346.7
[2026-05-19T15:24:30] METRIC link_bandwidth_gbps=10.0
[2026-05-19T15:24:30] METRIC throughput_gbps=0.7052
[2026-05-19T15:24:30] METRIC latency_ms=26.1834
[2026-05-19T15:24:30] METRIC cpu_util_pct=86.18
[2026-05-19T15:24:30] RUN_END status=OK
[2026-05-19T15:26:11] RUN_START run_id=MDO_PythonNDN_058
[2026-05-19T15:26:11] PARAM implementation=PythonNDN
[2026-05-19T15:26:11] PARAM workload_type=MDO
[2026-05-19T15:26:11] PARAM test_link=LI_10GbE_aggregation_backhaul
[2026-05-19T15:26:11] METRIC object_size_bytes=203239.7
[2026-05-19T15:26:11] METRIC link_bandwidth_gbps=10.0
[2026-05-19T15:26:11] METRIC throughput_gbps=0.713
[2026-05-19T15:26:11] METRIC latency_ms=25.5543
[2026-05-19T15:26:11] METRIC cpu_util_pct=81.07
[2026-05-19T15:26:11] RUN_END status=OK
[2026-05-19T23:55:11] RUN_START run_id=MDO_PythonNDN_059
[2026-05-19T23:55:11] PARAM implementation=PythonNDN
[2026-05-19T23:55:11] PARAM workload_type=MDO
[2026-05-19T23:55:11] PARAM test_link=LI_10GbE_aggregation_backhaul
[2026-05-19T23:55:11] METRIC object_size_bytes=102476.6
[2026-05-19T23:55:11] METRIC link_bandwidth_gbps=10.0
[2026-05-19T23:55:11] METRIC throughput_gbps=0.6746
[2026-05-19T23:55:11] METRIC latency_ms=29.088
[2026-05-19T23:55:11] METRIC cpu_util_pct=89.94
[2026-05-19T23:55:11] RUN_END status=OK
[2026-05-19T23:55:56] RUN_START run_id=MDO_PythonNDN_060
[2026-05-19T23:55:56] PARAM implementation=PythonNDN
[2026-05-19T23:55:56] PARAM workload_type=MDO
[2026-05-19T23:55:56] PARAM test_link=LI_10GbE_aggregation_backhaul
[2026-05-19T23:55:56] METRIC object_size_bytes=384707.5
[2026-05-19T23:55:56] METRIC link_bandwidth_gbps=10.0
[2026-05-19T23:55:56] METRIC throughput_gbps=0.711
[2026-05-19T23:55:56] METRIC latency_ms=29.2305
[2026-05-19T23:55:56] METRIC cpu_util_pct=100.0
[2026-05-19T23:55:56] RUN_END status=OK
[2026-05-19T23:56:24] RUN_START run_id=MDO_PythonNDN_061
[2026-05-19T23:56:24] PARAM implementation=PythonNDN
[2026-05-19T23:56:24] PARAM workload_type=MDO
[2026-05-19T23:56:24] PARAM test_link=LI_10GbE_aggregation_backhaul
[2026-05-19T23:56:24] METRIC object_size_bytes=313161.0
[2026-05-19T23:56:24] METRIC link_bandwidth_gbps=10.0
[2026-05-19T23:56:24] METRIC throughput_gbps=0.7023
[2026-05-19T23:56:24] METRIC latency_ms=28.2482
[2026-05-19T23:56:24] METRIC cpu_util_pct=88.72
[2026-05-19T23:56:24] RUN_END status=OK
[2026-05-19T23:57:33] RUN_START run_id=MDO_PythonNDN_062
[2026-05-19T23:57:33] PARAM implementation=PythonNDN
[2026-05-19T23:57:33] PARAM workload_type=MDO
[2026-05-19T23:57:33] PARAM test_link=LI_10GbE_aggregation_backhaul
[2026-05-19T23:57:33] METRIC object_size_bytes=76479.5
[2026-05-19T23:57:33] METRIC link_bandwidth_gbps=10.0
[2026-05-19T23:57:33] METRIC throughput_gbps=0.7352
[2026-05-19T23:57:33] METRIC latency_ms=29.8362
[2026-05-19T23:57:33] METRIC cpu_util_pct=90.26
[2026-05-19T23:57:33] RUN_END status=OK
