[2026-06-21T08:54:03] RUN_START run_id=SDO_NFD_106
[2026-06-21T08:54:03] PARAM implementation=NFD
[2026-06-21T08:54:03] PARAM workload_type=SDO
[2026-06-21T08:54:03] PARAM test_link=LI_10GbE_aggregation_backhaul
[2026-06-21T08:54:03] METRIC object_size_bytes=1369.3
[2026-06-21T08:54:03] METRIC link_bandwidth_gbps=10.0
[2026-06-21T08:54:03] METRIC throughput_gbps=1.1998
[2026-06-21T08:54:03] METRIC latency_ms=1.5313
[2026-06-21T08:54:03] METRIC cpu_util_pct=45.73
[2026-06-21T08:54:03] RUN_END status=OK
[2026-06-21T08:58:38] RUN_START run_id=SDO_NFD_107
[2026-06-21T08:58:38] PARAM implementation=NFD
[2026-06-21T08:58:38] PARAM workload_type=SDO
[2026-06-21T08:58:38] PARAM test_link=LI_10GbE_aggregation_backhaul
[2026-06-21T08:58:38] METRIC object_size_bytes=1383.4
[2026-06-21T08:58:38] METRIC link_bandwidth_gbps=10.0
[2026-06-21T08:58:38] METRIC throughput_gbps=1.2126
[2026-06-21T08:58:38] METRIC latency_ms=1.3236
[2026-06-21T08:58:38] METRIC cpu_util_pct=48.36
[2026-06-21T08:58:38] RUN_END status=OK
[2026-06-23T14:33:10] RUN_START run_id=SDO_NFD_108
[2026-06-23T14:33:10] PARAM implementation=NFD
[2026-06-23T14:33:10] PARAM workload_type=SDO
[2026-06-23T14:33:10] PARAM test_link=LI_10GbE_aggregation_backhaul
[2026-06-23T14:33:10] METRIC object_size_bytes=1484.7
[2026-06-23T14:33:10] METRIC link_bandwidth_gbps=10.0
[2026-06-23T14:33:10] METRIC throughput_gbps=1.1909
[2026-06-23T14:33:10] METRIC latency_ms=1.5418
[2026-06-23T14:33:10] METRIC cpu_util_pct=45.29
[2026-06-23T14:33:10] RUN_END status=OK
[2026-06-23T14:34:31] RUN_START run_id=SDO_NFD_109
[2026-06-23T14:34:31] PARAM implementation=NFD
[2026-06-23T14:34:31] PARAM workload_type=SDO
[2026-06-23T14:34:31] PARAM test_link=LI_10GbE_aggregation_backhaul
[2026-06-23T14:34:31] METRIC object_size_bytes=658.5
[2026-06-23T14:34:31] METRIC link_bandwidth_gbps=10.0
[2026-06-23T14:34:31] METRIC throughput_gbps=1.2036
[2026-06-23T14:34:31] METRIC latency_ms=1.3146
[2026-06-23T14:34:31] METRIC cpu_util_pct=45.44
[2026-06-23T14:34:31] RUN_END status=OK
[2026-06-23T14:36:13] RUN_START run_id=SDO_NFD_110
[2026-06-23T14:36:13] PARAM implementation=NFD
[2026-06-23T14:36:13] PARAM workload_type=SDO
[2026-06-23T14:36:13] PARAM test_link=LI_10GbE_aggregation_backhaul
[2026-06-23T14:36:13] METRIC object_size_bytes=1548.4
[2026-06-23T14:36:13] METRIC link_bandwidth_gbps=10.0
[2026-06-23T14:36:13] METRIC throughput_gbps=1.161
[2026-06-23T14:36:13] METRIC latency_ms=1.4268
[2026-06-23T14:36:13] METRIC cpu_util_pct=46.22
[2026-06-23T14:36:13] RUN_END status=OK
[2026-06-23T14:39:59] RUN_START run_id=SDO_NFD_111
[2026-06-23T14:39:59] PARAM implementation=NFD
[2026-06-23T14:39:59] PARAM workload_type=SDO
[2026-06-23T14:39:59] PARAM test_link=LI_10GbE_aggregation_backhaul
[2026-06-23T14:39:59] METRIC object_size_bytes=1846.7
[2026-06-23T14:39:59] METRIC link_bandwidth_gbps=10.0
[2026-06-23T14:39:59] METRIC throughput_gbps=1.2301
[2026-06-23T14:39:59] METRIC latency_ms=1.4041
[2026-06-23T14:39:59] METRIC cpu_util_pct=43.99
[2026-06-23T14:39:59] RUN_END status=OK
[2026-06-23T14:43:40] RUN_START run_id=SDO_NFD_112
[2026-06-23T14:43:40] PARAM implementation=NFD
[2026-06-23T14:43:40] PARAM workload_type=SDO
[2026-06-23T14:43:40] PARAM test_link=LI_10GbE_aggregation_backhaul
[2026-06-23T14:43:40] METRIC object_size_bytes=669.6
[2026-06-23T14:43:40] METRIC link_bandwidth_gbps=10.0
[2026-06-23T14:43:40] METRIC throughput_gbps=1.1789
[2026-06-23T14:43:40] METRIC latency_ms=1.3873
[2026-06-23T14:43:40] METRIC cpu_util_pct=42.93
[2026-06-23T14:43:40] RUN_END status=OK
[2026-06-23T14:45:09] RUN_START run_id=SDO_NFD_113
[2026-06-23T14:45:09] PARAM implementation=NFD
[2026-06-23T14:45:09] PARAM workload_type=SDO
[2026-06-23T14:45:09] PARAM test_link=LI_10GbE_aggregation_backhaul
[2026-06-23T14:45:09] METRIC object_size_bytes=246.7
[2026-06-23T14:45:09] METRIC link_bandwidth_gbps=10.0
[2026-06-23T14:45:09] METRIC throughput_gbps=1.22
[2026-06-23T14:45:09] METRIC latency_ms=1.4238
[2026-06-23T14:45:09] METRIC cpu_util_pct=44.33
[2026-06-23T14:45:09] RUN_END status=OK
[2026-06-23T14:47:21] RUN_START run_id=SDO_NFD_114
[2026-06-23T14:47:21] PARAM implementation=NFD
[2026-06-23T14:47:21] PARAM workload_type=SDO
[2026-06-23T14:47:21] PARAM test_link=LI_10GbE_aggregation_backhaul
[2026-06-23T14:47:21] METRIC object_size_bytes=1396.4
[2026-06-23T14:47:21] METRIC link_bandwidth_gbps=10.0
[2026-06-23T14:47:21] METRIC throughput_gbps=1.1616
[2026-06-23T14:47:21] METRIC latency_ms=1.3778
[2026-06-23T14:47:21] METRIC cpu_util_pct=43.44
[2026-06-23T14:47:21] RUN_END status=OK
[2026-06-23T14:49:20] RUN_START run_id=SDO_NFD_115
[2026-06-23T14:49:20] PARAM implementation=NFD
[2026-06-23T14:49:20] PARAM workload_type=SDO
[2026-06-23T14:49:20] PARAM test_link=LI_10GbE_aggregation_backhaul
[2026-06-23T14:49:20] METRIC object_size_bytes=1674.4
[2026-06-23T14:49:20] METRIC link_bandwidth_gbps=10.0
[2026-06-23T14:49:20] METRIC throughput_gbps=1.2215
[2026-06-23T14:49:20] METRIC latency_ms=1.4753
[2026-06-23T14:49:20] METRIC cpu_util_pct=49.5
[2026-06-23T14:49:20] RUN_END status=OK
[2026-06-23T14:50:32] RUN_START run_id=SDO_NFD_116
[2026-06-23T14:50:32] PARAM implementation=NFD
[2026-06-23T14:50:32] PARAM workload_type=SDO
[2026-06-23T14:50:32] PARAM test_link=LI_10GbE_aggregation_backhaul
[2026-06-23T14:50:32] METRIC object_size_bytes=177.4
[2026-06-23T14:50:32] METRIC link_bandwidth_gbps=10.0
[2026-06-23T14:50:32] METRIC throughput_gbps=1.1775
[2026-06-23T14:50:32] METRIC latency_ms=1.4331
[2026-06-23T14:50:32] METRIC cpu_util_pct=49.49
[2026-06-23T14:50:32] RUN_END status=OK
[2026-06-23T14:54:27] RUN_START run_id=SDO_NFD_117
[2026-06-23T14:54:27] PARAM implementation=NFD
[2026-06-23T14:54:27] PARAM workload_type=SDO
[2026-06-23T14:54:27] PARAM test_link=LI_10GbE_aggregation_backhaul
[2026-06-23T14:54:27] METRIC object_size_bytes=1345.4
[2026-06-23T14:54:27] METRIC link_bandwidth_gbps=10.0
[2026-06-23T14:54:27] METRIC throughput_gbps=1.146
[2026-06-23T14:54:27] METRIC latency_ms=1.2385
[2026-06-23T14:54:27] METRIC cpu_util_pct=45.72
[2026-06-23T14:54:27] RUN_END status=OK
[2026-06-23T14:54:56] RUN_START run_id=SDO_NFD_118
[2026-06-23T14:54:56] PARAM implementation=NFD
[2026-06-23T14:54:56] PARAM workload_type=SDO
[2026-06-23T14:54:56] PARAM test_link=LI_10GbE_aggregation_backhaul
[2026-06-23T14:54:56] METRIC object_size_bytes=256.8
[2026-06-23T14:54:56] METRIC link_bandwidth_gbps=10.0
[2026-06-23T14:54:56] METRIC throughput_gbps=1.1587
[2026-06-23T14:54:56] METRIC latency_ms=1.1718
[2026-06-23T14:54:56] METRIC cpu_util_pct=46.78
[2026-06-23T14:54:56] RUN_END status=OK
[2026-06-23T14:56:09] RUN_START run_id=SDO_NFD_119
[2026-06-23T14:56:09] PARAM implementation=NFD
[2026-06-23T14:56:09] PARAM workload_type=SDO
[2026-06-23T14:56:09] PARAM test_link=LI_10GbE_aggregation_backhaul
[2026-06-23T14:56:09] METRIC object_size_bytes=591.1
[2026-06-23T14:56:09] METRIC link_bandwidth_gbps=10.0
[2026-06-23T14:56:09] METRIC throughput_gbps=1.1847
[2026-06-23T14:56:09] METRIC latency_ms=1.5851
[2026-06-23T14:56:09] METRIC cpu_util_pct=49.56
[2026-06-23T14:56:09] RUN_END status=OK
[2026-06-23T14:58:21] RUN_START run_id=SDO_NFD_120
[2026-06-23T14:58:21] PARAM implementation=NFD
[2026-06-23T14:58:21] PARAM workload_type=SDO
[2026-06-23T14:58:21] PARAM test_link=LI_10GbE_aggregation_backhaul
[2026-06-23T14:58:21] METRIC object_size_bytes=1190.4
[2026-06-23T14:58:21] METRIC link_bandwidth_gbps=10.0
[2026-06-23T14:58:21] METRIC throughput_gbps=1.11
[2026-06-23T14:58:21] METRIC latency_ms=1.198
[2026-06-23T14:58:21] METRIC cpu_util_pct=49.46
[2026-06-23T14:58:21] RUN_END status=OK
[2026-06-23T15:02:54] RUN_START run_id=SDO_NFD_121
[2026-06-23T15:02:54] PARAM implementation=NFD
[2026-06-23T15:02:54] PARAM workload_type=SDO
[2026-06-23T15:02:54] PARAM test_link=LI_10GbE_aggregation_backhaul
[2026-06-23T15:02:54] METRIC object_size_bytes=350.4
[2026-06-23T15:02:54] METRIC link_bandwidth_gbps=10.0
[2026-06-23T15:02:54] METRIC throughput_gbps=1.1845
[2026-06-23T15:02:54] METRIC latency_ms=1.3832
[2026-06-23T15:02:54] METRIC cpu_util_pct=48.51
[2026-06-23T15:02:54] RUN_END status=OK
