[2026-04-02T08:37:00] RUN_START run_id=LDO_NFD_001
[2026-04-02T08:37:00] PARAM implementation=NFD
[2026-04-02T08:37:00] PARAM workload_type=LDO
[2026-04-02T08:37:00] PARAM test_link=LI_10GbE_aggregation_backhaul
[2026-04-02T08:37:00] METRIC object_size_bytes=3418632.6
[2026-04-02T08:37:00] METRIC link_bandwidth_gbps=10.0
[2026-04-02T08:37:00] METRIC throughput_gbps=3.2842
[2026-04-02T08:37:00] METRIC latency_ms=122.3713
[2026-04-02T08:37:00] METRIC cpu_util_pct=57.16
[2026-04-02T08:37:00] RUN_END status=OK
[2026-04-02T08:39:02] RUN_START run_id=LDO_NFD_002
[2026-04-02T08:39:02] PARAM implementation=NFD
[2026-04-02T08:39:02] PARAM workload_type=LDO
[2026-04-02T08:39:02] PARAM test_link=LI_10GbE_aggregation_backhaul
[2026-04-02T08:39:02] METRIC object_size_bytes=4506964.2
[2026-04-02T08:39:02] METRIC link_bandwidth_gbps=10.0
[2026-04-02T08:39:02] METRIC throughput_gbps=3.127
[2026-04-02T08:39:02] METRIC latency_ms=121.4853
[2026-04-02T08:39:02] METRIC cpu_util_pct=58.37
[2026-04-02T08:39:02] RUN_END status=OK
[2026-04-02T08:40:50] RUN_START run_id=LDO_NFD_003
[2026-04-02T08:40:50] PARAM implementation=NFD
[2026-04-02T08:40:50] PARAM workload_type=LDO
[2026-04-02T08:40:50] PARAM test_link=LI_10GbE_aggregation_backhaul
[2026-04-02T08:40:50] METRIC object_size_bytes=3330623.6
[2026-04-02T08:40:50] METRIC link_bandwidth_gbps=10.0
[2026-04-02T08:40:50] METRIC throughput_gbps=3.0788
[2026-04-02T08:40:50] METRIC latency_ms=119.851
[2026-04-02T08:40:50] METRIC cpu_util_pct=63.41
[2026-04-02T08:40:50] RUN_END status=OK
[2026-04-02T08:43:52] RUN_START run_id=LDO_NFD_004
[2026-04-02T08:43:52] PARAM implementation=NFD
[2026-04-02T08:43:52] PARAM workload_type=LDO
[2026-04-02T08:43:52] PARAM test_link=LI_10GbE_aggregation_backhaul
[2026-04-02T08:43:52] METRIC object_size_bytes=2049852.8
[2026-04-02T08:43:52] METRIC link_bandwidth_gbps=10.0
[2026-04-02T08:43:52] METRIC throughput_gbps=3.1332
[2026-04-02T08:43:52] METRIC latency_ms=128.3865
[2026-04-02T08:43:52] METRIC cpu_util_pct=55.01
[2026-04-02T08:43:52] RUN_END status=OK
[2026-04-02T08:47:18] RUN_START run_id=LDO_NFD_005
[2026-04-02T08:47:18] PARAM implementation=NFD
[2026-04-02T08:47:18] PARAM workload_type=LDO
[2026-04-02T08:47:18] PARAM test_link=LI_10GbE_aggregation_backhaul
[2026-04-02T08:47:18] METRIC object_size_bytes=3679191.7
[2026-04-02T08:47:18] METRIC link_bandwidth_gbps=10.0
[2026-04-02T08:47:18] METRIC throughput_gbps=3.2554
[2026-04-02T08:47:18] METRIC latency_ms=129.2809
[2026-04-02T08:47:18] METRIC cpu_util_pct=57.68
[2026-04-02T08:47:18] RUN_END status=OK
[2026-04-02T08:50:02] RUN_START run_id=LDO_NFD_006
[2026-04-02T08:50:02] PARAM implementation=NFD
[2026-04-02T08:50:02] PARAM workload_type=LDO
[2026-04-02T08:50:02] PARAM test_link=LI_10GbE_aggregation_backhaul
[2026-04-02T08:50:02] METRIC object_size_bytes=3054585.7
[2026-04-02T08:50:02] METRIC link_bandwidth_gbps=10.0
[2026-04-02T08:50:02] METRIC throughput_gbps=2.9546
[2026-04-02T08:50:02] METRIC latency_ms=111.9431
[2026-04-02T08:50:02] METRIC cpu_util_pct=56.29
[2026-04-02T08:50:02] RUN_END status=OK
[2026-04-02T08:52:03] RUN_START run_id=LDO_NFD_007
[2026-04-02T08:52:03] PARAM implementation=NFD
[2026-04-02T08:52:03] PARAM workload_type=LDO
[2026-04-02T08:52:03] PARAM test_link=LI_10GbE_aggregation_backhaul
[2026-04-02T08:52:03] METRIC object_size_bytes=4440916.7
[2026-04-02T08:52:03] METRIC link_bandwidth_gbps=10.0
[2026-04-02T08:52:03] METRIC throughput_gbps=3.0715
[2026-04-02T08:52:03] METRIC latency_ms=128.5022
[2026-04-02T08:52:03] METRIC cpu_util_pct=59.53
[2026-04-02T08:52:03] RUN_END status=OK
[2026-04-02T08:56:15] RUN_START run_id=LDO_NFD_008
[2026-04-02T08:56:15] PARAM implementation=NFD
[2026-04-02T08:56:15] PARAM workload_type=LDO
[2026-04-02T08:56:15] PARAM test_link=LI_10GbE_aggregation_backhaul
[2026-04-02T08:56:15] METRIC object_size_bytes=4475658.7
[2026-04-02T08:56:15] METRIC link_bandwidth_gbps=10.0
[2026-04-02T08:56:15] METRIC throughput_gbps=3.1362
[2026-04-02T08:56:15] METRIC latency_ms=111.6193
[2026-04-02T08:56:15] METRIC cpu_util_pct=56.4
[2026-04-02T08:56:15] RUN_END status=OK
[2026-04-02T08:58:30] RUN_START run_id=LDO_NFD_009
[2026-04-02T08:58:30] PARAM implementation=NFD
[2026-04-02T08:58:30] PARAM workload_type=LDO
[2026-04-02T08:58:30] PARAM test_link=LI_10GbE_aggregation_backhaul
[2026-04-02T08:58:30] METRIC object_size_bytes=4815742.6
[2026-04-02T08:58:30] METRIC link_bandwidth_gbps=10.0
[2026-04-02T08:58:30] METRIC throughput_gbps=3.2248
[2026-04-02T08:58:30] METRIC latency_ms=119.4801
[2026-04-02T08:58:30] METRIC cpu_util_pct=52.02
[2026-04-02T08:58:30] RUN_END status=OK
[2026-04-02T08:59:12] RUN_START run_id=LDO_NFD_010
[2026-04-02T08:59:12] PARAM implementation=NFD
[2026-04-02T08:59:12] PARAM workload_type=LDO
[2026-04-02T08:59:12] PARAM test_link=LI_10GbE_aggregation_backhaul
[2026-04-02T08:59:12] METRIC object_size_bytes=4691300.2
[2026-04-02T08:59:12] METRIC link_bandwidth_gbps=10.0
[2026-04-02T08:59:12] METRIC throughput_gbps=3.0042
[2026-04-02T08:59:12] METRIC latency_ms=127.5426
[2026-04-02T08:59:12] METRIC cpu_util_pct=55.43
[2026-04-02T08:59:12] RUN_END status=OK
[2026-04-02T09:01:21] RUN_START run_id=LDO_NFD_011
[2026-04-02T09:01:21] PARAM implementation=NFD
[2026-04-02T09:01:21] PARAM workload_type=LDO
[2026-04-02T09:01:21] PARAM test_link=LI_10GbE_aggregation_backhaul
[2026-04-02T09:01:21] METRIC object_size_bytes=3717077.3
[2026-04-02T09:01:21] METRIC link_bandwidth_gbps=10.0
[2026-04-02T09:01:21] METRIC throughput_gbps=3.0874
[2026-04-02T09:01:21] METRIC latency_ms=126.1329
[2026-04-02T09:01:21] METRIC cpu_util_pct=58.81
[2026-04-02T09:01:21] RUN_END status=OK
[2026-04-02T09:02:50] RUN_START run_id=LDO_NFD_012
[2026-04-02T09:02:50] PARAM implementation=NFD
[2026-04-02T09:02:50] PARAM workload_type=LDO
[2026-04-02T09:02:50] PARAM test_link=LI_10GbE_aggregation_backhaul
[2026-04-02T09:02:50] METRIC object_size_bytes=2966541.4
[2026-04-02T09:02:50] METRIC link_bandwidth_gbps=10.0
[2026-04-02T09:02:50] METRIC throughput_gbps=3.1592
[2026-04-02T09:02:50] METRIC latency_ms=115.7754
[2026-04-02T09:02:50] METRIC cpu_util_pct=60.16
[2026-04-02T09:02:50] RUN_END status=OK
[2026-04-02T09:05:59] RUN_START run_id=LDO_NFD_013
[2026-04-02T09:05:59] PARAM implementation=NFD
[2026-04-02T09:05:59] PARAM workload_type=LDO
[2026-04-02T09:05:59] PARAM test_link=LI_10GbE_aggregation_backhaul
[2026-04-02T09:05:59] METRIC object_size_bytes=1076922.4
[2026-04-02T09:05:59] METRIC link_bandwidth_gbps=10.0
[2026-04-02T09:05:59] METRIC throughput_gbps=3.2577
[2026-04-02T09:05:59] METRIC latency_ms=122.1679
[2026-04-02T09:05:59] METRIC cpu_util_pct=51.62
[2026-04-02T09:05:59] RUN_END status=OK
[2026-04-02T09:07:29] RUN_START run_id=LDO_NFD_014
[2026-04-02T09:07:29] PARAM implementation=NFD
[2026-04-02T09:07:29] PARAM workload_type=LDO
[2026-04-02T09:07:29] PARAM test_link=LI_10GbE_aggregation_backhaul
[2026-04-02T09:07:29] METRIC object_size_bytes=3953987.9
[2026-04-02T09:07:29] METRIC link_bandwidth_gbps=10.0
[2026-04-02T09:07:29] METRIC throughput_gbps=3.0114
[2026-04-02T09:07:29] METRIC latency_ms=124.7516
[2026-04-02T09:07:29] METRIC cpu_util_pct=54.3
[2026-04-02T09:07:29] RUN_END status=OK
[2026-04-02T09:08:22] RUN_START run_id=LDO_NFD_015
[2026-04-02T09:08:22] PARAM implementation=NFD
[2026-04-02T09:08:22] PARAM workload_type=LDO
[2026-04-02T09:08:22] PARAM test_link=LI_10GbE_aggregation_backhaul
[2026-04-02T09:08:22] METRIC object_size_bytes=4023206.5
[2026-04-02T09:08:22] METRIC link_bandwidth_gbps=10.0
[2026-04-02T09:08:22] METRIC throughput_gbps=3.208
[2026-04-02T09:08:22] METRIC latency_ms=119.8701
[2026-04-02T09:08:22] METRIC cpu_util_pct=54.37
[2026-04-02T09:08:22] RUN_END status=OK
[2026-04-02T09:11:10] RUN_START run_id=LDO_NFD_016
[2026-04-02T09:11:10] PARAM implementation=NFD
[2026-04-02T09:11:10] PARAM workload_type=LDO
[2026-04-02T09:11:10] PARAM test_link=LI_10GbE_aggregation_backhaul
[2026-04-02T09:11:10] METRIC object_size_bytes=1741471.8
[2026-04-02T09:11:10] METRIC link_bandwidth_gbps=10.0
[2026-04-02T09:11:10] METRIC throughput_gbps=3.2052
[2026-04-02T09:11:10] METRIC latency_ms=125.1579
[2026-04-02T09:11:10] METRIC cpu_util_pct=56.27
[2026-04-02T09:11:10] RUN_END status=OK
[2026-04-02T09:14:53] RUN_START run_id=LDO_NFD_017
[2026-04-02T09:14:53] PARAM implementation=NFD
[2026-04-02T09:14:53] PARAM workload_type=LDO
[2026-04-02T09:14:53] PARAM test_link=LI_10GbE_aggregation_backhaul
[2026-04-02T09:14:53] METRIC object_size_bytes=3864867.8
[2026-04-02T09:14:53] METRIC link_bandwidth_gbps=10.0
[2026-04-02T09:14:53] METRIC throughput_gbps=3.1715
[2026-04-02T09:14:53] METRIC latency_ms=114.8619
[2026-04-02T09:14:53] METRIC cpu_util_pct=62.47
[2026-04-02T09:14:53] RUN_END status=OK
