[2026-08-18T07:10:59] RUN_START run_id=SCALE_C_NFD_50_008
[2026-08-18T07:10:59] PARAM implementation=NFD
[2026-08-18T07:10:59] METRIC concurrent_clients=50
[2026-08-18T07:10:59] METRIC throughput_pct_of_max=93.64
[2026-08-18T07:10:59] RUN_END status=OK
[2026-08-18T07:11:59] RUN_START run_id=SCALE_C_NFD_50_009
[2026-08-18T07:11:59] PARAM implementation=NFD
[2026-08-18T07:11:59] METRIC concurrent_clients=50
[2026-08-18T07:11:59] METRIC throughput_pct_of_max=92.588
[2026-08-18T07:11:59] RUN_END status=OK
[2026-08-18T07:14:05] RUN_START run_id=SCALE_C_PythonNDN_1000_108
[2026-08-18T07:14:05] PARAM implementation=PythonNDN
[2026-08-18T07:14:05] METRIC concurrent_clients=1000
[2026-08-18T07:14:05] METRIC throughput_pct_of_max=15.595
[2026-08-18T07:14:05] RUN_END status=OK
[2026-08-18T07:15:29] RUN_START run_id=SCALE_C_PythonNDN_1000_109
[2026-08-18T07:15:29] PARAM implementation=PythonNDN
[2026-08-18T07:15:29] METRIC concurrent_clients=1000
[2026-08-18T07:15:29] METRIC throughput_pct_of_max=14.572
[2026-08-18T07:15:29] RUN_END status=OK
[2026-08-18T07:16:03] RUN_START run_id=SCALE_C_NFD_50_010
[2026-08-18T07:16:03] PARAM implementation=NFD
[2026-08-18T07:16:03] METRIC concurrent_clients=50
[2026-08-18T07:16:03] METRIC throughput_pct_of_max=94.469
[2026-08-18T07:16:03] RUN_END status=OK
[2026-08-18T07:18:47] RUN_START run_id=SCALE_C_PythonNDN_1000_110
[2026-08-18T07:18:47] PARAM implementation=PythonNDN
[2026-08-18T07:18:47] METRIC concurrent_clients=1000
[2026-08-18T07:18:47] METRIC throughput_pct_of_max=15.233
[2026-08-18T07:18:47] RUN_END status=OK
[2026-08-18T07:19:38] RUN_START run_id=SCALE_C_NFD_50_011
[2026-08-18T07:19:38] PARAM implementation=NFD
[2026-08-18T07:19:38] METRIC concurrent_clients=50
[2026-08-18T07:19:38] METRIC throughput_pct_of_max=92.41
[2026-08-18T07:19:38] RUN_END status=OK
[2026-08-18T07:19:45] RUN_START run_id=SCALE_C_PythonNDN_1000_111
[2026-08-18T07:19:45] PARAM implementation=PythonNDN
[2026-08-18T07:19:45] METRIC concurrent_clients=1000
[2026-08-18T07:19:45] METRIC throughput_pct_of_max=14.532
[2026-08-18T07:19:45] RUN_END status=OK
[2026-08-18T07:22:01] RUN_START run_id=SCALE_C_PythonNDN_1000_112
[2026-08-18T07:22:01] PARAM implementation=PythonNDN
[2026-08-18T07:22:01] METRIC concurrent_clients=1000
[2026-08-18T07:22:01] METRIC throughput_pct_of_max=14.939
[2026-08-18T07:22:01] RUN_END status=OK
[2026-08-18T07:22:57] RUN_START run_id=SCALE_C_NFD_50_012
[2026-08-18T07:22:57] PARAM implementation=NFD
[2026-08-18T07:22:57] METRIC concurrent_clients=50
[2026-08-18T07:22:57] METRIC throughput_pct_of_max=87.106
[2026-08-18T07:22:57] RUN_END status=OK
[2026-08-18T07:25:21] RUN_START run_id=SCALE_C_NFD_50_013
[2026-08-18T07:25:21] PARAM implementation=NFD
[2026-08-18T07:25:21] METRIC concurrent_clients=50
[2026-08-18T07:25:21] METRIC throughput_pct_of_max=92.759
[2026-08-18T07:25:21] RUN_END status=OK
[2026-08-18T07:25:52] RUN_START run_id=SCALE_C_NFD_50_014
[2026-08-18T07:25:52] PARAM implementation=NFD
[2026-08-18T07:25:52] METRIC concurrent_clients=50
[2026-08-18T07:25:52] METRIC throughput_pct_of_max=94.339
[2026-08-18T07:25:52] RUN_END status=OK
