[2026-08-20T02:57:48] RUN_START run_id=SCALE_C_uDCN_50_023
[2026-08-20T02:57:48] PARAM implementation=uDCN
[2026-08-20T02:57:48] METRIC concurrent_clients=50
[2026-08-20T02:57:48] METRIC throughput_pct_of_max=98.569
[2026-08-20T02:57:48] RUN_END status=OK
[2026-08-20T02:58:46] RUN_START run_id=SCALE_C_uDCN_50_024
[2026-08-20T02:58:46] PARAM implementation=uDCN
[2026-08-20T02:58:46] METRIC concurrent_clients=50
[2026-08-20T02:58:46] METRIC throughput_pct_of_max=95.723
[2026-08-20T02:58:46] RUN_END status=OK
[2026-08-20T02:58:47] RUN_START run_id=SCALE_C_uDCN_500_069
[2026-08-20T02:58:47] PARAM implementation=uDCN
[2026-08-20T02:58:47] METRIC concurrent_clients=500
[2026-08-20T02:58:47] METRIC throughput_pct_of_max=90.878
[2026-08-20T02:58:47] RUN_END status=OK
[2026-08-20T03:01:24] RUN_START run_id=SCALE_C_uDCN_50_025
[2026-08-20T03:01:24] PARAM implementation=uDCN
[2026-08-20T03:01:24] METRIC concurrent_clients=50
[2026-08-20T03:01:24] METRIC throughput_pct_of_max=100.0
[2026-08-20T03:01:24] RUN_END status=OK
[2026-08-20T03:02:00] RUN_START run_id=SCALE_C_PythonNDN_100_102
[2026-08-20T03:02:00] PARAM implementation=PythonNDN
[2026-08-20T03:02:00] METRIC concurrent_clients=100
[2026-08-20T03:02:00] METRIC throughput_pct_of_max=63.302
[2026-08-20T03:02:00] RUN_END status=OK
[2026-08-20T03:02:25] RUN_START run_id=SCALE_C_PythonNDN_100_103
[2026-08-20T03:02:25] PARAM implementation=PythonNDN
[2026-08-20T03:02:25] METRIC concurrent_clients=100
[2026-08-20T03:02:25] METRIC throughput_pct_of_max=67.738
[2026-08-20T03:02:25] RUN_END status=OK
[2026-08-20T03:04:09] RUN_START run_id=SCALE_C_uDCN_500_070
[2026-08-20T03:04:09] PARAM implementation=uDCN
[2026-08-20T03:04:09] METRIC concurrent_clients=500
[2026-08-20T03:04:09] METRIC throughput_pct_of_max=91.319
[2026-08-20T03:04:09] RUN_END status=OK
[2026-08-20T03:04:56] RUN_START run_id=SCALE_C_uDCN_50_026
[2026-08-20T03:04:56] PARAM implementation=uDCN
[2026-08-20T03:04:56] METRIC concurrent_clients=50
[2026-08-20T03:04:56] METRIC throughput_pct_of_max=93.704
[2026-08-20T03:04:56] RUN_END status=OK
[2026-08-20T03:05:20] RUN_START run_id=SCALE_C_PythonNDN_100_104
[2026-08-20T03:05:20] PARAM implementation=PythonNDN
[2026-08-20T03:05:20] METRIC concurrent_clients=100
[2026-08-20T03:05:20] METRIC throughput_pct_of_max=66.208
[2026-08-20T03:05:20] RUN_END status=OK
[2026-08-20T03:06:56] RUN_START run_id=SCALE_C_uDCN_500_071
[2026-08-20T03:06:56] PARAM implementation=uDCN
[2026-08-20T03:06:56] METRIC concurrent_clients=500
[2026-08-20T03:06:56] METRIC throughput_pct_of_max=91.163
[2026-08-20T03:06:56] RUN_END status=OK
[2026-08-20T03:07:02] RUN_START run_id=SCALE_C_PythonNDN_100_105
[2026-08-20T03:07:02] PARAM implementation=PythonNDN
[2026-08-20T03:07:02] METRIC concurrent_clients=100
[2026-08-20T03:07:02] METRIC throughput_pct_of_max=68.049
[2026-08-20T03:07:02] RUN_END status=OK
[2026-08-20T03:08:09] RUN_START run_id=SCALE_C_PythonNDN_100_106
[2026-08-20T03:08:09] PARAM implementation=PythonNDN
[2026-08-20T03:08:09] METRIC concurrent_clients=100
[2026-08-20T03:08:09] METRIC throughput_pct_of_max=62.6
[2026-08-20T03:08:09] RUN_END status=OK
