[2026-08-29T13:13:58] RUN_START run_id=SCALE_C_CCNlite_50_147
[2026-08-29T13:13:58] PARAM implementation=CCNlite
[2026-08-29T13:13:58] METRIC concurrent_clients=50
[2026-08-29T13:13:58] METRIC throughput_pct_of_max=92.673
[2026-08-29T13:13:58] RUN_END status=OK
[2026-08-29T13:17:03] RUN_START run_id=SCALE_C_CCNlite_50_148
[2026-08-29T13:17:03] PARAM implementation=CCNlite
[2026-08-29T13:17:03] METRIC concurrent_clients=50
[2026-08-29T13:17:03] METRIC throughput_pct_of_max=82.594
[2026-08-29T13:17:03] RUN_END status=OK
[2026-08-29T13:19:41] RUN_START run_id=SCALE_C_CCNlite_50_149
[2026-08-29T13:19:41] PARAM implementation=CCNlite
[2026-08-29T13:19:41] METRIC concurrent_clients=50
[2026-08-29T13:19:41] METRIC throughput_pct_of_max=92.267
[2026-08-29T13:19:41] RUN_END status=OK
[2026-08-29T13:20:55] RUN_START run_id=SCALE_C_CCNlite_50_150
[2026-08-29T13:20:55] PARAM implementation=CCNlite
[2026-08-29T13:20:55] METRIC concurrent_clients=50
[2026-08-29T13:20:55] METRIC throughput_pct_of_max=92.18
[2026-08-29T13:20:55] RUN_END status=OK
[2026-08-29T19:01:23] RUN_START run_id=07_scalability_clients_DISCARDED_0224
[2026-08-29T19:01:23] RUN_ABORTED reason=trex_controller_reset: TRex stateful-engine control connection dropped mid-run before steady-state throughput reached
[2026-08-29T22:59:23] RUN_START run_id=SCALE_C_CCNlite_100_121
[2026-08-29T22:59:23] PARAM implementation=CCNlite
[2026-08-29T22:59:23] METRIC concurrent_clients=100
[2026-08-29T22:59:23] METRIC throughput_pct_of_max=79.053
[2026-08-29T22:59:23] RUN_END status=OK
[2026-08-29T23:02:44] RUN_START run_id=SCALE_C_CCNlite_100_122
[2026-08-29T23:02:44] PARAM implementation=CCNlite
[2026-08-29T23:02:44] METRIC concurrent_clients=100
[2026-08-29T23:02:44] METRIC throughput_pct_of_max=79.174
[2026-08-29T23:02:44] RUN_END status=OK
[2026-08-29T23:03:54] RUN_START run_id=SCALE_C_CCNlite_100_123
[2026-08-29T23:03:54] PARAM implementation=CCNlite
[2026-08-29T23:03:54] METRIC concurrent_clients=100
[2026-08-29T23:03:54] METRIC throughput_pct_of_max=74.592
[2026-08-29T23:03:54] RUN_END status=OK
[2026-08-29T23:07:10] RUN_START run_id=SCALE_C_CCNlite_100_124
[2026-08-29T23:07:10] PARAM implementation=CCNlite
[2026-08-29T23:07:10] METRIC concurrent_clients=100
[2026-08-29T23:07:10] METRIC throughput_pct_of_max=77.23
[2026-08-29T23:07:10] RUN_END status=OK
[2026-08-29T23:09:23] RUN_START run_id=SCALE_C_CCNlite_100_125
[2026-08-29T23:09:23] PARAM implementation=CCNlite
[2026-08-29T23:09:23] METRIC concurrent_clients=100
[2026-08-29T23:09:23] METRIC throughput_pct_of_max=76.722
[2026-08-29T23:09:23] RUN_END status=OK
[2026-08-29T23:12:03] RUN_START run_id=SCALE_C_CCNlite_100_126
[2026-08-29T23:12:03] PARAM implementation=CCNlite
[2026-08-29T23:12:03] METRIC concurrent_clients=100
[2026-08-29T23:12:03] METRIC throughput_pct_of_max=77.892
[2026-08-29T23:12:03] RUN_END status=OK
[2026-08-29T23:14:56] RUN_START run_id=SCALE_C_CCNlite_100_127
[2026-08-29T23:14:56] PARAM implementation=CCNlite
[2026-08-29T23:14:56] METRIC concurrent_clients=100
[2026-08-29T23:14:56] METRIC throughput_pct_of_max=76.689
[2026-08-29T23:14:56] RUN_END status=OK
[2026-08-29T23:18:50] RUN_START run_id=SCALE_C_CCNlite_100_128
[2026-08-29T23:18:50] PARAM implementation=CCNlite
[2026-08-29T23:18:50] METRIC concurrent_clients=100
[2026-08-29T23:18:50] METRIC throughput_pct_of_max=78.566
[2026-08-29T23:18:50] RUN_END status=OK
[2026-08-29T23:21:10] RUN_START run_id=SCALE_C_CCNlite_100_129
[2026-08-29T23:21:10] PARAM implementation=CCNlite
[2026-08-29T23:21:10] METRIC concurrent_clients=100
[2026-08-29T23:21:10] METRIC throughput_pct_of_max=79.967
[2026-08-29T23:21:10] RUN_END status=OK
[2026-08-29T23:23:29] RUN_START run_id=SCALE_C_CCNlite_100_130
[2026-08-29T23:23:29] PARAM implementation=CCNlite
[2026-08-29T23:23:29] METRIC concurrent_clients=100
[2026-08-29T23:23:29] METRIC throughput_pct_of_max=78.719
[2026-08-29T23:23:29] RUN_END status=OK
