[2026-08-24T05:42:01] RUN_START run_id=SCALE_C_uDCN_1000_126
[2026-08-24T05:42:01] PARAM implementation=uDCN
[2026-08-24T05:42:01] METRIC concurrent_clients=1000
[2026-08-24T05:42:01] METRIC throughput_pct_of_max=92.725
[2026-08-24T05:42:01] RUN_END status=OK
[2026-08-24T05:43:44] RUN_START run_id=SCALE_C_uDCN_1000_127
[2026-08-24T05:43:44] PARAM implementation=uDCN
[2026-08-24T05:43:44] METRIC concurrent_clients=1000
[2026-08-24T05:43:44] METRIC throughput_pct_of_max=90.513
[2026-08-24T05:43:44] RUN_END status=OK
[2026-08-24T05:44:23] RUN_START run_id=SCALE_C_uDCN_1000_128
[2026-08-24T05:44:23] PARAM implementation=uDCN
[2026-08-24T05:44:23] METRIC concurrent_clients=1000
[2026-08-24T05:44:23] METRIC throughput_pct_of_max=87.834
[2026-08-24T05:44:23] RUN_END status=OK
[2026-08-24T05:45:49] RUN_START run_id=SCALE_C_uDCN_1000_129
[2026-08-24T05:45:49] PARAM implementation=uDCN
[2026-08-24T05:45:49] METRIC concurrent_clients=1000
[2026-08-24T05:45:49] METRIC throughput_pct_of_max=90.721
[2026-08-24T05:45:49] RUN_END status=OK
[2026-08-24T05:47:40] RUN_START run_id=SCALE_C_uDCN_1000_130
[2026-08-24T05:47:40] PARAM implementation=uDCN
[2026-08-24T05:47:40] METRIC concurrent_clients=1000
[2026-08-24T05:47:40] METRIC throughput_pct_of_max=95.252
[2026-08-24T05:47:40] RUN_END status=OK
[2026-08-24T05:50:56] RUN_START run_id=SCALE_C_uDCN_1000_131
[2026-08-24T05:50:56] PARAM implementation=uDCN
[2026-08-24T05:50:56] METRIC concurrent_clients=1000
[2026-08-24T05:50:56] METRIC throughput_pct_of_max=95.731
[2026-08-24T05:50:56] RUN_END status=OK
[2026-08-24T05:53:18] RUN_START run_id=SCALE_C_uDCN_1000_132
[2026-08-24T05:53:18] PARAM implementation=uDCN
[2026-08-24T05:53:18] METRIC concurrent_clients=1000
[2026-08-24T05:53:18] METRIC throughput_pct_of_max=96.238
[2026-08-24T05:53:18] RUN_END status=OK
[2026-08-24T05:55:26] RUN_START run_id=SCALE_C_uDCN_1000_133
[2026-08-24T05:55:26] PARAM implementation=uDCN
[2026-08-24T05:55:26] METRIC concurrent_clients=1000
[2026-08-24T05:55:26] METRIC throughput_pct_of_max=89.182
[2026-08-24T05:55:26] RUN_END status=OK
[2026-08-24T05:58:53] RUN_START run_id=SCALE_C_uDCN_1000_134
[2026-08-24T05:58:53] PARAM implementation=uDCN
[2026-08-24T05:58:53] METRIC concurrent_clients=1000
[2026-08-24T05:58:53] METRIC throughput_pct_of_max=94.231
[2026-08-24T05:58:53] RUN_END status=OK
[2026-08-24T05:59:22] RUN_START run_id=SCALE_C_uDCN_1000_135
[2026-08-24T05:59:22] PARAM implementation=uDCN
[2026-08-24T05:59:22] METRIC concurrent_clients=1000
[2026-08-24T05:59:22] METRIC throughput_pct_of_max=90.049
[2026-08-24T05:59:22] RUN_END status=OK
