[2026-09-02T21:10:07] RUN_START run_id=SCALE_C_NFD_10_107
[2026-09-02T21:10:07] PARAM implementation=NFD
[2026-09-02T21:10:07] METRIC concurrent_clients=10
[2026-09-02T21:10:07] METRIC throughput_pct_of_max=100.0
[2026-09-02T21:10:07] RUN_END status=OK
[2026-09-02T21:12:24] RUN_START run_id=SCALE_C_NFD_10_108
[2026-09-02T21:12:24] PARAM implementation=NFD
[2026-09-02T21:12:24] METRIC concurrent_clients=10
[2026-09-02T21:12:24] METRIC throughput_pct_of_max=100.0
[2026-09-02T21:12:24] RUN_END status=OK
[2026-09-02T21:16:18] RUN_START run_id=SCALE_C_NFD_10_109
[2026-09-02T21:16:18] PARAM implementation=NFD
[2026-09-02T21:16:18] METRIC concurrent_clients=10
[2026-09-02T21:16:18] METRIC throughput_pct_of_max=95.867
[2026-09-02T21:16:18] RUN_END status=OK
[2026-09-02T21:19:24] RUN_START run_id=SCALE_C_NFD_10_110
[2026-09-02T21:19:24] PARAM implementation=NFD
[2026-09-02T21:19:24] METRIC concurrent_clients=10
[2026-09-02T21:19:24] METRIC throughput_pct_of_max=99.559
[2026-09-02T21:19:24] RUN_END status=OK
[2026-09-02T21:24:32] RUN_START run_id=SCALE_C_NFD_10_111
[2026-09-02T21:24:32] PARAM implementation=NFD
[2026-09-02T21:24:32] METRIC concurrent_clients=10
[2026-09-02T21:24:32] METRIC throughput_pct_of_max=100.0
[2026-09-02T21:24:32] RUN_END status=OK
[2026-09-02T21:26:28] RUN_START run_id=SCALE_C_NFD_10_112
[2026-09-02T21:26:28] PARAM implementation=NFD
[2026-09-02T21:26:28] METRIC concurrent_clients=10
[2026-09-02T21:26:28] METRIC throughput_pct_of_max=100.0
[2026-09-02T21:26:28] RUN_END status=OK
[2026-09-02T21:30:40] RUN_START run_id=SCALE_C_NFD_10_113
[2026-09-02T21:30:40] PARAM implementation=NFD
[2026-09-02T21:30:40] METRIC concurrent_clients=10
[2026-09-02T21:30:40] METRIC throughput_pct_of_max=99.017
[2026-09-02T21:30:40] RUN_END status=OK
[2026-09-02T21:32:11] RUN_START run_id=SCALE_C_NFD_10_114
[2026-09-02T21:32:11] PARAM implementation=NFD
[2026-09-02T21:32:11] METRIC concurrent_clients=10
[2026-09-02T21:32:11] METRIC throughput_pct_of_max=100.0
[2026-09-02T21:32:11] RUN_END status=OK
[2026-09-02T21:35:11] RUN_START run_id=SCALE_C_NFD_10_115
[2026-09-02T21:35:11] PARAM implementation=NFD
[2026-09-02T21:35:11] METRIC concurrent_clients=10
[2026-09-02T21:35:11] METRIC throughput_pct_of_max=100.0
[2026-09-02T21:35:11] RUN_END status=OK
[2026-09-02T21:36:51] RUN_START run_id=SCALE_C_NFD_10_116
[2026-09-02T21:36:51] PARAM implementation=NFD
[2026-09-02T21:36:51] METRIC concurrent_clients=10
[2026-09-02T21:36:51] METRIC throughput_pct_of_max=100.0
[2026-09-02T21:36:51] RUN_END status=OK
[2026-09-02T21:39:24] RUN_START run_id=SCALE_C_NFD_10_117
[2026-09-02T21:39:24] PARAM implementation=NFD
[2026-09-02T21:39:24] METRIC concurrent_clients=10
[2026-09-02T21:39:24] METRIC throughput_pct_of_max=99.136
[2026-09-02T21:39:24] RUN_END status=OK
[2026-09-02T21:41:08] RUN_START run_id=SCALE_C_NFD_10_118
[2026-09-02T21:41:08] PARAM implementation=NFD
[2026-09-02T21:41:08] METRIC concurrent_clients=10
[2026-09-02T21:41:08] METRIC throughput_pct_of_max=100.0
[2026-09-02T21:41:08] RUN_END status=OK
[2026-09-02T21:45:06] RUN_START run_id=SCALE_C_NFD_10_119
[2026-09-02T21:45:06] PARAM implementation=NFD
[2026-09-02T21:45:06] METRIC concurrent_clients=10
[2026-09-02T21:45:06] METRIC throughput_pct_of_max=96.158
[2026-09-02T21:45:06] RUN_END status=OK
[2026-09-02T21:49:11] RUN_START run_id=SCALE_C_NFD_10_120
[2026-09-02T21:49:11] PARAM implementation=NFD
[2026-09-02T21:49:11] METRIC concurrent_clients=10
[2026-09-02T21:49:11] METRIC throughput_pct_of_max=99.084
[2026-09-02T21:49:11] RUN_END status=OK
[2026-09-02T21:51:00] RUN_START run_id=SCALE_C_NFD_10_121
[2026-09-02T21:51:00] PARAM implementation=NFD
[2026-09-02T21:51:00] METRIC concurrent_clients=10
[2026-09-02T21:51:00] METRIC throughput_pct_of_max=96.764
[2026-09-02T21:51:00] RUN_END status=OK
