[2026-08-31T01:14:14] RUN_START run_id=SCALE_C_CCNlite_5000_077
[2026-08-31T01:14:14] PARAM implementation=CCNlite
[2026-08-31T01:14:14] METRIC concurrent_clients=5000
[2026-08-31T01:14:14] METRIC throughput_pct_of_max=41.259
[2026-08-31T01:14:14] RUN_END status=OK
[2026-08-31T01:18:20] RUN_START run_id=SCALE_C_CCNlite_5000_078
[2026-08-31T01:18:20] PARAM implementation=CCNlite
[2026-08-31T01:18:20] METRIC concurrent_clients=5000
[2026-08-31T01:18:20] METRIC throughput_pct_of_max=42.215
[2026-08-31T01:18:20] RUN_END status=OK
[2026-08-31T01:19:05] RUN_START run_id=SCALE_C_CCNlite_5000_079
[2026-08-31T01:19:05] PARAM implementation=CCNlite
[2026-08-31T01:19:05] METRIC concurrent_clients=5000
[2026-08-31T01:19:05] METRIC throughput_pct_of_max=45.712
[2026-08-31T01:19:05] RUN_END status=OK
[2026-08-31T01:20:59] RUN_START run_id=SCALE_C_CCNlite_5000_080
[2026-08-31T01:20:59] PARAM implementation=CCNlite
[2026-08-31T01:20:59] METRIC concurrent_clients=5000
[2026-08-31T01:20:59] METRIC throughput_pct_of_max=40.97
[2026-08-31T01:20:59] RUN_END status=OK
[2026-08-31T01:22:54] RUN_START run_id=SCALE_C_CCNlite_5000_081
[2026-08-31T01:22:54] PARAM implementation=CCNlite
[2026-08-31T01:22:54] METRIC concurrent_clients=5000
[2026-08-31T01:22:54] METRIC throughput_pct_of_max=41.649
[2026-08-31T01:22:54] RUN_END status=OK
[2026-08-31T01:24:35] RUN_START run_id=SCALE_C_CCNlite_5000_082
[2026-08-31T01:24:35] PARAM implementation=CCNlite
[2026-08-31T01:24:35] METRIC concurrent_clients=5000
[2026-08-31T01:24:35] METRIC throughput_pct_of_max=45.188
[2026-08-31T01:24:35] RUN_END status=OK
[2026-08-31T03:45:21] RUN_START run_id=SCALE_C_uDCN_100_127
[2026-08-31T03:45:21] PARAM implementation=uDCN
[2026-08-31T03:45:21] METRIC concurrent_clients=100
[2026-08-31T03:45:21] METRIC throughput_pct_of_max=90.225
[2026-08-31T03:45:21] RUN_END status=OK
[2026-08-31T03:50:41] RUN_START run_id=SCALE_C_uDCN_100_128
[2026-08-31T03:50:41] PARAM implementation=uDCN
[2026-08-31T03:50:41] METRIC concurrent_clients=100
[2026-08-31T03:50:41] METRIC throughput_pct_of_max=95.773
[2026-08-31T03:50:41] RUN_END status=OK
[2026-08-31T03:52:31] RUN_START run_id=SCALE_C_uDCN_100_129
[2026-08-31T03:52:31] PARAM implementation=uDCN
[2026-08-31T03:52:31] METRIC concurrent_clients=100
[2026-08-31T03:52:31] METRIC throughput_pct_of_max=94.201
[2026-08-31T03:52:31] RUN_END status=OK
[2026-08-31T03:53:30] RUN_START run_id=SCALE_C_uDCN_100_130
[2026-08-31T03:53:30] PARAM implementation=uDCN
[2026-08-31T03:53:30] METRIC concurrent_clients=100
[2026-08-31T03:53:30] METRIC throughput_pct_of_max=94.978
[2026-08-31T03:53:30] RUN_END status=OK
[2026-08-31T03:54:46] RUN_START run_id=07_scalability_clients_DISCARDED_0228
[2026-08-31T03:54:46] RUN_ABORTED reason=trex_controller_reset: TRex stateful-engine control connection dropped mid-run before steady-state throughput reached
[2026-08-31T03:56:56] RUN_START run_id=SCALE_C_uDCN_100_131
[2026-08-31T03:56:56] PARAM implementation=uDCN
[2026-08-31T03:56:56] METRIC concurrent_clients=100
[2026-08-31T03:56:56] METRIC throughput_pct_of_max=96.626
[2026-08-31T03:56:56] RUN_END status=OK
[2026-08-31T03:58:53] RUN_START run_id=SCALE_C_uDCN_100_132
[2026-08-31T03:58:53] PARAM implementation=uDCN
[2026-08-31T03:58:53] METRIC concurrent_clients=100
[2026-08-31T03:58:53] METRIC throughput_pct_of_max=91.45
[2026-08-31T03:58:53] RUN_END status=OK
[2026-08-31T03:59:35] RUN_START run_id=SCALE_C_uDCN_100_133
[2026-08-31T03:59:35] PARAM implementation=uDCN
[2026-08-31T03:59:35] METRIC concurrent_clients=100
[2026-08-31T03:59:35] METRIC throughput_pct_of_max=88.005
[2026-08-31T03:59:35] RUN_END status=OK
[2026-08-31T04:03:49] RUN_START run_id=SCALE_C_uDCN_100_134
[2026-08-31T04:03:49] PARAM implementation=uDCN
[2026-08-31T04:03:49] METRIC concurrent_clients=100
[2026-08-31T04:03:49] METRIC throughput_pct_of_max=100.0
[2026-08-31T04:03:49] RUN_END status=OK
[2026-08-31T04:04:48] RUN_START run_id=SCALE_C_uDCN_100_135
[2026-08-31T04:04:48] PARAM implementation=uDCN
[2026-08-31T04:04:48] METRIC concurrent_clients=100
[2026-08-31T04:04:48] METRIC throughput_pct_of_max=94.106
[2026-08-31T04:04:48] RUN_END status=OK
[2026-08-31T04:07:14] RUN_START run_id=SCALE_C_uDCN_100_136
[2026-08-31T04:07:14] PARAM implementation=uDCN
[2026-08-31T04:07:14] METRIC concurrent_clients=100
[2026-08-31T04:07:14] METRIC throughput_pct_of_max=99.777
[2026-08-31T04:07:14] RUN_END status=OK
[2026-08-31T04:08:05] RUN_START run_id=SCALE_C_uDCN_100_137
[2026-08-31T04:08:05] PARAM implementation=uDCN
[2026-08-31T04:08:05] METRIC concurrent_clients=100
[2026-08-31T04:08:05] METRIC throughput_pct_of_max=97.691
[2026-08-31T04:08:05] RUN_END status=OK
[2026-08-31T04:12:36] RUN_START run_id=SCALE_C_uDCN_100_138
[2026-08-31T04:12:36] PARAM implementation=uDCN
[2026-08-31T04:12:36] METRIC concurrent_clients=100
[2026-08-31T04:12:36] METRIC throughput_pct_of_max=93.216
[2026-08-31T04:12:36] RUN_END status=OK
[2026-08-31T04:13:31] RUN_START run_id=SCALE_C_uDCN_100_139
[2026-08-31T04:13:31] PARAM implementation=uDCN
[2026-08-31T04:13:31] METRIC concurrent_clients=100
[2026-08-31T04:13:31] METRIC throughput_pct_of_max=91.021
[2026-08-31T04:13:31] RUN_END status=OK
[2026-08-31T04:17:11] RUN_START run_id=SCALE_C_uDCN_100_140
[2026-08-31T04:17:11] PARAM implementation=uDCN
[2026-08-31T04:17:11] METRIC concurrent_clients=100
[2026-08-31T04:17:11] METRIC throughput_pct_of_max=91.899
[2026-08-31T04:17:11] RUN_END status=OK
