[2026-08-17T17:18:51] RUN_START run_id=SCALE_C_CCNlite_1000_011
[2026-08-17T17:18:51] PARAM implementation=CCNlite
[2026-08-17T17:18:51] METRIC concurrent_clients=1000
[2026-08-17T17:18:51] METRIC throughput_pct_of_max=60.938
[2026-08-17T17:18:51] RUN_END status=OK
[2026-08-17T17:20:15] RUN_START run_id=SCALE_C_CCNlite_1000_012
[2026-08-17T17:20:15] PARAM implementation=CCNlite
[2026-08-17T17:20:15] METRIC concurrent_clients=1000
[2026-08-17T17:20:15] METRIC throughput_pct_of_max=60.007
[2026-08-17T17:20:15] RUN_END status=OK
[2026-08-17T17:21:36] RUN_START run_id=SCALE_C_CCNlite_1000_013
[2026-08-17T17:21:36] PARAM implementation=CCNlite
[2026-08-17T17:21:36] METRIC concurrent_clients=1000
[2026-08-17T17:21:36] METRIC throughput_pct_of_max=58.559
[2026-08-17T17:21:36] RUN_END status=OK
[2026-08-17T17:22:49] RUN_START run_id=SCALE_C_CCNlite_1000_014
[2026-08-17T17:22:49] PARAM implementation=CCNlite
[2026-08-17T17:22:49] METRIC concurrent_clients=1000
[2026-08-17T17:22:49] METRIC throughput_pct_of_max=58.252
[2026-08-17T17:22:49] RUN_END status=OK
[2026-08-17T17:25:24] RUN_START run_id=SCALE_C_CCNlite_1000_015
[2026-08-17T17:25:24] PARAM implementation=CCNlite
[2026-08-17T17:25:24] METRIC concurrent_clients=1000
[2026-08-17T17:25:24] METRIC throughput_pct_of_max=59.677
[2026-08-17T17:25:24] RUN_END status=OK
[2026-08-17T17:26:29] RUN_START run_id=SCALE_C_CCNlite_1000_016
[2026-08-17T17:26:29] PARAM implementation=CCNlite
[2026-08-17T17:26:29] METRIC concurrent_clients=1000
[2026-08-17T17:26:29] METRIC throughput_pct_of_max=57.257
[2026-08-17T17:26:29] RUN_END status=OK
[2026-08-17T17:31:17] RUN_START run_id=SCALE_C_CCNlite_1000_017
[2026-08-17T17:31:17] PARAM implementation=CCNlite
[2026-08-17T17:31:17] METRIC concurrent_clients=1000
[2026-08-17T17:31:17] METRIC throughput_pct_of_max=58.63
[2026-08-17T17:31:17] RUN_END status=OK
[2026-08-17T17:32:23] RUN_START run_id=SCALE_C_CCNlite_1000_018
[2026-08-17T17:32:23] PARAM implementation=CCNlite
[2026-08-17T17:32:23] METRIC concurrent_clients=1000
[2026-08-17T17:32:23] METRIC throughput_pct_of_max=60.339
[2026-08-17T17:32:23] RUN_END status=OK
[2026-08-17T17:35:39] RUN_START run_id=SCALE_C_CCNlite_1000_019
[2026-08-17T17:35:39] PARAM implementation=CCNlite
[2026-08-17T17:35:39] METRIC concurrent_clients=1000
[2026-08-17T17:35:39] METRIC throughput_pct_of_max=66.159
[2026-08-17T17:35:39] RUN_END status=OK
[2026-08-17T17:39:22] RUN_START run_id=SCALE_C_CCNlite_1000_020
[2026-08-17T17:39:22] PARAM implementation=CCNlite
[2026-08-17T17:39:22] METRIC concurrent_clients=1000
[2026-08-17T17:39:22] METRIC throughput_pct_of_max=60.834
[2026-08-17T17:39:22] RUN_END status=OK
[2026-08-17T17:41:26] RUN_START run_id=SCALE_C_CCNlite_1000_021
[2026-08-17T17:41:26] PARAM implementation=CCNlite
[2026-08-17T17:41:26] METRIC concurrent_clients=1000
[2026-08-17T17:41:26] METRIC throughput_pct_of_max=63.507
[2026-08-17T17:41:26] RUN_END status=OK
[2026-08-17T17:43:36] RUN_START run_id=SCALE_C_CCNlite_1000_022
[2026-08-17T17:43:36] PARAM implementation=CCNlite
[2026-08-17T17:43:36] METRIC concurrent_clients=1000
[2026-08-17T17:43:36] METRIC throughput_pct_of_max=58.851
[2026-08-17T17:43:36] RUN_END status=OK
[2026-08-17T17:47:46] RUN_START run_id=SCALE_C_CCNlite_1000_023
[2026-08-17T17:47:46] PARAM implementation=CCNlite
[2026-08-17T17:47:46] METRIC concurrent_clients=1000
[2026-08-17T17:47:46] METRIC throughput_pct_of_max=62.317
[2026-08-17T17:47:46] RUN_END status=OK
[2026-08-17T17:48:55] RUN_START run_id=SCALE_C_CCNlite_1000_024
[2026-08-17T17:48:55] PARAM implementation=CCNlite
[2026-08-17T17:48:55] METRIC concurrent_clients=1000
[2026-08-17T17:48:55] METRIC throughput_pct_of_max=56.786
[2026-08-17T17:48:55] RUN_END status=OK
[2026-08-17T17:51:05] RUN_START run_id=SCALE_C_CCNlite_1000_025
[2026-08-17T17:51:05] PARAM implementation=CCNlite
[2026-08-17T17:51:05] METRIC concurrent_clients=1000
[2026-08-17T17:51:05] METRIC throughput_pct_of_max=59.543
[2026-08-17T17:51:05] RUN_END status=OK
[2026-08-17T17:53:27] RUN_START run_id=SCALE_C_CCNlite_1000_026
[2026-08-17T17:53:27] PARAM implementation=CCNlite
[2026-08-17T17:53:27] METRIC concurrent_clients=1000
[2026-08-17T17:53:27] METRIC throughput_pct_of_max=58.751
[2026-08-17T17:53:27] RUN_END status=OK
[2026-08-17T17:54:24] RUN_START run_id=SCALE_C_CCNlite_1000_027
[2026-08-17T17:54:24] PARAM implementation=CCNlite
[2026-08-17T17:54:24] METRIC concurrent_clients=1000
[2026-08-17T17:54:24] METRIC throughput_pct_of_max=63.265
[2026-08-17T17:54:24] RUN_END status=OK
