[2026-08-21T16:53:43] RUN_START run_id=SCALE_C_uDCN_50_089
[2026-08-21T16:53:43] PARAM implementation=uDCN
[2026-08-21T16:53:43] METRIC concurrent_clients=50
[2026-08-21T16:53:43] METRIC throughput_pct_of_max=100.0
[2026-08-21T16:53:43] RUN_END status=OK
[2026-08-21T16:56:47] RUN_START run_id=SCALE_C_uDCN_50_090
[2026-08-21T16:56:47] PARAM implementation=uDCN
[2026-08-21T16:56:47] METRIC concurrent_clients=50
[2026-08-21T16:56:47] METRIC throughput_pct_of_max=94.436
[2026-08-21T16:56:47] RUN_END status=OK
[2026-08-21T17:00:26] RUN_START run_id=SCALE_C_uDCN_50_091
[2026-08-21T17:00:26] PARAM implementation=uDCN
[2026-08-21T17:00:26] METRIC concurrent_clients=50
[2026-08-21T17:00:26] METRIC throughput_pct_of_max=96.988
[2026-08-21T17:00:26] RUN_END status=OK
[2026-08-21T17:03:28] RUN_START run_id=SCALE_C_uDCN_50_092
[2026-08-21T17:03:28] PARAM implementation=uDCN
[2026-08-21T17:03:28] METRIC concurrent_clients=50
[2026-08-21T17:03:28] METRIC throughput_pct_of_max=96.917
[2026-08-21T17:03:28] RUN_END status=OK
[2026-08-21T17:05:20] RUN_START run_id=SCALE_C_uDCN_50_093
[2026-08-21T17:05:20] PARAM implementation=uDCN
[2026-08-21T17:05:20] METRIC concurrent_clients=50
[2026-08-21T17:05:20] METRIC throughput_pct_of_max=94.6
[2026-08-21T17:05:20] RUN_END status=OK
[2026-08-21T17:06:19] RUN_START run_id=SCALE_C_uDCN_50_094
[2026-08-21T17:06:19] PARAM implementation=uDCN
[2026-08-21T17:06:19] METRIC concurrent_clients=50
[2026-08-21T17:06:19] METRIC throughput_pct_of_max=94.685
[2026-08-21T17:06:19] RUN_END status=OK
[2026-08-21T17:10:55] RUN_START run_id=SCALE_C_uDCN_50_095
[2026-08-21T17:10:55] PARAM implementation=uDCN
[2026-08-21T17:10:55] METRIC concurrent_clients=50
[2026-08-21T17:10:55] METRIC throughput_pct_of_max=93.618
[2026-08-21T17:10:55] RUN_END status=OK
[2026-08-21T17:14:03] RUN_START run_id=SCALE_C_uDCN_50_096
[2026-08-21T17:14:03] PARAM implementation=uDCN
[2026-08-21T17:14:03] METRIC concurrent_clients=50
[2026-08-21T17:14:03] METRIC throughput_pct_of_max=100.0
[2026-08-21T17:14:03] RUN_END status=OK
[2026-08-21T17:16:42] RUN_START run_id=SCALE_C_uDCN_50_097
[2026-08-21T17:16:42] PARAM implementation=uDCN
[2026-08-21T17:16:42] METRIC concurrent_clients=50
[2026-08-21T17:16:42] METRIC throughput_pct_of_max=93.021
[2026-08-21T17:16:42] RUN_END status=OK
[2026-08-21T17:18:06] RUN_START run_id=SCALE_C_uDCN_50_098
[2026-08-21T17:18:06] PARAM implementation=uDCN
[2026-08-21T17:18:06] METRIC concurrent_clients=50
[2026-08-21T17:18:06] METRIC throughput_pct_of_max=100.0
[2026-08-21T17:18:06] RUN_END status=OK
[2026-08-21T17:19:34] RUN_START run_id=SCALE_C_uDCN_50_099
[2026-08-21T17:19:34] PARAM implementation=uDCN
[2026-08-21T17:19:34] METRIC concurrent_clients=50
[2026-08-21T17:19:34] METRIC throughput_pct_of_max=100.0
[2026-08-21T17:19:34] RUN_END status=OK
[2026-08-21T17:21:34] RUN_START run_id=SCALE_C_uDCN_50_100
[2026-08-21T17:21:34] PARAM implementation=uDCN
[2026-08-21T17:21:34] METRIC concurrent_clients=50
[2026-08-21T17:21:34] METRIC throughput_pct_of_max=99.512
[2026-08-21T17:21:34] RUN_END status=OK
[2026-08-21T17:25:19] RUN_START run_id=SCALE_C_uDCN_50_101
[2026-08-21T17:25:19] PARAM implementation=uDCN
[2026-08-21T17:25:19] METRIC concurrent_clients=50
[2026-08-21T17:25:19] METRIC throughput_pct_of_max=100.0
[2026-08-21T17:25:19] RUN_END status=OK
[2026-08-21T17:41:49] RUN_START run_id=SCALE_C_CCNlite_10_063
[2026-08-21T17:41:49] PARAM implementation=CCNlite
[2026-08-21T17:41:49] METRIC concurrent_clients=10
[2026-08-21T17:41:49] METRIC throughput_pct_of_max=100.0
[2026-08-21T17:41:49] RUN_END status=OK
[2026-08-21T17:43:06] RUN_START run_id=SCALE_C_CCNlite_10_064
[2026-08-21T17:43:06] PARAM implementation=CCNlite
[2026-08-21T17:43:06] METRIC concurrent_clients=10
[2026-08-21T17:43:06] METRIC throughput_pct_of_max=96.896
[2026-08-21T17:43:06] RUN_END status=OK
[2026-08-21T17:46:02] RUN_START run_id=SCALE_C_CCNlite_10_065
[2026-08-21T17:46:02] PARAM implementation=CCNlite
[2026-08-21T17:46:02] METRIC concurrent_clients=10
[2026-08-21T17:46:02] METRIC throughput_pct_of_max=96.438
[2026-08-21T17:46:02] RUN_END status=OK
