[2026-08-23T17:46:21] RUN_START run_id=SCALE_C_NFD_100_118
[2026-08-23T17:46:21] PARAM implementation=NFD
[2026-08-23T17:46:21] METRIC concurrent_clients=100
[2026-08-23T17:46:21] METRIC throughput_pct_of_max=81.693
[2026-08-23T17:46:21] RUN_END status=OK
[2026-08-23T17:47:21] RUN_START run_id=SCALE_C_NFD_100_119
[2026-08-23T17:47:21] PARAM implementation=NFD
[2026-08-23T17:47:21] METRIC concurrent_clients=100
[2026-08-23T17:47:21] METRIC throughput_pct_of_max=75.223
[2026-08-23T17:47:21] RUN_END status=OK
[2026-08-23T17:48:57] RUN_START run_id=SCALE_C_NFD_100_120
[2026-08-23T17:48:57] PARAM implementation=NFD
[2026-08-23T17:48:57] METRIC concurrent_clients=100
[2026-08-23T17:48:57] METRIC throughput_pct_of_max=79.269
[2026-08-23T17:48:57] RUN_END status=OK
[2026-08-23T20:35:06] RUN_START run_id=SCALE_C_NFD_500_102
[2026-08-23T20:35:06] PARAM implementation=NFD
[2026-08-23T20:35:06] METRIC concurrent_clients=500
[2026-08-23T20:35:06] METRIC throughput_pct_of_max=65.735
[2026-08-23T20:35:06] RUN_END status=OK
[2026-08-23T20:36:19] RUN_START run_id=SCALE_C_NFD_500_103
[2026-08-23T20:36:19] PARAM implementation=NFD
[2026-08-23T20:36:19] METRIC concurrent_clients=500
[2026-08-23T20:36:19] METRIC throughput_pct_of_max=68.072
[2026-08-23T20:36:19] RUN_END status=OK
[2026-08-23T20:37:34] RUN_START run_id=SCALE_C_NFD_500_104
[2026-08-23T20:37:34] PARAM implementation=NFD
[2026-08-23T20:37:34] METRIC concurrent_clients=500
[2026-08-23T20:37:34] METRIC throughput_pct_of_max=64.036
[2026-08-23T20:37:34] RUN_END status=OK
[2026-08-23T20:40:14] RUN_START run_id=SCALE_C_NFD_500_105
[2026-08-23T20:40:14] PARAM implementation=NFD
[2026-08-23T20:40:14] METRIC concurrent_clients=500
[2026-08-23T20:40:14] METRIC throughput_pct_of_max=69.376
[2026-08-23T20:40:14] RUN_END status=OK
[2026-08-23T20:41:29] RUN_START run_id=SCALE_C_NFD_500_106
[2026-08-23T20:41:29] PARAM implementation=NFD
[2026-08-23T20:41:29] METRIC concurrent_clients=500
[2026-08-23T20:41:29] METRIC throughput_pct_of_max=70.082
[2026-08-23T20:41:29] RUN_END status=OK
[2026-08-23T20:43:15] RUN_START run_id=SCALE_C_NFD_500_107
[2026-08-23T20:43:15] PARAM implementation=NFD
[2026-08-23T20:43:15] METRIC concurrent_clients=500
[2026-08-23T20:43:15] METRIC throughput_pct_of_max=67.172
[2026-08-23T20:43:15] RUN_END status=OK
[2026-08-23T20:45:41] RUN_START run_id=SCALE_C_NFD_500_108
[2026-08-23T20:45:41] PARAM implementation=NFD
[2026-08-23T20:45:41] METRIC concurrent_clients=500
[2026-08-23T20:45:41] METRIC throughput_pct_of_max=64.664
[2026-08-23T20:45:41] RUN_END status=OK
[2026-08-23T20:46:40] RUN_START run_id=SCALE_C_NFD_500_109
[2026-08-23T20:46:40] PARAM implementation=NFD
[2026-08-23T20:46:40] METRIC concurrent_clients=500
[2026-08-23T20:46:40] METRIC throughput_pct_of_max=69.438
[2026-08-23T20:46:40] RUN_END status=OK
[2026-08-23T20:47:10] RUN_START run_id=SCALE_C_NFD_500_110
[2026-08-23T20:47:10] PARAM implementation=NFD
[2026-08-23T20:47:10] METRIC concurrent_clients=500
[2026-08-23T20:47:10] METRIC throughput_pct_of_max=67.29
[2026-08-23T20:47:10] RUN_END status=OK
[2026-08-23T20:50:52] RUN_START run_id=SCALE_C_NFD_500_111
[2026-08-23T20:50:52] PARAM implementation=NFD
[2026-08-23T20:50:52] METRIC concurrent_clients=500
[2026-08-23T20:50:52] METRIC throughput_pct_of_max=65.639
[2026-08-23T20:50:52] RUN_END status=OK
[2026-08-23T20:52:12] RUN_START run_id=SCALE_C_NFD_500_112
[2026-08-23T20:52:12] PARAM implementation=NFD
[2026-08-23T20:52:12] METRIC concurrent_clients=500
[2026-08-23T20:52:12] METRIC throughput_pct_of_max=68.963
[2026-08-23T20:52:12] RUN_END status=OK
[2026-08-23T20:53:10] RUN_START run_id=SCALE_C_NFD_500_113
[2026-08-23T20:53:10] PARAM implementation=NFD
[2026-08-23T20:53:10] METRIC concurrent_clients=500
[2026-08-23T20:53:10] METRIC throughput_pct_of_max=68.86
[2026-08-23T20:53:10] RUN_END status=OK
[2026-08-23T20:53:59] RUN_START run_id=SCALE_C_NFD_500_114
[2026-08-23T20:53:59] PARAM implementation=NFD
[2026-08-23T20:53:59] METRIC concurrent_clients=500
[2026-08-23T20:53:59] METRIC throughput_pct_of_max=66.865
[2026-08-23T20:53:59] RUN_END status=OK
[2026-08-23T20:55:29] RUN_START run_id=SCALE_C_NFD_500_115
[2026-08-23T20:55:29] PARAM implementation=NFD
[2026-08-23T20:55:29] METRIC concurrent_clients=500
[2026-08-23T20:55:29] METRIC throughput_pct_of_max=70.673
[2026-08-23T20:55:29] RUN_END status=OK
[2026-08-23T20:57:21] RUN_START run_id=SCALE_C_NFD_500_116
[2026-08-23T20:57:21] PARAM implementation=NFD
[2026-08-23T20:57:21] METRIC concurrent_clients=500
[2026-08-23T20:57:21] METRIC throughput_pct_of_max=64.81
[2026-08-23T20:57:21] RUN_END status=OK
[2026-08-23T21:01:23] RUN_START run_id=SCALE_C_NFD_500_117
[2026-08-23T21:01:23] PARAM implementation=NFD
[2026-08-23T21:01:23] METRIC concurrent_clients=500
[2026-08-23T21:01:23] METRIC throughput_pct_of_max=67.261
[2026-08-23T21:01:23] RUN_END status=OK
[2026-08-23T21:02:08] RUN_START run_id=SCALE_C_NFD_500_118
[2026-08-23T21:02:08] PARAM implementation=NFD
[2026-08-23T21:02:08] METRIC concurrent_clients=500
[2026-08-23T21:02:08] METRIC throughput_pct_of_max=65.044
[2026-08-23T21:02:08] RUN_END status=OK
