[2026-08-20T03:08:16] RUN_START run_id=SCALE_C_uDCN_50_027
[2026-08-20T03:08:16] PARAM implementation=uDCN
[2026-08-20T03:08:16] METRIC concurrent_clients=50
[2026-08-20T03:08:16] METRIC throughput_pct_of_max=100.0
[2026-08-20T03:08:16] RUN_END status=OK
[2026-08-20T03:09:55] RUN_START run_id=SCALE_C_uDCN_500_072
[2026-08-20T03:09:55] PARAM implementation=uDCN
[2026-08-20T03:09:55] METRIC concurrent_clients=500
[2026-08-20T03:09:55] METRIC throughput_pct_of_max=89.811
[2026-08-20T03:09:55] RUN_END status=OK
[2026-08-20T03:10:34] RUN_START run_id=SCALE_C_uDCN_50_028
[2026-08-20T03:10:34] PARAM implementation=uDCN
[2026-08-20T03:10:34] METRIC concurrent_clients=50
[2026-08-20T03:10:34] METRIC throughput_pct_of_max=96.327
[2026-08-20T03:10:34] RUN_END status=OK
[2026-08-20T03:11:21] RUN_START run_id=SCALE_C_uDCN_50_029
[2026-08-20T03:11:21] PARAM implementation=uDCN
[2026-08-20T03:11:21] METRIC concurrent_clients=50
[2026-08-20T03:11:21] METRIC throughput_pct_of_max=100.0
[2026-08-20T03:11:21] RUN_END status=OK
[2026-08-20T03:12:15] RUN_START run_id=SCALE_C_PythonNDN_100_107
[2026-08-20T03:12:15] PARAM implementation=PythonNDN
[2026-08-20T03:12:15] METRIC concurrent_clients=100
[2026-08-20T03:12:15] METRIC throughput_pct_of_max=58.905
[2026-08-20T03:12:15] RUN_END status=OK
[2026-08-20T03:12:30] RUN_START run_id=SCALE_C_uDCN_500_073
[2026-08-20T03:12:30] PARAM implementation=uDCN
[2026-08-20T03:12:30] METRIC concurrent_clients=500
[2026-08-20T03:12:30] METRIC throughput_pct_of_max=92.403
[2026-08-20T03:12:30] RUN_END status=OK
[2026-08-20T03:14:12] RUN_START run_id=SCALE_C_PythonNDN_100_108
[2026-08-20T03:14:12] PARAM implementation=PythonNDN
[2026-08-20T03:14:12] METRIC concurrent_clients=100
[2026-08-20T03:14:12] METRIC throughput_pct_of_max=67.131
[2026-08-20T03:14:12] RUN_END status=OK
[2026-08-20T03:14:50] RUN_START run_id=SCALE_C_uDCN_50_030
[2026-08-20T03:14:50] PARAM implementation=uDCN
[2026-08-20T03:14:50] METRIC concurrent_clients=50
[2026-08-20T03:14:50] METRIC throughput_pct_of_max=98.695
[2026-08-20T03:14:50] RUN_END status=OK
[2026-08-20T03:16:21] RUN_START run_id=SCALE_C_uDCN_50_031
[2026-08-20T03:16:21] PARAM implementation=uDCN
[2026-08-20T03:16:21] METRIC concurrent_clients=50
[2026-08-20T03:16:21] METRIC throughput_pct_of_max=100.0
[2026-08-20T03:16:21] RUN_END status=OK
[2026-08-20T03:16:49] RUN_START run_id=SCALE_C_uDCN_500_074
[2026-08-20T03:16:49] PARAM implementation=uDCN
[2026-08-20T03:16:49] METRIC concurrent_clients=500
[2026-08-20T03:16:49] METRIC throughput_pct_of_max=88.707
[2026-08-20T03:16:49] RUN_END status=OK
[2026-08-20T03:17:37] RUN_START run_id=SCALE_C_PythonNDN_100_109
[2026-08-20T03:17:37] PARAM implementation=PythonNDN
[2026-08-20T03:17:37] METRIC concurrent_clients=100
[2026-08-20T03:17:37] METRIC throughput_pct_of_max=65.677
[2026-08-20T03:17:37] RUN_END status=OK
[2026-08-20T03:18:32] RUN_START run_id=SCALE_C_PythonNDN_100_110
[2026-08-20T03:18:32] PARAM implementation=PythonNDN
[2026-08-20T03:18:32] METRIC concurrent_clients=100
[2026-08-20T03:18:32] METRIC throughput_pct_of_max=67.529
[2026-08-20T03:18:32] RUN_END status=OK
