[2026-08-20T12:57:34] RUN_START run_id=SCALE_C_CCNlite_10_026
[2026-08-20T12:57:34] PARAM implementation=CCNlite
[2026-08-20T12:57:34] METRIC concurrent_clients=10
[2026-08-20T12:57:34] METRIC throughput_pct_of_max=100.0
[2026-08-20T12:57:34] RUN_END status=OK
[2026-08-20T12:58:56] RUN_START run_id=SCALE_C_CCNlite_10_027
[2026-08-20T12:58:56] PARAM implementation=CCNlite
[2026-08-20T12:58:56] METRIC concurrent_clients=10
[2026-08-20T12:58:56] METRIC throughput_pct_of_max=93.998
[2026-08-20T12:58:56] RUN_END status=OK
[2026-08-20T13:00:00] RUN_START run_id=SCALE_C_NFD_100_001
[2026-08-20T13:00:00] PARAM implementation=NFD
[2026-08-20T13:00:00] METRIC concurrent_clients=100
[2026-08-20T13:00:00] METRIC throughput_pct_of_max=77.705
[2026-08-20T13:00:00] RUN_END status=OK
[2026-08-20T13:00:14] RUN_START run_id=SCALE_C_CCNlite_10_028
[2026-08-20T13:00:14] PARAM implementation=CCNlite
[2026-08-20T13:00:14] METRIC concurrent_clients=10
[2026-08-20T13:00:14] METRIC throughput_pct_of_max=93.257
[2026-08-20T13:00:14] RUN_END status=OK
[2026-08-20T13:01:50] RUN_START run_id=SCALE_C_NFD_100_002
[2026-08-20T13:01:50] PARAM implementation=NFD
[2026-08-20T13:01:50] METRIC concurrent_clients=100
[2026-08-20T13:01:50] METRIC throughput_pct_of_max=83.008
[2026-08-20T13:01:50] RUN_END status=OK
[2026-08-20T13:04:53] RUN_START run_id=SCALE_C_CCNlite_10_029
[2026-08-20T13:04:53] PARAM implementation=CCNlite
[2026-08-20T13:04:53] METRIC concurrent_clients=10
[2026-08-20T13:04:53] METRIC throughput_pct_of_max=100.0
[2026-08-20T13:04:53] RUN_END status=OK
[2026-08-20T13:05:57] RUN_START run_id=SCALE_C_NFD_100_003
[2026-08-20T13:05:57] PARAM implementation=NFD
[2026-08-20T13:05:57] METRIC concurrent_clients=100
[2026-08-20T13:05:57] METRIC throughput_pct_of_max=77.041
[2026-08-20T13:05:57] RUN_END status=OK
[2026-08-20T13:06:53] RUN_START run_id=07_scalability_clients_DISCARDED_0098
[2026-08-20T13:06:53] RUN_ABORTED reason=trex_controller_reset: TRex stateful-engine control connection dropped mid-run before steady-state throughput reached
[2026-08-20T13:07:21] RUN_START run_id=SCALE_C_CCNlite_10_030
[2026-08-20T13:07:21] PARAM implementation=CCNlite
[2026-08-20T13:07:21] METRIC concurrent_clients=10
[2026-08-20T13:07:21] METRIC throughput_pct_of_max=100.0
[2026-08-20T13:07:21] RUN_END status=OK
[2026-08-20T13:07:33] RUN_START run_id=SCALE_C_NFD_100_004
[2026-08-20T13:07:33] PARAM implementation=NFD
[2026-08-20T13:07:33] METRIC concurrent_clients=100
[2026-08-20T13:07:33] METRIC throughput_pct_of_max=83.133
[2026-08-20T13:07:33] RUN_END status=OK
[2026-08-20T13:08:10] RUN_START run_id=SCALE_C_CCNlite_10_031
[2026-08-20T13:08:10] PARAM implementation=CCNlite
[2026-08-20T13:08:10] METRIC concurrent_clients=10
[2026-08-20T13:08:10] METRIC throughput_pct_of_max=97.348
[2026-08-20T13:08:10] RUN_END status=OK
[2026-08-20T13:09:03] RUN_START run_id=SCALE_C_NFD_100_005
[2026-08-20T13:09:03] PARAM implementation=NFD
[2026-08-20T13:09:03] METRIC concurrent_clients=100
[2026-08-20T13:09:03] METRIC throughput_pct_of_max=77.12
[2026-08-20T13:09:03] RUN_END status=OK
