[2026-08-25T00:10:21] RUN_START run_id=SCALE_C_NFD_1000_080
[2026-08-25T00:10:21] PARAM implementation=NFD
[2026-08-25T00:10:21] METRIC concurrent_clients=1000
[2026-08-25T00:10:21] METRIC throughput_pct_of_max=54.44
[2026-08-25T00:10:21] RUN_END status=OK
[2026-08-25T00:15:11] RUN_START run_id=SCALE_C_NFD_1000_081
[2026-08-25T00:15:11] PARAM implementation=NFD
[2026-08-25T00:15:11] METRIC concurrent_clients=1000
[2026-08-25T00:15:11] METRIC throughput_pct_of_max=54.838
[2026-08-25T00:15:11] RUN_END status=OK
[2026-08-25T00:17:00] RUN_START run_id=SCALE_C_NFD_1000_082
[2026-08-25T00:17:00] PARAM implementation=NFD
[2026-08-25T00:17:00] METRIC concurrent_clients=1000
[2026-08-25T00:17:00] METRIC throughput_pct_of_max=54.816
[2026-08-25T00:17:00] RUN_END status=OK
[2026-08-25T00:20:29] RUN_START run_id=SCALE_C_NFD_1000_083
[2026-08-25T00:20:29] PARAM implementation=NFD
[2026-08-25T00:20:29] METRIC concurrent_clients=1000
[2026-08-25T00:20:29] METRIC throughput_pct_of_max=59.965
[2026-08-25T00:20:29] RUN_END status=OK
[2026-08-25T00:22:00] RUN_START run_id=SCALE_C_NFD_1000_084
[2026-08-25T00:22:00] PARAM implementation=NFD
[2026-08-25T00:22:00] METRIC concurrent_clients=1000
[2026-08-25T00:22:00] METRIC throughput_pct_of_max=57.096
[2026-08-25T00:22:00] RUN_END status=OK
[2026-08-25T00:26:02] RUN_START run_id=SCALE_C_NFD_1000_085
[2026-08-25T00:26:02] PARAM implementation=NFD
[2026-08-25T00:26:02] METRIC concurrent_clients=1000
[2026-08-25T00:26:02] METRIC throughput_pct_of_max=58.164
[2026-08-25T00:26:02] RUN_END status=OK
[2026-08-25T00:27:32] RUN_START run_id=SCALE_C_NFD_1000_086
[2026-08-25T00:27:32] PARAM implementation=NFD
[2026-08-25T00:27:32] METRIC concurrent_clients=1000
[2026-08-25T00:27:32] METRIC throughput_pct_of_max=55.485
[2026-08-25T00:27:32] RUN_END status=OK
[2026-08-25T00:29:16] RUN_START run_id=SCALE_C_NFD_1000_087
[2026-08-25T00:29:16] PARAM implementation=NFD
[2026-08-25T00:29:16] METRIC concurrent_clients=1000
[2026-08-25T00:29:16] METRIC throughput_pct_of_max=56.473
[2026-08-25T00:29:16] RUN_END status=OK
[2026-08-25T00:31:49] RUN_START run_id=SCALE_C_NFD_1000_088
[2026-08-25T00:31:49] PARAM implementation=NFD
[2026-08-25T00:31:49] METRIC concurrent_clients=1000
[2026-08-25T00:31:49] METRIC throughput_pct_of_max=58.56
[2026-08-25T00:31:49] RUN_END status=OK
[2026-08-25T00:33:15] RUN_START run_id=SCALE_C_NFD_1000_089
[2026-08-25T00:33:15] PARAM implementation=NFD
[2026-08-25T00:33:15] METRIC concurrent_clients=1000
[2026-08-25T00:33:15] METRIC throughput_pct_of_max=59.045
[2026-08-25T00:33:15] RUN_END status=OK
[2026-08-25T00:36:42] RUN_START run_id=SCALE_C_NFD_1000_090
[2026-08-25T00:36:42] PARAM implementation=NFD
[2026-08-25T00:36:42] METRIC concurrent_clients=1000
[2026-08-25T00:36:42] METRIC throughput_pct_of_max=57.529
[2026-08-25T00:36:42] RUN_END status=OK
[2026-08-25T00:39:24] RUN_START run_id=SCALE_C_NFD_1000_091
[2026-08-25T00:39:24] PARAM implementation=NFD
[2026-08-25T00:39:24] METRIC concurrent_clients=1000
[2026-08-25T00:39:24] METRIC throughput_pct_of_max=52.555
[2026-08-25T00:39:24] RUN_END status=OK
[2026-08-25T00:45:29] RUN_START run_id=SCALE_C_NFD_1000_092
[2026-08-25T00:45:29] PARAM implementation=NFD
[2026-08-25T00:45:29] METRIC concurrent_clients=1000
[2026-08-25T00:45:29] METRIC throughput_pct_of_max=55.966
[2026-08-25T00:45:29] RUN_END status=OK
[2026-08-25T00:47:28] RUN_START run_id=SCALE_C_NFD_1000_093
[2026-08-25T00:47:28] PARAM implementation=NFD
[2026-08-25T00:47:28] METRIC concurrent_clients=1000
[2026-08-25T00:47:28] METRIC throughput_pct_of_max=54.531
[2026-08-25T00:47:28] RUN_END status=OK
[2026-08-25T00:49:54] RUN_START run_id=SCALE_C_NFD_1000_094
[2026-08-25T00:49:54] PARAM implementation=NFD
[2026-08-25T00:49:54] METRIC concurrent_clients=1000
[2026-08-25T00:49:54] METRIC throughput_pct_of_max=61.741
[2026-08-25T00:49:54] RUN_END status=OK
[2026-08-25T00:50:41] RUN_START run_id=SCALE_C_NFD_1000_095
[2026-08-25T00:50:41] PARAM implementation=NFD
[2026-08-25T00:50:41] METRIC concurrent_clients=1000
[2026-08-25T00:50:41] METRIC throughput_pct_of_max=52.817
[2026-08-25T00:50:41] RUN_END status=OK
[2026-08-25T00:51:00] RUN_START run_id=SCALE_C_NFD_1000_096
[2026-08-25T00:51:00] PARAM implementation=NFD
[2026-08-25T00:51:00] METRIC concurrent_clients=1000
[2026-08-25T00:51:00] METRIC throughput_pct_of_max=53.353
[2026-08-25T00:51:00] RUN_END status=OK
