[2026-08-27T22:00:58] RUN_START run_id=SCALE_C_uDCN_5000_086
[2026-08-27T22:00:58] PARAM implementation=uDCN
[2026-08-27T22:00:58] METRIC concurrent_clients=5000
[2026-08-27T22:00:58] METRIC throughput_pct_of_max=76.531
[2026-08-27T22:00:58] RUN_END status=OK
[2026-08-27T22:02:53] RUN_START run_id=SCALE_C_uDCN_5000_087
[2026-08-27T22:02:53] PARAM implementation=uDCN
[2026-08-27T22:02:53] METRIC concurrent_clients=5000
[2026-08-27T22:02:53] METRIC throughput_pct_of_max=77.681
[2026-08-27T22:02:53] RUN_END status=OK
[2026-08-27T22:05:20] RUN_START run_id=SCALE_C_uDCN_5000_088
[2026-08-27T22:05:20] PARAM implementation=uDCN
[2026-08-27T22:05:20] METRIC concurrent_clients=5000
[2026-08-27T22:05:20] METRIC throughput_pct_of_max=76.951
[2026-08-27T22:05:20] RUN_END status=OK
[2026-08-27T22:07:18] RUN_START run_id=SCALE_C_uDCN_5000_089
[2026-08-27T22:07:18] PARAM implementation=uDCN
[2026-08-27T22:07:18] METRIC concurrent_clients=5000
[2026-08-27T22:07:18] METRIC throughput_pct_of_max=73.571
[2026-08-27T22:07:18] RUN_END status=OK
[2026-08-27T22:10:17] RUN_START run_id=SCALE_C_uDCN_5000_090
[2026-08-27T22:10:17] PARAM implementation=uDCN
[2026-08-27T22:10:17] METRIC concurrent_clients=5000
[2026-08-27T22:10:17] METRIC throughput_pct_of_max=76.045
[2026-08-27T22:10:17] RUN_END status=OK
[2026-08-27T22:11:25] RUN_START run_id=SCALE_C_uDCN_5000_091
[2026-08-27T22:11:25] PARAM implementation=uDCN
[2026-08-27T22:11:25] METRIC concurrent_clients=5000
[2026-08-27T22:11:25] METRIC throughput_pct_of_max=77.78
[2026-08-27T22:11:25] RUN_END status=OK
[2026-08-27T22:13:53] RUN_START run_id=SCALE_C_uDCN_5000_092
[2026-08-27T22:13:53] PARAM implementation=uDCN
[2026-08-27T22:13:53] METRIC concurrent_clients=5000
[2026-08-27T22:13:53] METRIC throughput_pct_of_max=76.371
[2026-08-27T22:13:53] RUN_END status=OK
[2026-08-27T22:16:16] RUN_START run_id=SCALE_C_uDCN_5000_093
[2026-08-27T22:16:16] PARAM implementation=uDCN
[2026-08-27T22:16:16] METRIC concurrent_clients=5000
[2026-08-27T22:16:16] METRIC throughput_pct_of_max=73.244
[2026-08-27T22:16:16] RUN_END status=OK
[2026-08-27T22:20:34] RUN_START run_id=SCALE_C_uDCN_5000_094
[2026-08-27T22:20:34] PARAM implementation=uDCN
[2026-08-27T22:20:34] METRIC concurrent_clients=5000
[2026-08-27T22:20:34] METRIC throughput_pct_of_max=78.401
[2026-08-27T22:20:34] RUN_END status=OK
[2026-08-27T22:21:29] RUN_START run_id=SCALE_C_uDCN_5000_095
[2026-08-27T22:21:29] PARAM implementation=uDCN
[2026-08-27T22:21:29] METRIC concurrent_clients=5000
[2026-08-27T22:21:29] METRIC throughput_pct_of_max=75.171
[2026-08-27T22:21:29] RUN_END status=OK
[2026-08-28T00:10:56] RUN_START run_id=SCALE_C_PythonNDN_500_038
[2026-08-28T00:10:56] PARAM implementation=PythonNDN
[2026-08-28T00:10:56] METRIC concurrent_clients=500
[2026-08-28T00:10:56] METRIC throughput_pct_of_max=37.211
[2026-08-28T00:10:56] RUN_END status=OK
[2026-08-28T00:13:54] RUN_START run_id=SCALE_C_PythonNDN_500_039
[2026-08-28T00:13:54] PARAM implementation=PythonNDN
[2026-08-28T00:13:54] METRIC concurrent_clients=500
[2026-08-28T00:13:54] METRIC throughput_pct_of_max=34.067
[2026-08-28T00:13:54] RUN_END status=OK
[2026-08-28T00:16:36] RUN_START run_id=SCALE_C_PythonNDN_500_040
[2026-08-28T00:16:36] PARAM implementation=PythonNDN
[2026-08-28T00:16:36] METRIC concurrent_clients=500
[2026-08-28T00:16:36] METRIC throughput_pct_of_max=33.853
[2026-08-28T00:16:36] RUN_END status=OK
[2026-08-28T00:17:46] RUN_START run_id=SCALE_C_PythonNDN_500_041
[2026-08-28T00:17:46] PARAM implementation=PythonNDN
[2026-08-28T00:17:46] METRIC concurrent_clients=500
[2026-08-28T00:17:46] METRIC throughput_pct_of_max=33.761
[2026-08-28T00:17:46] RUN_END status=OK
[2026-08-28T00:22:36] RUN_START run_id=SCALE_C_PythonNDN_500_042
[2026-08-28T00:22:36] PARAM implementation=PythonNDN
[2026-08-28T00:22:36] METRIC concurrent_clients=500
[2026-08-28T00:22:36] METRIC throughput_pct_of_max=35.364
[2026-08-28T00:22:36] RUN_END status=OK
