[2026-08-10T20:59:05] RUN_START run_id=SCALE_C_PythonNDN_10_042
[2026-08-10T20:59:05] PARAM implementation=PythonNDN
[2026-08-10T20:59:05] METRIC concurrent_clients=10
[2026-08-10T20:59:05] METRIC throughput_pct_of_max=95.845
[2026-08-10T20:59:05] RUN_END status=OK
[2026-08-10T21:00:46] RUN_START run_id=SCALE_C_PythonNDN_10_043
[2026-08-10T21:00:46] PARAM implementation=PythonNDN
[2026-08-10T21:00:46] METRIC concurrent_clients=10
[2026-08-10T21:00:46] METRIC throughput_pct_of_max=100.0
[2026-08-10T21:00:46] RUN_END status=OK
[2026-08-10T21:04:13] RUN_START run_id=SCALE_C_PythonNDN_10_044
[2026-08-10T21:04:13] PARAM implementation=PythonNDN
[2026-08-10T21:04:13] METRIC concurrent_clients=10
[2026-08-10T21:04:13] METRIC throughput_pct_of_max=98.064
[2026-08-10T21:04:13] RUN_END status=OK
[2026-08-11T14:00:00] RUN_START run_id=SCALE_C_uDCN_10_001
[2026-08-11T14:00:00] PARAM implementation=uDCN
[2026-08-11T14:00:00] METRIC concurrent_clients=10
[2026-08-11T14:00:00] METRIC throughput_pct_of_max=94.734
[2026-08-11T14:00:00] RUN_END status=OK
[2026-08-11T14:00:41] RUN_START run_id=SCALE_C_uDCN_10_002
[2026-08-11T14:00:41] PARAM implementation=uDCN
[2026-08-11T14:00:41] METRIC concurrent_clients=10
[2026-08-11T14:00:41] METRIC throughput_pct_of_max=99.684
[2026-08-11T14:00:41] RUN_END status=OK
[2026-08-11T14:02:05] RUN_START run_id=SCALE_C_uDCN_10_003
[2026-08-11T14:02:05] PARAM implementation=uDCN
[2026-08-11T14:02:05] METRIC concurrent_clients=10
[2026-08-11T14:02:05] METRIC throughput_pct_of_max=97.21
[2026-08-11T14:02:05] RUN_END status=OK
[2026-08-11T14:03:38] RUN_START run_id=SCALE_C_uDCN_10_004
[2026-08-11T14:03:38] PARAM implementation=uDCN
[2026-08-11T14:03:38] METRIC concurrent_clients=10
[2026-08-11T14:03:38] METRIC throughput_pct_of_max=100.0
[2026-08-11T14:03:38] RUN_END status=OK
[2026-08-11T14:08:43] RUN_START run_id=SCALE_C_uDCN_10_005
[2026-08-11T14:08:43] PARAM implementation=uDCN
[2026-08-11T14:08:43] METRIC concurrent_clients=10
[2026-08-11T14:08:43] METRIC throughput_pct_of_max=96.621
[2026-08-11T14:08:43] RUN_END status=OK
[2026-08-11T14:10:23] RUN_START run_id=SCALE_C_uDCN_10_006
[2026-08-11T14:10:23] PARAM implementation=uDCN
[2026-08-11T14:10:23] METRIC concurrent_clients=10
[2026-08-11T14:10:23] METRIC throughput_pct_of_max=98.129
[2026-08-11T14:10:23] RUN_END status=OK
[2026-08-11T14:13:09] RUN_START run_id=SCALE_C_uDCN_10_007
[2026-08-11T14:13:09] PARAM implementation=uDCN
[2026-08-11T14:13:09] METRIC concurrent_clients=10
[2026-08-11T14:13:09] METRIC throughput_pct_of_max=97.766
[2026-08-11T14:13:09] RUN_END status=OK
[2026-08-11T14:17:20] RUN_START run_id=SCALE_C_uDCN_10_008
[2026-08-11T14:17:20] PARAM implementation=uDCN
[2026-08-11T14:17:20] METRIC concurrent_clients=10
[2026-08-11T14:17:20] METRIC throughput_pct_of_max=97.828
[2026-08-11T14:17:20] RUN_END status=OK
[2026-08-11T14:18:49] RUN_START run_id=SCALE_C_uDCN_10_009
[2026-08-11T14:18:49] PARAM implementation=uDCN
[2026-08-11T14:18:49] METRIC concurrent_clients=10
[2026-08-11T14:18:49] METRIC throughput_pct_of_max=99.925
[2026-08-11T14:18:49] RUN_END status=OK
[2026-08-11T14:21:10] RUN_START run_id=SCALE_C_uDCN_10_010
[2026-08-11T14:21:10] PARAM implementation=uDCN
[2026-08-11T14:21:10] METRIC concurrent_clients=10
[2026-08-11T14:21:10] METRIC throughput_pct_of_max=100.0
[2026-08-11T14:21:10] RUN_END status=OK
[2026-08-11T14:24:18] RUN_START run_id=SCALE_C_uDCN_10_011
[2026-08-11T14:24:18] PARAM implementation=uDCN
[2026-08-11T14:24:18] METRIC concurrent_clients=10
[2026-08-11T14:24:18] METRIC throughput_pct_of_max=95.177
[2026-08-11T14:24:18] RUN_END status=OK
[2026-08-11T14:26:11] RUN_START run_id=SCALE_C_uDCN_10_012
[2026-08-11T14:26:11] PARAM implementation=uDCN
[2026-08-11T14:26:11] METRIC concurrent_clients=10
[2026-08-11T14:26:11] METRIC throughput_pct_of_max=97.702
[2026-08-11T14:26:11] RUN_END status=OK
[2026-08-11T14:28:56] RUN_START run_id=SCALE_C_uDCN_10_013
[2026-08-11T14:28:56] PARAM implementation=uDCN
[2026-08-11T14:28:56] METRIC concurrent_clients=10
[2026-08-11T14:28:56] METRIC throughput_pct_of_max=99.163
[2026-08-11T14:28:56] RUN_END status=OK
[2026-08-11T14:31:02] RUN_START run_id=SCALE_C_uDCN_10_014
[2026-08-11T14:31:02] PARAM implementation=uDCN
[2026-08-11T14:31:02] METRIC concurrent_clients=10
[2026-08-11T14:31:02] METRIC throughput_pct_of_max=100.0
[2026-08-11T14:31:02] RUN_END status=OK
[2026-08-11T14:33:21] RUN_START run_id=SCALE_C_uDCN_10_015
[2026-08-11T14:33:21] PARAM implementation=uDCN
[2026-08-11T14:33:21] METRIC concurrent_clients=10
[2026-08-11T14:33:21] METRIC throughput_pct_of_max=100.0
[2026-08-11T14:33:21] RUN_END status=OK
