[2026-08-29T12:00:40] RUN_START run_id=SCALE_C_PythonNDN_500_140
[2026-08-29T12:00:40] PARAM implementation=PythonNDN
[2026-08-29T12:00:40] METRIC concurrent_clients=500
[2026-08-29T12:00:40] METRIC throughput_pct_of_max=34.779
[2026-08-29T12:00:40] RUN_END status=OK
[2026-08-29T12:02:55] RUN_START run_id=SCALE_C_PythonNDN_500_141
[2026-08-29T12:02:55] PARAM implementation=PythonNDN
[2026-08-29T12:02:55] METRIC concurrent_clients=500
[2026-08-29T12:02:55] METRIC throughput_pct_of_max=36.184
[2026-08-29T12:02:55] RUN_END status=OK
[2026-08-29T12:06:15] RUN_START run_id=SCALE_C_PythonNDN_500_142
[2026-08-29T12:06:15] PARAM implementation=PythonNDN
[2026-08-29T12:06:15] METRIC concurrent_clients=500
[2026-08-29T12:06:15] METRIC throughput_pct_of_max=33.159
[2026-08-29T12:06:15] RUN_END status=OK
[2026-08-29T12:08:47] RUN_START run_id=SCALE_C_PythonNDN_500_143
[2026-08-29T12:08:47] PARAM implementation=PythonNDN
[2026-08-29T12:08:47] METRIC concurrent_clients=500
[2026-08-29T12:08:47] METRIC throughput_pct_of_max=33.506
[2026-08-29T12:08:47] RUN_END status=OK
[2026-08-29T12:10:50] RUN_START run_id=SCALE_C_PythonNDN_500_144
[2026-08-29T12:10:50] PARAM implementation=PythonNDN
[2026-08-29T12:10:50] METRIC concurrent_clients=500
[2026-08-29T12:10:50] METRIC throughput_pct_of_max=32.75
[2026-08-29T12:10:50] RUN_END status=OK
[2026-08-29T12:12:03] RUN_START run_id=SCALE_C_PythonNDN_500_145
[2026-08-29T12:12:03] PARAM implementation=PythonNDN
[2026-08-29T12:12:03] METRIC concurrent_clients=500
[2026-08-29T12:12:03] METRIC throughput_pct_of_max=34.758
[2026-08-29T12:12:03] RUN_END status=OK
[2026-08-29T12:16:16] RUN_START run_id=SCALE_C_PythonNDN_500_146
[2026-08-29T12:16:16] PARAM implementation=PythonNDN
[2026-08-29T12:16:16] METRIC concurrent_clients=500
[2026-08-29T12:16:16] METRIC throughput_pct_of_max=34.97
[2026-08-29T12:16:16] RUN_END status=OK
[2026-08-29T12:17:54] RUN_START run_id=SCALE_C_PythonNDN_500_147
[2026-08-29T12:17:54] PARAM implementation=PythonNDN
[2026-08-29T12:17:54] METRIC concurrent_clients=500
[2026-08-29T12:17:54] METRIC throughput_pct_of_max=34.428
[2026-08-29T12:17:54] RUN_END status=OK
[2026-08-29T12:21:58] RUN_START run_id=SCALE_C_CCNlite_50_125
[2026-08-29T12:21:58] PARAM implementation=CCNlite
[2026-08-29T12:21:58] METRIC concurrent_clients=50
[2026-08-29T12:21:58] METRIC throughput_pct_of_max=90.542
[2026-08-29T12:21:58] RUN_END status=OK
[2026-08-29T12:22:00] RUN_START run_id=SCALE_C_PythonNDN_500_148
[2026-08-29T12:22:00] PARAM implementation=PythonNDN
[2026-08-29T12:22:00] METRIC concurrent_clients=500
[2026-08-29T12:22:00] METRIC throughput_pct_of_max=35.438
[2026-08-29T12:22:00] RUN_END status=OK
[2026-08-29T12:24:00] RUN_START run_id=SCALE_C_CCNlite_50_126
[2026-08-29T12:24:00] PARAM implementation=CCNlite
[2026-08-29T12:24:00] METRIC concurrent_clients=50
[2026-08-29T12:24:00] METRIC throughput_pct_of_max=90.863
[2026-08-29T12:24:00] RUN_END status=OK
[2026-08-29T12:27:49] RUN_START run_id=SCALE_C_CCNlite_50_127
[2026-08-29T12:27:49] PARAM implementation=CCNlite
[2026-08-29T12:27:49] METRIC concurrent_clients=50
[2026-08-29T12:27:49] METRIC throughput_pct_of_max=85.888
[2026-08-29T12:27:49] RUN_END status=OK
[2026-08-29T12:31:15] RUN_START run_id=SCALE_C_CCNlite_50_128
[2026-08-29T12:31:15] PARAM implementation=CCNlite
[2026-08-29T12:31:15] METRIC concurrent_clients=50
[2026-08-29T12:31:15] METRIC throughput_pct_of_max=87.817
[2026-08-29T12:31:15] RUN_END status=OK
[2026-08-29T12:34:18] RUN_START run_id=SCALE_C_CCNlite_50_129
[2026-08-29T12:34:18] PARAM implementation=CCNlite
[2026-08-29T12:34:18] METRIC concurrent_clients=50
[2026-08-29T12:34:18] METRIC throughput_pct_of_max=94.612
[2026-08-29T12:34:18] RUN_END status=OK
[2026-08-29T12:34:38] RUN_START run_id=07_scalability_clients_DISCARDED_0222
[2026-08-29T12:34:38] RUN_ABORTED reason=trex_controller_reset: TRex stateful-engine control connection dropped mid-run before steady-state throughput reached
[2026-08-29T12:34:50] RUN_START run_id=SCALE_C_CCNlite_50_130
[2026-08-29T12:34:50] PARAM implementation=CCNlite
[2026-08-29T12:34:50] METRIC concurrent_clients=50
[2026-08-29T12:34:50] METRIC throughput_pct_of_max=89.283
[2026-08-29T12:34:50] RUN_END status=OK
[2026-08-29T12:36:48] RUN_START run_id=SCALE_C_CCNlite_50_131
[2026-08-29T12:36:48] PARAM implementation=CCNlite
[2026-08-29T12:36:48] METRIC concurrent_clients=50
[2026-08-29T12:36:48] METRIC throughput_pct_of_max=93.007
[2026-08-29T12:36:48] RUN_END status=OK
[2026-08-29T12:37:58] RUN_START run_id=SCALE_C_CCNlite_50_132
[2026-08-29T12:37:58] PARAM implementation=CCNlite
[2026-08-29T12:37:58] METRIC concurrent_clients=50
[2026-08-29T12:37:58] METRIC throughput_pct_of_max=93.398
[2026-08-29T12:37:58] RUN_END status=OK
