[2026-09-03T13:14:20] RUN_START run_id=SCALE_C_CCNlite_5000_113
[2026-09-03T13:14:20] PARAM implementation=CCNlite
[2026-09-03T13:14:20] METRIC concurrent_clients=5000
[2026-09-03T13:14:20] METRIC throughput_pct_of_max=41.392
[2026-09-03T13:14:20] RUN_END status=OK
[2026-09-03T13:14:50] RUN_START run_id=SCALE_C_CCNlite_5000_114
[2026-09-03T13:14:50] PARAM implementation=CCNlite
[2026-09-03T13:14:50] METRIC concurrent_clients=5000
[2026-09-03T13:14:50] METRIC throughput_pct_of_max=44.794
[2026-09-03T13:14:50] RUN_END status=OK
[2026-09-03T13:18:00] RUN_START run_id=SCALE_C_CCNlite_5000_115
[2026-09-03T13:18:00] PARAM implementation=CCNlite
[2026-09-03T13:18:00] METRIC concurrent_clients=5000
[2026-09-03T13:18:00] METRIC throughput_pct_of_max=40.633
[2026-09-03T13:18:00] RUN_END status=OK
[2026-09-03T13:18:54] RUN_START run_id=SCALE_C_CCNlite_5000_116
[2026-09-03T13:18:54] PARAM implementation=CCNlite
[2026-09-03T13:18:54] METRIC concurrent_clients=5000
[2026-09-03T13:18:54] METRIC throughput_pct_of_max=43.986
[2026-09-03T13:18:54] RUN_END status=OK
[2026-09-03T13:20:28] RUN_START run_id=SCALE_C_CCNlite_5000_117
[2026-09-03T13:20:28] PARAM implementation=CCNlite
[2026-09-03T13:20:28] METRIC concurrent_clients=5000
[2026-09-03T13:20:28] METRIC throughput_pct_of_max=43.47
[2026-09-03T13:20:28] RUN_END status=OK
[2026-09-03T13:23:19] RUN_START run_id=SCALE_C_CCNlite_5000_118
[2026-09-03T13:23:19] PARAM implementation=CCNlite
[2026-09-03T13:23:19] METRIC concurrent_clients=5000
[2026-09-03T13:23:19] METRIC throughput_pct_of_max=43.6
[2026-09-03T13:23:19] RUN_END status=OK
[2026-09-03T13:26:15] RUN_START run_id=SCALE_C_CCNlite_5000_119
[2026-09-03T13:26:15] PARAM implementation=CCNlite
[2026-09-03T13:26:15] METRIC concurrent_clients=5000
[2026-09-03T13:26:15] METRIC throughput_pct_of_max=40.095
[2026-09-03T13:26:15] RUN_END status=OK
[2026-09-03T13:29:13] RUN_START run_id=SCALE_C_CCNlite_5000_120
[2026-09-03T13:29:13] PARAM implementation=CCNlite
[2026-09-03T13:29:13] METRIC concurrent_clients=5000
[2026-09-03T13:29:13] METRIC throughput_pct_of_max=44.139
[2026-09-03T13:29:13] RUN_END status=OK
[2026-09-03T13:32:25] RUN_START run_id=SCALE_C_CCNlite_5000_121
[2026-09-03T13:32:25] PARAM implementation=CCNlite
[2026-09-03T13:32:25] METRIC concurrent_clients=5000
[2026-09-03T13:32:25] METRIC throughput_pct_of_max=42.331
[2026-09-03T13:32:25] RUN_END status=OK
[2026-09-03T13:33:22] RUN_START run_id=SCALE_C_CCNlite_5000_122
[2026-09-03T13:33:22] PARAM implementation=CCNlite
[2026-09-03T13:33:22] METRIC concurrent_clients=5000
[2026-09-03T13:33:22] METRIC throughput_pct_of_max=43.643
[2026-09-03T13:33:22] RUN_END status=OK
[2026-09-03T13:34:44] RUN_START run_id=SCALE_C_CCNlite_5000_123
[2026-09-03T13:34:44] PARAM implementation=CCNlite
[2026-09-03T13:34:44] METRIC concurrent_clients=5000
[2026-09-03T13:34:44] METRIC throughput_pct_of_max=42.67
[2026-09-03T13:34:44] RUN_END status=OK
[2026-09-03T13:38:21] RUN_START run_id=SCALE_C_CCNlite_5000_124
[2026-09-03T13:38:21] PARAM implementation=CCNlite
[2026-09-03T13:38:21] METRIC concurrent_clients=5000
[2026-09-03T13:38:21] METRIC throughput_pct_of_max=45.077
[2026-09-03T13:38:21] RUN_END status=OK
