[2026-08-20T21:31:59] RUN_START run_id=SCALE_C_uDCN_500_136
[2026-08-20T21:31:59] PARAM implementation=uDCN
[2026-08-20T21:31:59] METRIC concurrent_clients=500
[2026-08-20T21:31:59] METRIC throughput_pct_of_max=92.961
[2026-08-20T21:31:59] RUN_END status=OK
[2026-08-20T21:32:53] RUN_START run_id=SCALE_C_uDCN_500_137
[2026-08-20T21:32:53] PARAM implementation=uDCN
[2026-08-20T21:32:53] METRIC concurrent_clients=500
[2026-08-20T21:32:53] METRIC throughput_pct_of_max=93.149
[2026-08-20T21:32:53] RUN_END status=OK
[2026-08-20T21:33:50] RUN_START run_id=SCALE_C_uDCN_500_138
[2026-08-20T21:33:50] PARAM implementation=uDCN
[2026-08-20T21:33:50] METRIC concurrent_clients=500
[2026-08-20T21:33:50] METRIC throughput_pct_of_max=96.238
[2026-08-20T21:33:50] RUN_END status=OK
[2026-08-20T21:35:47] RUN_START run_id=SCALE_C_uDCN_500_139
[2026-08-20T21:35:47] PARAM implementation=uDCN
[2026-08-20T21:35:47] METRIC concurrent_clients=500
[2026-08-20T21:35:47] METRIC throughput_pct_of_max=94.754
[2026-08-20T21:35:47] RUN_END status=OK
[2026-08-20T21:37:37] RUN_START run_id=SCALE_C_uDCN_500_140
[2026-08-20T21:37:37] PARAM implementation=uDCN
[2026-08-20T21:37:37] METRIC concurrent_clients=500
[2026-08-20T21:37:37] METRIC throughput_pct_of_max=92.871
[2026-08-20T21:37:37] RUN_END status=OK
[2026-08-20T21:40:02] RUN_START run_id=SCALE_C_uDCN_500_141
[2026-08-20T21:40:02] PARAM implementation=uDCN
[2026-08-20T21:40:02] METRIC concurrent_clients=500
[2026-08-20T21:40:02] METRIC throughput_pct_of_max=89.005
[2026-08-20T21:40:02] RUN_END status=OK
[2026-08-20T21:43:39] RUN_START run_id=SCALE_C_uDCN_500_142
[2026-08-20T21:43:39] PARAM implementation=uDCN
[2026-08-20T21:43:39] METRIC concurrent_clients=500
[2026-08-20T21:43:39] METRIC throughput_pct_of_max=91.909
[2026-08-20T21:43:39] RUN_END status=OK
[2026-08-20T21:46:58] RUN_START run_id=SCALE_C_uDCN_500_143
[2026-08-20T21:46:58] PARAM implementation=uDCN
[2026-08-20T21:46:58] METRIC concurrent_clients=500
[2026-08-20T21:46:58] METRIC throughput_pct_of_max=91.293
[2026-08-20T21:46:58] RUN_END status=OK
[2026-08-20T21:50:30] RUN_START run_id=SCALE_C_uDCN_500_144
[2026-08-20T21:50:30] PARAM implementation=uDCN
[2026-08-20T21:50:30] METRIC concurrent_clients=500
[2026-08-20T21:50:30] METRIC throughput_pct_of_max=87.923
[2026-08-20T21:50:30] RUN_END status=OK
[2026-08-20T21:54:00] RUN_START run_id=SCALE_C_uDCN_500_145
[2026-08-20T21:54:00] PARAM implementation=uDCN
[2026-08-20T21:54:00] METRIC concurrent_clients=500
[2026-08-20T21:54:00] METRIC throughput_pct_of_max=93.273
[2026-08-20T21:54:00] RUN_END status=OK
