[2026-08-19T17:22:15] RUN_START run_id=SCALE_C_PythonNDN_100_095
[2026-08-19T17:22:15] PARAM implementation=PythonNDN
[2026-08-19T17:22:15] METRIC concurrent_clients=100
[2026-08-19T17:22:15] METRIC throughput_pct_of_max=60.181
[2026-08-19T17:22:15] RUN_END status=OK
[2026-08-19T17:25:09] RUN_START run_id=SCALE_C_PythonNDN_100_096
[2026-08-19T17:25:09] PARAM implementation=PythonNDN
[2026-08-19T17:25:09] METRIC concurrent_clients=100
[2026-08-19T17:25:09] METRIC throughput_pct_of_max=71.024
[2026-08-19T17:25:09] RUN_END status=OK
[2026-08-19T18:00:00] RUN_START run_id=SCALE_C_PythonNDN_50_001
[2026-08-19T18:00:00] PARAM implementation=PythonNDN
[2026-08-19T18:00:00] METRIC concurrent_clients=50
[2026-08-19T18:00:00] METRIC throughput_pct_of_max=87.605
[2026-08-19T18:00:00] RUN_END status=OK
[2026-08-19T18:02:06] RUN_START run_id=SCALE_C_PythonNDN_50_002
[2026-08-19T18:02:06] PARAM implementation=PythonNDN
[2026-08-19T18:02:06] METRIC concurrent_clients=50
[2026-08-19T18:02:06] METRIC throughput_pct_of_max=85.921
[2026-08-19T18:02:06] RUN_END status=OK
[2026-08-19T18:04:17] RUN_START run_id=SCALE_C_PythonNDN_50_003
[2026-08-19T18:04:17] PARAM implementation=PythonNDN
[2026-08-19T18:04:17] METRIC concurrent_clients=50
[2026-08-19T18:04:17] METRIC throughput_pct_of_max=92.66
[2026-08-19T18:04:17] RUN_END status=OK
[2026-08-19T18:08:07] RUN_START run_id=SCALE_C_PythonNDN_50_004
[2026-08-19T18:08:07] PARAM implementation=PythonNDN
[2026-08-19T18:08:07] METRIC concurrent_clients=50
[2026-08-19T18:08:07] METRIC throughput_pct_of_max=84.77
[2026-08-19T18:08:07] RUN_END status=OK
[2026-08-19T18:10:36] RUN_START run_id=SCALE_C_PythonNDN_50_005
[2026-08-19T18:10:36] PARAM implementation=PythonNDN
[2026-08-19T18:10:36] METRIC concurrent_clients=50
[2026-08-19T18:10:36] METRIC throughput_pct_of_max=78.929
[2026-08-19T18:10:36] RUN_END status=OK
[2026-08-19T18:12:05] RUN_START run_id=SCALE_C_PythonNDN_50_006
[2026-08-19T18:12:05] PARAM implementation=PythonNDN
[2026-08-19T18:12:05] METRIC concurrent_clients=50
[2026-08-19T18:12:05] METRIC throughput_pct_of_max=94.317
[2026-08-19T18:12:05] RUN_END status=OK
[2026-08-19T18:13:37] RUN_START run_id=SCALE_C_PythonNDN_50_007
[2026-08-19T18:13:37] PARAM implementation=PythonNDN
[2026-08-19T18:13:37] METRIC concurrent_clients=50
[2026-08-19T18:13:37] METRIC throughput_pct_of_max=86.811
[2026-08-19T18:13:37] RUN_END status=OK
[2026-08-19T18:16:29] RUN_START run_id=SCALE_C_PythonNDN_50_008
[2026-08-19T18:16:29] PARAM implementation=PythonNDN
[2026-08-19T18:16:29] METRIC concurrent_clients=50
[2026-08-19T18:16:29] METRIC throughput_pct_of_max=85.212
[2026-08-19T18:16:29] RUN_END status=OK
[2026-08-19T18:21:04] RUN_START run_id=SCALE_C_PythonNDN_50_009
[2026-08-19T18:21:04] PARAM implementation=PythonNDN
[2026-08-19T18:21:04] METRIC concurrent_clients=50
[2026-08-19T18:21:04] METRIC throughput_pct_of_max=86.19
[2026-08-19T18:21:04] RUN_END status=OK
[2026-08-19T18:21:44] RUN_START run_id=SCALE_C_PythonNDN_50_010
[2026-08-19T18:21:44] PARAM implementation=PythonNDN
[2026-08-19T18:21:44] METRIC concurrent_clients=50
[2026-08-19T18:21:44] METRIC throughput_pct_of_max=91.974
[2026-08-19T18:21:44] RUN_END status=OK
[2026-08-19T18:22:18] RUN_START run_id=07_scalability_clients_DISCARDED_0074
[2026-08-19T18:22:18] RUN_ABORTED reason=trex_controller_reset: TRex stateful-engine control connection dropped mid-run before steady-state throughput reached
[2026-08-19T18:23:14] RUN_START run_id=SCALE_C_PythonNDN_50_011
[2026-08-19T18:23:14] PARAM implementation=PythonNDN
[2026-08-19T18:23:14] METRIC concurrent_clients=50
[2026-08-19T18:23:14] METRIC throughput_pct_of_max=89.475
[2026-08-19T18:23:14] RUN_END status=OK
[2026-08-19T18:25:07] RUN_START run_id=SCALE_C_PythonNDN_50_012
[2026-08-19T18:25:07] PARAM implementation=PythonNDN
[2026-08-19T18:25:07] METRIC concurrent_clients=50
[2026-08-19T18:25:07] METRIC throughput_pct_of_max=88.921
[2026-08-19T18:25:07] RUN_END status=OK
[2026-08-19T18:29:03] RUN_START run_id=SCALE_C_PythonNDN_50_013
[2026-08-19T18:29:03] PARAM implementation=PythonNDN
[2026-08-19T18:29:03] METRIC concurrent_clients=50
[2026-08-19T18:29:03] METRIC throughput_pct_of_max=86.276
[2026-08-19T18:29:03] RUN_END status=OK
[2026-08-19T18:32:05] RUN_START run_id=SCALE_C_PythonNDN_50_014
[2026-08-19T18:32:05] PARAM implementation=PythonNDN
[2026-08-19T18:32:05] METRIC concurrent_clients=50
[2026-08-19T18:32:05] METRIC throughput_pct_of_max=83.874
[2026-08-19T18:32:05] RUN_END status=OK
[2026-08-19T18:35:00] RUN_START run_id=SCALE_C_PythonNDN_50_015
[2026-08-19T18:35:00] PARAM implementation=PythonNDN
[2026-08-19T18:35:00] METRIC concurrent_clients=50
[2026-08-19T18:35:00] METRIC throughput_pct_of_max=87.98
[2026-08-19T18:35:00] RUN_END status=OK
[2026-08-19T18:36:40] RUN_START run_id=SCALE_C_PythonNDN_50_016
[2026-08-19T18:36:40] PARAM implementation=PythonNDN
[2026-08-19T18:36:40] METRIC concurrent_clients=50
[2026-08-19T18:36:40] METRIC throughput_pct_of_max=86.794
[2026-08-19T18:36:40] RUN_END status=OK
