[2026-08-31T13:54:59] RUN_START run_id=SCALE_C_NFD_10_059
[2026-08-31T13:54:59] PARAM implementation=NFD
[2026-08-31T13:54:59] METRIC concurrent_clients=10
[2026-08-31T13:54:59] METRIC throughput_pct_of_max=100.0
[2026-08-31T13:54:59] RUN_END status=OK
[2026-08-31T13:57:56] RUN_START run_id=SCALE_C_NFD_10_060
[2026-08-31T13:57:56] PARAM implementation=NFD
[2026-08-31T13:57:56] METRIC concurrent_clients=10
[2026-08-31T13:57:56] METRIC throughput_pct_of_max=100.0
[2026-08-31T13:57:56] RUN_END status=OK
[2026-08-31T14:00:17] RUN_START run_id=SCALE_C_NFD_10_061
[2026-08-31T14:00:17] PARAM implementation=NFD
[2026-08-31T14:00:17] METRIC concurrent_clients=10
[2026-08-31T14:00:17] METRIC throughput_pct_of_max=97.83
[2026-08-31T14:00:17] RUN_END status=OK
[2026-08-31T14:03:02] RUN_START run_id=SCALE_C_NFD_10_062
[2026-08-31T14:03:02] PARAM implementation=NFD
[2026-08-31T14:03:02] METRIC concurrent_clients=10
[2026-08-31T14:03:02] METRIC throughput_pct_of_max=99.284
[2026-08-31T14:03:02] RUN_END status=OK
[2026-08-31T14:04:46] RUN_START run_id=SCALE_C_NFD_10_063
[2026-08-31T14:04:46] PARAM implementation=NFD
[2026-08-31T14:04:46] METRIC concurrent_clients=10
[2026-08-31T14:04:46] METRIC throughput_pct_of_max=100.0
[2026-08-31T14:04:46] RUN_END status=OK
[2026-08-31T14:06:12] RUN_START run_id=SCALE_C_NFD_10_064
[2026-08-31T14:06:12] PARAM implementation=NFD
[2026-08-31T14:06:12] METRIC concurrent_clients=10
[2026-08-31T14:06:12] METRIC throughput_pct_of_max=100.0
[2026-08-31T14:06:12] RUN_END status=OK
[2026-08-31T14:08:30] RUN_START run_id=SCALE_C_NFD_10_065
[2026-08-31T14:08:30] PARAM implementation=NFD
[2026-08-31T14:08:30] METRIC concurrent_clients=10
[2026-08-31T14:08:30] METRIC throughput_pct_of_max=99.658
[2026-08-31T14:08:30] RUN_END status=OK
[2026-08-31T14:09:42] RUN_START run_id=SCALE_C_NFD_10_066
[2026-08-31T14:09:42] PARAM implementation=NFD
[2026-08-31T14:09:42] METRIC concurrent_clients=10
[2026-08-31T14:09:42] METRIC throughput_pct_of_max=100.0
[2026-08-31T14:09:42] RUN_END status=OK
[2026-09-01T11:00:04] RUN_START run_id=SCALE_C_CCNlite_100_148
[2026-09-01T11:00:04] PARAM implementation=CCNlite
[2026-09-01T11:00:04] METRIC concurrent_clients=100
[2026-09-01T11:00:04] METRIC throughput_pct_of_max=83.604
[2026-09-01T11:00:04] RUN_END status=OK
[2026-09-01T11:01:14] RUN_START run_id=SCALE_C_CCNlite_100_149
[2026-09-01T11:01:14] PARAM implementation=CCNlite
[2026-09-01T11:01:14] METRIC concurrent_clients=100
[2026-09-01T11:01:14] METRIC throughput_pct_of_max=79.13
[2026-09-01T11:01:14] RUN_END status=OK
[2026-09-01T11:03:12] RUN_START run_id=SCALE_C_CCNlite_100_150
[2026-09-01T11:03:12] PARAM implementation=CCNlite
[2026-09-01T11:03:12] METRIC concurrent_clients=100
[2026-09-01T11:03:12] METRIC throughput_pct_of_max=83.661
[2026-09-01T11:03:12] RUN_END status=OK
[2026-09-01T12:46:32] RUN_START run_id=SCALE_C_NFD_10_067
[2026-09-01T12:46:32] PARAM implementation=NFD
[2026-09-01T12:46:32] METRIC concurrent_clients=10
[2026-09-01T12:46:32] METRIC throughput_pct_of_max=100.0
[2026-09-01T12:46:32] RUN_END status=OK
[2026-09-01T12:47:17] RUN_START run_id=SCALE_C_NFD_10_068
[2026-09-01T12:47:17] PARAM implementation=NFD
[2026-09-01T12:47:17] METRIC concurrent_clients=10
[2026-09-01T12:47:17] METRIC throughput_pct_of_max=100.0
[2026-09-01T12:47:17] RUN_END status=OK
[2026-09-01T12:49:16] RUN_START run_id=SCALE_C_NFD_10_069
[2026-09-01T12:49:16] PARAM implementation=NFD
[2026-09-01T12:49:16] METRIC concurrent_clients=10
[2026-09-01T12:49:16] METRIC throughput_pct_of_max=90.522
[2026-09-01T12:49:16] RUN_END status=OK
[2026-09-01T12:50:22] RUN_START run_id=SCALE_C_NFD_10_070
[2026-09-01T12:50:22] PARAM implementation=NFD
[2026-09-01T12:50:22] METRIC concurrent_clients=10
[2026-09-01T12:50:22] METRIC throughput_pct_of_max=100.0
[2026-09-01T12:50:22] RUN_END status=OK
[2026-09-01T12:50:42] RUN_START run_id=07_scalability_clients_DISCARDED_0230
[2026-09-01T12:50:42] RUN_ABORTED reason=trex_controller_reset: TRex stateful-engine control connection dropped mid-run before steady-state throughput reached
[2026-09-01T12:51:13] RUN_START run_id=SCALE_C_NFD_10_071
[2026-09-01T12:51:13] PARAM implementation=NFD
[2026-09-01T12:51:13] METRIC concurrent_clients=10
[2026-09-01T12:51:13] METRIC throughput_pct_of_max=100.0
[2026-09-01T12:51:13] RUN_END status=OK
[2026-09-01T12:55:44] RUN_START run_id=SCALE_C_NFD_10_072
[2026-09-01T12:55:44] PARAM implementation=NFD
[2026-09-01T12:55:44] METRIC concurrent_clients=10
[2026-09-01T12:55:44] METRIC throughput_pct_of_max=93.33
[2026-09-01T12:55:44] RUN_END status=OK
