[2026-08-19T16:02:03] RUN_START run_id=SCALE_C_NFD_1000_024
[2026-08-19T16:02:03] PARAM implementation=NFD
[2026-08-19T16:02:03] METRIC concurrent_clients=1000
[2026-08-19T16:02:03] METRIC throughput_pct_of_max=55.966
[2026-08-19T16:02:03] RUN_END status=OK
[2026-08-19T16:02:27] RUN_START run_id=SCALE_C_NFD_50_070
[2026-08-19T16:02:27] PARAM implementation=NFD
[2026-08-19T16:02:27] METRIC concurrent_clients=50
[2026-08-19T16:02:27] METRIC throughput_pct_of_max=89.925
[2026-08-19T16:02:27] RUN_END status=OK
[2026-08-19T16:05:02] RUN_START run_id=SCALE_C_NFD_50_071
[2026-08-19T16:05:02] PARAM implementation=NFD
[2026-08-19T16:05:02] METRIC concurrent_clients=50
[2026-08-19T16:05:02] METRIC throughput_pct_of_max=92.644
[2026-08-19T16:05:02] RUN_END status=OK
[2026-08-19T16:05:37] RUN_START run_id=SCALE_C_NFD_1000_025
[2026-08-19T16:05:37] PARAM implementation=NFD
[2026-08-19T16:05:37] METRIC concurrent_clients=1000
[2026-08-19T16:05:37] METRIC throughput_pct_of_max=57.747
[2026-08-19T16:05:37] RUN_END status=OK
[2026-08-19T16:06:14] RUN_START run_id=SCALE_C_NFD_50_072
[2026-08-19T16:06:14] PARAM implementation=NFD
[2026-08-19T16:06:14] METRIC concurrent_clients=50
[2026-08-19T16:06:14] METRIC throughput_pct_of_max=88.749
[2026-08-19T16:06:14] RUN_END status=OK
[2026-08-19T16:06:53] RUN_START run_id=SCALE_C_NFD_50_073
[2026-08-19T16:06:53] PARAM implementation=NFD
[2026-08-19T16:06:53] METRIC concurrent_clients=50
[2026-08-19T16:06:53] METRIC throughput_pct_of_max=88.859
[2026-08-19T16:06:53] RUN_END status=OK
[2026-08-19T16:07:40] RUN_START run_id=SCALE_C_NFD_1000_026
[2026-08-19T16:07:40] PARAM implementation=NFD
[2026-08-19T16:07:40] METRIC concurrent_clients=1000
[2026-08-19T16:07:40] METRIC throughput_pct_of_max=55.603
[2026-08-19T16:07:40] RUN_END status=OK
[2026-08-19T16:09:40] RUN_START run_id=SCALE_C_NFD_50_074
[2026-08-19T16:09:40] PARAM implementation=NFD
[2026-08-19T16:09:40] METRIC concurrent_clients=50
[2026-08-19T16:09:40] METRIC throughput_pct_of_max=88.442
[2026-08-19T16:09:40] RUN_END status=OK
[2026-08-19T16:12:15] RUN_START run_id=SCALE_C_NFD_1000_027
[2026-08-19T16:12:15] PARAM implementation=NFD
[2026-08-19T16:12:15] METRIC concurrent_clients=1000
[2026-08-19T16:12:15] METRIC throughput_pct_of_max=57.159
[2026-08-19T16:12:15] RUN_END status=OK
[2026-08-19T16:13:52] RUN_START run_id=SCALE_C_NFD_1000_028
[2026-08-19T16:13:52] PARAM implementation=NFD
[2026-08-19T16:13:52] METRIC concurrent_clients=1000
[2026-08-19T16:13:52] METRIC throughput_pct_of_max=56.848
[2026-08-19T16:13:52] RUN_END status=OK
[2026-08-19T16:14:15] RUN_START run_id=SCALE_C_NFD_50_075
[2026-08-19T16:14:15] PARAM implementation=NFD
[2026-08-19T16:14:15] METRIC concurrent_clients=50
[2026-08-19T16:14:15] METRIC throughput_pct_of_max=90.046
[2026-08-19T16:14:15] RUN_END status=OK
[2026-08-19T16:15:59] RUN_START run_id=SCALE_C_NFD_50_076
[2026-08-19T16:15:59] PARAM implementation=NFD
[2026-08-19T16:15:59] METRIC concurrent_clients=50
[2026-08-19T16:15:59] METRIC throughput_pct_of_max=90.554
[2026-08-19T16:15:59] RUN_END status=OK
[2026-08-19T16:17:54] RUN_START run_id=SCALE_C_NFD_1000_029
[2026-08-19T16:17:54] PARAM implementation=NFD
[2026-08-19T16:17:54] METRIC concurrent_clients=1000
[2026-08-19T16:17:54] METRIC throughput_pct_of_max=54.234
[2026-08-19T16:17:54] RUN_END status=OK
[2026-08-19T16:19:52] RUN_START run_id=SCALE_C_NFD_50_077
[2026-08-19T16:19:52] PARAM implementation=NFD
[2026-08-19T16:19:52] METRIC concurrent_clients=50
[2026-08-19T16:19:52] METRIC throughput_pct_of_max=90.146
[2026-08-19T16:19:52] RUN_END status=OK
