[2026-08-26T23:48:27] RUN_START run_id=SCALE_C_uDCN_100_048
[2026-08-26T23:48:27] PARAM implementation=uDCN
[2026-08-26T23:48:27] METRIC concurrent_clients=100
[2026-08-26T23:48:27] METRIC throughput_pct_of_max=96.578
[2026-08-26T23:48:27] RUN_END status=OK
[2026-08-26T23:50:24] RUN_START run_id=SCALE_C_uDCN_100_049
[2026-08-26T23:50:24] PARAM implementation=uDCN
[2026-08-26T23:50:24] METRIC concurrent_clients=100
[2026-08-26T23:50:24] METRIC throughput_pct_of_max=96.25
[2026-08-26T23:50:24] RUN_END status=OK
[2026-08-26T23:54:05] RUN_START run_id=SCALE_C_uDCN_100_050
[2026-08-26T23:54:05] PARAM implementation=uDCN
[2026-08-26T23:54:05] METRIC concurrent_clients=100
[2026-08-26T23:54:05] METRIC throughput_pct_of_max=89.581
[2026-08-26T23:54:05] RUN_END status=OK
[2026-08-27T04:38:54] RUN_START run_id=SCALE_C_uDCN_100_051
[2026-08-27T04:38:54] PARAM implementation=uDCN
[2026-08-27T04:38:54] METRIC concurrent_clients=100
[2026-08-27T04:38:54] METRIC throughput_pct_of_max=89.513
[2026-08-27T04:38:54] RUN_END status=OK
[2026-08-27T04:39:55] RUN_START run_id=SCALE_C_uDCN_100_052
[2026-08-27T04:39:55] PARAM implementation=uDCN
[2026-08-27T04:39:55] METRIC concurrent_clients=100
[2026-08-27T04:39:55] METRIC throughput_pct_of_max=95.627
[2026-08-27T04:39:55] RUN_END status=OK
[2026-08-27T04:40:56] RUN_START run_id=SCALE_C_uDCN_100_053
[2026-08-27T04:40:56] PARAM implementation=uDCN
[2026-08-27T04:40:56] METRIC concurrent_clients=100
[2026-08-27T04:40:56] METRIC throughput_pct_of_max=96.001
[2026-08-27T04:40:56] RUN_END status=OK
[2026-08-27T04:42:47] RUN_START run_id=SCALE_C_uDCN_100_054
[2026-08-27T04:42:47] PARAM implementation=uDCN
[2026-08-27T04:42:47] METRIC concurrent_clients=100
[2026-08-27T04:42:47] METRIC throughput_pct_of_max=97.619
[2026-08-27T04:42:47] RUN_END status=OK
[2026-08-27T04:44:11] RUN_START run_id=SCALE_C_uDCN_100_055
[2026-08-27T04:44:11] PARAM implementation=uDCN
[2026-08-27T04:44:11] METRIC concurrent_clients=100
[2026-08-27T04:44:11] METRIC throughput_pct_of_max=94.334
[2026-08-27T04:44:11] RUN_END status=OK
[2026-08-27T04:47:44] RUN_START run_id=SCALE_C_uDCN_100_056
[2026-08-27T04:47:44] PARAM implementation=uDCN
[2026-08-27T04:47:44] METRIC concurrent_clients=100
[2026-08-27T04:47:44] METRIC throughput_pct_of_max=94.439
[2026-08-27T04:47:44] RUN_END status=OK
[2026-08-27T04:48:46] RUN_START run_id=SCALE_C_uDCN_100_057
[2026-08-27T04:48:46] PARAM implementation=uDCN
[2026-08-27T04:48:46] METRIC concurrent_clients=100
[2026-08-27T04:48:46] METRIC throughput_pct_of_max=94.946
[2026-08-27T04:48:46] RUN_END status=OK
[2026-08-27T04:51:03] RUN_START run_id=SCALE_C_uDCN_100_058
[2026-08-27T04:51:03] PARAM implementation=uDCN
[2026-08-27T04:51:03] METRIC concurrent_clients=100
[2026-08-27T04:51:03] METRIC throughput_pct_of_max=95.152
[2026-08-27T04:51:03] RUN_END status=OK
[2026-08-27T04:53:01] RUN_START run_id=SCALE_C_uDCN_100_059
[2026-08-27T04:53:01] PARAM implementation=uDCN
[2026-08-27T04:53:01] METRIC concurrent_clients=100
[2026-08-27T04:53:01] METRIC throughput_pct_of_max=93.136
[2026-08-27T04:53:01] RUN_END status=OK
[2026-08-27T04:54:01] RUN_START run_id=SCALE_C_uDCN_100_060
[2026-08-27T04:54:01] PARAM implementation=uDCN
[2026-08-27T04:54:01] METRIC concurrent_clients=100
[2026-08-27T04:54:01] METRIC throughput_pct_of_max=99.275
[2026-08-27T04:54:01] RUN_END status=OK
[2026-08-27T04:57:34] RUN_START run_id=SCALE_C_uDCN_100_061
[2026-08-27T04:57:34] PARAM implementation=uDCN
[2026-08-27T04:57:34] METRIC concurrent_clients=100
[2026-08-27T04:57:34] METRIC throughput_pct_of_max=96.717
[2026-08-27T04:57:34] RUN_END status=OK
[2026-08-27T04:58:21] RUN_START run_id=SCALE_C_uDCN_100_062
[2026-08-27T04:58:21] PARAM implementation=uDCN
[2026-08-27T04:58:21] METRIC concurrent_clients=100
[2026-08-27T04:58:21] METRIC throughput_pct_of_max=93.636
[2026-08-27T04:58:21] RUN_END status=OK
[2026-08-27T05:00:23] RUN_START run_id=SCALE_C_uDCN_100_063
[2026-08-27T05:00:23] PARAM implementation=uDCN
[2026-08-27T05:00:23] METRIC concurrent_clients=100
[2026-08-27T05:00:23] METRIC throughput_pct_of_max=90.008
[2026-08-27T05:00:23] RUN_END status=OK
[2026-08-27T05:03:05] RUN_START run_id=SCALE_C_uDCN_100_064
[2026-08-27T05:03:05] PARAM implementation=uDCN
[2026-08-27T05:03:05] METRIC concurrent_clients=100
[2026-08-27T05:03:05] METRIC throughput_pct_of_max=92.702
[2026-08-27T05:03:05] RUN_END status=OK
