[2026-08-26T14:55:30] RUN_START run_id=SCALE_C_uDCN_100_024
[2026-08-26T14:55:30] PARAM implementation=uDCN
[2026-08-26T14:55:30] METRIC concurrent_clients=100
[2026-08-26T14:55:30] METRIC throughput_pct_of_max=100.0
[2026-08-26T14:55:30] RUN_END status=OK
[2026-08-26T14:57:55] RUN_START run_id=SCALE_C_uDCN_100_025
[2026-08-26T14:57:55] PARAM implementation=uDCN
[2026-08-26T14:57:55] METRIC concurrent_clients=100
[2026-08-26T14:57:55] METRIC throughput_pct_of_max=100.0
[2026-08-26T14:57:55] RUN_END status=OK
[2026-08-26T15:00:44] RUN_START run_id=SCALE_C_uDCN_100_026
[2026-08-26T15:00:44] PARAM implementation=uDCN
[2026-08-26T15:00:44] METRIC concurrent_clients=100
[2026-08-26T15:00:44] METRIC throughput_pct_of_max=94.534
[2026-08-26T15:00:44] RUN_END status=OK
[2026-08-26T17:04:10] RUN_START run_id=SCALE_C_uDCN_5000_049
[2026-08-26T17:04:10] PARAM implementation=uDCN
[2026-08-26T17:04:10] METRIC concurrent_clients=5000
[2026-08-26T17:04:10] METRIC throughput_pct_of_max=70.942
[2026-08-26T17:04:10] RUN_END status=OK
[2026-08-26T17:04:59] RUN_START run_id=SCALE_C_uDCN_5000_050
[2026-08-26T17:04:59] PARAM implementation=uDCN
[2026-08-26T17:04:59] METRIC concurrent_clients=5000
[2026-08-26T17:04:59] METRIC throughput_pct_of_max=79.727
[2026-08-26T17:04:59] RUN_END status=OK
[2026-08-26T17:06:03] RUN_START run_id=SCALE_C_uDCN_5000_051
[2026-08-26T17:06:03] PARAM implementation=uDCN
[2026-08-26T17:06:03] METRIC concurrent_clients=5000
[2026-08-26T17:06:03] METRIC throughput_pct_of_max=77.768
[2026-08-26T17:06:03] RUN_END status=OK
[2026-08-26T17:07:52] RUN_START run_id=SCALE_C_uDCN_5000_052
[2026-08-26T17:07:52] PARAM implementation=uDCN
[2026-08-26T17:07:52] METRIC concurrent_clients=5000
[2026-08-26T17:07:52] METRIC throughput_pct_of_max=78.0
[2026-08-26T17:07:52] RUN_END status=OK
[2026-08-26T17:09:17] RUN_START run_id=SCALE_C_uDCN_5000_053
[2026-08-26T17:09:17] PARAM implementation=uDCN
[2026-08-26T17:09:17] METRIC concurrent_clients=5000
[2026-08-26T17:09:17] METRIC throughput_pct_of_max=72.915
[2026-08-26T17:09:17] RUN_END status=OK
[2026-08-26T17:11:12] RUN_START run_id=SCALE_C_uDCN_5000_054
[2026-08-26T17:11:12] PARAM implementation=uDCN
[2026-08-26T17:11:12] METRIC concurrent_clients=5000
[2026-08-26T17:11:12] METRIC throughput_pct_of_max=76.2
[2026-08-26T17:11:12] RUN_END status=OK
[2026-08-26T17:13:11] RUN_START run_id=SCALE_C_uDCN_5000_055
[2026-08-26T17:13:11] PARAM implementation=uDCN
[2026-08-26T17:13:11] METRIC concurrent_clients=5000
[2026-08-26T17:13:11] METRIC throughput_pct_of_max=72.658
[2026-08-26T17:13:11] RUN_END status=OK
