[2026-09-04T02:14:19] RUN_START run_id=SCALE_C_CCNlite_5000_145
[2026-09-04T02:14:19] PARAM implementation=CCNlite
[2026-09-04T02:14:19] METRIC concurrent_clients=5000
[2026-09-04T02:14:19] METRIC throughput_pct_of_max=43.387
[2026-09-04T02:14:19] RUN_END status=OK
[2026-09-04T02:16:30] RUN_START run_id=SCALE_C_CCNlite_5000_146
[2026-09-04T02:16:30] PARAM implementation=CCNlite
[2026-09-04T02:16:30] METRIC concurrent_clients=5000
[2026-09-04T02:16:30] METRIC throughput_pct_of_max=43.441
[2026-09-04T02:16:30] RUN_END status=OK
[2026-09-04T02:18:17] RUN_START run_id=SCALE_C_CCNlite_5000_147
[2026-09-04T02:18:17] PARAM implementation=CCNlite
[2026-09-04T02:18:17] METRIC concurrent_clients=5000
[2026-09-04T02:18:17] METRIC throughput_pct_of_max=42.431
[2026-09-04T02:18:17] RUN_END status=OK
[2026-09-04T02:19:11] RUN_START run_id=SCALE_C_CCNlite_5000_148
[2026-09-04T02:19:11] PARAM implementation=CCNlite
[2026-09-04T02:19:11] METRIC concurrent_clients=5000
[2026-09-04T02:19:11] METRIC throughput_pct_of_max=42.936
[2026-09-04T02:19:11] RUN_END status=OK
[2026-09-04T03:30:18] RUN_START run_id=SCALE_C_CCNlite_5000_149
[2026-09-04T03:30:18] PARAM implementation=CCNlite
[2026-09-04T03:30:18] METRIC concurrent_clients=5000
[2026-09-04T03:30:18] METRIC throughput_pct_of_max=42.617
[2026-09-04T03:30:18] RUN_END status=OK
[2026-09-04T03:31:28] RUN_START run_id=SCALE_C_CCNlite_5000_150
[2026-09-04T03:31:28] PARAM implementation=CCNlite
[2026-09-04T03:31:28] METRIC concurrent_clients=5000
[2026-09-04T03:31:28] METRIC throughput_pct_of_max=44.733
[2026-09-04T03:31:28] RUN_END status=OK
[2026-09-05T10:50:38] RUN_START run_id=SCALE_C_NFD_10_123
[2026-09-05T10:50:38] PARAM implementation=NFD
[2026-09-05T10:50:38] METRIC concurrent_clients=10
[2026-09-05T10:50:38] METRIC throughput_pct_of_max=96.875
[2026-09-05T10:50:38] RUN_END status=OK
[2026-09-05T10:52:39] RUN_START run_id=SCALE_C_NFD_10_124
[2026-09-05T10:52:39] PARAM implementation=NFD
[2026-09-05T10:52:39] METRIC concurrent_clients=10
[2026-09-05T10:52:39] METRIC throughput_pct_of_max=99.843
[2026-09-05T10:52:39] RUN_END status=OK
[2026-09-05T10:57:04] RUN_START run_id=SCALE_C_NFD_10_125
[2026-09-05T10:57:04] PARAM implementation=NFD
[2026-09-05T10:57:04] METRIC concurrent_clients=10
[2026-09-05T10:57:04] METRIC throughput_pct_of_max=97.808
[2026-09-05T10:57:04] RUN_END status=OK
[2026-09-05T11:01:10] RUN_START run_id=SCALE_C_NFD_10_126
[2026-09-05T11:01:10] PARAM implementation=NFD
[2026-09-05T11:01:10] METRIC concurrent_clients=10
[2026-09-05T11:01:10] METRIC throughput_pct_of_max=100.0
[2026-09-05T11:01:10] RUN_END status=OK
[2026-09-05T11:04:36] RUN_START run_id=SCALE_C_NFD_10_127
[2026-09-05T11:04:36] PARAM implementation=NFD
[2026-09-05T11:04:36] METRIC concurrent_clients=10
[2026-09-05T11:04:36] METRIC throughput_pct_of_max=92.292
[2026-09-05T11:04:36] RUN_END status=OK
[2026-09-05T11:06:26] RUN_START run_id=SCALE_C_NFD_10_128
[2026-09-05T11:06:26] PARAM implementation=NFD
[2026-09-05T11:06:26] METRIC concurrent_clients=10
[2026-09-05T11:06:26] METRIC throughput_pct_of_max=99.362
[2026-09-05T11:06:26] RUN_END status=OK
[2026-09-05T11:10:09] RUN_START run_id=SCALE_C_NFD_10_129
[2026-09-05T11:10:09] PARAM implementation=NFD
[2026-09-05T11:10:09] METRIC concurrent_clients=10
[2026-09-05T11:10:09] METRIC throughput_pct_of_max=99.64
[2026-09-05T11:10:09] RUN_END status=OK
[2026-09-05T11:11:53] RUN_START run_id=SCALE_C_NFD_10_130
[2026-09-05T11:11:53] PARAM implementation=NFD
[2026-09-05T11:11:53] METRIC concurrent_clients=10
[2026-09-05T11:11:53] METRIC throughput_pct_of_max=100.0
[2026-09-05T11:11:53] RUN_END status=OK
[2026-09-05T11:12:22] RUN_START run_id=SCALE_C_NFD_10_131
[2026-09-05T11:12:22] PARAM implementation=NFD
[2026-09-05T11:12:22] METRIC concurrent_clients=10
[2026-09-05T11:12:22] METRIC throughput_pct_of_max=100.0
[2026-09-05T11:12:22] RUN_END status=OK
