[2026-08-14T04:45:09] RUN_START run_id=SCALE_C_uDCN_10_085
[2026-08-14T04:45:09] PARAM implementation=uDCN
[2026-08-14T04:45:09] METRIC concurrent_clients=10
[2026-08-14T04:45:09] METRIC throughput_pct_of_max=95.456
[2026-08-14T04:45:09] RUN_END status=OK
[2026-08-14T04:46:04] RUN_START run_id=SCALE_C_uDCN_10_086
[2026-08-14T04:46:04] PARAM implementation=uDCN
[2026-08-14T04:46:04] METRIC concurrent_clients=10
[2026-08-14T04:46:04] METRIC throughput_pct_of_max=95.39
[2026-08-14T04:46:04] RUN_END status=OK
[2026-08-14T04:48:20] RUN_START run_id=SCALE_C_uDCN_10_087
[2026-08-14T04:48:20] PARAM implementation=uDCN
[2026-08-14T04:48:20] METRIC concurrent_clients=10
[2026-08-14T04:48:20] METRIC throughput_pct_of_max=97.036
[2026-08-14T04:48:20] RUN_END status=OK
[2026-08-14T09:14:32] RUN_START run_id=SCALE_C_PythonNDN_1000_027
[2026-08-14T09:14:32] PARAM implementation=PythonNDN
[2026-08-14T09:14:32] METRIC concurrent_clients=1000
[2026-08-14T09:14:32] METRIC throughput_pct_of_max=14.495
[2026-08-14T09:14:32] RUN_END status=OK
[2026-08-14T09:16:39] RUN_START run_id=SCALE_C_PythonNDN_1000_028
[2026-08-14T09:16:39] PARAM implementation=PythonNDN
[2026-08-14T09:16:39] METRIC concurrent_clients=1000
[2026-08-14T09:16:39] METRIC throughput_pct_of_max=14.95
[2026-08-14T09:16:39] RUN_END status=OK
[2026-08-14T09:16:48] RUN_START run_id=SCALE_C_NFD_5000_068
[2026-08-14T09:16:48] PARAM implementation=NFD
[2026-08-14T09:16:48] METRIC concurrent_clients=5000
[2026-08-14T09:16:48] METRIC throughput_pct_of_max=42.235
[2026-08-14T09:16:48] RUN_END status=OK
[2026-08-14T09:18:36] RUN_START run_id=SCALE_C_PythonNDN_1000_029
[2026-08-14T09:18:36] PARAM implementation=PythonNDN
[2026-08-14T09:18:36] METRIC concurrent_clients=1000
[2026-08-14T09:18:36] METRIC throughput_pct_of_max=14.89
[2026-08-14T09:18:36] RUN_END status=OK
[2026-08-14T09:19:05] RUN_START run_id=SCALE_C_NFD_5000_069
[2026-08-14T09:19:05] PARAM implementation=NFD
[2026-08-14T09:19:05] METRIC concurrent_clients=5000
[2026-08-14T09:19:05] METRIC throughput_pct_of_max=37.561
[2026-08-14T09:19:05] RUN_END status=OK
[2026-08-14T09:20:05] RUN_START run_id=SCALE_C_NFD_5000_070
[2026-08-14T09:20:05] PARAM implementation=NFD
[2026-08-14T09:20:05] METRIC concurrent_clients=5000
[2026-08-14T09:20:05] METRIC throughput_pct_of_max=40.044
[2026-08-14T09:20:05] RUN_END status=OK
[2026-08-14T09:20:17] RUN_START run_id=SCALE_C_NFD_5000_071
[2026-08-14T09:20:17] PARAM implementation=NFD
[2026-08-14T09:20:17] METRIC concurrent_clients=5000
[2026-08-14T09:20:17] METRIC throughput_pct_of_max=36.835
[2026-08-14T09:20:17] RUN_END status=OK
[2026-08-14T09:21:02] RUN_START run_id=SCALE_C_NFD_5000_072
[2026-08-14T09:21:02] PARAM implementation=NFD
[2026-08-14T09:21:02] METRIC concurrent_clients=5000
[2026-08-14T09:21:02] METRIC throughput_pct_of_max=38.772
[2026-08-14T09:21:02] RUN_END status=OK
[2026-08-14T09:21:51] RUN_START run_id=SCALE_C_NFD_5000_073
[2026-08-14T09:21:51] PARAM implementation=NFD
[2026-08-14T09:21:51] METRIC concurrent_clients=5000
[2026-08-14T09:21:51] METRIC throughput_pct_of_max=39.113
[2026-08-14T09:21:51] RUN_END status=OK
