[2026-08-16T13:19:19] RUN_START run_id=SCALE_C_PythonNDN_100_009
[2026-08-16T13:19:19] PARAM implementation=PythonNDN
[2026-08-16T13:19:19] METRIC concurrent_clients=100
[2026-08-16T13:19:19] METRIC throughput_pct_of_max=66.686
[2026-08-16T13:19:19] RUN_END status=OK
[2026-08-16T13:20:26] RUN_START run_id=SCALE_C_PythonNDN_100_010
[2026-08-16T13:20:26] PARAM implementation=PythonNDN
[2026-08-16T13:20:26] METRIC concurrent_clients=100
[2026-08-16T13:20:26] METRIC throughput_pct_of_max=63.573
[2026-08-16T13:20:26] RUN_END status=OK
[2026-08-16T13:23:17] RUN_START run_id=SCALE_C_PythonNDN_100_011
[2026-08-16T13:23:17] PARAM implementation=PythonNDN
[2026-08-16T13:23:17] METRIC concurrent_clients=100
[2026-08-16T13:23:17] METRIC throughput_pct_of_max=65.115
[2026-08-16T13:23:17] RUN_END status=OK
[2026-08-16T13:26:33] RUN_START run_id=SCALE_C_PythonNDN_100_012
[2026-08-16T13:26:33] PARAM implementation=PythonNDN
[2026-08-16T13:26:33] METRIC concurrent_clients=100
[2026-08-16T13:26:33] METRIC throughput_pct_of_max=69.878
[2026-08-16T13:26:33] RUN_END status=OK
[2026-08-16T13:28:49] RUN_START run_id=SCALE_C_PythonNDN_100_013
[2026-08-16T13:28:49] PARAM implementation=PythonNDN
[2026-08-16T13:28:49] METRIC concurrent_clients=100
[2026-08-16T13:28:49] METRIC throughput_pct_of_max=65.364
[2026-08-16T13:28:49] RUN_END status=OK
[2026-08-16T13:30:55] RUN_START run_id=SCALE_C_PythonNDN_100_014
[2026-08-16T13:30:55] PARAM implementation=PythonNDN
[2026-08-16T13:30:55] METRIC concurrent_clients=100
[2026-08-16T13:30:55] METRIC throughput_pct_of_max=63.33
[2026-08-16T13:30:55] RUN_END status=OK
[2026-08-16T13:34:16] RUN_START run_id=SCALE_C_PythonNDN_100_015
[2026-08-16T13:34:16] PARAM implementation=PythonNDN
[2026-08-16T13:34:16] METRIC concurrent_clients=100
[2026-08-16T13:34:16] METRIC throughput_pct_of_max=64.184
[2026-08-16T13:34:16] RUN_END status=OK
[2026-08-16T13:39:09] RUN_START run_id=SCALE_C_PythonNDN_100_016
[2026-08-16T13:39:09] PARAM implementation=PythonNDN
[2026-08-16T13:39:09] METRIC concurrent_clients=100
[2026-08-16T13:39:09] METRIC throughput_pct_of_max=65.641
[2026-08-16T13:39:09] RUN_END status=OK
[2026-08-16T13:41:07] RUN_START run_id=SCALE_C_PythonNDN_100_017
[2026-08-16T13:41:07] PARAM implementation=PythonNDN
[2026-08-16T13:41:07] METRIC concurrent_clients=100
[2026-08-16T13:41:07] METRIC throughput_pct_of_max=65.144
[2026-08-16T13:41:07] RUN_END status=OK
[2026-08-16T13:44:33] RUN_START run_id=SCALE_C_PythonNDN_100_018
[2026-08-16T13:44:33] PARAM implementation=PythonNDN
[2026-08-16T13:44:33] METRIC concurrent_clients=100
[2026-08-16T13:44:33] METRIC throughput_pct_of_max=65.438
[2026-08-16T13:44:33] RUN_END status=OK
