[2026-08-25T06:42:12] RUN_START run_id=SCALE_C_NFD_1000_130
[2026-08-25T06:42:12] PARAM implementation=NFD
[2026-08-25T06:42:12] METRIC concurrent_clients=1000
[2026-08-25T06:42:12] METRIC throughput_pct_of_max=54.597
[2026-08-25T06:42:12] RUN_END status=OK
[2026-08-25T06:45:26] RUN_START run_id=SCALE_C_NFD_1000_131
[2026-08-25T06:45:26] PARAM implementation=NFD
[2026-08-25T06:45:26] METRIC concurrent_clients=1000
[2026-08-25T06:45:26] METRIC throughput_pct_of_max=55.815
[2026-08-25T06:45:26] RUN_END status=OK
[2026-08-25T06:48:54] RUN_START run_id=SCALE_C_NFD_1000_132
[2026-08-25T06:48:54] PARAM implementation=NFD
[2026-08-25T06:48:54] METRIC concurrent_clients=1000
[2026-08-25T06:48:54] METRIC throughput_pct_of_max=55.466
[2026-08-25T06:48:54] RUN_END status=OK
[2026-08-25T06:50:20] RUN_START run_id=SCALE_C_NFD_1000_133
[2026-08-25T06:50:20] PARAM implementation=NFD
[2026-08-25T06:50:20] METRIC concurrent_clients=1000
[2026-08-25T06:50:20] METRIC throughput_pct_of_max=55.897
[2026-08-25T06:50:20] RUN_END status=OK
[2026-08-25T06:51:23] RUN_START run_id=SCALE_C_NFD_1000_134
[2026-08-25T06:51:23] PARAM implementation=NFD
[2026-08-25T06:51:23] METRIC concurrent_clients=1000
[2026-08-25T06:51:23] METRIC throughput_pct_of_max=57.339
[2026-08-25T06:51:23] RUN_END status=OK
[2026-08-25T06:52:06] RUN_START run_id=SCALE_C_NFD_1000_135
[2026-08-25T06:52:06] PARAM implementation=NFD
[2026-08-25T06:52:06] METRIC concurrent_clients=1000
[2026-08-25T06:52:06] METRIC throughput_pct_of_max=55.283
[2026-08-25T06:52:06] RUN_END status=OK
[2026-08-25T06:54:39] RUN_START run_id=SCALE_C_NFD_1000_136
[2026-08-25T06:54:39] PARAM implementation=NFD
[2026-08-25T06:54:39] METRIC concurrent_clients=1000
[2026-08-25T06:54:39] METRIC throughput_pct_of_max=56.708
[2026-08-25T06:54:39] RUN_END status=OK
[2026-08-25T06:59:47] RUN_START run_id=SCALE_C_NFD_500_147
[2026-08-25T06:59:47] PARAM implementation=NFD
[2026-08-25T06:59:47] METRIC concurrent_clients=500
[2026-08-25T06:59:47] METRIC throughput_pct_of_max=64.786
[2026-08-25T06:59:47] RUN_END status=OK
[2026-08-25T07:01:45] RUN_START run_id=SCALE_C_NFD_500_148
[2026-08-25T07:01:45] PARAM implementation=NFD
[2026-08-25T07:01:45] METRIC concurrent_clients=500
[2026-08-25T07:01:45] METRIC throughput_pct_of_max=64.406
[2026-08-25T07:01:45] RUN_END status=OK
[2026-08-25T07:03:52] RUN_START run_id=SCALE_C_NFD_500_149
[2026-08-25T07:03:52] PARAM implementation=NFD
[2026-08-25T07:03:52] METRIC concurrent_clients=500
[2026-08-25T07:03:52] METRIC throughput_pct_of_max=73.772
[2026-08-25T07:03:52] RUN_END status=OK
