[2026-08-19T14:56:02] RUN_START run_id=SCALE_C_uDCN_1000_063
[2026-08-19T14:56:02] PARAM implementation=uDCN
[2026-08-19T14:56:02] METRIC concurrent_clients=1000
[2026-08-19T14:56:02] METRIC throughput_pct_of_max=89.361
[2026-08-19T14:56:02] RUN_END status=OK
[2026-08-19T14:59:12] RUN_START run_id=SCALE_C_uDCN_1000_064
[2026-08-19T14:59:12] PARAM implementation=uDCN
[2026-08-19T14:59:12] METRIC concurrent_clients=1000
[2026-08-19T14:59:12] METRIC throughput_pct_of_max=87.962
[2026-08-19T14:59:12] RUN_END status=OK
[2026-08-19T15:00:00] RUN_START run_id=SCALE_C_uDCN_50_001
[2026-08-19T15:00:00] PARAM implementation=uDCN
[2026-08-19T15:00:00] METRIC concurrent_clients=50
[2026-08-19T15:00:00] METRIC throughput_pct_of_max=100.0
[2026-08-19T15:00:00] RUN_END status=OK
[2026-08-19T15:01:43] RUN_START run_id=SCALE_C_uDCN_1000_065
[2026-08-19T15:01:43] PARAM implementation=uDCN
[2026-08-19T15:01:43] METRIC concurrent_clients=1000
[2026-08-19T15:01:43] METRIC throughput_pct_of_max=86.596
[2026-08-19T15:01:43] RUN_END status=OK
[2026-08-19T15:03:13] RUN_START run_id=SCALE_C_uDCN_50_002
[2026-08-19T15:03:13] PARAM implementation=uDCN
[2026-08-19T15:03:13] METRIC concurrent_clients=50
[2026-08-19T15:03:13] METRIC throughput_pct_of_max=98.04
[2026-08-19T15:03:13] RUN_END status=OK
[2026-08-19T15:04:49] RUN_START run_id=SCALE_C_uDCN_1000_066
[2026-08-19T15:04:49] PARAM implementation=uDCN
[2026-08-19T15:04:49] METRIC concurrent_clients=1000
[2026-08-19T15:04:49] METRIC throughput_pct_of_max=91.937
[2026-08-19T15:04:49] RUN_END status=OK
[2026-08-19T15:05:42] RUN_START run_id=SCALE_C_uDCN_1000_067
[2026-08-19T15:05:42] PARAM implementation=uDCN
[2026-08-19T15:05:42] METRIC concurrent_clients=1000
[2026-08-19T15:05:42] METRIC throughput_pct_of_max=94.947
[2026-08-19T15:05:42] RUN_END status=OK
[2026-08-19T15:06:04] RUN_START run_id=SCALE_C_uDCN_50_003
[2026-08-19T15:06:04] PARAM implementation=uDCN
[2026-08-19T15:06:04] METRIC concurrent_clients=50
[2026-08-19T15:06:04] METRIC throughput_pct_of_max=96.925
[2026-08-19T15:06:04] RUN_END status=OK
[2026-08-19T15:08:25] RUN_START run_id=SCALE_C_uDCN_1000_068
[2026-08-19T15:08:25] PARAM implementation=uDCN
[2026-08-19T15:08:25] METRIC concurrent_clients=1000
[2026-08-19T15:08:25] METRIC throughput_pct_of_max=92.287
[2026-08-19T15:08:25] RUN_END status=OK
[2026-08-19T15:10:15] RUN_START run_id=SCALE_C_uDCN_1000_069
[2026-08-19T15:10:15] PARAM implementation=uDCN
[2026-08-19T15:10:15] METRIC concurrent_clients=1000
[2026-08-19T15:10:15] METRIC throughput_pct_of_max=91.593
[2026-08-19T15:10:15] RUN_END status=OK
