[2026-08-15T05:48:36] RUN_START run_id=SCALE_C_PythonNDN_10_066
[2026-08-15T05:48:36] PARAM implementation=PythonNDN
[2026-08-15T05:48:36] METRIC concurrent_clients=10
[2026-08-15T05:48:36] METRIC throughput_pct_of_max=96.196
[2026-08-15T05:48:36] RUN_END status=OK
[2026-08-15T05:48:40] RUN_START run_id=SCALE_C_PythonNDN_1000_055
[2026-08-15T05:48:40] PARAM implementation=PythonNDN
[2026-08-15T05:48:40] METRIC concurrent_clients=1000
[2026-08-15T05:48:40] METRIC throughput_pct_of_max=13.864
[2026-08-15T05:48:40] RUN_END status=OK
[2026-08-15T05:50:36] RUN_START run_id=SCALE_C_PythonNDN_10_067
[2026-08-15T05:50:36] PARAM implementation=PythonNDN
[2026-08-15T05:50:36] METRIC concurrent_clients=10
[2026-08-15T05:50:36] METRIC throughput_pct_of_max=93.452
[2026-08-15T05:50:36] RUN_END status=OK
[2026-08-15T05:50:37] RUN_START run_id=SCALE_C_PythonNDN_1000_056
[2026-08-15T05:50:37] PARAM implementation=PythonNDN
[2026-08-15T05:50:37] METRIC concurrent_clients=1000
[2026-08-15T05:50:37] METRIC throughput_pct_of_max=14.651
[2026-08-15T05:50:37] RUN_END status=OK
[2026-08-15T05:51:41] RUN_START run_id=SCALE_C_PythonNDN_10_068
[2026-08-15T05:51:41] PARAM implementation=PythonNDN
[2026-08-15T05:51:41] METRIC concurrent_clients=10
[2026-08-15T05:51:41] METRIC throughput_pct_of_max=99.597
[2026-08-15T05:51:41] RUN_END status=OK
[2026-08-15T05:51:57] RUN_START run_id=SCALE_C_PythonNDN_1000_057
[2026-08-15T05:51:57] PARAM implementation=PythonNDN
[2026-08-15T05:51:57] METRIC concurrent_clients=1000
[2026-08-15T05:51:57] METRIC throughput_pct_of_max=14.763
[2026-08-15T05:51:57] RUN_END status=OK
[2026-08-15T05:53:56] RUN_START run_id=SCALE_C_PythonNDN_1000_058
[2026-08-15T05:53:56] PARAM implementation=PythonNDN
[2026-08-15T05:53:56] METRIC concurrent_clients=1000
[2026-08-15T05:53:56] METRIC throughput_pct_of_max=15.31
[2026-08-15T05:53:56] RUN_END status=OK
[2026-08-15T05:54:48] RUN_START run_id=SCALE_C_PythonNDN_10_069
[2026-08-15T05:54:48] PARAM implementation=PythonNDN
[2026-08-15T05:54:48] METRIC concurrent_clients=10
[2026-08-15T05:54:48] METRIC throughput_pct_of_max=100.0
[2026-08-15T05:54:48] RUN_END status=OK
[2026-08-15T05:55:24] RUN_START run_id=SCALE_C_PythonNDN_1000_059
[2026-08-15T05:55:24] PARAM implementation=PythonNDN
[2026-08-15T05:55:24] METRIC concurrent_clients=1000
[2026-08-15T05:55:24] METRIC throughput_pct_of_max=14.979
[2026-08-15T05:55:24] RUN_END status=OK
[2026-08-15T05:57:08] RUN_START run_id=SCALE_C_PythonNDN_1000_060
[2026-08-15T05:57:08] PARAM implementation=PythonNDN
[2026-08-15T05:57:08] METRIC concurrent_clients=1000
[2026-08-15T05:57:08] METRIC throughput_pct_of_max=14.478
[2026-08-15T05:57:08] RUN_END status=OK
[2026-08-15T05:59:37] RUN_START run_id=SCALE_C_PythonNDN_1000_061
[2026-08-15T05:59:37] PARAM implementation=PythonNDN
[2026-08-15T05:59:37] METRIC concurrent_clients=1000
[2026-08-15T05:59:37] METRIC throughput_pct_of_max=15.098
[2026-08-15T05:59:37] RUN_END status=OK
[2026-08-15T06:02:23] RUN_START run_id=SCALE_C_PythonNDN_10_070
[2026-08-15T06:02:23] PARAM implementation=PythonNDN
[2026-08-15T06:02:23] METRIC concurrent_clients=10
[2026-08-15T06:02:23] METRIC throughput_pct_of_max=97.332
[2026-08-15T06:02:23] RUN_END status=OK
[2026-08-15T06:03:06] RUN_START run_id=SCALE_C_PythonNDN_10_071
[2026-08-15T06:03:06] PARAM implementation=PythonNDN
[2026-08-15T06:03:06] METRIC concurrent_clients=10
[2026-08-15T06:03:06] METRIC throughput_pct_of_max=100.0
[2026-08-15T06:03:06] RUN_END status=OK
[2026-08-15T06:04:58] RUN_START run_id=SCALE_C_PythonNDN_1000_062
[2026-08-15T06:04:58] PARAM implementation=PythonNDN
[2026-08-15T06:04:58] METRIC concurrent_clients=1000
[2026-08-15T06:04:58] METRIC throughput_pct_of_max=14.982
[2026-08-15T06:04:58] RUN_END status=OK
[2026-08-15T06:05:13] RUN_START run_id=SCALE_C_PythonNDN_1000_063
[2026-08-15T06:05:13] PARAM implementation=PythonNDN
[2026-08-15T06:05:13] METRIC concurrent_clients=1000
[2026-08-15T06:05:13] METRIC throughput_pct_of_max=14.617
[2026-08-15T06:05:13] RUN_END status=OK
[2026-08-15T06:06:11] RUN_START run_id=SCALE_C_PythonNDN_1000_064
[2026-08-15T06:06:11] PARAM implementation=PythonNDN
[2026-08-15T06:06:11] METRIC concurrent_clients=1000
[2026-08-15T06:06:11] METRIC throughput_pct_of_max=14.595
[2026-08-15T06:06:11] RUN_END status=OK
[2026-08-15T06:06:42] RUN_START run_id=SCALE_C_PythonNDN_10_072
[2026-08-15T06:06:42] PARAM implementation=PythonNDN
[2026-08-15T06:06:42] METRIC concurrent_clients=10
[2026-08-15T06:06:42] METRIC throughput_pct_of_max=100.0
[2026-08-15T06:06:42] RUN_END status=OK
