[2026-08-13T08:56:31] RUN_START run_id=SCALE_C_PythonNDN_1000_026
[2026-08-13T08:56:31] PARAM implementation=PythonNDN
[2026-08-13T08:56:31] METRIC concurrent_clients=1000
[2026-08-13T08:56:31] METRIC throughput_pct_of_max=14.839
[2026-08-13T08:56:31] RUN_END status=OK
[2026-08-13T17:00:51] RUN_START run_id=SCALE_C_uDCN_10_034
[2026-08-13T17:00:51] PARAM implementation=uDCN
[2026-08-13T17:00:51] METRIC concurrent_clients=10
[2026-08-13T17:00:51] METRIC throughput_pct_of_max=98.552
[2026-08-13T17:00:51] RUN_END status=OK
[2026-08-13T17:04:24] RUN_START run_id=SCALE_C_uDCN_10_035
[2026-08-13T17:04:24] PARAM implementation=uDCN
[2026-08-13T17:04:24] METRIC concurrent_clients=10
[2026-08-13T17:04:24] METRIC throughput_pct_of_max=100.0
[2026-08-13T17:04:24] RUN_END status=OK
[2026-08-13T17:07:26] RUN_START run_id=SCALE_C_uDCN_10_036
[2026-08-13T17:07:26] PARAM implementation=uDCN
[2026-08-13T17:07:26] METRIC concurrent_clients=10
[2026-08-13T17:07:26] METRIC throughput_pct_of_max=98.952
[2026-08-13T17:07:26] RUN_END status=OK
[2026-08-13T17:09:22] RUN_START run_id=SCALE_C_uDCN_10_037
[2026-08-13T17:09:22] PARAM implementation=uDCN
[2026-08-13T17:09:22] METRIC concurrent_clients=10
[2026-08-13T17:09:22] METRIC throughput_pct_of_max=99.424
[2026-08-13T17:09:22] RUN_END status=OK
[2026-08-13T17:14:04] RUN_START run_id=SCALE_C_uDCN_10_038
[2026-08-13T17:14:04] PARAM implementation=uDCN
[2026-08-13T17:14:04] METRIC concurrent_clients=10
[2026-08-13T17:14:04] METRIC throughput_pct_of_max=100.0
[2026-08-13T17:14:04] RUN_END status=OK
[2026-08-13T17:17:18] RUN_START run_id=SCALE_C_uDCN_10_039
[2026-08-13T17:17:18] PARAM implementation=uDCN
[2026-08-13T17:17:18] METRIC concurrent_clients=10
[2026-08-13T17:17:18] METRIC throughput_pct_of_max=97.731
[2026-08-13T17:17:18] RUN_END status=OK
[2026-08-13T17:19:35] RUN_START run_id=07_scalability_clients_DISCARDED_0010
[2026-08-13T17:19:35] RUN_ABORTED reason=trex_controller_reset: TRex stateful-engine control connection dropped mid-run before steady-state throughput reached
[2026-08-13T17:20:51] RUN_START run_id=SCALE_C_uDCN_10_040
[2026-08-13T17:20:51] PARAM implementation=uDCN
[2026-08-13T17:20:51] METRIC concurrent_clients=10
[2026-08-13T17:20:51] METRIC throughput_pct_of_max=98.126
[2026-08-13T17:20:51] RUN_END status=OK
[2026-08-13T17:21:58] RUN_START run_id=SCALE_C_uDCN_10_041
[2026-08-13T17:21:58] PARAM implementation=uDCN
[2026-08-13T17:21:58] METRIC concurrent_clients=10
[2026-08-13T17:21:58] METRIC throughput_pct_of_max=100.0
[2026-08-13T17:21:58] RUN_END status=OK
[2026-08-13T17:23:17] RUN_START run_id=SCALE_C_uDCN_10_042
[2026-08-13T17:23:17] PARAM implementation=uDCN
[2026-08-13T17:23:17] METRIC concurrent_clients=10
[2026-08-13T17:23:17] METRIC throughput_pct_of_max=95.574
[2026-08-13T17:23:17] RUN_END status=OK
[2026-08-13T17:27:30] RUN_START run_id=SCALE_C_uDCN_10_043
[2026-08-13T17:27:30] PARAM implementation=uDCN
[2026-08-13T17:27:30] METRIC concurrent_clients=10
[2026-08-13T17:27:30] METRIC throughput_pct_of_max=100.0
[2026-08-13T17:27:30] RUN_END status=OK
[2026-08-13T17:28:59] RUN_START run_id=SCALE_C_uDCN_10_044
[2026-08-13T17:28:59] PARAM implementation=uDCN
[2026-08-13T17:28:59] METRIC concurrent_clients=10
[2026-08-13T17:28:59] METRIC throughput_pct_of_max=100.0
[2026-08-13T17:28:59] RUN_END status=OK
[2026-08-13T17:32:29] RUN_START run_id=SCALE_C_uDCN_10_045
[2026-08-13T17:32:29] PARAM implementation=uDCN
[2026-08-13T17:32:29] METRIC concurrent_clients=10
[2026-08-13T17:32:29] METRIC throughput_pct_of_max=98.627
[2026-08-13T17:32:29] RUN_END status=OK
[2026-08-13T17:34:01] RUN_START run_id=SCALE_C_uDCN_10_046
[2026-08-13T17:34:01] PARAM implementation=uDCN
[2026-08-13T17:34:01] METRIC concurrent_clients=10
[2026-08-13T17:34:01] METRIC throughput_pct_of_max=100.0
[2026-08-13T17:34:01] RUN_END status=OK
[2026-08-13T17:38:28] RUN_START run_id=SCALE_C_uDCN_10_047
[2026-08-13T17:38:28] PARAM implementation=uDCN
[2026-08-13T17:38:28] METRIC concurrent_clients=10
[2026-08-13T17:38:28] METRIC throughput_pct_of_max=97.844
[2026-08-13T17:38:28] RUN_END status=OK
[2026-08-13T17:39:58] RUN_START run_id=SCALE_C_uDCN_10_048
[2026-08-13T17:39:58] PARAM implementation=uDCN
[2026-08-13T17:39:58] METRIC concurrent_clients=10
[2026-08-13T17:39:58] METRIC throughput_pct_of_max=92.772
[2026-08-13T17:39:58] RUN_END status=OK
[2026-08-13T17:41:25] RUN_START run_id=SCALE_C_uDCN_10_049
[2026-08-13T17:41:25] PARAM implementation=uDCN
[2026-08-13T17:41:25] METRIC concurrent_clients=10
[2026-08-13T17:41:25] METRIC throughput_pct_of_max=100.0
[2026-08-13T17:41:25] RUN_END status=OK
[2026-08-13T17:43:17] RUN_START run_id=SCALE_C_uDCN_10_050
[2026-08-13T17:43:17] PARAM implementation=uDCN
[2026-08-13T17:43:17] METRIC concurrent_clients=10
[2026-08-13T17:43:17] METRIC throughput_pct_of_max=100.0
[2026-08-13T17:43:17] RUN_END status=OK
[2026-08-13T17:44:27] RUN_START run_id=SCALE_C_uDCN_10_051
[2026-08-13T17:44:27] PARAM implementation=uDCN
[2026-08-13T17:44:27] METRIC concurrent_clients=10
[2026-08-13T17:44:27] METRIC throughput_pct_of_max=94.622
[2026-08-13T17:44:27] RUN_END status=OK
