[2026-08-19T22:12:39] RUN_START run_id=SCALE_C_CCNlite_1000_069
[2026-08-19T22:12:39] PARAM implementation=CCNlite
[2026-08-19T22:12:39] METRIC concurrent_clients=1000
[2026-08-19T22:12:39] METRIC throughput_pct_of_max=61.163
[2026-08-19T22:12:39] RUN_END status=OK
[2026-08-19T22:14:53] RUN_START run_id=SCALE_C_CCNlite_1000_070
[2026-08-19T22:14:53] PARAM implementation=CCNlite
[2026-08-19T22:14:53] METRIC concurrent_clients=1000
[2026-08-19T22:14:53] METRIC throughput_pct_of_max=55.845
[2026-08-19T22:14:53] RUN_END status=OK
[2026-08-19T22:16:17] RUN_START run_id=SCALE_C_CCNlite_1000_071
[2026-08-19T22:16:17] PARAM implementation=CCNlite
[2026-08-19T22:16:17] METRIC concurrent_clients=1000
[2026-08-19T22:16:17] METRIC throughput_pct_of_max=57.291
[2026-08-19T22:16:17] RUN_END status=OK
[2026-08-19T22:18:26] RUN_START run_id=SCALE_C_CCNlite_1000_072
[2026-08-19T22:18:26] PARAM implementation=CCNlite
[2026-08-19T22:18:26] METRIC concurrent_clients=1000
[2026-08-19T22:18:26] METRIC throughput_pct_of_max=61.703
[2026-08-19T22:18:26] RUN_END status=OK
[2026-08-19T22:20:10] RUN_START run_id=SCALE_C_CCNlite_1000_073
[2026-08-19T22:20:10] PARAM implementation=CCNlite
[2026-08-19T22:20:10] METRIC concurrent_clients=1000
[2026-08-19T22:20:10] METRIC throughput_pct_of_max=58.367
[2026-08-19T22:20:10] RUN_END status=OK
[2026-08-19T22:20:59] RUN_START run_id=SCALE_C_CCNlite_1000_074
[2026-08-19T22:20:59] PARAM implementation=CCNlite
[2026-08-19T22:20:59] METRIC concurrent_clients=1000
[2026-08-19T22:20:59] METRIC throughput_pct_of_max=62.809
[2026-08-19T22:20:59] RUN_END status=OK
[2026-08-19T22:23:38] RUN_START run_id=SCALE_C_CCNlite_1000_075
[2026-08-19T22:23:38] PARAM implementation=CCNlite
[2026-08-19T22:23:38] METRIC concurrent_clients=1000
[2026-08-19T22:23:38] METRIC throughput_pct_of_max=58.616
[2026-08-19T22:23:38] RUN_END status=OK
[2026-08-19T22:25:18] RUN_START run_id=SCALE_C_CCNlite_1000_076
[2026-08-19T22:25:18] PARAM implementation=CCNlite
[2026-08-19T22:25:18] METRIC concurrent_clients=1000
[2026-08-19T22:25:18] METRIC throughput_pct_of_max=58.872
[2026-08-19T22:25:18] RUN_END status=OK
[2026-08-19T22:27:24] RUN_START run_id=SCALE_C_CCNlite_1000_077
[2026-08-19T22:27:24] PARAM implementation=CCNlite
[2026-08-19T22:27:24] METRIC concurrent_clients=1000
[2026-08-19T22:27:24] METRIC throughput_pct_of_max=61.993
[2026-08-19T22:27:24] RUN_END status=OK
[2026-08-19T22:29:25] RUN_START run_id=SCALE_C_CCNlite_1000_078
[2026-08-19T22:29:25] PARAM implementation=CCNlite
[2026-08-19T22:29:25] METRIC concurrent_clients=1000
[2026-08-19T22:29:25] METRIC throughput_pct_of_max=60.766
[2026-08-19T22:29:25] RUN_END status=OK
