[2026-08-29T04:05:48] RUN_START run_id=SCALE_C_CCNlite_100_115
[2026-08-29T04:05:48] PARAM implementation=CCNlite
[2026-08-29T04:05:48] METRIC concurrent_clients=100
[2026-08-29T04:05:48] METRIC throughput_pct_of_max=76.433
[2026-08-29T04:05:48] RUN_END status=OK
[2026-08-29T04:06:52] RUN_START run_id=SCALE_C_CCNlite_100_116
[2026-08-29T04:06:52] PARAM implementation=CCNlite
[2026-08-29T04:06:52] METRIC concurrent_clients=100
[2026-08-29T04:06:52] METRIC throughput_pct_of_max=77.712
[2026-08-29T04:06:52] RUN_END status=OK
[2026-08-29T04:08:24] RUN_START run_id=SCALE_C_CCNlite_100_117
[2026-08-29T04:08:24] PARAM implementation=CCNlite
[2026-08-29T04:08:24] METRIC concurrent_clients=100
[2026-08-29T04:08:24] METRIC throughput_pct_of_max=81.298
[2026-08-29T04:08:24] RUN_END status=OK
[2026-08-29T04:12:21] RUN_START run_id=SCALE_C_CCNlite_100_118
[2026-08-29T04:12:21] PARAM implementation=CCNlite
[2026-08-29T04:12:21] METRIC concurrent_clients=100
[2026-08-29T04:12:21] METRIC throughput_pct_of_max=81.959
[2026-08-29T04:12:21] RUN_END status=OK
[2026-08-29T04:16:29] RUN_START run_id=SCALE_C_CCNlite_100_119
[2026-08-29T04:16:29] PARAM implementation=CCNlite
[2026-08-29T04:16:29] METRIC concurrent_clients=100
[2026-08-29T04:16:29] METRIC throughput_pct_of_max=79.93
[2026-08-29T04:16:29] RUN_END status=OK
[2026-08-29T04:18:25] RUN_START run_id=SCALE_C_CCNlite_100_120
[2026-08-29T04:18:25] PARAM implementation=CCNlite
[2026-08-29T04:18:25] METRIC concurrent_clients=100
[2026-08-29T04:18:25] METRIC throughput_pct_of_max=81.136
[2026-08-29T04:18:25] RUN_END status=OK
[2026-08-29T05:13:48] RUN_START run_id=SCALE_C_CCNlite_50_094
[2026-08-29T05:13:48] PARAM implementation=CCNlite
[2026-08-29T05:13:48] METRIC concurrent_clients=50
[2026-08-29T05:13:48] METRIC throughput_pct_of_max=89.397
[2026-08-29T05:13:48] RUN_END status=OK
[2026-08-29T05:15:34] RUN_START run_id=07_scalability_clients_DISCARDED_0216
[2026-08-29T05:15:34] RUN_ABORTED reason=trex_controller_reset: TRex stateful-engine control connection dropped mid-run before steady-state throughput reached
[2026-08-29T05:18:01] RUN_START run_id=SCALE_C_CCNlite_50_095
[2026-08-29T05:18:01] PARAM implementation=CCNlite
[2026-08-29T05:18:01] METRIC concurrent_clients=50
[2026-08-29T05:18:01] METRIC throughput_pct_of_max=91.002
[2026-08-29T05:18:01] RUN_END status=OK
[2026-08-29T05:21:07] RUN_START run_id=SCALE_C_CCNlite_50_096
[2026-08-29T05:21:07] PARAM implementation=CCNlite
[2026-08-29T05:21:07] METRIC concurrent_clients=50
[2026-08-29T05:21:07] METRIC throughput_pct_of_max=91.047
[2026-08-29T05:21:07] RUN_END status=OK
[2026-08-29T05:22:34] RUN_START run_id=SCALE_C_CCNlite_50_097
[2026-08-29T05:22:34] PARAM implementation=CCNlite
[2026-08-29T05:22:34] METRIC concurrent_clients=50
[2026-08-29T05:22:34] METRIC throughput_pct_of_max=89.313
[2026-08-29T05:22:34] RUN_END status=OK
[2026-08-29T05:24:58] RUN_START run_id=SCALE_C_CCNlite_50_098
[2026-08-29T05:24:58] PARAM implementation=CCNlite
[2026-08-29T05:24:58] METRIC concurrent_clients=50
[2026-08-29T05:24:58] METRIC throughput_pct_of_max=85.247
[2026-08-29T05:24:58] RUN_END status=OK
