[2026-08-24T17:26:26] RUN_START run_id=SCALE_C_uDCN_5000_014
[2026-08-24T17:26:26] PARAM implementation=uDCN
[2026-08-24T17:26:26] METRIC concurrent_clients=5000
[2026-08-24T17:26:26] METRIC throughput_pct_of_max=74.789
[2026-08-24T17:26:26] RUN_END status=OK
[2026-08-24T17:29:47] RUN_START run_id=SCALE_C_uDCN_5000_015
[2026-08-24T17:29:47] PARAM implementation=uDCN
[2026-08-24T17:29:47] METRIC concurrent_clients=5000
[2026-08-24T17:29:47] METRIC throughput_pct_of_max=70.471
[2026-08-24T17:29:47] RUN_END status=OK
[2026-08-24T17:31:09] RUN_START run_id=SCALE_C_uDCN_5000_016
[2026-08-24T17:31:09] PARAM implementation=uDCN
[2026-08-24T17:31:09] METRIC concurrent_clients=5000
[2026-08-24T17:31:09] METRIC throughput_pct_of_max=74.361
[2026-08-24T17:31:09] RUN_END status=OK
[2026-08-24T17:32:20] RUN_START run_id=SCALE_C_uDCN_5000_017
[2026-08-24T17:32:20] PARAM implementation=uDCN
[2026-08-24T17:32:20] METRIC concurrent_clients=5000
[2026-08-24T17:32:20] METRIC throughput_pct_of_max=74.246
[2026-08-24T17:32:20] RUN_END status=OK
[2026-08-24T17:34:39] RUN_START run_id=SCALE_C_uDCN_5000_018
[2026-08-24T17:34:39] PARAM implementation=uDCN
[2026-08-24T17:34:39] METRIC concurrent_clients=5000
[2026-08-24T17:34:39] METRIC throughput_pct_of_max=70.965
[2026-08-24T17:34:39] RUN_END status=OK
[2026-08-24T17:37:21] RUN_START run_id=SCALE_C_uDCN_5000_019
[2026-08-24T17:37:21] PARAM implementation=uDCN
[2026-08-24T17:37:21] METRIC concurrent_clients=5000
[2026-08-24T17:37:21] METRIC throughput_pct_of_max=74.827
[2026-08-24T17:37:21] RUN_END status=OK
[2026-08-24T17:39:03] RUN_START run_id=SCALE_C_uDCN_5000_020
[2026-08-24T17:39:03] PARAM implementation=uDCN
[2026-08-24T17:39:03] METRIC concurrent_clients=5000
[2026-08-24T17:39:03] METRIC throughput_pct_of_max=70.97
[2026-08-24T17:39:03] RUN_END status=OK
[2026-08-24T17:39:55] RUN_START run_id=SCALE_C_uDCN_5000_021
[2026-08-24T17:39:55] PARAM implementation=uDCN
[2026-08-24T17:39:55] METRIC concurrent_clients=5000
[2026-08-24T17:39:55] METRIC throughput_pct_of_max=73.69
[2026-08-24T17:39:55] RUN_END status=OK
[2026-08-24T17:42:49] RUN_START run_id=SCALE_C_uDCN_5000_022
[2026-08-24T17:42:49] PARAM implementation=uDCN
[2026-08-24T17:42:49] METRIC concurrent_clients=5000
[2026-08-24T17:42:49] METRIC throughput_pct_of_max=79.055
[2026-08-24T17:42:49] RUN_END status=OK
[2026-08-24T17:44:27] RUN_START run_id=SCALE_C_uDCN_5000_023
[2026-08-24T17:44:27] PARAM implementation=uDCN
[2026-08-24T17:44:27] METRIC concurrent_clients=5000
[2026-08-24T17:44:27] METRIC throughput_pct_of_max=76.932
[2026-08-24T17:44:27] RUN_END status=OK
[2026-08-24T17:46:29] RUN_START run_id=SCALE_C_uDCN_5000_024
[2026-08-24T17:46:29] PARAM implementation=uDCN
[2026-08-24T17:46:29] METRIC concurrent_clients=5000
[2026-08-24T17:46:29] METRIC throughput_pct_of_max=76.584
[2026-08-24T17:46:29] RUN_END status=OK
[2026-08-24T17:48:27] RUN_START run_id=SCALE_C_uDCN_5000_025
[2026-08-24T17:48:27] PARAM implementation=uDCN
[2026-08-24T17:48:27] METRIC concurrent_clients=5000
[2026-08-24T17:48:27] METRIC throughput_pct_of_max=73.035
[2026-08-24T17:48:27] RUN_END status=OK
[2026-08-24T17:49:48] RUN_START run_id=SCALE_C_uDCN_5000_026
[2026-08-24T17:49:48] PARAM implementation=uDCN
[2026-08-24T17:49:48] METRIC concurrent_clients=5000
[2026-08-24T17:49:48] METRIC throughput_pct_of_max=77.77
[2026-08-24T17:49:48] RUN_END status=OK
[2026-08-24T17:53:39] RUN_START run_id=SCALE_C_uDCN_5000_027
[2026-08-24T17:53:39] PARAM implementation=uDCN
[2026-08-24T17:53:39] METRIC concurrent_clients=5000
[2026-08-24T17:53:39] METRIC throughput_pct_of_max=74.769
[2026-08-24T17:53:39] RUN_END status=OK
[2026-08-24T17:56:20] RUN_START run_id=SCALE_C_uDCN_5000_028
[2026-08-24T17:56:20] PARAM implementation=uDCN
[2026-08-24T17:56:20] METRIC concurrent_clients=5000
[2026-08-24T17:56:20] METRIC throughput_pct_of_max=76.669
[2026-08-24T17:56:20] RUN_END status=OK
[2026-08-24T18:53:52] RUN_START run_id=SCALE_C_CCNlite_500_087
[2026-08-24T18:53:52] PARAM implementation=CCNlite
[2026-08-24T18:53:52] METRIC concurrent_clients=500
[2026-08-24T18:53:52] METRIC throughput_pct_of_max=71.562
[2026-08-24T18:53:52] RUN_END status=OK
[2026-08-24T18:54:56] RUN_START run_id=SCALE_C_CCNlite_500_088
[2026-08-24T18:54:56] PARAM implementation=CCNlite
[2026-08-24T18:54:56] METRIC concurrent_clients=500
[2026-08-24T18:54:56] METRIC throughput_pct_of_max=68.843
[2026-08-24T18:54:56] RUN_END status=OK
