[2026-08-18T08:17:38] RUN_START run_id=SCALE_C_NFD_50_033
[2026-08-18T08:17:38] PARAM implementation=NFD
[2026-08-18T08:17:38] METRIC concurrent_clients=50
[2026-08-18T08:17:38] METRIC throughput_pct_of_max=92.897
[2026-08-18T08:17:38] RUN_END status=OK
[2026-08-18T13:00:00] RUN_START run_id=SCALE_C_uDCN_1000_001
[2026-08-18T13:00:00] PARAM implementation=uDCN
[2026-08-18T13:00:00] METRIC concurrent_clients=1000
[2026-08-18T13:00:00] METRIC throughput_pct_of_max=89.443
[2026-08-18T13:00:00] RUN_END status=OK
[2026-08-18T13:00:00] RUN_START run_id=SCALE_C_uDCN_500_001
[2026-08-18T13:00:00] PARAM implementation=uDCN
[2026-08-18T13:00:00] METRIC concurrent_clients=500
[2026-08-18T13:00:00] METRIC throughput_pct_of_max=89.984
[2026-08-18T13:00:00] RUN_END status=OK
[2026-08-18T13:00:35] RUN_START run_id=SCALE_C_uDCN_500_002
[2026-08-18T13:00:35] PARAM implementation=uDCN
[2026-08-18T13:00:35] METRIC concurrent_clients=500
[2026-08-18T13:00:35] METRIC throughput_pct_of_max=89.332
[2026-08-18T13:00:35] RUN_END status=OK
[2026-08-18T13:01:41] RUN_START run_id=SCALE_C_uDCN_500_003
[2026-08-18T13:01:41] PARAM implementation=uDCN
[2026-08-18T13:01:41] METRIC concurrent_clients=500
[2026-08-18T13:01:41] METRIC throughput_pct_of_max=92.277
[2026-08-18T13:01:41] RUN_END status=OK
[2026-08-18T13:06:29] RUN_START run_id=SCALE_C_uDCN_1000_002
[2026-08-18T13:06:29] PARAM implementation=uDCN
[2026-08-18T13:06:29] METRIC concurrent_clients=1000
[2026-08-18T13:06:29] METRIC throughput_pct_of_max=88.104
[2026-08-18T13:06:29] RUN_END status=OK
[2026-08-18T13:06:37] RUN_START run_id=SCALE_C_uDCN_500_004
[2026-08-18T13:06:37] PARAM implementation=uDCN
[2026-08-18T13:06:37] METRIC concurrent_clients=500
[2026-08-18T13:06:37] METRIC throughput_pct_of_max=96.772
[2026-08-18T13:06:37] RUN_END status=OK
[2026-08-18T13:08:22] RUN_START run_id=SCALE_C_uDCN_500_005
[2026-08-18T13:08:22] PARAM implementation=uDCN
[2026-08-18T13:08:22] METRIC concurrent_clients=500
[2026-08-18T13:08:22] METRIC throughput_pct_of_max=92.649
[2026-08-18T13:08:22] RUN_END status=OK
[2026-08-18T13:09:33] RUN_START run_id=SCALE_C_uDCN_1000_003
[2026-08-18T13:09:33] PARAM implementation=uDCN
[2026-08-18T13:09:33] METRIC concurrent_clients=1000
[2026-08-18T13:09:33] METRIC throughput_pct_of_max=87.799
[2026-08-18T13:09:33] RUN_END status=OK
[2026-08-18T13:10:14] RUN_START run_id=SCALE_C_uDCN_1000_004
[2026-08-18T13:10:14] PARAM implementation=uDCN
[2026-08-18T13:10:14] METRIC concurrent_clients=1000
[2026-08-18T13:10:14] METRIC throughput_pct_of_max=91.004
[2026-08-18T13:10:14] RUN_END status=OK
[2026-08-18T13:10:34] RUN_START run_id=SCALE_C_uDCN_500_006
[2026-08-18T13:10:34] PARAM implementation=uDCN
[2026-08-18T13:10:34] METRIC concurrent_clients=500
[2026-08-18T13:10:34] METRIC throughput_pct_of_max=91.422
[2026-08-18T13:10:34] RUN_END status=OK
[2026-08-18T13:11:15] RUN_START run_id=SCALE_C_uDCN_1000_005
[2026-08-18T13:11:15] PARAM implementation=uDCN
[2026-08-18T13:11:15] METRIC concurrent_clients=1000
[2026-08-18T13:11:15] METRIC throughput_pct_of_max=93.939
[2026-08-18T13:11:15] RUN_END status=OK
[2026-08-18T13:12:13] RUN_START run_id=SCALE_C_uDCN_500_007
[2026-08-18T13:12:13] PARAM implementation=uDCN
[2026-08-18T13:12:13] METRIC concurrent_clients=500
[2026-08-18T13:12:13] METRIC throughput_pct_of_max=87.73
[2026-08-18T13:12:13] RUN_END status=OK
