[2026-08-22T09:03:01] RUN_START run_id=SCALE_C_CCNlite_500_003
[2026-08-22T09:03:01] PARAM implementation=CCNlite
[2026-08-22T09:03:01] METRIC concurrent_clients=500
[2026-08-22T09:03:01] METRIC throughput_pct_of_max=69.765
[2026-08-22T09:03:01] RUN_END status=OK
[2026-08-22T09:03:26] RUN_START run_id=SCALE_C_PythonNDN_5000_002
[2026-08-22T09:03:26] PARAM implementation=PythonNDN
[2026-08-22T09:03:26] METRIC concurrent_clients=5000
[2026-08-22T09:03:26] METRIC throughput_pct_of_max=10.502
[2026-08-22T09:03:26] RUN_END status=OK
[2026-08-22T09:04:09] RUN_START run_id=SCALE_C_PythonNDN_5000_003
[2026-08-22T09:04:09] PARAM implementation=PythonNDN
[2026-08-22T09:04:09] METRIC concurrent_clients=5000
[2026-08-22T09:04:09] METRIC throughput_pct_of_max=9.823
[2026-08-22T09:04:09] RUN_END status=OK
[2026-08-22T09:04:15] RUN_START run_id=SCALE_C_uDCN_1000_112
[2026-08-22T09:04:15] PARAM implementation=uDCN
[2026-08-22T09:04:15] METRIC concurrent_clients=1000
[2026-08-22T09:04:15] METRIC throughput_pct_of_max=90.807
[2026-08-22T09:04:15] RUN_END status=OK
[2026-08-22T09:04:29] RUN_START run_id=SCALE_C_CCNlite_500_004
[2026-08-22T09:04:29] PARAM implementation=CCNlite
[2026-08-22T09:04:29] METRIC concurrent_clients=500
[2026-08-22T09:04:29] METRIC throughput_pct_of_max=68.28
[2026-08-22T09:04:29] RUN_END status=OK
[2026-08-22T09:07:12] RUN_START run_id=SCALE_C_CCNlite_500_005
[2026-08-22T09:07:12] PARAM implementation=CCNlite
[2026-08-22T09:07:12] METRIC concurrent_clients=500
[2026-08-22T09:07:12] METRIC throughput_pct_of_max=70.732
[2026-08-22T09:07:12] RUN_END status=OK
[2026-08-22T09:08:28] RUN_START run_id=SCALE_C_PythonNDN_5000_004
[2026-08-22T09:08:28] PARAM implementation=PythonNDN
[2026-08-22T09:08:28] METRIC concurrent_clients=5000
[2026-08-22T09:08:28] METRIC throughput_pct_of_max=10.156
[2026-08-22T09:08:28] RUN_END status=OK
[2026-08-22T09:08:33] RUN_START run_id=07_scalability_clients_DISCARDED_0126
[2026-08-22T09:08:33] RUN_ABORTED reason=trex_controller_reset: TRex stateful-engine control connection dropped mid-run before steady-state throughput reached
[2026-08-22T09:08:37] RUN_START run_id=SCALE_C_CCNlite_500_006
[2026-08-22T09:08:37] PARAM implementation=CCNlite
[2026-08-22T09:08:37] METRIC concurrent_clients=500
[2026-08-22T09:08:37] METRIC throughput_pct_of_max=66.756
[2026-08-22T09:08:37] RUN_END status=OK
[2026-08-22T09:09:58] RUN_START run_id=SCALE_C_PythonNDN_5000_005
[2026-08-22T09:09:58] PARAM implementation=PythonNDN
[2026-08-22T09:09:58] METRIC concurrent_clients=5000
[2026-08-22T09:09:58] METRIC throughput_pct_of_max=9.904
[2026-08-22T09:09:58] RUN_END status=OK
[2026-08-22T09:11:30] RUN_START run_id=SCALE_C_uDCN_1000_113
[2026-08-22T09:11:30] PARAM implementation=uDCN
[2026-08-22T09:11:30] METRIC concurrent_clients=1000
[2026-08-22T09:11:30] METRIC throughput_pct_of_max=91.205
[2026-08-22T09:11:30] RUN_END status=OK
[2026-08-22T09:11:33] RUN_START run_id=SCALE_C_CCNlite_500_007
[2026-08-22T09:11:33] PARAM implementation=CCNlite
[2026-08-22T09:11:33] METRIC concurrent_clients=500
[2026-08-22T09:11:33] METRIC throughput_pct_of_max=65.663
[2026-08-22T09:11:33] RUN_END status=OK
[2026-08-22T09:12:06] RUN_START run_id=SCALE_C_PythonNDN_5000_006
[2026-08-22T09:12:06] PARAM implementation=PythonNDN
[2026-08-22T09:12:06] METRIC concurrent_clients=5000
[2026-08-22T09:12:06] METRIC throughput_pct_of_max=9.977
[2026-08-22T09:12:06] RUN_END status=OK
