[2026-08-17T19:28:16] RUN_START run_id=SCALE_C_uDCN_10_142
[2026-08-17T19:28:16] PARAM implementation=uDCN
[2026-08-17T19:28:16] METRIC concurrent_clients=10
[2026-08-17T19:28:16] METRIC throughput_pct_of_max=100.0
[2026-08-17T19:28:16] RUN_END status=OK
[2026-08-17T19:30:00] RUN_START run_id=SCALE_C_uDCN_10_143
[2026-08-17T19:30:00] PARAM implementation=uDCN
[2026-08-17T19:30:00] METRIC concurrent_clients=10
[2026-08-17T19:30:00] METRIC throughput_pct_of_max=95.882
[2026-08-17T19:30:00] RUN_END status=OK
[2026-08-17T19:31:26] RUN_START run_id=SCALE_C_uDCN_10_144
[2026-08-17T19:31:26] PARAM implementation=uDCN
[2026-08-17T19:31:26] METRIC concurrent_clients=10
[2026-08-17T19:31:26] METRIC throughput_pct_of_max=100.0
[2026-08-17T19:31:26] RUN_END status=OK
[2026-08-17T19:32:57] RUN_START run_id=SCALE_C_uDCN_10_145
[2026-08-17T19:32:57] PARAM implementation=uDCN
[2026-08-17T19:32:57] METRIC concurrent_clients=10
[2026-08-17T19:32:57] METRIC throughput_pct_of_max=100.0
[2026-08-17T19:32:57] RUN_END status=OK
[2026-08-17T19:33:14] RUN_START run_id=SCALE_C_uDCN_10_146
[2026-08-17T19:33:14] PARAM implementation=uDCN
[2026-08-17T19:33:14] METRIC concurrent_clients=10
[2026-08-17T19:33:14] METRIC throughput_pct_of_max=100.0
[2026-08-17T19:33:14] RUN_END status=OK
[2026-08-17T19:35:21] RUN_START run_id=SCALE_C_uDCN_10_147
[2026-08-17T19:35:21] PARAM implementation=uDCN
[2026-08-17T19:35:21] METRIC concurrent_clients=10
[2026-08-17T19:35:21] METRIC throughput_pct_of_max=98.804
[2026-08-17T19:35:21] RUN_END status=OK
[2026-08-17T19:39:12] RUN_START run_id=SCALE_C_uDCN_10_148
[2026-08-17T19:39:12] PARAM implementation=uDCN
[2026-08-17T19:39:12] METRIC concurrent_clients=10
[2026-08-17T19:39:12] METRIC throughput_pct_of_max=100.0
[2026-08-17T19:39:12] RUN_END status=OK
[2026-08-17T19:40:25] RUN_START run_id=SCALE_C_uDCN_10_149
[2026-08-17T19:40:25] PARAM implementation=uDCN
[2026-08-17T19:40:25] METRIC concurrent_clients=10
[2026-08-17T19:40:25] METRIC throughput_pct_of_max=100.0
[2026-08-17T19:40:25] RUN_END status=OK
[2026-08-17T19:42:32] RUN_START run_id=SCALE_C_uDCN_10_150
[2026-08-17T19:42:32] PARAM implementation=uDCN
[2026-08-17T19:42:32] METRIC concurrent_clients=10
[2026-08-17T19:42:32] METRIC throughput_pct_of_max=96.934
[2026-08-17T19:42:32] RUN_END status=OK
[2026-08-17T21:42:55] RUN_START run_id=SCALE_C_PythonNDN_10_102
[2026-08-17T21:42:55] PARAM implementation=PythonNDN
[2026-08-17T21:42:55] METRIC concurrent_clients=10
[2026-08-17T21:42:55] METRIC throughput_pct_of_max=100.0
[2026-08-17T21:42:55] RUN_END status=OK
[2026-08-17T21:46:54] RUN_START run_id=SCALE_C_PythonNDN_10_103
[2026-08-17T21:46:54] PARAM implementation=PythonNDN
[2026-08-17T21:46:54] METRIC concurrent_clients=10
[2026-08-17T21:46:54] METRIC throughput_pct_of_max=99.427
[2026-08-17T21:46:54] RUN_END status=OK
[2026-08-17T21:50:47] RUN_START run_id=SCALE_C_PythonNDN_10_104
[2026-08-17T21:50:47] PARAM implementation=PythonNDN
[2026-08-17T21:50:47] METRIC concurrent_clients=10
[2026-08-17T21:50:47] METRIC throughput_pct_of_max=95.535
[2026-08-17T21:50:47] RUN_END status=OK
[2026-08-17T21:52:35] RUN_START run_id=SCALE_C_PythonNDN_10_105
[2026-08-17T21:52:35] PARAM implementation=PythonNDN
[2026-08-17T21:52:35] METRIC concurrent_clients=10
[2026-08-17T21:52:35] METRIC throughput_pct_of_max=96.254
[2026-08-17T21:52:35] RUN_END status=OK
[2026-08-17T21:55:23] RUN_START run_id=SCALE_C_PythonNDN_10_106
[2026-08-17T21:55:23] PARAM implementation=PythonNDN
[2026-08-17T21:55:23] METRIC concurrent_clients=10
[2026-08-17T21:55:23] METRIC throughput_pct_of_max=99.645
[2026-08-17T21:55:23] RUN_END status=OK
