[2026-08-25T05:47:37] RUN_START run_id=SCALE_C_PythonNDN_5000_114
[2026-08-25T05:47:37] PARAM implementation=PythonNDN
[2026-08-25T05:47:37] METRIC concurrent_clients=5000
[2026-08-25T05:47:37] METRIC throughput_pct_of_max=10.238
[2026-08-25T05:47:37] RUN_END status=OK
[2026-08-25T05:48:26] RUN_START run_id=SCALE_C_PythonNDN_5000_115
[2026-08-25T05:48:26] PARAM implementation=PythonNDN
[2026-08-25T05:48:26] METRIC concurrent_clients=5000
[2026-08-25T05:48:26] METRIC throughput_pct_of_max=9.653
[2026-08-25T05:48:26] RUN_END status=OK
[2026-08-25T05:51:03] RUN_START run_id=SCALE_C_PythonNDN_5000_116
[2026-08-25T05:51:03] PARAM implementation=PythonNDN
[2026-08-25T05:51:03] METRIC concurrent_clients=5000
[2026-08-25T05:51:03] METRIC throughput_pct_of_max=10.444
[2026-08-25T05:51:03] RUN_END status=OK
[2026-08-25T05:51:18] RUN_START run_id=SCALE_C_NFD_1000_110
[2026-08-25T05:51:18] PARAM implementation=NFD
[2026-08-25T05:51:18] METRIC concurrent_clients=1000
[2026-08-25T05:51:18] METRIC throughput_pct_of_max=59.231
[2026-08-25T05:51:18] RUN_END status=OK
[2026-08-25T05:53:34] RUN_START run_id=SCALE_C_NFD_1000_111
[2026-08-25T05:53:34] PARAM implementation=NFD
[2026-08-25T05:53:34] METRIC concurrent_clients=1000
[2026-08-25T05:53:34] METRIC throughput_pct_of_max=55.667
[2026-08-25T05:53:34] RUN_END status=OK
[2026-08-25T05:54:03] RUN_START run_id=SCALE_C_PythonNDN_5000_117
[2026-08-25T05:54:03] PARAM implementation=PythonNDN
[2026-08-25T05:54:03] METRIC concurrent_clients=5000
[2026-08-25T05:54:03] METRIC throughput_pct_of_max=10.03
[2026-08-25T05:54:03] RUN_END status=OK
[2026-08-25T05:54:46] RUN_START run_id=SCALE_C_NFD_1000_112
[2026-08-25T05:54:46] PARAM implementation=NFD
[2026-08-25T05:54:46] METRIC concurrent_clients=1000
[2026-08-25T05:54:46] METRIC throughput_pct_of_max=55.777
[2026-08-25T05:54:46] RUN_END status=OK
[2026-08-25T05:55:44] RUN_START run_id=SCALE_C_NFD_1000_113
[2026-08-25T05:55:44] PARAM implementation=NFD
[2026-08-25T05:55:44] METRIC concurrent_clients=1000
[2026-08-25T05:55:44] METRIC throughput_pct_of_max=56.761
[2026-08-25T05:55:44] RUN_END status=OK
[2026-08-25T05:55:54] RUN_START run_id=SCALE_C_PythonNDN_5000_118
[2026-08-25T05:55:54] PARAM implementation=PythonNDN
[2026-08-25T05:55:54] METRIC concurrent_clients=5000
[2026-08-25T05:55:54] METRIC throughput_pct_of_max=9.773
[2026-08-25T05:55:54] RUN_END status=OK
[2026-08-25T05:56:40] RUN_START run_id=SCALE_C_NFD_1000_114
[2026-08-25T05:56:40] PARAM implementation=NFD
[2026-08-25T05:56:40] METRIC concurrent_clients=1000
[2026-08-25T05:56:40] METRIC throughput_pct_of_max=52.327
[2026-08-25T05:56:40] RUN_END status=OK
[2026-08-25T05:57:06] RUN_START run_id=SCALE_C_PythonNDN_5000_119
[2026-08-25T05:57:06] PARAM implementation=PythonNDN
[2026-08-25T05:57:06] METRIC concurrent_clients=5000
[2026-08-25T05:57:06] METRIC throughput_pct_of_max=9.978
[2026-08-25T05:57:06] RUN_END status=OK
[2026-08-25T05:57:59] RUN_START run_id=SCALE_C_NFD_1000_115
[2026-08-25T05:57:59] PARAM implementation=NFD
[2026-08-25T05:57:59] METRIC concurrent_clients=1000
[2026-08-25T05:57:59] METRIC throughput_pct_of_max=54.911
[2026-08-25T05:57:59] RUN_END status=OK
[2026-08-25T05:59:01] RUN_START run_id=SCALE_C_PythonNDN_5000_120
[2026-08-25T05:59:01] PARAM implementation=PythonNDN
[2026-08-25T05:59:01] METRIC concurrent_clients=5000
[2026-08-25T05:59:01] METRIC throughput_pct_of_max=9.699
[2026-08-25T05:59:01] RUN_END status=OK
