[2026-08-28T01:37:52] RUN_START run_id=SCALE_C_CCNlite_50_071
[2026-08-28T01:37:52] PARAM implementation=CCNlite
[2026-08-28T01:37:52] METRIC concurrent_clients=50
[2026-08-28T01:37:52] METRIC throughput_pct_of_max=87.787
[2026-08-28T01:37:52] RUN_END status=OK
[2026-08-28T01:40:25] RUN_START run_id=SCALE_C_CCNlite_50_072
[2026-08-28T01:40:25] PARAM implementation=CCNlite
[2026-08-28T01:40:25] METRIC concurrent_clients=50
[2026-08-28T01:40:25] METRIC throughput_pct_of_max=93.161
[2026-08-28T01:40:25] RUN_END status=OK
[2026-08-28T01:40:41] RUN_START run_id=SCALE_C_CCNlite_50_073
[2026-08-28T01:40:41] PARAM implementation=CCNlite
[2026-08-28T01:40:41] METRIC concurrent_clients=50
[2026-08-28T01:40:41] METRIC throughput_pct_of_max=99.401
[2026-08-28T01:40:41] RUN_END status=OK
[2026-08-28T01:42:28] RUN_START run_id=SCALE_C_CCNlite_50_074
[2026-08-28T01:42:28] PARAM implementation=CCNlite
[2026-08-28T01:42:28] METRIC concurrent_clients=50
[2026-08-28T01:42:28] METRIC throughput_pct_of_max=94.667
[2026-08-28T01:42:28] RUN_END status=OK
[2026-08-28T01:44:37] RUN_START run_id=SCALE_C_CCNlite_50_075
[2026-08-28T01:44:37] PARAM implementation=CCNlite
[2026-08-28T01:44:37] METRIC concurrent_clients=50
[2026-08-28T01:44:37] METRIC throughput_pct_of_max=97.28
[2026-08-28T01:44:37] RUN_END status=OK
[2026-08-28T01:46:29] RUN_START run_id=SCALE_C_CCNlite_50_076
[2026-08-28T01:46:29] PARAM implementation=CCNlite
[2026-08-28T01:46:29] METRIC concurrent_clients=50
[2026-08-28T01:46:29] METRIC throughput_pct_of_max=89.469
[2026-08-28T01:46:29] RUN_END status=OK
[2026-08-28T01:47:12] RUN_START run_id=SCALE_C_CCNlite_50_077
[2026-08-28T01:47:12] PARAM implementation=CCNlite
[2026-08-28T01:47:12] METRIC concurrent_clients=50
[2026-08-28T01:47:12] METRIC throughput_pct_of_max=89.56
[2026-08-28T01:47:12] RUN_END status=OK
[2026-08-28T01:50:08] RUN_START run_id=SCALE_C_CCNlite_50_078
[2026-08-28T01:50:08] PARAM implementation=CCNlite
[2026-08-28T01:50:08] METRIC concurrent_clients=50
[2026-08-28T01:50:08] METRIC throughput_pct_of_max=92.973
[2026-08-28T01:50:08] RUN_END status=OK
[2026-08-28T05:14:46] RUN_START run_id=SCALE_C_PythonNDN_500_073
[2026-08-28T05:14:46] PARAM implementation=PythonNDN
[2026-08-28T05:14:46] METRIC concurrent_clients=500
[2026-08-28T05:14:46] METRIC throughput_pct_of_max=33.641
[2026-08-28T05:14:46] RUN_END status=OK
[2026-08-28T05:16:53] RUN_START run_id=SCALE_C_PythonNDN_500_074
[2026-08-28T05:16:53] PARAM implementation=PythonNDN
[2026-08-28T05:16:53] METRIC concurrent_clients=500
[2026-08-28T05:16:53] METRIC throughput_pct_of_max=36.485
[2026-08-28T05:16:53] RUN_END status=OK
[2026-08-28T05:19:25] RUN_START run_id=SCALE_C_PythonNDN_500_075
[2026-08-28T05:19:25] PARAM implementation=PythonNDN
[2026-08-28T05:19:25] METRIC concurrent_clients=500
[2026-08-28T05:19:25] METRIC throughput_pct_of_max=33.657
[2026-08-28T05:19:25] RUN_END status=OK
[2026-08-28T05:23:04] RUN_START run_id=SCALE_C_PythonNDN_500_076
[2026-08-28T05:23:04] PARAM implementation=PythonNDN
[2026-08-28T05:23:04] METRIC concurrent_clients=500
[2026-08-28T05:23:04] METRIC throughput_pct_of_max=32.528
[2026-08-28T05:23:04] RUN_END status=OK
[2026-08-28T05:24:50] RUN_START run_id=SCALE_C_PythonNDN_500_077
[2026-08-28T05:24:50] PARAM implementation=PythonNDN
[2026-08-28T05:24:50] METRIC concurrent_clients=500
[2026-08-28T05:24:50] METRIC throughput_pct_of_max=34.964
[2026-08-28T05:24:50] RUN_END status=OK
[2026-08-28T05:27:46] RUN_START run_id=SCALE_C_PythonNDN_500_078
[2026-08-28T05:27:46] PARAM implementation=PythonNDN
[2026-08-28T05:27:46] METRIC concurrent_clients=500
[2026-08-28T05:27:46] METRIC throughput_pct_of_max=32.482
[2026-08-28T05:27:46] RUN_END status=OK
[2026-08-28T05:29:58] RUN_START run_id=SCALE_C_PythonNDN_500_079
[2026-08-28T05:29:58] PARAM implementation=PythonNDN
[2026-08-28T05:29:58] METRIC concurrent_clients=500
[2026-08-28T05:29:58] METRIC throughput_pct_of_max=34.426
[2026-08-28T05:29:58] RUN_END status=OK
[2026-08-28T05:32:16] RUN_START run_id=SCALE_C_PythonNDN_500_080
[2026-08-28T05:32:16] PARAM implementation=PythonNDN
[2026-08-28T05:32:16] METRIC concurrent_clients=500
[2026-08-28T05:32:16] METRIC throughput_pct_of_max=32.785
[2026-08-28T05:32:16] RUN_END status=OK
[2026-08-28T05:33:07] RUN_START run_id=SCALE_C_PythonNDN_500_081
[2026-08-28T05:33:07] PARAM implementation=PythonNDN
[2026-08-28T05:33:07] METRIC concurrent_clients=500
[2026-08-28T05:33:07] METRIC throughput_pct_of_max=32.456
[2026-08-28T05:33:07] RUN_END status=OK
[2026-08-28T05:35:34] RUN_START run_id=SCALE_C_PythonNDN_500_082
[2026-08-28T05:35:34] PARAM implementation=PythonNDN
[2026-08-28T05:35:34] METRIC concurrent_clients=500
[2026-08-28T05:35:34] METRIC throughput_pct_of_max=33.39
[2026-08-28T05:35:34] RUN_END status=OK
[2026-08-28T05:36:38] RUN_START run_id=SCALE_C_PythonNDN_500_083
[2026-08-28T05:36:38] PARAM implementation=PythonNDN
[2026-08-28T05:36:38] METRIC concurrent_clients=500
[2026-08-28T05:36:38] METRIC throughput_pct_of_max=36.531
[2026-08-28T05:36:38] RUN_END status=OK
