[2026-08-26T10:07:02] RUN_START run_id=SCALE_C_CCNlite_500_144
[2026-08-26T10:07:02] PARAM implementation=CCNlite
[2026-08-26T10:07:02] METRIC concurrent_clients=500
[2026-08-26T10:07:02] METRIC throughput_pct_of_max=69.892
[2026-08-26T10:07:02] RUN_END status=OK
[2026-08-26T10:10:10] RUN_START run_id=SCALE_C_CCNlite_500_145
[2026-08-26T10:10:10] PARAM implementation=CCNlite
[2026-08-26T10:10:10] METRIC concurrent_clients=500
[2026-08-26T10:10:10] METRIC throughput_pct_of_max=67.204
[2026-08-26T10:10:10] RUN_END status=OK
[2026-08-26T10:11:48] RUN_START run_id=SCALE_C_CCNlite_500_146
[2026-08-26T10:11:48] PARAM implementation=CCNlite
[2026-08-26T10:11:48] METRIC concurrent_clients=500
[2026-08-26T10:11:48] METRIC throughput_pct_of_max=66.231
[2026-08-26T10:11:48] RUN_END status=OK
[2026-08-26T10:14:58] RUN_START run_id=SCALE_C_CCNlite_500_147
[2026-08-26T10:14:58] PARAM implementation=CCNlite
[2026-08-26T10:14:58] METRIC concurrent_clients=500
[2026-08-26T10:14:58] METRIC throughput_pct_of_max=65.913
[2026-08-26T10:14:58] RUN_END status=OK
[2026-08-26T10:19:22] RUN_START run_id=SCALE_C_CCNlite_500_148
[2026-08-26T10:19:22] PARAM implementation=CCNlite
[2026-08-26T10:19:22] METRIC concurrent_clients=500
[2026-08-26T10:19:22] METRIC throughput_pct_of_max=66.844
[2026-08-26T10:19:22] RUN_END status=OK
[2026-08-26T10:20:03] RUN_START run_id=SCALE_C_CCNlite_500_149
[2026-08-26T10:20:03] PARAM implementation=CCNlite
[2026-08-26T10:20:03] METRIC concurrent_clients=500
[2026-08-26T10:20:03] METRIC throughput_pct_of_max=62.489
[2026-08-26T10:20:03] RUN_END status=OK
[2026-08-26T10:22:24] RUN_START run_id=SCALE_C_CCNlite_500_150
[2026-08-26T10:22:24] PARAM implementation=CCNlite
[2026-08-26T10:22:24] METRIC concurrent_clients=500
[2026-08-26T10:22:24] METRIC throughput_pct_of_max=68.838
[2026-08-26T10:22:24] RUN_END status=OK
[2026-08-26T11:27:48] RUN_START run_id=SCALE_C_CCNlite_100_059
[2026-08-26T11:27:48] PARAM implementation=CCNlite
[2026-08-26T11:27:48] METRIC concurrent_clients=100
[2026-08-26T11:27:48] METRIC throughput_pct_of_max=80.657
[2026-08-26T11:27:48] RUN_END status=OK
[2026-08-26T11:29:56] RUN_START run_id=SCALE_C_CCNlite_100_060
[2026-08-26T11:29:56] PARAM implementation=CCNlite
[2026-08-26T11:29:56] METRIC concurrent_clients=100
[2026-08-26T11:29:56] METRIC throughput_pct_of_max=77.902
[2026-08-26T11:29:56] RUN_END status=OK
[2026-08-26T11:32:17] RUN_START run_id=SCALE_C_CCNlite_100_061
[2026-08-26T11:32:17] PARAM implementation=CCNlite
[2026-08-26T11:32:17] METRIC concurrent_clients=100
[2026-08-26T11:32:17] METRIC throughput_pct_of_max=79.783
[2026-08-26T11:32:17] RUN_END status=OK
