[2026-08-18T05:32:02] RUN_START run_id=SCALE_C_PythonNDN_10_134
[2026-08-18T05:32:02] PARAM implementation=PythonNDN
[2026-08-18T05:32:02] METRIC concurrent_clients=10
[2026-08-18T05:32:02] METRIC throughput_pct_of_max=93.882
[2026-08-18T05:32:02] RUN_END status=OK
[2026-08-18T05:33:58] RUN_START run_id=SCALE_C_PythonNDN_10_135
[2026-08-18T05:33:58] PARAM implementation=PythonNDN
[2026-08-18T05:33:58] METRIC concurrent_clients=10
[2026-08-18T05:33:58] METRIC throughput_pct_of_max=99.285
[2026-08-18T05:33:58] RUN_END status=OK
[2026-08-18T06:48:35] RUN_START run_id=SCALE_C_PythonNDN_1000_097
[2026-08-18T06:48:35] PARAM implementation=PythonNDN
[2026-08-18T06:48:35] METRIC concurrent_clients=1000
[2026-08-18T06:48:35] METRIC throughput_pct_of_max=15.376
[2026-08-18T06:48:35] RUN_END status=OK
[2026-08-18T06:51:29] RUN_START run_id=SCALE_C_PythonNDN_1000_098
[2026-08-18T06:51:29] PARAM implementation=PythonNDN
[2026-08-18T06:51:29] METRIC concurrent_clients=1000
[2026-08-18T06:51:29] METRIC throughput_pct_of_max=14.737
[2026-08-18T06:51:29] RUN_END status=OK
[2026-08-18T06:52:20] RUN_START run_id=SCALE_C_PythonNDN_1000_099
[2026-08-18T06:52:20] PARAM implementation=PythonNDN
[2026-08-18T06:52:20] METRIC concurrent_clients=1000
[2026-08-18T06:52:20] METRIC throughput_pct_of_max=14.847
[2026-08-18T06:52:20] RUN_END status=OK
[2026-08-18T06:54:55] RUN_START run_id=SCALE_C_PythonNDN_1000_100
[2026-08-18T06:54:55] PARAM implementation=PythonNDN
[2026-08-18T06:54:55] METRIC concurrent_clients=1000
[2026-08-18T06:54:55] METRIC throughput_pct_of_max=15.073
[2026-08-18T06:54:55] RUN_END status=OK
[2026-08-18T06:56:25] RUN_START run_id=SCALE_C_PythonNDN_1000_101
[2026-08-18T06:56:25] PARAM implementation=PythonNDN
[2026-08-18T06:56:25] METRIC concurrent_clients=1000
[2026-08-18T06:56:25] METRIC throughput_pct_of_max=14.767
[2026-08-18T06:56:25] RUN_END status=OK
[2026-08-18T06:57:24] RUN_START run_id=SCALE_C_PythonNDN_1000_102
[2026-08-18T06:57:24] PARAM implementation=PythonNDN
[2026-08-18T06:57:24] METRIC concurrent_clients=1000
[2026-08-18T06:57:24] METRIC throughput_pct_of_max=14.946
[2026-08-18T06:57:24] RUN_END status=OK
[2026-08-18T07:00:00] RUN_START run_id=SCALE_C_NFD_50_001
[2026-08-18T07:00:00] PARAM implementation=NFD
[2026-08-18T07:00:00] METRIC concurrent_clients=50
[2026-08-18T07:00:00] METRIC throughput_pct_of_max=93.011
[2026-08-18T07:00:00] RUN_END status=OK
[2026-08-18T07:00:45] RUN_START run_id=SCALE_C_PythonNDN_1000_103
[2026-08-18T07:00:45] PARAM implementation=PythonNDN
[2026-08-18T07:00:45] METRIC concurrent_clients=1000
[2026-08-18T07:00:45] METRIC throughput_pct_of_max=14.885
[2026-08-18T07:00:45] RUN_END status=OK
