[2026-08-26T17:14:40] RUN_START run_id=SCALE_C_uDCN_5000_056
[2026-08-26T17:14:40] PARAM implementation=uDCN
[2026-08-26T17:14:40] METRIC concurrent_clients=5000
[2026-08-26T17:14:40] METRIC throughput_pct_of_max=72.86
[2026-08-26T17:14:40] RUN_END status=OK
[2026-08-26T17:16:42] RUN_START run_id=SCALE_C_uDCN_5000_057
[2026-08-26T17:16:42] PARAM implementation=uDCN
[2026-08-26T17:16:42] METRIC concurrent_clients=5000
[2026-08-26T17:16:42] METRIC throughput_pct_of_max=74.775
[2026-08-26T17:16:42] RUN_END status=OK
[2026-08-26T17:17:28] RUN_START run_id=SCALE_C_uDCN_5000_058
[2026-08-26T17:17:28] PARAM implementation=uDCN
[2026-08-26T17:17:28] METRIC concurrent_clients=5000
[2026-08-26T17:17:28] METRIC throughput_pct_of_max=72.627
[2026-08-26T17:17:28] RUN_END status=OK
[2026-08-26T17:22:36] RUN_START run_id=SCALE_C_uDCN_5000_059
[2026-08-26T17:22:36] PARAM implementation=uDCN
[2026-08-26T17:22:36] METRIC concurrent_clients=5000
[2026-08-26T17:22:36] METRIC throughput_pct_of_max=76.707
[2026-08-26T17:22:36] RUN_END status=OK
[2026-08-26T17:26:25] RUN_START run_id=SCALE_C_uDCN_5000_060
[2026-08-26T17:26:25] PARAM implementation=uDCN
[2026-08-26T17:26:25] METRIC concurrent_clients=5000
[2026-08-26T17:26:25] METRIC throughput_pct_of_max=77.861
[2026-08-26T17:26:25] RUN_END status=OK
[2026-08-26T17:27:34] RUN_START run_id=SCALE_C_uDCN_5000_061
[2026-08-26T17:27:34] PARAM implementation=uDCN
[2026-08-26T17:27:34] METRIC concurrent_clients=5000
[2026-08-26T17:27:34] METRIC throughput_pct_of_max=74.227
[2026-08-26T17:27:34] RUN_END status=OK
[2026-08-26T17:29:55] RUN_START run_id=SCALE_C_uDCN_5000_062
[2026-08-26T17:29:55] PARAM implementation=uDCN
[2026-08-26T17:29:55] METRIC concurrent_clients=5000
[2026-08-26T17:29:55] METRIC throughput_pct_of_max=76.249
[2026-08-26T17:29:55] RUN_END status=OK
[2026-08-26T17:34:08] RUN_START run_id=SCALE_C_uDCN_5000_063
[2026-08-26T17:34:08] PARAM implementation=uDCN
[2026-08-26T17:34:08] METRIC concurrent_clients=5000
[2026-08-26T17:34:08] METRIC throughput_pct_of_max=80.23
[2026-08-26T17:34:08] RUN_END status=OK
[2026-08-26T17:35:11] RUN_START run_id=SCALE_C_uDCN_5000_064
[2026-08-26T17:35:11] PARAM implementation=uDCN
[2026-08-26T17:35:11] METRIC concurrent_clients=5000
[2026-08-26T17:35:11] METRIC throughput_pct_of_max=72.857
[2026-08-26T17:35:11] RUN_END status=OK
[2026-08-26T17:36:58] RUN_START run_id=SCALE_C_uDCN_5000_065
[2026-08-26T17:36:58] PARAM implementation=uDCN
[2026-08-26T17:36:58] METRIC concurrent_clients=5000
[2026-08-26T17:36:58] METRIC throughput_pct_of_max=75.099
[2026-08-26T17:36:58] RUN_END status=OK
[2026-08-26T17:37:17] RUN_START run_id=SCALE_C_uDCN_5000_066
[2026-08-26T17:37:17] PARAM implementation=uDCN
[2026-08-26T17:37:17] METRIC concurrent_clients=5000
[2026-08-26T17:37:17] METRIC throughput_pct_of_max=79.077
[2026-08-26T17:37:17] RUN_END status=OK
[2026-08-26T17:38:16] RUN_START run_id=SCALE_C_uDCN_5000_067
[2026-08-26T17:38:16] PARAM implementation=uDCN
[2026-08-26T17:38:16] METRIC concurrent_clients=5000
[2026-08-26T17:38:16] METRIC throughput_pct_of_max=75.378
[2026-08-26T17:38:16] RUN_END status=OK
[2026-08-26T17:40:17] RUN_START run_id=SCALE_C_uDCN_5000_068
[2026-08-26T17:40:17] PARAM implementation=uDCN
[2026-08-26T17:40:17] METRIC concurrent_clients=5000
[2026-08-26T17:40:17] METRIC throughput_pct_of_max=75.123
[2026-08-26T17:40:17] RUN_END status=OK
[2026-08-26T17:43:48] RUN_START run_id=SCALE_C_uDCN_5000_069
[2026-08-26T17:43:48] PARAM implementation=uDCN
[2026-08-26T17:43:48] METRIC concurrent_clients=5000
[2026-08-26T17:43:48] METRIC throughput_pct_of_max=74.752
[2026-08-26T17:43:48] RUN_END status=OK
