[2026-08-29T11:29:29] RUN_START run_id=SCALE_C_PythonNDN_500_128
[2026-08-29T11:29:29] PARAM implementation=PythonNDN
[2026-08-29T11:29:29] METRIC concurrent_clients=500
[2026-08-29T11:29:29] METRIC throughput_pct_of_max=35.559
[2026-08-29T11:29:29] RUN_END status=OK
[2026-08-29T11:32:33] RUN_START run_id=SCALE_C_PythonNDN_500_129
[2026-08-29T11:32:33] PARAM implementation=PythonNDN
[2026-08-29T11:32:33] METRIC concurrent_clients=500
[2026-08-29T11:32:33] METRIC throughput_pct_of_max=33.558
[2026-08-29T11:32:33] RUN_END status=OK
[2026-08-29T11:34:18] RUN_START run_id=SCALE_C_PythonNDN_500_130
[2026-08-29T11:34:18] PARAM implementation=PythonNDN
[2026-08-29T11:34:18] METRIC concurrent_clients=500
[2026-08-29T11:34:18] METRIC throughput_pct_of_max=36.571
[2026-08-29T11:34:18] RUN_END status=OK
[2026-08-29T11:36:13] RUN_START run_id=SCALE_C_PythonNDN_500_131
[2026-08-29T11:36:13] PARAM implementation=PythonNDN
[2026-08-29T11:36:13] METRIC concurrent_clients=500
[2026-08-29T11:36:13] METRIC throughput_pct_of_max=32.767
[2026-08-29T11:36:13] RUN_END status=OK
[2026-08-29T11:39:36] RUN_START run_id=SCALE_C_PythonNDN_500_132
[2026-08-29T11:39:36] PARAM implementation=PythonNDN
[2026-08-29T11:39:36] METRIC concurrent_clients=500
[2026-08-29T11:39:36] METRIC throughput_pct_of_max=33.305
[2026-08-29T11:39:36] RUN_END status=OK
[2026-08-29T11:42:19] RUN_START run_id=SCALE_C_PythonNDN_500_133
[2026-08-29T11:42:19] PARAM implementation=PythonNDN
[2026-08-29T11:42:19] METRIC concurrent_clients=500
[2026-08-29T11:42:19] METRIC throughput_pct_of_max=30.229
[2026-08-29T11:42:19] RUN_END status=OK
[2026-08-29T11:47:18] RUN_START run_id=SCALE_C_PythonNDN_500_134
[2026-08-29T11:47:18] PARAM implementation=PythonNDN
[2026-08-29T11:47:18] METRIC concurrent_clients=500
[2026-08-29T11:47:18] METRIC throughput_pct_of_max=34.055
[2026-08-29T11:47:18] RUN_END status=OK
[2026-08-29T11:50:39] RUN_START run_id=SCALE_C_PythonNDN_500_135
[2026-08-29T11:50:39] PARAM implementation=PythonNDN
[2026-08-29T11:50:39] METRIC concurrent_clients=500
[2026-08-29T11:50:39] METRIC throughput_pct_of_max=33.066
[2026-08-29T11:50:39] RUN_END status=OK
[2026-08-29T11:51:52] RUN_START run_id=SCALE_C_PythonNDN_500_136
[2026-08-29T11:51:52] PARAM implementation=PythonNDN
[2026-08-29T11:51:52] METRIC concurrent_clients=500
[2026-08-29T11:51:52] METRIC throughput_pct_of_max=32.787
[2026-08-29T11:51:52] RUN_END status=OK
[2026-08-29T11:53:14] RUN_START run_id=SCALE_C_PythonNDN_500_137
[2026-08-29T11:53:14] PARAM implementation=PythonNDN
[2026-08-29T11:53:14] METRIC concurrent_clients=500
[2026-08-29T11:53:14] METRIC throughput_pct_of_max=31.907
[2026-08-29T11:53:14] RUN_END status=OK
[2026-08-29T11:57:23] RUN_START run_id=SCALE_C_PythonNDN_500_138
[2026-08-29T11:57:23] PARAM implementation=PythonNDN
[2026-08-29T11:57:23] METRIC concurrent_clients=500
[2026-08-29T11:57:23] METRIC throughput_pct_of_max=35.204
[2026-08-29T11:57:23] RUN_END status=OK
[2026-08-29T11:59:22] RUN_START run_id=SCALE_C_PythonNDN_500_139
[2026-08-29T11:59:22] PARAM implementation=PythonNDN
[2026-08-29T11:59:22] METRIC concurrent_clients=500
[2026-08-29T11:59:22] METRIC throughput_pct_of_max=33.036
[2026-08-29T11:59:22] RUN_END status=OK
