[2026-09-03T04:30:49] RUN_START run_id=SCALE_C_CCNlite_5000_102
[2026-09-03T04:30:49] PARAM implementation=CCNlite
[2026-09-03T04:30:49] METRIC concurrent_clients=5000
[2026-09-03T04:30:49] METRIC throughput_pct_of_max=44.355
[2026-09-03T04:30:49] RUN_END status=OK
[2026-09-03T04:34:13] RUN_START run_id=SCALE_C_CCNlite_5000_103
[2026-09-03T04:34:13] PARAM implementation=CCNlite
[2026-09-03T04:34:13] METRIC concurrent_clients=5000
[2026-09-03T04:34:13] METRIC throughput_pct_of_max=43.173
[2026-09-03T04:34:13] RUN_END status=OK
[2026-09-03T04:39:21] RUN_START run_id=SCALE_C_CCNlite_5000_104
[2026-09-03T04:39:21] PARAM implementation=CCNlite
[2026-09-03T04:39:21] METRIC concurrent_clients=5000
[2026-09-03T04:39:21] METRIC throughput_pct_of_max=42.653
[2026-09-03T04:39:21] RUN_END status=OK
[2026-09-03T04:48:21] RUN_START run_id=SCALE_C_CCNlite_5000_105
[2026-09-03T04:48:21] PARAM implementation=CCNlite
[2026-09-03T04:48:21] METRIC concurrent_clients=5000
[2026-09-03T04:48:21] METRIC throughput_pct_of_max=43.689
[2026-09-03T04:48:21] RUN_END status=OK
[2026-09-03T04:52:10] RUN_START run_id=SCALE_C_CCNlite_5000_106
[2026-09-03T04:52:10] PARAM implementation=CCNlite
[2026-09-03T04:52:10] METRIC concurrent_clients=5000
[2026-09-03T04:52:10] METRIC throughput_pct_of_max=41.305
[2026-09-03T04:52:10] RUN_END status=OK
[2026-09-03T04:55:07] RUN_START run_id=SCALE_C_CCNlite_5000_107
[2026-09-03T04:55:07] PARAM implementation=CCNlite
[2026-09-03T04:55:07] METRIC concurrent_clients=5000
[2026-09-03T04:55:07] METRIC throughput_pct_of_max=41.868
[2026-09-03T04:55:07] RUN_END status=OK
[2026-09-03T04:58:11] RUN_START run_id=SCALE_C_CCNlite_5000_108
[2026-09-03T04:58:11] PARAM implementation=CCNlite
[2026-09-03T04:58:11] METRIC concurrent_clients=5000
[2026-09-03T04:58:11] METRIC throughput_pct_of_max=45.662
[2026-09-03T04:58:11] RUN_END status=OK
[2026-09-03T05:00:52] RUN_START run_id=SCALE_C_CCNlite_5000_109
[2026-09-03T05:00:52] PARAM implementation=CCNlite
[2026-09-03T05:00:52] METRIC concurrent_clients=5000
[2026-09-03T05:00:52] METRIC throughput_pct_of_max=45.458
[2026-09-03T05:00:52] RUN_END status=OK
[2026-09-03T05:02:31] RUN_START run_id=SCALE_C_CCNlite_5000_110
[2026-09-03T05:02:31] PARAM implementation=CCNlite
[2026-09-03T05:02:31] METRIC concurrent_clients=5000
[2026-09-03T05:02:31] METRIC throughput_pct_of_max=44.516
[2026-09-03T05:02:31] RUN_END status=OK
[2026-09-03T13:10:37] RUN_START run_id=SCALE_C_CCNlite_5000_111
[2026-09-03T13:10:37] PARAM implementation=CCNlite
[2026-09-03T13:10:37] METRIC concurrent_clients=5000
[2026-09-03T13:10:37] METRIC throughput_pct_of_max=43.912
[2026-09-03T13:10:37] RUN_END status=OK
[2026-09-03T13:11:25] RUN_START run_id=SCALE_C_CCNlite_5000_112
[2026-09-03T13:11:25] PARAM implementation=CCNlite
[2026-09-03T13:11:25] METRIC concurrent_clients=5000
[2026-09-03T13:11:25] METRIC throughput_pct_of_max=40.523
[2026-09-03T13:11:25] RUN_END status=OK
