[2026-08-19T16:44:38] RUN_START run_id=SCALE_C_PythonNDN_100_076
[2026-08-19T16:44:38] PARAM implementation=PythonNDN
[2026-08-19T16:44:38] METRIC concurrent_clients=100
[2026-08-19T16:44:38] METRIC throughput_pct_of_max=66.367
[2026-08-19T16:44:38] RUN_END status=OK
[2026-08-19T16:45:15] RUN_START run_id=SCALE_C_PythonNDN_100_077
[2026-08-19T16:45:15] PARAM implementation=PythonNDN
[2026-08-19T16:45:15] METRIC concurrent_clients=100
[2026-08-19T16:45:15] METRIC throughput_pct_of_max=60.004
[2026-08-19T16:45:15] RUN_END status=OK
[2026-08-19T16:45:46] RUN_START run_id=SCALE_C_NFD_1000_042
[2026-08-19T16:45:46] PARAM implementation=NFD
[2026-08-19T16:45:46] METRIC concurrent_clients=1000
[2026-08-19T16:45:46] METRIC throughput_pct_of_max=55.511
[2026-08-19T16:45:46] RUN_END status=OK
[2026-08-19T16:46:57] RUN_START run_id=SCALE_C_PythonNDN_100_078
[2026-08-19T16:46:57] PARAM implementation=PythonNDN
[2026-08-19T16:46:57] METRIC concurrent_clients=100
[2026-08-19T16:46:57] METRIC throughput_pct_of_max=61.437
[2026-08-19T16:46:57] RUN_END status=OK
[2026-08-19T16:47:29] RUN_START run_id=SCALE_C_NFD_1000_043
[2026-08-19T16:47:29] PARAM implementation=NFD
[2026-08-19T16:47:29] METRIC concurrent_clients=1000
[2026-08-19T16:47:29] METRIC throughput_pct_of_max=52.312
[2026-08-19T16:47:29] RUN_END status=OK
[2026-08-19T16:47:37] RUN_START run_id=SCALE_C_NFD_50_090
[2026-08-19T16:47:37] PARAM implementation=NFD
[2026-08-19T16:47:37] METRIC concurrent_clients=50
[2026-08-19T16:47:37] METRIC throughput_pct_of_max=89.727
[2026-08-19T16:47:37] RUN_END status=OK
[2026-08-19T16:48:09] RUN_START run_id=SCALE_C_PythonNDN_100_079
[2026-08-19T16:48:09] PARAM implementation=PythonNDN
[2026-08-19T16:48:09] METRIC concurrent_clients=100
[2026-08-19T16:48:09] METRIC throughput_pct_of_max=65.034
[2026-08-19T16:48:09] RUN_END status=OK
[2026-08-19T16:48:56] RUN_START run_id=SCALE_C_PythonNDN_100_080
[2026-08-19T16:48:56] PARAM implementation=PythonNDN
[2026-08-19T16:48:56] METRIC concurrent_clients=100
[2026-08-19T16:48:56] METRIC throughput_pct_of_max=66.948
[2026-08-19T16:48:56] RUN_END status=OK
[2026-08-19T16:49:06] RUN_START run_id=SCALE_C_NFD_50_091
[2026-08-19T16:49:06] PARAM implementation=NFD
[2026-08-19T16:49:06] METRIC concurrent_clients=50
[2026-08-19T16:49:06] METRIC throughput_pct_of_max=92.469
[2026-08-19T16:49:06] RUN_END status=OK
[2026-08-19T16:49:37] RUN_START run_id=SCALE_C_NFD_1000_044
[2026-08-19T16:49:37] PARAM implementation=NFD
[2026-08-19T16:49:37] METRIC concurrent_clients=1000
[2026-08-19T16:49:37] METRIC throughput_pct_of_max=53.521
[2026-08-19T16:49:37] RUN_END status=OK
