[2026-08-13T17:47:57] RUN_START run_id=SCALE_C_uDCN_10_052
[2026-08-13T17:47:57] PARAM implementation=uDCN
[2026-08-13T17:47:57] METRIC concurrent_clients=10
[2026-08-13T17:47:57] METRIC throughput_pct_of_max=100.0
[2026-08-13T17:47:57] RUN_END status=OK
[2026-08-13T17:49:13] RUN_START run_id=SCALE_C_NFD_5000_046
[2026-08-13T17:49:13] PARAM implementation=NFD
[2026-08-13T17:49:13] METRIC concurrent_clients=5000
[2026-08-13T17:49:13] METRIC throughput_pct_of_max=39.963
[2026-08-13T17:49:13] RUN_END status=OK
[2026-08-13T17:50:03] RUN_START run_id=SCALE_C_uDCN_10_053
[2026-08-13T17:50:03] PARAM implementation=uDCN
[2026-08-13T17:50:03] METRIC concurrent_clients=10
[2026-08-13T17:50:03] METRIC throughput_pct_of_max=100.0
[2026-08-13T17:50:03] RUN_END status=OK
[2026-08-13T17:50:12] RUN_START run_id=SCALE_C_NFD_5000_047
[2026-08-13T17:50:12] PARAM implementation=NFD
[2026-08-13T17:50:12] METRIC concurrent_clients=5000
[2026-08-13T17:50:12] METRIC throughput_pct_of_max=39.524
[2026-08-13T17:50:12] RUN_END status=OK
[2026-08-13T17:52:27] RUN_START run_id=SCALE_C_uDCN_10_054
[2026-08-13T17:52:27] PARAM implementation=uDCN
[2026-08-13T17:52:27] METRIC concurrent_clients=10
[2026-08-13T17:52:27] METRIC throughput_pct_of_max=100.0
[2026-08-13T17:52:27] RUN_END status=OK
[2026-08-13T17:53:17] RUN_START run_id=SCALE_C_NFD_5000_048
[2026-08-13T17:53:17] PARAM implementation=NFD
[2026-08-13T17:53:17] METRIC concurrent_clients=5000
[2026-08-13T17:53:17] METRIC throughput_pct_of_max=39.356
[2026-08-13T17:53:17] RUN_END status=OK
[2026-08-13T17:54:40] RUN_START run_id=SCALE_C_NFD_5000_049
[2026-08-13T17:54:40] PARAM implementation=NFD
[2026-08-13T17:54:40] METRIC concurrent_clients=5000
[2026-08-13T17:54:40] METRIC throughput_pct_of_max=39.841
[2026-08-13T17:54:40] RUN_END status=OK
[2026-08-13T17:55:42] RUN_START run_id=SCALE_C_NFD_5000_050
[2026-08-13T17:55:42] PARAM implementation=NFD
[2026-08-13T17:55:42] METRIC concurrent_clients=5000
[2026-08-13T17:55:42] METRIC throughput_pct_of_max=37.962
[2026-08-13T17:55:42] RUN_END status=OK
[2026-08-13T17:55:46] RUN_START run_id=SCALE_C_uDCN_10_055
[2026-08-13T17:55:46] PARAM implementation=uDCN
[2026-08-13T17:55:46] METRIC concurrent_clients=10
[2026-08-13T17:55:46] METRIC throughput_pct_of_max=100.0
[2026-08-13T17:55:46] RUN_END status=OK
[2026-08-13T17:56:50] RUN_START run_id=07_scalability_clients_DISCARDED_0011
[2026-08-13T17:56:50] RUN_ABORTED reason=trex_controller_reset: TRex stateful-engine control connection dropped mid-run before steady-state throughput reached
[2026-08-13T17:57:19] RUN_START run_id=SCALE_C_uDCN_10_056
[2026-08-13T17:57:19] PARAM implementation=uDCN
[2026-08-13T17:57:19] METRIC concurrent_clients=10
[2026-08-13T17:57:19] METRIC throughput_pct_of_max=100.0
[2026-08-13T17:57:19] RUN_END status=OK
[2026-08-13T17:59:38] RUN_START run_id=SCALE_C_NFD_5000_051
[2026-08-13T17:59:38] PARAM implementation=NFD
[2026-08-13T17:59:38] METRIC concurrent_clients=5000
[2026-08-13T17:59:38] METRIC throughput_pct_of_max=38.854
[2026-08-13T17:59:38] RUN_END status=OK
