[2026-08-15T19:14:44] RUN_START run_id=SCALE_C_NFD_5000_131
[2026-08-15T19:14:44] PARAM implementation=NFD
[2026-08-15T19:14:44] METRIC concurrent_clients=5000
[2026-08-15T19:14:44] METRIC throughput_pct_of_max=38.498
[2026-08-15T19:14:44] RUN_END status=OK
[2026-08-15T19:15:06] RUN_START run_id=SCALE_C_NFD_5000_132
[2026-08-15T19:15:06] PARAM implementation=NFD
[2026-08-15T19:15:06] METRIC concurrent_clients=5000
[2026-08-15T19:15:06] METRIC throughput_pct_of_max=36.553
[2026-08-15T19:15:06] RUN_END status=OK
[2026-08-16T08:45:08] RUN_START run_id=SCALE_C_NFD_5000_133
[2026-08-16T08:45:08] PARAM implementation=NFD
[2026-08-16T08:45:08] METRIC concurrent_clients=5000
[2026-08-16T08:45:08] METRIC throughput_pct_of_max=37.106
[2026-08-16T08:45:08] RUN_END status=OK
[2026-08-16T08:45:48] RUN_START run_id=SCALE_C_NFD_5000_134
[2026-08-16T08:45:48] PARAM implementation=NFD
[2026-08-16T08:45:48] METRIC concurrent_clients=5000
[2026-08-16T08:45:48] METRIC throughput_pct_of_max=36.628
[2026-08-16T08:45:48] RUN_END status=OK
[2026-08-16T08:47:40] RUN_START run_id=SCALE_C_NFD_5000_135
[2026-08-16T08:47:40] PARAM implementation=NFD
[2026-08-16T08:47:40] METRIC concurrent_clients=5000
[2026-08-16T08:47:40] METRIC throughput_pct_of_max=41.109
[2026-08-16T08:47:40] RUN_END status=OK
[2026-08-16T08:50:12] RUN_START run_id=SCALE_C_NFD_5000_136
[2026-08-16T08:50:12] PARAM implementation=NFD
[2026-08-16T08:50:12] METRIC concurrent_clients=5000
[2026-08-16T08:50:12] METRIC throughput_pct_of_max=35.582
[2026-08-16T08:50:12] RUN_END status=OK
[2026-08-16T08:53:25] RUN_START run_id=SCALE_C_NFD_5000_137
[2026-08-16T08:53:25] PARAM implementation=NFD
[2026-08-16T08:53:25] METRIC concurrent_clients=5000
[2026-08-16T08:53:25] METRIC throughput_pct_of_max=38.128
[2026-08-16T08:53:25] RUN_END status=OK
[2026-08-16T08:55:51] RUN_START run_id=SCALE_C_NFD_5000_138
[2026-08-16T08:55:51] PARAM implementation=NFD
[2026-08-16T08:55:51] METRIC concurrent_clients=5000
[2026-08-16T08:55:51] METRIC throughput_pct_of_max=36.463
[2026-08-16T08:55:51] RUN_END status=OK
[2026-08-16T08:57:16] RUN_START run_id=SCALE_C_NFD_5000_139
[2026-08-16T08:57:16] PARAM implementation=NFD
[2026-08-16T08:57:16] METRIC concurrent_clients=5000
[2026-08-16T08:57:16] METRIC throughput_pct_of_max=37.123
[2026-08-16T08:57:16] RUN_END status=OK
[2026-08-16T09:00:24] RUN_START run_id=SCALE_C_NFD_5000_140
[2026-08-16T09:00:24] PARAM implementation=NFD
[2026-08-16T09:00:24] METRIC concurrent_clients=5000
[2026-08-16T09:00:24] METRIC throughput_pct_of_max=38.68
[2026-08-16T09:00:24] RUN_END status=OK
[2026-08-16T09:02:04] RUN_START run_id=SCALE_C_NFD_5000_141
[2026-08-16T09:02:04] PARAM implementation=NFD
[2026-08-16T09:02:04] METRIC concurrent_clients=5000
[2026-08-16T09:02:04] METRIC throughput_pct_of_max=38.966
[2026-08-16T09:02:04] RUN_END status=OK
[2026-08-16T09:02:38] RUN_START run_id=SCALE_C_NFD_5000_142
[2026-08-16T09:02:38] PARAM implementation=NFD
[2026-08-16T09:02:38] METRIC concurrent_clients=5000
[2026-08-16T09:02:38] METRIC throughput_pct_of_max=38.357
[2026-08-16T09:02:38] RUN_END status=OK
[2026-08-16T09:04:14] RUN_START run_id=SCALE_C_NFD_5000_143
[2026-08-16T09:04:14] PARAM implementation=NFD
[2026-08-16T09:04:14] METRIC concurrent_clients=5000
[2026-08-16T09:04:14] METRIC throughput_pct_of_max=38.272
[2026-08-16T09:04:14] RUN_END status=OK
