[2026-08-22T07:12:58] RUN_START run_id=SCALE_C_uDCN_50_121
[2026-08-22T07:12:58] PARAM implementation=uDCN
[2026-08-22T07:12:58] METRIC concurrent_clients=50
[2026-08-22T07:12:58] METRIC throughput_pct_of_max=100.0
[2026-08-22T07:12:58] RUN_END status=OK
[2026-08-22T08:46:56] RUN_START run_id=SCALE_C_uDCN_1000_104
[2026-08-22T08:46:56] PARAM implementation=uDCN
[2026-08-22T08:46:56] METRIC concurrent_clients=1000
[2026-08-22T08:46:56] METRIC throughput_pct_of_max=94.136
[2026-08-22T08:46:56] RUN_END status=OK
[2026-08-22T08:49:15] RUN_START run_id=SCALE_C_uDCN_1000_105
[2026-08-22T08:49:15] PARAM implementation=uDCN
[2026-08-22T08:49:15] METRIC concurrent_clients=1000
[2026-08-22T08:49:15] METRIC throughput_pct_of_max=91.049
[2026-08-22T08:49:15] RUN_END status=OK
[2026-08-22T08:50:00] RUN_START run_id=SCALE_C_uDCN_1000_106
[2026-08-22T08:50:00] PARAM implementation=uDCN
[2026-08-22T08:50:00] METRIC concurrent_clients=1000
[2026-08-22T08:50:00] METRIC throughput_pct_of_max=90.261
[2026-08-22T08:50:00] RUN_END status=OK
[2026-08-22T08:53:31] RUN_START run_id=SCALE_C_uDCN_1000_107
[2026-08-22T08:53:31] PARAM implementation=uDCN
[2026-08-22T08:53:31] METRIC concurrent_clients=1000
[2026-08-22T08:53:31] METRIC throughput_pct_of_max=88.811
[2026-08-22T08:53:31] RUN_END status=OK
[2026-08-22T08:54:58] RUN_START run_id=SCALE_C_uDCN_1000_108
[2026-08-22T08:54:58] PARAM implementation=uDCN
[2026-08-22T08:54:58] METRIC concurrent_clients=1000
[2026-08-22T08:54:58] METRIC throughput_pct_of_max=94.953
[2026-08-22T08:54:58] RUN_END status=OK
[2026-08-22T08:55:10] RUN_START run_id=SCALE_C_uDCN_1000_109
[2026-08-22T08:55:10] PARAM implementation=uDCN
[2026-08-22T08:55:10] METRIC concurrent_clients=1000
[2026-08-22T08:55:10] METRIC throughput_pct_of_max=91.178
[2026-08-22T08:55:10] RUN_END status=OK
[2026-08-22T08:56:34] RUN_START run_id=SCALE_C_uDCN_1000_110
[2026-08-22T08:56:34] PARAM implementation=uDCN
[2026-08-22T08:56:34] METRIC concurrent_clients=1000
[2026-08-22T08:56:34] METRIC throughput_pct_of_max=92.952
[2026-08-22T08:56:34] RUN_END status=OK
[2026-08-22T08:58:59] RUN_START run_id=SCALE_C_uDCN_1000_111
[2026-08-22T08:58:59] PARAM implementation=uDCN
[2026-08-22T08:58:59] METRIC concurrent_clients=1000
[2026-08-22T08:58:59] METRIC throughput_pct_of_max=94.461
[2026-08-22T08:58:59] RUN_END status=OK
[2026-08-22T09:00:00] RUN_START run_id=SCALE_C_CCNlite_500_001
[2026-08-22T09:00:00] PARAM implementation=CCNlite
[2026-08-22T09:00:00] METRIC concurrent_clients=500
[2026-08-22T09:00:00] METRIC throughput_pct_of_max=67.536
[2026-08-22T09:00:00] RUN_END status=OK
[2026-08-22T09:00:00] RUN_START run_id=SCALE_C_PythonNDN_5000_001
[2026-08-22T09:00:00] PARAM implementation=PythonNDN
[2026-08-22T09:00:00] METRIC concurrent_clients=5000
[2026-08-22T09:00:00] METRIC throughput_pct_of_max=10.393
[2026-08-22T09:00:00] RUN_END status=OK
[2026-08-22T09:01:51] RUN_START run_id=SCALE_C_CCNlite_500_002
[2026-08-22T09:01:51] PARAM implementation=CCNlite
[2026-08-22T09:01:51] METRIC concurrent_clients=500
[2026-08-22T09:01:51] METRIC throughput_pct_of_max=68.939
[2026-08-22T09:01:51] RUN_END status=OK
