[2026-08-28T16:56:37] RUN_START run_id=SCALE_C_NFD_10_049
[2026-08-28T16:56:37] PARAM implementation=NFD
[2026-08-28T16:56:37] METRIC concurrent_clients=10
[2026-08-28T16:56:37] METRIC throughput_pct_of_max=100.0
[2026-08-28T16:56:37] RUN_END status=OK
[2026-08-28T16:59:06] RUN_START run_id=SCALE_C_NFD_10_050
[2026-08-28T16:59:06] PARAM implementation=NFD
[2026-08-28T16:59:06] METRIC concurrent_clients=10
[2026-08-28T16:59:06] METRIC throughput_pct_of_max=92.697
[2026-08-28T16:59:06] RUN_END status=OK
[2026-08-28T17:01:24] RUN_START run_id=SCALE_C_NFD_10_051
[2026-08-28T17:01:24] PARAM implementation=NFD
[2026-08-28T17:01:24] METRIC concurrent_clients=10
[2026-08-28T17:01:24] METRIC throughput_pct_of_max=95.626
[2026-08-28T17:01:24] RUN_END status=OK
[2026-08-28T20:24:14] RUN_START run_id=SCALE_C_uDCN_100_101
[2026-08-28T20:24:14] PARAM implementation=uDCN
[2026-08-28T20:24:14] METRIC concurrent_clients=100
[2026-08-28T20:24:14] METRIC throughput_pct_of_max=92.441
[2026-08-28T20:24:14] RUN_END status=OK
[2026-08-28T20:27:50] RUN_START run_id=SCALE_C_uDCN_100_102
[2026-08-28T20:27:50] PARAM implementation=uDCN
[2026-08-28T20:27:50] METRIC concurrent_clients=100
[2026-08-28T20:27:50] METRIC throughput_pct_of_max=100.0
[2026-08-28T20:27:50] RUN_END status=OK
[2026-08-28T20:30:34] RUN_START run_id=SCALE_C_uDCN_100_103
[2026-08-28T20:30:34] PARAM implementation=uDCN
[2026-08-28T20:30:34] METRIC concurrent_clients=100
[2026-08-28T20:30:34] METRIC throughput_pct_of_max=92.013
[2026-08-28T20:30:34] RUN_END status=OK
[2026-08-28T20:33:11] RUN_START run_id=SCALE_C_uDCN_100_104
[2026-08-28T20:33:11] PARAM implementation=uDCN
[2026-08-28T20:33:11] METRIC concurrent_clients=100
[2026-08-28T20:33:11] METRIC throughput_pct_of_max=91.477
[2026-08-28T20:33:11] RUN_END status=OK
[2026-08-28T20:33:46] RUN_START run_id=SCALE_C_uDCN_100_105
[2026-08-28T20:33:46] PARAM implementation=uDCN
[2026-08-28T20:33:46] METRIC concurrent_clients=100
[2026-08-28T20:33:46] METRIC throughput_pct_of_max=97.204
[2026-08-28T20:33:46] RUN_END status=OK
[2026-08-28T20:34:54] RUN_START run_id=SCALE_C_uDCN_100_106
[2026-08-28T20:34:54] PARAM implementation=uDCN
[2026-08-28T20:34:54] METRIC concurrent_clients=100
[2026-08-28T20:34:54] METRIC throughput_pct_of_max=96.014
[2026-08-28T20:34:54] RUN_END status=OK
[2026-08-28T20:38:05] RUN_START run_id=SCALE_C_uDCN_100_107
[2026-08-28T20:38:05] PARAM implementation=uDCN
[2026-08-28T20:38:05] METRIC concurrent_clients=100
[2026-08-28T20:38:05] METRIC throughput_pct_of_max=91.049
[2026-08-28T20:38:05] RUN_END status=OK
