[2026-08-17T05:14:26] RUN_START run_id=SCALE_C_PythonNDN_100_055
[2026-08-17T05:14:26] PARAM implementation=PythonNDN
[2026-08-17T05:14:26] METRIC concurrent_clients=100
[2026-08-17T05:14:26] METRIC throughput_pct_of_max=67.144
[2026-08-17T05:14:26] RUN_END status=OK
[2026-08-17T17:00:00] RUN_START run_id=SCALE_C_CCNlite_1000_001
[2026-08-17T17:00:00] PARAM implementation=CCNlite
[2026-08-17T17:00:00] METRIC concurrent_clients=1000
[2026-08-17T17:00:00] METRIC throughput_pct_of_max=60.867
[2026-08-17T17:00:00] RUN_END status=OK
[2026-08-17T17:02:33] RUN_START run_id=SCALE_C_CCNlite_1000_002
[2026-08-17T17:02:33] PARAM implementation=CCNlite
[2026-08-17T17:02:33] METRIC concurrent_clients=1000
[2026-08-17T17:02:33] METRIC throughput_pct_of_max=63.93
[2026-08-17T17:02:33] RUN_END status=OK
[2026-08-17T17:03:59] RUN_START run_id=SCALE_C_CCNlite_1000_003
[2026-08-17T17:03:59] PARAM implementation=CCNlite
[2026-08-17T17:03:59] METRIC concurrent_clients=1000
[2026-08-17T17:03:59] METRIC throughput_pct_of_max=61.101
[2026-08-17T17:03:59] RUN_END status=OK
[2026-08-17T17:05:17] RUN_START run_id=SCALE_C_CCNlite_1000_004
[2026-08-17T17:05:17] PARAM implementation=CCNlite
[2026-08-17T17:05:17] METRIC concurrent_clients=1000
[2026-08-17T17:05:17] METRIC throughput_pct_of_max=62.84
[2026-08-17T17:05:17] RUN_END status=OK
[2026-08-17T17:07:49] RUN_START run_id=SCALE_C_CCNlite_1000_005
[2026-08-17T17:07:49] PARAM implementation=CCNlite
[2026-08-17T17:07:49] METRIC concurrent_clients=1000
[2026-08-17T17:07:49] METRIC throughput_pct_of_max=62.058
[2026-08-17T17:07:49] RUN_END status=OK
[2026-08-17T17:11:22] RUN_START run_id=SCALE_C_CCNlite_1000_006
[2026-08-17T17:11:22] PARAM implementation=CCNlite
[2026-08-17T17:11:22] METRIC concurrent_clients=1000
[2026-08-17T17:11:22] METRIC throughput_pct_of_max=58.572
[2026-08-17T17:11:22] RUN_END status=OK
[2026-08-17T17:12:36] RUN_START run_id=SCALE_C_CCNlite_1000_007
[2026-08-17T17:12:36] PARAM implementation=CCNlite
[2026-08-17T17:12:36] METRIC concurrent_clients=1000
[2026-08-17T17:12:36] METRIC throughput_pct_of_max=61.98
[2026-08-17T17:12:36] RUN_END status=OK
[2026-08-17T17:13:56] RUN_START run_id=SCALE_C_CCNlite_1000_008
[2026-08-17T17:13:56] PARAM implementation=CCNlite
[2026-08-17T17:13:56] METRIC concurrent_clients=1000
[2026-08-17T17:13:56] METRIC throughput_pct_of_max=58.026
[2026-08-17T17:13:56] RUN_END status=OK
[2026-08-17T17:14:14] RUN_START run_id=SCALE_C_CCNlite_1000_009
[2026-08-17T17:14:14] PARAM implementation=CCNlite
[2026-08-17T17:14:14] METRIC concurrent_clients=1000
[2026-08-17T17:14:14] METRIC throughput_pct_of_max=58.678
[2026-08-17T17:14:14] RUN_END status=OK
[2026-08-17T17:15:46] RUN_START run_id=SCALE_C_CCNlite_1000_010
[2026-08-17T17:15:46] PARAM implementation=CCNlite
[2026-08-17T17:15:46] METRIC concurrent_clients=1000
[2026-08-17T17:15:46] METRIC throughput_pct_of_max=57.28
[2026-08-17T17:15:46] RUN_END status=OK
