[2026-08-12T14:29:30] RUN_START run_id=SCALE_C_NFD_5000_014
[2026-08-12T14:29:30] PARAM implementation=NFD
[2026-08-12T14:29:30] METRIC concurrent_clients=5000
[2026-08-12T14:29:30] METRIC throughput_pct_of_max=39.091
[2026-08-12T14:29:30] RUN_END status=OK
[2026-08-12T14:31:28] RUN_START run_id=SCALE_C_NFD_5000_015
[2026-08-12T14:31:28] PARAM implementation=NFD
[2026-08-12T14:31:28] METRIC concurrent_clients=5000
[2026-08-12T14:31:28] METRIC throughput_pct_of_max=38.455
[2026-08-12T14:31:28] RUN_END status=OK
[2026-08-12T14:32:56] RUN_START run_id=SCALE_C_NFD_5000_016
[2026-08-12T14:32:56] PARAM implementation=NFD
[2026-08-12T14:32:56] METRIC concurrent_clients=5000
[2026-08-12T14:32:56] METRIC throughput_pct_of_max=37.682
[2026-08-12T14:32:56] RUN_END status=OK
[2026-08-12T14:36:27] RUN_START run_id=SCALE_C_NFD_5000_017
[2026-08-12T14:36:27] PARAM implementation=NFD
[2026-08-12T14:36:27] METRIC concurrent_clients=5000
[2026-08-12T14:36:27] METRIC throughput_pct_of_max=38.12
[2026-08-12T14:36:27] RUN_END status=OK
[2026-08-12T14:39:22] RUN_START run_id=SCALE_C_NFD_5000_018
[2026-08-12T14:39:22] PARAM implementation=NFD
[2026-08-12T14:39:22] METRIC concurrent_clients=5000
[2026-08-12T14:39:22] METRIC throughput_pct_of_max=36.596
[2026-08-12T14:39:22] RUN_END status=OK
[2026-08-12T14:41:36] RUN_START run_id=SCALE_C_NFD_5000_019
[2026-08-12T14:41:36] PARAM implementation=NFD
[2026-08-12T14:41:36] METRIC concurrent_clients=5000
[2026-08-12T14:41:36] METRIC throughput_pct_of_max=36.627
[2026-08-12T14:41:36] RUN_END status=OK
[2026-08-12T14:42:17] RUN_START run_id=SCALE_C_NFD_5000_020
[2026-08-12T14:42:17] PARAM implementation=NFD
[2026-08-12T14:42:17] METRIC concurrent_clients=5000
[2026-08-12T14:42:17] METRIC throughput_pct_of_max=38.78
[2026-08-12T14:42:17] RUN_END status=OK
[2026-08-12T14:43:56] RUN_START run_id=SCALE_C_NFD_5000_021
[2026-08-12T14:43:56] PARAM implementation=NFD
[2026-08-12T14:43:56] METRIC concurrent_clients=5000
[2026-08-12T14:43:56] METRIC throughput_pct_of_max=38.008
[2026-08-12T14:43:56] RUN_END status=OK
[2026-08-12T18:21:07] RUN_START run_id=SCALE_C_NFD_5000_022
[2026-08-12T18:21:07] PARAM implementation=NFD
[2026-08-12T18:21:07] METRIC concurrent_clients=5000
[2026-08-12T18:21:07] METRIC throughput_pct_of_max=37.032
[2026-08-12T18:21:07] RUN_END status=OK
[2026-08-12T18:22:44] RUN_START run_id=SCALE_C_NFD_5000_023
[2026-08-12T18:22:44] PARAM implementation=NFD
[2026-08-12T18:22:44] METRIC concurrent_clients=5000
[2026-08-12T18:22:44] METRIC throughput_pct_of_max=37.063
[2026-08-12T18:22:44] RUN_END status=OK
[2026-08-12T18:24:40] RUN_START run_id=SCALE_C_NFD_5000_024
[2026-08-12T18:24:40] PARAM implementation=NFD
[2026-08-12T18:24:40] METRIC concurrent_clients=5000
[2026-08-12T18:24:40] METRIC throughput_pct_of_max=36.81
[2026-08-12T18:24:40] RUN_END status=OK
[2026-08-12T18:27:08] RUN_START run_id=SCALE_C_NFD_5000_025
[2026-08-12T18:27:08] PARAM implementation=NFD
[2026-08-12T18:27:08] METRIC concurrent_clients=5000
[2026-08-12T18:27:08] METRIC throughput_pct_of_max=35.904
[2026-08-12T18:27:08] RUN_END status=OK
[2026-08-12T18:29:07] RUN_START run_id=SCALE_C_NFD_5000_026
[2026-08-12T18:29:07] PARAM implementation=NFD
[2026-08-12T18:29:07] METRIC concurrent_clients=5000
[2026-08-12T18:29:07] METRIC throughput_pct_of_max=39.032
[2026-08-12T18:29:07] RUN_END status=OK
[2026-08-12T18:31:43] RUN_START run_id=SCALE_C_NFD_5000_027
[2026-08-12T18:31:43] PARAM implementation=NFD
[2026-08-12T18:31:43] METRIC concurrent_clients=5000
[2026-08-12T18:31:43] METRIC throughput_pct_of_max=35.48
[2026-08-12T18:31:43] RUN_END status=OK
[2026-08-12T18:34:57] RUN_START run_id=SCALE_C_NFD_5000_028
[2026-08-12T18:34:57] PARAM implementation=NFD
[2026-08-12T18:34:57] METRIC concurrent_clients=5000
[2026-08-12T18:34:57] METRIC throughput_pct_of_max=37.86
[2026-08-12T18:34:57] RUN_END status=OK
[2026-08-12T18:35:39] RUN_START run_id=SCALE_C_NFD_5000_029
[2026-08-12T18:35:39] PARAM implementation=NFD
[2026-08-12T18:35:39] METRIC concurrent_clients=5000
[2026-08-12T18:35:39] METRIC throughput_pct_of_max=40.436
[2026-08-12T18:35:39] RUN_END status=OK
[2026-08-12T18:38:51] RUN_START run_id=SCALE_C_NFD_5000_030
[2026-08-12T18:38:51] PARAM implementation=NFD
[2026-08-12T18:38:51] METRIC concurrent_clients=5000
[2026-08-12T18:38:51] METRIC throughput_pct_of_max=39.019
[2026-08-12T18:38:51] RUN_END status=OK
[2026-08-12T18:43:07] RUN_START run_id=SCALE_C_NFD_5000_031
[2026-08-12T18:43:07] PARAM implementation=NFD
[2026-08-12T18:43:07] METRIC concurrent_clients=5000
[2026-08-12T18:43:07] METRIC throughput_pct_of_max=37.66
[2026-08-12T18:43:07] RUN_END status=OK
[2026-08-12T18:44:39] RUN_START run_id=SCALE_C_NFD_5000_032
[2026-08-12T18:44:39] PARAM implementation=NFD
[2026-08-12T18:44:39] METRIC concurrent_clients=5000
[2026-08-12T18:44:39] METRIC throughput_pct_of_max=37.7
[2026-08-12T18:44:39] RUN_END status=OK
