[2026-08-13T08:28:42] RUN_START run_id=SCALE_C_PythonNDN_1000_014
[2026-08-13T08:28:42] PARAM implementation=PythonNDN
[2026-08-13T08:28:42] METRIC concurrent_clients=1000
[2026-08-13T08:28:42] METRIC throughput_pct_of_max=14.678
[2026-08-13T08:28:42] RUN_END status=OK
[2026-08-13T08:29:24] RUN_START run_id=SCALE_C_PythonNDN_1000_015
[2026-08-13T08:29:24] PARAM implementation=PythonNDN
[2026-08-13T08:29:24] METRIC concurrent_clients=1000
[2026-08-13T08:29:24] METRIC throughput_pct_of_max=16.17
[2026-08-13T08:29:24] RUN_END status=OK
[2026-08-13T08:30:18] RUN_START run_id=SCALE_C_PythonNDN_1000_016
[2026-08-13T08:30:18] PARAM implementation=PythonNDN
[2026-08-13T08:30:18] METRIC concurrent_clients=1000
[2026-08-13T08:30:18] METRIC throughput_pct_of_max=14.492
[2026-08-13T08:30:18] RUN_END status=OK
[2026-08-13T08:36:02] RUN_START run_id=SCALE_C_PythonNDN_1000_017
[2026-08-13T08:36:02] PARAM implementation=PythonNDN
[2026-08-13T08:36:02] METRIC concurrent_clients=1000
[2026-08-13T08:36:02] METRIC throughput_pct_of_max=14.983
[2026-08-13T08:36:02] RUN_END status=OK
[2026-08-13T08:38:58] RUN_START run_id=SCALE_C_PythonNDN_1000_018
[2026-08-13T08:38:58] PARAM implementation=PythonNDN
[2026-08-13T08:38:58] METRIC concurrent_clients=1000
[2026-08-13T08:38:58] METRIC throughput_pct_of_max=15.453
[2026-08-13T08:38:58] RUN_END status=OK
[2026-08-13T08:40:29] RUN_START run_id=SCALE_C_PythonNDN_1000_019
[2026-08-13T08:40:29] PARAM implementation=PythonNDN
[2026-08-13T08:40:29] METRIC concurrent_clients=1000
[2026-08-13T08:40:29] METRIC throughput_pct_of_max=14.947
[2026-08-13T08:40:29] RUN_END status=OK
[2026-08-13T08:42:46] RUN_START run_id=SCALE_C_PythonNDN_1000_020
[2026-08-13T08:42:46] PARAM implementation=PythonNDN
[2026-08-13T08:42:46] METRIC concurrent_clients=1000
[2026-08-13T08:42:46] METRIC throughput_pct_of_max=15.634
[2026-08-13T08:42:46] RUN_END status=OK
[2026-08-13T08:47:40] RUN_START run_id=SCALE_C_PythonNDN_1000_021
[2026-08-13T08:47:40] PARAM implementation=PythonNDN
[2026-08-13T08:47:40] METRIC concurrent_clients=1000
[2026-08-13T08:47:40] METRIC throughput_pct_of_max=15.346
[2026-08-13T08:47:40] RUN_END status=OK
[2026-08-13T08:48:38] RUN_START run_id=SCALE_C_PythonNDN_1000_022
[2026-08-13T08:48:38] PARAM implementation=PythonNDN
[2026-08-13T08:48:38] METRIC concurrent_clients=1000
[2026-08-13T08:48:38] METRIC throughput_pct_of_max=14.441
[2026-08-13T08:48:38] RUN_END status=OK
[2026-08-13T08:49:27] RUN_START run_id=SCALE_C_PythonNDN_1000_023
[2026-08-13T08:49:27] PARAM implementation=PythonNDN
[2026-08-13T08:49:27] METRIC concurrent_clients=1000
[2026-08-13T08:49:27] METRIC throughput_pct_of_max=15.595
[2026-08-13T08:49:27] RUN_END status=OK
[2026-08-13T08:52:10] RUN_START run_id=SCALE_C_PythonNDN_1000_024
[2026-08-13T08:52:10] PARAM implementation=PythonNDN
[2026-08-13T08:52:10] METRIC concurrent_clients=1000
[2026-08-13T08:52:10] METRIC throughput_pct_of_max=14.258
[2026-08-13T08:52:10] RUN_END status=OK
[2026-08-13T08:53:50] RUN_START run_id=SCALE_C_PythonNDN_1000_025
[2026-08-13T08:53:50] PARAM implementation=PythonNDN
[2026-08-13T08:53:50] METRIC concurrent_clients=1000
[2026-08-13T08:53:50] METRIC throughput_pct_of_max=15.946
[2026-08-13T08:53:50] RUN_END status=OK
