[2026-08-19T18:37:17] RUN_START run_id=SCALE_C_PythonNDN_50_017
[2026-08-19T18:37:17] PARAM implementation=PythonNDN
[2026-08-19T18:37:17] METRIC concurrent_clients=50
[2026-08-19T18:37:17] METRIC throughput_pct_of_max=84.506
[2026-08-19T18:37:17] RUN_END status=OK
[2026-08-19T18:40:17] RUN_START run_id=SCALE_C_PythonNDN_50_018
[2026-08-19T18:40:17] PARAM implementation=PythonNDN
[2026-08-19T18:40:17] METRIC concurrent_clients=50
[2026-08-19T18:40:17] METRIC throughput_pct_of_max=89.734
[2026-08-19T18:40:17] RUN_END status=OK
[2026-08-19T18:42:26] RUN_START run_id=SCALE_C_PythonNDN_50_019
[2026-08-19T18:42:26] PARAM implementation=PythonNDN
[2026-08-19T18:42:26] METRIC concurrent_clients=50
[2026-08-19T18:42:26] METRIC throughput_pct_of_max=83.876
[2026-08-19T18:42:26] RUN_END status=OK
[2026-08-19T18:46:00] RUN_START run_id=SCALE_C_PythonNDN_50_020
[2026-08-19T18:46:00] PARAM implementation=PythonNDN
[2026-08-19T18:46:00] METRIC concurrent_clients=50
[2026-08-19T18:46:00] METRIC throughput_pct_of_max=81.359
[2026-08-19T18:46:00] RUN_END status=OK
[2026-08-19T18:48:04] RUN_START run_id=SCALE_C_PythonNDN_50_021
[2026-08-19T18:48:04] PARAM implementation=PythonNDN
[2026-08-19T18:48:04] METRIC concurrent_clients=50
[2026-08-19T18:48:04] METRIC throughput_pct_of_max=93.265
[2026-08-19T18:48:04] RUN_END status=OK
[2026-08-19T18:49:29] RUN_START run_id=SCALE_C_PythonNDN_50_022
[2026-08-19T18:49:29] PARAM implementation=PythonNDN
[2026-08-19T18:49:29] METRIC concurrent_clients=50
[2026-08-19T18:49:29] METRIC throughput_pct_of_max=91.13
[2026-08-19T18:49:29] RUN_END status=OK
[2026-08-19T18:50:52] RUN_START run_id=SCALE_C_PythonNDN_50_023
[2026-08-19T18:50:52] PARAM implementation=PythonNDN
[2026-08-19T18:50:52] METRIC concurrent_clients=50
[2026-08-19T18:50:52] METRIC throughput_pct_of_max=86.898
[2026-08-19T18:50:52] RUN_END status=OK
[2026-08-19T18:54:00] RUN_START run_id=SCALE_C_PythonNDN_50_024
[2026-08-19T18:54:00] PARAM implementation=PythonNDN
[2026-08-19T18:54:00] METRIC concurrent_clients=50
[2026-08-19T18:54:00] METRIC throughput_pct_of_max=82.804
[2026-08-19T18:54:00] RUN_END status=OK
[2026-08-19T18:59:29] RUN_START run_id=SCALE_C_PythonNDN_50_025
[2026-08-19T18:59:29] PARAM implementation=PythonNDN
[2026-08-19T18:59:29] METRIC concurrent_clients=50
[2026-08-19T18:59:29] METRIC throughput_pct_of_max=84.424
[2026-08-19T18:59:29] RUN_END status=OK
[2026-08-19T19:00:00] RUN_START run_id=SCALE_C_PythonNDN_50_026
[2026-08-19T19:00:00] PARAM implementation=PythonNDN
[2026-08-19T19:00:00] METRIC concurrent_clients=50
[2026-08-19T19:00:00] METRIC throughput_pct_of_max=85.098
[2026-08-19T19:00:00] RUN_END status=OK
[2026-08-19T19:03:26] RUN_START run_id=SCALE_C_PythonNDN_50_027
[2026-08-19T19:03:26] PARAM implementation=PythonNDN
[2026-08-19T19:03:26] METRIC concurrent_clients=50
[2026-08-19T19:03:26] METRIC throughput_pct_of_max=86.278
[2026-08-19T19:03:26] RUN_END status=OK
[2026-08-19T19:06:05] RUN_START run_id=SCALE_C_PythonNDN_50_028
[2026-08-19T19:06:05] PARAM implementation=PythonNDN
[2026-08-19T19:06:05] METRIC concurrent_clients=50
[2026-08-19T19:06:05] METRIC throughput_pct_of_max=84.086
[2026-08-19T19:06:05] RUN_END status=OK
[2026-08-19T19:09:41] RUN_START run_id=SCALE_C_PythonNDN_50_029
[2026-08-19T19:09:41] PARAM implementation=PythonNDN
[2026-08-19T19:09:41] METRIC concurrent_clients=50
[2026-08-19T19:09:41] METRIC throughput_pct_of_max=91.523
[2026-08-19T19:09:41] RUN_END status=OK
[2026-08-19T19:12:33] RUN_START run_id=SCALE_C_PythonNDN_50_030
[2026-08-19T19:12:33] PARAM implementation=PythonNDN
[2026-08-19T19:12:33] METRIC concurrent_clients=50
[2026-08-19T19:12:33] METRIC throughput_pct_of_max=85.013
[2026-08-19T19:12:33] RUN_END status=OK
[2026-08-19T19:17:27] RUN_START run_id=SCALE_C_PythonNDN_50_031
[2026-08-19T19:17:27] PARAM implementation=PythonNDN
[2026-08-19T19:17:27] METRIC concurrent_clients=50
[2026-08-19T19:17:27] METRIC throughput_pct_of_max=86.002
[2026-08-19T19:17:27] RUN_END status=OK
