[2026-08-28T23:49:39] RUN_START run_id=SCALE_C_CCNlite_5000_026
[2026-08-28T23:49:39] PARAM implementation=CCNlite
[2026-08-28T23:49:39] METRIC concurrent_clients=5000
[2026-08-28T23:49:39] METRIC throughput_pct_of_max=42.904
[2026-08-28T23:49:39] RUN_END status=OK
[2026-08-28T23:52:05] RUN_START run_id=SCALE_C_CCNlite_5000_027
[2026-08-28T23:52:05] PARAM implementation=CCNlite
[2026-08-28T23:52:05] METRIC concurrent_clients=5000
[2026-08-28T23:52:05] METRIC throughput_pct_of_max=42.11
[2026-08-28T23:52:05] RUN_END status=OK
[2026-08-28T23:54:51] RUN_START run_id=SCALE_C_CCNlite_5000_028
[2026-08-28T23:54:51] PARAM implementation=CCNlite
[2026-08-28T23:54:51] METRIC concurrent_clients=5000
[2026-08-28T23:54:51] METRIC throughput_pct_of_max=42.634
[2026-08-28T23:54:51] RUN_END status=OK
[2026-08-28T23:56:10] RUN_START run_id=SCALE_C_CCNlite_5000_029
[2026-08-28T23:56:10] PARAM implementation=CCNlite
[2026-08-28T23:56:10] METRIC concurrent_clients=5000
[2026-08-28T23:56:10] METRIC throughput_pct_of_max=42.831
[2026-08-28T23:56:10] RUN_END status=OK
[2026-08-28T23:57:20] RUN_START run_id=SCALE_C_CCNlite_5000_030
[2026-08-28T23:57:20] PARAM implementation=CCNlite
[2026-08-28T23:57:20] METRIC concurrent_clients=5000
[2026-08-28T23:57:20] METRIC throughput_pct_of_max=45.381
[2026-08-28T23:57:20] RUN_END status=OK
[2026-08-29T00:02:48] RUN_START run_id=SCALE_C_CCNlite_5000_031
[2026-08-29T00:02:48] PARAM implementation=CCNlite
[2026-08-29T00:02:48] METRIC concurrent_clients=5000
[2026-08-29T00:02:48] METRIC throughput_pct_of_max=44.694
[2026-08-29T00:02:48] RUN_END status=OK
[2026-08-29T00:06:20] RUN_START run_id=SCALE_C_CCNlite_5000_032
[2026-08-29T00:06:20] PARAM implementation=CCNlite
[2026-08-29T00:06:20] METRIC concurrent_clients=5000
[2026-08-29T00:06:20] METRIC throughput_pct_of_max=42.261
[2026-08-29T00:06:20] RUN_END status=OK
[2026-08-29T00:09:53] RUN_START run_id=SCALE_C_CCNlite_5000_033
[2026-08-29T00:09:53] PARAM implementation=CCNlite
[2026-08-29T00:09:53] METRIC concurrent_clients=5000
[2026-08-29T00:09:53] METRIC throughput_pct_of_max=41.8
[2026-08-29T00:09:53] RUN_END status=OK
[2026-08-29T00:12:31] RUN_START run_id=SCALE_C_CCNlite_5000_034
[2026-08-29T00:12:31] PARAM implementation=CCNlite
[2026-08-29T00:12:31] METRIC concurrent_clients=5000
[2026-08-29T00:12:31] METRIC throughput_pct_of_max=43.436
[2026-08-29T00:12:31] RUN_END status=OK
[2026-08-29T00:14:17] RUN_START run_id=SCALE_C_CCNlite_5000_035
[2026-08-29T00:14:17] PARAM implementation=CCNlite
[2026-08-29T00:14:17] METRIC concurrent_clients=5000
[2026-08-29T00:14:17] METRIC throughput_pct_of_max=40.665
[2026-08-29T00:14:17] RUN_END status=OK
[2026-08-29T00:14:43] RUN_START run_id=SCALE_C_CCNlite_5000_036
[2026-08-29T00:14:43] PARAM implementation=CCNlite
[2026-08-29T00:14:43] METRIC concurrent_clients=5000
[2026-08-29T00:14:43] METRIC throughput_pct_of_max=45.477
[2026-08-29T00:14:43] RUN_END status=OK
[2026-08-29T00:18:28] RUN_START run_id=SCALE_C_CCNlite_5000_037
[2026-08-29T00:18:28] PARAM implementation=CCNlite
[2026-08-29T00:18:28] METRIC concurrent_clients=5000
[2026-08-29T00:18:28] METRIC throughput_pct_of_max=42.687
[2026-08-29T00:18:28] RUN_END status=OK
[2026-08-29T00:20:15] RUN_START run_id=SCALE_C_CCNlite_5000_038
[2026-08-29T00:20:15] PARAM implementation=CCNlite
[2026-08-29T00:20:15] METRIC concurrent_clients=5000
[2026-08-29T00:20:15] METRIC throughput_pct_of_max=44.322
[2026-08-29T00:20:15] RUN_END status=OK
[2026-08-29T00:21:55] RUN_START run_id=SCALE_C_CCNlite_5000_039
[2026-08-29T00:21:55] PARAM implementation=CCNlite
[2026-08-29T00:21:55] METRIC concurrent_clients=5000
[2026-08-29T00:21:55] METRIC throughput_pct_of_max=45.14
[2026-08-29T00:21:55] RUN_END status=OK
[2026-08-29T00:24:25] RUN_START run_id=SCALE_C_CCNlite_5000_040
[2026-08-29T00:24:25] PARAM implementation=CCNlite
[2026-08-29T00:24:25] METRIC concurrent_clients=5000
[2026-08-29T00:24:25] METRIC throughput_pct_of_max=41.205
[2026-08-29T00:24:25] RUN_END status=OK
[2026-08-29T00:27:36] RUN_START run_id=SCALE_C_CCNlite_5000_041
[2026-08-29T00:27:36] PARAM implementation=CCNlite
[2026-08-29T00:27:36] METRIC concurrent_clients=5000
[2026-08-29T00:27:36] METRIC throughput_pct_of_max=43.136
[2026-08-29T00:27:36] RUN_END status=OK
[2026-08-29T00:30:54] RUN_START run_id=SCALE_C_CCNlite_5000_042
[2026-08-29T00:30:54] PARAM implementation=CCNlite
[2026-08-29T00:30:54] METRIC concurrent_clients=5000
[2026-08-29T00:30:54] METRIC throughput_pct_of_max=43.222
[2026-08-29T00:30:54] RUN_END status=OK
[2026-08-29T00:31:50] RUN_START run_id=SCALE_C_CCNlite_5000_043
[2026-08-29T00:31:50] PARAM implementation=CCNlite
[2026-08-29T00:31:50] METRIC concurrent_clients=5000
[2026-08-29T00:31:50] METRIC throughput_pct_of_max=43.795
[2026-08-29T00:31:50] RUN_END status=OK
