[2026-08-20T03:38:45] RUN_START run_id=SCALE_C_uDCN_500_080
[2026-08-20T03:38:45] PARAM implementation=uDCN
[2026-08-20T03:38:45] METRIC concurrent_clients=500
[2026-08-20T03:38:45] METRIC throughput_pct_of_max=88.057
[2026-08-20T03:38:45] RUN_END status=OK
[2026-08-20T03:38:55] RUN_START run_id=SCALE_C_NFD_50_127
[2026-08-20T03:38:55] PARAM implementation=NFD
[2026-08-20T03:38:55] METRIC concurrent_clients=50
[2026-08-20T03:38:55] METRIC throughput_pct_of_max=91.712
[2026-08-20T03:38:55] RUN_END status=OK
[2026-08-20T03:40:00] RUN_START run_id=SCALE_C_NFD_50_128
[2026-08-20T03:40:00] PARAM implementation=NFD
[2026-08-20T03:40:00] METRIC concurrent_clients=50
[2026-08-20T03:40:00] METRIC throughput_pct_of_max=90.355
[2026-08-20T03:40:00] RUN_END status=OK
[2026-08-20T03:41:25] RUN_START run_id=SCALE_C_uDCN_500_081
[2026-08-20T03:41:25] PARAM implementation=uDCN
[2026-08-20T03:41:25] METRIC concurrent_clients=500
[2026-08-20T03:41:25] METRIC throughput_pct_of_max=90.56
[2026-08-20T03:41:25] RUN_END status=OK
[2026-08-20T03:42:07] RUN_START run_id=SCALE_C_NFD_50_129
[2026-08-20T03:42:07] PARAM implementation=NFD
[2026-08-20T03:42:07] METRIC concurrent_clients=50
[2026-08-20T03:42:07] METRIC throughput_pct_of_max=91.117
[2026-08-20T03:42:07] RUN_END status=OK
[2026-08-20T03:42:10] RUN_START run_id=SCALE_C_PythonNDN_100_118
[2026-08-20T03:42:10] PARAM implementation=PythonNDN
[2026-08-20T03:42:10] METRIC concurrent_clients=100
[2026-08-20T03:42:10] METRIC throughput_pct_of_max=64.513
[2026-08-20T03:42:10] RUN_END status=OK
[2026-08-20T03:43:00] RUN_START run_id=SCALE_C_uDCN_500_082
[2026-08-20T03:43:00] PARAM implementation=uDCN
[2026-08-20T03:43:00] METRIC concurrent_clients=500
[2026-08-20T03:43:00] METRIC throughput_pct_of_max=89.085
[2026-08-20T03:43:00] RUN_END status=OK
[2026-08-20T03:43:55] RUN_START run_id=SCALE_C_uDCN_500_083
[2026-08-20T03:43:55] PARAM implementation=uDCN
[2026-08-20T03:43:55] METRIC concurrent_clients=500
[2026-08-20T03:43:55] METRIC throughput_pct_of_max=94.71
[2026-08-20T03:43:55] RUN_END status=OK
[2026-08-20T03:44:58] RUN_START run_id=SCALE_C_PythonNDN_100_119
[2026-08-20T03:44:58] PARAM implementation=PythonNDN
[2026-08-20T03:44:58] METRIC concurrent_clients=100
[2026-08-20T03:44:58] METRIC throughput_pct_of_max=66.002
[2026-08-20T03:44:58] RUN_END status=OK
[2026-08-20T03:45:17] RUN_START run_id=SCALE_C_NFD_50_130
[2026-08-20T03:45:17] PARAM implementation=NFD
[2026-08-20T03:45:17] METRIC concurrent_clients=50
[2026-08-20T03:45:17] METRIC throughput_pct_of_max=87.793
[2026-08-20T03:45:17] RUN_END status=OK
[2026-08-20T03:46:25] RUN_START run_id=SCALE_C_uDCN_500_084
[2026-08-20T03:46:25] PARAM implementation=uDCN
[2026-08-20T03:46:25] METRIC concurrent_clients=500
[2026-08-20T03:46:25] METRIC throughput_pct_of_max=93.836
[2026-08-20T03:46:25] RUN_END status=OK
[2026-08-20T03:46:50] RUN_START run_id=SCALE_C_NFD_50_131
[2026-08-20T03:46:50] PARAM implementation=NFD
[2026-08-20T03:46:50] METRIC concurrent_clients=50
[2026-08-20T03:46:50] METRIC throughput_pct_of_max=89.2
[2026-08-20T03:46:50] RUN_END status=OK
[2026-08-20T03:46:59] RUN_START run_id=SCALE_C_PythonNDN_100_120
[2026-08-20T03:46:59] PARAM implementation=PythonNDN
[2026-08-20T03:46:59] METRIC concurrent_clients=100
[2026-08-20T03:46:59] METRIC throughput_pct_of_max=64.104
[2026-08-20T03:46:59] RUN_END status=OK
[2026-08-20T03:47:09] RUN_START run_id=SCALE_C_uDCN_500_085
[2026-08-20T03:47:09] PARAM implementation=uDCN
[2026-08-20T03:47:09] METRIC concurrent_clients=500
[2026-08-20T03:47:09] METRIC throughput_pct_of_max=94.586
[2026-08-20T03:47:09] RUN_END status=OK
[2026-08-20T03:47:52] RUN_START run_id=SCALE_C_NFD_50_132
[2026-08-20T03:47:52] PARAM implementation=NFD
[2026-08-20T03:47:52] METRIC concurrent_clients=50
[2026-08-20T03:47:52] METRIC throughput_pct_of_max=91.652
[2026-08-20T03:47:52] RUN_END status=OK
[2026-08-20T03:48:43] RUN_START run_id=SCALE_C_uDCN_500_086
[2026-08-20T03:48:43] PARAM implementation=uDCN
[2026-08-20T03:48:43] METRIC concurrent_clients=500
[2026-08-20T03:48:43] METRIC throughput_pct_of_max=87.294
[2026-08-20T03:48:43] RUN_END status=OK
[2026-08-20T03:49:12] RUN_START run_id=SCALE_C_NFD_50_133
[2026-08-20T03:49:12] PARAM implementation=NFD
[2026-08-20T03:49:12] METRIC concurrent_clients=50
[2026-08-20T03:49:12] METRIC throughput_pct_of_max=93.897
[2026-08-20T03:49:12] RUN_END status=OK
[2026-08-20T03:49:42] RUN_START run_id=SCALE_C_PythonNDN_100_121
[2026-08-20T03:49:42] PARAM implementation=PythonNDN
[2026-08-20T03:49:42] METRIC concurrent_clients=100
[2026-08-20T03:49:42] METRIC throughput_pct_of_max=61.144
[2026-08-20T03:49:42] RUN_END status=OK
