[2026-08-16T09:06:14] RUN_START run_id=SCALE_C_NFD_5000_144
[2026-08-16T09:06:14] PARAM implementation=NFD
[2026-08-16T09:06:14] METRIC concurrent_clients=5000
[2026-08-16T09:06:14] METRIC throughput_pct_of_max=36.64
[2026-08-16T09:06:14] RUN_END status=OK
[2026-08-16T09:08:00] RUN_START run_id=SCALE_C_NFD_5000_145
[2026-08-16T09:08:00] PARAM implementation=NFD
[2026-08-16T09:08:00] METRIC concurrent_clients=5000
[2026-08-16T09:08:00] METRIC throughput_pct_of_max=38.827
[2026-08-16T09:08:00] RUN_END status=OK
[2026-08-16T09:09:15] RUN_START run_id=SCALE_C_NFD_5000_146
[2026-08-16T09:09:15] PARAM implementation=NFD
[2026-08-16T09:09:15] METRIC concurrent_clients=5000
[2026-08-16T09:09:15] METRIC throughput_pct_of_max=36.659
[2026-08-16T09:09:15] RUN_END status=OK
[2026-08-16T09:11:56] RUN_START run_id=07_scalability_clients_DISCARDED_0030
[2026-08-16T09:11:56] RUN_ABORTED reason=trex_controller_reset: TRex stateful-engine control connection dropped mid-run before steady-state throughput reached
[2026-08-16T09:13:11] RUN_START run_id=SCALE_C_NFD_5000_147
[2026-08-16T09:13:11] PARAM implementation=NFD
[2026-08-16T09:13:11] METRIC concurrent_clients=5000
[2026-08-16T09:13:11] METRIC throughput_pct_of_max=39.768
[2026-08-16T09:13:11] RUN_END status=OK
[2026-08-16T09:14:49] RUN_START run_id=SCALE_C_NFD_5000_148
[2026-08-16T09:14:49] PARAM implementation=NFD
[2026-08-16T09:14:49] METRIC concurrent_clients=5000
[2026-08-16T09:14:49] METRIC throughput_pct_of_max=39.514
[2026-08-16T09:14:49] RUN_END status=OK
[2026-08-16T09:17:14] RUN_START run_id=SCALE_C_NFD_5000_149
[2026-08-16T09:17:14] PARAM implementation=NFD
[2026-08-16T09:17:14] METRIC concurrent_clients=5000
[2026-08-16T09:17:14] METRIC throughput_pct_of_max=36.677
[2026-08-16T09:17:14] RUN_END status=OK
[2026-08-16T09:19:46] RUN_START run_id=SCALE_C_NFD_5000_150
[2026-08-16T09:19:46] PARAM implementation=NFD
[2026-08-16T09:19:46] METRIC concurrent_clients=5000
[2026-08-16T09:19:46] METRIC throughput_pct_of_max=36.594
[2026-08-16T09:19:46] RUN_END status=OK
[2026-08-16T13:00:00] RUN_START run_id=SCALE_C_PythonNDN_100_001
[2026-08-16T13:00:00] PARAM implementation=PythonNDN
[2026-08-16T13:00:00] METRIC concurrent_clients=100
[2026-08-16T13:00:00] METRIC throughput_pct_of_max=64.308
[2026-08-16T13:00:00] RUN_END status=OK
[2026-08-16T13:02:49] RUN_START run_id=SCALE_C_PythonNDN_100_002
[2026-08-16T13:02:49] PARAM implementation=PythonNDN
[2026-08-16T13:02:49] METRIC concurrent_clients=100
[2026-08-16T13:02:49] METRIC throughput_pct_of_max=68.677
[2026-08-16T13:02:49] RUN_END status=OK
[2026-08-16T13:03:28] RUN_START run_id=SCALE_C_PythonNDN_100_003
[2026-08-16T13:03:28] PARAM implementation=PythonNDN
[2026-08-16T13:03:28] METRIC concurrent_clients=100
[2026-08-16T13:03:28] METRIC throughput_pct_of_max=64.91
[2026-08-16T13:03:28] RUN_END status=OK
[2026-08-16T13:04:09] RUN_START run_id=SCALE_C_PythonNDN_100_004
[2026-08-16T13:04:09] PARAM implementation=PythonNDN
[2026-08-16T13:04:09] METRIC concurrent_clients=100
[2026-08-16T13:04:09] METRIC throughput_pct_of_max=67.931
[2026-08-16T13:04:09] RUN_END status=OK
[2026-08-16T13:06:57] RUN_START run_id=SCALE_C_PythonNDN_100_005
[2026-08-16T13:06:57] PARAM implementation=PythonNDN
[2026-08-16T13:06:57] METRIC concurrent_clients=100
[2026-08-16T13:06:57] METRIC throughput_pct_of_max=66.075
[2026-08-16T13:06:57] RUN_END status=OK
[2026-08-16T13:10:05] RUN_START run_id=SCALE_C_PythonNDN_100_006
[2026-08-16T13:10:05] PARAM implementation=PythonNDN
[2026-08-16T13:10:05] METRIC concurrent_clients=100
[2026-08-16T13:10:05] METRIC throughput_pct_of_max=64.996
[2026-08-16T13:10:05] RUN_END status=OK
[2026-08-16T13:15:09] RUN_START run_id=SCALE_C_PythonNDN_100_007
[2026-08-16T13:15:09] PARAM implementation=PythonNDN
[2026-08-16T13:15:09] METRIC concurrent_clients=100
[2026-08-16T13:15:09] METRIC throughput_pct_of_max=59.867
[2026-08-16T13:15:09] RUN_END status=OK
[2026-08-16T13:16:09] RUN_START run_id=SCALE_C_PythonNDN_100_008
[2026-08-16T13:16:09] PARAM implementation=PythonNDN
[2026-08-16T13:16:09] METRIC concurrent_clients=100
[2026-08-16T13:16:09] METRIC throughput_pct_of_max=62.006
[2026-08-16T13:16:09] RUN_END status=OK
