[2026-08-29T08:35:48] RUN_START run_id=SCALE_C_PythonNDN_500_112
[2026-08-29T08:35:48] PARAM implementation=PythonNDN
[2026-08-29T08:35:48] METRIC concurrent_clients=500
[2026-08-29T08:35:48] METRIC throughput_pct_of_max=31.473
[2026-08-29T08:35:48] RUN_END status=OK
[2026-08-29T08:38:59] RUN_START run_id=SCALE_C_PythonNDN_500_113
[2026-08-29T08:38:59] PARAM implementation=PythonNDN
[2026-08-29T08:38:59] METRIC concurrent_clients=500
[2026-08-29T08:38:59] METRIC throughput_pct_of_max=33.988
[2026-08-29T08:38:59] RUN_END status=OK
[2026-08-29T08:41:23] RUN_START run_id=SCALE_C_PythonNDN_500_114
[2026-08-29T08:41:23] PARAM implementation=PythonNDN
[2026-08-29T08:41:23] METRIC concurrent_clients=500
[2026-08-29T08:41:23] METRIC throughput_pct_of_max=31.57
[2026-08-29T08:41:23] RUN_END status=OK
[2026-08-29T08:42:11] RUN_START run_id=SCALE_C_PythonNDN_500_115
[2026-08-29T08:42:11] PARAM implementation=PythonNDN
[2026-08-29T08:42:11] METRIC concurrent_clients=500
[2026-08-29T08:42:11] METRIC throughput_pct_of_max=35.097
[2026-08-29T08:42:11] RUN_END status=OK
[2026-08-29T10:55:18] RUN_START run_id=SCALE_C_PythonNDN_500_116
[2026-08-29T10:55:18] PARAM implementation=PythonNDN
[2026-08-29T10:55:18] METRIC concurrent_clients=500
[2026-08-29T10:55:18] METRIC throughput_pct_of_max=35.183
[2026-08-29T10:55:18] RUN_END status=OK
[2026-08-29T10:59:51] RUN_START run_id=SCALE_C_PythonNDN_500_117
[2026-08-29T10:59:51] PARAM implementation=PythonNDN
[2026-08-29T10:59:51] METRIC concurrent_clients=500
[2026-08-29T10:59:51] METRIC throughput_pct_of_max=34.509
[2026-08-29T10:59:51] RUN_END status=OK
[2026-08-29T11:02:01] RUN_START run_id=SCALE_C_PythonNDN_500_118
[2026-08-29T11:02:01] PARAM implementation=PythonNDN
[2026-08-29T11:02:01] METRIC concurrent_clients=500
[2026-08-29T11:02:01] METRIC throughput_pct_of_max=33.788
[2026-08-29T11:02:01] RUN_END status=OK
[2026-08-29T11:06:20] RUN_START run_id=SCALE_C_PythonNDN_500_119
[2026-08-29T11:06:20] PARAM implementation=PythonNDN
[2026-08-29T11:06:20] METRIC concurrent_clients=500
[2026-08-29T11:06:20] METRIC throughput_pct_of_max=35.899
[2026-08-29T11:06:20] RUN_END status=OK
[2026-08-29T11:10:48] RUN_START run_id=SCALE_C_PythonNDN_500_120
[2026-08-29T11:10:48] PARAM implementation=PythonNDN
[2026-08-29T11:10:48] METRIC concurrent_clients=500
[2026-08-29T11:10:48] METRIC throughput_pct_of_max=35.684
[2026-08-29T11:10:48] RUN_END status=OK
[2026-08-29T11:14:33] RUN_START run_id=SCALE_C_PythonNDN_500_121
[2026-08-29T11:14:33] PARAM implementation=PythonNDN
[2026-08-29T11:14:33] METRIC concurrent_clients=500
[2026-08-29T11:14:33] METRIC throughput_pct_of_max=30.779
[2026-08-29T11:14:33] RUN_END status=OK
[2026-08-29T11:16:13] RUN_START run_id=SCALE_C_PythonNDN_500_122
[2026-08-29T11:16:13] PARAM implementation=PythonNDN
[2026-08-29T11:16:13] METRIC concurrent_clients=500
[2026-08-29T11:16:13] METRIC throughput_pct_of_max=35.689
[2026-08-29T11:16:13] RUN_END status=OK
[2026-08-29T11:19:28] RUN_START run_id=SCALE_C_PythonNDN_500_123
[2026-08-29T11:19:28] PARAM implementation=PythonNDN
[2026-08-29T11:19:28] METRIC concurrent_clients=500
[2026-08-29T11:19:28] METRIC throughput_pct_of_max=36.108
[2026-08-29T11:19:28] RUN_END status=OK
[2026-08-29T11:21:54] RUN_START run_id=SCALE_C_PythonNDN_500_124
[2026-08-29T11:21:54] PARAM implementation=PythonNDN
[2026-08-29T11:21:54] METRIC concurrent_clients=500
[2026-08-29T11:21:54] METRIC throughput_pct_of_max=34.611
[2026-08-29T11:21:54] RUN_END status=OK
[2026-08-29T11:23:11] RUN_START run_id=SCALE_C_PythonNDN_500_125
[2026-08-29T11:23:11] PARAM implementation=PythonNDN
[2026-08-29T11:23:11] METRIC concurrent_clients=500
[2026-08-29T11:23:11] METRIC throughput_pct_of_max=31.579
[2026-08-29T11:23:11] RUN_END status=OK
[2026-08-29T11:26:05] RUN_START run_id=SCALE_C_PythonNDN_500_126
[2026-08-29T11:26:05] PARAM implementation=PythonNDN
[2026-08-29T11:26:05] METRIC concurrent_clients=500
[2026-08-29T11:26:05] METRIC throughput_pct_of_max=33.283
[2026-08-29T11:26:05] RUN_END status=OK
[2026-08-29T11:27:16] RUN_START run_id=07_scalability_clients_DISCARDED_0220
[2026-08-29T11:27:16] RUN_ABORTED reason=trex_controller_reset: TRex stateful-engine control connection dropped mid-run before steady-state throughput reached
[2026-08-29T11:29:01] RUN_START run_id=SCALE_C_PythonNDN_500_127
[2026-08-29T11:29:01] PARAM implementation=PythonNDN
[2026-08-29T11:29:01] METRIC concurrent_clients=500
[2026-08-29T11:29:01] METRIC throughput_pct_of_max=34.508
[2026-08-29T11:29:01] RUN_END status=OK
