[2026-08-20T12:14:29] RUN_START run_id=SCALE_C_CCNlite_10_008
[2026-08-20T12:14:29] PARAM implementation=CCNlite
[2026-08-20T12:14:29] METRIC concurrent_clients=10
[2026-08-20T12:14:29] METRIC throughput_pct_of_max=100.0
[2026-08-20T12:14:29] RUN_END status=OK
[2026-08-20T12:15:40] RUN_START run_id=SCALE_C_uDCN_500_118
[2026-08-20T12:15:40] PARAM implementation=uDCN
[2026-08-20T12:15:40] METRIC concurrent_clients=500
[2026-08-20T12:15:40] METRIC throughput_pct_of_max=95.483
[2026-08-20T12:15:40] RUN_END status=OK
[2026-08-20T12:16:12] RUN_START run_id=SCALE_C_CCNlite_10_009
[2026-08-20T12:16:12] PARAM implementation=CCNlite
[2026-08-20T12:16:12] METRIC concurrent_clients=10
[2026-08-20T12:16:12] METRIC throughput_pct_of_max=99.748
[2026-08-20T12:16:12] RUN_END status=OK
[2026-08-20T12:16:37] RUN_START run_id=SCALE_C_uDCN_500_119
[2026-08-20T12:16:37] PARAM implementation=uDCN
[2026-08-20T12:16:37] METRIC concurrent_clients=500
[2026-08-20T12:16:37] METRIC throughput_pct_of_max=93.706
[2026-08-20T12:16:37] RUN_END status=OK
[2026-08-20T12:17:53] RUN_START run_id=SCALE_C_CCNlite_10_010
[2026-08-20T12:17:53] PARAM implementation=CCNlite
[2026-08-20T12:17:53] METRIC concurrent_clients=10
[2026-08-20T12:17:53] METRIC throughput_pct_of_max=100.0
[2026-08-20T12:17:53] RUN_END status=OK
[2026-08-20T12:18:41] RUN_START run_id=SCALE_C_CCNlite_10_011
[2026-08-20T12:18:41] PARAM implementation=CCNlite
[2026-08-20T12:18:41] METRIC concurrent_clients=10
[2026-08-20T12:18:41] METRIC throughput_pct_of_max=100.0
[2026-08-20T12:18:41] RUN_END status=OK
[2026-08-20T12:19:36] RUN_START run_id=SCALE_C_uDCN_500_120
[2026-08-20T12:19:36] PARAM implementation=uDCN
[2026-08-20T12:19:36] METRIC concurrent_clients=500
[2026-08-20T12:19:36] METRIC throughput_pct_of_max=90.137
[2026-08-20T12:19:36] RUN_END status=OK
[2026-08-20T12:20:33] RUN_START run_id=SCALE_C_CCNlite_10_012
[2026-08-20T12:20:33] PARAM implementation=CCNlite
[2026-08-20T12:20:33] METRIC concurrent_clients=10
[2026-08-20T12:20:33] METRIC throughput_pct_of_max=99.015
[2026-08-20T12:20:33] RUN_END status=OK
[2026-08-20T12:20:57] RUN_START run_id=SCALE_C_uDCN_500_121
[2026-08-20T12:20:57] PARAM implementation=uDCN
[2026-08-20T12:20:57] METRIC concurrent_clients=500
[2026-08-20T12:20:57] METRIC throughput_pct_of_max=86.111
[2026-08-20T12:20:57] RUN_END status=OK
[2026-08-20T12:22:53] RUN_START run_id=SCALE_C_uDCN_500_122
[2026-08-20T12:22:53] PARAM implementation=uDCN
[2026-08-20T12:22:53] METRIC concurrent_clients=500
[2026-08-20T12:22:53] METRIC throughput_pct_of_max=88.641
[2026-08-20T12:22:53] RUN_END status=OK
[2026-08-20T12:25:21] RUN_START run_id=SCALE_C_CCNlite_10_013
[2026-08-20T12:25:21] PARAM implementation=CCNlite
[2026-08-20T12:25:21] METRIC concurrent_clients=10
[2026-08-20T12:25:21] METRIC throughput_pct_of_max=97.611
[2026-08-20T12:25:21] RUN_END status=OK
