[2026-08-21T20:42:38] RUN_START run_id=SCALE_C_NFD_100_041
[2026-08-21T20:42:38] PARAM implementation=NFD
[2026-08-21T20:42:38] METRIC concurrent_clients=100
[2026-08-21T20:42:38] METRIC throughput_pct_of_max=78.885
[2026-08-21T20:42:38] RUN_END status=OK
[2026-08-21T20:44:50] RUN_START run_id=SCALE_C_NFD_100_042
[2026-08-21T20:44:50] PARAM implementation=NFD
[2026-08-21T20:44:50] METRIC concurrent_clients=100
[2026-08-21T20:44:50] METRIC throughput_pct_of_max=80.49
[2026-08-21T20:44:50] RUN_END status=OK
[2026-08-21T20:46:24] RUN_START run_id=SCALE_C_NFD_100_043
[2026-08-21T20:46:24] PARAM implementation=NFD
[2026-08-21T20:46:24] METRIC concurrent_clients=100
[2026-08-21T20:46:24] METRIC throughput_pct_of_max=79.703
[2026-08-21T20:46:24] RUN_END status=OK
[2026-08-21T20:48:49] RUN_START run_id=SCALE_C_NFD_100_044
[2026-08-21T20:48:49] PARAM implementation=NFD
[2026-08-21T20:48:49] METRIC concurrent_clients=100
[2026-08-21T20:48:49] METRIC throughput_pct_of_max=77.191
[2026-08-21T20:48:49] RUN_END status=OK
[2026-08-21T20:50:01] RUN_START run_id=SCALE_C_NFD_100_045
[2026-08-21T20:50:01] PARAM implementation=NFD
[2026-08-21T20:50:01] METRIC concurrent_clients=100
[2026-08-21T20:50:01] METRIC throughput_pct_of_max=81.169
[2026-08-21T20:50:01] RUN_END status=OK
[2026-08-21T20:56:00] RUN_START run_id=SCALE_C_NFD_100_046
[2026-08-21T20:56:00] PARAM implementation=NFD
[2026-08-21T20:56:00] METRIC concurrent_clients=100
[2026-08-21T20:56:00] METRIC throughput_pct_of_max=75.461
[2026-08-21T20:56:00] RUN_END status=OK
[2026-08-21T20:59:16] RUN_START run_id=SCALE_C_NFD_100_047
[2026-08-21T20:59:16] PARAM implementation=NFD
[2026-08-21T20:59:16] METRIC concurrent_clients=100
[2026-08-21T20:59:16] METRIC throughput_pct_of_max=77.667
[2026-08-21T20:59:16] RUN_END status=OK
[2026-08-21T21:00:47] RUN_START run_id=SCALE_C_NFD_100_048
[2026-08-21T21:00:47] PARAM implementation=NFD
[2026-08-21T21:00:47] METRIC concurrent_clients=100
[2026-08-21T21:00:47] METRIC throughput_pct_of_max=79.592
[2026-08-21T21:00:47] RUN_END status=OK
[2026-08-21T21:02:40] RUN_START run_id=SCALE_C_NFD_100_049
[2026-08-21T21:02:40] PARAM implementation=NFD
[2026-08-21T21:02:40] METRIC concurrent_clients=100
[2026-08-21T21:02:40] METRIC throughput_pct_of_max=81.276
[2026-08-21T21:02:40] RUN_END status=OK
[2026-08-21T21:07:09] RUN_START run_id=SCALE_C_NFD_100_050
[2026-08-21T21:07:09] PARAM implementation=NFD
[2026-08-21T21:07:09] METRIC concurrent_clients=100
[2026-08-21T21:07:09] METRIC throughput_pct_of_max=81.659
[2026-08-21T21:07:09] RUN_END status=OK
[2026-08-21T21:11:41] RUN_START run_id=SCALE_C_NFD_100_051
[2026-08-21T21:11:41] PARAM implementation=NFD
[2026-08-21T21:11:41] METRIC concurrent_clients=100
[2026-08-21T21:11:41] METRIC throughput_pct_of_max=81.14
[2026-08-21T21:11:41] RUN_END status=OK
[2026-08-21T21:13:09] RUN_START run_id=SCALE_C_NFD_100_052
[2026-08-21T21:13:09] PARAM implementation=NFD
[2026-08-21T21:13:09] METRIC concurrent_clients=100
[2026-08-21T21:13:09] METRIC throughput_pct_of_max=75.593
[2026-08-21T21:13:09] RUN_END status=OK
[2026-08-21T21:14:37] RUN_START run_id=SCALE_C_NFD_100_053
[2026-08-21T21:14:37] PARAM implementation=NFD
[2026-08-21T21:14:37] METRIC concurrent_clients=100
[2026-08-21T21:14:37] METRIC throughput_pct_of_max=77.946
[2026-08-21T21:14:37] RUN_END status=OK
[2026-08-21T21:17:42] RUN_START run_id=SCALE_C_NFD_100_054
[2026-08-21T21:17:42] PARAM implementation=NFD
[2026-08-21T21:17:42] METRIC concurrent_clients=100
[2026-08-21T21:17:42] METRIC throughput_pct_of_max=82.151
[2026-08-21T21:17:42] RUN_END status=OK
[2026-08-21T21:32:45] RUN_START run_id=SCALE_C_NFD_500_046
[2026-08-21T21:32:45] PARAM implementation=NFD
[2026-08-21T21:32:45] METRIC concurrent_clients=500
[2026-08-21T21:32:45] METRIC throughput_pct_of_max=68.288
[2026-08-21T21:32:45] RUN_END status=OK
[2026-08-21T21:35:11] RUN_START run_id=SCALE_C_NFD_500_047
[2026-08-21T21:35:11] PARAM implementation=NFD
[2026-08-21T21:35:11] METRIC concurrent_clients=500
[2026-08-21T21:35:11] METRIC throughput_pct_of_max=70.158
[2026-08-21T21:35:11] RUN_END status=OK
[2026-08-21T21:38:11] RUN_START run_id=SCALE_C_NFD_500_048
[2026-08-21T21:38:11] PARAM implementation=NFD
[2026-08-21T21:38:11] METRIC concurrent_clients=500
[2026-08-21T21:38:11] METRIC throughput_pct_of_max=66.12
[2026-08-21T21:38:11] RUN_END status=OK
[2026-08-21T21:39:52] RUN_START run_id=SCALE_C_NFD_500_049
[2026-08-21T21:39:52] PARAM implementation=NFD
[2026-08-21T21:39:52] METRIC concurrent_clients=500
[2026-08-21T21:39:52] METRIC throughput_pct_of_max=73.054
[2026-08-21T21:39:52] RUN_END status=OK
[2026-08-21T21:40:53] RUN_START run_id=SCALE_C_NFD_500_050
[2026-08-21T21:40:53] PARAM implementation=NFD
[2026-08-21T21:40:53] METRIC concurrent_clients=500
[2026-08-21T21:40:53] METRIC throughput_pct_of_max=65.917
[2026-08-21T21:40:53] RUN_END status=OK
[2026-08-21T21:42:46] RUN_START run_id=SCALE_C_NFD_500_051
[2026-08-21T21:42:46] PARAM implementation=NFD
[2026-08-21T21:42:46] METRIC concurrent_clients=500
[2026-08-21T21:42:46] METRIC throughput_pct_of_max=68.218
[2026-08-21T21:42:46] RUN_END status=OK
