[2026-08-18T20:10:53] RUN_START run_id=SCALE_C_uDCN_500_043
[2026-08-18T20:10:53] PARAM implementation=uDCN
[2026-08-18T20:10:53] METRIC concurrent_clients=500
[2026-08-18T20:10:53] METRIC throughput_pct_of_max=95.983
[2026-08-18T20:10:53] RUN_END status=OK
[2026-08-18T20:13:23] RUN_START run_id=SCALE_C_uDCN_500_044
[2026-08-18T20:13:23] PARAM implementation=uDCN
[2026-08-18T20:13:23] METRIC concurrent_clients=500
[2026-08-18T20:13:23] METRIC throughput_pct_of_max=87.247
[2026-08-18T20:13:23] RUN_END status=OK
[2026-08-18T20:17:43] RUN_START run_id=SCALE_C_uDCN_500_045
[2026-08-18T20:17:43] PARAM implementation=uDCN
[2026-08-18T20:17:43] METRIC concurrent_clients=500
[2026-08-18T20:17:43] METRIC throughput_pct_of_max=88.095
[2026-08-18T20:17:43] RUN_END status=OK
[2026-08-18T20:19:25] RUN_START run_id=SCALE_C_uDCN_500_046
[2026-08-18T20:19:25] PARAM implementation=uDCN
[2026-08-18T20:19:25] METRIC concurrent_clients=500
[2026-08-18T20:19:25] METRIC throughput_pct_of_max=88.069
[2026-08-18T20:19:25] RUN_END status=OK
[2026-08-18T20:20:30] RUN_START run_id=SCALE_C_uDCN_500_047
[2026-08-18T20:20:30] PARAM implementation=uDCN
[2026-08-18T20:20:30] METRIC concurrent_clients=500
[2026-08-18T20:20:30] METRIC throughput_pct_of_max=91.008
[2026-08-18T20:20:30] RUN_END status=OK
[2026-08-18T20:21:42] RUN_START run_id=SCALE_C_uDCN_500_048
[2026-08-18T20:21:42] PARAM implementation=uDCN
[2026-08-18T20:21:42] METRIC concurrent_clients=500
[2026-08-18T20:21:42] METRIC throughput_pct_of_max=88.297
[2026-08-18T20:21:42] RUN_END status=OK
[2026-08-18T20:22:56] RUN_START run_id=SCALE_C_uDCN_500_049
[2026-08-18T20:22:56] PARAM implementation=uDCN
[2026-08-18T20:22:56] METRIC concurrent_clients=500
[2026-08-18T20:22:56] METRIC throughput_pct_of_max=92.646
[2026-08-18T20:22:56] RUN_END status=OK
[2026-08-18T20:26:25] RUN_START run_id=SCALE_C_uDCN_500_050
[2026-08-18T20:26:25] PARAM implementation=uDCN
[2026-08-18T20:26:25] METRIC concurrent_clients=500
[2026-08-18T20:26:25] METRIC throughput_pct_of_max=89.64
[2026-08-18T20:26:25] RUN_END status=OK
[2026-08-18T20:28:02] RUN_START run_id=SCALE_C_uDCN_500_051
[2026-08-18T20:28:02] PARAM implementation=uDCN
[2026-08-18T20:28:02] METRIC concurrent_clients=500
[2026-08-18T20:28:02] METRIC throughput_pct_of_max=93.555
[2026-08-18T20:28:02] RUN_END status=OK
[2026-08-18T20:29:23] RUN_START run_id=SCALE_C_uDCN_500_052
[2026-08-18T20:29:23] PARAM implementation=uDCN
[2026-08-18T20:29:23] METRIC concurrent_clients=500
[2026-08-18T20:29:23] METRIC throughput_pct_of_max=91.552
[2026-08-18T20:29:23] RUN_END status=OK
[2026-08-18T20:31:35] RUN_START run_id=07_scalability_clients_DISCARDED_0059
[2026-08-18T20:31:35] RUN_ABORTED reason=trex_controller_reset: TRex stateful-engine control connection dropped mid-run before steady-state throughput reached
[2026-08-18T20:32:52] RUN_START run_id=SCALE_C_uDCN_500_053
[2026-08-18T20:32:52] PARAM implementation=uDCN
[2026-08-18T20:32:52] METRIC concurrent_clients=500
[2026-08-18T20:32:52] METRIC throughput_pct_of_max=90.437
[2026-08-18T20:32:52] RUN_END status=OK
[2026-08-18T20:36:13] RUN_START run_id=SCALE_C_uDCN_500_054
[2026-08-18T20:36:13] PARAM implementation=uDCN
[2026-08-18T20:36:13] METRIC concurrent_clients=500
[2026-08-18T20:36:13] METRIC throughput_pct_of_max=88.559
[2026-08-18T20:36:13] RUN_END status=OK
[2026-08-18T20:37:51] RUN_START run_id=SCALE_C_uDCN_500_055
[2026-08-18T20:37:51] PARAM implementation=uDCN
[2026-08-18T20:37:51] METRIC concurrent_clients=500
[2026-08-18T20:37:51] METRIC throughput_pct_of_max=88.07
[2026-08-18T20:37:51] RUN_END status=OK
[2026-08-18T20:41:10] RUN_START run_id=SCALE_C_uDCN_500_056
[2026-08-18T20:41:10] PARAM implementation=uDCN
[2026-08-18T20:41:10] METRIC concurrent_clients=500
[2026-08-18T20:41:10] METRIC throughput_pct_of_max=90.784
[2026-08-18T20:41:10] RUN_END status=OK
[2026-08-18T20:41:56] RUN_START run_id=SCALE_C_uDCN_500_057
[2026-08-18T20:41:56] PARAM implementation=uDCN
[2026-08-18T20:41:56] METRIC concurrent_clients=500
[2026-08-18T20:41:56] METRIC throughput_pct_of_max=96.984
[2026-08-18T20:41:56] RUN_END status=OK
[2026-08-18T21:47:34] RUN_START run_id=SCALE_C_PythonNDN_10_136
[2026-08-18T21:47:34] PARAM implementation=PythonNDN
[2026-08-18T21:47:34] METRIC concurrent_clients=10
[2026-08-18T21:47:34] METRIC throughput_pct_of_max=100.0
[2026-08-18T21:47:34] RUN_END status=OK
[2026-08-18T21:50:56] RUN_START run_id=SCALE_C_PythonNDN_10_137
[2026-08-18T21:50:56] PARAM implementation=PythonNDN
[2026-08-18T21:50:56] METRIC concurrent_clients=10
[2026-08-18T21:50:56] METRIC throughput_pct_of_max=100.0
[2026-08-18T21:50:56] RUN_END status=OK
[2026-08-18T21:51:54] RUN_START run_id=SCALE_C_PythonNDN_10_138
[2026-08-18T21:51:54] PARAM implementation=PythonNDN
[2026-08-18T21:51:54] METRIC concurrent_clients=10
[2026-08-18T21:51:54] METRIC throughput_pct_of_max=100.0
[2026-08-18T21:51:54] RUN_END status=OK
[2026-08-18T21:53:22] RUN_START run_id=SCALE_C_PythonNDN_10_139
[2026-08-18T21:53:22] PARAM implementation=PythonNDN
[2026-08-18T21:53:22] METRIC concurrent_clients=10
[2026-08-18T21:53:22] METRIC throughput_pct_of_max=100.0
[2026-08-18T21:53:22] RUN_END status=OK
[2026-08-18T21:57:00] RUN_START run_id=SCALE_C_PythonNDN_10_140
[2026-08-18T21:57:00] PARAM implementation=PythonNDN
[2026-08-18T21:57:00] METRIC concurrent_clients=10
[2026-08-18T21:57:00] METRIC throughput_pct_of_max=95.645
[2026-08-18T21:57:00] RUN_END status=OK
