[2026-08-20T02:13:36] RUN_START run_id=SCALE_C_PythonNDN_50_049
[2026-08-20T02:13:36] PARAM implementation=PythonNDN
[2026-08-20T02:13:36] METRIC concurrent_clients=50
[2026-08-20T02:13:36] METRIC throughput_pct_of_max=81.465
[2026-08-20T02:13:36] RUN_END status=OK
[2026-08-20T02:14:11] RUN_START run_id=SCALE_C_PythonNDN_50_050
[2026-08-20T02:14:11] PARAM implementation=PythonNDN
[2026-08-20T02:14:11] METRIC concurrent_clients=50
[2026-08-20T02:14:11] METRIC throughput_pct_of_max=85.64
[2026-08-20T02:14:11] RUN_END status=OK
[2026-08-20T02:16:03] RUN_START run_id=SCALE_C_PythonNDN_50_051
[2026-08-20T02:16:03] PARAM implementation=PythonNDN
[2026-08-20T02:16:03] METRIC concurrent_clients=50
[2026-08-20T02:16:03] METRIC throughput_pct_of_max=85.134
[2026-08-20T02:16:03] RUN_END status=OK
[2026-08-20T02:17:51] RUN_START run_id=SCALE_C_PythonNDN_50_052
[2026-08-20T02:17:51] PARAM implementation=PythonNDN
[2026-08-20T02:17:51] METRIC concurrent_clients=50
[2026-08-20T02:17:51] METRIC throughput_pct_of_max=80.731
[2026-08-20T02:17:51] RUN_END status=OK
[2026-08-20T02:19:06] RUN_START run_id=SCALE_C_PythonNDN_50_053
[2026-08-20T02:19:06] PARAM implementation=PythonNDN
[2026-08-20T02:19:06] METRIC concurrent_clients=50
[2026-08-20T02:19:06] METRIC throughput_pct_of_max=80.56
[2026-08-20T02:19:06] RUN_END status=OK
[2026-08-20T02:20:16] RUN_START run_id=SCALE_C_PythonNDN_50_054
[2026-08-20T02:20:16] PARAM implementation=PythonNDN
[2026-08-20T02:20:16] METRIC concurrent_clients=50
[2026-08-20T02:20:16] METRIC throughput_pct_of_max=89.807
[2026-08-20T02:20:16] RUN_END status=OK
[2026-08-20T02:21:22] RUN_START run_id=SCALE_C_PythonNDN_50_055
[2026-08-20T02:21:22] PARAM implementation=PythonNDN
[2026-08-20T02:21:22] METRIC concurrent_clients=50
[2026-08-20T02:21:22] METRIC throughput_pct_of_max=92.404
[2026-08-20T02:21:22] RUN_END status=OK
[2026-08-20T02:22:43] RUN_START run_id=SCALE_C_PythonNDN_50_056
[2026-08-20T02:22:43] PARAM implementation=PythonNDN
[2026-08-20T02:22:43] METRIC concurrent_clients=50
[2026-08-20T02:22:43] METRIC throughput_pct_of_max=81.698
[2026-08-20T02:22:43] RUN_END status=OK
[2026-08-20T02:26:25] RUN_START run_id=SCALE_C_PythonNDN_50_057
[2026-08-20T02:26:25] PARAM implementation=PythonNDN
[2026-08-20T02:26:25] METRIC concurrent_clients=50
[2026-08-20T02:26:25] METRIC throughput_pct_of_max=88.059
[2026-08-20T02:26:25] RUN_END status=OK
[2026-08-20T02:33:26] RUN_START run_id=SCALE_C_uDCN_500_058
[2026-08-20T02:33:26] PARAM implementation=uDCN
[2026-08-20T02:33:26] METRIC concurrent_clients=500
[2026-08-20T02:33:26] METRIC throughput_pct_of_max=92.521
[2026-08-20T02:33:26] RUN_END status=OK
[2026-08-20T02:37:45] RUN_START run_id=SCALE_C_uDCN_500_059
[2026-08-20T02:37:45] PARAM implementation=uDCN
[2026-08-20T02:37:45] METRIC concurrent_clients=500
[2026-08-20T02:37:45] METRIC throughput_pct_of_max=92.128
[2026-08-20T02:37:45] RUN_END status=OK
[2026-08-20T02:40:00] RUN_START run_id=SCALE_C_uDCN_500_060
[2026-08-20T02:40:00] PARAM implementation=uDCN
[2026-08-20T02:40:00] METRIC concurrent_clients=500
[2026-08-20T02:40:00] METRIC throughput_pct_of_max=89.7
[2026-08-20T02:40:00] RUN_END status=OK
[2026-08-20T02:41:08] RUN_START run_id=SCALE_C_uDCN_500_061
[2026-08-20T02:41:08] PARAM implementation=uDCN
[2026-08-20T02:41:08] METRIC concurrent_clients=500
[2026-08-20T02:41:08] METRIC throughput_pct_of_max=94.724
[2026-08-20T02:41:08] RUN_END status=OK
[2026-08-20T02:41:49] RUN_START run_id=SCALE_C_uDCN_500_062
[2026-08-20T02:41:49] PARAM implementation=uDCN
[2026-08-20T02:41:49] METRIC concurrent_clients=500
[2026-08-20T02:41:49] METRIC throughput_pct_of_max=88.207
[2026-08-20T02:41:49] RUN_END status=OK
[2026-08-20T02:44:57] RUN_START run_id=SCALE_C_uDCN_500_063
[2026-08-20T02:44:57] PARAM implementation=uDCN
[2026-08-20T02:44:57] METRIC concurrent_clients=500
[2026-08-20T02:44:57] METRIC throughput_pct_of_max=92.82
[2026-08-20T02:44:57] RUN_END status=OK
[2026-08-20T02:47:13] RUN_START run_id=SCALE_C_uDCN_500_064
[2026-08-20T02:47:13] PARAM implementation=uDCN
[2026-08-20T02:47:13] METRIC concurrent_clients=500
[2026-08-20T02:47:13] METRIC throughput_pct_of_max=90.159
[2026-08-20T02:47:13] RUN_END status=OK
