[2026-08-13T18:33:04] RUN_START run_id=SCALE_C_NFD_5000_065
[2026-08-13T18:33:04] PARAM implementation=NFD
[2026-08-13T18:33:04] METRIC concurrent_clients=5000
[2026-08-13T18:33:04] METRIC throughput_pct_of_max=39.576
[2026-08-13T18:33:04] RUN_END status=OK
[2026-08-13T18:36:41] RUN_START run_id=SCALE_C_NFD_5000_066
[2026-08-13T18:36:41] PARAM implementation=NFD
[2026-08-13T18:36:41] METRIC concurrent_clients=5000
[2026-08-13T18:36:41] METRIC throughput_pct_of_max=38.682
[2026-08-13T18:36:41] RUN_END status=OK
[2026-08-13T18:39:27] RUN_START run_id=SCALE_C_NFD_5000_067
[2026-08-13T18:39:27] PARAM implementation=NFD
[2026-08-13T18:39:27] METRIC concurrent_clients=5000
[2026-08-13T18:39:27] METRIC throughput_pct_of_max=38.099
[2026-08-13T18:39:27] RUN_END status=OK
[2026-08-14T03:32:06] RUN_START run_id=SCALE_C_PythonNDN_10_045
[2026-08-14T03:32:06] PARAM implementation=PythonNDN
[2026-08-14T03:32:06] METRIC concurrent_clients=10
[2026-08-14T03:32:06] METRIC throughput_pct_of_max=95.776
[2026-08-14T03:32:06] RUN_END status=OK
[2026-08-14T03:37:54] RUN_START run_id=SCALE_C_PythonNDN_10_046
[2026-08-14T03:37:54] PARAM implementation=PythonNDN
[2026-08-14T03:37:54] METRIC concurrent_clients=10
[2026-08-14T03:37:54] METRIC throughput_pct_of_max=93.73
[2026-08-14T03:37:54] RUN_END status=OK
[2026-08-14T03:38:45] RUN_START run_id=SCALE_C_PythonNDN_10_047
[2026-08-14T03:38:45] PARAM implementation=PythonNDN
[2026-08-14T03:38:45] METRIC concurrent_clients=10
[2026-08-14T03:38:45] METRIC throughput_pct_of_max=97.624
[2026-08-14T03:38:45] RUN_END status=OK
[2026-08-14T03:41:01] RUN_START run_id=SCALE_C_PythonNDN_10_048
[2026-08-14T03:41:01] PARAM implementation=PythonNDN
[2026-08-14T03:41:01] METRIC concurrent_clients=10
[2026-08-14T03:41:01] METRIC throughput_pct_of_max=100.0
[2026-08-14T03:41:01] RUN_END status=OK
[2026-08-14T03:41:28] RUN_START run_id=SCALE_C_PythonNDN_10_049
[2026-08-14T03:41:28] PARAM implementation=PythonNDN
[2026-08-14T03:41:28] METRIC concurrent_clients=10
[2026-08-14T03:41:28] METRIC throughput_pct_of_max=95.982
[2026-08-14T03:41:28] RUN_END status=OK
[2026-08-14T03:43:20] RUN_START run_id=SCALE_C_PythonNDN_10_050
[2026-08-14T03:43:20] PARAM implementation=PythonNDN
[2026-08-14T03:43:20] METRIC concurrent_clients=10
[2026-08-14T03:43:20] METRIC throughput_pct_of_max=99.122
[2026-08-14T03:43:20] RUN_END status=OK
[2026-08-14T03:43:47] RUN_START run_id=SCALE_C_uDCN_10_057
[2026-08-14T03:43:47] PARAM implementation=uDCN
[2026-08-14T03:43:47] METRIC concurrent_clients=10
[2026-08-14T03:43:47] METRIC throughput_pct_of_max=100.0
[2026-08-14T03:43:47] RUN_END status=OK
[2026-08-14T03:45:12] RUN_START run_id=SCALE_C_PythonNDN_10_051
[2026-08-14T03:45:12] PARAM implementation=PythonNDN
[2026-08-14T03:45:12] METRIC concurrent_clients=10
[2026-08-14T03:45:12] METRIC throughput_pct_of_max=94.65
[2026-08-14T03:45:12] RUN_END status=OK
[2026-08-14T03:46:32] RUN_START run_id=SCALE_C_uDCN_10_058
[2026-08-14T03:46:32] PARAM implementation=uDCN
[2026-08-14T03:46:32] METRIC concurrent_clients=10
[2026-08-14T03:46:32] METRIC throughput_pct_of_max=94.282
[2026-08-14T03:46:32] RUN_END status=OK
[2026-08-14T03:47:08] RUN_START run_id=SCALE_C_uDCN_10_059
[2026-08-14T03:47:08] PARAM implementation=uDCN
[2026-08-14T03:47:08] METRIC concurrent_clients=10
[2026-08-14T03:47:08] METRIC throughput_pct_of_max=95.425
[2026-08-14T03:47:08] RUN_END status=OK
[2026-08-14T03:47:53] RUN_START run_id=SCALE_C_PythonNDN_10_052
[2026-08-14T03:47:53] PARAM implementation=PythonNDN
[2026-08-14T03:47:53] METRIC concurrent_clients=10
[2026-08-14T03:47:53] METRIC throughput_pct_of_max=97.96
[2026-08-14T03:47:53] RUN_END status=OK
[2026-08-14T03:48:47] RUN_START run_id=SCALE_C_uDCN_10_060
[2026-08-14T03:48:47] PARAM implementation=uDCN
[2026-08-14T03:48:47] METRIC concurrent_clients=10
[2026-08-14T03:48:47] METRIC throughput_pct_of_max=100.0
[2026-08-14T03:48:47] RUN_END status=OK
[2026-08-14T03:50:10] RUN_START run_id=SCALE_C_uDCN_10_061
[2026-08-14T03:50:10] PARAM implementation=uDCN
[2026-08-14T03:50:10] METRIC concurrent_clients=10
[2026-08-14T03:50:10] METRIC throughput_pct_of_max=100.0
[2026-08-14T03:50:10] RUN_END status=OK
[2026-08-14T03:51:26] RUN_START run_id=SCALE_C_uDCN_10_062
[2026-08-14T03:51:26] PARAM implementation=uDCN
[2026-08-14T03:51:26] METRIC concurrent_clients=10
[2026-08-14T03:51:26] METRIC throughput_pct_of_max=100.0
[2026-08-14T03:51:26] RUN_END status=OK
[2026-08-14T03:51:52] RUN_START run_id=SCALE_C_PythonNDN_10_053
[2026-08-14T03:51:52] PARAM implementation=PythonNDN
[2026-08-14T03:51:52] METRIC concurrent_clients=10
[2026-08-14T03:51:52] METRIC throughput_pct_of_max=100.0
[2026-08-14T03:51:52] RUN_END status=OK
[2026-08-14T03:52:39] RUN_START run_id=SCALE_C_PythonNDN_10_054
[2026-08-14T03:52:39] PARAM implementation=PythonNDN
[2026-08-14T03:52:39] METRIC concurrent_clients=10
[2026-08-14T03:52:39] METRIC throughput_pct_of_max=96.284
[2026-08-14T03:52:39] RUN_END status=OK
[2026-08-14T03:53:17] RUN_START run_id=SCALE_C_PythonNDN_10_055
[2026-08-14T03:53:17] PARAM implementation=PythonNDN
[2026-08-14T03:53:17] METRIC concurrent_clients=10
[2026-08-14T03:53:17] METRIC throughput_pct_of_max=95.432
[2026-08-14T03:53:17] RUN_END status=OK
