[2026-08-18T07:46:38] RUN_START run_id=SCALE_C_NFD_50_022
[2026-08-18T07:46:38] PARAM implementation=NFD
[2026-08-18T07:46:38] METRIC concurrent_clients=50
[2026-08-18T07:46:38] METRIC throughput_pct_of_max=94.246
[2026-08-18T07:46:38] RUN_END status=OK
[2026-08-18T07:47:42] RUN_START run_id=SCALE_C_PythonNDN_1000_118
[2026-08-18T07:47:42] PARAM implementation=PythonNDN
[2026-08-18T07:47:42] METRIC concurrent_clients=1000
[2026-08-18T07:47:42] METRIC throughput_pct_of_max=15.234
[2026-08-18T07:47:42] RUN_END status=OK
[2026-08-18T07:49:03] RUN_START run_id=07_scalability_clients_DISCARDED_0045
[2026-08-18T07:49:03] RUN_ABORTED reason=trex_controller_reset: TRex stateful-engine control connection dropped mid-run before steady-state throughput reached
[2026-08-18T07:50:08] RUN_START run_id=SCALE_C_PythonNDN_1000_119
[2026-08-18T07:50:08] PARAM implementation=PythonNDN
[2026-08-18T07:50:08] METRIC concurrent_clients=1000
[2026-08-18T07:50:08] METRIC throughput_pct_of_max=14.94
[2026-08-18T07:50:08] RUN_END status=OK
[2026-08-18T07:51:19] RUN_START run_id=SCALE_C_PythonNDN_1000_120
[2026-08-18T07:51:19] PARAM implementation=PythonNDN
[2026-08-18T07:51:19] METRIC concurrent_clients=1000
[2026-08-18T07:51:19] METRIC throughput_pct_of_max=14.73
[2026-08-18T07:51:19] RUN_END status=OK
[2026-08-18T07:52:24] RUN_START run_id=SCALE_C_NFD_50_023
[2026-08-18T07:52:24] PARAM implementation=NFD
[2026-08-18T07:52:24] METRIC concurrent_clients=50
[2026-08-18T07:52:24] METRIC throughput_pct_of_max=96.409
[2026-08-18T07:52:24] RUN_END status=OK
[2026-08-18T07:52:52] RUN_START run_id=SCALE_C_PythonNDN_1000_121
[2026-08-18T07:52:52] PARAM implementation=PythonNDN
[2026-08-18T07:52:52] METRIC concurrent_clients=1000
[2026-08-18T07:52:52] METRIC throughput_pct_of_max=14.534
[2026-08-18T07:52:52] RUN_END status=OK
[2026-08-18T07:53:47] RUN_START run_id=SCALE_C_NFD_50_024
[2026-08-18T07:53:47] PARAM implementation=NFD
[2026-08-18T07:53:47] METRIC concurrent_clients=50
[2026-08-18T07:53:47] METRIC throughput_pct_of_max=88.673
[2026-08-18T07:53:47] RUN_END status=OK
[2026-08-18T07:54:51] RUN_START run_id=SCALE_C_PythonNDN_1000_122
[2026-08-18T07:54:51] PARAM implementation=PythonNDN
[2026-08-18T07:54:51] METRIC concurrent_clients=1000
[2026-08-18T07:54:51] METRIC throughput_pct_of_max=15.031
[2026-08-18T07:54:51] RUN_END status=OK
[2026-08-18T07:56:57] RUN_START run_id=SCALE_C_NFD_50_025
[2026-08-18T07:56:57] PARAM implementation=NFD
[2026-08-18T07:56:57] METRIC concurrent_clients=50
[2026-08-18T07:56:57] METRIC throughput_pct_of_max=92.23
[2026-08-18T07:56:57] RUN_END status=OK
[2026-08-18T07:57:21] RUN_START run_id=SCALE_C_PythonNDN_1000_123
[2026-08-18T07:57:21] PARAM implementation=PythonNDN
[2026-08-18T07:57:21] METRIC concurrent_clients=1000
[2026-08-18T07:57:21] METRIC throughput_pct_of_max=14.96
[2026-08-18T07:57:21] RUN_END status=OK
[2026-08-18T07:58:16] RUN_START run_id=SCALE_C_NFD_50_026
[2026-08-18T07:58:16] PARAM implementation=NFD
[2026-08-18T07:58:16] METRIC concurrent_clients=50
[2026-08-18T07:58:16] METRIC throughput_pct_of_max=95.337
[2026-08-18T07:58:16] RUN_END status=OK
