[2026-08-18T13:31:53] RUN_START run_id=SCALE_C_uDCN_1000_014
[2026-08-18T13:31:53] PARAM implementation=uDCN
[2026-08-18T13:31:53] METRIC concurrent_clients=1000
[2026-08-18T13:31:53] METRIC throughput_pct_of_max=91.779
[2026-08-18T13:31:53] RUN_END status=OK
[2026-08-18T13:32:19] RUN_START run_id=SCALE_C_uDCN_500_017
[2026-08-18T13:32:19] PARAM implementation=uDCN
[2026-08-18T13:32:19] METRIC concurrent_clients=500
[2026-08-18T13:32:19] METRIC throughput_pct_of_max=89.986
[2026-08-18T13:32:19] RUN_END status=OK
[2026-08-18T13:33:14] RUN_START run_id=SCALE_C_uDCN_1000_015
[2026-08-18T13:33:14] PARAM implementation=uDCN
[2026-08-18T13:33:14] METRIC concurrent_clients=1000
[2026-08-18T13:33:14] METRIC throughput_pct_of_max=88.122
[2026-08-18T13:33:14] RUN_END status=OK
[2026-08-18T13:34:28] RUN_START run_id=SCALE_C_uDCN_1000_016
[2026-08-18T13:34:28] PARAM implementation=uDCN
[2026-08-18T13:34:28] METRIC concurrent_clients=1000
[2026-08-18T13:34:28] METRIC throughput_pct_of_max=88.78
[2026-08-18T13:34:28] RUN_END status=OK
[2026-08-18T13:35:34] RUN_START run_id=SCALE_C_uDCN_500_018
[2026-08-18T13:35:34] PARAM implementation=uDCN
[2026-08-18T13:35:34] METRIC concurrent_clients=500
[2026-08-18T13:35:34] METRIC throughput_pct_of_max=100.0
[2026-08-18T13:35:34] RUN_END status=OK
[2026-08-18T13:36:17] RUN_START run_id=SCALE_C_uDCN_500_019
[2026-08-18T13:36:17] PARAM implementation=uDCN
[2026-08-18T13:36:17] METRIC concurrent_clients=500
[2026-08-18T13:36:17] METRIC throughput_pct_of_max=88.95
[2026-08-18T13:36:17] RUN_END status=OK
[2026-08-18T13:37:18] RUN_START run_id=SCALE_C_uDCN_1000_017
[2026-08-18T13:37:18] PARAM implementation=uDCN
[2026-08-18T13:37:18] METRIC concurrent_clients=1000
[2026-08-18T13:37:18] METRIC throughput_pct_of_max=92.676
[2026-08-18T13:37:18] RUN_END status=OK
[2026-08-18T13:42:14] RUN_START run_id=SCALE_C_uDCN_500_020
[2026-08-18T13:42:14] PARAM implementation=uDCN
[2026-08-18T13:42:14] METRIC concurrent_clients=500
[2026-08-18T13:42:14] METRIC throughput_pct_of_max=92.368
[2026-08-18T13:42:14] RUN_END status=OK
[2026-08-18T13:42:35] RUN_START run_id=SCALE_C_uDCN_1000_018
[2026-08-18T13:42:35] PARAM implementation=uDCN
[2026-08-18T13:42:35] METRIC concurrent_clients=1000
[2026-08-18T13:42:35] METRIC throughput_pct_of_max=91.969
[2026-08-18T13:42:35] RUN_END status=OK
[2026-08-18T13:43:17] RUN_START run_id=SCALE_C_uDCN_500_021
[2026-08-18T13:43:17] PARAM implementation=uDCN
[2026-08-18T13:43:17] METRIC concurrent_clients=500
[2026-08-18T13:43:17] METRIC throughput_pct_of_max=90.802
[2026-08-18T13:43:17] RUN_END status=OK
[2026-08-18T13:44:59] RUN_START run_id=SCALE_C_uDCN_500_022
[2026-08-18T13:44:59] PARAM implementation=uDCN
[2026-08-18T13:44:59] METRIC concurrent_clients=500
[2026-08-18T13:44:59] METRIC throughput_pct_of_max=86.371
[2026-08-18T13:44:59] RUN_END status=OK
[2026-08-18T13:48:50] RUN_START run_id=SCALE_C_uDCN_500_023
[2026-08-18T13:48:50] PARAM implementation=uDCN
[2026-08-18T13:48:50] METRIC concurrent_clients=500
[2026-08-18T13:48:50] METRIC throughput_pct_of_max=89.904
[2026-08-18T13:48:50] RUN_END status=OK
[2026-08-18T13:50:16] RUN_START run_id=SCALE_C_uDCN_500_024
[2026-08-18T13:50:16] PARAM implementation=uDCN
[2026-08-18T13:50:16] METRIC concurrent_clients=500
[2026-08-18T13:50:16] METRIC throughput_pct_of_max=88.496
[2026-08-18T13:50:16] RUN_END status=OK
[2026-08-18T13:53:50] RUN_START run_id=SCALE_C_uDCN_500_025
[2026-08-18T13:53:50] PARAM implementation=uDCN
[2026-08-18T13:53:50] METRIC concurrent_clients=500
[2026-08-18T13:53:50] METRIC throughput_pct_of_max=95.732
[2026-08-18T13:53:50] RUN_END status=OK
[2026-08-18T15:00:00] RUN_START run_id=SCALE_C_NFD_500_001
[2026-08-18T15:00:00] PARAM implementation=NFD
[2026-08-18T15:00:00] METRIC concurrent_clients=500
[2026-08-18T15:00:00] METRIC throughput_pct_of_max=67.84
[2026-08-18T15:00:00] RUN_END status=OK
