[2026-08-26T12:06:31] RUN_START run_id=SCALE_C_CCNlite_100_074
[2026-08-26T12:06:31] PARAM implementation=CCNlite
[2026-08-26T12:06:31] METRIC concurrent_clients=100
[2026-08-26T12:06:31] METRIC throughput_pct_of_max=87.075
[2026-08-26T12:06:31] RUN_END status=OK
[2026-08-26T12:07:55] RUN_START run_id=SCALE_C_CCNlite_100_075
[2026-08-26T12:07:55] PARAM implementation=CCNlite
[2026-08-26T12:07:55] METRIC concurrent_clients=100
[2026-08-26T12:07:55] METRIC throughput_pct_of_max=81.126
[2026-08-26T12:07:55] RUN_END status=OK
[2026-08-26T12:09:43] RUN_START run_id=SCALE_C_CCNlite_100_076
[2026-08-26T12:09:43] PARAM implementation=CCNlite
[2026-08-26T12:09:43] METRIC concurrent_clients=100
[2026-08-26T12:09:43] METRIC throughput_pct_of_max=80.155
[2026-08-26T12:09:43] RUN_END status=OK
[2026-08-26T12:12:57] RUN_START run_id=SCALE_C_CCNlite_100_077
[2026-08-26T12:12:57] PARAM implementation=CCNlite
[2026-08-26T12:12:57] METRIC concurrent_clients=100
[2026-08-26T12:12:57] METRIC throughput_pct_of_max=79.102
[2026-08-26T12:12:57] RUN_END status=OK
[2026-08-26T12:18:35] RUN_START run_id=SCALE_C_CCNlite_100_078
[2026-08-26T12:18:35] PARAM implementation=CCNlite
[2026-08-26T12:18:35] METRIC concurrent_clients=100
[2026-08-26T12:18:35] METRIC throughput_pct_of_max=78.022
[2026-08-26T12:18:35] RUN_END status=OK
[2026-08-26T12:35:35] RUN_START run_id=SCALE_C_NFD_1000_137
[2026-08-26T12:35:35] PARAM implementation=NFD
[2026-08-26T12:35:35] METRIC concurrent_clients=1000
[2026-08-26T12:35:35] METRIC throughput_pct_of_max=54.516
[2026-08-26T12:35:35] RUN_END status=OK
[2026-08-26T12:39:33] RUN_START run_id=SCALE_C_NFD_1000_138
[2026-08-26T12:39:33] PARAM implementation=NFD
[2026-08-26T12:39:33] METRIC concurrent_clients=1000
[2026-08-26T12:39:33] METRIC throughput_pct_of_max=58.096
[2026-08-26T12:39:33] RUN_END status=OK
[2026-08-26T12:41:12] RUN_START run_id=SCALE_C_NFD_1000_139
[2026-08-26T12:41:12] PARAM implementation=NFD
[2026-08-26T12:41:12] METRIC concurrent_clients=1000
[2026-08-26T12:41:12] METRIC throughput_pct_of_max=55.953
[2026-08-26T12:41:12] RUN_END status=OK
[2026-08-26T12:46:04] RUN_START run_id=SCALE_C_NFD_1000_140
[2026-08-26T12:46:04] PARAM implementation=NFD
[2026-08-26T12:46:04] METRIC concurrent_clients=1000
[2026-08-26T12:46:04] METRIC throughput_pct_of_max=57.712
[2026-08-26T12:46:04] RUN_END status=OK
[2026-08-26T12:49:24] RUN_START run_id=SCALE_C_NFD_1000_141
[2026-08-26T12:49:24] PARAM implementation=NFD
[2026-08-26T12:49:24] METRIC concurrent_clients=1000
[2026-08-26T12:49:24] METRIC throughput_pct_of_max=59.592
[2026-08-26T12:49:24] RUN_END status=OK
[2026-08-26T12:52:01] RUN_START run_id=SCALE_C_NFD_1000_142
[2026-08-26T12:52:01] PARAM implementation=NFD
[2026-08-26T12:52:01] METRIC concurrent_clients=1000
[2026-08-26T12:52:01] METRIC throughput_pct_of_max=54.765
[2026-08-26T12:52:01] RUN_END status=OK
[2026-08-26T12:52:58] RUN_START run_id=SCALE_C_NFD_1000_143
[2026-08-26T12:52:58] PARAM implementation=NFD
[2026-08-26T12:52:58] METRIC concurrent_clients=1000
[2026-08-26T12:52:58] METRIC throughput_pct_of_max=53.912
[2026-08-26T12:52:58] RUN_END status=OK
[2026-08-26T12:54:38] RUN_START run_id=SCALE_C_NFD_1000_144
[2026-08-26T12:54:38] PARAM implementation=NFD
[2026-08-26T12:54:38] METRIC concurrent_clients=1000
[2026-08-26T12:54:38] METRIC throughput_pct_of_max=52.684
[2026-08-26T12:54:38] RUN_END status=OK
[2026-08-26T12:57:56] RUN_START run_id=SCALE_C_NFD_1000_145
[2026-08-26T12:57:56] PARAM implementation=NFD
[2026-08-26T12:57:56] METRIC concurrent_clients=1000
[2026-08-26T12:57:56] METRIC throughput_pct_of_max=56.499
[2026-08-26T12:57:56] RUN_END status=OK
