[2026-08-26T13:01:56] RUN_START run_id=SCALE_C_NFD_1000_146
[2026-08-26T13:01:56] PARAM implementation=NFD
[2026-08-26T13:01:56] METRIC concurrent_clients=1000
[2026-08-26T13:01:56] METRIC throughput_pct_of_max=55.511
[2026-08-26T13:01:56] RUN_END status=OK
[2026-08-26T13:05:22] RUN_START run_id=SCALE_C_NFD_1000_147
[2026-08-26T13:05:22] PARAM implementation=NFD
[2026-08-26T13:05:22] METRIC concurrent_clients=1000
[2026-08-26T13:05:22] METRIC throughput_pct_of_max=56.933
[2026-08-26T13:05:22] RUN_END status=OK
[2026-08-26T13:06:46] RUN_START run_id=SCALE_C_NFD_1000_148
[2026-08-26T13:06:46] PARAM implementation=NFD
[2026-08-26T13:06:46] METRIC concurrent_clients=1000
[2026-08-26T13:06:46] METRIC throughput_pct_of_max=53.737
[2026-08-26T13:06:46] RUN_END status=OK
[2026-08-26T13:09:07] RUN_START run_id=SCALE_C_NFD_1000_149
[2026-08-26T13:09:07] PARAM implementation=NFD
[2026-08-26T13:09:07] METRIC concurrent_clients=1000
[2026-08-26T13:09:07] METRIC throughput_pct_of_max=54.486
[2026-08-26T13:09:07] RUN_END status=OK
[2026-08-26T13:10:26] RUN_START run_id=SCALE_C_NFD_1000_150
[2026-08-26T13:10:26] PARAM implementation=NFD
[2026-08-26T13:10:26] METRIC concurrent_clients=1000
[2026-08-26T13:10:26] METRIC throughput_pct_of_max=55.516
[2026-08-26T13:10:26] RUN_END status=OK
[2026-08-26T14:00:00] RUN_START run_id=SCALE_C_uDCN_100_001
[2026-08-26T14:00:00] PARAM implementation=uDCN
[2026-08-26T14:00:00] METRIC concurrent_clients=100
[2026-08-26T14:00:00] METRIC throughput_pct_of_max=90.652
[2026-08-26T14:00:00] RUN_END status=OK
[2026-08-26T14:02:15] RUN_START run_id=SCALE_C_uDCN_100_002
[2026-08-26T14:02:15] PARAM implementation=uDCN
[2026-08-26T14:02:15] METRIC concurrent_clients=100
[2026-08-26T14:02:15] METRIC throughput_pct_of_max=92.949
[2026-08-26T14:02:15] RUN_END status=OK
[2026-08-26T14:04:12] RUN_START run_id=SCALE_C_uDCN_100_003
[2026-08-26T14:04:12] PARAM implementation=uDCN
[2026-08-26T14:04:12] METRIC concurrent_clients=100
[2026-08-26T14:04:12] METRIC throughput_pct_of_max=91.801
[2026-08-26T14:04:12] RUN_END status=OK
[2026-08-26T14:05:44] RUN_START run_id=SCALE_C_uDCN_100_004
[2026-08-26T14:05:44] PARAM implementation=uDCN
[2026-08-26T14:05:44] METRIC concurrent_clients=100
[2026-08-26T14:05:44] METRIC throughput_pct_of_max=90.212
[2026-08-26T14:05:44] RUN_END status=OK
[2026-08-26T14:06:44] RUN_START run_id=SCALE_C_uDCN_100_005
[2026-08-26T14:06:44] PARAM implementation=uDCN
[2026-08-26T14:06:44] METRIC concurrent_clients=100
[2026-08-26T14:06:44] METRIC throughput_pct_of_max=98.034
[2026-08-26T14:06:44] RUN_END status=OK
[2026-08-26T14:07:47] RUN_START run_id=SCALE_C_uDCN_100_006
[2026-08-26T14:07:47] PARAM implementation=uDCN
[2026-08-26T14:07:47] METRIC concurrent_clients=100
[2026-08-26T14:07:47] METRIC throughput_pct_of_max=85.399
[2026-08-26T14:07:47] RUN_END status=OK
