[2026-08-19T22:32:04] RUN_START run_id=SCALE_C_CCNlite_1000_079
[2026-08-19T22:32:04] PARAM implementation=CCNlite
[2026-08-19T22:32:04] METRIC concurrent_clients=1000
[2026-08-19T22:32:04] METRIC throughput_pct_of_max=62.547
[2026-08-19T22:32:04] RUN_END status=OK
[2026-08-19T22:35:44] RUN_START run_id=SCALE_C_CCNlite_1000_080
[2026-08-19T22:35:44] PARAM implementation=CCNlite
[2026-08-19T22:35:44] METRIC concurrent_clients=1000
[2026-08-19T22:35:44] METRIC throughput_pct_of_max=62.389
[2026-08-19T22:35:44] RUN_END status=OK
[2026-08-19T22:36:07] RUN_START run_id=SCALE_C_CCNlite_1000_081
[2026-08-19T22:36:07] PARAM implementation=CCNlite
[2026-08-19T22:36:07] METRIC concurrent_clients=1000
[2026-08-19T22:36:07] METRIC throughput_pct_of_max=62.017
[2026-08-19T22:36:07] RUN_END status=OK
[2026-08-19T22:39:19] RUN_START run_id=SCALE_C_CCNlite_1000_082
[2026-08-19T22:39:19] PARAM implementation=CCNlite
[2026-08-19T22:39:19] METRIC concurrent_clients=1000
[2026-08-19T22:39:19] METRIC throughput_pct_of_max=61.099
[2026-08-19T22:39:19] RUN_END status=OK
[2026-08-19T22:40:56] RUN_START run_id=SCALE_C_CCNlite_1000_083
[2026-08-19T22:40:56] PARAM implementation=CCNlite
[2026-08-19T22:40:56] METRIC concurrent_clients=1000
[2026-08-19T22:40:56] METRIC throughput_pct_of_max=60.501
[2026-08-19T22:40:56] RUN_END status=OK
[2026-08-19T22:43:51] RUN_START run_id=SCALE_C_CCNlite_1000_084
[2026-08-19T22:43:51] PARAM implementation=CCNlite
[2026-08-19T22:43:51] METRIC concurrent_clients=1000
[2026-08-19T22:43:51] METRIC throughput_pct_of_max=60.458
[2026-08-19T22:43:51] RUN_END status=OK
[2026-08-19T22:45:09] RUN_START run_id=SCALE_C_CCNlite_1000_085
[2026-08-19T22:45:09] PARAM implementation=CCNlite
[2026-08-19T22:45:09] METRIC concurrent_clients=1000
[2026-08-19T22:45:09] METRIC throughput_pct_of_max=63.527
[2026-08-19T22:45:09] RUN_END status=OK
[2026-08-19T22:46:16] RUN_START run_id=SCALE_C_CCNlite_1000_086
[2026-08-19T22:46:16] PARAM implementation=CCNlite
[2026-08-19T22:46:16] METRIC concurrent_clients=1000
[2026-08-19T22:46:16] METRIC throughput_pct_of_max=59.348
[2026-08-19T22:46:16] RUN_END status=OK
[2026-08-20T00:25:37] RUN_START run_id=SCALE_C_NFD_50_095
[2026-08-20T00:25:37] PARAM implementation=NFD
[2026-08-20T00:25:37] METRIC concurrent_clients=50
[2026-08-20T00:25:37] METRIC throughput_pct_of_max=88.817
[2026-08-20T00:25:37] RUN_END status=OK
[2026-08-20T00:27:30] RUN_START run_id=SCALE_C_NFD_50_096
[2026-08-20T00:27:30] PARAM implementation=NFD
[2026-08-20T00:27:30] METRIC concurrent_clients=50
[2026-08-20T00:27:30] METRIC throughput_pct_of_max=96.08
[2026-08-20T00:27:30] RUN_END status=OK
[2026-08-20T00:28:08] RUN_START run_id=07_scalability_clients_DISCARDED_0078
[2026-08-20T00:28:08] RUN_ABORTED reason=trex_controller_reset: TRex stateful-engine control connection dropped mid-run before steady-state throughput reached
[2026-08-20T00:29:16] RUN_START run_id=SCALE_C_NFD_50_097
[2026-08-20T00:29:16] PARAM implementation=NFD
[2026-08-20T00:29:16] METRIC concurrent_clients=50
[2026-08-20T00:29:16] METRIC throughput_pct_of_max=89.631
[2026-08-20T00:29:16] RUN_END status=OK
[2026-08-20T00:30:25] RUN_START run_id=SCALE_C_NFD_50_098
[2026-08-20T00:30:25] PARAM implementation=NFD
[2026-08-20T00:30:25] METRIC concurrent_clients=50
[2026-08-20T00:30:25] METRIC throughput_pct_of_max=90.106
[2026-08-20T00:30:25] RUN_END status=OK
[2026-08-20T00:35:30] RUN_START run_id=SCALE_C_NFD_50_099
[2026-08-20T00:35:30] PARAM implementation=NFD
[2026-08-20T00:35:30] METRIC concurrent_clients=50
[2026-08-20T00:35:30] METRIC throughput_pct_of_max=96.099
[2026-08-20T00:35:30] RUN_END status=OK
