[2026-09-02T21:54:57] RUN_START run_id=SCALE_C_NFD_10_122
[2026-09-02T21:54:57] PARAM implementation=NFD
[2026-09-02T21:54:57] METRIC concurrent_clients=10
[2026-09-02T21:54:57] METRIC throughput_pct_of_max=99.918
[2026-09-02T21:54:57] RUN_END status=OK
[2026-09-03T03:59:40] RUN_START run_id=SCALE_C_CCNlite_5000_083
[2026-09-03T03:59:40] PARAM implementation=CCNlite
[2026-09-03T03:59:40] METRIC concurrent_clients=5000
[2026-09-03T03:59:40] METRIC throughput_pct_of_max=42.74
[2026-09-03T03:59:40] RUN_END status=OK
[2026-09-03T04:01:30] RUN_START run_id=SCALE_C_CCNlite_5000_084
[2026-09-03T04:01:30] PARAM implementation=CCNlite
[2026-09-03T04:01:30] METRIC concurrent_clients=5000
[2026-09-03T04:01:30] METRIC throughput_pct_of_max=41.403
[2026-09-03T04:01:30] RUN_END status=OK
[2026-09-03T04:02:09] RUN_START run_id=SCALE_C_CCNlite_5000_085
[2026-09-03T04:02:09] PARAM implementation=CCNlite
[2026-09-03T04:02:09] METRIC concurrent_clients=5000
[2026-09-03T04:02:09] METRIC throughput_pct_of_max=43.632
[2026-09-03T04:02:09] RUN_END status=OK
[2026-09-03T04:03:07] RUN_START run_id=SCALE_C_CCNlite_5000_086
[2026-09-03T04:03:07] PARAM implementation=CCNlite
[2026-09-03T04:03:07] METRIC concurrent_clients=5000
[2026-09-03T04:03:07] METRIC throughput_pct_of_max=42.113
[2026-09-03T04:03:07] RUN_END status=OK
[2026-09-03T04:06:42] RUN_START run_id=SCALE_C_CCNlite_5000_087
[2026-09-03T04:06:42] PARAM implementation=CCNlite
[2026-09-03T04:06:42] METRIC concurrent_clients=5000
[2026-09-03T04:06:42] METRIC throughput_pct_of_max=40.929
[2026-09-03T04:06:42] RUN_END status=OK
[2026-09-03T04:08:26] RUN_START run_id=SCALE_C_CCNlite_5000_088
[2026-09-03T04:08:26] PARAM implementation=CCNlite
[2026-09-03T04:08:26] METRIC concurrent_clients=5000
[2026-09-03T04:08:26] METRIC throughput_pct_of_max=44.247
[2026-09-03T04:08:26] RUN_END status=OK
[2026-09-03T04:09:52] RUN_START run_id=SCALE_C_CCNlite_5000_089
[2026-09-03T04:09:52] PARAM implementation=CCNlite
[2026-09-03T04:09:52] METRIC concurrent_clients=5000
[2026-09-03T04:09:52] METRIC throughput_pct_of_max=43.202
[2026-09-03T04:09:52] RUN_END status=OK
[2026-09-03T04:12:23] RUN_START run_id=SCALE_C_CCNlite_5000_090
[2026-09-03T04:12:23] PARAM implementation=CCNlite
[2026-09-03T04:12:23] METRIC concurrent_clients=5000
[2026-09-03T04:12:23] METRIC throughput_pct_of_max=40.905
[2026-09-03T04:12:23] RUN_END status=OK
[2026-09-03T04:13:27] RUN_START run_id=SCALE_C_CCNlite_5000_091
[2026-09-03T04:13:27] PARAM implementation=CCNlite
[2026-09-03T04:13:27] METRIC concurrent_clients=5000
[2026-09-03T04:13:27] METRIC throughput_pct_of_max=42.518
[2026-09-03T04:13:27] RUN_END status=OK
[2026-09-03T04:17:09] RUN_START run_id=SCALE_C_CCNlite_5000_092
[2026-09-03T04:17:09] PARAM implementation=CCNlite
[2026-09-03T04:17:09] METRIC concurrent_clients=5000
[2026-09-03T04:17:09] METRIC throughput_pct_of_max=43.802
[2026-09-03T04:17:09] RUN_END status=OK
[2026-09-03T04:18:53] RUN_START run_id=SCALE_C_CCNlite_5000_093
[2026-09-03T04:18:53] PARAM implementation=CCNlite
[2026-09-03T04:18:53] METRIC concurrent_clients=5000
[2026-09-03T04:18:53] METRIC throughput_pct_of_max=44.084
[2026-09-03T04:18:53] RUN_END status=OK
[2026-09-03T04:19:36] RUN_START run_id=SCALE_C_CCNlite_5000_094
[2026-09-03T04:19:36] PARAM implementation=CCNlite
[2026-09-03T04:19:36] METRIC concurrent_clients=5000
[2026-09-03T04:19:36] METRIC throughput_pct_of_max=46.079
[2026-09-03T04:19:36] RUN_END status=OK
[2026-09-03T04:20:01] RUN_START run_id=SCALE_C_CCNlite_5000_095
[2026-09-03T04:20:01] PARAM implementation=CCNlite
[2026-09-03T04:20:01] METRIC concurrent_clients=5000
[2026-09-03T04:20:01] METRIC throughput_pct_of_max=42.37
[2026-09-03T04:20:01] RUN_END status=OK
[2026-09-03T04:20:41] RUN_START run_id=07_scalability_clients_DISCARDED_0234
[2026-09-03T04:20:41] RUN_ABORTED reason=trex_controller_reset: TRex stateful-engine control connection dropped mid-run before steady-state throughput reached
[2026-09-03T04:21:27] RUN_START run_id=SCALE_C_CCNlite_5000_096
[2026-09-03T04:21:27] PARAM implementation=CCNlite
[2026-09-03T04:21:27] METRIC concurrent_clients=5000
[2026-09-03T04:21:27] METRIC throughput_pct_of_max=42.663
[2026-09-03T04:21:27] RUN_END status=OK
[2026-09-03T04:23:53] RUN_START run_id=SCALE_C_CCNlite_5000_097
[2026-09-03T04:23:53] PARAM implementation=CCNlite
[2026-09-03T04:23:53] METRIC concurrent_clients=5000
[2026-09-03T04:23:53] METRIC throughput_pct_of_max=42.617
[2026-09-03T04:23:53] RUN_END status=OK
[2026-09-03T04:24:32] RUN_START run_id=SCALE_C_CCNlite_5000_098
[2026-09-03T04:24:32] PARAM implementation=CCNlite
[2026-09-03T04:24:32] METRIC concurrent_clients=5000
[2026-09-03T04:24:32] METRIC throughput_pct_of_max=42.739
[2026-09-03T04:24:32] RUN_END status=OK
[2026-09-03T04:26:12] RUN_START run_id=SCALE_C_CCNlite_5000_099
[2026-09-03T04:26:12] PARAM implementation=CCNlite
[2026-09-03T04:26:12] METRIC concurrent_clients=5000
[2026-09-03T04:26:12] METRIC throughput_pct_of_max=47.057
[2026-09-03T04:26:12] RUN_END status=OK
[2026-09-03T04:29:31] RUN_START run_id=SCALE_C_CCNlite_5000_100
[2026-09-03T04:29:31] PARAM implementation=CCNlite
[2026-09-03T04:29:31] METRIC concurrent_clients=5000
[2026-09-03T04:29:31] METRIC throughput_pct_of_max=43.644
[2026-09-03T04:29:31] RUN_END status=OK
[2026-09-03T04:30:29] RUN_START run_id=SCALE_C_CCNlite_5000_101
[2026-09-03T04:30:29] PARAM implementation=CCNlite
[2026-09-03T04:30:29] METRIC concurrent_clients=5000
[2026-09-03T04:30:29] METRIC throughput_pct_of_max=40.688
[2026-09-03T04:30:29] RUN_END status=OK
