[2026-08-27T13:39:07] RUN_START run_id=SCALE_C_NFD_10_018
[2026-08-27T13:39:07] PARAM implementation=NFD
[2026-08-27T13:39:07] METRIC concurrent_clients=10
[2026-08-27T13:39:07] METRIC throughput_pct_of_max=100.0
[2026-08-27T13:39:07] RUN_END status=OK
[2026-08-27T13:43:09] RUN_START run_id=SCALE_C_NFD_10_019
[2026-08-27T13:43:09] PARAM implementation=NFD
[2026-08-27T13:43:09] METRIC concurrent_clients=10
[2026-08-27T13:43:09] METRIC throughput_pct_of_max=99.335
[2026-08-27T13:43:09] RUN_END status=OK
[2026-08-27T13:43:39] RUN_START run_id=SCALE_C_NFD_10_020
[2026-08-27T13:43:39] PARAM implementation=NFD
[2026-08-27T13:43:39] METRIC concurrent_clients=10
[2026-08-27T13:43:39] METRIC throughput_pct_of_max=98.466
[2026-08-27T13:43:39] RUN_END status=OK
[2026-08-27T13:45:24] RUN_START run_id=SCALE_C_NFD_10_021
[2026-08-27T13:45:24] PARAM implementation=NFD
[2026-08-27T13:45:24] METRIC concurrent_clients=10
[2026-08-27T13:45:24] METRIC throughput_pct_of_max=100.0
[2026-08-27T13:45:24] RUN_END status=OK
[2026-08-27T13:46:47] RUN_START run_id=SCALE_C_NFD_10_022
[2026-08-27T13:46:47] PARAM implementation=NFD
[2026-08-27T13:46:47] METRIC concurrent_clients=10
[2026-08-27T13:46:47] METRIC throughput_pct_of_max=100.0
[2026-08-27T13:46:47] RUN_END status=OK
[2026-08-27T13:48:15] RUN_START run_id=SCALE_C_NFD_10_023
[2026-08-27T13:48:15] PARAM implementation=NFD
[2026-08-27T13:48:15] METRIC concurrent_clients=10
[2026-08-27T13:48:15] METRIC throughput_pct_of_max=98.94
[2026-08-27T13:48:15] RUN_END status=OK
[2026-08-27T13:49:50] RUN_START run_id=SCALE_C_NFD_10_024
[2026-08-27T13:49:50] PARAM implementation=NFD
[2026-08-27T13:49:50] METRIC concurrent_clients=10
[2026-08-27T13:49:50] METRIC throughput_pct_of_max=100.0
[2026-08-27T13:49:50] RUN_END status=OK
[2026-08-27T13:51:06] RUN_START run_id=SCALE_C_NFD_10_025
[2026-08-27T13:51:06] PARAM implementation=NFD
[2026-08-27T13:51:06] METRIC concurrent_clients=10
[2026-08-27T13:51:06] METRIC throughput_pct_of_max=100.0
[2026-08-27T13:51:06] RUN_END status=OK
[2026-08-27T13:53:44] RUN_START run_id=SCALE_C_NFD_10_026
[2026-08-27T13:53:44] PARAM implementation=NFD
[2026-08-27T13:53:44] METRIC concurrent_clients=10
[2026-08-27T13:53:44] METRIC throughput_pct_of_max=96.028
[2026-08-27T13:53:44] RUN_END status=OK
[2026-08-27T13:55:07] RUN_START run_id=SCALE_C_NFD_10_027
[2026-08-27T13:55:07] PARAM implementation=NFD
[2026-08-27T13:55:07] METRIC concurrent_clients=10
[2026-08-27T13:55:07] METRIC throughput_pct_of_max=100.0
[2026-08-27T13:55:07] RUN_END status=OK
[2026-08-27T13:55:38] RUN_START run_id=SCALE_C_NFD_10_028
[2026-08-27T13:55:38] PARAM implementation=NFD
[2026-08-27T13:55:38] METRIC concurrent_clients=10
[2026-08-27T13:55:38] METRIC throughput_pct_of_max=99.213
[2026-08-27T13:55:38] RUN_END status=OK
[2026-08-27T13:57:48] RUN_START run_id=SCALE_C_NFD_10_029
[2026-08-27T13:57:48] PARAM implementation=NFD
[2026-08-27T13:57:48] METRIC concurrent_clients=10
[2026-08-27T13:57:48] METRIC throughput_pct_of_max=96.045
[2026-08-27T13:57:48] RUN_END status=OK
