[2026-08-12T18:46:11] RUN_START run_id=SCALE_C_NFD_5000_033
[2026-08-12T18:46:11] PARAM implementation=NFD
[2026-08-12T18:46:11] METRIC concurrent_clients=5000
[2026-08-12T18:46:11] METRIC throughput_pct_of_max=36.692
[2026-08-12T18:46:11] RUN_END status=OK
[2026-08-12T18:48:09] RUN_START run_id=SCALE_C_NFD_5000_034
[2026-08-12T18:48:09] PARAM implementation=NFD
[2026-08-12T18:48:09] METRIC concurrent_clients=5000
[2026-08-12T18:48:09] METRIC throughput_pct_of_max=38.858
[2026-08-12T18:48:09] RUN_END status=OK
[2026-08-12T18:51:47] RUN_START run_id=SCALE_C_NFD_5000_035
[2026-08-12T18:51:47] PARAM implementation=NFD
[2026-08-12T18:51:47] METRIC concurrent_clients=5000
[2026-08-12T18:51:47] METRIC throughput_pct_of_max=36.74
[2026-08-12T18:51:47] RUN_END status=OK
[2026-08-12T18:54:15] RUN_START run_id=SCALE_C_NFD_5000_036
[2026-08-12T18:54:15] PARAM implementation=NFD
[2026-08-12T18:54:15] METRIC concurrent_clients=5000
[2026-08-12T18:54:15] METRIC throughput_pct_of_max=37.831
[2026-08-12T18:54:15] RUN_END status=OK
[2026-08-12T18:59:30] RUN_START run_id=SCALE_C_NFD_5000_037
[2026-08-12T18:59:30] PARAM implementation=NFD
[2026-08-12T18:59:30] METRIC concurrent_clients=5000
[2026-08-12T18:59:30] METRIC throughput_pct_of_max=38.519
[2026-08-12T18:59:30] RUN_END status=OK
[2026-08-12T19:01:31] RUN_START run_id=SCALE_C_NFD_5000_038
[2026-08-12T19:01:31] PARAM implementation=NFD
[2026-08-12T19:01:31] METRIC concurrent_clients=5000
[2026-08-12T19:01:31] METRIC throughput_pct_of_max=37.462
[2026-08-12T19:01:31] RUN_END status=OK
[2026-08-12T19:05:08] RUN_START run_id=SCALE_C_NFD_5000_039
[2026-08-12T19:05:08] PARAM implementation=NFD
[2026-08-12T19:05:08] METRIC concurrent_clients=5000
[2026-08-12T19:05:08] METRIC throughput_pct_of_max=38.917
[2026-08-12T19:05:08] RUN_END status=OK
[2026-08-12T19:06:54] RUN_START run_id=SCALE_C_NFD_5000_040
[2026-08-12T19:06:54] PARAM implementation=NFD
[2026-08-12T19:06:54] METRIC concurrent_clients=5000
[2026-08-12T19:06:54] METRIC throughput_pct_of_max=36.961
[2026-08-12T19:06:54] RUN_END status=OK
[2026-08-12T19:09:05] RUN_START run_id=SCALE_C_NFD_5000_041
[2026-08-12T19:09:05] PARAM implementation=NFD
[2026-08-12T19:09:05] METRIC concurrent_clients=5000
[2026-08-12T19:09:05] METRIC throughput_pct_of_max=37.658
[2026-08-12T19:09:05] RUN_END status=OK
[2026-08-12T19:10:39] RUN_START run_id=SCALE_C_NFD_5000_042
[2026-08-12T19:10:39] PARAM implementation=NFD
[2026-08-12T19:10:39] METRIC concurrent_clients=5000
[2026-08-12T19:10:39] METRIC throughput_pct_of_max=39.162
[2026-08-12T19:10:39] RUN_END status=OK
[2026-08-12T19:12:06] RUN_START run_id=SCALE_C_NFD_5000_043
[2026-08-12T19:12:06] PARAM implementation=NFD
[2026-08-12T19:12:06] METRIC concurrent_clients=5000
[2026-08-12T19:12:06] METRIC throughput_pct_of_max=39.1
[2026-08-12T19:12:06] RUN_END status=OK
[2026-08-12T19:13:49] RUN_START run_id=SCALE_C_NFD_5000_044
[2026-08-12T19:13:49] PARAM implementation=NFD
[2026-08-12T19:13:49] METRIC concurrent_clients=5000
[2026-08-12T19:13:49] METRIC throughput_pct_of_max=38.59
[2026-08-12T19:13:49] RUN_END status=OK
[2026-08-12T19:15:45] RUN_START run_id=SCALE_C_NFD_5000_045
[2026-08-12T19:15:45] PARAM implementation=NFD
[2026-08-12T19:15:45] METRIC concurrent_clients=5000
[2026-08-12T19:15:45] METRIC throughput_pct_of_max=37.63
[2026-08-12T19:15:45] RUN_END status=OK
[2026-08-13T08:00:00] RUN_START run_id=SCALE_C_PythonNDN_1000_001
[2026-08-13T08:00:00] PARAM implementation=PythonNDN
[2026-08-13T08:00:00] METRIC concurrent_clients=1000
[2026-08-13T08:00:00] METRIC throughput_pct_of_max=15.414
[2026-08-13T08:00:00] RUN_END status=OK
[2026-08-13T08:00:38] RUN_START run_id=SCALE_C_PythonNDN_1000_002
[2026-08-13T08:00:38] PARAM implementation=PythonNDN
[2026-08-13T08:00:38] METRIC concurrent_clients=1000
[2026-08-13T08:00:38] METRIC throughput_pct_of_max=15.16
[2026-08-13T08:00:38] RUN_END status=OK
