[2026-08-15T05:01:49] RUN_START run_id=SCALE_C_uDCN_10_112
[2026-08-15T05:01:49] PARAM implementation=uDCN
[2026-08-15T05:01:49] METRIC concurrent_clients=10
[2026-08-15T05:01:49] METRIC throughput_pct_of_max=100.0
[2026-08-15T05:01:49] RUN_END status=OK
[2026-08-15T05:06:44] RUN_START run_id=SCALE_C_uDCN_10_113
[2026-08-15T05:06:44] PARAM implementation=uDCN
[2026-08-15T05:06:44] METRIC concurrent_clients=10
[2026-08-15T05:06:44] METRIC throughput_pct_of_max=100.0
[2026-08-15T05:06:44] RUN_END status=OK
[2026-08-15T05:07:49] RUN_START run_id=SCALE_C_uDCN_10_114
[2026-08-15T05:07:49] PARAM implementation=uDCN
[2026-08-15T05:07:49] METRIC concurrent_clients=10
[2026-08-15T05:07:49] METRIC throughput_pct_of_max=97.206
[2026-08-15T05:07:49] RUN_END status=OK
[2026-08-15T05:09:34] RUN_START run_id=SCALE_C_uDCN_10_115
[2026-08-15T05:09:34] PARAM implementation=uDCN
[2026-08-15T05:09:34] METRIC concurrent_clients=10
[2026-08-15T05:09:34] METRIC throughput_pct_of_max=95.848
[2026-08-15T05:09:34] RUN_END status=OK
[2026-08-15T05:11:35] RUN_START run_id=SCALE_C_uDCN_10_116
[2026-08-15T05:11:35] PARAM implementation=uDCN
[2026-08-15T05:11:35] METRIC concurrent_clients=10
[2026-08-15T05:11:35] METRIC throughput_pct_of_max=100.0
[2026-08-15T05:11:35] RUN_END status=OK
[2026-08-15T05:15:42] RUN_START run_id=SCALE_C_uDCN_10_117
[2026-08-15T05:15:42] PARAM implementation=uDCN
[2026-08-15T05:15:42] METRIC concurrent_clients=10
[2026-08-15T05:15:42] METRIC throughput_pct_of_max=100.0
[2026-08-15T05:15:42] RUN_END status=OK
[2026-08-15T05:16:45] RUN_START run_id=SCALE_C_uDCN_10_118
[2026-08-15T05:16:45] PARAM implementation=uDCN
[2026-08-15T05:16:45] METRIC concurrent_clients=10
[2026-08-15T05:16:45] METRIC throughput_pct_of_max=93.502
[2026-08-15T05:16:45] RUN_END status=OK
[2026-08-15T05:20:54] RUN_START run_id=SCALE_C_uDCN_10_119
[2026-08-15T05:20:54] PARAM implementation=uDCN
[2026-08-15T05:20:54] METRIC concurrent_clients=10
[2026-08-15T05:20:54] METRIC throughput_pct_of_max=99.369
[2026-08-15T05:20:54] RUN_END status=OK
[2026-08-15T05:22:47] RUN_START run_id=SCALE_C_uDCN_10_120
[2026-08-15T05:22:47] PARAM implementation=uDCN
[2026-08-15T05:22:47] METRIC concurrent_clients=10
[2026-08-15T05:22:47] METRIC throughput_pct_of_max=100.0
[2026-08-15T05:22:47] RUN_END status=OK
[2026-08-15T05:27:13] RUN_START run_id=SCALE_C_uDCN_10_121
[2026-08-15T05:27:13] PARAM implementation=uDCN
[2026-08-15T05:27:13] METRIC concurrent_clients=10
[2026-08-15T05:27:13] METRIC throughput_pct_of_max=100.0
[2026-08-15T05:27:13] RUN_END status=OK
[2026-08-15T05:28:00] RUN_START run_id=SCALE_C_uDCN_10_122
[2026-08-15T05:28:00] PARAM implementation=uDCN
[2026-08-15T05:28:00] METRIC concurrent_clients=10
[2026-08-15T05:28:00] METRIC throughput_pct_of_max=100.0
[2026-08-15T05:28:00] RUN_END status=OK
[2026-08-15T05:31:49] RUN_START run_id=SCALE_C_uDCN_10_123
[2026-08-15T05:31:49] PARAM implementation=uDCN
[2026-08-15T05:31:49] METRIC concurrent_clients=10
[2026-08-15T05:31:49] METRIC throughput_pct_of_max=100.0
[2026-08-15T05:31:49] RUN_END status=OK
[2026-08-15T05:36:31] RUN_START run_id=SCALE_C_uDCN_10_124
[2026-08-15T05:36:31] PARAM implementation=uDCN
[2026-08-15T05:36:31] METRIC concurrent_clients=10
[2026-08-15T05:36:31] METRIC throughput_pct_of_max=98.089
[2026-08-15T05:36:31] RUN_END status=OK
[2026-08-15T05:38:49] RUN_START run_id=SCALE_C_uDCN_10_125
[2026-08-15T05:38:49] PARAM implementation=uDCN
[2026-08-15T05:38:49] METRIC concurrent_clients=10
[2026-08-15T05:38:49] METRIC throughput_pct_of_max=99.032
[2026-08-15T05:38:49] RUN_END status=OK
[2026-08-15T05:40:26] RUN_START run_id=SCALE_C_uDCN_10_126
[2026-08-15T05:40:26] PARAM implementation=uDCN
[2026-08-15T05:40:26] METRIC concurrent_clients=10
[2026-08-15T05:40:26] METRIC throughput_pct_of_max=100.0
[2026-08-15T05:40:26] RUN_END status=OK
[2026-08-15T05:42:14] RUN_START run_id=SCALE_C_uDCN_10_127
[2026-08-15T05:42:14] PARAM implementation=uDCN
[2026-08-15T05:42:14] METRIC concurrent_clients=10
[2026-08-15T05:42:14] METRIC throughput_pct_of_max=99.083
[2026-08-15T05:42:14] RUN_END status=OK
[2026-08-15T05:43:05] RUN_START run_id=SCALE_C_uDCN_10_128
[2026-08-15T05:43:05] PARAM implementation=uDCN
[2026-08-15T05:43:05] METRIC concurrent_clients=10
[2026-08-15T05:43:05] METRIC throughput_pct_of_max=100.0
[2026-08-15T05:43:05] RUN_END status=OK
[2026-08-15T05:44:10] RUN_START run_id=SCALE_C_PythonNDN_1000_053
[2026-08-15T05:44:10] PARAM implementation=PythonNDN
[2026-08-15T05:44:10] METRIC concurrent_clients=1000
[2026-08-15T05:44:10] METRIC throughput_pct_of_max=15.21
[2026-08-15T05:44:10] RUN_END status=OK
[2026-08-15T05:44:47] RUN_START run_id=SCALE_C_uDCN_10_129
[2026-08-15T05:44:47] PARAM implementation=uDCN
[2026-08-15T05:44:47] METRIC concurrent_clients=10
[2026-08-15T05:44:47] METRIC throughput_pct_of_max=96.943
[2026-08-15T05:44:47] RUN_END status=OK
[2026-08-15T05:47:10] RUN_START run_id=SCALE_C_PythonNDN_1000_054
[2026-08-15T05:47:10] PARAM implementation=PythonNDN
[2026-08-15T05:47:10] METRIC concurrent_clients=1000
[2026-08-15T05:47:10] METRIC throughput_pct_of_max=15.12
[2026-08-15T05:47:10] RUN_END status=OK
