[2026-08-28T10:41:34] RUN_START run_id=SCALE_C_CCNlite_50_089
[2026-08-28T10:41:34] PARAM implementation=CCNlite
[2026-08-28T10:41:34] METRIC concurrent_clients=50
[2026-08-28T10:41:34] METRIC throughput_pct_of_max=89.758
[2026-08-28T10:41:34] RUN_END status=OK
[2026-08-28T10:41:40] RUN_START run_id=SCALE_C_uDCN_100_094
[2026-08-28T10:41:40] PARAM implementation=uDCN
[2026-08-28T10:41:40] METRIC concurrent_clients=100
[2026-08-28T10:41:40] METRIC throughput_pct_of_max=89.16
[2026-08-28T10:41:40] RUN_END status=OK
[2026-08-28T10:42:30] RUN_START run_id=SCALE_C_CCNlite_50_090
[2026-08-28T10:42:30] PARAM implementation=CCNlite
[2026-08-28T10:42:30] METRIC concurrent_clients=50
[2026-08-28T10:42:30] METRIC throughput_pct_of_max=91.064
[2026-08-28T10:42:30] RUN_END status=OK
[2026-08-28T10:44:18] RUN_START run_id=SCALE_C_CCNlite_50_091
[2026-08-28T10:44:18] PARAM implementation=CCNlite
[2026-08-28T10:44:18] METRIC concurrent_clients=50
[2026-08-28T10:44:18] METRIC throughput_pct_of_max=94.242
[2026-08-28T10:44:18] RUN_END status=OK
[2026-08-28T10:47:32] RUN_START run_id=SCALE_C_uDCN_100_095
[2026-08-28T10:47:32] PARAM implementation=uDCN
[2026-08-28T10:47:32] METRIC concurrent_clients=100
[2026-08-28T10:47:32] METRIC throughput_pct_of_max=94.446
[2026-08-28T10:47:32] RUN_END status=OK
[2026-08-28T10:47:59] RUN_START run_id=SCALE_C_CCNlite_50_092
[2026-08-28T10:47:59] PARAM implementation=CCNlite
[2026-08-28T10:47:59] METRIC concurrent_clients=50
[2026-08-28T10:47:59] METRIC throughput_pct_of_max=88.88
[2026-08-28T10:47:59] RUN_END status=OK
[2026-08-28T10:50:28] RUN_START run_id=SCALE_C_uDCN_100_096
[2026-08-28T10:50:28] PARAM implementation=uDCN
[2026-08-28T10:50:28] METRIC concurrent_clients=100
[2026-08-28T10:50:28] METRIC throughput_pct_of_max=89.991
[2026-08-28T10:50:28] RUN_END status=OK
[2026-08-28T10:51:12] RUN_START run_id=SCALE_C_CCNlite_50_093
[2026-08-28T10:51:12] PARAM implementation=CCNlite
[2026-08-28T10:51:12] METRIC concurrent_clients=50
[2026-08-28T10:51:12] METRIC throughput_pct_of_max=89.47
[2026-08-28T10:51:12] RUN_END status=OK
[2026-08-28T10:53:12] RUN_START run_id=SCALE_C_uDCN_100_097
[2026-08-28T10:53:12] PARAM implementation=uDCN
[2026-08-28T10:53:12] METRIC concurrent_clients=100
[2026-08-28T10:53:12] METRIC throughput_pct_of_max=92.345
[2026-08-28T10:53:12] RUN_END status=OK
[2026-08-28T10:57:33] RUN_START run_id=SCALE_C_uDCN_100_098
[2026-08-28T10:57:33] PARAM implementation=uDCN
[2026-08-28T10:57:33] METRIC concurrent_clients=100
[2026-08-28T10:57:33] METRIC throughput_pct_of_max=93.926
[2026-08-28T10:57:33] RUN_END status=OK
[2026-08-28T11:01:32] RUN_START run_id=SCALE_C_uDCN_100_099
[2026-08-28T11:01:32] PARAM implementation=uDCN
[2026-08-28T11:01:32] METRIC concurrent_clients=100
[2026-08-28T11:01:32] METRIC throughput_pct_of_max=95.328
[2026-08-28T11:01:32] RUN_END status=OK
[2026-08-28T11:03:08] RUN_START run_id=SCALE_C_uDCN_100_100
[2026-08-28T11:03:08] PARAM implementation=uDCN
[2026-08-28T11:03:08] METRIC concurrent_clients=100
[2026-08-28T11:03:08] METRIC throughput_pct_of_max=98.142
[2026-08-28T11:03:08] RUN_END status=OK
[2026-08-28T16:14:48] RUN_START run_id=SCALE_C_NFD_10_032
[2026-08-28T16:14:48] PARAM implementation=NFD
[2026-08-28T16:14:48] METRIC concurrent_clients=10
[2026-08-28T16:14:48] METRIC throughput_pct_of_max=100.0
[2026-08-28T16:14:48] RUN_END status=OK
