[2026-08-19T16:35:46] RUN_START run_id=SCALE_C_NFD_1000_037
[2026-08-19T16:35:46] PARAM implementation=NFD
[2026-08-19T16:35:46] METRIC concurrent_clients=1000
[2026-08-19T16:35:46] METRIC throughput_pct_of_max=55.667
[2026-08-19T16:35:46] RUN_END status=OK
[2026-08-19T16:36:12] RUN_START run_id=SCALE_C_PythonNDN_100_072
[2026-08-19T16:36:12] PARAM implementation=PythonNDN
[2026-08-19T16:36:12] METRIC concurrent_clients=100
[2026-08-19T16:36:12] METRIC throughput_pct_of_max=64.271
[2026-08-19T16:36:12] RUN_END status=OK
[2026-08-19T16:37:40] RUN_START run_id=SCALE_C_NFD_50_086
[2026-08-19T16:37:40] PARAM implementation=NFD
[2026-08-19T16:37:40] METRIC concurrent_clients=50
[2026-08-19T16:37:40] METRIC throughput_pct_of_max=91.58
[2026-08-19T16:37:40] RUN_END status=OK
[2026-08-19T16:37:58] RUN_START run_id=SCALE_C_NFD_1000_038
[2026-08-19T16:37:58] PARAM implementation=NFD
[2026-08-19T16:37:58] METRIC concurrent_clients=1000
[2026-08-19T16:37:58] METRIC throughput_pct_of_max=53.093
[2026-08-19T16:37:58] RUN_END status=OK
[2026-08-19T16:39:33] RUN_START run_id=SCALE_C_NFD_50_087
[2026-08-19T16:39:33] PARAM implementation=NFD
[2026-08-19T16:39:33] METRIC concurrent_clients=50
[2026-08-19T16:39:33] METRIC throughput_pct_of_max=92.494
[2026-08-19T16:39:33] RUN_END status=OK
[2026-08-19T16:40:12] RUN_START run_id=SCALE_C_NFD_1000_039
[2026-08-19T16:40:12] PARAM implementation=NFD
[2026-08-19T16:40:12] METRIC concurrent_clients=1000
[2026-08-19T16:40:12] METRIC throughput_pct_of_max=50.244
[2026-08-19T16:40:12] RUN_END status=OK
[2026-08-19T16:40:26] RUN_START run_id=SCALE_C_PythonNDN_100_073
[2026-08-19T16:40:26] PARAM implementation=PythonNDN
[2026-08-19T16:40:26] METRIC concurrent_clients=100
[2026-08-19T16:40:26] METRIC throughput_pct_of_max=61.286
[2026-08-19T16:40:26] RUN_END status=OK
[2026-08-19T16:41:19] RUN_START run_id=SCALE_C_PythonNDN_100_074
[2026-08-19T16:41:19] PARAM implementation=PythonNDN
[2026-08-19T16:41:19] METRIC concurrent_clients=100
[2026-08-19T16:41:19] METRIC throughput_pct_of_max=64.213
[2026-08-19T16:41:19] RUN_END status=OK
[2026-08-19T16:41:40] RUN_START run_id=SCALE_C_NFD_1000_040
[2026-08-19T16:41:40] PARAM implementation=NFD
[2026-08-19T16:41:40] METRIC concurrent_clients=1000
[2026-08-19T16:41:40] METRIC throughput_pct_of_max=56.632
[2026-08-19T16:41:40] RUN_END status=OK
[2026-08-19T16:42:55] RUN_START run_id=SCALE_C_NFD_50_088
[2026-08-19T16:42:55] PARAM implementation=NFD
[2026-08-19T16:42:55] METRIC concurrent_clients=50
[2026-08-19T16:42:55] METRIC throughput_pct_of_max=91.017
[2026-08-19T16:42:55] RUN_END status=OK
[2026-08-19T16:43:28] RUN_START run_id=SCALE_C_PythonNDN_100_075
[2026-08-19T16:43:28] PARAM implementation=PythonNDN
[2026-08-19T16:43:28] METRIC concurrent_clients=100
[2026-08-19T16:43:28] METRIC throughput_pct_of_max=63.21
[2026-08-19T16:43:28] RUN_END status=OK
[2026-08-19T16:43:59] RUN_START run_id=SCALE_C_NFD_1000_041
[2026-08-19T16:43:59] PARAM implementation=NFD
[2026-08-19T16:43:59] METRIC concurrent_clients=1000
[2026-08-19T16:43:59] METRIC throughput_pct_of_max=58.243
[2026-08-19T16:43:59] RUN_END status=OK
[2026-08-19T16:44:18] RUN_START run_id=SCALE_C_NFD_50_089
[2026-08-19T16:44:18] PARAM implementation=NFD
[2026-08-19T16:44:18] METRIC concurrent_clients=50
[2026-08-19T16:44:18] METRIC throughput_pct_of_max=89.819
[2026-08-19T16:44:18] RUN_END status=OK
