[2026-08-20T12:26:00] RUN_START run_id=SCALE_C_uDCN_500_123
[2026-08-20T12:26:00] PARAM implementation=uDCN
[2026-08-20T12:26:00] METRIC concurrent_clients=500
[2026-08-20T12:26:00] METRIC throughput_pct_of_max=91.715
[2026-08-20T12:26:00] RUN_END status=OK
[2026-08-20T12:26:38] RUN_START run_id=SCALE_C_CCNlite_10_014
[2026-08-20T12:26:38] PARAM implementation=CCNlite
[2026-08-20T12:26:38] METRIC concurrent_clients=10
[2026-08-20T12:26:38] METRIC throughput_pct_of_max=97.804
[2026-08-20T12:26:38] RUN_END status=OK
[2026-08-20T12:28:15] RUN_START run_id=SCALE_C_CCNlite_10_015
[2026-08-20T12:28:15] PARAM implementation=CCNlite
[2026-08-20T12:28:15] METRIC concurrent_clients=10
[2026-08-20T12:28:15] METRIC throughput_pct_of_max=100.0
[2026-08-20T12:28:15] RUN_END status=OK
[2026-08-20T12:28:46] RUN_START run_id=SCALE_C_uDCN_500_124
[2026-08-20T12:28:46] PARAM implementation=uDCN
[2026-08-20T12:28:46] METRIC concurrent_clients=500
[2026-08-20T12:28:46] METRIC throughput_pct_of_max=90.724
[2026-08-20T12:28:46] RUN_END status=OK
[2026-08-20T12:29:44] RUN_START run_id=SCALE_C_uDCN_500_125
[2026-08-20T12:29:44] PARAM implementation=uDCN
[2026-08-20T12:29:44] METRIC concurrent_clients=500
[2026-08-20T12:29:44] METRIC throughput_pct_of_max=89.367
[2026-08-20T12:29:44] RUN_END status=OK
[2026-08-20T12:31:49] RUN_START run_id=SCALE_C_CCNlite_10_016
[2026-08-20T12:31:49] PARAM implementation=CCNlite
[2026-08-20T12:31:49] METRIC concurrent_clients=10
[2026-08-20T12:31:49] METRIC throughput_pct_of_max=100.0
[2026-08-20T12:31:49] RUN_END status=OK
[2026-08-20T12:31:50] RUN_START run_id=SCALE_C_uDCN_500_126
[2026-08-20T12:31:50] PARAM implementation=uDCN
[2026-08-20T12:31:50] METRIC concurrent_clients=500
[2026-08-20T12:31:50] METRIC throughput_pct_of_max=92.963
[2026-08-20T12:31:50] RUN_END status=OK
[2026-08-20T12:33:52] RUN_START run_id=SCALE_C_CCNlite_10_017
[2026-08-20T12:33:52] PARAM implementation=CCNlite
[2026-08-20T12:33:52] METRIC concurrent_clients=10
[2026-08-20T12:33:52] METRIC throughput_pct_of_max=100.0
[2026-08-20T12:33:52] RUN_END status=OK
[2026-08-20T12:37:35] RUN_START run_id=SCALE_C_CCNlite_10_018
[2026-08-20T12:37:35] PARAM implementation=CCNlite
[2026-08-20T12:37:35] METRIC concurrent_clients=10
[2026-08-20T12:37:35] METRIC throughput_pct_of_max=97.563
[2026-08-20T12:37:35] RUN_END status=OK
[2026-08-20T12:42:23] RUN_START run_id=SCALE_C_CCNlite_10_019
[2026-08-20T12:42:23] PARAM implementation=CCNlite
[2026-08-20T12:42:23] METRIC concurrent_clients=10
[2026-08-20T12:42:23] METRIC throughput_pct_of_max=100.0
[2026-08-20T12:42:23] RUN_END status=OK
[2026-08-20T12:43:31] RUN_START run_id=SCALE_C_CCNlite_10_020
[2026-08-20T12:43:31] PARAM implementation=CCNlite
[2026-08-20T12:43:31] METRIC concurrent_clients=10
[2026-08-20T12:43:31] METRIC throughput_pct_of_max=100.0
[2026-08-20T12:43:31] RUN_END status=OK
[2026-08-20T12:46:34] RUN_START run_id=SCALE_C_CCNlite_10_021
[2026-08-20T12:46:34] PARAM implementation=CCNlite
[2026-08-20T12:46:34] METRIC concurrent_clients=10
[2026-08-20T12:46:34] METRIC throughput_pct_of_max=100.0
[2026-08-20T12:46:34] RUN_END status=OK
[2026-08-20T12:49:52] RUN_START run_id=SCALE_C_CCNlite_10_022
[2026-08-20T12:49:52] PARAM implementation=CCNlite
[2026-08-20T12:49:52] METRIC concurrent_clients=10
[2026-08-20T12:49:52] METRIC throughput_pct_of_max=100.0
[2026-08-20T12:49:52] RUN_END status=OK
[2026-08-20T12:53:30] RUN_START run_id=SCALE_C_CCNlite_10_023
[2026-08-20T12:53:30] PARAM implementation=CCNlite
[2026-08-20T12:53:30] METRIC concurrent_clients=10
[2026-08-20T12:53:30] METRIC throughput_pct_of_max=98.094
[2026-08-20T12:53:30] RUN_END status=OK
[2026-08-20T12:55:02] RUN_START run_id=SCALE_C_CCNlite_10_024
[2026-08-20T12:55:02] PARAM implementation=CCNlite
[2026-08-20T12:55:02] METRIC concurrent_clients=10
[2026-08-20T12:55:02] METRIC throughput_pct_of_max=100.0
[2026-08-20T12:55:02] RUN_END status=OK
[2026-08-20T12:55:30] RUN_START run_id=SCALE_C_CCNlite_10_025
[2026-08-20T12:55:30] PARAM implementation=CCNlite
[2026-08-20T12:55:30] METRIC concurrent_clients=10
[2026-08-20T12:55:30] METRIC throughput_pct_of_max=100.0
[2026-08-20T12:55:30] RUN_END status=OK
