[2026-08-19T16:20:36] RUN_START run_id=SCALE_C_NFD_1000_030
[2026-08-19T16:20:36] PARAM implementation=NFD
[2026-08-19T16:20:36] METRIC concurrent_clients=1000
[2026-08-19T16:20:36] METRIC throughput_pct_of_max=53.845
[2026-08-19T16:20:36] RUN_END status=OK
[2026-08-19T16:20:38] RUN_START run_id=SCALE_C_NFD_50_078
[2026-08-19T16:20:38] PARAM implementation=NFD
[2026-08-19T16:20:38] METRIC concurrent_clients=50
[2026-08-19T16:20:38] METRIC throughput_pct_of_max=93.941
[2026-08-19T16:20:38] RUN_END status=OK
[2026-08-19T16:21:59] RUN_START run_id=SCALE_C_NFD_50_079
[2026-08-19T16:21:59] PARAM implementation=NFD
[2026-08-19T16:21:59] METRIC concurrent_clients=50
[2026-08-19T16:21:59] METRIC throughput_pct_of_max=89.197
[2026-08-19T16:21:59] RUN_END status=OK
[2026-08-19T16:23:04] RUN_START run_id=SCALE_C_NFD_50_080
[2026-08-19T16:23:04] PARAM implementation=NFD
[2026-08-19T16:23:04] METRIC concurrent_clients=50
[2026-08-19T16:23:04] METRIC throughput_pct_of_max=86.448
[2026-08-19T16:23:04] RUN_END status=OK
[2026-08-19T16:23:22] RUN_START run_id=SCALE_C_NFD_1000_031
[2026-08-19T16:23:22] PARAM implementation=NFD
[2026-08-19T16:23:22] METRIC concurrent_clients=1000
[2026-08-19T16:23:22] METRIC throughput_pct_of_max=56.304
[2026-08-19T16:23:22] RUN_END status=OK
[2026-08-19T16:23:45] RUN_START run_id=SCALE_C_NFD_50_081
[2026-08-19T16:23:45] PARAM implementation=NFD
[2026-08-19T16:23:45] METRIC concurrent_clients=50
[2026-08-19T16:23:45] METRIC throughput_pct_of_max=96.669
[2026-08-19T16:23:45] RUN_END status=OK
[2026-08-19T16:25:31] RUN_START run_id=SCALE_C_NFD_1000_032
[2026-08-19T16:25:31] PARAM implementation=NFD
[2026-08-19T16:25:31] METRIC concurrent_clients=1000
[2026-08-19T16:25:31] METRIC throughput_pct_of_max=55.781
[2026-08-19T16:25:31] RUN_END status=OK
[2026-08-19T16:26:23] RUN_START run_id=SCALE_C_NFD_50_082
[2026-08-19T16:26:23] PARAM implementation=NFD
[2026-08-19T16:26:23] METRIC concurrent_clients=50
[2026-08-19T16:26:23] METRIC throughput_pct_of_max=92.779
[2026-08-19T16:26:23] RUN_END status=OK
[2026-08-19T16:27:06] RUN_START run_id=SCALE_C_NFD_50_083
[2026-08-19T16:27:06] PARAM implementation=NFD
[2026-08-19T16:27:06] METRIC concurrent_clients=50
[2026-08-19T16:27:06] METRIC throughput_pct_of_max=88.539
[2026-08-19T16:27:06] RUN_END status=OK
[2026-08-19T16:27:45] RUN_START run_id=SCALE_C_NFD_1000_033
[2026-08-19T16:27:45] PARAM implementation=NFD
[2026-08-19T16:27:45] METRIC concurrent_clients=1000
[2026-08-19T16:27:45] METRIC throughput_pct_of_max=55.481
[2026-08-19T16:27:45] RUN_END status=OK
[2026-08-19T16:29:13] RUN_START run_id=SCALE_C_NFD_50_084
[2026-08-19T16:29:13] PARAM implementation=NFD
[2026-08-19T16:29:13] METRIC concurrent_clients=50
[2026-08-19T16:29:13] METRIC throughput_pct_of_max=82.843
[2026-08-19T16:29:13] RUN_END status=OK
[2026-08-19T16:29:30] RUN_START run_id=SCALE_C_NFD_1000_034
[2026-08-19T16:29:30] PARAM implementation=NFD
[2026-08-19T16:29:30] METRIC concurrent_clients=1000
[2026-08-19T16:29:30] METRIC throughput_pct_of_max=56.091
[2026-08-19T16:29:30] RUN_END status=OK
[2026-08-19T16:29:35] RUN_START run_id=SCALE_C_NFD_50_085
[2026-08-19T16:29:35] PARAM implementation=NFD
[2026-08-19T16:29:35] METRIC concurrent_clients=50
[2026-08-19T16:29:35] METRIC throughput_pct_of_max=89.089
[2026-08-19T16:29:35] RUN_END status=OK
[2026-08-19T16:31:05] RUN_START run_id=SCALE_C_NFD_1000_035
[2026-08-19T16:31:05] PARAM implementation=NFD
[2026-08-19T16:31:05] METRIC concurrent_clients=1000
[2026-08-19T16:31:05] METRIC throughput_pct_of_max=59.424
[2026-08-19T16:31:05] RUN_END status=OK
[2026-08-19T16:32:45] RUN_START run_id=SCALE_C_PythonNDN_100_070
[2026-08-19T16:32:45] PARAM implementation=PythonNDN
[2026-08-19T16:32:45] METRIC concurrent_clients=100
[2026-08-19T16:32:45] METRIC throughput_pct_of_max=65.987
[2026-08-19T16:32:45] RUN_END status=OK
[2026-08-19T16:33:38] RUN_START run_id=SCALE_C_NFD_1000_036
[2026-08-19T16:33:38] PARAM implementation=NFD
[2026-08-19T16:33:38] METRIC concurrent_clients=1000
[2026-08-19T16:33:38] METRIC throughput_pct_of_max=54.605
[2026-08-19T16:33:38] RUN_END status=OK
[2026-08-19T16:34:19] RUN_START run_id=SCALE_C_PythonNDN_100_071
[2026-08-19T16:34:19] PARAM implementation=PythonNDN
[2026-08-19T16:34:19] METRIC concurrent_clients=100
[2026-08-19T16:34:19] METRIC throughput_pct_of_max=65.592
[2026-08-19T16:34:19] RUN_END status=OK
