[2026-08-18T21:58:13] RUN_START run_id=SCALE_C_PythonNDN_10_141
[2026-08-18T21:58:13] PARAM implementation=PythonNDN
[2026-08-18T21:58:13] METRIC concurrent_clients=10
[2026-08-18T21:58:13] METRIC throughput_pct_of_max=97.016
[2026-08-18T21:58:13] RUN_END status=OK
[2026-08-18T22:01:52] RUN_START run_id=SCALE_C_PythonNDN_10_142
[2026-08-18T22:01:52] PARAM implementation=PythonNDN
[2026-08-18T22:01:52] METRIC concurrent_clients=10
[2026-08-18T22:01:52] METRIC throughput_pct_of_max=99.366
[2026-08-18T22:01:52] RUN_END status=OK
[2026-08-18T22:04:55] RUN_START run_id=SCALE_C_PythonNDN_10_143
[2026-08-18T22:04:55] PARAM implementation=PythonNDN
[2026-08-18T22:04:55] METRIC concurrent_clients=10
[2026-08-18T22:04:55] METRIC throughput_pct_of_max=97.037
[2026-08-18T22:04:55] RUN_END status=OK
[2026-08-18T22:07:15] RUN_START run_id=SCALE_C_PythonNDN_10_144
[2026-08-18T22:07:15] PARAM implementation=PythonNDN
[2026-08-18T22:07:15] METRIC concurrent_clients=10
[2026-08-18T22:07:15] METRIC throughput_pct_of_max=95.303
[2026-08-18T22:07:15] RUN_END status=OK
[2026-08-18T22:15:23] RUN_START run_id=SCALE_C_PythonNDN_10_145
[2026-08-18T22:15:23] PARAM implementation=PythonNDN
[2026-08-18T22:15:23] METRIC concurrent_clients=10
[2026-08-18T22:15:23] METRIC throughput_pct_of_max=100.0
[2026-08-18T22:15:23] RUN_END status=OK
[2026-08-18T22:18:01] RUN_START run_id=SCALE_C_PythonNDN_10_146
[2026-08-18T22:18:01] PARAM implementation=PythonNDN
[2026-08-18T22:18:01] METRIC concurrent_clients=10
[2026-08-18T22:18:01] METRIC throughput_pct_of_max=97.635
[2026-08-18T22:18:01] RUN_END status=OK
[2026-08-18T22:22:11] RUN_START run_id=SCALE_C_PythonNDN_10_147
[2026-08-18T22:22:11] PARAM implementation=PythonNDN
[2026-08-18T22:22:11] METRIC concurrent_clients=10
[2026-08-18T22:22:11] METRIC throughput_pct_of_max=100.0
[2026-08-18T22:22:11] RUN_END status=OK
[2026-08-18T22:24:50] RUN_START run_id=SCALE_C_PythonNDN_10_148
[2026-08-18T22:24:50] PARAM implementation=PythonNDN
[2026-08-18T22:24:50] METRIC concurrent_clients=10
[2026-08-18T22:24:50] METRIC throughput_pct_of_max=100.0
[2026-08-18T22:24:50] RUN_END status=OK
[2026-08-18T22:26:40] RUN_START run_id=SCALE_C_PythonNDN_10_149
[2026-08-18T22:26:40] PARAM implementation=PythonNDN
[2026-08-18T22:26:40] METRIC concurrent_clients=10
[2026-08-18T22:26:40] METRIC throughput_pct_of_max=95.519
[2026-08-18T22:26:40] RUN_END status=OK
[2026-08-18T22:31:43] RUN_START run_id=SCALE_C_PythonNDN_10_150
[2026-08-18T22:31:43] PARAM implementation=PythonNDN
[2026-08-18T22:31:43] METRIC concurrent_clients=10
[2026-08-18T22:31:43] METRIC throughput_pct_of_max=100.0
[2026-08-18T22:31:43] RUN_END status=OK
[2026-08-18T22:54:07] RUN_START run_id=SCALE_C_PythonNDN_100_056
[2026-08-18T22:54:07] PARAM implementation=PythonNDN
[2026-08-18T22:54:07] METRIC concurrent_clients=100
[2026-08-18T22:54:07] METRIC throughput_pct_of_max=63.671
[2026-08-18T22:54:07] RUN_END status=OK
[2026-08-18T22:56:59] RUN_START run_id=SCALE_C_PythonNDN_100_057
[2026-08-18T22:56:59] PARAM implementation=PythonNDN
[2026-08-18T22:56:59] METRIC concurrent_clients=100
[2026-08-18T22:56:59] METRIC throughput_pct_of_max=69.419
[2026-08-18T22:56:59] RUN_END status=OK
[2026-08-18T23:01:40] RUN_START run_id=SCALE_C_PythonNDN_100_058
[2026-08-18T23:01:40] PARAM implementation=PythonNDN
[2026-08-18T23:01:40] METRIC concurrent_clients=100
[2026-08-18T23:01:40] METRIC throughput_pct_of_max=66.769
[2026-08-18T23:01:40] RUN_END status=OK
