[2026-08-23T04:35:23] RUN_START run_id=SCALE_C_CCNlite_100_032
[2026-08-23T04:35:23] PARAM implementation=CCNlite
[2026-08-23T04:35:23] METRIC concurrent_clients=100
[2026-08-23T04:35:23] METRIC throughput_pct_of_max=80.977
[2026-08-23T04:35:23] RUN_END status=OK
[2026-08-23T04:37:26] RUN_START run_id=SCALE_C_CCNlite_100_033
[2026-08-23T04:37:26] PARAM implementation=CCNlite
[2026-08-23T04:37:26] METRIC concurrent_clients=100
[2026-08-23T04:37:26] METRIC throughput_pct_of_max=77.63
[2026-08-23T04:37:26] RUN_END status=OK
[2026-08-23T04:39:54] RUN_START run_id=SCALE_C_CCNlite_100_034
[2026-08-23T04:39:54] PARAM implementation=CCNlite
[2026-08-23T04:39:54] METRIC concurrent_clients=100
[2026-08-23T04:39:54] METRIC throughput_pct_of_max=77.781
[2026-08-23T04:39:54] RUN_END status=OK
[2026-08-23T04:40:15] RUN_START run_id=SCALE_C_CCNlite_100_035
[2026-08-23T04:40:15] PARAM implementation=CCNlite
[2026-08-23T04:40:15] METRIC concurrent_clients=100
[2026-08-23T04:40:15] METRIC throughput_pct_of_max=83.667
[2026-08-23T04:40:15] RUN_END status=OK
[2026-08-23T04:47:25] RUN_START run_id=SCALE_C_CCNlite_100_036
[2026-08-23T04:47:25] PARAM implementation=CCNlite
[2026-08-23T04:47:25] METRIC concurrent_clients=100
[2026-08-23T04:47:25] METRIC throughput_pct_of_max=81.292
[2026-08-23T04:47:25] RUN_END status=OK
[2026-08-23T04:49:02] RUN_START run_id=SCALE_C_CCNlite_100_037
[2026-08-23T04:49:02] PARAM implementation=CCNlite
[2026-08-23T04:49:02] METRIC concurrent_clients=100
[2026-08-23T04:49:02] METRIC throughput_pct_of_max=83.309
[2026-08-23T04:49:02] RUN_END status=OK
[2026-08-23T04:53:41] RUN_START run_id=SCALE_C_CCNlite_100_038
[2026-08-23T04:53:41] PARAM implementation=CCNlite
[2026-08-23T04:53:41] METRIC concurrent_clients=100
[2026-08-23T04:53:41] METRIC throughput_pct_of_max=76.852
[2026-08-23T04:53:41] RUN_END status=OK
[2026-08-23T04:54:59] RUN_START run_id=SCALE_C_CCNlite_100_039
[2026-08-23T04:54:59] PARAM implementation=CCNlite
[2026-08-23T04:54:59] METRIC concurrent_clients=100
[2026-08-23T04:54:59] METRIC throughput_pct_of_max=79.927
[2026-08-23T04:54:59] RUN_END status=OK
[2026-08-23T04:56:51] RUN_START run_id=SCALE_C_CCNlite_100_040
[2026-08-23T04:56:51] PARAM implementation=CCNlite
[2026-08-23T04:56:51] METRIC concurrent_clients=100
[2026-08-23T04:56:51] METRIC throughput_pct_of_max=78.796
[2026-08-23T04:56:51] RUN_END status=OK
[2026-08-23T04:59:07] RUN_START run_id=SCALE_C_CCNlite_100_041
[2026-08-23T04:59:07] PARAM implementation=CCNlite
[2026-08-23T04:59:07] METRIC concurrent_clients=100
[2026-08-23T04:59:07] METRIC throughput_pct_of_max=82.662
[2026-08-23T04:59:07] RUN_END status=OK
[2026-08-23T05:01:30] RUN_START run_id=SCALE_C_CCNlite_100_042
[2026-08-23T05:01:30] PARAM implementation=CCNlite
[2026-08-23T05:01:30] METRIC concurrent_clients=100
[2026-08-23T05:01:30] METRIC throughput_pct_of_max=82.334
[2026-08-23T05:01:30] RUN_END status=OK
[2026-08-23T05:02:03] RUN_START run_id=SCALE_C_CCNlite_100_043
[2026-08-23T05:02:03] PARAM implementation=CCNlite
[2026-08-23T05:02:03] METRIC concurrent_clients=100
[2026-08-23T05:02:03] METRIC throughput_pct_of_max=81.264
[2026-08-23T05:02:03] RUN_END status=OK
[2026-08-23T05:03:31] RUN_START run_id=SCALE_C_CCNlite_100_044
[2026-08-23T05:03:31] PARAM implementation=CCNlite
[2026-08-23T05:03:31] METRIC concurrent_clients=100
[2026-08-23T05:03:31] METRIC throughput_pct_of_max=81.618
[2026-08-23T05:03:31] RUN_END status=OK
[2026-08-23T05:10:14] RUN_START run_id=SCALE_C_CCNlite_100_045
[2026-08-23T05:10:14] PARAM implementation=CCNlite
[2026-08-23T05:10:14] METRIC concurrent_clients=100
[2026-08-23T05:10:14] METRIC throughput_pct_of_max=80.325
[2026-08-23T05:10:14] RUN_END status=OK
