[2026-08-22T09:19:58] RUN_START run_id=SCALE_C_PythonNDN_5000_011
[2026-08-22T09:19:58] PARAM implementation=PythonNDN
[2026-08-22T09:19:58] METRIC concurrent_clients=5000
[2026-08-22T09:19:58] METRIC throughput_pct_of_max=10.035
[2026-08-22T09:19:58] RUN_END status=OK
[2026-08-22T09:20:01] RUN_START run_id=SCALE_C_CCNlite_500_012
[2026-08-22T09:20:01] PARAM implementation=CCNlite
[2026-08-22T09:20:01] METRIC concurrent_clients=500
[2026-08-22T09:20:01] METRIC throughput_pct_of_max=65.87
[2026-08-22T09:20:01] RUN_END status=OK
[2026-08-22T09:21:06] RUN_START run_id=SCALE_C_uDCN_1000_117
[2026-08-22T09:21:06] PARAM implementation=uDCN
[2026-08-22T09:21:06] METRIC concurrent_clients=1000
[2026-08-22T09:21:06] METRIC throughput_pct_of_max=92.761
[2026-08-22T09:21:06] RUN_END status=OK
[2026-08-22T09:22:04] RUN_START run_id=SCALE_C_uDCN_1000_118
[2026-08-22T09:22:04] PARAM implementation=uDCN
[2026-08-22T09:22:04] METRIC concurrent_clients=1000
[2026-08-22T09:22:04] METRIC throughput_pct_of_max=90.228
[2026-08-22T09:22:04] RUN_END status=OK
[2026-08-22T09:23:55] RUN_START run_id=SCALE_C_PythonNDN_5000_012
[2026-08-22T09:23:55] PARAM implementation=PythonNDN
[2026-08-22T09:23:55] METRIC concurrent_clients=5000
[2026-08-22T09:23:55] METRIC throughput_pct_of_max=10.184
[2026-08-22T09:23:55] RUN_END status=OK
[2026-08-22T09:24:09] RUN_START run_id=SCALE_C_CCNlite_500_013
[2026-08-22T09:24:09] PARAM implementation=CCNlite
[2026-08-22T09:24:09] METRIC concurrent_clients=500
[2026-08-22T09:24:09] METRIC throughput_pct_of_max=65.589
[2026-08-22T09:24:09] RUN_END status=OK
[2026-08-22T09:24:55] RUN_START run_id=SCALE_C_uDCN_1000_119
[2026-08-22T09:24:55] PARAM implementation=uDCN
[2026-08-22T09:24:55] METRIC concurrent_clients=1000
[2026-08-22T09:24:55] METRIC throughput_pct_of_max=89.685
[2026-08-22T09:24:55] RUN_END status=OK
[2026-08-22T09:26:24] RUN_START run_id=SCALE_C_CCNlite_500_014
[2026-08-22T09:26:24] PARAM implementation=CCNlite
[2026-08-22T09:26:24] METRIC concurrent_clients=500
[2026-08-22T09:26:24] METRIC throughput_pct_of_max=67.669
[2026-08-22T09:26:24] RUN_END status=OK
[2026-08-22T09:28:07] RUN_START run_id=SCALE_C_CCNlite_500_015
[2026-08-22T09:28:07] PARAM implementation=CCNlite
[2026-08-22T09:28:07] METRIC concurrent_clients=500
[2026-08-22T09:28:07] METRIC throughput_pct_of_max=66.905
[2026-08-22T09:28:07] RUN_END status=OK
[2026-08-22T09:29:26] RUN_START run_id=SCALE_C_PythonNDN_5000_013
[2026-08-22T09:29:26] PARAM implementation=PythonNDN
[2026-08-22T09:29:26] METRIC concurrent_clients=5000
[2026-08-22T09:29:26] METRIC throughput_pct_of_max=10.041
[2026-08-22T09:29:26] RUN_END status=OK
[2026-08-22T09:30:48] RUN_START run_id=SCALE_C_uDCN_1000_120
[2026-08-22T09:30:48] PARAM implementation=uDCN
[2026-08-22T09:30:48] METRIC concurrent_clients=1000
[2026-08-22T09:30:48] METRIC throughput_pct_of_max=91.849
[2026-08-22T09:30:48] RUN_END status=OK
[2026-08-22T09:31:12] RUN_START run_id=SCALE_C_CCNlite_500_016
[2026-08-22T09:31:12] PARAM implementation=CCNlite
[2026-08-22T09:31:12] METRIC concurrent_clients=500
[2026-08-22T09:31:12] METRIC throughput_pct_of_max=68.677
[2026-08-22T09:31:12] RUN_END status=OK
[2026-08-22T09:33:23] RUN_START run_id=SCALE_C_uDCN_1000_121
[2026-08-22T09:33:23] PARAM implementation=uDCN
[2026-08-22T09:33:23] METRIC concurrent_clients=1000
[2026-08-22T09:33:23] METRIC throughput_pct_of_max=93.241
[2026-08-22T09:33:23] RUN_END status=OK
[2026-08-22T09:34:47] RUN_START run_id=SCALE_C_PythonNDN_5000_014
[2026-08-22T09:34:47] PARAM implementation=PythonNDN
[2026-08-22T09:34:47] METRIC concurrent_clients=5000
[2026-08-22T09:34:47] METRIC throughput_pct_of_max=10.334
[2026-08-22T09:34:47] RUN_END status=OK
[2026-08-22T09:35:16] RUN_START run_id=SCALE_C_uDCN_1000_122
[2026-08-22T09:35:16] PARAM implementation=uDCN
[2026-08-22T09:35:16] METRIC concurrent_clients=1000
[2026-08-22T09:35:16] METRIC throughput_pct_of_max=89.914
[2026-08-22T09:35:16] RUN_END status=OK
