[2026-08-22T19:09:00] RUN_START run_id=SCALE_C_PythonNDN_5000_048
[2026-08-22T19:09:00] PARAM implementation=PythonNDN
[2026-08-22T19:09:00] METRIC concurrent_clients=5000
[2026-08-22T19:09:00] METRIC throughput_pct_of_max=10.445
[2026-08-22T19:09:00] RUN_END status=OK
[2026-08-22T19:09:36] RUN_START run_id=SCALE_C_NFD_50_147
[2026-08-22T19:09:36] PARAM implementation=NFD
[2026-08-22T19:09:36] METRIC concurrent_clients=50
[2026-08-22T19:09:36] METRIC throughput_pct_of_max=87.451
[2026-08-22T19:09:36] RUN_END status=OK
[2026-08-22T19:12:05] RUN_START run_id=SCALE_C_NFD_50_148
[2026-08-22T19:12:05] PARAM implementation=NFD
[2026-08-22T19:12:05] METRIC concurrent_clients=50
[2026-08-22T19:12:05] METRIC throughput_pct_of_max=87.37
[2026-08-22T19:12:05] RUN_END status=OK
[2026-08-22T19:12:14] RUN_START run_id=SCALE_C_PythonNDN_5000_049
[2026-08-22T19:12:14] PARAM implementation=PythonNDN
[2026-08-22T19:12:14] METRIC concurrent_clients=5000
[2026-08-22T19:12:14] METRIC throughput_pct_of_max=9.046
[2026-08-22T19:12:14] RUN_END status=OK
[2026-08-22T19:13:31] RUN_START run_id=SCALE_C_PythonNDN_5000_050
[2026-08-22T19:13:31] PARAM implementation=PythonNDN
[2026-08-22T19:13:31] METRIC concurrent_clients=5000
[2026-08-22T19:13:31] METRIC throughput_pct_of_max=9.829
[2026-08-22T19:13:31] RUN_END status=OK
[2026-08-22T19:14:13] RUN_START run_id=SCALE_C_PythonNDN_5000_051
[2026-08-22T19:14:13] PARAM implementation=PythonNDN
[2026-08-22T19:14:13] METRIC concurrent_clients=5000
[2026-08-22T19:14:13] METRIC throughput_pct_of_max=9.725
[2026-08-22T19:14:13] RUN_END status=OK
[2026-08-22T19:14:14] RUN_START run_id=SCALE_C_NFD_50_149
[2026-08-22T19:14:14] PARAM implementation=NFD
[2026-08-22T19:14:14] METRIC concurrent_clients=50
[2026-08-22T19:14:14] METRIC throughput_pct_of_max=94.846
[2026-08-22T19:14:14] RUN_END status=OK
[2026-08-22T19:16:14] RUN_START run_id=SCALE_C_NFD_50_150
[2026-08-22T19:16:14] PARAM implementation=NFD
[2026-08-22T19:16:14] METRIC concurrent_clients=50
[2026-08-22T19:16:14] METRIC throughput_pct_of_max=89.083
[2026-08-22T19:16:14] RUN_END status=OK
[2026-08-22T19:18:05] RUN_START run_id=SCALE_C_PythonNDN_5000_052
[2026-08-22T19:18:05] PARAM implementation=PythonNDN
[2026-08-22T19:18:05] METRIC concurrent_clients=5000
[2026-08-22T19:18:05] METRIC throughput_pct_of_max=9.866
[2026-08-22T19:18:05] RUN_END status=OK
[2026-08-22T19:19:45] RUN_START run_id=SCALE_C_PythonNDN_5000_053
[2026-08-22T19:19:45] PARAM implementation=PythonNDN
[2026-08-22T19:19:45] METRIC concurrent_clients=5000
[2026-08-22T19:19:45] METRIC throughput_pct_of_max=10.323
[2026-08-22T19:19:45] RUN_END status=OK
[2026-08-22T19:21:26] RUN_START run_id=SCALE_C_PythonNDN_5000_054
[2026-08-22T19:21:26] PARAM implementation=PythonNDN
[2026-08-22T19:21:26] METRIC concurrent_clients=5000
[2026-08-22T19:21:26] METRIC throughput_pct_of_max=10.609
[2026-08-22T19:21:26] RUN_END status=OK
[2026-08-22T19:23:23] RUN_START run_id=SCALE_C_PythonNDN_5000_055
[2026-08-22T19:23:23] PARAM implementation=PythonNDN
[2026-08-22T19:23:23] METRIC concurrent_clients=5000
[2026-08-22T19:23:23] METRIC throughput_pct_of_max=10.096
[2026-08-22T19:23:23] RUN_END status=OK
[2026-08-22T19:26:13] RUN_START run_id=SCALE_C_PythonNDN_5000_056
[2026-08-22T19:26:13] PARAM implementation=PythonNDN
[2026-08-22T19:26:13] METRIC concurrent_clients=5000
[2026-08-22T19:26:13] METRIC throughput_pct_of_max=10.221
[2026-08-22T19:26:13] RUN_END status=OK
[2026-08-22T19:28:31] RUN_START run_id=SCALE_C_PythonNDN_5000_057
[2026-08-22T19:28:31] PARAM implementation=PythonNDN
[2026-08-22T19:28:31] METRIC concurrent_clients=5000
[2026-08-22T19:28:31] METRIC throughput_pct_of_max=9.988
[2026-08-22T19:28:31] RUN_END status=OK
[2026-08-22T19:32:25] RUN_START run_id=SCALE_C_PythonNDN_5000_058
[2026-08-22T19:32:25] PARAM implementation=PythonNDN
[2026-08-22T19:32:25] METRIC concurrent_clients=5000
[2026-08-22T19:32:25] METRIC throughput_pct_of_max=10.337
[2026-08-22T19:32:25] RUN_END status=OK
[2026-08-22T19:32:49] RUN_START run_id=07_scalability_clients_DISCARDED_0135
[2026-08-22T19:32:49] RUN_ABORTED reason=trex_controller_reset: TRex stateful-engine control connection dropped mid-run before steady-state throughput reached
[2026-08-22T19:32:56] RUN_START run_id=SCALE_C_PythonNDN_50_126
[2026-08-22T19:32:56] PARAM implementation=PythonNDN
[2026-08-22T19:32:56] METRIC concurrent_clients=50
[2026-08-22T19:32:56] METRIC throughput_pct_of_max=82.314
[2026-08-22T19:32:56] RUN_END status=OK
[2026-08-22T19:35:09] RUN_START run_id=SCALE_C_PythonNDN_5000_059
[2026-08-22T19:35:09] PARAM implementation=PythonNDN
[2026-08-22T19:35:09] METRIC concurrent_clients=5000
[2026-08-22T19:35:09] METRIC throughput_pct_of_max=10.328
[2026-08-22T19:35:09] RUN_END status=OK
