[2026-08-11T15:23:40] RUN_START run_id=SCALE_C_uDCN_10_031
[2026-08-11T15:23:40] PARAM implementation=uDCN
[2026-08-11T15:23:40] METRIC concurrent_clients=10
[2026-08-11T15:23:40] METRIC throughput_pct_of_max=98.297
[2026-08-11T15:23:40] RUN_END status=OK
[2026-08-11T15:26:29] RUN_START run_id=SCALE_C_uDCN_10_032
[2026-08-11T15:26:29] PARAM implementation=uDCN
[2026-08-11T15:26:29] METRIC concurrent_clients=10
[2026-08-11T15:26:29] METRIC throughput_pct_of_max=98.125
[2026-08-11T15:26:29] RUN_END status=OK
[2026-08-11T15:28:39] RUN_START run_id=SCALE_C_uDCN_10_033
[2026-08-11T15:28:39] PARAM implementation=uDCN
[2026-08-11T15:28:39] METRIC concurrent_clients=10
[2026-08-11T15:28:39] METRIC throughput_pct_of_max=100.0
[2026-08-11T15:28:39] RUN_END status=OK
[2026-08-12T14:00:00] RUN_START run_id=SCALE_C_NFD_5000_001
[2026-08-12T14:00:00] PARAM implementation=NFD
[2026-08-12T14:00:00] METRIC concurrent_clients=5000
[2026-08-12T14:00:00] METRIC throughput_pct_of_max=39.737
[2026-08-12T14:00:00] RUN_END status=OK
[2026-08-12T14:01:44] RUN_START run_id=SCALE_C_NFD_5000_002
[2026-08-12T14:01:44] PARAM implementation=NFD
[2026-08-12T14:01:44] METRIC concurrent_clients=5000
[2026-08-12T14:01:44] METRIC throughput_pct_of_max=36.813
[2026-08-12T14:01:44] RUN_END status=OK
[2026-08-12T14:03:47] RUN_START run_id=SCALE_C_NFD_5000_003
[2026-08-12T14:03:47] PARAM implementation=NFD
[2026-08-12T14:03:47] METRIC concurrent_clients=5000
[2026-08-12T14:03:47] METRIC throughput_pct_of_max=37.425
[2026-08-12T14:03:47] RUN_END status=OK
[2026-08-12T14:07:23] RUN_START run_id=SCALE_C_NFD_5000_004
[2026-08-12T14:07:23] PARAM implementation=NFD
[2026-08-12T14:07:23] METRIC concurrent_clients=5000
[2026-08-12T14:07:23] METRIC throughput_pct_of_max=37.605
[2026-08-12T14:07:23] RUN_END status=OK
[2026-08-12T14:09:18] RUN_START run_id=SCALE_C_NFD_5000_005
[2026-08-12T14:09:18] PARAM implementation=NFD
[2026-08-12T14:09:18] METRIC concurrent_clients=5000
[2026-08-12T14:09:18] METRIC throughput_pct_of_max=37.859
[2026-08-12T14:09:18] RUN_END status=OK
[2026-08-12T14:10:43] RUN_START run_id=SCALE_C_NFD_5000_006
[2026-08-12T14:10:43] PARAM implementation=NFD
[2026-08-12T14:10:43] METRIC concurrent_clients=5000
[2026-08-12T14:10:43] METRIC throughput_pct_of_max=39.503
[2026-08-12T14:10:43] RUN_END status=OK
[2026-08-12T14:14:17] RUN_START run_id=SCALE_C_NFD_5000_007
[2026-08-12T14:14:17] PARAM implementation=NFD
[2026-08-12T14:14:17] METRIC concurrent_clients=5000
[2026-08-12T14:14:17] METRIC throughput_pct_of_max=38.121
[2026-08-12T14:14:17] RUN_END status=OK
[2026-08-12T14:16:25] RUN_START run_id=SCALE_C_NFD_5000_008
[2026-08-12T14:16:25] PARAM implementation=NFD
[2026-08-12T14:16:25] METRIC concurrent_clients=5000
[2026-08-12T14:16:25] METRIC throughput_pct_of_max=36.702
[2026-08-12T14:16:25] RUN_END status=OK
[2026-08-12T14:18:09] RUN_START run_id=SCALE_C_NFD_5000_009
[2026-08-12T14:18:09] PARAM implementation=NFD
[2026-08-12T14:18:09] METRIC concurrent_clients=5000
[2026-08-12T14:18:09] METRIC throughput_pct_of_max=39.707
[2026-08-12T14:18:09] RUN_END status=OK
[2026-08-12T14:22:57] RUN_START run_id=SCALE_C_NFD_5000_010
[2026-08-12T14:22:57] PARAM implementation=NFD
[2026-08-12T14:22:57] METRIC concurrent_clients=5000
[2026-08-12T14:22:57] METRIC throughput_pct_of_max=37.646
[2026-08-12T14:22:57] RUN_END status=OK
[2026-08-12T14:23:52] RUN_START run_id=SCALE_C_NFD_5000_011
[2026-08-12T14:23:52] PARAM implementation=NFD
[2026-08-12T14:23:52] METRIC concurrent_clients=5000
[2026-08-12T14:23:52] METRIC throughput_pct_of_max=38.237
[2026-08-12T14:23:52] RUN_END status=OK
[2026-08-12T14:26:16] RUN_START run_id=SCALE_C_NFD_5000_012
[2026-08-12T14:26:16] PARAM implementation=NFD
[2026-08-12T14:26:16] METRIC concurrent_clients=5000
[2026-08-12T14:26:16] METRIC throughput_pct_of_max=36.609
[2026-08-12T14:26:16] RUN_END status=OK
[2026-08-12T14:28:01] RUN_START run_id=SCALE_C_NFD_5000_013
[2026-08-12T14:28:01] PARAM implementation=NFD
[2026-08-12T14:28:01] METRIC concurrent_clients=5000
[2026-08-12T14:28:01] METRIC throughput_pct_of_max=37.806
[2026-08-12T14:28:01] RUN_END status=OK
