[2026-08-19T16:50:21] RUN_START run_id=SCALE_C_NFD_50_092
[2026-08-19T16:50:21] PARAM implementation=NFD
[2026-08-19T16:50:21] METRIC concurrent_clients=50
[2026-08-19T16:50:21] METRIC throughput_pct_of_max=88.336
[2026-08-19T16:50:21] RUN_END status=OK
[2026-08-19T16:51:16] RUN_START run_id=SCALE_C_NFD_50_093
[2026-08-19T16:51:16] PARAM implementation=NFD
[2026-08-19T16:51:16] METRIC concurrent_clients=50
[2026-08-19T16:51:16] METRIC throughput_pct_of_max=93.156
[2026-08-19T16:51:16] RUN_END status=OK
[2026-08-19T16:51:39] RUN_START run_id=SCALE_C_NFD_1000_045
[2026-08-19T16:51:39] PARAM implementation=NFD
[2026-08-19T16:51:39] METRIC concurrent_clients=1000
[2026-08-19T16:51:39] METRIC throughput_pct_of_max=55.093
[2026-08-19T16:51:39] RUN_END status=OK
[2026-08-19T16:53:05] RUN_START run_id=SCALE_C_PythonNDN_100_081
[2026-08-19T16:53:05] PARAM implementation=PythonNDN
[2026-08-19T16:53:05] METRIC concurrent_clients=100
[2026-08-19T16:53:05] METRIC throughput_pct_of_max=65.868
[2026-08-19T16:53:05] RUN_END status=OK
[2026-08-19T16:53:14] RUN_START run_id=SCALE_C_NFD_50_094
[2026-08-19T16:53:14] PARAM implementation=NFD
[2026-08-19T16:53:14] METRIC concurrent_clients=50
[2026-08-19T16:53:14] METRIC throughput_pct_of_max=90.2
[2026-08-19T16:53:14] RUN_END status=OK
[2026-08-19T16:53:17] RUN_START run_id=SCALE_C_NFD_1000_046
[2026-08-19T16:53:17] PARAM implementation=NFD
[2026-08-19T16:53:17] METRIC concurrent_clients=1000
[2026-08-19T16:53:17] METRIC throughput_pct_of_max=53.467
[2026-08-19T16:53:17] RUN_END status=OK
[2026-08-19T16:56:01] RUN_START run_id=SCALE_C_NFD_1000_047
[2026-08-19T16:56:01] PARAM implementation=NFD
[2026-08-19T16:56:01] METRIC concurrent_clients=1000
[2026-08-19T16:56:01] METRIC throughput_pct_of_max=56.225
[2026-08-19T16:56:01] RUN_END status=OK
[2026-08-19T16:56:17] RUN_START run_id=SCALE_C_PythonNDN_100_082
[2026-08-19T16:56:17] PARAM implementation=PythonNDN
[2026-08-19T16:56:17] METRIC concurrent_clients=100
[2026-08-19T16:56:17] METRIC throughput_pct_of_max=64.089
[2026-08-19T16:56:17] RUN_END status=OK
[2026-08-19T16:57:59] RUN_START run_id=SCALE_C_PythonNDN_100_083
[2026-08-19T16:57:59] PARAM implementation=PythonNDN
[2026-08-19T16:57:59] METRIC concurrent_clients=100
[2026-08-19T16:57:59] METRIC throughput_pct_of_max=62.997
[2026-08-19T16:57:59] RUN_END status=OK
[2026-08-19T17:01:52] RUN_START run_id=SCALE_C_PythonNDN_100_084
[2026-08-19T17:01:52] PARAM implementation=PythonNDN
[2026-08-19T17:01:52] METRIC concurrent_clients=100
[2026-08-19T17:01:52] METRIC throughput_pct_of_max=65.339
[2026-08-19T17:01:52] RUN_END status=OK
[2026-08-19T17:03:21] RUN_START run_id=SCALE_C_PythonNDN_100_085
[2026-08-19T17:03:21] PARAM implementation=PythonNDN
[2026-08-19T17:03:21] METRIC concurrent_clients=100
[2026-08-19T17:03:21] METRIC throughput_pct_of_max=64.481
[2026-08-19T17:03:21] RUN_END status=OK
[2026-08-19T17:07:08] RUN_START run_id=SCALE_C_PythonNDN_100_086
[2026-08-19T17:07:08] PARAM implementation=PythonNDN
[2026-08-19T17:07:08] METRIC concurrent_clients=100
[2026-08-19T17:07:08] METRIC throughput_pct_of_max=68.515
[2026-08-19T17:07:08] RUN_END status=OK
[2026-08-19T17:08:25] RUN_START run_id=SCALE_C_PythonNDN_100_087
[2026-08-19T17:08:25] PARAM implementation=PythonNDN
[2026-08-19T17:08:25] METRIC concurrent_clients=100
[2026-08-19T17:08:25] METRIC throughput_pct_of_max=68.185
[2026-08-19T17:08:25] RUN_END status=OK
[2026-08-19T17:10:04] RUN_START run_id=SCALE_C_PythonNDN_100_088
[2026-08-19T17:10:04] PARAM implementation=PythonNDN
[2026-08-19T17:10:04] METRIC concurrent_clients=100
[2026-08-19T17:10:04] METRIC throughput_pct_of_max=62.981
[2026-08-19T17:10:04] RUN_END status=OK
[2026-08-19T17:10:35] RUN_START run_id=SCALE_C_PythonNDN_100_089
[2026-08-19T17:10:35] PARAM implementation=PythonNDN
[2026-08-19T17:10:35] METRIC concurrent_clients=100
[2026-08-19T17:10:35] METRIC throughput_pct_of_max=65.379
[2026-08-19T17:10:35] RUN_END status=OK
[2026-08-19T17:12:18] RUN_START run_id=SCALE_C_PythonNDN_100_090
[2026-08-19T17:12:18] PARAM implementation=PythonNDN
[2026-08-19T17:12:18] METRIC concurrent_clients=100
[2026-08-19T17:12:18] METRIC throughput_pct_of_max=65.634
[2026-08-19T17:12:18] RUN_END status=OK
[2026-08-19T17:13:35] RUN_START run_id=SCALE_C_PythonNDN_100_091
[2026-08-19T17:13:35] PARAM implementation=PythonNDN
[2026-08-19T17:13:35] METRIC concurrent_clients=100
[2026-08-19T17:13:35] METRIC throughput_pct_of_max=64.968
[2026-08-19T17:13:35] RUN_END status=OK
[2026-08-19T17:14:52] RUN_START run_id=SCALE_C_PythonNDN_100_092
[2026-08-19T17:14:52] PARAM implementation=PythonNDN
[2026-08-19T17:14:52] METRIC concurrent_clients=100
[2026-08-19T17:14:52] METRIC throughput_pct_of_max=62.612
[2026-08-19T17:14:52] RUN_END status=OK
[2026-08-19T17:17:20] RUN_START run_id=SCALE_C_PythonNDN_100_093
[2026-08-19T17:17:20] PARAM implementation=PythonNDN
[2026-08-19T17:17:20] METRIC concurrent_clients=100
[2026-08-19T17:17:20] METRIC throughput_pct_of_max=66.267
[2026-08-19T17:17:20] RUN_END status=OK
[2026-08-19T17:19:21] RUN_START run_id=SCALE_C_PythonNDN_100_094
[2026-08-19T17:19:21] PARAM implementation=PythonNDN
[2026-08-19T17:19:21] METRIC concurrent_clients=100
[2026-08-19T17:19:21] METRIC throughput_pct_of_max=64.714
[2026-08-19T17:19:21] RUN_END status=OK
