[2026-08-21T15:53:31] RUN_START run_id=SCALE_C_PythonNDN_50_084
[2026-08-21T15:53:31] PARAM implementation=PythonNDN
[2026-08-21T15:53:31] METRIC concurrent_clients=50
[2026-08-21T15:53:31] METRIC throughput_pct_of_max=81.534
[2026-08-21T15:53:31] RUN_END status=OK
[2026-08-21T15:55:20] RUN_START run_id=SCALE_C_PythonNDN_50_085
[2026-08-21T15:55:20] PARAM implementation=PythonNDN
[2026-08-21T15:55:20] METRIC concurrent_clients=50
[2026-08-21T15:55:20] METRIC throughput_pct_of_max=87.276
[2026-08-21T15:55:20] RUN_END status=OK
[2026-08-21T15:56:31] RUN_START run_id=SCALE_C_PythonNDN_50_086
[2026-08-21T15:56:31] PARAM implementation=PythonNDN
[2026-08-21T15:56:31] METRIC concurrent_clients=50
[2026-08-21T15:56:31] METRIC throughput_pct_of_max=84.62
[2026-08-21T15:56:31] RUN_END status=OK
[2026-08-21T15:58:52] RUN_START run_id=SCALE_C_PythonNDN_50_087
[2026-08-21T15:58:52] PARAM implementation=PythonNDN
[2026-08-21T15:58:52] METRIC concurrent_clients=50
[2026-08-21T15:58:52] METRIC throughput_pct_of_max=92.753
[2026-08-21T15:58:52] RUN_END status=OK
[2026-08-21T15:59:22] RUN_START run_id=SCALE_C_PythonNDN_50_088
[2026-08-21T15:59:22] PARAM implementation=PythonNDN
[2026-08-21T15:59:22] METRIC concurrent_clients=50
[2026-08-21T15:59:22] METRIC throughput_pct_of_max=83.297
[2026-08-21T15:59:22] RUN_END status=OK
[2026-08-21T16:00:00] RUN_START run_id=SCALE_C_PythonNDN_50_089
[2026-08-21T16:00:00] PARAM implementation=PythonNDN
[2026-08-21T16:00:00] METRIC concurrent_clients=50
[2026-08-21T16:00:00] METRIC throughput_pct_of_max=87.032
[2026-08-21T16:00:00] RUN_END status=OK
[2026-08-21T16:01:14] RUN_START run_id=SCALE_C_PythonNDN_50_090
[2026-08-21T16:01:14] PARAM implementation=PythonNDN
[2026-08-21T16:01:14] METRIC concurrent_clients=50
[2026-08-21T16:01:14] METRIC throughput_pct_of_max=86.172
[2026-08-21T16:01:14] RUN_END status=OK
[2026-08-21T16:05:46] RUN_START run_id=SCALE_C_PythonNDN_50_091
[2026-08-21T16:05:46] PARAM implementation=PythonNDN
[2026-08-21T16:05:46] METRIC concurrent_clients=50
[2026-08-21T16:05:46] METRIC throughput_pct_of_max=82.708
[2026-08-21T16:05:46] RUN_END status=OK
[2026-08-21T16:08:43] RUN_START run_id=SCALE_C_PythonNDN_50_092
[2026-08-21T16:08:43] PARAM implementation=PythonNDN
[2026-08-21T16:08:43] METRIC concurrent_clients=50
[2026-08-21T16:08:43] METRIC throughput_pct_of_max=90.393
[2026-08-21T16:08:43] RUN_END status=OK
[2026-08-21T16:10:44] RUN_START run_id=SCALE_C_PythonNDN_50_093
[2026-08-21T16:10:44] PARAM implementation=PythonNDN
[2026-08-21T16:10:44] METRIC concurrent_clients=50
[2026-08-21T16:10:44] METRIC throughput_pct_of_max=84.819
[2026-08-21T16:10:44] RUN_END status=OK
[2026-08-21T16:46:01] RUN_START run_id=SCALE_C_uDCN_50_085
[2026-08-21T16:46:01] PARAM implementation=uDCN
[2026-08-21T16:46:01] METRIC concurrent_clients=50
[2026-08-21T16:46:01] METRIC throughput_pct_of_max=97.317
[2026-08-21T16:46:01] RUN_END status=OK
[2026-08-21T16:47:37] RUN_START run_id=SCALE_C_uDCN_50_086
[2026-08-21T16:47:37] PARAM implementation=uDCN
[2026-08-21T16:47:37] METRIC concurrent_clients=50
[2026-08-21T16:47:37] METRIC throughput_pct_of_max=99.722
[2026-08-21T16:47:37] RUN_END status=OK
[2026-08-21T16:48:11] RUN_START run_id=SCALE_C_uDCN_50_087
[2026-08-21T16:48:11] PARAM implementation=uDCN
[2026-08-21T16:48:11] METRIC concurrent_clients=50
[2026-08-21T16:48:11] METRIC throughput_pct_of_max=96.352
[2026-08-21T16:48:11] RUN_END status=OK
[2026-08-21T16:51:50] RUN_START run_id=SCALE_C_uDCN_50_088
[2026-08-21T16:51:50] PARAM implementation=uDCN
[2026-08-21T16:51:50] METRIC concurrent_clients=50
[2026-08-21T16:51:50] METRIC throughput_pct_of_max=99.429
[2026-08-21T16:51:50] RUN_END status=OK
