[2026-08-10T12:00:00] RUN_START run_id=SCALE_C_PythonNDN_10_001
[2026-08-10T12:00:00] PARAM implementation=PythonNDN
[2026-08-10T12:00:00] METRIC concurrent_clients=10
[2026-08-10T12:00:00] METRIC throughput_pct_of_max=100.0
[2026-08-10T12:00:00] RUN_END status=OK
[2026-08-10T12:03:24] RUN_START run_id=SCALE_C_PythonNDN_10_002
[2026-08-10T12:03:24] PARAM implementation=PythonNDN
[2026-08-10T12:03:24] METRIC concurrent_clients=10
[2026-08-10T12:03:24] METRIC throughput_pct_of_max=100.0
[2026-08-10T12:03:24] RUN_END status=OK
[2026-08-10T12:07:02] RUN_START run_id=SCALE_C_PythonNDN_10_003
[2026-08-10T12:07:02] PARAM implementation=PythonNDN
[2026-08-10T12:07:02] METRIC concurrent_clients=10
[2026-08-10T12:07:02] METRIC throughput_pct_of_max=100.0
[2026-08-10T12:07:02] RUN_END status=OK
[2026-08-10T12:08:17] RUN_START run_id=SCALE_C_PythonNDN_10_004
[2026-08-10T12:08:17] PARAM implementation=PythonNDN
[2026-08-10T12:08:17] METRIC concurrent_clients=10
[2026-08-10T12:08:17] METRIC throughput_pct_of_max=99.59
[2026-08-10T12:08:17] RUN_END status=OK
[2026-08-10T12:10:03] RUN_START run_id=SCALE_C_PythonNDN_10_005
[2026-08-10T12:10:03] PARAM implementation=PythonNDN
[2026-08-10T12:10:03] METRIC concurrent_clients=10
[2026-08-10T12:10:03] METRIC throughput_pct_of_max=100.0
[2026-08-10T12:10:03] RUN_END status=OK
[2026-08-10T12:14:34] RUN_START run_id=SCALE_C_PythonNDN_10_006
[2026-08-10T12:14:34] PARAM implementation=PythonNDN
[2026-08-10T12:14:34] METRIC concurrent_clients=10
[2026-08-10T12:14:34] METRIC throughput_pct_of_max=100.0
[2026-08-10T12:14:34] RUN_END status=OK
[2026-08-10T12:15:48] RUN_START run_id=SCALE_C_PythonNDN_10_007
[2026-08-10T12:15:48] PARAM implementation=PythonNDN
[2026-08-10T12:15:48] METRIC concurrent_clients=10
[2026-08-10T12:15:48] METRIC throughput_pct_of_max=96.087
[2026-08-10T12:15:48] RUN_END status=OK
[2026-08-10T12:17:02] RUN_START run_id=SCALE_C_PythonNDN_10_008
[2026-08-10T12:17:02] PARAM implementation=PythonNDN
[2026-08-10T12:17:02] METRIC concurrent_clients=10
[2026-08-10T12:17:02] METRIC throughput_pct_of_max=100.0
[2026-08-10T12:17:02] RUN_END status=OK
[2026-08-10T12:20:59] RUN_START run_id=SCALE_C_PythonNDN_10_009
[2026-08-10T12:20:59] PARAM implementation=PythonNDN
[2026-08-10T12:20:59] METRIC concurrent_clients=10
[2026-08-10T12:20:59] METRIC throughput_pct_of_max=97.046
[2026-08-10T12:20:59] RUN_END status=OK
[2026-08-10T12:24:04] RUN_START run_id=SCALE_C_PythonNDN_10_010
[2026-08-10T12:24:04] PARAM implementation=PythonNDN
[2026-08-10T12:24:04] METRIC concurrent_clients=10
[2026-08-10T12:24:04] METRIC throughput_pct_of_max=100.0
[2026-08-10T12:24:04] RUN_END status=OK
[2026-08-10T12:32:02] RUN_START run_id=SCALE_C_PythonNDN_10_011
[2026-08-10T12:32:02] PARAM implementation=PythonNDN
[2026-08-10T12:32:02] METRIC concurrent_clients=10
[2026-08-10T12:32:02] METRIC throughput_pct_of_max=99.442
[2026-08-10T12:32:02] RUN_END status=OK
[2026-08-10T12:34:05] RUN_START run_id=SCALE_C_PythonNDN_10_012
[2026-08-10T12:34:05] PARAM implementation=PythonNDN
[2026-08-10T12:34:05] METRIC concurrent_clients=10
[2026-08-10T12:34:05] METRIC throughput_pct_of_max=98.94
[2026-08-10T12:34:05] RUN_END status=OK
[2026-08-10T12:38:00] RUN_START run_id=SCALE_C_PythonNDN_10_013
[2026-08-10T12:38:00] PARAM implementation=PythonNDN
[2026-08-10T12:38:00] METRIC concurrent_clients=10
[2026-08-10T12:38:00] METRIC throughput_pct_of_max=100.0
[2026-08-10T12:38:00] RUN_END status=OK
