[2026-08-29T23:24:22] RUN_START run_id=SCALE_C_CCNlite_100_131
[2026-08-29T23:24:22] PARAM implementation=CCNlite
[2026-08-29T23:24:22] METRIC concurrent_clients=100
[2026-08-29T23:24:22] METRIC throughput_pct_of_max=77.334
[2026-08-29T23:24:22] RUN_END status=OK
[2026-08-29T23:26:44] RUN_START run_id=SCALE_C_CCNlite_100_132
[2026-08-29T23:26:44] PARAM implementation=CCNlite
[2026-08-29T23:26:44] METRIC concurrent_clients=100
[2026-08-29T23:26:44] METRIC throughput_pct_of_max=80.907
[2026-08-29T23:26:44] RUN_END status=OK
[2026-08-29T23:28:44] RUN_START run_id=SCALE_C_CCNlite_100_133
[2026-08-29T23:28:44] PARAM implementation=CCNlite
[2026-08-29T23:28:44] METRIC concurrent_clients=100
[2026-08-29T23:28:44] METRIC throughput_pct_of_max=82.408
[2026-08-29T23:28:44] RUN_END status=OK
[2026-08-29T23:30:25] RUN_START run_id=SCALE_C_CCNlite_100_134
[2026-08-29T23:30:25] PARAM implementation=CCNlite
[2026-08-29T23:30:25] METRIC concurrent_clients=100
[2026-08-29T23:30:25] METRIC throughput_pct_of_max=78.358
[2026-08-29T23:30:25] RUN_END status=OK
[2026-08-29T23:31:58] RUN_START run_id=SCALE_C_CCNlite_100_135
[2026-08-29T23:31:58] PARAM implementation=CCNlite
[2026-08-29T23:31:58] METRIC concurrent_clients=100
[2026-08-29T23:31:58] METRIC throughput_pct_of_max=79.559
[2026-08-29T23:31:58] RUN_END status=OK
[2026-08-29T23:33:09] RUN_START run_id=SCALE_C_CCNlite_100_136
[2026-08-29T23:33:09] PARAM implementation=CCNlite
[2026-08-29T23:33:09] METRIC concurrent_clients=100
[2026-08-29T23:33:09] METRIC throughput_pct_of_max=79.012
[2026-08-29T23:33:09] RUN_END status=OK
[2026-08-29T23:34:21] RUN_START run_id=SCALE_C_CCNlite_100_137
[2026-08-29T23:34:21] PARAM implementation=CCNlite
[2026-08-29T23:34:21] METRIC concurrent_clients=100
[2026-08-29T23:34:21] METRIC throughput_pct_of_max=84.239
[2026-08-29T23:34:21] RUN_END status=OK
[2026-08-29T23:36:07] RUN_START run_id=SCALE_C_CCNlite_100_138
[2026-08-29T23:36:07] PARAM implementation=CCNlite
[2026-08-29T23:36:07] METRIC concurrent_clients=100
[2026-08-29T23:36:07] METRIC throughput_pct_of_max=85.466
[2026-08-29T23:36:07] RUN_END status=OK
[2026-08-29T23:39:18] RUN_START run_id=SCALE_C_CCNlite_100_139
[2026-08-29T23:39:18] PARAM implementation=CCNlite
[2026-08-29T23:39:18] METRIC concurrent_clients=100
[2026-08-29T23:39:18] METRIC throughput_pct_of_max=77.642
[2026-08-29T23:39:18] RUN_END status=OK
[2026-08-29T23:39:47] RUN_START run_id=SCALE_C_CCNlite_100_140
[2026-08-29T23:39:47] PARAM implementation=CCNlite
[2026-08-29T23:39:47] METRIC concurrent_clients=100
[2026-08-29T23:39:47] METRIC throughput_pct_of_max=78.302
[2026-08-29T23:39:47] RUN_END status=OK
[2026-08-29T23:41:45] RUN_START run_id=SCALE_C_CCNlite_100_141
[2026-08-29T23:41:45] PARAM implementation=CCNlite
[2026-08-29T23:41:45] METRIC concurrent_clients=100
[2026-08-29T23:41:45] METRIC throughput_pct_of_max=79.629
[2026-08-29T23:41:45] RUN_END status=OK
[2026-08-29T23:44:19] RUN_START run_id=SCALE_C_CCNlite_100_142
[2026-08-29T23:44:19] PARAM implementation=CCNlite
[2026-08-29T23:44:19] METRIC concurrent_clients=100
[2026-08-29T23:44:19] METRIC throughput_pct_of_max=79.751
[2026-08-29T23:44:19] RUN_END status=OK
[2026-08-29T23:45:41] RUN_START run_id=SCALE_C_CCNlite_100_143
[2026-08-29T23:45:41] PARAM implementation=CCNlite
[2026-08-29T23:45:41] METRIC concurrent_clients=100
[2026-08-29T23:45:41] METRIC throughput_pct_of_max=81.605
[2026-08-29T23:45:41] RUN_END status=OK
