[2026-08-15T13:21:04] RUN_START run_id=SCALE_C_NFD_5000_119
[2026-08-15T13:21:04] PARAM implementation=NFD
[2026-08-15T13:21:04] METRIC concurrent_clients=5000
[2026-08-15T13:21:04] METRIC throughput_pct_of_max=38.009
[2026-08-15T13:21:04] RUN_END status=OK
[2026-08-15T18:53:06] RUN_START run_id=SCALE_C_NFD_5000_120
[2026-08-15T18:53:06] PARAM implementation=NFD
[2026-08-15T18:53:06] METRIC concurrent_clients=5000
[2026-08-15T18:53:06] METRIC throughput_pct_of_max=36.961
[2026-08-15T18:53:06] RUN_END status=OK
[2026-08-15T18:54:15] RUN_START run_id=SCALE_C_NFD_5000_121
[2026-08-15T18:54:15] PARAM implementation=NFD
[2026-08-15T18:54:15] METRIC concurrent_clients=5000
[2026-08-15T18:54:15] METRIC throughput_pct_of_max=38.863
[2026-08-15T18:54:15] RUN_END status=OK
[2026-08-15T18:55:20] RUN_START run_id=SCALE_C_NFD_5000_122
[2026-08-15T18:55:20] PARAM implementation=NFD
[2026-08-15T18:55:20] METRIC concurrent_clients=5000
[2026-08-15T18:55:20] METRIC throughput_pct_of_max=38.396
[2026-08-15T18:55:20] RUN_END status=OK
[2026-08-15T18:58:54] RUN_START run_id=SCALE_C_NFD_5000_123
[2026-08-15T18:58:54] PARAM implementation=NFD
[2026-08-15T18:58:54] METRIC concurrent_clients=5000
[2026-08-15T18:58:54] METRIC throughput_pct_of_max=40.405
[2026-08-15T18:58:54] RUN_END status=OK
[2026-08-15T19:01:44] RUN_START run_id=SCALE_C_NFD_5000_124
[2026-08-15T19:01:44] PARAM implementation=NFD
[2026-08-15T19:01:44] METRIC concurrent_clients=5000
[2026-08-15T19:01:44] METRIC throughput_pct_of_max=39.05
[2026-08-15T19:01:44] RUN_END status=OK
[2026-08-15T19:02:31] RUN_START run_id=SCALE_C_NFD_5000_125
[2026-08-15T19:02:31] PARAM implementation=NFD
[2026-08-15T19:02:31] METRIC concurrent_clients=5000
[2026-08-15T19:02:31] METRIC throughput_pct_of_max=37.112
[2026-08-15T19:02:31] RUN_END status=OK
[2026-08-15T19:04:38] RUN_START run_id=SCALE_C_NFD_5000_126
[2026-08-15T19:04:38] PARAM implementation=NFD
[2026-08-15T19:04:38] METRIC concurrent_clients=5000
[2026-08-15T19:04:38] METRIC throughput_pct_of_max=38.182
[2026-08-15T19:04:38] RUN_END status=OK
[2026-08-15T19:07:42] RUN_START run_id=SCALE_C_NFD_5000_127
[2026-08-15T19:07:42] PARAM implementation=NFD
[2026-08-15T19:07:42] METRIC concurrent_clients=5000
[2026-08-15T19:07:42] METRIC throughput_pct_of_max=38.998
[2026-08-15T19:07:42] RUN_END status=OK
[2026-08-15T19:08:36] RUN_START run_id=SCALE_C_NFD_5000_128
[2026-08-15T19:08:36] PARAM implementation=NFD
[2026-08-15T19:08:36] METRIC concurrent_clients=5000
[2026-08-15T19:08:36] METRIC throughput_pct_of_max=38.549
[2026-08-15T19:08:36] RUN_END status=OK
[2026-08-15T19:11:04] RUN_START run_id=SCALE_C_NFD_5000_129
[2026-08-15T19:11:04] PARAM implementation=NFD
[2026-08-15T19:11:04] METRIC concurrent_clients=5000
[2026-08-15T19:11:04] METRIC throughput_pct_of_max=37.24
[2026-08-15T19:11:04] RUN_END status=OK
[2026-08-15T19:13:49] RUN_START run_id=SCALE_C_NFD_5000_130
[2026-08-15T19:13:49] PARAM implementation=NFD
[2026-08-15T19:13:49] METRIC concurrent_clients=5000
[2026-08-15T19:13:49] METRIC throughput_pct_of_max=37.498
[2026-08-15T19:13:49] RUN_END status=OK
