[2026-08-22T09:12:33] RUN_START run_id=SCALE_C_CCNlite_500_008
[2026-08-22T09:12:33] PARAM implementation=CCNlite
[2026-08-22T09:12:33] METRIC concurrent_clients=500
[2026-08-22T09:12:33] METRIC throughput_pct_of_max=67.695
[2026-08-22T09:12:33] RUN_END status=OK
[2026-08-22T09:12:47] RUN_START run_id=SCALE_C_uDCN_1000_114
[2026-08-22T09:12:47] PARAM implementation=uDCN
[2026-08-22T09:12:47] METRIC concurrent_clients=1000
[2026-08-22T09:12:47] METRIC throughput_pct_of_max=89.92
[2026-08-22T09:12:47] RUN_END status=OK
[2026-08-22T09:13:23] RUN_START run_id=SCALE_C_PythonNDN_5000_007
[2026-08-22T09:13:23] PARAM implementation=PythonNDN
[2026-08-22T09:13:23] METRIC concurrent_clients=5000
[2026-08-22T09:13:23] METRIC throughput_pct_of_max=9.922
[2026-08-22T09:13:23] RUN_END status=OK
[2026-08-22T09:14:43] RUN_START run_id=SCALE_C_PythonNDN_5000_008
[2026-08-22T09:14:43] PARAM implementation=PythonNDN
[2026-08-22T09:14:43] METRIC concurrent_clients=5000
[2026-08-22T09:14:43] METRIC throughput_pct_of_max=9.99
[2026-08-22T09:14:43] RUN_END status=OK
[2026-08-22T09:15:08] RUN_START run_id=SCALE_C_CCNlite_500_009
[2026-08-22T09:15:08] PARAM implementation=CCNlite
[2026-08-22T09:15:08] METRIC concurrent_clients=500
[2026-08-22T09:15:08] METRIC throughput_pct_of_max=66.364
[2026-08-22T09:15:08] RUN_END status=OK
[2026-08-22T09:16:15] RUN_START run_id=SCALE_C_PythonNDN_5000_009
[2026-08-22T09:16:15] PARAM implementation=PythonNDN
[2026-08-22T09:16:15] METRIC concurrent_clients=5000
[2026-08-22T09:16:15] METRIC throughput_pct_of_max=9.602
[2026-08-22T09:16:15] RUN_END status=OK
[2026-08-22T09:16:36] RUN_START run_id=SCALE_C_uDCN_1000_115
[2026-08-22T09:16:36] PARAM implementation=uDCN
[2026-08-22T09:16:36] METRIC concurrent_clients=1000
[2026-08-22T09:16:36] METRIC throughput_pct_of_max=91.54
[2026-08-22T09:16:36] RUN_END status=OK
[2026-08-22T09:17:48] RUN_START run_id=SCALE_C_CCNlite_500_010
[2026-08-22T09:17:48] PARAM implementation=CCNlite
[2026-08-22T09:17:48] METRIC concurrent_clients=500
[2026-08-22T09:17:48] METRIC throughput_pct_of_max=69.447
[2026-08-22T09:17:48] RUN_END status=OK
[2026-08-22T09:19:03] RUN_START run_id=SCALE_C_PythonNDN_5000_010
[2026-08-22T09:19:03] PARAM implementation=PythonNDN
[2026-08-22T09:19:03] METRIC concurrent_clients=5000
[2026-08-22T09:19:03] METRIC throughput_pct_of_max=9.929
[2026-08-22T09:19:03] RUN_END status=OK
[2026-08-22T09:19:06] RUN_START run_id=SCALE_C_uDCN_1000_116
[2026-08-22T09:19:06] PARAM implementation=uDCN
[2026-08-22T09:19:06] METRIC concurrent_clients=1000
[2026-08-22T09:19:06] METRIC throughput_pct_of_max=91.444
[2026-08-22T09:19:06] RUN_END status=OK
[2026-08-22T09:19:38] RUN_START run_id=SCALE_C_CCNlite_500_011
[2026-08-22T09:19:38] PARAM implementation=CCNlite
[2026-08-22T09:19:38] METRIC concurrent_clients=500
[2026-08-22T09:19:38] METRIC throughput_pct_of_max=68.333
[2026-08-22T09:19:38] RUN_END status=OK
