[2026-08-18T18:11:38] RUN_START run_id=SCALE_C_NFD_1000_006
[2026-08-18T18:11:38] PARAM implementation=NFD
[2026-08-18T18:11:38] METRIC concurrent_clients=1000
[2026-08-18T18:11:38] METRIC throughput_pct_of_max=59.112
[2026-08-18T18:11:38] RUN_END status=OK
[2026-08-18T18:11:48] RUN_START run_id=SCALE_C_CCNlite_1000_036
[2026-08-18T18:11:48] PARAM implementation=CCNlite
[2026-08-18T18:11:48] METRIC concurrent_clients=1000
[2026-08-18T18:11:48] METRIC throughput_pct_of_max=58.064
[2026-08-18T18:11:48] RUN_END status=OK
[2026-08-18T18:13:45] RUN_START run_id=SCALE_C_NFD_1000_007
[2026-08-18T18:13:45] PARAM implementation=NFD
[2026-08-18T18:13:45] METRIC concurrent_clients=1000
[2026-08-18T18:13:45] METRIC throughput_pct_of_max=56.844
[2026-08-18T18:13:45] RUN_END status=OK
[2026-08-18T18:14:13] RUN_START run_id=SCALE_C_CCNlite_1000_037
[2026-08-18T18:14:13] PARAM implementation=CCNlite
[2026-08-18T18:14:13] METRIC concurrent_clients=1000
[2026-08-18T18:14:13] METRIC throughput_pct_of_max=60.48
[2026-08-18T18:14:13] RUN_END status=OK
[2026-08-18T18:15:28] RUN_START run_id=SCALE_C_CCNlite_1000_038
[2026-08-18T18:15:28] PARAM implementation=CCNlite
[2026-08-18T18:15:28] METRIC concurrent_clients=1000
[2026-08-18T18:15:28] METRIC throughput_pct_of_max=66.141
[2026-08-18T18:15:28] RUN_END status=OK
[2026-08-18T18:16:44] RUN_START run_id=SCALE_C_CCNlite_1000_039
[2026-08-18T18:16:44] PARAM implementation=CCNlite
[2026-08-18T18:16:44] METRIC concurrent_clients=1000
[2026-08-18T18:16:44] METRIC throughput_pct_of_max=60.6
[2026-08-18T18:16:44] RUN_END status=OK
[2026-08-18T18:16:54] RUN_START run_id=07_scalability_clients_DISCARDED_0054
[2026-08-18T18:16:54] RUN_ABORTED reason=trex_controller_reset: TRex stateful-engine control connection dropped mid-run before steady-state throughput reached
[2026-08-18T18:17:00] RUN_START run_id=SCALE_C_NFD_1000_008
[2026-08-18T18:17:00] PARAM implementation=NFD
[2026-08-18T18:17:00] METRIC concurrent_clients=1000
[2026-08-18T18:17:00] METRIC throughput_pct_of_max=55.339
[2026-08-18T18:17:00] RUN_END status=OK
[2026-08-18T18:18:41] RUN_START run_id=SCALE_C_CCNlite_1000_040
[2026-08-18T18:18:41] PARAM implementation=CCNlite
[2026-08-18T18:18:41] METRIC concurrent_clients=1000
[2026-08-18T18:18:41] METRIC throughput_pct_of_max=62.626
[2026-08-18T18:18:41] RUN_END status=OK
[2026-08-18T18:19:55] RUN_START run_id=SCALE_C_CCNlite_1000_041
[2026-08-18T18:19:55] PARAM implementation=CCNlite
[2026-08-18T18:19:55] METRIC concurrent_clients=1000
[2026-08-18T18:19:55] METRIC throughput_pct_of_max=57.481
[2026-08-18T18:19:55] RUN_END status=OK
[2026-08-18T18:20:43] RUN_START run_id=SCALE_C_NFD_1000_009
[2026-08-18T18:20:43] PARAM implementation=NFD
[2026-08-18T18:20:43] METRIC concurrent_clients=1000
[2026-08-18T18:20:43] METRIC throughput_pct_of_max=54.409
[2026-08-18T18:20:43] RUN_END status=OK
[2026-08-18T18:21:44] RUN_START run_id=SCALE_C_NFD_1000_010
[2026-08-18T18:21:44] PARAM implementation=NFD
[2026-08-18T18:21:44] METRIC concurrent_clients=1000
[2026-08-18T18:21:44] METRIC throughput_pct_of_max=52.634
[2026-08-18T18:21:44] RUN_END status=OK
[2026-08-18T18:22:27] RUN_START run_id=SCALE_C_CCNlite_1000_042
[2026-08-18T18:22:27] PARAM implementation=CCNlite
[2026-08-18T18:22:27] METRIC concurrent_clients=1000
[2026-08-18T18:22:27] METRIC throughput_pct_of_max=57.842
[2026-08-18T18:22:27] RUN_END status=OK
[2026-08-18T18:24:21] RUN_START run_id=SCALE_C_NFD_1000_011
[2026-08-18T18:24:21] PARAM implementation=NFD
[2026-08-18T18:24:21] METRIC concurrent_clients=1000
[2026-08-18T18:24:21] METRIC throughput_pct_of_max=59.515
[2026-08-18T18:24:21] RUN_END status=OK
