[2026-08-28T08:49:25] RUN_START run_id=SCALE_C_uDCN_5000_143
[2026-08-28T08:49:25] PARAM implementation=uDCN
[2026-08-28T08:49:25] METRIC concurrent_clients=5000
[2026-08-28T08:49:25] METRIC throughput_pct_of_max=81.366
[2026-08-28T08:49:25] RUN_END status=OK
[2026-08-28T08:50:16] RUN_START run_id=SCALE_C_uDCN_5000_144
[2026-08-28T08:50:16] PARAM implementation=uDCN
[2026-08-28T08:50:16] METRIC concurrent_clients=5000
[2026-08-28T08:50:16] METRIC throughput_pct_of_max=73.839
[2026-08-28T08:50:16] RUN_END status=OK
[2026-08-28T08:51:25] RUN_START run_id=SCALE_C_uDCN_5000_145
[2026-08-28T08:51:25] PARAM implementation=uDCN
[2026-08-28T08:51:25] METRIC concurrent_clients=5000
[2026-08-28T08:51:25] METRIC throughput_pct_of_max=73.649
[2026-08-28T08:51:25] RUN_END status=OK
[2026-08-28T08:55:57] RUN_START run_id=SCALE_C_uDCN_5000_146
[2026-08-28T08:55:57] PARAM implementation=uDCN
[2026-08-28T08:55:57] METRIC concurrent_clients=5000
[2026-08-28T08:55:57] METRIC throughput_pct_of_max=77.349
[2026-08-28T08:55:57] RUN_END status=OK
[2026-08-28T08:57:32] RUN_START run_id=SCALE_C_uDCN_5000_147
[2026-08-28T08:57:32] PARAM implementation=uDCN
[2026-08-28T08:57:32] METRIC concurrent_clients=5000
[2026-08-28T08:57:32] METRIC throughput_pct_of_max=74.076
[2026-08-28T08:57:32] RUN_END status=OK
[2026-08-28T08:58:20] RUN_START run_id=SCALE_C_uDCN_5000_148
[2026-08-28T08:58:20] PARAM implementation=uDCN
[2026-08-28T08:58:20] METRIC concurrent_clients=5000
[2026-08-28T08:58:20] METRIC throughput_pct_of_max=74.422
[2026-08-28T08:58:20] RUN_END status=OK
[2026-08-28T09:00:20] RUN_START run_id=SCALE_C_uDCN_5000_149
[2026-08-28T09:00:20] PARAM implementation=uDCN
[2026-08-28T09:00:20] METRIC concurrent_clients=5000
[2026-08-28T09:00:20] METRIC throughput_pct_of_max=75.25
[2026-08-28T09:00:20] RUN_END status=OK
[2026-08-28T09:02:31] RUN_START run_id=SCALE_C_uDCN_5000_150
[2026-08-28T09:02:31] PARAM implementation=uDCN
[2026-08-28T09:02:31] METRIC concurrent_clients=5000
[2026-08-28T09:02:31] METRIC throughput_pct_of_max=77.007
[2026-08-28T09:02:31] RUN_END status=OK
[2026-08-28T09:50:39] RUN_START run_id=SCALE_C_uDCN_100_074
[2026-08-28T09:50:39] PARAM implementation=uDCN
[2026-08-28T09:50:39] METRIC concurrent_clients=100
[2026-08-28T09:50:39] METRIC throughput_pct_of_max=90.508
[2026-08-28T09:50:39] RUN_END status=OK
[2026-08-28T09:51:48] RUN_START run_id=SCALE_C_uDCN_100_075
[2026-08-28T09:51:48] PARAM implementation=uDCN
[2026-08-28T09:51:48] METRIC concurrent_clients=100
[2026-08-28T09:51:48] METRIC throughput_pct_of_max=93.73
[2026-08-28T09:51:48] RUN_END status=OK
[2026-08-28T09:53:39] RUN_START run_id=SCALE_C_uDCN_100_076
[2026-08-28T09:53:39] PARAM implementation=uDCN
[2026-08-28T09:53:39] METRIC concurrent_clients=100
[2026-08-28T09:53:39] METRIC throughput_pct_of_max=90.295
[2026-08-28T09:53:39] RUN_END status=OK
[2026-08-28T09:55:42] RUN_START run_id=SCALE_C_uDCN_100_077
[2026-08-28T09:55:42] PARAM implementation=uDCN
[2026-08-28T09:55:42] METRIC concurrent_clients=100
[2026-08-28T09:55:42] METRIC throughput_pct_of_max=92.999
[2026-08-28T09:55:42] RUN_END status=OK
[2026-08-28T09:58:30] RUN_START run_id=SCALE_C_uDCN_100_078
[2026-08-28T09:58:30] PARAM implementation=uDCN
[2026-08-28T09:58:30] METRIC concurrent_clients=100
[2026-08-28T09:58:30] METRIC throughput_pct_of_max=88.258
[2026-08-28T09:58:30] RUN_END status=OK
