[2026-08-27T13:12:38] RUN_START run_id=SCALE_C_NFD_10_006
[2026-08-27T13:12:38] PARAM implementation=NFD
[2026-08-27T13:12:38] METRIC concurrent_clients=10
[2026-08-27T13:12:38] METRIC throughput_pct_of_max=98.927
[2026-08-27T13:12:38] RUN_END status=OK
[2026-08-27T13:15:10] RUN_START run_id=SCALE_C_NFD_10_007
[2026-08-27T13:15:10] PARAM implementation=NFD
[2026-08-27T13:15:10] METRIC concurrent_clients=10
[2026-08-27T13:15:10] METRIC throughput_pct_of_max=100.0
[2026-08-27T13:15:10] RUN_END status=OK
[2026-08-27T13:15:32] RUN_START run_id=SCALE_C_NFD_10_008
[2026-08-27T13:15:32] PARAM implementation=NFD
[2026-08-27T13:15:32] METRIC concurrent_clients=10
[2026-08-27T13:15:32] METRIC throughput_pct_of_max=100.0
[2026-08-27T13:15:32] RUN_END status=OK
[2026-08-27T13:18:18] RUN_START run_id=SCALE_C_NFD_10_009
[2026-08-27T13:18:18] PARAM implementation=NFD
[2026-08-27T13:18:18] METRIC concurrent_clients=10
[2026-08-27T13:18:18] METRIC throughput_pct_of_max=98.647
[2026-08-27T13:18:18] RUN_END status=OK
[2026-08-27T13:20:41] RUN_START run_id=SCALE_C_NFD_10_010
[2026-08-27T13:20:41] PARAM implementation=NFD
[2026-08-27T13:20:41] METRIC concurrent_clients=10
[2026-08-27T13:20:41] METRIC throughput_pct_of_max=99.849
[2026-08-27T13:20:41] RUN_END status=OK
[2026-08-27T13:23:13] RUN_START run_id=SCALE_C_NFD_10_011
[2026-08-27T13:23:13] PARAM implementation=NFD
[2026-08-27T13:23:13] METRIC concurrent_clients=10
[2026-08-27T13:23:13] METRIC throughput_pct_of_max=99.565
[2026-08-27T13:23:13] RUN_END status=OK
[2026-08-27T13:23:56] RUN_START run_id=SCALE_C_NFD_10_012
[2026-08-27T13:23:56] PARAM implementation=NFD
[2026-08-27T13:23:56] METRIC concurrent_clients=10
[2026-08-27T13:23:56] METRIC throughput_pct_of_max=100.0
[2026-08-27T13:23:56] RUN_END status=OK
[2026-08-27T13:27:52] RUN_START run_id=SCALE_C_NFD_10_013
[2026-08-27T13:27:52] PARAM implementation=NFD
[2026-08-27T13:27:52] METRIC concurrent_clients=10
[2026-08-27T13:27:52] METRIC throughput_pct_of_max=95.678
[2026-08-27T13:27:52] RUN_END status=OK
[2026-08-27T13:30:13] RUN_START run_id=SCALE_C_NFD_10_014
[2026-08-27T13:30:13] PARAM implementation=NFD
[2026-08-27T13:30:13] METRIC concurrent_clients=10
[2026-08-27T13:30:13] METRIC throughput_pct_of_max=100.0
[2026-08-27T13:30:13] RUN_END status=OK
[2026-08-27T13:31:56] RUN_START run_id=SCALE_C_NFD_10_015
[2026-08-27T13:31:56] PARAM implementation=NFD
[2026-08-27T13:31:56] METRIC concurrent_clients=10
[2026-08-27T13:31:56] METRIC throughput_pct_of_max=100.0
[2026-08-27T13:31:56] RUN_END status=OK
[2026-08-27T13:32:43] RUN_START run_id=SCALE_C_NFD_10_016
[2026-08-27T13:32:43] PARAM implementation=NFD
[2026-08-27T13:32:43] METRIC concurrent_clients=10
[2026-08-27T13:32:43] METRIC throughput_pct_of_max=98.793
[2026-08-27T13:32:43] RUN_END status=OK
[2026-08-27T13:34:14] RUN_START run_id=SCALE_C_NFD_10_017
[2026-08-27T13:34:14] PARAM implementation=NFD
[2026-08-27T13:34:14] METRIC concurrent_clients=10
[2026-08-27T13:34:14] METRIC throughput_pct_of_max=100.0
[2026-08-27T13:34:14] RUN_END status=OK
