[2026-08-20T00:38:15] RUN_START run_id=SCALE_C_NFD_50_100
[2026-08-20T00:38:15] PARAM implementation=NFD
[2026-08-20T00:38:15] METRIC concurrent_clients=50
[2026-08-20T00:38:15] METRIC throughput_pct_of_max=100.0
[2026-08-20T00:38:15] RUN_END status=OK
[2026-08-20T00:40:49] RUN_START run_id=SCALE_C_NFD_50_101
[2026-08-20T00:40:49] PARAM implementation=NFD
[2026-08-20T00:40:49] METRIC concurrent_clients=50
[2026-08-20T00:40:49] METRIC throughput_pct_of_max=90.107
[2026-08-20T00:40:49] RUN_END status=OK
[2026-08-20T00:44:26] RUN_START run_id=SCALE_C_NFD_50_102
[2026-08-20T00:44:26] PARAM implementation=NFD
[2026-08-20T00:44:26] METRIC concurrent_clients=50
[2026-08-20T00:44:26] METRIC throughput_pct_of_max=89.386
[2026-08-20T00:44:26] RUN_END status=OK
[2026-08-20T00:50:39] RUN_START run_id=SCALE_C_NFD_50_103
[2026-08-20T00:50:39] PARAM implementation=NFD
[2026-08-20T00:50:39] METRIC concurrent_clients=50
[2026-08-20T00:50:39] METRIC throughput_pct_of_max=90.987
[2026-08-20T00:50:39] RUN_END status=OK
[2026-08-20T00:53:07] RUN_START run_id=SCALE_C_NFD_50_104
[2026-08-20T00:53:07] PARAM implementation=NFD
[2026-08-20T00:53:07] METRIC concurrent_clients=50
[2026-08-20T00:53:07] METRIC throughput_pct_of_max=94.616
[2026-08-20T00:53:07] RUN_END status=OK
[2026-08-20T00:54:11] RUN_START run_id=SCALE_C_NFD_50_105
[2026-08-20T00:54:11] PARAM implementation=NFD
[2026-08-20T00:54:11] METRIC concurrent_clients=50
[2026-08-20T00:54:11] METRIC throughput_pct_of_max=93.948
[2026-08-20T00:54:11] RUN_END status=OK
[2026-08-20T00:55:05] RUN_START run_id=SCALE_C_NFD_50_106
[2026-08-20T00:55:05] PARAM implementation=NFD
[2026-08-20T00:55:05] METRIC concurrent_clients=50
[2026-08-20T00:55:05] METRIC throughput_pct_of_max=95.895
[2026-08-20T00:55:05] RUN_END status=OK
[2026-08-20T00:55:20] RUN_START run_id=SCALE_C_NFD_50_107
[2026-08-20T00:55:20] PARAM implementation=NFD
[2026-08-20T00:55:20] METRIC concurrent_clients=50
[2026-08-20T00:55:20] METRIC throughput_pct_of_max=89.472
[2026-08-20T00:55:20] RUN_END status=OK
[2026-08-20T00:56:34] RUN_START run_id=SCALE_C_NFD_50_108
[2026-08-20T00:56:34] PARAM implementation=NFD
[2026-08-20T00:56:34] METRIC concurrent_clients=50
[2026-08-20T00:56:34] METRIC throughput_pct_of_max=93.05
[2026-08-20T00:56:34] RUN_END status=OK
[2026-08-20T00:58:27] RUN_START run_id=SCALE_C_NFD_50_109
[2026-08-20T00:58:27] PARAM implementation=NFD
[2026-08-20T00:58:27] METRIC concurrent_clients=50
[2026-08-20T00:58:27] METRIC throughput_pct_of_max=96.027
[2026-08-20T00:58:27] RUN_END status=OK
[2026-08-20T00:58:55] RUN_START run_id=SCALE_C_NFD_50_110
[2026-08-20T00:58:55] PARAM implementation=NFD
[2026-08-20T00:58:55] METRIC concurrent_clients=50
[2026-08-20T00:58:55] METRIC throughput_pct_of_max=87.707
[2026-08-20T00:58:55] RUN_END status=OK
[2026-08-20T01:01:29] RUN_START run_id=SCALE_C_NFD_50_111
[2026-08-20T01:01:29] PARAM implementation=NFD
[2026-08-20T01:01:29] METRIC concurrent_clients=50
[2026-08-20T01:01:29] METRIC throughput_pct_of_max=89.697
[2026-08-20T01:01:29] RUN_END status=OK
[2026-08-20T01:06:26] RUN_START run_id=SCALE_C_NFD_50_112
[2026-08-20T01:06:26] PARAM implementation=NFD
[2026-08-20T01:06:26] METRIC concurrent_clients=50
[2026-08-20T01:06:26] METRIC throughput_pct_of_max=90.515
[2026-08-20T01:06:26] RUN_END status=OK
[2026-08-20T01:08:45] RUN_START run_id=SCALE_C_NFD_50_113
[2026-08-20T01:08:45] PARAM implementation=NFD
[2026-08-20T01:08:45] METRIC concurrent_clients=50
[2026-08-20T01:08:45] METRIC throughput_pct_of_max=92.868
[2026-08-20T01:08:45] RUN_END status=OK
[2026-08-20T01:09:14] RUN_START run_id=SCALE_C_NFD_50_114
[2026-08-20T01:09:14] PARAM implementation=NFD
[2026-08-20T01:09:14] METRIC concurrent_clients=50
[2026-08-20T01:09:14] METRIC throughput_pct_of_max=92.774
[2026-08-20T01:09:14] RUN_END status=OK
[2026-08-20T01:11:36] RUN_START run_id=SCALE_C_NFD_50_115
[2026-08-20T01:11:36] PARAM implementation=NFD
[2026-08-20T01:11:36] METRIC concurrent_clients=50
[2026-08-20T01:11:36] METRIC throughput_pct_of_max=95.415
[2026-08-20T01:11:36] RUN_END status=OK
[2026-08-20T01:12:27] RUN_START run_id=SCALE_C_NFD_50_116
[2026-08-20T01:12:27] PARAM implementation=NFD
[2026-08-20T01:12:27] METRIC concurrent_clients=50
[2026-08-20T01:12:27] METRIC throughput_pct_of_max=90.216
[2026-08-20T01:12:27] RUN_END status=OK
