[2026-08-17T21:56:51] RUN_START run_id=SCALE_C_PythonNDN_10_107
[2026-08-17T21:56:51] PARAM implementation=PythonNDN
[2026-08-17T21:56:51] METRIC concurrent_clients=10
[2026-08-17T21:56:51] METRIC throughput_pct_of_max=100.0
[2026-08-17T21:56:51] RUN_END status=OK
[2026-08-17T21:58:16] RUN_START run_id=SCALE_C_PythonNDN_10_108
[2026-08-17T21:58:16] PARAM implementation=PythonNDN
[2026-08-17T21:58:16] METRIC concurrent_clients=10
[2026-08-17T21:58:16] METRIC throughput_pct_of_max=93.055
[2026-08-17T21:58:16] RUN_END status=OK
[2026-08-17T21:59:26] RUN_START run_id=SCALE_C_PythonNDN_10_109
[2026-08-17T21:59:26] PARAM implementation=PythonNDN
[2026-08-17T21:59:26] METRIC concurrent_clients=10
[2026-08-17T21:59:26] METRIC throughput_pct_of_max=96.602
[2026-08-17T21:59:26] RUN_END status=OK
[2026-08-17T22:00:24] RUN_START run_id=SCALE_C_PythonNDN_10_110
[2026-08-17T22:00:24] PARAM implementation=PythonNDN
[2026-08-17T22:00:24] METRIC concurrent_clients=10
[2026-08-17T22:00:24] METRIC throughput_pct_of_max=100.0
[2026-08-17T22:00:24] RUN_END status=OK
[2026-08-17T22:02:26] RUN_START run_id=SCALE_C_PythonNDN_10_111
[2026-08-17T22:02:26] PARAM implementation=PythonNDN
[2026-08-17T22:02:26] METRIC concurrent_clients=10
[2026-08-17T22:02:26] METRIC throughput_pct_of_max=100.0
[2026-08-17T22:02:26] RUN_END status=OK
[2026-08-17T22:04:49] RUN_START run_id=SCALE_C_PythonNDN_10_112
[2026-08-17T22:04:49] PARAM implementation=PythonNDN
[2026-08-17T22:04:49] METRIC concurrent_clients=10
[2026-08-17T22:04:49] METRIC throughput_pct_of_max=100.0
[2026-08-17T22:04:49] RUN_END status=OK
[2026-08-17T22:05:57] RUN_START run_id=SCALE_C_PythonNDN_10_113
[2026-08-17T22:05:57] PARAM implementation=PythonNDN
[2026-08-17T22:05:57] METRIC concurrent_clients=10
[2026-08-17T22:05:57] METRIC throughput_pct_of_max=100.0
[2026-08-17T22:05:57] RUN_END status=OK
[2026-08-17T22:09:06] RUN_START run_id=SCALE_C_PythonNDN_10_114
[2026-08-17T22:09:06] PARAM implementation=PythonNDN
[2026-08-17T22:09:06] METRIC concurrent_clients=10
[2026-08-17T22:09:06] METRIC throughput_pct_of_max=98.965
[2026-08-17T22:09:06] RUN_END status=OK
[2026-08-17T22:10:57] RUN_START run_id=SCALE_C_PythonNDN_10_115
[2026-08-17T22:10:57] PARAM implementation=PythonNDN
[2026-08-17T22:10:57] METRIC concurrent_clients=10
[2026-08-17T22:10:57] METRIC throughput_pct_of_max=97.982
[2026-08-17T22:10:57] RUN_END status=OK
[2026-08-17T22:13:28] RUN_START run_id=SCALE_C_PythonNDN_10_116
[2026-08-17T22:13:28] PARAM implementation=PythonNDN
[2026-08-17T22:13:28] METRIC concurrent_clients=10
[2026-08-17T22:13:28] METRIC throughput_pct_of_max=100.0
[2026-08-17T22:13:28] RUN_END status=OK
[2026-08-17T22:15:37] RUN_START run_id=SCALE_C_PythonNDN_10_117
[2026-08-17T22:15:37] PARAM implementation=PythonNDN
[2026-08-17T22:15:37] METRIC concurrent_clients=10
[2026-08-17T22:15:37] METRIC throughput_pct_of_max=98.561
[2026-08-17T22:15:37] RUN_END status=OK
[2026-08-17T22:17:51] RUN_START run_id=SCALE_C_PythonNDN_10_118
[2026-08-17T22:17:51] PARAM implementation=PythonNDN
[2026-08-17T22:17:51] METRIC concurrent_clients=10
[2026-08-17T22:17:51] METRIC throughput_pct_of_max=100.0
[2026-08-17T22:17:51] RUN_END status=OK
[2026-08-17T22:19:20] RUN_START run_id=SCALE_C_PythonNDN_10_119
[2026-08-17T22:19:20] PARAM implementation=PythonNDN
[2026-08-17T22:19:20] METRIC concurrent_clients=10
[2026-08-17T22:19:20] METRIC throughput_pct_of_max=100.0
[2026-08-17T22:19:20] RUN_END status=OK
[2026-08-17T22:21:44] RUN_START run_id=SCALE_C_PythonNDN_10_120
[2026-08-17T22:21:44] PARAM implementation=PythonNDN
[2026-08-17T22:21:44] METRIC concurrent_clients=10
[2026-08-17T22:21:44] METRIC throughput_pct_of_max=94.828
[2026-08-17T22:21:44] RUN_END status=OK
[2026-08-17T22:23:27] RUN_START run_id=SCALE_C_PythonNDN_10_121
[2026-08-17T22:23:27] PARAM implementation=PythonNDN
[2026-08-17T22:23:27] METRIC concurrent_clients=10
[2026-08-17T22:23:27] METRIC throughput_pct_of_max=100.0
[2026-08-17T22:23:27] RUN_END status=OK
