[2026-08-18T07:27:19] RUN_START run_id=SCALE_C_PythonNDN_1000_113
[2026-08-18T07:27:19] PARAM implementation=PythonNDN
[2026-08-18T07:27:19] METRIC concurrent_clients=1000
[2026-08-18T07:27:19] METRIC throughput_pct_of_max=14.783
[2026-08-18T07:27:19] RUN_END status=OK
[2026-08-18T07:30:08] RUN_START run_id=SCALE_C_PythonNDN_1000_114
[2026-08-18T07:30:08] PARAM implementation=PythonNDN
[2026-08-18T07:30:08] METRIC concurrent_clients=1000
[2026-08-18T07:30:08] METRIC throughput_pct_of_max=15.422
[2026-08-18T07:30:08] RUN_END status=OK
[2026-08-18T07:30:58] RUN_START run_id=SCALE_C_NFD_50_015
[2026-08-18T07:30:58] PARAM implementation=NFD
[2026-08-18T07:30:58] METRIC concurrent_clients=50
[2026-08-18T07:30:58] METRIC throughput_pct_of_max=89.153
[2026-08-18T07:30:58] RUN_END status=OK
[2026-08-18T07:31:25] RUN_START run_id=SCALE_C_PythonNDN_1000_115
[2026-08-18T07:31:25] PARAM implementation=PythonNDN
[2026-08-18T07:31:25] METRIC concurrent_clients=1000
[2026-08-18T07:31:25] METRIC throughput_pct_of_max=14.591
[2026-08-18T07:31:25] RUN_END status=OK
[2026-08-18T07:33:23] RUN_START run_id=SCALE_C_NFD_50_016
[2026-08-18T07:33:23] PARAM implementation=NFD
[2026-08-18T07:33:23] METRIC concurrent_clients=50
[2026-08-18T07:33:23] METRIC throughput_pct_of_max=86.614
[2026-08-18T07:33:23] RUN_END status=OK
[2026-08-18T07:34:29] RUN_START run_id=SCALE_C_NFD_50_017
[2026-08-18T07:34:29] PARAM implementation=NFD
[2026-08-18T07:34:29] METRIC concurrent_clients=50
[2026-08-18T07:34:29] METRIC throughput_pct_of_max=100.0
[2026-08-18T07:34:29] RUN_END status=OK
[2026-08-18T07:34:50] RUN_START run_id=SCALE_C_PythonNDN_1000_116
[2026-08-18T07:34:50] PARAM implementation=PythonNDN
[2026-08-18T07:34:50] METRIC concurrent_clients=1000
[2026-08-18T07:34:50] METRIC throughput_pct_of_max=15.07
[2026-08-18T07:34:50] RUN_END status=OK
[2026-08-18T07:36:02] RUN_START run_id=SCALE_C_NFD_50_018
[2026-08-18T07:36:02] PARAM implementation=NFD
[2026-08-18T07:36:02] METRIC concurrent_clients=50
[2026-08-18T07:36:02] METRIC throughput_pct_of_max=90.111
[2026-08-18T07:36:02] RUN_END status=OK
[2026-08-18T07:38:06] RUN_START run_id=SCALE_C_PythonNDN_1000_117
[2026-08-18T07:38:06] PARAM implementation=PythonNDN
[2026-08-18T07:38:06] METRIC concurrent_clients=1000
[2026-08-18T07:38:06] METRIC throughput_pct_of_max=14.718
[2026-08-18T07:38:06] RUN_END status=OK
[2026-08-18T07:39:39] RUN_START run_id=SCALE_C_NFD_50_019
[2026-08-18T07:39:39] PARAM implementation=NFD
[2026-08-18T07:39:39] METRIC concurrent_clients=50
[2026-08-18T07:39:39] METRIC throughput_pct_of_max=89.737
[2026-08-18T07:39:39] RUN_END status=OK
[2026-08-18T07:41:56] RUN_START run_id=SCALE_C_NFD_50_020
[2026-08-18T07:41:56] PARAM implementation=NFD
[2026-08-18T07:41:56] METRIC concurrent_clients=50
[2026-08-18T07:41:56] METRIC throughput_pct_of_max=88.899
[2026-08-18T07:41:56] RUN_END status=OK
[2026-08-18T07:45:50] RUN_START run_id=SCALE_C_NFD_50_021
[2026-08-18T07:45:50] PARAM implementation=NFD
[2026-08-18T07:45:50] METRIC concurrent_clients=50
[2026-08-18T07:45:50] METRIC throughput_pct_of_max=90.835
[2026-08-18T07:45:50] RUN_END status=OK
