[2026-08-19T06:30:36] RUN_START run_id=SCALE_C_uDCN_1000_028
[2026-08-19T06:30:36] PARAM implementation=uDCN
[2026-08-19T06:30:36] METRIC concurrent_clients=1000
[2026-08-19T06:30:36] METRIC throughput_pct_of_max=85.817
[2026-08-19T06:30:36] RUN_END status=OK
[2026-08-19T06:32:23] RUN_START run_id=SCALE_C_uDCN_1000_029
[2026-08-19T06:32:23] PARAM implementation=uDCN
[2026-08-19T06:32:23] METRIC concurrent_clients=1000
[2026-08-19T06:32:23] METRIC throughput_pct_of_max=85.957
[2026-08-19T06:32:23] RUN_END status=OK
[2026-08-19T06:34:40] RUN_START run_id=SCALE_C_uDCN_1000_030
[2026-08-19T06:34:40] PARAM implementation=uDCN
[2026-08-19T06:34:40] METRIC concurrent_clients=1000
[2026-08-19T06:34:40] METRIC throughput_pct_of_max=92.75
[2026-08-19T06:34:40] RUN_END status=OK
[2026-08-19T06:36:08] RUN_START run_id=SCALE_C_uDCN_1000_031
[2026-08-19T06:36:08] PARAM implementation=uDCN
[2026-08-19T06:36:08] METRIC concurrent_clients=1000
[2026-08-19T06:36:08] METRIC throughput_pct_of_max=93.258
[2026-08-19T06:36:08] RUN_END status=OK
[2026-08-19T06:37:15] RUN_START run_id=SCALE_C_uDCN_1000_032
[2026-08-19T06:37:15] PARAM implementation=uDCN
[2026-08-19T06:37:15] METRIC concurrent_clients=1000
[2026-08-19T06:37:15] METRIC throughput_pct_of_max=88.181
[2026-08-19T06:37:15] RUN_END status=OK
[2026-08-19T06:37:37] RUN_START run_id=SCALE_C_uDCN_1000_033
[2026-08-19T06:37:37] PARAM implementation=uDCN
[2026-08-19T06:37:37] METRIC concurrent_clients=1000
[2026-08-19T06:37:37] METRIC throughput_pct_of_max=90.068
[2026-08-19T06:37:37] RUN_END status=OK
[2026-08-19T06:41:03] RUN_START run_id=SCALE_C_uDCN_1000_034
[2026-08-19T06:41:03] PARAM implementation=uDCN
[2026-08-19T06:41:03] METRIC concurrent_clients=1000
[2026-08-19T06:41:03] METRIC throughput_pct_of_max=88.694
[2026-08-19T06:41:03] RUN_END status=OK
[2026-08-19T06:44:13] RUN_START run_id=SCALE_C_uDCN_1000_035
[2026-08-19T06:44:13] PARAM implementation=uDCN
[2026-08-19T06:44:13] METRIC concurrent_clients=1000
[2026-08-19T06:44:13] METRIC throughput_pct_of_max=90.408
[2026-08-19T06:44:13] RUN_END status=OK
[2026-08-19T06:46:25] RUN_START run_id=SCALE_C_uDCN_1000_036
[2026-08-19T06:46:25] PARAM implementation=uDCN
[2026-08-19T06:46:25] METRIC concurrent_clients=1000
[2026-08-19T06:46:25] METRIC throughput_pct_of_max=97.115
[2026-08-19T06:46:25] RUN_END status=OK
[2026-08-19T06:48:39] RUN_START run_id=SCALE_C_uDCN_1000_037
[2026-08-19T06:48:39] PARAM implementation=uDCN
[2026-08-19T06:48:39] METRIC concurrent_clients=1000
[2026-08-19T06:48:39] METRIC throughput_pct_of_max=92.378
[2026-08-19T06:48:39] RUN_END status=OK
[2026-08-19T11:39:14] RUN_START run_id=SCALE_C_PythonNDN_1000_147
[2026-08-19T11:39:14] PARAM implementation=PythonNDN
[2026-08-19T11:39:14] METRIC concurrent_clients=1000
[2026-08-19T11:39:14] METRIC throughput_pct_of_max=15.397
[2026-08-19T11:39:14] RUN_END status=OK
[2026-08-19T11:41:00] RUN_START run_id=SCALE_C_PythonNDN_1000_148
[2026-08-19T11:41:00] PARAM implementation=PythonNDN
[2026-08-19T11:41:00] METRIC concurrent_clients=1000
[2026-08-19T11:41:00] METRIC throughput_pct_of_max=15.851
[2026-08-19T11:41:00] RUN_END status=OK
[2026-08-19T11:41:54] RUN_START run_id=SCALE_C_PythonNDN_1000_149
[2026-08-19T11:41:54] PARAM implementation=PythonNDN
[2026-08-19T11:41:54] METRIC concurrent_clients=1000
[2026-08-19T11:41:54] METRIC throughput_pct_of_max=15.095
[2026-08-19T11:41:54] RUN_END status=OK
[2026-08-19T11:43:20] RUN_START run_id=SCALE_C_PythonNDN_1000_150
[2026-08-19T11:43:20] PARAM implementation=PythonNDN
[2026-08-19T11:43:20] METRIC concurrent_clients=1000
[2026-08-19T11:43:20] METRIC throughput_pct_of_max=15.128
[2026-08-19T11:43:20] RUN_END status=OK
[2026-08-19T14:00:11] RUN_START run_id=SCALE_C_uDCN_1000_038
[2026-08-19T14:00:11] PARAM implementation=uDCN
[2026-08-19T14:00:11] METRIC concurrent_clients=1000
[2026-08-19T14:00:11] METRIC throughput_pct_of_max=92.474
[2026-08-19T14:00:11] RUN_END status=OK
[2026-08-19T14:01:01] RUN_START run_id=SCALE_C_uDCN_1000_039
[2026-08-19T14:01:01] PARAM implementation=uDCN
[2026-08-19T14:01:01] METRIC concurrent_clients=1000
[2026-08-19T14:01:01] METRIC throughput_pct_of_max=92.712
[2026-08-19T14:01:01] RUN_END status=OK
