[2026-08-31T04:18:59] RUN_START run_id=SCALE_C_uDCN_100_141
[2026-08-31T04:18:59] PARAM implementation=uDCN
[2026-08-31T04:18:59] METRIC concurrent_clients=100
[2026-08-31T04:18:59] METRIC throughput_pct_of_max=96.848
[2026-08-31T04:18:59] RUN_END status=OK
[2026-08-31T04:24:10] RUN_START run_id=SCALE_C_uDCN_100_142
[2026-08-31T04:24:10] PARAM implementation=uDCN
[2026-08-31T04:24:10] METRIC concurrent_clients=100
[2026-08-31T04:24:10] METRIC throughput_pct_of_max=94.105
[2026-08-31T04:24:10] RUN_END status=OK
[2026-08-31T04:24:50] RUN_START run_id=SCALE_C_uDCN_100_143
[2026-08-31T04:24:50] PARAM implementation=uDCN
[2026-08-31T04:24:50] METRIC concurrent_clients=100
[2026-08-31T04:24:50] METRIC throughput_pct_of_max=96.328
[2026-08-31T04:24:50] RUN_END status=OK
[2026-08-31T04:27:08] RUN_START run_id=SCALE_C_uDCN_100_144
[2026-08-31T04:27:08] PARAM implementation=uDCN
[2026-08-31T04:27:08] METRIC concurrent_clients=100
[2026-08-31T04:27:08] METRIC throughput_pct_of_max=94.22
[2026-08-31T04:27:08] RUN_END status=OK
[2026-08-31T04:28:59] RUN_START run_id=SCALE_C_uDCN_100_145
[2026-08-31T04:28:59] PARAM implementation=uDCN
[2026-08-31T04:28:59] METRIC concurrent_clients=100
[2026-08-31T04:28:59] METRIC throughput_pct_of_max=92.452
[2026-08-31T04:28:59] RUN_END status=OK
[2026-08-31T04:32:20] RUN_START run_id=SCALE_C_uDCN_100_146
[2026-08-31T04:32:20] PARAM implementation=uDCN
[2026-08-31T04:32:20] METRIC concurrent_clients=100
[2026-08-31T04:32:20] METRIC throughput_pct_of_max=93.352
[2026-08-31T04:32:20] RUN_END status=OK
[2026-08-31T04:33:49] RUN_START run_id=SCALE_C_uDCN_100_147
[2026-08-31T04:33:49] PARAM implementation=uDCN
[2026-08-31T04:33:49] METRIC concurrent_clients=100
[2026-08-31T04:33:49] METRIC throughput_pct_of_max=96.223
[2026-08-31T04:33:49] RUN_END status=OK
[2026-08-31T04:36:51] RUN_START run_id=SCALE_C_uDCN_100_148
[2026-08-31T04:36:51] PARAM implementation=uDCN
[2026-08-31T04:36:51] METRIC concurrent_clients=100
[2026-08-31T04:36:51] METRIC throughput_pct_of_max=92.199
[2026-08-31T04:36:51] RUN_END status=OK
[2026-08-31T04:38:10] RUN_START run_id=SCALE_C_uDCN_100_149
[2026-08-31T04:38:10] PARAM implementation=uDCN
[2026-08-31T04:38:10] METRIC concurrent_clients=100
[2026-08-31T04:38:10] METRIC throughput_pct_of_max=93.15
[2026-08-31T04:38:10] RUN_END status=OK
[2026-08-31T04:41:22] RUN_START run_id=SCALE_C_uDCN_100_150
[2026-08-31T04:41:22] PARAM implementation=uDCN
[2026-08-31T04:41:22] METRIC concurrent_clients=100
[2026-08-31T04:41:22] METRIC throughput_pct_of_max=89.308
[2026-08-31T04:41:22] RUN_END status=OK
[2026-08-31T13:36:45] RUN_START run_id=SCALE_C_NFD_10_052
[2026-08-31T13:36:45] PARAM implementation=NFD
[2026-08-31T13:36:45] METRIC concurrent_clients=10
[2026-08-31T13:36:45] METRIC throughput_pct_of_max=100.0
[2026-08-31T13:36:45] RUN_END status=OK
[2026-08-31T13:39:58] RUN_START run_id=SCALE_C_NFD_10_053
[2026-08-31T13:39:58] PARAM implementation=NFD
[2026-08-31T13:39:58] METRIC concurrent_clients=10
[2026-08-31T13:39:58] METRIC throughput_pct_of_max=98.28
[2026-08-31T13:39:58] RUN_END status=OK
[2026-08-31T13:41:50] RUN_START run_id=SCALE_C_NFD_10_054
[2026-08-31T13:41:50] PARAM implementation=NFD
[2026-08-31T13:41:50] METRIC concurrent_clients=10
[2026-08-31T13:41:50] METRIC throughput_pct_of_max=97.87
[2026-08-31T13:41:50] RUN_END status=OK
[2026-08-31T13:44:36] RUN_START run_id=SCALE_C_NFD_10_055
[2026-08-31T13:44:36] PARAM implementation=NFD
[2026-08-31T13:44:36] METRIC concurrent_clients=10
[2026-08-31T13:44:36] METRIC throughput_pct_of_max=100.0
[2026-08-31T13:44:36] RUN_END status=OK
[2026-08-31T13:46:53] RUN_START run_id=SCALE_C_NFD_10_056
[2026-08-31T13:46:53] PARAM implementation=NFD
[2026-08-31T13:46:53] METRIC concurrent_clients=10
[2026-08-31T13:46:53] METRIC throughput_pct_of_max=96.51
[2026-08-31T13:46:53] RUN_END status=OK
[2026-08-31T13:48:35] RUN_START run_id=SCALE_C_NFD_10_057
[2026-08-31T13:48:35] PARAM implementation=NFD
[2026-08-31T13:48:35] METRIC concurrent_clients=10
[2026-08-31T13:48:35] METRIC throughput_pct_of_max=100.0
[2026-08-31T13:48:35] RUN_END status=OK
[2026-08-31T13:51:49] RUN_START run_id=SCALE_C_NFD_10_058
[2026-08-31T13:51:49] PARAM implementation=NFD
[2026-08-31T13:51:49] METRIC concurrent_clients=10
[2026-08-31T13:51:49] METRIC throughput_pct_of_max=100.0
[2026-08-31T13:51:49] RUN_END status=OK
