[2026-08-18T07:58:59] RUN_START run_id=SCALE_C_PythonNDN_1000_124
[2026-08-18T07:58:59] PARAM implementation=PythonNDN
[2026-08-18T07:58:59] METRIC concurrent_clients=1000
[2026-08-18T07:58:59] METRIC throughput_pct_of_max=14.875
[2026-08-18T07:58:59] RUN_END status=OK
[2026-08-18T07:59:33] RUN_START run_id=SCALE_C_PythonNDN_1000_125
[2026-08-18T07:59:33] PARAM implementation=PythonNDN
[2026-08-18T07:59:33] METRIC concurrent_clients=1000
[2026-08-18T07:59:33] METRIC throughput_pct_of_max=15.35
[2026-08-18T07:59:33] RUN_END status=OK
[2026-08-18T08:00:20] RUN_START run_id=SCALE_C_NFD_50_027
[2026-08-18T08:00:20] PARAM implementation=NFD
[2026-08-18T08:00:20] METRIC concurrent_clients=50
[2026-08-18T08:00:20] METRIC throughput_pct_of_max=96.044
[2026-08-18T08:00:20] RUN_END status=OK
[2026-08-18T08:02:16] RUN_START run_id=SCALE_C_PythonNDN_1000_126
[2026-08-18T08:02:16] PARAM implementation=PythonNDN
[2026-08-18T08:02:16] METRIC concurrent_clients=1000
[2026-08-18T08:02:16] METRIC throughput_pct_of_max=14.603
[2026-08-18T08:02:16] RUN_END status=OK
[2026-08-18T08:04:25] RUN_START run_id=SCALE_C_NFD_50_028
[2026-08-18T08:04:25] PARAM implementation=NFD
[2026-08-18T08:04:25] METRIC concurrent_clients=50
[2026-08-18T08:04:25] METRIC throughput_pct_of_max=89.192
[2026-08-18T08:04:25] RUN_END status=OK
[2026-08-18T08:05:22] RUN_START run_id=SCALE_C_PythonNDN_1000_127
[2026-08-18T08:05:22] PARAM implementation=PythonNDN
[2026-08-18T08:05:22] METRIC concurrent_clients=1000
[2026-08-18T08:05:22] METRIC throughput_pct_of_max=15.307
[2026-08-18T08:05:22] RUN_END status=OK
[2026-08-18T08:05:46] RUN_START run_id=SCALE_C_PythonNDN_1000_128
[2026-08-18T08:05:46] PARAM implementation=PythonNDN
[2026-08-18T08:05:46] METRIC concurrent_clients=1000
[2026-08-18T08:05:46] METRIC throughput_pct_of_max=15.601
[2026-08-18T08:05:46] RUN_END status=OK
[2026-08-18T08:06:57] RUN_START run_id=SCALE_C_NFD_50_029
[2026-08-18T08:06:57] PARAM implementation=NFD
[2026-08-18T08:06:57] METRIC concurrent_clients=50
[2026-08-18T08:06:57] METRIC throughput_pct_of_max=92.06
[2026-08-18T08:06:57] RUN_END status=OK
[2026-08-18T08:07:49] RUN_START run_id=SCALE_C_PythonNDN_1000_129
[2026-08-18T08:07:49] PARAM implementation=PythonNDN
[2026-08-18T08:07:49] METRIC concurrent_clients=1000
[2026-08-18T08:07:49] METRIC throughput_pct_of_max=14.747
[2026-08-18T08:07:49] RUN_END status=OK
[2026-08-18T08:08:06] RUN_START run_id=SCALE_C_NFD_50_030
[2026-08-18T08:08:06] PARAM implementation=NFD
[2026-08-18T08:08:06] METRIC concurrent_clients=50
[2026-08-18T08:08:06] METRIC throughput_pct_of_max=96.455
[2026-08-18T08:08:06] RUN_END status=OK
[2026-08-18T08:10:53] RUN_START run_id=SCALE_C_NFD_50_031
[2026-08-18T08:10:53] PARAM implementation=NFD
[2026-08-18T08:10:53] METRIC concurrent_clients=50
[2026-08-18T08:10:53] METRIC throughput_pct_of_max=92.425
[2026-08-18T08:10:53] RUN_END status=OK
[2026-08-18T08:13:16] RUN_START run_id=SCALE_C_NFD_50_032
[2026-08-18T08:13:16] PARAM implementation=NFD
[2026-08-18T08:13:16] METRIC concurrent_clients=50
[2026-08-18T08:13:16] METRIC throughput_pct_of_max=91.708
[2026-08-18T08:13:16] RUN_END status=OK
