[2026-08-19T03:35:47] RUN_START run_id=SCALE_C_PythonNDN_1000_138
[2026-08-19T03:35:47] PARAM implementation=PythonNDN
[2026-08-19T03:35:47] METRIC concurrent_clients=1000
[2026-08-19T03:35:47] METRIC throughput_pct_of_max=16.325
[2026-08-19T03:35:47] RUN_END status=OK
[2026-08-19T03:40:21] RUN_START run_id=SCALE_C_PythonNDN_1000_139
[2026-08-19T03:40:21] PARAM implementation=PythonNDN
[2026-08-19T03:40:21] METRIC concurrent_clients=1000
[2026-08-19T03:40:21] METRIC throughput_pct_of_max=15.748
[2026-08-19T03:40:21] RUN_END status=OK
[2026-08-19T03:41:17] RUN_START run_id=SCALE_C_PythonNDN_1000_140
[2026-08-19T03:41:17] PARAM implementation=PythonNDN
[2026-08-19T03:41:17] METRIC concurrent_clients=1000
[2026-08-19T03:41:17] METRIC throughput_pct_of_max=15.226
[2026-08-19T03:41:17] RUN_END status=OK
[2026-08-19T03:43:05] RUN_START run_id=SCALE_C_PythonNDN_1000_141
[2026-08-19T03:43:05] PARAM implementation=PythonNDN
[2026-08-19T03:43:05] METRIC concurrent_clients=1000
[2026-08-19T03:43:05] METRIC throughput_pct_of_max=15.973
[2026-08-19T03:43:05] RUN_END status=OK
[2026-08-19T03:44:05] RUN_START run_id=SCALE_C_PythonNDN_1000_142
[2026-08-19T03:44:05] PARAM implementation=PythonNDN
[2026-08-19T03:44:05] METRIC concurrent_clients=1000
[2026-08-19T03:44:05] METRIC throughput_pct_of_max=15.941
[2026-08-19T03:44:05] RUN_END status=OK
[2026-08-19T03:44:53] RUN_START run_id=SCALE_C_PythonNDN_1000_143
[2026-08-19T03:44:53] PARAM implementation=PythonNDN
[2026-08-19T03:44:53] METRIC concurrent_clients=1000
[2026-08-19T03:44:53] METRIC throughput_pct_of_max=15.968
[2026-08-19T03:44:53] RUN_END status=OK
[2026-08-19T03:47:39] RUN_START run_id=SCALE_C_PythonNDN_1000_144
[2026-08-19T03:47:39] PARAM implementation=PythonNDN
[2026-08-19T03:47:39] METRIC concurrent_clients=1000
[2026-08-19T03:47:39] METRIC throughput_pct_of_max=14.301
[2026-08-19T03:47:39] RUN_END status=OK
[2026-08-19T03:49:43] RUN_START run_id=SCALE_C_PythonNDN_1000_145
[2026-08-19T03:49:43] PARAM implementation=PythonNDN
[2026-08-19T03:49:43] METRIC concurrent_clients=1000
[2026-08-19T03:49:43] METRIC throughput_pct_of_max=15.326
[2026-08-19T03:49:43] RUN_END status=OK
[2026-08-19T03:52:17] RUN_START run_id=SCALE_C_PythonNDN_1000_146
[2026-08-19T03:52:17] PARAM implementation=PythonNDN
[2026-08-19T03:52:17] METRIC concurrent_clients=1000
[2026-08-19T03:52:17] METRIC throughput_pct_of_max=14.749
[2026-08-19T03:52:17] RUN_END status=OK
[2026-08-19T06:10:03] RUN_START run_id=SCALE_C_uDCN_1000_019
[2026-08-19T06:10:03] PARAM implementation=uDCN
[2026-08-19T06:10:03] METRIC concurrent_clients=1000
[2026-08-19T06:10:03] METRIC throughput_pct_of_max=91.5
[2026-08-19T06:10:03] RUN_END status=OK
[2026-08-19T06:13:05] RUN_START run_id=SCALE_C_uDCN_1000_020
[2026-08-19T06:13:05] PARAM implementation=uDCN
[2026-08-19T06:13:05] METRIC concurrent_clients=1000
[2026-08-19T06:13:05] METRIC throughput_pct_of_max=82.439
[2026-08-19T06:13:05] RUN_END status=OK
[2026-08-19T06:15:31] RUN_START run_id=SCALE_C_uDCN_1000_021
[2026-08-19T06:15:31] PARAM implementation=uDCN
[2026-08-19T06:15:31] METRIC concurrent_clients=1000
[2026-08-19T06:15:31] METRIC throughput_pct_of_max=91.229
[2026-08-19T06:15:31] RUN_END status=OK
[2026-08-19T06:17:50] RUN_START run_id=SCALE_C_uDCN_1000_022
[2026-08-19T06:17:50] PARAM implementation=uDCN
[2026-08-19T06:17:50] METRIC concurrent_clients=1000
[2026-08-19T06:17:50] METRIC throughput_pct_of_max=88.98
[2026-08-19T06:17:50] RUN_END status=OK
[2026-08-19T06:20:23] RUN_START run_id=SCALE_C_uDCN_1000_023
[2026-08-19T06:20:23] PARAM implementation=uDCN
[2026-08-19T06:20:23] METRIC concurrent_clients=1000
[2026-08-19T06:20:23] METRIC throughput_pct_of_max=83.976
[2026-08-19T06:20:23] RUN_END status=OK
[2026-08-19T06:22:37] RUN_START run_id=SCALE_C_uDCN_1000_024
[2026-08-19T06:22:37] PARAM implementation=uDCN
[2026-08-19T06:22:37] METRIC concurrent_clients=1000
[2026-08-19T06:22:37] METRIC throughput_pct_of_max=85.933
[2026-08-19T06:22:37] RUN_END status=OK
[2026-08-19T06:23:07] RUN_START run_id=SCALE_C_uDCN_1000_025
[2026-08-19T06:23:07] PARAM implementation=uDCN
[2026-08-19T06:23:07] METRIC concurrent_clients=1000
[2026-08-19T06:23:07] METRIC throughput_pct_of_max=93.955
[2026-08-19T06:23:07] RUN_END status=OK
[2026-08-19T06:25:43] RUN_START run_id=SCALE_C_uDCN_1000_026
[2026-08-19T06:25:43] PARAM implementation=uDCN
[2026-08-19T06:25:43] METRIC concurrent_clients=1000
[2026-08-19T06:25:43] METRIC throughput_pct_of_max=85.861
[2026-08-19T06:25:43] RUN_END status=OK
[2026-08-19T06:28:18] RUN_START run_id=SCALE_C_uDCN_1000_027
[2026-08-19T06:28:18] PARAM implementation=uDCN
[2026-08-19T06:28:18] METRIC concurrent_clients=1000
[2026-08-19T06:28:18] METRIC throughput_pct_of_max=88.984
[2026-08-19T06:28:18] RUN_END status=OK
