[2026-08-20T21:55:53] RUN_START run_id=SCALE_C_uDCN_500_146
[2026-08-20T21:55:53] PARAM implementation=uDCN
[2026-08-20T21:55:53] METRIC concurrent_clients=500
[2026-08-20T21:55:53] METRIC throughput_pct_of_max=94.914
[2026-08-20T21:55:53] RUN_END status=OK
[2026-08-20T21:59:00] RUN_START run_id=SCALE_C_uDCN_500_147
[2026-08-20T21:59:00] PARAM implementation=uDCN
[2026-08-20T21:59:00] METRIC concurrent_clients=500
[2026-08-20T21:59:00] METRIC throughput_pct_of_max=89.596
[2026-08-20T21:59:00] RUN_END status=OK
[2026-08-20T21:59:14] RUN_START run_id=SCALE_C_uDCN_500_148
[2026-08-20T21:59:14] PARAM implementation=uDCN
[2026-08-20T21:59:14] METRIC concurrent_clients=500
[2026-08-20T21:59:14] METRIC throughput_pct_of_max=91.829
[2026-08-20T21:59:14] RUN_END status=OK
[2026-08-20T22:02:15] RUN_START run_id=SCALE_C_uDCN_500_149
[2026-08-20T22:02:15] PARAM implementation=uDCN
[2026-08-20T22:02:15] METRIC concurrent_clients=500
[2026-08-20T22:02:15] METRIC throughput_pct_of_max=93.307
[2026-08-20T22:02:15] RUN_END status=OK
[2026-08-20T22:03:03] RUN_START run_id=SCALE_C_uDCN_500_150
[2026-08-20T22:03:03] PARAM implementation=uDCN
[2026-08-20T22:03:03] METRIC concurrent_clients=500
[2026-08-20T22:03:03] METRIC throughput_pct_of_max=97.351
[2026-08-20T22:03:03] RUN_END status=OK
[2026-08-20T22:09:20] RUN_START run_id=SCALE_C_uDCN_50_058
[2026-08-20T22:09:20] PARAM implementation=uDCN
[2026-08-20T22:09:20] METRIC concurrent_clients=50
[2026-08-20T22:09:20] METRIC throughput_pct_of_max=94.74
[2026-08-20T22:09:20] RUN_END status=OK
[2026-08-20T22:10:23] RUN_START run_id=SCALE_C_uDCN_50_059
[2026-08-20T22:10:23] PARAM implementation=uDCN
[2026-08-20T22:10:23] METRIC concurrent_clients=50
[2026-08-20T22:10:23] METRIC throughput_pct_of_max=99.528
[2026-08-20T22:10:23] RUN_END status=OK
[2026-08-20T22:13:00] RUN_START run_id=SCALE_C_uDCN_50_060
[2026-08-20T22:13:00] PARAM implementation=uDCN
[2026-08-20T22:13:00] METRIC concurrent_clients=50
[2026-08-20T22:13:00] METRIC throughput_pct_of_max=98.096
[2026-08-20T22:13:00] RUN_END status=OK
[2026-08-20T22:15:00] RUN_START run_id=SCALE_C_uDCN_50_061
[2026-08-20T22:15:00] PARAM implementation=uDCN
[2026-08-20T22:15:00] METRIC concurrent_clients=50
[2026-08-20T22:15:00] METRIC throughput_pct_of_max=94.343
[2026-08-20T22:15:00] RUN_END status=OK
[2026-08-20T22:16:54] RUN_START run_id=SCALE_C_uDCN_50_062
[2026-08-20T22:16:54] PARAM implementation=uDCN
[2026-08-20T22:16:54] METRIC concurrent_clients=50
[2026-08-20T22:16:54] METRIC throughput_pct_of_max=94.427
[2026-08-20T22:16:54] RUN_END status=OK
[2026-08-20T22:18:59] RUN_START run_id=SCALE_C_uDCN_50_063
[2026-08-20T22:18:59] PARAM implementation=uDCN
[2026-08-20T22:18:59] METRIC concurrent_clients=50
[2026-08-20T22:18:59] METRIC throughput_pct_of_max=95.823
[2026-08-20T22:18:59] RUN_END status=OK
[2026-08-20T22:21:58] RUN_START run_id=SCALE_C_uDCN_50_064
[2026-08-20T22:21:58] PARAM implementation=uDCN
[2026-08-20T22:21:58] METRIC concurrent_clients=50
[2026-08-20T22:21:58] METRIC throughput_pct_of_max=95.718
[2026-08-20T22:21:58] RUN_END status=OK
[2026-08-20T22:23:59] RUN_START run_id=SCALE_C_uDCN_50_065
[2026-08-20T22:23:59] PARAM implementation=uDCN
[2026-08-20T22:23:59] METRIC concurrent_clients=50
[2026-08-20T22:23:59] METRIC throughput_pct_of_max=99.873
[2026-08-20T22:23:59] RUN_END status=OK
[2026-08-20T22:26:13] RUN_START run_id=SCALE_C_uDCN_50_066
[2026-08-20T22:26:13] PARAM implementation=uDCN
[2026-08-20T22:26:13] METRIC concurrent_clients=50
[2026-08-20T22:26:13] METRIC throughput_pct_of_max=98.09
[2026-08-20T22:26:13] RUN_END status=OK
[2026-08-20T22:28:12] RUN_START run_id=SCALE_C_uDCN_50_067
[2026-08-20T22:28:12] PARAM implementation=uDCN
[2026-08-20T22:28:12] METRIC concurrent_clients=50
[2026-08-20T22:28:12] METRIC throughput_pct_of_max=100.0
[2026-08-20T22:28:12] RUN_END status=OK
[2026-08-20T22:32:19] RUN_START run_id=SCALE_C_uDCN_50_068
[2026-08-20T22:32:19] PARAM implementation=uDCN
[2026-08-20T22:32:19] METRIC concurrent_clients=50
[2026-08-20T22:32:19] METRIC throughput_pct_of_max=93.843
[2026-08-20T22:32:19] RUN_END status=OK
[2026-08-20T22:33:42] RUN_START run_id=SCALE_C_uDCN_50_069
[2026-08-20T22:33:42] PARAM implementation=uDCN
[2026-08-20T22:33:42] METRIC concurrent_clients=50
[2026-08-20T22:33:42] METRIC throughput_pct_of_max=100.0
[2026-08-20T22:33:42] RUN_END status=OK
[2026-08-20T22:35:32] RUN_START run_id=SCALE_C_uDCN_50_070
[2026-08-20T22:35:32] PARAM implementation=uDCN
[2026-08-20T22:35:32] METRIC concurrent_clients=50
[2026-08-20T22:35:32] METRIC throughput_pct_of_max=92.452
[2026-08-20T22:35:32] RUN_END status=OK
[2026-08-20T22:37:54] RUN_START run_id=SCALE_C_uDCN_50_071
[2026-08-20T22:37:54] PARAM implementation=uDCN
[2026-08-20T22:37:54] METRIC concurrent_clients=50
[2026-08-20T22:37:54] METRIC throughput_pct_of_max=97.776
[2026-08-20T22:37:54] RUN_END status=OK
