[2026-08-11T14:34:06] RUN_START run_id=SCALE_C_uDCN_10_016
[2026-08-11T14:34:06] PARAM implementation=uDCN
[2026-08-11T14:34:06] METRIC concurrent_clients=10
[2026-08-11T14:34:06] METRIC throughput_pct_of_max=98.961
[2026-08-11T14:34:06] RUN_END status=OK
[2026-08-11T14:39:31] RUN_START run_id=SCALE_C_uDCN_10_017
[2026-08-11T14:39:31] PARAM implementation=uDCN
[2026-08-11T14:39:31] METRIC concurrent_clients=10
[2026-08-11T14:39:31] METRIC throughput_pct_of_max=100.0
[2026-08-11T14:39:31] RUN_END status=OK
[2026-08-11T14:40:27] RUN_START run_id=SCALE_C_uDCN_10_018
[2026-08-11T14:40:27] PARAM implementation=uDCN
[2026-08-11T14:40:27] METRIC concurrent_clients=10
[2026-08-11T14:40:27] METRIC throughput_pct_of_max=100.0
[2026-08-11T14:40:27] RUN_END status=OK
[2026-08-11T14:42:57] RUN_START run_id=SCALE_C_uDCN_10_019
[2026-08-11T14:42:57] PARAM implementation=uDCN
[2026-08-11T14:42:57] METRIC concurrent_clients=10
[2026-08-11T14:42:57] METRIC throughput_pct_of_max=100.0
[2026-08-11T14:42:57] RUN_END status=OK
[2026-08-11T14:45:51] RUN_START run_id=SCALE_C_uDCN_10_020
[2026-08-11T14:45:51] PARAM implementation=uDCN
[2026-08-11T14:45:51] METRIC concurrent_clients=10
[2026-08-11T14:45:51] METRIC throughput_pct_of_max=99.014
[2026-08-11T14:45:51] RUN_END status=OK
[2026-08-11T14:47:21] RUN_START run_id=SCALE_C_uDCN_10_021
[2026-08-11T14:47:21] PARAM implementation=uDCN
[2026-08-11T14:47:21] METRIC concurrent_clients=10
[2026-08-11T14:47:21] METRIC throughput_pct_of_max=99.146
[2026-08-11T14:47:21] RUN_END status=OK
[2026-08-11T14:56:11] RUN_START run_id=SCALE_C_uDCN_10_022
[2026-08-11T14:56:11] PARAM implementation=uDCN
[2026-08-11T14:56:11] METRIC concurrent_clients=10
[2026-08-11T14:56:11] METRIC throughput_pct_of_max=96.72
[2026-08-11T14:56:11] RUN_END status=OK
[2026-08-11T14:58:17] RUN_START run_id=SCALE_C_uDCN_10_023
[2026-08-11T14:58:17] PARAM implementation=uDCN
[2026-08-11T14:58:17] METRIC concurrent_clients=10
[2026-08-11T14:58:17] METRIC throughput_pct_of_max=100.0
[2026-08-11T14:58:17] RUN_END status=OK
[2026-08-11T15:03:31] RUN_START run_id=SCALE_C_uDCN_10_024
[2026-08-11T15:03:31] PARAM implementation=uDCN
[2026-08-11T15:03:31] METRIC concurrent_clients=10
[2026-08-11T15:03:31] METRIC throughput_pct_of_max=100.0
[2026-08-11T15:03:31] RUN_END status=OK
[2026-08-11T15:04:50] RUN_START run_id=SCALE_C_uDCN_10_025
[2026-08-11T15:04:50] PARAM implementation=uDCN
[2026-08-11T15:04:50] METRIC concurrent_clients=10
[2026-08-11T15:04:50] METRIC throughput_pct_of_max=99.098
[2026-08-11T15:04:50] RUN_END status=OK
[2026-08-11T15:05:35] RUN_START run_id=SCALE_C_uDCN_10_026
[2026-08-11T15:05:35] PARAM implementation=uDCN
[2026-08-11T15:05:35] METRIC concurrent_clients=10
[2026-08-11T15:05:35] METRIC throughput_pct_of_max=99.447
[2026-08-11T15:05:35] RUN_END status=OK
[2026-08-11T15:12:56] RUN_START run_id=SCALE_C_uDCN_10_027
[2026-08-11T15:12:56] PARAM implementation=uDCN
[2026-08-11T15:12:56] METRIC concurrent_clients=10
[2026-08-11T15:12:56] METRIC throughput_pct_of_max=100.0
[2026-08-11T15:12:56] RUN_END status=OK
[2026-08-11T15:15:19] RUN_START run_id=SCALE_C_uDCN_10_028
[2026-08-11T15:15:19] PARAM implementation=uDCN
[2026-08-11T15:15:19] METRIC concurrent_clients=10
[2026-08-11T15:15:19] METRIC throughput_pct_of_max=100.0
[2026-08-11T15:15:19] RUN_END status=OK
[2026-08-11T15:16:52] RUN_START run_id=SCALE_C_uDCN_10_029
[2026-08-11T15:16:52] PARAM implementation=uDCN
[2026-08-11T15:16:52] METRIC concurrent_clients=10
[2026-08-11T15:16:52] METRIC throughput_pct_of_max=100.0
[2026-08-11T15:16:52] RUN_END status=OK
[2026-08-11T15:18:42] RUN_START run_id=SCALE_C_uDCN_10_030
[2026-08-11T15:18:42] PARAM implementation=uDCN
[2026-08-11T15:18:42] METRIC concurrent_clients=10
[2026-08-11T15:18:42] METRIC throughput_pct_of_max=100.0
[2026-08-11T15:18:42] RUN_END status=OK
