[2026-08-20T04:02:33] RUN_START run_id=SCALE_C_NFD_50_142
[2026-08-20T04:02:33] PARAM implementation=NFD
[2026-08-20T04:02:33] METRIC concurrent_clients=50
[2026-08-20T04:02:33] METRIC throughput_pct_of_max=92.035
[2026-08-20T04:02:33] RUN_END status=OK
[2026-08-20T04:03:17] RUN_START run_id=SCALE_C_NFD_50_143
[2026-08-20T04:03:17] PARAM implementation=NFD
[2026-08-20T04:03:17] METRIC concurrent_clients=50
[2026-08-20T04:03:17] METRIC throughput_pct_of_max=86.139
[2026-08-20T04:03:17] RUN_END status=OK
[2026-08-20T04:04:26] RUN_START run_id=SCALE_C_uDCN_500_091
[2026-08-20T04:04:26] PARAM implementation=uDCN
[2026-08-20T04:04:26] METRIC concurrent_clients=500
[2026-08-20T04:04:26] METRIC throughput_pct_of_max=94.968
[2026-08-20T04:04:26] RUN_END status=OK
[2026-08-20T04:04:47] RUN_START run_id=SCALE_C_NFD_50_144
[2026-08-20T04:04:47] PARAM implementation=NFD
[2026-08-20T04:04:47] METRIC concurrent_clients=50
[2026-08-20T04:04:47] METRIC throughput_pct_of_max=90.819
[2026-08-20T04:04:47] RUN_END status=OK
[2026-08-20T04:26:16] RUN_START run_id=SCALE_C_uDCN_50_040
[2026-08-20T04:26:16] PARAM implementation=uDCN
[2026-08-20T04:26:16] METRIC concurrent_clients=50
[2026-08-20T04:26:16] METRIC throughput_pct_of_max=99.296
[2026-08-20T04:26:16] RUN_END status=OK
[2026-08-20T04:27:58] RUN_START run_id=SCALE_C_uDCN_50_041
[2026-08-20T04:27:58] PARAM implementation=uDCN
[2026-08-20T04:27:58] METRIC concurrent_clients=50
[2026-08-20T04:27:58] METRIC throughput_pct_of_max=100.0
[2026-08-20T04:27:58] RUN_END status=OK
[2026-08-20T04:33:37] RUN_START run_id=SCALE_C_uDCN_50_042
[2026-08-20T04:33:37] PARAM implementation=uDCN
[2026-08-20T04:33:37] METRIC concurrent_clients=50
[2026-08-20T04:33:37] METRIC throughput_pct_of_max=95.733
[2026-08-20T04:33:37] RUN_END status=OK
[2026-08-20T04:34:00] RUN_START run_id=SCALE_C_uDCN_50_043
[2026-08-20T04:34:00] PARAM implementation=uDCN
[2026-08-20T04:34:00] METRIC concurrent_clients=50
[2026-08-20T04:34:00] METRIC throughput_pct_of_max=99.947
[2026-08-20T04:34:00] RUN_END status=OK
[2026-08-20T04:34:35] RUN_START run_id=SCALE_C_uDCN_50_044
[2026-08-20T04:34:35] PARAM implementation=uDCN
[2026-08-20T04:34:35] METRIC concurrent_clients=50
[2026-08-20T04:34:35] METRIC throughput_pct_of_max=95.919
[2026-08-20T04:34:35] RUN_END status=OK
[2026-08-20T04:36:39] RUN_START run_id=SCALE_C_uDCN_50_045
[2026-08-20T04:36:39] PARAM implementation=uDCN
[2026-08-20T04:36:39] METRIC concurrent_clients=50
[2026-08-20T04:36:39] METRIC throughput_pct_of_max=94.89
[2026-08-20T04:36:39] RUN_END status=OK
[2026-08-20T04:40:05] RUN_START run_id=SCALE_C_uDCN_50_046
[2026-08-20T04:40:05] PARAM implementation=uDCN
[2026-08-20T04:40:05] METRIC concurrent_clients=50
[2026-08-20T04:40:05] METRIC throughput_pct_of_max=98.319
[2026-08-20T04:40:05] RUN_END status=OK
[2026-08-20T04:43:21] RUN_START run_id=SCALE_C_uDCN_50_047
[2026-08-20T04:43:21] PARAM implementation=uDCN
[2026-08-20T04:43:21] METRIC concurrent_clients=50
[2026-08-20T04:43:21] METRIC throughput_pct_of_max=99.195
[2026-08-20T04:43:21] RUN_END status=OK
[2026-08-20T04:45:06] RUN_START run_id=SCALE_C_uDCN_50_048
[2026-08-20T04:45:06] PARAM implementation=uDCN
[2026-08-20T04:45:06] METRIC concurrent_clients=50
[2026-08-20T04:45:06] METRIC throughput_pct_of_max=100.0
[2026-08-20T04:45:06] RUN_END status=OK
[2026-08-20T04:45:53] RUN_START run_id=SCALE_C_uDCN_50_049
[2026-08-20T04:45:53] PARAM implementation=uDCN
[2026-08-20T04:45:53] METRIC concurrent_clients=50
[2026-08-20T04:45:53] METRIC throughput_pct_of_max=95.856
[2026-08-20T04:45:53] RUN_END status=OK
[2026-08-20T04:49:30] RUN_START run_id=SCALE_C_uDCN_50_050
[2026-08-20T04:49:30] PARAM implementation=uDCN
[2026-08-20T04:49:30] METRIC concurrent_clients=50
[2026-08-20T04:49:30] METRIC throughput_pct_of_max=100.0
[2026-08-20T04:49:30] RUN_END status=OK
