[2026-08-18T01:52:00] RUN_START run_id=SCALE_C_PythonNDN_1000_089
[2026-08-18T01:52:00] PARAM implementation=PythonNDN
[2026-08-18T01:52:00] METRIC concurrent_clients=1000
[2026-08-18T01:52:00] METRIC throughput_pct_of_max=15.915
[2026-08-18T01:52:00] RUN_END status=OK
[2026-08-18T01:54:48] RUN_START run_id=SCALE_C_PythonNDN_1000_090
[2026-08-18T01:54:48] PARAM implementation=PythonNDN
[2026-08-18T01:54:48] METRIC concurrent_clients=1000
[2026-08-18T01:54:48] METRIC throughput_pct_of_max=14.83
[2026-08-18T01:54:48] RUN_END status=OK
[2026-08-18T01:57:22] RUN_START run_id=SCALE_C_PythonNDN_1000_091
[2026-08-18T01:57:22] PARAM implementation=PythonNDN
[2026-08-18T01:57:22] METRIC concurrent_clients=1000
[2026-08-18T01:57:22] METRIC throughput_pct_of_max=15.074
[2026-08-18T01:57:22] RUN_END status=OK
[2026-08-18T02:02:22] RUN_START run_id=SCALE_C_PythonNDN_1000_092
[2026-08-18T02:02:22] PARAM implementation=PythonNDN
[2026-08-18T02:02:22] METRIC concurrent_clients=1000
[2026-08-18T02:02:22] METRIC throughput_pct_of_max=15.22
[2026-08-18T02:02:22] RUN_END status=OK
[2026-08-18T02:06:54] RUN_START run_id=SCALE_C_PythonNDN_1000_093
[2026-08-18T02:06:54] PARAM implementation=PythonNDN
[2026-08-18T02:06:54] METRIC concurrent_clients=1000
[2026-08-18T02:06:54] METRIC throughput_pct_of_max=15.654
[2026-08-18T02:06:54] RUN_END status=OK
[2026-08-18T02:07:15] RUN_START run_id=SCALE_C_PythonNDN_1000_094
[2026-08-18T02:07:15] PARAM implementation=PythonNDN
[2026-08-18T02:07:15] METRIC concurrent_clients=1000
[2026-08-18T02:07:15] METRIC throughput_pct_of_max=15.109
[2026-08-18T02:07:15] RUN_END status=OK
[2026-08-18T02:14:05] RUN_START run_id=SCALE_C_PythonNDN_1000_095
[2026-08-18T02:14:05] PARAM implementation=PythonNDN
[2026-08-18T02:14:05] METRIC concurrent_clients=1000
[2026-08-18T02:14:05] METRIC throughput_pct_of_max=14.581
[2026-08-18T02:14:05] RUN_END status=OK
[2026-08-18T02:17:25] RUN_START run_id=SCALE_C_PythonNDN_1000_096
[2026-08-18T02:17:25] PARAM implementation=PythonNDN
[2026-08-18T02:17:25] METRIC concurrent_clients=1000
[2026-08-18T02:17:25] METRIC throughput_pct_of_max=14.428
[2026-08-18T02:17:25] RUN_END status=OK
[2026-08-18T05:07:41] RUN_START run_id=SCALE_C_PythonNDN_10_124
[2026-08-18T05:07:41] PARAM implementation=PythonNDN
[2026-08-18T05:07:41] METRIC concurrent_clients=10
[2026-08-18T05:07:41] METRIC throughput_pct_of_max=100.0
[2026-08-18T05:07:41] RUN_END status=OK
[2026-08-18T05:11:16] RUN_START run_id=SCALE_C_PythonNDN_10_125
[2026-08-18T05:11:16] PARAM implementation=PythonNDN
[2026-08-18T05:11:16] METRIC concurrent_clients=10
[2026-08-18T05:11:16] METRIC throughput_pct_of_max=100.0
[2026-08-18T05:11:16] RUN_END status=OK
[2026-08-18T05:13:52] RUN_START run_id=SCALE_C_PythonNDN_10_126
[2026-08-18T05:13:52] PARAM implementation=PythonNDN
[2026-08-18T05:13:52] METRIC concurrent_clients=10
[2026-08-18T05:13:52] METRIC throughput_pct_of_max=100.0
[2026-08-18T05:13:52] RUN_END status=OK
[2026-08-18T05:17:34] RUN_START run_id=SCALE_C_PythonNDN_10_127
[2026-08-18T05:17:34] PARAM implementation=PythonNDN
[2026-08-18T05:17:34] METRIC concurrent_clients=10
[2026-08-18T05:17:34] METRIC throughput_pct_of_max=93.937
[2026-08-18T05:17:34] RUN_END status=OK
[2026-08-18T05:19:41] RUN_START run_id=SCALE_C_PythonNDN_10_128
[2026-08-18T05:19:41] PARAM implementation=PythonNDN
[2026-08-18T05:19:41] METRIC concurrent_clients=10
[2026-08-18T05:19:41] METRIC throughput_pct_of_max=100.0
[2026-08-18T05:19:41] RUN_END status=OK
[2026-08-18T05:21:16] RUN_START run_id=SCALE_C_PythonNDN_10_129
[2026-08-18T05:21:16] PARAM implementation=PythonNDN
[2026-08-18T05:21:16] METRIC concurrent_clients=10
[2026-08-18T05:21:16] METRIC throughput_pct_of_max=97.82
[2026-08-18T05:21:16] RUN_END status=OK
[2026-08-18T05:24:06] RUN_START run_id=SCALE_C_PythonNDN_10_130
[2026-08-18T05:24:06] PARAM implementation=PythonNDN
[2026-08-18T05:24:06] METRIC concurrent_clients=10
[2026-08-18T05:24:06] METRIC throughput_pct_of_max=100.0
[2026-08-18T05:24:06] RUN_END status=OK
[2026-08-18T05:26:47] RUN_START run_id=SCALE_C_PythonNDN_10_131
[2026-08-18T05:26:47] PARAM implementation=PythonNDN
[2026-08-18T05:26:47] METRIC concurrent_clients=10
[2026-08-18T05:26:47] METRIC throughput_pct_of_max=100.0
[2026-08-18T05:26:47] RUN_END status=OK
[2026-08-18T05:27:47] RUN_START run_id=SCALE_C_PythonNDN_10_132
[2026-08-18T05:27:47] PARAM implementation=PythonNDN
[2026-08-18T05:27:47] METRIC concurrent_clients=10
[2026-08-18T05:27:47] METRIC throughput_pct_of_max=99.845
[2026-08-18T05:27:47] RUN_END status=OK
[2026-08-18T05:30:19] RUN_START run_id=SCALE_C_PythonNDN_10_133
[2026-08-18T05:30:19] PARAM implementation=PythonNDN
[2026-08-18T05:30:19] METRIC concurrent_clients=10
[2026-08-18T05:30:19] METRIC throughput_pct_of_max=97.193
[2026-08-18T05:30:19] RUN_END status=OK
