[2026-09-06T14:53:21] RUN_START run_id=SEC_mtuthrash_009
[2026-09-06T14:53:21] PARAM attack_type=mtu_thrashing
[2026-09-06T14:53:21] METRIC duration_s=60
[2026-09-06T14:53:21] METRIC success=False
[2026-09-06T14:53:21] METRIC perturbation_rate_per_s=44.32
[2026-09-06T14:53:21] METRIC mtu_update_rate_per_min=0.958
[2026-09-06T14:53:21] RUN_END status=OK
[2026-09-06T14:54:23] RUN_START run_id=SEC_mtuthrash_010
[2026-09-06T14:54:23] PARAM attack_type=mtu_thrashing
[2026-09-06T14:54:23] METRIC duration_s=60
[2026-09-06T14:54:23] METRIC success=False
[2026-09-06T14:54:23] METRIC perturbation_rate_per_s=18.53
[2026-09-06T14:54:23] METRIC mtu_update_rate_per_min=1.003
[2026-09-06T14:54:23] RUN_END status=OK
[2026-09-07T04:44:20] RUN_START run_id=SEC_downgrade_018
[2026-09-07T04:44:20] PARAM attack_type=quic_version_downgrade
[2026-09-07T04:44:20] PARAM attack_vector=forged_version_negotiation_packet
[2026-09-07T04:44:20] PARAM handshake_completed=False
[2026-09-07T04:44:20] PARAM rejection_stage=version_negotiation
[2026-09-07T04:44:20] METRIC duration_s=60
[2026-09-07T04:44:20] METRIC success=False
[2026-09-07T04:44:20] RUN_END status=OK
[2026-09-07T04:44:50] RUN_START run_id=SEC_downgrade_019
[2026-09-07T04:44:50] PARAM attack_type=quic_version_downgrade
[2026-09-07T04:44:50] PARAM attack_vector=forged_version_negotiation_packet
[2026-09-07T04:44:50] PARAM handshake_completed=False
[2026-09-07T04:44:50] PARAM rejection_stage=version_negotiation
[2026-09-07T04:44:50] METRIC duration_s=60
[2026-09-07T04:44:50] METRIC success=False
[2026-09-07T04:44:50] RUN_END status=OK
[2026-09-07T04:46:18] RUN_START run_id=SEC_downgrade_020
[2026-09-07T04:46:18] PARAM attack_type=quic_version_downgrade
[2026-09-07T04:46:18] PARAM attack_vector=forged_version_negotiation_packet
[2026-09-07T04:46:18] PARAM handshake_completed=False
[2026-09-07T04:46:18] PARAM rejection_stage=version_negotiation
[2026-09-07T04:46:18] METRIC duration_s=60
[2026-09-07T04:46:18] METRIC success=False
[2026-09-07T04:46:18] RUN_END status=OK
[2026-09-07T04:49:33] RUN_START run_id=SEC_downgrade_021
[2026-09-07T04:49:33] PARAM attack_type=quic_version_downgrade
[2026-09-07T04:49:33] PARAM attack_vector=forged_version_negotiation_packet
[2026-09-07T04:49:33] PARAM handshake_completed=False
[2026-09-07T04:49:33] PARAM rejection_stage=version_negotiation
[2026-09-07T04:49:33] METRIC duration_s=60
[2026-09-07T04:49:33] METRIC success=False
[2026-09-07T04:49:33] RUN_END status=OK
[2026-09-07T04:52:21] RUN_START run_id=SEC_downgrade_022
[2026-09-07T04:52:21] PARAM attack_type=quic_version_downgrade
[2026-09-07T04:52:21] PARAM attack_vector=forged_version_negotiation_packet
[2026-09-07T04:52:21] PARAM handshake_completed=False
[2026-09-07T04:52:21] PARAM rejection_stage=version_negotiation
[2026-09-07T04:52:21] METRIC duration_s=60
[2026-09-07T04:52:21] METRIC success=False
[2026-09-07T04:52:21] RUN_END status=OK
[2026-09-07T04:52:33] RUN_START run_id=SEC_downgrade_023
[2026-09-07T04:52:33] PARAM attack_type=quic_version_downgrade
[2026-09-07T04:52:33] PARAM attack_vector=forged_version_negotiation_packet
[2026-09-07T04:52:33] PARAM handshake_completed=False
[2026-09-07T04:52:33] PARAM rejection_stage=version_negotiation
[2026-09-07T04:52:33] METRIC duration_s=60
[2026-09-07T04:52:33] METRIC success=False
[2026-09-07T04:52:33] RUN_END status=OK
