[2026-09-07T13:35:49] RUN_START run_id=SEC_downgrade_024
[2026-09-07T13:35:49] PARAM attack_type=quic_version_downgrade
[2026-09-07T13:35:49] PARAM attack_vector=forged_version_negotiation_packet
[2026-09-07T13:35:49] PARAM handshake_completed=False
[2026-09-07T13:35:49] PARAM rejection_stage=version_negotiation
[2026-09-07T13:35:49] METRIC duration_s=60
[2026-09-07T13:35:49] METRIC success=False
[2026-09-07T13:35:49] RUN_END status=OK
[2026-09-07T13:39:02] RUN_START run_id=SEC_downgrade_025
[2026-09-07T13:39:02] PARAM attack_type=quic_version_downgrade
[2026-09-07T13:39:02] PARAM attack_vector=forged_version_negotiation_packet
[2026-09-07T13:39:02] PARAM handshake_completed=False
[2026-09-07T13:39:02] PARAM rejection_stage=version_negotiation
[2026-09-07T13:39:02] METRIC duration_s=60
[2026-09-07T13:39:02] METRIC success=False
[2026-09-07T13:39:02] RUN_END status=OK
[2026-09-07T13:39:29] RUN_START run_id=SEC_downgrade_026
[2026-09-07T13:39:29] PARAM attack_type=quic_version_downgrade
[2026-09-07T13:39:29] PARAM attack_vector=forged_version_negotiation_packet
[2026-09-07T13:39:29] PARAM handshake_completed=False
[2026-09-07T13:39:29] PARAM rejection_stage=version_negotiation
[2026-09-07T13:39:29] METRIC duration_s=60
[2026-09-07T13:39:29] METRIC success=False
[2026-09-07T13:39:29] RUN_END status=OK
[2026-09-07T14:47:38] RUN_START run_id=SEC_flood_017
[2026-09-07T14:47:38] PARAM attack_type=interest_flooding
[2026-09-07T14:47:38] METRIC attack_rate_per_s=44225.8
[2026-09-07T14:47:38] METRIC duration_s=60
[2026-09-07T14:47:38] METRIC pit_occupancy_pct=74.32
[2026-09-07T14:47:38] METRIC throughput_remaining_pct=57.24
[2026-09-07T14:47:38] METRIC success=True
[2026-09-07T14:47:38] RUN_END status=OK
[2026-09-07T14:49:07] RUN_START run_id=SEC_flood_018
[2026-09-07T14:49:07] PARAM attack_type=interest_flooding
[2026-09-07T14:49:07] METRIC attack_rate_per_s=140562.1
[2026-09-07T14:49:07] METRIC duration_s=60
[2026-09-07T14:49:07] METRIC pit_occupancy_pct=75.25
[2026-09-07T14:49:07] METRIC throughput_remaining_pct=58.2
[2026-09-07T14:49:07] METRIC success=True
[2026-09-07T14:49:07] RUN_END status=OK
[2026-09-07T14:50:13] RUN_START run_id=SEC_flood_019
[2026-09-07T14:50:13] PARAM attack_type=interest_flooding
[2026-09-07T14:50:13] METRIC attack_rate_per_s=116277.0
[2026-09-07T14:50:13] METRIC duration_s=60
[2026-09-07T14:50:13] METRIC pit_occupancy_pct=74.43
[2026-09-07T14:50:13] METRIC throughput_remaining_pct=56.61
[2026-09-07T14:50:13] METRIC success=True
[2026-09-07T14:50:13] RUN_END status=OK
