[2026-09-08T09:00:00] RUN_START run_id=SEC_mlmanip_001
[2026-09-08T09:00:00] PARAM attack_type=ml_manipulation
[2026-09-08T09:00:00] METRIC duration_s=60
[2026-09-08T09:00:00] METRIC success=True
[2026-09-08T09:00:00] METRIC feature_perturbation_pct=50.36
[2026-09-08T09:00:00] METRIC performance_degradation_pct=15.0
[2026-09-08T09:00:00] RUN_END status=OK
[2026-09-08T09:00:12] RUN_START run_id=SEC_mlmanip_002
[2026-09-08T09:00:12] PARAM attack_type=ml_manipulation
[2026-09-08T09:00:12] METRIC duration_s=60
[2026-09-08T09:00:12] METRIC success=False
[2026-09-08T09:00:12] METRIC feature_perturbation_pct=10.85
[2026-09-08T09:00:12] METRIC performance_degradation_pct=3.0
[2026-09-08T09:00:12] RUN_END status=OK
[2026-09-08T09:04:41] RUN_START run_id=SEC_mlmanip_003
[2026-09-08T09:04:41] PARAM attack_type=ml_manipulation
[2026-09-08T09:04:41] METRIC duration_s=60
[2026-09-08T09:04:41] METRIC success=True
[2026-09-08T09:04:41] METRIC feature_perturbation_pct=53.16
[2026-09-08T09:04:41] METRIC performance_degradation_pct=14.26
[2026-09-08T09:04:41] RUN_END status=OK
[2026-09-08T09:04:48] RUN_START run_id=SEC_poison_025
[2026-09-08T09:04:48] PARAM attack_type=content_poisoning
[2026-09-08T09:04:48] METRIC duration_s=60
[2026-09-08T09:04:48] METRIC success=False
[2026-09-08T09:04:48] METRIC injected_packets=47607.0
[2026-09-08T09:04:48] METRIC accepted_poisoned_packets=0.0
[2026-09-08T09:04:48] RUN_END status=OK
[2026-09-08T09:06:01] RUN_START run_id=SEC_poison_026
[2026-09-08T09:06:01] PARAM attack_type=content_poisoning
[2026-09-08T09:06:01] METRIC duration_s=60
[2026-09-08T09:06:01] METRIC success=False
[2026-09-08T09:06:01] METRIC injected_packets=9221.0
[2026-09-08T09:06:01] METRIC accepted_poisoned_packets=0.0
[2026-09-08T09:06:01] RUN_END status=OK
[2026-09-08T09:07:00] RUN_START run_id=SEC_mlmanip_004
[2026-09-08T09:07:00] PARAM attack_type=ml_manipulation
[2026-09-08T09:07:00] METRIC duration_s=60
[2026-09-08T09:07:00] METRIC success=True
[2026-09-08T09:07:00] METRIC feature_perturbation_pct=47.13
[2026-09-08T09:07:00] METRIC performance_degradation_pct=12.53
[2026-09-08T09:07:00] RUN_END status=OK
[2026-09-08T09:07:29] RUN_START run_id=SEC_poison_027
[2026-09-08T09:07:29] PARAM attack_type=content_poisoning
[2026-09-08T09:07:29] METRIC duration_s=60
[2026-09-08T09:07:29] METRIC success=False
[2026-09-08T09:07:29] METRIC injected_packets=4176.0
[2026-09-08T09:07:29] METRIC accepted_poisoned_packets=0.0
[2026-09-08T09:07:29] RUN_END status=OK
