[2026-09-04T12:30:36] RUN_START run_id=SEC_flood_014
[2026-09-04T12:30:36] PARAM attack_type=interest_flooding
[2026-09-04T12:30:36] METRIC attack_rate_per_s=113179.5
[2026-09-04T12:30:36] METRIC duration_s=60
[2026-09-04T12:30:36] METRIC pit_occupancy_pct=72.65
[2026-09-04T12:30:36] METRIC throughput_remaining_pct=58.87
[2026-09-04T12:30:36] METRIC success=True
[2026-09-04T12:30:36] RUN_END status=OK
[2026-09-04T12:33:46] RUN_START run_id=SEC_flood_015
[2026-09-04T12:33:46] PARAM attack_type=interest_flooding
[2026-09-04T12:33:46] METRIC attack_rate_per_s=13855.1
[2026-09-04T12:33:46] METRIC duration_s=60
[2026-09-04T12:33:46] METRIC pit_occupancy_pct=75.47
[2026-09-04T12:33:46] METRIC throughput_remaining_pct=56.51
[2026-09-04T12:33:46] METRIC success=True
[2026-09-04T12:33:46] RUN_END status=OK
[2026-09-04T12:36:11] RUN_START run_id=SEC_flood_016
[2026-09-04T12:36:11] PARAM attack_type=interest_flooding
[2026-09-04T12:36:11] METRIC attack_rate_per_s=25833.8
[2026-09-04T12:36:11] METRIC duration_s=60
[2026-09-04T12:36:11] METRIC pit_occupancy_pct=77.1
[2026-09-04T12:36:11] METRIC throughput_remaining_pct=59.54
[2026-09-04T12:36:11] METRIC success=True
[2026-09-04T12:36:11] RUN_END status=OK
[2026-09-04T17:49:45] RUN_START run_id=09_security_evaluation_DISCARDED_0005
[2026-09-04T17:49:45] RUN_ABORTED reason=attack_generator_crash: TRex stateful attack profile crashed before the 60s attack duration completed
[2026-09-04T20:28:56] RUN_START run_id=SEC_poison_010
[2026-09-04T20:28:56] PARAM attack_type=content_poisoning
[2026-09-04T20:28:56] METRIC duration_s=60
[2026-09-04T20:28:56] METRIC success=False
[2026-09-04T20:28:56] METRIC injected_packets=22211.0
[2026-09-04T20:28:56] METRIC accepted_poisoned_packets=0.0
[2026-09-04T20:28:56] RUN_END status=OK
[2026-09-04T20:30:53] RUN_START run_id=SEC_poison_011
[2026-09-04T20:30:53] PARAM attack_type=content_poisoning
[2026-09-04T20:30:53] METRIC duration_s=60
[2026-09-04T20:30:53] METRIC success=False
[2026-09-04T20:30:53] METRIC injected_packets=47757.0
[2026-09-04T20:30:53] METRIC accepted_poisoned_packets=0.0
[2026-09-04T20:30:53] RUN_END status=OK
