[2026-09-11T22:50:17] RUN_START run_id=SEC_mlmanip_015
[2026-09-11T22:50:17] PARAM attack_type=ml_manipulation
[2026-09-11T22:50:17] METRIC duration_s=60
[2026-09-11T22:50:17] METRIC success=False
[2026-09-11T22:50:17] METRIC feature_perturbation_pct=33.56
[2026-09-11T22:50:17] METRIC performance_degradation_pct=7.24
[2026-09-11T22:50:17] RUN_END status=OK
[2026-09-11T22:53:10] RUN_START run_id=SEC_mlmanip_016
[2026-09-11T22:53:10] PARAM attack_type=ml_manipulation
[2026-09-11T22:53:10] METRIC duration_s=60
[2026-09-11T22:53:10] METRIC success=False
[2026-09-11T22:53:10] METRIC feature_perturbation_pct=31.52
[2026-09-11T22:53:10] METRIC performance_degradation_pct=2.64
[2026-09-11T22:53:10] RUN_END status=OK
[2026-09-11T22:54:04] RUN_START run_id=SEC_mlmanip_017
[2026-09-11T22:54:04] PARAM attack_type=ml_manipulation
[2026-09-11T22:54:04] METRIC duration_s=60
[2026-09-11T22:54:04] METRIC success=False
[2026-09-11T22:54:04] METRIC feature_perturbation_pct=30.7
[2026-09-11T22:54:04] METRIC performance_degradation_pct=9.26
[2026-09-11T22:54:04] RUN_END status=OK
[2026-09-12T06:01:09] RUN_START run_id=SEC_mlmanip_018
[2026-09-12T06:01:09] PARAM attack_type=ml_manipulation
[2026-09-12T06:01:09] METRIC duration_s=60
[2026-09-12T06:01:09] METRIC success=True
[2026-09-12T06:01:09] METRIC feature_perturbation_pct=52.08
[2026-09-12T06:01:09] METRIC performance_degradation_pct=14.06
[2026-09-12T06:01:09] RUN_END status=OK
[2026-09-12T06:03:35] RUN_START run_id=SEC_mlmanip_019
[2026-09-12T06:03:35] PARAM attack_type=ml_manipulation
[2026-09-12T06:03:35] METRIC duration_s=60
[2026-09-12T06:03:35] METRIC success=True
[2026-09-12T06:03:35] METRIC feature_perturbation_pct=46.41
[2026-09-12T06:03:35] METRIC performance_degradation_pct=11.4
[2026-09-12T06:03:35] RUN_END status=OK
[2026-09-12T06:06:38] RUN_START run_id=SEC_mlmanip_020
[2026-09-12T06:06:38] PARAM attack_type=ml_manipulation
[2026-09-12T06:06:38] METRIC duration_s=60
[2026-09-12T06:06:38] METRIC success=False
[2026-09-12T06:06:38] METRIC feature_perturbation_pct=21.42
[2026-09-12T06:06:38] METRIC performance_degradation_pct=5.19
[2026-09-12T06:06:38] RUN_END status=OK
[2026-09-12T06:07:36] RUN_START run_id=SEC_mlmanip_021
[2026-09-12T06:07:36] PARAM attack_type=ml_manipulation
[2026-09-12T06:07:36] METRIC duration_s=60
[2026-09-12T06:07:36] METRIC success=True
[2026-09-12T06:07:36] METRIC feature_perturbation_pct=49.56
[2026-09-12T06:07:36] METRIC performance_degradation_pct=12.82
[2026-09-12T06:07:36] RUN_END status=OK
[2026-09-12T06:09:49] RUN_START run_id=SEC_mlmanip_022
[2026-09-12T06:09:49] PARAM attack_type=ml_manipulation
[2026-09-12T06:09:49] METRIC duration_s=60
[2026-09-12T06:09:49] METRIC success=False
[2026-09-12T06:09:49] METRIC feature_perturbation_pct=25.16
[2026-09-12T06:09:49] METRIC performance_degradation_pct=6.32
[2026-09-12T06:09:49] RUN_END status=OK
