[2026-09-08T16:26:27] RUN_START run_id=SEC_flood_029
[2026-09-08T16:26:27] PARAM attack_type=interest_flooding
[2026-09-08T16:26:27] METRIC attack_rate_per_s=168385.6
[2026-09-08T16:26:27] METRIC duration_s=60
[2026-09-08T16:26:27] METRIC pit_occupancy_pct=75.34
[2026-09-08T16:26:27] METRIC throughput_remaining_pct=60.83
[2026-09-08T16:26:27] METRIC success=True
[2026-09-08T16:26:27] RUN_END status=OK
[2026-09-08T17:31:44] RUN_START run_id=SEC_flood_030
[2026-09-08T17:31:44] PARAM attack_type=interest_flooding
[2026-09-08T17:31:44] METRIC attack_rate_per_s=99534.3
[2026-09-08T17:31:44] METRIC duration_s=60
[2026-09-08T17:31:44] METRIC pit_occupancy_pct=75.6
[2026-09-08T17:31:44] METRIC throughput_remaining_pct=61.89
[2026-09-08T17:31:44] METRIC success=True
[2026-09-08T17:31:44] RUN_END status=OK
[2026-09-09T17:56:35] RUN_START run_id=SEC_mlmanip_008
[2026-09-09T17:56:35] PARAM attack_type=ml_manipulation
[2026-09-09T17:56:35] METRIC duration_s=60
[2026-09-09T17:56:35] METRIC success=False
[2026-09-09T17:56:35] METRIC feature_perturbation_pct=35.47
[2026-09-09T17:56:35] METRIC performance_degradation_pct=8.18
[2026-09-09T17:56:35] RUN_END status=OK
[2026-09-09T17:58:41] RUN_START run_id=SEC_mlmanip_009
[2026-09-09T17:58:41] PARAM attack_type=ml_manipulation
[2026-09-09T17:58:41] METRIC duration_s=60
[2026-09-09T17:58:41] METRIC success=False
[2026-09-09T17:58:41] METRIC feature_perturbation_pct=23.07
[2026-09-09T17:58:41] METRIC performance_degradation_pct=5.37
[2026-09-09T17:58:41] RUN_END status=OK
[2026-09-09T18:01:04] RUN_START run_id=SEC_mlmanip_010
[2026-09-09T18:01:04] PARAM attack_type=ml_manipulation
[2026-09-09T18:01:04] METRIC duration_s=60
[2026-09-09T18:01:04] METRIC success=True
[2026-09-09T18:01:04] METRIC feature_perturbation_pct=49.41
[2026-09-09T18:01:04] METRIC performance_degradation_pct=13.98
[2026-09-09T18:01:04] RUN_END status=OK
[2026-09-09T18:02:05] RUN_START run_id=SEC_mlmanip_011
[2026-09-09T18:02:05] PARAM attack_type=ml_manipulation
[2026-09-09T18:02:05] METRIC duration_s=60
[2026-09-09T18:02:05] METRIC success=False
[2026-09-09T18:02:05] METRIC feature_perturbation_pct=29.54
[2026-09-09T18:02:05] METRIC performance_degradation_pct=9.27
[2026-09-09T18:02:05] RUN_END status=OK
