[2026-09-06T09:00:44] RUN_START run_id=SEC_downgrade_013
[2026-09-06T09:00:44] PARAM attack_type=quic_version_downgrade
[2026-09-06T09:00:44] PARAM attack_vector=forged_version_negotiation_packet
[2026-09-06T09:00:44] PARAM handshake_completed=False
[2026-09-06T09:00:44] PARAM rejection_stage=version_negotiation
[2026-09-06T09:00:44] METRIC duration_s=60
[2026-09-06T09:00:44] METRIC success=False
[2026-09-06T09:00:44] RUN_END status=OK
[2026-09-06T09:01:05] RUN_START run_id=SEC_downgrade_014
[2026-09-06T09:01:05] PARAM attack_type=quic_version_downgrade
[2026-09-06T09:01:05] PARAM attack_vector=forged_version_negotiation_packet
[2026-09-06T09:01:05] PARAM handshake_completed=False
[2026-09-06T09:01:05] PARAM rejection_stage=version_negotiation
[2026-09-06T09:01:05] METRIC duration_s=60
[2026-09-06T09:01:05] METRIC success=False
[2026-09-06T09:01:05] RUN_END status=OK
[2026-09-06T09:03:23] RUN_START run_id=SEC_downgrade_015
[2026-09-06T09:03:23] PARAM attack_type=quic_version_downgrade
[2026-09-06T09:03:23] PARAM attack_vector=forged_version_negotiation_packet
[2026-09-06T09:03:23] PARAM handshake_completed=False
[2026-09-06T09:03:23] PARAM rejection_stage=version_negotiation
[2026-09-06T09:03:23] METRIC duration_s=60
[2026-09-06T09:03:23] METRIC success=False
[2026-09-06T09:03:23] RUN_END status=OK
[2026-09-06T09:09:40] RUN_START run_id=SEC_downgrade_016
[2026-09-06T09:09:40] PARAM attack_type=quic_version_downgrade
[2026-09-06T09:09:40] PARAM attack_vector=forged_version_negotiation_packet
[2026-09-06T09:09:40] PARAM handshake_completed=False
[2026-09-06T09:09:40] PARAM rejection_stage=version_negotiation
[2026-09-06T09:09:40] METRIC duration_s=60
[2026-09-06T09:09:40] METRIC success=False
[2026-09-06T09:09:40] RUN_END status=OK
[2026-09-06T09:12:15] RUN_START run_id=SEC_downgrade_017
[2026-09-06T09:12:15] PARAM attack_type=quic_version_downgrade
[2026-09-06T09:12:15] PARAM attack_vector=forged_version_negotiation_packet
[2026-09-06T09:12:15] PARAM handshake_completed=False
[2026-09-06T09:12:15] PARAM rejection_stage=version_negotiation
[2026-09-06T09:12:15] METRIC duration_s=60
[2026-09-06T09:12:15] METRIC success=False
[2026-09-06T09:12:15] RUN_END status=OK
[2026-09-06T14:42:09] RUN_START run_id=SEC_mtuthrash_006
[2026-09-06T14:42:09] PARAM attack_type=mtu_thrashing
[2026-09-06T14:42:09] METRIC duration_s=60
[2026-09-06T14:42:09] METRIC success=False
[2026-09-06T14:42:09] METRIC perturbation_rate_per_s=45.48
[2026-09-06T14:42:09] METRIC mtu_update_rate_per_min=0.768
[2026-09-06T14:42:09] RUN_END status=OK
[2026-09-06T14:45:24] RUN_START run_id=SEC_mtuthrash_007
[2026-09-06T14:45:24] PARAM attack_type=mtu_thrashing
[2026-09-06T14:45:24] METRIC duration_s=60
[2026-09-06T14:45:24] METRIC success=False
[2026-09-06T14:45:24] METRIC perturbation_rate_per_s=16.26
[2026-09-06T14:45:24] METRIC mtu_update_rate_per_min=0.94
[2026-09-06T14:45:24] RUN_END status=OK
[2026-09-06T14:46:06] RUN_START run_id=SEC_mtuthrash_008
[2026-09-06T14:46:06] PARAM attack_type=mtu_thrashing
[2026-09-06T14:46:06] METRIC duration_s=60
[2026-09-06T14:46:06] METRIC success=False
[2026-09-06T14:46:06] METRIC perturbation_rate_per_s=9.09
[2026-09-06T14:46:06] METRIC mtu_update_rate_per_min=0.946
[2026-09-06T14:46:06] RUN_END status=OK
