[2026-09-08T09:07:38] RUN_START run_id=SEC_mlmanip_005
[2026-09-08T09:07:38] PARAM attack_type=ml_manipulation
[2026-09-08T09:07:38] METRIC duration_s=60
[2026-09-08T09:07:38] METRIC success=False
[2026-09-08T09:07:38] METRIC feature_perturbation_pct=20.77
[2026-09-08T09:07:38] METRIC performance_degradation_pct=2.18
[2026-09-08T09:07:38] RUN_END status=OK
[2026-09-08T09:07:48] RUN_START run_id=SEC_poison_028
[2026-09-08T09:07:48] PARAM attack_type=content_poisoning
[2026-09-08T09:07:48] METRIC duration_s=60
[2026-09-08T09:07:48] METRIC success=False
[2026-09-08T09:07:48] METRIC injected_packets=10757.0
[2026-09-08T09:07:48] METRIC accepted_poisoned_packets=0.0
[2026-09-08T09:07:48] RUN_END status=OK
[2026-09-08T09:09:59] RUN_START run_id=SEC_mlmanip_006
[2026-09-08T09:09:59] PARAM attack_type=ml_manipulation
[2026-09-08T09:09:59] METRIC duration_s=60
[2026-09-08T09:09:59] METRIC success=True
[2026-09-08T09:09:59] METRIC feature_perturbation_pct=48.72
[2026-09-08T09:09:59] METRIC performance_degradation_pct=10.85
[2026-09-08T09:09:59] RUN_END status=OK
[2026-09-08T09:12:24] RUN_START run_id=SEC_mlmanip_007
[2026-09-08T09:12:24] PARAM attack_type=ml_manipulation
[2026-09-08T09:12:24] METRIC duration_s=60
[2026-09-08T09:12:24] METRIC success=False
[2026-09-08T09:12:24] METRIC feature_perturbation_pct=20.79
[2026-09-08T09:12:24] METRIC performance_degradation_pct=3.35
[2026-09-08T09:12:24] RUN_END status=OK
[2026-09-08T16:16:44] RUN_START run_id=SEC_flood_025
[2026-09-08T16:16:44] PARAM attack_type=interest_flooding
[2026-09-08T16:16:44] METRIC attack_rate_per_s=125880.8
[2026-09-08T16:16:44] METRIC duration_s=60
[2026-09-08T16:16:44] METRIC pit_occupancy_pct=77.87
[2026-09-08T16:16:44] METRIC throughput_remaining_pct=58.51
[2026-09-08T16:16:44] METRIC success=True
[2026-09-08T16:16:44] RUN_END status=OK
[2026-09-08T16:18:56] RUN_START run_id=SEC_flood_026
[2026-09-08T16:18:56] PARAM attack_type=interest_flooding
[2026-09-08T16:18:56] METRIC attack_rate_per_s=147466.4
[2026-09-08T16:18:56] METRIC duration_s=60
[2026-09-08T16:18:56] METRIC pit_occupancy_pct=72.93
[2026-09-08T16:18:56] METRIC throughput_remaining_pct=61.73
[2026-09-08T16:18:56] METRIC success=True
[2026-09-08T16:18:56] RUN_END status=OK
[2026-09-08T16:21:41] RUN_START run_id=SEC_flood_027
[2026-09-08T16:21:41] PARAM attack_type=interest_flooding
[2026-09-08T16:21:41] METRIC attack_rate_per_s=25004.9
[2026-09-08T16:21:41] METRIC duration_s=60
[2026-09-08T16:21:41] METRIC pit_occupancy_pct=76.92
[2026-09-08T16:21:41] METRIC throughput_remaining_pct=60.62
[2026-09-08T16:21:41] METRIC success=True
[2026-09-08T16:21:41] RUN_END status=OK
[2026-09-08T16:24:16] RUN_START run_id=SEC_flood_028
[2026-09-08T16:24:16] PARAM attack_type=interest_flooding
[2026-09-08T16:24:16] METRIC attack_rate_per_s=193572.8
[2026-09-08T16:24:16] METRIC duration_s=60
[2026-09-08T16:24:16] METRIC pit_occupancy_pct=78.0
[2026-09-08T16:24:16] METRIC throughput_remaining_pct=63.16
[2026-09-08T16:24:16] METRIC success=True
[2026-09-08T16:24:16] RUN_END status=OK
