[2026-09-03T18:28:27] RUN_START run_id=SEC_poison_009
[2026-09-03T18:28:27] PARAM attack_type=content_poisoning
[2026-09-03T18:28:27] METRIC duration_s=60
[2026-09-03T18:28:27] METRIC success=False
[2026-09-03T18:28:27] METRIC injected_packets=35179.0
[2026-09-03T18:28:27] METRIC accepted_poisoned_packets=0.0
[2026-09-03T18:28:27] RUN_END status=OK
[2026-09-04T09:00:00] RUN_START run_id=SEC_downgrade_001
[2026-09-04T09:00:00] PARAM attack_type=quic_version_downgrade
[2026-09-04T09:00:00] PARAM attack_vector=forged_version_negotiation_packet
[2026-09-04T09:00:00] PARAM handshake_completed=False
[2026-09-04T09:00:00] PARAM rejection_stage=version_negotiation
[2026-09-04T09:00:00] METRIC duration_s=60
[2026-09-04T09:00:00] METRIC success=False
[2026-09-04T09:00:00] RUN_END status=OK
[2026-09-04T09:03:58] RUN_START run_id=SEC_downgrade_002
[2026-09-04T09:03:58] PARAM attack_type=quic_version_downgrade
[2026-09-04T09:03:58] PARAM attack_vector=forged_version_negotiation_packet
[2026-09-04T09:03:58] PARAM handshake_completed=False
[2026-09-04T09:03:58] PARAM rejection_stage=version_negotiation
[2026-09-04T09:03:58] METRIC duration_s=60
[2026-09-04T09:03:58] METRIC success=False
[2026-09-04T09:03:58] RUN_END status=OK
[2026-09-04T09:05:27] RUN_START run_id=SEC_downgrade_003
[2026-09-04T09:05:27] PARAM attack_type=quic_version_downgrade
[2026-09-04T09:05:27] PARAM attack_vector=forged_version_negotiation_packet
[2026-09-04T09:05:27] PARAM handshake_completed=False
[2026-09-04T09:05:27] PARAM rejection_stage=version_negotiation
[2026-09-04T09:05:27] METRIC duration_s=60
[2026-09-04T09:05:27] METRIC success=False
[2026-09-04T09:05:27] RUN_END status=OK
[2026-09-04T09:06:47] RUN_START run_id=SEC_downgrade_004
[2026-09-04T09:06:47] PARAM attack_type=quic_version_downgrade
[2026-09-04T09:06:47] PARAM attack_vector=forged_version_negotiation_packet
[2026-09-04T09:06:47] PARAM handshake_completed=False
[2026-09-04T09:06:47] PARAM rejection_stage=version_negotiation
[2026-09-04T09:06:47] METRIC duration_s=60
[2026-09-04T09:06:47] METRIC success=False
[2026-09-04T09:06:47] RUN_END status=OK
[2026-09-04T09:08:11] RUN_START run_id=SEC_downgrade_005
[2026-09-04T09:08:11] PARAM attack_type=quic_version_downgrade
[2026-09-04T09:08:11] PARAM attack_vector=forged_version_negotiation_packet
[2026-09-04T09:08:11] PARAM handshake_completed=False
[2026-09-04T09:08:11] PARAM rejection_stage=version_negotiation
[2026-09-04T09:08:11] METRIC duration_s=60
[2026-09-04T09:08:11] METRIC success=False
[2026-09-04T09:08:11] RUN_END status=OK
[2026-09-04T12:26:57] RUN_START run_id=SEC_flood_013
[2026-09-04T12:26:57] PARAM attack_type=interest_flooding
[2026-09-04T12:26:57] METRIC attack_rate_per_s=180352.9
[2026-09-04T12:26:57] METRIC duration_s=60
[2026-09-04T12:26:57] METRIC pit_occupancy_pct=74.37
[2026-09-04T12:26:57] METRIC throughput_remaining_pct=62.06
[2026-09-04T12:26:57] METRIC success=True
[2026-09-04T12:26:57] RUN_END status=OK
