[2026-09-05T09:05:07] RUN_START run_id=SEC_mtuthrash_004
[2026-09-05T09:05:07] PARAM attack_type=mtu_thrashing
[2026-09-05T09:05:07] METRIC duration_s=60
[2026-09-05T09:05:07] METRIC success=False
[2026-09-05T09:05:07] METRIC perturbation_rate_per_s=12.32
[2026-09-05T09:05:07] METRIC mtu_update_rate_per_min=1.007
[2026-09-05T09:05:07] RUN_END status=OK
[2026-09-05T09:09:48] RUN_START run_id=SEC_mtuthrash_005
[2026-09-05T09:09:48] PARAM attack_type=mtu_thrashing
[2026-09-05T09:09:48] METRIC duration_s=60
[2026-09-05T09:09:48] METRIC success=False
[2026-09-05T09:09:48] METRIC perturbation_rate_per_s=31.88
[2026-09-05T09:09:48] METRIC mtu_update_rate_per_min=0.838
[2026-09-05T09:09:48] RUN_END status=OK
[2026-09-05T09:20:36] RUN_START run_id=SEC_poison_021
[2026-09-05T09:20:36] PARAM attack_type=content_poisoning
[2026-09-05T09:20:36] METRIC duration_s=60
[2026-09-05T09:20:36] METRIC success=False
[2026-09-05T09:20:36] METRIC injected_packets=3887.0
[2026-09-05T09:20:36] METRIC accepted_poisoned_packets=0.0
[2026-09-05T09:20:36] RUN_END status=OK
[2026-09-05T09:24:02] RUN_START run_id=SEC_poison_022
[2026-09-05T09:24:02] PARAM attack_type=content_poisoning
[2026-09-05T09:24:02] METRIC duration_s=60
[2026-09-05T09:24:02] METRIC success=False
[2026-09-05T09:24:02] METRIC injected_packets=7831.0
[2026-09-05T09:24:02] METRIC accepted_poisoned_packets=0.0
[2026-09-05T09:24:02] RUN_END status=OK
[2026-09-05T09:25:45] RUN_START run_id=SEC_poison_023
[2026-09-05T09:25:45] PARAM attack_type=content_poisoning
[2026-09-05T09:25:45] METRIC duration_s=60
[2026-09-05T09:25:45] METRIC success=False
[2026-09-05T09:25:45] METRIC injected_packets=8144.0
[2026-09-05T09:25:45] METRIC accepted_poisoned_packets=0.0
[2026-09-05T09:25:45] RUN_END status=OK
