[2026-09-09T21:59:05] RUN_START run_id=SEC_mtuthrash_018
[2026-09-09T21:59:05] PARAM attack_type=mtu_thrashing
[2026-09-09T21:59:05] METRIC duration_s=60
[2026-09-09T21:59:05] METRIC success=False
[2026-09-09T21:59:05] METRIC perturbation_rate_per_s=22.12
[2026-09-09T21:59:05] METRIC mtu_update_rate_per_min=0.848
[2026-09-09T21:59:05] RUN_END status=OK
[2026-09-09T22:01:48] RUN_START run_id=SEC_mtuthrash_019
[2026-09-09T22:01:48] PARAM attack_type=mtu_thrashing
[2026-09-09T22:01:48] METRIC duration_s=60
[2026-09-09T22:01:48] METRIC success=False
[2026-09-09T22:01:48] METRIC perturbation_rate_per_s=23.69
[2026-09-09T22:01:48] METRIC mtu_update_rate_per_min=1.061
[2026-09-09T22:01:48] RUN_END status=OK
[2026-09-09T22:03:23] RUN_START run_id=SEC_mtuthrash_020
[2026-09-09T22:03:23] PARAM attack_type=mtu_thrashing
[2026-09-09T22:03:23] METRIC duration_s=60
[2026-09-09T22:03:23] METRIC success=False
[2026-09-09T22:03:23] METRIC perturbation_rate_per_s=12.86
[2026-09-09T22:03:23] METRIC mtu_update_rate_per_min=0.963
[2026-09-09T22:03:23] RUN_END status=OK
[2026-09-10T09:00:23] RUN_START run_id=SEC_poison_029
[2026-09-10T09:00:23] PARAM attack_type=content_poisoning
[2026-09-10T09:00:23] METRIC duration_s=60
[2026-09-10T09:00:23] METRIC success=False
[2026-09-10T09:00:23] METRIC injected_packets=21659.0
[2026-09-10T09:00:23] METRIC accepted_poisoned_packets=0.0
[2026-09-10T09:00:23] RUN_END status=OK
