[2026-06-14T06:47:24] RUN_START run_id=ABL_Full_uDCN_084
[2026-06-14T06:47:24] PARAM variant=Full_uDCN
[2026-06-14T06:47:24] PARAM dominant_loss_source=-
[2026-06-14T06:47:24] METRIC object_size_bytes=359472.8
[2026-06-14T06:47:24] METRIC throughput_gbps=8.4135
[2026-06-14T06:47:24] METRIC latency_ms=12.8421
[2026-06-14T06:47:24] METRIC cpu_util_pct=17.66
[2026-06-14T06:47:24] RUN_END status=OK
[2026-06-14T06:52:14] RUN_START run_id=ABL_Full_uDCN_085
[2026-06-14T06:52:14] PARAM variant=Full_uDCN
[2026-06-14T06:52:14] PARAM dominant_loss_source=-
[2026-06-14T06:52:14] METRIC object_size_bytes=71030.5
[2026-06-14T06:52:14] METRIC throughput_gbps=8.3967
[2026-06-14T06:52:14] METRIC latency_ms=11.4999
[2026-06-14T06:52:14] METRIC cpu_util_pct=16.42
[2026-06-14T06:52:14] RUN_END status=OK
[2026-06-14T06:54:18] RUN_START run_id=ABL_Full_uDCN_086
[2026-06-14T06:54:18] PARAM variant=Full_uDCN
[2026-06-14T06:54:18] PARAM dominant_loss_source=-
[2026-06-14T06:54:18] METRIC object_size_bytes=220077.0
[2026-06-14T06:54:18] METRIC throughput_gbps=7.9973
[2026-06-14T06:54:18] METRIC latency_ms=12.9465
[2026-06-14T06:54:18] METRIC cpu_util_pct=19.14
[2026-06-14T06:54:18] RUN_END status=OK
[2026-06-14T06:54:50] RUN_START run_id=ABL_Full_uDCN_087
[2026-06-14T06:54:50] PARAM variant=Full_uDCN
[2026-06-14T06:54:50] PARAM dominant_loss_source=-
[2026-06-14T06:54:50] METRIC object_size_bytes=97661.1
[2026-06-14T06:54:50] METRIC throughput_gbps=8.2661
[2026-06-14T06:54:50] METRIC latency_ms=12.5152
[2026-06-14T06:54:50] METRIC cpu_util_pct=17.9
[2026-06-14T06:54:50] RUN_END status=OK
[2026-06-14T06:55:10] RUN_START run_id=ABL_Full_uDCN_088
[2026-06-14T06:55:10] PARAM variant=Full_uDCN
[2026-06-14T06:55:10] PARAM dominant_loss_source=-
[2026-06-14T06:55:10] METRIC object_size_bytes=88669.0
[2026-06-14T06:55:10] METRIC throughput_gbps=8.358
[2026-06-14T06:55:10] METRIC latency_ms=11.3243
[2026-06-14T06:55:10] METRIC cpu_util_pct=18.74
[2026-06-14T06:55:10] RUN_END status=OK
[2026-06-14T06:59:20] RUN_START run_id=ABL_Full_uDCN_089
[2026-06-14T06:59:20] PARAM variant=Full_uDCN
[2026-06-14T06:59:20] PARAM dominant_loss_source=-
[2026-06-14T06:59:20] METRIC object_size_bytes=186267.0
[2026-06-14T06:59:20] METRIC throughput_gbps=8.1109
[2026-06-14T06:59:20] METRIC latency_ms=12.5739
[2026-06-14T06:59:20] METRIC cpu_util_pct=17.19
[2026-06-14T06:59:20] RUN_END status=OK
[2026-06-14T07:00:33] RUN_START run_id=ABL_Full_uDCN_090
[2026-06-14T07:00:33] PARAM variant=Full_uDCN
[2026-06-14T07:00:33] PARAM dominant_loss_source=-
[2026-06-14T07:00:33] METRIC object_size_bytes=426141.3
[2026-06-14T07:00:33] METRIC throughput_gbps=8.4906
[2026-06-14T07:00:33] METRIC latency_ms=12.6518
[2026-06-14T07:00:33] METRIC cpu_util_pct=17.91
[2026-06-14T07:00:33] RUN_END status=OK
[2026-06-14T07:01:58] RUN_START run_id=ABL_Full_uDCN_091
[2026-06-14T07:01:58] PARAM variant=Full_uDCN
[2026-06-14T07:01:58] PARAM dominant_loss_source=-
[2026-06-14T07:01:58] METRIC object_size_bytes=174242.1
[2026-06-14T07:01:58] METRIC throughput_gbps=8.2415
[2026-06-14T07:01:58] METRIC latency_ms=11.9567
[2026-06-14T07:01:58] METRIC cpu_util_pct=17.61
[2026-06-14T07:01:58] RUN_END status=OK
[2026-06-14T07:03:12] RUN_START run_id=ABL_Full_uDCN_092
[2026-06-14T07:03:12] PARAM variant=Full_uDCN
[2026-06-14T07:03:12] PARAM dominant_loss_source=-
[2026-06-14T07:03:12] METRIC object_size_bytes=282904.6
[2026-06-14T07:03:12] METRIC throughput_gbps=8.4339
[2026-06-14T07:03:12] METRIC latency_ms=13.3478
[2026-06-14T07:03:12] METRIC cpu_util_pct=19.23
[2026-06-14T07:03:12] RUN_END status=OK
[2026-06-14T07:05:37] RUN_START run_id=ABL_Full_uDCN_093
[2026-06-14T07:05:37] PARAM variant=Full_uDCN
[2026-06-14T07:05:37] PARAM dominant_loss_source=-
[2026-06-14T07:05:37] METRIC object_size_bytes=372935.4
[2026-06-14T07:05:37] METRIC throughput_gbps=7.881
[2026-06-14T07:05:37] METRIC latency_ms=11.7285
[2026-06-14T07:05:37] METRIC cpu_util_pct=16.83
[2026-06-14T07:05:37] RUN_END status=OK
[2026-06-14T07:05:54] RUN_START run_id=ABL_Full_uDCN_094
[2026-06-14T07:05:54] PARAM variant=Full_uDCN
[2026-06-14T07:05:54] PARAM dominant_loss_source=-
[2026-06-14T07:05:54] METRIC object_size_bytes=269852.1
[2026-06-14T07:05:54] METRIC throughput_gbps=8.6948
[2026-06-14T07:05:54] METRIC latency_ms=11.9745
[2026-06-14T07:05:54] METRIC cpu_util_pct=18.84
[2026-06-14T07:05:54] RUN_END status=OK
[2026-06-14T07:07:57] RUN_START run_id=ABL_Full_uDCN_095
[2026-06-14T07:07:57] PARAM variant=Full_uDCN
[2026-06-14T07:07:57] PARAM dominant_loss_source=-
[2026-06-14T07:07:57] METRIC object_size_bytes=371706.1
[2026-06-14T07:07:57] METRIC throughput_gbps=8.129
[2026-06-14T07:07:57] METRIC latency_ms=12.3377
[2026-06-14T07:07:57] METRIC cpu_util_pct=17.78
[2026-06-14T07:07:57] RUN_END status=OK
[2026-06-14T07:09:13] RUN_START run_id=ABL_Full_uDCN_096
[2026-06-14T07:09:13] PARAM variant=Full_uDCN
[2026-06-14T07:09:13] PARAM dominant_loss_source=-
[2026-06-14T07:09:13] METRIC object_size_bytes=467203.8
[2026-06-14T07:09:13] METRIC throughput_gbps=7.8982
[2026-06-14T07:09:13] METRIC latency_ms=12.5235
[2026-06-14T07:09:13] METRIC cpu_util_pct=17.71
[2026-06-14T07:09:13] RUN_END status=OK
[2026-06-14T07:12:30] RUN_START run_id=ABL_Full_uDCN_097
[2026-06-14T07:12:30] PARAM variant=Full_uDCN
[2026-06-14T07:12:30] PARAM dominant_loss_source=-
[2026-06-14T07:12:30] METRIC object_size_bytes=471015.5
[2026-06-14T07:12:30] METRIC throughput_gbps=7.9318
[2026-06-14T07:12:30] METRIC latency_ms=12.1004
[2026-06-14T07:12:30] METRIC cpu_util_pct=16.28
[2026-06-14T07:12:30] RUN_END status=OK
[2026-06-14T07:15:35] RUN_START run_id=ABL_Full_uDCN_098
[2026-06-14T07:15:35] PARAM variant=Full_uDCN
[2026-06-14T07:15:35] PARAM dominant_loss_source=-
[2026-06-14T07:15:35] METRIC object_size_bytes=185779.5
[2026-06-14T07:15:35] METRIC throughput_gbps=7.9662
[2026-06-14T07:15:35] METRIC latency_ms=12.779
[2026-06-14T07:15:35] METRIC cpu_util_pct=17.61
[2026-06-14T07:15:35] RUN_END status=OK
[2026-06-14T07:16:29] RUN_START run_id=ABL_Full_uDCN_099
[2026-06-14T07:16:29] PARAM variant=Full_uDCN
[2026-06-14T07:16:29] PARAM dominant_loss_source=-
[2026-06-14T07:16:29] METRIC object_size_bytes=264690.0
[2026-06-14T07:16:29] METRIC throughput_gbps=8.2788
[2026-06-14T07:16:29] METRIC latency_ms=11.8432
[2026-06-14T07:16:29] METRIC cpu_util_pct=17.38
[2026-06-14T07:16:29] RUN_END status=OK
[2026-06-15T12:20:46] RUN_START run_id=ABL_Full_uDCN_100
[2026-06-15T12:20:46] PARAM variant=Full_uDCN
[2026-06-15T12:20:46] PARAM dominant_loss_source=-
[2026-06-15T12:20:46] METRIC object_size_bytes=200703.6
[2026-06-15T12:20:46] METRIC throughput_gbps=7.6218
[2026-06-15T12:20:46] METRIC latency_ms=12.6148
[2026-06-15T12:20:46] METRIC cpu_util_pct=18.38
[2026-06-15T12:20:46] RUN_END status=OK
[2026-06-15T12:22:48] RUN_START run_id=ABL_Full_uDCN_101
[2026-06-15T12:22:48] PARAM variant=Full_uDCN
[2026-06-15T12:22:48] PARAM dominant_loss_source=-
[2026-06-15T12:22:48] METRIC object_size_bytes=428677.3
[2026-06-15T12:22:48] METRIC throughput_gbps=7.975
[2026-06-15T12:22:48] METRIC latency_ms=12.2057
[2026-06-15T12:22:48] METRIC cpu_util_pct=17.43
[2026-06-15T12:22:48] RUN_END status=OK
[2026-06-15T12:25:51] RUN_START run_id=ABL_Full_uDCN_102
[2026-06-15T12:25:51] PARAM variant=Full_uDCN
[2026-06-15T12:25:51] PARAM dominant_loss_source=-
[2026-06-15T12:25:51] METRIC object_size_bytes=189443.7
[2026-06-15T12:25:51] METRIC throughput_gbps=8.5722
[2026-06-15T12:25:51] METRIC latency_ms=12.3073
[2026-06-15T12:25:51] METRIC cpu_util_pct=17.32
[2026-06-15T12:25:51] RUN_END status=OK
