[2026-06-22T12:01:37] RUN_START run_id=ABL_TCP_transport_085
[2026-06-22T12:01:37] PARAM variant=TCP_transport
[2026-06-22T12:01:37] PARAM dominant_loss_source=HOL blocking
[2026-06-22T12:01:37] METRIC object_size_bytes=365076.1
[2026-06-22T12:01:37] METRIC throughput_gbps=6.3357
[2026-06-22T12:01:37] METRIC latency_ms=16.107
[2026-06-22T12:01:37] METRIC cpu_util_pct=20.9
[2026-06-22T12:01:37] RUN_END status=OK
[2026-06-22T12:04:23] RUN_START run_id=ABL_No_ML_069
[2026-06-22T12:04:23] PARAM variant=No_ML
[2026-06-22T12:04:23] PARAM dominant_loss_source=Fragmentation
[2026-06-22T12:04:23] METRIC object_size_bytes=332206.3
[2026-06-22T12:04:23] METRIC throughput_gbps=6.7967
[2026-06-22T12:04:23] METRIC latency_ms=14.5094
[2026-06-22T12:04:23] METRIC cpu_util_pct=21.02
[2026-06-22T12:04:23] RUN_END status=OK
[2026-06-22T12:04:40] RUN_START run_id=ABL_TCP_transport_086
[2026-06-22T12:04:40] PARAM variant=TCP_transport
[2026-06-22T12:04:40] PARAM dominant_loss_source=HOL blocking
[2026-06-22T12:04:40] METRIC object_size_bytes=247770.0
[2026-06-22T12:04:40] METRIC throughput_gbps=6.3939
[2026-06-22T12:04:40] METRIC latency_ms=16.373
[2026-06-22T12:04:40] METRIC cpu_util_pct=21.34
[2026-06-22T12:04:40] RUN_END status=OK
[2026-06-22T12:06:12] RUN_START run_id=ABL_TCP_transport_087
[2026-06-22T12:06:12] PARAM variant=TCP_transport
[2026-06-22T12:06:12] PARAM dominant_loss_source=HOL blocking
[2026-06-22T12:06:12] METRIC object_size_bytes=489270.3
[2026-06-22T12:06:12] METRIC throughput_gbps=6.1014
[2026-06-22T12:06:12] METRIC latency_ms=16.0815
[2026-06-22T12:06:12] METRIC cpu_util_pct=22.02
[2026-06-22T12:06:12] RUN_END status=OK
[2026-06-22T12:07:06] RUN_START run_id=ABL_TCP_transport_088
[2026-06-22T12:07:06] PARAM variant=TCP_transport
[2026-06-22T12:07:06] PARAM dominant_loss_source=HOL blocking
[2026-06-22T12:07:06] METRIC object_size_bytes=465523.3
[2026-06-22T12:07:06] METRIC throughput_gbps=6.2676
[2026-06-22T12:07:06] METRIC latency_ms=15.895
[2026-06-22T12:07:06] METRIC cpu_util_pct=21.76
[2026-06-22T12:07:06] RUN_END status=OK
[2026-06-22T12:08:00] RUN_START run_id=ABL_No_ML_070
[2026-06-22T12:08:00] PARAM variant=No_ML
[2026-06-22T12:08:00] PARAM dominant_loss_source=Fragmentation
[2026-06-22T12:08:00] METRIC object_size_bytes=334585.3
[2026-06-22T12:08:00] METRIC throughput_gbps=6.9375
[2026-06-22T12:08:00] METRIC latency_ms=15.4383
[2026-06-22T12:08:00] METRIC cpu_util_pct=20.75
[2026-06-22T12:08:00] RUN_END status=OK
[2026-06-22T12:11:29] RUN_START run_id=ABL_TCP_transport_089
[2026-06-22T12:11:29] PARAM variant=TCP_transport
[2026-06-22T12:11:29] PARAM dominant_loss_source=HOL blocking
[2026-06-22T12:11:29] METRIC object_size_bytes=189571.5
[2026-06-22T12:11:29] METRIC throughput_gbps=6.4221
[2026-06-22T12:11:29] METRIC latency_ms=15.0524
[2026-06-22T12:11:29] METRIC cpu_util_pct=22.46
[2026-06-22T12:11:29] RUN_END status=OK
[2026-06-22T12:11:41] RUN_START run_id=ABL_No_ML_071
[2026-06-22T12:11:41] PARAM variant=No_ML
[2026-06-22T12:11:41] PARAM dominant_loss_source=Fragmentation
[2026-06-22T12:11:41] METRIC object_size_bytes=415648.3
[2026-06-22T12:11:41] METRIC throughput_gbps=6.698
[2026-06-22T12:11:41] METRIC latency_ms=15.2449
[2026-06-22T12:11:41] METRIC cpu_util_pct=20.47
[2026-06-22T12:11:41] RUN_END status=OK
[2026-06-22T12:13:57] RUN_START run_id=ABL_TCP_transport_090
[2026-06-22T12:13:57] PARAM variant=TCP_transport
[2026-06-22T12:13:57] PARAM dominant_loss_source=HOL blocking
[2026-06-22T12:13:57] METRIC object_size_bytes=65378.2
[2026-06-22T12:13:57] METRIC throughput_gbps=6.1359
[2026-06-22T12:13:57] METRIC latency_ms=16.1641
[2026-06-22T12:13:57] METRIC cpu_util_pct=20.64
[2026-06-22T12:13:57] RUN_END status=OK
[2026-06-22T12:15:42] RUN_START run_id=ABL_TCP_transport_091
[2026-06-22T12:15:42] PARAM variant=TCP_transport
[2026-06-22T12:15:42] PARAM dominant_loss_source=HOL blocking
[2026-06-22T12:15:42] METRIC object_size_bytes=112793.1
[2026-06-22T12:15:42] METRIC throughput_gbps=6.4756
[2026-06-22T12:15:42] METRIC latency_ms=17.8587
[2026-06-22T12:15:42] METRIC cpu_util_pct=22.32
[2026-06-22T12:15:42] RUN_END status=OK
[2026-06-22T12:16:14] RUN_START run_id=ABL_No_ML_072
[2026-06-22T12:16:14] PARAM variant=No_ML
[2026-06-22T12:16:14] PARAM dominant_loss_source=Fragmentation
[2026-06-22T12:16:14] METRIC object_size_bytes=360553.0
[2026-06-22T12:16:14] METRIC throughput_gbps=6.7535
[2026-06-22T12:16:14] METRIC latency_ms=14.6348
[2026-06-22T12:16:14] METRIC cpu_util_pct=20.45
[2026-06-22T12:16:14] RUN_END status=OK
[2026-06-22T12:17:37] RUN_START run_id=ABL_No_ML_073
[2026-06-22T12:17:37] PARAM variant=No_ML
[2026-06-22T12:17:37] PARAM dominant_loss_source=Fragmentation
[2026-06-22T12:17:37] METRIC object_size_bytes=94964.2
[2026-06-22T12:17:37] METRIC throughput_gbps=7.2848
[2026-06-22T12:17:37] METRIC latency_ms=16.5659
[2026-06-22T12:17:37] METRIC cpu_util_pct=21.24
[2026-06-22T12:17:37] RUN_END status=OK
[2026-06-22T12:17:41] RUN_START run_id=ABL_TCP_transport_092
[2026-06-22T12:17:41] PARAM variant=TCP_transport
[2026-06-22T12:17:41] PARAM dominant_loss_source=HOL blocking
[2026-06-22T12:17:41] METRIC object_size_bytes=107156.3
[2026-06-22T12:17:41] METRIC throughput_gbps=6.6218
[2026-06-22T12:17:41] METRIC latency_ms=16.9361
[2026-06-22T12:17:41] METRIC cpu_util_pct=21.78
[2026-06-22T12:17:41] RUN_END status=OK
[2026-06-22T12:18:47] RUN_START run_id=ABL_No_ML_074
[2026-06-22T12:18:47] PARAM variant=No_ML
[2026-06-22T12:18:47] PARAM dominant_loss_source=Fragmentation
[2026-06-22T12:18:47] METRIC object_size_bytes=165996.0
[2026-06-22T12:18:47] METRIC throughput_gbps=6.6711
[2026-06-22T12:18:47] METRIC latency_ms=15.3888
[2026-06-22T12:18:47] METRIC cpu_util_pct=21.11
[2026-06-22T12:18:47] RUN_END status=OK
[2026-06-22T12:19:25] RUN_START run_id=ABL_TCP_transport_093
[2026-06-22T12:19:25] PARAM variant=TCP_transport
[2026-06-22T12:19:25] PARAM dominant_loss_source=HOL blocking
[2026-06-22T12:19:25] METRIC object_size_bytes=120710.6
[2026-06-22T12:19:25] METRIC throughput_gbps=5.9725
[2026-06-22T12:19:25] METRIC latency_ms=15.5631
[2026-06-22T12:19:25] METRIC cpu_util_pct=22.83
[2026-06-22T12:19:25] RUN_END status=OK
[2026-06-22T12:20:16] RUN_START run_id=ABL_No_ML_075
[2026-06-22T12:20:16] PARAM variant=No_ML
[2026-06-22T12:20:16] PARAM dominant_loss_source=Fragmentation
[2026-06-22T12:20:16] METRIC object_size_bytes=285052.5
[2026-06-22T12:20:16] METRIC throughput_gbps=7.0287
[2026-06-22T12:20:16] METRIC latency_ms=13.92
[2026-06-22T12:20:16] METRIC cpu_util_pct=21.27
[2026-06-22T12:20:16] RUN_END status=OK
[2026-06-22T12:21:24] RUN_START run_id=ABL_TCP_transport_094
[2026-06-22T12:21:24] PARAM variant=TCP_transport
[2026-06-22T12:21:24] PARAM dominant_loss_source=HOL blocking
[2026-06-22T12:21:24] METRIC object_size_bytes=246604.5
[2026-06-22T12:21:24] METRIC throughput_gbps=6.3787
[2026-06-22T12:21:24] METRIC latency_ms=18.2027
[2026-06-22T12:21:24] METRIC cpu_util_pct=22.27
[2026-06-22T12:21:24] RUN_END status=OK
[2026-06-22T12:24:29] RUN_START run_id=ABL_TCP_transport_095
[2026-06-22T12:24:29] PARAM variant=TCP_transport
[2026-06-22T12:24:29] PARAM dominant_loss_source=HOL blocking
[2026-06-22T12:24:29] METRIC object_size_bytes=239455.9
[2026-06-22T12:24:29] METRIC throughput_gbps=5.9869
[2026-06-22T12:24:29] METRIC latency_ms=16.2328
[2026-06-22T12:24:29] METRIC cpu_util_pct=23.77
[2026-06-22T12:24:29] RUN_END status=OK
[2026-06-22T12:25:54] RUN_START run_id=ABL_TCP_transport_096
[2026-06-22T12:25:54] PARAM variant=TCP_transport
[2026-06-22T12:25:54] PARAM dominant_loss_source=HOL blocking
[2026-06-22T12:25:54] METRIC object_size_bytes=222387.2
[2026-06-22T12:25:54] METRIC throughput_gbps=6.3307
[2026-06-22T12:25:54] METRIC latency_ms=16.2234
[2026-06-22T12:25:54] METRIC cpu_util_pct=21.13
[2026-06-22T12:25:54] RUN_END status=OK
[2026-06-22T12:27:34] RUN_START run_id=ABL_TCP_transport_097
[2026-06-22T12:27:34] PARAM variant=TCP_transport
[2026-06-22T12:27:34] PARAM dominant_loss_source=HOL blocking
[2026-06-22T12:27:34] METRIC object_size_bytes=421256.8
[2026-06-22T12:27:34] METRIC throughput_gbps=6.2975
[2026-06-22T12:27:34] METRIC latency_ms=16.5365
[2026-06-22T12:27:34] METRIC cpu_util_pct=23.3
[2026-06-22T12:27:34] RUN_END status=OK
[2026-06-22T12:30:50] RUN_START run_id=ABL_TCP_transport_098
[2026-06-22T12:30:50] PARAM variant=TCP_transport
[2026-06-22T12:30:50] PARAM dominant_loss_source=HOL blocking
[2026-06-22T12:30:50] METRIC object_size_bytes=261998.4
[2026-06-22T12:30:50] METRIC throughput_gbps=6.6457
[2026-06-22T12:30:50] METRIC latency_ms=17.4501
[2026-06-22T12:30:50] METRIC cpu_util_pct=21.31
[2026-06-22T12:30:50] RUN_END status=OK
[2026-06-22T12:33:01] RUN_START run_id=ABL_TCP_transport_099
[2026-06-22T12:33:01] PARAM variant=TCP_transport
[2026-06-22T12:33:01] PARAM dominant_loss_source=HOL blocking
[2026-06-22T12:33:01] METRIC object_size_bytes=460507.0
[2026-06-22T12:33:01] METRIC throughput_gbps=6.4109
[2026-06-22T12:33:01] METRIC latency_ms=15.8507
[2026-06-22T12:33:01] METRIC cpu_util_pct=22.86
[2026-06-22T12:33:01] RUN_END status=OK
