[2026-06-13T15:00:05] RUN_START run_id=ABL_Full_uDCN_052
[2026-06-13T15:00:05] PARAM variant=Full_uDCN
[2026-06-13T15:00:05] PARAM dominant_loss_source=-
[2026-06-13T15:00:05] METRIC object_size_bytes=157278.4
[2026-06-13T15:00:05] METRIC throughput_gbps=9.322
[2026-06-13T15:00:05] METRIC latency_ms=12.7007
[2026-06-13T15:00:05] METRIC cpu_util_pct=18.23
[2026-06-13T15:00:05] RUN_END status=OK
[2026-06-13T15:02:03] RUN_START run_id=ABL_Full_uDCN_053
[2026-06-13T15:02:03] PARAM variant=Full_uDCN
[2026-06-13T15:02:03] PARAM dominant_loss_source=-
[2026-06-13T15:02:03] METRIC object_size_bytes=314400.2
[2026-06-13T15:02:03] METRIC throughput_gbps=8.8868
[2026-06-13T15:02:03] METRIC latency_ms=12.5665
[2026-06-13T15:02:03] METRIC cpu_util_pct=17.88
[2026-06-13T15:02:03] RUN_END status=OK
[2026-06-13T15:05:05] RUN_START run_id=ABL_Full_uDCN_054
[2026-06-13T15:05:05] PARAM variant=Full_uDCN
[2026-06-13T15:05:05] PARAM dominant_loss_source=-
[2026-06-13T15:05:05] METRIC object_size_bytes=180209.5
[2026-06-13T15:05:05] METRIC throughput_gbps=8.0952
[2026-06-13T15:05:05] METRIC latency_ms=13.1869
[2026-06-13T15:05:05] METRIC cpu_util_pct=18.76
[2026-06-13T15:05:05] RUN_END status=OK
[2026-06-13T15:11:01] RUN_START run_id=ABL_Full_uDCN_055
[2026-06-13T15:11:01] PARAM variant=Full_uDCN
[2026-06-13T15:11:01] PARAM dominant_loss_source=-
[2026-06-13T15:11:01] METRIC object_size_bytes=428396.7
[2026-06-13T15:11:01] METRIC throughput_gbps=8.4073
[2026-06-13T15:11:01] METRIC latency_ms=11.4534
[2026-06-13T15:11:01] METRIC cpu_util_pct=18.24
[2026-06-13T15:11:01] RUN_END status=OK
[2026-06-13T15:16:32] RUN_START run_id=ABL_Full_uDCN_056
[2026-06-13T15:16:32] PARAM variant=Full_uDCN
[2026-06-13T15:16:32] PARAM dominant_loss_source=-
[2026-06-13T15:16:32] METRIC object_size_bytes=118782.7
[2026-06-13T15:16:32] METRIC throughput_gbps=8.681
[2026-06-13T15:16:32] METRIC latency_ms=11.7541
[2026-06-13T15:16:32] METRIC cpu_util_pct=19.14
[2026-06-13T15:16:32] RUN_END status=OK
[2026-06-13T15:17:58] RUN_START run_id=ABL_Full_uDCN_057
[2026-06-13T15:17:58] PARAM variant=Full_uDCN
[2026-06-13T15:17:58] PARAM dominant_loss_source=-
[2026-06-13T15:17:58] METRIC object_size_bytes=230643.3
[2026-06-13T15:17:58] METRIC throughput_gbps=8.2617
[2026-06-13T15:17:58] METRIC latency_ms=13.1354
[2026-06-13T15:17:58] METRIC cpu_util_pct=17.53
[2026-06-13T15:17:58] RUN_END status=OK
[2026-06-13T15:18:45] RUN_START run_id=ABL_Full_uDCN_058
[2026-06-13T15:18:45] PARAM variant=Full_uDCN
[2026-06-13T15:18:45] PARAM dominant_loss_source=-
[2026-06-13T15:18:45] METRIC object_size_bytes=366534.4
[2026-06-13T15:18:45] METRIC throughput_gbps=8.5433
[2026-06-13T15:18:45] METRIC latency_ms=11.4161
[2026-06-13T15:18:45] METRIC cpu_util_pct=18.09
[2026-06-13T15:18:45] RUN_END status=OK
[2026-06-13T15:22:14] RUN_START run_id=ABL_Full_uDCN_059
[2026-06-13T15:22:14] PARAM variant=Full_uDCN
[2026-06-13T15:22:14] PARAM dominant_loss_source=-
[2026-06-13T15:22:14] METRIC object_size_bytes=117370.4
[2026-06-13T15:22:14] METRIC throughput_gbps=8.6928
[2026-06-13T15:22:14] METRIC latency_ms=12.6082
[2026-06-13T15:22:14] METRIC cpu_util_pct=17.95
[2026-06-13T15:22:14] RUN_END status=OK
[2026-06-13T15:23:53] RUN_START run_id=ABL_Full_uDCN_060
[2026-06-13T15:23:53] PARAM variant=Full_uDCN
[2026-06-13T15:23:53] PARAM dominant_loss_source=-
[2026-06-13T15:23:53] METRIC object_size_bytes=161550.0
[2026-06-13T15:23:53] METRIC throughput_gbps=8.8299
[2026-06-13T15:23:53] METRIC latency_ms=13.2182
[2026-06-13T15:23:53] METRIC cpu_util_pct=17.66
[2026-06-13T15:23:53] RUN_END status=OK
[2026-06-13T15:26:19] RUN_START run_id=ABL_Full_uDCN_061
[2026-06-13T15:26:19] PARAM variant=Full_uDCN
[2026-06-13T15:26:19] PARAM dominant_loss_source=-
[2026-06-13T15:26:19] METRIC object_size_bytes=220055.3
[2026-06-13T15:26:19] METRIC throughput_gbps=8.4927
[2026-06-13T15:26:19] METRIC latency_ms=11.5849
[2026-06-13T15:26:19] METRIC cpu_util_pct=18.47
[2026-06-13T15:26:19] RUN_END status=OK
[2026-06-13T15:28:21] RUN_START run_id=ABL_Full_uDCN_062
[2026-06-13T15:28:21] PARAM variant=Full_uDCN
[2026-06-13T15:28:21] PARAM dominant_loss_source=-
[2026-06-13T15:28:21] METRIC object_size_bytes=343795.6
[2026-06-13T15:28:21] METRIC throughput_gbps=8.4598
[2026-06-13T15:28:21] METRIC latency_ms=11.8497
[2026-06-13T15:28:21] METRIC cpu_util_pct=16.6
[2026-06-13T15:28:21] RUN_END status=OK
[2026-06-13T15:29:55] RUN_START run_id=ABL_Full_uDCN_063
[2026-06-13T15:29:55] PARAM variant=Full_uDCN
[2026-06-13T15:29:55] PARAM dominant_loss_source=-
[2026-06-13T15:29:55] METRIC object_size_bytes=282944.4
[2026-06-13T15:29:55] METRIC throughput_gbps=8.2903
[2026-06-13T15:29:55] METRIC latency_ms=13.0494
[2026-06-13T15:29:55] METRIC cpu_util_pct=16.76
[2026-06-13T15:29:55] RUN_END status=OK
[2026-06-13T15:31:15] RUN_START run_id=ABL_Full_uDCN_064
[2026-06-13T15:31:15] PARAM variant=Full_uDCN
[2026-06-13T15:31:15] PARAM dominant_loss_source=-
[2026-06-13T15:31:15] METRIC object_size_bytes=495687.9
[2026-06-13T15:31:15] METRIC throughput_gbps=8.2613
[2026-06-13T15:31:15] METRIC latency_ms=11.7242
[2026-06-13T15:31:15] METRIC cpu_util_pct=15.96
[2026-06-13T15:31:15] RUN_END status=OK
[2026-06-13T15:32:44] RUN_START run_id=ABL_Full_uDCN_065
[2026-06-13T15:32:44] PARAM variant=Full_uDCN
[2026-06-13T15:32:44] PARAM dominant_loss_source=-
[2026-06-13T15:32:44] METRIC object_size_bytes=483643.2
[2026-06-13T15:32:44] METRIC throughput_gbps=8.3988
[2026-06-13T15:32:44] METRIC latency_ms=13.0146
[2026-06-13T15:32:44] METRIC cpu_util_pct=18.1
[2026-06-13T15:32:44] RUN_END status=OK
[2026-06-13T15:37:30] RUN_START run_id=ABL_Full_uDCN_066
[2026-06-13T15:37:30] PARAM variant=Full_uDCN
[2026-06-13T15:37:30] PARAM dominant_loss_source=-
[2026-06-13T15:37:30] METRIC object_size_bytes=273065.7
[2026-06-13T15:37:30] METRIC throughput_gbps=8.3233
[2026-06-13T15:37:30] METRIC latency_ms=13.2395
[2026-06-13T15:37:30] METRIC cpu_util_pct=18.79
[2026-06-13T15:37:30] RUN_END status=OK
[2026-06-13T15:38:15] RUN_START run_id=ABL_Full_uDCN_067
[2026-06-13T15:38:15] PARAM variant=Full_uDCN
[2026-06-13T15:38:15] PARAM dominant_loss_source=-
[2026-06-13T15:38:15] METRIC object_size_bytes=154936.2
[2026-06-13T15:38:15] METRIC throughput_gbps=8.59
[2026-06-13T15:38:15] METRIC latency_ms=12.5099
[2026-06-13T15:38:15] METRIC cpu_util_pct=18.45
[2026-06-13T15:38:15] RUN_END status=OK
[2026-06-13T15:43:42] RUN_START run_id=ABL_Full_uDCN_068
[2026-06-13T15:43:42] PARAM variant=Full_uDCN
[2026-06-13T15:43:42] PARAM dominant_loss_source=-
[2026-06-13T15:43:42] METRIC object_size_bytes=196040.1
[2026-06-13T15:43:42] METRIC throughput_gbps=8.4511
[2026-06-13T15:43:42] METRIC latency_ms=12.4338
[2026-06-13T15:43:42] METRIC cpu_util_pct=19.56
[2026-06-13T15:43:42] RUN_END status=OK
[2026-06-14T06:17:22] RUN_START run_id=ABL_Full_uDCN_069
[2026-06-14T06:17:22] PARAM variant=Full_uDCN
[2026-06-14T06:17:22] PARAM dominant_loss_source=-
[2026-06-14T06:17:22] METRIC object_size_bytes=370666.0
[2026-06-14T06:17:22] METRIC throughput_gbps=8.1041
[2026-06-14T06:17:22] METRIC latency_ms=12.176
[2026-06-14T06:17:22] METRIC cpu_util_pct=17.78
[2026-06-14T06:17:22] RUN_END status=OK
[2026-06-14T06:19:23] RUN_START run_id=ABL_Full_uDCN_070
[2026-06-14T06:19:23] PARAM variant=Full_uDCN
[2026-06-14T06:19:23] PARAM dominant_loss_source=-
[2026-06-14T06:19:23] METRIC object_size_bytes=112718.7
[2026-06-14T06:19:23] METRIC throughput_gbps=8.6032
[2026-06-14T06:19:23] METRIC latency_ms=11.8005
[2026-06-14T06:19:23] METRIC cpu_util_pct=16.9
[2026-06-14T06:19:23] RUN_END status=OK
[2026-06-14T06:21:49] RUN_START run_id=ABL_Full_uDCN_071
[2026-06-14T06:21:49] PARAM variant=Full_uDCN
[2026-06-14T06:21:49] PARAM dominant_loss_source=-
[2026-06-14T06:21:49] METRIC object_size_bytes=92072.6
[2026-06-14T06:21:49] METRIC throughput_gbps=8.0738
[2026-06-14T06:21:49] METRIC latency_ms=12.6967
[2026-06-14T06:21:49] METRIC cpu_util_pct=17.98
[2026-06-14T06:21:49] RUN_END status=OK
[2026-06-14T06:23:03] RUN_START run_id=ABL_Full_uDCN_072
[2026-06-14T06:23:03] PARAM variant=Full_uDCN
[2026-06-14T06:23:03] PARAM dominant_loss_source=-
[2026-06-14T06:23:03] METRIC object_size_bytes=179104.4
[2026-06-14T06:23:03] METRIC throughput_gbps=8.3423
[2026-06-14T06:23:03] METRIC latency_ms=12.6423
[2026-06-14T06:23:03] METRIC cpu_util_pct=17.85
[2026-06-14T06:23:03] RUN_END status=OK
