[2026-06-06T04:51:11] RUN_START run_id=ABL_Static_MTU_066
[2026-06-06T04:51:11] PARAM variant=Static_MTU
[2026-06-06T04:51:11] PARAM dominant_loss_source=Non-adaptive sizing
[2026-06-06T04:51:11] METRIC object_size_bytes=185829.4
[2026-06-06T04:51:11] METRIC throughput_gbps=7.3823
[2026-06-06T04:51:11] METRIC latency_ms=15.6092
[2026-06-06T04:51:11] METRIC cpu_util_pct=20.7
[2026-06-06T04:51:11] RUN_END status=OK
[2026-06-06T04:54:36] RUN_START run_id=ABL_Static_MTU_067
[2026-06-06T04:54:36] PARAM variant=Static_MTU
[2026-06-06T04:54:36] PARAM dominant_loss_source=Non-adaptive sizing
[2026-06-06T04:54:36] METRIC object_size_bytes=429721.0
[2026-06-06T04:54:36] METRIC throughput_gbps=7.195
[2026-06-06T04:54:36] METRIC latency_ms=17.7587
[2026-06-06T04:54:36] METRIC cpu_util_pct=20.27
[2026-06-06T04:54:36] RUN_END status=OK
[2026-06-06T04:56:13] RUN_START run_id=ABL_Static_MTU_068
[2026-06-06T04:56:13] PARAM variant=Static_MTU
[2026-06-06T04:56:13] PARAM dominant_loss_source=Non-adaptive sizing
[2026-06-06T04:56:13] METRIC object_size_bytes=250952.1
[2026-06-06T04:56:13] METRIC throughput_gbps=6.7692
[2026-06-06T04:56:13] METRIC latency_ms=15.9832
[2026-06-06T04:56:13] METRIC cpu_util_pct=20.01
[2026-06-06T04:56:13] RUN_END status=OK
[2026-06-06T04:58:00] RUN_START run_id=ABL_Static_MTU_069
[2026-06-06T04:58:00] PARAM variant=Static_MTU
[2026-06-06T04:58:00] PARAM dominant_loss_source=Non-adaptive sizing
[2026-06-06T04:58:00] METRIC object_size_bytes=362427.9
[2026-06-06T04:58:00] METRIC throughput_gbps=6.5086
[2026-06-06T04:58:00] METRIC latency_ms=16.4862
[2026-06-06T04:58:00] METRIC cpu_util_pct=20.33
[2026-06-06T04:58:00] RUN_END status=OK
[2026-06-06T05:00:19] RUN_START run_id=ABL_Static_MTU_070
[2026-06-06T05:00:19] PARAM variant=Static_MTU
[2026-06-06T05:00:19] PARAM dominant_loss_source=Non-adaptive sizing
[2026-06-06T05:00:19] METRIC object_size_bytes=163893.3
[2026-06-06T05:00:19] METRIC throughput_gbps=7.1581
[2026-06-06T05:00:19] METRIC latency_ms=15.4174
[2026-06-06T05:00:19] METRIC cpu_util_pct=20.68
[2026-06-06T05:00:19] RUN_END status=OK
[2026-06-06T19:34:10] RUN_START run_id=ABL_No_eBPF_XDP_148
[2026-06-06T19:34:10] PARAM variant=No_eBPF_XDP
[2026-06-06T19:34:10] PARAM dominant_loss_source=Kernel/userspace crossing
[2026-06-06T19:34:10] METRIC object_size_bytes=310813.1
[2026-06-06T19:34:10] METRIC throughput_gbps=6.006
[2026-06-06T19:34:10] METRIC latency_ms=18.2171
[2026-06-06T19:34:10] METRIC cpu_util_pct=43.23
[2026-06-06T19:34:10] RUN_END status=OK
[2026-06-06T19:38:33] RUN_START run_id=ABL_No_eBPF_XDP_149
[2026-06-06T19:38:33] PARAM variant=No_eBPF_XDP
[2026-06-06T19:38:33] PARAM dominant_loss_source=Kernel/userspace crossing
[2026-06-06T19:38:33] METRIC object_size_bytes=318895.0
[2026-06-06T19:38:33] METRIC throughput_gbps=5.644
[2026-06-06T19:38:33] METRIC latency_ms=18.9844
[2026-06-06T19:38:33] METRIC cpu_util_pct=46.56
[2026-06-06T19:38:33] RUN_END status=OK
[2026-06-06T19:41:49] RUN_START run_id=ABL_No_eBPF_XDP_150
[2026-06-06T19:41:49] PARAM variant=No_eBPF_XDP
[2026-06-06T19:41:49] PARAM dominant_loss_source=Kernel/userspace crossing
[2026-06-06T19:41:49] METRIC object_size_bytes=504570.3
[2026-06-06T19:41:49] METRIC throughput_gbps=5.9779
[2026-06-06T19:41:49] METRIC latency_ms=18.0795
[2026-06-06T19:41:49] METRIC cpu_util_pct=46.08
[2026-06-06T19:41:49] RUN_END status=OK
[2026-06-07T04:41:52] RUN_START run_id=ABL_Static_MTU_071
[2026-06-07T04:41:52] PARAM variant=Static_MTU
[2026-06-07T04:41:52] PARAM dominant_loss_source=Non-adaptive sizing
[2026-06-07T04:41:52] METRIC object_size_bytes=133503.3
[2026-06-07T04:41:52] METRIC throughput_gbps=7.0016
[2026-06-07T04:41:52] METRIC latency_ms=16.4925
[2026-06-07T04:41:52] METRIC cpu_util_pct=23.03
[2026-06-07T04:41:52] RUN_END status=OK
[2026-06-07T04:44:16] RUN_START run_id=ABL_Static_MTU_072
[2026-06-07T04:44:16] PARAM variant=Static_MTU
[2026-06-07T04:44:16] PARAM dominant_loss_source=Non-adaptive sizing
[2026-06-07T04:44:16] METRIC object_size_bytes=415965.6
[2026-06-07T04:44:16] METRIC throughput_gbps=6.7915
[2026-06-07T04:44:16] METRIC latency_ms=16.6488
[2026-06-07T04:44:16] METRIC cpu_util_pct=17.77
[2026-06-07T04:44:16] RUN_END status=OK
[2026-06-07T04:47:27] RUN_START run_id=ABL_Static_MTU_073
[2026-06-07T04:47:27] PARAM variant=Static_MTU
[2026-06-07T04:47:27] PARAM dominant_loss_source=Non-adaptive sizing
[2026-06-07T04:47:27] METRIC object_size_bytes=480326.9
[2026-06-07T04:47:27] METRIC throughput_gbps=6.5759
[2026-06-07T04:47:27] METRIC latency_ms=14.6837
[2026-06-07T04:47:27] METRIC cpu_util_pct=20.18
[2026-06-07T04:47:27] RUN_END status=OK
