[2026-06-25T11:20:58] RUN_START run_id=ABL_TCP_transport_135
[2026-06-25T11:20:58] PARAM variant=TCP_transport
[2026-06-25T11:20:58] PARAM dominant_loss_source=HOL blocking
[2026-06-25T11:20:58] METRIC object_size_bytes=321856.9
[2026-06-25T11:20:58] METRIC throughput_gbps=6.421
[2026-06-25T11:20:58] METRIC latency_ms=17.2037
[2026-06-25T11:20:58] METRIC cpu_util_pct=21.62
[2026-06-25T11:20:58] RUN_END status=OK
[2026-06-25T11:22:35] RUN_START run_id=ABL_TCP_transport_136
[2026-06-25T11:22:35] PARAM variant=TCP_transport
[2026-06-25T11:22:35] PARAM dominant_loss_source=HOL blocking
[2026-06-25T11:22:35] METRIC object_size_bytes=421851.9
[2026-06-25T11:22:35] METRIC throughput_gbps=6.4596
[2026-06-25T11:22:35] METRIC latency_ms=17.83
[2026-06-25T11:22:35] METRIC cpu_util_pct=22.87
[2026-06-25T11:22:35] RUN_END status=OK
[2026-06-25T11:25:49] RUN_START run_id=ABL_TCP_transport_137
[2026-06-25T11:25:49] PARAM variant=TCP_transport
[2026-06-25T11:25:49] PARAM dominant_loss_source=HOL blocking
[2026-06-25T11:25:49] METRIC object_size_bytes=510919.0
[2026-06-25T11:25:49] METRIC throughput_gbps=6.5533
[2026-06-25T11:25:49] METRIC latency_ms=17.4744
[2026-06-25T11:25:49] METRIC cpu_util_pct=23.71
[2026-06-25T11:25:49] RUN_END status=OK
[2026-06-25T11:28:02] RUN_START run_id=ABL_TCP_transport_138
[2026-06-25T11:28:02] PARAM variant=TCP_transport
[2026-06-25T11:28:02] PARAM dominant_loss_source=HOL blocking
[2026-06-25T11:28:02] METRIC object_size_bytes=225665.6
[2026-06-25T11:28:02] METRIC throughput_gbps=6.581
[2026-06-25T11:28:02] METRIC latency_ms=17.9652
[2026-06-25T11:28:02] METRIC cpu_util_pct=21.29
[2026-06-25T11:28:02] RUN_END status=OK
[2026-06-25T11:30:20] RUN_START run_id=ABL_TCP_transport_139
[2026-06-25T11:30:20] PARAM variant=TCP_transport
[2026-06-25T11:30:20] PARAM dominant_loss_source=HOL blocking
[2026-06-25T11:30:20] METRIC object_size_bytes=138234.8
[2026-06-25T11:30:20] METRIC throughput_gbps=6.5509
[2026-06-25T11:30:20] METRIC latency_ms=16.9248
[2026-06-25T11:30:20] METRIC cpu_util_pct=22.91
[2026-06-25T11:30:20] RUN_END status=OK
[2026-06-25T11:31:49] RUN_START run_id=ABL_TCP_transport_140
[2026-06-25T11:31:49] PARAM variant=TCP_transport
[2026-06-25T11:31:49] PARAM dominant_loss_source=HOL blocking
[2026-06-25T11:31:49] METRIC object_size_bytes=467109.4
[2026-06-25T11:31:49] METRIC throughput_gbps=6.4935
[2026-06-25T11:31:49] METRIC latency_ms=16.7977
[2026-06-25T11:31:49] METRIC cpu_util_pct=21.56
[2026-06-25T11:31:49] RUN_END status=OK
[2026-06-25T11:33:41] RUN_START run_id=ABL_TCP_transport_141
[2026-06-25T11:33:41] PARAM variant=TCP_transport
[2026-06-25T11:33:41] PARAM dominant_loss_source=HOL blocking
[2026-06-25T11:33:41] METRIC object_size_bytes=345313.2
[2026-06-25T11:33:41] METRIC throughput_gbps=6.774
[2026-06-25T11:33:41] METRIC latency_ms=16.0595
[2026-06-25T11:33:41] METRIC cpu_util_pct=22.47
[2026-06-25T11:33:41] RUN_END status=OK
[2026-06-25T11:36:48] RUN_START run_id=ABL_TCP_transport_142
[2026-06-25T11:36:48] PARAM variant=TCP_transport
[2026-06-25T11:36:48] PARAM dominant_loss_source=HOL blocking
[2026-06-25T11:36:48] METRIC object_size_bytes=271460.3
[2026-06-25T11:36:48] METRIC throughput_gbps=6.6837
[2026-06-25T11:36:48] METRIC latency_ms=17.7309
[2026-06-25T11:36:48] METRIC cpu_util_pct=21.68
[2026-06-25T11:36:48] RUN_END status=OK
[2026-06-25T11:37:10] RUN_START run_id=ABL_TCP_transport_143
[2026-06-25T11:37:10] PARAM variant=TCP_transport
[2026-06-25T11:37:10] PARAM dominant_loss_source=HOL blocking
[2026-06-25T11:37:10] METRIC object_size_bytes=74655.2
[2026-06-25T11:37:10] METRIC throughput_gbps=6.2311
[2026-06-25T11:37:10] METRIC latency_ms=16.6159
[2026-06-25T11:37:10] METRIC cpu_util_pct=21.37
[2026-06-25T11:37:10] RUN_END status=OK
[2026-06-25T11:40:07] RUN_START run_id=ABL_TCP_transport_144
[2026-06-25T11:40:07] PARAM variant=TCP_transport
[2026-06-25T11:40:07] PARAM dominant_loss_source=HOL blocking
[2026-06-25T11:40:07] METRIC object_size_bytes=476186.0
[2026-06-25T11:40:07] METRIC throughput_gbps=5.992
[2026-06-25T11:40:07] METRIC latency_ms=17.6014
[2026-06-25T11:40:07] METRIC cpu_util_pct=22.14
[2026-06-25T11:40:07] RUN_END status=OK
[2026-06-25T11:41:44] RUN_START run_id=ABL_TCP_transport_145
[2026-06-25T11:41:44] PARAM variant=TCP_transport
[2026-06-25T11:41:44] PARAM dominant_loss_source=HOL blocking
[2026-06-25T11:41:44] METRIC object_size_bytes=82389.0
[2026-06-25T11:41:44] METRIC throughput_gbps=6.6587
[2026-06-25T11:41:44] METRIC latency_ms=16.4868
[2026-06-25T11:41:44] METRIC cpu_util_pct=22.63
[2026-06-25T11:41:44] RUN_END status=OK
[2026-06-25T11:44:50] RUN_START run_id=ABL_TCP_transport_146
[2026-06-25T11:44:50] PARAM variant=TCP_transport
[2026-06-25T11:44:50] PARAM dominant_loss_source=HOL blocking
[2026-06-25T11:44:50] METRIC object_size_bytes=95570.2
[2026-06-25T11:44:50] METRIC throughput_gbps=5.9971
[2026-06-25T11:44:50] METRIC latency_ms=17.4894
[2026-06-25T11:44:50] METRIC cpu_util_pct=21.39
[2026-06-25T11:44:50] RUN_END status=OK
[2026-06-25T11:46:51] RUN_START run_id=ABL_TCP_transport_147
[2026-06-25T11:46:51] PARAM variant=TCP_transport
[2026-06-25T11:46:51] PARAM dominant_loss_source=HOL blocking
[2026-06-25T11:46:51] METRIC object_size_bytes=449397.2
[2026-06-25T11:46:51] METRIC throughput_gbps=6.6157
[2026-06-25T11:46:51] METRIC latency_ms=16.4284
[2026-06-25T11:46:51] METRIC cpu_util_pct=21.89
[2026-06-25T11:46:51] RUN_END status=OK
[2026-06-25T11:49:28] RUN_START run_id=ABL_TCP_transport_148
[2026-06-25T11:49:28] PARAM variant=TCP_transport
[2026-06-25T11:49:28] PARAM dominant_loss_source=HOL blocking
[2026-06-25T11:49:28] METRIC object_size_bytes=507430.2
[2026-06-25T11:49:28] METRIC throughput_gbps=6.8219
[2026-06-25T11:49:28] METRIC latency_ms=16.748
[2026-06-25T11:49:28] METRIC cpu_util_pct=21.34
[2026-06-25T11:49:28] RUN_END status=OK
[2026-06-25T11:50:24] RUN_START run_id=ABL_TCP_transport_149
[2026-06-25T11:50:24] PARAM variant=TCP_transport
[2026-06-25T11:50:24] PARAM dominant_loss_source=HOL blocking
[2026-06-25T11:50:24] METRIC object_size_bytes=499745.6
[2026-06-25T11:50:24] METRIC throughput_gbps=6.6032
[2026-06-25T11:50:24] METRIC latency_ms=16.5783
[2026-06-25T11:50:24] METRIC cpu_util_pct=21.14
[2026-06-25T11:50:24] RUN_END status=OK
[2026-06-25T11:53:14] RUN_START run_id=ABL_TCP_transport_150
[2026-06-25T11:53:14] PARAM variant=TCP_transport
[2026-06-25T11:53:14] PARAM dominant_loss_source=HOL blocking
[2026-06-25T11:53:14] METRIC object_size_bytes=274899.8
[2026-06-25T11:53:14] METRIC throughput_gbps=6.3846
[2026-06-25T11:53:14] METRIC latency_ms=16.2261
[2026-06-25T11:53:14] METRIC cpu_util_pct=19.72
[2026-06-25T11:53:14] RUN_END status=OK
[2026-06-26T19:50:01] RUN_START run_id=ABL_No_ML_148
[2026-06-26T19:50:01] PARAM variant=No_ML
[2026-06-26T19:50:01] PARAM dominant_loss_source=Fragmentation
[2026-06-26T19:50:01] METRIC object_size_bytes=276746.6
[2026-06-26T19:50:01] METRIC throughput_gbps=6.8155
[2026-06-26T19:50:01] METRIC latency_ms=15.5339
[2026-06-26T19:50:01] METRIC cpu_util_pct=17.81
[2026-06-26T19:50:01] RUN_END status=OK
