[2026-06-04T07:42:24] RUN_START run_id=ABL_No_eBPF_XDP_118
[2026-06-04T07:42:24] PARAM variant=No_eBPF_XDP
[2026-06-04T07:42:24] PARAM dominant_loss_source=Kernel/userspace crossing
[2026-06-04T07:42:24] METRIC object_size_bytes=132057.6
[2026-06-04T07:42:24] METRIC throughput_gbps=5.6772
[2026-06-04T07:42:24] METRIC latency_ms=18.9956
[2026-06-04T07:42:24] METRIC cpu_util_pct=48.53
[2026-06-04T07:42:24] RUN_END status=OK
[2026-06-05T10:00:00] RUN_START run_id=ABL_Static_MTU_001
[2026-06-05T10:00:00] PARAM variant=Static_MTU
[2026-06-05T10:00:00] PARAM dominant_loss_source=Non-adaptive sizing
[2026-06-05T10:00:00] METRIC object_size_bytes=409576.3
[2026-06-05T10:00:00] METRIC throughput_gbps=7.1339
[2026-06-05T10:00:00] METRIC latency_ms=16.1774
[2026-06-05T10:00:00] METRIC cpu_util_pct=21.25
[2026-06-05T10:00:00] RUN_END status=OK
[2026-06-05T10:01:17] RUN_START run_id=ABL_Static_MTU_002
[2026-06-05T10:01:17] PARAM variant=Static_MTU
[2026-06-05T10:01:17] PARAM dominant_loss_source=Non-adaptive sizing
[2026-06-05T10:01:17] METRIC object_size_bytes=492463.4
[2026-06-05T10:01:17] METRIC throughput_gbps=7.0063
[2026-06-05T10:01:17] METRIC latency_ms=15.4493
[2026-06-05T10:01:17] METRIC cpu_util_pct=19.72
[2026-06-05T10:01:17] RUN_END status=OK
[2026-06-05T10:03:46] RUN_START run_id=ABL_Static_MTU_003
[2026-06-05T10:03:46] PARAM variant=Static_MTU
[2026-06-05T10:03:46] PARAM dominant_loss_source=Non-adaptive sizing
[2026-06-05T10:03:46] METRIC object_size_bytes=415549.4
[2026-06-05T10:03:46] METRIC throughput_gbps=6.9151
[2026-06-05T10:03:46] METRIC latency_ms=15.489
[2026-06-05T10:03:46] METRIC cpu_util_pct=20.79
[2026-06-05T10:03:46] RUN_END status=OK
[2026-06-05T10:05:10] RUN_START run_id=ABL_Static_MTU_004
[2026-06-05T10:05:10] PARAM variant=Static_MTU
[2026-06-05T10:05:10] PARAM dominant_loss_source=Non-adaptive sizing
[2026-06-05T10:05:10] METRIC object_size_bytes=490733.5
[2026-06-05T10:05:10] METRIC throughput_gbps=7.245
[2026-06-05T10:05:10] METRIC latency_ms=14.9086
[2026-06-05T10:05:10] METRIC cpu_util_pct=21.06
[2026-06-05T10:05:10] RUN_END status=OK
[2026-06-05T10:06:24] RUN_START run_id=ABL_Static_MTU_005
[2026-06-05T10:06:24] PARAM variant=Static_MTU
[2026-06-05T10:06:24] PARAM dominant_loss_source=Non-adaptive sizing
[2026-06-05T10:06:24] METRIC object_size_bytes=209710.7
[2026-06-05T10:06:24] METRIC throughput_gbps=6.8517
[2026-06-05T10:06:24] METRIC latency_ms=15.3383
[2026-06-05T10:06:24] METRIC cpu_util_pct=20.88
[2026-06-05T10:06:24] RUN_END status=OK
[2026-06-05T10:09:10] RUN_START run_id=ABL_Static_MTU_006
[2026-06-05T10:09:10] PARAM variant=Static_MTU
[2026-06-05T10:09:10] PARAM dominant_loss_source=Non-adaptive sizing
[2026-06-05T10:09:10] METRIC object_size_bytes=310442.8
[2026-06-05T10:09:10] METRIC throughput_gbps=7.158
[2026-06-05T10:09:10] METRIC latency_ms=14.4173
[2026-06-05T10:09:10] METRIC cpu_util_pct=21.08
[2026-06-05T10:09:10] RUN_END status=OK
[2026-06-05T10:11:11] RUN_START run_id=ABL_Static_MTU_007
[2026-06-05T10:11:11] PARAM variant=Static_MTU
[2026-06-05T10:11:11] PARAM dominant_loss_source=Non-adaptive sizing
[2026-06-05T10:11:11] METRIC object_size_bytes=204065.5
[2026-06-05T10:11:11] METRIC throughput_gbps=6.8362
[2026-06-05T10:11:11] METRIC latency_ms=15.3478
[2026-06-05T10:11:11] METRIC cpu_util_pct=21.74
[2026-06-05T10:11:11] RUN_END status=OK
[2026-06-05T10:13:42] RUN_START run_id=ABL_Static_MTU_008
[2026-06-05T10:13:42] PARAM variant=Static_MTU
[2026-06-05T10:13:42] PARAM dominant_loss_source=Non-adaptive sizing
[2026-06-05T10:13:42] METRIC object_size_bytes=506647.9
[2026-06-05T10:13:42] METRIC throughput_gbps=7.1764
[2026-06-05T10:13:42] METRIC latency_ms=15.3219
[2026-06-05T10:13:42] METRIC cpu_util_pct=19.57
[2026-06-05T10:13:42] RUN_END status=OK
[2026-06-05T10:14:16] RUN_START run_id=ABL_Static_MTU_009
[2026-06-05T10:14:16] PARAM variant=Static_MTU
[2026-06-05T10:14:16] PARAM dominant_loss_source=Non-adaptive sizing
[2026-06-05T10:14:16] METRIC object_size_bytes=296060.2
[2026-06-05T10:14:16] METRIC throughput_gbps=6.8569
[2026-06-05T10:14:16] METRIC latency_ms=15.62
[2026-06-05T10:14:16] METRIC cpu_util_pct=23.4
[2026-06-05T10:14:16] RUN_END status=OK
[2026-06-05T10:15:21] RUN_START run_id=ABL_Static_MTU_010
[2026-06-05T10:15:21] PARAM variant=Static_MTU
[2026-06-05T10:15:21] PARAM dominant_loss_source=Non-adaptive sizing
[2026-06-05T10:15:21] METRIC object_size_bytes=314459.0
[2026-06-05T10:15:21] METRIC throughput_gbps=6.9372
[2026-06-05T10:15:21] METRIC latency_ms=15.4634
[2026-06-05T10:15:21] METRIC cpu_util_pct=20.2
[2026-06-05T10:15:21] RUN_END status=OK
[2026-06-05T10:18:28] RUN_START run_id=ABL_Static_MTU_011
[2026-06-05T10:18:28] PARAM variant=Static_MTU
[2026-06-05T10:18:28] PARAM dominant_loss_source=Non-adaptive sizing
[2026-06-05T10:18:28] METRIC object_size_bytes=229637.1
[2026-06-05T10:18:28] METRIC throughput_gbps=6.6257
[2026-06-05T10:18:28] METRIC latency_ms=15.7419
[2026-06-05T10:18:28] METRIC cpu_util_pct=20.01
[2026-06-05T10:18:28] RUN_END status=OK
[2026-06-05T10:20:13] RUN_START run_id=ABL_Static_MTU_012
[2026-06-05T10:20:13] PARAM variant=Static_MTU
[2026-06-05T10:20:13] PARAM dominant_loss_source=Non-adaptive sizing
[2026-06-05T10:20:13] METRIC object_size_bytes=183707.3
[2026-06-05T10:20:13] METRIC throughput_gbps=7.1401
[2026-06-05T10:20:13] METRIC latency_ms=16.2841
[2026-06-05T10:20:13] METRIC cpu_util_pct=20.28
[2026-06-05T10:20:13] RUN_END status=OK
[2026-06-05T10:22:08] RUN_START run_id=ABL_Static_MTU_013
[2026-06-05T10:22:08] PARAM variant=Static_MTU
[2026-06-05T10:22:08] PARAM dominant_loss_source=Non-adaptive sizing
[2026-06-05T10:22:08] METRIC object_size_bytes=409334.4
[2026-06-05T10:22:08] METRIC throughput_gbps=6.8638
[2026-06-05T10:22:08] METRIC latency_ms=16.4531
[2026-06-05T10:22:08] METRIC cpu_util_pct=20.44
[2026-06-05T10:22:08] RUN_END status=OK
