[2026-06-19T07:01:51] RUN_START run_id=ABL_No_ML_002
[2026-06-19T07:01:51] PARAM variant=No_ML
[2026-06-19T07:01:51] PARAM dominant_loss_source=Fragmentation
[2026-06-19T07:01:51] METRIC object_size_bytes=480583.4
[2026-06-19T07:01:51] METRIC throughput_gbps=7.1199
[2026-06-19T07:01:51] METRIC latency_ms=15.7571
[2026-06-19T07:01:51] METRIC cpu_util_pct=20.33
[2026-06-19T07:01:51] RUN_END status=OK
[2026-06-19T07:04:21] RUN_START run_id=ABL_No_ML_003
[2026-06-19T07:04:21] PARAM variant=No_ML
[2026-06-19T07:04:21] PARAM dominant_loss_source=Fragmentation
[2026-06-19T07:04:21] METRIC object_size_bytes=232168.1
[2026-06-19T07:04:21] METRIC throughput_gbps=6.8875
[2026-06-19T07:04:21] METRIC latency_ms=17.1787
[2026-06-19T07:04:21] METRIC cpu_util_pct=22.07
[2026-06-19T07:04:21] RUN_END status=OK
[2026-06-19T07:06:39] RUN_START run_id=ABL_No_ML_004
[2026-06-19T07:06:39] PARAM variant=No_ML
[2026-06-19T07:06:39] PARAM dominant_loss_source=Fragmentation
[2026-06-19T07:06:39] METRIC object_size_bytes=477123.9
[2026-06-19T07:06:39] METRIC throughput_gbps=6.933
[2026-06-19T07:06:39] METRIC latency_ms=14.6705
[2026-06-19T07:06:39] METRIC cpu_util_pct=20.7
[2026-06-19T07:06:39] RUN_END status=OK
[2026-06-19T07:11:29] RUN_START run_id=ABL_No_ML_005
[2026-06-19T07:11:29] PARAM variant=No_ML
[2026-06-19T07:11:29] PARAM dominant_loss_source=Fragmentation
[2026-06-19T07:11:29] METRIC object_size_bytes=427862.7
[2026-06-19T07:11:29] METRIC throughput_gbps=7.2496
[2026-06-19T07:11:29] METRIC latency_ms=16.6926
[2026-06-19T07:11:29] METRIC cpu_util_pct=22.82
[2026-06-19T07:11:29] RUN_END status=OK
[2026-06-19T07:13:20] RUN_START run_id=ABL_No_ML_006
[2026-06-19T07:13:20] PARAM variant=No_ML
[2026-06-19T07:13:20] PARAM dominant_loss_source=Fragmentation
[2026-06-19T07:13:20] METRIC object_size_bytes=254042.5
[2026-06-19T07:13:20] METRIC throughput_gbps=6.9142
[2026-06-19T07:13:20] METRIC latency_ms=15.0438
[2026-06-19T07:13:20] METRIC cpu_util_pct=22.37
[2026-06-19T07:13:20] RUN_END status=OK
[2026-06-19T07:17:06] RUN_START run_id=ABL_No_ML_007
[2026-06-19T07:17:06] PARAM variant=No_ML
[2026-06-19T07:17:06] PARAM dominant_loss_source=Fragmentation
[2026-06-19T07:17:06] METRIC object_size_bytes=353006.7
[2026-06-19T07:17:06] METRIC throughput_gbps=7.1155
[2026-06-19T07:17:06] METRIC latency_ms=15.8784
[2026-06-19T07:17:06] METRIC cpu_util_pct=21.78
[2026-06-19T07:17:06] RUN_END status=OK
[2026-06-19T07:18:47] RUN_START run_id=ABL_No_ML_008
[2026-06-19T07:18:47] PARAM variant=No_ML
[2026-06-19T07:18:47] PARAM dominant_loss_source=Fragmentation
[2026-06-19T07:18:47] METRIC object_size_bytes=494678.1
[2026-06-19T07:18:47] METRIC throughput_gbps=6.5817
[2026-06-19T07:18:47] METRIC latency_ms=16.9944
[2026-06-19T07:18:47] METRIC cpu_util_pct=22.4
[2026-06-19T07:18:47] RUN_END status=OK
[2026-06-19T07:20:07] RUN_START run_id=ABL_No_ML_009
[2026-06-19T07:20:07] PARAM variant=No_ML
[2026-06-19T07:20:07] PARAM dominant_loss_source=Fragmentation
[2026-06-19T07:20:07] METRIC object_size_bytes=239722.4
[2026-06-19T07:20:07] METRIC throughput_gbps=7.2193
[2026-06-19T07:20:07] METRIC latency_ms=15.8265
[2026-06-19T07:20:07] METRIC cpu_util_pct=21.11
[2026-06-19T07:20:07] RUN_END status=OK
[2026-06-19T07:23:22] RUN_START run_id=ABL_No_ML_010
[2026-06-19T07:23:22] PARAM variant=No_ML
[2026-06-19T07:23:22] PARAM dominant_loss_source=Fragmentation
[2026-06-19T07:23:22] METRIC object_size_bytes=490386.6
[2026-06-19T07:23:22] METRIC throughput_gbps=6.6054
[2026-06-19T07:23:22] METRIC latency_ms=16.0981
[2026-06-19T07:23:22] METRIC cpu_util_pct=23.41
[2026-06-19T07:23:22] RUN_END status=OK
[2026-06-19T07:26:14] RUN_START run_id=ABL_No_ML_011
[2026-06-19T07:26:14] PARAM variant=No_ML
[2026-06-19T07:26:14] PARAM dominant_loss_source=Fragmentation
[2026-06-19T07:26:14] METRIC object_size_bytes=203649.6
[2026-06-19T07:26:14] METRIC throughput_gbps=6.6022
[2026-06-19T07:26:14] METRIC latency_ms=15.3537
[2026-06-19T07:26:14] METRIC cpu_util_pct=20.82
[2026-06-19T07:26:14] RUN_END status=OK
[2026-06-19T07:29:41] RUN_START run_id=ABL_No_ML_012
[2026-06-19T07:29:41] PARAM variant=No_ML
[2026-06-19T07:29:41] PARAM dominant_loss_source=Fragmentation
[2026-06-19T07:29:41] METRIC object_size_bytes=141535.2
[2026-06-19T07:29:41] METRIC throughput_gbps=7.0651
[2026-06-19T07:29:41] METRIC latency_ms=14.8441
[2026-06-19T07:29:41] METRIC cpu_util_pct=22.11
[2026-06-19T07:29:41] RUN_END status=OK
[2026-06-19T07:33:55] RUN_START run_id=ABL_No_ML_013
[2026-06-19T07:33:55] PARAM variant=No_ML
[2026-06-19T07:33:55] PARAM dominant_loss_source=Fragmentation
[2026-06-19T07:33:55] METRIC object_size_bytes=110354.1
[2026-06-19T07:33:55] METRIC throughput_gbps=6.8666
[2026-06-19T07:33:55] METRIC latency_ms=17.3387
[2026-06-19T07:33:55] METRIC cpu_util_pct=21.48
[2026-06-19T07:33:55] RUN_END status=OK
[2026-06-19T07:35:36] RUN_START run_id=ABL_TCP_transport_024
[2026-06-19T07:35:36] PARAM variant=TCP_transport
[2026-06-19T07:35:36] PARAM dominant_loss_source=HOL blocking
[2026-06-19T07:35:36] METRIC object_size_bytes=198153.8
[2026-06-19T07:35:36] METRIC throughput_gbps=6.4588
[2026-06-19T07:35:36] METRIC latency_ms=17.8908
[2026-06-19T07:35:36] METRIC cpu_util_pct=21.54
[2026-06-19T07:35:36] RUN_END status=OK
[2026-06-19T07:37:12] RUN_START run_id=ABL_TCP_transport_025
[2026-06-19T07:37:12] PARAM variant=TCP_transport
[2026-06-19T07:37:12] PARAM dominant_loss_source=HOL blocking
[2026-06-19T07:37:12] METRIC object_size_bytes=118229.0
[2026-06-19T07:37:12] METRIC throughput_gbps=6.4189
[2026-06-19T07:37:12] METRIC latency_ms=17.012
[2026-06-19T07:37:12] METRIC cpu_util_pct=21.64
[2026-06-19T07:37:12] RUN_END status=OK
[2026-06-19T07:38:07] RUN_START run_id=ABL_TCP_transport_026
[2026-06-19T07:38:07] PARAM variant=TCP_transport
[2026-06-19T07:38:07] PARAM dominant_loss_source=HOL blocking
[2026-06-19T07:38:07] METRIC object_size_bytes=331749.6
[2026-06-19T07:38:07] METRIC throughput_gbps=6.378
[2026-06-19T07:38:07] METRIC latency_ms=17.2436
[2026-06-19T07:38:07] METRIC cpu_util_pct=23.33
[2026-06-19T07:38:07] RUN_END status=OK
[2026-06-19T07:41:07] RUN_START run_id=ABL_TCP_transport_027
[2026-06-19T07:41:07] PARAM variant=TCP_transport
[2026-06-19T07:41:07] PARAM dominant_loss_source=HOL blocking
[2026-06-19T07:41:07] METRIC object_size_bytes=415771.4
[2026-06-19T07:41:07] METRIC throughput_gbps=6.9369
[2026-06-19T07:41:07] METRIC latency_ms=16.4433
[2026-06-19T07:41:07] METRIC cpu_util_pct=25.05
[2026-06-19T07:41:07] RUN_END status=OK
[2026-06-19T07:43:21] RUN_START run_id=ABL_TCP_transport_028
[2026-06-19T07:43:21] PARAM variant=TCP_transport
[2026-06-19T07:43:21] PARAM dominant_loss_source=HOL blocking
[2026-06-19T07:43:21] METRIC object_size_bytes=464547.2
[2026-06-19T07:43:21] METRIC throughput_gbps=6.5364
[2026-06-19T07:43:21] METRIC latency_ms=18.5368
[2026-06-19T07:43:21] METRIC cpu_util_pct=23.3
[2026-06-19T07:43:21] RUN_END status=OK
[2026-06-19T07:45:59] RUN_START run_id=ABL_TCP_transport_029
[2026-06-19T07:45:59] PARAM variant=TCP_transport
[2026-06-19T07:45:59] PARAM dominant_loss_source=HOL blocking
[2026-06-19T07:45:59] METRIC object_size_bytes=151315.8
[2026-06-19T07:45:59] METRIC throughput_gbps=6.626
[2026-06-19T07:45:59] METRIC latency_ms=16.6608
[2026-06-19T07:45:59] METRIC cpu_util_pct=23.72
[2026-06-19T07:45:59] RUN_END status=OK
[2026-06-19T07:48:07] RUN_START run_id=ABL_TCP_transport_030
[2026-06-19T07:48:07] PARAM variant=TCP_transport
[2026-06-19T07:48:07] PARAM dominant_loss_source=HOL blocking
[2026-06-19T07:48:07] METRIC object_size_bytes=298757.2
[2026-06-19T07:48:07] METRIC throughput_gbps=6.2183
[2026-06-19T07:48:07] METRIC latency_ms=16.2623
[2026-06-19T07:48:07] METRIC cpu_util_pct=20.01
[2026-06-19T07:48:07] RUN_END status=OK
