[2026-06-03T03:20:56] RUN_START run_id=ABL_No_eBPF_XDP_083
[2026-06-03T03:20:56] PARAM variant=No_eBPF_XDP
[2026-06-03T03:20:56] PARAM dominant_loss_source=Kernel/userspace crossing
[2026-06-03T03:20:56] METRIC object_size_bytes=166144.9
[2026-06-03T03:20:56] METRIC throughput_gbps=6.0169
[2026-06-03T03:20:56] METRIC latency_ms=18.9203
[2026-06-03T03:20:56] METRIC cpu_util_pct=47.09
[2026-06-03T03:20:56] RUN_END status=OK
[2026-06-03T03:24:10] RUN_START run_id=ABL_No_eBPF_XDP_084
[2026-06-03T03:24:10] PARAM variant=No_eBPF_XDP
[2026-06-03T03:24:10] PARAM dominant_loss_source=Kernel/userspace crossing
[2026-06-03T03:24:10] METRIC object_size_bytes=359292.9
[2026-06-03T03:24:10] METRIC throughput_gbps=5.9848
[2026-06-03T03:24:10] METRIC latency_ms=17.5855
[2026-06-03T03:24:10] METRIC cpu_util_pct=48.83
[2026-06-03T03:24:10] RUN_END status=OK
[2026-06-03T03:26:38] RUN_START run_id=ABL_No_eBPF_XDP_085
[2026-06-03T03:26:38] PARAM variant=No_eBPF_XDP
[2026-06-03T03:26:38] PARAM dominant_loss_source=Kernel/userspace crossing
[2026-06-03T03:26:38] METRIC object_size_bytes=344291.7
[2026-06-03T03:26:38] METRIC throughput_gbps=6.1069
[2026-06-03T03:26:38] METRIC latency_ms=20.5171
[2026-06-03T03:26:38] METRIC cpu_util_pct=46.51
[2026-06-03T03:26:38] RUN_END status=OK
[2026-06-03T03:28:41] RUN_START run_id=ABL_No_eBPF_XDP_086
[2026-06-03T03:28:41] PARAM variant=No_eBPF_XDP
[2026-06-03T03:28:41] PARAM dominant_loss_source=Kernel/userspace crossing
[2026-06-03T03:28:41] METRIC object_size_bytes=415497.6
[2026-06-03T03:28:41] METRIC throughput_gbps=6.1455
[2026-06-03T03:28:41] METRIC latency_ms=17.3794
[2026-06-03T03:28:41] METRIC cpu_util_pct=49.43
[2026-06-03T03:28:41] RUN_END status=OK
[2026-06-03T03:32:13] RUN_START run_id=ABL_No_eBPF_XDP_087
[2026-06-03T03:32:13] PARAM variant=No_eBPF_XDP
[2026-06-03T03:32:13] PARAM dominant_loss_source=Kernel/userspace crossing
[2026-06-03T03:32:13] METRIC object_size_bytes=142724.4
[2026-06-03T03:32:13] METRIC throughput_gbps=5.7765
[2026-06-03T03:32:13] METRIC latency_ms=18.705
[2026-06-03T03:32:13] METRIC cpu_util_pct=47.81
[2026-06-03T03:32:13] RUN_END status=OK
[2026-06-03T03:36:37] RUN_START run_id=ABL_No_eBPF_XDP_088
[2026-06-03T03:36:37] PARAM variant=No_eBPF_XDP
[2026-06-03T03:36:37] PARAM dominant_loss_source=Kernel/userspace crossing
[2026-06-03T03:36:37] METRIC object_size_bytes=93118.0
[2026-06-03T03:36:37] METRIC throughput_gbps=5.9222
[2026-06-03T03:36:37] METRIC latency_ms=19.1635
[2026-06-03T03:36:37] METRIC cpu_util_pct=47.76
[2026-06-03T03:36:37] RUN_END status=OK
[2026-06-03T03:37:46] RUN_START run_id=ABL_No_eBPF_XDP_089
[2026-06-03T03:37:46] PARAM variant=No_eBPF_XDP
[2026-06-03T03:37:46] PARAM dominant_loss_source=Kernel/userspace crossing
[2026-06-03T03:37:46] METRIC object_size_bytes=413976.6
[2026-06-03T03:37:46] METRIC throughput_gbps=5.5222
[2026-06-03T03:37:46] METRIC latency_ms=18.7031
[2026-06-03T03:37:46] METRIC cpu_util_pct=46.78
[2026-06-03T03:37:46] RUN_END status=OK
[2026-06-03T08:15:53] RUN_START run_id=ABL_No_eBPF_XDP_090
[2026-06-03T08:15:53] PARAM variant=No_eBPF_XDP
[2026-06-03T08:15:53] PARAM dominant_loss_source=Kernel/userspace crossing
[2026-06-03T08:15:53] METRIC object_size_bytes=153300.4
[2026-06-03T08:15:53] METRIC throughput_gbps=6.4503
[2026-06-03T08:15:53] METRIC latency_ms=18.2549
[2026-06-03T08:15:53] METRIC cpu_util_pct=43.17
[2026-06-03T08:15:53] RUN_END status=OK
[2026-06-03T08:18:42] RUN_START run_id=ABL_No_eBPF_XDP_091
[2026-06-03T08:18:42] PARAM variant=No_eBPF_XDP
[2026-06-03T08:18:42] PARAM dominant_loss_source=Kernel/userspace crossing
[2026-06-03T08:18:42] METRIC object_size_bytes=267000.5
[2026-06-03T08:18:42] METRIC throughput_gbps=5.6126
[2026-06-03T08:18:42] METRIC latency_ms=19.3418
[2026-06-03T08:18:42] METRIC cpu_util_pct=47.74
[2026-06-03T08:18:42] RUN_END status=OK
[2026-06-03T08:19:43] RUN_START run_id=ABL_No_eBPF_XDP_092
[2026-06-03T08:19:43] PARAM variant=No_eBPF_XDP
[2026-06-03T08:19:43] PARAM dominant_loss_source=Kernel/userspace crossing
[2026-06-03T08:19:43] METRIC object_size_bytes=424504.8
[2026-06-03T08:19:43] METRIC throughput_gbps=6.2502
[2026-06-03T08:19:43] METRIC latency_ms=18.9102
[2026-06-03T08:19:43] METRIC cpu_util_pct=45.44
[2026-06-03T08:19:43] RUN_END status=OK
[2026-06-03T08:22:06] RUN_START run_id=ABL_No_eBPF_XDP_093
[2026-06-03T08:22:06] PARAM variant=No_eBPF_XDP
[2026-06-03T08:22:06] PARAM dominant_loss_source=Kernel/userspace crossing
[2026-06-03T08:22:06] METRIC object_size_bytes=410706.8
[2026-06-03T08:22:06] METRIC throughput_gbps=5.9825
[2026-06-03T08:22:06] METRIC latency_ms=16.5741
[2026-06-03T08:22:06] METRIC cpu_util_pct=50.73
[2026-06-03T08:22:06] RUN_END status=OK
[2026-06-03T08:22:27] RUN_START run_id=ABL_No_eBPF_XDP_094
[2026-06-03T08:22:27] PARAM variant=No_eBPF_XDP
[2026-06-03T08:22:27] PARAM dominant_loss_source=Kernel/userspace crossing
[2026-06-03T08:22:27] METRIC object_size_bytes=418944.0
[2026-06-03T08:22:27] METRIC throughput_gbps=5.7241
[2026-06-03T08:22:27] METRIC latency_ms=20.4645
[2026-06-03T08:22:27] METRIC cpu_util_pct=45.63
[2026-06-03T08:22:27] RUN_END status=OK
[2026-06-03T08:23:42] RUN_START run_id=ABL_No_eBPF_XDP_095
[2026-06-03T08:23:42] PARAM variant=No_eBPF_XDP
[2026-06-03T08:23:42] PARAM dominant_loss_source=Kernel/userspace crossing
[2026-06-03T08:23:42] METRIC object_size_bytes=364328.0
[2026-06-03T08:23:42] METRIC throughput_gbps=5.9727
[2026-06-03T08:23:42] METRIC latency_ms=17.8259
[2026-06-03T08:23:42] METRIC cpu_util_pct=47.24
[2026-06-03T08:23:42] RUN_END status=OK
[2026-06-03T08:26:32] RUN_START run_id=ABL_No_eBPF_XDP_096
[2026-06-03T08:26:32] PARAM variant=No_eBPF_XDP
[2026-06-03T08:26:32] PARAM dominant_loss_source=Kernel/userspace crossing
[2026-06-03T08:26:32] METRIC object_size_bytes=374626.5
[2026-06-03T08:26:32] METRIC throughput_gbps=6.0845
[2026-06-03T08:26:32] METRIC latency_ms=18.1668
[2026-06-03T08:26:32] METRIC cpu_util_pct=48.46
[2026-06-03T08:26:32] RUN_END status=OK
[2026-06-03T08:27:01] RUN_START run_id=ABL_No_eBPF_XDP_097
[2026-06-03T08:27:01] PARAM variant=No_eBPF_XDP
[2026-06-03T08:27:01] PARAM dominant_loss_source=Kernel/userspace crossing
[2026-06-03T08:27:01] METRIC object_size_bytes=189250.9
[2026-06-03T08:27:01] METRIC throughput_gbps=5.7325
[2026-06-03T08:27:01] METRIC latency_ms=19.5482
[2026-06-03T08:27:01] METRIC cpu_util_pct=45.38
[2026-06-03T08:27:01] RUN_END status=OK
[2026-06-03T08:30:06] RUN_START run_id=ABL_No_eBPF_XDP_098
[2026-06-03T08:30:06] PARAM variant=No_eBPF_XDP
[2026-06-03T08:30:06] PARAM dominant_loss_source=Kernel/userspace crossing
[2026-06-03T08:30:06] METRIC object_size_bytes=102823.9
[2026-06-03T08:30:06] METRIC throughput_gbps=5.9338
[2026-06-03T08:30:06] METRIC latency_ms=20.2457
[2026-06-03T08:30:06] METRIC cpu_util_pct=54.16
[2026-06-03T08:30:06] RUN_END status=OK
[2026-06-03T08:32:11] RUN_START run_id=ABL_No_eBPF_XDP_099
[2026-06-03T08:32:11] PARAM variant=No_eBPF_XDP
[2026-06-03T08:32:11] PARAM dominant_loss_source=Kernel/userspace crossing
[2026-06-03T08:32:11] METRIC object_size_bytes=338545.7
[2026-06-03T08:32:11] METRIC throughput_gbps=5.8397
[2026-06-03T08:32:11] METRIC latency_ms=18.5866
[2026-06-03T08:32:11] METRIC cpu_util_pct=46.42
[2026-06-03T08:32:11] RUN_END status=OK
[2026-06-03T08:33:47] RUN_START run_id=ABL_No_eBPF_XDP_100
[2026-06-03T08:33:47] PARAM variant=No_eBPF_XDP
[2026-06-03T08:33:47] PARAM dominant_loss_source=Kernel/userspace crossing
[2026-06-03T08:33:47] METRIC object_size_bytes=465601.8
[2026-06-03T08:33:47] METRIC throughput_gbps=5.9285
[2026-06-03T08:33:47] METRIC latency_ms=17.0544
[2026-06-03T08:33:47] METRIC cpu_util_pct=48.78
[2026-06-03T08:33:47] RUN_END status=OK
[2026-06-03T08:34:22] RUN_START run_id=ABL_No_eBPF_XDP_101
[2026-06-03T08:34:22] PARAM variant=No_eBPF_XDP
[2026-06-03T08:34:22] PARAM dominant_loss_source=Kernel/userspace crossing
[2026-06-03T08:34:22] METRIC object_size_bytes=473567.7
[2026-06-03T08:34:22] METRIC throughput_gbps=5.7761
[2026-06-03T08:34:22] METRIC latency_ms=19.6874
[2026-06-03T08:34:22] METRIC cpu_util_pct=46.63
[2026-06-03T08:34:22] RUN_END status=OK
