[2026-06-12T21:55:17] RUN_START run_id=ABL_Full_uDCN_026
[2026-06-12T21:55:17] PARAM variant=Full_uDCN
[2026-06-12T21:55:17] PARAM dominant_loss_source=-
[2026-06-12T21:55:17] METRIC object_size_bytes=248701.9
[2026-06-12T21:55:17] METRIC throughput_gbps=7.8834
[2026-06-12T21:55:17] METRIC latency_ms=11.3899
[2026-06-12T21:55:17] METRIC cpu_util_pct=15.43
[2026-06-12T21:55:17] RUN_END status=OK
[2026-06-12T21:56:00] RUN_START run_id=ABL_Full_uDCN_027
[2026-06-12T21:56:00] PARAM variant=Full_uDCN
[2026-06-12T21:56:00] PARAM dominant_loss_source=-
[2026-06-12T21:56:00] METRIC object_size_bytes=190889.8
[2026-06-12T21:56:00] METRIC throughput_gbps=7.9096
[2026-06-12T21:56:00] METRIC latency_ms=13.3707
[2026-06-12T21:56:00] METRIC cpu_util_pct=17.26
[2026-06-12T21:56:00] RUN_END status=OK
[2026-06-12T21:58:02] RUN_START run_id=ABL_Full_uDCN_028
[2026-06-12T21:58:02] PARAM variant=Full_uDCN
[2026-06-12T21:58:02] PARAM dominant_loss_source=-
[2026-06-12T21:58:02] METRIC object_size_bytes=276395.0
[2026-06-12T21:58:02] METRIC throughput_gbps=7.8305
[2026-06-12T21:58:02] METRIC latency_ms=12.052
[2026-06-12T21:58:02] METRIC cpu_util_pct=16.46
[2026-06-12T21:58:02] RUN_END status=OK
[2026-06-12T22:03:12] RUN_START run_id=ABL_Full_uDCN_029
[2026-06-12T22:03:12] PARAM variant=Full_uDCN
[2026-06-12T22:03:12] PARAM dominant_loss_source=-
[2026-06-12T22:03:12] METRIC object_size_bytes=102588.9
[2026-06-12T22:03:12] METRIC throughput_gbps=7.8948
[2026-06-12T22:03:12] METRIC latency_ms=11.0663
[2026-06-12T22:03:12] METRIC cpu_util_pct=16.53
[2026-06-12T22:03:12] RUN_END status=OK
[2026-06-12T22:05:15] RUN_START run_id=ABL_Full_uDCN_030
[2026-06-12T22:05:15] PARAM variant=Full_uDCN
[2026-06-12T22:05:15] PARAM dominant_loss_source=-
[2026-06-12T22:05:15] METRIC object_size_bytes=234351.5
[2026-06-12T22:05:15] METRIC throughput_gbps=7.4415
[2026-06-12T22:05:15] METRIC latency_ms=11.4606
[2026-06-12T22:05:15] METRIC cpu_util_pct=16.38
[2026-06-12T22:05:15] RUN_END status=OK
[2026-06-12T22:08:30] RUN_START run_id=ABL_Full_uDCN_031
[2026-06-12T22:08:30] PARAM variant=Full_uDCN
[2026-06-12T22:08:30] PARAM dominant_loss_source=-
[2026-06-12T22:08:30] METRIC object_size_bytes=413893.8
[2026-06-12T22:08:30] METRIC throughput_gbps=7.8788
[2026-06-12T22:08:30] METRIC latency_ms=11.6139
[2026-06-12T22:08:30] METRIC cpu_util_pct=16.44
[2026-06-12T22:08:30] RUN_END status=OK
[2026-06-12T22:12:12] RUN_START run_id=ABL_Full_uDCN_032
[2026-06-12T22:12:12] PARAM variant=Full_uDCN
[2026-06-12T22:12:12] PARAM dominant_loss_source=-
[2026-06-12T22:12:12] METRIC object_size_bytes=335084.2
[2026-06-12T22:12:12] METRIC throughput_gbps=8.4379
[2026-06-12T22:12:12] METRIC latency_ms=12.5705
[2026-06-12T22:12:12] METRIC cpu_util_pct=17.69
[2026-06-12T22:12:12] RUN_END status=OK
[2026-06-12T22:13:47] RUN_START run_id=ABL_Full_uDCN_033
[2026-06-12T22:13:47] PARAM variant=Full_uDCN
[2026-06-12T22:13:47] PARAM dominant_loss_source=-
[2026-06-12T22:13:47] METRIC object_size_bytes=422665.5
[2026-06-12T22:13:47] METRIC throughput_gbps=7.9277
[2026-06-12T22:13:47] METRIC latency_ms=12.1847
[2026-06-12T22:13:47] METRIC cpu_util_pct=16.04
[2026-06-12T22:13:47] RUN_END status=OK
[2026-06-12T22:16:37] RUN_START run_id=ABL_Full_uDCN_034
[2026-06-12T22:16:37] PARAM variant=Full_uDCN
[2026-06-12T22:16:37] PARAM dominant_loss_source=-
[2026-06-12T22:16:37] METRIC object_size_bytes=241082.2
[2026-06-12T22:16:37] METRIC throughput_gbps=8.1813
[2026-06-12T22:16:37] METRIC latency_ms=13.011
[2026-06-12T22:16:37] METRIC cpu_util_pct=16.6
[2026-06-12T22:16:37] RUN_END status=OK
[2026-06-12T22:18:03] RUN_START run_id=ABL_Full_uDCN_035
[2026-06-12T22:18:03] PARAM variant=Full_uDCN
[2026-06-12T22:18:03] PARAM dominant_loss_source=-
[2026-06-12T22:18:03] METRIC object_size_bytes=498082.4
[2026-06-12T22:18:03] METRIC throughput_gbps=8.3095
[2026-06-12T22:18:03] METRIC latency_ms=13.3111
[2026-06-12T22:18:03] METRIC cpu_util_pct=17.49
[2026-06-12T22:18:03] RUN_END status=OK
[2026-06-12T22:20:08] RUN_START run_id=ABL_Full_uDCN_036
[2026-06-12T22:20:08] PARAM variant=Full_uDCN
[2026-06-12T22:20:08] PARAM dominant_loss_source=-
[2026-06-12T22:20:08] METRIC object_size_bytes=342406.3
[2026-06-12T22:20:08] METRIC throughput_gbps=8.1191
[2026-06-12T22:20:08] METRIC latency_ms=12.4896
[2026-06-12T22:20:08] METRIC cpu_util_pct=17.19
[2026-06-12T22:20:08] RUN_END status=OK
[2026-06-12T22:22:46] RUN_START run_id=ABL_Full_uDCN_037
[2026-06-12T22:22:46] PARAM variant=Full_uDCN
[2026-06-12T22:22:46] PARAM dominant_loss_source=-
[2026-06-12T22:22:46] METRIC object_size_bytes=430539.7
[2026-06-12T22:22:46] METRIC throughput_gbps=7.9367
[2026-06-12T22:22:46] METRIC latency_ms=12.4497
[2026-06-12T22:22:46] METRIC cpu_util_pct=18.6
[2026-06-12T22:22:46] RUN_END status=OK
[2026-06-12T22:24:49] RUN_START run_id=ABL_Full_uDCN_038
[2026-06-12T22:24:49] PARAM variant=Full_uDCN
[2026-06-12T22:24:49] PARAM dominant_loss_source=-
[2026-06-12T22:24:49] METRIC object_size_bytes=109339.1
[2026-06-12T22:24:49] METRIC throughput_gbps=7.9206
[2026-06-12T22:24:49] METRIC latency_ms=12.8858
[2026-06-12T22:24:49] METRIC cpu_util_pct=17.49
[2026-06-12T22:24:49] RUN_END status=OK
[2026-06-12T22:28:41] RUN_START run_id=ABL_Full_uDCN_039
[2026-06-12T22:28:41] PARAM variant=Full_uDCN
[2026-06-12T22:28:41] PARAM dominant_loss_source=-
[2026-06-12T22:28:41] METRIC object_size_bytes=191950.5
[2026-06-12T22:28:41] METRIC throughput_gbps=7.9191
[2026-06-12T22:28:41] METRIC latency_ms=11.8786
[2026-06-12T22:28:41] METRIC cpu_util_pct=19.23
[2026-06-12T22:28:41] RUN_END status=OK
[2026-06-12T22:32:09] RUN_START run_id=ABL_Full_uDCN_040
[2026-06-12T22:32:09] PARAM variant=Full_uDCN
[2026-06-12T22:32:09] PARAM dominant_loss_source=-
[2026-06-12T22:32:09] METRIC object_size_bytes=87255.6
[2026-06-12T22:32:09] METRIC throughput_gbps=8.166
[2026-06-12T22:32:09] METRIC latency_ms=11.9613
[2026-06-12T22:32:09] METRIC cpu_util_pct=18.17
[2026-06-12T22:32:09] RUN_END status=OK
