[2026-06-03T02:54:04] RUN_START run_id=ABL_No_eBPF_XDP_072
[2026-06-03T02:54:04] PARAM variant=No_eBPF_XDP
[2026-06-03T02:54:04] PARAM dominant_loss_source=Kernel/userspace crossing
[2026-06-03T02:54:04] METRIC object_size_bytes=231724.0
[2026-06-03T02:54:04] METRIC throughput_gbps=6.0452
[2026-06-03T02:54:04] METRIC latency_ms=19.559
[2026-06-03T02:54:04] METRIC cpu_util_pct=44.39
[2026-06-03T02:54:04] RUN_END status=OK
[2026-06-03T02:56:57] RUN_START run_id=ABL_No_eBPF_XDP_073
[2026-06-03T02:56:57] PARAM variant=No_eBPF_XDP
[2026-06-03T02:56:57] PARAM dominant_loss_source=Kernel/userspace crossing
[2026-06-03T02:56:57] METRIC object_size_bytes=86841.2
[2026-06-03T02:56:57] METRIC throughput_gbps=5.8773
[2026-06-03T02:56:57] METRIC latency_ms=18.1311
[2026-06-03T02:56:57] METRIC cpu_util_pct=44.37
[2026-06-03T02:56:57] RUN_END status=OK
[2026-06-03T03:00:30] RUN_START run_id=ABL_No_eBPF_XDP_074
[2026-06-03T03:00:30] PARAM variant=No_eBPF_XDP
[2026-06-03T03:00:30] PARAM dominant_loss_source=Kernel/userspace crossing
[2026-06-03T03:00:30] METRIC object_size_bytes=69908.3
[2026-06-03T03:00:30] METRIC throughput_gbps=5.7458
[2026-06-03T03:00:30] METRIC latency_ms=17.8366
[2026-06-03T03:00:30] METRIC cpu_util_pct=46.37
[2026-06-03T03:00:30] RUN_END status=OK
[2026-06-03T03:02:51] RUN_START run_id=ABL_No_eBPF_XDP_075
[2026-06-03T03:02:51] PARAM variant=No_eBPF_XDP
[2026-06-03T03:02:51] PARAM dominant_loss_source=Kernel/userspace crossing
[2026-06-03T03:02:51] METRIC object_size_bytes=226995.3
[2026-06-03T03:02:51] METRIC throughput_gbps=5.9215
[2026-06-03T03:02:51] METRIC latency_ms=19.0711
[2026-06-03T03:02:51] METRIC cpu_util_pct=44.09
[2026-06-03T03:02:51] RUN_END status=OK
[2026-06-03T03:04:33] RUN_START run_id=ABL_No_eBPF_XDP_076
[2026-06-03T03:04:33] PARAM variant=No_eBPF_XDP
[2026-06-03T03:04:33] PARAM dominant_loss_source=Kernel/userspace crossing
[2026-06-03T03:04:33] METRIC object_size_bytes=168945.5
[2026-06-03T03:04:33] METRIC throughput_gbps=6.1261
[2026-06-03T03:04:33] METRIC latency_ms=18.7545
[2026-06-03T03:04:33] METRIC cpu_util_pct=48.99
[2026-06-03T03:04:33] RUN_END status=OK
[2026-06-03T03:07:38] RUN_START run_id=ABL_No_eBPF_XDP_077
[2026-06-03T03:07:38] PARAM variant=No_eBPF_XDP
[2026-06-03T03:07:38] PARAM dominant_loss_source=Kernel/userspace crossing
[2026-06-03T03:07:38] METRIC object_size_bytes=97824.9
[2026-06-03T03:07:38] METRIC throughput_gbps=5.3999
[2026-06-03T03:07:38] METRIC latency_ms=18.6527
[2026-06-03T03:07:38] METRIC cpu_util_pct=43.3
[2026-06-03T03:07:38] RUN_END status=OK
[2026-06-03T03:09:23] RUN_START run_id=ABL_No_eBPF_XDP_078
[2026-06-03T03:09:23] PARAM variant=No_eBPF_XDP
[2026-06-03T03:09:23] PARAM dominant_loss_source=Kernel/userspace crossing
[2026-06-03T03:09:23] METRIC object_size_bytes=77334.9
[2026-06-03T03:09:23] METRIC throughput_gbps=5.4294
[2026-06-03T03:09:23] METRIC latency_ms=21.2424
[2026-06-03T03:09:23] METRIC cpu_util_pct=49.23
[2026-06-03T03:09:23] RUN_END status=OK
[2026-06-03T03:10:56] RUN_START run_id=ABL_No_eBPF_XDP_079
[2026-06-03T03:10:56] PARAM variant=No_eBPF_XDP
[2026-06-03T03:10:56] PARAM dominant_loss_source=Kernel/userspace crossing
[2026-06-03T03:10:56] METRIC object_size_bytes=367476.8
[2026-06-03T03:10:56] METRIC throughput_gbps=5.4869
[2026-06-03T03:10:56] METRIC latency_ms=18.2496
[2026-06-03T03:10:56] METRIC cpu_util_pct=47.18
[2026-06-03T03:10:56] RUN_END status=OK
[2026-06-03T03:12:22] RUN_START run_id=ABL_No_eBPF_XDP_080
[2026-06-03T03:12:22] PARAM variant=No_eBPF_XDP
[2026-06-03T03:12:22] PARAM dominant_loss_source=Kernel/userspace crossing
[2026-06-03T03:12:22] METRIC object_size_bytes=367477.4
[2026-06-03T03:12:22] METRIC throughput_gbps=5.7875
[2026-06-03T03:12:22] METRIC latency_ms=17.7014
[2026-06-03T03:12:22] METRIC cpu_util_pct=48.48
[2026-06-03T03:12:22] RUN_END status=OK
[2026-06-03T03:15:03] RUN_START run_id=ABL_No_eBPF_XDP_081
[2026-06-03T03:15:03] PARAM variant=No_eBPF_XDP
[2026-06-03T03:15:03] PARAM dominant_loss_source=Kernel/userspace crossing
[2026-06-03T03:15:03] METRIC object_size_bytes=499049.4
[2026-06-03T03:15:03] METRIC throughput_gbps=5.7671
[2026-06-03T03:15:03] METRIC latency_ms=17.4893
[2026-06-03T03:15:03] METRIC cpu_util_pct=46.21
[2026-06-03T03:15:03] RUN_END status=OK
[2026-06-03T03:19:45] RUN_START run_id=ABL_No_eBPF_XDP_082
[2026-06-03T03:19:45] PARAM variant=No_eBPF_XDP
[2026-06-03T03:19:45] PARAM dominant_loss_source=Kernel/userspace crossing
[2026-06-03T03:19:45] METRIC object_size_bytes=412108.7
[2026-06-03T03:19:45] METRIC throughput_gbps=5.9238
[2026-06-03T03:19:45] METRIC latency_ms=18.5725
[2026-06-03T03:19:45] METRIC cpu_util_pct=52.69
[2026-06-03T03:19:45] RUN_END status=OK
