[2026-06-06T00:04:55] RUN_START run_id=ABL_Static_MTU_031
[2026-06-06T00:04:55] PARAM variant=Static_MTU
[2026-06-06T00:04:55] PARAM dominant_loss_source=Non-adaptive sizing
[2026-06-06T00:04:55] METRIC object_size_bytes=262770.2
[2026-06-06T00:04:55] METRIC throughput_gbps=6.7202
[2026-06-06T00:04:55] METRIC latency_ms=17.8875
[2026-06-06T00:04:55] METRIC cpu_util_pct=20.82
[2026-06-06T00:04:55] RUN_END status=OK
[2026-06-06T00:08:39] RUN_START run_id=ABL_Static_MTU_032
[2026-06-06T00:08:39] PARAM variant=Static_MTU
[2026-06-06T00:08:39] PARAM dominant_loss_source=Non-adaptive sizing
[2026-06-06T00:08:39] METRIC object_size_bytes=437322.5
[2026-06-06T00:08:39] METRIC throughput_gbps=7.0564
[2026-06-06T00:08:39] METRIC latency_ms=14.4751
[2026-06-06T00:08:39] METRIC cpu_util_pct=20.44
[2026-06-06T00:08:39] RUN_END status=OK
[2026-06-06T00:11:53] RUN_START run_id=ABL_Static_MTU_033
[2026-06-06T00:11:53] PARAM variant=Static_MTU
[2026-06-06T00:11:53] PARAM dominant_loss_source=Non-adaptive sizing
[2026-06-06T00:11:53] METRIC object_size_bytes=502986.0
[2026-06-06T00:11:53] METRIC throughput_gbps=7.0949
[2026-06-06T00:11:53] METRIC latency_ms=16.0899
[2026-06-06T00:11:53] METRIC cpu_util_pct=21.43
[2026-06-06T00:11:53] RUN_END status=OK
[2026-06-06T00:13:23] RUN_START run_id=ABL_Static_MTU_034
[2026-06-06T00:13:23] PARAM variant=Static_MTU
[2026-06-06T00:13:23] PARAM dominant_loss_source=Non-adaptive sizing
[2026-06-06T00:13:23] METRIC object_size_bytes=480218.7
[2026-06-06T00:13:23] METRIC throughput_gbps=7.2509
[2026-06-06T00:13:23] METRIC latency_ms=15.4502
[2026-06-06T00:13:23] METRIC cpu_util_pct=19.84
[2026-06-06T00:13:23] RUN_END status=OK
[2026-06-06T00:14:08] RUN_START run_id=ABL_Static_MTU_035
[2026-06-06T00:14:08] PARAM variant=Static_MTU
[2026-06-06T00:14:08] PARAM dominant_loss_source=Non-adaptive sizing
[2026-06-06T00:14:08] METRIC object_size_bytes=189200.5
[2026-06-06T00:14:08] METRIC throughput_gbps=6.9495
[2026-06-06T00:14:08] METRIC latency_ms=16.3342
[2026-06-06T00:14:08] METRIC cpu_util_pct=20.38
[2026-06-06T00:14:08] RUN_END status=OK
[2026-06-06T00:14:54] RUN_START run_id=ABL_Static_MTU_036
[2026-06-06T00:14:54] PARAM variant=Static_MTU
[2026-06-06T00:14:54] PARAM dominant_loss_source=Non-adaptive sizing
[2026-06-06T00:14:54] METRIC object_size_bytes=181854.1
[2026-06-06T00:14:54] METRIC throughput_gbps=7.0126
[2026-06-06T00:14:54] METRIC latency_ms=14.2941
[2026-06-06T00:14:54] METRIC cpu_util_pct=20.68
[2026-06-06T00:14:54] RUN_END status=OK
[2026-06-06T00:17:28] RUN_START run_id=ABL_Static_MTU_037
[2026-06-06T00:17:28] PARAM variant=Static_MTU
[2026-06-06T00:17:28] PARAM dominant_loss_source=Non-adaptive sizing
[2026-06-06T00:17:28] METRIC object_size_bytes=298505.2
[2026-06-06T00:17:28] METRIC throughput_gbps=7.1621
[2026-06-06T00:17:28] METRIC latency_ms=15.5011
[2026-06-06T00:17:28] METRIC cpu_util_pct=20.93
[2026-06-06T00:17:28] RUN_END status=OK
[2026-06-06T00:19:42] RUN_START run_id=ABL_Static_MTU_038
[2026-06-06T00:19:42] PARAM variant=Static_MTU
[2026-06-06T00:19:42] PARAM dominant_loss_source=Non-adaptive sizing
[2026-06-06T00:19:42] METRIC object_size_bytes=209455.4
[2026-06-06T00:19:42] METRIC throughput_gbps=6.971
[2026-06-06T00:19:42] METRIC latency_ms=16.871
[2026-06-06T00:19:42] METRIC cpu_util_pct=20.74
[2026-06-06T00:19:42] RUN_END status=OK
[2026-06-06T00:22:43] RUN_START run_id=ABL_Static_MTU_039
[2026-06-06T00:22:43] PARAM variant=Static_MTU
[2026-06-06T00:22:43] PARAM dominant_loss_source=Non-adaptive sizing
[2026-06-06T00:22:43] METRIC object_size_bytes=173853.2
[2026-06-06T00:22:43] METRIC throughput_gbps=6.6848
[2026-06-06T00:22:43] METRIC latency_ms=16.9797
[2026-06-06T00:22:43] METRIC cpu_util_pct=21.69
[2026-06-06T00:22:43] RUN_END status=OK
[2026-06-06T00:24:05] RUN_START run_id=ABL_Static_MTU_040
[2026-06-06T00:24:05] PARAM variant=Static_MTU
[2026-06-06T00:24:05] PARAM dominant_loss_source=Non-adaptive sizing
[2026-06-06T00:24:05] METRIC object_size_bytes=190219.9
[2026-06-06T00:24:05] METRIC throughput_gbps=6.8884
[2026-06-06T00:24:05] METRIC latency_ms=17.0247
[2026-06-06T00:24:05] METRIC cpu_util_pct=20.85
[2026-06-06T00:24:05] RUN_END status=OK
[2026-06-06T00:26:36] RUN_START run_id=ABL_Static_MTU_041
[2026-06-06T00:26:36] PARAM variant=Static_MTU
[2026-06-06T00:26:36] PARAM dominant_loss_source=Non-adaptive sizing
[2026-06-06T00:26:36] METRIC object_size_bytes=465200.8
[2026-06-06T00:26:36] METRIC throughput_gbps=7.0849
[2026-06-06T00:26:36] METRIC latency_ms=16.5092
[2026-06-06T00:26:36] METRIC cpu_util_pct=22.79
[2026-06-06T00:26:36] RUN_END status=OK
[2026-06-06T00:28:10] RUN_START run_id=ABL_Static_MTU_042
[2026-06-06T00:28:10] PARAM variant=Static_MTU
[2026-06-06T00:28:10] PARAM dominant_loss_source=Non-adaptive sizing
[2026-06-06T00:28:10] METRIC object_size_bytes=143077.6
[2026-06-06T00:28:10] METRIC throughput_gbps=7.1172
[2026-06-06T00:28:10] METRIC latency_ms=15.5054
[2026-06-06T00:28:10] METRIC cpu_util_pct=21.74
[2026-06-06T00:28:10] RUN_END status=OK
[2026-06-06T00:29:54] RUN_START run_id=ABL_Static_MTU_043
[2026-06-06T00:29:54] PARAM variant=Static_MTU
[2026-06-06T00:29:54] PARAM dominant_loss_source=Non-adaptive sizing
[2026-06-06T00:29:54] METRIC object_size_bytes=271749.9
[2026-06-06T00:29:54] METRIC throughput_gbps=7.1622
[2026-06-06T00:29:54] METRIC latency_ms=15.356
[2026-06-06T00:29:54] METRIC cpu_util_pct=20.98
[2026-06-06T00:29:54] RUN_END status=OK
[2026-06-06T00:34:03] RUN_START run_id=ABL_Static_MTU_044
[2026-06-06T00:34:03] PARAM variant=Static_MTU
[2026-06-06T00:34:03] PARAM dominant_loss_source=Non-adaptive sizing
[2026-06-06T00:34:03] METRIC object_size_bytes=134774.5
[2026-06-06T00:34:03] METRIC throughput_gbps=6.8501
[2026-06-06T00:34:03] METRIC latency_ms=15.6076
[2026-06-06T00:34:03] METRIC cpu_util_pct=21.2
[2026-06-06T00:34:03] RUN_END status=OK
