[2026-06-20T08:08:42] RUN_START run_id=ABL_No_ML_027
[2026-06-20T08:08:42] PARAM variant=No_ML
[2026-06-20T08:08:42] PARAM dominant_loss_source=Fragmentation
[2026-06-20T08:08:42] METRIC object_size_bytes=440574.8
[2026-06-20T08:08:42] METRIC throughput_gbps=7.057
[2026-06-20T08:08:42] METRIC latency_ms=15.5807
[2026-06-20T08:08:42] METRIC cpu_util_pct=20.02
[2026-06-20T08:08:42] RUN_END status=OK
[2026-06-20T08:09:40] RUN_START run_id=ABL_No_ML_028
[2026-06-20T08:09:40] PARAM variant=No_ML
[2026-06-20T08:09:40] PARAM dominant_loss_source=Fragmentation
[2026-06-20T08:09:40] METRIC object_size_bytes=412284.3
[2026-06-20T08:09:40] METRIC throughput_gbps=6.4435
[2026-06-20T08:09:40] METRIC latency_ms=14.2175
[2026-06-20T08:09:40] METRIC cpu_util_pct=21.41
[2026-06-20T08:09:40] RUN_END status=OK
[2026-06-20T08:11:28] RUN_START run_id=ABL_No_ML_029
[2026-06-20T08:11:28] PARAM variant=No_ML
[2026-06-20T08:11:28] PARAM dominant_loss_source=Fragmentation
[2026-06-20T08:11:28] METRIC object_size_bytes=225564.8
[2026-06-20T08:11:28] METRIC throughput_gbps=7.1364
[2026-06-20T08:11:28] METRIC latency_ms=15.0609
[2026-06-20T08:11:28] METRIC cpu_util_pct=19.26
[2026-06-20T08:11:28] RUN_END status=OK
[2026-06-20T08:12:59] RUN_START run_id=ABL_No_ML_030
[2026-06-20T08:12:59] PARAM variant=No_ML
[2026-06-20T08:12:59] PARAM dominant_loss_source=Fragmentation
[2026-06-20T08:12:59] METRIC object_size_bytes=428119.8
[2026-06-20T08:12:59] METRIC throughput_gbps=7.0169
[2026-06-20T08:12:59] METRIC latency_ms=16.2687
[2026-06-20T08:12:59] METRIC cpu_util_pct=18.2
[2026-06-20T08:12:59] RUN_END status=OK
[2026-06-20T08:15:14] RUN_START run_id=ABL_No_ML_031
[2026-06-20T08:15:14] PARAM variant=No_ML
[2026-06-20T08:15:14] PARAM dominant_loss_source=Fragmentation
[2026-06-20T08:15:14] METRIC object_size_bytes=305397.4
[2026-06-20T08:15:14] METRIC throughput_gbps=6.8554
[2026-06-20T08:15:14] METRIC latency_ms=18.1913
[2026-06-20T08:15:14] METRIC cpu_util_pct=20.87
[2026-06-20T08:15:14] RUN_END status=OK
[2026-06-20T08:16:05] RUN_START run_id=ABL_No_ML_032
[2026-06-20T08:16:05] PARAM variant=No_ML
[2026-06-20T08:16:05] PARAM dominant_loss_source=Fragmentation
[2026-06-20T08:16:05] METRIC object_size_bytes=171092.5
[2026-06-20T08:16:05] METRIC throughput_gbps=7.1307
[2026-06-20T08:16:05] METRIC latency_ms=15.2544
[2026-06-20T08:16:05] METRIC cpu_util_pct=22.38
[2026-06-20T08:16:05] RUN_END status=OK
[2026-06-20T08:16:49] RUN_START run_id=ABL_No_ML_033
[2026-06-20T08:16:49] PARAM variant=No_ML
[2026-06-20T08:16:49] PARAM dominant_loss_source=Fragmentation
[2026-06-20T08:16:49] METRIC object_size_bytes=383751.6
[2026-06-20T08:16:49] METRIC throughput_gbps=6.3843
[2026-06-20T08:16:49] METRIC latency_ms=14.3409
[2026-06-20T08:16:49] METRIC cpu_util_pct=20.15
[2026-06-20T08:16:49] RUN_END status=OK
[2026-06-20T08:17:53] RUN_START run_id=ABL_No_ML_034
[2026-06-20T08:17:53] PARAM variant=No_ML
[2026-06-20T08:17:53] PARAM dominant_loss_source=Fragmentation
[2026-06-20T08:17:53] METRIC object_size_bytes=394668.2
[2026-06-20T08:17:53] METRIC throughput_gbps=7.3596
[2026-06-20T08:17:53] METRIC latency_ms=16.3976
[2026-06-20T08:17:53] METRIC cpu_util_pct=20.51
[2026-06-20T08:17:53] RUN_END status=OK
[2026-06-20T08:19:41] RUN_START run_id=ABL_No_ML_035
[2026-06-20T08:19:41] PARAM variant=No_ML
[2026-06-20T08:19:41] PARAM dominant_loss_source=Fragmentation
[2026-06-20T08:19:41] METRIC object_size_bytes=427192.3
[2026-06-20T08:19:41] METRIC throughput_gbps=6.9675
[2026-06-20T08:19:41] METRIC latency_ms=17.8963
[2026-06-20T08:19:41] METRIC cpu_util_pct=20.49
[2026-06-20T08:19:41] RUN_END status=OK
[2026-06-20T08:25:13] RUN_START run_id=ABL_No_ML_036
[2026-06-20T08:25:13] PARAM variant=No_ML
[2026-06-20T08:25:13] PARAM dominant_loss_source=Fragmentation
[2026-06-20T08:25:13] METRIC object_size_bytes=185981.2
[2026-06-20T08:25:13] METRIC throughput_gbps=7.1678
[2026-06-20T08:25:13] METRIC latency_ms=15.2893
[2026-06-20T08:25:13] METRIC cpu_util_pct=21.69
[2026-06-20T08:25:13] RUN_END status=OK
[2026-06-20T08:26:50] RUN_START run_id=ABL_No_ML_037
[2026-06-20T08:26:50] PARAM variant=No_ML
[2026-06-20T08:26:50] PARAM dominant_loss_source=Fragmentation
[2026-06-20T08:26:50] METRIC object_size_bytes=360779.0
[2026-06-20T08:26:50] METRIC throughput_gbps=6.7144
[2026-06-20T08:26:50] METRIC latency_ms=15.678
[2026-06-20T08:26:50] METRIC cpu_util_pct=19.46
[2026-06-20T08:26:50] RUN_END status=OK
[2026-06-20T08:28:13] RUN_START run_id=ABL_No_ML_038
[2026-06-20T08:28:13] PARAM variant=No_ML
[2026-06-20T08:28:13] PARAM dominant_loss_source=Fragmentation
[2026-06-20T08:28:13] METRIC object_size_bytes=120912.8
[2026-06-20T08:28:13] METRIC throughput_gbps=7.0332
[2026-06-20T08:28:13] METRIC latency_ms=15.6693
[2026-06-20T08:28:13] METRIC cpu_util_pct=20.63
[2026-06-20T08:28:13] RUN_END status=OK
[2026-06-20T08:29:00] RUN_START run_id=ABL_No_ML_039
[2026-06-20T08:29:00] PARAM variant=No_ML
[2026-06-20T08:29:00] PARAM dominant_loss_source=Fragmentation
[2026-06-20T08:29:00] METRIC object_size_bytes=424593.2
[2026-06-20T08:29:00] METRIC throughput_gbps=6.935
[2026-06-20T08:29:00] METRIC latency_ms=16.9979
[2026-06-20T08:29:00] METRIC cpu_util_pct=20.61
[2026-06-20T08:29:00] RUN_END status=OK
[2026-06-20T08:32:37] RUN_START run_id=ABL_No_ML_040
[2026-06-20T08:32:37] PARAM variant=No_ML
[2026-06-20T08:32:37] PARAM dominant_loss_source=Fragmentation
[2026-06-20T08:32:37] METRIC object_size_bytes=113614.2
[2026-06-20T08:32:37] METRIC throughput_gbps=7.1797
[2026-06-20T08:32:37] METRIC latency_ms=14.3422
[2026-06-20T08:32:37] METRIC cpu_util_pct=22.59
[2026-06-20T08:32:37] RUN_END status=OK
[2026-06-20T08:33:59] RUN_START run_id=ABL_No_ML_041
[2026-06-20T08:33:59] PARAM variant=No_ML
[2026-06-20T08:33:59] PARAM dominant_loss_source=Fragmentation
[2026-06-20T08:33:59] METRIC object_size_bytes=303277.7
[2026-06-20T08:33:59] METRIC throughput_gbps=6.6368
[2026-06-20T08:33:59] METRIC latency_ms=16.5527
[2026-06-20T08:33:59] METRIC cpu_util_pct=20.86
[2026-06-20T08:33:59] RUN_END status=OK
[2026-06-20T08:35:13] RUN_START run_id=ABL_No_ML_042
[2026-06-20T08:35:13] PARAM variant=No_ML
[2026-06-20T08:35:13] PARAM dominant_loss_source=Fragmentation
[2026-06-20T08:35:13] METRIC object_size_bytes=452199.4
[2026-06-20T08:35:13] METRIC throughput_gbps=7.4907
[2026-06-20T08:35:13] METRIC latency_ms=15.9147
[2026-06-20T08:35:13] METRIC cpu_util_pct=20.24
[2026-06-20T08:35:13] RUN_END status=OK
[2026-06-20T08:36:25] RUN_START run_id=ABL_No_ML_043
[2026-06-20T08:36:25] PARAM variant=No_ML
[2026-06-20T08:36:25] PARAM dominant_loss_source=Fragmentation
[2026-06-20T08:36:25] METRIC object_size_bytes=343651.4
[2026-06-20T08:36:25] METRIC throughput_gbps=7.0192
[2026-06-20T08:36:25] METRIC latency_ms=15.841
[2026-06-20T08:36:25] METRIC cpu_util_pct=19.71
[2026-06-20T08:36:25] RUN_END status=OK
[2026-06-20T08:39:06] RUN_START run_id=ABL_No_ML_044
[2026-06-20T08:39:06] PARAM variant=No_ML
[2026-06-20T08:39:06] PARAM dominant_loss_source=Fragmentation
[2026-06-20T08:39:06] METRIC object_size_bytes=312782.1
[2026-06-20T08:39:06] METRIC throughput_gbps=7.3524
[2026-06-20T08:39:06] METRIC latency_ms=15.7127
[2026-06-20T08:39:06] METRIC cpu_util_pct=19.59
[2026-06-20T08:39:06] RUN_END status=OK
[2026-06-20T08:42:20] RUN_START run_id=ABL_No_ML_045
[2026-06-20T08:42:20] PARAM variant=No_ML
[2026-06-20T08:42:20] PARAM dominant_loss_source=Fragmentation
[2026-06-20T08:42:20] METRIC object_size_bytes=383838.5
[2026-06-20T08:42:20] METRIC throughput_gbps=6.9924
[2026-06-20T08:42:20] METRIC latency_ms=16.4394
[2026-06-20T08:42:20] METRIC cpu_util_pct=18.75
[2026-06-20T08:42:20] RUN_END status=OK
[2026-06-20T08:44:34] RUN_START run_id=ABL_No_ML_046
[2026-06-20T08:44:34] PARAM variant=No_ML
[2026-06-20T08:44:34] PARAM dominant_loss_source=Fragmentation
[2026-06-20T08:44:34] METRIC object_size_bytes=253055.1
[2026-06-20T08:44:34] METRIC throughput_gbps=6.9632
[2026-06-20T08:44:34] METRIC latency_ms=16.7261
[2026-06-20T08:44:34] METRIC cpu_util_pct=19.33
[2026-06-20T08:44:34] RUN_END status=OK
[2026-06-20T08:47:51] RUN_START run_id=ABL_No_ML_047
[2026-06-20T08:47:51] PARAM variant=No_ML
[2026-06-20T08:47:51] PARAM dominant_loss_source=Fragmentation
[2026-06-20T08:47:51] METRIC object_size_bytes=150149.9
[2026-06-20T08:47:51] METRIC throughput_gbps=6.9674
[2026-06-20T08:47:51] METRIC latency_ms=14.7689
[2026-06-20T08:47:51] METRIC cpu_util_pct=20.07
[2026-06-20T08:47:51] RUN_END status=OK
[2026-06-20T14:16:08] RUN_START run_id=ABL_No_ML_048
[2026-06-20T14:16:08] PARAM variant=No_ML
[2026-06-20T14:16:08] PARAM dominant_loss_source=Fragmentation
[2026-06-20T14:16:08] METRIC object_size_bytes=487433.2
[2026-06-20T14:16:08] METRIC throughput_gbps=7.323
[2026-06-20T14:16:08] METRIC latency_ms=15.9081
[2026-06-20T14:16:08] METRIC cpu_util_pct=20.98
[2026-06-20T14:16:08] RUN_END status=OK
