[2026-06-03T08:35:33] RUN_START run_id=ABL_No_eBPF_XDP_102
[2026-06-03T08:35:33] PARAM variant=No_eBPF_XDP
[2026-06-03T08:35:33] PARAM dominant_loss_source=Kernel/userspace crossing
[2026-06-03T08:35:33] METRIC object_size_bytes=493787.2
[2026-06-03T08:35:33] METRIC throughput_gbps=5.7585
[2026-06-03T08:35:33] METRIC latency_ms=18.336
[2026-06-03T08:35:33] METRIC cpu_util_pct=46.21
[2026-06-03T08:35:33] RUN_END status=OK
[2026-06-03T08:37:30] RUN_START run_id=ABL_No_eBPF_XDP_103
[2026-06-03T08:37:30] PARAM variant=No_eBPF_XDP
[2026-06-03T08:37:30] PARAM dominant_loss_source=Kernel/userspace crossing
[2026-06-03T08:37:30] METRIC object_size_bytes=377684.9
[2026-06-03T08:37:30] METRIC throughput_gbps=5.8168
[2026-06-03T08:37:30] METRIC latency_ms=17.7611
[2026-06-03T08:37:30] METRIC cpu_util_pct=44.47
[2026-06-03T08:37:30] RUN_END status=OK
[2026-06-04T07:09:10] RUN_START run_id=ABL_No_eBPF_XDP_104
[2026-06-04T07:09:10] PARAM variant=No_eBPF_XDP
[2026-06-04T07:09:10] PARAM dominant_loss_source=Kernel/userspace crossing
[2026-06-04T07:09:10] METRIC object_size_bytes=487763.8
[2026-06-04T07:09:10] METRIC throughput_gbps=5.8516
[2026-06-04T07:09:10] METRIC latency_ms=18.6837
[2026-06-04T07:09:10] METRIC cpu_util_pct=47.1
[2026-06-04T07:09:10] RUN_END status=OK
[2026-06-04T07:10:00] RUN_START run_id=ABL_No_eBPF_XDP_105
[2026-06-04T07:10:00] PARAM variant=No_eBPF_XDP
[2026-06-04T07:10:00] PARAM dominant_loss_source=Kernel/userspace crossing
[2026-06-04T07:10:00] METRIC object_size_bytes=180881.9
[2026-06-04T07:10:00] METRIC throughput_gbps=5.8941
[2026-06-04T07:10:00] METRIC latency_ms=19.9225
[2026-06-04T07:10:00] METRIC cpu_util_pct=46.0
[2026-06-04T07:10:00] RUN_END status=OK
[2026-06-04T07:11:27] RUN_START run_id=ABL_No_eBPF_XDP_106
[2026-06-04T07:11:27] PARAM variant=No_eBPF_XDP
[2026-06-04T07:11:27] PARAM dominant_loss_source=Kernel/userspace crossing
[2026-06-04T07:11:27] METRIC object_size_bytes=305696.2
[2026-06-04T07:11:27] METRIC throughput_gbps=5.8156
[2026-06-04T07:11:27] METRIC latency_ms=17.8176
[2026-06-04T07:11:27] METRIC cpu_util_pct=47.86
[2026-06-04T07:11:27] RUN_END status=OK
[2026-06-04T07:15:20] RUN_START run_id=ABL_No_eBPF_XDP_107
[2026-06-04T07:15:20] PARAM variant=No_eBPF_XDP
[2026-06-04T07:15:20] PARAM dominant_loss_source=Kernel/userspace crossing
[2026-06-04T07:15:20] METRIC object_size_bytes=106104.8
[2026-06-04T07:15:20] METRIC throughput_gbps=6.0886
[2026-06-04T07:15:20] METRIC latency_ms=18.2809
[2026-06-04T07:15:20] METRIC cpu_util_pct=48.32
[2026-06-04T07:15:20] RUN_END status=OK
[2026-06-04T07:17:20] RUN_START run_id=ABL_No_eBPF_XDP_108
[2026-06-04T07:17:20] PARAM variant=No_eBPF_XDP
[2026-06-04T07:17:20] PARAM dominant_loss_source=Kernel/userspace crossing
[2026-06-04T07:17:20] METRIC object_size_bytes=222828.0
[2026-06-04T07:17:20] METRIC throughput_gbps=5.6021
[2026-06-04T07:17:20] METRIC latency_ms=17.7609
[2026-06-04T07:17:20] METRIC cpu_util_pct=49.18
[2026-06-04T07:17:20] RUN_END status=OK
[2026-06-04T07:20:13] RUN_START run_id=ABL_No_eBPF_XDP_109
[2026-06-04T07:20:13] PARAM variant=No_eBPF_XDP
[2026-06-04T07:20:13] PARAM dominant_loss_source=Kernel/userspace crossing
[2026-06-04T07:20:13] METRIC object_size_bytes=312605.7
[2026-06-04T07:20:13] METRIC throughput_gbps=6.3406
[2026-06-04T07:20:13] METRIC latency_ms=19.1039
[2026-06-04T07:20:13] METRIC cpu_util_pct=45.4
[2026-06-04T07:20:13] RUN_END status=OK
[2026-06-04T07:23:13] RUN_START run_id=ABL_No_eBPF_XDP_110
[2026-06-04T07:23:13] PARAM variant=No_eBPF_XDP
[2026-06-04T07:23:13] PARAM dominant_loss_source=Kernel/userspace crossing
[2026-06-04T07:23:13] METRIC object_size_bytes=226100.5
[2026-06-04T07:23:13] METRIC throughput_gbps=5.3537
[2026-06-04T07:23:13] METRIC latency_ms=20.1722
[2026-06-04T07:23:13] METRIC cpu_util_pct=44.52
[2026-06-04T07:23:13] RUN_END status=OK
[2026-06-04T07:25:33] RUN_START run_id=ABL_No_eBPF_XDP_111
[2026-06-04T07:25:33] PARAM variant=No_eBPF_XDP
[2026-06-04T07:25:33] PARAM dominant_loss_source=Kernel/userspace crossing
[2026-06-04T07:25:33] METRIC object_size_bytes=503103.9
[2026-06-04T07:25:33] METRIC throughput_gbps=6.0997
[2026-06-04T07:25:33] METRIC latency_ms=17.5306
[2026-06-04T07:25:33] METRIC cpu_util_pct=41.76
[2026-06-04T07:25:33] RUN_END status=OK
[2026-06-04T07:26:13] RUN_START run_id=ABL_No_eBPF_XDP_112
[2026-06-04T07:26:13] PARAM variant=No_eBPF_XDP
[2026-06-04T07:26:13] PARAM dominant_loss_source=Kernel/userspace crossing
[2026-06-04T07:26:13] METRIC object_size_bytes=217459.7
[2026-06-04T07:26:13] METRIC throughput_gbps=6.1105
[2026-06-04T07:26:13] METRIC latency_ms=17.9806
[2026-06-04T07:26:13] METRIC cpu_util_pct=50.45
[2026-06-04T07:26:13] RUN_END status=OK
[2026-06-04T07:28:55] RUN_START run_id=ABL_No_eBPF_XDP_113
[2026-06-04T07:28:55] PARAM variant=No_eBPF_XDP
[2026-06-04T07:28:55] PARAM dominant_loss_source=Kernel/userspace crossing
[2026-06-04T07:28:55] METRIC object_size_bytes=64788.2
[2026-06-04T07:28:55] METRIC throughput_gbps=5.7864
[2026-06-04T07:28:55] METRIC latency_ms=18.5688
[2026-06-04T07:28:55] METRIC cpu_util_pct=44.7
[2026-06-04T07:28:55] RUN_END status=OK
[2026-06-04T07:32:01] RUN_START run_id=ABL_No_eBPF_XDP_114
[2026-06-04T07:32:01] PARAM variant=No_eBPF_XDP
[2026-06-04T07:32:01] PARAM dominant_loss_source=Kernel/userspace crossing
[2026-06-04T07:32:01] METRIC object_size_bytes=150140.6
[2026-06-04T07:32:01] METRIC throughput_gbps=5.7328
[2026-06-04T07:32:01] METRIC latency_ms=16.9415
[2026-06-04T07:32:01] METRIC cpu_util_pct=47.48
[2026-06-04T07:32:01] RUN_END status=OK
[2026-06-04T07:33:22] RUN_START run_id=ABL_No_eBPF_XDP_115
[2026-06-04T07:33:22] PARAM variant=No_eBPF_XDP
[2026-06-04T07:33:22] PARAM dominant_loss_source=Kernel/userspace crossing
[2026-06-04T07:33:22] METRIC object_size_bytes=418403.1
[2026-06-04T07:33:22] METRIC throughput_gbps=5.8487
[2026-06-04T07:33:22] METRIC latency_ms=18.0007
[2026-06-04T07:33:22] METRIC cpu_util_pct=43.78
[2026-06-04T07:33:22] RUN_END status=OK
[2026-06-04T07:36:15] RUN_START run_id=ABL_No_eBPF_XDP_116
[2026-06-04T07:36:15] PARAM variant=No_eBPF_XDP
[2026-06-04T07:36:15] PARAM dominant_loss_source=Kernel/userspace crossing
[2026-06-04T07:36:15] METRIC object_size_bytes=284651.7
[2026-06-04T07:36:15] METRIC throughput_gbps=5.2104
[2026-06-04T07:36:15] METRIC latency_ms=19.298
[2026-06-04T07:36:15] METRIC cpu_util_pct=47.02
[2026-06-04T07:36:15] RUN_END status=OK
[2026-06-04T07:40:07] RUN_START run_id=ABL_No_eBPF_XDP_117
[2026-06-04T07:40:07] PARAM variant=No_eBPF_XDP
[2026-06-04T07:40:07] PARAM dominant_loss_source=Kernel/userspace crossing
[2026-06-04T07:40:07] METRIC object_size_bytes=342474.4
[2026-06-04T07:40:07] METRIC throughput_gbps=5.7869
[2026-06-04T07:40:07] METRIC latency_ms=17.2802
[2026-06-04T07:40:07] METRIC cpu_util_pct=48.92
[2026-06-04T07:40:07] RUN_END status=OK
