[2026-06-02T13:35:49] RUN_START run_id=ABL_No_eBPF_XDP_038
[2026-06-02T13:35:49] PARAM variant=No_eBPF_XDP
[2026-06-02T13:35:49] PARAM dominant_loss_source=Kernel/userspace crossing
[2026-06-02T13:35:49] METRIC object_size_bytes=168191.5
[2026-06-02T13:35:49] METRIC throughput_gbps=5.6999
[2026-06-02T13:35:49] METRIC latency_ms=18.5923
[2026-06-02T13:35:49] METRIC cpu_util_pct=47.04
[2026-06-02T13:35:49] RUN_END status=OK
[2026-06-02T13:38:21] RUN_START run_id=ABL_No_eBPF_XDP_039
[2026-06-02T13:38:21] PARAM variant=No_eBPF_XDP
[2026-06-02T13:38:21] PARAM dominant_loss_source=Kernel/userspace crossing
[2026-06-02T13:38:21] METRIC object_size_bytes=223201.5
[2026-06-02T13:38:21] METRIC throughput_gbps=6.179
[2026-06-02T13:38:21] METRIC latency_ms=18.9148
[2026-06-02T13:38:21] METRIC cpu_util_pct=48.45
[2026-06-02T13:38:21] RUN_END status=OK
[2026-06-02T13:41:58] RUN_START run_id=ABL_No_eBPF_XDP_040
[2026-06-02T13:41:58] PARAM variant=No_eBPF_XDP
[2026-06-02T13:41:58] PARAM dominant_loss_source=Kernel/userspace crossing
[2026-06-02T13:41:58] METRIC object_size_bytes=258102.5
[2026-06-02T13:41:58] METRIC throughput_gbps=5.8805
[2026-06-02T13:41:58] METRIC latency_ms=18.4801
[2026-06-02T13:41:58] METRIC cpu_util_pct=45.04
[2026-06-02T13:41:58] RUN_END status=OK
[2026-06-02T13:44:59] RUN_START run_id=ABL_No_eBPF_XDP_041
[2026-06-02T13:44:59] PARAM variant=No_eBPF_XDP
[2026-06-02T13:44:59] PARAM dominant_loss_source=Kernel/userspace crossing
[2026-06-02T13:44:59] METRIC object_size_bytes=76670.8
[2026-06-02T13:44:59] METRIC throughput_gbps=6.2801
[2026-06-02T13:44:59] METRIC latency_ms=18.2343
[2026-06-02T13:44:59] METRIC cpu_util_pct=48.76
[2026-06-02T13:44:59] RUN_END status=OK
[2026-06-02T13:46:46] RUN_START run_id=ABL_No_eBPF_XDP_042
[2026-06-02T13:46:46] PARAM variant=No_eBPF_XDP
[2026-06-02T13:46:46] PARAM dominant_loss_source=Kernel/userspace crossing
[2026-06-02T13:46:46] METRIC object_size_bytes=138092.0
[2026-06-02T13:46:46] METRIC throughput_gbps=6.1889
[2026-06-02T13:46:46] METRIC latency_ms=17.172
[2026-06-02T13:46:46] METRIC cpu_util_pct=46.94
[2026-06-02T13:46:46] RUN_END status=OK
[2026-06-02T13:50:58] RUN_START run_id=ABL_No_eBPF_XDP_043
[2026-06-02T13:50:58] PARAM variant=No_eBPF_XDP
[2026-06-02T13:50:58] PARAM dominant_loss_source=Kernel/userspace crossing
[2026-06-02T13:50:58] METRIC object_size_bytes=190136.3
[2026-06-02T13:50:58] METRIC throughput_gbps=6.1799
[2026-06-02T13:50:58] METRIC latency_ms=17.4685
[2026-06-02T13:50:58] METRIC cpu_util_pct=52.05
[2026-06-02T13:50:58] RUN_END status=OK
[2026-06-02T13:54:54] RUN_START run_id=ABL_No_eBPF_XDP_044
[2026-06-02T13:54:54] PARAM variant=No_eBPF_XDP
[2026-06-02T13:54:54] PARAM dominant_loss_source=Kernel/userspace crossing
[2026-06-02T13:54:54] METRIC object_size_bytes=172470.7
[2026-06-02T13:54:54] METRIC throughput_gbps=5.6684
[2026-06-02T13:54:54] METRIC latency_ms=16.9772
[2026-06-02T13:54:54] METRIC cpu_util_pct=51.78
[2026-06-02T13:54:54] RUN_END status=OK
[2026-06-02T13:55:59] RUN_START run_id=ABL_No_eBPF_XDP_045
[2026-06-02T13:55:59] PARAM variant=No_eBPF_XDP
[2026-06-02T13:55:59] PARAM dominant_loss_source=Kernel/userspace crossing
[2026-06-02T13:55:59] METRIC object_size_bytes=191657.0
[2026-06-02T13:55:59] METRIC throughput_gbps=5.9384
[2026-06-02T13:55:59] METRIC latency_ms=18.4953
[2026-06-02T13:55:59] METRIC cpu_util_pct=49.94
[2026-06-02T13:55:59] RUN_END status=OK
[2026-06-02T13:58:23] RUN_START run_id=ABL_No_eBPF_XDP_046
[2026-06-02T13:58:23] PARAM variant=No_eBPF_XDP
[2026-06-02T13:58:23] PARAM dominant_loss_source=Kernel/userspace crossing
[2026-06-02T13:58:23] METRIC object_size_bytes=284203.9
[2026-06-02T13:58:23] METRIC throughput_gbps=5.7182
[2026-06-02T13:58:23] METRIC latency_ms=18.7786
[2026-06-02T13:58:23] METRIC cpu_util_pct=46.95
[2026-06-02T13:58:23] RUN_END status=OK
[2026-06-02T14:02:25] RUN_START run_id=ABL_No_eBPF_XDP_047
[2026-06-02T14:02:25] PARAM variant=No_eBPF_XDP
[2026-06-02T14:02:25] PARAM dominant_loss_source=Kernel/userspace crossing
[2026-06-02T14:02:25] METRIC object_size_bytes=474889.8
[2026-06-02T14:02:25] METRIC throughput_gbps=5.8717
[2026-06-02T14:02:25] METRIC latency_ms=18.6825
[2026-06-02T14:02:25] METRIC cpu_util_pct=46.59
[2026-06-02T14:02:25] RUN_END status=OK
[2026-06-02T14:04:08] RUN_START run_id=ABL_No_eBPF_XDP_048
[2026-06-02T14:04:08] PARAM variant=No_eBPF_XDP
[2026-06-02T14:04:08] PARAM dominant_loss_source=Kernel/userspace crossing
[2026-06-02T14:04:08] METRIC object_size_bytes=259567.7
[2026-06-02T14:04:08] METRIC throughput_gbps=6.516
[2026-06-02T14:04:08] METRIC latency_ms=18.2412
[2026-06-02T14:04:08] METRIC cpu_util_pct=50.34
[2026-06-02T14:04:08] RUN_END status=OK
[2026-06-02T14:05:23] RUN_START run_id=ABL_No_eBPF_XDP_049
[2026-06-02T14:05:23] PARAM variant=No_eBPF_XDP
[2026-06-02T14:05:23] PARAM dominant_loss_source=Kernel/userspace crossing
[2026-06-02T14:05:23] METRIC object_size_bytes=395180.2
[2026-06-02T14:05:23] METRIC throughput_gbps=5.9481
[2026-06-02T14:05:23] METRIC latency_ms=16.7936
[2026-06-02T14:05:23] METRIC cpu_util_pct=46.76
[2026-06-02T14:05:23] RUN_END status=OK
[2026-06-02T14:07:53] RUN_START run_id=ABL_No_eBPF_XDP_050
[2026-06-02T14:07:53] PARAM variant=No_eBPF_XDP
[2026-06-02T14:07:53] PARAM dominant_loss_source=Kernel/userspace crossing
[2026-06-02T14:07:53] METRIC object_size_bytes=77605.3
[2026-06-02T14:07:53] METRIC throughput_gbps=6.2344
[2026-06-02T14:07:53] METRIC latency_ms=17.1042
[2026-06-02T14:07:53] METRIC cpu_util_pct=47.53
[2026-06-02T14:07:53] RUN_END status=OK
[2026-06-02T14:09:54] RUN_START run_id=ABL_No_eBPF_XDP_051
[2026-06-02T14:09:54] PARAM variant=No_eBPF_XDP
[2026-06-02T14:09:54] PARAM dominant_loss_source=Kernel/userspace crossing
[2026-06-02T14:09:54] METRIC object_size_bytes=137317.1
[2026-06-02T14:09:54] METRIC throughput_gbps=6.3375
[2026-06-02T14:09:54] METRIC latency_ms=19.845
[2026-06-02T14:09:54] METRIC cpu_util_pct=51.74
[2026-06-02T14:09:54] RUN_END status=OK
[2026-06-02T14:14:00] RUN_START run_id=ABL_No_eBPF_XDP_052
[2026-06-02T14:14:00] PARAM variant=No_eBPF_XDP
[2026-06-02T14:14:00] PARAM dominant_loss_source=Kernel/userspace crossing
[2026-06-02T14:14:00] METRIC object_size_bytes=507483.4
[2026-06-02T14:14:00] METRIC throughput_gbps=6.0375
[2026-06-02T14:14:00] METRIC latency_ms=16.6612
[2026-06-02T14:14:00] METRIC cpu_util_pct=45.67
[2026-06-02T14:14:00] RUN_END status=OK
[2026-06-02T14:17:11] RUN_START run_id=ABL_No_eBPF_XDP_053
[2026-06-02T14:17:11] PARAM variant=No_eBPF_XDP
[2026-06-02T14:17:11] PARAM dominant_loss_source=Kernel/userspace crossing
[2026-06-02T14:17:11] METRIC object_size_bytes=431487.2
[2026-06-02T14:17:11] METRIC throughput_gbps=5.9863
[2026-06-02T14:17:11] METRIC latency_ms=18.731
[2026-06-02T14:17:11] METRIC cpu_util_pct=45.44
[2026-06-02T14:17:11] RUN_END status=OK
[2026-06-02T14:20:16] RUN_START run_id=ABL_No_eBPF_XDP_054
[2026-06-02T14:20:16] PARAM variant=No_eBPF_XDP
[2026-06-02T14:20:16] PARAM dominant_loss_source=Kernel/userspace crossing
[2026-06-02T14:20:16] METRIC object_size_bytes=315673.8
[2026-06-02T14:20:16] METRIC throughput_gbps=5.908
[2026-06-02T14:20:16] METRIC latency_ms=19.3406
[2026-06-02T14:20:16] METRIC cpu_util_pct=46.32
[2026-06-02T14:20:16] RUN_END status=OK
[2026-06-02T14:22:00] RUN_START run_id=ABL_No_eBPF_XDP_055
[2026-06-02T14:22:00] PARAM variant=No_eBPF_XDP
[2026-06-02T14:22:00] PARAM dominant_loss_source=Kernel/userspace crossing
[2026-06-02T14:22:00] METRIC object_size_bytes=374437.8
[2026-06-02T14:22:00] METRIC throughput_gbps=6.2807
[2026-06-02T14:22:00] METRIC latency_ms=19.3105
[2026-06-02T14:22:00] METRIC cpu_util_pct=42.76
[2026-06-02T14:22:00] RUN_END status=OK
[2026-06-02T14:23:09] RUN_START run_id=ABL_No_eBPF_XDP_056
[2026-06-02T14:23:09] PARAM variant=No_eBPF_XDP
[2026-06-02T14:23:09] PARAM dominant_loss_source=Kernel/userspace crossing
[2026-06-02T14:23:09] METRIC object_size_bytes=204203.1
[2026-06-02T14:23:09] METRIC throughput_gbps=6.1613
[2026-06-02T14:23:09] METRIC latency_ms=20.009
[2026-06-02T14:23:09] METRIC cpu_util_pct=43.93
[2026-06-02T14:23:09] RUN_END status=OK
