[2026-07-20T09:24:12] RUN_START run_id=FI_013
[2026-07-20T09:24:12] METRIC importance_avg_object_size=0.28748
[2026-07-20T09:24:12] METRIC importance_packet_loss_rate=0.19054
[2026-07-20T09:24:12] METRIC importance_retransmission_count=0.18193
[2026-07-20T09:24:12] METRIC importance_throughput=0.11944
[2026-07-20T09:24:12] METRIC importance_latency=0.0895
[2026-07-20T09:24:12] METRIC importance_jitter=0.04673
[2026-07-20T09:24:12] METRIC importance_cache_hit_ratio=0.05194
[2026-07-20T09:24:12] METRIC importance_bandwidth_utilization=0.03243
[2026-07-20T09:24:12] RUN_END status=OK
[2026-07-20T09:26:18] RUN_START run_id=FI_014
[2026-07-20T09:26:18] METRIC importance_avg_object_size=0.27319
[2026-07-20T09:26:18] METRIC importance_packet_loss_rate=0.23713
[2026-07-20T09:26:18] METRIC importance_retransmission_count=0.16367
[2026-07-20T09:26:18] METRIC importance_throughput=0.13088
[2026-07-20T09:26:18] METRIC importance_latency=0.07044
[2026-07-20T09:26:18] METRIC importance_jitter=0.05586
[2026-07-20T09:26:18] METRIC importance_cache_hit_ratio=0.0459
[2026-07-20T09:26:18] METRIC importance_bandwidth_utilization=0.02292
[2026-07-20T09:26:18] RUN_END status=OK
[2026-07-20T09:28:13] RUN_START run_id=FI_015
[2026-07-20T09:28:13] METRIC importance_avg_object_size=0.28639
[2026-07-20T09:28:13] METRIC importance_packet_loss_rate=0.25467
[2026-07-20T09:28:13] METRIC importance_retransmission_count=0.1564
[2026-07-20T09:28:13] METRIC importance_throughput=0.09411
[2026-07-20T09:28:13] METRIC importance_latency=0.0796
[2026-07-20T09:28:13] METRIC importance_jitter=0.05724
[2026-07-20T09:28:13] METRIC importance_cache_hit_ratio=0.03889
[2026-07-20T09:28:13] METRIC importance_bandwidth_utilization=0.0327
[2026-07-20T09:28:13] RUN_END status=OK
[2026-07-20T09:31:54] RUN_START run_id=FI_016
[2026-07-20T09:31:54] METRIC importance_avg_object_size=0.31663
[2026-07-20T09:31:54] METRIC importance_packet_loss_rate=0.19932
[2026-07-20T09:31:54] METRIC importance_retransmission_count=0.16499
[2026-07-20T09:31:54] METRIC importance_throughput=0.12327
[2026-07-20T09:31:54] METRIC importance_latency=0.08176
[2026-07-20T09:31:54] METRIC importance_jitter=0.05624
[2026-07-20T09:31:54] METRIC importance_cache_hit_ratio=0.03674
[2026-07-20T09:31:54] METRIC importance_bandwidth_utilization=0.02105
[2026-07-20T09:31:54] RUN_END status=OK
[2026-07-20T09:33:50] RUN_START run_id=FI_017
[2026-07-20T09:33:50] METRIC importance_avg_object_size=0.34525
[2026-07-20T09:33:50] METRIC importance_packet_loss_rate=0.1947
[2026-07-20T09:33:50] METRIC importance_retransmission_count=0.13002
[2026-07-20T09:33:50] METRIC importance_throughput=0.10984
[2026-07-20T09:33:50] METRIC importance_latency=0.07462
[2026-07-20T09:33:50] METRIC importance_jitter=0.06751
[2026-07-20T09:33:50] METRIC importance_cache_hit_ratio=0.04714
[2026-07-20T09:33:50] METRIC importance_bandwidth_utilization=0.03092
[2026-07-20T09:33:50] RUN_END status=OK
[2026-07-20T09:35:41] RUN_START run_id=FI_018
[2026-07-20T09:35:41] METRIC importance_avg_object_size=0.30117
[2026-07-20T09:35:41] METRIC importance_packet_loss_rate=0.17679
[2026-07-20T09:35:41] METRIC importance_retransmission_count=0.19052
[2026-07-20T09:35:41] METRIC importance_throughput=0.11645
[2026-07-20T09:35:41] METRIC importance_latency=0.08583
[2026-07-20T09:35:41] METRIC importance_jitter=0.0552
[2026-07-20T09:35:41] METRIC importance_cache_hit_ratio=0.04463
[2026-07-20T09:35:41] METRIC importance_bandwidth_utilization=0.02941
[2026-07-20T09:35:41] RUN_END status=OK
[2026-07-21T05:31:34] RUN_START run_id=FI_019
[2026-07-21T05:31:34] METRIC importance_avg_object_size=0.32507
[2026-07-21T05:31:34] METRIC importance_packet_loss_rate=0.19935
[2026-07-21T05:31:34] METRIC importance_retransmission_count=0.15458
[2026-07-21T05:31:34] METRIC importance_throughput=0.10156
[2026-07-21T05:31:34] METRIC importance_latency=0.08956
[2026-07-21T05:31:34] METRIC importance_jitter=0.05414
[2026-07-21T05:31:34] METRIC importance_cache_hit_ratio=0.04168
[2026-07-21T05:31:34] METRIC importance_bandwidth_utilization=0.03406
[2026-07-21T05:31:34] RUN_END status=OK
[2026-07-21T05:33:46] RUN_START run_id=FI_020
[2026-07-21T05:33:46] METRIC importance_avg_object_size=0.3087
[2026-07-21T05:33:46] METRIC importance_packet_loss_rate=0.24854
[2026-07-21T05:33:46] METRIC importance_retransmission_count=0.16416
[2026-07-21T05:33:46] METRIC importance_throughput=0.08632
[2026-07-21T05:33:46] METRIC importance_latency=0.06803
[2026-07-21T05:33:46] METRIC importance_jitter=0.0532
[2026-07-21T05:33:46] METRIC importance_cache_hit_ratio=0.03825
[2026-07-21T05:33:46] METRIC importance_bandwidth_utilization=0.03279
[2026-07-21T05:33:46] RUN_END status=OK
[2026-07-21T05:36:46] RUN_START run_id=FI_021
[2026-07-21T05:36:46] METRIC importance_avg_object_size=0.32646
[2026-07-21T05:36:46] METRIC importance_packet_loss_rate=0.21166
[2026-07-21T05:36:46] METRIC importance_retransmission_count=0.14132
[2026-07-21T05:36:46] METRIC importance_throughput=0.10498
[2026-07-21T05:36:46] METRIC importance_latency=0.0883
[2026-07-21T05:36:46] METRIC importance_jitter=0.06073
[2026-07-21T05:36:46] METRIC importance_cache_hit_ratio=0.03727
[2026-07-21T05:36:46] METRIC importance_bandwidth_utilization=0.02927
[2026-07-21T05:36:46] RUN_END status=OK
[2026-07-21T05:37:21] RUN_START run_id=FI_022
[2026-07-21T05:37:21] METRIC importance_avg_object_size=0.34898
[2026-07-21T05:37:21] METRIC importance_packet_loss_rate=0.17162
[2026-07-21T05:37:21] METRIC importance_retransmission_count=0.1464
[2026-07-21T05:37:21] METRIC importance_throughput=0.10712
[2026-07-21T05:37:21] METRIC importance_latency=0.0797
[2026-07-21T05:37:21] METRIC importance_jitter=0.06234
[2026-07-21T05:37:21] METRIC importance_cache_hit_ratio=0.04328
[2026-07-21T05:37:21] METRIC importance_bandwidth_utilization=0.04056
[2026-07-21T05:37:21] RUN_END status=OK
[2026-07-21T05:38:22] RUN_START run_id=FI_023
[2026-07-21T05:38:22] METRIC importance_avg_object_size=0.28363
[2026-07-21T05:38:22] METRIC importance_packet_loss_rate=0.21866
[2026-07-21T05:38:22] METRIC importance_retransmission_count=0.17123
[2026-07-21T05:38:22] METRIC importance_throughput=0.11405
[2026-07-21T05:38:22] METRIC importance_latency=0.08197
[2026-07-21T05:38:22] METRIC importance_jitter=0.06735
[2026-07-21T05:38:22] METRIC importance_cache_hit_ratio=0.03696
[2026-07-21T05:38:22] METRIC importance_bandwidth_utilization=0.02616
[2026-07-21T05:38:22] RUN_END status=OK
[2026-07-21T05:40:11] RUN_START run_id=FI_024
[2026-07-21T05:40:11] METRIC importance_avg_object_size=0.33933
[2026-07-21T05:40:11] METRIC importance_packet_loss_rate=0.15688
[2026-07-21T05:40:11] METRIC importance_retransmission_count=0.20633
[2026-07-21T05:40:11] METRIC importance_throughput=0.10351
[2026-07-21T05:40:11] METRIC importance_latency=0.06042
[2026-07-21T05:40:11] METRIC importance_jitter=0.06258
[2026-07-21T05:40:11] METRIC importance_cache_hit_ratio=0.04144
[2026-07-21T05:40:11] METRIC importance_bandwidth_utilization=0.02951
[2026-07-21T05:40:11] RUN_END status=OK
[2026-07-21T05:41:41] RUN_START run_id=FI_025
[2026-07-21T05:41:41] METRIC importance_avg_object_size=0.26879
[2026-07-21T05:41:41] METRIC importance_packet_loss_rate=0.24105
[2026-07-21T05:41:41] METRIC importance_retransmission_count=0.17293
[2026-07-21T05:41:41] METRIC importance_throughput=0.08635
[2026-07-21T05:41:41] METRIC importance_latency=0.09095
[2026-07-21T05:41:41] METRIC importance_jitter=0.06938
[2026-07-21T05:41:41] METRIC importance_cache_hit_ratio=0.04452
[2026-07-21T05:41:41] METRIC importance_bandwidth_utilization=0.02602
[2026-07-21T05:41:41] RUN_END status=OK
[2026-07-21T05:42:44] RUN_START run_id=FI_026
[2026-07-21T05:42:44] METRIC importance_avg_object_size=0.27469
[2026-07-21T05:42:44] METRIC importance_packet_loss_rate=0.24989
[2026-07-21T05:42:44] METRIC importance_retransmission_count=0.17941
[2026-07-21T05:42:44] METRIC importance_throughput=0.09515
[2026-07-21T05:42:44] METRIC importance_latency=0.08055
[2026-07-21T05:42:44] METRIC importance_jitter=0.05522
[2026-07-21T05:42:44] METRIC importance_cache_hit_ratio=0.03105
[2026-07-21T05:42:44] METRIC importance_bandwidth_utilization=0.03404
[2026-07-21T05:42:44] RUN_END status=OK
