[2026-07-25T01:21:41] RUN_START run_id=FI_148
[2026-07-25T01:21:41] METRIC importance_avg_object_size=0.23007
[2026-07-25T01:21:41] METRIC importance_packet_loss_rate=0.19106
[2026-07-25T01:21:41] METRIC importance_retransmission_count=0.1832
[2026-07-25T01:21:41] METRIC importance_throughput=0.14895
[2026-07-25T01:21:41] METRIC importance_latency=0.10096
[2026-07-25T01:21:41] METRIC importance_jitter=0.07161
[2026-07-25T01:21:41] METRIC importance_cache_hit_ratio=0.04525
[2026-07-25T01:21:41] METRIC importance_bandwidth_utilization=0.0289
[2026-07-25T01:21:41] RUN_END status=OK
[2026-07-25T01:23:12] RUN_START run_id=FI_149
[2026-07-25T01:23:12] METRIC importance_avg_object_size=0.29834
[2026-07-25T01:23:12] METRIC importance_packet_loss_rate=0.18275
[2026-07-25T01:23:12] METRIC importance_retransmission_count=0.1501
[2026-07-25T01:23:12] METRIC importance_throughput=0.12828
[2026-07-25T01:23:12] METRIC importance_latency=0.06765
[2026-07-25T01:23:12] METRIC importance_jitter=0.09539
[2026-07-25T01:23:12] METRIC importance_cache_hit_ratio=0.04933
[2026-07-25T01:23:12] METRIC importance_bandwidth_utilization=0.02816
[2026-07-25T01:23:12] RUN_END status=OK
[2026-07-25T01:24:40] RUN_START run_id=FI_150
[2026-07-25T01:24:40] METRIC importance_avg_object_size=0.30247
[2026-07-25T01:24:40] METRIC importance_packet_loss_rate=0.20531
[2026-07-25T01:24:40] METRIC importance_retransmission_count=0.15577
[2026-07-25T01:24:40] METRIC importance_throughput=0.11004
[2026-07-25T01:24:40] METRIC importance_latency=0.08645
[2026-07-25T01:24:40] METRIC importance_jitter=0.05794
[2026-07-25T01:24:40] METRIC importance_cache_hit_ratio=0.04282
[2026-07-25T01:24:40] METRIC importance_bandwidth_utilization=0.0392
[2026-07-25T01:24:40] RUN_END status=OK
