[2026-07-21T05:44:32] RUN_START run_id=FI_027
[2026-07-21T05:44:32] METRIC importance_avg_object_size=0.26022
[2026-07-21T05:44:32] METRIC importance_packet_loss_rate=0.22365
[2026-07-21T05:44:32] METRIC importance_retransmission_count=0.15815
[2026-07-21T05:44:32] METRIC importance_throughput=0.12186
[2026-07-21T05:44:32] METRIC importance_latency=0.08776
[2026-07-21T05:44:32] METRIC importance_jitter=0.07072
[2026-07-21T05:44:32] METRIC importance_cache_hit_ratio=0.03787
[2026-07-21T05:44:32] METRIC importance_bandwidth_utilization=0.03977
[2026-07-21T05:44:32] RUN_END status=OK
[2026-07-21T05:45:30] RUN_START run_id=FI_028
[2026-07-21T05:45:30] METRIC importance_avg_object_size=0.33565
[2026-07-21T05:45:30] METRIC importance_packet_loss_rate=0.22872
[2026-07-21T05:45:30] METRIC importance_retransmission_count=0.13513
[2026-07-21T05:45:30] METRIC importance_throughput=0.10333
[2026-07-21T05:45:30] METRIC importance_latency=0.06641
[2026-07-21T05:45:30] METRIC importance_jitter=0.0529
[2026-07-21T05:45:30] METRIC importance_cache_hit_ratio=0.04205
[2026-07-21T05:45:30] METRIC importance_bandwidth_utilization=0.0358
[2026-07-21T05:45:30] RUN_END status=OK
[2026-07-21T05:47:32] RUN_START run_id=FI_029
[2026-07-21T05:47:32] METRIC importance_avg_object_size=0.30381
[2026-07-21T05:47:32] METRIC importance_packet_loss_rate=0.19335
[2026-07-21T05:47:32] METRIC importance_retransmission_count=0.15903
[2026-07-21T05:47:32] METRIC importance_throughput=0.1124
[2026-07-21T05:47:32] METRIC importance_latency=0.08613
[2026-07-21T05:47:32] METRIC importance_jitter=0.06382
[2026-07-21T05:47:32] METRIC importance_cache_hit_ratio=0.04608
[2026-07-21T05:47:32] METRIC importance_bandwidth_utilization=0.03537
[2026-07-21T05:47:32] RUN_END status=OK
[2026-07-21T05:48:12] RUN_START run_id=FI_030
[2026-07-21T05:48:12] METRIC importance_avg_object_size=0.33782
[2026-07-21T05:48:12] METRIC importance_packet_loss_rate=0.20144
[2026-07-21T05:48:12] METRIC importance_retransmission_count=0.14576
[2026-07-21T05:48:12] METRIC importance_throughput=0.10949
[2026-07-21T05:48:12] METRIC importance_latency=0.064
[2026-07-21T05:48:12] METRIC importance_jitter=0.0617
[2026-07-21T05:48:12] METRIC importance_cache_hit_ratio=0.04699
[2026-07-21T05:48:12] METRIC importance_bandwidth_utilization=0.0328
[2026-07-21T05:48:12] RUN_END status=OK
[2026-07-21T05:49:07] RUN_START run_id=FI_031
[2026-07-21T05:49:07] METRIC importance_avg_object_size=0.3996
[2026-07-21T05:49:07] METRIC importance_packet_loss_rate=0.20244
[2026-07-21T05:49:07] METRIC importance_retransmission_count=0.12301
[2026-07-21T05:49:07] METRIC importance_throughput=0.08367
[2026-07-21T05:49:07] METRIC importance_latency=0.07752
[2026-07-21T05:49:07] METRIC importance_jitter=0.05393
[2026-07-21T05:49:07] METRIC importance_cache_hit_ratio=0.03628
[2026-07-21T05:49:07] METRIC importance_bandwidth_utilization=0.02356
[2026-07-21T05:49:07] RUN_END status=OK
[2026-07-21T05:51:30] RUN_START run_id=FI_032
[2026-07-21T05:51:30] METRIC importance_avg_object_size=0.30304
[2026-07-21T05:51:30] METRIC importance_packet_loss_rate=0.22415
[2026-07-21T05:51:30] METRIC importance_retransmission_count=0.1656
[2026-07-21T05:51:30] METRIC importance_throughput=0.1019
[2026-07-21T05:51:30] METRIC importance_latency=0.08391
[2026-07-21T05:51:30] METRIC importance_jitter=0.05916
[2026-07-21T05:51:30] METRIC importance_cache_hit_ratio=0.03796
[2026-07-21T05:51:30] METRIC importance_bandwidth_utilization=0.02428
[2026-07-21T05:51:30] RUN_END status=OK
[2026-07-21T05:55:11] RUN_START run_id=FI_033
[2026-07-21T05:55:11] METRIC importance_avg_object_size=0.31661
[2026-07-21T05:55:11] METRIC importance_packet_loss_rate=0.19236
[2026-07-21T05:55:11] METRIC importance_retransmission_count=0.16886
[2026-07-21T05:55:11] METRIC importance_throughput=0.09997
[2026-07-21T05:55:11] METRIC importance_latency=0.08825
[2026-07-21T05:55:11] METRIC importance_jitter=0.06244
[2026-07-21T05:55:11] METRIC importance_cache_hit_ratio=0.03553
[2026-07-21T05:55:11] METRIC importance_bandwidth_utilization=0.03598
[2026-07-21T05:55:11] RUN_END status=OK
[2026-07-21T05:57:10] RUN_START run_id=FI_034
[2026-07-21T05:57:10] METRIC importance_avg_object_size=0.27015
[2026-07-21T05:57:10] METRIC importance_packet_loss_rate=0.2377
[2026-07-21T05:57:10] METRIC importance_retransmission_count=0.17037
[2026-07-21T05:57:10] METRIC importance_throughput=0.10339
[2026-07-21T05:57:10] METRIC importance_latency=0.09091
[2026-07-21T05:57:10] METRIC importance_jitter=0.05602
[2026-07-21T05:57:10] METRIC importance_cache_hit_ratio=0.04032
[2026-07-21T05:57:10] METRIC importance_bandwidth_utilization=0.03114
[2026-07-21T05:57:10] RUN_END status=OK
[2026-07-21T05:58:42] RUN_START run_id=FI_035
[2026-07-21T05:58:42] METRIC importance_avg_object_size=0.32273
[2026-07-21T05:58:42] METRIC importance_packet_loss_rate=0.20822
[2026-07-21T05:58:42] METRIC importance_retransmission_count=0.16237
[2026-07-21T05:58:42] METRIC importance_throughput=0.11105
[2026-07-21T05:58:42] METRIC importance_latency=0.07834
[2026-07-21T05:58:42] METRIC importance_jitter=0.05882
[2026-07-21T05:58:42] METRIC importance_cache_hit_ratio=0.03325
[2026-07-21T05:58:42] METRIC importance_bandwidth_utilization=0.02522
[2026-07-21T05:58:42] RUN_END status=OK
[2026-07-21T06:03:29] RUN_START run_id=FI_036
[2026-07-21T06:03:29] METRIC importance_avg_object_size=0.32473
[2026-07-21T06:03:29] METRIC importance_packet_loss_rate=0.14741
[2026-07-21T06:03:29] METRIC importance_retransmission_count=0.17335
[2026-07-21T06:03:29] METRIC importance_throughput=0.1226
[2026-07-21T06:03:29] METRIC importance_latency=0.09428
[2026-07-21T06:03:29] METRIC importance_jitter=0.06383
[2026-07-21T06:03:29] METRIC importance_cache_hit_ratio=0.03394
[2026-07-21T06:03:29] METRIC importance_bandwidth_utilization=0.03987
[2026-07-21T06:03:29] RUN_END status=OK
[2026-07-21T06:06:56] RUN_START run_id=FI_037
[2026-07-21T06:06:56] METRIC importance_avg_object_size=0.31605
[2026-07-21T06:06:56] METRIC importance_packet_loss_rate=0.21242
[2026-07-21T06:06:56] METRIC importance_retransmission_count=0.14069
[2026-07-21T06:06:56] METRIC importance_throughput=0.13768
[2026-07-21T06:06:56] METRIC importance_latency=0.08435
[2026-07-21T06:06:56] METRIC importance_jitter=0.04445
[2026-07-21T06:06:56] METRIC importance_cache_hit_ratio=0.03799
[2026-07-21T06:06:56] METRIC importance_bandwidth_utilization=0.02636
[2026-07-21T06:06:56] RUN_END status=OK
[2026-07-21T06:10:02] RUN_START run_id=FI_038
[2026-07-21T06:10:02] METRIC importance_avg_object_size=0.31268
[2026-07-21T06:10:02] METRIC importance_packet_loss_rate=0.21421
[2026-07-21T06:10:02] METRIC importance_retransmission_count=0.17479
[2026-07-21T06:10:02] METRIC importance_throughput=0.08811
[2026-07-21T06:10:02] METRIC importance_latency=0.08186
[2026-07-21T06:10:02] METRIC importance_jitter=0.06344
[2026-07-21T06:10:02] METRIC importance_cache_hit_ratio=0.03711
[2026-07-21T06:10:02] METRIC importance_bandwidth_utilization=0.0278
[2026-07-21T06:10:02] RUN_END status=OK
[2026-07-21T06:14:06] RUN_START run_id=FI_039
[2026-07-21T06:14:06] METRIC importance_avg_object_size=0.34766
[2026-07-21T06:14:06] METRIC importance_packet_loss_rate=0.14598
[2026-07-21T06:14:06] METRIC importance_retransmission_count=0.17041
[2026-07-21T06:14:06] METRIC importance_throughput=0.09121
[2026-07-21T06:14:06] METRIC importance_latency=0.07614
[2026-07-21T06:14:06] METRIC importance_jitter=0.07978
[2026-07-21T06:14:06] METRIC importance_cache_hit_ratio=0.05352
[2026-07-21T06:14:06] METRIC importance_bandwidth_utilization=0.03529
[2026-07-21T06:14:06] RUN_END status=OK
[2026-07-21T06:15:59] RUN_START run_id=FI_040
[2026-07-21T06:15:59] METRIC importance_avg_object_size=0.29883
[2026-07-21T06:15:59] METRIC importance_packet_loss_rate=0.20356
[2026-07-21T06:15:59] METRIC importance_retransmission_count=0.19051
[2026-07-21T06:15:59] METRIC importance_throughput=0.11848
[2026-07-21T06:15:59] METRIC importance_latency=0.07846
[2026-07-21T06:15:59] METRIC importance_jitter=0.04779
[2026-07-21T06:15:59] METRIC importance_cache_hit_ratio=0.03551
[2026-07-21T06:15:59] METRIC importance_bandwidth_utilization=0.02686
[2026-07-21T06:15:59] RUN_END status=OK
[2026-07-21T06:18:17] RUN_START run_id=FI_041
[2026-07-21T06:18:17] METRIC importance_avg_object_size=0.28686
[2026-07-21T06:18:17] METRIC importance_packet_loss_rate=0.22334
[2026-07-21T06:18:17] METRIC importance_retransmission_count=0.17734
[2026-07-21T06:18:17] METRIC importance_throughput=0.09663
[2026-07-21T06:18:17] METRIC importance_latency=0.07137
[2026-07-21T06:18:17] METRIC importance_jitter=0.07553
[2026-07-21T06:18:17] METRIC importance_cache_hit_ratio=0.03456
[2026-07-21T06:18:17] METRIC importance_bandwidth_utilization=0.03437
[2026-07-21T06:18:17] RUN_END status=OK
[2026-07-21T06:20:43] RUN_START run_id=FI_042
[2026-07-21T06:20:43] METRIC importance_avg_object_size=0.28172
[2026-07-21T06:20:43] METRIC importance_packet_loss_rate=0.19883
[2026-07-21T06:20:43] METRIC importance_retransmission_count=0.20423
[2026-07-21T06:20:43] METRIC importance_throughput=0.10533
[2026-07-21T06:20:43] METRIC importance_latency=0.07709
[2026-07-21T06:20:43] METRIC importance_jitter=0.06671
[2026-07-21T06:20:43] METRIC importance_cache_hit_ratio=0.03341
[2026-07-21T06:20:43] METRIC importance_bandwidth_utilization=0.03267
[2026-07-21T06:20:43] RUN_END status=OK
[2026-07-21T06:21:36] RUN_START run_id=FI_043
[2026-07-21T06:21:36] METRIC importance_avg_object_size=0.31346
[2026-07-21T06:21:36] METRIC importance_packet_loss_rate=0.19533
[2026-07-21T06:21:36] METRIC importance_retransmission_count=0.15915
[2026-07-21T06:21:36] METRIC importance_throughput=0.11171
[2026-07-21T06:21:36] METRIC importance_latency=0.08622
[2026-07-21T06:21:36] METRIC importance_jitter=0.06767
[2026-07-21T06:21:36] METRIC importance_cache_hit_ratio=0.03667
[2026-07-21T06:21:36] METRIC importance_bandwidth_utilization=0.02978
[2026-07-21T06:21:36] RUN_END status=OK
[2026-07-21T06:26:48] RUN_START run_id=FI_044
[2026-07-21T06:26:48] METRIC importance_avg_object_size=0.31461
[2026-07-21T06:26:48] METRIC importance_packet_loss_rate=0.17354
[2026-07-21T06:26:48] METRIC importance_retransmission_count=0.18847
[2026-07-21T06:26:48] METRIC importance_throughput=0.1097
[2026-07-21T06:26:48] METRIC importance_latency=0.08887
[2026-07-21T06:26:48] METRIC importance_jitter=0.05759
[2026-07-21T06:26:48] METRIC importance_cache_hit_ratio=0.04273
[2026-07-21T06:26:48] METRIC importance_bandwidth_utilization=0.02449
[2026-07-21T06:26:48] RUN_END status=OK
