[2026-07-24T14:28:40] RUN_START run_id=FI_100
[2026-07-24T14:28:40] METRIC importance_avg_object_size=0.38549
[2026-07-24T14:28:40] METRIC importance_packet_loss_rate=0.18871
[2026-07-24T14:28:40] METRIC importance_retransmission_count=0.13436
[2026-07-24T14:28:40] METRIC importance_throughput=0.1027
[2026-07-24T14:28:40] METRIC importance_latency=0.06729
[2026-07-24T14:28:40] METRIC importance_jitter=0.05012
[2026-07-24T14:28:40] METRIC importance_cache_hit_ratio=0.03428
[2026-07-24T14:28:40] METRIC importance_bandwidth_utilization=0.03705
[2026-07-24T14:28:40] RUN_END status=OK
[2026-07-24T14:30:05] RUN_START run_id=FI_101
[2026-07-24T14:30:05] METRIC importance_avg_object_size=0.28558
[2026-07-24T14:30:05] METRIC importance_packet_loss_rate=0.17092
[2026-07-24T14:30:05] METRIC importance_retransmission_count=0.20398
[2026-07-24T14:30:05] METRIC importance_throughput=0.11745
[2026-07-24T14:30:05] METRIC importance_latency=0.08364
[2026-07-24T14:30:05] METRIC importance_jitter=0.06648
[2026-07-24T14:30:05] METRIC importance_cache_hit_ratio=0.03665
[2026-07-24T14:30:05] METRIC importance_bandwidth_utilization=0.03529
[2026-07-24T14:30:05] RUN_END status=OK
[2026-07-24T14:31:04] RUN_START run_id=FI_102
[2026-07-24T14:31:04] METRIC importance_avg_object_size=0.37394
[2026-07-24T14:31:04] METRIC importance_packet_loss_rate=0.19113
[2026-07-24T14:31:04] METRIC importance_retransmission_count=0.14283
[2026-07-24T14:31:04] METRIC importance_throughput=0.0735
[2026-07-24T14:31:04] METRIC importance_latency=0.08099
[2026-07-24T14:31:04] METRIC importance_jitter=0.05533
[2026-07-24T14:31:04] METRIC importance_cache_hit_ratio=0.05085
[2026-07-24T14:31:04] METRIC importance_bandwidth_utilization=0.03142
[2026-07-24T14:31:04] RUN_END status=OK
[2026-07-24T14:32:40] RUN_START run_id=FI_103
[2026-07-24T14:32:40] METRIC importance_avg_object_size=0.32866
[2026-07-24T14:32:40] METRIC importance_packet_loss_rate=0.20421
[2026-07-24T14:32:40] METRIC importance_retransmission_count=0.16928
[2026-07-24T14:32:40] METRIC importance_throughput=0.10361
[2026-07-24T14:32:40] METRIC importance_latency=0.06274
[2026-07-24T14:32:40] METRIC importance_jitter=0.061
[2026-07-24T14:32:40] METRIC importance_cache_hit_ratio=0.03891
[2026-07-24T14:32:40] METRIC importance_bandwidth_utilization=0.03158
[2026-07-24T14:32:40] RUN_END status=OK
[2026-07-24T14:35:37] RUN_START run_id=FI_104
[2026-07-24T14:35:37] METRIC importance_avg_object_size=0.34249
[2026-07-24T14:35:37] METRIC importance_packet_loss_rate=0.19893
[2026-07-24T14:35:37] METRIC importance_retransmission_count=0.15608
[2026-07-24T14:35:37] METRIC importance_throughput=0.11057
[2026-07-24T14:35:37] METRIC importance_latency=0.06226
[2026-07-24T14:35:37] METRIC importance_jitter=0.06712
[2026-07-24T14:35:37] METRIC importance_cache_hit_ratio=0.03453
[2026-07-24T14:35:37] METRIC importance_bandwidth_utilization=0.02803
[2026-07-24T14:35:37] RUN_END status=OK
[2026-07-24T14:36:24] RUN_START run_id=FI_105
[2026-07-24T14:36:24] METRIC importance_avg_object_size=0.3294
[2026-07-24T14:36:24] METRIC importance_packet_loss_rate=0.23627
[2026-07-24T14:36:24] METRIC importance_retransmission_count=0.16196
[2026-07-24T14:36:24] METRIC importance_throughput=0.09149
[2026-07-24T14:36:24] METRIC importance_latency=0.06493
[2026-07-24T14:36:24] METRIC importance_jitter=0.05207
[2026-07-24T14:36:24] METRIC importance_cache_hit_ratio=0.03459
[2026-07-24T14:36:24] METRIC importance_bandwidth_utilization=0.02929
[2026-07-24T14:36:24] RUN_END status=OK
[2026-07-24T14:40:57] RUN_START run_id=FI_106
[2026-07-24T14:40:57] METRIC importance_avg_object_size=0.28107
[2026-07-24T14:40:57] METRIC importance_packet_loss_rate=0.21739
[2026-07-24T14:40:57] METRIC importance_retransmission_count=0.15553
[2026-07-24T14:40:57] METRIC importance_throughput=0.12855
[2026-07-24T14:40:57] METRIC importance_latency=0.08341
[2026-07-24T14:40:57] METRIC importance_jitter=0.06549
[2026-07-24T14:40:57] METRIC importance_cache_hit_ratio=0.03974
[2026-07-24T14:40:57] METRIC importance_bandwidth_utilization=0.02882
[2026-07-24T14:40:57] RUN_END status=OK
[2026-07-24T14:44:54] RUN_START run_id=FI_107
[2026-07-24T14:44:54] METRIC importance_avg_object_size=0.32042
[2026-07-24T14:44:54] METRIC importance_packet_loss_rate=0.18866
[2026-07-24T14:44:54] METRIC importance_retransmission_count=0.17914
[2026-07-24T14:44:54] METRIC importance_throughput=0.10503
[2026-07-24T14:44:54] METRIC importance_latency=0.07511
[2026-07-24T14:44:54] METRIC importance_jitter=0.06294
[2026-07-24T14:44:54] METRIC importance_cache_hit_ratio=0.0386
[2026-07-24T14:44:54] METRIC importance_bandwidth_utilization=0.0301
[2026-07-24T14:44:54] RUN_END status=OK
[2026-07-24T14:46:39] RUN_START run_id=FI_108
[2026-07-24T14:46:39] METRIC importance_avg_object_size=0.39459
[2026-07-24T14:46:39] METRIC importance_packet_loss_rate=0.16921
[2026-07-24T14:46:39] METRIC importance_retransmission_count=0.12095
[2026-07-24T14:46:39] METRIC importance_throughput=0.11928
[2026-07-24T14:46:39] METRIC importance_latency=0.08311
[2026-07-24T14:46:39] METRIC importance_jitter=0.05591
[2026-07-24T14:46:39] METRIC importance_cache_hit_ratio=0.03435
[2026-07-24T14:46:39] METRIC importance_bandwidth_utilization=0.02259
[2026-07-24T14:46:39] RUN_END status=OK
[2026-07-24T14:49:17] RUN_START run_id=FI_109
[2026-07-24T14:49:17] METRIC importance_avg_object_size=0.26431
[2026-07-24T14:49:17] METRIC importance_packet_loss_rate=0.20733
[2026-07-24T14:49:17] METRIC importance_retransmission_count=0.19507
[2026-07-24T14:49:17] METRIC importance_throughput=0.1169
[2026-07-24T14:49:17] METRIC importance_latency=0.08847
[2026-07-24T14:49:17] METRIC importance_jitter=0.05159
[2026-07-24T14:49:17] METRIC importance_cache_hit_ratio=0.04302
[2026-07-24T14:49:17] METRIC importance_bandwidth_utilization=0.03331
[2026-07-24T14:49:17] RUN_END status=OK
