[2026-06-22T11:47:04] RUN_START run_id=ABL_TCP_transport_081
[2026-06-22T11:47:04] PARAM variant=TCP_transport
[2026-06-22T11:47:04] PARAM dominant_loss_source=HOL blocking
[2026-06-22T11:47:04] METRIC object_size_bytes=66137.1
[2026-06-22T11:47:04] METRIC throughput_gbps=6.51
[2026-06-22T11:47:04] METRIC latency_ms=16.3659
[2026-06-22T11:47:04] METRIC cpu_util_pct=23.59
[2026-06-22T11:47:04] RUN_END status=OK
[2026-06-22T11:47:47] RUN_START run_id=ABL_No_ML_061
[2026-06-22T11:47:47] PARAM variant=No_ML
[2026-06-22T11:47:47] PARAM dominant_loss_source=Fragmentation
[2026-06-22T11:47:47] METRIC object_size_bytes=395097.5
[2026-06-22T11:47:47] METRIC throughput_gbps=6.8699
[2026-06-22T11:47:47] METRIC latency_ms=15.7665
[2026-06-22T11:47:47] METRIC cpu_util_pct=20.9
[2026-06-22T11:47:47] RUN_END status=OK
[2026-06-22T11:49:01] RUN_START run_id=ABL_No_ML_062
[2026-06-22T11:49:01] PARAM variant=No_ML
[2026-06-22T11:49:01] PARAM dominant_loss_source=Fragmentation
[2026-06-22T11:49:01] METRIC object_size_bytes=361327.3
[2026-06-22T11:49:01] METRIC throughput_gbps=7.3057
[2026-06-22T11:49:01] METRIC latency_ms=15.6366
[2026-06-22T11:49:01] METRIC cpu_util_pct=20.88
[2026-06-22T11:49:01] RUN_END status=OK
[2026-06-22T11:49:01] RUN_START run_id=ABL_TCP_transport_082
[2026-06-22T11:49:01] PARAM variant=TCP_transport
[2026-06-22T11:49:01] PARAM dominant_loss_source=HOL blocking
[2026-06-22T11:49:01] METRIC object_size_bytes=230178.1
[2026-06-22T11:49:01] METRIC throughput_gbps=6.0374
[2026-06-22T11:49:01] METRIC latency_ms=16.3883
[2026-06-22T11:49:01] METRIC cpu_util_pct=21.91
[2026-06-22T11:49:01] RUN_END status=OK
[2026-06-22T11:51:43] RUN_START run_id=ABL_No_ML_063
[2026-06-22T11:51:43] PARAM variant=No_ML
[2026-06-22T11:51:43] PARAM dominant_loss_source=Fragmentation
[2026-06-22T11:51:43] METRIC object_size_bytes=176530.6
[2026-06-22T11:51:43] METRIC throughput_gbps=6.6653
[2026-06-22T11:51:43] METRIC latency_ms=15.7999
[2026-06-22T11:51:43] METRIC cpu_util_pct=21.39
[2026-06-22T11:51:43] RUN_END status=OK
[2026-06-22T11:52:07] RUN_START run_id=ABL_TCP_transport_083
[2026-06-22T11:52:07] PARAM variant=TCP_transport
[2026-06-22T11:52:07] PARAM dominant_loss_source=HOL blocking
[2026-06-22T11:52:07] METRIC object_size_bytes=349895.7
[2026-06-22T11:52:07] METRIC throughput_gbps=6.73
[2026-06-22T11:52:07] METRIC latency_ms=17.3848
[2026-06-22T11:52:07] METRIC cpu_util_pct=20.6
[2026-06-22T11:52:07] RUN_END status=OK
[2026-06-22T11:53:14] RUN_START run_id=ABL_No_ML_064
[2026-06-22T11:53:14] PARAM variant=No_ML
[2026-06-22T11:53:14] PARAM dominant_loss_source=Fragmentation
[2026-06-22T11:53:14] METRIC object_size_bytes=111012.9
[2026-06-22T11:53:14] METRIC throughput_gbps=7.0183
[2026-06-22T11:53:14] METRIC latency_ms=15.9492
[2026-06-22T11:53:14] METRIC cpu_util_pct=20.18
[2026-06-22T11:53:14] RUN_END status=OK
[2026-06-22T11:54:42] RUN_START run_id=ABL_No_ML_065
[2026-06-22T11:54:42] PARAM variant=No_ML
[2026-06-22T11:54:42] PARAM dominant_loss_source=Fragmentation
[2026-06-22T11:54:42] METRIC object_size_bytes=214370.9
[2026-06-22T11:54:42] METRIC throughput_gbps=6.8329
[2026-06-22T11:54:42] METRIC latency_ms=15.4068
[2026-06-22T11:54:42] METRIC cpu_util_pct=19.76
[2026-06-22T11:54:42] RUN_END status=OK
[2026-06-22T11:55:01] RUN_START run_id=ABL_TCP_transport_084
[2026-06-22T11:55:01] PARAM variant=TCP_transport
[2026-06-22T11:55:01] PARAM dominant_loss_source=HOL blocking
[2026-06-22T11:55:01] METRIC object_size_bytes=201080.5
[2026-06-22T11:55:01] METRIC throughput_gbps=6.2336
[2026-06-22T11:55:01] METRIC latency_ms=16.2778
[2026-06-22T11:55:01] METRIC cpu_util_pct=21.04
[2026-06-22T11:55:01] RUN_END status=OK
[2026-06-22T11:58:10] RUN_START run_id=ABL_No_ML_066
[2026-06-22T11:58:10] PARAM variant=No_ML
[2026-06-22T11:58:10] PARAM dominant_loss_source=Fragmentation
[2026-06-22T11:58:10] METRIC object_size_bytes=440981.9
[2026-06-22T11:58:10] METRIC throughput_gbps=7.3168
[2026-06-22T11:58:10] METRIC latency_ms=15.0799
[2026-06-22T11:58:10] METRIC cpu_util_pct=20.71
[2026-06-22T11:58:10] RUN_END status=OK
[2026-06-22T11:59:07] RUN_START run_id=ABL_No_ML_067
[2026-06-22T11:59:07] PARAM variant=No_ML
[2026-06-22T11:59:07] PARAM dominant_loss_source=Fragmentation
[2026-06-22T11:59:07] METRIC object_size_bytes=344785.1
[2026-06-22T11:59:07] METRIC throughput_gbps=7.139
[2026-06-22T11:59:07] METRIC latency_ms=15.484
[2026-06-22T11:59:07] METRIC cpu_util_pct=21.38
[2026-06-22T11:59:07] RUN_END status=OK
[2026-06-22T12:00:09] RUN_START run_id=ABL_No_ML_068
[2026-06-22T12:00:09] PARAM variant=No_ML
[2026-06-22T12:00:09] PARAM dominant_loss_source=Fragmentation
[2026-06-22T12:00:09] METRIC object_size_bytes=92383.4
[2026-06-22T12:00:09] METRIC throughput_gbps=7.1409
[2026-06-22T12:00:09] METRIC latency_ms=15.8577
[2026-06-22T12:00:09] METRIC cpu_util_pct=19.73
[2026-06-22T12:00:09] RUN_END status=OK
