[2026-06-10T10:00:50] RUN_START run_id=ABL_Static_MTU_104
[2026-06-10T10:00:50] PARAM variant=Static_MTU
[2026-06-10T10:00:50] PARAM dominant_loss_source=Non-adaptive sizing
[2026-06-10T10:00:50] METRIC object_size_bytes=162528.0
[2026-06-10T10:00:50] METRIC throughput_gbps=7.1179
[2026-06-10T10:00:50] METRIC latency_ms=14.9519
[2026-06-10T10:00:50] METRIC cpu_util_pct=21.51
[2026-06-10T10:00:50] RUN_END status=OK
[2026-06-10T10:03:54] RUN_START run_id=ABL_Static_MTU_105
[2026-06-10T10:03:54] PARAM variant=Static_MTU
[2026-06-10T10:03:54] PARAM dominant_loss_source=Non-adaptive sizing
[2026-06-10T10:03:54] METRIC object_size_bytes=435764.0
[2026-06-10T10:03:54] METRIC throughput_gbps=7.1372
[2026-06-10T10:03:54] METRIC latency_ms=17.2435
[2026-06-10T10:03:54] METRIC cpu_util_pct=20.82
[2026-06-10T10:03:54] RUN_END status=OK
[2026-06-10T10:04:46] RUN_START run_id=ABL_Static_MTU_106
[2026-06-10T10:04:46] PARAM variant=Static_MTU
[2026-06-10T10:04:46] PARAM dominant_loss_source=Non-adaptive sizing
[2026-06-10T10:04:46] METRIC object_size_bytes=420569.7
[2026-06-10T10:04:46] METRIC throughput_gbps=7.3141
[2026-06-10T10:04:46] METRIC latency_ms=17.8439
[2026-06-10T10:04:46] METRIC cpu_util_pct=21.24
[2026-06-10T10:04:46] RUN_END status=OK
[2026-06-10T10:06:45] RUN_START run_id=ABL_Static_MTU_107
[2026-06-10T10:06:45] PARAM variant=Static_MTU
[2026-06-10T10:06:45] PARAM dominant_loss_source=Non-adaptive sizing
[2026-06-10T10:06:45] METRIC object_size_bytes=221157.8
[2026-06-10T10:06:45] METRIC throughput_gbps=7.031
[2026-06-10T10:06:45] METRIC latency_ms=16.7183
[2026-06-10T10:06:45] METRIC cpu_util_pct=20.63
[2026-06-10T10:06:45] RUN_END status=OK
[2026-06-10T10:09:44] RUN_START run_id=ABL_Static_MTU_108
[2026-06-10T10:09:44] PARAM variant=Static_MTU
[2026-06-10T10:09:44] PARAM dominant_loss_source=Non-adaptive sizing
[2026-06-10T10:09:44] METRIC object_size_bytes=125741.7
[2026-06-10T10:09:44] METRIC throughput_gbps=7.1883
[2026-06-10T10:09:44] METRIC latency_ms=16.2582
[2026-06-10T10:09:44] METRIC cpu_util_pct=21.25
[2026-06-10T10:09:44] RUN_END status=OK
[2026-06-10T10:12:18] RUN_START run_id=ABL_Static_MTU_109
[2026-06-10T10:12:18] PARAM variant=Static_MTU
[2026-06-10T10:12:18] PARAM dominant_loss_source=Non-adaptive sizing
[2026-06-10T10:12:18] METRIC object_size_bytes=356569.0
[2026-06-10T10:12:18] METRIC throughput_gbps=6.7013
[2026-06-10T10:12:18] METRIC latency_ms=17.2901
[2026-06-10T10:12:18] METRIC cpu_util_pct=20.84
[2026-06-10T10:12:18] RUN_END status=OK
[2026-06-10T10:13:17] RUN_START run_id=ABL_Static_MTU_110
[2026-06-10T10:13:17] PARAM variant=Static_MTU
[2026-06-10T10:13:17] PARAM dominant_loss_source=Non-adaptive sizing
[2026-06-10T10:13:17] METRIC object_size_bytes=445168.7
[2026-06-10T10:13:17] METRIC throughput_gbps=7.2926
[2026-06-10T10:13:17] METRIC latency_ms=16.8173
[2026-06-10T10:13:17] METRIC cpu_util_pct=20.77
[2026-06-10T10:13:17] RUN_END status=OK
[2026-06-10T10:16:46] RUN_START run_id=ABL_Static_MTU_111
[2026-06-10T10:16:46] PARAM variant=Static_MTU
[2026-06-10T10:16:46] PARAM dominant_loss_source=Non-adaptive sizing
[2026-06-10T10:16:46] METRIC object_size_bytes=449078.1
[2026-06-10T10:16:46] METRIC throughput_gbps=7.5315
[2026-06-10T10:16:46] METRIC latency_ms=16.6704
[2026-06-10T10:16:46] METRIC cpu_util_pct=21.45
[2026-06-10T10:16:46] RUN_END status=OK
[2026-06-10T10:19:51] RUN_START run_id=ABL_Static_MTU_112
[2026-06-10T10:19:51] PARAM variant=Static_MTU
[2026-06-10T10:19:51] PARAM dominant_loss_source=Non-adaptive sizing
[2026-06-10T10:19:51] METRIC object_size_bytes=391263.5
[2026-06-10T10:19:51] METRIC throughput_gbps=7.317
[2026-06-10T10:19:51] METRIC latency_ms=15.1557
[2026-06-10T10:19:51] METRIC cpu_util_pct=19.63
[2026-06-10T10:19:51] RUN_END status=OK
[2026-06-10T10:21:54] RUN_START run_id=ABL_Static_MTU_113
[2026-06-10T10:21:54] PARAM variant=Static_MTU
[2026-06-10T10:21:54] PARAM dominant_loss_source=Non-adaptive sizing
[2026-06-10T10:21:54] METRIC object_size_bytes=167267.4
[2026-06-10T10:21:54] METRIC throughput_gbps=6.9394
[2026-06-10T10:21:54] METRIC latency_ms=14.8816
[2026-06-10T10:21:54] METRIC cpu_util_pct=21.05
[2026-06-10T10:21:54] RUN_END status=OK
[2026-06-10T10:26:19] RUN_START run_id=ABL_Static_MTU_114
[2026-06-10T10:26:19] PARAM variant=Static_MTU
[2026-06-10T10:26:19] PARAM dominant_loss_source=Non-adaptive sizing
[2026-06-10T10:26:19] METRIC object_size_bytes=238887.5
[2026-06-10T10:26:19] METRIC throughput_gbps=7.544
[2026-06-10T10:26:19] METRIC latency_ms=16.8905
[2026-06-10T10:26:19] METRIC cpu_util_pct=21.44
[2026-06-10T10:26:19] RUN_END status=OK
[2026-06-10T10:27:50] RUN_START run_id=ABL_Static_MTU_115
[2026-06-10T10:27:50] PARAM variant=Static_MTU
[2026-06-10T10:27:50] PARAM dominant_loss_source=Non-adaptive sizing
[2026-06-10T10:27:50] METRIC object_size_bytes=237684.4
[2026-06-10T10:27:50] METRIC throughput_gbps=6.8729
[2026-06-10T10:27:50] METRIC latency_ms=14.9401
[2026-06-10T10:27:50] METRIC cpu_util_pct=21.57
[2026-06-10T10:27:50] RUN_END status=OK
[2026-06-10T10:28:32] RUN_START run_id=ABL_Static_MTU_116
[2026-06-10T10:28:32] PARAM variant=Static_MTU
[2026-06-10T10:28:32] PARAM dominant_loss_source=Non-adaptive sizing
[2026-06-10T10:28:32] METRIC object_size_bytes=241450.6
[2026-06-10T10:28:32] METRIC throughput_gbps=6.9868
[2026-06-10T10:28:32] METRIC latency_ms=16.1531
[2026-06-10T10:28:32] METRIC cpu_util_pct=19.7
[2026-06-10T10:28:32] RUN_END status=OK
[2026-06-10T10:29:23] RUN_START run_id=ABL_Static_MTU_117
[2026-06-10T10:29:23] PARAM variant=Static_MTU
[2026-06-10T10:29:23] PARAM dominant_loss_source=Non-adaptive sizing
[2026-06-10T10:29:23] METRIC object_size_bytes=369468.3
[2026-06-10T10:29:23] METRIC throughput_gbps=7.0465
[2026-06-10T10:29:23] METRIC latency_ms=15.9544
[2026-06-10T10:29:23] METRIC cpu_util_pct=22.87
[2026-06-10T10:29:23] RUN_END status=OK
[2026-06-11T14:19:44] RUN_START run_id=ABL_Static_MTU_118
[2026-06-11T14:19:44] PARAM variant=Static_MTU
[2026-06-11T14:19:44] PARAM dominant_loss_source=Non-adaptive sizing
[2026-06-11T14:19:44] METRIC object_size_bytes=207780.2
[2026-06-11T14:19:44] METRIC throughput_gbps=7.1245
[2026-06-11T14:19:44] METRIC latency_ms=17.1642
[2026-06-11T14:19:44] METRIC cpu_util_pct=21.76
[2026-06-11T14:19:44] RUN_END status=OK
[2026-06-11T14:23:45] RUN_START run_id=ABL_Static_MTU_119
[2026-06-11T14:23:45] PARAM variant=Static_MTU
[2026-06-11T14:23:45] PARAM dominant_loss_source=Non-adaptive sizing
[2026-06-11T14:23:45] METRIC object_size_bytes=236105.2
[2026-06-11T14:23:45] METRIC throughput_gbps=7.4304
[2026-06-11T14:23:45] METRIC latency_ms=14.5677
[2026-06-11T14:23:45] METRIC cpu_util_pct=19.71
[2026-06-11T14:23:45] RUN_END status=OK
[2026-06-11T14:27:25] RUN_START run_id=ABL_Static_MTU_120
[2026-06-11T14:27:25] PARAM variant=Static_MTU
[2026-06-11T14:27:25] PARAM dominant_loss_source=Non-adaptive sizing
[2026-06-11T14:27:25] METRIC object_size_bytes=267640.0
[2026-06-11T14:27:25] METRIC throughput_gbps=6.9611
[2026-06-11T14:27:25] METRIC latency_ms=16.4785
[2026-06-11T14:27:25] METRIC cpu_util_pct=21.13
[2026-06-11T14:27:25] RUN_END status=OK
