[2026-06-15T12:42:06] RUN_START run_id=ABL_Full_uDCN_113
[2026-06-15T12:42:06] PARAM variant=Full_uDCN
[2026-06-15T12:42:06] PARAM dominant_loss_source=-
[2026-06-15T12:42:06] METRIC object_size_bytes=499628.6
[2026-06-15T12:42:06] METRIC throughput_gbps=8.0096
[2026-06-15T12:42:06] METRIC latency_ms=12.6642
[2026-06-15T12:42:06] METRIC cpu_util_pct=18.61
[2026-06-15T12:42:06] RUN_END status=OK
[2026-06-15T12:43:04] RUN_START run_id=ABL_Full_uDCN_114
[2026-06-15T12:43:04] PARAM variant=Full_uDCN
[2026-06-15T12:43:04] PARAM dominant_loss_source=-
[2026-06-15T12:43:04] METRIC object_size_bytes=393836.0
[2026-06-15T12:43:04] METRIC throughput_gbps=8.0199
[2026-06-15T12:43:04] METRIC latency_ms=12.192
[2026-06-15T12:43:04] METRIC cpu_util_pct=19.06
[2026-06-15T12:43:04] RUN_END status=OK
[2026-06-15T12:46:43] RUN_START run_id=ABL_Full_uDCN_115
[2026-06-15T12:46:43] PARAM variant=Full_uDCN
[2026-06-15T12:46:43] PARAM dominant_loss_source=-
[2026-06-15T12:46:43] METRIC object_size_bytes=385035.2
[2026-06-15T12:46:43] METRIC throughput_gbps=8.9521
[2026-06-15T12:46:43] METRIC latency_ms=11.156
[2026-06-15T12:46:43] METRIC cpu_util_pct=18.79
[2026-06-15T12:46:43] RUN_END status=OK
[2026-06-15T12:49:15] RUN_START run_id=ABL_Full_uDCN_116
[2026-06-15T12:49:15] PARAM variant=Full_uDCN
[2026-06-15T12:49:15] PARAM dominant_loss_source=-
[2026-06-15T12:49:15] METRIC object_size_bytes=65865.6
[2026-06-15T12:49:15] METRIC throughput_gbps=7.9952
[2026-06-15T12:49:15] METRIC latency_ms=12.028
[2026-06-15T12:49:15] METRIC cpu_util_pct=18.72
[2026-06-15T12:49:15] RUN_END status=OK
[2026-06-15T12:50:52] RUN_START run_id=ABL_Full_uDCN_117
[2026-06-15T12:50:52] PARAM variant=Full_uDCN
[2026-06-15T12:50:52] PARAM dominant_loss_source=-
[2026-06-15T12:50:52] METRIC object_size_bytes=261202.3
[2026-06-15T12:50:52] METRIC throughput_gbps=8.6136
[2026-06-15T12:50:52] METRIC latency_ms=12.3244
[2026-06-15T12:50:52] METRIC cpu_util_pct=16.15
[2026-06-15T12:50:52] RUN_END status=OK
[2026-06-16T08:12:36] RUN_START run_id=ABL_Full_uDCN_118
[2026-06-16T08:12:36] PARAM variant=Full_uDCN
[2026-06-16T08:12:36] PARAM dominant_loss_source=-
[2026-06-16T08:12:36] METRIC object_size_bytes=157346.9
[2026-06-16T08:12:36] METRIC throughput_gbps=8.8128
[2026-06-16T08:12:36] METRIC latency_ms=11.8598
[2026-06-16T08:12:36] METRIC cpu_util_pct=17.43
[2026-06-16T08:12:36] RUN_END status=OK
[2026-06-16T08:13:14] RUN_START run_id=ABL_Full_uDCN_119
[2026-06-16T08:13:14] PARAM variant=Full_uDCN
[2026-06-16T08:13:14] PARAM dominant_loss_source=-
[2026-06-16T08:13:14] METRIC object_size_bytes=366635.6
[2026-06-16T08:13:14] METRIC throughput_gbps=8.4861
[2026-06-16T08:13:14] METRIC latency_ms=12.6567
[2026-06-16T08:13:14] METRIC cpu_util_pct=18.29
[2026-06-16T08:13:14] RUN_END status=OK
[2026-06-16T08:17:27] RUN_START run_id=ABL_Full_uDCN_120
[2026-06-16T08:17:27] PARAM variant=Full_uDCN
[2026-06-16T08:17:27] PARAM dominant_loss_source=-
[2026-06-16T08:17:27] METRIC object_size_bytes=412862.3
[2026-06-16T08:17:27] METRIC throughput_gbps=8.3648
[2026-06-16T08:17:27] METRIC latency_ms=12.0895
[2026-06-16T08:17:27] METRIC cpu_util_pct=18.35
[2026-06-16T08:17:27] RUN_END status=OK
[2026-06-16T08:18:30] RUN_START run_id=ABL_Full_uDCN_121
[2026-06-16T08:18:30] PARAM variant=Full_uDCN
[2026-06-16T08:18:30] PARAM dominant_loss_source=-
[2026-06-16T08:18:30] METRIC object_size_bytes=266641.7
[2026-06-16T08:18:30] METRIC throughput_gbps=8.4322
[2026-06-16T08:18:30] METRIC latency_ms=13.0814
[2026-06-16T08:18:30] METRIC cpu_util_pct=18.18
[2026-06-16T08:18:30] RUN_END status=OK
[2026-06-16T08:19:50] RUN_START run_id=ABL_Full_uDCN_122
[2026-06-16T08:19:50] PARAM variant=Full_uDCN
[2026-06-16T08:19:50] PARAM dominant_loss_source=-
[2026-06-16T08:19:50] METRIC object_size_bytes=245651.7
[2026-06-16T08:19:50] METRIC throughput_gbps=8.24
[2026-06-16T08:19:50] METRIC latency_ms=12.6103
[2026-06-16T08:19:50] METRIC cpu_util_pct=17.08
[2026-06-16T08:19:50] RUN_END status=OK
[2026-06-16T08:20:46] RUN_START run_id=ABL_Full_uDCN_123
[2026-06-16T08:20:46] PARAM variant=Full_uDCN
[2026-06-16T08:20:46] PARAM dominant_loss_source=-
[2026-06-16T08:20:46] METRIC object_size_bytes=311869.6
[2026-06-16T08:20:46] METRIC throughput_gbps=8.4625
[2026-06-16T08:20:46] METRIC latency_ms=12.7008
[2026-06-16T08:20:46] METRIC cpu_util_pct=17.59
[2026-06-16T08:20:46] RUN_END status=OK
[2026-06-16T08:23:25] RUN_START run_id=ABL_Full_uDCN_124
[2026-06-16T08:23:25] PARAM variant=Full_uDCN
[2026-06-16T08:23:25] PARAM dominant_loss_source=-
[2026-06-16T08:23:25] METRIC object_size_bytes=127006.3
[2026-06-16T08:23:25] METRIC throughput_gbps=8.3926
[2026-06-16T08:23:25] METRIC latency_ms=12.7967
[2026-06-16T08:23:25] METRIC cpu_util_pct=17.86
[2026-06-16T08:23:25] RUN_END status=OK
[2026-06-16T08:27:04] RUN_START run_id=ABL_Full_uDCN_125
[2026-06-16T08:27:04] PARAM variant=Full_uDCN
[2026-06-16T08:27:04] PARAM dominant_loss_source=-
[2026-06-16T08:27:04] METRIC object_size_bytes=83770.7
[2026-06-16T08:27:04] METRIC throughput_gbps=8.301
[2026-06-16T08:27:04] METRIC latency_ms=12.4492
[2026-06-16T08:27:04] METRIC cpu_util_pct=19.05
[2026-06-16T08:27:04] RUN_END status=OK
[2026-06-16T08:30:51] RUN_START run_id=ABL_Full_uDCN_126
[2026-06-16T08:30:51] PARAM variant=Full_uDCN
[2026-06-16T08:30:51] PARAM dominant_loss_source=-
[2026-06-16T08:30:51] METRIC object_size_bytes=330147.5
[2026-06-16T08:30:51] METRIC throughput_gbps=8.3495
[2026-06-16T08:30:51] METRIC latency_ms=13.5768
[2026-06-16T08:30:51] METRIC cpu_util_pct=20.2
[2026-06-16T08:30:51] RUN_END status=OK
[2026-06-16T08:33:02] RUN_START run_id=ABL_Full_uDCN_127
[2026-06-16T08:33:02] PARAM variant=Full_uDCN
[2026-06-16T08:33:02] PARAM dominant_loss_source=-
[2026-06-16T08:33:02] METRIC object_size_bytes=395836.0
[2026-06-16T08:33:02] METRIC throughput_gbps=8.7056
[2026-06-16T08:33:02] METRIC latency_ms=11.8728
[2026-06-16T08:33:02] METRIC cpu_util_pct=16.82
[2026-06-16T08:33:02] RUN_END status=OK
[2026-06-16T08:35:24] RUN_START run_id=ABL_Full_uDCN_128
[2026-06-16T08:35:24] PARAM variant=Full_uDCN
[2026-06-16T08:35:24] PARAM dominant_loss_source=-
[2026-06-16T08:35:24] METRIC object_size_bytes=307414.8
[2026-06-16T08:35:24] METRIC throughput_gbps=8.4589
[2026-06-16T08:35:24] METRIC latency_ms=12.0433
[2026-06-16T08:35:24] METRIC cpu_util_pct=18.25
[2026-06-16T08:35:24] RUN_END status=OK
[2026-06-16T08:38:23] RUN_START run_id=ABL_Full_uDCN_129
[2026-06-16T08:38:23] PARAM variant=Full_uDCN
[2026-06-16T08:38:23] PARAM dominant_loss_source=-
[2026-06-16T08:38:23] METRIC object_size_bytes=341813.4
[2026-06-16T08:38:23] METRIC throughput_gbps=8.3923
[2026-06-16T08:38:23] METRIC latency_ms=12.5151
[2026-06-16T08:38:23] METRIC cpu_util_pct=17.35
[2026-06-16T08:38:23] RUN_END status=OK
[2026-06-16T08:41:15] RUN_START run_id=ABL_Full_uDCN_130
[2026-06-16T08:41:15] PARAM variant=Full_uDCN
[2026-06-16T08:41:15] PARAM dominant_loss_source=-
[2026-06-16T08:41:15] METRIC object_size_bytes=171598.0
[2026-06-16T08:41:15] METRIC throughput_gbps=9.0377
[2026-06-16T08:41:15] METRIC latency_ms=12.6325
[2026-06-16T08:41:15] METRIC cpu_util_pct=19.05
[2026-06-16T08:41:15] RUN_END status=OK
[2026-06-16T08:44:40] RUN_START run_id=ABL_Full_uDCN_131
[2026-06-16T08:44:40] PARAM variant=Full_uDCN
[2026-06-16T08:44:40] PARAM dominant_loss_source=-
[2026-06-16T08:44:40] METRIC object_size_bytes=349386.1
[2026-06-16T08:44:40] METRIC throughput_gbps=8.4488
[2026-06-16T08:44:40] METRIC latency_ms=11.7455
[2026-06-16T08:44:40] METRIC cpu_util_pct=18.39
[2026-06-16T08:44:40] RUN_END status=OK
[2026-06-16T08:47:21] RUN_START run_id=ABL_Full_uDCN_132
[2026-06-16T08:47:21] PARAM variant=Full_uDCN
[2026-06-16T08:47:21] PARAM dominant_loss_source=-
[2026-06-16T08:47:21] METRIC object_size_bytes=128719.6
[2026-06-16T08:47:21] METRIC throughput_gbps=8.6392
[2026-06-16T08:47:21] METRIC latency_ms=13.183
[2026-06-16T08:47:21] METRIC cpu_util_pct=18.59
[2026-06-16T08:47:21] RUN_END status=OK
[2026-06-16T08:50:39] RUN_START run_id=ABL_Full_uDCN_133
[2026-06-16T08:50:39] PARAM variant=Full_uDCN
[2026-06-16T08:50:39] PARAM dominant_loss_source=-
[2026-06-16T08:50:39] METRIC object_size_bytes=78217.6
[2026-06-16T08:50:39] METRIC throughput_gbps=8.2011
[2026-06-16T08:50:39] METRIC latency_ms=12.4284
[2026-06-16T08:50:39] METRIC cpu_util_pct=18.26
[2026-06-16T08:50:39] RUN_END status=OK
[2026-06-16T08:54:19] RUN_START run_id=ABL_Full_uDCN_134
[2026-06-16T08:54:19] PARAM variant=Full_uDCN
[2026-06-16T08:54:19] PARAM dominant_loss_source=-
[2026-06-16T08:54:19] METRIC object_size_bytes=188472.5
[2026-06-16T08:54:19] METRIC throughput_gbps=8.1511
[2026-06-16T08:54:19] METRIC latency_ms=12.9624
[2026-06-16T08:54:19] METRIC cpu_util_pct=17.58
[2026-06-16T08:54:19] RUN_END status=OK
