[2026-06-20T19:56:03] RUN_START run_id=ABL_TCP_transport_054
[2026-06-20T19:56:03] PARAM variant=TCP_transport
[2026-06-20T19:56:03] PARAM dominant_loss_source=HOL blocking
[2026-06-20T19:56:03] METRIC object_size_bytes=236758.5
[2026-06-20T19:56:03] METRIC throughput_gbps=6.697
[2026-06-20T19:56:03] METRIC latency_ms=16.3246
[2026-06-20T19:56:03] METRIC cpu_util_pct=21.4
[2026-06-20T19:56:03] RUN_END status=OK
[2026-06-20T19:59:15] RUN_START run_id=ABL_TCP_transport_055
[2026-06-20T19:59:15] PARAM variant=TCP_transport
[2026-06-20T19:59:15] PARAM dominant_loss_source=HOL blocking
[2026-06-20T19:59:15] METRIC object_size_bytes=70713.3
[2026-06-20T19:59:15] METRIC throughput_gbps=5.9154
[2026-06-20T19:59:15] METRIC latency_ms=17.7516
[2026-06-20T19:59:15] METRIC cpu_util_pct=19.99
[2026-06-20T19:59:15] RUN_END status=OK
[2026-06-20T20:00:04] RUN_START run_id=ABL_TCP_transport_056
[2026-06-20T20:00:04] PARAM variant=TCP_transport
[2026-06-20T20:00:04] PARAM dominant_loss_source=HOL blocking
[2026-06-20T20:00:04] METRIC object_size_bytes=277591.8
[2026-06-20T20:00:04] METRIC throughput_gbps=6.0956
[2026-06-20T20:00:04] METRIC latency_ms=17.9489
[2026-06-20T20:00:04] METRIC cpu_util_pct=23.78
[2026-06-20T20:00:04] RUN_END status=OK
[2026-06-20T20:01:58] RUN_START run_id=ABL_TCP_transport_057
[2026-06-20T20:01:58] PARAM variant=TCP_transport
[2026-06-20T20:01:58] PARAM dominant_loss_source=HOL blocking
[2026-06-20T20:01:58] METRIC object_size_bytes=293975.2
[2026-06-20T20:01:58] METRIC throughput_gbps=6.3627
[2026-06-20T20:01:58] METRIC latency_ms=17.5659
[2026-06-20T20:01:58] METRIC cpu_util_pct=23.52
[2026-06-20T20:01:58] RUN_END status=OK
[2026-06-20T20:02:55] RUN_START run_id=ABL_TCP_transport_058
[2026-06-20T20:02:55] PARAM variant=TCP_transport
[2026-06-20T20:02:55] PARAM dominant_loss_source=HOL blocking
[2026-06-20T20:02:55] METRIC object_size_bytes=180422.1
[2026-06-20T20:02:55] METRIC throughput_gbps=6.1171
[2026-06-20T20:02:55] METRIC latency_ms=15.3616
[2026-06-20T20:02:55] METRIC cpu_util_pct=20.6
[2026-06-20T20:02:55] RUN_END status=OK
[2026-06-20T20:04:59] RUN_START run_id=ABL_TCP_transport_059
[2026-06-20T20:04:59] PARAM variant=TCP_transport
[2026-06-20T20:04:59] PARAM dominant_loss_source=HOL blocking
[2026-06-20T20:04:59] METRIC object_size_bytes=264403.5
[2026-06-20T20:04:59] METRIC throughput_gbps=6.3454
[2026-06-20T20:04:59] METRIC latency_ms=15.4673
[2026-06-20T20:04:59] METRIC cpu_util_pct=22.47
[2026-06-20T20:04:59] RUN_END status=OK
[2026-06-20T20:06:50] RUN_START run_id=ABL_TCP_transport_060
[2026-06-20T20:06:50] PARAM variant=TCP_transport
[2026-06-20T20:06:50] PARAM dominant_loss_source=HOL blocking
[2026-06-20T20:06:50] METRIC object_size_bytes=255723.3
[2026-06-20T20:06:50] METRIC throughput_gbps=6.1545
[2026-06-20T20:06:50] METRIC latency_ms=17.4696
[2026-06-20T20:06:50] METRIC cpu_util_pct=21.71
[2026-06-20T20:06:50] RUN_END status=OK
[2026-06-20T20:10:14] RUN_START run_id=ABL_TCP_transport_061
[2026-06-20T20:10:14] PARAM variant=TCP_transport
[2026-06-20T20:10:14] PARAM dominant_loss_source=HOL blocking
[2026-06-20T20:10:14] METRIC object_size_bytes=68902.3
[2026-06-20T20:10:14] METRIC throughput_gbps=6.5852
[2026-06-20T20:10:14] METRIC latency_ms=15.9475
[2026-06-20T20:10:14] METRIC cpu_util_pct=21.25
[2026-06-20T20:10:14] RUN_END status=OK
[2026-06-20T20:13:43] RUN_START run_id=ABL_TCP_transport_062
[2026-06-20T20:13:43] PARAM variant=TCP_transport
[2026-06-20T20:13:43] PARAM dominant_loss_source=HOL blocking
[2026-06-20T20:13:43] METRIC object_size_bytes=476738.9
[2026-06-20T20:13:43] METRIC throughput_gbps=6.0701
[2026-06-20T20:13:43] METRIC latency_ms=17.6423
[2026-06-20T20:13:43] METRIC cpu_util_pct=22.83
[2026-06-20T20:13:43] RUN_END status=OK
[2026-06-20T20:16:16] RUN_START run_id=ABL_TCP_transport_063
[2026-06-20T20:16:16] PARAM variant=TCP_transport
[2026-06-20T20:16:16] PARAM dominant_loss_source=HOL blocking
[2026-06-20T20:16:16] METRIC object_size_bytes=373632.1
[2026-06-20T20:16:16] METRIC throughput_gbps=6.4746
[2026-06-20T20:16:16] METRIC latency_ms=16.3769
[2026-06-20T20:16:16] METRIC cpu_util_pct=20.87
[2026-06-20T20:16:16] RUN_END status=OK
[2026-06-20T20:19:31] RUN_START run_id=ABL_TCP_transport_064
[2026-06-20T20:19:31] PARAM variant=TCP_transport
[2026-06-20T20:19:31] PARAM dominant_loss_source=HOL blocking
[2026-06-20T20:19:31] METRIC object_size_bytes=216999.4
[2026-06-20T20:19:31] METRIC throughput_gbps=6.5338
[2026-06-20T20:19:31] METRIC latency_ms=18.4619
[2026-06-20T20:19:31] METRIC cpu_util_pct=21.42
[2026-06-20T20:19:31] RUN_END status=OK
[2026-06-20T20:21:02] RUN_START run_id=ABL_TCP_transport_065
[2026-06-20T20:21:02] PARAM variant=TCP_transport
[2026-06-20T20:21:02] PARAM dominant_loss_source=HOL blocking
[2026-06-20T20:21:02] METRIC object_size_bytes=457209.4
[2026-06-20T20:21:02] METRIC throughput_gbps=6.4053
[2026-06-20T20:21:02] METRIC latency_ms=16.4292
[2026-06-20T20:21:02] METRIC cpu_util_pct=23.09
[2026-06-20T20:21:02] RUN_END status=OK
[2026-06-22T01:49:25] RUN_START run_id=ABL_TCP_transport_066
[2026-06-22T01:49:25] PARAM variant=TCP_transport
[2026-06-22T01:49:25] PARAM dominant_loss_source=HOL blocking
[2026-06-22T01:49:25] METRIC object_size_bytes=343771.5
[2026-06-22T01:49:25] METRIC throughput_gbps=6.6065
[2026-06-22T01:49:25] METRIC latency_ms=16.2457
[2026-06-22T01:49:25] METRIC cpu_util_pct=22.3
[2026-06-22T01:49:25] RUN_END status=OK
[2026-06-22T01:52:04] RUN_START run_id=ABL_TCP_transport_067
[2026-06-22T01:52:04] PARAM variant=TCP_transport
[2026-06-22T01:52:04] PARAM dominant_loss_source=HOL blocking
[2026-06-22T01:52:04] METRIC object_size_bytes=195354.4
[2026-06-22T01:52:04] METRIC throughput_gbps=6.1315
[2026-06-22T01:52:04] METRIC latency_ms=15.9976
[2026-06-22T01:52:04] METRIC cpu_util_pct=20.97
[2026-06-22T01:52:04] RUN_END status=OK
[2026-06-22T01:54:39] RUN_START run_id=ABL_TCP_transport_068
[2026-06-22T01:54:39] PARAM variant=TCP_transport
[2026-06-22T01:54:39] PARAM dominant_loss_source=HOL blocking
[2026-06-22T01:54:39] METRIC object_size_bytes=257621.8
[2026-06-22T01:54:39] METRIC throughput_gbps=6.1165
[2026-06-22T01:54:39] METRIC latency_ms=16.2553
[2026-06-22T01:54:39] METRIC cpu_util_pct=22.37
[2026-06-22T01:54:39] RUN_END status=OK
[2026-06-22T01:55:28] RUN_START run_id=ABL_TCP_transport_069
[2026-06-22T01:55:28] PARAM variant=TCP_transport
[2026-06-22T01:55:28] PARAM dominant_loss_source=HOL blocking
[2026-06-22T01:55:28] METRIC object_size_bytes=407533.5
[2026-06-22T01:55:28] METRIC throughput_gbps=6.2763
[2026-06-22T01:55:28] METRIC latency_ms=16.1162
[2026-06-22T01:55:28] METRIC cpu_util_pct=24.48
[2026-06-22T01:55:28] RUN_END status=OK
[2026-06-22T01:57:26] RUN_START run_id=ABL_TCP_transport_070
[2026-06-22T01:57:26] PARAM variant=TCP_transport
[2026-06-22T01:57:26] PARAM dominant_loss_source=HOL blocking
[2026-06-22T01:57:26] METRIC object_size_bytes=375243.6
[2026-06-22T01:57:26] METRIC throughput_gbps=5.9801
[2026-06-22T01:57:26] METRIC latency_ms=16.7255
[2026-06-22T01:57:26] METRIC cpu_util_pct=21.11
[2026-06-22T01:57:26] RUN_END status=OK
