[2026-06-07T04:50:01] RUN_START run_id=ABL_Static_MTU_074
[2026-06-07T04:50:01] PARAM variant=Static_MTU
[2026-06-07T04:50:01] PARAM dominant_loss_source=Non-adaptive sizing
[2026-06-07T04:50:01] METRIC object_size_bytes=348650.2
[2026-06-07T04:50:01] METRIC throughput_gbps=7.0453
[2026-06-07T04:50:01] METRIC latency_ms=16.6539
[2026-06-07T04:50:01] METRIC cpu_util_pct=22.05
[2026-06-07T04:50:01] RUN_END status=OK
[2026-06-07T04:52:02] RUN_START run_id=ABL_Static_MTU_075
[2026-06-07T04:52:02] PARAM variant=Static_MTU
[2026-06-07T04:52:02] PARAM dominant_loss_source=Non-adaptive sizing
[2026-06-07T04:52:02] METRIC object_size_bytes=227167.6
[2026-06-07T04:52:02] METRIC throughput_gbps=6.9155
[2026-06-07T04:52:02] METRIC latency_ms=14.5421
[2026-06-07T04:52:02] METRIC cpu_util_pct=20.92
[2026-06-07T04:52:02] RUN_END status=OK
[2026-06-07T04:55:05] RUN_START run_id=ABL_Static_MTU_076
[2026-06-07T04:55:05] PARAM variant=Static_MTU
[2026-06-07T04:55:05] PARAM dominant_loss_source=Non-adaptive sizing
[2026-06-07T04:55:05] METRIC object_size_bytes=224299.3
[2026-06-07T04:55:05] METRIC throughput_gbps=6.9817
[2026-06-07T04:55:05] METRIC latency_ms=15.3496
[2026-06-07T04:55:05] METRIC cpu_util_pct=19.8
[2026-06-07T04:55:05] RUN_END status=OK
[2026-06-07T04:58:59] RUN_START run_id=ABL_Static_MTU_077
[2026-06-07T04:58:59] PARAM variant=Static_MTU
[2026-06-07T04:58:59] PARAM dominant_loss_source=Non-adaptive sizing
[2026-06-07T04:58:59] METRIC object_size_bytes=302602.3
[2026-06-07T04:58:59] METRIC throughput_gbps=7.3548
[2026-06-07T04:58:59] METRIC latency_ms=15.8087
[2026-06-07T04:58:59] METRIC cpu_util_pct=19.06
[2026-06-07T04:58:59] RUN_END status=OK
[2026-06-07T05:00:51] RUN_START run_id=ABL_Static_MTU_078
[2026-06-07T05:00:51] PARAM variant=Static_MTU
[2026-06-07T05:00:51] PARAM dominant_loss_source=Non-adaptive sizing
[2026-06-07T05:00:51] METRIC object_size_bytes=460597.4
[2026-06-07T05:00:51] METRIC throughput_gbps=7.2916
[2026-06-07T05:00:51] METRIC latency_ms=15.6499
[2026-06-07T05:00:51] METRIC cpu_util_pct=20.2
[2026-06-07T05:00:51] RUN_END status=OK
[2026-06-07T05:03:58] RUN_START run_id=ABL_Static_MTU_079
[2026-06-07T05:03:58] PARAM variant=Static_MTU
[2026-06-07T05:03:58] PARAM dominant_loss_source=Non-adaptive sizing
[2026-06-07T05:03:58] METRIC object_size_bytes=312973.7
[2026-06-07T05:03:58] METRIC throughput_gbps=7.0542
[2026-06-07T05:03:58] METRIC latency_ms=15.2186
[2026-06-07T05:03:58] METRIC cpu_util_pct=20.56
[2026-06-07T05:03:58] RUN_END status=OK
[2026-06-07T05:04:52] RUN_START run_id=ABL_Static_MTU_080
[2026-06-07T05:04:52] PARAM variant=Static_MTU
[2026-06-07T05:04:52] PARAM dominant_loss_source=Non-adaptive sizing
[2026-06-07T05:04:52] METRIC object_size_bytes=195106.9
[2026-06-07T05:04:52] METRIC throughput_gbps=6.9108
[2026-06-07T05:04:52] METRIC latency_ms=15.0204
[2026-06-07T05:04:52] METRIC cpu_util_pct=21.31
[2026-06-07T05:04:52] RUN_END status=OK
[2026-06-07T05:06:54] RUN_START run_id=ABL_Static_MTU_081
[2026-06-07T05:06:54] PARAM variant=Static_MTU
[2026-06-07T05:06:54] PARAM dominant_loss_source=Non-adaptive sizing
[2026-06-07T05:06:54] METRIC object_size_bytes=507539.0
[2026-06-07T05:06:54] METRIC throughput_gbps=6.6043
[2026-06-07T05:06:54] METRIC latency_ms=16.5928
[2026-06-07T05:06:54] METRIC cpu_util_pct=21.49
[2026-06-07T05:06:54] RUN_END status=OK
[2026-06-07T05:09:31] RUN_START run_id=ABL_Static_MTU_082
[2026-06-07T05:09:31] PARAM variant=Static_MTU
[2026-06-07T05:09:31] PARAM dominant_loss_source=Non-adaptive sizing
[2026-06-07T05:09:31] METRIC object_size_bytes=328748.0
[2026-06-07T05:09:31] METRIC throughput_gbps=6.8833
[2026-06-07T05:09:31] METRIC latency_ms=15.7024
[2026-06-07T05:09:31] METRIC cpu_util_pct=21.12
[2026-06-07T05:09:31] RUN_END status=OK
[2026-06-07T05:09:53] RUN_START run_id=ABL_Static_MTU_083
[2026-06-07T05:09:53] PARAM variant=Static_MTU
[2026-06-07T05:09:53] PARAM dominant_loss_source=Non-adaptive sizing
[2026-06-07T05:09:53] METRIC object_size_bytes=228073.3
[2026-06-07T05:09:53] METRIC throughput_gbps=7.073
[2026-06-07T05:09:53] METRIC latency_ms=14.6484
[2026-06-07T05:09:53] METRIC cpu_util_pct=19.5
[2026-06-07T05:09:53] RUN_END status=OK
[2026-06-07T05:15:21] RUN_START run_id=ABL_Static_MTU_084
[2026-06-07T05:15:21] PARAM variant=Static_MTU
[2026-06-07T05:15:21] PARAM dominant_loss_source=Non-adaptive sizing
[2026-06-07T05:15:21] METRIC object_size_bytes=422875.9
[2026-06-07T05:15:21] METRIC throughput_gbps=6.6336
[2026-06-07T05:15:21] METRIC latency_ms=14.1025
[2026-06-07T05:15:21] METRIC cpu_util_pct=20.03
[2026-06-07T05:15:21] RUN_END status=OK
[2026-06-07T05:16:51] RUN_START run_id=ABL_Static_MTU_085
[2026-06-07T05:16:51] PARAM variant=Static_MTU
[2026-06-07T05:16:51] PARAM dominant_loss_source=Non-adaptive sizing
[2026-06-07T05:16:51] METRIC object_size_bytes=169062.2
[2026-06-07T05:16:51] METRIC throughput_gbps=7.1269
[2026-06-07T05:16:51] METRIC latency_ms=16.7324
[2026-06-07T05:16:51] METRIC cpu_util_pct=20.3
[2026-06-07T05:16:51] RUN_END status=OK
[2026-06-07T05:17:45] RUN_START run_id=ABL_Static_MTU_086
[2026-06-07T05:17:45] PARAM variant=Static_MTU
[2026-06-07T05:17:45] PARAM dominant_loss_source=Non-adaptive sizing
[2026-06-07T05:17:45] METRIC object_size_bytes=482715.0
[2026-06-07T05:17:45] METRIC throughput_gbps=6.5767
[2026-06-07T05:17:45] METRIC latency_ms=14.8127
[2026-06-07T05:17:45] METRIC cpu_util_pct=20.68
[2026-06-07T05:17:45] RUN_END status=OK
[2026-06-07T05:18:58] RUN_START run_id=ABL_Static_MTU_087
[2026-06-07T05:18:58] PARAM variant=Static_MTU
[2026-06-07T05:18:58] PARAM dominant_loss_source=Non-adaptive sizing
[2026-06-07T05:18:58] METRIC object_size_bytes=127495.2
[2026-06-07T05:18:58] METRIC throughput_gbps=6.5462
[2026-06-07T05:18:58] METRIC latency_ms=16.7831
[2026-06-07T05:18:58] METRIC cpu_util_pct=20.2
[2026-06-07T05:18:58] RUN_END status=OK
[2026-06-07T05:19:41] RUN_START run_id=ABL_Static_MTU_088
[2026-06-07T05:19:41] PARAM variant=Static_MTU
[2026-06-07T05:19:41] PARAM dominant_loss_source=Non-adaptive sizing
[2026-06-07T05:19:41] METRIC object_size_bytes=425605.3
[2026-06-07T05:19:41] METRIC throughput_gbps=6.8267
[2026-06-07T05:19:41] METRIC latency_ms=15.0252
[2026-06-07T05:19:41] METRIC cpu_util_pct=19.91
[2026-06-07T05:19:41] RUN_END status=OK
