[2026-06-05T12:04:26] RUN_START run_id=ABL_No_eBPF_XDP_121
[2026-06-05T12:04:26] PARAM variant=No_eBPF_XDP
[2026-06-05T12:04:26] PARAM dominant_loss_source=Kernel/userspace crossing
[2026-06-05T12:04:26] METRIC object_size_bytes=486247.0
[2026-06-05T12:04:26] METRIC throughput_gbps=5.5894
[2026-06-05T12:04:26] METRIC latency_ms=18.7791
[2026-06-05T12:04:26] METRIC cpu_util_pct=48.64
[2026-06-05T12:04:26] RUN_END status=OK
[2026-06-05T12:08:14] RUN_START run_id=ABL_No_eBPF_XDP_122
[2026-06-05T12:08:14] PARAM variant=No_eBPF_XDP
[2026-06-05T12:08:14] PARAM dominant_loss_source=Kernel/userspace crossing
[2026-06-05T12:08:14] METRIC object_size_bytes=150985.8
[2026-06-05T12:08:14] METRIC throughput_gbps=5.9933
[2026-06-05T12:08:14] METRIC latency_ms=18.8283
[2026-06-05T12:08:14] METRIC cpu_util_pct=45.99
[2026-06-05T12:08:14] RUN_END status=OK
[2026-06-05T12:08:37] RUN_START run_id=ABL_No_eBPF_XDP_123
[2026-06-05T12:08:37] PARAM variant=No_eBPF_XDP
[2026-06-05T12:08:37] PARAM dominant_loss_source=Kernel/userspace crossing
[2026-06-05T12:08:37] METRIC object_size_bytes=354805.5
[2026-06-05T12:08:37] METRIC throughput_gbps=5.884
[2026-06-05T12:08:37] METRIC latency_ms=17.9331
[2026-06-05T12:08:37] METRIC cpu_util_pct=47.8
[2026-06-05T12:08:37] RUN_END status=OK
[2026-06-05T12:09:10] RUN_START run_id=ABL_No_eBPF_XDP_124
[2026-06-05T12:09:10] PARAM variant=No_eBPF_XDP
[2026-06-05T12:09:10] PARAM dominant_loss_source=Kernel/userspace crossing
[2026-06-05T12:09:10] METRIC object_size_bytes=104276.8
[2026-06-05T12:09:10] METRIC throughput_gbps=6.0212
[2026-06-05T12:09:10] METRIC latency_ms=18.777
[2026-06-05T12:09:10] METRIC cpu_util_pct=46.89
[2026-06-05T12:09:10] RUN_END status=OK
[2026-06-05T12:15:47] RUN_START run_id=ABL_No_eBPF_XDP_125
[2026-06-05T12:15:47] PARAM variant=No_eBPF_XDP
[2026-06-05T12:15:47] PARAM dominant_loss_source=Kernel/userspace crossing
[2026-06-05T12:15:47] METRIC object_size_bytes=75435.7
[2026-06-05T12:15:47] METRIC throughput_gbps=5.8455
[2026-06-05T12:15:47] METRIC latency_ms=18.7725
[2026-06-05T12:15:47] METRIC cpu_util_pct=43.5
[2026-06-05T12:15:47] RUN_END status=OK
[2026-06-05T12:16:39] RUN_START run_id=ABL_No_eBPF_XDP_126
[2026-06-05T12:16:39] PARAM variant=No_eBPF_XDP
[2026-06-05T12:16:39] PARAM dominant_loss_source=Kernel/userspace crossing
[2026-06-05T12:16:39] METRIC object_size_bytes=346832.7
[2026-06-05T12:16:39] METRIC throughput_gbps=6.1216
[2026-06-05T12:16:39] METRIC latency_ms=19.9152
[2026-06-05T12:16:39] METRIC cpu_util_pct=45.99
[2026-06-05T12:16:39] RUN_END status=OK
[2026-06-05T12:21:04] RUN_START run_id=ABL_No_eBPF_XDP_127
[2026-06-05T12:21:04] PARAM variant=No_eBPF_XDP
[2026-06-05T12:21:04] PARAM dominant_loss_source=Kernel/userspace crossing
[2026-06-05T12:21:04] METRIC object_size_bytes=411464.8
[2026-06-05T12:21:04] METRIC throughput_gbps=6.0399
[2026-06-05T12:21:04] METRIC latency_ms=18.655
[2026-06-05T12:21:04] METRIC cpu_util_pct=53.31
[2026-06-05T12:21:04] RUN_END status=OK
[2026-06-05T12:21:40] RUN_START run_id=ABL_No_eBPF_XDP_128
[2026-06-05T12:21:40] PARAM variant=No_eBPF_XDP
[2026-06-05T12:21:40] PARAM dominant_loss_source=Kernel/userspace crossing
[2026-06-05T12:21:40] METRIC object_size_bytes=255983.3
[2026-06-05T12:21:40] METRIC throughput_gbps=5.8269
[2026-06-05T12:21:40] METRIC latency_ms=17.8968
[2026-06-05T12:21:40] METRIC cpu_util_pct=48.96
[2026-06-05T12:21:40] RUN_END status=OK
[2026-06-05T12:23:15] RUN_START run_id=ABL_No_eBPF_XDP_129
[2026-06-05T12:23:15] PARAM variant=No_eBPF_XDP
[2026-06-05T12:23:15] PARAM dominant_loss_source=Kernel/userspace crossing
[2026-06-05T12:23:15] METRIC object_size_bytes=452832.8
[2026-06-05T12:23:15] METRIC throughput_gbps=5.8542
[2026-06-05T12:23:15] METRIC latency_ms=19.0263
[2026-06-05T12:23:15] METRIC cpu_util_pct=46.97
[2026-06-05T12:23:15] RUN_END status=OK
[2026-06-05T12:25:38] RUN_START run_id=ABL_No_eBPF_XDP_130
[2026-06-05T12:25:38] PARAM variant=No_eBPF_XDP
[2026-06-05T12:25:38] PARAM dominant_loss_source=Kernel/userspace crossing
[2026-06-05T12:25:38] METRIC object_size_bytes=131798.4
[2026-06-05T12:25:38] METRIC throughput_gbps=5.8146
[2026-06-05T12:25:38] METRIC latency_ms=18.9443
[2026-06-05T12:25:38] METRIC cpu_util_pct=49.5
[2026-06-05T12:25:38] RUN_END status=OK
[2026-06-05T12:30:01] RUN_START run_id=ABL_No_eBPF_XDP_131
[2026-06-05T12:30:01] PARAM variant=No_eBPF_XDP
[2026-06-05T12:30:01] PARAM dominant_loss_source=Kernel/userspace crossing
[2026-06-05T12:30:01] METRIC object_size_bytes=129954.2
[2026-06-05T12:30:01] METRIC throughput_gbps=5.8026
[2026-06-05T12:30:01] METRIC latency_ms=18.3
[2026-06-05T12:30:01] METRIC cpu_util_pct=44.96
[2026-06-05T12:30:01] RUN_END status=OK
[2026-06-05T12:34:16] RUN_START run_id=ABL_No_eBPF_XDP_132
[2026-06-05T12:34:16] PARAM variant=No_eBPF_XDP
[2026-06-05T12:34:16] PARAM dominant_loss_source=Kernel/userspace crossing
[2026-06-05T12:34:16] METRIC object_size_bytes=219632.7
[2026-06-05T12:34:16] METRIC throughput_gbps=5.9904
[2026-06-05T12:34:16] METRIC latency_ms=17.4992
[2026-06-05T12:34:16] METRIC cpu_util_pct=47.04
[2026-06-05T12:34:16] RUN_END status=OK
[2026-06-05T12:35:52] RUN_START run_id=ABL_No_eBPF_XDP_133
[2026-06-05T12:35:52] PARAM variant=No_eBPF_XDP
[2026-06-05T12:35:52] PARAM dominant_loss_source=Kernel/userspace crossing
[2026-06-05T12:35:52] METRIC object_size_bytes=499714.1
[2026-06-05T12:35:52] METRIC throughput_gbps=5.8262
[2026-06-05T12:35:52] METRIC latency_ms=18.9937
[2026-06-05T12:35:52] METRIC cpu_util_pct=52.66
[2026-06-05T12:35:52] RUN_END status=OK
[2026-06-05T14:08:42] RUN_START run_id=ABL_No_eBPF_XDP_134
[2026-06-05T14:08:42] PARAM variant=No_eBPF_XDP
[2026-06-05T14:08:42] PARAM dominant_loss_source=Kernel/userspace crossing
[2026-06-05T14:08:42] METRIC object_size_bytes=357805.0
[2026-06-05T14:08:42] METRIC throughput_gbps=5.6254
[2026-06-05T14:08:42] METRIC latency_ms=18.6715
[2026-06-05T14:08:42] METRIC cpu_util_pct=48.64
[2026-06-05T14:08:42] RUN_END status=OK
