[2026-06-24T01:12:15] RUN_START run_id=ABL_No_ML_104
[2026-06-24T01:12:15] PARAM variant=No_ML
[2026-06-24T01:12:15] PARAM dominant_loss_source=Fragmentation
[2026-06-24T01:12:15] METRIC object_size_bytes=106267.4
[2026-06-24T01:12:15] METRIC throughput_gbps=7.4311
[2026-06-24T01:12:15] METRIC latency_ms=15.8675
[2026-06-24T01:12:15] METRIC cpu_util_pct=22.23
[2026-06-24T01:12:15] RUN_END status=OK
[2026-06-24T01:14:15] RUN_START run_id=ABL_No_ML_105
[2026-06-24T01:14:15] PARAM variant=No_ML
[2026-06-24T01:14:15] PARAM dominant_loss_source=Fragmentation
[2026-06-24T01:14:15] METRIC object_size_bytes=493148.6
[2026-06-24T01:14:15] METRIC throughput_gbps=6.68
[2026-06-24T01:14:15] METRIC latency_ms=16.3976
[2026-06-24T01:14:15] METRIC cpu_util_pct=20.71
[2026-06-24T01:14:15] RUN_END status=OK
[2026-06-24T01:18:08] RUN_START run_id=ABL_No_ML_106
[2026-06-24T01:18:08] PARAM variant=No_ML
[2026-06-24T01:18:08] PARAM dominant_loss_source=Fragmentation
[2026-06-24T01:18:08] METRIC object_size_bytes=92806.6
[2026-06-24T01:18:08] METRIC throughput_gbps=7.3167
[2026-06-24T01:18:08] METRIC latency_ms=15.7998
[2026-06-24T01:18:08] METRIC cpu_util_pct=22.93
[2026-06-24T01:18:08] RUN_END status=OK
[2026-06-24T01:20:05] RUN_START run_id=ABL_No_ML_107
[2026-06-24T01:20:05] PARAM variant=No_ML
[2026-06-24T01:20:05] PARAM dominant_loss_source=Fragmentation
[2026-06-24T01:20:05] METRIC object_size_bytes=129830.0
[2026-06-24T01:20:05] METRIC throughput_gbps=7.543
[2026-06-24T01:20:05] METRIC latency_ms=14.8414
[2026-06-24T01:20:05] METRIC cpu_util_pct=22.59
[2026-06-24T01:20:05] RUN_END status=OK
[2026-06-24T01:20:59] RUN_START run_id=ABL_No_ML_108
[2026-06-24T01:20:59] PARAM variant=No_ML
[2026-06-24T01:20:59] PARAM dominant_loss_source=Fragmentation
[2026-06-24T01:20:59] METRIC object_size_bytes=217803.2
[2026-06-24T01:20:59] METRIC throughput_gbps=6.939
[2026-06-24T01:20:59] METRIC latency_ms=17.2678
[2026-06-24T01:20:59] METRIC cpu_util_pct=22.8
[2026-06-24T01:20:59] RUN_END status=OK
[2026-06-24T01:23:25] RUN_START run_id=ABL_No_ML_109
[2026-06-24T01:23:25] PARAM variant=No_ML
[2026-06-24T01:23:25] PARAM dominant_loss_source=Fragmentation
[2026-06-24T01:23:25] METRIC object_size_bytes=193256.6
[2026-06-24T01:23:25] METRIC throughput_gbps=6.9548
[2026-06-24T01:23:25] METRIC latency_ms=15.9682
[2026-06-24T01:23:25] METRIC cpu_util_pct=22.7
[2026-06-24T01:23:25] RUN_END status=OK
[2026-06-24T01:27:31] RUN_START run_id=ABL_No_ML_110
[2026-06-24T01:27:31] PARAM variant=No_ML
[2026-06-24T01:27:31] PARAM dominant_loss_source=Fragmentation
[2026-06-24T01:27:31] METRIC object_size_bytes=305035.5
[2026-06-24T01:27:31] METRIC throughput_gbps=7.2354
[2026-06-24T01:27:31] METRIC latency_ms=14.6529
[2026-06-24T01:27:31] METRIC cpu_util_pct=21.34
[2026-06-24T01:27:31] RUN_END status=OK
[2026-06-24T01:28:07] RUN_START run_id=ABL_No_ML_111
[2026-06-24T01:28:07] PARAM variant=No_ML
[2026-06-24T01:28:07] PARAM dominant_loss_source=Fragmentation
[2026-06-24T01:28:07] METRIC object_size_bytes=74015.8
[2026-06-24T01:28:07] METRIC throughput_gbps=7.2146
[2026-06-24T01:28:07] METRIC latency_ms=15.2536
[2026-06-24T01:28:07] METRIC cpu_util_pct=19.79
[2026-06-24T01:28:07] RUN_END status=OK
[2026-06-24T01:30:19] RUN_START run_id=ABL_No_ML_112
[2026-06-24T01:30:19] PARAM variant=No_ML
[2026-06-24T01:30:19] PARAM dominant_loss_source=Fragmentation
[2026-06-24T01:30:19] METRIC object_size_bytes=78790.8
[2026-06-24T01:30:19] METRIC throughput_gbps=7.1328
[2026-06-24T01:30:19] METRIC latency_ms=18.9467
[2026-06-24T01:30:19] METRIC cpu_util_pct=22.29
[2026-06-24T01:30:19] RUN_END status=OK
[2026-06-24T01:33:47] RUN_START run_id=ABL_No_ML_113
[2026-06-24T01:33:47] PARAM variant=No_ML
[2026-06-24T01:33:47] PARAM dominant_loss_source=Fragmentation
[2026-06-24T01:33:47] METRIC object_size_bytes=369544.2
[2026-06-24T01:33:47] METRIC throughput_gbps=7.8315
[2026-06-24T01:33:47] METRIC latency_ms=16.1385
[2026-06-24T01:33:47] METRIC cpu_util_pct=21.76
[2026-06-24T01:33:47] RUN_END status=OK
[2026-06-24T01:36:45] RUN_START run_id=ABL_No_ML_114
[2026-06-24T01:36:45] PARAM variant=No_ML
[2026-06-24T01:36:45] PARAM dominant_loss_source=Fragmentation
[2026-06-24T01:36:45] METRIC object_size_bytes=384934.3
[2026-06-24T01:36:45] METRIC throughput_gbps=6.9782
[2026-06-24T01:36:45] METRIC latency_ms=15.1124
[2026-06-24T01:36:45] METRIC cpu_util_pct=19.49
[2026-06-24T01:36:45] RUN_END status=OK
[2026-06-24T08:57:18] RUN_START run_id=ABL_No_ML_115
[2026-06-24T08:57:18] PARAM variant=No_ML
[2026-06-24T08:57:18] PARAM dominant_loss_source=Fragmentation
[2026-06-24T08:57:18] METRIC object_size_bytes=158107.7
[2026-06-24T08:57:18] METRIC throughput_gbps=7.4355
[2026-06-24T08:57:18] METRIC latency_ms=14.6137
[2026-06-24T08:57:18] METRIC cpu_util_pct=19.52
[2026-06-24T08:57:18] RUN_END status=OK
[2026-06-24T08:58:32] RUN_START run_id=ABL_No_ML_116
[2026-06-24T08:58:32] PARAM variant=No_ML
[2026-06-24T08:58:32] PARAM dominant_loss_source=Fragmentation
[2026-06-24T08:58:32] METRIC object_size_bytes=311986.9
[2026-06-24T08:58:32] METRIC throughput_gbps=7.7872
[2026-06-24T08:58:32] METRIC latency_ms=14.837
[2026-06-24T08:58:32] METRIC cpu_util_pct=20.14
[2026-06-24T08:58:32] RUN_END status=OK
[2026-06-24T09:00:04] RUN_START run_id=ABL_No_ML_117
[2026-06-24T09:00:04] PARAM variant=No_ML
[2026-06-24T09:00:04] PARAM dominant_loss_source=Fragmentation
[2026-06-24T09:00:04] METRIC object_size_bytes=500714.0
[2026-06-24T09:00:04] METRIC throughput_gbps=7.1574
[2026-06-24T09:00:04] METRIC latency_ms=15.9254
[2026-06-24T09:00:04] METRIC cpu_util_pct=20.49
[2026-06-24T09:00:04] RUN_END status=OK
[2026-06-24T09:01:09] RUN_START run_id=ABL_No_ML_118
[2026-06-24T09:01:09] PARAM variant=No_ML
[2026-06-24T09:01:09] PARAM dominant_loss_source=Fragmentation
[2026-06-24T09:01:09] METRIC object_size_bytes=160511.2
[2026-06-24T09:01:09] METRIC throughput_gbps=6.9215
[2026-06-24T09:01:09] METRIC latency_ms=16.7586
[2026-06-24T09:01:09] METRIC cpu_util_pct=20.13
[2026-06-24T09:01:09] RUN_END status=OK
[2026-06-24T09:03:46] RUN_START run_id=ABL_No_ML_119
[2026-06-24T09:03:46] PARAM variant=No_ML
[2026-06-24T09:03:46] PARAM dominant_loss_source=Fragmentation
[2026-06-24T09:03:46] METRIC object_size_bytes=464256.3
[2026-06-24T09:03:46] METRIC throughput_gbps=7.7113
[2026-06-24T09:03:46] METRIC latency_ms=16.5694
[2026-06-24T09:03:46] METRIC cpu_util_pct=19.86
[2026-06-24T09:03:46] RUN_END status=OK
[2026-06-24T09:05:38] RUN_START run_id=ABL_No_ML_120
[2026-06-24T09:05:38] PARAM variant=No_ML
[2026-06-24T09:05:38] PARAM dominant_loss_source=Fragmentation
[2026-06-24T09:05:38] METRIC object_size_bytes=417931.5
[2026-06-24T09:05:38] METRIC throughput_gbps=7.0139
[2026-06-24T09:05:38] METRIC latency_ms=16.1737
[2026-06-24T09:05:38] METRIC cpu_util_pct=20.06
[2026-06-24T09:05:38] RUN_END status=OK
