[2026-06-01T12:35:31] RUN_START run_id=ABL_No_eBPF_XDP_016
[2026-06-01T12:35:31] PARAM variant=No_eBPF_XDP
[2026-06-01T12:35:31] PARAM dominant_loss_source=Kernel/userspace crossing
[2026-06-01T12:35:31] METRIC object_size_bytes=367483.4
[2026-06-01T12:35:31] METRIC throughput_gbps=5.4722
[2026-06-01T12:35:31] METRIC latency_ms=18.7234
[2026-06-01T12:35:31] METRIC cpu_util_pct=46.29
[2026-06-01T12:35:31] RUN_END status=OK
[2026-06-01T12:39:11] RUN_START run_id=ABL_No_eBPF_XDP_017
[2026-06-01T12:39:11] PARAM variant=No_eBPF_XDP
[2026-06-01T12:39:11] PARAM dominant_loss_source=Kernel/userspace crossing
[2026-06-01T12:39:11] METRIC object_size_bytes=328582.3
[2026-06-01T12:39:11] METRIC throughput_gbps=5.9723
[2026-06-01T12:39:11] METRIC latency_ms=16.7519
[2026-06-01T12:39:11] METRIC cpu_util_pct=50.62
[2026-06-01T12:39:11] RUN_END status=OK
[2026-06-01T12:41:18] RUN_START run_id=ABL_No_eBPF_XDP_018
[2026-06-01T12:41:18] PARAM variant=No_eBPF_XDP
[2026-06-01T12:41:18] PARAM dominant_loss_source=Kernel/userspace crossing
[2026-06-01T12:41:18] METRIC object_size_bytes=219053.3
[2026-06-01T12:41:18] METRIC throughput_gbps=6.3309
[2026-06-01T12:41:18] METRIC latency_ms=19.6012
[2026-06-01T12:41:18] METRIC cpu_util_pct=45.63
[2026-06-01T12:41:18] RUN_END status=OK
[2026-06-01T12:42:52] RUN_START run_id=ABL_No_eBPF_XDP_019
[2026-06-01T12:42:52] PARAM variant=No_eBPF_XDP
[2026-06-01T12:42:52] PARAM dominant_loss_source=Kernel/userspace crossing
[2026-06-01T12:42:52] METRIC object_size_bytes=384788.2
[2026-06-01T12:42:52] METRIC throughput_gbps=6.3903
[2026-06-01T12:42:52] METRIC latency_ms=17.9904
[2026-06-01T12:42:52] METRIC cpu_util_pct=47.09
[2026-06-01T12:42:52] RUN_END status=OK
[2026-06-01T12:43:49] RUN_START run_id=ABL_No_eBPF_XDP_020
[2026-06-01T12:43:49] PARAM variant=No_eBPF_XDP
[2026-06-01T12:43:49] PARAM dominant_loss_source=Kernel/userspace crossing
[2026-06-01T12:43:49] METRIC object_size_bytes=96947.9
[2026-06-01T12:43:49] METRIC throughput_gbps=5.9102
[2026-06-01T12:43:49] METRIC latency_ms=17.9285
[2026-06-01T12:43:49] METRIC cpu_util_pct=45.57
[2026-06-01T12:43:49] RUN_END status=OK
[2026-06-01T12:46:28] RUN_START run_id=ABL_No_eBPF_XDP_021
[2026-06-01T12:46:28] PARAM variant=No_eBPF_XDP
[2026-06-01T12:46:28] PARAM dominant_loss_source=Kernel/userspace crossing
[2026-06-01T12:46:28] METRIC object_size_bytes=379513.7
[2026-06-01T12:46:28] METRIC throughput_gbps=6.08
[2026-06-01T12:46:28] METRIC latency_ms=17.4681
[2026-06-01T12:46:28] METRIC cpu_util_pct=42.98
[2026-06-01T12:46:28] RUN_END status=OK
[2026-06-01T12:46:48] RUN_START run_id=ABL_No_eBPF_XDP_022
[2026-06-01T12:46:48] PARAM variant=No_eBPF_XDP
[2026-06-01T12:46:48] PARAM dominant_loss_source=Kernel/userspace crossing
[2026-06-01T12:46:48] METRIC object_size_bytes=359203.1
[2026-06-01T12:46:48] METRIC throughput_gbps=5.9113
[2026-06-01T12:46:48] METRIC latency_ms=20.8086
[2026-06-01T12:46:48] METRIC cpu_util_pct=48.21
[2026-06-01T12:46:48] RUN_END status=OK
[2026-06-01T12:48:43] RUN_START run_id=ABL_No_eBPF_XDP_023
[2026-06-01T12:48:43] PARAM variant=No_eBPF_XDP
[2026-06-01T12:48:43] PARAM dominant_loss_source=Kernel/userspace crossing
[2026-06-01T12:48:43] METRIC object_size_bytes=427719.5
[2026-06-01T12:48:43] METRIC throughput_gbps=5.896
[2026-06-01T12:48:43] METRIC latency_ms=17.3013
[2026-06-01T12:48:43] METRIC cpu_util_pct=49.48
[2026-06-01T12:48:43] RUN_END status=OK
[2026-06-01T12:50:20] RUN_START run_id=ABL_No_eBPF_XDP_024
[2026-06-01T12:50:20] PARAM variant=No_eBPF_XDP
[2026-06-01T12:50:20] PARAM dominant_loss_source=Kernel/userspace crossing
[2026-06-01T12:50:20] METRIC object_size_bytes=71092.2
[2026-06-01T12:50:20] METRIC throughput_gbps=6.2425
[2026-06-01T12:50:20] METRIC latency_ms=19.448
[2026-06-01T12:50:20] METRIC cpu_util_pct=48.59
[2026-06-01T12:50:20] RUN_END status=OK
[2026-06-01T12:51:12] RUN_START run_id=ABL_No_eBPF_XDP_025
[2026-06-01T12:51:12] PARAM variant=No_eBPF_XDP
[2026-06-01T12:51:12] PARAM dominant_loss_source=Kernel/userspace crossing
[2026-06-01T12:51:12] METRIC object_size_bytes=100909.6
[2026-06-01T12:51:12] METRIC throughput_gbps=5.8591
[2026-06-01T12:51:12] METRIC latency_ms=18.0956
[2026-06-01T12:51:12] METRIC cpu_util_pct=50.75
[2026-06-01T12:51:12] RUN_END status=OK
[2026-06-01T12:55:09] RUN_START run_id=ABL_No_eBPF_XDP_026
[2026-06-01T12:55:09] PARAM variant=No_eBPF_XDP
[2026-06-01T12:55:09] PARAM dominant_loss_source=Kernel/userspace crossing
[2026-06-01T12:55:09] METRIC object_size_bytes=497770.2
[2026-06-01T12:55:09] METRIC throughput_gbps=6.1084
[2026-06-01T12:55:09] METRIC latency_ms=17.7895
[2026-06-01T12:55:09] METRIC cpu_util_pct=47.29
[2026-06-01T12:55:09] RUN_END status=OK
[2026-06-01T12:56:55] RUN_START run_id=ABL_No_eBPF_XDP_027
[2026-06-01T12:56:55] PARAM variant=No_eBPF_XDP
[2026-06-01T12:56:55] PARAM dominant_loss_source=Kernel/userspace crossing
[2026-06-01T12:56:55] METRIC object_size_bytes=375709.9
[2026-06-01T12:56:55] METRIC throughput_gbps=5.7741
[2026-06-01T12:56:55] METRIC latency_ms=18.4637
[2026-06-01T12:56:55] METRIC cpu_util_pct=46.77
[2026-06-01T12:56:55] RUN_END status=OK
[2026-06-02T13:16:02] RUN_START run_id=ABL_No_eBPF_XDP_028
[2026-06-02T13:16:02] PARAM variant=No_eBPF_XDP
[2026-06-02T13:16:02] PARAM dominant_loss_source=Kernel/userspace crossing
[2026-06-02T13:16:02] METRIC object_size_bytes=210805.7
[2026-06-02T13:16:02] METRIC throughput_gbps=6.0754
[2026-06-02T13:16:02] METRIC latency_ms=18.573
[2026-06-02T13:16:02] METRIC cpu_util_pct=48.27
[2026-06-02T13:16:02] RUN_END status=OK
[2026-06-02T13:19:03] RUN_START run_id=ABL_No_eBPF_XDP_029
[2026-06-02T13:19:03] PARAM variant=No_eBPF_XDP
[2026-06-02T13:19:03] PARAM dominant_loss_source=Kernel/userspace crossing
[2026-06-02T13:19:03] METRIC object_size_bytes=271204.0
[2026-06-02T13:19:03] METRIC throughput_gbps=6.0066
[2026-06-02T13:19:03] METRIC latency_ms=20.6217
[2026-06-02T13:19:03] METRIC cpu_util_pct=44.31
[2026-06-02T13:19:03] RUN_END status=OK
[2026-06-02T13:20:00] RUN_START run_id=ABL_No_eBPF_XDP_030
[2026-06-02T13:20:00] PARAM variant=No_eBPF_XDP
[2026-06-02T13:20:00] PARAM dominant_loss_source=Kernel/userspace crossing
[2026-06-02T13:20:00] METRIC object_size_bytes=261451.8
[2026-06-02T13:20:00] METRIC throughput_gbps=5.8494
[2026-06-02T13:20:00] METRIC latency_ms=18.7155
[2026-06-02T13:20:00] METRIC cpu_util_pct=44.33
[2026-06-02T13:20:00] RUN_END status=OK
[2026-06-02T13:20:39] RUN_START run_id=ABL_No_eBPF_XDP_031
[2026-06-02T13:20:39] PARAM variant=No_eBPF_XDP
[2026-06-02T13:20:39] PARAM dominant_loss_source=Kernel/userspace crossing
[2026-06-02T13:20:39] METRIC object_size_bytes=446738.8
[2026-06-02T13:20:39] METRIC throughput_gbps=6.0803
[2026-06-02T13:20:39] METRIC latency_ms=17.4253
[2026-06-02T13:20:39] METRIC cpu_util_pct=46.62
[2026-06-02T13:20:39] RUN_END status=OK
[2026-06-02T13:24:33] RUN_START run_id=ABL_No_eBPF_XDP_032
[2026-06-02T13:24:33] PARAM variant=No_eBPF_XDP
[2026-06-02T13:24:33] PARAM dominant_loss_source=Kernel/userspace crossing
[2026-06-02T13:24:33] METRIC object_size_bytes=418208.2
[2026-06-02T13:24:33] METRIC throughput_gbps=6.0572
[2026-06-02T13:24:33] METRIC latency_ms=19.3382
[2026-06-02T13:24:33] METRIC cpu_util_pct=45.33
[2026-06-02T13:24:33] RUN_END status=OK
[2026-06-02T13:25:38] RUN_START run_id=ABL_No_eBPF_XDP_033
[2026-06-02T13:25:38] PARAM variant=No_eBPF_XDP
[2026-06-02T13:25:38] PARAM dominant_loss_source=Kernel/userspace crossing
[2026-06-02T13:25:38] METRIC object_size_bytes=265589.2
[2026-06-02T13:25:38] METRIC throughput_gbps=6.0418
[2026-06-02T13:25:38] METRIC latency_ms=18.2674
[2026-06-02T13:25:38] METRIC cpu_util_pct=46.24
[2026-06-02T13:25:38] RUN_END status=OK
[2026-06-02T13:26:34] RUN_START run_id=ABL_No_eBPF_XDP_034
[2026-06-02T13:26:34] PARAM variant=No_eBPF_XDP
[2026-06-02T13:26:34] PARAM dominant_loss_source=Kernel/userspace crossing
[2026-06-02T13:26:34] METRIC object_size_bytes=174485.7
[2026-06-02T13:26:34] METRIC throughput_gbps=5.8358
[2026-06-02T13:26:34] METRIC latency_ms=18.9888
[2026-06-02T13:26:34] METRIC cpu_util_pct=43.22
[2026-06-02T13:26:34] RUN_END status=OK
[2026-06-02T13:31:36] RUN_START run_id=ABL_No_eBPF_XDP_035
[2026-06-02T13:31:36] PARAM variant=No_eBPF_XDP
[2026-06-02T13:31:36] PARAM dominant_loss_source=Kernel/userspace crossing
[2026-06-02T13:31:36] METRIC object_size_bytes=241033.4
[2026-06-02T13:31:36] METRIC throughput_gbps=5.9272
[2026-06-02T13:31:36] METRIC latency_ms=17.7793
[2026-06-02T13:31:36] METRIC cpu_util_pct=42.32
[2026-06-02T13:31:36] RUN_END status=OK
[2026-06-02T13:33:35] RUN_START run_id=ABL_No_eBPF_XDP_036
[2026-06-02T13:33:35] PARAM variant=No_eBPF_XDP
[2026-06-02T13:33:35] PARAM dominant_loss_source=Kernel/userspace crossing
[2026-06-02T13:33:35] METRIC object_size_bytes=259296.0
[2026-06-02T13:33:35] METRIC throughput_gbps=5.8267
[2026-06-02T13:33:35] METRIC latency_ms=20.2137
[2026-06-02T13:33:35] METRIC cpu_util_pct=49.74
[2026-06-02T13:33:35] RUN_END status=OK
[2026-06-02T13:34:42] RUN_START run_id=ABL_No_eBPF_XDP_037
[2026-06-02T13:34:42] PARAM variant=No_eBPF_XDP
[2026-06-02T13:34:42] PARAM dominant_loss_source=Kernel/userspace crossing
[2026-06-02T13:34:42] METRIC object_size_bytes=410366.7
[2026-06-02T13:34:42] METRIC throughput_gbps=5.8576
[2026-06-02T13:34:42] METRIC latency_ms=17.0905
[2026-06-02T13:34:42] METRIC cpu_util_pct=47.32
[2026-06-02T13:34:42] RUN_END status=OK
