[2026-06-15T12:26:18] RUN_START run_id=ABL_Full_uDCN_103
[2026-06-15T12:26:18] PARAM variant=Full_uDCN
[2026-06-15T12:26:18] PARAM dominant_loss_source=-
[2026-06-15T12:26:18] METRIC object_size_bytes=239993.4
[2026-06-15T12:26:18] METRIC throughput_gbps=8.6182
[2026-06-15T12:26:18] METRIC latency_ms=11.7056
[2026-06-15T12:26:18] METRIC cpu_util_pct=18.69
[2026-06-15T12:26:18] RUN_END status=OK
[2026-06-15T12:26:51] RUN_START run_id=ABL_Full_uDCN_104
[2026-06-15T12:26:51] PARAM variant=Full_uDCN
[2026-06-15T12:26:51] PARAM dominant_loss_source=-
[2026-06-15T12:26:51] METRIC object_size_bytes=130840.8
[2026-06-15T12:26:51] METRIC throughput_gbps=7.9536
[2026-06-15T12:26:51] METRIC latency_ms=12.2205
[2026-06-15T12:26:51] METRIC cpu_util_pct=18.06
[2026-06-15T12:26:51] RUN_END status=OK
[2026-06-15T12:28:34] RUN_START run_id=ABL_Full_uDCN_105
[2026-06-15T12:28:34] PARAM variant=Full_uDCN
[2026-06-15T12:28:34] PARAM dominant_loss_source=-
[2026-06-15T12:28:34] METRIC object_size_bytes=150453.2
[2026-06-15T12:28:34] METRIC throughput_gbps=8.3031
[2026-06-15T12:28:34] METRIC latency_ms=11.393
[2026-06-15T12:28:34] METRIC cpu_util_pct=17.47
[2026-06-15T12:28:34] RUN_END status=OK
[2026-06-15T12:29:09] RUN_START run_id=ABL_Full_uDCN_106
[2026-06-15T12:29:09] PARAM variant=Full_uDCN
[2026-06-15T12:29:09] PARAM dominant_loss_source=-
[2026-06-15T12:29:09] METRIC object_size_bytes=320489.3
[2026-06-15T12:29:09] METRIC throughput_gbps=8.3294
[2026-06-15T12:29:09] METRIC latency_ms=11.4331
[2026-06-15T12:29:09] METRIC cpu_util_pct=18.04
[2026-06-15T12:29:09] RUN_END status=OK
[2026-06-15T12:29:49] RUN_START run_id=ABL_Full_uDCN_107
[2026-06-15T12:29:49] PARAM variant=Full_uDCN
[2026-06-15T12:29:49] PARAM dominant_loss_source=-
[2026-06-15T12:29:49] METRIC object_size_bytes=78829.2
[2026-06-15T12:29:49] METRIC throughput_gbps=8.2007
[2026-06-15T12:29:49] METRIC latency_ms=12.1873
[2026-06-15T12:29:49] METRIC cpu_util_pct=18.33
[2026-06-15T12:29:49] RUN_END status=OK
[2026-06-15T12:33:08] RUN_START run_id=ABL_Full_uDCN_108
[2026-06-15T12:33:08] PARAM variant=Full_uDCN
[2026-06-15T12:33:08] PARAM dominant_loss_source=-
[2026-06-15T12:33:08] METRIC object_size_bytes=436026.0
[2026-06-15T12:33:08] METRIC throughput_gbps=8.1078
[2026-06-15T12:33:08] METRIC latency_ms=12.7975
[2026-06-15T12:33:08] METRIC cpu_util_pct=17.71
[2026-06-15T12:33:08] RUN_END status=OK
[2026-06-15T12:36:13] RUN_START run_id=ABL_Full_uDCN_109
[2026-06-15T12:36:13] PARAM variant=Full_uDCN
[2026-06-15T12:36:13] PARAM dominant_loss_source=-
[2026-06-15T12:36:13] METRIC object_size_bytes=157234.4
[2026-06-15T12:36:13] METRIC throughput_gbps=8.5109
[2026-06-15T12:36:13] METRIC latency_ms=11.67
[2026-06-15T12:36:13] METRIC cpu_util_pct=17.78
[2026-06-15T12:36:13] RUN_END status=OK
[2026-06-15T12:36:43] RUN_START run_id=ABL_Full_uDCN_110
[2026-06-15T12:36:43] PARAM variant=Full_uDCN
[2026-06-15T12:36:43] PARAM dominant_loss_source=-
[2026-06-15T12:36:43] METRIC object_size_bytes=185643.0
[2026-06-15T12:36:43] METRIC throughput_gbps=8.1976
[2026-06-15T12:36:43] METRIC latency_ms=12.5747
[2026-06-15T12:36:43] METRIC cpu_util_pct=19.26
[2026-06-15T12:36:43] RUN_END status=OK
[2026-06-15T12:39:15] RUN_START run_id=ABL_Full_uDCN_111
[2026-06-15T12:39:15] PARAM variant=Full_uDCN
[2026-06-15T12:39:15] PARAM dominant_loss_source=-
[2026-06-15T12:39:15] METRIC object_size_bytes=70628.6
[2026-06-15T12:39:15] METRIC throughput_gbps=8.3349
[2026-06-15T12:39:15] METRIC latency_ms=13.7297
[2026-06-15T12:39:15] METRIC cpu_util_pct=17.82
[2026-06-15T12:39:15] RUN_END status=OK
[2026-06-15T12:39:55] RUN_START run_id=ABL_Full_uDCN_112
[2026-06-15T12:39:55] PARAM variant=Full_uDCN
[2026-06-15T12:39:55] PARAM dominant_loss_source=-
[2026-06-15T12:39:55] METRIC object_size_bytes=505461.8
[2026-06-15T12:39:55] METRIC throughput_gbps=8.5084
[2026-06-15T12:39:55] METRIC latency_ms=12.624
[2026-06-15T12:39:55] METRIC cpu_util_pct=16.04
[2026-06-15T12:39:55] RUN_END status=OK
