[2026-06-01T12:00:00] RUN_START run_id=ABL_No_eBPF_XDP_001
[2026-06-01T12:00:00] PARAM variant=No_eBPF_XDP
[2026-06-01T12:00:00] PARAM dominant_loss_source=Kernel/userspace crossing
[2026-06-01T12:00:00] METRIC object_size_bytes=232320.6
[2026-06-01T12:00:00] METRIC throughput_gbps=6.06
[2026-06-01T12:00:00] METRIC latency_ms=18.6395
[2026-06-01T12:00:00] METRIC cpu_util_pct=49.0
[2026-06-01T12:00:00] RUN_END status=OK
[2026-06-01T12:01:49] RUN_START run_id=ABL_No_eBPF_XDP_002
[2026-06-01T12:01:49] PARAM variant=No_eBPF_XDP
[2026-06-01T12:01:49] PARAM dominant_loss_source=Kernel/userspace crossing
[2026-06-01T12:01:49] METRIC object_size_bytes=455723.2
[2026-06-01T12:01:49] METRIC throughput_gbps=5.715
[2026-06-01T12:01:49] METRIC latency_ms=19.4037
[2026-06-01T12:01:49] METRIC cpu_util_pct=46.89
[2026-06-01T12:01:49] RUN_END status=OK
[2026-06-01T12:04:38] RUN_START run_id=ABL_No_eBPF_XDP_003
[2026-06-01T12:04:38] PARAM variant=No_eBPF_XDP
[2026-06-01T12:04:38] PARAM dominant_loss_source=Kernel/userspace crossing
[2026-06-01T12:04:38] METRIC object_size_bytes=409627.3
[2026-06-01T12:04:38] METRIC throughput_gbps=6.4299
[2026-06-01T12:04:38] METRIC latency_ms=19.1594
[2026-06-01T12:04:38] METRIC cpu_util_pct=51.95
[2026-06-01T12:04:38] RUN_END status=OK
[2026-06-01T12:08:05] RUN_START run_id=ABL_No_eBPF_XDP_004
[2026-06-01T12:08:05] PARAM variant=No_eBPF_XDP
[2026-06-01T12:08:05] PARAM dominant_loss_source=Kernel/userspace crossing
[2026-06-01T12:08:05] METRIC object_size_bytes=315932.2
[2026-06-01T12:08:05] METRIC throughput_gbps=5.8721
[2026-06-01T12:08:05] METRIC latency_ms=19.3838
[2026-06-01T12:08:05] METRIC cpu_util_pct=45.09
[2026-06-01T12:08:05] RUN_END status=OK
[2026-06-01T12:11:00] RUN_START run_id=ABL_No_eBPF_XDP_005
[2026-06-01T12:11:00] PARAM variant=No_eBPF_XDP
[2026-06-01T12:11:00] PARAM dominant_loss_source=Kernel/userspace crossing
[2026-06-01T12:11:00] METRIC object_size_bytes=184793.9
[2026-06-01T12:11:00] METRIC throughput_gbps=5.4684
[2026-06-01T12:11:00] METRIC latency_ms=19.7515
[2026-06-01T12:11:00] METRIC cpu_util_pct=44.92
[2026-06-01T12:11:00] RUN_END status=OK
[2026-06-01T12:11:32] RUN_START run_id=ABL_No_eBPF_XDP_006
[2026-06-01T12:11:32] PARAM variant=No_eBPF_XDP
[2026-06-01T12:11:32] PARAM dominant_loss_source=Kernel/userspace crossing
[2026-06-01T12:11:32] METRIC object_size_bytes=460583.3
[2026-06-01T12:11:32] METRIC throughput_gbps=6.0605
[2026-06-01T12:11:32] METRIC latency_ms=17.7993
[2026-06-01T12:11:32] METRIC cpu_util_pct=50.36
[2026-06-01T12:11:32] RUN_END status=OK
[2026-06-01T12:15:46] RUN_START run_id=ABL_No_eBPF_XDP_007
[2026-06-01T12:15:46] PARAM variant=No_eBPF_XDP
[2026-06-01T12:15:46] PARAM dominant_loss_source=Kernel/userspace crossing
[2026-06-01T12:15:46] METRIC object_size_bytes=202945.7
[2026-06-01T12:15:46] METRIC throughput_gbps=6.0037
[2026-06-01T12:15:46] METRIC latency_ms=19.2752
[2026-06-01T12:15:46] METRIC cpu_util_pct=42.51
[2026-06-01T12:15:46] RUN_END status=OK
[2026-06-01T12:17:44] RUN_START run_id=ABL_No_eBPF_XDP_008
[2026-06-01T12:17:44] PARAM variant=No_eBPF_XDP
[2026-06-01T12:17:44] PARAM dominant_loss_source=Kernel/userspace crossing
[2026-06-01T12:17:44] METRIC object_size_bytes=121126.3
[2026-06-01T12:17:44] METRIC throughput_gbps=5.5036
[2026-06-01T12:17:44] METRIC latency_ms=18.6154
[2026-06-01T12:17:44] METRIC cpu_util_pct=50.17
[2026-06-01T12:17:44] RUN_END status=OK
[2026-06-01T12:21:21] RUN_START run_id=ABL_No_eBPF_XDP_009
[2026-06-01T12:21:21] PARAM variant=No_eBPF_XDP
[2026-06-01T12:21:21] PARAM dominant_loss_source=Kernel/userspace crossing
[2026-06-01T12:21:21] METRIC object_size_bytes=427857.5
[2026-06-01T12:21:21] METRIC throughput_gbps=5.7786
[2026-06-01T12:21:21] METRIC latency_ms=18.4751
[2026-06-01T12:21:21] METRIC cpu_util_pct=51.99
[2026-06-01T12:21:21] RUN_END status=OK
[2026-06-01T12:25:28] RUN_START run_id=ABL_No_eBPF_XDP_010
[2026-06-01T12:25:28] PARAM variant=No_eBPF_XDP
[2026-06-01T12:25:28] PARAM dominant_loss_source=Kernel/userspace crossing
[2026-06-01T12:25:28] METRIC object_size_bytes=118259.4
[2026-06-01T12:25:28] METRIC throughput_gbps=6.0098
[2026-06-01T12:25:28] METRIC latency_ms=17.9148
[2026-06-01T12:25:28] METRIC cpu_util_pct=50.96
[2026-06-01T12:25:28] RUN_END status=OK
[2026-06-01T12:26:08] RUN_START run_id=ABL_No_eBPF_XDP_011
[2026-06-01T12:26:08] PARAM variant=No_eBPF_XDP
[2026-06-01T12:26:08] PARAM dominant_loss_source=Kernel/userspace crossing
[2026-06-01T12:26:08] METRIC object_size_bytes=415937.4
[2026-06-01T12:26:08] METRIC throughput_gbps=5.9418
[2026-06-01T12:26:08] METRIC latency_ms=18.2313
[2026-06-01T12:26:08] METRIC cpu_util_pct=45.11
[2026-06-01T12:26:08] RUN_END status=OK
[2026-06-01T12:27:01] RUN_START run_id=ABL_No_eBPF_XDP_012
[2026-06-01T12:27:01] PARAM variant=No_eBPF_XDP
[2026-06-01T12:27:01] PARAM dominant_loss_source=Kernel/userspace crossing
[2026-06-01T12:27:01] METRIC object_size_bytes=361936.1
[2026-06-01T12:27:01] METRIC throughput_gbps=6.0535
[2026-06-01T12:27:01] METRIC latency_ms=20.7056
[2026-06-01T12:27:01] METRIC cpu_util_pct=46.81
[2026-06-01T12:27:01] RUN_END status=OK
[2026-06-01T12:30:20] RUN_START run_id=ABL_No_eBPF_XDP_013
[2026-06-01T12:30:20] PARAM variant=No_eBPF_XDP
[2026-06-01T12:30:20] PARAM dominant_loss_source=Kernel/userspace crossing
[2026-06-01T12:30:20] METRIC object_size_bytes=149463.6
[2026-06-01T12:30:20] METRIC throughput_gbps=6.1361
[2026-06-01T12:30:20] METRIC latency_ms=17.1485
[2026-06-01T12:30:20] METRIC cpu_util_pct=46.79
[2026-06-01T12:30:20] RUN_END status=OK
[2026-06-01T12:32:28] RUN_START run_id=ABL_No_eBPF_XDP_014
[2026-06-01T12:32:28] PARAM variant=No_eBPF_XDP
[2026-06-01T12:32:28] PARAM dominant_loss_source=Kernel/userspace crossing
[2026-06-01T12:32:28] METRIC object_size_bytes=87703.2
[2026-06-01T12:32:28] METRIC throughput_gbps=6.4373
[2026-06-01T12:32:28] METRIC latency_ms=19.3388
[2026-06-01T12:32:28] METRIC cpu_util_pct=47.78
[2026-06-01T12:32:28] RUN_END status=OK
[2026-06-01T12:34:06] RUN_START run_id=ABL_No_eBPF_XDP_015
[2026-06-01T12:34:06] PARAM variant=No_eBPF_XDP
[2026-06-01T12:34:06] PARAM dominant_loss_source=Kernel/userspace crossing
[2026-06-01T12:34:06] METRIC object_size_bytes=269071.1
[2026-06-01T12:34:06] METRIC throughput_gbps=5.8633
[2026-06-01T12:34:06] METRIC latency_ms=18.3914
[2026-06-01T12:34:06] METRIC cpu_util_pct=45.71
[2026-06-01T12:34:06] RUN_END status=OK
