[2026-06-19T08:18:17] RUN_START run_id=ABL_TCP_transport_048
[2026-06-19T08:18:17] PARAM variant=TCP_transport
[2026-06-19T08:18:17] PARAM dominant_loss_source=HOL blocking
[2026-06-19T08:18:17] METRIC object_size_bytes=92266.2
[2026-06-19T08:18:17] METRIC throughput_gbps=6.8722
[2026-06-19T08:18:17] METRIC latency_ms=17.3394
[2026-06-19T08:18:17] METRIC cpu_util_pct=23.74
[2026-06-19T08:18:17] RUN_END status=OK
[2026-06-19T08:20:56] RUN_START run_id=ABL_TCP_transport_049
[2026-06-19T08:20:56] PARAM variant=TCP_transport
[2026-06-19T08:20:56] PARAM dominant_loss_source=HOL blocking
[2026-06-19T08:20:56] METRIC object_size_bytes=139482.9
[2026-06-19T08:20:56] METRIC throughput_gbps=6.7212
[2026-06-19T08:20:56] METRIC latency_ms=17.6792
[2026-06-19T08:20:56] METRIC cpu_util_pct=21.13
[2026-06-19T08:20:56] RUN_END status=OK
[2026-06-19T08:23:40] RUN_START run_id=ABL_TCP_transport_050
[2026-06-19T08:23:40] PARAM variant=TCP_transport
[2026-06-19T08:23:40] PARAM dominant_loss_source=HOL blocking
[2026-06-19T08:23:40] METRIC object_size_bytes=393289.2
[2026-06-19T08:23:40] METRIC throughput_gbps=6.365
[2026-06-19T08:23:40] METRIC latency_ms=17.2612
[2026-06-19T08:23:40] METRIC cpu_util_pct=20.9
[2026-06-19T08:23:40] RUN_END status=OK
[2026-06-19T08:25:06] RUN_START run_id=ABL_TCP_transport_051
[2026-06-19T08:25:06] PARAM variant=TCP_transport
[2026-06-19T08:25:06] PARAM dominant_loss_source=HOL blocking
[2026-06-19T08:25:06] METRIC object_size_bytes=307811.4
[2026-06-19T08:25:06] METRIC throughput_gbps=6.6892
[2026-06-19T08:25:06] METRIC latency_ms=17.3695
[2026-06-19T08:25:06] METRIC cpu_util_pct=21.85
[2026-06-19T08:25:06] RUN_END status=OK
[2026-06-19T08:27:33] RUN_START run_id=ABL_TCP_transport_052
[2026-06-19T08:27:33] PARAM variant=TCP_transport
[2026-06-19T08:27:33] PARAM dominant_loss_source=HOL blocking
[2026-06-19T08:27:33] METRIC object_size_bytes=108262.5
[2026-06-19T08:27:33] METRIC throughput_gbps=6.5786
[2026-06-19T08:27:33] METRIC latency_ms=18.4009
[2026-06-19T08:27:33] METRIC cpu_util_pct=22.46
[2026-06-19T08:27:33] RUN_END status=OK
[2026-06-20T07:46:34] RUN_START run_id=ABL_No_ML_014
[2026-06-20T07:46:34] PARAM variant=No_ML
[2026-06-20T07:46:34] PARAM dominant_loss_source=Fragmentation
[2026-06-20T07:46:34] METRIC object_size_bytes=475538.2
[2026-06-20T07:46:34] METRIC throughput_gbps=6.6115
[2026-06-20T07:46:34] METRIC latency_ms=15.5961
[2026-06-20T07:46:34] METRIC cpu_util_pct=20.98
[2026-06-20T07:46:34] RUN_END status=OK
[2026-06-20T07:48:02] RUN_START run_id=ABL_No_ML_015
[2026-06-20T07:48:02] PARAM variant=No_ML
[2026-06-20T07:48:02] PARAM dominant_loss_source=Fragmentation
[2026-06-20T07:48:02] METRIC object_size_bytes=500379.5
[2026-06-20T07:48:02] METRIC throughput_gbps=7.0025
[2026-06-20T07:48:02] METRIC latency_ms=15.9881
[2026-06-20T07:48:02] METRIC cpu_util_pct=20.19
[2026-06-20T07:48:02] RUN_END status=OK
[2026-06-20T07:49:50] RUN_START run_id=ABL_No_ML_016
[2026-06-20T07:49:50] PARAM variant=No_ML
[2026-06-20T07:49:50] PARAM dominant_loss_source=Fragmentation
[2026-06-20T07:49:50] METRIC object_size_bytes=121464.1
[2026-06-20T07:49:50] METRIC throughput_gbps=6.8374
[2026-06-20T07:49:50] METRIC latency_ms=15.4676
[2026-06-20T07:49:50] METRIC cpu_util_pct=21.13
[2026-06-20T07:49:50] RUN_END status=OK
[2026-06-20T07:52:40] RUN_START run_id=ABL_No_ML_017
[2026-06-20T07:52:40] PARAM variant=No_ML
[2026-06-20T07:52:40] PARAM dominant_loss_source=Fragmentation
[2026-06-20T07:52:40] METRIC object_size_bytes=417291.5
[2026-06-20T07:52:40] METRIC throughput_gbps=7.2615
[2026-06-20T07:52:40] METRIC latency_ms=15.7392
[2026-06-20T07:52:40] METRIC cpu_util_pct=20.1
[2026-06-20T07:52:40] RUN_END status=OK
[2026-06-20T07:54:25] RUN_START run_id=ABL_No_ML_018
[2026-06-20T07:54:25] PARAM variant=No_ML
[2026-06-20T07:54:25] PARAM dominant_loss_source=Fragmentation
[2026-06-20T07:54:25] METRIC object_size_bytes=97298.9
[2026-06-20T07:54:25] METRIC throughput_gbps=6.9404
[2026-06-20T07:54:25] METRIC latency_ms=15.8796
[2026-06-20T07:54:25] METRIC cpu_util_pct=22.08
[2026-06-20T07:54:25] RUN_END status=OK
[2026-06-20T07:56:28] RUN_START run_id=ABL_No_ML_019
[2026-06-20T07:56:28] PARAM variant=No_ML
[2026-06-20T07:56:28] PARAM dominant_loss_source=Fragmentation
[2026-06-20T07:56:28] METRIC object_size_bytes=79000.8
[2026-06-20T07:56:28] METRIC throughput_gbps=7.2065
[2026-06-20T07:56:28] METRIC latency_ms=16.1722
[2026-06-20T07:56:28] METRIC cpu_util_pct=21.0
[2026-06-20T07:56:28] RUN_END status=OK
[2026-06-20T07:58:15] RUN_START run_id=ABL_No_ML_020
[2026-06-20T07:58:15] PARAM variant=No_ML
[2026-06-20T07:58:15] PARAM dominant_loss_source=Fragmentation
[2026-06-20T07:58:15] METRIC object_size_bytes=113770.5
[2026-06-20T07:58:15] METRIC throughput_gbps=6.7071
[2026-06-20T07:58:15] METRIC latency_ms=15.0158
[2026-06-20T07:58:15] METRIC cpu_util_pct=21.65
[2026-06-20T07:58:15] RUN_END status=OK
[2026-06-20T07:59:54] RUN_START run_id=ABL_No_ML_021
[2026-06-20T07:59:54] PARAM variant=No_ML
[2026-06-20T07:59:54] PARAM dominant_loss_source=Fragmentation
[2026-06-20T07:59:54] METRIC object_size_bytes=498608.9
[2026-06-20T07:59:54] METRIC throughput_gbps=6.9779
[2026-06-20T07:59:54] METRIC latency_ms=15.4092
[2026-06-20T07:59:54] METRIC cpu_util_pct=20.54
[2026-06-20T07:59:54] RUN_END status=OK
[2026-06-20T08:00:59] RUN_START run_id=ABL_No_ML_022
[2026-06-20T08:00:59] PARAM variant=No_ML
[2026-06-20T08:00:59] PARAM dominant_loss_source=Fragmentation
[2026-06-20T08:00:59] METRIC object_size_bytes=64466.9
[2026-06-20T08:00:59] METRIC throughput_gbps=7.6596
[2026-06-20T08:00:59] METRIC latency_ms=16.0811
[2026-06-20T08:00:59] METRIC cpu_util_pct=20.85
[2026-06-20T08:00:59] RUN_END status=OK
[2026-06-20T08:02:52] RUN_START run_id=ABL_No_ML_023
[2026-06-20T08:02:52] PARAM variant=No_ML
[2026-06-20T08:02:52] PARAM dominant_loss_source=Fragmentation
[2026-06-20T08:02:52] METRIC object_size_bytes=440998.3
[2026-06-20T08:02:52] METRIC throughput_gbps=7.0404
[2026-06-20T08:02:52] METRIC latency_ms=15.6365
[2026-06-20T08:02:52] METRIC cpu_util_pct=20.9
[2026-06-20T08:02:52] RUN_END status=OK
[2026-06-20T08:04:19] RUN_START run_id=ABL_No_ML_024
[2026-06-20T08:04:19] PARAM variant=No_ML
[2026-06-20T08:04:19] PARAM dominant_loss_source=Fragmentation
[2026-06-20T08:04:19] METRIC object_size_bytes=376540.6
[2026-06-20T08:04:19] METRIC throughput_gbps=6.7344
[2026-06-20T08:04:19] METRIC latency_ms=15.8811
[2026-06-20T08:04:19] METRIC cpu_util_pct=20.22
[2026-06-20T08:04:19] RUN_END status=OK
[2026-06-20T08:06:13] RUN_START run_id=ABL_No_ML_025
[2026-06-20T08:06:13] PARAM variant=No_ML
[2026-06-20T08:06:13] PARAM dominant_loss_source=Fragmentation
[2026-06-20T08:06:13] METRIC object_size_bytes=392407.6
[2026-06-20T08:06:13] METRIC throughput_gbps=6.8155
[2026-06-20T08:06:13] METRIC latency_ms=15.4167
[2026-06-20T08:06:13] METRIC cpu_util_pct=20.76
[2026-06-20T08:06:13] RUN_END status=OK
[2026-06-20T08:07:52] RUN_START run_id=ABL_No_ML_026
[2026-06-20T08:07:52] PARAM variant=No_ML
[2026-06-20T08:07:52] PARAM dominant_loss_source=Fragmentation
[2026-06-20T08:07:52] METRIC object_size_bytes=76562.0
[2026-06-20T08:07:52] METRIC throughput_gbps=6.8413
[2026-06-20T08:07:52] METRIC latency_ms=16.0705
[2026-06-20T08:07:52] METRIC cpu_util_pct=19.52
[2026-06-20T08:07:52] RUN_END status=OK
