[2026-06-05T10:25:15] RUN_START run_id=ABL_Static_MTU_014
[2026-06-05T10:25:15] PARAM variant=Static_MTU
[2026-06-05T10:25:15] PARAM dominant_loss_source=Non-adaptive sizing
[2026-06-05T10:25:15] METRIC object_size_bytes=344625.6
[2026-06-05T10:25:15] METRIC throughput_gbps=7.1843
[2026-06-05T10:25:15] METRIC latency_ms=16.728
[2026-06-05T10:25:15] METRIC cpu_util_pct=21.14
[2026-06-05T10:25:15] RUN_END status=OK
[2026-06-05T10:28:07] RUN_START run_id=ABL_Static_MTU_015
[2026-06-05T10:28:07] PARAM variant=Static_MTU
[2026-06-05T10:28:07] PARAM dominant_loss_source=Non-adaptive sizing
[2026-06-05T10:28:07] METRIC object_size_bytes=434295.2
[2026-06-05T10:28:07] METRIC throughput_gbps=6.8335
[2026-06-05T10:28:07] METRIC latency_ms=14.8793
[2026-06-05T10:28:07] METRIC cpu_util_pct=19.32
[2026-06-05T10:28:07] RUN_END status=OK
[2026-06-05T10:29:49] RUN_START run_id=ABL_Static_MTU_016
[2026-06-05T10:29:49] PARAM variant=Static_MTU
[2026-06-05T10:29:49] PARAM dominant_loss_source=Non-adaptive sizing
[2026-06-05T10:29:49] METRIC object_size_bytes=336801.3
[2026-06-05T10:29:49] METRIC throughput_gbps=6.8684
[2026-06-05T10:29:49] METRIC latency_ms=14.8379
[2026-06-05T10:29:49] METRIC cpu_util_pct=22.89
[2026-06-05T10:29:49] RUN_END status=OK
[2026-06-05T10:32:24] RUN_START run_id=ABL_Static_MTU_017
[2026-06-05T10:32:24] PARAM variant=Static_MTU
[2026-06-05T10:32:24] PARAM dominant_loss_source=Non-adaptive sizing
[2026-06-05T10:32:24] METRIC object_size_bytes=288054.6
[2026-06-05T10:32:24] METRIC throughput_gbps=6.9464
[2026-06-05T10:32:24] METRIC latency_ms=15.8209
[2026-06-05T10:32:24] METRIC cpu_util_pct=19.83
[2026-06-05T10:32:24] RUN_END status=OK
[2026-06-05T10:32:44] RUN_START run_id=ABL_Static_MTU_018
[2026-06-05T10:32:44] PARAM variant=Static_MTU
[2026-06-05T10:32:44] PARAM dominant_loss_source=Non-adaptive sizing
[2026-06-05T10:32:44] METRIC object_size_bytes=395600.1
[2026-06-05T10:32:44] METRIC throughput_gbps=6.8756
[2026-06-05T10:32:44] METRIC latency_ms=14.5274
[2026-06-05T10:32:44] METRIC cpu_util_pct=19.8
[2026-06-05T10:32:44] RUN_END status=OK
[2026-06-05T10:37:36] RUN_START run_id=ABL_Static_MTU_019
[2026-06-05T10:37:36] PARAM variant=Static_MTU
[2026-06-05T10:37:36] PARAM dominant_loss_source=Non-adaptive sizing
[2026-06-05T10:37:36] METRIC object_size_bytes=127295.5
[2026-06-05T10:37:36] METRIC throughput_gbps=7.1513
[2026-06-05T10:37:36] METRIC latency_ms=15.7729
[2026-06-05T10:37:36] METRIC cpu_util_pct=21.72
[2026-06-05T10:37:36] RUN_END status=OK
[2026-06-05T10:42:59] RUN_START run_id=ABL_Static_MTU_020
[2026-06-05T10:42:59] PARAM variant=Static_MTU
[2026-06-05T10:42:59] PARAM dominant_loss_source=Non-adaptive sizing
[2026-06-05T10:42:59] METRIC object_size_bytes=233287.4
[2026-06-05T10:42:59] METRIC throughput_gbps=7.0792
[2026-06-05T10:42:59] METRIC latency_ms=16.61
[2026-06-05T10:42:59] METRIC cpu_util_pct=20.6
[2026-06-05T10:42:59] RUN_END status=OK
[2026-06-05T10:44:56] RUN_START run_id=ABL_Static_MTU_021
[2026-06-05T10:44:56] PARAM variant=Static_MTU
[2026-06-05T10:44:56] PARAM dominant_loss_source=Non-adaptive sizing
[2026-06-05T10:44:56] METRIC object_size_bytes=387545.6
[2026-06-05T10:44:56] METRIC throughput_gbps=6.8838
[2026-06-05T10:44:56] METRIC latency_ms=15.9069
[2026-06-05T10:44:56] METRIC cpu_util_pct=22.14
[2026-06-05T10:44:56] RUN_END status=OK
[2026-06-05T10:47:38] RUN_START run_id=ABL_Static_MTU_022
[2026-06-05T10:47:38] PARAM variant=Static_MTU
[2026-06-05T10:47:38] PARAM dominant_loss_source=Non-adaptive sizing
[2026-06-05T10:47:38] METRIC object_size_bytes=101916.5
[2026-06-05T10:47:38] METRIC throughput_gbps=7.0901
[2026-06-05T10:47:38] METRIC latency_ms=17.5811
[2026-06-05T10:47:38] METRIC cpu_util_pct=20.47
[2026-06-05T10:47:38] RUN_END status=OK
[2026-06-05T10:50:41] RUN_START run_id=ABL_Static_MTU_023
[2026-06-05T10:50:41] PARAM variant=Static_MTU
[2026-06-05T10:50:41] PARAM dominant_loss_source=Non-adaptive sizing
[2026-06-05T10:50:41] METRIC object_size_bytes=87784.0
[2026-06-05T10:50:41] METRIC throughput_gbps=7.0475
[2026-06-05T10:50:41] METRIC latency_ms=15.6227
[2026-06-05T10:50:41] METRIC cpu_util_pct=21.08
[2026-06-05T10:50:41] RUN_END status=OK
[2026-06-05T10:52:58] RUN_START run_id=ABL_Static_MTU_024
[2026-06-05T10:52:58] PARAM variant=Static_MTU
[2026-06-05T10:52:58] PARAM dominant_loss_source=Non-adaptive sizing
[2026-06-05T10:52:58] METRIC object_size_bytes=171715.0
[2026-06-05T10:52:58] METRIC throughput_gbps=7.2241
[2026-06-05T10:52:58] METRIC latency_ms=15.9106
[2026-06-05T10:52:58] METRIC cpu_util_pct=20.92
[2026-06-05T10:52:58] RUN_END status=OK
[2026-06-05T10:54:26] RUN_START run_id=ABL_Static_MTU_025
[2026-06-05T10:54:26] PARAM variant=Static_MTU
[2026-06-05T10:54:26] PARAM dominant_loss_source=Non-adaptive sizing
[2026-06-05T10:54:26] METRIC object_size_bytes=120452.8
[2026-06-05T10:54:26] METRIC throughput_gbps=6.8559
[2026-06-05T10:54:26] METRIC latency_ms=16.8269
[2026-06-05T10:54:26] METRIC cpu_util_pct=20.7
[2026-06-05T10:54:26] RUN_END status=OK
[2026-06-05T10:54:54] RUN_START run_id=ABL_Static_MTU_026
[2026-06-05T10:54:54] PARAM variant=Static_MTU
[2026-06-05T10:54:54] PARAM dominant_loss_source=Non-adaptive sizing
[2026-06-05T10:54:54] METRIC object_size_bytes=267313.2
[2026-06-05T10:54:54] METRIC throughput_gbps=6.9981
[2026-06-05T10:54:54] METRIC latency_ms=15.5571
[2026-06-05T10:54:54] METRIC cpu_util_pct=20.8
[2026-06-05T10:54:54] RUN_END status=OK
[2026-06-05T10:56:34] RUN_START run_id=ABL_Static_MTU_027
[2026-06-05T10:56:34] PARAM variant=Static_MTU
[2026-06-05T10:56:34] PARAM dominant_loss_source=Non-adaptive sizing
[2026-06-05T10:56:34] METRIC object_size_bytes=258870.4
[2026-06-05T10:56:34] METRIC throughput_gbps=6.8582
[2026-06-05T10:56:34] METRIC latency_ms=16.2313
[2026-06-05T10:56:34] METRIC cpu_util_pct=20.7
[2026-06-05T10:56:34] RUN_END status=OK
[2026-06-05T12:01:52] RUN_START run_id=ABL_No_eBPF_XDP_119
[2026-06-05T12:01:52] PARAM variant=No_eBPF_XDP
[2026-06-05T12:01:52] PARAM dominant_loss_source=Kernel/userspace crossing
[2026-06-05T12:01:52] METRIC object_size_bytes=87269.7
[2026-06-05T12:01:52] METRIC throughput_gbps=6.2201
[2026-06-05T12:01:52] METRIC latency_ms=18.3608
[2026-06-05T12:01:52] METRIC cpu_util_pct=46.44
[2026-06-05T12:01:52] RUN_END status=OK
[2026-06-05T12:03:42] RUN_START run_id=ABL_No_eBPF_XDP_120
[2026-06-05T12:03:42] PARAM variant=No_eBPF_XDP
[2026-06-05T12:03:42] PARAM dominant_loss_source=Kernel/userspace crossing
[2026-06-05T12:03:42] METRIC object_size_bytes=313899.8
[2026-06-05T12:03:42] METRIC throughput_gbps=5.9512
[2026-06-05T12:03:42] METRIC latency_ms=19.8277
[2026-06-05T12:03:42] METRIC cpu_util_pct=44.7
[2026-06-05T12:03:42] RUN_END status=OK
