[2026-06-23T16:33:16] RUN_START run_id=ABL_No_ML_084
[2026-06-23T16:33:16] PARAM variant=No_ML
[2026-06-23T16:33:16] PARAM dominant_loss_source=Fragmentation
[2026-06-23T16:33:16] METRIC object_size_bytes=347378.7
[2026-06-23T16:33:16] METRIC throughput_gbps=7.0726
[2026-06-23T16:33:16] METRIC latency_ms=17.0015
[2026-06-23T16:33:16] METRIC cpu_util_pct=22.65
[2026-06-23T16:33:16] RUN_END status=OK
[2026-06-23T16:37:23] RUN_START run_id=ABL_No_ML_085
[2026-06-23T16:37:23] PARAM variant=No_ML
[2026-06-23T16:37:23] PARAM dominant_loss_source=Fragmentation
[2026-06-23T16:37:23] METRIC object_size_bytes=350633.0
[2026-06-23T16:37:23] METRIC throughput_gbps=6.9584
[2026-06-23T16:37:23] METRIC latency_ms=15.5734
[2026-06-23T16:37:23] METRIC cpu_util_pct=20.3
[2026-06-23T16:37:23] RUN_END status=OK
[2026-06-23T16:38:11] RUN_START run_id=ABL_No_ML_086
[2026-06-23T16:38:11] PARAM variant=No_ML
[2026-06-23T16:38:11] PARAM dominant_loss_source=Fragmentation
[2026-06-23T16:38:11] METRIC object_size_bytes=223766.6
[2026-06-23T16:38:11] METRIC throughput_gbps=7.3232
[2026-06-23T16:38:11] METRIC latency_ms=16.2403
[2026-06-23T16:38:11] METRIC cpu_util_pct=21.33
[2026-06-23T16:38:11] RUN_END status=OK
[2026-06-23T16:40:41] RUN_START run_id=ABL_No_ML_087
[2026-06-23T16:40:41] PARAM variant=No_ML
[2026-06-23T16:40:41] PARAM dominant_loss_source=Fragmentation
[2026-06-23T16:40:41] METRIC object_size_bytes=82668.2
[2026-06-23T16:40:41] METRIC throughput_gbps=6.9425
[2026-06-23T16:40:41] METRIC latency_ms=15.9162
[2026-06-23T16:40:41] METRIC cpu_util_pct=20.25
[2026-06-23T16:40:41] RUN_END status=OK
[2026-06-23T16:41:02] RUN_START run_id=ABL_No_ML_088
[2026-06-23T16:41:02] PARAM variant=No_ML
[2026-06-23T16:41:02] PARAM dominant_loss_source=Fragmentation
[2026-06-23T16:41:02] METRIC object_size_bytes=181169.6
[2026-06-23T16:41:02] METRIC throughput_gbps=7.2068
[2026-06-23T16:41:02] METRIC latency_ms=16.1841
[2026-06-23T16:41:02] METRIC cpu_util_pct=19.36
[2026-06-23T16:41:02] RUN_END status=OK
[2026-06-23T16:44:14] RUN_START run_id=ABL_No_ML_089
[2026-06-23T16:44:14] PARAM variant=No_ML
[2026-06-23T16:44:14] PARAM dominant_loss_source=Fragmentation
[2026-06-23T16:44:14] METRIC object_size_bytes=112213.8
[2026-06-23T16:44:14] METRIC throughput_gbps=7.26
[2026-06-23T16:44:14] METRIC latency_ms=15.9473
[2026-06-23T16:44:14] METRIC cpu_util_pct=21.28
[2026-06-23T16:44:14] RUN_END status=OK
[2026-06-23T16:46:03] RUN_START run_id=ABL_No_ML_090
[2026-06-23T16:46:03] PARAM variant=No_ML
[2026-06-23T16:46:03] PARAM dominant_loss_source=Fragmentation
[2026-06-23T16:46:03] METRIC object_size_bytes=320431.9
[2026-06-23T16:46:03] METRIC throughput_gbps=6.7523
[2026-06-23T16:46:03] METRIC latency_ms=15.2566
[2026-06-23T16:46:03] METRIC cpu_util_pct=20.7
[2026-06-23T16:46:03] RUN_END status=OK
[2026-06-23T16:49:04] RUN_START run_id=02_ablation_study_DISCARDED_0042
[2026-06-23T16:49:04] RUN_ABORTED reason=netem_verification_out_of_tolerance: pre-run probe failed tolerance check, batch discarded and tc qdisc re-instantiated
[2026-06-23T16:50:25] RUN_START run_id=ABL_No_ML_091
[2026-06-23T16:50:25] PARAM variant=No_ML
[2026-06-23T16:50:25] PARAM dominant_loss_source=Fragmentation
[2026-06-23T16:50:25] METRIC object_size_bytes=459491.8
[2026-06-23T16:50:25] METRIC throughput_gbps=6.9274
[2026-06-23T16:50:25] METRIC latency_ms=16.2942
[2026-06-23T16:50:25] METRIC cpu_util_pct=21.12
[2026-06-23T16:50:25] RUN_END status=OK
[2026-06-23T16:51:58] RUN_START run_id=ABL_No_ML_092
[2026-06-23T16:51:58] PARAM variant=No_ML
[2026-06-23T16:51:58] PARAM dominant_loss_source=Fragmentation
[2026-06-23T16:51:58] METRIC object_size_bytes=479208.5
[2026-06-23T16:51:58] METRIC throughput_gbps=7.0671
[2026-06-23T16:51:58] METRIC latency_ms=15.8122
[2026-06-23T16:51:58] METRIC cpu_util_pct=22.32
[2026-06-23T16:51:58] RUN_END status=OK
[2026-06-23T16:55:09] RUN_START run_id=ABL_No_ML_093
[2026-06-23T16:55:09] PARAM variant=No_ML
[2026-06-23T16:55:09] PARAM dominant_loss_source=Fragmentation
[2026-06-23T16:55:09] METRIC object_size_bytes=74750.2
[2026-06-23T16:55:09] METRIC throughput_gbps=7.4786
[2026-06-23T16:55:09] METRIC latency_ms=16.3099
[2026-06-23T16:55:09] METRIC cpu_util_pct=22.74
[2026-06-23T16:55:09] RUN_END status=OK
[2026-06-23T16:56:53] RUN_START run_id=ABL_No_ML_094
[2026-06-23T16:56:53] PARAM variant=No_ML
[2026-06-23T16:56:53] PARAM dominant_loss_source=Fragmentation
[2026-06-23T16:56:53] METRIC object_size_bytes=456593.3
[2026-06-23T16:56:53] METRIC throughput_gbps=7.1185
[2026-06-23T16:56:53] METRIC latency_ms=14.9664
[2026-06-23T16:56:53] METRIC cpu_util_pct=21.53
[2026-06-23T16:56:53] RUN_END status=OK
[2026-06-23T16:59:34] RUN_START run_id=ABL_No_ML_095
[2026-06-23T16:59:34] PARAM variant=No_ML
[2026-06-23T16:59:34] PARAM dominant_loss_source=Fragmentation
[2026-06-23T16:59:34] METRIC object_size_bytes=329856.8
[2026-06-23T16:59:34] METRIC throughput_gbps=7.1918
[2026-06-23T16:59:34] METRIC latency_ms=16.7441
[2026-06-23T16:59:34] METRIC cpu_util_pct=21.74
[2026-06-23T16:59:34] RUN_END status=OK
[2026-06-23T17:01:23] RUN_START run_id=ABL_No_ML_096
[2026-06-23T17:01:23] PARAM variant=No_ML
[2026-06-23T17:01:23] PARAM dominant_loss_source=Fragmentation
[2026-06-23T17:01:23] METRIC object_size_bytes=200474.6
[2026-06-23T17:01:23] METRIC throughput_gbps=6.7157
[2026-06-23T17:01:23] METRIC latency_ms=15.02
[2026-06-23T17:01:23] METRIC cpu_util_pct=22.16
[2026-06-23T17:01:23] RUN_END status=OK
[2026-06-23T17:02:12] RUN_START run_id=ABL_No_ML_097
[2026-06-23T17:02:12] PARAM variant=No_ML
[2026-06-23T17:02:12] PARAM dominant_loss_source=Fragmentation
[2026-06-23T17:02:12] METRIC object_size_bytes=473938.3
[2026-06-23T17:02:12] METRIC throughput_gbps=7.7178
[2026-06-23T17:02:12] METRIC latency_ms=15.0253
[2026-06-23T17:02:12] METRIC cpu_util_pct=21.54
[2026-06-23T17:02:12] RUN_END status=OK
[2026-06-23T17:03:19] RUN_START run_id=ABL_No_ML_098
[2026-06-23T17:03:19] PARAM variant=No_ML
[2026-06-23T17:03:19] PARAM dominant_loss_source=Fragmentation
[2026-06-23T17:03:19] METRIC object_size_bytes=395673.3
[2026-06-23T17:03:19] METRIC throughput_gbps=7.193
[2026-06-23T17:03:19] METRIC latency_ms=15.5553
[2026-06-23T17:03:19] METRIC cpu_util_pct=20.47
[2026-06-23T17:03:19] RUN_END status=OK
[2026-06-24T01:01:56] RUN_START run_id=ABL_No_ML_099
[2026-06-24T01:01:56] PARAM variant=No_ML
[2026-06-24T01:01:56] PARAM dominant_loss_source=Fragmentation
[2026-06-24T01:01:56] METRIC object_size_bytes=99997.4
[2026-06-24T01:01:56] METRIC throughput_gbps=7.2197
[2026-06-24T01:01:56] METRIC latency_ms=16.7282
[2026-06-24T01:01:56] METRIC cpu_util_pct=21.5
[2026-06-24T01:01:56] RUN_END status=OK
[2026-06-24T01:02:57] RUN_START run_id=ABL_No_ML_100
[2026-06-24T01:02:57] PARAM variant=No_ML
[2026-06-24T01:02:57] PARAM dominant_loss_source=Fragmentation
[2026-06-24T01:02:57] METRIC object_size_bytes=81687.1
[2026-06-24T01:02:57] METRIC throughput_gbps=7.3809
[2026-06-24T01:02:57] METRIC latency_ms=15.902
[2026-06-24T01:02:57] METRIC cpu_util_pct=21.13
[2026-06-24T01:02:57] RUN_END status=OK
[2026-06-24T01:04:48] RUN_START run_id=ABL_No_ML_101
[2026-06-24T01:04:48] PARAM variant=No_ML
[2026-06-24T01:04:48] PARAM dominant_loss_source=Fragmentation
[2026-06-24T01:04:48] METRIC object_size_bytes=484424.9
[2026-06-24T01:04:48] METRIC throughput_gbps=7.1756
[2026-06-24T01:04:48] METRIC latency_ms=15.7572
[2026-06-24T01:04:48] METRIC cpu_util_pct=23.5
[2026-06-24T01:04:48] RUN_END status=OK
[2026-06-24T01:08:12] RUN_START run_id=ABL_No_ML_102
[2026-06-24T01:08:12] PARAM variant=No_ML
[2026-06-24T01:08:12] PARAM dominant_loss_source=Fragmentation
[2026-06-24T01:08:12] METRIC object_size_bytes=399566.3
[2026-06-24T01:08:12] METRIC throughput_gbps=6.8862
[2026-06-24T01:08:12] METRIC latency_ms=16.1336
[2026-06-24T01:08:12] METRIC cpu_util_pct=20.38
[2026-06-24T01:08:12] RUN_END status=OK
[2026-06-24T01:09:30] RUN_START run_id=ABL_No_ML_103
[2026-06-24T01:09:30] PARAM variant=No_ML
[2026-06-24T01:09:30] PARAM dominant_loss_source=Fragmentation
[2026-06-24T01:09:30] METRIC object_size_bytes=82391.0
[2026-06-24T01:09:30] METRIC throughput_gbps=6.8336
[2026-06-24T01:09:30] METRIC latency_ms=15.3041
[2026-06-24T01:09:30] METRIC cpu_util_pct=22.18
[2026-06-24T01:09:30] RUN_END status=OK
