[2026-06-16T08:56:06] RUN_START run_id=ABL_Full_uDCN_135
[2026-06-16T08:56:06] PARAM variant=Full_uDCN
[2026-06-16T08:56:06] PARAM dominant_loss_source=-
[2026-06-16T08:56:06] METRIC object_size_bytes=122074.8
[2026-06-16T08:56:06] METRIC throughput_gbps=8.5968
[2026-06-16T08:56:06] METRIC latency_ms=12.201
[2026-06-16T08:56:06] METRIC cpu_util_pct=17.55
[2026-06-16T08:56:06] RUN_END status=OK
[2026-06-16T08:58:18] RUN_START run_id=ABL_Full_uDCN_136
[2026-06-16T08:58:18] PARAM variant=Full_uDCN
[2026-06-16T08:58:18] PARAM dominant_loss_source=-
[2026-06-16T08:58:18] METRIC object_size_bytes=317934.6
[2026-06-16T08:58:18] METRIC throughput_gbps=8.742
[2026-06-16T08:58:18] METRIC latency_ms=12.2439
[2026-06-16T08:58:18] METRIC cpu_util_pct=17.91
[2026-06-16T08:58:18] RUN_END status=OK
[2026-06-16T15:00:00] RUN_START run_id=ABL_TCP_transport_001
[2026-06-16T15:00:00] PARAM variant=TCP_transport
[2026-06-16T15:00:00] PARAM dominant_loss_source=HOL blocking
[2026-06-16T15:00:00] METRIC object_size_bytes=380071.7
[2026-06-16T15:00:00] METRIC throughput_gbps=6.4245
[2026-06-16T15:00:00] METRIC latency_ms=17.1013
[2026-06-16T15:00:00] METRIC cpu_util_pct=21.63
[2026-06-16T15:00:00] RUN_END status=OK
[2026-06-16T15:01:55] RUN_START run_id=ABL_TCP_transport_002
[2026-06-16T15:01:55] PARAM variant=TCP_transport
[2026-06-16T15:01:55] PARAM dominant_loss_source=HOL blocking
[2026-06-16T15:01:55] METRIC object_size_bytes=486752.9
[2026-06-16T15:01:55] METRIC throughput_gbps=6.471
[2026-06-16T15:01:55] METRIC latency_ms=17.7172
[2026-06-16T15:01:55] METRIC cpu_util_pct=21.56
[2026-06-16T15:01:55] RUN_END status=OK
[2026-06-16T15:02:40] RUN_START run_id=ABL_TCP_transport_003
[2026-06-16T15:02:40] PARAM variant=TCP_transport
[2026-06-16T15:02:40] PARAM dominant_loss_source=HOL blocking
[2026-06-16T15:02:40] METRIC object_size_bytes=370507.9
[2026-06-16T15:02:40] METRIC throughput_gbps=6.2518
[2026-06-16T15:02:40] METRIC latency_ms=16.6011
[2026-06-16T15:02:40] METRIC cpu_util_pct=23.56
[2026-06-16T15:02:40] RUN_END status=OK
[2026-06-16T15:05:02] RUN_START run_id=ABL_TCP_transport_004
[2026-06-16T15:05:02] PARAM variant=TCP_transport
[2026-06-16T15:05:02] PARAM dominant_loss_source=HOL blocking
[2026-06-16T15:05:02] METRIC object_size_bytes=434518.3
[2026-06-16T15:05:02] METRIC throughput_gbps=5.9268
[2026-06-16T15:05:02] METRIC latency_ms=17.8807
[2026-06-16T15:05:02] METRIC cpu_util_pct=21.72
[2026-06-16T15:05:02] RUN_END status=OK
[2026-06-16T15:06:29] RUN_START run_id=ABL_TCP_transport_005
[2026-06-16T15:06:29] PARAM variant=TCP_transport
[2026-06-16T15:06:29] PARAM dominant_loss_source=HOL blocking
[2026-06-16T15:06:29] METRIC object_size_bytes=157356.4
[2026-06-16T15:06:29] METRIC throughput_gbps=6.2114
[2026-06-16T15:06:29] METRIC latency_ms=16.673
[2026-06-16T15:06:29] METRIC cpu_util_pct=21.73
[2026-06-16T15:06:29] RUN_END status=OK
[2026-06-16T15:10:08] RUN_START run_id=ABL_TCP_transport_006
[2026-06-16T15:10:08] PARAM variant=TCP_transport
[2026-06-16T15:10:08] PARAM dominant_loss_source=HOL blocking
[2026-06-16T15:10:08] METRIC object_size_bytes=77353.8
[2026-06-16T15:10:08] METRIC throughput_gbps=6.6341
[2026-06-16T15:10:08] METRIC latency_ms=16.1879
[2026-06-16T15:10:08] METRIC cpu_util_pct=21.95
[2026-06-16T15:10:08] RUN_END status=OK
[2026-06-16T15:12:28] RUN_START run_id=ABL_TCP_transport_007
[2026-06-16T15:12:28] PARAM variant=TCP_transport
[2026-06-16T15:12:28] PARAM dominant_loss_source=HOL blocking
[2026-06-16T15:12:28] METRIC object_size_bytes=478945.0
[2026-06-16T15:12:28] METRIC throughput_gbps=6.6321
[2026-06-16T15:12:28] METRIC latency_ms=15.8057
[2026-06-16T15:12:28] METRIC cpu_util_pct=22.68
[2026-06-16T15:12:28] RUN_END status=OK
[2026-06-16T15:12:44] RUN_START run_id=ABL_TCP_transport_008
[2026-06-16T15:12:44] PARAM variant=TCP_transport
[2026-06-16T15:12:44] PARAM dominant_loss_source=HOL blocking
[2026-06-16T15:12:44] METRIC object_size_bytes=501004.5
[2026-06-16T15:12:44] METRIC throughput_gbps=6.3716
[2026-06-16T15:12:44] METRIC latency_ms=16.3989
[2026-06-16T15:12:44] METRIC cpu_util_pct=20.93
[2026-06-16T15:12:44] RUN_END status=OK
