[2026-06-22T22:31:03] RUN_START run_id=ABL_TCP_transport_130
[2026-06-22T22:31:03] PARAM variant=TCP_transport
[2026-06-22T22:31:03] PARAM dominant_loss_source=HOL blocking
[2026-06-22T22:31:03] METRIC object_size_bytes=79826.0
[2026-06-22T22:31:03] METRIC throughput_gbps=6.6419
[2026-06-22T22:31:03] METRIC latency_ms=16.4929
[2026-06-22T22:31:03] METRIC cpu_util_pct=20.19
[2026-06-22T22:31:03] RUN_END status=OK
[2026-06-22T22:34:12] RUN_START run_id=ABL_TCP_transport_131
[2026-06-22T22:34:12] PARAM variant=TCP_transport
[2026-06-22T22:34:12] PARAM dominant_loss_source=HOL blocking
[2026-06-22T22:34:12] METRIC object_size_bytes=465469.1
[2026-06-22T22:34:12] METRIC throughput_gbps=6.5229
[2026-06-22T22:34:12] METRIC latency_ms=17.2551
[2026-06-22T22:34:12] METRIC cpu_util_pct=22.45
[2026-06-22T22:34:12] RUN_END status=OK
[2026-06-23T16:18:02] RUN_START run_id=ABL_No_ML_076
[2026-06-23T16:18:02] PARAM variant=No_ML
[2026-06-23T16:18:02] PARAM dominant_loss_source=Fragmentation
[2026-06-23T16:18:02] METRIC object_size_bytes=120235.7
[2026-06-23T16:18:02] METRIC throughput_gbps=7.3808
[2026-06-23T16:18:02] METRIC latency_ms=17.1851
[2026-06-23T16:18:02] METRIC cpu_util_pct=20.91
[2026-06-23T16:18:02] RUN_END status=OK
[2026-06-23T16:19:32] RUN_START run_id=ABL_No_ML_077
[2026-06-23T16:19:32] PARAM variant=No_ML
[2026-06-23T16:19:32] PARAM dominant_loss_source=Fragmentation
[2026-06-23T16:19:32] METRIC object_size_bytes=505076.4
[2026-06-23T16:19:32] METRIC throughput_gbps=7.3161
[2026-06-23T16:19:32] METRIC latency_ms=16.4931
[2026-06-23T16:19:32] METRIC cpu_util_pct=21.5
[2026-06-23T16:19:32] RUN_END status=OK
[2026-06-23T16:23:30] RUN_START run_id=ABL_No_ML_078
[2026-06-23T16:23:30] PARAM variant=No_ML
[2026-06-23T16:23:30] PARAM dominant_loss_source=Fragmentation
[2026-06-23T16:23:30] METRIC object_size_bytes=327060.4
[2026-06-23T16:23:30] METRIC throughput_gbps=7.5651
[2026-06-23T16:23:30] METRIC latency_ms=14.0256
[2026-06-23T16:23:30] METRIC cpu_util_pct=21.64
[2026-06-23T16:23:30] RUN_END status=OK
[2026-06-23T16:24:42] RUN_START run_id=ABL_No_ML_079
[2026-06-23T16:24:42] PARAM variant=No_ML
[2026-06-23T16:24:42] PARAM dominant_loss_source=Fragmentation
[2026-06-23T16:24:42] METRIC object_size_bytes=282647.3
[2026-06-23T16:24:42] METRIC throughput_gbps=6.7404
[2026-06-23T16:24:42] METRIC latency_ms=16.639
[2026-06-23T16:24:42] METRIC cpu_util_pct=21.42
[2026-06-23T16:24:42] RUN_END status=OK
[2026-06-23T16:25:13] RUN_START run_id=ABL_No_ML_080
[2026-06-23T16:25:13] PARAM variant=No_ML
[2026-06-23T16:25:13] PARAM dominant_loss_source=Fragmentation
[2026-06-23T16:25:13] METRIC object_size_bytes=402152.9
[2026-06-23T16:25:13] METRIC throughput_gbps=7.4101
[2026-06-23T16:25:13] METRIC latency_ms=16.5068
[2026-06-23T16:25:13] METRIC cpu_util_pct=20.24
[2026-06-23T16:25:13] RUN_END status=OK
[2026-06-23T16:26:03] RUN_START run_id=ABL_No_ML_081
[2026-06-23T16:26:03] PARAM variant=No_ML
[2026-06-23T16:26:03] PARAM dominant_loss_source=Fragmentation
[2026-06-23T16:26:03] METRIC object_size_bytes=350580.2
[2026-06-23T16:26:03] METRIC throughput_gbps=7.5818
[2026-06-23T16:26:03] METRIC latency_ms=16.1377
[2026-06-23T16:26:03] METRIC cpu_util_pct=22.52
[2026-06-23T16:26:03] RUN_END status=OK
[2026-06-23T16:28:23] RUN_START run_id=ABL_No_ML_082
[2026-06-23T16:28:23] PARAM variant=No_ML
[2026-06-23T16:28:23] PARAM dominant_loss_source=Fragmentation
[2026-06-23T16:28:23] METRIC object_size_bytes=478695.9
[2026-06-23T16:28:23] METRIC throughput_gbps=6.8945
[2026-06-23T16:28:23] METRIC latency_ms=16.8579
[2026-06-23T16:28:23] METRIC cpu_util_pct=22.41
[2026-06-23T16:28:23] RUN_END status=OK
[2026-06-23T16:30:08] RUN_START run_id=ABL_No_ML_083
[2026-06-23T16:30:08] PARAM variant=No_ML
[2026-06-23T16:30:08] PARAM dominant_loss_source=Fragmentation
[2026-06-23T16:30:08] METRIC object_size_bytes=121169.4
[2026-06-23T16:30:08] METRIC throughput_gbps=7.1308
[2026-06-23T16:30:08] METRIC latency_ms=15.6867
[2026-06-23T16:30:08] METRIC cpu_util_pct=21.24
[2026-06-23T16:30:08] RUN_END status=OK
