[2026-06-16T15:14:21] RUN_START run_id=ABL_TCP_transport_009
[2026-06-16T15:14:21] PARAM variant=TCP_transport
[2026-06-16T15:14:21] PARAM dominant_loss_source=HOL blocking
[2026-06-16T15:14:21] METRIC object_size_bytes=95126.8
[2026-06-16T15:14:21] METRIC throughput_gbps=6.6544
[2026-06-16T15:14:21] METRIC latency_ms=18.1677
[2026-06-16T15:14:21] METRIC cpu_util_pct=22.63
[2026-06-16T15:14:21] RUN_END status=OK
[2026-06-16T15:15:24] RUN_START run_id=ABL_TCP_transport_010
[2026-06-16T15:15:24] PARAM variant=TCP_transport
[2026-06-16T15:15:24] PARAM dominant_loss_source=HOL blocking
[2026-06-16T15:15:24] METRIC object_size_bytes=156204.8
[2026-06-16T15:15:24] METRIC throughput_gbps=6.9595
[2026-06-16T15:15:24] METRIC latency_ms=16.6971
[2026-06-16T15:15:24] METRIC cpu_util_pct=21.86
[2026-06-16T15:15:24] RUN_END status=OK
[2026-06-16T15:17:09] RUN_START run_id=ABL_TCP_transport_011
[2026-06-16T15:17:09] PARAM variant=TCP_transport
[2026-06-16T15:17:09] PARAM dominant_loss_source=HOL blocking
[2026-06-16T15:17:09] METRIC object_size_bytes=154672.6
[2026-06-16T15:17:09] METRIC throughput_gbps=6.7518
[2026-06-16T15:17:09] METRIC latency_ms=17.5564
[2026-06-16T15:17:09] METRIC cpu_util_pct=24.31
[2026-06-16T15:17:09] RUN_END status=OK
[2026-06-16T15:20:28] RUN_START run_id=ABL_TCP_transport_012
[2026-06-16T15:20:28] PARAM variant=TCP_transport
[2026-06-16T15:20:28] PARAM dominant_loss_source=HOL blocking
[2026-06-16T15:20:28] METRIC object_size_bytes=501532.9
[2026-06-16T15:20:28] METRIC throughput_gbps=6.648
[2026-06-16T15:20:28] METRIC latency_ms=18.6537
[2026-06-16T15:20:28] METRIC cpu_util_pct=21.86
[2026-06-16T15:20:28] RUN_END status=OK
[2026-06-16T15:25:05] RUN_START run_id=ABL_TCP_transport_013
[2026-06-16T15:25:05] PARAM variant=TCP_transport
[2026-06-16T15:25:05] PARAM dominant_loss_source=HOL blocking
[2026-06-16T15:25:05] METRIC object_size_bytes=226453.6
[2026-06-16T15:25:05] METRIC throughput_gbps=7.1636
[2026-06-16T15:25:05] METRIC latency_ms=15.6868
[2026-06-16T15:25:05] METRIC cpu_util_pct=21.8
[2026-06-16T15:25:05] RUN_END status=OK
[2026-06-16T15:28:27] RUN_START run_id=ABL_TCP_transport_014
[2026-06-16T15:28:27] PARAM variant=TCP_transport
[2026-06-16T15:28:27] PARAM dominant_loss_source=HOL blocking
[2026-06-16T15:28:27] METRIC object_size_bytes=333096.3
[2026-06-16T15:28:27] METRIC throughput_gbps=6.3675
[2026-06-16T15:28:27] METRIC latency_ms=16.4211
[2026-06-16T15:28:27] METRIC cpu_util_pct=20.56
[2026-06-16T15:28:27] RUN_END status=OK
[2026-06-16T15:32:24] RUN_START run_id=ABL_TCP_transport_015
[2026-06-16T15:32:24] PARAM variant=TCP_transport
[2026-06-16T15:32:24] PARAM dominant_loss_source=HOL blocking
[2026-06-16T15:32:24] METRIC object_size_bytes=214316.9
[2026-06-16T15:32:24] METRIC throughput_gbps=6.5216
[2026-06-16T15:32:24] METRIC latency_ms=16.7298
[2026-06-16T15:32:24] METRIC cpu_util_pct=22.9
[2026-06-16T15:32:24] RUN_END status=OK
[2026-06-16T15:33:40] RUN_START run_id=ABL_TCP_transport_016
[2026-06-16T15:33:40] PARAM variant=TCP_transport
[2026-06-16T15:33:40] PARAM dominant_loss_source=HOL blocking
[2026-06-16T15:33:40] METRIC object_size_bytes=74552.4
[2026-06-16T15:33:40] METRIC throughput_gbps=6.7065
[2026-06-16T15:33:40] METRIC latency_ms=17.299
[2026-06-16T15:33:40] METRIC cpu_util_pct=21.3
[2026-06-16T15:33:40] RUN_END status=OK
[2026-06-16T15:35:26] RUN_START run_id=ABL_TCP_transport_017
[2026-06-16T15:35:26] PARAM variant=TCP_transport
[2026-06-16T15:35:26] PARAM dominant_loss_source=HOL blocking
[2026-06-16T15:35:26] METRIC object_size_bytes=428069.6
[2026-06-16T15:35:26] METRIC throughput_gbps=6.0137
[2026-06-16T15:35:26] METRIC latency_ms=17.6741
[2026-06-16T15:35:26] METRIC cpu_util_pct=20.92
[2026-06-16T15:35:26] RUN_END status=OK
[2026-06-16T15:37:59] RUN_START run_id=ABL_TCP_transport_018
[2026-06-16T15:37:59] PARAM variant=TCP_transport
[2026-06-16T15:37:59] PARAM dominant_loss_source=HOL blocking
[2026-06-16T15:37:59] METRIC object_size_bytes=352120.0
[2026-06-16T15:37:59] METRIC throughput_gbps=6.1987
[2026-06-16T15:37:59] METRIC latency_ms=15.7904
[2026-06-16T15:37:59] METRIC cpu_util_pct=20.29
[2026-06-16T15:37:59] RUN_END status=OK
