[2026-06-19T07:48:37] RUN_START run_id=ABL_TCP_transport_031
[2026-06-19T07:48:37] PARAM variant=TCP_transport
[2026-06-19T07:48:37] PARAM dominant_loss_source=HOL blocking
[2026-06-19T07:48:37] METRIC object_size_bytes=167949.6
[2026-06-19T07:48:37] METRIC throughput_gbps=6.4111
[2026-06-19T07:48:37] METRIC latency_ms=17.3467
[2026-06-19T07:48:37] METRIC cpu_util_pct=20.83
[2026-06-19T07:48:37] RUN_END status=OK
[2026-06-19T07:49:40] RUN_START run_id=ABL_TCP_transport_032
[2026-06-19T07:49:40] PARAM variant=TCP_transport
[2026-06-19T07:49:40] PARAM dominant_loss_source=HOL blocking
[2026-06-19T07:49:40] METRIC object_size_bytes=496170.0
[2026-06-19T07:49:40] METRIC throughput_gbps=6.3516
[2026-06-19T07:49:40] METRIC latency_ms=18.8324
[2026-06-19T07:49:40] METRIC cpu_util_pct=22.16
[2026-06-19T07:49:40] RUN_END status=OK
[2026-06-19T07:52:55] RUN_START run_id=ABL_TCP_transport_033
[2026-06-19T07:52:55] PARAM variant=TCP_transport
[2026-06-19T07:52:55] PARAM dominant_loss_source=HOL blocking
[2026-06-19T07:52:55] METRIC object_size_bytes=472867.3
[2026-06-19T07:52:55] METRIC throughput_gbps=6.6131
[2026-06-19T07:52:55] METRIC latency_ms=16.6915
[2026-06-19T07:52:55] METRIC cpu_util_pct=21.62
[2026-06-19T07:52:55] RUN_END status=OK
[2026-06-19T07:53:37] RUN_START run_id=ABL_TCP_transport_034
[2026-06-19T07:53:37] PARAM variant=TCP_transport
[2026-06-19T07:53:37] PARAM dominant_loss_source=HOL blocking
[2026-06-19T07:53:37] METRIC object_size_bytes=188557.5
[2026-06-19T07:53:37] METRIC throughput_gbps=6.6507
[2026-06-19T07:53:37] METRIC latency_ms=16.8826
[2026-06-19T07:53:37] METRIC cpu_util_pct=21.95
[2026-06-19T07:53:37] RUN_END status=OK
[2026-06-19T07:55:18] RUN_START run_id=ABL_TCP_transport_035
[2026-06-19T07:55:18] PARAM variant=TCP_transport
[2026-06-19T07:55:18] PARAM dominant_loss_source=HOL blocking
[2026-06-19T07:55:18] METRIC object_size_bytes=343036.5
[2026-06-19T07:55:18] METRIC throughput_gbps=6.4056
[2026-06-19T07:55:18] METRIC latency_ms=15.8295
[2026-06-19T07:55:18] METRIC cpu_util_pct=22.91
[2026-06-19T07:55:18] RUN_END status=OK
[2026-06-19T07:57:37] RUN_START run_id=ABL_TCP_transport_036
[2026-06-19T07:57:37] PARAM variant=TCP_transport
[2026-06-19T07:57:37] PARAM dominant_loss_source=HOL blocking
[2026-06-19T07:57:37] METRIC object_size_bytes=346587.5
[2026-06-19T07:57:37] METRIC throughput_gbps=6.5647
[2026-06-19T07:57:37] METRIC latency_ms=16.7015
[2026-06-19T07:57:37] METRIC cpu_util_pct=21.88
[2026-06-19T07:57:37] RUN_END status=OK
[2026-06-19T07:58:47] RUN_START run_id=ABL_TCP_transport_037
[2026-06-19T07:58:47] PARAM variant=TCP_transport
[2026-06-19T07:58:47] PARAM dominant_loss_source=HOL blocking
[2026-06-19T07:58:47] METRIC object_size_bytes=141282.7
[2026-06-19T07:58:47] METRIC throughput_gbps=6.5418
[2026-06-19T07:58:47] METRIC latency_ms=17.805
[2026-06-19T07:58:47] METRIC cpu_util_pct=23.0
[2026-06-19T07:58:47] RUN_END status=OK
[2026-06-19T08:00:51] RUN_START run_id=ABL_TCP_transport_038
[2026-06-19T08:00:51] PARAM variant=TCP_transport
[2026-06-19T08:00:51] PARAM dominant_loss_source=HOL blocking
[2026-06-19T08:00:51] METRIC object_size_bytes=366717.7
[2026-06-19T08:00:51] METRIC throughput_gbps=6.2463
[2026-06-19T08:00:51] METRIC latency_ms=15.7328
[2026-06-19T08:00:51] METRIC cpu_util_pct=23.87
[2026-06-19T08:00:51] RUN_END status=OK
[2026-06-19T08:02:01] RUN_START run_id=ABL_TCP_transport_039
[2026-06-19T08:02:01] PARAM variant=TCP_transport
[2026-06-19T08:02:01] PARAM dominant_loss_source=HOL blocking
[2026-06-19T08:02:01] METRIC object_size_bytes=209822.4
[2026-06-19T08:02:01] METRIC throughput_gbps=6.3875
[2026-06-19T08:02:01] METRIC latency_ms=19.2462
[2026-06-19T08:02:01] METRIC cpu_util_pct=22.52
[2026-06-19T08:02:01] RUN_END status=OK
[2026-06-19T08:02:53] RUN_START run_id=ABL_TCP_transport_040
[2026-06-19T08:02:53] PARAM variant=TCP_transport
[2026-06-19T08:02:53] PARAM dominant_loss_source=HOL blocking
[2026-06-19T08:02:53] METRIC object_size_bytes=94728.7
[2026-06-19T08:02:53] METRIC throughput_gbps=6.6048
[2026-06-19T08:02:53] METRIC latency_ms=18.2197
[2026-06-19T08:02:53] METRIC cpu_util_pct=21.67
[2026-06-19T08:02:53] RUN_END status=OK
[2026-06-19T08:04:45] RUN_START run_id=ABL_TCP_transport_041
[2026-06-19T08:04:45] PARAM variant=TCP_transport
[2026-06-19T08:04:45] PARAM dominant_loss_source=HOL blocking
[2026-06-19T08:04:45] METRIC object_size_bytes=288157.8
[2026-06-19T08:04:45] METRIC throughput_gbps=6.8655
[2026-06-19T08:04:45] METRIC latency_ms=16.294
[2026-06-19T08:04:45] METRIC cpu_util_pct=21.09
[2026-06-19T08:04:45] RUN_END status=OK
[2026-06-19T08:05:45] RUN_START run_id=ABL_TCP_transport_042
[2026-06-19T08:05:45] PARAM variant=TCP_transport
[2026-06-19T08:05:45] PARAM dominant_loss_source=HOL blocking
[2026-06-19T08:05:45] METRIC object_size_bytes=244673.2
[2026-06-19T08:05:45] METRIC throughput_gbps=6.419
[2026-06-19T08:05:45] METRIC latency_ms=16.8766
[2026-06-19T08:05:45] METRIC cpu_util_pct=21.9
[2026-06-19T08:05:45] RUN_END status=OK
[2026-06-19T08:06:45] RUN_START run_id=ABL_TCP_transport_043
[2026-06-19T08:06:45] PARAM variant=TCP_transport
[2026-06-19T08:06:45] PARAM dominant_loss_source=HOL blocking
[2026-06-19T08:06:45] METRIC object_size_bytes=333705.5
[2026-06-19T08:06:45] METRIC throughput_gbps=6.3197
[2026-06-19T08:06:45] METRIC latency_ms=17.7137
[2026-06-19T08:06:45] METRIC cpu_util_pct=22.84
[2026-06-19T08:06:45] RUN_END status=OK
[2026-06-19T08:10:41] RUN_START run_id=ABL_TCP_transport_044
[2026-06-19T08:10:41] PARAM variant=TCP_transport
[2026-06-19T08:10:41] PARAM dominant_loss_source=HOL blocking
[2026-06-19T08:10:41] METRIC object_size_bytes=402353.4
[2026-06-19T08:10:41] METRIC throughput_gbps=6.7352
[2026-06-19T08:10:41] METRIC latency_ms=17.2247
[2026-06-19T08:10:41] METRIC cpu_util_pct=22.23
[2026-06-19T08:10:41] RUN_END status=OK
[2026-06-19T08:13:42] RUN_START run_id=ABL_TCP_transport_045
[2026-06-19T08:13:42] PARAM variant=TCP_transport
[2026-06-19T08:13:42] PARAM dominant_loss_source=HOL blocking
[2026-06-19T08:13:42] METRIC object_size_bytes=99420.5
[2026-06-19T08:13:42] METRIC throughput_gbps=6.541
[2026-06-19T08:13:42] METRIC latency_ms=17.8253
[2026-06-19T08:13:42] METRIC cpu_util_pct=24.03
[2026-06-19T08:13:42] RUN_END status=OK
[2026-06-19T08:13:55] RUN_START run_id=ABL_TCP_transport_046
[2026-06-19T08:13:55] PARAM variant=TCP_transport
[2026-06-19T08:13:55] PARAM dominant_loss_source=HOL blocking
[2026-06-19T08:13:55] METRIC object_size_bytes=348148.2
[2026-06-19T08:13:55] METRIC throughput_gbps=6.8863
[2026-06-19T08:13:55] METRIC latency_ms=17.064
[2026-06-19T08:13:55] METRIC cpu_util_pct=19.93
[2026-06-19T08:13:55] RUN_END status=OK
[2026-06-19T08:15:50] RUN_START run_id=ABL_TCP_transport_047
[2026-06-19T08:15:50] PARAM variant=TCP_transport
[2026-06-19T08:15:50] PARAM dominant_loss_source=HOL blocking
[2026-06-19T08:15:50] METRIC object_size_bytes=197720.1
[2026-06-19T08:15:50] METRIC throughput_gbps=6.4413
[2026-06-19T08:15:50] METRIC latency_ms=16.0427
[2026-06-19T08:15:50] METRIC cpu_util_pct=21.31
[2026-06-19T08:15:50] RUN_END status=OK
