[2026-06-22T21:40:54] RUN_START run_id=ABL_TCP_transport_110
[2026-06-22T21:40:54] PARAM variant=TCP_transport
[2026-06-22T21:40:54] PARAM dominant_loss_source=HOL blocking
[2026-06-22T21:40:54] METRIC object_size_bytes=447507.7
[2026-06-22T21:40:54] METRIC throughput_gbps=6.396
[2026-06-22T21:40:54] METRIC latency_ms=18.6028
[2026-06-22T21:40:54] METRIC cpu_util_pct=20.51
[2026-06-22T21:40:54] RUN_END status=OK
[2026-06-22T21:44:27] RUN_START run_id=ABL_TCP_transport_111
[2026-06-22T21:44:27] PARAM variant=TCP_transport
[2026-06-22T21:44:27] PARAM dominant_loss_source=HOL blocking
[2026-06-22T21:44:27] METRIC object_size_bytes=153984.4
[2026-06-22T21:44:27] METRIC throughput_gbps=6.4072
[2026-06-22T21:44:27] METRIC latency_ms=15.5276
[2026-06-22T21:44:27] METRIC cpu_util_pct=22.58
[2026-06-22T21:44:27] RUN_END status=OK
[2026-06-22T21:47:00] RUN_START run_id=ABL_TCP_transport_112
[2026-06-22T21:47:00] PARAM variant=TCP_transport
[2026-06-22T21:47:00] PARAM dominant_loss_source=HOL blocking
[2026-06-22T21:47:00] METRIC object_size_bytes=152828.4
[2026-06-22T21:47:00] METRIC throughput_gbps=6.302
[2026-06-22T21:47:00] METRIC latency_ms=17.1077
[2026-06-22T21:47:00] METRIC cpu_util_pct=23.37
[2026-06-22T21:47:00] RUN_END status=OK
[2026-06-22T21:48:00] RUN_START run_id=ABL_TCP_transport_113
[2026-06-22T21:48:00] PARAM variant=TCP_transport
[2026-06-22T21:48:00] PARAM dominant_loss_source=HOL blocking
[2026-06-22T21:48:00] METRIC object_size_bytes=257794.7
[2026-06-22T21:48:00] METRIC throughput_gbps=6.6587
[2026-06-22T21:48:00] METRIC latency_ms=17.0557
[2026-06-22T21:48:00] METRIC cpu_util_pct=23.45
[2026-06-22T21:48:00] RUN_END status=OK
[2026-06-22T21:49:34] RUN_START run_id=ABL_TCP_transport_114
[2026-06-22T21:49:34] PARAM variant=TCP_transport
[2026-06-22T21:49:34] PARAM dominant_loss_source=HOL blocking
[2026-06-22T21:49:34] METRIC object_size_bytes=279827.6
[2026-06-22T21:49:34] METRIC throughput_gbps=6.3359
[2026-06-22T21:49:34] METRIC latency_ms=17.6444
[2026-06-22T21:49:34] METRIC cpu_util_pct=22.37
[2026-06-22T21:49:34] RUN_END status=OK
[2026-06-22T21:52:19] RUN_START run_id=ABL_TCP_transport_115
[2026-06-22T21:52:19] PARAM variant=TCP_transport
[2026-06-22T21:52:19] PARAM dominant_loss_source=HOL blocking
[2026-06-22T21:52:19] METRIC object_size_bytes=181678.6
[2026-06-22T21:52:19] METRIC throughput_gbps=6.483
[2026-06-22T21:52:19] METRIC latency_ms=16.5136
[2026-06-22T21:52:19] METRIC cpu_util_pct=21.5
[2026-06-22T21:52:19] RUN_END status=OK
[2026-06-22T21:53:35] RUN_START run_id=ABL_TCP_transport_116
[2026-06-22T21:53:35] PARAM variant=TCP_transport
[2026-06-22T21:53:35] PARAM dominant_loss_source=HOL blocking
[2026-06-22T21:53:35] METRIC object_size_bytes=156075.3
[2026-06-22T21:53:35] METRIC throughput_gbps=6.3568
[2026-06-22T21:53:35] METRIC latency_ms=16.855
[2026-06-22T21:53:35] METRIC cpu_util_pct=22.18
[2026-06-22T21:53:35] RUN_END status=OK
[2026-06-22T21:57:37] RUN_START run_id=ABL_TCP_transport_117
[2026-06-22T21:57:37] PARAM variant=TCP_transport
[2026-06-22T21:57:37] PARAM dominant_loss_source=HOL blocking
[2026-06-22T21:57:37] METRIC object_size_bytes=463830.5
[2026-06-22T21:57:37] METRIC throughput_gbps=6.4043
[2026-06-22T21:57:37] METRIC latency_ms=16.1085
[2026-06-22T21:57:37] METRIC cpu_util_pct=21.24
[2026-06-22T21:57:37] RUN_END status=OK
[2026-06-22T22:00:31] RUN_START run_id=ABL_TCP_transport_118
[2026-06-22T22:00:31] PARAM variant=TCP_transport
[2026-06-22T22:00:31] PARAM dominant_loss_source=HOL blocking
[2026-06-22T22:00:31] METRIC object_size_bytes=261429.6
[2026-06-22T22:00:31] METRIC throughput_gbps=6.125
[2026-06-22T22:00:31] METRIC latency_ms=15.5591
[2026-06-22T22:00:31] METRIC cpu_util_pct=20.25
[2026-06-22T22:00:31] RUN_END status=OK
[2026-06-22T22:01:13] RUN_START run_id=ABL_TCP_transport_119
[2026-06-22T22:01:13] PARAM variant=TCP_transport
[2026-06-22T22:01:13] PARAM dominant_loss_source=HOL blocking
[2026-06-22T22:01:13] METRIC object_size_bytes=247143.7
[2026-06-22T22:01:13] METRIC throughput_gbps=6.6214
[2026-06-22T22:01:13] METRIC latency_ms=16.2562
[2026-06-22T22:01:13] METRIC cpu_util_pct=20.02
[2026-06-22T22:01:13] RUN_END status=OK
[2026-06-22T22:04:37] RUN_START run_id=ABL_TCP_transport_120
[2026-06-22T22:04:37] PARAM variant=TCP_transport
[2026-06-22T22:04:37] PARAM dominant_loss_source=HOL blocking
[2026-06-22T22:04:37] METRIC object_size_bytes=183126.0
[2026-06-22T22:04:37] METRIC throughput_gbps=6.2999
[2026-06-22T22:04:37] METRIC latency_ms=15.7459
[2026-06-22T22:04:37] METRIC cpu_util_pct=22.38
[2026-06-22T22:04:37] RUN_END status=OK
[2026-06-22T22:06:41] RUN_START run_id=ABL_TCP_transport_121
[2026-06-22T22:06:41] PARAM variant=TCP_transport
[2026-06-22T22:06:41] PARAM dominant_loss_source=HOL blocking
[2026-06-22T22:06:41] METRIC object_size_bytes=344414.1
[2026-06-22T22:06:41] METRIC throughput_gbps=6.7681
[2026-06-22T22:06:41] METRIC latency_ms=17.7432
[2026-06-22T22:06:41] METRIC cpu_util_pct=23.75
[2026-06-22T22:06:41] RUN_END status=OK
[2026-06-22T22:08:28] RUN_START run_id=ABL_TCP_transport_122
[2026-06-22T22:08:28] PARAM variant=TCP_transport
[2026-06-22T22:08:28] PARAM dominant_loss_source=HOL blocking
[2026-06-22T22:08:28] METRIC object_size_bytes=204003.0
[2026-06-22T22:08:28] METRIC throughput_gbps=6.629
[2026-06-22T22:08:28] METRIC latency_ms=17.3483
[2026-06-22T22:08:28] METRIC cpu_util_pct=22.31
[2026-06-22T22:08:28] RUN_END status=OK
[2026-06-22T22:12:16] RUN_START run_id=ABL_TCP_transport_123
[2026-06-22T22:12:16] PARAM variant=TCP_transport
[2026-06-22T22:12:16] PARAM dominant_loss_source=HOL blocking
[2026-06-22T22:12:16] METRIC object_size_bytes=239952.1
[2026-06-22T22:12:16] METRIC throughput_gbps=6.878
[2026-06-22T22:12:16] METRIC latency_ms=15.492
[2026-06-22T22:12:16] METRIC cpu_util_pct=22.61
[2026-06-22T22:12:16] RUN_END status=OK
[2026-06-22T22:15:40] RUN_START run_id=ABL_TCP_transport_124
[2026-06-22T22:15:40] PARAM variant=TCP_transport
[2026-06-22T22:15:40] PARAM dominant_loss_source=HOL blocking
[2026-06-22T22:15:40] METRIC object_size_bytes=492568.5
[2026-06-22T22:15:40] METRIC throughput_gbps=6.634
[2026-06-22T22:15:40] METRIC latency_ms=16.5674
[2026-06-22T22:15:40] METRIC cpu_util_pct=22.22
[2026-06-22T22:15:40] RUN_END status=OK
[2026-06-22T22:17:34] RUN_START run_id=ABL_TCP_transport_125
[2026-06-22T22:17:34] PARAM variant=TCP_transport
[2026-06-22T22:17:34] PARAM dominant_loss_source=HOL blocking
[2026-06-22T22:17:34] METRIC object_size_bytes=153988.5
[2026-06-22T22:17:34] METRIC throughput_gbps=6.3717
[2026-06-22T22:17:34] METRIC latency_ms=17.6485
[2026-06-22T22:17:34] METRIC cpu_util_pct=20.77
[2026-06-22T22:17:34] RUN_END status=OK
[2026-06-22T22:20:37] RUN_START run_id=ABL_TCP_transport_126
[2026-06-22T22:20:37] PARAM variant=TCP_transport
[2026-06-22T22:20:37] PARAM dominant_loss_source=HOL blocking
[2026-06-22T22:20:37] METRIC object_size_bytes=477451.7
[2026-06-22T22:20:37] METRIC throughput_gbps=6.2533
[2026-06-22T22:20:37] METRIC latency_ms=16.2408
[2026-06-22T22:20:37] METRIC cpu_util_pct=23.65
[2026-06-22T22:20:37] RUN_END status=OK
[2026-06-22T22:23:04] RUN_START run_id=ABL_TCP_transport_127
[2026-06-22T22:23:04] PARAM variant=TCP_transport
[2026-06-22T22:23:04] PARAM dominant_loss_source=HOL blocking
[2026-06-22T22:23:04] METRIC object_size_bytes=432281.6
[2026-06-22T22:23:04] METRIC throughput_gbps=6.0806
[2026-06-22T22:23:04] METRIC latency_ms=15.1935
[2026-06-22T22:23:04] METRIC cpu_util_pct=21.13
[2026-06-22T22:23:04] RUN_END status=OK
[2026-06-22T22:23:55] RUN_START run_id=ABL_TCP_transport_128
[2026-06-22T22:23:55] PARAM variant=TCP_transport
[2026-06-22T22:23:55] PARAM dominant_loss_source=HOL blocking
[2026-06-22T22:23:55] METRIC object_size_bytes=98799.8
[2026-06-22T22:23:55] METRIC throughput_gbps=6.3217
[2026-06-22T22:23:55] METRIC latency_ms=16.6205
[2026-06-22T22:23:55] METRIC cpu_util_pct=23.85
[2026-06-22T22:23:55] RUN_END status=OK
[2026-06-22T22:27:56] RUN_START run_id=ABL_TCP_transport_129
[2026-06-22T22:27:56] PARAM variant=TCP_transport
[2026-06-22T22:27:56] PARAM dominant_loss_source=HOL blocking
[2026-06-22T22:27:56] METRIC object_size_bytes=304947.3
[2026-06-22T22:27:56] METRIC throughput_gbps=6.538
[2026-06-22T22:27:56] METRIC latency_ms=16.705
[2026-06-22T22:27:56] METRIC cpu_util_pct=21.4
[2026-06-22T22:27:56] RUN_END status=OK
