[2026-06-24T09:07:45] RUN_START run_id=ABL_No_ML_121
[2026-06-24T09:07:45] PARAM variant=No_ML
[2026-06-24T09:07:45] PARAM dominant_loss_source=Fragmentation
[2026-06-24T09:07:45] METRIC object_size_bytes=340049.5
[2026-06-24T09:07:45] METRIC throughput_gbps=7.4253
[2026-06-24T09:07:45] METRIC latency_ms=16.3065
[2026-06-24T09:07:45] METRIC cpu_util_pct=21.21
[2026-06-24T09:07:45] RUN_END status=OK
[2026-06-24T09:13:21] RUN_START run_id=ABL_No_ML_122
[2026-06-24T09:13:21] PARAM variant=No_ML
[2026-06-24T09:13:21] PARAM dominant_loss_source=Fragmentation
[2026-06-24T09:13:21] METRIC object_size_bytes=420339.6
[2026-06-24T09:13:21] METRIC throughput_gbps=6.747
[2026-06-24T09:13:21] METRIC latency_ms=16.1854
[2026-06-24T09:13:21] METRIC cpu_util_pct=21.55
[2026-06-24T09:13:21] RUN_END status=OK
[2026-06-24T09:15:16] RUN_START run_id=ABL_No_ML_123
[2026-06-24T09:15:16] PARAM variant=No_ML
[2026-06-24T09:15:16] PARAM dominant_loss_source=Fragmentation
[2026-06-24T09:15:16] METRIC object_size_bytes=385282.4
[2026-06-24T09:15:16] METRIC throughput_gbps=7.1597
[2026-06-24T09:15:16] METRIC latency_ms=15.9802
[2026-06-24T09:15:16] METRIC cpu_util_pct=20.25
[2026-06-24T09:15:16] RUN_END status=OK
[2026-06-24T09:19:32] RUN_START run_id=ABL_No_ML_124
[2026-06-24T09:19:32] PARAM variant=No_ML
[2026-06-24T09:19:32] PARAM dominant_loss_source=Fragmentation
[2026-06-24T09:19:32] METRIC object_size_bytes=371444.7
[2026-06-24T09:19:32] METRIC throughput_gbps=6.554
[2026-06-24T09:19:32] METRIC latency_ms=16.6791
[2026-06-24T09:19:32] METRIC cpu_util_pct=21.55
[2026-06-24T09:19:32] RUN_END status=OK
[2026-06-24T09:20:36] RUN_START run_id=ABL_No_ML_125
[2026-06-24T09:20:36] PARAM variant=No_ML
[2026-06-24T09:20:36] PARAM dominant_loss_source=Fragmentation
[2026-06-24T09:20:36] METRIC object_size_bytes=121592.7
[2026-06-24T09:20:36] METRIC throughput_gbps=6.7037
[2026-06-24T09:20:36] METRIC latency_ms=15.7595
[2026-06-24T09:20:36] METRIC cpu_util_pct=19.81
[2026-06-24T09:20:36] RUN_END status=OK
[2026-06-24T09:21:37] RUN_START run_id=ABL_No_ML_126
[2026-06-24T09:21:37] PARAM variant=No_ML
[2026-06-24T09:21:37] PARAM dominant_loss_source=Fragmentation
[2026-06-24T09:21:37] METRIC object_size_bytes=399133.1
[2026-06-24T09:21:37] METRIC throughput_gbps=6.7303
[2026-06-24T09:21:37] METRIC latency_ms=16.5347
[2026-06-24T09:21:37] METRIC cpu_util_pct=18.96
[2026-06-24T09:21:37] RUN_END status=OK
[2026-06-24T09:23:58] RUN_START run_id=ABL_No_ML_127
[2026-06-24T09:23:58] PARAM variant=No_ML
[2026-06-24T09:23:58] PARAM dominant_loss_source=Fragmentation
[2026-06-24T09:23:58] METRIC object_size_bytes=123654.0
[2026-06-24T09:23:58] METRIC throughput_gbps=7.0231
[2026-06-24T09:23:58] METRIC latency_ms=14.0986
[2026-06-24T09:23:58] METRIC cpu_util_pct=21.07
[2026-06-24T09:23:58] RUN_END status=OK
[2026-06-24T09:25:02] RUN_START run_id=ABL_No_ML_128
[2026-06-24T09:25:02] PARAM variant=No_ML
[2026-06-24T09:25:02] PARAM dominant_loss_source=Fragmentation
[2026-06-24T09:25:02] METRIC object_size_bytes=241463.7
[2026-06-24T09:25:02] METRIC throughput_gbps=7.2467
[2026-06-24T09:25:02] METRIC latency_ms=14.5994
[2026-06-24T09:25:02] METRIC cpu_util_pct=20.44
[2026-06-24T09:25:02] RUN_END status=OK
[2026-06-24T09:27:06] RUN_START run_id=ABL_No_ML_129
[2026-06-24T09:27:06] PARAM variant=No_ML
[2026-06-24T09:27:06] PARAM dominant_loss_source=Fragmentation
[2026-06-24T09:27:06] METRIC object_size_bytes=417963.9
[2026-06-24T09:27:06] METRIC throughput_gbps=7.3476
[2026-06-24T09:27:06] METRIC latency_ms=16.4285
[2026-06-24T09:27:06] METRIC cpu_util_pct=20.21
[2026-06-24T09:27:06] RUN_END status=OK
[2026-06-24T09:28:17] RUN_START run_id=ABL_No_ML_130
[2026-06-24T09:28:17] PARAM variant=No_ML
[2026-06-24T09:28:17] PARAM dominant_loss_source=Fragmentation
[2026-06-24T09:28:17] METRIC object_size_bytes=66491.4
[2026-06-24T09:28:17] METRIC throughput_gbps=6.9395
[2026-06-24T09:28:17] METRIC latency_ms=15.8155
[2026-06-24T09:28:17] METRIC cpu_util_pct=20.71
[2026-06-24T09:28:17] RUN_END status=OK
[2026-06-24T09:30:00] RUN_START run_id=ABL_No_ML_131
[2026-06-24T09:30:00] PARAM variant=No_ML
[2026-06-24T09:30:00] PARAM dominant_loss_source=Fragmentation
[2026-06-24T09:30:00] METRIC object_size_bytes=206785.1
[2026-06-24T09:30:00] METRIC throughput_gbps=6.6115
[2026-06-24T09:30:00] METRIC latency_ms=14.7719
[2026-06-24T09:30:00] METRIC cpu_util_pct=21.91
[2026-06-24T09:30:00] RUN_END status=OK
[2026-06-24T09:35:13] RUN_START run_id=ABL_No_ML_132
[2026-06-24T09:35:13] PARAM variant=No_ML
[2026-06-24T09:35:13] PARAM dominant_loss_source=Fragmentation
[2026-06-24T09:35:13] METRIC object_size_bytes=147766.8
[2026-06-24T09:35:13] METRIC throughput_gbps=6.2329
[2026-06-24T09:35:13] METRIC latency_ms=17.4024
[2026-06-24T09:35:13] METRIC cpu_util_pct=22.23
[2026-06-24T09:35:13] RUN_END status=OK
[2026-06-24T09:38:00] RUN_START run_id=ABL_No_ML_133
[2026-06-24T09:38:00] PARAM variant=No_ML
[2026-06-24T09:38:00] PARAM dominant_loss_source=Fragmentation
[2026-06-24T09:38:00] METRIC object_size_bytes=382236.8
[2026-06-24T09:38:00] METRIC throughput_gbps=7.1056
[2026-06-24T09:38:00] METRIC latency_ms=17.7681
[2026-06-24T09:38:00] METRIC cpu_util_pct=20.97
[2026-06-24T09:38:00] RUN_END status=OK
[2026-06-24T09:40:21] RUN_START run_id=ABL_No_ML_134
[2026-06-24T09:40:21] PARAM variant=No_ML
[2026-06-24T09:40:21] PARAM dominant_loss_source=Fragmentation
[2026-06-24T09:40:21] METRIC object_size_bytes=173332.8
[2026-06-24T09:40:21] METRIC throughput_gbps=6.9538
[2026-06-24T09:40:21] METRIC latency_ms=15.929
[2026-06-24T09:40:21] METRIC cpu_util_pct=20.9
[2026-06-24T09:40:21] RUN_END status=OK
[2026-06-24T09:43:05] RUN_START run_id=ABL_No_ML_135
[2026-06-24T09:43:05] PARAM variant=No_ML
[2026-06-24T09:43:05] PARAM dominant_loss_source=Fragmentation
[2026-06-24T09:43:05] METRIC object_size_bytes=144435.4
[2026-06-24T09:43:05] METRIC throughput_gbps=6.9046
[2026-06-24T09:43:05] METRIC latency_ms=16.1069
[2026-06-24T09:43:05] METRIC cpu_util_pct=22.36
[2026-06-24T09:43:05] RUN_END status=OK
[2026-06-24T09:47:48] RUN_START run_id=ABL_No_ML_136
[2026-06-24T09:47:48] PARAM variant=No_ML
[2026-06-24T09:47:48] PARAM dominant_loss_source=Fragmentation
[2026-06-24T09:47:48] METRIC object_size_bytes=305765.4
[2026-06-24T09:47:48] METRIC throughput_gbps=7.2812
[2026-06-24T09:47:48] METRIC latency_ms=15.225
[2026-06-24T09:47:48] METRIC cpu_util_pct=21.36
[2026-06-24T09:47:48] RUN_END status=OK
[2026-06-24T09:53:11] RUN_START run_id=ABL_No_ML_137
[2026-06-24T09:53:11] PARAM variant=No_ML
[2026-06-24T09:53:11] PARAM dominant_loss_source=Fragmentation
[2026-06-24T09:53:11] METRIC object_size_bytes=164885.9
[2026-06-24T09:53:11] METRIC throughput_gbps=7.2545
[2026-06-24T09:53:11] METRIC latency_ms=14.5061
[2026-06-24T09:53:11] METRIC cpu_util_pct=20.62
[2026-06-24T09:53:11] RUN_END status=OK
[2026-06-24T09:54:38] RUN_START run_id=ABL_No_ML_138
[2026-06-24T09:54:38] PARAM variant=No_ML
[2026-06-24T09:54:38] PARAM dominant_loss_source=Fragmentation
[2026-06-24T09:54:38] METRIC object_size_bytes=137509.1
[2026-06-24T09:54:38] METRIC throughput_gbps=7.4665
[2026-06-24T09:54:38] METRIC latency_ms=15.7025
[2026-06-24T09:54:38] METRIC cpu_util_pct=20.25
[2026-06-24T09:54:38] RUN_END status=OK
[2026-06-24T09:56:46] RUN_START run_id=ABL_No_ML_139
[2026-06-24T09:56:46] PARAM variant=No_ML
[2026-06-24T09:56:46] PARAM dominant_loss_source=Fragmentation
[2026-06-24T09:56:46] METRIC object_size_bytes=177188.9
[2026-06-24T09:56:46] METRIC throughput_gbps=7.4406
[2026-06-24T09:56:46] METRIC latency_ms=15.1953
[2026-06-24T09:56:46] METRIC cpu_util_pct=20.46
[2026-06-24T09:56:46] RUN_END status=OK
[2026-06-24T09:59:40] RUN_START run_id=ABL_No_ML_140
[2026-06-24T09:59:40] PARAM variant=No_ML
[2026-06-24T09:59:40] PARAM dominant_loss_source=Fragmentation
[2026-06-24T09:59:40] METRIC object_size_bytes=267508.5
[2026-06-24T09:59:40] METRIC throughput_gbps=7.458
[2026-06-24T09:59:40] METRIC latency_ms=15.805
[2026-06-24T09:59:40] METRIC cpu_util_pct=20.53
[2026-06-24T09:59:40] RUN_END status=OK
