[2026-06-11T15:09:52] RUN_START run_id=ABL_Static_MTU_138
[2026-06-11T15:09:52] PARAM variant=Static_MTU
[2026-06-11T15:09:52] PARAM dominant_loss_source=Non-adaptive sizing
[2026-06-11T15:09:52] METRIC object_size_bytes=253353.4
[2026-06-11T15:09:52] METRIC throughput_gbps=6.9143
[2026-06-11T15:09:52] METRIC latency_ms=16.5889
[2026-06-11T15:09:52] METRIC cpu_util_pct=22.14
[2026-06-11T15:09:52] RUN_END status=OK
[2026-06-11T15:11:35] RUN_START run_id=ABL_Static_MTU_139
[2026-06-11T15:11:35] PARAM variant=Static_MTU
[2026-06-11T15:11:35] PARAM dominant_loss_source=Non-adaptive sizing
[2026-06-11T15:11:35] METRIC object_size_bytes=359942.0
[2026-06-11T15:11:35] METRIC throughput_gbps=7.1386
[2026-06-11T15:11:35] METRIC latency_ms=16.1062
[2026-06-11T15:11:35] METRIC cpu_util_pct=19.91
[2026-06-11T15:11:35] RUN_END status=OK
[2026-06-11T15:13:20] RUN_START run_id=ABL_Static_MTU_140
[2026-06-11T15:13:20] PARAM variant=Static_MTU
[2026-06-11T15:13:20] PARAM dominant_loss_source=Non-adaptive sizing
[2026-06-11T15:13:20] METRIC object_size_bytes=145097.9
[2026-06-11T15:13:20] METRIC throughput_gbps=6.9995
[2026-06-11T15:13:20] METRIC latency_ms=17.6035
[2026-06-11T15:13:20] METRIC cpu_util_pct=19.3
[2026-06-11T15:13:20] RUN_END status=OK
[2026-06-11T15:16:59] RUN_START run_id=ABL_Static_MTU_141
[2026-06-11T15:16:59] PARAM variant=Static_MTU
[2026-06-11T15:16:59] PARAM dominant_loss_source=Non-adaptive sizing
[2026-06-11T15:16:59] METRIC object_size_bytes=272742.3
[2026-06-11T15:16:59] METRIC throughput_gbps=7.2038
[2026-06-11T15:16:59] METRIC latency_ms=17.1467
[2026-06-11T15:16:59] METRIC cpu_util_pct=23.06
[2026-06-11T15:16:59] RUN_END status=OK
[2026-06-11T15:20:01] RUN_START run_id=ABL_Static_MTU_142
[2026-06-11T15:20:01] PARAM variant=Static_MTU
[2026-06-11T15:20:01] PARAM dominant_loss_source=Non-adaptive sizing
[2026-06-11T15:20:01] METRIC object_size_bytes=133073.1
[2026-06-11T15:20:01] METRIC throughput_gbps=7.1182
[2026-06-11T15:20:01] METRIC latency_ms=14.7841
[2026-06-11T15:20:01] METRIC cpu_util_pct=22.48
[2026-06-11T15:20:01] RUN_END status=OK
[2026-06-12T08:00:00] RUN_START run_id=ABL_Full_uDCN_001
[2026-06-12T08:00:00] PARAM variant=Full_uDCN
[2026-06-12T08:00:00] PARAM dominant_loss_source=-
[2026-06-12T08:00:00] METRIC object_size_bytes=333220.7
[2026-06-12T08:00:00] METRIC throughput_gbps=7.7811
[2026-06-12T08:00:00] METRIC latency_ms=13.1934
[2026-06-12T08:00:00] METRIC cpu_util_pct=18.11
[2026-06-12T08:00:00] RUN_END status=OK
[2026-06-12T08:03:22] RUN_START run_id=ABL_Full_uDCN_002
[2026-06-12T08:03:22] PARAM variant=Full_uDCN
[2026-06-12T08:03:22] PARAM dominant_loss_source=-
[2026-06-12T08:03:22] METRIC object_size_bytes=163140.1
[2026-06-12T08:03:22] METRIC throughput_gbps=8.3953
[2026-06-12T08:03:22] METRIC latency_ms=12.1065
[2026-06-12T08:03:22] METRIC cpu_util_pct=16.62
[2026-06-12T08:03:22] RUN_END status=OK
[2026-06-12T08:07:21] RUN_START run_id=ABL_Full_uDCN_003
[2026-06-12T08:07:21] PARAM variant=Full_uDCN
[2026-06-12T08:07:21] PARAM dominant_loss_source=-
[2026-06-12T08:07:21] METRIC object_size_bytes=323657.6
[2026-06-12T08:07:21] METRIC throughput_gbps=8.696
[2026-06-12T08:07:21] METRIC latency_ms=12.769
[2026-06-12T08:07:21] METRIC cpu_util_pct=19.37
[2026-06-12T08:07:21] RUN_END status=OK
[2026-06-12T08:13:25] RUN_START run_id=ABL_Full_uDCN_004
[2026-06-12T08:13:25] PARAM variant=Full_uDCN
[2026-06-12T08:13:25] PARAM dominant_loss_source=-
[2026-06-12T08:13:25] METRIC object_size_bytes=365617.9
[2026-06-12T08:13:25] METRIC throughput_gbps=8.0231
[2026-06-12T08:13:25] METRIC latency_ms=12.056
[2026-06-12T08:13:25] METRIC cpu_util_pct=17.46
[2026-06-12T08:13:25] RUN_END status=OK
[2026-06-12T08:14:08] RUN_START run_id=ABL_Full_uDCN_005
[2026-06-12T08:14:08] PARAM variant=Full_uDCN
[2026-06-12T08:14:08] PARAM dominant_loss_source=-
[2026-06-12T08:14:08] METRIC object_size_bytes=435008.5
[2026-06-12T08:14:08] METRIC throughput_gbps=8.1639
[2026-06-12T08:14:08] METRIC latency_ms=12.7734
[2026-06-12T08:14:08] METRIC cpu_util_pct=16.16
[2026-06-12T08:14:08] RUN_END status=OK
[2026-06-12T08:15:31] RUN_START run_id=ABL_Full_uDCN_006
[2026-06-12T08:15:31] PARAM variant=Full_uDCN
[2026-06-12T08:15:31] PARAM dominant_loss_source=-
[2026-06-12T08:15:31] METRIC object_size_bytes=323847.9
[2026-06-12T08:15:31] METRIC throughput_gbps=8.6958
[2026-06-12T08:15:31] METRIC latency_ms=12.0619
[2026-06-12T08:15:31] METRIC cpu_util_pct=19.73
[2026-06-12T08:15:31] RUN_END status=OK
[2026-06-12T08:19:07] RUN_START run_id=ABL_Full_uDCN_007
[2026-06-12T08:19:07] PARAM variant=Full_uDCN
[2026-06-12T08:19:07] PARAM dominant_loss_source=-
[2026-06-12T08:19:07] METRIC object_size_bytes=292765.9
[2026-06-12T08:19:07] METRIC throughput_gbps=7.9325
[2026-06-12T08:19:07] METRIC latency_ms=11.8068
[2026-06-12T08:19:07] METRIC cpu_util_pct=17.46
[2026-06-12T08:19:07] RUN_END status=OK
[2026-06-12T08:20:15] RUN_START run_id=ABL_Full_uDCN_008
[2026-06-12T08:20:15] PARAM variant=Full_uDCN
[2026-06-12T08:20:15] PARAM dominant_loss_source=-
[2026-06-12T08:20:15] METRIC object_size_bytes=480035.4
[2026-06-12T08:20:15] METRIC throughput_gbps=8.823
[2026-06-12T08:20:15] METRIC latency_ms=12.0901
[2026-06-12T08:20:15] METRIC cpu_util_pct=18.62
[2026-06-12T08:20:15] RUN_END status=OK
