[2026-06-16T15:38:29] RUN_START run_id=ABL_TCP_transport_019
[2026-06-16T15:38:29] PARAM variant=TCP_transport
[2026-06-16T15:38:29] PARAM dominant_loss_source=HOL blocking
[2026-06-16T15:38:29] METRIC object_size_bytes=96568.6
[2026-06-16T15:38:29] METRIC throughput_gbps=6.503
[2026-06-16T15:38:29] METRIC latency_ms=17.2854
[2026-06-16T15:38:29] METRIC cpu_util_pct=20.92
[2026-06-16T15:38:29] RUN_END status=OK
[2026-06-16T15:38:47] RUN_START run_id=ABL_TCP_transport_020
[2026-06-16T15:38:47] PARAM variant=TCP_transport
[2026-06-16T15:38:47] PARAM dominant_loss_source=HOL blocking
[2026-06-16T15:38:47] METRIC object_size_bytes=180376.2
[2026-06-16T15:38:47] METRIC throughput_gbps=6.9707
[2026-06-16T15:38:47] METRIC latency_ms=16.0786
[2026-06-16T15:38:47] METRIC cpu_util_pct=22.3
[2026-06-16T15:38:47] RUN_END status=OK
[2026-06-16T15:39:04] RUN_START run_id=ABL_TCP_transport_021
[2026-06-16T15:39:04] PARAM variant=TCP_transport
[2026-06-16T15:39:04] PARAM dominant_loss_source=HOL blocking
[2026-06-16T15:39:04] METRIC object_size_bytes=432214.5
[2026-06-16T15:39:04] METRIC throughput_gbps=6.6607
[2026-06-16T15:39:04] METRIC latency_ms=17.2133
[2026-06-16T15:39:04] METRIC cpu_util_pct=21.29
[2026-06-16T15:39:04] RUN_END status=OK
[2026-06-16T15:39:50] RUN_START run_id=ABL_TCP_transport_022
[2026-06-16T15:39:50] PARAM variant=TCP_transport
[2026-06-16T15:39:50] PARAM dominant_loss_source=HOL blocking
[2026-06-16T15:39:50] METRIC object_size_bytes=66241.2
[2026-06-16T15:39:50] METRIC throughput_gbps=6.4989
[2026-06-16T15:39:50] METRIC latency_ms=15.6045
[2026-06-16T15:39:50] METRIC cpu_util_pct=23.31
[2026-06-16T15:39:50] RUN_END status=OK
[2026-06-16T15:42:18] RUN_START run_id=ABL_TCP_transport_023
[2026-06-16T15:42:18] PARAM variant=TCP_transport
[2026-06-16T15:42:18] PARAM dominant_loss_source=HOL blocking
[2026-06-16T15:42:18] METRIC object_size_bytes=159992.8
[2026-06-16T15:42:18] METRIC throughput_gbps=6.6113
[2026-06-16T15:42:18] METRIC latency_ms=16.166
[2026-06-16T15:42:18] METRIC cpu_util_pct=23.56
[2026-06-16T15:42:18] RUN_END status=OK
[2026-06-16T23:04:04] RUN_START run_id=ABL_Full_uDCN_137
[2026-06-16T23:04:04] PARAM variant=Full_uDCN
[2026-06-16T23:04:04] PARAM dominant_loss_source=-
[2026-06-16T23:04:04] METRIC object_size_bytes=458444.4
[2026-06-16T23:04:04] METRIC throughput_gbps=7.5834
[2026-06-16T23:04:04] METRIC latency_ms=12.674
[2026-06-16T23:04:04] METRIC cpu_util_pct=18.93
[2026-06-16T23:04:04] RUN_END status=OK
[2026-06-16T23:05:18] RUN_START run_id=ABL_Full_uDCN_138
[2026-06-16T23:05:18] PARAM variant=Full_uDCN
[2026-06-16T23:05:18] PARAM dominant_loss_source=-
[2026-06-16T23:05:18] METRIC object_size_bytes=165790.5
[2026-06-16T23:05:18] METRIC throughput_gbps=8.6133
[2026-06-16T23:05:18] METRIC latency_ms=12.2255
[2026-06-16T23:05:18] METRIC cpu_util_pct=19.95
[2026-06-16T23:05:18] RUN_END status=OK
[2026-06-16T23:06:15] RUN_START run_id=ABL_Full_uDCN_139
[2026-06-16T23:06:15] PARAM variant=Full_uDCN
[2026-06-16T23:06:15] PARAM dominant_loss_source=-
[2026-06-16T23:06:15] METRIC object_size_bytes=390156.7
[2026-06-16T23:06:15] METRIC throughput_gbps=8.643
[2026-06-16T23:06:15] METRIC latency_ms=12.0909
[2026-06-16T23:06:15] METRIC cpu_util_pct=19.04
[2026-06-16T23:06:15] RUN_END status=OK
[2026-06-16T23:12:21] RUN_START run_id=ABL_Full_uDCN_140
[2026-06-16T23:12:21] PARAM variant=Full_uDCN
[2026-06-16T23:12:21] PARAM dominant_loss_source=-
[2026-06-16T23:12:21] METRIC object_size_bytes=298684.6
[2026-06-16T23:12:21] METRIC throughput_gbps=8.4192
[2026-06-16T23:12:21] METRIC latency_ms=12.6853
[2026-06-16T23:12:21] METRIC cpu_util_pct=17.9
[2026-06-16T23:12:21] RUN_END status=OK
[2026-06-16T23:13:41] RUN_START run_id=ABL_Full_uDCN_141
[2026-06-16T23:13:41] PARAM variant=Full_uDCN
[2026-06-16T23:13:41] PARAM dominant_loss_source=-
[2026-06-16T23:13:41] METRIC object_size_bytes=267967.3
[2026-06-16T23:13:41] METRIC throughput_gbps=8.5993
[2026-06-16T23:13:41] METRIC latency_ms=12.99
[2026-06-16T23:13:41] METRIC cpu_util_pct=19.56
[2026-06-16T23:13:41] RUN_END status=OK
[2026-06-16T23:15:41] RUN_START run_id=ABL_Full_uDCN_142
[2026-06-16T23:15:41] PARAM variant=Full_uDCN
[2026-06-16T23:15:41] PARAM dominant_loss_source=-
[2026-06-16T23:15:41] METRIC object_size_bytes=329360.8
[2026-06-16T23:15:41] METRIC throughput_gbps=8.1062
[2026-06-16T23:15:41] METRIC latency_ms=12.3557
[2026-06-16T23:15:41] METRIC cpu_util_pct=18.41
[2026-06-16T23:15:41] RUN_END status=OK
[2026-06-16T23:20:14] RUN_START run_id=ABL_Full_uDCN_143
[2026-06-16T23:20:14] PARAM variant=Full_uDCN
[2026-06-16T23:20:14] PARAM dominant_loss_source=-
[2026-06-16T23:20:14] METRIC object_size_bytes=263779.6
[2026-06-16T23:20:14] METRIC throughput_gbps=8.5212
[2026-06-16T23:20:14] METRIC latency_ms=12.7645
[2026-06-16T23:20:14] METRIC cpu_util_pct=18.15
[2026-06-16T23:20:14] RUN_END status=OK
[2026-06-16T23:22:30] RUN_START run_id=ABL_Full_uDCN_144
[2026-06-16T23:22:30] PARAM variant=Full_uDCN
[2026-06-16T23:22:30] PARAM dominant_loss_source=-
[2026-06-16T23:22:30] METRIC object_size_bytes=301909.4
[2026-06-16T23:22:30] METRIC throughput_gbps=8.0869
[2026-06-16T23:22:30] METRIC latency_ms=12.016
[2026-06-16T23:22:30] METRIC cpu_util_pct=18.17
[2026-06-16T23:22:30] RUN_END status=OK
[2026-06-16T23:24:07] RUN_START run_id=ABL_Full_uDCN_145
[2026-06-16T23:24:07] PARAM variant=Full_uDCN
[2026-06-16T23:24:07] PARAM dominant_loss_source=-
[2026-06-16T23:24:07] METRIC object_size_bytes=170419.5
[2026-06-16T23:24:07] METRIC throughput_gbps=8.3332
[2026-06-16T23:24:07] METRIC latency_ms=12.7513
[2026-06-16T23:24:07] METRIC cpu_util_pct=17.28
[2026-06-16T23:24:07] RUN_END status=OK
[2026-06-16T23:25:35] RUN_START run_id=ABL_Full_uDCN_146
[2026-06-16T23:25:35] PARAM variant=Full_uDCN
[2026-06-16T23:25:35] PARAM dominant_loss_source=-
[2026-06-16T23:25:35] METRIC object_size_bytes=447862.4
[2026-06-16T23:25:35] METRIC throughput_gbps=8.2912
[2026-06-16T23:25:35] METRIC latency_ms=11.9803
[2026-06-16T23:25:35] METRIC cpu_util_pct=16.83
[2026-06-16T23:25:35] RUN_END status=OK
[2026-06-16T23:26:59] RUN_START run_id=ABL_Full_uDCN_147
[2026-06-16T23:26:59] PARAM variant=Full_uDCN
[2026-06-16T23:26:59] PARAM dominant_loss_source=-
[2026-06-16T23:26:59] METRIC object_size_bytes=292771.2
[2026-06-16T23:26:59] METRIC throughput_gbps=8.4449
[2026-06-16T23:26:59] METRIC latency_ms=12.6989
[2026-06-16T23:26:59] METRIC cpu_util_pct=17.47
[2026-06-16T23:26:59] RUN_END status=OK
[2026-06-16T23:28:24] RUN_START run_id=ABL_Full_uDCN_148
[2026-06-16T23:28:24] PARAM variant=Full_uDCN
[2026-06-16T23:28:24] PARAM dominant_loss_source=-
[2026-06-16T23:28:24] METRIC object_size_bytes=364612.7
[2026-06-16T23:28:24] METRIC throughput_gbps=8.0146
[2026-06-16T23:28:24] METRIC latency_ms=11.8753
[2026-06-16T23:28:24] METRIC cpu_util_pct=17.91
[2026-06-16T23:28:24] RUN_END status=OK
[2026-06-16T23:29:55] RUN_START run_id=ABL_Full_uDCN_149
[2026-06-16T23:29:55] PARAM variant=Full_uDCN
[2026-06-16T23:29:55] PARAM dominant_loss_source=-
[2026-06-16T23:29:55] METRIC object_size_bytes=150831.9
[2026-06-16T23:29:55] METRIC throughput_gbps=8.4757
[2026-06-16T23:29:55] METRIC latency_ms=12.6418
[2026-06-16T23:29:55] METRIC cpu_util_pct=18.25
[2026-06-16T23:29:55] RUN_END status=OK
[2026-06-16T23:31:15] RUN_START run_id=ABL_Full_uDCN_150
[2026-06-16T23:31:15] PARAM variant=Full_uDCN
[2026-06-16T23:31:15] PARAM dominant_loss_source=-
[2026-06-16T23:31:15] METRIC object_size_bytes=269932.2
[2026-06-16T23:31:15] METRIC throughput_gbps=8.5023
[2026-06-16T23:31:15] METRIC latency_ms=13.109
[2026-06-16T23:31:15] METRIC cpu_util_pct=17.02
[2026-06-16T23:31:15] RUN_END status=OK
[2026-06-19T07:00:00] RUN_START run_id=ABL_No_ML_001
[2026-06-19T07:00:00] PARAM variant=No_ML
[2026-06-19T07:00:00] PARAM dominant_loss_source=Fragmentation
[2026-06-19T07:00:00] METRIC object_size_bytes=193104.9
[2026-06-19T07:00:00] METRIC throughput_gbps=7.0914
[2026-06-19T07:00:00] METRIC latency_ms=15.8122
[2026-06-19T07:00:00] METRIC cpu_util_pct=20.12
[2026-06-19T07:00:00] RUN_END status=OK
