[2026-06-14T06:26:34] RUN_START run_id=ABL_Full_uDCN_073
[2026-06-14T06:26:34] PARAM variant=Full_uDCN
[2026-06-14T06:26:34] PARAM dominant_loss_source=-
[2026-06-14T06:26:34] METRIC object_size_bytes=322924.8
[2026-06-14T06:26:34] METRIC throughput_gbps=8.3123
[2026-06-14T06:26:34] METRIC latency_ms=12.1956
[2026-06-14T06:26:34] METRIC cpu_util_pct=17.85
[2026-06-14T06:26:34] RUN_END status=OK
[2026-06-14T06:28:04] RUN_START run_id=ABL_Full_uDCN_074
[2026-06-14T06:28:04] PARAM variant=Full_uDCN
[2026-06-14T06:28:04] PARAM dominant_loss_source=-
[2026-06-14T06:28:04] METRIC object_size_bytes=495400.7
[2026-06-14T06:28:04] METRIC throughput_gbps=8.001
[2026-06-14T06:28:04] METRIC latency_ms=12.3821
[2026-06-14T06:28:04] METRIC cpu_util_pct=18.69
[2026-06-14T06:28:04] RUN_END status=OK
[2026-06-14T06:28:44] RUN_START run_id=ABL_Full_uDCN_075
[2026-06-14T06:28:44] PARAM variant=Full_uDCN
[2026-06-14T06:28:44] PARAM dominant_loss_source=-
[2026-06-14T06:28:44] METRIC object_size_bytes=212428.7
[2026-06-14T06:28:44] METRIC throughput_gbps=8.1643
[2026-06-14T06:28:44] METRIC latency_ms=11.3829
[2026-06-14T06:28:44] METRIC cpu_util_pct=16.97
[2026-06-14T06:28:44] RUN_END status=OK
[2026-06-14T06:29:29] RUN_START run_id=ABL_Full_uDCN_076
[2026-06-14T06:29:29] PARAM variant=Full_uDCN
[2026-06-14T06:29:29] PARAM dominant_loss_source=-
[2026-06-14T06:29:29] METRIC object_size_bytes=103623.5
[2026-06-14T06:29:29] METRIC throughput_gbps=8.2361
[2026-06-14T06:29:29] METRIC latency_ms=11.6291
[2026-06-14T06:29:29] METRIC cpu_util_pct=17.02
[2026-06-14T06:29:29] RUN_END status=OK
[2026-06-14T06:32:46] RUN_START run_id=ABL_Full_uDCN_077
[2026-06-14T06:32:46] PARAM variant=Full_uDCN
[2026-06-14T06:32:46] PARAM dominant_loss_source=-
[2026-06-14T06:32:46] METRIC object_size_bytes=418143.0
[2026-06-14T06:32:46] METRIC throughput_gbps=8.0064
[2026-06-14T06:32:46] METRIC latency_ms=10.9555
[2026-06-14T06:32:46] METRIC cpu_util_pct=17.66
[2026-06-14T06:32:46] RUN_END status=OK
[2026-06-14T06:33:56] RUN_START run_id=ABL_Full_uDCN_078
[2026-06-14T06:33:56] PARAM variant=Full_uDCN
[2026-06-14T06:33:56] PARAM dominant_loss_source=-
[2026-06-14T06:33:56] METRIC object_size_bytes=455943.9
[2026-06-14T06:33:56] METRIC throughput_gbps=7.7982
[2026-06-14T06:33:56] METRIC latency_ms=11.84
[2026-06-14T06:33:56] METRIC cpu_util_pct=18.8
[2026-06-14T06:33:56] RUN_END status=OK
[2026-06-14T06:36:18] RUN_START run_id=ABL_Full_uDCN_079
[2026-06-14T06:36:18] PARAM variant=Full_uDCN
[2026-06-14T06:36:18] PARAM dominant_loss_source=-
[2026-06-14T06:36:18] METRIC object_size_bytes=224468.8
[2026-06-14T06:36:18] METRIC throughput_gbps=8.955
[2026-06-14T06:36:18] METRIC latency_ms=12.725
[2026-06-14T06:36:18] METRIC cpu_util_pct=17.06
[2026-06-14T06:36:18] RUN_END status=OK
[2026-06-14T06:38:12] RUN_START run_id=ABL_Full_uDCN_080
[2026-06-14T06:38:12] PARAM variant=Full_uDCN
[2026-06-14T06:38:12] PARAM dominant_loss_source=-
[2026-06-14T06:38:12] METRIC object_size_bytes=290490.6
[2026-06-14T06:38:12] METRIC throughput_gbps=7.9834
[2026-06-14T06:38:12] METRIC latency_ms=12.3554
[2026-06-14T06:38:12] METRIC cpu_util_pct=18.93
[2026-06-14T06:38:12] RUN_END status=OK
[2026-06-14T06:41:01] RUN_START run_id=ABL_Full_uDCN_081
[2026-06-14T06:41:01] PARAM variant=Full_uDCN
[2026-06-14T06:41:01] PARAM dominant_loss_source=-
[2026-06-14T06:41:01] METRIC object_size_bytes=371128.8
[2026-06-14T06:41:01] METRIC throughput_gbps=8.0729
[2026-06-14T06:41:01] METRIC latency_ms=11.8813
[2026-06-14T06:41:01] METRIC cpu_util_pct=18.96
[2026-06-14T06:41:01] RUN_END status=OK
[2026-06-14T06:43:12] RUN_START run_id=ABL_Full_uDCN_082
[2026-06-14T06:43:12] PARAM variant=Full_uDCN
[2026-06-14T06:43:12] PARAM dominant_loss_source=-
[2026-06-14T06:43:12] METRIC object_size_bytes=368634.6
[2026-06-14T06:43:12] METRIC throughput_gbps=8.0903
[2026-06-14T06:43:12] METRIC latency_ms=11.9505
[2026-06-14T06:43:12] METRIC cpu_util_pct=17.4
[2026-06-14T06:43:12] RUN_END status=OK
[2026-06-14T06:45:23] RUN_START run_id=ABL_Full_uDCN_083
[2026-06-14T06:45:23] PARAM variant=Full_uDCN
[2026-06-14T06:45:23] PARAM dominant_loss_source=-
[2026-06-14T06:45:23] METRIC object_size_bytes=389958.6
[2026-06-14T06:45:23] METRIC throughput_gbps=8.16
[2026-06-14T06:45:23] METRIC latency_ms=11.9424
[2026-06-14T06:45:23] METRIC cpu_util_pct=17.19
[2026-06-14T06:45:23] RUN_END status=OK
