[2026-06-02T14:26:34] RUN_START run_id=ABL_No_eBPF_XDP_057
[2026-06-02T14:26:34] PARAM variant=No_eBPF_XDP
[2026-06-02T14:26:34] PARAM dominant_loss_source=Kernel/userspace crossing
[2026-06-02T14:26:34] METRIC object_size_bytes=344336.5
[2026-06-02T14:26:34] METRIC throughput_gbps=6.1559
[2026-06-02T14:26:34] METRIC latency_ms=20.1166
[2026-06-02T14:26:34] METRIC cpu_util_pct=49.32
[2026-06-02T14:26:34] RUN_END status=OK
[2026-06-02T14:28:04] RUN_START run_id=ABL_No_eBPF_XDP_058
[2026-06-02T14:28:04] PARAM variant=No_eBPF_XDP
[2026-06-02T14:28:04] PARAM dominant_loss_source=Kernel/userspace crossing
[2026-06-02T14:28:04] METRIC object_size_bytes=372908.8
[2026-06-02T14:28:04] METRIC throughput_gbps=5.7022
[2026-06-02T14:28:04] METRIC latency_ms=18.6559
[2026-06-02T14:28:04] METRIC cpu_util_pct=48.37
[2026-06-02T14:28:04] RUN_END status=OK
[2026-06-02T14:30:16] RUN_START run_id=ABL_No_eBPF_XDP_059
[2026-06-02T14:30:16] PARAM variant=No_eBPF_XDP
[2026-06-02T14:30:16] PARAM dominant_loss_source=Kernel/userspace crossing
[2026-06-02T14:30:16] METRIC object_size_bytes=439788.7
[2026-06-02T14:30:16] METRIC throughput_gbps=5.9394
[2026-06-02T14:30:16] METRIC latency_ms=18.2178
[2026-06-02T14:30:16] METRIC cpu_util_pct=45.91
[2026-06-02T14:30:16] RUN_END status=OK
[2026-06-02T14:33:53] RUN_START run_id=ABL_No_eBPF_XDP_060
[2026-06-02T14:33:53] PARAM variant=No_eBPF_XDP
[2026-06-02T14:33:53] PARAM dominant_loss_source=Kernel/userspace crossing
[2026-06-02T14:33:53] METRIC object_size_bytes=487967.5
[2026-06-02T14:33:53] METRIC throughput_gbps=5.8418
[2026-06-02T14:33:53] METRIC latency_ms=19.7099
[2026-06-02T14:33:53] METRIC cpu_util_pct=47.72
[2026-06-02T14:33:53] RUN_END status=OK
[2026-06-02T14:34:32] RUN_START run_id=ABL_No_eBPF_XDP_061
[2026-06-02T14:34:32] PARAM variant=No_eBPF_XDP
[2026-06-02T14:34:32] PARAM dominant_loss_source=Kernel/userspace crossing
[2026-06-02T14:34:32] METRIC object_size_bytes=377913.7
[2026-06-02T14:34:32] METRIC throughput_gbps=5.849
[2026-06-02T14:34:32] METRIC latency_ms=17.3847
[2026-06-02T14:34:32] METRIC cpu_util_pct=45.62
[2026-06-02T14:34:32] RUN_END status=OK
[2026-06-03T02:32:56] RUN_START run_id=ABL_No_eBPF_XDP_062
[2026-06-03T02:32:56] PARAM variant=No_eBPF_XDP
[2026-06-03T02:32:56] PARAM dominant_loss_source=Kernel/userspace crossing
[2026-06-03T02:32:56] METRIC object_size_bytes=420582.0
[2026-06-03T02:32:56] METRIC throughput_gbps=5.684
[2026-06-03T02:32:56] METRIC latency_ms=18.7868
[2026-06-03T02:32:56] METRIC cpu_util_pct=49.94
[2026-06-03T02:32:56] RUN_END status=OK
[2026-06-03T02:39:48] RUN_START run_id=ABL_No_eBPF_XDP_063
[2026-06-03T02:39:48] PARAM variant=No_eBPF_XDP
[2026-06-03T02:39:48] PARAM dominant_loss_source=Kernel/userspace crossing
[2026-06-03T02:39:48] METRIC object_size_bytes=404064.2
[2026-06-03T02:39:48] METRIC throughput_gbps=5.9483
[2026-06-03T02:39:48] METRIC latency_ms=17.9562
[2026-06-03T02:39:48] METRIC cpu_util_pct=47.77
[2026-06-03T02:39:48] RUN_END status=OK
[2026-06-03T02:42:29] RUN_START run_id=ABL_No_eBPF_XDP_064
[2026-06-03T02:42:29] PARAM variant=No_eBPF_XDP
[2026-06-03T02:42:29] PARAM dominant_loss_source=Kernel/userspace crossing
[2026-06-03T02:42:29] METRIC object_size_bytes=192541.0
[2026-06-03T02:42:29] METRIC throughput_gbps=6.1231
[2026-06-03T02:42:29] METRIC latency_ms=19.8701
[2026-06-03T02:42:29] METRIC cpu_util_pct=48.5
[2026-06-03T02:42:29] RUN_END status=OK
[2026-06-03T02:43:43] RUN_START run_id=ABL_No_eBPF_XDP_065
[2026-06-03T02:43:43] PARAM variant=No_eBPF_XDP
[2026-06-03T02:43:43] PARAM dominant_loss_source=Kernel/userspace crossing
[2026-06-03T02:43:43] METRIC object_size_bytes=369135.8
[2026-06-03T02:43:43] METRIC throughput_gbps=6.1711
[2026-06-03T02:43:43] METRIC latency_ms=18.8231
[2026-06-03T02:43:43] METRIC cpu_util_pct=46.21
[2026-06-03T02:43:43] RUN_END status=OK
[2026-06-03T02:46:31] RUN_START run_id=ABL_No_eBPF_XDP_066
[2026-06-03T02:46:31] PARAM variant=No_eBPF_XDP
[2026-06-03T02:46:31] PARAM dominant_loss_source=Kernel/userspace crossing
[2026-06-03T02:46:31] METRIC object_size_bytes=345712.4
[2026-06-03T02:46:31] METRIC throughput_gbps=5.6701
[2026-06-03T02:46:31] METRIC latency_ms=18.3119
[2026-06-03T02:46:31] METRIC cpu_util_pct=45.39
[2026-06-03T02:46:31] RUN_END status=OK
[2026-06-03T02:47:40] RUN_START run_id=ABL_No_eBPF_XDP_067
[2026-06-03T02:47:40] PARAM variant=No_eBPF_XDP
[2026-06-03T02:47:40] PARAM dominant_loss_source=Kernel/userspace crossing
[2026-06-03T02:47:40] METRIC object_size_bytes=151922.3
[2026-06-03T02:47:40] METRIC throughput_gbps=5.9206
[2026-06-03T02:47:40] METRIC latency_ms=18.1315
[2026-06-03T02:47:40] METRIC cpu_util_pct=43.68
[2026-06-03T02:47:40] RUN_END status=OK
[2026-06-03T02:47:53] RUN_START run_id=ABL_No_eBPF_XDP_068
[2026-06-03T02:47:53] PARAM variant=No_eBPF_XDP
[2026-06-03T02:47:53] PARAM dominant_loss_source=Kernel/userspace crossing
[2026-06-03T02:47:53] METRIC object_size_bytes=379580.1
[2026-06-03T02:47:53] METRIC throughput_gbps=5.7908
[2026-06-03T02:47:53] METRIC latency_ms=19.7675
[2026-06-03T02:47:53] METRIC cpu_util_pct=46.13
[2026-06-03T02:47:53] RUN_END status=OK
[2026-06-03T02:49:25] RUN_START run_id=ABL_No_eBPF_XDP_069
[2026-06-03T02:49:25] PARAM variant=No_eBPF_XDP
[2026-06-03T02:49:25] PARAM dominant_loss_source=Kernel/userspace crossing
[2026-06-03T02:49:25] METRIC object_size_bytes=81614.2
[2026-06-03T02:49:25] METRIC throughput_gbps=5.7775
[2026-06-03T02:49:25] METRIC latency_ms=18.5102
[2026-06-03T02:49:25] METRIC cpu_util_pct=48.72
[2026-06-03T02:49:25] RUN_END status=OK
[2026-06-03T02:51:58] RUN_START run_id=ABL_No_eBPF_XDP_070
[2026-06-03T02:51:58] PARAM variant=No_eBPF_XDP
[2026-06-03T02:51:58] PARAM dominant_loss_source=Kernel/userspace crossing
[2026-06-03T02:51:58] METRIC object_size_bytes=381099.8
[2026-06-03T02:51:58] METRIC throughput_gbps=5.8484
[2026-06-03T02:51:58] METRIC latency_ms=17.2237
[2026-06-03T02:51:58] METRIC cpu_util_pct=46.0
[2026-06-03T02:51:58] RUN_END status=OK
[2026-06-03T02:53:32] RUN_START run_id=ABL_No_eBPF_XDP_071
[2026-06-03T02:53:32] PARAM variant=No_eBPF_XDP
[2026-06-03T02:53:32] PARAM dominant_loss_source=Kernel/userspace crossing
[2026-06-03T02:53:32] METRIC object_size_bytes=320753.2
[2026-06-03T02:53:32] METRIC throughput_gbps=5.8338
[2026-06-03T02:53:32] METRIC latency_ms=17.4331
[2026-06-03T02:53:32] METRIC cpu_util_pct=46.44
[2026-06-03T02:53:32] RUN_END status=OK
