[2026-06-24T10:01:28] RUN_START run_id=ABL_No_ML_141
[2026-06-24T10:01:28] PARAM variant=No_ML
[2026-06-24T10:01:28] PARAM dominant_loss_source=Fragmentation
[2026-06-24T10:01:28] METRIC object_size_bytes=485281.3
[2026-06-24T10:01:28] METRIC throughput_gbps=7.0719
[2026-06-24T10:01:28] METRIC latency_ms=15.6337
[2026-06-24T10:01:28] METRIC cpu_util_pct=20.65
[2026-06-24T10:01:28] RUN_END status=OK
[2026-06-24T10:02:27] RUN_START run_id=ABL_No_ML_142
[2026-06-24T10:02:27] PARAM variant=No_ML
[2026-06-24T10:02:27] PARAM dominant_loss_source=Fragmentation
[2026-06-24T10:02:27] METRIC object_size_bytes=170250.0
[2026-06-24T10:02:27] METRIC throughput_gbps=6.8754
[2026-06-24T10:02:27] METRIC latency_ms=15.4588
[2026-06-24T10:02:27] METRIC cpu_util_pct=19.88
[2026-06-24T10:02:27] RUN_END status=OK
[2026-06-24T10:06:29] RUN_START run_id=ABL_No_ML_143
[2026-06-24T10:06:29] PARAM variant=No_ML
[2026-06-24T10:06:29] PARAM dominant_loss_source=Fragmentation
[2026-06-24T10:06:29] METRIC object_size_bytes=262321.6
[2026-06-24T10:06:29] METRIC throughput_gbps=6.827
[2026-06-24T10:06:29] METRIC latency_ms=15.8605
[2026-06-24T10:06:29] METRIC cpu_util_pct=22.45
[2026-06-24T10:06:29] RUN_END status=OK
[2026-06-24T10:10:39] RUN_START run_id=ABL_No_ML_144
[2026-06-24T10:10:39] PARAM variant=No_ML
[2026-06-24T10:10:39] PARAM dominant_loss_source=Fragmentation
[2026-06-24T10:10:39] METRIC object_size_bytes=283857.2
[2026-06-24T10:10:39] METRIC throughput_gbps=6.9972
[2026-06-24T10:10:39] METRIC latency_ms=17.1048
[2026-06-24T10:10:39] METRIC cpu_util_pct=23.49
[2026-06-24T10:10:39] RUN_END status=OK
[2026-06-24T10:13:58] RUN_START run_id=ABL_No_ML_145
[2026-06-24T10:13:58] PARAM variant=No_ML
[2026-06-24T10:13:58] PARAM dominant_loss_source=Fragmentation
[2026-06-24T10:13:58] METRIC object_size_bytes=110442.8
[2026-06-24T10:13:58] METRIC throughput_gbps=7.1319
[2026-06-24T10:13:58] METRIC latency_ms=14.9809
[2026-06-24T10:13:58] METRIC cpu_util_pct=20.95
[2026-06-24T10:13:58] RUN_END status=OK
[2026-06-24T10:14:35] RUN_START run_id=ABL_No_ML_146
[2026-06-24T10:14:35] PARAM variant=No_ML
[2026-06-24T10:14:35] PARAM dominant_loss_source=Fragmentation
[2026-06-24T10:14:35] METRIC object_size_bytes=82715.3
[2026-06-24T10:14:35] METRIC throughput_gbps=6.6337
[2026-06-24T10:14:35] METRIC latency_ms=15.8955
[2026-06-24T10:14:35] METRIC cpu_util_pct=20.08
[2026-06-24T10:14:35] RUN_END status=OK
[2026-06-24T10:16:10] RUN_START run_id=ABL_No_ML_147
[2026-06-24T10:16:10] PARAM variant=No_ML
[2026-06-24T10:16:10] PARAM dominant_loss_source=Fragmentation
[2026-06-24T10:16:10] METRIC object_size_bytes=433373.5
[2026-06-24T10:16:10] METRIC throughput_gbps=6.987
[2026-06-24T10:16:10] METRIC latency_ms=16.9137
[2026-06-24T10:16:10] METRIC cpu_util_pct=21.62
[2026-06-24T10:16:10] RUN_END status=OK
[2026-06-25T11:09:58] RUN_START run_id=ABL_TCP_transport_132
[2026-06-25T11:09:58] PARAM variant=TCP_transport
[2026-06-25T11:09:58] PARAM dominant_loss_source=HOL blocking
[2026-06-25T11:09:58] METRIC object_size_bytes=300640.5
[2026-06-25T11:09:58] METRIC throughput_gbps=6.607
[2026-06-25T11:09:58] METRIC latency_ms=16.8639
[2026-06-25T11:09:58] METRIC cpu_util_pct=21.18
[2026-06-25T11:09:58] RUN_END status=OK
[2026-06-25T11:11:51] RUN_START run_id=ABL_TCP_transport_133
[2026-06-25T11:11:51] PARAM variant=TCP_transport
[2026-06-25T11:11:51] PARAM dominant_loss_source=HOL blocking
[2026-06-25T11:11:51] METRIC object_size_bytes=122902.6
[2026-06-25T11:11:51] METRIC throughput_gbps=6.1474
[2026-06-25T11:11:51] METRIC latency_ms=16.8623
[2026-06-25T11:11:51] METRIC cpu_util_pct=24.28
[2026-06-25T11:11:51] RUN_END status=OK
[2026-06-25T11:17:16] RUN_START run_id=ABL_TCP_transport_134
[2026-06-25T11:17:16] PARAM variant=TCP_transport
[2026-06-25T11:17:16] PARAM dominant_loss_source=HOL blocking
[2026-06-25T11:17:16] METRIC object_size_bytes=94771.0
[2026-06-25T11:17:16] METRIC throughput_gbps=6.242
[2026-06-25T11:17:16] METRIC latency_ms=16.2663
[2026-06-25T11:17:16] METRIC cpu_util_pct=22.13
[2026-06-25T11:17:16] RUN_END status=OK
