[2026-06-20T14:18:31] RUN_START run_id=ABL_No_ML_049
[2026-06-20T14:18:31] PARAM variant=No_ML
[2026-06-20T14:18:31] PARAM dominant_loss_source=Fragmentation
[2026-06-20T14:18:31] METRIC object_size_bytes=116598.2
[2026-06-20T14:18:31] METRIC throughput_gbps=7.2429
[2026-06-20T14:18:31] METRIC latency_ms=16.819
[2026-06-20T14:18:31] METRIC cpu_util_pct=20.07
[2026-06-20T14:18:31] RUN_END status=OK
[2026-06-20T14:22:57] RUN_START run_id=ABL_No_ML_050
[2026-06-20T14:22:57] PARAM variant=No_ML
[2026-06-20T14:22:57] PARAM dominant_loss_source=Fragmentation
[2026-06-20T14:22:57] METRIC object_size_bytes=340299.6
[2026-06-20T14:22:57] METRIC throughput_gbps=6.8531
[2026-06-20T14:22:57] METRIC latency_ms=15.0845
[2026-06-20T14:22:57] METRIC cpu_util_pct=21.65
[2026-06-20T14:22:57] RUN_END status=OK
[2026-06-20T14:24:52] RUN_START run_id=ABL_No_ML_051
[2026-06-20T14:24:52] PARAM variant=No_ML
[2026-06-20T14:24:52] PARAM dominant_loss_source=Fragmentation
[2026-06-20T14:24:52] METRIC object_size_bytes=245973.1
[2026-06-20T14:24:52] METRIC throughput_gbps=6.9292
[2026-06-20T14:24:52] METRIC latency_ms=16.9347
[2026-06-20T14:24:52] METRIC cpu_util_pct=20.83
[2026-06-20T14:24:52] RUN_END status=OK
[2026-06-20T14:26:22] RUN_START run_id=ABL_No_ML_052
[2026-06-20T14:26:22] PARAM variant=No_ML
[2026-06-20T14:26:22] PARAM dominant_loss_source=Fragmentation
[2026-06-20T14:26:22] METRIC object_size_bytes=504155.1
[2026-06-20T14:26:22] METRIC throughput_gbps=7.1933
[2026-06-20T14:26:22] METRIC latency_ms=16.8614
[2026-06-20T14:26:22] METRIC cpu_util_pct=21.16
[2026-06-20T14:26:22] RUN_END status=OK
[2026-06-20T14:29:33] RUN_START run_id=ABL_No_ML_053
[2026-06-20T14:29:33] PARAM variant=No_ML
[2026-06-20T14:29:33] PARAM dominant_loss_source=Fragmentation
[2026-06-20T14:29:33] METRIC object_size_bytes=352819.5
[2026-06-20T14:29:33] METRIC throughput_gbps=6.7906
[2026-06-20T14:29:33] METRIC latency_ms=16.1142
[2026-06-20T14:29:33] METRIC cpu_util_pct=23.41
[2026-06-20T14:29:33] RUN_END status=OK
[2026-06-20T14:31:42] RUN_START run_id=ABL_No_ML_054
[2026-06-20T14:31:42] PARAM variant=No_ML
[2026-06-20T14:31:42] PARAM dominant_loss_source=Fragmentation
[2026-06-20T14:31:42] METRIC object_size_bytes=187760.1
[2026-06-20T14:31:42] METRIC throughput_gbps=7.1846
[2026-06-20T14:31:42] METRIC latency_ms=14.9211
[2026-06-20T14:31:42] METRIC cpu_util_pct=20.48
[2026-06-20T14:31:42] RUN_END status=OK
[2026-06-20T14:33:18] RUN_START run_id=ABL_No_ML_055
[2026-06-20T14:33:18] PARAM variant=No_ML
[2026-06-20T14:33:18] PARAM dominant_loss_source=Fragmentation
[2026-06-20T14:33:18] METRIC object_size_bytes=390342.1
[2026-06-20T14:33:18] METRIC throughput_gbps=6.9037
[2026-06-20T14:33:18] METRIC latency_ms=15.3308
[2026-06-20T14:33:18] METRIC cpu_util_pct=21.43
[2026-06-20T14:33:18] RUN_END status=OK
[2026-06-20T14:35:45] RUN_START run_id=ABL_No_ML_056
[2026-06-20T14:35:45] PARAM variant=No_ML
[2026-06-20T14:35:45] PARAM dominant_loss_source=Fragmentation
[2026-06-20T14:35:45] METRIC object_size_bytes=388380.3
[2026-06-20T14:35:45] METRIC throughput_gbps=7.3053
[2026-06-20T14:35:45] METRIC latency_ms=15.7067
[2026-06-20T14:35:45] METRIC cpu_util_pct=22.26
[2026-06-20T14:35:45] RUN_END status=OK
[2026-06-20T14:38:21] RUN_START run_id=ABL_No_ML_057
[2026-06-20T14:38:21] PARAM variant=No_ML
[2026-06-20T14:38:21] PARAM dominant_loss_source=Fragmentation
[2026-06-20T14:38:21] METRIC object_size_bytes=488734.3
[2026-06-20T14:38:21] METRIC throughput_gbps=7.1894
[2026-06-20T14:38:21] METRIC latency_ms=16.4731
[2026-06-20T14:38:21] METRIC cpu_util_pct=20.14
[2026-06-20T14:38:21] RUN_END status=OK
[2026-06-20T14:41:49] RUN_START run_id=ABL_No_ML_058
[2026-06-20T14:41:49] PARAM variant=No_ML
[2026-06-20T14:41:49] PARAM dominant_loss_source=Fragmentation
[2026-06-20T14:41:49] METRIC object_size_bytes=331395.0
[2026-06-20T14:41:49] METRIC throughput_gbps=7.2028
[2026-06-20T14:41:49] METRIC latency_ms=16.1189
[2026-06-20T14:41:49] METRIC cpu_util_pct=20.45
[2026-06-20T14:41:49] RUN_END status=OK
[2026-06-20T14:42:52] RUN_START run_id=ABL_No_ML_059
[2026-06-20T14:42:52] PARAM variant=No_ML
[2026-06-20T14:42:52] PARAM dominant_loss_source=Fragmentation
[2026-06-20T14:42:52] METRIC object_size_bytes=143483.7
[2026-06-20T14:42:52] METRIC throughput_gbps=7.0106
[2026-06-20T14:42:52] METRIC latency_ms=16.0904
[2026-06-20T14:42:52] METRIC cpu_util_pct=21.09
[2026-06-20T14:42:52] RUN_END status=OK
[2026-06-20T19:54:42] RUN_START run_id=ABL_TCP_transport_053
[2026-06-20T19:54:42] PARAM variant=TCP_transport
[2026-06-20T19:54:42] PARAM dominant_loss_source=HOL blocking
[2026-06-20T19:54:42] METRIC object_size_bytes=434495.9
[2026-06-20T19:54:42] METRIC throughput_gbps=6.4205
[2026-06-20T19:54:42] METRIC latency_ms=17.0713
[2026-06-20T19:54:42] METRIC cpu_util_pct=21.63
[2026-06-20T19:54:42] RUN_END status=OK
