[2026-06-05T14:10:35] RUN_START run_id=ABL_No_eBPF_XDP_135
[2026-06-05T14:10:35] PARAM variant=No_eBPF_XDP
[2026-06-05T14:10:35] PARAM dominant_loss_source=Kernel/userspace crossing
[2026-06-05T14:10:35] METRIC object_size_bytes=277446.1
[2026-06-05T14:10:35] METRIC throughput_gbps=5.74
[2026-06-05T14:10:35] METRIC latency_ms=17.8543
[2026-06-05T14:10:35] METRIC cpu_util_pct=46.73
[2026-06-05T14:10:35] RUN_END status=OK
[2026-06-05T14:13:02] RUN_START run_id=ABL_No_eBPF_XDP_136
[2026-06-05T14:13:02] PARAM variant=No_eBPF_XDP
[2026-06-05T14:13:02] PARAM dominant_loss_source=Kernel/userspace crossing
[2026-06-05T14:13:02] METRIC object_size_bytes=488734.6
[2026-06-05T14:13:02] METRIC throughput_gbps=5.8597
[2026-06-05T14:13:02] METRIC latency_ms=18.4321
[2026-06-05T14:13:02] METRIC cpu_util_pct=45.52
[2026-06-05T14:13:02] RUN_END status=OK
[2026-06-05T14:13:20] RUN_START run_id=ABL_No_eBPF_XDP_137
[2026-06-05T14:13:20] PARAM variant=No_eBPF_XDP
[2026-06-05T14:13:20] PARAM dominant_loss_source=Kernel/userspace crossing
[2026-06-05T14:13:20] METRIC object_size_bytes=500234.1
[2026-06-05T14:13:20] METRIC throughput_gbps=6.0679
[2026-06-05T14:13:20] METRIC latency_ms=19.4588
[2026-06-05T14:13:20] METRIC cpu_util_pct=49.32
[2026-06-05T14:13:20] RUN_END status=OK
[2026-06-05T14:13:52] RUN_START run_id=ABL_No_eBPF_XDP_138
[2026-06-05T14:13:52] PARAM variant=No_eBPF_XDP
[2026-06-05T14:13:52] PARAM dominant_loss_source=Kernel/userspace crossing
[2026-06-05T14:13:52] METRIC object_size_bytes=163836.0
[2026-06-05T14:13:52] METRIC throughput_gbps=5.8873
[2026-06-05T14:13:52] METRIC latency_ms=19.0113
[2026-06-05T14:13:52] METRIC cpu_util_pct=48.26
[2026-06-05T14:13:52] RUN_END status=OK
[2026-06-05T14:17:29] RUN_START run_id=ABL_No_eBPF_XDP_139
[2026-06-05T14:17:29] PARAM variant=No_eBPF_XDP
[2026-06-05T14:17:29] PARAM dominant_loss_source=Kernel/userspace crossing
[2026-06-05T14:17:29] METRIC object_size_bytes=287697.6
[2026-06-05T14:17:29] METRIC throughput_gbps=6.0185
[2026-06-05T14:17:29] METRIC latency_ms=17.6554
[2026-06-05T14:17:29] METRIC cpu_util_pct=43.1
[2026-06-05T14:17:29] RUN_END status=OK
[2026-06-05T14:19:25] RUN_START run_id=ABL_No_eBPF_XDP_140
[2026-06-05T14:19:25] PARAM variant=No_eBPF_XDP
[2026-06-05T14:19:25] PARAM dominant_loss_source=Kernel/userspace crossing
[2026-06-05T14:19:25] METRIC object_size_bytes=171153.4
[2026-06-05T14:19:25] METRIC throughput_gbps=5.773
[2026-06-05T14:19:25] METRIC latency_ms=19.3073
[2026-06-05T14:19:25] METRIC cpu_util_pct=47.0
[2026-06-05T14:19:25] RUN_END status=OK
[2026-06-05T14:24:22] RUN_START run_id=ABL_No_eBPF_XDP_141
[2026-06-05T14:24:22] PARAM variant=No_eBPF_XDP
[2026-06-05T14:24:22] PARAM dominant_loss_source=Kernel/userspace crossing
[2026-06-05T14:24:22] METRIC object_size_bytes=399913.1
[2026-06-05T14:24:22] METRIC throughput_gbps=5.7642
[2026-06-05T14:24:22] METRIC latency_ms=19.8699
[2026-06-05T14:24:22] METRIC cpu_util_pct=46.46
[2026-06-05T14:24:22] RUN_END status=OK
[2026-06-05T14:26:57] RUN_START run_id=ABL_No_eBPF_XDP_142
[2026-06-05T14:26:57] PARAM variant=No_eBPF_XDP
[2026-06-05T14:26:57] PARAM dominant_loss_source=Kernel/userspace crossing
[2026-06-05T14:26:57] METRIC object_size_bytes=511093.9
[2026-06-05T14:26:57] METRIC throughput_gbps=6.0509
[2026-06-05T14:26:57] METRIC latency_ms=18.5424
[2026-06-05T14:26:57] METRIC cpu_util_pct=47.26
[2026-06-05T14:26:57] RUN_END status=OK
[2026-06-05T14:29:02] RUN_START run_id=ABL_No_eBPF_XDP_143
[2026-06-05T14:29:02] PARAM variant=No_eBPF_XDP
[2026-06-05T14:29:02] PARAM dominant_loss_source=Kernel/userspace crossing
[2026-06-05T14:29:02] METRIC object_size_bytes=118103.9
[2026-06-05T14:29:02] METRIC throughput_gbps=5.6942
[2026-06-05T14:29:02] METRIC latency_ms=17.1484
[2026-06-05T14:29:02] METRIC cpu_util_pct=44.89
[2026-06-05T14:29:02] RUN_END status=OK
[2026-06-05T14:33:23] RUN_START run_id=ABL_No_eBPF_XDP_144
[2026-06-05T14:33:23] PARAM variant=No_eBPF_XDP
[2026-06-05T14:33:23] PARAM dominant_loss_source=Kernel/userspace crossing
[2026-06-05T14:33:23] METRIC object_size_bytes=478822.9
[2026-06-05T14:33:23] METRIC throughput_gbps=5.8461
[2026-06-05T14:33:23] METRIC latency_ms=18.6629
[2026-06-05T14:33:23] METRIC cpu_util_pct=48.76
[2026-06-05T14:33:23] RUN_END status=OK
[2026-06-05T14:36:24] RUN_START run_id=ABL_No_eBPF_XDP_145
[2026-06-05T14:36:24] PARAM variant=No_eBPF_XDP
[2026-06-05T14:36:24] PARAM dominant_loss_source=Kernel/userspace crossing
[2026-06-05T14:36:24] METRIC object_size_bytes=455548.9
[2026-06-05T14:36:24] METRIC throughput_gbps=5.8887
[2026-06-05T14:36:24] METRIC latency_ms=18.6906
[2026-06-05T14:36:24] METRIC cpu_util_pct=46.99
[2026-06-05T14:36:24] RUN_END status=OK
[2026-06-05T14:38:52] RUN_START run_id=ABL_No_eBPF_XDP_146
[2026-06-05T14:38:52] PARAM variant=No_eBPF_XDP
[2026-06-05T14:38:52] PARAM dominant_loss_source=Kernel/userspace crossing
[2026-06-05T14:38:52] METRIC object_size_bytes=234271.2
[2026-06-05T14:38:52] METRIC throughput_gbps=5.8051
[2026-06-05T14:38:52] METRIC latency_ms=17.2771
[2026-06-05T14:38:52] METRIC cpu_util_pct=50.22
[2026-06-05T14:38:52] RUN_END status=OK
[2026-06-05T14:39:56] RUN_START run_id=ABL_No_eBPF_XDP_147
[2026-06-05T14:39:56] PARAM variant=No_eBPF_XDP
[2026-06-05T14:39:56] PARAM dominant_loss_source=Kernel/userspace crossing
[2026-06-05T14:39:56] METRIC object_size_bytes=350544.6
[2026-06-05T14:39:56] METRIC throughput_gbps=6.1726
[2026-06-05T14:39:56] METRIC latency_ms=18.6239
[2026-06-05T14:39:56] METRIC cpu_util_pct=44.89
[2026-06-05T14:39:56] RUN_END status=OK
[2026-06-05T23:56:27] RUN_START run_id=ABL_Static_MTU_028
[2026-06-05T23:56:27] PARAM variant=Static_MTU
[2026-06-05T23:56:27] PARAM dominant_loss_source=Non-adaptive sizing
[2026-06-05T23:56:27] METRIC object_size_bytes=254983.0
[2026-06-05T23:56:27] METRIC throughput_gbps=7.0234
[2026-06-05T23:56:27] METRIC latency_ms=16.3334
[2026-06-05T23:56:27] METRIC cpu_util_pct=21.04
[2026-06-05T23:56:27] RUN_END status=OK
[2026-06-05T23:57:48] RUN_START run_id=ABL_Static_MTU_029
[2026-06-05T23:57:48] PARAM variant=Static_MTU
[2026-06-05T23:57:48] PARAM dominant_loss_source=Non-adaptive sizing
[2026-06-05T23:57:48] METRIC object_size_bytes=444202.6
[2026-06-05T23:57:48] METRIC throughput_gbps=6.827
[2026-06-05T23:57:48] METRIC latency_ms=14.6246
[2026-06-05T23:57:48] METRIC cpu_util_pct=20.62
[2026-06-05T23:57:48] RUN_END status=OK
[2026-06-06T00:00:02] RUN_START run_id=ABL_Static_MTU_030
[2026-06-06T00:00:02] PARAM variant=Static_MTU
[2026-06-06T00:00:02] PARAM dominant_loss_source=Non-adaptive sizing
[2026-06-06T00:00:02] METRIC object_size_bytes=162398.5
[2026-06-06T00:00:02] METRIC throughput_gbps=6.8635
[2026-06-06T00:00:02] METRIC latency_ms=15.3776
[2026-06-06T00:00:02] METRIC cpu_util_pct=21.3
[2026-06-06T00:00:02] RUN_END status=OK
