[2026-06-07T05:22:01] RUN_START run_id=ABL_Static_MTU_089
[2026-06-07T05:22:01] PARAM variant=Static_MTU
[2026-06-07T05:22:01] PARAM dominant_loss_source=Non-adaptive sizing
[2026-06-07T05:22:01] METRIC object_size_bytes=474107.9
[2026-06-07T05:22:01] METRIC throughput_gbps=6.9372
[2026-06-07T05:22:01] METRIC latency_ms=14.8951
[2026-06-07T05:22:01] METRIC cpu_util_pct=20.99
[2026-06-07T05:22:01] RUN_END status=OK
[2026-06-07T05:25:10] RUN_START run_id=ABL_Static_MTU_090
[2026-06-07T05:25:10] PARAM variant=Static_MTU
[2026-06-07T05:25:10] PARAM dominant_loss_source=Non-adaptive sizing
[2026-06-07T05:25:10] METRIC object_size_bytes=443386.3
[2026-06-07T05:25:10] METRIC throughput_gbps=7.1629
[2026-06-07T05:25:10] METRIC latency_ms=16.9122
[2026-06-07T05:25:10] METRIC cpu_util_pct=19.93
[2026-06-07T05:25:10] RUN_END status=OK
[2026-06-07T05:29:52] RUN_START run_id=ABL_Static_MTU_091
[2026-06-07T05:29:52] PARAM variant=Static_MTU
[2026-06-07T05:29:52] PARAM dominant_loss_source=Non-adaptive sizing
[2026-06-07T05:29:52] METRIC object_size_bytes=432121.5
[2026-06-07T05:29:52] METRIC throughput_gbps=6.6621
[2026-06-07T05:29:52] METRIC latency_ms=15.7401
[2026-06-07T05:29:52] METRIC cpu_util_pct=21.75
[2026-06-07T05:29:52] RUN_END status=OK
[2026-06-07T05:30:47] RUN_START run_id=ABL_Static_MTU_092
[2026-06-07T05:30:47] PARAM variant=Static_MTU
[2026-06-07T05:30:47] PARAM dominant_loss_source=Non-adaptive sizing
[2026-06-07T05:30:47] METRIC object_size_bytes=94210.5
[2026-06-07T05:30:47] METRIC throughput_gbps=6.498
[2026-06-07T05:30:47] METRIC latency_ms=15.0143
[2026-06-07T05:30:47] METRIC cpu_util_pct=21.21
[2026-06-07T05:30:47] RUN_END status=OK
[2026-06-07T05:34:19] RUN_START run_id=ABL_Static_MTU_093
[2026-06-07T05:34:19] PARAM variant=Static_MTU
[2026-06-07T05:34:19] PARAM dominant_loss_source=Non-adaptive sizing
[2026-06-07T05:34:19] METRIC object_size_bytes=320976.9
[2026-06-07T05:34:19] METRIC throughput_gbps=6.9344
[2026-06-07T05:34:19] METRIC latency_ms=17.6173
[2026-06-07T05:34:19] METRIC cpu_util_pct=19.11
[2026-06-07T05:34:19] RUN_END status=OK
[2026-06-07T05:36:28] RUN_START run_id=ABL_Static_MTU_094
[2026-06-07T05:36:28] PARAM variant=Static_MTU
[2026-06-07T05:36:28] PARAM dominant_loss_source=Non-adaptive sizing
[2026-06-07T05:36:28] METRIC object_size_bytes=143063.5
[2026-06-07T05:36:28] METRIC throughput_gbps=6.6546
[2026-06-07T05:36:28] METRIC latency_ms=16.7416
[2026-06-07T05:36:28] METRIC cpu_util_pct=19.79
[2026-06-07T05:36:28] RUN_END status=OK
[2026-06-07T05:37:36] RUN_START run_id=ABL_Static_MTU_095
[2026-06-07T05:37:36] PARAM variant=Static_MTU
[2026-06-07T05:37:36] PARAM dominant_loss_source=Non-adaptive sizing
[2026-06-07T05:37:36] METRIC object_size_bytes=447903.7
[2026-06-07T05:37:36] METRIC throughput_gbps=7.2493
[2026-06-07T05:37:36] METRIC latency_ms=15.2816
[2026-06-07T05:37:36] METRIC cpu_util_pct=20.0
[2026-06-07T05:37:36] RUN_END status=OK
[2026-06-07T05:38:56] RUN_START run_id=ABL_Static_MTU_096
[2026-06-07T05:38:56] PARAM variant=Static_MTU
[2026-06-07T05:38:56] PARAM dominant_loss_source=Non-adaptive sizing
[2026-06-07T05:38:56] METRIC object_size_bytes=86775.0
[2026-06-07T05:38:56] METRIC throughput_gbps=7.0142
[2026-06-07T05:38:56] METRIC latency_ms=16.6401
[2026-06-07T05:38:56] METRIC cpu_util_pct=20.27
[2026-06-07T05:38:56] RUN_END status=OK
[2026-06-07T05:39:47] RUN_START run_id=ABL_Static_MTU_097
[2026-06-07T05:39:47] PARAM variant=Static_MTU
[2026-06-07T05:39:47] PARAM dominant_loss_source=Non-adaptive sizing
[2026-06-07T05:39:47] METRIC object_size_bytes=366188.3
[2026-06-07T05:39:47] METRIC throughput_gbps=7.0142
[2026-06-07T05:39:47] METRIC latency_ms=15.5571
[2026-06-07T05:39:47] METRIC cpu_util_pct=21.33
[2026-06-07T05:39:47] RUN_END status=OK
[2026-06-07T05:40:21] RUN_START run_id=ABL_Static_MTU_098
[2026-06-07T05:40:21] PARAM variant=Static_MTU
[2026-06-07T05:40:21] PARAM dominant_loss_source=Non-adaptive sizing
[2026-06-07T05:40:21] METRIC object_size_bytes=501062.9
[2026-06-07T05:40:21] METRIC throughput_gbps=7.2862
[2026-06-07T05:40:21] METRIC latency_ms=14.3999
[2026-06-07T05:40:21] METRIC cpu_util_pct=20.56
[2026-06-07T05:40:21] RUN_END status=OK
[2026-06-07T05:41:32] RUN_START run_id=ABL_Static_MTU_099
[2026-06-07T05:41:32] PARAM variant=Static_MTU
[2026-06-07T05:41:32] PARAM dominant_loss_source=Non-adaptive sizing
[2026-06-07T05:41:32] METRIC object_size_bytes=185974.5
[2026-06-07T05:41:32] METRIC throughput_gbps=7.083
[2026-06-07T05:41:32] METRIC latency_ms=14.2962
[2026-06-07T05:41:32] METRIC cpu_util_pct=20.48
[2026-06-07T05:41:32] RUN_END status=OK
[2026-06-07T05:43:05] RUN_START run_id=ABL_Static_MTU_100
[2026-06-07T05:43:05] PARAM variant=Static_MTU
[2026-06-07T05:43:05] PARAM dominant_loss_source=Non-adaptive sizing
[2026-06-07T05:43:05] METRIC object_size_bytes=368619.8
[2026-06-07T05:43:05] METRIC throughput_gbps=6.9598
[2026-06-07T05:43:05] METRIC latency_ms=14.5062
[2026-06-07T05:43:05] METRIC cpu_util_pct=21.69
[2026-06-07T05:43:05] RUN_END status=OK
[2026-06-10T09:51:22] RUN_START run_id=ABL_Static_MTU_101
[2026-06-10T09:51:22] PARAM variant=Static_MTU
[2026-06-10T09:51:22] PARAM dominant_loss_source=Non-adaptive sizing
[2026-06-10T09:51:22] METRIC object_size_bytes=216150.6
[2026-06-10T09:51:22] METRIC throughput_gbps=7.2292
[2026-06-10T09:51:22] METRIC latency_ms=16.147
[2026-06-10T09:51:22] METRIC cpu_util_pct=22.07
[2026-06-10T09:51:22] RUN_END status=OK
[2026-06-10T09:56:02] RUN_START run_id=ABL_Static_MTU_102
[2026-06-10T09:56:02] PARAM variant=Static_MTU
[2026-06-10T09:56:02] PARAM dominant_loss_source=Non-adaptive sizing
[2026-06-10T09:56:02] METRIC object_size_bytes=504569.6
[2026-06-10T09:56:02] METRIC throughput_gbps=6.7786
[2026-06-10T09:56:02] METRIC latency_ms=16.332
[2026-06-10T09:56:02] METRIC cpu_util_pct=20.36
[2026-06-10T09:56:02] RUN_END status=OK
[2026-06-10T09:58:36] RUN_START run_id=ABL_Static_MTU_103
[2026-06-10T09:58:36] PARAM variant=Static_MTU
[2026-06-10T09:58:36] PARAM dominant_loss_source=Non-adaptive sizing
[2026-06-10T09:58:36] METRIC object_size_bytes=294991.9
[2026-06-10T09:58:36] METRIC throughput_gbps=7.2611
[2026-06-10T09:58:36] METRIC latency_ms=16.7615
[2026-06-10T09:58:36] METRIC cpu_util_pct=22.65
[2026-06-10T09:58:36] RUN_END status=OK
