[2026-07-04T12:39:56] RUN_START run_id=BASE_Static_9000_016
[2026-07-04T12:39:56] PARAM method=Static_9000
[2026-07-04T12:39:56] METRIC mae_bytes=1119.49
[2026-07-04T12:39:56] METRIC throughput_gbps=7.8976
[2026-07-04T12:39:56] METRIC latency_ms=15.268
[2026-07-04T12:39:56] RUN_END status=OK
[2026-07-04T12:45:09] RUN_START run_id=BASE_Static_9000_017
[2026-07-04T12:45:09] PARAM method=Static_9000
[2026-07-04T12:45:09] METRIC mae_bytes=1200.31
[2026-07-04T12:45:09] METRIC throughput_gbps=7.6921
[2026-07-04T12:45:09] METRIC latency_ms=14.7739
[2026-07-04T12:45:09] RUN_END status=OK
[2026-07-04T12:48:13] RUN_START run_id=BASE_Static_9000_018
[2026-07-04T12:48:13] PARAM method=Static_9000
[2026-07-04T12:48:13] METRIC mae_bytes=1011.48
[2026-07-04T12:48:13] METRIC throughput_gbps=7.6162
[2026-07-04T12:48:13] METRIC latency_ms=15.4169
[2026-07-04T12:48:13] RUN_END status=OK
[2026-07-04T12:55:43] RUN_START run_id=BASE_Static_9000_019
[2026-07-04T12:55:43] PARAM method=Static_9000
[2026-07-04T12:55:43] METRIC mae_bytes=1289.15
[2026-07-04T12:55:43] METRIC throughput_gbps=7.7858
[2026-07-04T12:55:43] METRIC latency_ms=15.2656
[2026-07-04T12:55:43] RUN_END status=OK
[2026-07-04T12:57:11] RUN_START run_id=BASE_Static_9000_020
[2026-07-04T12:57:11] PARAM method=Static_9000
[2026-07-04T12:57:11] METRIC mae_bytes=1292.58
[2026-07-04T12:57:11] METRIC throughput_gbps=7.2144
[2026-07-04T12:57:11] METRIC latency_ms=14.2525
[2026-07-04T12:57:11] RUN_END status=OK
[2026-07-04T12:59:20] RUN_START run_id=BASE_Static_9000_021
[2026-07-04T12:59:20] PARAM method=Static_9000
[2026-07-04T12:59:20] METRIC mae_bytes=1301.8
[2026-07-04T12:59:20] METRIC throughput_gbps=8.076
[2026-07-04T12:59:20] METRIC latency_ms=16.1364
[2026-07-04T12:59:20] RUN_END status=OK
[2026-07-04T13:00:04] RUN_START run_id=BASE_Static_9000_022
[2026-07-04T13:00:04] PARAM method=Static_9000
[2026-07-04T13:00:04] METRIC mae_bytes=1410.25
[2026-07-04T13:00:04] METRIC throughput_gbps=7.533
[2026-07-04T13:00:04] METRIC latency_ms=15.1103
[2026-07-04T13:00:04] RUN_END status=OK
[2026-07-04T13:01:29] RUN_START run_id=BASE_Static_9000_023
[2026-07-04T13:01:29] PARAM method=Static_9000
[2026-07-04T13:01:29] METRIC mae_bytes=1296.23
[2026-07-04T13:01:29] METRIC throughput_gbps=7.4728
[2026-07-04T13:01:29] METRIC latency_ms=15.201
[2026-07-04T13:01:29] RUN_END status=OK
[2026-07-04T13:03:21] RUN_START run_id=BASE_Static_9000_024
[2026-07-04T13:03:21] PARAM method=Static_9000
[2026-07-04T13:03:21] METRIC mae_bytes=1362.46
[2026-07-04T13:03:21] METRIC throughput_gbps=7.9467
[2026-07-04T13:03:21] METRIC latency_ms=14.2982
[2026-07-04T13:03:21] RUN_END status=OK
[2026-07-04T13:06:47] RUN_START run_id=BASE_Static_9000_025
[2026-07-04T13:06:47] PARAM method=Static_9000
[2026-07-04T13:06:47] METRIC mae_bytes=1301.16
[2026-07-04T13:06:47] METRIC throughput_gbps=7.8487
[2026-07-04T13:06:47] METRIC latency_ms=15.3864
[2026-07-04T13:06:47] RUN_END status=OK
[2026-07-04T13:07:17] RUN_START run_id=BASE_Static_9000_026
[2026-07-04T13:07:17] PARAM method=Static_9000
[2026-07-04T13:07:17] METRIC mae_bytes=1238.34
[2026-07-04T13:07:17] METRIC throughput_gbps=7.7418
[2026-07-04T13:07:17] METRIC latency_ms=16.0594
[2026-07-04T13:07:17] RUN_END status=OK
[2026-07-04T13:08:53] RUN_START run_id=BASE_Static_9000_027
[2026-07-04T13:08:53] PARAM method=Static_9000
[2026-07-04T13:08:53] METRIC mae_bytes=1263.42
[2026-07-04T13:08:53] METRIC throughput_gbps=7.7754
[2026-07-04T13:08:53] METRIC latency_ms=15.3645
[2026-07-04T13:08:53] RUN_END status=OK
