[2026-07-24T01:16:54] RUN_START run_id=BASE_Random_forest_140
[2026-07-24T01:16:54] PARAM method=Random_forest
[2026-07-24T01:16:54] METRIC mae_bytes=151.65
[2026-07-24T01:16:54] METRIC throughput_gbps=8.4217
[2026-07-24T01:16:54] METRIC latency_ms=12.8876
[2026-07-24T01:16:54] RUN_END status=OK
[2026-07-24T01:18:36] RUN_START run_id=BASE_Random_forest_141
[2026-07-24T01:18:36] PARAM method=Random_forest
[2026-07-24T01:18:36] METRIC mae_bytes=152.12
[2026-07-24T01:18:36] METRIC throughput_gbps=8.5953
[2026-07-24T01:18:36] METRIC latency_ms=12.6346
[2026-07-24T01:18:36] RUN_END status=OK
[2026-07-24T01:19:46] RUN_START run_id=BASE_Random_forest_142
[2026-07-24T01:19:46] PARAM method=Random_forest
[2026-07-24T01:19:46] METRIC mae_bytes=162.47
[2026-07-24T01:19:46] METRIC throughput_gbps=8.1812
[2026-07-24T01:19:46] METRIC latency_ms=13.1392
[2026-07-24T01:19:46] RUN_END status=OK
[2026-07-24T01:21:37] RUN_START run_id=BASE_Random_forest_143
[2026-07-24T01:21:37] PARAM method=Random_forest
[2026-07-24T01:21:37] METRIC mae_bytes=156.5
[2026-07-24T01:21:37] METRIC throughput_gbps=7.9539
[2026-07-24T01:21:37] METRIC latency_ms=13.5105
[2026-07-24T01:21:37] RUN_END status=OK
[2026-07-24T01:24:08] RUN_START run_id=BASE_Random_forest_144
[2026-07-24T01:24:08] PARAM method=Random_forest
[2026-07-24T01:24:08] METRIC mae_bytes=181.37
[2026-07-24T01:24:08] METRIC throughput_gbps=8.1109
[2026-07-24T01:24:08] METRIC latency_ms=13.0616
[2026-07-24T01:24:08] RUN_END status=OK
[2026-07-24T01:26:04] RUN_START run_id=BASE_Random_forest_145
[2026-07-24T01:26:04] PARAM method=Random_forest
[2026-07-24T01:26:04] METRIC mae_bytes=145.82
[2026-07-24T01:26:04] METRIC throughput_gbps=7.9402
[2026-07-24T01:26:04] METRIC latency_ms=13.4443
[2026-07-24T01:26:04] RUN_END status=OK
[2026-07-24T01:29:30] RUN_START run_id=BASE_Random_forest_146
[2026-07-24T01:29:30] PARAM method=Random_forest
[2026-07-24T01:29:30] METRIC mae_bytes=196.49
[2026-07-24T01:29:30] METRIC throughput_gbps=7.9577
[2026-07-24T01:29:30] METRIC latency_ms=13.2996
[2026-07-24T01:29:30] RUN_END status=OK
[2026-07-24T01:30:29] RUN_START run_id=BASE_Random_forest_147
[2026-07-24T01:30:29] PARAM method=Random_forest
[2026-07-24T01:30:29] METRIC mae_bytes=187.97
[2026-07-24T01:30:29] METRIC throughput_gbps=8.1421
[2026-07-24T01:30:29] METRIC latency_ms=11.7031
[2026-07-24T01:30:29] RUN_END status=OK
[2026-07-24T01:31:26] RUN_START run_id=BASE_Random_forest_148
[2026-07-24T01:31:26] PARAM method=Random_forest
[2026-07-24T01:31:26] METRIC mae_bytes=149.59
[2026-07-24T01:31:26] METRIC throughput_gbps=8.2085
[2026-07-24T01:31:26] METRIC latency_ms=12.5548
[2026-07-24T01:31:26] RUN_END status=OK
[2026-07-24T01:34:01] RUN_START run_id=BASE_Random_forest_149
[2026-07-24T01:34:01] PARAM method=Random_forest
[2026-07-24T01:34:01] METRIC mae_bytes=148.1
[2026-07-24T01:34:01] METRIC throughput_gbps=8.3493
[2026-07-24T01:34:01] METRIC latency_ms=12.3345
[2026-07-24T01:34:01] RUN_END status=OK
[2026-07-24T01:34:43] RUN_START run_id=BASE_Random_forest_150
[2026-07-24T01:34:43] PARAM method=Random_forest
[2026-07-24T01:34:43] METRIC mae_bytes=168.69
[2026-07-24T01:34:43] METRIC throughput_gbps=7.5635
[2026-07-24T01:34:43] METRIC latency_ms=14.2241
[2026-07-24T01:34:43] RUN_END status=OK
