[2026-07-20T15:47:06] RUN_START run_id=BASE_Random_forest_021
[2026-07-20T15:47:06] PARAM method=Random_forest
[2026-07-20T15:47:06] METRIC mae_bytes=166.41
[2026-07-20T15:47:06] METRIC throughput_gbps=8.1815
[2026-07-20T15:47:06] METRIC latency_ms=14.0816
[2026-07-20T15:47:06] RUN_END status=OK
[2026-07-20T15:51:31] RUN_START run_id=BASE_Random_forest_022
[2026-07-20T15:51:31] PARAM method=Random_forest
[2026-07-20T15:51:31] METRIC mae_bytes=153.18
[2026-07-20T15:51:31] METRIC throughput_gbps=8.1619
[2026-07-20T15:51:31] METRIC latency_ms=13.0739
[2026-07-20T15:51:31] RUN_END status=OK
[2026-07-20T15:53:25] RUN_START run_id=BASE_Random_forest_023
[2026-07-20T15:53:25] PARAM method=Random_forest
[2026-07-20T15:53:25] METRIC mae_bytes=169.13
[2026-07-20T15:53:25] METRIC throughput_gbps=8.0705
[2026-07-20T15:53:25] METRIC latency_ms=12.7825
[2026-07-20T15:53:25] RUN_END status=OK
[2026-07-20T15:54:49] RUN_START run_id=BASE_Random_forest_024
[2026-07-20T15:54:49] PARAM method=Random_forest
[2026-07-20T15:54:49] METRIC mae_bytes=155.25
[2026-07-20T15:54:49] METRIC throughput_gbps=8.4228
[2026-07-20T15:54:49] METRIC latency_ms=13.1711
[2026-07-20T15:54:49] RUN_END status=OK
[2026-07-20T15:55:45] RUN_START run_id=BASE_Random_forest_025
[2026-07-20T15:55:45] PARAM method=Random_forest
[2026-07-20T15:55:45] METRIC mae_bytes=188.04
[2026-07-20T15:55:45] METRIC throughput_gbps=7.9057
[2026-07-20T15:55:45] METRIC latency_ms=13.2433
[2026-07-20T15:55:45] RUN_END status=OK
[2026-07-20T15:57:14] RUN_START run_id=BASE_Random_forest_026
[2026-07-20T15:57:14] PARAM method=Random_forest
[2026-07-20T15:57:14] METRIC mae_bytes=178.13
[2026-07-20T15:57:14] METRIC throughput_gbps=7.655
[2026-07-20T15:57:14] METRIC latency_ms=12.1023
[2026-07-20T15:57:14] RUN_END status=OK
[2026-07-20T16:01:57] RUN_START run_id=BASE_Random_forest_027
[2026-07-20T16:01:57] PARAM method=Random_forest
[2026-07-20T16:01:57] METRIC mae_bytes=160.57
[2026-07-20T16:01:57] METRIC throughput_gbps=8.4204
[2026-07-20T16:01:57] METRIC latency_ms=12.8315
[2026-07-20T16:01:57] RUN_END status=OK
[2026-07-20T16:03:39] RUN_START run_id=BASE_Random_forest_028
[2026-07-20T16:03:39] PARAM method=Random_forest
[2026-07-20T16:03:39] METRIC mae_bytes=150.43
[2026-07-20T16:03:39] METRIC throughput_gbps=8.2072
[2026-07-20T16:03:39] METRIC latency_ms=12.5182
[2026-07-20T16:03:39] RUN_END status=OK
[2026-07-20T16:05:07] RUN_START run_id=BASE_Random_forest_029
[2026-07-20T16:05:07] PARAM method=Random_forest
[2026-07-20T16:05:07] METRIC mae_bytes=158.73
[2026-07-20T16:05:07] METRIC throughput_gbps=7.9387
[2026-07-20T16:05:07] METRIC latency_ms=13.9971
[2026-07-20T16:05:07] RUN_END status=OK
[2026-07-20T16:05:38] RUN_START run_id=BASE_Random_forest_030
[2026-07-20T16:05:38] PARAM method=Random_forest
[2026-07-20T16:05:38] METRIC mae_bytes=153.7
[2026-07-20T16:05:38] METRIC throughput_gbps=8.3215
[2026-07-20T16:05:38] METRIC latency_ms=13.1209
[2026-07-20T16:05:38] RUN_END status=OK
