[2026-07-20T20:37:34] RUN_START run_id=BASE_Static_1500_021
[2026-07-20T20:37:34] PARAM method=Static_1500
[2026-07-20T20:37:34] METRIC mae_bytes=1348.4
[2026-07-20T20:37:34] METRIC throughput_gbps=6.8873
[2026-07-20T20:37:34] METRIC latency_ms=14.7707
[2026-07-20T20:37:34] RUN_END status=OK
[2026-07-20T20:38:59] RUN_START run_id=BASE_Static_1500_022
[2026-07-20T20:38:59] PARAM method=Static_1500
[2026-07-20T20:38:59] METRIC mae_bytes=1572.13
[2026-07-20T20:38:59] METRIC throughput_gbps=7.1009
[2026-07-20T20:38:59] METRIC latency_ms=16.4838
[2026-07-20T20:38:59] RUN_END status=OK
[2026-07-20T20:40:15] RUN_START run_id=BASE_Static_1500_023
[2026-07-20T20:40:15] PARAM method=Static_1500
[2026-07-20T20:40:15] METRIC mae_bytes=1465.86
[2026-07-20T20:40:15] METRIC throughput_gbps=7.3114
[2026-07-20T20:40:15] METRIC latency_ms=16.4935
[2026-07-20T20:40:15] RUN_END status=OK
[2026-07-20T20:47:22] RUN_START run_id=BASE_Static_1500_024
[2026-07-20T20:47:22] PARAM method=Static_1500
[2026-07-20T20:47:22] METRIC mae_bytes=1607.24
[2026-07-20T20:47:22] METRIC throughput_gbps=6.9932
[2026-07-20T20:47:22] METRIC latency_ms=14.8866
[2026-07-20T20:47:22] RUN_END status=OK
[2026-07-20T20:51:36] RUN_START run_id=BASE_Static_1500_025
[2026-07-20T20:51:36] PARAM method=Static_1500
[2026-07-20T20:51:36] METRIC mae_bytes=1523.43
[2026-07-20T20:51:36] METRIC throughput_gbps=6.8233
[2026-07-20T20:51:36] METRIC latency_ms=16.244
[2026-07-20T20:51:36] RUN_END status=OK
[2026-07-20T20:52:00] RUN_START run_id=BASE_Static_1500_026
[2026-07-20T20:52:00] PARAM method=Static_1500
[2026-07-20T20:52:00] METRIC mae_bytes=1559.65
[2026-07-20T20:52:00] METRIC throughput_gbps=6.992
[2026-07-20T20:52:00] METRIC latency_ms=15.2792
[2026-07-20T20:52:00] RUN_END status=OK
[2026-07-20T20:54:51] RUN_START run_id=BASE_Static_1500_027
[2026-07-20T20:54:51] PARAM method=Static_1500
[2026-07-20T20:54:51] METRIC mae_bytes=1504.11
[2026-07-20T20:54:51] METRIC throughput_gbps=6.7443
[2026-07-20T20:54:51] METRIC latency_ms=15.2149
[2026-07-20T20:54:51] RUN_END status=OK
[2026-07-20T20:56:16] RUN_START run_id=BASE_Static_1500_028
[2026-07-20T20:56:16] PARAM method=Static_1500
[2026-07-20T20:56:16] METRIC mae_bytes=1793.28
[2026-07-20T20:56:16] METRIC throughput_gbps=7.0369
[2026-07-20T20:56:16] METRIC latency_ms=15.8394
[2026-07-20T20:56:16] RUN_END status=OK
[2026-07-20T21:02:26] RUN_START run_id=BASE_Static_1500_029
[2026-07-20T21:02:26] PARAM method=Static_1500
[2026-07-20T21:02:26] METRIC mae_bytes=1320.01
[2026-07-20T21:02:26] METRIC throughput_gbps=6.8886
[2026-07-20T21:02:26] METRIC latency_ms=14.5751
[2026-07-20T21:02:26] RUN_END status=OK
[2026-07-20T21:04:43] RUN_START run_id=BASE_Static_1500_030
[2026-07-20T21:04:43] PARAM method=Static_1500
[2026-07-20T21:04:43] METRIC mae_bytes=1722.79
[2026-07-20T21:04:43] METRIC throughput_gbps=7.3132
[2026-07-20T21:04:43] METRIC latency_ms=16.3215
[2026-07-20T21:04:43] RUN_END status=OK
[2026-07-20T21:09:30] RUN_START run_id=BASE_Static_1500_031
[2026-07-20T21:09:30] PARAM method=Static_1500
[2026-07-20T21:09:30] METRIC mae_bytes=1731.39
[2026-07-20T21:09:30] METRIC throughput_gbps=6.9572
[2026-07-20T21:09:30] METRIC latency_ms=16.158
[2026-07-20T21:09:30] RUN_END status=OK
[2026-07-20T21:11:38] RUN_START run_id=BASE_Static_1500_032
[2026-07-20T21:11:38] PARAM method=Static_1500
[2026-07-20T21:11:38] METRIC mae_bytes=1647.86
[2026-07-20T21:11:38] METRIC throughput_gbps=6.7143
[2026-07-20T21:11:38] METRIC latency_ms=17.1744
[2026-07-20T21:11:38] RUN_END status=OK
[2026-07-20T21:13:10] RUN_START run_id=BASE_Static_1500_033
[2026-07-20T21:13:10] PARAM method=Static_1500
[2026-07-20T21:13:10] METRIC mae_bytes=1598.13
[2026-07-20T21:13:10] METRIC throughput_gbps=7.1909
[2026-07-20T21:13:10] METRIC latency_ms=16.4768
[2026-07-20T21:13:10] RUN_END status=OK
[2026-07-20T21:19:30] RUN_START run_id=BASE_Static_1500_034
[2026-07-20T21:19:30] PARAM method=Static_1500
[2026-07-20T21:19:30] METRIC mae_bytes=1620.97
[2026-07-20T21:19:30] METRIC throughput_gbps=6.9475
[2026-07-20T21:19:30] METRIC latency_ms=16.0336
[2026-07-20T21:19:30] RUN_END status=OK
