[2026-07-25T11:57:03] RUN_START run_id=BASE_PMTUD_heuristic_061
[2026-07-25T11:57:03] PARAM method=PMTUD_heuristic
[2026-07-25T11:57:03] METRIC mae_bytes=308.26
[2026-07-25T11:57:03] METRIC throughput_gbps=8.061
[2026-07-25T11:57:03] METRIC latency_ms=13.7416
[2026-07-25T11:57:03] RUN_END status=OK
[2026-07-25T11:58:09] RUN_START run_id=BASE_PMTUD_heuristic_062
[2026-07-25T11:58:09] PARAM method=PMTUD_heuristic
[2026-07-25T11:58:09] METRIC mae_bytes=297.8
[2026-07-25T11:58:09] METRIC throughput_gbps=7.2821
[2026-07-25T11:58:09] METRIC latency_ms=13.1217
[2026-07-25T11:58:09] RUN_END status=OK
[2026-07-25T11:59:11] RUN_START run_id=BASE_PMTUD_heuristic_063
[2026-07-25T11:59:11] PARAM method=PMTUD_heuristic
[2026-07-25T11:59:11] METRIC mae_bytes=280.65
[2026-07-25T11:59:11] METRIC throughput_gbps=7.5528
[2026-07-25T11:59:11] METRIC latency_ms=13.0144
[2026-07-25T11:59:11] RUN_END status=OK
[2026-07-25T12:03:02] RUN_START run_id=BASE_PMTUD_heuristic_064
[2026-07-25T12:03:02] PARAM method=PMTUD_heuristic
[2026-07-25T12:03:02] METRIC mae_bytes=296.82
[2026-07-25T12:03:02] METRIC throughput_gbps=7.4503
[2026-07-25T12:03:02] METRIC latency_ms=13.1231
[2026-07-25T12:03:02] RUN_END status=OK
[2026-07-25T12:06:18] RUN_START run_id=BASE_PMTUD_heuristic_065
[2026-07-25T12:06:18] PARAM method=PMTUD_heuristic
[2026-07-25T12:06:18] METRIC mae_bytes=264.84
[2026-07-25T12:06:18] METRIC throughput_gbps=7.741
[2026-07-25T12:06:18] METRIC latency_ms=13.3289
[2026-07-25T12:06:18] RUN_END status=OK
[2026-07-25T12:08:27] RUN_START run_id=BASE_PMTUD_heuristic_066
[2026-07-25T12:08:27] PARAM method=PMTUD_heuristic
[2026-07-25T12:08:27] METRIC mae_bytes=268.64
[2026-07-25T12:08:27] METRIC throughput_gbps=8.3642
[2026-07-25T12:08:27] METRIC latency_ms=13.3827
[2026-07-25T12:08:27] RUN_END status=OK
[2026-07-25T12:11:34] RUN_START run_id=BASE_PMTUD_heuristic_067
[2026-07-25T12:11:34] PARAM method=PMTUD_heuristic
[2026-07-25T12:11:34] METRIC mae_bytes=275.89
[2026-07-25T12:11:34] METRIC throughput_gbps=7.5828
[2026-07-25T12:11:34] METRIC latency_ms=13.6403
[2026-07-25T12:11:34] RUN_END status=OK
[2026-07-25T12:14:07] RUN_START run_id=BASE_PMTUD_heuristic_068
[2026-07-25T12:14:07] PARAM method=PMTUD_heuristic
[2026-07-25T12:14:07] METRIC mae_bytes=240.22
[2026-07-25T12:14:07] METRIC throughput_gbps=7.6068
[2026-07-25T12:14:07] METRIC latency_ms=12.9959
[2026-07-25T12:14:07] RUN_END status=OK
[2026-07-25T12:17:32] RUN_START run_id=BASE_PMTUD_heuristic_069
[2026-07-25T12:17:32] PARAM method=PMTUD_heuristic
[2026-07-25T12:17:32] METRIC mae_bytes=280.43
[2026-07-25T12:17:32] METRIC throughput_gbps=7.7853
[2026-07-25T12:17:32] METRIC latency_ms=13.9908
[2026-07-25T12:17:32] RUN_END status=OK
[2026-07-25T12:24:56] RUN_START run_id=BASE_PMTUD_heuristic_070
[2026-07-25T12:24:56] PARAM method=PMTUD_heuristic
[2026-07-25T12:24:56] METRIC mae_bytes=245.34
[2026-07-25T12:24:56] METRIC throughput_gbps=7.9391
[2026-07-25T12:24:56] METRIC latency_ms=14.2325
[2026-07-25T12:24:56] RUN_END status=OK
[2026-07-25T12:26:32] RUN_START run_id=BASE_PMTUD_heuristic_071
[2026-07-25T12:26:32] PARAM method=PMTUD_heuristic
[2026-07-25T12:26:32] METRIC mae_bytes=333.23
[2026-07-25T12:26:32] METRIC throughput_gbps=7.5427
[2026-07-25T12:26:32] METRIC latency_ms=15.0559
[2026-07-25T12:26:32] RUN_END status=OK
[2026-07-25T12:28:12] RUN_START run_id=BASE_PMTUD_heuristic_072
[2026-07-25T12:28:12] PARAM method=PMTUD_heuristic
[2026-07-25T12:28:12] METRIC mae_bytes=297.48
[2026-07-25T12:28:12] METRIC throughput_gbps=8.1949
[2026-07-25T12:28:12] METRIC latency_ms=12.7532
[2026-07-25T12:28:12] RUN_END status=OK
[2026-07-25T12:29:49] RUN_START run_id=BASE_PMTUD_heuristic_073
[2026-07-25T12:29:49] PARAM method=PMTUD_heuristic
[2026-07-25T12:29:49] METRIC mae_bytes=404.52
[2026-07-25T12:29:49] METRIC throughput_gbps=7.7168
[2026-07-25T12:29:49] METRIC latency_ms=12.576
[2026-07-25T12:29:49] RUN_END status=OK
