[2026-07-03T12:00:00] RUN_START run_id=BASE_Static_9000_001
[2026-07-03T12:00:00] PARAM method=Static_9000
[2026-07-03T12:00:00] METRIC mae_bytes=1248.96
[2026-07-03T12:00:00] METRIC throughput_gbps=7.812
[2026-07-03T12:00:00] METRIC latency_ms=14.7977
[2026-07-03T12:00:00] RUN_END status=OK
[2026-07-03T12:02:30] RUN_START run_id=BASE_Static_9000_002
[2026-07-03T12:02:30] PARAM method=Static_9000
[2026-07-03T12:02:30] METRIC mae_bytes=1188.77
[2026-07-03T12:02:30] METRIC throughput_gbps=7.7142
[2026-07-03T12:02:30] METRIC latency_ms=13.8948
[2026-07-03T12:02:30] RUN_END status=OK
[2026-07-03T12:07:22] RUN_START run_id=BASE_Static_9000_003
[2026-07-03T12:07:22] PARAM method=Static_9000
[2026-07-03T12:07:22] METRIC mae_bytes=1260.24
[2026-07-03T12:07:22] METRIC throughput_gbps=8.0294
[2026-07-03T12:07:22] METRIC latency_ms=15.8148
[2026-07-03T12:07:22] RUN_END status=OK
[2026-07-03T12:12:02] RUN_START run_id=BASE_Static_9000_004
[2026-07-03T12:12:02] PARAM method=Static_9000
[2026-07-03T12:12:02] METRIC mae_bytes=1257.38
[2026-07-03T12:12:02] METRIC throughput_gbps=7.4184
[2026-07-03T12:12:02] METRIC latency_ms=13.8933
[2026-07-03T12:12:02] RUN_END status=OK
[2026-07-03T12:12:38] RUN_START run_id=BASE_Static_9000_005
[2026-07-03T12:12:38] PARAM method=Static_9000
[2026-07-03T12:12:38] METRIC mae_bytes=1235.33
[2026-07-03T12:12:38] METRIC throughput_gbps=7.6513
[2026-07-03T12:12:38] METRIC latency_ms=14.1727
[2026-07-03T12:12:38] RUN_END status=OK
[2026-07-03T12:14:51] RUN_START run_id=BASE_Static_9000_006
[2026-07-03T12:14:51] PARAM method=Static_9000
[2026-07-03T12:14:51] METRIC mae_bytes=1428.12
[2026-07-03T12:14:51] METRIC throughput_gbps=7.7734
[2026-07-03T12:14:51] METRIC latency_ms=15.2512
[2026-07-03T12:14:51] RUN_END status=OK
[2026-07-03T12:15:28] RUN_START run_id=BASE_Static_9000_007
[2026-07-03T12:15:28] PARAM method=Static_9000
[2026-07-03T12:15:28] METRIC mae_bytes=1160.02
[2026-07-03T12:15:28] METRIC throughput_gbps=7.899
[2026-07-03T12:15:28] METRIC latency_ms=15.7626
[2026-07-03T12:15:28] RUN_END status=OK
[2026-07-03T12:16:02] RUN_START run_id=BASE_Static_9000_008
[2026-07-03T12:16:02] PARAM method=Static_9000
[2026-07-03T12:16:02] METRIC mae_bytes=1184.4
[2026-07-03T12:16:02] METRIC throughput_gbps=7.3665
[2026-07-03T12:16:02] METRIC latency_ms=15.2725
[2026-07-03T12:16:02] RUN_END status=OK
[2026-07-03T12:18:19] RUN_START run_id=BASE_Static_9000_009
[2026-07-03T12:18:19] PARAM method=Static_9000
[2026-07-03T12:18:19] METRIC mae_bytes=1129.43
[2026-07-03T12:18:19] METRIC throughput_gbps=7.9904
[2026-07-03T12:18:19] METRIC latency_ms=14.42
[2026-07-03T12:18:19] RUN_END status=OK
[2026-07-03T12:19:04] RUN_START run_id=BASE_Static_9000_010
[2026-07-03T12:19:04] PARAM method=Static_9000
[2026-07-03T12:19:04] METRIC mae_bytes=1194.86
[2026-07-03T12:19:04] METRIC throughput_gbps=7.305
[2026-07-03T12:19:04] METRIC latency_ms=16.7259
[2026-07-03T12:19:04] RUN_END status=OK
[2026-07-03T12:20:16] RUN_START run_id=BASE_Static_9000_011
[2026-07-03T12:20:16] PARAM method=Static_9000
[2026-07-03T12:20:16] METRIC mae_bytes=1229.22
[2026-07-03T12:20:16] METRIC throughput_gbps=7.4656
[2026-07-03T12:20:16] METRIC latency_ms=14.2155
[2026-07-03T12:20:16] RUN_END status=OK
[2026-07-03T12:23:36] RUN_START run_id=BASE_Static_9000_012
[2026-07-03T12:23:36] PARAM method=Static_9000
[2026-07-03T12:23:36] METRIC mae_bytes=1421.72
[2026-07-03T12:23:36] METRIC throughput_gbps=8.0063
[2026-07-03T12:23:36] METRIC latency_ms=16.2872
[2026-07-03T12:23:36] RUN_END status=OK
[2026-07-04T12:32:21] RUN_START run_id=BASE_Static_9000_013
[2026-07-04T12:32:21] PARAM method=Static_9000
[2026-07-04T12:32:21] METRIC mae_bytes=1191.44
[2026-07-04T12:32:21] METRIC throughput_gbps=7.1354
[2026-07-04T12:32:21] METRIC latency_ms=14.2209
[2026-07-04T12:32:21] RUN_END status=OK
[2026-07-04T12:37:38] RUN_START run_id=BASE_Static_9000_014
[2026-07-04T12:37:38] PARAM method=Static_9000
[2026-07-04T12:37:38] METRIC mae_bytes=1191.94
[2026-07-04T12:37:38] METRIC throughput_gbps=7.5762
[2026-07-04T12:37:38] METRIC latency_ms=15.183
[2026-07-04T12:37:38] RUN_END status=OK
[2026-07-04T12:39:01] RUN_START run_id=BASE_Static_9000_015
[2026-07-04T12:39:01] PARAM method=Static_9000
[2026-07-04T12:39:01] METRIC mae_bytes=1227.58
[2026-07-04T12:39:01] METRIC throughput_gbps=8.0742
[2026-07-04T12:39:01] METRIC latency_ms=15.461
[2026-07-04T12:39:01] RUN_END status=OK
