[2026-07-13T08:45:16] RUN_START run_id=BASE_MLP_proposed_024
[2026-07-13T08:45:16] PARAM method=MLP_proposed
[2026-07-13T08:45:16] METRIC mae_bytes=110.13
[2026-07-13T08:45:16] METRIC throughput_gbps=8.5649
[2026-07-13T08:45:16] METRIC latency_ms=11.9702
[2026-07-13T08:45:16] RUN_END status=OK
[2026-07-13T08:47:43] RUN_START run_id=BASE_MLP_proposed_025
[2026-07-13T08:47:43] PARAM method=MLP_proposed
[2026-07-13T08:47:43] METRIC mae_bytes=108.2
[2026-07-13T08:47:43] METRIC throughput_gbps=8.4862
[2026-07-13T08:47:43] METRIC latency_ms=11.4111
[2026-07-13T08:47:43] RUN_END status=OK
[2026-07-13T08:50:17] RUN_START run_id=BASE_MLP_proposed_026
[2026-07-13T08:50:17] PARAM method=MLP_proposed
[2026-07-13T08:50:17] METRIC mae_bytes=127.41
[2026-07-13T08:50:17] METRIC throughput_gbps=8.6459
[2026-07-13T08:50:17] METRIC latency_ms=12.7591
[2026-07-13T08:50:17] RUN_END status=OK
[2026-07-13T08:51:57] RUN_START run_id=BASE_MLP_proposed_027
[2026-07-13T08:51:57] PARAM method=MLP_proposed
[2026-07-13T08:51:57] METRIC mae_bytes=117.5
[2026-07-13T08:51:57] METRIC throughput_gbps=8.2449
[2026-07-13T08:51:57] METRIC latency_ms=11.877
[2026-07-13T08:51:57] RUN_END status=OK
[2026-07-13T08:54:19] RUN_START run_id=BASE_MLP_proposed_028
[2026-07-13T08:54:19] PARAM method=MLP_proposed
[2026-07-13T08:54:19] METRIC mae_bytes=108.32
[2026-07-13T08:54:19] METRIC throughput_gbps=8.2334
[2026-07-13T08:54:19] METRIC latency_ms=12.5202
[2026-07-13T08:54:19] RUN_END status=OK
[2026-07-13T08:58:42] RUN_START run_id=BASE_MLP_proposed_029
[2026-07-13T08:58:42] PARAM method=MLP_proposed
[2026-07-13T08:58:42] METRIC mae_bytes=113.0
[2026-07-13T08:58:42] METRIC throughput_gbps=8.8125
[2026-07-13T08:58:42] METRIC latency_ms=11.8549
[2026-07-13T08:58:42] RUN_END status=OK
[2026-07-14T14:30:20] RUN_START run_id=BASE_MLP_proposed_030
[2026-07-14T14:30:20] PARAM method=MLP_proposed
[2026-07-14T14:30:20] METRIC mae_bytes=107.76
[2026-07-14T14:30:20] METRIC throughput_gbps=8.2469
[2026-07-14T14:30:20] METRIC latency_ms=12.1821
[2026-07-14T14:30:20] RUN_END status=OK
[2026-07-14T14:31:30] RUN_START run_id=04_mtu_baseline_comparison_DISCARDED_0012
[2026-07-14T14:31:30] RUN_ABORTED reason=binary_search_no_convergence: calibration script exceeded step budget (576-9000B @ 8B step) without stable peak goodput
[2026-07-14T14:33:40] RUN_START run_id=BASE_MLP_proposed_031
[2026-07-14T14:33:40] PARAM method=MLP_proposed
[2026-07-14T14:33:40] METRIC mae_bytes=105.28
[2026-07-14T14:33:40] METRIC throughput_gbps=8.3875
[2026-07-14T14:33:40] METRIC latency_ms=12.1004
[2026-07-14T14:33:40] RUN_END status=OK
[2026-07-14T14:34:56] RUN_START run_id=BASE_MLP_proposed_032
[2026-07-14T14:34:56] PARAM method=MLP_proposed
[2026-07-14T14:34:56] METRIC mae_bytes=127.25
[2026-07-14T14:34:56] METRIC throughput_gbps=8.9201
[2026-07-14T14:34:56] METRIC latency_ms=11.6379
[2026-07-14T14:34:56] RUN_END status=OK
[2026-07-14T14:35:31] RUN_START run_id=BASE_MLP_proposed_033
[2026-07-14T14:35:31] PARAM method=MLP_proposed
[2026-07-14T14:35:31] METRIC mae_bytes=100.31
[2026-07-14T14:35:31] METRIC throughput_gbps=8.5864
[2026-07-14T14:35:31] METRIC latency_ms=12.3091
[2026-07-14T14:35:31] RUN_END status=OK
[2026-07-14T14:37:46] RUN_START run_id=BASE_MLP_proposed_034
[2026-07-14T14:37:46] PARAM method=MLP_proposed
[2026-07-14T14:37:46] METRIC mae_bytes=131.65
[2026-07-14T14:37:46] METRIC throughput_gbps=8.1722
[2026-07-14T14:37:46] METRIC latency_ms=13.1496
[2026-07-14T14:37:46] RUN_END status=OK
[2026-07-14T14:40:22] RUN_START run_id=BASE_MLP_proposed_035
[2026-07-14T14:40:22] PARAM method=MLP_proposed
[2026-07-14T14:40:22] METRIC mae_bytes=110.47
[2026-07-14T14:40:22] METRIC throughput_gbps=8.0842
[2026-07-14T14:40:22] METRIC latency_ms=12.6116
[2026-07-14T14:40:22] RUN_END status=OK
[2026-07-14T14:42:00] RUN_START run_id=BASE_MLP_proposed_036
[2026-07-14T14:42:00] PARAM method=MLP_proposed
[2026-07-14T14:42:00] METRIC mae_bytes=119.47
[2026-07-14T14:42:00] METRIC throughput_gbps=8.4616
[2026-07-14T14:42:00] METRIC latency_ms=12.5938
[2026-07-14T14:42:00] RUN_END status=OK
