[2026-07-21T23:09:27] RUN_START run_id=BASE_Random_forest_068
[2026-07-21T23:09:27] PARAM method=Random_forest
[2026-07-21T23:09:27] METRIC mae_bytes=156.42
[2026-07-21T23:09:27] METRIC throughput_gbps=8.38
[2026-07-21T23:09:27] METRIC latency_ms=12.1633
[2026-07-21T23:09:27] RUN_END status=OK
[2026-07-21T23:12:25] RUN_START run_id=BASE_Random_forest_069
[2026-07-21T23:12:25] PARAM method=Random_forest
[2026-07-21T23:12:25] METRIC mae_bytes=173.69
[2026-07-21T23:12:25] METRIC throughput_gbps=8.0135
[2026-07-21T23:12:25] METRIC latency_ms=13.8534
[2026-07-21T23:12:25] RUN_END status=OK
[2026-07-22T01:01:57] RUN_START run_id=BASE_Random_forest_070
[2026-07-22T01:01:57] PARAM method=Random_forest
[2026-07-22T01:01:57] METRIC mae_bytes=171.88
[2026-07-22T01:01:57] METRIC throughput_gbps=7.6553
[2026-07-22T01:01:57] METRIC latency_ms=13.0587
[2026-07-22T01:01:57] RUN_END status=OK
[2026-07-22T01:05:56] RUN_START run_id=BASE_Random_forest_071
[2026-07-22T01:05:56] PARAM method=Random_forest
[2026-07-22T01:05:56] METRIC mae_bytes=169.32
[2026-07-22T01:05:56] METRIC throughput_gbps=7.9225
[2026-07-22T01:05:56] METRIC latency_ms=13.0047
[2026-07-22T01:05:56] RUN_END status=OK
[2026-07-22T01:07:57] RUN_START run_id=BASE_Random_forest_072
[2026-07-22T01:07:57] PARAM method=Random_forest
[2026-07-22T01:07:57] METRIC mae_bytes=164.78
[2026-07-22T01:07:57] METRIC throughput_gbps=8.3128
[2026-07-22T01:07:57] METRIC latency_ms=13.6732
[2026-07-22T01:07:57] RUN_END status=OK
[2026-07-22T01:09:34] RUN_START run_id=BASE_Random_forest_073
[2026-07-22T01:09:34] PARAM method=Random_forest
[2026-07-22T01:09:34] METRIC mae_bytes=146.66
[2026-07-22T01:09:34] METRIC throughput_gbps=7.8418
[2026-07-22T01:09:34] METRIC latency_ms=13.6384
[2026-07-22T01:09:34] RUN_END status=OK
[2026-07-22T01:14:44] RUN_START run_id=BASE_Random_forest_074
[2026-07-22T01:14:44] PARAM method=Random_forest
[2026-07-22T01:14:44] METRIC mae_bytes=176.44
[2026-07-22T01:14:44] METRIC throughput_gbps=8.1561
[2026-07-22T01:14:44] METRIC latency_ms=11.808
[2026-07-22T01:14:44] RUN_END status=OK
[2026-07-22T01:16:22] RUN_START run_id=BASE_Random_forest_075
[2026-07-22T01:16:22] PARAM method=Random_forest
[2026-07-22T01:16:22] METRIC mae_bytes=172.98
[2026-07-22T01:16:22] METRIC throughput_gbps=8.1843
[2026-07-22T01:16:22] METRIC latency_ms=12.7475
[2026-07-22T01:16:22] RUN_END status=OK
[2026-07-22T01:16:38] RUN_START run_id=BASE_Random_forest_076
[2026-07-22T01:16:38] PARAM method=Random_forest
[2026-07-22T01:16:38] METRIC mae_bytes=174.85
[2026-07-22T01:16:38] METRIC throughput_gbps=8.3288
[2026-07-22T01:16:38] METRIC latency_ms=14.1552
[2026-07-22T01:16:38] RUN_END status=OK
[2026-07-22T01:17:38] RUN_START run_id=BASE_Random_forest_077
[2026-07-22T01:17:38] PARAM method=Random_forest
[2026-07-22T01:17:38] METRIC mae_bytes=155.31
[2026-07-22T01:17:38] METRIC throughput_gbps=8.0236
[2026-07-22T01:17:38] METRIC latency_ms=12.3066
[2026-07-22T01:17:38] RUN_END status=OK
[2026-07-22T01:21:09] RUN_START run_id=BASE_Random_forest_078
[2026-07-22T01:21:09] PARAM method=Random_forest
[2026-07-22T01:21:09] METRIC mae_bytes=204.67
[2026-07-22T01:21:09] METRIC throughput_gbps=8.0435
[2026-07-22T01:21:09] METRIC latency_ms=13.08
[2026-07-22T01:21:09] RUN_END status=OK
[2026-07-22T01:22:22] RUN_START run_id=BASE_Random_forest_079
[2026-07-22T01:22:22] PARAM method=Random_forest
[2026-07-22T01:22:22] METRIC mae_bytes=181.11
[2026-07-22T01:22:22] METRIC throughput_gbps=7.5322
[2026-07-22T01:22:22] METRIC latency_ms=11.4369
[2026-07-22T01:22:22] RUN_END status=OK
[2026-07-22T01:23:38] RUN_START run_id=BASE_Random_forest_080
[2026-07-22T01:23:38] PARAM method=Random_forest
[2026-07-22T01:23:38] METRIC mae_bytes=176.35
[2026-07-22T01:23:38] METRIC throughput_gbps=8.0955
[2026-07-22T01:23:38] METRIC latency_ms=11.6795
[2026-07-22T01:23:38] RUN_END status=OK
[2026-07-22T01:24:18] RUN_START run_id=BASE_Random_forest_081
[2026-07-22T01:24:18] PARAM method=Random_forest
[2026-07-22T01:24:18] METRIC mae_bytes=158.88
[2026-07-22T01:24:18] METRIC throughput_gbps=8.3588
[2026-07-22T01:24:18] METRIC latency_ms=12.5192
[2026-07-22T01:24:18] RUN_END status=OK
[2026-07-22T01:26:59] RUN_START run_id=BASE_Random_forest_082
[2026-07-22T01:26:59] PARAM method=Random_forest
[2026-07-22T01:26:59] METRIC mae_bytes=158.72
[2026-07-22T01:26:59] METRIC throughput_gbps=8.0016
[2026-07-22T01:26:59] METRIC latency_ms=12.5367
[2026-07-22T01:26:59] RUN_END status=OK
[2026-07-22T01:29:43] RUN_START run_id=BASE_Random_forest_083
[2026-07-22T01:29:43] PARAM method=Random_forest
[2026-07-22T01:29:43] METRIC mae_bytes=178.14
[2026-07-22T01:29:43] METRIC throughput_gbps=8.2237
[2026-07-22T01:29:43] METRIC latency_ms=12.0998
[2026-07-22T01:29:43] RUN_END status=OK
