[2026-07-25T12:31:03] RUN_START run_id=BASE_PMTUD_heuristic_074
[2026-07-25T12:31:03] PARAM method=PMTUD_heuristic
[2026-07-25T12:31:03] METRIC mae_bytes=299.57
[2026-07-25T12:31:03] METRIC throughput_gbps=7.5361
[2026-07-25T12:31:03] METRIC latency_ms=13.5592
[2026-07-25T12:31:03] RUN_END status=OK
[2026-07-25T12:31:24] RUN_START run_id=BASE_PMTUD_heuristic_075
[2026-07-25T12:31:24] PARAM method=PMTUD_heuristic
[2026-07-25T12:31:24] METRIC mae_bytes=243.84
[2026-07-25T12:31:24] METRIC throughput_gbps=7.4309
[2026-07-25T12:31:24] METRIC latency_ms=13.8976
[2026-07-25T12:31:24] RUN_END status=OK
[2026-07-25T12:33:32] RUN_START run_id=BASE_PMTUD_heuristic_076
[2026-07-25T12:33:32] PARAM method=PMTUD_heuristic
[2026-07-25T12:33:32] METRIC mae_bytes=307.14
[2026-07-25T12:33:32] METRIC throughput_gbps=7.4279
[2026-07-25T12:33:32] METRIC latency_ms=14.5092
[2026-07-25T12:33:32] RUN_END status=OK
[2026-07-25T12:34:55] RUN_START run_id=BASE_PMTUD_heuristic_077
[2026-07-25T12:34:55] PARAM method=PMTUD_heuristic
[2026-07-25T12:34:55] METRIC mae_bytes=266.02
[2026-07-25T12:34:55] METRIC throughput_gbps=7.5442
[2026-07-25T12:34:55] METRIC latency_ms=13.1608
[2026-07-25T12:34:55] RUN_END status=OK
[2026-07-25T12:39:32] RUN_START run_id=BASE_PMTUD_heuristic_078
[2026-07-25T12:39:32] PARAM method=PMTUD_heuristic
[2026-07-25T12:39:32] METRIC mae_bytes=312.52
[2026-07-25T12:39:32] METRIC throughput_gbps=7.9541
[2026-07-25T12:39:32] METRIC latency_ms=15.0175
[2026-07-25T12:39:32] RUN_END status=OK
[2026-07-25T12:42:55] RUN_START run_id=BASE_PMTUD_heuristic_079
[2026-07-25T12:42:55] PARAM method=PMTUD_heuristic
[2026-07-25T12:42:55] METRIC mae_bytes=339.33
[2026-07-25T12:42:55] METRIC throughput_gbps=7.8032
[2026-07-25T12:42:55] METRIC latency_ms=13.809
[2026-07-25T12:42:55] RUN_END status=OK
[2026-07-25T12:44:01] RUN_START run_id=BASE_PMTUD_heuristic_080
[2026-07-25T12:44:01] PARAM method=PMTUD_heuristic
[2026-07-25T12:44:01] METRIC mae_bytes=235.3
[2026-07-25T12:44:01] METRIC throughput_gbps=7.9689
[2026-07-25T12:44:01] METRIC latency_ms=13.884
[2026-07-25T12:44:01] RUN_END status=OK
[2026-07-25T12:47:23] RUN_START run_id=BASE_PMTUD_heuristic_081
[2026-07-25T12:47:23] PARAM method=PMTUD_heuristic
[2026-07-25T12:47:23] METRIC mae_bytes=296.72
[2026-07-25T12:47:23] METRIC throughput_gbps=7.7503
[2026-07-25T12:47:23] METRIC latency_ms=13.6285
[2026-07-25T12:47:23] RUN_END status=OK
[2026-07-25T12:50:56] RUN_START run_id=BASE_PMTUD_heuristic_082
[2026-07-25T12:50:56] PARAM method=PMTUD_heuristic
[2026-07-25T12:50:56] METRIC mae_bytes=268.29
[2026-07-25T12:50:56] METRIC throughput_gbps=7.6134
[2026-07-25T12:50:56] METRIC latency_ms=14.8154
[2026-07-25T12:50:56] RUN_END status=OK
[2026-07-25T12:53:19] RUN_START run_id=BASE_PMTUD_heuristic_083
[2026-07-25T12:53:19] PARAM method=PMTUD_heuristic
[2026-07-25T12:53:19] METRIC mae_bytes=281.65
[2026-07-25T12:53:19] METRIC throughput_gbps=7.3722
[2026-07-25T12:53:19] METRIC latency_ms=14.0279
[2026-07-25T12:53:19] RUN_END status=OK
[2026-07-25T12:58:25] RUN_START run_id=BASE_PMTUD_heuristic_084
[2026-07-25T12:58:25] PARAM method=PMTUD_heuristic
[2026-07-25T12:58:25] METRIC mae_bytes=328.96
[2026-07-25T12:58:25] METRIC throughput_gbps=7.5766
[2026-07-25T12:58:25] METRIC latency_ms=14.2397
[2026-07-25T12:58:25] RUN_END status=OK
[2026-07-25T12:59:51] RUN_START run_id=BASE_PMTUD_heuristic_085
[2026-07-25T12:59:51] PARAM method=PMTUD_heuristic
[2026-07-25T12:59:51] METRIC mae_bytes=308.82
[2026-07-25T12:59:51] METRIC throughput_gbps=7.9394
[2026-07-25T12:59:51] METRIC latency_ms=13.8483
[2026-07-25T12:59:51] RUN_END status=OK
[2026-07-25T13:02:31] RUN_START run_id=BASE_PMTUD_heuristic_086
[2026-07-25T13:02:31] PARAM method=PMTUD_heuristic
[2026-07-25T13:02:31] METRIC mae_bytes=298.95
[2026-07-25T13:02:31] METRIC throughput_gbps=8.1269
[2026-07-25T13:02:31] METRIC latency_ms=12.973
[2026-07-25T13:02:31] RUN_END status=OK
