[2026-07-24T11:06:52] RUN_START run_id=BASE_Static_1500_115
[2026-07-24T11:06:52] PARAM method=Static_1500
[2026-07-24T11:06:52] METRIC mae_bytes=1749.23
[2026-07-24T11:06:52] METRIC throughput_gbps=7.5285
[2026-07-24T11:06:52] METRIC latency_ms=16.7946
[2026-07-24T11:06:52] RUN_END status=OK
[2026-07-24T11:08:30] RUN_START run_id=BASE_Static_1500_116
[2026-07-24T11:08:30] PARAM method=Static_1500
[2026-07-24T11:08:30] METRIC mae_bytes=1808.31
[2026-07-24T11:08:30] METRIC throughput_gbps=6.6399
[2026-07-24T11:08:30] METRIC latency_ms=16.4181
[2026-07-24T11:08:30] RUN_END status=OK
[2026-07-24T11:11:17] RUN_START run_id=BASE_Static_1500_117
[2026-07-24T11:11:17] PARAM method=Static_1500
[2026-07-24T11:11:17] METRIC mae_bytes=1549.07
[2026-07-24T11:11:17] METRIC throughput_gbps=6.694
[2026-07-24T11:11:17] METRIC latency_ms=14.8081
[2026-07-24T11:11:17] RUN_END status=OK
[2026-07-24T11:13:46] RUN_START run_id=BASE_Static_1500_118
[2026-07-24T11:13:46] PARAM method=Static_1500
[2026-07-24T11:13:46] METRIC mae_bytes=1485.8
[2026-07-24T11:13:46] METRIC throughput_gbps=7.108
[2026-07-24T11:13:46] METRIC latency_ms=15.801
[2026-07-24T11:13:46] RUN_END status=OK
[2026-07-24T11:17:48] RUN_START run_id=BASE_Static_1500_119
[2026-07-24T11:17:48] PARAM method=Static_1500
[2026-07-24T11:17:48] METRIC mae_bytes=1459.86
[2026-07-24T11:17:48] METRIC throughput_gbps=6.2396
[2026-07-24T11:17:48] METRIC latency_ms=16.1293
[2026-07-24T11:17:48] RUN_END status=OK
[2026-07-24T11:18:59] RUN_START run_id=BASE_Static_1500_120
[2026-07-24T11:18:59] PARAM method=Static_1500
[2026-07-24T11:18:59] METRIC mae_bytes=1703.77
[2026-07-24T11:18:59] METRIC throughput_gbps=6.757
[2026-07-24T11:18:59] METRIC latency_ms=16.5086
[2026-07-24T11:18:59] RUN_END status=OK
[2026-07-24T11:20:43] RUN_START run_id=BASE_Static_1500_121
[2026-07-24T11:20:43] PARAM method=Static_1500
[2026-07-24T11:20:43] METRIC mae_bytes=1479.09
[2026-07-24T11:20:43] METRIC throughput_gbps=7.0306
[2026-07-24T11:20:43] METRIC latency_ms=15.7449
[2026-07-24T11:20:43] RUN_END status=OK
[2026-07-24T11:21:39] RUN_START run_id=BASE_Static_1500_122
[2026-07-24T11:21:39] PARAM method=Static_1500
[2026-07-24T11:21:39] METRIC mae_bytes=1904.74
[2026-07-24T11:21:39] METRIC throughput_gbps=6.8794
[2026-07-24T11:21:39] METRIC latency_ms=14.5999
[2026-07-24T11:21:39] RUN_END status=OK
[2026-07-24T11:23:29] RUN_START run_id=BASE_Static_1500_123
[2026-07-24T11:23:29] PARAM method=Static_1500
[2026-07-24T11:23:29] METRIC mae_bytes=1597.43
[2026-07-24T11:23:29] METRIC throughput_gbps=6.9384
[2026-07-24T11:23:29] METRIC latency_ms=16.4945
[2026-07-24T11:23:29] RUN_END status=OK
[2026-07-24T11:26:31] RUN_START run_id=BASE_Static_1500_124
[2026-07-24T11:26:31] PARAM method=Static_1500
[2026-07-24T11:26:31] METRIC mae_bytes=1590.86
[2026-07-24T11:26:31] METRIC throughput_gbps=6.878
[2026-07-24T11:26:31] METRIC latency_ms=14.5145
[2026-07-24T11:26:31] RUN_END status=OK
[2026-07-24T11:28:12] RUN_START run_id=BASE_Static_1500_125
[2026-07-24T11:28:12] PARAM method=Static_1500
[2026-07-24T11:28:12] METRIC mae_bytes=1669.99
[2026-07-24T11:28:12] METRIC throughput_gbps=6.8878
[2026-07-24T11:28:12] METRIC latency_ms=15.1253
[2026-07-24T11:28:12] RUN_END status=OK
[2026-07-24T11:29:30] RUN_START run_id=BASE_Static_1500_126
[2026-07-24T11:29:30] PARAM method=Static_1500
[2026-07-24T11:29:30] METRIC mae_bytes=1568.44
[2026-07-24T11:29:30] METRIC throughput_gbps=6.8622
[2026-07-24T11:29:30] METRIC latency_ms=14.1573
[2026-07-24T11:29:30] RUN_END status=OK
[2026-07-24T11:31:54] RUN_START run_id=BASE_Static_1500_127
[2026-07-24T11:31:54] PARAM method=Static_1500
[2026-07-24T11:31:54] METRIC mae_bytes=1448.25
[2026-07-24T11:31:54] METRIC throughput_gbps=7.4543
[2026-07-24T11:31:54] METRIC latency_ms=15.7567
[2026-07-24T11:31:54] RUN_END status=OK
[2026-07-24T11:32:47] RUN_START run_id=BASE_Static_1500_128
[2026-07-24T11:32:47] PARAM method=Static_1500
[2026-07-24T11:32:47] METRIC mae_bytes=1585.48
[2026-07-24T11:32:47] METRIC throughput_gbps=7.1088
[2026-07-24T11:32:47] METRIC latency_ms=16.424
[2026-07-24T11:32:47] RUN_END status=OK
[2026-07-24T11:33:40] RUN_START run_id=BASE_Static_1500_129
[2026-07-24T11:33:40] PARAM method=Static_1500
[2026-07-24T11:33:40] METRIC mae_bytes=1630.02
[2026-07-24T11:33:40] METRIC throughput_gbps=6.6952
[2026-07-24T11:33:40] METRIC latency_ms=16.5381
[2026-07-24T11:33:40] RUN_END status=OK
[2026-07-24T11:36:57] RUN_START run_id=BASE_Static_1500_130
[2026-07-24T11:36:57] PARAM method=Static_1500
[2026-07-24T11:36:57] METRIC mae_bytes=1501.27
[2026-07-24T11:36:57] METRIC throughput_gbps=6.8759
[2026-07-24T11:36:57] METRIC latency_ms=14.9171
[2026-07-24T11:36:57] RUN_END status=OK
