[2026-07-24T14:16:14] RUN_START run_id=BASE_PMTUD_heuristic_009
[2026-07-24T14:16:14] PARAM method=PMTUD_heuristic
[2026-07-24T14:16:14] METRIC mae_bytes=277.54
[2026-07-24T14:16:14] METRIC throughput_gbps=7.8107
[2026-07-24T14:16:14] METRIC latency_ms=13.3223
[2026-07-24T14:16:14] RUN_END status=OK
[2026-07-24T14:17:04] RUN_START run_id=BASE_PMTUD_heuristic_010
[2026-07-24T14:17:04] PARAM method=PMTUD_heuristic
[2026-07-24T14:17:04] METRIC mae_bytes=264.44
[2026-07-24T14:17:04] METRIC throughput_gbps=8.1994
[2026-07-24T14:17:04] METRIC latency_ms=15.4817
[2026-07-24T14:17:04] RUN_END status=OK
[2026-07-24T14:19:40] RUN_START run_id=BASE_PMTUD_heuristic_011
[2026-07-24T14:19:40] PARAM method=PMTUD_heuristic
[2026-07-24T14:19:40] METRIC mae_bytes=248.51
[2026-07-24T14:19:40] METRIC throughput_gbps=8.3388
[2026-07-24T14:19:40] METRIC latency_ms=14.342
[2026-07-24T14:19:40] RUN_END status=OK
[2026-07-24T14:23:11] RUN_START run_id=BASE_PMTUD_heuristic_012
[2026-07-24T14:23:11] PARAM method=PMTUD_heuristic
[2026-07-24T14:23:11] METRIC mae_bytes=275.9
[2026-07-24T14:23:11] METRIC throughput_gbps=7.3309
[2026-07-24T14:23:11] METRIC latency_ms=13.7871
[2026-07-24T14:23:11] RUN_END status=OK
[2026-07-24T14:25:45] RUN_START run_id=BASE_PMTUD_heuristic_013
[2026-07-24T14:25:45] PARAM method=PMTUD_heuristic
[2026-07-24T14:25:45] METRIC mae_bytes=247.42
[2026-07-24T14:25:45] METRIC throughput_gbps=7.7405
[2026-07-24T14:25:45] METRIC latency_ms=14.3106
[2026-07-24T14:25:45] RUN_END status=OK
[2026-07-24T14:29:59] RUN_START run_id=BASE_PMTUD_heuristic_014
[2026-07-24T14:29:59] PARAM method=PMTUD_heuristic
[2026-07-24T14:29:59] METRIC mae_bytes=271.19
[2026-07-24T14:29:59] METRIC throughput_gbps=7.6163
[2026-07-24T14:29:59] METRIC latency_ms=13.9295
[2026-07-24T14:29:59] RUN_END status=OK
[2026-07-24T14:34:35] RUN_START run_id=BASE_PMTUD_heuristic_015
[2026-07-24T14:34:35] PARAM method=PMTUD_heuristic
[2026-07-24T14:34:35] METRIC mae_bytes=305.9
[2026-07-24T14:34:35] METRIC throughput_gbps=7.5177
[2026-07-24T14:34:35] METRIC latency_ms=14.1204
[2026-07-24T14:34:35] RUN_END status=OK
[2026-07-24T14:35:36] RUN_START run_id=BASE_PMTUD_heuristic_016
[2026-07-24T14:35:36] PARAM method=PMTUD_heuristic
[2026-07-24T14:35:36] METRIC mae_bytes=281.43
[2026-07-24T14:35:36] METRIC throughput_gbps=8.1068
[2026-07-24T14:35:36] METRIC latency_ms=13.0485
[2026-07-24T14:35:36] RUN_END status=OK
[2026-07-24T14:40:43] RUN_START run_id=BASE_PMTUD_heuristic_017
[2026-07-24T14:40:43] PARAM method=PMTUD_heuristic
[2026-07-24T14:40:43] METRIC mae_bytes=316.59
[2026-07-24T14:40:43] METRIC throughput_gbps=7.5613
[2026-07-24T14:40:43] METRIC latency_ms=14.1174
[2026-07-24T14:40:43] RUN_END status=OK
[2026-07-24T14:44:30] RUN_START run_id=BASE_PMTUD_heuristic_018
[2026-07-24T14:44:30] PARAM method=PMTUD_heuristic
[2026-07-24T14:44:30] METRIC mae_bytes=250.88
[2026-07-24T14:44:30] METRIC throughput_gbps=7.8479
[2026-07-24T14:44:30] METRIC latency_ms=14.0171
[2026-07-24T14:44:30] RUN_END status=OK
[2026-07-24T14:45:29] RUN_START run_id=BASE_PMTUD_heuristic_019
[2026-07-24T14:45:29] PARAM method=PMTUD_heuristic
[2026-07-24T14:45:29] METRIC mae_bytes=275.49
[2026-07-24T14:45:29] METRIC throughput_gbps=7.7805
[2026-07-24T14:45:29] METRIC latency_ms=14.7107
[2026-07-24T14:45:29] RUN_END status=OK
[2026-07-24T14:47:11] RUN_START run_id=BASE_PMTUD_heuristic_020
[2026-07-24T14:47:11] PARAM method=PMTUD_heuristic
[2026-07-24T14:47:11] METRIC mae_bytes=331.68
[2026-07-24T14:47:11] METRIC throughput_gbps=7.6103
[2026-07-24T14:47:11] METRIC latency_ms=13.8243
[2026-07-24T14:47:11] RUN_END status=OK
[2026-07-24T14:48:00] RUN_START run_id=04_mtu_baseline_comparison_DISCARDED_0050
[2026-07-24T14:48:00] RUN_ABORTED reason=binary_search_no_convergence: calibration script exceeded step budget (576-9000B @ 8B step) without stable peak goodput
