[2026-07-22T17:26:31] RUN_START run_id=BASE_Random_forest_102
[2026-07-22T17:26:31] PARAM method=Random_forest
[2026-07-22T17:26:31] METRIC mae_bytes=182.41
[2026-07-22T17:26:31] METRIC throughput_gbps=7.9651
[2026-07-22T17:26:31] METRIC latency_ms=13.6067
[2026-07-22T17:26:31] RUN_END status=OK
[2026-07-22T17:30:04] RUN_START run_id=BASE_Random_forest_103
[2026-07-22T17:30:04] PARAM method=Random_forest
[2026-07-22T17:30:04] METRIC mae_bytes=163.94
[2026-07-22T17:30:04] METRIC throughput_gbps=8.5699
[2026-07-22T17:30:04] METRIC latency_ms=12.9374
[2026-07-22T17:30:04] RUN_END status=OK
[2026-07-22T17:32:08] RUN_START run_id=BASE_Random_forest_104
[2026-07-22T17:32:08] PARAM method=Random_forest
[2026-07-22T17:32:08] METRIC mae_bytes=169.3
[2026-07-22T17:32:08] METRIC throughput_gbps=8.3476
[2026-07-22T17:32:08] METRIC latency_ms=12.5981
[2026-07-22T17:32:08] RUN_END status=OK
[2026-07-22T17:34:04] RUN_START run_id=BASE_Random_forest_105
[2026-07-22T17:34:04] PARAM method=Random_forest
[2026-07-22T17:34:04] METRIC mae_bytes=171.86
[2026-07-22T17:34:04] METRIC throughput_gbps=8.247
[2026-07-22T17:34:04] METRIC latency_ms=13.0132
[2026-07-22T17:34:04] RUN_END status=OK
[2026-07-22T17:35:28] RUN_START run_id=BASE_Random_forest_106
[2026-07-22T17:35:28] PARAM method=Random_forest
[2026-07-22T17:35:28] METRIC mae_bytes=165.66
[2026-07-22T17:35:28] METRIC throughput_gbps=8.4423
[2026-07-22T17:35:28] METRIC latency_ms=14.2646
[2026-07-22T17:35:28] RUN_END status=OK
[2026-07-22T17:37:14] RUN_START run_id=BASE_Random_forest_107
[2026-07-22T17:37:14] PARAM method=Random_forest
[2026-07-22T17:37:14] METRIC mae_bytes=172.14
[2026-07-22T17:37:14] METRIC throughput_gbps=8.4418
[2026-07-22T17:37:14] METRIC latency_ms=12.1201
[2026-07-22T17:37:14] RUN_END status=OK
[2026-07-22T17:39:56] RUN_START run_id=BASE_Random_forest_108
[2026-07-22T17:39:56] PARAM method=Random_forest
[2026-07-22T17:39:56] METRIC mae_bytes=168.53
[2026-07-22T17:39:56] METRIC throughput_gbps=8.5645
[2026-07-22T17:39:56] METRIC latency_ms=12.1323
[2026-07-22T17:39:56] RUN_END status=OK
[2026-07-22T17:40:38] RUN_START run_id=BASE_Random_forest_109
[2026-07-22T17:40:38] PARAM method=Random_forest
[2026-07-22T17:40:38] METRIC mae_bytes=192.6
[2026-07-22T17:40:38] METRIC throughput_gbps=8.1868
[2026-07-22T17:40:38] METRIC latency_ms=12.777
[2026-07-22T17:40:38] RUN_END status=OK
[2026-07-22T17:43:03] RUN_START run_id=BASE_Random_forest_110
[2026-07-22T17:43:03] PARAM method=Random_forest
[2026-07-22T17:43:03] METRIC mae_bytes=150.42
[2026-07-22T17:43:03] METRIC throughput_gbps=8.1524
[2026-07-22T17:43:03] METRIC latency_ms=14.0353
[2026-07-22T17:43:03] RUN_END status=OK
[2026-07-22T17:46:34] RUN_START run_id=BASE_Random_forest_111
[2026-07-22T17:46:34] PARAM method=Random_forest
[2026-07-22T17:46:34] METRIC mae_bytes=167.6
[2026-07-22T17:46:34] METRIC throughput_gbps=7.8633
[2026-07-22T17:46:34] METRIC latency_ms=13.7293
[2026-07-22T17:46:34] RUN_END status=OK
[2026-07-22T17:51:40] RUN_START run_id=BASE_Random_forest_112
[2026-07-22T17:51:40] PARAM method=Random_forest
[2026-07-22T17:51:40] METRIC mae_bytes=170.05
[2026-07-22T17:51:40] METRIC throughput_gbps=7.8625
[2026-07-22T17:51:40] METRIC latency_ms=12.5091
[2026-07-22T17:51:40] RUN_END status=OK
[2026-07-22T17:55:22] RUN_START run_id=BASE_Random_forest_113
[2026-07-22T17:55:22] PARAM method=Random_forest
[2026-07-22T17:55:22] METRIC mae_bytes=151.01
[2026-07-22T17:55:22] METRIC throughput_gbps=7.9454
[2026-07-22T17:55:22] METRIC latency_ms=14.3257
[2026-07-22T17:55:22] RUN_END status=OK
[2026-07-22T18:01:03] RUN_START run_id=BASE_Random_forest_114
[2026-07-22T18:01:03] PARAM method=Random_forest
[2026-07-22T18:01:03] METRIC mae_bytes=165.18
[2026-07-22T18:01:03] METRIC throughput_gbps=8.0382
[2026-07-22T18:01:03] METRIC latency_ms=12.4739
[2026-07-22T18:01:03] RUN_END status=OK
[2026-07-22T19:10:14] RUN_START run_id=BASE_Random_forest_115
[2026-07-22T19:10:14] PARAM method=Random_forest
[2026-07-22T19:10:14] METRIC mae_bytes=187.74
[2026-07-22T19:10:14] METRIC throughput_gbps=8.5002
[2026-07-22T19:10:14] METRIC latency_ms=13.0101
[2026-07-22T19:10:14] RUN_END status=OK
[2026-07-22T19:14:43] RUN_START run_id=BASE_Random_forest_116
[2026-07-22T19:14:43] PARAM method=Random_forest
[2026-07-22T19:14:43] METRIC mae_bytes=141.23
[2026-07-22T19:14:43] METRIC throughput_gbps=8.5305
[2026-07-22T19:14:43] METRIC latency_ms=12.4258
[2026-07-22T19:14:43] RUN_END status=OK
[2026-07-22T19:15:46] RUN_START run_id=BASE_Random_forest_117
[2026-07-22T19:15:46] PARAM method=Random_forest
[2026-07-22T19:15:46] METRIC mae_bytes=164.44
[2026-07-22T19:15:46] METRIC throughput_gbps=8.3681
[2026-07-22T19:15:46] METRIC latency_ms=12.957
[2026-07-22T19:15:46] RUN_END status=OK
[2026-07-22T19:16:40] RUN_START run_id=BASE_Random_forest_118
[2026-07-22T19:16:40] PARAM method=Random_forest
[2026-07-22T19:16:40] METRIC mae_bytes=157.08
[2026-07-22T19:16:40] METRIC throughput_gbps=8.163
[2026-07-22T19:16:40] METRIC latency_ms=12.7494
[2026-07-22T19:16:40] RUN_END status=OK
[2026-07-22T19:18:45] RUN_START run_id=BASE_Random_forest_119
[2026-07-22T19:18:45] PARAM method=Random_forest
[2026-07-22T19:18:45] METRIC mae_bytes=151.71
[2026-07-22T19:18:45] METRIC throughput_gbps=8.3646
[2026-07-22T19:18:45] METRIC latency_ms=12.5557
[2026-07-22T19:18:45] RUN_END status=OK
[2026-07-22T19:22:35] RUN_START run_id=BASE_Random_forest_120
[2026-07-22T19:22:35] PARAM method=Random_forest
[2026-07-22T19:22:35] METRIC mae_bytes=158.09
[2026-07-22T19:22:35] METRIC throughput_gbps=8.393
[2026-07-22T19:22:35] METRIC latency_ms=13.708
[2026-07-22T19:22:35] RUN_END status=OK
[2026-07-22T19:28:17] RUN_START run_id=BASE_Random_forest_121
[2026-07-22T19:28:17] PARAM method=Random_forest
[2026-07-22T19:28:17] METRIC mae_bytes=166.8
[2026-07-22T19:28:17] METRIC throughput_gbps=8.0391
[2026-07-22T19:28:17] METRIC latency_ms=12.0649
[2026-07-22T19:28:17] RUN_END status=OK
