[2026-07-07T02:20:43] RUN_START run_id=BASE_Static_9000_104
[2026-07-07T02:20:43] PARAM method=Static_9000
[2026-07-07T02:20:43] METRIC mae_bytes=1281.87
[2026-07-07T02:20:43] METRIC throughput_gbps=7.3937
[2026-07-07T02:20:43] METRIC latency_ms=14.7327
[2026-07-07T02:20:43] RUN_END status=OK
[2026-07-07T02:23:48] RUN_START run_id=BASE_Static_9000_105
[2026-07-07T02:23:48] PARAM method=Static_9000
[2026-07-07T02:23:48] METRIC mae_bytes=1318.3
[2026-07-07T02:23:48] METRIC throughput_gbps=7.9728
[2026-07-07T02:23:48] METRIC latency_ms=15.41
[2026-07-07T02:23:48] RUN_END status=OK
[2026-07-07T02:24:52] RUN_START run_id=BASE_Static_9000_106
[2026-07-07T02:24:52] PARAM method=Static_9000
[2026-07-07T02:24:52] METRIC mae_bytes=1225.25
[2026-07-07T02:24:52] METRIC throughput_gbps=7.2153
[2026-07-07T02:24:52] METRIC latency_ms=13.6595
[2026-07-07T02:24:52] RUN_END status=OK
[2026-07-07T02:27:53] RUN_START run_id=BASE_Static_9000_107
[2026-07-07T02:27:53] PARAM method=Static_9000
[2026-07-07T02:27:53] METRIC mae_bytes=1100.58
[2026-07-07T02:27:53] METRIC throughput_gbps=7.0426
[2026-07-07T02:27:53] METRIC latency_ms=15.8883
[2026-07-07T02:27:53] RUN_END status=OK
[2026-07-07T02:31:12] RUN_START run_id=BASE_Static_9000_108
[2026-07-07T02:31:12] PARAM method=Static_9000
[2026-07-07T02:31:12] METRIC mae_bytes=1086.5
[2026-07-07T02:31:12] METRIC throughput_gbps=7.8237
[2026-07-07T02:31:12] METRIC latency_ms=13.7525
[2026-07-07T02:31:12] RUN_END status=OK
[2026-07-07T02:34:26] RUN_START run_id=BASE_Static_9000_109
[2026-07-07T02:34:26] PARAM method=Static_9000
[2026-07-07T02:34:26] METRIC mae_bytes=1039.97
[2026-07-07T02:34:26] METRIC throughput_gbps=7.7946
[2026-07-07T02:34:26] METRIC latency_ms=13.751
[2026-07-07T02:34:26] RUN_END status=OK
[2026-07-07T02:39:06] RUN_START run_id=BASE_Static_9000_110
[2026-07-07T02:39:06] PARAM method=Static_9000
[2026-07-07T02:39:06] METRIC mae_bytes=1212.41
[2026-07-07T02:39:06] METRIC throughput_gbps=7.9907
[2026-07-07T02:39:06] METRIC latency_ms=15.1876
[2026-07-07T02:39:06] RUN_END status=OK
[2026-07-07T02:40:38] RUN_START run_id=BASE_Static_9000_111
[2026-07-07T02:40:38] PARAM method=Static_9000
[2026-07-07T02:40:38] METRIC mae_bytes=1295.04
[2026-07-07T02:40:38] METRIC throughput_gbps=7.4814
[2026-07-07T02:40:38] METRIC latency_ms=15.8355
[2026-07-07T02:40:38] RUN_END status=OK
[2026-07-07T02:41:58] RUN_START run_id=BASE_Static_9000_112
[2026-07-07T02:41:58] PARAM method=Static_9000
[2026-07-07T02:41:58] METRIC mae_bytes=1146.21
[2026-07-07T02:41:58] METRIC throughput_gbps=7.6488
[2026-07-07T02:41:58] METRIC latency_ms=14.9412
[2026-07-07T02:41:58] RUN_END status=OK
[2026-07-07T02:42:41] RUN_START run_id=BASE_Static_9000_113
[2026-07-07T02:42:41] PARAM method=Static_9000
[2026-07-07T02:42:41] METRIC mae_bytes=1175.91
[2026-07-07T02:42:41] METRIC throughput_gbps=7.5695
[2026-07-07T02:42:41] METRIC latency_ms=15.6998
[2026-07-07T02:42:41] RUN_END status=OK
[2026-07-07T02:46:19] RUN_START run_id=BASE_Static_9000_114
[2026-07-07T02:46:19] PARAM method=Static_9000
[2026-07-07T02:46:19] METRIC mae_bytes=1233.58
[2026-07-07T02:46:19] METRIC throughput_gbps=7.804
[2026-07-07T02:46:19] METRIC latency_ms=16.0776
[2026-07-07T02:46:19] RUN_END status=OK
[2026-07-08T05:16:22] RUN_START run_id=BASE_Static_9000_115
[2026-07-08T05:16:22] PARAM method=Static_9000
[2026-07-08T05:16:22] METRIC mae_bytes=1212.17
[2026-07-08T05:16:22] METRIC throughput_gbps=7.6436
[2026-07-08T05:16:22] METRIC latency_ms=15.3125
[2026-07-08T05:16:22] RUN_END status=OK
[2026-07-08T05:17:28] RUN_START run_id=BASE_Static_9000_116
[2026-07-08T05:17:28] PARAM method=Static_9000
[2026-07-08T05:17:28] METRIC mae_bytes=1279.82
[2026-07-08T05:17:28] METRIC throughput_gbps=7.6708
[2026-07-08T05:17:28] METRIC latency_ms=16.2959
[2026-07-08T05:17:28] RUN_END status=OK
[2026-07-08T05:18:45] RUN_START run_id=BASE_Static_9000_117
[2026-07-08T05:18:45] PARAM method=Static_9000
[2026-07-08T05:18:45] METRIC mae_bytes=1176.01
[2026-07-08T05:18:45] METRIC throughput_gbps=7.7022
[2026-07-08T05:18:45] METRIC latency_ms=16.0377
[2026-07-08T05:18:45] RUN_END status=OK
[2026-07-08T05:21:34] RUN_START run_id=BASE_Static_9000_118
[2026-07-08T05:21:34] PARAM method=Static_9000
[2026-07-08T05:21:34] METRIC mae_bytes=1186.87
[2026-07-08T05:21:34] METRIC throughput_gbps=7.6466
[2026-07-08T05:21:34] METRIC latency_ms=14.7319
[2026-07-08T05:21:34] RUN_END status=OK
[2026-07-08T05:24:51] RUN_START run_id=BASE_Static_9000_119
[2026-07-08T05:24:51] PARAM method=Static_9000
[2026-07-08T05:24:51] METRIC mae_bytes=1199.82
[2026-07-08T05:24:51] METRIC throughput_gbps=7.4116
[2026-07-08T05:24:51] METRIC latency_ms=14.3364
[2026-07-08T05:24:51] RUN_END status=OK
[2026-07-08T05:25:57] RUN_START run_id=BASE_Static_9000_120
[2026-07-08T05:25:57] PARAM method=Static_9000
[2026-07-08T05:25:57] METRIC mae_bytes=1372.62
[2026-07-08T05:25:57] METRIC throughput_gbps=7.8173
[2026-07-08T05:25:57] METRIC latency_ms=14.655
[2026-07-08T05:25:57] RUN_END status=OK
