[2026-09-15T10:00:00] RUN_START run_id=ML_FP32_original_01
[2026-09-15T10:00:00] PARAM model_type=FP32_original
[2026-09-15T10:00:00] PARAM sensor=Adafruit_INA219
[2026-09-15T10:00:00] METRIC model_size_kb=842
[2026-09-15T10:00:00] METRIC inference_time_ms=5.0135
[2026-09-15T10:00:00] METRIC memory_usage_mb=7.168
[2026-09-15T10:00:00] METRIC total_power_mw=126.979
[2026-09-15T10:00:00] METRIC dram_power_mw=67.417
[2026-09-15T10:00:00] METRIC cpu_active_power_mw=33.559
[2026-09-15T10:00:00] METRIC static_leakage_power_mw=25.576
[2026-09-15T10:00:00] METRIC sample_rate_hz=10
[2026-09-15T10:00:00] RUN_END status=OK
[2026-09-15T10:00:00] RUN_START run_id=ML_INT8_quantized_01
[2026-09-15T10:00:00] PARAM model_type=INT8_quantized
[2026-09-15T10:00:00] PARAM sensor=Adafruit_INA219
[2026-09-15T10:00:00] METRIC model_size_kb=212
[2026-09-15T10:00:00] METRIC inference_time_ms=1.8557
[2026-09-15T10:00:00] METRIC memory_usage_mb=2.124
[2026-09-15T10:00:00] METRIC total_power_mw=43.122
[2026-09-15T10:00:00] METRIC dram_power_mw=17.235
[2026-09-15T10:00:00] METRIC cpu_active_power_mw=12.313
[2026-09-15T10:00:00] METRIC static_leakage_power_mw=13.407
[2026-09-15T10:00:00] METRIC sample_rate_hz=10
[2026-09-15T10:00:00] RUN_END status=OK
[2026-09-15T10:01:00] RUN_START run_id=ML_FP32_original_02
[2026-09-15T10:01:00] PARAM model_type=FP32_original
[2026-09-15T10:01:00] PARAM sensor=Adafruit_INA219
[2026-09-15T10:01:00] METRIC model_size_kb=842
[2026-09-15T10:01:00] METRIC inference_time_ms=4.9233
[2026-09-15T10:01:00] METRIC memory_usage_mb=7.328
[2026-09-15T10:01:00] METRIC total_power_mw=126.555
[2026-09-15T10:01:00] METRIC dram_power_mw=66.797
[2026-09-15T10:01:00] METRIC cpu_active_power_mw=35.798
[2026-09-15T10:01:00] METRIC static_leakage_power_mw=25.355
[2026-09-15T10:01:00] METRIC sample_rate_hz=10
[2026-09-15T10:01:00] RUN_END status=OK
[2026-09-15T10:02:09] RUN_START run_id=ML_FP32_original_03
[2026-09-15T10:02:09] PARAM model_type=FP32_original
[2026-09-15T10:02:09] PARAM sensor=Adafruit_INA219
[2026-09-15T10:02:09] METRIC model_size_kb=842
[2026-09-15T10:02:09] METRIC inference_time_ms=5.2337
[2026-09-15T10:02:09] METRIC memory_usage_mb=7.462
[2026-09-15T10:02:09] METRIC total_power_mw=126.794
[2026-09-15T10:02:09] METRIC dram_power_mw=67.839
[2026-09-15T10:02:09] METRIC cpu_active_power_mw=35.892
[2026-09-15T10:02:09] METRIC static_leakage_power_mw=25.196
[2026-09-15T10:02:09] METRIC sample_rate_hz=10
[2026-09-15T10:02:09] RUN_END status=OK
[2026-09-15T10:03:37] RUN_START run_id=ML_INT8_quantized_02
[2026-09-15T10:03:37] PARAM model_type=INT8_quantized
[2026-09-15T10:03:37] PARAM sensor=Adafruit_INA219
[2026-09-15T10:03:37] METRIC model_size_kb=212
[2026-09-15T10:03:37] METRIC inference_time_ms=1.8205
[2026-09-15T10:03:37] METRIC memory_usage_mb=2.22
[2026-09-15T10:03:37] METRIC total_power_mw=41.539
[2026-09-15T10:03:37] METRIC dram_power_mw=16.504
[2026-09-15T10:03:37] METRIC cpu_active_power_mw=12.47
[2026-09-15T10:03:37] METRIC static_leakage_power_mw=12.051
[2026-09-15T10:03:37] METRIC sample_rate_hz=10
[2026-09-15T10:03:37] RUN_END status=OK
