[2026-09-15T10:10:52] RUN_START run_id=ML_FP32_original_05
[2026-09-15T10:10:52] PARAM model_type=FP32_original
[2026-09-15T10:10:52] PARAM sensor=Adafruit_INA219
[2026-09-15T10:10:52] METRIC model_size_kb=842
[2026-09-15T10:10:52] METRIC inference_time_ms=5.4084
[2026-09-15T10:10:52] METRIC memory_usage_mb=7.586
[2026-09-15T10:10:52] METRIC total_power_mw=132.53
[2026-09-15T10:10:52] METRIC dram_power_mw=69.27
[2026-09-15T10:10:52] METRIC cpu_active_power_mw=35.189
[2026-09-15T10:10:52] METRIC static_leakage_power_mw=24.396
[2026-09-15T10:10:52] METRIC sample_rate_hz=10
[2026-09-15T10:10:52] RUN_END status=OK
[2026-09-15T10:11:49] RUN_START run_id=ML_FP32_original_06
[2026-09-15T10:11:49] PARAM model_type=FP32_original
[2026-09-15T10:11:49] PARAM sensor=Adafruit_INA219
[2026-09-15T10:11:49] METRIC model_size_kb=842
[2026-09-15T10:11:49] METRIC inference_time_ms=4.9936
[2026-09-15T10:11:49] METRIC memory_usage_mb=7.589
[2026-09-15T10:11:49] METRIC total_power_mw=122.009
[2026-09-15T10:11:49] METRIC dram_power_mw=66.654
[2026-09-15T10:11:49] METRIC cpu_active_power_mw=35.978
[2026-09-15T10:11:49] METRIC static_leakage_power_mw=23.914
[2026-09-15T10:11:49] METRIC sample_rate_hz=10
[2026-09-15T10:11:49] RUN_END status=OK
[2026-09-15T10:12:11] RUN_START run_id=ML_INT8_quantized_07
[2026-09-15T10:12:11] PARAM model_type=INT8_quantized
[2026-09-15T10:12:11] PARAM sensor=Adafruit_INA219
[2026-09-15T10:12:11] METRIC model_size_kb=212
[2026-09-15T10:12:11] METRIC inference_time_ms=1.9752
[2026-09-15T10:12:11] METRIC memory_usage_mb=2.24
[2026-09-15T10:12:11] METRIC total_power_mw=41.106
[2026-09-15T10:12:11] METRIC dram_power_mw=17.013
[2026-09-15T10:12:11] METRIC cpu_active_power_mw=12.58
[2026-09-15T10:12:11] METRIC static_leakage_power_mw=12.762
[2026-09-15T10:12:11] METRIC sample_rate_hz=10
[2026-09-15T10:12:11] RUN_END status=OK
[2026-09-15T10:12:44] RUN_START run_id=ML_FP32_original_07
[2026-09-15T10:12:44] PARAM model_type=FP32_original
[2026-09-15T10:12:44] PARAM sensor=Adafruit_INA219
[2026-09-15T10:12:44] METRIC model_size_kb=842
[2026-09-15T10:12:44] METRIC inference_time_ms=5.3994
[2026-09-15T10:12:44] METRIC memory_usage_mb=7.236
[2026-09-15T10:12:44] METRIC total_power_mw=130.321
[2026-09-15T10:12:44] METRIC dram_power_mw=72.088
[2026-09-15T10:12:44] METRIC cpu_active_power_mw=36.294
[2026-09-15T10:12:44] METRIC static_leakage_power_mw=25.32
[2026-09-15T10:12:44] METRIC sample_rate_hz=10
[2026-09-15T10:12:44] RUN_END status=OK
[2026-09-15T10:14:07] RUN_START run_id=ML_INT8_quantized_08
[2026-09-15T10:14:07] PARAM model_type=INT8_quantized
[2026-09-15T10:14:07] PARAM sensor=Adafruit_INA219
[2026-09-15T10:14:07] METRIC model_size_kb=212
[2026-09-15T10:14:07] METRIC inference_time_ms=1.7574
[2026-09-15T10:14:07] METRIC memory_usage_mb=2.052
[2026-09-15T10:14:07] METRIC total_power_mw=43.09
[2026-09-15T10:14:07] METRIC dram_power_mw=16.287
[2026-09-15T10:14:07] METRIC cpu_active_power_mw=12.033
[2026-09-15T10:14:07] METRIC static_leakage_power_mw=13.153
[2026-09-15T10:14:07] METRIC sample_rate_hz=10
[2026-09-15T10:14:07] RUN_END status=OK
[2026-09-15T12:27:48] RUN_START run_id=ML_INT8_quantized_09
[2026-09-15T12:27:48] PARAM model_type=INT8_quantized
[2026-09-15T12:27:48] PARAM sensor=Adafruit_INA219
[2026-09-15T12:27:48] METRIC model_size_kb=212
[2026-09-15T12:27:48] METRIC inference_time_ms=1.8787
[2026-09-15T12:27:48] METRIC memory_usage_mb=2.239
[2026-09-15T12:27:48] METRIC total_power_mw=39.058
[2026-09-15T12:27:48] METRIC dram_power_mw=17.429
[2026-09-15T12:27:48] METRIC cpu_active_power_mw=12.743
[2026-09-15T12:27:48] METRIC static_leakage_power_mw=13.438
[2026-09-15T12:27:48] METRIC sample_rate_hz=10
[2026-09-15T12:27:48] RUN_END status=OK
