[2026-08-08T19:25:54] RUN_START run_id=LINKSENS_NFD_149
[2026-08-08T19:25:54] PARAM implementation=NFD
[2026-08-08T19:25:54] METRIC link_bandwidth_gbps=10.0
[2026-08-08T19:25:54] METRIC base_rtt_ms=5.0
[2026-08-08T19:25:54] METRIC packet_loss_pct=2.9867
[2026-08-08T19:25:54] METRIC retransmission_count=13
[2026-08-08T19:25:54] METRIC throughput_gbps=2.2149
[2026-08-08T19:25:54] METRIC latency_ms=21.4092
[2026-08-08T19:25:54] RUN_END status=OK
[2026-08-08T19:28:17] RUN_START run_id=LINKSENS_NFD_150
[2026-08-08T19:28:17] PARAM implementation=NFD
[2026-08-08T19:28:17] METRIC link_bandwidth_gbps=10.0
[2026-08-08T19:28:17] METRIC base_rtt_ms=5.0
[2026-08-08T19:28:17] METRIC packet_loss_pct=3.4907
[2026-08-08T19:28:17] METRIC retransmission_count=15
[2026-08-08T19:28:17] METRIC throughput_gbps=2.177
[2026-08-08T19:28:17] METRIC latency_ms=20.9449
[2026-08-08T19:28:17] RUN_END status=OK
[2026-08-09T22:48:29] RUN_START run_id=LINKSENS_CCNlite_105
[2026-08-09T22:48:29] PARAM implementation=CCNlite
[2026-08-09T22:48:29] METRIC link_bandwidth_gbps=10.0
[2026-08-09T22:48:29] METRIC base_rtt_ms=5.0
[2026-08-09T22:48:29] METRIC packet_loss_pct=1.3027
[2026-08-09T22:48:29] METRIC retransmission_count=7
[2026-08-09T22:48:29] METRIC throughput_gbps=2.2548
[2026-08-09T22:48:29] METRIC latency_ms=18.3772
[2026-08-09T22:48:29] RUN_END status=OK
[2026-08-09T22:51:36] RUN_START run_id=LINKSENS_CCNlite_106
[2026-08-09T22:51:36] PARAM implementation=CCNlite
[2026-08-09T22:51:36] METRIC link_bandwidth_gbps=10.0
[2026-08-09T22:51:36] METRIC base_rtt_ms=5.0
[2026-08-09T22:51:36] METRIC packet_loss_pct=4.9021
[2026-08-09T22:51:36] METRIC retransmission_count=8
[2026-08-09T22:51:36] METRIC throughput_gbps=1.5991
[2026-08-09T22:51:36] METRIC latency_ms=23.5934
[2026-08-09T22:51:36] RUN_END status=OK
[2026-08-09T22:52:16] RUN_START run_id=LINKSENS_CCNlite_107
[2026-08-09T22:52:16] PARAM implementation=CCNlite
[2026-08-09T22:52:16] METRIC link_bandwidth_gbps=10.0
[2026-08-09T22:52:16] METRIC base_rtt_ms=5.0
[2026-08-09T22:52:16] METRIC packet_loss_pct=3.621
[2026-08-09T22:52:16] METRIC retransmission_count=15
[2026-08-09T22:52:16] METRIC throughput_gbps=1.7646
[2026-08-09T22:52:16] METRIC latency_ms=22.246
[2026-08-09T22:52:16] RUN_END status=OK
[2026-08-09T22:57:00] RUN_START run_id=LINKSENS_CCNlite_108
[2026-08-09T22:57:00] PARAM implementation=CCNlite
[2026-08-09T22:57:00] METRIC link_bandwidth_gbps=10.0
[2026-08-09T22:57:00] METRIC base_rtt_ms=5.0
[2026-08-09T22:57:00] METRIC packet_loss_pct=1.3833
[2026-08-09T22:57:00] METRIC retransmission_count=5
[2026-08-09T22:57:00] METRIC throughput_gbps=2.102
[2026-08-09T22:57:00] METRIC latency_ms=18.4847
[2026-08-09T22:57:00] RUN_END status=OK
[2026-08-09T22:58:46] RUN_START run_id=LINKSENS_CCNlite_109
[2026-08-09T22:58:46] PARAM implementation=CCNlite
[2026-08-09T22:58:46] METRIC link_bandwidth_gbps=10.0
[2026-08-09T22:58:46] METRIC base_rtt_ms=5.0
[2026-08-09T22:58:46] METRIC packet_loss_pct=1.3149
[2026-08-09T22:58:46] METRIC retransmission_count=8
[2026-08-09T22:58:46] METRIC throughput_gbps=2.2023
[2026-08-09T22:58:46] METRIC latency_ms=18.9992
[2026-08-09T22:58:46] RUN_END status=OK
[2026-08-09T23:00:20] RUN_START run_id=LINKSENS_CCNlite_110
[2026-08-09T23:00:20] PARAM implementation=CCNlite
[2026-08-09T23:00:20] METRIC link_bandwidth_gbps=10.0
[2026-08-09T23:00:20] METRIC base_rtt_ms=5.0
[2026-08-09T23:00:20] METRIC packet_loss_pct=3.2591
[2026-08-09T23:00:20] METRIC retransmission_count=10
[2026-08-09T23:00:20] METRIC throughput_gbps=1.9075
[2026-08-09T23:00:20] METRIC latency_ms=21.5887
[2026-08-09T23:00:20] RUN_END status=OK
[2026-08-09T23:02:19] RUN_START run_id=LINKSENS_CCNlite_111
[2026-08-09T23:02:19] PARAM implementation=CCNlite
[2026-08-09T23:02:19] METRIC link_bandwidth_gbps=10.0
[2026-08-09T23:02:19] METRIC base_rtt_ms=5.0
[2026-08-09T23:02:19] METRIC packet_loss_pct=4.7059
[2026-08-09T23:02:19] METRIC retransmission_count=21
[2026-08-09T23:02:19] METRIC throughput_gbps=1.7337
[2026-08-09T23:02:19] METRIC latency_ms=23.9298
[2026-08-09T23:02:19] RUN_END status=OK
[2026-08-09T23:04:46] RUN_START run_id=LINKSENS_CCNlite_112
[2026-08-09T23:04:46] PARAM implementation=CCNlite
[2026-08-09T23:04:46] METRIC link_bandwidth_gbps=10.0
[2026-08-09T23:04:46] METRIC base_rtt_ms=5.0
[2026-08-09T23:04:46] METRIC packet_loss_pct=4.9804
[2026-08-09T23:04:46] METRIC retransmission_count=13
[2026-08-09T23:04:46] METRIC throughput_gbps=1.6918
[2026-08-09T23:04:46] METRIC latency_ms=23.3858
[2026-08-09T23:04:46] RUN_END status=OK
