[2026-08-05T17:03:47] RUN_START run_id=LINKSENS_CCNlite_002
[2026-08-05T17:03:47] PARAM implementation=CCNlite
[2026-08-05T17:03:47] METRIC link_bandwidth_gbps=10.0
[2026-08-05T17:03:47] METRIC base_rtt_ms=5.0
[2026-08-05T17:03:47] METRIC packet_loss_pct=2.8574
[2026-08-05T17:03:47] METRIC retransmission_count=14
[2026-08-05T17:03:47] METRIC throughput_gbps=1.8742
[2026-08-05T17:03:47] METRIC latency_ms=20.7017
[2026-08-05T17:03:47] RUN_END status=OK
[2026-08-05T17:04:09] RUN_START run_id=LINKSENS_CCNlite_003
[2026-08-05T17:04:09] PARAM implementation=CCNlite
[2026-08-05T17:04:09] METRIC link_bandwidth_gbps=10.0
[2026-08-05T17:04:09] METRIC base_rtt_ms=5.0
[2026-08-05T17:04:09] METRIC packet_loss_pct=2.8172
[2026-08-05T17:04:09] METRIC retransmission_count=11
[2026-08-05T17:04:09] METRIC throughput_gbps=1.8809
[2026-08-05T17:04:09] METRIC latency_ms=21.6449
[2026-08-05T17:04:09] RUN_END status=OK
[2026-08-05T17:06:23] RUN_START run_id=LINKSENS_CCNlite_004
[2026-08-05T17:06:23] PARAM implementation=CCNlite
[2026-08-05T17:06:23] METRIC link_bandwidth_gbps=10.0
[2026-08-05T17:06:23] METRIC base_rtt_ms=5.0
[2026-08-05T17:06:23] METRIC packet_loss_pct=3.3165
[2026-08-05T17:06:23] METRIC retransmission_count=13
[2026-08-05T17:06:23] METRIC throughput_gbps=1.9496
[2026-08-05T17:06:23] METRIC latency_ms=20.9878
[2026-08-05T17:06:23] RUN_END status=OK
[2026-08-05T17:09:38] RUN_START run_id=LINKSENS_CCNlite_005
[2026-08-05T17:09:38] PARAM implementation=CCNlite
[2026-08-05T17:09:38] METRIC link_bandwidth_gbps=10.0
[2026-08-05T17:09:38] METRIC base_rtt_ms=5.0
[2026-08-05T17:09:38] METRIC packet_loss_pct=4.021
[2026-08-05T17:09:38] METRIC retransmission_count=9
[2026-08-05T17:09:38] METRIC throughput_gbps=1.7242
[2026-08-05T17:09:38] METRIC latency_ms=22.1976
[2026-08-05T17:09:38] RUN_END status=OK
[2026-08-05T17:10:45] RUN_START run_id=LINKSENS_CCNlite_006
[2026-08-05T17:10:45] PARAM implementation=CCNlite
[2026-08-05T17:10:45] METRIC link_bandwidth_gbps=10.0
[2026-08-05T17:10:45] METRIC base_rtt_ms=5.0
[2026-08-05T17:10:45] METRIC packet_loss_pct=0.3167
[2026-08-05T17:10:45] METRIC retransmission_count=0
[2026-08-05T17:10:45] METRIC throughput_gbps=2.3453
[2026-08-05T17:10:45] METRIC latency_ms=17.4518
[2026-08-05T17:10:45] RUN_END status=OK
[2026-08-05T17:11:50] RUN_START run_id=LINKSENS_CCNlite_007
[2026-08-05T17:11:50] PARAM implementation=CCNlite
[2026-08-05T17:11:50] METRIC link_bandwidth_gbps=10.0
[2026-08-05T17:11:50] METRIC base_rtt_ms=5.0
[2026-08-05T17:11:50] METRIC packet_loss_pct=4.3421
[2026-08-05T17:11:50] METRIC retransmission_count=16
[2026-08-05T17:11:50] METRIC throughput_gbps=1.7408
[2026-08-05T17:11:50] METRIC latency_ms=23.6487
[2026-08-05T17:11:50] RUN_END status=OK
[2026-08-05T17:13:25] RUN_START run_id=LINKSENS_CCNlite_008
[2026-08-05T17:13:25] PARAM implementation=CCNlite
[2026-08-05T17:13:25] METRIC link_bandwidth_gbps=10.0
[2026-08-05T17:13:25] METRIC base_rtt_ms=5.0
[2026-08-05T17:13:25] METRIC packet_loss_pct=3.35
[2026-08-05T17:13:25] METRIC retransmission_count=9
[2026-08-05T17:13:25] METRIC throughput_gbps=1.789
[2026-08-05T17:13:25] METRIC latency_ms=20.6255
[2026-08-05T17:13:25] RUN_END status=OK
[2026-08-05T17:16:18] RUN_START run_id=LINKSENS_CCNlite_009
[2026-08-05T17:16:18] PARAM implementation=CCNlite
[2026-08-05T17:16:18] METRIC link_bandwidth_gbps=10.0
[2026-08-05T17:16:18] METRIC base_rtt_ms=5.0
[2026-08-05T17:16:18] METRIC packet_loss_pct=1.8449
[2026-08-05T17:16:18] METRIC retransmission_count=5
[2026-08-05T17:16:18] METRIC throughput_gbps=2.0804
[2026-08-05T17:16:18] METRIC latency_ms=19.9849
[2026-08-05T17:16:18] RUN_END status=OK
[2026-08-05T17:21:41] RUN_START run_id=LINKSENS_CCNlite_010
[2026-08-05T17:21:41] PARAM implementation=CCNlite
[2026-08-05T17:21:41] METRIC link_bandwidth_gbps=10.0
[2026-08-05T17:21:41] METRIC base_rtt_ms=5.0
[2026-08-05T17:21:41] METRIC packet_loss_pct=4.6671
[2026-08-05T17:21:41] METRIC retransmission_count=16
[2026-08-05T17:21:41] METRIC throughput_gbps=1.737
[2026-08-05T17:21:41] METRIC latency_ms=23.9993
[2026-08-05T17:21:41] RUN_END status=OK
[2026-08-05T17:24:26] RUN_START run_id=LINKSENS_CCNlite_011
[2026-08-05T17:24:26] PARAM implementation=CCNlite
[2026-08-05T17:24:26] METRIC link_bandwidth_gbps=10.0
[2026-08-05T17:24:26] METRIC base_rtt_ms=5.0
[2026-08-05T17:24:26] METRIC packet_loss_pct=0.2758
[2026-08-05T17:24:26] METRIC retransmission_count=3
[2026-08-05T17:24:26] METRIC throughput_gbps=2.214
[2026-08-05T17:24:26] METRIC latency_ms=18.1971
[2026-08-05T17:24:26] RUN_END status=OK
[2026-08-05T17:26:09] RUN_START run_id=LINKSENS_CCNlite_012
[2026-08-05T17:26:09] PARAM implementation=CCNlite
[2026-08-05T17:26:09] METRIC link_bandwidth_gbps=10.0
[2026-08-05T17:26:09] METRIC base_rtt_ms=5.0
[2026-08-05T17:26:09] METRIC packet_loss_pct=3.0879
[2026-08-05T17:26:09] METRIC retransmission_count=13
[2026-08-05T17:26:09] METRIC throughput_gbps=1.8562
[2026-08-05T17:26:09] METRIC latency_ms=21.5561
[2026-08-05T17:26:09] RUN_END status=OK
[2026-08-05T17:28:11] RUN_START run_id=LINKSENS_CCNlite_013
[2026-08-05T17:28:11] PARAM implementation=CCNlite
[2026-08-05T17:28:11] METRIC link_bandwidth_gbps=10.0
[2026-08-05T17:28:11] METRIC base_rtt_ms=5.0
[2026-08-05T17:28:11] METRIC packet_loss_pct=2.1975
[2026-08-05T17:28:11] METRIC retransmission_count=7
[2026-08-05T17:28:11] METRIC throughput_gbps=2.0178
[2026-08-05T17:28:11] METRIC latency_ms=19.8255
[2026-08-05T17:28:11] RUN_END status=OK
[2026-08-05T17:28:25] RUN_START run_id=LINKSENS_CCNlite_014
[2026-08-05T17:28:25] PARAM implementation=CCNlite
[2026-08-05T17:28:25] METRIC link_bandwidth_gbps=10.0
[2026-08-05T17:28:25] METRIC base_rtt_ms=5.0
[2026-08-05T17:28:25] METRIC packet_loss_pct=3.7937
[2026-08-05T17:28:25] METRIC retransmission_count=20
[2026-08-05T17:28:25] METRIC throughput_gbps=1.8182
[2026-08-05T17:28:25] METRIC latency_ms=22.1403
[2026-08-05T17:28:25] RUN_END status=OK
[2026-08-05T17:29:42] RUN_START run_id=LINKSENS_CCNlite_015
[2026-08-05T17:29:42] PARAM implementation=CCNlite
[2026-08-05T17:29:42] METRIC link_bandwidth_gbps=10.0
[2026-08-05T17:29:42] METRIC base_rtt_ms=5.0
[2026-08-05T17:29:42] METRIC packet_loss_pct=1.7727
[2026-08-05T17:29:42] METRIC retransmission_count=7
[2026-08-05T17:29:42] METRIC throughput_gbps=1.9872
[2026-08-05T17:29:42] METRIC latency_ms=20.4922
[2026-08-05T17:29:42] RUN_END status=OK
[2026-08-05T17:31:49] RUN_START run_id=LINKSENS_CCNlite_016
[2026-08-05T17:31:49] PARAM implementation=CCNlite
[2026-08-05T17:31:49] METRIC link_bandwidth_gbps=10.0
[2026-08-05T17:31:49] METRIC base_rtt_ms=5.0
[2026-08-05T17:31:49] METRIC packet_loss_pct=4.7644
[2026-08-05T17:31:49] METRIC retransmission_count=18
[2026-08-05T17:31:49] METRIC throughput_gbps=1.7503
[2026-08-05T17:31:49] METRIC latency_ms=23.1688
[2026-08-05T17:31:49] RUN_END status=OK
[2026-08-05T17:33:05] RUN_START run_id=LINKSENS_CCNlite_017
[2026-08-05T17:33:05] PARAM implementation=CCNlite
[2026-08-05T17:33:05] METRIC link_bandwidth_gbps=10.0
[2026-08-05T17:33:05] METRIC base_rtt_ms=5.0
[2026-08-05T17:33:05] METRIC packet_loss_pct=1.2389
[2026-08-05T17:33:05] METRIC retransmission_count=8
[2026-08-05T17:33:05] METRIC throughput_gbps=2.1771
[2026-08-05T17:33:05] METRIC latency_ms=18.9256
[2026-08-05T17:33:05] RUN_END status=OK
[2026-08-05T17:34:32] RUN_START run_id=LINKSENS_CCNlite_018
[2026-08-05T17:34:32] PARAM implementation=CCNlite
[2026-08-05T17:34:32] METRIC link_bandwidth_gbps=10.0
[2026-08-05T17:34:32] METRIC base_rtt_ms=5.0
[2026-08-05T17:34:32] METRIC packet_loss_pct=3.4088
[2026-08-05T17:34:32] METRIC retransmission_count=13
[2026-08-05T17:34:32] METRIC throughput_gbps=1.814
[2026-08-05T17:34:32] METRIC latency_ms=22.5651
[2026-08-05T17:34:32] RUN_END status=OK
[2026-08-05T17:36:22] RUN_START run_id=LINKSENS_CCNlite_019
[2026-08-05T17:36:22] PARAM implementation=CCNlite
[2026-08-05T17:36:22] METRIC link_bandwidth_gbps=10.0
[2026-08-05T17:36:22] METRIC base_rtt_ms=5.0
[2026-08-05T17:36:22] METRIC packet_loss_pct=1.062
[2026-08-05T17:36:22] METRIC retransmission_count=4
[2026-08-05T17:36:22] METRIC throughput_gbps=2.149
[2026-08-05T17:36:22] METRIC latency_ms=18.4949
[2026-08-05T17:36:22] RUN_END status=OK
[2026-08-05T17:37:33] RUN_START run_id=LINKSENS_CCNlite_020
[2026-08-05T17:37:33] PARAM implementation=CCNlite
[2026-08-05T17:37:33] METRIC link_bandwidth_gbps=10.0
[2026-08-05T17:37:33] METRIC base_rtt_ms=5.0
[2026-08-05T17:37:33] METRIC packet_loss_pct=2.2048
[2026-08-05T17:37:33] METRIC retransmission_count=10
[2026-08-05T17:37:33] METRIC throughput_gbps=2.0798
[2026-08-05T17:37:33] METRIC latency_ms=19.8899
[2026-08-05T17:37:33] RUN_END status=OK
[2026-08-05T17:38:34] RUN_START run_id=LINKSENS_CCNlite_021
[2026-08-05T17:38:34] PARAM implementation=CCNlite
[2026-08-05T17:38:34] METRIC link_bandwidth_gbps=10.0
[2026-08-05T17:38:34] METRIC base_rtt_ms=5.0
[2026-08-05T17:38:34] METRIC packet_loss_pct=0.6626
[2026-08-05T17:38:34] METRIC retransmission_count=5
[2026-08-05T17:38:34] METRIC throughput_gbps=2.1124
[2026-08-05T17:38:34] METRIC latency_ms=17.3605
[2026-08-05T17:38:34] RUN_END status=OK
