[2026-08-03T14:03:02] RUN_START run_id=LINKSENS_NFD_037
[2026-08-03T14:03:02] PARAM implementation=NFD
[2026-08-03T14:03:02] METRIC link_bandwidth_gbps=10.0
[2026-08-03T14:03:02] METRIC base_rtt_ms=5.0
[2026-08-03T14:03:02] METRIC packet_loss_pct=2.0776
[2026-08-03T14:03:02] METRIC retransmission_count=6
[2026-08-03T14:03:02] METRIC throughput_gbps=2.3896
[2026-08-03T14:03:02] METRIC latency_ms=19.8344
[2026-08-03T14:03:02] RUN_END status=OK
[2026-08-03T14:04:50] RUN_START run_id=LINKSENS_NFD_038
[2026-08-03T14:04:50] PARAM implementation=NFD
[2026-08-03T14:04:50] METRIC link_bandwidth_gbps=10.0
[2026-08-03T14:04:50] METRIC base_rtt_ms=5.0
[2026-08-03T14:04:50] METRIC packet_loss_pct=2.9946
[2026-08-03T14:04:50] METRIC retransmission_count=10
[2026-08-03T14:04:50] METRIC throughput_gbps=2.3772
[2026-08-03T14:04:50] METRIC latency_ms=20.463
[2026-08-03T14:04:50] RUN_END status=OK
[2026-08-03T14:06:08] RUN_START run_id=LINKSENS_NFD_039
[2026-08-03T14:06:08] PARAM implementation=NFD
[2026-08-03T14:06:08] METRIC link_bandwidth_gbps=10.0
[2026-08-03T14:06:08] METRIC base_rtt_ms=5.0
[2026-08-03T14:06:08] METRIC packet_loss_pct=1.1183
[2026-08-03T14:06:08] METRIC retransmission_count=4
[2026-08-03T14:06:08] METRIC throughput_gbps=2.5903
[2026-08-03T14:06:08] METRIC latency_ms=19.4838
[2026-08-03T14:06:08] RUN_END status=OK
[2026-08-03T14:10:51] RUN_START run_id=LINKSENS_NFD_040
[2026-08-03T14:10:51] PARAM implementation=NFD
[2026-08-03T14:10:51] METRIC link_bandwidth_gbps=10.0
[2026-08-03T14:10:51] METRIC base_rtt_ms=5.0
[2026-08-03T14:10:51] METRIC packet_loss_pct=4.0672
[2026-08-03T14:10:51] METRIC retransmission_count=17
[2026-08-03T14:10:51] METRIC throughput_gbps=2.1294
[2026-08-03T14:10:51] METRIC latency_ms=22.0325
[2026-08-03T14:10:51] RUN_END status=OK
[2026-08-03T14:12:55] RUN_START run_id=LINKSENS_NFD_041
[2026-08-03T14:12:55] PARAM implementation=NFD
[2026-08-03T14:12:55] METRIC link_bandwidth_gbps=10.0
[2026-08-03T14:12:55] METRIC base_rtt_ms=5.0
[2026-08-03T14:12:55] METRIC packet_loss_pct=1.5077
[2026-08-03T14:12:55] METRIC retransmission_count=10
[2026-08-03T14:12:55] METRIC throughput_gbps=2.463
[2026-08-03T14:12:55] METRIC latency_ms=18.7239
[2026-08-03T14:12:55] RUN_END status=OK
[2026-08-03T14:16:08] RUN_START run_id=LINKSENS_NFD_042
[2026-08-03T14:16:08] PARAM implementation=NFD
[2026-08-03T14:16:08] METRIC link_bandwidth_gbps=10.0
[2026-08-03T14:16:08] METRIC base_rtt_ms=5.0
[2026-08-03T14:16:08] METRIC packet_loss_pct=3.3934
[2026-08-03T14:16:08] METRIC retransmission_count=12
[2026-08-03T14:16:08] METRIC throughput_gbps=2.1242
[2026-08-03T14:16:08] METRIC latency_ms=21.2761
[2026-08-03T14:16:08] RUN_END status=OK
[2026-08-03T14:19:28] RUN_START run_id=LINKSENS_NFD_043
[2026-08-03T14:19:28] PARAM implementation=NFD
[2026-08-03T14:19:28] METRIC link_bandwidth_gbps=10.0
[2026-08-03T14:19:28] METRIC base_rtt_ms=5.0
[2026-08-03T14:19:28] METRIC packet_loss_pct=3.9616
[2026-08-03T14:19:28] METRIC retransmission_count=13
[2026-08-03T14:19:28] METRIC throughput_gbps=2.1233
[2026-08-03T14:19:28] METRIC latency_ms=23.6123
[2026-08-03T14:19:28] RUN_END status=OK
[2026-08-03T14:23:00] RUN_START run_id=LINKSENS_NFD_044
[2026-08-03T14:23:00] PARAM implementation=NFD
[2026-08-03T14:23:00] METRIC link_bandwidth_gbps=10.0
[2026-08-03T14:23:00] METRIC base_rtt_ms=5.0
[2026-08-03T14:23:00] METRIC packet_loss_pct=0.9559
[2026-08-03T14:23:00] METRIC retransmission_count=5
[2026-08-03T14:23:00] METRIC throughput_gbps=2.6956
[2026-08-03T14:23:00] METRIC latency_ms=17.6968
[2026-08-03T14:23:00] RUN_END status=OK
[2026-08-03T14:26:52] RUN_START run_id=LINKSENS_NFD_045
[2026-08-03T14:26:52] PARAM implementation=NFD
[2026-08-03T14:26:52] METRIC link_bandwidth_gbps=10.0
[2026-08-03T14:26:52] METRIC base_rtt_ms=5.0
[2026-08-03T14:26:52] METRIC packet_loss_pct=4.4424
[2026-08-03T14:26:52] METRIC retransmission_count=12
[2026-08-03T14:26:52] METRIC throughput_gbps=1.9977
[2026-08-03T14:26:52] METRIC latency_ms=22.4262
[2026-08-03T14:26:52] RUN_END status=OK
[2026-08-03T14:29:22] RUN_START run_id=LINKSENS_NFD_046
[2026-08-03T14:29:22] PARAM implementation=NFD
[2026-08-03T14:29:22] METRIC link_bandwidth_gbps=10.0
[2026-08-03T14:29:22] METRIC base_rtt_ms=5.0
[2026-08-03T14:29:22] METRIC packet_loss_pct=4.2829
[2026-08-03T14:29:22] METRIC retransmission_count=19
[2026-08-03T14:29:22] METRIC throughput_gbps=2.0639
[2026-08-03T14:29:22] METRIC latency_ms=20.7141
[2026-08-03T14:29:22] RUN_END status=OK
[2026-08-03T14:32:47] RUN_START run_id=LINKSENS_NFD_047
[2026-08-03T14:32:47] PARAM implementation=NFD
[2026-08-03T14:32:47] METRIC link_bandwidth_gbps=10.0
[2026-08-03T14:32:47] METRIC base_rtt_ms=5.0
[2026-08-03T14:32:47] METRIC packet_loss_pct=1.4672
[2026-08-03T14:32:47] METRIC retransmission_count=4
[2026-08-03T14:32:47] METRIC throughput_gbps=2.7285
[2026-08-03T14:32:47] METRIC latency_ms=17.7246
[2026-08-03T14:32:47] RUN_END status=OK
[2026-08-03T14:34:37] RUN_START run_id=LINKSENS_NFD_048
[2026-08-03T14:34:37] PARAM implementation=NFD
[2026-08-03T14:34:37] METRIC link_bandwidth_gbps=10.0
[2026-08-03T14:34:37] METRIC base_rtt_ms=5.0
[2026-08-03T14:34:37] METRIC packet_loss_pct=2.4802
[2026-08-03T14:34:37] METRIC retransmission_count=16
[2026-08-03T14:34:37] METRIC throughput_gbps=2.4622
[2026-08-03T14:34:37] METRIC latency_ms=19.2581
[2026-08-03T14:34:37] RUN_END status=OK
[2026-08-03T14:38:10] RUN_START run_id=LINKSENS_PythonNDN_062
[2026-08-03T14:38:10] PARAM implementation=PythonNDN
[2026-08-03T14:38:10] METRIC link_bandwidth_gbps=10.0
[2026-08-03T14:38:10] METRIC base_rtt_ms=5.0
[2026-08-03T14:38:10] METRIC packet_loss_pct=3.9734
[2026-08-03T14:38:10] METRIC retransmission_count=12
[2026-08-03T14:38:10] METRIC throughput_gbps=0.5309
[2026-08-03T14:38:10] METRIC latency_ms=39.4377
[2026-08-03T14:38:10] RUN_END status=OK
[2026-08-03T14:42:40] RUN_START run_id=LINKSENS_PythonNDN_063
[2026-08-03T14:42:40] PARAM implementation=PythonNDN
[2026-08-03T14:42:40] METRIC link_bandwidth_gbps=10.0
[2026-08-03T14:42:40] METRIC base_rtt_ms=5.0
[2026-08-03T14:42:40] METRIC packet_loss_pct=3.9749
[2026-08-03T14:42:40] METRIC retransmission_count=10
[2026-08-03T14:42:40] METRIC throughput_gbps=0.4903
[2026-08-03T14:42:40] METRIC latency_ms=35.5197
[2026-08-03T14:42:40] RUN_END status=OK
[2026-08-03T14:45:45] RUN_START run_id=LINKSENS_PythonNDN_064
[2026-08-03T14:45:45] PARAM implementation=PythonNDN
[2026-08-03T14:45:45] METRIC link_bandwidth_gbps=10.0
[2026-08-03T14:45:45] METRIC base_rtt_ms=5.0
[2026-08-03T14:45:45] METRIC packet_loss_pct=0.6354
[2026-08-03T14:45:45] METRIC retransmission_count=3
[2026-08-03T14:45:45] METRIC throughput_gbps=0.6552
[2026-08-03T14:45:45] METRIC latency_ms=30.9953
[2026-08-03T14:45:45] RUN_END status=OK
[2026-08-03T14:49:01] RUN_START run_id=LINKSENS_PythonNDN_065
[2026-08-03T14:49:01] PARAM implementation=PythonNDN
[2026-08-03T14:49:01] METRIC link_bandwidth_gbps=10.0
[2026-08-03T14:49:01] METRIC base_rtt_ms=5.0
[2026-08-03T14:49:01] METRIC packet_loss_pct=1.2943
[2026-08-03T14:49:01] METRIC retransmission_count=9
[2026-08-03T14:49:01] METRIC throughput_gbps=0.6209
[2026-08-03T14:49:01] METRIC latency_ms=28.8826
[2026-08-03T14:49:01] RUN_END status=OK
[2026-08-03T14:50:12] RUN_START run_id=LINKSENS_uDCN_063
[2026-08-03T14:50:12] PARAM implementation=uDCN
[2026-08-03T14:50:12] METRIC link_bandwidth_gbps=10.0
[2026-08-03T14:50:12] METRIC base_rtt_ms=5.0
[2026-08-03T14:50:12] METRIC packet_loss_pct=3.7024
[2026-08-03T14:50:12] METRIC retransmission_count=8
[2026-08-03T14:50:12] METRIC throughput_gbps=7.4495
[2026-08-03T14:50:12] METRIC latency_ms=13.6
[2026-08-03T14:50:12] RUN_END status=OK
[2026-08-03T14:50:49] RUN_START run_id=LINKSENS_PythonNDN_066
[2026-08-03T14:50:49] PARAM implementation=PythonNDN
[2026-08-03T14:50:49] METRIC link_bandwidth_gbps=10.0
[2026-08-03T14:50:49] METRIC base_rtt_ms=5.0
[2026-08-03T14:50:49] METRIC packet_loss_pct=4.5
[2026-08-03T14:50:49] METRIC retransmission_count=10
[2026-08-03T14:50:49] METRIC throughput_gbps=0.4893
[2026-08-03T14:50:49] METRIC latency_ms=38.4398
[2026-08-03T14:50:49] RUN_END status=OK
[2026-08-03T14:51:32] RUN_START run_id=LINKSENS_uDCN_064
[2026-08-03T14:51:32] PARAM implementation=uDCN
[2026-08-03T14:51:32] METRIC link_bandwidth_gbps=10.0
[2026-08-03T14:51:32] METRIC base_rtt_ms=5.0
[2026-08-03T14:51:32] METRIC packet_loss_pct=1.8415
[2026-08-03T14:51:32] METRIC retransmission_count=6
[2026-08-03T14:51:32] METRIC throughput_gbps=8.373
[2026-08-03T14:51:32] METRIC latency_ms=12.7686
[2026-08-03T14:51:32] RUN_END status=OK
