[2026-08-03T23:38:39] RUN_START run_id=LINKSENS_uDCN_112
[2026-08-03T23:38:39] PARAM implementation=uDCN
[2026-08-03T23:38:39] METRIC link_bandwidth_gbps=10.0
[2026-08-03T23:38:39] METRIC base_rtt_ms=5.0
[2026-08-03T23:38:39] METRIC packet_loss_pct=4.6122
[2026-08-03T23:38:39] METRIC retransmission_count=17
[2026-08-03T23:38:39] METRIC throughput_gbps=7.4189
[2026-08-03T23:38:39] METRIC latency_ms=14.1216
[2026-08-03T23:38:39] RUN_END status=OK
[2026-08-03T23:39:37] RUN_START run_id=LINKSENS_uDCN_113
[2026-08-03T23:39:37] PARAM implementation=uDCN
[2026-08-03T23:39:37] METRIC link_bandwidth_gbps=10.0
[2026-08-03T23:39:37] METRIC base_rtt_ms=5.0
[2026-08-03T23:39:37] METRIC packet_loss_pct=4.999
[2026-08-03T23:39:37] METRIC retransmission_count=23
[2026-08-03T23:39:37] METRIC throughput_gbps=7.5465
[2026-08-03T23:39:37] METRIC latency_ms=13.8448
[2026-08-03T23:39:37] RUN_END status=OK
[2026-08-03T23:43:10] RUN_START run_id=LINKSENS_uDCN_114
[2026-08-03T23:43:10] PARAM implementation=uDCN
[2026-08-03T23:43:10] METRIC link_bandwidth_gbps=10.0
[2026-08-03T23:43:10] METRIC base_rtt_ms=5.0
[2026-08-03T23:43:10] METRIC packet_loss_pct=4.6846
[2026-08-03T23:43:10] METRIC retransmission_count=19
[2026-08-03T23:43:10] METRIC throughput_gbps=8.2045
[2026-08-03T23:43:10] METRIC latency_ms=14.3865
[2026-08-03T23:43:10] RUN_END status=OK
[2026-08-03T23:43:23] RUN_START run_id=LINKSENS_NFD_061
[2026-08-03T23:43:23] PARAM implementation=NFD
[2026-08-03T23:43:23] METRIC link_bandwidth_gbps=10.0
[2026-08-03T23:43:23] METRIC base_rtt_ms=5.0
[2026-08-03T23:43:23] METRIC packet_loss_pct=4.1418
[2026-08-03T23:43:23] METRIC retransmission_count=18
[2026-08-03T23:43:23] METRIC throughput_gbps=2.1767
[2026-08-03T23:43:23] METRIC latency_ms=23.5563
[2026-08-03T23:43:23] RUN_END status=OK
[2026-08-03T23:45:47] RUN_START run_id=LINKSENS_uDCN_115
[2026-08-03T23:45:47] PARAM implementation=uDCN
[2026-08-03T23:45:47] METRIC link_bandwidth_gbps=10.0
[2026-08-03T23:45:47] METRIC base_rtt_ms=5.0
[2026-08-03T23:45:47] METRIC packet_loss_pct=3.2628
[2026-08-03T23:45:47] METRIC retransmission_count=16
[2026-08-03T23:45:47] METRIC throughput_gbps=7.9033
[2026-08-03T23:45:47] METRIC latency_ms=13.3036
[2026-08-03T23:45:47] RUN_END status=OK
[2026-08-03T23:45:50] RUN_START run_id=LINKSENS_NFD_062
[2026-08-03T23:45:50] PARAM implementation=NFD
[2026-08-03T23:45:50] METRIC link_bandwidth_gbps=10.0
[2026-08-03T23:45:50] METRIC base_rtt_ms=5.0
[2026-08-03T23:45:50] METRIC packet_loss_pct=4.8614
[2026-08-03T23:45:50] METRIC retransmission_count=16
[2026-08-03T23:45:50] METRIC throughput_gbps=1.8585
[2026-08-03T23:45:50] METRIC latency_ms=22.3155
[2026-08-03T23:45:50] RUN_END status=OK
[2026-08-03T23:46:34] RUN_START run_id=LINKSENS_NFD_063
[2026-08-03T23:46:34] PARAM implementation=NFD
[2026-08-03T23:46:34] METRIC link_bandwidth_gbps=10.0
[2026-08-03T23:46:34] METRIC base_rtt_ms=5.0
[2026-08-03T23:46:34] METRIC packet_loss_pct=1.9856
[2026-08-03T23:46:34] METRIC retransmission_count=12
[2026-08-03T23:46:34] METRIC throughput_gbps=2.5284
[2026-08-03T23:46:34] METRIC latency_ms=20.453
[2026-08-03T23:46:34] RUN_END status=OK
[2026-08-03T23:48:08] RUN_START run_id=LINKSENS_NFD_064
[2026-08-03T23:48:08] PARAM implementation=NFD
[2026-08-03T23:48:08] METRIC link_bandwidth_gbps=10.0
[2026-08-03T23:48:08] METRIC base_rtt_ms=5.0
[2026-08-03T23:48:08] METRIC packet_loss_pct=0.7994
[2026-08-03T23:48:08] METRIC retransmission_count=5
[2026-08-03T23:48:08] METRIC throughput_gbps=2.6585
[2026-08-03T23:48:08] METRIC latency_ms=17.0914
[2026-08-03T23:48:08] RUN_END status=OK
[2026-08-03T23:48:23] RUN_START run_id=LINKSENS_uDCN_116
[2026-08-03T23:48:23] PARAM implementation=uDCN
[2026-08-03T23:48:23] METRIC link_bandwidth_gbps=10.0
[2026-08-03T23:48:23] METRIC base_rtt_ms=5.0
[2026-08-03T23:48:23] METRIC packet_loss_pct=1.5706
[2026-08-03T23:48:23] METRIC retransmission_count=10
[2026-08-03T23:48:23] METRIC throughput_gbps=8.3423
[2026-08-03T23:48:23] METRIC latency_ms=12.9669
[2026-08-03T23:48:23] RUN_END status=OK
[2026-08-03T23:49:19] RUN_START run_id=LINKSENS_uDCN_117
[2026-08-03T23:49:19] PARAM implementation=uDCN
[2026-08-03T23:49:19] METRIC link_bandwidth_gbps=10.0
[2026-08-03T23:49:19] METRIC base_rtt_ms=5.0
[2026-08-03T23:49:19] METRIC packet_loss_pct=0.0888
[2026-08-03T23:49:19] METRIC retransmission_count=3
[2026-08-03T23:49:19] METRIC throughput_gbps=8.3898
[2026-08-03T23:49:19] METRIC latency_ms=12.3637
[2026-08-03T23:49:19] RUN_END status=OK
[2026-08-03T23:50:47] RUN_START run_id=LINKSENS_NFD_065
[2026-08-03T23:50:47] PARAM implementation=NFD
[2026-08-03T23:50:47] METRIC link_bandwidth_gbps=10.0
[2026-08-03T23:50:47] METRIC base_rtt_ms=5.0
[2026-08-03T23:50:47] METRIC packet_loss_pct=4.9361
[2026-08-03T23:50:47] METRIC retransmission_count=17
[2026-08-03T23:50:47] METRIC throughput_gbps=1.8604
[2026-08-03T23:50:47] METRIC latency_ms=23.0487
[2026-08-03T23:50:47] RUN_END status=OK
[2026-08-03T23:52:03] RUN_START run_id=LINKSENS_uDCN_118
[2026-08-03T23:52:03] PARAM implementation=uDCN
[2026-08-03T23:52:03] METRIC link_bandwidth_gbps=10.0
[2026-08-03T23:52:03] METRIC base_rtt_ms=5.0
[2026-08-03T23:52:03] METRIC packet_loss_pct=0.76
[2026-08-03T23:52:03] METRIC retransmission_count=3
[2026-08-03T23:52:03] METRIC throughput_gbps=7.8475
[2026-08-03T23:52:03] METRIC latency_ms=12.044
[2026-08-03T23:52:03] RUN_END status=OK
