[2026-08-04T12:51:42] RUN_START run_id=LINKSENS_PythonNDN_098
[2026-08-04T12:51:42] PARAM implementation=PythonNDN
[2026-08-04T12:51:42] METRIC link_bandwidth_gbps=10.0
[2026-08-04T12:51:42] METRIC base_rtt_ms=5.0
[2026-08-04T12:51:42] METRIC packet_loss_pct=2.1303
[2026-08-04T12:51:42] METRIC retransmission_count=6
[2026-08-04T12:51:42] METRIC throughput_gbps=0.6022
[2026-08-04T12:51:42] METRIC latency_ms=33.8356
[2026-08-04T12:51:42] RUN_END status=OK
[2026-08-04T12:54:06] RUN_START run_id=LINKSENS_PythonNDN_099
[2026-08-04T12:54:06] PARAM implementation=PythonNDN
[2026-08-04T12:54:06] METRIC link_bandwidth_gbps=10.0
[2026-08-04T12:54:06] METRIC base_rtt_ms=5.0
[2026-08-04T12:54:06] METRIC packet_loss_pct=4.1349
[2026-08-04T12:54:06] METRIC retransmission_count=10
[2026-08-04T12:54:06] METRIC throughput_gbps=0.4861
[2026-08-04T12:54:06] METRIC latency_ms=39.7743
[2026-08-04T12:54:06] RUN_END status=OK
[2026-08-04T12:57:52] RUN_START run_id=LINKSENS_PythonNDN_100
[2026-08-04T12:57:52] PARAM implementation=PythonNDN
[2026-08-04T12:57:52] METRIC link_bandwidth_gbps=10.0
[2026-08-04T12:57:52] METRIC base_rtt_ms=5.0
[2026-08-04T12:57:52] METRIC packet_loss_pct=2.2261
[2026-08-04T12:57:52] METRIC retransmission_count=3
[2026-08-04T12:57:52] METRIC throughput_gbps=0.6147
[2026-08-04T12:57:52] METRIC latency_ms=33.8751
[2026-08-04T12:57:52] RUN_END status=OK
[2026-08-04T12:58:27] RUN_START run_id=LINKSENS_PythonNDN_101
[2026-08-04T12:58:27] PARAM implementation=PythonNDN
[2026-08-04T12:58:27] METRIC link_bandwidth_gbps=10.0
[2026-08-04T12:58:27] METRIC base_rtt_ms=5.0
[2026-08-04T12:58:27] METRIC packet_loss_pct=2.162
[2026-08-04T12:58:27] METRIC retransmission_count=9
[2026-08-04T12:58:27] METRIC throughput_gbps=0.5576
[2026-08-04T12:58:27] METRIC latency_ms=33.9187
[2026-08-04T12:58:27] RUN_END status=OK
[2026-08-04T12:59:45] RUN_START run_id=LINKSENS_PythonNDN_102
[2026-08-04T12:59:45] PARAM implementation=PythonNDN
[2026-08-04T12:59:45] METRIC link_bandwidth_gbps=10.0
[2026-08-04T12:59:45] METRIC base_rtt_ms=5.0
[2026-08-04T12:59:45] METRIC packet_loss_pct=2.1705
[2026-08-04T12:59:45] METRIC retransmission_count=7
[2026-08-04T12:59:45] METRIC throughput_gbps=0.6068
[2026-08-04T12:59:45] METRIC latency_ms=31.8493
[2026-08-04T12:59:45] RUN_END status=OK
[2026-08-04T13:01:01] RUN_START run_id=LINKSENS_PythonNDN_103
[2026-08-04T13:01:01] PARAM implementation=PythonNDN
[2026-08-04T13:01:01] METRIC link_bandwidth_gbps=10.0
[2026-08-04T13:01:01] METRIC base_rtt_ms=5.0
[2026-08-04T13:01:01] METRIC packet_loss_pct=2.8212
[2026-08-04T13:01:01] METRIC retransmission_count=12
[2026-08-04T13:01:01] METRIC throughput_gbps=0.5674
[2026-08-04T13:01:01] METRIC latency_ms=35.0486
[2026-08-04T13:01:01] RUN_END status=OK
[2026-08-04T13:03:50] RUN_START run_id=LINKSENS_PythonNDN_104
[2026-08-04T13:03:50] PARAM implementation=PythonNDN
[2026-08-04T13:03:50] METRIC link_bandwidth_gbps=10.0
[2026-08-04T13:03:50] METRIC base_rtt_ms=5.0
[2026-08-04T13:03:50] METRIC packet_loss_pct=4.7896
[2026-08-04T13:03:50] METRIC retransmission_count=21
[2026-08-04T13:03:50] METRIC throughput_gbps=0.4759
[2026-08-04T13:03:50] METRIC latency_ms=38.0173
[2026-08-04T13:03:50] RUN_END status=OK
[2026-08-04T13:05:22] RUN_START run_id=LINKSENS_PythonNDN_105
[2026-08-04T13:05:22] PARAM implementation=PythonNDN
[2026-08-04T13:05:22] METRIC link_bandwidth_gbps=10.0
[2026-08-04T13:05:22] METRIC base_rtt_ms=5.0
[2026-08-04T13:05:22] METRIC packet_loss_pct=4.0056
[2026-08-04T13:05:22] METRIC retransmission_count=12
[2026-08-04T13:05:22] METRIC throughput_gbps=0.5281
[2026-08-04T13:05:22] METRIC latency_ms=35.8305
[2026-08-04T13:05:22] RUN_END status=OK
[2026-08-04T16:53:09] RUN_START run_id=LINKSENS_NFD_071
[2026-08-04T16:53:09] PARAM implementation=NFD
[2026-08-04T16:53:09] METRIC link_bandwidth_gbps=10.0
[2026-08-04T16:53:09] METRIC base_rtt_ms=5.0
[2026-08-04T16:53:09] METRIC packet_loss_pct=1.5027
[2026-08-04T16:53:09] METRIC retransmission_count=2
[2026-08-04T16:53:09] METRIC throughput_gbps=2.6386
[2026-08-04T16:53:09] METRIC latency_ms=18.7016
[2026-08-04T16:53:09] RUN_END status=OK
[2026-08-04T16:55:25] RUN_START run_id=LINKSENS_NFD_072
[2026-08-04T16:55:25] PARAM implementation=NFD
[2026-08-04T16:55:25] METRIC link_bandwidth_gbps=10.0
[2026-08-04T16:55:25] METRIC base_rtt_ms=5.0
[2026-08-04T16:55:25] METRIC packet_loss_pct=4.967
[2026-08-04T16:55:25] METRIC retransmission_count=18
[2026-08-04T16:55:25] METRIC throughput_gbps=2.0594
[2026-08-04T16:55:25] METRIC latency_ms=23.3039
[2026-08-04T16:55:25] RUN_END status=OK
[2026-08-04T16:58:12] RUN_START run_id=LINKSENS_NFD_073
[2026-08-04T16:58:12] PARAM implementation=NFD
[2026-08-04T16:58:12] METRIC link_bandwidth_gbps=10.0
[2026-08-04T16:58:12] METRIC base_rtt_ms=5.0
[2026-08-04T16:58:12] METRIC packet_loss_pct=4.9837
[2026-08-04T16:58:12] METRIC retransmission_count=22
[2026-08-04T16:58:12] METRIC throughput_gbps=2.0132
[2026-08-04T16:58:12] METRIC latency_ms=24.2954
[2026-08-04T16:58:12] RUN_END status=OK
[2026-08-04T16:59:51] RUN_START run_id=LINKSENS_NFD_074
[2026-08-04T16:59:51] PARAM implementation=NFD
[2026-08-04T16:59:51] METRIC link_bandwidth_gbps=10.0
[2026-08-04T16:59:51] METRIC base_rtt_ms=5.0
[2026-08-04T16:59:51] METRIC packet_loss_pct=3.0567
[2026-08-04T16:59:51] METRIC retransmission_count=12
[2026-08-04T16:59:51] METRIC throughput_gbps=2.2784
[2026-08-04T16:59:51] METRIC latency_ms=21.0213
[2026-08-04T16:59:51] RUN_END status=OK
