[2026-08-02T05:48:41] RUN_START run_id=LINKSENS_PythonNDN_022
[2026-08-02T05:48:41] PARAM implementation=PythonNDN
[2026-08-02T05:48:41] METRIC link_bandwidth_gbps=10.0
[2026-08-02T05:48:41] METRIC base_rtt_ms=5.0
[2026-08-02T05:48:41] METRIC packet_loss_pct=2.9718
[2026-08-02T05:48:41] METRIC retransmission_count=17
[2026-08-02T05:48:41] METRIC throughput_gbps=0.5461
[2026-08-02T05:48:41] METRIC latency_ms=33.3737
[2026-08-02T05:48:41] RUN_END status=OK
[2026-08-02T05:51:30] RUN_START run_id=LINKSENS_PythonNDN_023
[2026-08-02T05:51:30] PARAM implementation=PythonNDN
[2026-08-02T05:51:30] METRIC link_bandwidth_gbps=10.0
[2026-08-02T05:51:30] METRIC base_rtt_ms=5.0
[2026-08-02T05:51:30] METRIC packet_loss_pct=0.686
[2026-08-02T05:51:30] METRIC retransmission_count=1
[2026-08-02T05:51:30] METRIC throughput_gbps=0.6758
[2026-08-02T05:51:30] METRIC latency_ms=27.8512
[2026-08-02T05:51:30] RUN_END status=OK
[2026-08-02T05:57:29] RUN_START run_id=LINKSENS_PythonNDN_024
[2026-08-02T05:57:29] PARAM implementation=PythonNDN
[2026-08-02T05:57:29] METRIC link_bandwidth_gbps=10.0
[2026-08-02T05:57:29] METRIC base_rtt_ms=5.0
[2026-08-02T05:57:29] METRIC packet_loss_pct=3.0571
[2026-08-02T05:57:29] METRIC retransmission_count=16
[2026-08-02T05:57:29] METRIC throughput_gbps=0.5777
[2026-08-02T05:57:29] METRIC latency_ms=34.2851
[2026-08-02T05:57:29] RUN_END status=OK
[2026-08-02T05:59:30] RUN_START run_id=LINKSENS_PythonNDN_025
[2026-08-02T05:59:30] PARAM implementation=PythonNDN
[2026-08-02T05:59:30] METRIC link_bandwidth_gbps=10.0
[2026-08-02T05:59:30] METRIC base_rtt_ms=5.0
[2026-08-02T05:59:30] METRIC packet_loss_pct=3.5505
[2026-08-02T05:59:30] METRIC retransmission_count=12
[2026-08-02T05:59:30] METRIC throughput_gbps=0.5184
[2026-08-02T05:59:30] METRIC latency_ms=38.5344
[2026-08-02T05:59:30] RUN_END status=OK
[2026-08-02T06:00:44] RUN_START run_id=LINKSENS_PythonNDN_026
[2026-08-02T06:00:44] PARAM implementation=PythonNDN
[2026-08-02T06:00:44] METRIC link_bandwidth_gbps=10.0
[2026-08-02T06:00:44] METRIC base_rtt_ms=5.0
[2026-08-02T06:00:44] METRIC packet_loss_pct=2.1294
[2026-08-02T06:00:44] METRIC retransmission_count=13
[2026-08-02T06:00:44] METRIC throughput_gbps=0.597
[2026-08-02T06:00:44] METRIC latency_ms=31.8971
[2026-08-02T06:00:44] RUN_END status=OK
[2026-08-02T06:02:38] RUN_START run_id=LINKSENS_PythonNDN_027
[2026-08-02T06:02:38] PARAM implementation=PythonNDN
[2026-08-02T06:02:38] METRIC link_bandwidth_gbps=10.0
[2026-08-02T06:02:38] METRIC base_rtt_ms=5.0
[2026-08-02T06:02:38] METRIC packet_loss_pct=2.9793
[2026-08-02T06:02:38] METRIC retransmission_count=12
[2026-08-02T06:02:38] METRIC throughput_gbps=0.5828
[2026-08-02T06:02:38] METRIC latency_ms=36.1582
[2026-08-02T06:02:38] RUN_END status=OK
[2026-08-02T06:03:10] RUN_START run_id=LINKSENS_PythonNDN_028
[2026-08-02T06:03:10] PARAM implementation=PythonNDN
[2026-08-02T06:03:10] METRIC link_bandwidth_gbps=10.0
[2026-08-02T06:03:10] METRIC base_rtt_ms=5.0
[2026-08-02T06:03:10] METRIC packet_loss_pct=0.7406
[2026-08-02T06:03:10] METRIC retransmission_count=1
[2026-08-02T06:03:10] METRIC throughput_gbps=0.6783
[2026-08-02T06:03:10] METRIC latency_ms=28.7659
[2026-08-02T06:03:10] RUN_END status=OK
[2026-08-02T06:04:14] RUN_START run_id=LINKSENS_PythonNDN_029
[2026-08-02T06:04:14] PARAM implementation=PythonNDN
[2026-08-02T06:04:14] METRIC link_bandwidth_gbps=10.0
[2026-08-02T06:04:14] METRIC base_rtt_ms=5.0
[2026-08-02T06:04:14] METRIC packet_loss_pct=3.2073
[2026-08-02T06:04:14] METRIC retransmission_count=6
[2026-08-02T06:04:14] METRIC throughput_gbps=0.5508
[2026-08-02T06:04:14] METRIC latency_ms=35.0975
[2026-08-02T06:04:14] RUN_END status=OK
[2026-08-02T06:07:17] RUN_START run_id=LINKSENS_PythonNDN_030
[2026-08-02T06:07:17] PARAM implementation=PythonNDN
[2026-08-02T06:07:17] METRIC link_bandwidth_gbps=10.0
[2026-08-02T06:07:17] METRIC base_rtt_ms=5.0
[2026-08-02T06:07:17] METRIC packet_loss_pct=4.9726
[2026-08-02T06:07:17] METRIC retransmission_count=23
[2026-08-02T06:07:17] METRIC throughput_gbps=0.4873
[2026-08-02T06:07:17] METRIC latency_ms=38.005
[2026-08-02T06:07:17] RUN_END status=OK
[2026-08-02T06:10:05] RUN_START run_id=LINKSENS_PythonNDN_031
[2026-08-02T06:10:05] PARAM implementation=PythonNDN
[2026-08-02T06:10:05] METRIC link_bandwidth_gbps=10.0
[2026-08-02T06:10:05] METRIC base_rtt_ms=5.0
[2026-08-02T06:10:05] METRIC packet_loss_pct=0.1144
[2026-08-02T06:10:05] METRIC retransmission_count=0
[2026-08-02T06:10:05] METRIC throughput_gbps=0.6916
[2026-08-02T06:10:05] METRIC latency_ms=27.3907
[2026-08-02T06:10:05] RUN_END status=OK
[2026-08-02T06:12:41] RUN_START run_id=LINKSENS_PythonNDN_032
[2026-08-02T06:12:41] PARAM implementation=PythonNDN
[2026-08-02T06:12:41] METRIC link_bandwidth_gbps=10.0
[2026-08-02T06:12:41] METRIC base_rtt_ms=5.0
[2026-08-02T06:12:41] METRIC packet_loss_pct=3.7717
[2026-08-02T06:12:41] METRIC retransmission_count=14
[2026-08-02T06:12:41] METRIC throughput_gbps=0.53
[2026-08-02T06:12:41] METRIC latency_ms=37.3194
[2026-08-02T06:12:41] RUN_END status=OK
