[2026-08-01T11:00:00] RUN_START run_id=LINKSENS_NFD_001
[2026-08-01T11:00:00] PARAM implementation=NFD
[2026-08-01T11:00:00] METRIC link_bandwidth_gbps=10.0
[2026-08-01T11:00:00] METRIC base_rtt_ms=5.0
[2026-08-01T11:00:00] METRIC packet_loss_pct=3.5666
[2026-08-01T11:00:00] METRIC retransmission_count=11
[2026-08-01T11:00:00] METRIC throughput_gbps=2.185
[2026-08-01T11:00:00] METRIC latency_ms=23.6143
[2026-08-01T11:00:00] RUN_END status=OK
[2026-08-01T11:01:20] RUN_START run_id=LINKSENS_NFD_002
[2026-08-01T11:01:20] PARAM implementation=NFD
[2026-08-01T11:01:20] METRIC link_bandwidth_gbps=10.0
[2026-08-01T11:01:20] METRIC base_rtt_ms=5.0
[2026-08-01T11:01:20] METRIC packet_loss_pct=4.1959
[2026-08-01T11:01:20] METRIC retransmission_count=20
[2026-08-01T11:01:20] METRIC throughput_gbps=2.1985
[2026-08-01T11:01:20] METRIC latency_ms=21.4846
[2026-08-01T11:01:20] RUN_END status=OK
[2026-08-01T11:06:02] RUN_START run_id=LINKSENS_NFD_003
[2026-08-01T11:06:02] PARAM implementation=NFD
[2026-08-01T11:06:02] METRIC link_bandwidth_gbps=10.0
[2026-08-01T11:06:02] METRIC base_rtt_ms=5.0
[2026-08-01T11:06:02] METRIC packet_loss_pct=0.8852
[2026-08-01T11:06:02] METRIC retransmission_count=3
[2026-08-01T11:06:02] METRIC throughput_gbps=2.7157
[2026-08-01T11:06:02] METRIC latency_ms=16.7607
[2026-08-01T11:06:02] RUN_END status=OK
[2026-08-01T11:07:16] RUN_START run_id=LINKSENS_NFD_004
[2026-08-01T11:07:16] PARAM implementation=NFD
[2026-08-01T11:07:16] METRIC link_bandwidth_gbps=10.0
[2026-08-01T11:07:16] METRIC base_rtt_ms=5.0
[2026-08-01T11:07:16] METRIC packet_loss_pct=3.0525
[2026-08-01T11:07:16] METRIC retransmission_count=11
[2026-08-01T11:07:16] METRIC throughput_gbps=2.249
[2026-08-01T11:07:16] METRIC latency_ms=20.6076
[2026-08-01T11:07:16] RUN_END status=OK
[2026-08-01T11:09:49] RUN_START run_id=LINKSENS_NFD_005
[2026-08-01T11:09:49] PARAM implementation=NFD
[2026-08-01T11:09:49] METRIC link_bandwidth_gbps=10.0
[2026-08-01T11:09:49] METRIC base_rtt_ms=5.0
[2026-08-01T11:09:49] METRIC packet_loss_pct=1.5507
[2026-08-01T11:09:49] METRIC retransmission_count=5
[2026-08-01T11:09:49] METRIC throughput_gbps=2.596
[2026-08-01T11:09:49] METRIC latency_ms=17.9925
[2026-08-01T11:09:49] RUN_END status=OK
[2026-08-01T11:13:06] RUN_START run_id=LINKSENS_NFD_006
[2026-08-01T11:13:06] PARAM implementation=NFD
[2026-08-01T11:13:06] METRIC link_bandwidth_gbps=10.0
[2026-08-01T11:13:06] METRIC base_rtt_ms=5.0
[2026-08-01T11:13:06] METRIC packet_loss_pct=2.0155
[2026-08-01T11:13:06] METRIC retransmission_count=12
[2026-08-01T11:13:06] METRIC throughput_gbps=2.5608
[2026-08-01T11:13:06] METRIC latency_ms=19.0395
[2026-08-01T11:13:06] RUN_END status=OK
[2026-08-01T11:14:18] RUN_START run_id=LINKSENS_NFD_007
[2026-08-01T11:14:18] PARAM implementation=NFD
[2026-08-01T11:14:18] METRIC link_bandwidth_gbps=10.0
[2026-08-01T11:14:18] METRIC base_rtt_ms=5.0
[2026-08-01T11:14:18] METRIC packet_loss_pct=3.5871
[2026-08-01T11:14:18] METRIC retransmission_count=10
[2026-08-01T11:14:18] METRIC throughput_gbps=2.1774
[2026-08-01T11:14:18] METRIC latency_ms=21.3857
[2026-08-01T11:14:18] RUN_END status=OK
[2026-08-01T11:18:12] RUN_START run_id=LINKSENS_NFD_008
[2026-08-01T11:18:12] PARAM implementation=NFD
[2026-08-01T11:18:12] METRIC link_bandwidth_gbps=10.0
[2026-08-01T11:18:12] METRIC base_rtt_ms=5.0
[2026-08-01T11:18:12] METRIC packet_loss_pct=0.7253
[2026-08-01T11:18:12] METRIC retransmission_count=2
[2026-08-01T11:18:12] METRIC throughput_gbps=2.6259
[2026-08-01T11:18:12] METRIC latency_ms=18.849
[2026-08-01T11:18:12] RUN_END status=OK
[2026-08-01T11:21:06] RUN_START run_id=LINKSENS_NFD_009
[2026-08-01T11:21:06] PARAM implementation=NFD
[2026-08-01T11:21:06] METRIC link_bandwidth_gbps=10.0
[2026-08-01T11:21:06] METRIC base_rtt_ms=5.0
[2026-08-01T11:21:06] METRIC packet_loss_pct=3.0507
[2026-08-01T11:21:06] METRIC retransmission_count=13
[2026-08-01T11:21:06] METRIC throughput_gbps=2.2676
[2026-08-01T11:21:06] METRIC latency_ms=21.9714
[2026-08-01T11:21:06] RUN_END status=OK
[2026-08-01T11:23:42] RUN_START run_id=LINKSENS_NFD_010
[2026-08-01T11:23:42] PARAM implementation=NFD
[2026-08-01T11:23:42] METRIC link_bandwidth_gbps=10.0
[2026-08-01T11:23:42] METRIC base_rtt_ms=5.0
[2026-08-01T11:23:42] METRIC packet_loss_pct=3.6101
[2026-08-01T11:23:42] METRIC retransmission_count=13
[2026-08-01T11:23:42] METRIC throughput_gbps=2.2178
[2026-08-01T11:23:42] METRIC latency_ms=21.7766
[2026-08-01T11:23:42] RUN_END status=OK
[2026-08-01T11:24:49] RUN_START run_id=LINKSENS_NFD_011
[2026-08-01T11:24:49] PARAM implementation=NFD
[2026-08-01T11:24:49] METRIC link_bandwidth_gbps=10.0
[2026-08-01T11:24:49] METRIC base_rtt_ms=5.0
[2026-08-01T11:24:49] METRIC packet_loss_pct=3.4992
[2026-08-01T11:24:49] METRIC retransmission_count=13
[2026-08-01T11:24:49] METRIC throughput_gbps=2.1178
[2026-08-01T11:24:49] METRIC latency_ms=23.8457
[2026-08-01T11:24:49] RUN_END status=OK
