[2026-08-04T07:47:42] RUN_START run_id=LINKSENS_uDCN_132
[2026-08-04T07:47:42] PARAM implementation=uDCN
[2026-08-04T07:47:42] METRIC link_bandwidth_gbps=10.0
[2026-08-04T07:47:42] METRIC base_rtt_ms=5.0
[2026-08-04T07:47:42] METRIC packet_loss_pct=0.4801
[2026-08-04T07:47:42] METRIC retransmission_count=2
[2026-08-04T07:47:42] METRIC throughput_gbps=8.1984
[2026-08-04T07:47:42] METRIC latency_ms=12.1119
[2026-08-04T07:47:42] RUN_END status=OK
[2026-08-04T07:50:20] RUN_START run_id=LINKSENS_uDCN_133
[2026-08-04T07:50:20] PARAM implementation=uDCN
[2026-08-04T07:50:20] METRIC link_bandwidth_gbps=10.0
[2026-08-04T07:50:20] METRIC base_rtt_ms=5.0
[2026-08-04T07:50:20] METRIC packet_loss_pct=1.9533
[2026-08-04T07:50:20] METRIC retransmission_count=9
[2026-08-04T07:50:20] METRIC throughput_gbps=7.9429
[2026-08-04T07:50:20] METRIC latency_ms=13.5383
[2026-08-04T07:50:20] RUN_END status=OK
[2026-08-04T07:53:31] RUN_START run_id=LINKSENS_uDCN_134
[2026-08-04T07:53:31] PARAM implementation=uDCN
[2026-08-04T07:53:31] METRIC link_bandwidth_gbps=10.0
[2026-08-04T07:53:31] METRIC base_rtt_ms=5.0
[2026-08-04T07:53:31] METRIC packet_loss_pct=0.4368
[2026-08-04T07:53:31] METRIC retransmission_count=1
[2026-08-04T07:53:31] METRIC throughput_gbps=8.3003
[2026-08-04T07:53:31] METRIC latency_ms=11.3654
[2026-08-04T07:53:31] RUN_END status=OK
[2026-08-04T07:54:34] RUN_START run_id=LINKSENS_uDCN_135
[2026-08-04T07:54:34] PARAM implementation=uDCN
[2026-08-04T07:54:34] METRIC link_bandwidth_gbps=10.0
[2026-08-04T07:54:34] METRIC base_rtt_ms=5.0
[2026-08-04T07:54:34] METRIC packet_loss_pct=3.3344
[2026-08-04T07:54:34] METRIC retransmission_count=10
[2026-08-04T07:54:34] METRIC throughput_gbps=8.1557
[2026-08-04T07:54:34] METRIC latency_ms=13.9697
[2026-08-04T07:54:34] RUN_END status=OK
[2026-08-04T07:55:51] RUN_START run_id=LINKSENS_uDCN_136
[2026-08-04T07:55:51] PARAM implementation=uDCN
[2026-08-04T07:55:51] METRIC link_bandwidth_gbps=10.0
[2026-08-04T07:55:51] METRIC base_rtt_ms=5.0
[2026-08-04T07:55:51] METRIC packet_loss_pct=4.4561
[2026-08-04T07:55:51] METRIC retransmission_count=18
[2026-08-04T07:55:51] METRIC throughput_gbps=7.6887
[2026-08-04T07:55:51] METRIC latency_ms=13.7422
[2026-08-04T07:55:51] RUN_END status=OK
[2026-08-04T07:57:51] RUN_START run_id=LINKSENS_uDCN_137
[2026-08-04T07:57:51] PARAM implementation=uDCN
[2026-08-04T07:57:51] METRIC link_bandwidth_gbps=10.0
[2026-08-04T07:57:51] METRIC base_rtt_ms=5.0
[2026-08-04T07:57:51] METRIC packet_loss_pct=2.1499
[2026-08-04T07:57:51] METRIC retransmission_count=13
[2026-08-04T07:57:51] METRIC throughput_gbps=8.0285
[2026-08-04T07:57:51] METRIC latency_ms=14.0837
[2026-08-04T07:57:51] RUN_END status=OK
[2026-08-04T07:58:08] RUN_START run_id=LINKSENS_uDCN_138
[2026-08-04T07:58:08] PARAM implementation=uDCN
[2026-08-04T07:58:08] METRIC link_bandwidth_gbps=10.0
[2026-08-04T07:58:08] METRIC base_rtt_ms=5.0
[2026-08-04T07:58:08] METRIC packet_loss_pct=3.1495
[2026-08-04T07:58:08] METRIC retransmission_count=9
[2026-08-04T07:58:08] METRIC throughput_gbps=8.0426
[2026-08-04T07:58:08] METRIC latency_ms=13.4016
[2026-08-04T07:58:08] RUN_END status=OK
[2026-08-04T07:59:51] RUN_START run_id=LINKSENS_uDCN_139
[2026-08-04T07:59:51] PARAM implementation=uDCN
[2026-08-04T07:59:51] METRIC link_bandwidth_gbps=10.0
[2026-08-04T07:59:51] METRIC base_rtt_ms=5.0
[2026-08-04T07:59:51] METRIC packet_loss_pct=0.7714
[2026-08-04T07:59:51] METRIC retransmission_count=2
[2026-08-04T07:59:51] METRIC throughput_gbps=8.3638
[2026-08-04T07:59:51] METRIC latency_ms=13.7613
[2026-08-04T07:59:51] RUN_END status=OK
[2026-08-04T08:02:14] RUN_START run_id=LINKSENS_uDCN_140
[2026-08-04T08:02:14] PARAM implementation=uDCN
[2026-08-04T08:02:14] METRIC link_bandwidth_gbps=10.0
[2026-08-04T08:02:14] METRIC base_rtt_ms=5.0
[2026-08-04T08:02:14] METRIC packet_loss_pct=2.9104
[2026-08-04T08:02:14] METRIC retransmission_count=14
[2026-08-04T08:02:14] METRIC throughput_gbps=7.9064
[2026-08-04T08:02:14] METRIC latency_ms=14.1886
[2026-08-04T08:02:14] RUN_END status=OK
[2026-08-04T08:03:06] RUN_START run_id=LINKSENS_uDCN_141
[2026-08-04T08:03:06] PARAM implementation=uDCN
[2026-08-04T08:03:06] METRIC link_bandwidth_gbps=10.0
[2026-08-04T08:03:06] METRIC base_rtt_ms=5.0
[2026-08-04T08:03:06] METRIC packet_loss_pct=4.1787
[2026-08-04T08:03:06] METRIC retransmission_count=17
[2026-08-04T08:03:06] METRIC throughput_gbps=7.5766
[2026-08-04T08:03:06] METRIC latency_ms=13.0009
[2026-08-04T08:03:06] RUN_END status=OK
[2026-08-04T08:04:52] RUN_START run_id=LINKSENS_uDCN_142
[2026-08-04T08:04:52] PARAM implementation=uDCN
[2026-08-04T08:04:52] METRIC link_bandwidth_gbps=10.0
[2026-08-04T08:04:52] METRIC base_rtt_ms=5.0
[2026-08-04T08:04:52] METRIC packet_loss_pct=4.2085
[2026-08-04T08:04:52] METRIC retransmission_count=15
[2026-08-04T08:04:52] METRIC throughput_gbps=7.3553
[2026-08-04T08:04:52] METRIC latency_ms=13.8817
[2026-08-04T08:04:52] RUN_END status=OK
[2026-08-04T08:06:04] RUN_START run_id=LINKSENS_uDCN_143
[2026-08-04T08:06:04] PARAM implementation=uDCN
[2026-08-04T08:06:04] METRIC link_bandwidth_gbps=10.0
[2026-08-04T08:06:04] METRIC base_rtt_ms=5.0
[2026-08-04T08:06:04] METRIC packet_loss_pct=4.0375
[2026-08-04T08:06:04] METRIC retransmission_count=20
[2026-08-04T08:06:04] METRIC throughput_gbps=7.7729
[2026-08-04T08:06:04] METRIC latency_ms=13.3203
[2026-08-04T08:06:04] RUN_END status=OK
[2026-08-04T08:09:37] RUN_START run_id=LINKSENS_uDCN_144
[2026-08-04T08:09:37] PARAM implementation=uDCN
[2026-08-04T08:09:37] METRIC link_bandwidth_gbps=10.0
[2026-08-04T08:09:37] METRIC base_rtt_ms=5.0
[2026-08-04T08:09:37] METRIC packet_loss_pct=1.075
[2026-08-04T08:09:37] METRIC retransmission_count=4
[2026-08-04T08:09:37] METRIC throughput_gbps=8.1176
[2026-08-04T08:09:37] METRIC latency_ms=13.323
[2026-08-04T08:09:37] RUN_END status=OK
[2026-08-04T08:14:23] RUN_START run_id=LINKSENS_uDCN_145
[2026-08-04T08:14:23] PARAM implementation=uDCN
[2026-08-04T08:14:23] METRIC link_bandwidth_gbps=10.0
[2026-08-04T08:14:23] METRIC base_rtt_ms=5.0
[2026-08-04T08:14:23] METRIC packet_loss_pct=2.1343
[2026-08-04T08:14:23] METRIC retransmission_count=8
[2026-08-04T08:14:23] METRIC throughput_gbps=8.4676
[2026-08-04T08:14:23] METRIC latency_ms=14.2931
[2026-08-04T08:14:23] RUN_END status=OK
