[2026-08-03T02:09:53] RUN_START run_id=LINKSENS_PythonNDN_043
[2026-08-03T02:09:53] PARAM implementation=PythonNDN
[2026-08-03T02:09:53] METRIC link_bandwidth_gbps=10.0
[2026-08-03T02:09:53] METRIC base_rtt_ms=5.0
[2026-08-03T02:09:53] METRIC packet_loss_pct=1.376
[2026-08-03T02:09:53] METRIC retransmission_count=3
[2026-08-03T02:09:53] METRIC throughput_gbps=0.6388
[2026-08-03T02:09:53] METRIC latency_ms=30.4988
[2026-08-03T02:09:53] RUN_END status=OK
[2026-08-03T02:11:34] RUN_START run_id=LINKSENS_PythonNDN_044
[2026-08-03T02:11:34] PARAM implementation=PythonNDN
[2026-08-03T02:11:34] METRIC link_bandwidth_gbps=10.0
[2026-08-03T02:11:34] METRIC base_rtt_ms=5.0
[2026-08-03T02:11:34] METRIC packet_loss_pct=3.3027
[2026-08-03T02:11:34] METRIC retransmission_count=10
[2026-08-03T02:11:34] METRIC throughput_gbps=0.5616
[2026-08-03T02:11:34] METRIC latency_ms=34.6522
[2026-08-03T02:11:34] RUN_END status=OK
[2026-08-03T02:14:37] RUN_START run_id=LINKSENS_PythonNDN_045
[2026-08-03T02:14:37] PARAM implementation=PythonNDN
[2026-08-03T02:14:37] METRIC link_bandwidth_gbps=10.0
[2026-08-03T02:14:37] METRIC base_rtt_ms=5.0
[2026-08-03T02:14:37] METRIC packet_loss_pct=2.9399
[2026-08-03T02:14:37] METRIC retransmission_count=10
[2026-08-03T02:14:37] METRIC throughput_gbps=0.5633
[2026-08-03T02:14:37] METRIC latency_ms=36.15
[2026-08-03T02:14:37] RUN_END status=OK
[2026-08-03T02:15:35] RUN_START run_id=LINKSENS_PythonNDN_046
[2026-08-03T02:15:35] PARAM implementation=PythonNDN
[2026-08-03T02:15:35] METRIC link_bandwidth_gbps=10.0
[2026-08-03T02:15:35] METRIC base_rtt_ms=5.0
[2026-08-03T02:15:35] METRIC packet_loss_pct=2.7026
[2026-08-03T02:15:35] METRIC retransmission_count=10
[2026-08-03T02:15:35] METRIC throughput_gbps=0.5627
[2026-08-03T02:15:35] METRIC latency_ms=32.0073
[2026-08-03T02:15:35] RUN_END status=OK
[2026-08-03T02:17:28] RUN_START run_id=LINKSENS_PythonNDN_047
[2026-08-03T02:17:28] PARAM implementation=PythonNDN
[2026-08-03T02:17:28] METRIC link_bandwidth_gbps=10.0
[2026-08-03T02:17:28] METRIC base_rtt_ms=5.0
[2026-08-03T02:17:28] METRIC packet_loss_pct=3.2198
[2026-08-03T02:17:28] METRIC retransmission_count=19
[2026-08-03T02:17:28] METRIC throughput_gbps=0.571
[2026-08-03T02:17:28] METRIC latency_ms=35.3847
[2026-08-03T02:17:28] RUN_END status=OK
[2026-08-03T02:18:45] RUN_START run_id=LINKSENS_PythonNDN_048
[2026-08-03T02:18:45] PARAM implementation=PythonNDN
[2026-08-03T02:18:45] METRIC link_bandwidth_gbps=10.0
[2026-08-03T02:18:45] METRIC base_rtt_ms=5.0
[2026-08-03T02:18:45] METRIC packet_loss_pct=3.4286
[2026-08-03T02:18:45] METRIC retransmission_count=4
[2026-08-03T02:18:45] METRIC throughput_gbps=0.5301
[2026-08-03T02:18:45] METRIC latency_ms=37.3897
[2026-08-03T02:18:45] RUN_END status=OK
[2026-08-03T02:21:56] RUN_START run_id=LINKSENS_PythonNDN_049
[2026-08-03T02:21:56] PARAM implementation=PythonNDN
[2026-08-03T02:21:56] METRIC link_bandwidth_gbps=10.0
[2026-08-03T02:21:56] METRIC base_rtt_ms=5.0
[2026-08-03T02:21:56] METRIC packet_loss_pct=3.6849
[2026-08-03T02:21:56] METRIC retransmission_count=15
[2026-08-03T02:21:56] METRIC throughput_gbps=0.5185
[2026-08-03T02:21:56] METRIC latency_ms=37.1354
[2026-08-03T02:21:56] RUN_END status=OK
[2026-08-03T02:23:58] RUN_START run_id=LINKSENS_PythonNDN_050
[2026-08-03T02:23:58] PARAM implementation=PythonNDN
[2026-08-03T02:23:58] METRIC link_bandwidth_gbps=10.0
[2026-08-03T02:23:58] METRIC base_rtt_ms=5.0
[2026-08-03T02:23:58] METRIC packet_loss_pct=1.7029
[2026-08-03T02:23:58] METRIC retransmission_count=7
[2026-08-03T02:23:58] METRIC throughput_gbps=0.6092
[2026-08-03T02:23:58] METRIC latency_ms=33.1227
[2026-08-03T02:23:58] RUN_END status=OK
[2026-08-03T02:28:10] RUN_START run_id=LINKSENS_PythonNDN_051
[2026-08-03T02:28:10] PARAM implementation=PythonNDN
[2026-08-03T02:28:10] METRIC link_bandwidth_gbps=10.0
[2026-08-03T02:28:10] METRIC base_rtt_ms=5.0
[2026-08-03T02:28:10] METRIC packet_loss_pct=1.117
[2026-08-03T02:28:10] METRIC retransmission_count=2
[2026-08-03T02:28:10] METRIC throughput_gbps=0.6558
[2026-08-03T02:28:10] METRIC latency_ms=29.0713
[2026-08-03T02:28:10] RUN_END status=OK
[2026-08-03T02:30:54] RUN_START run_id=LINKSENS_PythonNDN_052
[2026-08-03T02:30:54] PARAM implementation=PythonNDN
[2026-08-03T02:30:54] METRIC link_bandwidth_gbps=10.0
[2026-08-03T02:30:54] METRIC base_rtt_ms=5.0
[2026-08-03T02:30:54] METRIC packet_loss_pct=0.8108
[2026-08-03T02:30:54] METRIC retransmission_count=5
[2026-08-03T02:30:54] METRIC throughput_gbps=0.6536
[2026-08-03T02:30:54] METRIC latency_ms=31.4208
[2026-08-03T02:30:54] RUN_END status=OK
[2026-08-03T02:33:02] RUN_START run_id=LINKSENS_PythonNDN_053
[2026-08-03T02:33:02] PARAM implementation=PythonNDN
[2026-08-03T02:33:02] METRIC link_bandwidth_gbps=10.0
[2026-08-03T02:33:02] METRIC base_rtt_ms=5.0
[2026-08-03T02:33:02] METRIC packet_loss_pct=1.9421
[2026-08-03T02:33:02] METRIC retransmission_count=9
[2026-08-03T02:33:02] METRIC throughput_gbps=0.606
[2026-08-03T02:33:02] METRIC latency_ms=34.0043
[2026-08-03T02:33:02] RUN_END status=OK
[2026-08-03T02:35:14] RUN_START run_id=LINKSENS_PythonNDN_054
[2026-08-03T02:35:14] PARAM implementation=PythonNDN
[2026-08-03T02:35:14] METRIC link_bandwidth_gbps=10.0
[2026-08-03T02:35:14] METRIC base_rtt_ms=5.0
[2026-08-03T02:35:14] METRIC packet_loss_pct=2.1127
[2026-08-03T02:35:14] METRIC retransmission_count=4
[2026-08-03T02:35:14] METRIC throughput_gbps=0.5876
[2026-08-03T02:35:14] METRIC latency_ms=30.5658
[2026-08-03T02:35:14] RUN_END status=OK
[2026-08-03T02:36:28] RUN_START run_id=LINKSENS_PythonNDN_055
[2026-08-03T02:36:28] PARAM implementation=PythonNDN
[2026-08-03T02:36:28] METRIC link_bandwidth_gbps=10.0
[2026-08-03T02:36:28] METRIC base_rtt_ms=5.0
[2026-08-03T02:36:28] METRIC packet_loss_pct=4.315
[2026-08-03T02:36:28] METRIC retransmission_count=17
[2026-08-03T02:36:28] METRIC throughput_gbps=0.5127
[2026-08-03T02:36:28] METRIC latency_ms=36.6409
[2026-08-03T02:36:28] RUN_END status=OK
[2026-08-03T02:38:17] RUN_START run_id=LINKSENS_PythonNDN_056
[2026-08-03T02:38:17] PARAM implementation=PythonNDN
[2026-08-03T02:38:17] METRIC link_bandwidth_gbps=10.0
[2026-08-03T02:38:17] METRIC base_rtt_ms=5.0
[2026-08-03T02:38:17] METRIC packet_loss_pct=2.6046
[2026-08-03T02:38:17] METRIC retransmission_count=6
[2026-08-03T02:38:17] METRIC throughput_gbps=0.5866
[2026-08-03T02:38:17] METRIC latency_ms=36.0939
[2026-08-03T02:38:17] RUN_END status=OK
