[2026-08-08T02:24:12] RUN_START run_id=LINKSENS_NFD_128
[2026-08-08T02:24:12] PARAM implementation=NFD
[2026-08-08T02:24:12] METRIC link_bandwidth_gbps=10.0
[2026-08-08T02:24:12] METRIC base_rtt_ms=5.0
[2026-08-08T02:24:12] METRIC packet_loss_pct=1.1177
[2026-08-08T02:24:12] METRIC retransmission_count=3
[2026-08-08T02:24:12] METRIC throughput_gbps=2.7297
[2026-08-08T02:24:12] METRIC latency_ms=19.4149
[2026-08-08T02:24:12] RUN_END status=OK
[2026-08-08T02:24:28] RUN_START run_id=LINKSENS_CCNlite_069
[2026-08-08T02:24:28] PARAM implementation=CCNlite
[2026-08-08T02:24:28] METRIC link_bandwidth_gbps=10.0
[2026-08-08T02:24:28] METRIC base_rtt_ms=5.0
[2026-08-08T02:24:28] METRIC packet_loss_pct=0.7604
[2026-08-08T02:24:28] METRIC retransmission_count=3
[2026-08-08T02:24:28] METRIC throughput_gbps=2.1402
[2026-08-08T02:24:28] METRIC latency_ms=17.4698
[2026-08-08T02:24:28] RUN_END status=OK
[2026-08-08T02:25:29] RUN_START run_id=LINKSENS_NFD_129
[2026-08-08T02:25:29] PARAM implementation=NFD
[2026-08-08T02:25:29] METRIC link_bandwidth_gbps=10.0
[2026-08-08T02:25:29] METRIC base_rtt_ms=5.0
[2026-08-08T02:25:29] METRIC packet_loss_pct=0.2958
[2026-08-08T02:25:29] METRIC retransmission_count=3
[2026-08-08T02:25:29] METRIC throughput_gbps=2.7873
[2026-08-08T02:25:29] METRIC latency_ms=16.7113
[2026-08-08T02:25:29] RUN_END status=OK
[2026-08-08T02:25:59] RUN_START run_id=LINKSENS_CCNlite_070
[2026-08-08T02:25:59] PARAM implementation=CCNlite
[2026-08-08T02:25:59] METRIC link_bandwidth_gbps=10.0
[2026-08-08T02:25:59] METRIC base_rtt_ms=5.0
[2026-08-08T02:25:59] METRIC packet_loss_pct=2.3079
[2026-08-08T02:25:59] METRIC retransmission_count=5
[2026-08-08T02:25:59] METRIC throughput_gbps=1.9769
[2026-08-08T02:25:59] METRIC latency_ms=20.5778
[2026-08-08T02:25:59] RUN_END status=OK
[2026-08-08T02:27:51] RUN_START run_id=LINKSENS_NFD_130
[2026-08-08T02:27:51] PARAM implementation=NFD
[2026-08-08T02:27:51] METRIC link_bandwidth_gbps=10.0
[2026-08-08T02:27:51] METRIC base_rtt_ms=5.0
[2026-08-08T02:27:51] METRIC packet_loss_pct=4.5415
[2026-08-08T02:27:51] METRIC retransmission_count=20
[2026-08-08T02:27:51] METRIC throughput_gbps=1.9764
[2026-08-08T02:27:51] METRIC latency_ms=22.8954
[2026-08-08T02:27:51] RUN_END status=OK
[2026-08-08T02:30:52] RUN_START run_id=LINKSENS_CCNlite_071
[2026-08-08T02:30:52] PARAM implementation=CCNlite
[2026-08-08T02:30:52] METRIC link_bandwidth_gbps=10.0
[2026-08-08T02:30:52] METRIC base_rtt_ms=5.0
[2026-08-08T02:30:52] METRIC packet_loss_pct=4.2776
[2026-08-08T02:30:52] METRIC retransmission_count=17
[2026-08-08T02:30:52] METRIC throughput_gbps=1.6578
[2026-08-08T02:30:52] METRIC latency_ms=22.4751
[2026-08-08T02:30:52] RUN_END status=OK
[2026-08-08T02:32:33] RUN_START run_id=LINKSENS_NFD_131
[2026-08-08T02:32:33] PARAM implementation=NFD
[2026-08-08T02:32:33] METRIC link_bandwidth_gbps=10.0
[2026-08-08T02:32:33] METRIC base_rtt_ms=5.0
[2026-08-08T02:32:33] METRIC packet_loss_pct=3.3114
[2026-08-08T02:32:33] METRIC retransmission_count=18
[2026-08-08T02:32:33] METRIC throughput_gbps=2.1367
[2026-08-08T02:32:33] METRIC latency_ms=21.1893
[2026-08-08T02:32:33] RUN_END status=OK
[2026-08-08T02:34:53] RUN_START run_id=LINKSENS_NFD_132
[2026-08-08T02:34:53] PARAM implementation=NFD
[2026-08-08T02:34:53] METRIC link_bandwidth_gbps=10.0
[2026-08-08T02:34:53] METRIC base_rtt_ms=5.0
[2026-08-08T02:34:53] METRIC packet_loss_pct=2.1953
[2026-08-08T02:34:53] METRIC retransmission_count=8
[2026-08-08T02:34:53] METRIC throughput_gbps=2.5515
[2026-08-08T02:34:53] METRIC latency_ms=20.1202
[2026-08-08T02:34:53] RUN_END status=OK
[2026-08-08T02:35:20] RUN_START run_id=LINKSENS_CCNlite_072
[2026-08-08T02:35:20] PARAM implementation=CCNlite
[2026-08-08T02:35:20] METRIC link_bandwidth_gbps=10.0
[2026-08-08T02:35:20] METRIC base_rtt_ms=5.0
[2026-08-08T02:35:20] METRIC packet_loss_pct=0.9271
[2026-08-08T02:35:20] METRIC retransmission_count=4
[2026-08-08T02:35:20] METRIC throughput_gbps=2.1868
[2026-08-08T02:35:20] METRIC latency_ms=18.0271
[2026-08-08T02:35:20] RUN_END status=OK
[2026-08-08T02:36:15] RUN_START run_id=LINKSENS_NFD_133
[2026-08-08T02:36:15] PARAM implementation=NFD
[2026-08-08T02:36:15] METRIC link_bandwidth_gbps=10.0
[2026-08-08T02:36:15] METRIC base_rtt_ms=5.0
[2026-08-08T02:36:15] METRIC packet_loss_pct=3.4313
[2026-08-08T02:36:15] METRIC retransmission_count=16
[2026-08-08T02:36:15] METRIC throughput_gbps=2.1939
[2026-08-08T02:36:15] METRIC latency_ms=22.1933
[2026-08-08T02:36:15] RUN_END status=OK
[2026-08-08T02:38:33] RUN_START run_id=LINKSENS_NFD_134
[2026-08-08T02:38:33] PARAM implementation=NFD
[2026-08-08T02:38:33] METRIC link_bandwidth_gbps=10.0
[2026-08-08T02:38:33] METRIC base_rtt_ms=5.0
[2026-08-08T02:38:33] METRIC packet_loss_pct=2.3702
[2026-08-08T02:38:33] METRIC retransmission_count=12
[2026-08-08T02:38:33] METRIC throughput_gbps=2.4047
[2026-08-08T02:38:33] METRIC latency_ms=19.7569
[2026-08-08T02:38:33] RUN_END status=OK
[2026-08-08T02:39:20] RUN_START run_id=LINKSENS_CCNlite_073
[2026-08-08T02:39:20] PARAM implementation=CCNlite
[2026-08-08T02:39:20] METRIC link_bandwidth_gbps=10.0
[2026-08-08T02:39:20] METRIC base_rtt_ms=5.0
[2026-08-08T02:39:20] METRIC packet_loss_pct=0.1287
[2026-08-08T02:39:20] METRIC retransmission_count=0
[2026-08-08T02:39:20] METRIC throughput_gbps=2.2559
[2026-08-08T02:39:20] METRIC latency_ms=15.7375
[2026-08-08T02:39:20] RUN_END status=OK
[2026-08-08T02:40:46] RUN_START run_id=LINKSENS_CCNlite_074
[2026-08-08T02:40:46] PARAM implementation=CCNlite
[2026-08-08T02:40:46] METRIC link_bandwidth_gbps=10.0
[2026-08-08T02:40:46] METRIC base_rtt_ms=5.0
[2026-08-08T02:40:46] METRIC packet_loss_pct=1.0984
[2026-08-08T02:40:46] METRIC retransmission_count=4
[2026-08-08T02:40:46] METRIC throughput_gbps=2.1376
[2026-08-08T02:40:46] METRIC latency_ms=17.777
[2026-08-08T02:40:46] RUN_END status=OK
[2026-08-08T02:41:31] RUN_START run_id=LINKSENS_NFD_135
[2026-08-08T02:41:31] PARAM implementation=NFD
[2026-08-08T02:41:31] METRIC link_bandwidth_gbps=10.0
[2026-08-08T02:41:31] METRIC base_rtt_ms=5.0
[2026-08-08T02:41:31] METRIC packet_loss_pct=2.0658
[2026-08-08T02:41:31] METRIC retransmission_count=9
[2026-08-08T02:41:31] METRIC throughput_gbps=2.5045
[2026-08-08T02:41:31] METRIC latency_ms=18.6562
[2026-08-08T02:41:31] RUN_END status=OK
[2026-08-08T02:44:09] RUN_START run_id=LINKSENS_NFD_136
[2026-08-08T02:44:09] PARAM implementation=NFD
[2026-08-08T02:44:09] METRIC link_bandwidth_gbps=10.0
[2026-08-08T02:44:09] METRIC base_rtt_ms=5.0
[2026-08-08T02:44:09] METRIC packet_loss_pct=0.0664
[2026-08-08T02:44:09] METRIC retransmission_count=0
[2026-08-08T02:44:09] METRIC throughput_gbps=2.7466
[2026-08-08T02:44:09] METRIC latency_ms=16.4366
[2026-08-08T02:44:09] RUN_END status=OK
[2026-08-08T02:44:12] RUN_START run_id=LINKSENS_CCNlite_075
[2026-08-08T02:44:12] PARAM implementation=CCNlite
[2026-08-08T02:44:12] METRIC link_bandwidth_gbps=10.0
[2026-08-08T02:44:12] METRIC base_rtt_ms=5.0
[2026-08-08T02:44:12] METRIC packet_loss_pct=3.9925
[2026-08-08T02:44:12] METRIC retransmission_count=15
[2026-08-08T02:44:12] METRIC throughput_gbps=1.7267
[2026-08-08T02:44:12] METRIC latency_ms=22.4104
[2026-08-08T02:44:12] RUN_END status=OK
[2026-08-08T02:45:35] RUN_START run_id=LINKSENS_NFD_137
[2026-08-08T02:45:35] PARAM implementation=NFD
[2026-08-08T02:45:35] METRIC link_bandwidth_gbps=10.0
[2026-08-08T02:45:35] METRIC base_rtt_ms=5.0
[2026-08-08T02:45:35] METRIC packet_loss_pct=4.6161
[2026-08-08T02:45:35] METRIC retransmission_count=14
[2026-08-08T02:45:35] METRIC throughput_gbps=2.0082
[2026-08-08T02:45:35] METRIC latency_ms=22.6901
[2026-08-08T02:45:35] RUN_END status=OK
