[2026-08-01T11:28:39] RUN_START run_id=LINKSENS_NFD_012
[2026-08-01T11:28:39] PARAM implementation=NFD
[2026-08-01T11:28:39] METRIC link_bandwidth_gbps=10.0
[2026-08-01T11:28:39] METRIC base_rtt_ms=5.0
[2026-08-01T11:28:39] METRIC packet_loss_pct=0.7506
[2026-08-01T11:28:39] METRIC retransmission_count=2
[2026-08-01T11:28:39] METRIC throughput_gbps=2.6803
[2026-08-01T11:28:39] METRIC latency_ms=18.2031
[2026-08-01T11:28:39] RUN_END status=OK
[2026-08-01T11:29:31] RUN_START run_id=LINKSENS_NFD_013
[2026-08-01T11:29:31] PARAM implementation=NFD
[2026-08-01T11:29:31] METRIC link_bandwidth_gbps=10.0
[2026-08-01T11:29:31] METRIC base_rtt_ms=5.0
[2026-08-01T11:29:31] METRIC packet_loss_pct=2.2541
[2026-08-01T11:29:31] METRIC retransmission_count=15
[2026-08-01T11:29:31] METRIC throughput_gbps=2.4222
[2026-08-01T11:29:31] METRIC latency_ms=20.2242
[2026-08-01T11:29:31] RUN_END status=OK
[2026-08-01T11:32:25] RUN_START run_id=LINKSENS_NFD_014
[2026-08-01T11:32:25] PARAM implementation=NFD
[2026-08-01T11:32:25] METRIC link_bandwidth_gbps=10.0
[2026-08-01T11:32:25] METRIC base_rtt_ms=5.0
[2026-08-01T11:32:25] METRIC packet_loss_pct=4.9
[2026-08-01T11:32:25] METRIC retransmission_count=22
[2026-08-01T11:32:25] METRIC throughput_gbps=1.976
[2026-08-01T11:32:25] METRIC latency_ms=23.5964
[2026-08-01T11:32:25] RUN_END status=OK
[2026-08-01T11:34:13] RUN_START run_id=LINKSENS_NFD_015
[2026-08-01T11:34:13] PARAM implementation=NFD
[2026-08-01T11:34:13] METRIC link_bandwidth_gbps=10.0
[2026-08-01T11:34:13] METRIC base_rtt_ms=5.0
[2026-08-01T11:34:13] METRIC packet_loss_pct=3.0429
[2026-08-01T11:34:13] METRIC retransmission_count=10
[2026-08-01T11:34:13] METRIC throughput_gbps=2.3373
[2026-08-01T11:34:13] METRIC latency_ms=21.1052
[2026-08-01T11:34:13] RUN_END status=OK
[2026-08-01T18:00:00] RUN_START run_id=LINKSENS_PythonNDN_001
[2026-08-01T18:00:00] PARAM implementation=PythonNDN
[2026-08-01T18:00:00] METRIC link_bandwidth_gbps=10.0
[2026-08-01T18:00:00] METRIC base_rtt_ms=5.0
[2026-08-01T18:00:00] METRIC packet_loss_pct=0.7546
[2026-08-01T18:00:00] METRIC retransmission_count=8
[2026-08-01T18:00:00] METRIC throughput_gbps=0.7079
[2026-08-01T18:00:00] METRIC latency_ms=30.1386
[2026-08-01T18:00:00] RUN_END status=OK
[2026-08-01T18:01:00] RUN_START run_id=LINKSENS_PythonNDN_002
[2026-08-01T18:01:00] PARAM implementation=PythonNDN
[2026-08-01T18:01:00] METRIC link_bandwidth_gbps=10.0
[2026-08-01T18:01:00] METRIC base_rtt_ms=5.0
[2026-08-01T18:01:00] METRIC packet_loss_pct=3.75
[2026-08-01T18:01:00] METRIC retransmission_count=15
[2026-08-01T18:01:00] METRIC throughput_gbps=0.5146
[2026-08-01T18:01:00] METRIC latency_ms=37.8075
[2026-08-01T18:01:00] RUN_END status=OK
[2026-08-01T18:04:33] RUN_START run_id=LINKSENS_PythonNDN_003
[2026-08-01T18:04:33] PARAM implementation=PythonNDN
[2026-08-01T18:04:33] METRIC link_bandwidth_gbps=10.0
[2026-08-01T18:04:33] METRIC base_rtt_ms=5.0
[2026-08-01T18:04:33] METRIC packet_loss_pct=4.8667
[2026-08-01T18:04:33] METRIC retransmission_count=27
[2026-08-01T18:04:33] METRIC throughput_gbps=0.5002
[2026-08-01T18:04:33] METRIC latency_ms=36.808
[2026-08-01T18:04:33] RUN_END status=OK
[2026-08-01T18:06:57] RUN_START run_id=LINKSENS_PythonNDN_004
[2026-08-01T18:06:57] PARAM implementation=PythonNDN
[2026-08-01T18:06:57] METRIC link_bandwidth_gbps=10.0
[2026-08-01T18:06:57] METRIC base_rtt_ms=5.0
[2026-08-01T18:06:57] METRIC packet_loss_pct=4.4365
[2026-08-01T18:06:57] METRIC retransmission_count=14
[2026-08-01T18:06:57] METRIC throughput_gbps=0.5122
[2026-08-01T18:06:57] METRIC latency_ms=39.5562
[2026-08-01T18:06:57] RUN_END status=OK
[2026-08-01T18:07:52] RUN_START run_id=LINKSENS_PythonNDN_005
[2026-08-01T18:07:52] PARAM implementation=PythonNDN
[2026-08-01T18:07:52] METRIC link_bandwidth_gbps=10.0
[2026-08-01T18:07:52] METRIC base_rtt_ms=5.0
[2026-08-01T18:07:52] METRIC packet_loss_pct=1.6433
[2026-08-01T18:07:52] METRIC retransmission_count=5
[2026-08-01T18:07:52] METRIC throughput_gbps=0.6157
[2026-08-01T18:07:52] METRIC latency_ms=30.8469
[2026-08-01T18:07:52] RUN_END status=OK
[2026-08-01T18:10:04] RUN_START run_id=LINKSENS_PythonNDN_006
[2026-08-01T18:10:04] PARAM implementation=PythonNDN
[2026-08-01T18:10:04] METRIC link_bandwidth_gbps=10.0
[2026-08-01T18:10:04] METRIC base_rtt_ms=5.0
[2026-08-01T18:10:04] METRIC packet_loss_pct=3.0367
[2026-08-01T18:10:04] METRIC retransmission_count=13
[2026-08-01T18:10:04] METRIC throughput_gbps=0.5896
[2026-08-01T18:10:04] METRIC latency_ms=33.8697
[2026-08-01T18:10:04] RUN_END status=OK
[2026-08-01T18:12:48] RUN_START run_id=LINKSENS_PythonNDN_007
[2026-08-01T18:12:48] PARAM implementation=PythonNDN
[2026-08-01T18:12:48] METRIC link_bandwidth_gbps=10.0
[2026-08-01T18:12:48] METRIC base_rtt_ms=5.0
[2026-08-01T18:12:48] METRIC packet_loss_pct=3.6065
[2026-08-01T18:12:48] METRIC retransmission_count=11
[2026-08-01T18:12:48] METRIC throughput_gbps=0.5366
[2026-08-01T18:12:48] METRIC latency_ms=37.959
[2026-08-01T18:12:48] RUN_END status=OK
