[2026-08-03T23:16:02] RUN_START run_id=LINKSENS_NFD_053
[2026-08-03T23:16:02] PARAM implementation=NFD
[2026-08-03T23:16:02] METRIC link_bandwidth_gbps=10.0
[2026-08-03T23:16:02] METRIC base_rtt_ms=5.0
[2026-08-03T23:16:02] METRIC packet_loss_pct=0.7183
[2026-08-03T23:16:02] METRIC retransmission_count=1
[2026-08-03T23:16:02] METRIC throughput_gbps=2.6124
[2026-08-03T23:16:02] METRIC latency_ms=17.1285
[2026-08-03T23:16:02] RUN_END status=OK
[2026-08-03T23:16:19] RUN_START run_id=LINKSENS_uDCN_102
[2026-08-03T23:16:19] PARAM implementation=uDCN
[2026-08-03T23:16:19] METRIC link_bandwidth_gbps=10.0
[2026-08-03T23:16:19] METRIC base_rtt_ms=5.0
[2026-08-03T23:16:19] METRIC packet_loss_pct=1.9153
[2026-08-03T23:16:19] METRIC retransmission_count=12
[2026-08-03T23:16:19] METRIC throughput_gbps=7.8709
[2026-08-03T23:16:19] METRIC latency_ms=13.5086
[2026-08-03T23:16:19] RUN_END status=OK
[2026-08-03T23:16:44] RUN_START run_id=LINKSENS_NFD_054
[2026-08-03T23:16:44] PARAM implementation=NFD
[2026-08-03T23:16:44] METRIC link_bandwidth_gbps=10.0
[2026-08-03T23:16:44] METRIC base_rtt_ms=5.0
[2026-08-03T23:16:44] METRIC packet_loss_pct=1.3675
[2026-08-03T23:16:44] METRIC retransmission_count=10
[2026-08-03T23:16:44] METRIC throughput_gbps=2.6624
[2026-08-03T23:16:44] METRIC latency_ms=19.1695
[2026-08-03T23:16:44] RUN_END status=OK
[2026-08-03T23:18:06] RUN_START run_id=LINKSENS_uDCN_103
[2026-08-03T23:18:06] PARAM implementation=uDCN
[2026-08-03T23:18:06] METRIC link_bandwidth_gbps=10.0
[2026-08-03T23:18:06] METRIC base_rtt_ms=5.0
[2026-08-03T23:18:06] METRIC packet_loss_pct=2.0384
[2026-08-03T23:18:06] METRIC retransmission_count=4
[2026-08-03T23:18:06] METRIC throughput_gbps=7.4885
[2026-08-03T23:18:06] METRIC latency_ms=14.0402
[2026-08-03T23:18:06] RUN_END status=OK
[2026-08-03T23:19:10] RUN_START run_id=LINKSENS_NFD_055
[2026-08-03T23:19:10] PARAM implementation=NFD
[2026-08-03T23:19:10] METRIC link_bandwidth_gbps=10.0
[2026-08-03T23:19:10] METRIC base_rtt_ms=5.0
[2026-08-03T23:19:10] METRIC packet_loss_pct=3.4621
[2026-08-03T23:19:10] METRIC retransmission_count=16
[2026-08-03T23:19:10] METRIC throughput_gbps=2.2231
[2026-08-03T23:19:10] METRIC latency_ms=21.663
[2026-08-03T23:19:10] RUN_END status=OK
[2026-08-03T23:19:52] RUN_START run_id=LINKSENS_uDCN_104
[2026-08-03T23:19:52] PARAM implementation=uDCN
[2026-08-03T23:19:52] METRIC link_bandwidth_gbps=10.0
[2026-08-03T23:19:52] METRIC base_rtt_ms=5.0
[2026-08-03T23:19:52] METRIC packet_loss_pct=4.7921
[2026-08-03T23:19:52] METRIC retransmission_count=17
[2026-08-03T23:19:52] METRIC throughput_gbps=7.4621
[2026-08-03T23:19:52] METRIC latency_ms=13.4826
[2026-08-03T23:19:52] RUN_END status=OK
[2026-08-03T23:22:38] RUN_START run_id=LINKSENS_uDCN_105
[2026-08-03T23:22:38] PARAM implementation=uDCN
[2026-08-03T23:22:38] METRIC link_bandwidth_gbps=10.0
[2026-08-03T23:22:38] METRIC base_rtt_ms=5.0
[2026-08-03T23:22:38] METRIC packet_loss_pct=3.3372
[2026-08-03T23:22:38] METRIC retransmission_count=14
[2026-08-03T23:22:38] METRIC throughput_gbps=7.7408
[2026-08-03T23:22:38] METRIC latency_ms=13.6604
[2026-08-03T23:22:38] RUN_END status=OK
[2026-08-03T23:23:14] RUN_START run_id=LINKSENS_NFD_056
[2026-08-03T23:23:14] PARAM implementation=NFD
[2026-08-03T23:23:14] METRIC link_bandwidth_gbps=10.0
[2026-08-03T23:23:14] METRIC base_rtt_ms=5.0
[2026-08-03T23:23:14] METRIC packet_loss_pct=1.7958
[2026-08-03T23:23:14] METRIC retransmission_count=6
[2026-08-03T23:23:14] METRIC throughput_gbps=2.5591
[2026-08-03T23:23:14] METRIC latency_ms=20.0135
[2026-08-03T23:23:14] RUN_END status=OK
[2026-08-03T23:26:36] RUN_START run_id=LINKSENS_uDCN_106
[2026-08-03T23:26:36] PARAM implementation=uDCN
[2026-08-03T23:26:36] METRIC link_bandwidth_gbps=10.0
[2026-08-03T23:26:36] METRIC base_rtt_ms=5.0
[2026-08-03T23:26:36] METRIC packet_loss_pct=1.7793
[2026-08-03T23:26:36] METRIC retransmission_count=7
[2026-08-03T23:26:36] METRIC throughput_gbps=8.1728
[2026-08-03T23:26:36] METRIC latency_ms=12.4097
[2026-08-03T23:26:36] RUN_END status=OK
[2026-08-03T23:26:55] RUN_START run_id=LINKSENS_NFD_057
[2026-08-03T23:26:55] PARAM implementation=NFD
[2026-08-03T23:26:55] METRIC link_bandwidth_gbps=10.0
[2026-08-03T23:26:55] METRIC base_rtt_ms=5.0
[2026-08-03T23:26:55] METRIC packet_loss_pct=2.8567
[2026-08-03T23:26:55] METRIC retransmission_count=7
[2026-08-03T23:26:55] METRIC throughput_gbps=2.371
[2026-08-03T23:26:55] METRIC latency_ms=18.8533
[2026-08-03T23:26:55] RUN_END status=OK
[2026-08-03T23:29:17] RUN_START run_id=LINKSENS_uDCN_107
[2026-08-03T23:29:17] PARAM implementation=uDCN
[2026-08-03T23:29:17] METRIC link_bandwidth_gbps=10.0
[2026-08-03T23:29:17] METRIC base_rtt_ms=5.0
[2026-08-03T23:29:17] METRIC packet_loss_pct=4.3991
[2026-08-03T23:29:17] METRIC retransmission_count=17
[2026-08-03T23:29:17] METRIC throughput_gbps=7.9843
[2026-08-03T23:29:17] METRIC latency_ms=13.4685
[2026-08-03T23:29:17] RUN_END status=OK
[2026-08-03T23:30:44] RUN_START run_id=LINKSENS_uDCN_108
[2026-08-03T23:30:44] PARAM implementation=uDCN
[2026-08-03T23:30:44] METRIC link_bandwidth_gbps=10.0
[2026-08-03T23:30:44] METRIC base_rtt_ms=5.0
[2026-08-03T23:30:44] METRIC packet_loss_pct=0.938
[2026-08-03T23:30:44] METRIC retransmission_count=2
[2026-08-03T23:30:44] METRIC throughput_gbps=7.9859
[2026-08-03T23:30:44] METRIC latency_ms=13.2212
[2026-08-03T23:30:44] RUN_END status=OK
[2026-08-03T23:32:22] RUN_START run_id=LINKSENS_uDCN_109
[2026-08-03T23:32:22] PARAM implementation=uDCN
[2026-08-03T23:32:22] METRIC link_bandwidth_gbps=10.0
[2026-08-03T23:32:22] METRIC base_rtt_ms=5.0
[2026-08-03T23:32:22] METRIC packet_loss_pct=3.4767
[2026-08-03T23:32:22] METRIC retransmission_count=12
[2026-08-03T23:32:22] METRIC throughput_gbps=7.8126
[2026-08-03T23:32:22] METRIC latency_ms=12.999
[2026-08-03T23:32:22] RUN_END status=OK
[2026-08-03T23:32:51] RUN_START run_id=LINKSENS_NFD_058
[2026-08-03T23:32:51] PARAM implementation=NFD
[2026-08-03T23:32:51] METRIC link_bandwidth_gbps=10.0
[2026-08-03T23:32:51] METRIC base_rtt_ms=5.0
[2026-08-03T23:32:51] METRIC packet_loss_pct=4.7406
[2026-08-03T23:32:51] METRIC retransmission_count=25
[2026-08-03T23:32:51] METRIC throughput_gbps=2.0438
[2026-08-03T23:32:51] METRIC latency_ms=25.43
[2026-08-03T23:32:51] RUN_END status=OK
[2026-08-03T23:35:06] RUN_START run_id=LINKSENS_NFD_059
[2026-08-03T23:35:06] PARAM implementation=NFD
[2026-08-03T23:35:06] METRIC link_bandwidth_gbps=10.0
[2026-08-03T23:35:06] METRIC base_rtt_ms=5.0
[2026-08-03T23:35:06] METRIC packet_loss_pct=1.6127
[2026-08-03T23:35:06] METRIC retransmission_count=14
[2026-08-03T23:35:06] METRIC throughput_gbps=2.5018
[2026-08-03T23:35:06] METRIC latency_ms=17.3219
[2026-08-03T23:35:06] RUN_END status=OK
[2026-08-03T23:35:34] RUN_START run_id=LINKSENS_uDCN_110
[2026-08-03T23:35:34] PARAM implementation=uDCN
[2026-08-03T23:35:34] METRIC link_bandwidth_gbps=10.0
[2026-08-03T23:35:34] METRIC base_rtt_ms=5.0
[2026-08-03T23:35:34] METRIC packet_loss_pct=1.0108
[2026-08-03T23:35:34] METRIC retransmission_count=6
[2026-08-03T23:35:34] METRIC throughput_gbps=7.9304
[2026-08-03T23:35:34] METRIC latency_ms=12.8834
[2026-08-03T23:35:34] RUN_END status=OK
[2026-08-03T23:36:51] RUN_START run_id=LINKSENS_NFD_060
[2026-08-03T23:36:51] PARAM implementation=NFD
[2026-08-03T23:36:51] METRIC link_bandwidth_gbps=10.0
[2026-08-03T23:36:51] METRIC base_rtt_ms=5.0
[2026-08-03T23:36:51] METRIC packet_loss_pct=0.4374
[2026-08-03T23:36:51] METRIC retransmission_count=2
[2026-08-03T23:36:51] METRIC throughput_gbps=2.6943
[2026-08-03T23:36:51] METRIC latency_ms=16.9248
[2026-08-03T23:36:51] RUN_END status=OK
[2026-08-03T23:37:26] RUN_START run_id=LINKSENS_uDCN_111
[2026-08-03T23:37:26] PARAM implementation=uDCN
[2026-08-03T23:37:26] METRIC link_bandwidth_gbps=10.0
[2026-08-03T23:37:26] METRIC base_rtt_ms=5.0
[2026-08-03T23:37:26] METRIC packet_loss_pct=3.4266
[2026-08-03T23:37:26] METRIC retransmission_count=13
[2026-08-03T23:37:26] METRIC throughput_gbps=7.9428
[2026-08-03T23:37:26] METRIC latency_ms=13.9341
[2026-08-03T23:37:26] RUN_END status=OK
