[2026-08-03T15:23:05] RUN_START run_id=LINKSENS_uDCN_079
[2026-08-03T15:23:05] PARAM implementation=uDCN
[2026-08-03T15:23:05] METRIC link_bandwidth_gbps=10.0
[2026-08-03T15:23:05] METRIC base_rtt_ms=5.0
[2026-08-03T15:23:05] METRIC packet_loss_pct=1.9169
[2026-08-03T15:23:05] METRIC retransmission_count=5
[2026-08-03T15:23:05] METRIC throughput_gbps=8.1139
[2026-08-03T15:23:05] METRIC latency_ms=12.3132
[2026-08-03T15:23:05] RUN_END status=OK
[2026-08-03T15:24:57] RUN_START run_id=LINKSENS_uDCN_080
[2026-08-03T15:24:57] PARAM implementation=uDCN
[2026-08-03T15:24:57] METRIC link_bandwidth_gbps=10.0
[2026-08-03T15:24:57] METRIC base_rtt_ms=5.0
[2026-08-03T15:24:57] METRIC packet_loss_pct=4.7319
[2026-08-03T15:24:57] METRIC retransmission_count=25
[2026-08-03T15:24:57] METRIC throughput_gbps=7.7336
[2026-08-03T15:24:57] METRIC latency_ms=13.4747
[2026-08-03T15:24:57] RUN_END status=OK
[2026-08-03T15:25:22] RUN_START run_id=LINKSENS_PythonNDN_082
[2026-08-03T15:25:22] PARAM implementation=PythonNDN
[2026-08-03T15:25:22] METRIC link_bandwidth_gbps=10.0
[2026-08-03T15:25:22] METRIC base_rtt_ms=5.0
[2026-08-03T15:25:22] METRIC packet_loss_pct=3.8929
[2026-08-03T15:25:22] METRIC retransmission_count=18
[2026-08-03T15:25:22] METRIC throughput_gbps=0.5307
[2026-08-03T15:25:22] METRIC latency_ms=35.8503
[2026-08-03T15:25:22] RUN_END status=OK
[2026-08-03T15:26:33] RUN_START run_id=LINKSENS_PythonNDN_083
[2026-08-03T15:26:33] PARAM implementation=PythonNDN
[2026-08-03T15:26:33] METRIC link_bandwidth_gbps=10.0
[2026-08-03T15:26:33] METRIC base_rtt_ms=5.0
[2026-08-03T15:26:33] METRIC packet_loss_pct=3.053
[2026-08-03T15:26:33] METRIC retransmission_count=9
[2026-08-03T15:26:33] METRIC throughput_gbps=0.5489
[2026-08-03T15:26:33] METRIC latency_ms=35.2099
[2026-08-03T15:26:33] RUN_END status=OK
[2026-08-03T15:28:13] RUN_START run_id=LINKSENS_uDCN_081
[2026-08-03T15:28:13] PARAM implementation=uDCN
[2026-08-03T15:28:13] METRIC link_bandwidth_gbps=10.0
[2026-08-03T15:28:13] METRIC base_rtt_ms=5.0
[2026-08-03T15:28:13] METRIC packet_loss_pct=4.6044
[2026-08-03T15:28:13] METRIC retransmission_count=17
[2026-08-03T15:28:13] METRIC throughput_gbps=7.9204
[2026-08-03T15:28:13] METRIC latency_ms=13.862
[2026-08-03T15:28:13] RUN_END status=OK
[2026-08-03T15:28:55] RUN_START run_id=LINKSENS_PythonNDN_084
[2026-08-03T15:28:55] PARAM implementation=PythonNDN
[2026-08-03T15:28:55] METRIC link_bandwidth_gbps=10.0
[2026-08-03T15:28:55] METRIC base_rtt_ms=5.0
[2026-08-03T15:28:55] METRIC packet_loss_pct=3.3588
[2026-08-03T15:28:55] METRIC retransmission_count=9
[2026-08-03T15:28:55] METRIC throughput_gbps=0.5158
[2026-08-03T15:28:55] METRIC latency_ms=37.4899
[2026-08-03T15:28:55] RUN_END status=OK
[2026-08-03T15:29:42] RUN_START run_id=LINKSENS_uDCN_082
[2026-08-03T15:29:42] PARAM implementation=uDCN
[2026-08-03T15:29:42] METRIC link_bandwidth_gbps=10.0
[2026-08-03T15:29:42] METRIC base_rtt_ms=5.0
[2026-08-03T15:29:42] METRIC packet_loss_pct=4.0959
[2026-08-03T15:29:42] METRIC retransmission_count=16
[2026-08-03T15:29:42] METRIC throughput_gbps=7.69
[2026-08-03T15:29:42] METRIC latency_ms=13.4085
[2026-08-03T15:29:42] RUN_END status=OK
[2026-08-03T15:30:08] RUN_START run_id=LINKSENS_PythonNDN_085
[2026-08-03T15:30:08] PARAM implementation=PythonNDN
[2026-08-03T15:30:08] METRIC link_bandwidth_gbps=10.0
[2026-08-03T15:30:08] METRIC base_rtt_ms=5.0
[2026-08-03T15:30:08] METRIC packet_loss_pct=0.6793
[2026-08-03T15:30:08] METRIC retransmission_count=3
[2026-08-03T15:30:08] METRIC throughput_gbps=0.6427
[2026-08-03T15:30:08] METRIC latency_ms=29.9726
[2026-08-03T15:30:08] RUN_END status=OK
[2026-08-03T15:33:21] RUN_START run_id=LINKSENS_PythonNDN_086
[2026-08-03T15:33:21] PARAM implementation=PythonNDN
[2026-08-03T15:33:21] METRIC link_bandwidth_gbps=10.0
[2026-08-03T15:33:21] METRIC base_rtt_ms=5.0
[2026-08-03T15:33:21] METRIC packet_loss_pct=4.0235
[2026-08-03T15:33:21] METRIC retransmission_count=17
[2026-08-03T15:33:21] METRIC throughput_gbps=0.5025
[2026-08-03T15:33:21] METRIC latency_ms=38.5408
[2026-08-03T15:33:21] RUN_END status=OK
[2026-08-03T15:33:30] RUN_START run_id=LINKSENS_uDCN_083
[2026-08-03T15:33:30] PARAM implementation=uDCN
[2026-08-03T15:33:30] METRIC link_bandwidth_gbps=10.0
[2026-08-03T15:33:30] METRIC base_rtt_ms=5.0
[2026-08-03T15:33:30] METRIC packet_loss_pct=4.7042
[2026-08-03T15:33:30] METRIC retransmission_count=18
[2026-08-03T15:33:30] METRIC throughput_gbps=7.6307
[2026-08-03T15:33:30] METRIC latency_ms=12.7392
[2026-08-03T15:33:30] RUN_END status=OK
[2026-08-03T15:34:51] RUN_START run_id=LINKSENS_uDCN_084
[2026-08-03T15:34:51] PARAM implementation=uDCN
[2026-08-03T15:34:51] METRIC link_bandwidth_gbps=10.0
[2026-08-03T15:34:51] METRIC base_rtt_ms=5.0
[2026-08-03T15:34:51] METRIC packet_loss_pct=1.2011
[2026-08-03T15:34:51] METRIC retransmission_count=4
[2026-08-03T15:34:51] METRIC throughput_gbps=7.8295
[2026-08-03T15:34:51] METRIC latency_ms=12.3789
[2026-08-03T15:34:51] RUN_END status=OK
[2026-08-03T15:37:38] RUN_START run_id=LINKSENS_uDCN_085
[2026-08-03T15:37:38] PARAM implementation=uDCN
[2026-08-03T15:37:38] METRIC link_bandwidth_gbps=10.0
[2026-08-03T15:37:38] METRIC base_rtt_ms=5.0
[2026-08-03T15:37:38] METRIC packet_loss_pct=0.6179
[2026-08-03T15:37:38] METRIC retransmission_count=1
[2026-08-03T15:37:38] METRIC throughput_gbps=8.4325
[2026-08-03T15:37:38] METRIC latency_ms=12.7033
[2026-08-03T15:37:38] RUN_END status=OK
