[2026-08-09T23:06:36] RUN_START run_id=LINKSENS_CCNlite_113
[2026-08-09T23:06:36] PARAM implementation=CCNlite
[2026-08-09T23:06:36] METRIC link_bandwidth_gbps=10.0
[2026-08-09T23:06:36] METRIC base_rtt_ms=5.0
[2026-08-09T23:06:36] METRIC packet_loss_pct=2.9012
[2026-08-09T23:06:36] METRIC retransmission_count=13
[2026-08-09T23:06:36] METRIC throughput_gbps=1.8619
[2026-08-09T23:06:36] METRIC latency_ms=21.8701
[2026-08-09T23:06:36] RUN_END status=OK
[2026-08-09T23:08:43] RUN_START run_id=LINKSENS_CCNlite_114
[2026-08-09T23:08:43] PARAM implementation=CCNlite
[2026-08-09T23:08:43] METRIC link_bandwidth_gbps=10.0
[2026-08-09T23:08:43] METRIC base_rtt_ms=5.0
[2026-08-09T23:08:43] METRIC packet_loss_pct=4.6769
[2026-08-09T23:08:43] METRIC retransmission_count=22
[2026-08-09T23:08:43] METRIC throughput_gbps=1.634
[2026-08-09T23:08:43] METRIC latency_ms=24.2528
[2026-08-09T23:08:43] RUN_END status=OK
[2026-08-09T23:12:04] RUN_START run_id=LINKSENS_CCNlite_115
[2026-08-09T23:12:04] PARAM implementation=CCNlite
[2026-08-09T23:12:04] METRIC link_bandwidth_gbps=10.0
[2026-08-09T23:12:04] METRIC base_rtt_ms=5.0
[2026-08-09T23:12:04] METRIC packet_loss_pct=3.4735
[2026-08-09T23:12:04] METRIC retransmission_count=19
[2026-08-09T23:12:04] METRIC throughput_gbps=1.743
[2026-08-09T23:12:04] METRIC latency_ms=22.2251
[2026-08-09T23:12:04] RUN_END status=OK
[2026-08-09T23:16:47] RUN_START run_id=LINKSENS_CCNlite_116
[2026-08-09T23:16:47] PARAM implementation=CCNlite
[2026-08-09T23:16:47] METRIC link_bandwidth_gbps=10.0
[2026-08-09T23:16:47] METRIC base_rtt_ms=5.0
[2026-08-09T23:16:47] METRIC packet_loss_pct=3.8932
[2026-08-09T23:16:47] METRIC retransmission_count=17
[2026-08-09T23:16:47] METRIC throughput_gbps=1.7524
[2026-08-09T23:16:47] METRIC latency_ms=23.109
[2026-08-09T23:16:47] RUN_END status=OK
[2026-08-09T23:19:51] RUN_START run_id=LINKSENS_CCNlite_117
[2026-08-09T23:19:51] PARAM implementation=CCNlite
[2026-08-09T23:19:51] METRIC link_bandwidth_gbps=10.0
[2026-08-09T23:19:51] METRIC base_rtt_ms=5.0
[2026-08-09T23:19:51] METRIC packet_loss_pct=0.5663
[2026-08-09T23:19:51] METRIC retransmission_count=4
[2026-08-09T23:19:51] METRIC throughput_gbps=2.1975
[2026-08-09T23:19:51] METRIC latency_ms=19.1678
[2026-08-09T23:19:51] RUN_END status=OK
[2026-08-09T23:23:37] RUN_START run_id=LINKSENS_CCNlite_118
[2026-08-09T23:23:37] PARAM implementation=CCNlite
[2026-08-09T23:23:37] METRIC link_bandwidth_gbps=10.0
[2026-08-09T23:23:37] METRIC base_rtt_ms=5.0
[2026-08-09T23:23:37] METRIC packet_loss_pct=2.3832
[2026-08-09T23:23:37] METRIC retransmission_count=17
[2026-08-09T23:23:37] METRIC throughput_gbps=2.0108
[2026-08-09T23:23:37] METRIC latency_ms=19.0532
[2026-08-09T23:23:37] RUN_END status=OK
[2026-08-09T23:24:33] RUN_START run_id=LINKSENS_CCNlite_119
[2026-08-09T23:24:33] PARAM implementation=CCNlite
[2026-08-09T23:24:33] METRIC link_bandwidth_gbps=10.0
[2026-08-09T23:24:33] METRIC base_rtt_ms=5.0
[2026-08-09T23:24:33] METRIC packet_loss_pct=0.8567
[2026-08-09T23:24:33] METRIC retransmission_count=8
[2026-08-09T23:24:33] METRIC throughput_gbps=2.1146
[2026-08-09T23:24:33] METRIC latency_ms=17.9411
[2026-08-09T23:24:33] RUN_END status=OK
[2026-08-09T23:25:11] RUN_START run_id=LINKSENS_CCNlite_120
[2026-08-09T23:25:11] PARAM implementation=CCNlite
[2026-08-09T23:25:11] METRIC link_bandwidth_gbps=10.0
[2026-08-09T23:25:11] METRIC base_rtt_ms=5.0
[2026-08-09T23:25:11] METRIC packet_loss_pct=1.2642
[2026-08-09T23:25:11] METRIC retransmission_count=5
[2026-08-09T23:25:11] METRIC throughput_gbps=2.1344
[2026-08-09T23:25:11] METRIC latency_ms=19.3906
[2026-08-09T23:25:11] RUN_END status=OK
[2026-08-09T23:31:12] RUN_START run_id=LINKSENS_CCNlite_121
[2026-08-09T23:31:12] PARAM implementation=CCNlite
[2026-08-09T23:31:12] METRIC link_bandwidth_gbps=10.0
[2026-08-09T23:31:12] METRIC base_rtt_ms=5.0
[2026-08-09T23:31:12] METRIC packet_loss_pct=0.8281
[2026-08-09T23:31:12] METRIC retransmission_count=2
[2026-08-09T23:31:12] METRIC throughput_gbps=2.2065
[2026-08-09T23:31:12] METRIC latency_ms=18.6215
[2026-08-09T23:31:12] RUN_END status=OK
[2026-08-09T23:34:37] RUN_START run_id=LINKSENS_CCNlite_122
[2026-08-09T23:34:37] PARAM implementation=CCNlite
[2026-08-09T23:34:37] METRIC link_bandwidth_gbps=10.0
[2026-08-09T23:34:37] METRIC base_rtt_ms=5.0
[2026-08-09T23:34:37] METRIC packet_loss_pct=0.0351
[2026-08-09T23:34:37] METRIC retransmission_count=0
[2026-08-09T23:34:37] METRIC throughput_gbps=2.3378
[2026-08-09T23:34:37] METRIC latency_ms=17.7608
[2026-08-09T23:34:37] RUN_END status=OK
[2026-08-09T23:37:59] RUN_START run_id=LINKSENS_CCNlite_123
[2026-08-09T23:37:59] PARAM implementation=CCNlite
[2026-08-09T23:37:59] METRIC link_bandwidth_gbps=10.0
[2026-08-09T23:37:59] METRIC base_rtt_ms=5.0
[2026-08-09T23:37:59] METRIC packet_loss_pct=0.1913
[2026-08-09T23:37:59] METRIC retransmission_count=1
[2026-08-09T23:37:59] METRIC throughput_gbps=2.0558
[2026-08-09T23:37:59] METRIC latency_ms=17.1001
[2026-08-09T23:37:59] RUN_END status=OK
