[2026-06-04T16:30:52] RUN_START run_id=MDO_CCNlite_004
[2026-06-04T16:30:52] PARAM implementation=CCNlite
[2026-06-04T16:30:52] PARAM workload_type=MDO
[2026-06-04T16:30:52] PARAM test_link=LI_10GbE_aggregation_backhaul
[2026-06-04T16:30:52] METRIC object_size_bytes=459905.0
[2026-06-04T16:30:52] METRIC link_bandwidth_gbps=10.0
[2026-06-04T16:30:52] METRIC throughput_gbps=2.2221
[2026-06-04T16:30:52] METRIC latency_ms=19.125
[2026-06-04T16:30:52] METRIC cpu_util_pct=59.26
[2026-06-04T16:30:52] RUN_END status=OK
[2026-06-04T16:34:01] RUN_START run_id=MDO_CCNlite_005
[2026-06-04T16:34:01] PARAM implementation=CCNlite
[2026-06-04T16:34:01] PARAM workload_type=MDO
[2026-06-04T16:34:01] PARAM test_link=LI_10GbE_aggregation_backhaul
[2026-06-04T16:34:01] METRIC object_size_bytes=377224.1
[2026-06-04T16:34:01] METRIC link_bandwidth_gbps=10.0
[2026-06-04T16:34:01] METRIC throughput_gbps=2.2147
[2026-06-04T16:34:01] METRIC latency_ms=18.5011
[2026-06-04T16:34:01] METRIC cpu_util_pct=61.98
[2026-06-04T16:34:01] RUN_END status=OK
[2026-06-04T16:36:23] RUN_START run_id=MDO_CCNlite_006
[2026-06-04T16:36:23] PARAM implementation=CCNlite
[2026-06-04T16:36:23] PARAM workload_type=MDO
[2026-06-04T16:36:23] PARAM test_link=LI_10GbE_aggregation_backhaul
[2026-06-04T16:36:23] METRIC object_size_bytes=384076.3
[2026-06-04T16:36:23] METRIC link_bandwidth_gbps=10.0
[2026-06-04T16:36:23] METRIC throughput_gbps=2.3065
[2026-06-04T16:36:23] METRIC latency_ms=19.4217
[2026-06-04T16:36:23] METRIC cpu_util_pct=59.26
[2026-06-04T16:36:23] RUN_END status=OK
[2026-06-04T16:40:57] RUN_START run_id=MDO_CCNlite_007
[2026-06-04T16:40:57] PARAM implementation=CCNlite
[2026-06-04T16:40:57] PARAM workload_type=MDO
[2026-06-04T16:40:57] PARAM test_link=LI_10GbE_aggregation_backhaul
[2026-06-04T16:40:57] METRIC object_size_bytes=146894.0
[2026-06-04T16:40:57] METRIC link_bandwidth_gbps=10.0
[2026-06-04T16:40:57] METRIC throughput_gbps=2.1917
[2026-06-04T16:40:57] METRIC latency_ms=16.9094
[2026-06-04T16:40:57] METRIC cpu_util_pct=61.13
[2026-06-04T16:40:57] RUN_END status=OK
[2026-06-04T16:42:14] RUN_START run_id=MDO_CCNlite_008
[2026-06-04T16:42:14] PARAM implementation=CCNlite
[2026-06-04T16:42:14] PARAM workload_type=MDO
[2026-06-04T16:42:14] PARAM test_link=LI_10GbE_aggregation_backhaul
[2026-06-04T16:42:14] METRIC object_size_bytes=286681.0
[2026-06-04T16:42:14] METRIC link_bandwidth_gbps=10.0
[2026-06-04T16:42:14] METRIC throughput_gbps=2.5042
[2026-06-04T16:42:14] METRIC latency_ms=18.0524
[2026-06-04T16:42:14] METRIC cpu_util_pct=63.85
[2026-06-04T16:42:14] RUN_END status=OK
[2026-06-04T16:43:06] RUN_START run_id=MDO_CCNlite_009
[2026-06-04T16:43:06] PARAM implementation=CCNlite
[2026-06-04T16:43:06] PARAM workload_type=MDO
[2026-06-04T16:43:06] PARAM test_link=LI_10GbE_aggregation_backhaul
[2026-06-04T16:43:06] METRIC object_size_bytes=391347.9
[2026-06-04T16:43:06] METRIC link_bandwidth_gbps=10.0
[2026-06-04T16:43:06] METRIC throughput_gbps=2.3599
[2026-06-04T16:43:06] METRIC latency_ms=18.5229
[2026-06-04T16:43:06] METRIC cpu_util_pct=55.35
[2026-06-04T16:43:06] RUN_END status=OK
[2026-06-04T16:48:01] RUN_START run_id=MDO_CCNlite_010
[2026-06-04T16:48:01] PARAM implementation=CCNlite
[2026-06-04T16:48:01] PARAM workload_type=MDO
[2026-06-04T16:48:01] PARAM test_link=LI_10GbE_aggregation_backhaul
[2026-06-04T16:48:01] METRIC object_size_bytes=468086.5
[2026-06-04T16:48:01] METRIC link_bandwidth_gbps=10.0
[2026-06-04T16:48:01] METRIC throughput_gbps=2.3214
[2026-06-04T16:48:01] METRIC latency_ms=16.5983
[2026-06-04T16:48:01] METRIC cpu_util_pct=54.78
[2026-06-04T16:48:01] RUN_END status=OK
[2026-06-04T16:50:28] RUN_START run_id=MDO_CCNlite_011
[2026-06-04T16:50:28] PARAM implementation=CCNlite
[2026-06-04T16:50:28] PARAM workload_type=MDO
[2026-06-04T16:50:28] PARAM test_link=LI_10GbE_aggregation_backhaul
[2026-06-04T16:50:28] METRIC object_size_bytes=120622.3
[2026-06-04T16:50:28] METRIC link_bandwidth_gbps=10.0
[2026-06-04T16:50:28] METRIC throughput_gbps=2.245
[2026-06-04T16:50:28] METRIC latency_ms=17.7281
[2026-06-04T16:50:28] METRIC cpu_util_pct=55.5
[2026-06-04T16:50:28] RUN_END status=OK
[2026-06-04T16:51:09] RUN_START run_id=MDO_CCNlite_012
[2026-06-04T16:51:09] PARAM implementation=CCNlite
[2026-06-04T16:51:09] PARAM workload_type=MDO
[2026-06-04T16:51:09] PARAM test_link=LI_10GbE_aggregation_backhaul
[2026-06-04T16:51:09] METRIC object_size_bytes=172225.4
[2026-06-04T16:51:09] METRIC link_bandwidth_gbps=10.0
[2026-06-04T16:51:09] METRIC throughput_gbps=2.317
[2026-06-04T16:51:09] METRIC latency_ms=18.0863
[2026-06-04T16:51:09] METRIC cpu_util_pct=64.05
[2026-06-04T16:51:09] RUN_END status=OK
[2026-06-04T16:56:54] RUN_START run_id=MDO_CCNlite_013
[2026-06-04T16:56:54] PARAM implementation=CCNlite
[2026-06-04T16:56:54] PARAM workload_type=MDO
[2026-06-04T16:56:54] PARAM test_link=LI_10GbE_aggregation_backhaul
[2026-06-04T16:56:54] METRIC object_size_bytes=134512.5
[2026-06-04T16:56:54] METRIC link_bandwidth_gbps=10.0
[2026-06-04T16:56:54] METRIC throughput_gbps=2.3944
[2026-06-04T16:56:54] METRIC latency_ms=17.0183
[2026-06-04T16:56:54] METRIC cpu_util_pct=58.89
[2026-06-04T16:56:54] RUN_END status=OK
[2026-06-04T16:58:25] RUN_START run_id=MDO_CCNlite_014
[2026-06-04T16:58:25] PARAM implementation=CCNlite
[2026-06-04T16:58:25] PARAM workload_type=MDO
[2026-06-04T16:58:25] PARAM test_link=LI_10GbE_aggregation_backhaul
[2026-06-04T16:58:25] METRIC object_size_bytes=132509.1
[2026-06-04T16:58:25] METRIC link_bandwidth_gbps=10.0
[2026-06-04T16:58:25] METRIC throughput_gbps=2.3239
[2026-06-04T16:58:25] METRIC latency_ms=18.109
[2026-06-04T16:58:25] METRIC cpu_util_pct=55.35
[2026-06-04T16:58:25] RUN_END status=OK
[2026-06-04T16:59:57] RUN_START run_id=MDO_CCNlite_015
[2026-06-04T16:59:57] PARAM implementation=CCNlite
[2026-06-04T16:59:57] PARAM workload_type=MDO
[2026-06-04T16:59:57] PARAM test_link=LI_10GbE_aggregation_backhaul
[2026-06-04T16:59:57] METRIC object_size_bytes=440526.3
[2026-06-04T16:59:57] METRIC link_bandwidth_gbps=10.0
[2026-06-04T16:59:57] METRIC throughput_gbps=2.287
[2026-06-04T16:59:57] METRIC latency_ms=17.1852
[2026-06-04T16:59:57] METRIC cpu_util_pct=52.32
[2026-06-04T16:59:57] RUN_END status=OK
[2026-06-04T17:01:22] RUN_START run_id=MDO_CCNlite_016
[2026-06-04T17:01:22] PARAM implementation=CCNlite
[2026-06-04T17:01:22] PARAM workload_type=MDO
[2026-06-04T17:01:22] PARAM test_link=LI_10GbE_aggregation_backhaul
[2026-06-04T17:01:22] METRIC object_size_bytes=296542.2
[2026-06-04T17:01:22] METRIC link_bandwidth_gbps=10.0
[2026-06-04T17:01:22] METRIC throughput_gbps=2.2817
[2026-06-04T17:01:22] METRIC latency_ms=17.5359
[2026-06-04T17:01:22] METRIC cpu_util_pct=53.83
[2026-06-04T17:01:22] RUN_END status=OK
[2026-06-04T17:03:07] RUN_START run_id=MDO_CCNlite_017
[2026-06-04T17:03:07] PARAM implementation=CCNlite
[2026-06-04T17:03:07] PARAM workload_type=MDO
[2026-06-04T17:03:07] PARAM test_link=LI_10GbE_aggregation_backhaul
[2026-06-04T17:03:07] METRIC object_size_bytes=459283.2
[2026-06-04T17:03:07] METRIC link_bandwidth_gbps=10.0
[2026-06-04T17:03:07] METRIC throughput_gbps=2.391
[2026-06-04T17:03:07] METRIC latency_ms=17.2542
[2026-06-04T17:03:07] METRIC cpu_util_pct=56.12
[2026-06-04T17:03:07] RUN_END status=OK
[2026-06-04T17:37:17] RUN_START run_id=MDO_CCNlite_018
[2026-06-04T17:37:17] PARAM implementation=CCNlite
[2026-06-04T17:37:17] PARAM workload_type=MDO
[2026-06-04T17:37:17] PARAM test_link=LI_10GbE_aggregation_backhaul
[2026-06-04T17:37:17] METRIC object_size_bytes=212157.3
[2026-06-04T17:37:17] METRIC link_bandwidth_gbps=10.0
[2026-06-04T17:37:17] METRIC throughput_gbps=2.3065
[2026-06-04T17:37:17] METRIC latency_ms=17.4779
[2026-06-04T17:37:17] METRIC cpu_util_pct=60.17
[2026-06-04T17:37:17] RUN_END status=OK
[2026-06-04T17:42:59] RUN_START run_id=MDO_CCNlite_019
[2026-06-04T17:42:59] PARAM implementation=CCNlite
[2026-06-04T17:42:59] PARAM workload_type=MDO
[2026-06-04T17:42:59] PARAM test_link=LI_10GbE_aggregation_backhaul
[2026-06-04T17:42:59] METRIC object_size_bytes=249103.3
[2026-06-04T17:42:59] METRIC link_bandwidth_gbps=10.0
[2026-06-04T17:42:59] METRIC throughput_gbps=2.3359
[2026-06-04T17:42:59] METRIC latency_ms=17.7558
[2026-06-04T17:42:59] METRIC cpu_util_pct=61.92
[2026-06-04T17:42:59] RUN_END status=OK
[2026-06-04T17:45:04] RUN_START run_id=MDO_CCNlite_020
[2026-06-04T17:45:04] PARAM implementation=CCNlite
[2026-06-04T17:45:04] PARAM workload_type=MDO
[2026-06-04T17:45:04] PARAM test_link=LI_10GbE_aggregation_backhaul
[2026-06-04T17:45:04] METRIC object_size_bytes=509839.4
[2026-06-04T17:45:04] METRIC link_bandwidth_gbps=10.0
[2026-06-04T17:45:04] METRIC throughput_gbps=2.4691
[2026-06-04T17:45:04] METRIC latency_ms=18.9827
[2026-06-04T17:45:04] METRIC cpu_util_pct=61.09
[2026-06-04T17:45:04] RUN_END status=OK
