[2026-05-01T10:38:12] RUN_START run_id=SDO_uDCN_148
[2026-05-01T10:38:12] PARAM implementation=uDCN
[2026-05-01T10:38:12] PARAM workload_type=SDO
[2026-05-01T10:38:12] PARAM test_link=LI_10GbE_aggregation_backhaul
[2026-05-01T10:38:12] METRIC object_size_bytes=1435.0
[2026-05-01T10:38:12] METRIC link_bandwidth_gbps=10.0
[2026-05-01T10:38:12] METRIC throughput_gbps=4.7098
[2026-05-01T10:38:12] METRIC latency_ms=0.8565
[2026-05-01T10:38:12] METRIC cpu_util_pct=11.65
[2026-05-01T10:38:12] RUN_END status=OK
[2026-05-01T10:41:24] RUN_START run_id=SDO_uDCN_149
[2026-05-01T10:41:24] PARAM implementation=uDCN
[2026-05-01T10:41:24] PARAM workload_type=SDO
[2026-05-01T10:41:24] PARAM test_link=LI_10GbE_aggregation_backhaul
[2026-05-01T10:41:24] METRIC object_size_bytes=184.0
[2026-05-01T10:41:24] METRIC link_bandwidth_gbps=10.0
[2026-05-01T10:41:24] METRIC throughput_gbps=4.4296
[2026-05-01T10:41:24] METRIC latency_ms=0.8247
[2026-05-01T10:41:24] METRIC cpu_util_pct=11.17
[2026-05-01T10:41:24] RUN_END status=OK
[2026-05-01T10:44:18] RUN_START run_id=SDO_uDCN_150
[2026-05-01T10:44:18] PARAM implementation=uDCN
[2026-05-01T10:44:18] PARAM workload_type=SDO
[2026-05-01T10:44:18] PARAM test_link=LI_10GbE_aggregation_backhaul
[2026-05-01T10:44:18] METRIC object_size_bytes=686.8
[2026-05-01T10:44:18] METRIC link_bandwidth_gbps=10.0
[2026-05-01T10:44:18] METRIC throughput_gbps=4.4031
[2026-05-01T10:44:18] METRIC latency_ms=0.791
[2026-05-01T10:44:18] METRIC cpu_util_pct=11.84
[2026-05-01T10:44:18] RUN_END status=OK
[2026-05-02T09:33:00] RUN_START run_id=LDO_uDCN_001
[2026-05-02T09:33:00] PARAM implementation=uDCN
[2026-05-02T09:33:00] PARAM workload_type=LDO
[2026-05-02T09:33:00] PARAM test_link=LI_10GbE_aggregation_backhaul
[2026-05-02T09:33:00] METRIC object_size_bytes=2683262.7
[2026-05-02T09:33:00] METRIC link_bandwidth_gbps=10.0
[2026-05-02T09:33:00] METRIC throughput_gbps=6.1129
[2026-05-02T09:33:00] METRIC latency_ms=83.3858
[2026-05-02T09:33:00] METRIC cpu_util_pct=22.4
[2026-05-02T09:33:00] RUN_END status=OK
[2026-05-02T09:34:01] RUN_START run_id=LDO_uDCN_002
[2026-05-02T09:34:01] PARAM implementation=uDCN
[2026-05-02T09:34:01] PARAM workload_type=LDO
[2026-05-02T09:34:01] PARAM test_link=LI_10GbE_aggregation_backhaul
[2026-05-02T09:34:01] METRIC object_size_bytes=1099190.3
[2026-05-02T09:34:01] METRIC link_bandwidth_gbps=10.0
[2026-05-02T09:34:01] METRIC throughput_gbps=5.7674
[2026-05-02T09:34:01] METRIC latency_ms=78.6369
[2026-05-02T09:34:01] METRIC cpu_util_pct=24.06
[2026-05-02T09:34:01] RUN_END status=OK
[2026-05-02T09:34:45] RUN_START run_id=LDO_uDCN_003
[2026-05-02T09:34:45] PARAM implementation=uDCN
[2026-05-02T09:34:45] PARAM workload_type=LDO
[2026-05-02T09:34:45] PARAM test_link=LI_10GbE_aggregation_backhaul
[2026-05-02T09:34:45] METRIC object_size_bytes=3428519.1
[2026-05-02T09:34:45] METRIC link_bandwidth_gbps=10.0
[2026-05-02T09:34:45] METRIC throughput_gbps=6.2102
[2026-05-02T09:34:45] METRIC latency_ms=89.1545
[2026-05-02T09:34:45] METRIC cpu_util_pct=23.5
[2026-05-02T09:34:45] RUN_END status=OK
[2026-05-02T09:38:24] RUN_START run_id=LDO_uDCN_004
[2026-05-02T09:38:24] PARAM implementation=uDCN
[2026-05-02T09:38:24] PARAM workload_type=LDO
[2026-05-02T09:38:24] PARAM test_link=LI_10GbE_aggregation_backhaul
[2026-05-02T09:38:24] METRIC object_size_bytes=4799304.2
[2026-05-02T09:38:24] METRIC link_bandwidth_gbps=10.0
[2026-05-02T09:38:24] METRIC throughput_gbps=6.2559
[2026-05-02T09:38:24] METRIC latency_ms=78.2415
[2026-05-02T09:38:24] METRIC cpu_util_pct=21.94
[2026-05-02T09:38:24] RUN_END status=OK
[2026-05-02T09:42:24] RUN_START run_id=LDO_uDCN_005
[2026-05-02T09:42:24] PARAM implementation=uDCN
[2026-05-02T09:42:24] PARAM workload_type=LDO
[2026-05-02T09:42:24] PARAM test_link=LI_10GbE_aggregation_backhaul
[2026-05-02T09:42:24] METRIC object_size_bytes=4510866.8
[2026-05-02T09:42:24] METRIC link_bandwidth_gbps=10.0
[2026-05-02T09:42:24] METRIC throughput_gbps=6.0655
[2026-05-02T09:42:24] METRIC latency_ms=86.7545
[2026-05-02T09:42:24] METRIC cpu_util_pct=23.98
[2026-05-02T09:42:24] RUN_END status=OK
[2026-05-02T09:46:49] RUN_START run_id=LDO_uDCN_006
[2026-05-02T09:46:49] PARAM implementation=uDCN
[2026-05-02T09:46:49] PARAM workload_type=LDO
[2026-05-02T09:46:49] PARAM test_link=LI_10GbE_aggregation_backhaul
[2026-05-02T09:46:49] METRIC object_size_bytes=1579785.2
[2026-05-02T09:46:49] METRIC link_bandwidth_gbps=10.0
[2026-05-02T09:46:49] METRIC throughput_gbps=6.1038
[2026-05-02T09:46:49] METRIC latency_ms=80.7058
[2026-05-02T09:46:49] METRIC cpu_util_pct=21.23
[2026-05-02T09:46:49] RUN_END status=OK
[2026-05-02T09:49:44] RUN_START run_id=LDO_uDCN_007
[2026-05-02T09:49:44] PARAM implementation=uDCN
[2026-05-02T09:49:44] PARAM workload_type=LDO
[2026-05-02T09:49:44] PARAM test_link=LI_10GbE_aggregation_backhaul
[2026-05-02T09:49:44] METRIC object_size_bytes=1315960.3
[2026-05-02T09:49:44] METRIC link_bandwidth_gbps=10.0
[2026-05-02T09:49:44] METRIC throughput_gbps=6.2181
[2026-05-02T09:49:44] METRIC latency_ms=86.3721
[2026-05-02T09:49:44] METRIC cpu_util_pct=22.82
[2026-05-02T09:49:44] RUN_END status=OK
