[2026-05-04T10:54:04] RUN_START run_id=LDO_uDCN_049
[2026-05-04T10:54:04] PARAM implementation=uDCN
[2026-05-04T10:54:04] PARAM workload_type=LDO
[2026-05-04T10:54:04] PARAM test_link=LI_10GbE_aggregation_backhaul
[2026-05-04T10:54:04] METRIC object_size_bytes=4582824.7
[2026-05-04T10:54:04] METRIC link_bandwidth_gbps=10.0
[2026-05-04T10:54:04] METRIC throughput_gbps=5.6763
[2026-05-04T10:54:04] METRIC latency_ms=90.7193
[2026-05-04T10:54:04] METRIC cpu_util_pct=22.42
[2026-05-04T10:54:04] RUN_END status=OK
[2026-05-04T10:55:10] RUN_START run_id=LDO_uDCN_050
[2026-05-04T10:55:10] PARAM implementation=uDCN
[2026-05-04T10:55:10] PARAM workload_type=LDO
[2026-05-04T10:55:10] PARAM test_link=LI_10GbE_aggregation_backhaul
[2026-05-04T10:55:10] METRIC object_size_bytes=2139777.0
[2026-05-04T10:55:10] METRIC link_bandwidth_gbps=10.0
[2026-05-04T10:55:10] METRIC throughput_gbps=5.8954
[2026-05-04T10:55:10] METRIC latency_ms=90.241
[2026-05-04T10:55:10] METRIC cpu_util_pct=24.02
[2026-05-04T10:55:10] RUN_END status=OK
[2026-05-04T10:56:24] RUN_START run_id=LDO_uDCN_051
[2026-05-04T10:56:24] PARAM implementation=uDCN
[2026-05-04T10:56:24] PARAM workload_type=LDO
[2026-05-04T10:56:24] PARAM test_link=LI_10GbE_aggregation_backhaul
[2026-05-04T10:56:24] METRIC object_size_bytes=1846303.1
[2026-05-04T10:56:24] METRIC link_bandwidth_gbps=10.0
[2026-05-04T10:56:24] METRIC throughput_gbps=6.3988
[2026-05-04T10:56:24] METRIC latency_ms=82.3814
[2026-05-04T10:56:24] METRIC cpu_util_pct=23.84
[2026-05-04T10:56:24] RUN_END status=OK
[2026-05-04T11:00:13] RUN_START run_id=LDO_uDCN_052
[2026-05-04T11:00:13] PARAM implementation=uDCN
[2026-05-04T11:00:13] PARAM workload_type=LDO
[2026-05-04T11:00:13] PARAM test_link=LI_10GbE_aggregation_backhaul
[2026-05-04T11:00:13] METRIC object_size_bytes=2895723.8
[2026-05-04T11:00:13] METRIC link_bandwidth_gbps=10.0
[2026-05-04T11:00:13] METRIC throughput_gbps=5.9943
[2026-05-04T11:00:13] METRIC latency_ms=89.9359
[2026-05-04T11:00:13] METRIC cpu_util_pct=24.55
[2026-05-04T11:00:13] RUN_END status=OK
[2026-05-04T11:02:05] RUN_START run_id=LDO_uDCN_053
[2026-05-04T11:02:05] PARAM implementation=uDCN
[2026-05-04T11:02:05] PARAM workload_type=LDO
[2026-05-04T11:02:05] PARAM test_link=LI_10GbE_aggregation_backhaul
[2026-05-04T11:02:05] METRIC object_size_bytes=1508577.3
[2026-05-04T11:02:05] METRIC link_bandwidth_gbps=10.0
[2026-05-04T11:02:05] METRIC throughput_gbps=6.231
[2026-05-04T11:02:05] METRIC latency_ms=84.8073
[2026-05-04T11:02:05] METRIC cpu_util_pct=23.5
[2026-05-04T11:02:05] RUN_END status=OK
[2026-05-04T11:02:52] RUN_START run_id=LDO_uDCN_054
[2026-05-04T11:02:52] PARAM implementation=uDCN
[2026-05-04T11:02:52] PARAM workload_type=LDO
[2026-05-04T11:02:52] PARAM test_link=LI_10GbE_aggregation_backhaul
[2026-05-04T11:02:52] METRIC object_size_bytes=3141959.6
[2026-05-04T11:02:52] METRIC link_bandwidth_gbps=10.0
[2026-05-04T11:02:52] METRIC throughput_gbps=6.2132
[2026-05-04T11:02:52] METRIC latency_ms=95.8891
[2026-05-04T11:02:52] METRIC cpu_util_pct=24.56
[2026-05-04T11:02:52] RUN_END status=OK
[2026-05-04T11:03:54] RUN_START run_id=LDO_uDCN_055
[2026-05-04T11:03:54] PARAM implementation=uDCN
[2026-05-04T11:03:54] PARAM workload_type=LDO
[2026-05-04T11:03:54] PARAM test_link=LI_10GbE_aggregation_backhaul
[2026-05-04T11:03:54] METRIC object_size_bytes=1604765.7
[2026-05-04T11:03:54] METRIC link_bandwidth_gbps=10.0
[2026-05-04T11:03:54] METRIC throughput_gbps=6.3098
[2026-05-04T11:03:54] METRIC latency_ms=92.3657
[2026-05-04T11:03:54] METRIC cpu_util_pct=22.53
[2026-05-04T11:03:54] RUN_END status=OK
[2026-05-04T11:05:59] RUN_START run_id=LDO_uDCN_056
[2026-05-04T11:05:59] PARAM implementation=uDCN
[2026-05-04T11:05:59] PARAM workload_type=LDO
[2026-05-04T11:05:59] PARAM test_link=LI_10GbE_aggregation_backhaul
[2026-05-04T11:05:59] METRIC object_size_bytes=3101453.5
[2026-05-04T11:05:59] METRIC link_bandwidth_gbps=10.0
[2026-05-04T11:05:59] METRIC throughput_gbps=6.6289
[2026-05-04T11:05:59] METRIC latency_ms=96.839
[2026-05-04T11:05:59] METRIC cpu_util_pct=22.01
[2026-05-04T11:05:59] RUN_END status=OK
[2026-05-04T11:08:57] RUN_START run_id=LDO_uDCN_057
[2026-05-04T11:08:57] PARAM implementation=uDCN
[2026-05-04T11:08:57] PARAM workload_type=LDO
[2026-05-04T11:08:57] PARAM test_link=LI_10GbE_aggregation_backhaul
[2026-05-04T11:08:57] METRIC object_size_bytes=4153282.6
[2026-05-04T11:08:57] METRIC link_bandwidth_gbps=10.0
[2026-05-04T11:08:57] METRIC throughput_gbps=6.1935
[2026-05-04T11:08:57] METRIC latency_ms=82.8287
[2026-05-04T11:08:57] METRIC cpu_util_pct=22.73
[2026-05-04T11:08:57] RUN_END status=OK
[2026-05-04T11:11:51] RUN_START run_id=LDO_uDCN_058
[2026-05-04T11:11:51] PARAM implementation=uDCN
[2026-05-04T11:11:51] PARAM workload_type=LDO
[2026-05-04T11:11:51] PARAM test_link=LI_10GbE_aggregation_backhaul
[2026-05-04T11:11:51] METRIC object_size_bytes=2123564.3
[2026-05-04T11:11:51] METRIC link_bandwidth_gbps=10.0
[2026-05-04T11:11:51] METRIC throughput_gbps=6.0639
[2026-05-04T11:11:51] METRIC latency_ms=92.5295
[2026-05-04T11:11:51] METRIC cpu_util_pct=23.39
[2026-05-04T11:11:51] RUN_END status=OK
[2026-05-04T11:12:36] RUN_START run_id=LDO_uDCN_059
[2026-05-04T11:12:36] PARAM implementation=uDCN
[2026-05-04T11:12:36] PARAM workload_type=LDO
[2026-05-04T11:12:36] PARAM test_link=LI_10GbE_aggregation_backhaul
[2026-05-04T11:12:36] METRIC object_size_bytes=1895528.1
[2026-05-04T11:12:36] METRIC link_bandwidth_gbps=10.0
[2026-05-04T11:12:36] METRIC throughput_gbps=6.2512
[2026-05-04T11:12:36] METRIC latency_ms=82.4437
[2026-05-04T11:12:36] METRIC cpu_util_pct=23.28
[2026-05-04T11:12:36] RUN_END status=OK
[2026-05-04T11:14:16] RUN_START run_id=LDO_uDCN_060
[2026-05-04T11:14:16] PARAM implementation=uDCN
[2026-05-04T11:14:16] PARAM workload_type=LDO
[2026-05-04T11:14:16] PARAM test_link=LI_10GbE_aggregation_backhaul
[2026-05-04T11:14:16] METRIC object_size_bytes=3936764.8
[2026-05-04T11:14:16] METRIC link_bandwidth_gbps=10.0
[2026-05-04T11:14:16] METRIC throughput_gbps=6.5302
[2026-05-04T11:14:16] METRIC latency_ms=93.4369
[2026-05-04T11:14:16] METRIC cpu_util_pct=23.58
[2026-05-04T11:14:16] RUN_END status=OK
[2026-05-04T11:16:11] RUN_START run_id=LDO_uDCN_061
[2026-05-04T11:16:11] PARAM implementation=uDCN
[2026-05-04T11:16:11] PARAM workload_type=LDO
[2026-05-04T11:16:11] PARAM test_link=LI_10GbE_aggregation_backhaul
[2026-05-04T11:16:11] METRIC object_size_bytes=1853152.5
[2026-05-04T11:16:11] METRIC link_bandwidth_gbps=10.0
[2026-05-04T11:16:11] METRIC throughput_gbps=6.3346
[2026-05-04T11:16:11] METRIC latency_ms=91.6077
[2026-05-04T11:16:11] METRIC cpu_util_pct=21.51
[2026-05-04T11:16:11] RUN_END status=OK
[2026-05-04T11:20:51] RUN_START run_id=LDO_uDCN_062
[2026-05-04T11:20:51] PARAM implementation=uDCN
[2026-05-04T11:20:51] PARAM workload_type=LDO
[2026-05-04T11:20:51] PARAM test_link=LI_10GbE_aggregation_backhaul
[2026-05-04T11:20:51] METRIC object_size_bytes=4270488.6
[2026-05-04T11:20:51] METRIC link_bandwidth_gbps=10.0
[2026-05-04T11:20:51] METRIC throughput_gbps=6.5009
[2026-05-04T11:20:51] METRIC latency_ms=84.4351
[2026-05-04T11:20:51] METRIC cpu_util_pct=23.36
[2026-05-04T11:20:51] RUN_END status=OK
[2026-05-04T11:23:57] RUN_START run_id=LDO_uDCN_063
[2026-05-04T11:23:57] PARAM implementation=uDCN
[2026-05-04T11:23:57] PARAM workload_type=LDO
[2026-05-04T11:23:57] PARAM test_link=LI_10GbE_aggregation_backhaul
[2026-05-04T11:23:57] METRIC object_size_bytes=2186445.5
[2026-05-04T11:23:57] METRIC link_bandwidth_gbps=10.0
[2026-05-04T11:23:57] METRIC throughput_gbps=6.1749
[2026-05-04T11:23:57] METRIC latency_ms=87.3496
[2026-05-04T11:23:57] METRIC cpu_util_pct=24.2
[2026-05-04T11:23:57] RUN_END status=OK
[2026-05-04T11:25:04] RUN_START run_id=LDO_uDCN_064
[2026-05-04T11:25:04] PARAM implementation=uDCN
[2026-05-04T11:25:04] PARAM workload_type=LDO
[2026-05-04T11:25:04] PARAM test_link=LI_10GbE_aggregation_backhaul
[2026-05-04T11:25:04] METRIC object_size_bytes=4072466.4
[2026-05-04T11:25:04] METRIC link_bandwidth_gbps=10.0
[2026-05-04T11:25:04] METRIC throughput_gbps=5.9121
[2026-05-04T11:25:04] METRIC latency_ms=88.2298
[2026-05-04T11:25:04] METRIC cpu_util_pct=22.59
[2026-05-04T11:25:04] RUN_END status=OK
