[2026-04-04T13:59:54] RUN_START run_id=LDO_NFD_084
[2026-04-04T13:59:54] PARAM implementation=NFD
[2026-04-04T13:59:54] PARAM workload_type=LDO
[2026-04-04T13:59:54] PARAM test_link=LI_10GbE_aggregation_backhaul
[2026-04-04T13:59:54] METRIC object_size_bytes=3708146.7
[2026-04-04T13:59:54] METRIC link_bandwidth_gbps=10.0
[2026-04-04T13:59:54] METRIC throughput_gbps=3.2673
[2026-04-04T13:59:54] METRIC latency_ms=125.5544
[2026-04-04T13:59:54] METRIC cpu_util_pct=56.99
[2026-04-04T13:59:54] RUN_END status=OK
[2026-04-04T14:01:49] RUN_START run_id=LDO_NFD_085
[2026-04-04T14:01:49] PARAM implementation=NFD
[2026-04-04T14:01:49] PARAM workload_type=LDO
[2026-04-04T14:01:49] PARAM test_link=LI_10GbE_aggregation_backhaul
[2026-04-04T14:01:49] METRIC object_size_bytes=3006247.9
[2026-04-04T14:01:49] METRIC link_bandwidth_gbps=10.0
[2026-04-04T14:01:49] METRIC throughput_gbps=3.08
[2026-04-04T14:01:49] METRIC latency_ms=123.2554
[2026-04-04T14:01:49] METRIC cpu_util_pct=60.54
[2026-04-04T14:01:49] RUN_END status=OK
[2026-04-05T17:01:29] RUN_START run_id=LDO_NFD_086
[2026-04-05T17:01:29] PARAM implementation=NFD
[2026-04-05T17:01:29] PARAM workload_type=LDO
[2026-04-05T17:01:29] PARAM test_link=LI_10GbE_aggregation_backhaul
[2026-04-05T17:01:29] METRIC object_size_bytes=2067721.3
[2026-04-05T17:01:29] METRIC link_bandwidth_gbps=10.0
[2026-04-05T17:01:29] METRIC throughput_gbps=3.139
[2026-04-05T17:01:29] METRIC latency_ms=112.5285
[2026-04-05T17:01:29] METRIC cpu_util_pct=58.78
[2026-04-05T17:01:29] RUN_END status=OK
[2026-04-05T17:03:53] RUN_START run_id=LDO_NFD_087
[2026-04-05T17:03:53] PARAM implementation=NFD
[2026-04-05T17:03:53] PARAM workload_type=LDO
[2026-04-05T17:03:53] PARAM test_link=LI_10GbE_aggregation_backhaul
[2026-04-05T17:03:53] METRIC object_size_bytes=3777787.5
[2026-04-05T17:03:53] METRIC link_bandwidth_gbps=10.0
[2026-04-05T17:03:53] METRIC throughput_gbps=3.1216
[2026-04-05T17:03:53] METRIC latency_ms=119.0463
[2026-04-05T17:03:53] METRIC cpu_util_pct=53.09
[2026-04-05T17:03:53] RUN_END status=OK
[2026-04-05T17:04:50] RUN_START run_id=LDO_NFD_088
[2026-04-05T17:04:50] PARAM implementation=NFD
[2026-04-05T17:04:50] PARAM workload_type=LDO
[2026-04-05T17:04:50] PARAM test_link=LI_10GbE_aggregation_backhaul
[2026-04-05T17:04:50] METRIC object_size_bytes=2994978.2
[2026-04-05T17:04:50] METRIC link_bandwidth_gbps=10.0
[2026-04-05T17:04:50] METRIC throughput_gbps=3.1818
[2026-04-05T17:04:50] METRIC latency_ms=120.3034
[2026-04-05T17:04:50] METRIC cpu_util_pct=59.61
[2026-04-05T17:04:50] RUN_END status=OK
[2026-04-05T17:07:49] RUN_START run_id=LDO_NFD_089
[2026-04-05T17:07:49] PARAM implementation=NFD
[2026-04-05T17:07:49] PARAM workload_type=LDO
[2026-04-05T17:07:49] PARAM test_link=LI_10GbE_aggregation_backhaul
[2026-04-05T17:07:49] METRIC object_size_bytes=3143791.4
[2026-04-05T17:07:49] METRIC link_bandwidth_gbps=10.0
[2026-04-05T17:07:49] METRIC throughput_gbps=2.9208
[2026-04-05T17:07:49] METRIC latency_ms=115.6153
[2026-04-05T17:07:49] METRIC cpu_util_pct=57.32
[2026-04-05T17:07:49] RUN_END status=OK
[2026-04-05T17:09:36] RUN_START run_id=LDO_NFD_090
[2026-04-05T17:09:36] PARAM implementation=NFD
[2026-04-05T17:09:36] PARAM workload_type=LDO
[2026-04-05T17:09:36] PARAM test_link=LI_10GbE_aggregation_backhaul
[2026-04-05T17:09:36] METRIC object_size_bytes=2761481.0
[2026-04-05T17:09:36] METRIC link_bandwidth_gbps=10.0
[2026-04-05T17:09:36] METRIC throughput_gbps=3.0655
[2026-04-05T17:09:36] METRIC latency_ms=133.6657
[2026-04-05T17:09:36] METRIC cpu_util_pct=56.28
[2026-04-05T17:09:36] RUN_END status=OK
[2026-04-05T17:14:07] RUN_START run_id=LDO_NFD_091
[2026-04-05T17:14:07] PARAM implementation=NFD
[2026-04-05T17:14:07] PARAM workload_type=LDO
[2026-04-05T17:14:07] PARAM test_link=LI_10GbE_aggregation_backhaul
[2026-04-05T17:14:07] METRIC object_size_bytes=3708179.6
[2026-04-05T17:14:07] METRIC link_bandwidth_gbps=10.0
[2026-04-05T17:14:07] METRIC throughput_gbps=3.1834
[2026-04-05T17:14:07] METRIC latency_ms=116.6774
[2026-04-05T17:14:07] METRIC cpu_util_pct=57.6
[2026-04-05T17:14:07] RUN_END status=OK
[2026-04-05T17:16:16] RUN_START run_id=LDO_NFD_092
[2026-04-05T17:16:16] PARAM implementation=NFD
[2026-04-05T17:16:16] PARAM workload_type=LDO
[2026-04-05T17:16:16] PARAM test_link=LI_10GbE_aggregation_backhaul
[2026-04-05T17:16:16] METRIC object_size_bytes=4585547.2
[2026-04-05T17:16:16] METRIC link_bandwidth_gbps=10.0
[2026-04-05T17:16:16] METRIC throughput_gbps=3.1261
[2026-04-05T17:16:16] METRIC latency_ms=123.0214
[2026-04-05T17:16:16] METRIC cpu_util_pct=60.51
[2026-04-05T17:16:16] RUN_END status=OK
[2026-04-05T17:19:10] RUN_START run_id=LDO_NFD_093
[2026-04-05T17:19:10] PARAM implementation=NFD
[2026-04-05T17:19:10] PARAM workload_type=LDO
[2026-04-05T17:19:10] PARAM test_link=LI_10GbE_aggregation_backhaul
[2026-04-05T17:19:10] METRIC object_size_bytes=2215711.6
[2026-04-05T17:19:10] METRIC link_bandwidth_gbps=10.0
[2026-04-05T17:19:10] METRIC throughput_gbps=3.1494
[2026-04-05T17:19:10] METRIC latency_ms=128.6907
[2026-04-05T17:19:10] METRIC cpu_util_pct=56.66
[2026-04-05T17:19:10] RUN_END status=OK
[2026-04-05T17:20:21] RUN_START run_id=LDO_NFD_094
[2026-04-05T17:20:21] PARAM implementation=NFD
[2026-04-05T17:20:21] PARAM workload_type=LDO
[2026-04-05T17:20:21] PARAM test_link=LI_10GbE_aggregation_backhaul
[2026-04-05T17:20:21] METRIC object_size_bytes=3994201.1
[2026-04-05T17:20:21] METRIC link_bandwidth_gbps=10.0
[2026-04-05T17:20:21] METRIC throughput_gbps=3.0416
[2026-04-05T17:20:21] METRIC latency_ms=116.7779
[2026-04-05T17:20:21] METRIC cpu_util_pct=51.94
[2026-04-05T17:20:21] RUN_END status=OK
[2026-04-05T17:25:07] RUN_START run_id=LDO_NFD_095
[2026-04-05T17:25:07] PARAM implementation=NFD
[2026-04-05T17:25:07] PARAM workload_type=LDO
[2026-04-05T17:25:07] PARAM test_link=LI_10GbE_aggregation_backhaul
[2026-04-05T17:25:07] METRIC object_size_bytes=3190148.7
[2026-04-05T17:25:07] METRIC link_bandwidth_gbps=10.0
[2026-04-05T17:25:07] METRIC throughput_gbps=2.9845
[2026-04-05T17:25:07] METRIC latency_ms=118.3202
[2026-04-05T17:25:07] METRIC cpu_util_pct=57.1
[2026-04-05T17:25:07] RUN_END status=OK
[2026-04-05T17:25:49] RUN_START run_id=LDO_NFD_096
[2026-04-05T17:25:49] PARAM implementation=NFD
[2026-04-05T17:25:49] PARAM workload_type=LDO
[2026-04-05T17:25:49] PARAM test_link=LI_10GbE_aggregation_backhaul
[2026-04-05T17:25:49] METRIC object_size_bytes=3038636.0
[2026-04-05T17:25:49] METRIC link_bandwidth_gbps=10.0
[2026-04-05T17:25:49] METRIC throughput_gbps=3.1247
[2026-04-05T17:25:49] METRIC latency_ms=122.2694
[2026-04-05T17:25:49] METRIC cpu_util_pct=55.23
[2026-04-05T17:25:49] RUN_END status=OK
[2026-04-05T17:27:34] RUN_START run_id=LDO_NFD_097
[2026-04-05T17:27:34] PARAM implementation=NFD
[2026-04-05T17:27:34] PARAM workload_type=LDO
[2026-04-05T17:27:34] PARAM test_link=LI_10GbE_aggregation_backhaul
[2026-04-05T17:27:34] METRIC object_size_bytes=4151896.0
[2026-04-05T17:27:34] METRIC link_bandwidth_gbps=10.0
[2026-04-05T17:27:34] METRIC throughput_gbps=3.0884
[2026-04-05T17:27:34] METRIC latency_ms=107.7328
[2026-04-05T17:27:34] METRIC cpu_util_pct=56.06
[2026-04-05T17:27:34] RUN_END status=OK
[2026-04-05T17:28:15] RUN_START run_id=LDO_NFD_098
[2026-04-05T17:28:15] PARAM implementation=NFD
[2026-04-05T17:28:15] PARAM workload_type=LDO
[2026-04-05T17:28:15] PARAM test_link=LI_10GbE_aggregation_backhaul
[2026-04-05T17:28:15] METRIC object_size_bytes=1558181.5
[2026-04-05T17:28:15] METRIC link_bandwidth_gbps=10.0
[2026-04-05T17:28:15] METRIC throughput_gbps=3.0674
[2026-04-05T17:28:15] METRIC latency_ms=120.5664
[2026-04-05T17:28:15] METRIC cpu_util_pct=59.52
[2026-04-05T17:28:15] RUN_END status=OK
