[2026-05-02T09:52:59] RUN_START run_id=LDO_uDCN_008
[2026-05-02T09:52:59] PARAM implementation=uDCN
[2026-05-02T09:52:59] PARAM workload_type=LDO
[2026-05-02T09:52:59] PARAM test_link=LI_10GbE_aggregation_backhaul
[2026-05-02T09:52:59] METRIC object_size_bytes=3085791.2
[2026-05-02T09:52:59] METRIC link_bandwidth_gbps=10.0
[2026-05-02T09:52:59] METRIC throughput_gbps=5.9968
[2026-05-02T09:52:59] METRIC latency_ms=88.134
[2026-05-02T09:52:59] METRIC cpu_util_pct=22.35
[2026-05-02T09:52:59] RUN_END status=OK
[2026-05-02T09:55:00] RUN_START run_id=LDO_uDCN_009
[2026-05-02T09:55:00] PARAM implementation=uDCN
[2026-05-02T09:55:00] PARAM workload_type=LDO
[2026-05-02T09:55:00] PARAM test_link=LI_10GbE_aggregation_backhaul
[2026-05-02T09:55:00] METRIC object_size_bytes=4172415.6
[2026-05-02T09:55:00] METRIC link_bandwidth_gbps=10.0
[2026-05-02T09:55:00] METRIC throughput_gbps=6.1712
[2026-05-02T09:55:00] METRIC latency_ms=96.8279
[2026-05-02T09:55:00] METRIC cpu_util_pct=23.33
[2026-05-02T09:55:00] RUN_END status=OK
[2026-05-02T10:00:04] RUN_START run_id=LDO_uDCN_010
[2026-05-02T10:00:04] PARAM implementation=uDCN
[2026-05-02T10:00:04] PARAM workload_type=LDO
[2026-05-02T10:00:04] PARAM test_link=LI_10GbE_aggregation_backhaul
[2026-05-02T10:00:04] METRIC object_size_bytes=2514594.3
[2026-05-02T10:00:04] METRIC link_bandwidth_gbps=10.0
[2026-05-02T10:00:04] METRIC throughput_gbps=5.9977
[2026-05-02T10:00:04] METRIC latency_ms=85.0554
[2026-05-02T10:00:04] METRIC cpu_util_pct=23.57
[2026-05-02T10:00:04] RUN_END status=OK
[2026-05-02T10:02:42] RUN_START run_id=LDO_uDCN_011
[2026-05-02T10:02:42] PARAM implementation=uDCN
[2026-05-02T10:02:42] PARAM workload_type=LDO
[2026-05-02T10:02:42] PARAM test_link=LI_10GbE_aggregation_backhaul
[2026-05-02T10:02:42] METRIC object_size_bytes=4152115.7
[2026-05-02T10:02:42] METRIC link_bandwidth_gbps=10.0
[2026-05-02T10:02:42] METRIC throughput_gbps=5.8825
[2026-05-02T10:02:42] METRIC latency_ms=81.4343
[2026-05-02T10:02:42] METRIC cpu_util_pct=26.03
[2026-05-02T10:02:42] RUN_END status=OK
[2026-05-02T10:05:41] RUN_START run_id=LDO_uDCN_012
[2026-05-02T10:05:41] PARAM implementation=uDCN
[2026-05-02T10:05:41] PARAM workload_type=LDO
[2026-05-02T10:05:41] PARAM test_link=LI_10GbE_aggregation_backhaul
[2026-05-02T10:05:41] METRIC object_size_bytes=4732476.6
[2026-05-02T10:05:41] METRIC link_bandwidth_gbps=10.0
[2026-05-02T10:05:41] METRIC throughput_gbps=5.9442
[2026-05-02T10:05:41] METRIC latency_ms=90.1787
[2026-05-02T10:05:41] METRIC cpu_util_pct=22.72
[2026-05-02T10:05:41] RUN_END status=OK
[2026-05-02T10:06:41] RUN_START run_id=LDO_uDCN_013
[2026-05-02T10:06:41] PARAM implementation=uDCN
[2026-05-02T10:06:41] PARAM workload_type=LDO
[2026-05-02T10:06:41] PARAM test_link=LI_10GbE_aggregation_backhaul
[2026-05-02T10:06:41] METRIC object_size_bytes=1093834.9
[2026-05-02T10:06:41] METRIC link_bandwidth_gbps=10.0
[2026-05-02T10:06:41] METRIC throughput_gbps=6.4389
[2026-05-02T10:06:41] METRIC latency_ms=84.999
[2026-05-02T10:06:41] METRIC cpu_util_pct=23.31
[2026-05-02T10:06:41] RUN_END status=OK
[2026-05-02T10:10:14] RUN_START run_id=LDO_uDCN_014
[2026-05-02T10:10:14] PARAM implementation=uDCN
[2026-05-02T10:10:14] PARAM workload_type=LDO
[2026-05-02T10:10:14] PARAM test_link=LI_10GbE_aggregation_backhaul
[2026-05-02T10:10:14] METRIC object_size_bytes=2555394.6
[2026-05-02T10:10:14] METRIC link_bandwidth_gbps=10.0
[2026-05-02T10:10:14] METRIC throughput_gbps=6.1748
[2026-05-02T10:10:14] METRIC latency_ms=85.4527
[2026-05-02T10:10:14] METRIC cpu_util_pct=23.0
[2026-05-02T10:10:14] RUN_END status=OK
[2026-05-02T10:13:29] RUN_START run_id=LDO_uDCN_015
[2026-05-02T10:13:29] PARAM implementation=uDCN
[2026-05-02T10:13:29] PARAM workload_type=LDO
[2026-05-02T10:13:29] PARAM test_link=LI_10GbE_aggregation_backhaul
[2026-05-02T10:13:29] METRIC object_size_bytes=2413140.9
[2026-05-02T10:13:29] METRIC link_bandwidth_gbps=10.0
[2026-05-02T10:13:29] METRIC throughput_gbps=6.008
[2026-05-02T10:13:29] METRIC latency_ms=95.6052
[2026-05-02T10:13:29] METRIC cpu_util_pct=22.7
[2026-05-02T10:13:29] RUN_END status=OK
[2026-05-02T10:15:45] RUN_START run_id=LDO_uDCN_016
[2026-05-02T10:15:45] PARAM implementation=uDCN
[2026-05-02T10:15:45] PARAM workload_type=LDO
[2026-05-02T10:15:45] PARAM test_link=LI_10GbE_aggregation_backhaul
[2026-05-02T10:15:45] METRIC object_size_bytes=2772797.1
[2026-05-02T10:15:45] METRIC link_bandwidth_gbps=10.0
[2026-05-02T10:15:45] METRIC throughput_gbps=6.1636
[2026-05-02T10:15:45] METRIC latency_ms=93.1626
[2026-05-02T10:15:45] METRIC cpu_util_pct=24.34
[2026-05-02T10:15:45] RUN_END status=OK
[2026-05-02T10:17:58] RUN_START run_id=LDO_uDCN_017
[2026-05-02T10:17:58] PARAM implementation=uDCN
[2026-05-02T10:17:58] PARAM workload_type=LDO
[2026-05-02T10:17:58] PARAM test_link=LI_10GbE_aggregation_backhaul
[2026-05-02T10:17:58] METRIC object_size_bytes=3490620.5
[2026-05-02T10:17:58] METRIC link_bandwidth_gbps=10.0
[2026-05-02T10:17:58] METRIC throughput_gbps=6.0465
[2026-05-02T10:17:58] METRIC latency_ms=85.4531
[2026-05-02T10:17:58] METRIC cpu_util_pct=21.1
[2026-05-02T10:17:58] RUN_END status=OK
[2026-05-02T10:20:33] RUN_START run_id=LDO_uDCN_018
[2026-05-02T10:20:33] PARAM implementation=uDCN
[2026-05-02T10:20:33] PARAM workload_type=LDO
[2026-05-02T10:20:33] PARAM test_link=LI_10GbE_aggregation_backhaul
[2026-05-02T10:20:33] METRIC object_size_bytes=4233057.8
[2026-05-02T10:20:33] METRIC link_bandwidth_gbps=10.0
[2026-05-02T10:20:33] METRIC throughput_gbps=6.0598
[2026-05-02T10:20:33] METRIC latency_ms=74.48
[2026-05-02T10:20:33] METRIC cpu_util_pct=23.07
[2026-05-02T10:20:33] RUN_END status=OK
[2026-05-02T10:24:15] RUN_START run_id=LDO_uDCN_019
[2026-05-02T10:24:15] PARAM implementation=uDCN
[2026-05-02T10:24:15] PARAM workload_type=LDO
[2026-05-02T10:24:15] PARAM test_link=LI_10GbE_aggregation_backhaul
[2026-05-02T10:24:15] METRIC object_size_bytes=2173294.1
[2026-05-02T10:24:15] METRIC link_bandwidth_gbps=10.0
[2026-05-02T10:24:15] METRIC throughput_gbps=6.1079
[2026-05-02T10:24:15] METRIC latency_ms=82.3335
[2026-05-02T10:24:15] METRIC cpu_util_pct=24.34
[2026-05-02T10:24:15] RUN_END status=OK
