[2026-05-17T05:05:19] RUN_START run_id=MDO_uDCN_066
[2026-05-17T05:05:19] PARAM implementation=uDCN
[2026-05-17T05:05:19] PARAM workload_type=MDO
[2026-05-17T05:05:19] PARAM test_link=LI_10GbE_aggregation_backhaul
[2026-05-17T05:05:19] METRIC object_size_bytes=254345.2
[2026-05-17T05:05:19] METRIC link_bandwidth_gbps=10.0
[2026-05-17T05:05:19] METRIC throughput_gbps=8.6232
[2026-05-17T05:05:19] METRIC latency_ms=12.6184
[2026-05-17T05:05:19] METRIC cpu_util_pct=18.23
[2026-05-17T05:05:19] RUN_END status=OK
[2026-05-17T05:07:11] RUN_START run_id=MDO_uDCN_067
[2026-05-17T05:07:11] PARAM implementation=uDCN
[2026-05-17T05:07:11] PARAM workload_type=MDO
[2026-05-17T05:07:11] PARAM test_link=LI_10GbE_aggregation_backhaul
[2026-05-17T05:07:11] METRIC object_size_bytes=450861.4
[2026-05-17T05:07:11] METRIC link_bandwidth_gbps=10.0
[2026-05-17T05:07:11] METRIC throughput_gbps=8.7713
[2026-05-17T05:07:11] METRIC latency_ms=12.4008
[2026-05-17T05:07:11] METRIC cpu_util_pct=17.01
[2026-05-17T05:07:11] RUN_END status=OK
[2026-05-17T05:10:50] RUN_START run_id=MDO_uDCN_068
[2026-05-17T05:10:50] PARAM implementation=uDCN
[2026-05-17T05:10:50] PARAM workload_type=MDO
[2026-05-17T05:10:50] PARAM test_link=LI_10GbE_aggregation_backhaul
[2026-05-17T05:10:50] METRIC object_size_bytes=462478.7
[2026-05-17T05:10:50] METRIC link_bandwidth_gbps=10.0
[2026-05-17T05:10:50] METRIC throughput_gbps=7.8933
[2026-05-17T05:10:50] METRIC latency_ms=12.178
[2026-05-17T05:10:50] METRIC cpu_util_pct=17.46
[2026-05-17T05:10:50] RUN_END status=OK
[2026-05-17T05:12:45] RUN_START run_id=MDO_uDCN_069
[2026-05-17T05:12:45] PARAM implementation=uDCN
[2026-05-17T05:12:45] PARAM workload_type=MDO
[2026-05-17T05:12:45] PARAM test_link=LI_10GbE_aggregation_backhaul
[2026-05-17T05:12:45] METRIC object_size_bytes=230666.3
[2026-05-17T05:12:45] METRIC link_bandwidth_gbps=10.0
[2026-05-17T05:12:45] METRIC throughput_gbps=8.1254
[2026-05-17T05:12:45] METRIC latency_ms=12.9361
[2026-05-17T05:12:45] METRIC cpu_util_pct=18.7
[2026-05-17T05:12:45] RUN_END status=OK
[2026-05-17T05:13:27] RUN_START run_id=MDO_uDCN_070
[2026-05-17T05:13:27] PARAM implementation=uDCN
[2026-05-17T05:13:27] PARAM workload_type=MDO
[2026-05-17T05:13:27] PARAM test_link=LI_10GbE_aggregation_backhaul
[2026-05-17T05:13:27] METRIC object_size_bytes=434595.2
[2026-05-17T05:13:27] METRIC link_bandwidth_gbps=10.0
[2026-05-17T05:13:27] METRIC throughput_gbps=8.4149
[2026-05-17T05:13:27] METRIC latency_ms=12.2916
[2026-05-17T05:13:27] METRIC cpu_util_pct=17.85
[2026-05-17T05:13:27] RUN_END status=OK
[2026-05-17T05:16:11] RUN_START run_id=MDO_uDCN_071
[2026-05-17T05:16:11] PARAM implementation=uDCN
[2026-05-17T05:16:11] PARAM workload_type=MDO
[2026-05-17T05:16:11] PARAM test_link=LI_10GbE_aggregation_backhaul
[2026-05-17T05:16:11] METRIC object_size_bytes=491617.3
[2026-05-17T05:16:11] METRIC link_bandwidth_gbps=10.0
[2026-05-17T05:16:11] METRIC throughput_gbps=8.2799
[2026-05-17T05:16:11] METRIC latency_ms=12.495
[2026-05-17T05:16:11] METRIC cpu_util_pct=16.23
[2026-05-17T05:16:11] RUN_END status=OK
[2026-05-17T05:18:23] RUN_START run_id=MDO_uDCN_072
[2026-05-17T05:18:23] PARAM implementation=uDCN
[2026-05-17T05:18:23] PARAM workload_type=MDO
[2026-05-17T05:18:23] PARAM test_link=LI_10GbE_aggregation_backhaul
[2026-05-17T05:18:23] METRIC object_size_bytes=484832.1
[2026-05-17T05:18:23] METRIC link_bandwidth_gbps=10.0
[2026-05-17T05:18:23] METRIC throughput_gbps=7.9859
[2026-05-17T05:18:23] METRIC latency_ms=13.0708
[2026-05-17T05:18:23] METRIC cpu_util_pct=18.02
[2026-05-17T05:18:23] RUN_END status=OK
[2026-05-17T05:22:39] RUN_START run_id=MDO_uDCN_073
[2026-05-17T05:22:39] PARAM implementation=uDCN
[2026-05-17T05:22:39] PARAM workload_type=MDO
[2026-05-17T05:22:39] PARAM test_link=LI_10GbE_aggregation_backhaul
[2026-05-17T05:22:39] METRIC object_size_bytes=167409.8
[2026-05-17T05:22:39] METRIC link_bandwidth_gbps=10.0
[2026-05-17T05:22:39] METRIC throughput_gbps=8.4093
[2026-05-17T05:22:39] METRIC latency_ms=11.7982
[2026-05-17T05:22:39] METRIC cpu_util_pct=16.65
[2026-05-17T05:22:39] RUN_END status=OK
[2026-05-17T05:25:24] RUN_START run_id=MDO_uDCN_074
[2026-05-17T05:25:24] PARAM implementation=uDCN
[2026-05-17T05:25:24] PARAM workload_type=MDO
[2026-05-17T05:25:24] PARAM test_link=LI_10GbE_aggregation_backhaul
[2026-05-17T05:25:24] METRIC object_size_bytes=67904.9
[2026-05-17T05:25:24] METRIC link_bandwidth_gbps=10.0
[2026-05-17T05:25:24] METRIC throughput_gbps=8.262
[2026-05-17T05:25:24] METRIC latency_ms=11.7101
[2026-05-17T05:25:24] METRIC cpu_util_pct=19.17
[2026-05-17T05:25:24] RUN_END status=OK
[2026-05-17T05:26:47] RUN_START run_id=MDO_uDCN_075
[2026-05-17T05:26:47] PARAM implementation=uDCN
[2026-05-17T05:26:47] PARAM workload_type=MDO
[2026-05-17T05:26:47] PARAM test_link=LI_10GbE_aggregation_backhaul
[2026-05-17T05:26:47] METRIC object_size_bytes=193279.6
[2026-05-17T05:26:47] METRIC link_bandwidth_gbps=10.0
[2026-05-17T05:26:47] METRIC throughput_gbps=8.5544
[2026-05-17T05:26:47] METRIC latency_ms=11.3553
[2026-05-17T05:26:47] METRIC cpu_util_pct=19.77
[2026-05-17T05:26:47] RUN_END status=OK
[2026-05-17T05:29:55] RUN_START run_id=MDO_uDCN_076
[2026-05-17T05:29:55] PARAM implementation=uDCN
[2026-05-17T05:29:55] PARAM workload_type=MDO
[2026-05-17T05:29:55] PARAM test_link=LI_10GbE_aggregation_backhaul
[2026-05-17T05:29:55] METRIC object_size_bytes=138727.1
[2026-05-17T05:29:55] METRIC link_bandwidth_gbps=10.0
[2026-05-17T05:29:55] METRIC throughput_gbps=8.9522
[2026-05-17T05:29:55] METRIC latency_ms=13.3074
[2026-05-17T05:29:55] METRIC cpu_util_pct=17.76
[2026-05-17T05:29:55] RUN_END status=OK
[2026-05-17T05:30:57] RUN_START run_id=MDO_uDCN_077
[2026-05-17T05:30:57] PARAM implementation=uDCN
[2026-05-17T05:30:57] PARAM workload_type=MDO
[2026-05-17T05:30:57] PARAM test_link=LI_10GbE_aggregation_backhaul
[2026-05-17T05:30:57] METRIC object_size_bytes=391660.8
[2026-05-17T05:30:57] METRIC link_bandwidth_gbps=10.0
[2026-05-17T05:30:57] METRIC throughput_gbps=8.6122
[2026-05-17T05:30:57] METRIC latency_ms=13.1984
[2026-05-17T05:30:57] METRIC cpu_util_pct=18.18
[2026-05-17T05:30:57] RUN_END status=OK
[2026-05-17T05:32:20] RUN_START run_id=MDO_uDCN_078
[2026-05-17T05:32:20] PARAM implementation=uDCN
[2026-05-17T05:32:20] PARAM workload_type=MDO
[2026-05-17T05:32:20] PARAM test_link=LI_10GbE_aggregation_backhaul
[2026-05-17T05:32:20] METRIC object_size_bytes=200676.8
[2026-05-17T05:32:20] METRIC link_bandwidth_gbps=10.0
[2026-05-17T05:32:20] METRIC throughput_gbps=8.2252
[2026-05-17T05:32:20] METRIC latency_ms=12.5653
[2026-05-17T05:32:20] METRIC cpu_util_pct=16.91
[2026-05-17T05:32:20] RUN_END status=OK
[2026-05-17T05:33:52] RUN_START run_id=MDO_uDCN_079
[2026-05-17T05:33:52] PARAM implementation=uDCN
[2026-05-17T05:33:52] PARAM workload_type=MDO
[2026-05-17T05:33:52] PARAM test_link=LI_10GbE_aggregation_backhaul
[2026-05-17T05:33:52] METRIC object_size_bytes=127646.1
[2026-05-17T05:33:52] METRIC link_bandwidth_gbps=10.0
[2026-05-17T05:33:52] METRIC throughput_gbps=8.0908
[2026-05-17T05:33:52] METRIC latency_ms=13.39
[2026-05-17T05:33:52] METRIC cpu_util_pct=17.33
[2026-05-17T05:33:52] RUN_END status=OK
[2026-05-17T05:35:17] RUN_START run_id=MDO_uDCN_080
[2026-05-17T05:35:17] PARAM implementation=uDCN
[2026-05-17T05:35:17] PARAM workload_type=MDO
[2026-05-17T05:35:17] PARAM test_link=LI_10GbE_aggregation_backhaul
[2026-05-17T05:35:17] METRIC object_size_bytes=195989.2
[2026-05-17T05:35:17] METRIC link_bandwidth_gbps=10.0
[2026-05-17T05:35:17] METRIC throughput_gbps=8.2054
[2026-05-17T05:35:17] METRIC latency_ms=13.2999
[2026-05-17T05:35:17] METRIC cpu_util_pct=17.57
[2026-05-17T05:35:17] RUN_END status=OK
[2026-05-17T05:39:55] RUN_START run_id=MDO_uDCN_081
[2026-05-17T05:39:55] PARAM implementation=uDCN
[2026-05-17T05:39:55] PARAM workload_type=MDO
[2026-05-17T05:39:55] PARAM test_link=LI_10GbE_aggregation_backhaul
[2026-05-17T05:39:55] METRIC object_size_bytes=396153.6
[2026-05-17T05:39:55] METRIC link_bandwidth_gbps=10.0
[2026-05-17T05:39:55] METRIC throughput_gbps=7.7802
[2026-05-17T05:39:55] METRIC latency_ms=12.0206
[2026-05-17T05:39:55] METRIC cpu_util_pct=17.6
[2026-05-17T05:39:55] RUN_END status=OK
[2026-05-17T05:41:32] RUN_START run_id=MDO_uDCN_082
[2026-05-17T05:41:32] PARAM implementation=uDCN
[2026-05-17T05:41:32] PARAM workload_type=MDO
[2026-05-17T05:41:32] PARAM test_link=LI_10GbE_aggregation_backhaul
[2026-05-17T05:41:32] METRIC object_size_bytes=74474.2
[2026-05-17T05:41:32] METRIC link_bandwidth_gbps=10.0
[2026-05-17T05:41:32] METRIC throughput_gbps=7.8845
[2026-05-17T05:41:32] METRIC latency_ms=12.3694
[2026-05-17T05:41:32] METRIC cpu_util_pct=17.27
[2026-05-17T05:41:32] RUN_END status=OK
[2026-05-17T05:44:19] RUN_START run_id=MDO_uDCN_083
[2026-05-17T05:44:19] PARAM implementation=uDCN
[2026-05-17T05:44:19] PARAM workload_type=MDO
[2026-05-17T05:44:19] PARAM test_link=LI_10GbE_aggregation_backhaul
[2026-05-17T05:44:19] METRIC object_size_bytes=500959.9
[2026-05-17T05:44:19] METRIC link_bandwidth_gbps=10.0
[2026-05-17T05:44:19] METRIC throughput_gbps=7.9726
[2026-05-17T05:44:19] METRIC latency_ms=13.5045
[2026-05-17T05:44:19] METRIC cpu_util_pct=17.58
[2026-05-17T05:44:19] RUN_END status=OK
[2026-05-17T05:45:45] RUN_START run_id=MDO_uDCN_084
[2026-05-17T05:45:45] PARAM implementation=uDCN
[2026-05-17T05:45:45] PARAM workload_type=MDO
[2026-05-17T05:45:45] PARAM test_link=LI_10GbE_aggregation_backhaul
[2026-05-17T05:45:45] METRIC object_size_bytes=102801.1
[2026-05-17T05:45:45] METRIC link_bandwidth_gbps=10.0
[2026-05-17T05:45:45] METRIC throughput_gbps=8.9914
[2026-05-17T05:45:45] METRIC latency_ms=12.6518
[2026-05-17T05:45:45] METRIC cpu_util_pct=17.09
[2026-05-17T05:45:45] RUN_END status=OK
[2026-05-17T05:48:07] RUN_START run_id=MDO_uDCN_085
[2026-05-17T05:48:07] PARAM implementation=uDCN
[2026-05-17T05:48:07] PARAM workload_type=MDO
[2026-05-17T05:48:07] PARAM test_link=LI_10GbE_aggregation_backhaul
[2026-05-17T05:48:07] METRIC object_size_bytes=65978.2
[2026-05-17T05:48:07] METRIC link_bandwidth_gbps=10.0
[2026-05-17T05:48:07] METRIC throughput_gbps=8.1791
[2026-05-17T05:48:07] METRIC latency_ms=12.9406
[2026-05-17T05:48:07] METRIC cpu_util_pct=18.21
[2026-05-17T05:48:07] RUN_END status=OK
[2026-05-17T05:49:59] RUN_START run_id=MDO_uDCN_086
[2026-05-17T05:49:59] PARAM implementation=uDCN
[2026-05-17T05:49:59] PARAM workload_type=MDO
[2026-05-17T05:49:59] PARAM test_link=LI_10GbE_aggregation_backhaul
[2026-05-17T05:49:59] METRIC object_size_bytes=181645.3
[2026-05-17T05:49:59] METRIC link_bandwidth_gbps=10.0
[2026-05-17T05:49:59] METRIC throughput_gbps=8.7027
[2026-05-17T05:49:59] METRIC latency_ms=11.5579
[2026-05-17T05:49:59] METRIC cpu_util_pct=17.7
[2026-05-17T05:49:59] RUN_END status=OK
