[2026-04-19T12:18:10] RUN_START run_id=SDO_PythonNDN_040
[2026-04-19T12:18:10] PARAM implementation=PythonNDN
[2026-04-19T12:18:10] PARAM workload_type=SDO
[2026-04-19T12:18:10] PARAM test_link=LI_10GbE_aggregation_backhaul
[2026-04-19T12:18:10] METRIC object_size_bytes=203.3
[2026-04-19T12:18:10] METRIC link_bandwidth_gbps=10.0
[2026-04-19T12:18:10] METRIC throughput_gbps=0.3971
[2026-04-19T12:18:10] METRIC latency_ms=3.235
[2026-04-19T12:18:10] METRIC cpu_util_pct=79.9
[2026-04-19T12:18:10] RUN_END status=OK
[2026-04-19T12:20:40] RUN_START run_id=MDO_NFD_120
[2026-04-19T12:20:40] PARAM implementation=NFD
[2026-04-19T12:20:40] PARAM workload_type=MDO
[2026-04-19T12:20:40] PARAM test_link=LI_10GbE_aggregation_backhaul
[2026-04-19T12:20:40] METRIC object_size_bytes=88417.4
[2026-04-19T12:20:40] METRIC link_bandwidth_gbps=10.0
[2026-04-19T12:20:40] METRIC throughput_gbps=2.8302
[2026-04-19T12:20:40] METRIC latency_ms=17.2949
[2026-04-19T12:20:40] METRIC cpu_util_pct=53.05
[2026-04-19T12:20:40] RUN_END status=OK
[2026-04-19T12:21:04] RUN_START run_id=SDO_PythonNDN_041
[2026-04-19T12:21:04] PARAM implementation=PythonNDN
[2026-04-19T12:21:04] PARAM workload_type=SDO
[2026-04-19T12:21:04] PARAM test_link=LI_10GbE_aggregation_backhaul
[2026-04-19T12:21:04] METRIC object_size_bytes=1890.5
[2026-04-19T12:21:04] METRIC link_bandwidth_gbps=10.0
[2026-04-19T12:21:04] METRIC throughput_gbps=0.3921
[2026-04-19T12:21:04] METRIC latency_ms=3.2483
[2026-04-19T12:21:04] METRIC cpu_util_pct=84.67
[2026-04-19T12:21:04] RUN_END status=OK
[2026-04-19T12:22:26] RUN_START run_id=MDO_NFD_121
[2026-04-19T12:22:26] PARAM implementation=NFD
[2026-04-19T12:22:26] PARAM workload_type=MDO
[2026-04-19T12:22:26] PARAM test_link=LI_10GbE_aggregation_backhaul
[2026-04-19T12:22:26] METRIC object_size_bytes=206657.1
[2026-04-19T12:22:26] METRIC link_bandwidth_gbps=10.0
[2026-04-19T12:22:26] METRIC throughput_gbps=2.7275
[2026-04-19T12:22:26] METRIC latency_ms=18.2673
[2026-04-19T12:22:26] METRIC cpu_util_pct=46.1
[2026-04-19T12:22:26] RUN_END status=OK
[2026-04-19T12:22:53] RUN_START run_id=SDO_PythonNDN_042
[2026-04-19T12:22:53] PARAM implementation=PythonNDN
[2026-04-19T12:22:53] PARAM workload_type=SDO
[2026-04-19T12:22:53] PARAM test_link=LI_10GbE_aggregation_backhaul
[2026-04-19T12:22:53] METRIC object_size_bytes=1329.9
[2026-04-19T12:22:53] METRIC link_bandwidth_gbps=10.0
[2026-04-19T12:22:53] METRIC throughput_gbps=0.3986
[2026-04-19T12:22:53] METRIC latency_ms=3.1655
[2026-04-19T12:22:53] METRIC cpu_util_pct=84.38
[2026-04-19T12:22:53] RUN_END status=OK
[2026-04-19T12:24:45] RUN_START run_id=SDO_PythonNDN_043
[2026-04-19T12:24:45] PARAM implementation=PythonNDN
[2026-04-19T12:24:45] PARAM workload_type=SDO
[2026-04-19T12:24:45] PARAM test_link=LI_10GbE_aggregation_backhaul
[2026-04-19T12:24:45] METRIC object_size_bytes=728.4
[2026-04-19T12:24:45] METRIC link_bandwidth_gbps=10.0
[2026-04-19T12:24:45] METRIC throughput_gbps=0.4153
[2026-04-19T12:24:45] METRIC latency_ms=3.5496
[2026-04-19T12:24:45] METRIC cpu_util_pct=83.11
[2026-04-19T12:24:45] RUN_END status=OK
[2026-04-19T12:28:10] RUN_START run_id=SDO_PythonNDN_044
[2026-04-19T12:28:10] PARAM implementation=PythonNDN
[2026-04-19T12:28:10] PARAM workload_type=SDO
[2026-04-19T12:28:10] PARAM test_link=LI_10GbE_aggregation_backhaul
[2026-04-19T12:28:10] METRIC object_size_bytes=242.8
[2026-04-19T12:28:10] METRIC link_bandwidth_gbps=10.0
[2026-04-19T12:28:10] METRIC throughput_gbps=0.4362
[2026-04-19T12:28:10] METRIC latency_ms=3.2731
[2026-04-19T12:28:10] METRIC cpu_util_pct=82.1
[2026-04-19T12:28:10] RUN_END status=OK
[2026-04-19T12:31:01] RUN_START run_id=SDO_PythonNDN_045
[2026-04-19T12:31:01] PARAM implementation=PythonNDN
[2026-04-19T12:31:01] PARAM workload_type=SDO
[2026-04-19T12:31:01] PARAM test_link=LI_10GbE_aggregation_backhaul
[2026-04-19T12:31:01] METRIC object_size_bytes=1710.6
[2026-04-19T12:31:01] METRIC link_bandwidth_gbps=10.0
[2026-04-19T12:31:01] METRIC throughput_gbps=0.4156
[2026-04-19T12:31:01] METRIC latency_ms=3.3232
[2026-04-19T12:31:01] METRIC cpu_util_pct=80.37
[2026-04-19T12:31:01] RUN_END status=OK
[2026-04-19T12:33:07] RUN_START run_id=SDO_PythonNDN_046
[2026-04-19T12:33:07] PARAM implementation=PythonNDN
[2026-04-19T12:33:07] PARAM workload_type=SDO
[2026-04-19T12:33:07] PARAM test_link=LI_10GbE_aggregation_backhaul
[2026-04-19T12:33:07] METRIC object_size_bytes=1087.2
[2026-04-19T12:33:07] METRIC link_bandwidth_gbps=10.0
[2026-04-19T12:33:07] METRIC throughput_gbps=0.4176
[2026-04-19T12:33:07] METRIC latency_ms=3.2316
[2026-04-19T12:33:07] METRIC cpu_util_pct=84.23
[2026-04-19T12:33:07] RUN_END status=OK
[2026-04-19T12:34:33] RUN_START run_id=SDO_PythonNDN_047
[2026-04-19T12:34:33] PARAM implementation=PythonNDN
[2026-04-19T12:34:33] PARAM workload_type=SDO
[2026-04-19T12:34:33] PARAM test_link=LI_10GbE_aggregation_backhaul
[2026-04-19T12:34:33] METRIC object_size_bytes=1404.9
[2026-04-19T12:34:33] METRIC link_bandwidth_gbps=10.0
[2026-04-19T12:34:33] METRIC throughput_gbps=0.4015
[2026-04-19T12:34:33] METRIC latency_ms=3.9511
[2026-04-19T12:34:33] METRIC cpu_util_pct=79.74
[2026-04-19T12:34:33] RUN_END status=OK
[2026-04-19T12:39:49] RUN_START run_id=SDO_PythonNDN_048
[2026-04-19T12:39:49] PARAM implementation=PythonNDN
[2026-04-19T12:39:49] PARAM workload_type=SDO
[2026-04-19T12:39:49] PARAM test_link=LI_10GbE_aggregation_backhaul
[2026-04-19T12:39:49] METRIC object_size_bytes=891.9
[2026-04-19T12:39:49] METRIC link_bandwidth_gbps=10.0
[2026-04-19T12:39:49] METRIC throughput_gbps=0.4079
[2026-04-19T12:39:49] METRIC latency_ms=3.2184
[2026-04-19T12:39:49] METRIC cpu_util_pct=82.68
[2026-04-19T12:39:49] RUN_END status=OK
[2026-04-20T00:26:48] RUN_START run_id=SDO_PythonNDN_049
[2026-04-20T00:26:48] PARAM implementation=PythonNDN
[2026-04-20T00:26:48] PARAM workload_type=SDO
[2026-04-20T00:26:48] PARAM test_link=LI_10GbE_aggregation_backhaul
[2026-04-20T00:26:48] METRIC object_size_bytes=419.5
[2026-04-20T00:26:48] METRIC link_bandwidth_gbps=10.0
[2026-04-20T00:26:48] METRIC throughput_gbps=0.3914
[2026-04-20T00:26:48] METRIC latency_ms=3.2683
[2026-04-20T00:26:48] METRIC cpu_util_pct=82.52
[2026-04-20T00:26:48] RUN_END status=OK
[2026-04-20T00:27:17] RUN_START run_id=SDO_PythonNDN_050
[2026-04-20T00:27:17] PARAM implementation=PythonNDN
[2026-04-20T00:27:17] PARAM workload_type=SDO
[2026-04-20T00:27:17] PARAM test_link=LI_10GbE_aggregation_backhaul
[2026-04-20T00:27:17] METRIC object_size_bytes=1089.7
[2026-04-20T00:27:17] METRIC link_bandwidth_gbps=10.0
[2026-04-20T00:27:17] METRIC throughput_gbps=0.3636
[2026-04-20T00:27:17] METRIC latency_ms=3.397
[2026-04-20T00:27:17] METRIC cpu_util_pct=76.91
[2026-04-20T00:27:17] RUN_END status=OK
[2026-04-20T00:28:32] RUN_START run_id=SDO_PythonNDN_051
[2026-04-20T00:28:32] PARAM implementation=PythonNDN
[2026-04-20T00:28:32] PARAM workload_type=SDO
[2026-04-20T00:28:32] PARAM test_link=LI_10GbE_aggregation_backhaul
[2026-04-20T00:28:32] METRIC object_size_bytes=1538.2
[2026-04-20T00:28:32] METRIC link_bandwidth_gbps=10.0
[2026-04-20T00:28:32] METRIC throughput_gbps=0.3822
[2026-04-20T00:28:32] METRIC latency_ms=2.98
[2026-04-20T00:28:32] METRIC cpu_util_pct=79.18
[2026-04-20T00:28:32] RUN_END status=OK
[2026-04-20T00:29:58] RUN_START run_id=SDO_PythonNDN_052
[2026-04-20T00:29:58] PARAM implementation=PythonNDN
[2026-04-20T00:29:58] PARAM workload_type=SDO
[2026-04-20T00:29:58] PARAM test_link=LI_10GbE_aggregation_backhaul
[2026-04-20T00:29:58] METRIC object_size_bytes=1120.6
[2026-04-20T00:29:58] METRIC link_bandwidth_gbps=10.0
[2026-04-20T00:29:58] METRIC throughput_gbps=0.381
[2026-04-20T00:29:58] METRIC latency_ms=3.0218
[2026-04-20T00:29:58] METRIC cpu_util_pct=88.76
[2026-04-20T00:29:58] RUN_END status=OK
[2026-04-20T00:30:56] RUN_START run_id=SDO_PythonNDN_053
[2026-04-20T00:30:56] PARAM implementation=PythonNDN
[2026-04-20T00:30:56] PARAM workload_type=SDO
[2026-04-20T00:30:56] PARAM test_link=LI_10GbE_aggregation_backhaul
[2026-04-20T00:30:56] METRIC object_size_bytes=778.5
[2026-04-20T00:30:56] METRIC link_bandwidth_gbps=10.0
[2026-04-20T00:30:56] METRIC throughput_gbps=0.3883
[2026-04-20T00:30:56] METRIC latency_ms=2.9799
[2026-04-20T00:30:56] METRIC cpu_util_pct=75.51
[2026-04-20T00:30:56] RUN_END status=OK
[2026-04-20T00:31:32] RUN_START run_id=SDO_PythonNDN_054
[2026-04-20T00:31:32] PARAM implementation=PythonNDN
[2026-04-20T00:31:32] PARAM workload_type=SDO
[2026-04-20T00:31:32] PARAM test_link=LI_10GbE_aggregation_backhaul
[2026-04-20T00:31:32] METRIC object_size_bytes=1347.9
[2026-04-20T00:31:32] METRIC link_bandwidth_gbps=10.0
[2026-04-20T00:31:32] METRIC throughput_gbps=0.4014
[2026-04-20T00:31:32] METRIC latency_ms=3.2477
[2026-04-20T00:31:32] METRIC cpu_util_pct=78.11
[2026-04-20T00:31:32] RUN_END status=OK
[2026-04-20T00:34:19] RUN_START run_id=SDO_PythonNDN_055
[2026-04-20T00:34:19] PARAM implementation=PythonNDN
[2026-04-20T00:34:19] PARAM workload_type=SDO
[2026-04-20T00:34:19] PARAM test_link=LI_10GbE_aggregation_backhaul
[2026-04-20T00:34:19] METRIC object_size_bytes=1396.9
[2026-04-20T00:34:19] METRIC link_bandwidth_gbps=10.0
[2026-04-20T00:34:19] METRIC throughput_gbps=0.3899
[2026-04-20T00:34:19] METRIC latency_ms=3.275
[2026-04-20T00:34:19] METRIC cpu_util_pct=80.85
[2026-04-20T00:34:19] RUN_END status=OK
[2026-04-20T00:37:19] RUN_START run_id=SDO_PythonNDN_056
[2026-04-20T00:37:19] PARAM implementation=PythonNDN
[2026-04-20T00:37:19] PARAM workload_type=SDO
[2026-04-20T00:37:19] PARAM test_link=LI_10GbE_aggregation_backhaul
[2026-04-20T00:37:19] METRIC object_size_bytes=232.9
[2026-04-20T00:37:19] METRIC link_bandwidth_gbps=10.0
[2026-04-20T00:37:19] METRIC throughput_gbps=0.3994
[2026-04-20T00:37:19] METRIC latency_ms=3.3723
[2026-04-20T00:37:19] METRIC cpu_util_pct=85.56
[2026-04-20T00:37:19] RUN_END status=OK
