[2026-04-27T04:20:09] RUN_START run_id=SDO_uDCN_044
[2026-04-27T04:20:09] PARAM implementation=uDCN
[2026-04-27T04:20:09] PARAM workload_type=SDO
[2026-04-27T04:20:09] PARAM test_link=LI_10GbE_aggregation_backhaul
[2026-04-27T04:20:09] METRIC object_size_bytes=841.9
[2026-04-27T04:20:09] METRIC link_bandwidth_gbps=10.0
[2026-04-27T04:20:09] METRIC throughput_gbps=4.6619
[2026-04-27T04:20:09] METRIC latency_ms=0.8299
[2026-04-27T04:20:09] METRIC cpu_util_pct=12.45
[2026-04-27T04:20:09] RUN_END status=OK
[2026-04-27T04:21:00] RUN_START run_id=SDO_uDCN_045
[2026-04-27T04:21:00] PARAM implementation=uDCN
[2026-04-27T04:21:00] PARAM workload_type=SDO
[2026-04-27T04:21:00] PARAM test_link=LI_10GbE_aggregation_backhaul
[2026-04-27T04:21:00] METRIC object_size_bytes=484.3
[2026-04-27T04:21:00] METRIC link_bandwidth_gbps=10.0
[2026-04-27T04:21:00] METRIC throughput_gbps=4.4037
[2026-04-27T04:21:00] METRIC latency_ms=0.8351
[2026-04-27T04:21:00] METRIC cpu_util_pct=10.82
[2026-04-27T04:21:00] RUN_END status=OK
[2026-04-27T09:39:25] RUN_START run_id=SDO_uDCN_046
[2026-04-27T09:39:25] PARAM implementation=uDCN
[2026-04-27T09:39:25] PARAM workload_type=SDO
[2026-04-27T09:39:25] PARAM test_link=LI_10GbE_aggregation_backhaul
[2026-04-27T09:39:25] METRIC object_size_bytes=1109.6
[2026-04-27T09:39:25] METRIC link_bandwidth_gbps=10.0
[2026-04-27T09:39:25] METRIC throughput_gbps=4.6402
[2026-04-27T09:39:25] METRIC latency_ms=0.8579
[2026-04-27T09:39:25] METRIC cpu_util_pct=12.75
[2026-04-27T09:39:25] RUN_END status=OK
[2026-04-27T09:43:09] RUN_START run_id=SDO_uDCN_047
[2026-04-27T09:43:09] PARAM implementation=uDCN
[2026-04-27T09:43:09] PARAM workload_type=SDO
[2026-04-27T09:43:09] PARAM test_link=LI_10GbE_aggregation_backhaul
[2026-04-27T09:43:09] METRIC object_size_bytes=1807.5
[2026-04-27T09:43:09] METRIC link_bandwidth_gbps=10.0
[2026-04-27T09:43:09] METRIC throughput_gbps=4.7869
[2026-04-27T09:43:09] METRIC latency_ms=0.8154
[2026-04-27T09:43:09] METRIC cpu_util_pct=13.26
[2026-04-27T09:43:09] RUN_END status=OK
[2026-04-27T09:44:02] RUN_START run_id=SDO_uDCN_048
[2026-04-27T09:44:02] PARAM implementation=uDCN
[2026-04-27T09:44:02] PARAM workload_type=SDO
[2026-04-27T09:44:02] PARAM test_link=LI_10GbE_aggregation_backhaul
[2026-04-27T09:44:02] METRIC object_size_bytes=1952.0
[2026-04-27T09:44:02] METRIC link_bandwidth_gbps=10.0
[2026-04-27T09:44:02] METRIC throughput_gbps=4.6585
[2026-04-27T09:44:02] METRIC latency_ms=0.8264
[2026-04-27T09:44:02] METRIC cpu_util_pct=11.49
[2026-04-27T09:44:02] RUN_END status=OK
[2026-04-27T09:46:11] RUN_START run_id=SDO_uDCN_049
[2026-04-27T09:46:11] PARAM implementation=uDCN
[2026-04-27T09:46:11] PARAM workload_type=SDO
[2026-04-27T09:46:11] PARAM test_link=LI_10GbE_aggregation_backhaul
[2026-04-27T09:46:11] METRIC object_size_bytes=324.3
[2026-04-27T09:46:11] METRIC link_bandwidth_gbps=10.0
[2026-04-27T09:46:11] METRIC throughput_gbps=4.7282
[2026-04-27T09:46:11] METRIC latency_ms=0.7385
[2026-04-27T09:46:11] METRIC cpu_util_pct=12.08
[2026-04-27T09:46:11] RUN_END status=OK
[2026-04-27T09:51:57] RUN_START run_id=SDO_uDCN_050
[2026-04-27T09:51:57] PARAM implementation=uDCN
[2026-04-27T09:51:57] PARAM workload_type=SDO
[2026-04-27T09:51:57] PARAM test_link=LI_10GbE_aggregation_backhaul
[2026-04-27T09:51:57] METRIC object_size_bytes=280.4
[2026-04-27T09:51:57] METRIC link_bandwidth_gbps=10.0
[2026-04-27T09:51:57] METRIC throughput_gbps=4.5341
[2026-04-27T09:51:57] METRIC latency_ms=0.784
[2026-04-27T09:51:57] METRIC cpu_util_pct=11.09
[2026-04-27T09:51:57] RUN_END status=OK
[2026-04-27T09:54:56] RUN_START run_id=SDO_uDCN_051
[2026-04-27T09:54:56] PARAM implementation=uDCN
[2026-04-27T09:54:56] PARAM workload_type=SDO
[2026-04-27T09:54:56] PARAM test_link=LI_10GbE_aggregation_backhaul
[2026-04-27T09:54:56] METRIC object_size_bytes=849.8
[2026-04-27T09:54:56] METRIC link_bandwidth_gbps=10.0
[2026-04-27T09:54:56] METRIC throughput_gbps=4.4147
[2026-04-27T09:54:56] METRIC latency_ms=0.7898
[2026-04-27T09:54:56] METRIC cpu_util_pct=10.43
[2026-04-27T09:54:56] RUN_END status=OK
[2026-04-27T09:57:26] RUN_START run_id=SDO_uDCN_052
[2026-04-27T09:57:26] PARAM implementation=uDCN
[2026-04-27T09:57:26] PARAM workload_type=SDO
[2026-04-27T09:57:26] PARAM test_link=LI_10GbE_aggregation_backhaul
[2026-04-27T09:57:26] METRIC object_size_bytes=1906.9
[2026-04-27T09:57:26] METRIC link_bandwidth_gbps=10.0
[2026-04-27T09:57:26] METRIC throughput_gbps=5.1228
[2026-04-27T09:57:26] METRIC latency_ms=0.7952
[2026-04-27T09:57:26] METRIC cpu_util_pct=11.21
[2026-04-27T09:57:26] RUN_END status=OK
[2026-04-27T09:59:02] RUN_START run_id=SDO_uDCN_053
[2026-04-27T09:59:02] PARAM implementation=uDCN
[2026-04-27T09:59:02] PARAM workload_type=SDO
[2026-04-27T09:59:02] PARAM test_link=LI_10GbE_aggregation_backhaul
[2026-04-27T09:59:02] METRIC object_size_bytes=1488.7
[2026-04-27T09:59:02] METRIC link_bandwidth_gbps=10.0
[2026-04-27T09:59:02] METRIC throughput_gbps=4.7336
[2026-04-27T09:59:02] METRIC latency_ms=0.8326
[2026-04-27T09:59:02] METRIC cpu_util_pct=12.04
[2026-04-27T09:59:02] RUN_END status=OK
[2026-04-27T09:59:42] RUN_START run_id=SDO_uDCN_054
[2026-04-27T09:59:42] PARAM implementation=uDCN
[2026-04-27T09:59:42] PARAM workload_type=SDO
[2026-04-27T09:59:42] PARAM test_link=LI_10GbE_aggregation_backhaul
[2026-04-27T09:59:42] METRIC object_size_bytes=784.5
[2026-04-27T09:59:42] METRIC link_bandwidth_gbps=10.0
[2026-04-27T09:59:42] METRIC throughput_gbps=4.7426
[2026-04-27T09:59:42] METRIC latency_ms=0.7806
[2026-04-27T09:59:42] METRIC cpu_util_pct=12.14
[2026-04-27T09:59:42] RUN_END status=OK
[2026-04-27T10:01:22] RUN_START run_id=SDO_uDCN_055
[2026-04-27T10:01:22] PARAM implementation=uDCN
[2026-04-27T10:01:22] PARAM workload_type=SDO
[2026-04-27T10:01:22] PARAM test_link=LI_10GbE_aggregation_backhaul
[2026-04-27T10:01:22] METRIC object_size_bytes=1916.1
[2026-04-27T10:01:22] METRIC link_bandwidth_gbps=10.0
[2026-04-27T10:01:22] METRIC throughput_gbps=4.79
[2026-04-27T10:01:22] METRIC latency_ms=0.7668
[2026-04-27T10:01:22] METRIC cpu_util_pct=11.77
[2026-04-27T10:01:22] RUN_END status=OK
[2026-04-27T10:02:38] RUN_START run_id=SDO_uDCN_056
[2026-04-27T10:02:38] PARAM implementation=uDCN
[2026-04-27T10:02:38] PARAM workload_type=SDO
[2026-04-27T10:02:38] PARAM test_link=LI_10GbE_aggregation_backhaul
[2026-04-27T10:02:38] METRIC object_size_bytes=1789.1
[2026-04-27T10:02:38] METRIC link_bandwidth_gbps=10.0
[2026-04-27T10:02:38] METRIC throughput_gbps=4.9306
[2026-04-27T10:02:38] METRIC latency_ms=0.8617
[2026-04-27T10:02:38] METRIC cpu_util_pct=12.41
[2026-04-27T10:02:38] RUN_END status=OK
[2026-04-27T10:06:27] RUN_START run_id=SDO_uDCN_057
[2026-04-27T10:06:27] PARAM implementation=uDCN
[2026-04-27T10:06:27] PARAM workload_type=SDO
[2026-04-27T10:06:27] PARAM test_link=LI_10GbE_aggregation_backhaul
[2026-04-27T10:06:27] METRIC object_size_bytes=881.5
[2026-04-27T10:06:27] METRIC link_bandwidth_gbps=10.0
[2026-04-27T10:06:27] METRIC throughput_gbps=4.8609
[2026-04-27T10:06:27] METRIC latency_ms=0.7867
[2026-04-27T10:06:27] METRIC cpu_util_pct=12.23
[2026-04-27T10:06:27] RUN_END status=OK
[2026-04-27T10:07:02] RUN_START run_id=SDO_uDCN_058
[2026-04-27T10:07:02] PARAM implementation=uDCN
[2026-04-27T10:07:02] PARAM workload_type=SDO
[2026-04-27T10:07:02] PARAM test_link=LI_10GbE_aggregation_backhaul
[2026-04-27T10:07:02] METRIC object_size_bytes=1905.5
[2026-04-27T10:07:02] METRIC link_bandwidth_gbps=10.0
[2026-04-27T10:07:02] METRIC throughput_gbps=4.5392
[2026-04-27T10:07:02] METRIC latency_ms=0.7712
[2026-04-27T10:07:02] METRIC cpu_util_pct=13.23
[2026-04-27T10:07:02] RUN_END status=OK
[2026-04-27T10:09:46] RUN_START run_id=SDO_uDCN_059
[2026-04-27T10:09:46] PARAM implementation=uDCN
[2026-04-27T10:09:46] PARAM workload_type=SDO
[2026-04-27T10:09:46] PARAM test_link=LI_10GbE_aggregation_backhaul
[2026-04-27T10:09:46] METRIC object_size_bytes=1652.4
[2026-04-27T10:09:46] METRIC link_bandwidth_gbps=10.0
[2026-04-27T10:09:46] METRIC throughput_gbps=4.6869
[2026-04-27T10:09:46] METRIC latency_ms=0.71
[2026-04-27T10:09:46] METRIC cpu_util_pct=11.16
[2026-04-27T10:09:46] RUN_END status=OK
