[2026-04-27T03:26:29] RUN_START run_id=SDO_uDCN_022
[2026-04-27T03:26:29] PARAM implementation=uDCN
[2026-04-27T03:26:29] PARAM workload_type=SDO
[2026-04-27T03:26:29] PARAM test_link=LI_10GbE_aggregation_backhaul
[2026-04-27T03:26:29] METRIC object_size_bytes=193.7
[2026-04-27T03:26:29] METRIC link_bandwidth_gbps=10.0
[2026-04-27T03:26:29] METRIC throughput_gbps=4.4738
[2026-04-27T03:26:29] METRIC latency_ms=0.7119
[2026-04-27T03:26:29] METRIC cpu_util_pct=10.75
[2026-04-27T03:26:29] RUN_END status=OK
[2026-04-27T03:29:41] RUN_START run_id=LDO_PythonNDN_091
[2026-04-27T03:29:41] PARAM implementation=PythonNDN
[2026-04-27T03:29:41] PARAM workload_type=LDO
[2026-04-27T03:29:41] PARAM test_link=LI_10GbE_aggregation_backhaul
[2026-04-27T03:29:41] METRIC object_size_bytes=4910234.4
[2026-04-27T03:29:41] METRIC link_bandwidth_gbps=10.0
[2026-04-27T03:29:41] METRIC throughput_gbps=0.8488
[2026-04-27T03:29:41] METRIC latency_ms=152.379
[2026-04-27T03:29:41] METRIC cpu_util_pct=98.49
[2026-04-27T03:29:41] RUN_END status=OK
[2026-04-27T03:29:53] RUN_START run_id=SDO_uDCN_023
[2026-04-27T03:29:53] PARAM implementation=uDCN
[2026-04-27T03:29:53] PARAM workload_type=SDO
[2026-04-27T03:29:53] PARAM test_link=LI_10GbE_aggregation_backhaul
[2026-04-27T03:29:53] METRIC object_size_bytes=277.0
[2026-04-27T03:29:53] METRIC link_bandwidth_gbps=10.0
[2026-04-27T03:29:53] METRIC throughput_gbps=4.4571
[2026-04-27T03:29:53] METRIC latency_ms=0.7339
[2026-04-27T03:29:53] METRIC cpu_util_pct=10.88
[2026-04-27T03:29:53] RUN_END status=OK
[2026-04-27T03:31:30] RUN_START run_id=LDO_PythonNDN_092
[2026-04-27T03:31:30] PARAM implementation=PythonNDN
[2026-04-27T03:31:30] PARAM workload_type=LDO
[2026-04-27T03:31:30] PARAM test_link=LI_10GbE_aggregation_backhaul
[2026-04-27T03:31:30] METRIC object_size_bytes=4469804.9
[2026-04-27T03:31:30] METRIC link_bandwidth_gbps=10.0
[2026-04-27T03:31:30] METRIC throughput_gbps=0.8464
[2026-04-27T03:31:30] METRIC latency_ms=153.8986
[2026-04-27T03:31:30] METRIC cpu_util_pct=84.72
[2026-04-27T03:31:30] RUN_END status=OK
[2026-04-27T03:33:20] RUN_START run_id=LDO_PythonNDN_093
[2026-04-27T03:33:20] PARAM implementation=PythonNDN
[2026-04-27T03:33:20] PARAM workload_type=LDO
[2026-04-27T03:33:20] PARAM test_link=LI_10GbE_aggregation_backhaul
[2026-04-27T03:33:20] METRIC object_size_bytes=3362074.6
[2026-04-27T03:33:20] METRIC link_bandwidth_gbps=10.0
[2026-04-27T03:33:20] METRIC throughput_gbps=0.8125
[2026-04-27T03:33:20] METRIC latency_ms=143.8144
[2026-04-27T03:33:20] METRIC cpu_util_pct=95.74
[2026-04-27T03:33:20] RUN_END status=OK
[2026-04-27T03:34:24] RUN_START run_id=SDO_uDCN_024
[2026-04-27T03:34:24] PARAM implementation=uDCN
[2026-04-27T03:34:24] PARAM workload_type=SDO
[2026-04-27T03:34:24] PARAM test_link=LI_10GbE_aggregation_backhaul
[2026-04-27T03:34:24] METRIC object_size_bytes=790.0
[2026-04-27T03:34:24] METRIC link_bandwidth_gbps=10.0
[2026-04-27T03:34:24] METRIC throughput_gbps=4.4974
[2026-04-27T03:34:24] METRIC latency_ms=0.7244
[2026-04-27T03:34:24] METRIC cpu_util_pct=10.33
[2026-04-27T03:34:24] RUN_END status=OK
[2026-04-27T03:35:45] RUN_START run_id=LDO_PythonNDN_094
[2026-04-27T03:35:45] PARAM implementation=PythonNDN
[2026-04-27T03:35:45] PARAM workload_type=LDO
[2026-04-27T03:35:45] PARAM test_link=LI_10GbE_aggregation_backhaul
[2026-04-27T03:35:45] METRIC object_size_bytes=2528551.6
[2026-04-27T03:35:45] METRIC link_bandwidth_gbps=10.0
[2026-04-27T03:35:45] METRIC throughput_gbps=0.814
[2026-04-27T03:35:45] METRIC latency_ms=160.6766
[2026-04-27T03:35:45] METRIC cpu_util_pct=90.6
[2026-04-27T03:35:45] RUN_END status=OK
[2026-04-27T03:37:12] RUN_START run_id=SDO_uDCN_025
[2026-04-27T03:37:12] PARAM implementation=uDCN
[2026-04-27T03:37:12] PARAM workload_type=SDO
[2026-04-27T03:37:12] PARAM test_link=LI_10GbE_aggregation_backhaul
[2026-04-27T03:37:12] METRIC object_size_bytes=956.2
[2026-04-27T03:37:12] METRIC link_bandwidth_gbps=10.0
[2026-04-27T03:37:12] METRIC throughput_gbps=4.6809
[2026-04-27T03:37:12] METRIC latency_ms=0.7455
[2026-04-27T03:37:12] METRIC cpu_util_pct=11.09
[2026-04-27T03:37:12] RUN_END status=OK
[2026-04-27T03:38:29] RUN_START run_id=LDO_PythonNDN_095
[2026-04-27T03:38:29] PARAM implementation=PythonNDN
[2026-04-27T03:38:29] PARAM workload_type=LDO
[2026-04-27T03:38:29] PARAM test_link=LI_10GbE_aggregation_backhaul
[2026-04-27T03:38:29] METRIC object_size_bytes=4665642.1
[2026-04-27T03:38:29] METRIC link_bandwidth_gbps=10.0
[2026-04-27T03:38:29] METRIC throughput_gbps=0.8402
[2026-04-27T03:38:29] METRIC latency_ms=155.3599
[2026-04-27T03:38:29] METRIC cpu_util_pct=95.81
[2026-04-27T03:38:29] RUN_END status=OK
[2026-04-27T03:38:50] RUN_START run_id=SDO_uDCN_026
[2026-04-27T03:38:50] PARAM implementation=uDCN
[2026-04-27T03:38:50] PARAM workload_type=SDO
[2026-04-27T03:38:50] PARAM test_link=LI_10GbE_aggregation_backhaul
[2026-04-27T03:38:50] METRIC object_size_bytes=459.7
[2026-04-27T03:38:50] METRIC link_bandwidth_gbps=10.0
[2026-04-27T03:38:50] METRIC throughput_gbps=4.3967
[2026-04-27T03:38:50] METRIC latency_ms=0.8523
[2026-04-27T03:38:50] METRIC cpu_util_pct=11.76
[2026-04-27T03:38:50] RUN_END status=OK
[2026-04-27T03:39:45] RUN_START run_id=SDO_uDCN_027
[2026-04-27T03:39:45] PARAM implementation=uDCN
[2026-04-27T03:39:45] PARAM workload_type=SDO
[2026-04-27T03:39:45] PARAM test_link=LI_10GbE_aggregation_backhaul
[2026-04-27T03:39:45] METRIC object_size_bytes=1043.5
[2026-04-27T03:39:45] METRIC link_bandwidth_gbps=10.0
[2026-04-27T03:39:45] METRIC throughput_gbps=4.4901
[2026-04-27T03:39:45] METRIC latency_ms=0.7061
[2026-04-27T03:39:45] METRIC cpu_util_pct=12.4
[2026-04-27T03:39:45] RUN_END status=OK
[2026-04-27T03:41:32] RUN_START run_id=LDO_PythonNDN_096
[2026-04-27T03:41:32] PARAM implementation=PythonNDN
[2026-04-27T03:41:32] PARAM workload_type=LDO
[2026-04-27T03:41:32] PARAM test_link=LI_10GbE_aggregation_backhaul
[2026-04-27T03:41:32] METRIC object_size_bytes=2610257.3
[2026-04-27T03:41:32] METRIC link_bandwidth_gbps=10.0
[2026-04-27T03:41:32] METRIC throughput_gbps=0.8126
[2026-04-27T03:41:32] METRIC latency_ms=167.9048
[2026-04-27T03:41:32] METRIC cpu_util_pct=100.0
[2026-04-27T03:41:32] RUN_END status=OK
[2026-04-27T03:42:15] RUN_START run_id=SDO_uDCN_028
[2026-04-27T03:42:15] PARAM implementation=uDCN
[2026-04-27T03:42:15] PARAM workload_type=SDO
[2026-04-27T03:42:15] PARAM test_link=LI_10GbE_aggregation_backhaul
[2026-04-27T03:42:15] METRIC object_size_bytes=1317.9
[2026-04-27T03:42:15] METRIC link_bandwidth_gbps=10.0
[2026-04-27T03:42:15] METRIC throughput_gbps=4.831
[2026-04-27T03:42:15] METRIC latency_ms=0.7366
[2026-04-27T03:42:15] METRIC cpu_util_pct=12.23
[2026-04-27T03:42:15] RUN_END status=OK
[2026-04-27T03:43:00] RUN_START run_id=LDO_PythonNDN_097
[2026-04-27T03:43:00] PARAM implementation=PythonNDN
[2026-04-27T03:43:00] PARAM workload_type=LDO
[2026-04-27T03:43:00] PARAM test_link=LI_10GbE_aggregation_backhaul
[2026-04-27T03:43:00] METRIC object_size_bytes=1759456.0
[2026-04-27T03:43:00] METRIC link_bandwidth_gbps=10.0
[2026-04-27T03:43:00] METRIC throughput_gbps=0.8794
[2026-04-27T03:43:00] METRIC latency_ms=166.2594
[2026-04-27T03:43:00] METRIC cpu_util_pct=96.93
[2026-04-27T03:43:00] RUN_END status=OK
[2026-04-27T03:43:27] RUN_START run_id=SDO_uDCN_029
[2026-04-27T03:43:27] PARAM implementation=uDCN
[2026-04-27T03:43:27] PARAM workload_type=SDO
[2026-04-27T03:43:27] PARAM test_link=LI_10GbE_aggregation_backhaul
[2026-04-27T03:43:27] METRIC object_size_bytes=774.6
[2026-04-27T03:43:27] METRIC link_bandwidth_gbps=10.0
[2026-04-27T03:43:27] METRIC throughput_gbps=4.6374
[2026-04-27T03:43:27] METRIC latency_ms=0.8365
[2026-04-27T03:43:27] METRIC cpu_util_pct=12.32
[2026-04-27T03:43:27] RUN_END status=OK
[2026-04-27T03:44:57] RUN_START run_id=LDO_PythonNDN_098
[2026-04-27T03:44:57] PARAM implementation=PythonNDN
[2026-04-27T03:44:57] PARAM workload_type=LDO
[2026-04-27T03:44:57] PARAM test_link=LI_10GbE_aggregation_backhaul
[2026-04-27T03:44:57] METRIC object_size_bytes=4904685.8
[2026-04-27T03:44:57] METRIC link_bandwidth_gbps=10.0
[2026-04-27T03:44:57] METRIC throughput_gbps=0.7922
[2026-04-27T03:44:57] METRIC latency_ms=146.0954
[2026-04-27T03:44:57] METRIC cpu_util_pct=97.89
[2026-04-27T03:44:57] RUN_END status=OK
