[2026-04-27T17:11:37] RUN_START run_id=LDO_PythonNDN_105
[2026-04-27T17:11:37] PARAM implementation=PythonNDN
[2026-04-27T17:11:37] PARAM workload_type=LDO
[2026-04-27T17:11:37] PARAM test_link=LI_10GbE_aggregation_backhaul
[2026-04-27T17:11:37] METRIC object_size_bytes=3619886.2
[2026-04-27T17:11:37] METRIC link_bandwidth_gbps=10.0
[2026-04-27T17:11:37] METRIC throughput_gbps=0.7948
[2026-04-27T17:11:37] METRIC latency_ms=159.8834
[2026-04-27T17:11:37] METRIC cpu_util_pct=91.73
[2026-04-27T17:11:37] RUN_END status=OK
[2026-04-27T17:12:56] RUN_START run_id=LDO_PythonNDN_106
[2026-04-27T17:12:56] PARAM implementation=PythonNDN
[2026-04-27T17:12:56] PARAM workload_type=LDO
[2026-04-27T17:12:56] PARAM test_link=LI_10GbE_aggregation_backhaul
[2026-04-27T17:12:56] METRIC object_size_bytes=2617466.1
[2026-04-27T17:12:56] METRIC link_bandwidth_gbps=10.0
[2026-04-27T17:12:56] METRIC throughput_gbps=0.7903
[2026-04-27T17:12:56] METRIC latency_ms=166.9562
[2026-04-27T17:12:56] METRIC cpu_util_pct=96.06
[2026-04-27T17:12:56] RUN_END status=OK
[2026-04-27T17:15:48] RUN_START run_id=LDO_PythonNDN_107
[2026-04-27T17:15:48] PARAM implementation=PythonNDN
[2026-04-27T17:15:48] PARAM workload_type=LDO
[2026-04-27T17:15:48] PARAM test_link=LI_10GbE_aggregation_backhaul
[2026-04-27T17:15:48] METRIC object_size_bytes=1494101.0
[2026-04-27T17:15:48] METRIC link_bandwidth_gbps=10.0
[2026-04-27T17:15:48] METRIC throughput_gbps=0.7384
[2026-04-27T17:15:48] METRIC latency_ms=152.7686
[2026-04-27T17:15:48] METRIC cpu_util_pct=89.57
[2026-04-27T17:15:48] RUN_END status=OK
[2026-04-27T17:20:06] RUN_START run_id=LDO_PythonNDN_108
[2026-04-27T17:20:06] PARAM implementation=PythonNDN
[2026-04-27T17:20:06] PARAM workload_type=LDO
[2026-04-27T17:20:06] PARAM test_link=LI_10GbE_aggregation_backhaul
[2026-04-27T17:20:06] METRIC object_size_bytes=1743918.5
[2026-04-27T17:20:06] METRIC link_bandwidth_gbps=10.0
[2026-04-27T17:20:06] METRIC throughput_gbps=0.7783
[2026-04-27T17:20:06] METRIC latency_ms=154.4677
[2026-04-27T17:20:06] METRIC cpu_util_pct=86.47
[2026-04-27T17:20:06] RUN_END status=OK
[2026-04-27T17:21:26] RUN_START run_id=LDO_PythonNDN_109
[2026-04-27T17:21:26] PARAM implementation=PythonNDN
[2026-04-27T17:21:26] PARAM workload_type=LDO
[2026-04-27T17:21:26] PARAM test_link=LI_10GbE_aggregation_backhaul
[2026-04-27T17:21:26] METRIC object_size_bytes=2089091.6
[2026-04-27T17:21:26] METRIC link_bandwidth_gbps=10.0
[2026-04-27T17:21:26] METRIC throughput_gbps=0.7737
[2026-04-27T17:21:26] METRIC latency_ms=141.6322
[2026-04-27T17:21:26] METRIC cpu_util_pct=88.88
[2026-04-27T17:21:26] RUN_END status=OK
[2026-04-27T17:22:32] RUN_START run_id=LDO_PythonNDN_110
[2026-04-27T17:22:32] PARAM implementation=PythonNDN
[2026-04-27T17:22:32] PARAM workload_type=LDO
[2026-04-27T17:22:32] PARAM test_link=LI_10GbE_aggregation_backhaul
[2026-04-27T17:22:32] METRIC object_size_bytes=4656692.3
[2026-04-27T17:22:32] METRIC link_bandwidth_gbps=10.0
[2026-04-27T17:22:32] METRIC throughput_gbps=0.7575
[2026-04-27T17:22:32] METRIC latency_ms=161.1877
[2026-04-27T17:22:32] METRIC cpu_util_pct=95.04
[2026-04-27T17:22:32] RUN_END status=OK
[2026-04-27T20:32:24] RUN_START run_id=LDO_PythonNDN_111
[2026-04-27T20:32:24] PARAM implementation=PythonNDN
[2026-04-27T20:32:24] PARAM workload_type=LDO
[2026-04-27T20:32:24] PARAM test_link=LI_10GbE_aggregation_backhaul
[2026-04-27T20:32:24] METRIC object_size_bytes=2346870.5
[2026-04-27T20:32:24] METRIC link_bandwidth_gbps=10.0
[2026-04-27T20:32:24] METRIC throughput_gbps=0.7924
[2026-04-27T20:32:24] METRIC latency_ms=161.2612
[2026-04-27T20:32:24] METRIC cpu_util_pct=81.66
[2026-04-27T20:32:24] RUN_END status=OK
[2026-04-27T20:36:09] RUN_START run_id=LDO_PythonNDN_112
[2026-04-27T20:36:09] PARAM implementation=PythonNDN
[2026-04-27T20:36:09] PARAM workload_type=LDO
[2026-04-27T20:36:09] PARAM test_link=LI_10GbE_aggregation_backhaul
[2026-04-27T20:36:09] METRIC object_size_bytes=1718059.5
[2026-04-27T20:36:09] METRIC link_bandwidth_gbps=10.0
[2026-04-27T20:36:09] METRIC throughput_gbps=0.7616
[2026-04-27T20:36:09] METRIC latency_ms=153.6706
[2026-04-27T20:36:09] METRIC cpu_util_pct=94.48
[2026-04-27T20:36:09] RUN_END status=OK
[2026-04-27T20:39:03] RUN_START run_id=LDO_PythonNDN_113
[2026-04-27T20:39:03] PARAM implementation=PythonNDN
[2026-04-27T20:39:03] PARAM workload_type=LDO
[2026-04-27T20:39:03] PARAM test_link=LI_10GbE_aggregation_backhaul
[2026-04-27T20:39:03] METRIC object_size_bytes=2562932.2
[2026-04-27T20:39:03] METRIC link_bandwidth_gbps=10.0
[2026-04-27T20:39:03] METRIC throughput_gbps=0.7565
[2026-04-27T20:39:03] METRIC latency_ms=145.61
[2026-04-27T20:39:03] METRIC cpu_util_pct=93.08
[2026-04-27T20:39:03] RUN_END status=OK
[2026-04-27T20:39:24] RUN_START run_id=LDO_PythonNDN_114
[2026-04-27T20:39:24] PARAM implementation=PythonNDN
[2026-04-27T20:39:24] PARAM workload_type=LDO
[2026-04-27T20:39:24] PARAM test_link=LI_10GbE_aggregation_backhaul
[2026-04-27T20:39:24] METRIC object_size_bytes=3808317.9
[2026-04-27T20:39:24] METRIC link_bandwidth_gbps=10.0
[2026-04-27T20:39:24] METRIC throughput_gbps=0.804
[2026-04-27T20:39:24] METRIC latency_ms=140.1938
[2026-04-27T20:39:24] METRIC cpu_util_pct=87.6
[2026-04-27T20:39:24] RUN_END status=OK
[2026-04-27T20:39:55] RUN_START run_id=LDO_PythonNDN_115
[2026-04-27T20:39:55] PARAM implementation=PythonNDN
[2026-04-27T20:39:55] PARAM workload_type=LDO
[2026-04-27T20:39:55] PARAM test_link=LI_10GbE_aggregation_backhaul
[2026-04-27T20:39:55] METRIC object_size_bytes=2046386.2
[2026-04-27T20:39:55] METRIC link_bandwidth_gbps=10.0
[2026-04-27T20:39:55] METRIC throughput_gbps=0.7412
[2026-04-27T20:39:55] METRIC latency_ms=147.4499
[2026-04-27T20:39:55] METRIC cpu_util_pct=97.46
[2026-04-27T20:39:55] RUN_END status=OK
[2026-04-27T20:41:35] RUN_START run_id=LDO_PythonNDN_116
[2026-04-27T20:41:35] PARAM implementation=PythonNDN
[2026-04-27T20:41:35] PARAM workload_type=LDO
[2026-04-27T20:41:35] PARAM test_link=LI_10GbE_aggregation_backhaul
[2026-04-27T20:41:35] METRIC object_size_bytes=1445213.3
[2026-04-27T20:41:35] METRIC link_bandwidth_gbps=10.0
[2026-04-27T20:41:35] METRIC throughput_gbps=0.7566
[2026-04-27T20:41:35] METRIC latency_ms=153.4828
[2026-04-27T20:41:35] METRIC cpu_util_pct=88.52
[2026-04-27T20:41:35] RUN_END status=OK
