[2026-06-12T18:53:53] RUN_START run_id=LDO_CCNlite_102
[2026-06-12T18:53:53] PARAM implementation=CCNlite
[2026-06-12T18:53:53] PARAM workload_type=LDO
[2026-06-12T18:53:53] PARAM test_link=LI_10GbE_aggregation_backhaul
[2026-06-12T18:53:53] METRIC object_size_bytes=1301631.5
[2026-06-12T18:53:53] METRIC link_bandwidth_gbps=10.0
[2026-06-12T18:53:53] METRIC throughput_gbps=2.64
[2026-06-12T18:53:53] METRIC latency_ms=126.4148
[2026-06-12T18:53:53] METRIC cpu_util_pct=61.76
[2026-06-12T18:53:53] RUN_END status=OK
[2026-06-12T18:55:28] RUN_START run_id=LDO_CCNlite_103
[2026-06-12T18:55:28] PARAM implementation=CCNlite
[2026-06-12T18:55:28] PARAM workload_type=LDO
[2026-06-12T18:55:28] PARAM test_link=LI_10GbE_aggregation_backhaul
[2026-06-12T18:55:28] METRIC object_size_bytes=2571345.8
[2026-06-12T18:55:28] METRIC link_bandwidth_gbps=10.0
[2026-06-12T18:55:28] METRIC throughput_gbps=2.5619
[2026-06-12T18:55:28] METRIC latency_ms=123.0197
[2026-06-12T18:55:28] METRIC cpu_util_pct=60.8
[2026-06-12T18:55:28] RUN_END status=OK
[2026-06-12T18:56:04] RUN_START run_id=LDO_CCNlite_104
[2026-06-12T18:56:04] PARAM implementation=CCNlite
[2026-06-12T18:56:04] PARAM workload_type=LDO
[2026-06-12T18:56:04] PARAM test_link=LI_10GbE_aggregation_backhaul
[2026-06-12T18:56:04] METRIC object_size_bytes=3856823.8
[2026-06-12T18:56:04] METRIC link_bandwidth_gbps=10.0
[2026-06-12T18:56:04] METRIC throughput_gbps=2.5717
[2026-06-12T18:56:04] METRIC latency_ms=121.8662
[2026-06-12T18:56:04] METRIC cpu_util_pct=58.66
[2026-06-12T18:56:04] RUN_END status=OK
[2026-06-12T18:57:37] RUN_START run_id=LDO_CCNlite_105
[2026-06-12T18:57:37] PARAM implementation=CCNlite
[2026-06-12T18:57:37] PARAM workload_type=LDO
[2026-06-12T18:57:37] PARAM test_link=LI_10GbE_aggregation_backhaul
[2026-06-12T18:57:37] METRIC object_size_bytes=3852335.9
[2026-06-12T18:57:37] METRIC link_bandwidth_gbps=10.0
[2026-06-12T18:57:37] METRIC throughput_gbps=2.369
[2026-06-12T18:57:37] METRIC latency_ms=128.1552
[2026-06-12T18:57:37] METRIC cpu_util_pct=62.9
[2026-06-12T18:57:37] RUN_END status=OK
[2026-06-12T19:02:32] RUN_START run_id=LDO_CCNlite_106
[2026-06-12T19:02:32] PARAM implementation=CCNlite
[2026-06-12T19:02:32] PARAM workload_type=LDO
[2026-06-12T19:02:32] PARAM test_link=LI_10GbE_aggregation_backhaul
[2026-06-12T19:02:32] METRIC object_size_bytes=1880217.0
[2026-06-12T19:02:32] METRIC link_bandwidth_gbps=10.0
[2026-06-12T19:02:32] METRIC throughput_gbps=2.5337
[2026-06-12T19:02:32] METRIC latency_ms=131.5413
[2026-06-12T19:02:32] METRIC cpu_util_pct=61.61
[2026-06-12T19:02:32] RUN_END status=OK
[2026-06-12T19:05:01] RUN_START run_id=LDO_CCNlite_107
[2026-06-12T19:05:01] PARAM implementation=CCNlite
[2026-06-12T19:05:01] PARAM workload_type=LDO
[2026-06-12T19:05:01] PARAM test_link=LI_10GbE_aggregation_backhaul
[2026-06-12T19:05:01] METRIC object_size_bytes=1638639.7
[2026-06-12T19:05:01] METRIC link_bandwidth_gbps=10.0
[2026-06-12T19:05:01] METRIC throughput_gbps=2.4906
[2026-06-12T19:05:01] METRIC latency_ms=123.138
[2026-06-12T19:05:01] METRIC cpu_util_pct=58.2
[2026-06-12T19:05:01] RUN_END status=OK
[2026-06-12T19:08:23] RUN_START run_id=LDO_CCNlite_108
[2026-06-12T19:08:23] PARAM implementation=CCNlite
[2026-06-12T19:08:23] PARAM workload_type=LDO
[2026-06-12T19:08:23] PARAM test_link=LI_10GbE_aggregation_backhaul
[2026-06-12T19:08:23] METRIC object_size_bytes=1090960.8
[2026-06-12T19:08:23] METRIC link_bandwidth_gbps=10.0
[2026-06-12T19:08:23] METRIC throughput_gbps=2.4836
[2026-06-12T19:08:23] METRIC latency_ms=119.2406
[2026-06-12T19:08:23] METRIC cpu_util_pct=58.12
[2026-06-12T19:08:23] RUN_END status=OK
[2026-06-12T19:09:33] RUN_START run_id=LDO_CCNlite_109
[2026-06-12T19:09:33] PARAM implementation=CCNlite
[2026-06-12T19:09:33] PARAM workload_type=LDO
[2026-06-12T19:09:33] PARAM test_link=LI_10GbE_aggregation_backhaul
[2026-06-12T19:09:33] METRIC object_size_bytes=4323354.3
[2026-06-12T19:09:33] METRIC link_bandwidth_gbps=10.0
[2026-06-12T19:09:33] METRIC throughput_gbps=2.6085
[2026-06-12T19:09:33] METRIC latency_ms=132.1669
[2026-06-12T19:09:33] METRIC cpu_util_pct=62.77
[2026-06-12T19:09:33] RUN_END status=OK
[2026-06-12T19:10:51] RUN_START run_id=LDO_CCNlite_110
[2026-06-12T19:10:51] PARAM implementation=CCNlite
[2026-06-12T19:10:51] PARAM workload_type=LDO
[2026-06-12T19:10:51] PARAM test_link=LI_10GbE_aggregation_backhaul
[2026-06-12T19:10:51] METRIC object_size_bytes=1417808.3
[2026-06-12T19:10:51] METRIC link_bandwidth_gbps=10.0
[2026-06-12T19:10:51] METRIC throughput_gbps=2.6265
[2026-06-12T19:10:51] METRIC latency_ms=116.0578
[2026-06-12T19:10:51] METRIC cpu_util_pct=58.4
[2026-06-12T19:10:51] RUN_END status=OK
[2026-06-12T19:15:57] RUN_START run_id=LDO_CCNlite_111
[2026-06-12T19:15:57] PARAM implementation=CCNlite
[2026-06-12T19:15:57] PARAM workload_type=LDO
[2026-06-12T19:15:57] PARAM test_link=LI_10GbE_aggregation_backhaul
[2026-06-12T19:15:57] METRIC object_size_bytes=3244682.7
[2026-06-12T19:15:57] METRIC link_bandwidth_gbps=10.0
[2026-06-12T19:15:57] METRIC throughput_gbps=2.6674
[2026-06-12T19:15:57] METRIC latency_ms=134.4486
[2026-06-12T19:15:57] METRIC cpu_util_pct=63.9
[2026-06-12T19:15:57] RUN_END status=OK
[2026-06-12T19:19:09] RUN_START run_id=LDO_CCNlite_112
[2026-06-12T19:19:09] PARAM implementation=CCNlite
[2026-06-12T19:19:09] PARAM workload_type=LDO
[2026-06-12T19:19:09] PARAM test_link=LI_10GbE_aggregation_backhaul
[2026-06-12T19:19:09] METRIC object_size_bytes=2612575.7
[2026-06-12T19:19:09] METRIC link_bandwidth_gbps=10.0
[2026-06-12T19:19:09] METRIC throughput_gbps=2.4919
[2026-06-12T19:19:09] METRIC latency_ms=131.0624
[2026-06-12T19:19:09] METRIC cpu_util_pct=62.3
[2026-06-12T19:19:09] RUN_END status=OK
[2026-06-12T19:22:12] RUN_START run_id=LDO_CCNlite_113
[2026-06-12T19:22:12] PARAM implementation=CCNlite
[2026-06-12T19:22:12] PARAM workload_type=LDO
[2026-06-12T19:22:12] PARAM test_link=LI_10GbE_aggregation_backhaul
[2026-06-12T19:22:12] METRIC object_size_bytes=1454124.9
[2026-06-12T19:22:12] METRIC link_bandwidth_gbps=10.0
[2026-06-12T19:22:12] METRIC throughput_gbps=2.5567
[2026-06-12T19:22:12] METRIC latency_ms=121.6502
[2026-06-12T19:22:12] METRIC cpu_util_pct=61.93
[2026-06-12T19:22:12] RUN_END status=OK
[2026-06-13T16:02:41] RUN_START run_id=LDO_CCNlite_114
[2026-06-13T16:02:41] PARAM implementation=CCNlite
[2026-06-13T16:02:41] PARAM workload_type=LDO
[2026-06-13T16:02:41] PARAM test_link=LI_10GbE_aggregation_backhaul
[2026-06-13T16:02:41] METRIC object_size_bytes=1113790.2
[2026-06-13T16:02:41] METRIC link_bandwidth_gbps=10.0
[2026-06-13T16:02:41] METRIC throughput_gbps=2.6867
[2026-06-13T16:02:41] METRIC latency_ms=147.455
[2026-06-13T16:02:41] METRIC cpu_util_pct=62.51
[2026-06-13T16:02:41] RUN_END status=OK
[2026-06-13T16:03:57] RUN_START run_id=LDO_CCNlite_115
[2026-06-13T16:03:57] PARAM implementation=CCNlite
[2026-06-13T16:03:57] PARAM workload_type=LDO
[2026-06-13T16:03:57] PARAM test_link=LI_10GbE_aggregation_backhaul
[2026-06-13T16:03:57] METRIC object_size_bytes=3548889.2
[2026-06-13T16:03:57] METRIC link_bandwidth_gbps=10.0
[2026-06-13T16:03:57] METRIC throughput_gbps=2.7792
[2026-06-13T16:03:57] METRIC latency_ms=125.3868
[2026-06-13T16:03:57] METRIC cpu_util_pct=62.31
[2026-06-13T16:03:57] RUN_END status=OK
[2026-06-13T16:04:56] RUN_START run_id=LDO_CCNlite_116
[2026-06-13T16:04:56] PARAM implementation=CCNlite
[2026-06-13T16:04:56] PARAM workload_type=LDO
[2026-06-13T16:04:56] PARAM test_link=LI_10GbE_aggregation_backhaul
[2026-06-13T16:04:56] METRIC object_size_bytes=3102643.7
[2026-06-13T16:04:56] METRIC link_bandwidth_gbps=10.0
[2026-06-13T16:04:56] METRIC throughput_gbps=2.9861
[2026-06-13T16:04:56] METRIC latency_ms=134.2124
[2026-06-13T16:04:56] METRIC cpu_util_pct=69.13
[2026-06-13T16:04:56] RUN_END status=OK
[2026-06-13T16:07:15] RUN_START run_id=LDO_CCNlite_117
[2026-06-13T16:07:15] PARAM implementation=CCNlite
[2026-06-13T16:07:15] PARAM workload_type=LDO
[2026-06-13T16:07:15] PARAM test_link=LI_10GbE_aggregation_backhaul
[2026-06-13T16:07:15] METRIC object_size_bytes=1501253.9
[2026-06-13T16:07:15] METRIC link_bandwidth_gbps=10.0
[2026-06-13T16:07:15] METRIC throughput_gbps=2.6165
[2026-06-13T16:07:15] METRIC latency_ms=129.8386
[2026-06-13T16:07:15] METRIC cpu_util_pct=63.93
[2026-06-13T16:07:15] RUN_END status=OK
[2026-06-13T16:07:51] RUN_START run_id=LDO_CCNlite_118
[2026-06-13T16:07:51] PARAM implementation=CCNlite
[2026-06-13T16:07:51] PARAM workload_type=LDO
[2026-06-13T16:07:51] PARAM test_link=LI_10GbE_aggregation_backhaul
[2026-06-13T16:07:51] METRIC object_size_bytes=3144374.6
[2026-06-13T16:07:51] METRIC link_bandwidth_gbps=10.0
[2026-06-13T16:07:51] METRIC throughput_gbps=2.7208
[2026-06-13T16:07:51] METRIC latency_ms=127.1402
[2026-06-13T16:07:51] METRIC cpu_util_pct=61.84
[2026-06-13T16:07:51] RUN_END status=OK
[2026-06-13T16:09:22] RUN_START run_id=LDO_CCNlite_119
[2026-06-13T16:09:22] PARAM implementation=CCNlite
[2026-06-13T16:09:22] PARAM workload_type=LDO
[2026-06-13T16:09:22] PARAM test_link=LI_10GbE_aggregation_backhaul
[2026-06-13T16:09:22] METRIC object_size_bytes=2262155.6
[2026-06-13T16:09:22] METRIC link_bandwidth_gbps=10.0
[2026-06-13T16:09:22] METRIC throughput_gbps=2.8192
[2026-06-13T16:09:22] METRIC latency_ms=125.3426
[2026-06-13T16:09:22] METRIC cpu_util_pct=67.26
[2026-06-13T16:09:22] RUN_END status=OK
[2026-06-13T16:14:02] RUN_START run_id=LDO_CCNlite_120
[2026-06-13T16:14:02] PARAM implementation=CCNlite
[2026-06-13T16:14:02] PARAM workload_type=LDO
[2026-06-13T16:14:02] PARAM test_link=LI_10GbE_aggregation_backhaul
[2026-06-13T16:14:02] METRIC object_size_bytes=1271302.2
[2026-06-13T16:14:02] METRIC link_bandwidth_gbps=10.0
[2026-06-13T16:14:02] METRIC throughput_gbps=2.9206
[2026-06-13T16:14:02] METRIC latency_ms=144.658
[2026-06-13T16:14:02] METRIC cpu_util_pct=64.28
[2026-06-13T16:14:02] RUN_END status=OK
[2026-06-13T16:16:04] RUN_START run_id=LDO_CCNlite_121
[2026-06-13T16:16:04] PARAM implementation=CCNlite
[2026-06-13T16:16:04] PARAM workload_type=LDO
[2026-06-13T16:16:04] PARAM test_link=LI_10GbE_aggregation_backhaul
[2026-06-13T16:16:04] METRIC object_size_bytes=1392910.1
[2026-06-13T16:16:04] METRIC link_bandwidth_gbps=10.0
[2026-06-13T16:16:04] METRIC throughput_gbps=2.7938
[2026-06-13T16:16:04] METRIC latency_ms=133.2387
[2026-06-13T16:16:04] METRIC cpu_util_pct=60.96
[2026-06-13T16:16:04] RUN_END status=OK
[2026-06-13T16:17:19] RUN_START run_id=LDO_CCNlite_122
[2026-06-13T16:17:19] PARAM implementation=CCNlite
[2026-06-13T16:17:19] PARAM workload_type=LDO
[2026-06-13T16:17:19] PARAM test_link=LI_10GbE_aggregation_backhaul
[2026-06-13T16:17:19] METRIC object_size_bytes=2365437.9
[2026-06-13T16:17:19] METRIC link_bandwidth_gbps=10.0
[2026-06-13T16:17:19] METRIC throughput_gbps=2.7141
[2026-06-13T16:17:19] METRIC latency_ms=132.9917
[2026-06-13T16:17:19] METRIC cpu_util_pct=61.75
[2026-06-13T16:17:19] RUN_END status=OK
