[2026-06-23T15:05:32] RUN_START run_id=SDO_NFD_122
[2026-06-23T15:05:32] PARAM implementation=NFD
[2026-06-23T15:05:32] PARAM workload_type=SDO
[2026-06-23T15:05:32] PARAM test_link=LI_10GbE_aggregation_backhaul
[2026-06-23T15:05:32] METRIC object_size_bytes=1423.9
[2026-06-23T15:05:32] METRIC link_bandwidth_gbps=10.0
[2026-06-23T15:05:32] METRIC throughput_gbps=1.0974
[2026-06-23T15:05:32] METRIC latency_ms=1.3268
[2026-06-23T15:05:32] METRIC cpu_util_pct=47.8
[2026-06-23T15:05:32] RUN_END status=OK
[2026-06-23T15:08:39] RUN_START run_id=SDO_NFD_123
[2026-06-23T15:08:39] PARAM implementation=NFD
[2026-06-23T15:08:39] PARAM workload_type=SDO
[2026-06-23T15:08:39] PARAM test_link=LI_10GbE_aggregation_backhaul
[2026-06-23T15:08:39] METRIC object_size_bytes=1596.6
[2026-06-23T15:08:39] METRIC link_bandwidth_gbps=10.0
[2026-06-23T15:08:39] METRIC throughput_gbps=1.183
[2026-06-23T15:08:39] METRIC latency_ms=1.3235
[2026-06-23T15:08:39] METRIC cpu_util_pct=48.83
[2026-06-23T15:08:39] RUN_END status=OK
[2026-06-23T15:10:30] RUN_START run_id=SDO_NFD_124
[2026-06-23T15:10:30] PARAM implementation=NFD
[2026-06-23T15:10:30] PARAM workload_type=SDO
[2026-06-23T15:10:30] PARAM test_link=LI_10GbE_aggregation_backhaul
[2026-06-23T15:10:30] METRIC object_size_bytes=543.2
[2026-06-23T15:10:30] METRIC link_bandwidth_gbps=10.0
[2026-06-23T15:10:30] METRIC throughput_gbps=1.1419
[2026-06-23T15:10:30] METRIC latency_ms=1.3026
[2026-06-23T15:10:30] METRIC cpu_util_pct=43.54
[2026-06-23T15:10:30] RUN_END status=OK
[2026-06-23T15:11:37] RUN_START run_id=SDO_NFD_125
[2026-06-23T15:11:37] PARAM implementation=NFD
[2026-06-23T15:11:37] PARAM workload_type=SDO
[2026-06-23T15:11:37] PARAM test_link=LI_10GbE_aggregation_backhaul
[2026-06-23T15:11:37] METRIC object_size_bytes=1252.2
[2026-06-23T15:11:37] METRIC link_bandwidth_gbps=10.0
[2026-06-23T15:11:37] METRIC throughput_gbps=1.1262
[2026-06-23T15:11:37] METRIC latency_ms=1.5648
[2026-06-23T15:11:37] METRIC cpu_util_pct=41.45
[2026-06-23T15:11:37] RUN_END status=OK
[2026-06-23T15:13:41] RUN_START run_id=SDO_NFD_126
[2026-06-23T15:13:41] PARAM implementation=NFD
[2026-06-23T15:13:41] PARAM workload_type=SDO
[2026-06-23T15:13:41] PARAM test_link=LI_10GbE_aggregation_backhaul
[2026-06-23T15:13:41] METRIC object_size_bytes=1450.4
[2026-06-23T15:13:41] METRIC link_bandwidth_gbps=10.0
[2026-06-23T15:13:41] METRIC throughput_gbps=1.1521
[2026-06-23T15:13:41] METRIC latency_ms=1.4598
[2026-06-23T15:13:41] METRIC cpu_util_pct=44.13
[2026-06-23T15:13:41] RUN_END status=OK
[2026-06-23T15:16:18] RUN_START run_id=SDO_NFD_127
[2026-06-23T15:16:18] PARAM implementation=NFD
[2026-06-23T15:16:18] PARAM workload_type=SDO
[2026-06-23T15:16:18] PARAM test_link=LI_10GbE_aggregation_backhaul
[2026-06-23T15:16:18] METRIC object_size_bytes=615.0
[2026-06-23T15:16:18] METRIC link_bandwidth_gbps=10.0
[2026-06-23T15:16:18] METRIC throughput_gbps=1.2284
[2026-06-23T15:16:18] METRIC latency_ms=1.2866
[2026-06-23T15:16:18] METRIC cpu_util_pct=47.06
[2026-06-23T15:16:18] RUN_END status=OK
[2026-06-23T15:19:45] RUN_START run_id=SDO_NFD_128
[2026-06-23T15:19:45] PARAM implementation=NFD
[2026-06-23T15:19:45] PARAM workload_type=SDO
[2026-06-23T15:19:45] PARAM test_link=LI_10GbE_aggregation_backhaul
[2026-06-23T15:19:45] METRIC object_size_bytes=1383.7
[2026-06-23T15:19:45] METRIC link_bandwidth_gbps=10.0
[2026-06-23T15:19:45] METRIC throughput_gbps=1.2465
[2026-06-23T15:19:45] METRIC latency_ms=1.4348
[2026-06-23T15:19:45] METRIC cpu_util_pct=43.89
[2026-06-23T15:19:45] RUN_END status=OK
[2026-06-23T15:22:50] RUN_START run_id=SDO_NFD_129
[2026-06-23T15:22:50] PARAM implementation=NFD
[2026-06-23T15:22:50] PARAM workload_type=SDO
[2026-06-23T15:22:50] PARAM test_link=LI_10GbE_aggregation_backhaul
[2026-06-23T15:22:50] METRIC object_size_bytes=1783.3
[2026-06-23T15:22:50] METRIC link_bandwidth_gbps=10.0
[2026-06-23T15:22:50] METRIC throughput_gbps=1.1607
[2026-06-23T15:22:50] METRIC latency_ms=1.3927
[2026-06-23T15:22:50] METRIC cpu_util_pct=44.95
[2026-06-23T15:22:50] RUN_END status=OK
[2026-06-23T15:24:12] RUN_START run_id=SDO_NFD_130
[2026-06-23T15:24:12] PARAM implementation=NFD
[2026-06-23T15:24:12] PARAM workload_type=SDO
[2026-06-23T15:24:12] PARAM test_link=LI_10GbE_aggregation_backhaul
[2026-06-23T15:24:12] METRIC object_size_bytes=1518.7
[2026-06-23T15:24:12] METRIC link_bandwidth_gbps=10.0
[2026-06-23T15:24:12] METRIC throughput_gbps=1.2355
[2026-06-23T15:24:12] METRIC latency_ms=1.5537
[2026-06-23T15:24:12] METRIC cpu_util_pct=45.96
[2026-06-23T15:24:12] RUN_END status=OK
[2026-06-23T15:26:28] RUN_START run_id=SDO_NFD_131
[2026-06-23T15:26:28] PARAM implementation=NFD
[2026-06-23T15:26:28] PARAM workload_type=SDO
[2026-06-23T15:26:28] PARAM test_link=LI_10GbE_aggregation_backhaul
[2026-06-23T15:26:28] METRIC object_size_bytes=464.1
[2026-06-23T15:26:28] METRIC link_bandwidth_gbps=10.0
[2026-06-23T15:26:28] METRIC throughput_gbps=1.1882
[2026-06-23T15:26:28] METRIC latency_ms=1.3833
[2026-06-23T15:26:28] METRIC cpu_util_pct=45.81
[2026-06-23T15:26:28] RUN_END status=OK
[2026-06-23T15:29:09] RUN_START run_id=SDO_NFD_132
[2026-06-23T15:29:09] PARAM implementation=NFD
[2026-06-23T15:29:09] PARAM workload_type=SDO
[2026-06-23T15:29:09] PARAM test_link=LI_10GbE_aggregation_backhaul
[2026-06-23T15:29:09] METRIC object_size_bytes=1704.9
[2026-06-23T15:29:09] METRIC link_bandwidth_gbps=10.0
[2026-06-23T15:29:09] METRIC throughput_gbps=1.2486
[2026-06-23T15:29:09] METRIC latency_ms=1.2388
[2026-06-23T15:29:09] METRIC cpu_util_pct=43.51
[2026-06-23T15:29:09] RUN_END status=OK
[2026-06-23T15:32:14] RUN_START run_id=SDO_NFD_133
[2026-06-23T15:32:14] PARAM implementation=NFD
[2026-06-23T15:32:14] PARAM workload_type=SDO
[2026-06-23T15:32:14] PARAM test_link=LI_10GbE_aggregation_backhaul
[2026-06-23T15:32:14] METRIC object_size_bytes=1357.0
[2026-06-23T15:32:14] METRIC link_bandwidth_gbps=10.0
[2026-06-23T15:32:14] METRIC throughput_gbps=1.1799
[2026-06-23T15:32:14] METRIC latency_ms=1.5286
[2026-06-23T15:32:14] METRIC cpu_util_pct=45.46
[2026-06-23T15:32:14] RUN_END status=OK
[2026-06-23T15:36:05] RUN_START run_id=SDO_NFD_134
[2026-06-23T15:36:05] PARAM implementation=NFD
[2026-06-23T15:36:05] PARAM workload_type=SDO
[2026-06-23T15:36:05] PARAM test_link=LI_10GbE_aggregation_backhaul
[2026-06-23T15:36:05] METRIC object_size_bytes=536.3
[2026-06-23T15:36:05] METRIC link_bandwidth_gbps=10.0
[2026-06-23T15:36:05] METRIC throughput_gbps=1.2062
[2026-06-23T15:36:05] METRIC latency_ms=1.5375
[2026-06-23T15:36:05] METRIC cpu_util_pct=48.12
[2026-06-23T15:36:05] RUN_END status=OK
[2026-06-23T15:38:10] RUN_START run_id=SDO_NFD_135
[2026-06-23T15:38:10] PARAM implementation=NFD
[2026-06-23T15:38:10] PARAM workload_type=SDO
[2026-06-23T15:38:10] PARAM test_link=LI_10GbE_aggregation_backhaul
[2026-06-23T15:38:10] METRIC object_size_bytes=414.0
[2026-06-23T15:38:10] METRIC link_bandwidth_gbps=10.0
[2026-06-23T15:38:10] METRIC throughput_gbps=1.1353
[2026-06-23T15:38:10] METRIC latency_ms=1.5449
[2026-06-23T15:38:10] METRIC cpu_util_pct=47.41
[2026-06-23T15:38:10] RUN_END status=OK
[2026-06-23T15:40:20] RUN_START run_id=SDO_NFD_136
[2026-06-23T15:40:20] PARAM implementation=NFD
[2026-06-23T15:40:20] PARAM workload_type=SDO
[2026-06-23T15:40:20] PARAM test_link=LI_10GbE_aggregation_backhaul
[2026-06-23T15:40:20] METRIC object_size_bytes=192.8
[2026-06-23T15:40:20] METRIC link_bandwidth_gbps=10.0
[2026-06-23T15:40:20] METRIC throughput_gbps=1.2287
[2026-06-23T15:40:20] METRIC latency_ms=1.4417
[2026-06-23T15:40:20] METRIC cpu_util_pct=45.95
[2026-06-23T15:40:20] RUN_END status=OK
[2026-06-23T15:44:36] RUN_START run_id=SDO_NFD_137
[2026-06-23T15:44:36] PARAM implementation=NFD
[2026-06-23T15:44:36] PARAM workload_type=SDO
[2026-06-23T15:44:36] PARAM test_link=LI_10GbE_aggregation_backhaul
[2026-06-23T15:44:36] METRIC object_size_bytes=1723.5
[2026-06-23T15:44:36] METRIC link_bandwidth_gbps=10.0
[2026-06-23T15:44:36] METRIC throughput_gbps=1.2127
[2026-06-23T15:44:36] METRIC latency_ms=1.2219
[2026-06-23T15:44:36] METRIC cpu_util_pct=45.51
[2026-06-23T15:44:36] RUN_END status=OK
[2026-06-23T15:47:31] RUN_START run_id=SDO_NFD_138
[2026-06-23T15:47:31] PARAM implementation=NFD
[2026-06-23T15:47:31] PARAM workload_type=SDO
[2026-06-23T15:47:31] PARAM test_link=LI_10GbE_aggregation_backhaul
[2026-06-23T15:47:31] METRIC object_size_bytes=1869.9
[2026-06-23T15:47:31] METRIC link_bandwidth_gbps=10.0
[2026-06-23T15:47:31] METRIC throughput_gbps=1.2266
[2026-06-23T15:47:31] METRIC latency_ms=1.2824
[2026-06-23T15:47:31] METRIC cpu_util_pct=49.48
[2026-06-23T15:47:31] RUN_END status=OK
[2026-06-23T15:52:02] RUN_START run_id=SDO_NFD_139
[2026-06-23T15:52:02] PARAM implementation=NFD
[2026-06-23T15:52:02] PARAM workload_type=SDO
[2026-06-23T15:52:02] PARAM test_link=LI_10GbE_aggregation_backhaul
[2026-06-23T15:52:02] METRIC object_size_bytes=1579.1
[2026-06-23T15:52:02] METRIC link_bandwidth_gbps=10.0
[2026-06-23T15:52:02] METRIC throughput_gbps=1.2451
[2026-06-23T15:52:02] METRIC latency_ms=1.343
[2026-06-23T15:52:02] METRIC cpu_util_pct=50.0
[2026-06-23T15:52:02] RUN_END status=OK
[2026-06-23T15:53:54] RUN_START run_id=SDO_NFD_140
[2026-06-23T15:53:54] PARAM implementation=NFD
[2026-06-23T15:53:54] PARAM workload_type=SDO
[2026-06-23T15:53:54] PARAM test_link=LI_10GbE_aggregation_backhaul
[2026-06-23T15:53:54] METRIC object_size_bytes=836.2
[2026-06-23T15:53:54] METRIC link_bandwidth_gbps=10.0
[2026-06-23T15:53:54] METRIC throughput_gbps=1.1648
[2026-06-23T15:53:54] METRIC latency_ms=1.3817
[2026-06-23T15:53:54] METRIC cpu_util_pct=43.71
[2026-06-23T15:53:54] RUN_END status=OK
[2026-06-23T15:58:12] RUN_START run_id=SDO_NFD_141
[2026-06-23T15:58:12] PARAM implementation=NFD
[2026-06-23T15:58:12] PARAM workload_type=SDO
[2026-06-23T15:58:12] PARAM test_link=LI_10GbE_aggregation_backhaul
[2026-06-23T15:58:12] METRIC object_size_bytes=1378.1
[2026-06-23T15:58:12] METRIC link_bandwidth_gbps=10.0
[2026-06-23T15:58:12] METRIC throughput_gbps=1.1966
[2026-06-23T15:58:12] METRIC latency_ms=1.3313
[2026-06-23T15:58:12] METRIC cpu_util_pct=44.55
[2026-06-23T15:58:12] RUN_END status=OK
[2026-06-23T16:02:40] RUN_START run_id=SDO_NFD_142
[2026-06-23T16:02:40] PARAM implementation=NFD
[2026-06-23T16:02:40] PARAM workload_type=SDO
[2026-06-23T16:02:40] PARAM test_link=LI_10GbE_aggregation_backhaul
[2026-06-23T16:02:40] METRIC object_size_bytes=551.9
[2026-06-23T16:02:40] METRIC link_bandwidth_gbps=10.0
[2026-06-23T16:02:40] METRIC throughput_gbps=1.1042
[2026-06-23T16:02:40] METRIC latency_ms=1.4137
[2026-06-23T16:02:40] METRIC cpu_util_pct=44.8
[2026-06-23T16:02:40] RUN_END status=OK
