[2026-04-04T13:23:14] RUN_START run_id=LDO_NFD_071
[2026-04-04T13:23:14] PARAM implementation=NFD
[2026-04-04T13:23:14] PARAM workload_type=LDO
[2026-04-04T13:23:14] PARAM test_link=LI_10GbE_aggregation_backhaul
[2026-04-04T13:23:14] METRIC object_size_bytes=2697866.6
[2026-04-04T13:23:14] METRIC link_bandwidth_gbps=10.0
[2026-04-04T13:23:14] METRIC throughput_gbps=3.2655
[2026-04-04T13:23:14] METRIC latency_ms=121.5658
[2026-04-04T13:23:14] METRIC cpu_util_pct=59.86
[2026-04-04T13:23:14] RUN_END status=OK
[2026-04-04T13:24:36] RUN_START run_id=LDO_NFD_072
[2026-04-04T13:24:36] PARAM implementation=NFD
[2026-04-04T13:24:36] PARAM workload_type=LDO
[2026-04-04T13:24:36] PARAM test_link=LI_10GbE_aggregation_backhaul
[2026-04-04T13:24:36] METRIC object_size_bytes=4216803.6
[2026-04-04T13:24:36] METRIC link_bandwidth_gbps=10.0
[2026-04-04T13:24:36] METRIC throughput_gbps=3.1645
[2026-04-04T13:24:36] METRIC latency_ms=121.5835
[2026-04-04T13:24:36] METRIC cpu_util_pct=57.1
[2026-04-04T13:24:36] RUN_END status=OK
[2026-04-04T13:26:18] RUN_START run_id=LDO_NFD_073
[2026-04-04T13:26:18] PARAM implementation=NFD
[2026-04-04T13:26:18] PARAM workload_type=LDO
[2026-04-04T13:26:18] PARAM test_link=LI_10GbE_aggregation_backhaul
[2026-04-04T13:26:18] METRIC object_size_bytes=2982022.8
[2026-04-04T13:26:18] METRIC link_bandwidth_gbps=10.0
[2026-04-04T13:26:18] METRIC throughput_gbps=3.117
[2026-04-04T13:26:18] METRIC latency_ms=117.2326
[2026-04-04T13:26:18] METRIC cpu_util_pct=50.6
[2026-04-04T13:26:18] RUN_END status=OK
[2026-04-04T13:29:13] RUN_START run_id=LDO_NFD_074
[2026-04-04T13:29:13] PARAM implementation=NFD
[2026-04-04T13:29:13] PARAM workload_type=LDO
[2026-04-04T13:29:13] PARAM test_link=LI_10GbE_aggregation_backhaul
[2026-04-04T13:29:13] METRIC object_size_bytes=4366515.1
[2026-04-04T13:29:13] METRIC link_bandwidth_gbps=10.0
[2026-04-04T13:29:13] METRIC throughput_gbps=3.043
[2026-04-04T13:29:13] METRIC latency_ms=112.5774
[2026-04-04T13:29:13] METRIC cpu_util_pct=58.81
[2026-04-04T13:29:13] RUN_END status=OK
[2026-04-04T13:31:02] RUN_START run_id=LDO_NFD_075
[2026-04-04T13:31:02] PARAM implementation=NFD
[2026-04-04T13:31:02] PARAM workload_type=LDO
[2026-04-04T13:31:02] PARAM test_link=LI_10GbE_aggregation_backhaul
[2026-04-04T13:31:02] METRIC object_size_bytes=1921935.0
[2026-04-04T13:31:02] METRIC link_bandwidth_gbps=10.0
[2026-04-04T13:31:02] METRIC throughput_gbps=3.1459
[2026-04-04T13:31:02] METRIC latency_ms=121.5851
[2026-04-04T13:31:02] METRIC cpu_util_pct=55.29
[2026-04-04T13:31:02] RUN_END status=OK
[2026-04-04T13:31:41] RUN_START run_id=LDO_NFD_076
[2026-04-04T13:31:41] PARAM implementation=NFD
[2026-04-04T13:31:41] PARAM workload_type=LDO
[2026-04-04T13:31:41] PARAM test_link=LI_10GbE_aggregation_backhaul
[2026-04-04T13:31:41] METRIC object_size_bytes=2429869.4
[2026-04-04T13:31:41] METRIC link_bandwidth_gbps=10.0
[2026-04-04T13:31:41] METRIC throughput_gbps=3.1277
[2026-04-04T13:31:41] METRIC latency_ms=123.2353
[2026-04-04T13:31:41] METRIC cpu_util_pct=55.5
[2026-04-04T13:31:41] RUN_END status=OK
[2026-04-04T13:36:15] RUN_START run_id=LDO_NFD_077
[2026-04-04T13:36:15] PARAM implementation=NFD
[2026-04-04T13:36:15] PARAM workload_type=LDO
[2026-04-04T13:36:15] PARAM test_link=LI_10GbE_aggregation_backhaul
[2026-04-04T13:36:15] METRIC object_size_bytes=4282900.7
[2026-04-04T13:36:15] METRIC link_bandwidth_gbps=10.0
[2026-04-04T13:36:15] METRIC throughput_gbps=3.0399
[2026-04-04T13:36:15] METRIC latency_ms=117.0785
[2026-04-04T13:36:15] METRIC cpu_util_pct=58.1
[2026-04-04T13:36:15] RUN_END status=OK
[2026-04-04T13:38:02] RUN_START run_id=LDO_NFD_078
[2026-04-04T13:38:02] PARAM implementation=NFD
[2026-04-04T13:38:02] PARAM workload_type=LDO
[2026-04-04T13:38:02] PARAM test_link=LI_10GbE_aggregation_backhaul
[2026-04-04T13:38:02] METRIC object_size_bytes=2349227.5
[2026-04-04T13:38:02] METRIC link_bandwidth_gbps=10.0
[2026-04-04T13:38:02] METRIC throughput_gbps=3.1219
[2026-04-04T13:38:02] METRIC latency_ms=109.1558
[2026-04-04T13:38:02] METRIC cpu_util_pct=56.55
[2026-04-04T13:38:02] RUN_END status=OK
[2026-04-04T13:44:07] RUN_START run_id=LDO_NFD_079
[2026-04-04T13:44:07] PARAM implementation=NFD
[2026-04-04T13:44:07] PARAM workload_type=LDO
[2026-04-04T13:44:07] PARAM test_link=LI_10GbE_aggregation_backhaul
[2026-04-04T13:44:07] METRIC object_size_bytes=2539424.0
[2026-04-04T13:44:07] METRIC link_bandwidth_gbps=10.0
[2026-04-04T13:44:07] METRIC throughput_gbps=3.1549
[2026-04-04T13:44:07] METRIC latency_ms=122.5455
[2026-04-04T13:44:07] METRIC cpu_util_pct=53.16
[2026-04-04T13:44:07] RUN_END status=OK
[2026-04-04T13:49:56] RUN_START run_id=LDO_NFD_080
[2026-04-04T13:49:56] PARAM implementation=NFD
[2026-04-04T13:49:56] PARAM workload_type=LDO
[2026-04-04T13:49:56] PARAM test_link=LI_10GbE_aggregation_backhaul
[2026-04-04T13:49:56] METRIC object_size_bytes=2088708.7
[2026-04-04T13:49:56] METRIC link_bandwidth_gbps=10.0
[2026-04-04T13:49:56] METRIC throughput_gbps=3.1532
[2026-04-04T13:49:56] METRIC latency_ms=118.5814
[2026-04-04T13:49:56] METRIC cpu_util_pct=59.81
[2026-04-04T13:49:56] RUN_END status=OK
[2026-04-04T13:50:45] RUN_START run_id=LDO_NFD_081
[2026-04-04T13:50:45] PARAM implementation=NFD
[2026-04-04T13:50:45] PARAM workload_type=LDO
[2026-04-04T13:50:45] PARAM test_link=LI_10GbE_aggregation_backhaul
[2026-04-04T13:50:45] METRIC object_size_bytes=4997745.5
[2026-04-04T13:50:45] METRIC link_bandwidth_gbps=10.0
[2026-04-04T13:50:45] METRIC throughput_gbps=3.1703
[2026-04-04T13:50:45] METRIC latency_ms=112.8901
[2026-04-04T13:50:45] METRIC cpu_util_pct=59.69
[2026-04-04T13:50:45] RUN_END status=OK
[2026-04-04T13:53:17] RUN_START run_id=LDO_NFD_082
[2026-04-04T13:53:17] PARAM implementation=NFD
[2026-04-04T13:53:17] PARAM workload_type=LDO
[2026-04-04T13:53:17] PARAM test_link=LI_10GbE_aggregation_backhaul
[2026-04-04T13:53:17] METRIC object_size_bytes=4899630.8
[2026-04-04T13:53:17] METRIC link_bandwidth_gbps=10.0
[2026-04-04T13:53:17] METRIC throughput_gbps=3.0632
[2026-04-04T13:53:17] METRIC latency_ms=123.0928
[2026-04-04T13:53:17] METRIC cpu_util_pct=56.32
[2026-04-04T13:53:17] RUN_END status=OK
[2026-04-04T13:56:38] RUN_START run_id=LDO_NFD_083
[2026-04-04T13:56:38] PARAM implementation=NFD
[2026-04-04T13:56:38] PARAM workload_type=LDO
[2026-04-04T13:56:38] PARAM test_link=LI_10GbE_aggregation_backhaul
[2026-04-04T13:56:38] METRIC object_size_bytes=3411077.9
[2026-04-04T13:56:38] METRIC link_bandwidth_gbps=10.0
[2026-04-04T13:56:38] METRIC throughput_gbps=3.2138
[2026-04-04T13:56:38] METRIC latency_ms=120.88
[2026-04-04T13:56:38] METRIC cpu_util_pct=58.46
[2026-04-04T13:56:38] RUN_END status=OK
