[2026-05-19T00:41:33] RUN_START run_id=MDO_PythonNDN_041
[2026-05-19T00:41:33] PARAM implementation=PythonNDN
[2026-05-19T00:41:33] PARAM workload_type=MDO
[2026-05-19T00:41:33] PARAM test_link=LI_10GbE_aggregation_backhaul
[2026-05-19T00:41:33] METRIC object_size_bytes=452642.8
[2026-05-19T00:41:33] METRIC link_bandwidth_gbps=10.0
[2026-05-19T00:41:33] METRIC throughput_gbps=0.6626
[2026-05-19T00:41:33] METRIC latency_ms=26.3951
[2026-05-19T00:41:33] METRIC cpu_util_pct=88.3
[2026-05-19T00:41:33] RUN_END status=OK
[2026-05-19T04:34:43] RUN_START run_id=MDO_uDCN_122
[2026-05-19T04:34:43] PARAM implementation=uDCN
[2026-05-19T04:34:43] PARAM workload_type=MDO
[2026-05-19T04:34:43] PARAM test_link=LI_10GbE_aggregation_backhaul
[2026-05-19T04:34:43] METRIC object_size_bytes=127102.2
[2026-05-19T04:34:43] METRIC link_bandwidth_gbps=10.0
[2026-05-19T04:34:43] METRIC throughput_gbps=8.7827
[2026-05-19T04:34:43] METRIC latency_ms=14.13
[2026-05-19T04:34:43] METRIC cpu_util_pct=18.97
[2026-05-19T04:34:43] RUN_END status=OK
[2026-05-19T04:39:02] RUN_START run_id=MDO_uDCN_123
[2026-05-19T04:39:02] PARAM implementation=uDCN
[2026-05-19T04:39:02] PARAM workload_type=MDO
[2026-05-19T04:39:02] PARAM test_link=LI_10GbE_aggregation_backhaul
[2026-05-19T04:39:02] METRIC object_size_bytes=119135.0
[2026-05-19T04:39:02] METRIC link_bandwidth_gbps=10.0
[2026-05-19T04:39:02] METRIC throughput_gbps=8.532
[2026-05-19T04:39:02] METRIC latency_ms=12.4113
[2026-05-19T04:39:02] METRIC cpu_util_pct=18.86
[2026-05-19T04:39:02] RUN_END status=OK
[2026-05-19T04:41:36] RUN_START run_id=MDO_uDCN_124
[2026-05-19T04:41:36] PARAM implementation=uDCN
[2026-05-19T04:41:36] PARAM workload_type=MDO
[2026-05-19T04:41:36] PARAM test_link=LI_10GbE_aggregation_backhaul
[2026-05-19T04:41:36] METRIC object_size_bytes=85335.2
[2026-05-19T04:41:36] METRIC link_bandwidth_gbps=10.0
[2026-05-19T04:41:36] METRIC throughput_gbps=8.6501
[2026-05-19T04:41:36] METRIC latency_ms=12.6887
[2026-05-19T04:41:36] METRIC cpu_util_pct=18.37
[2026-05-19T04:41:36] RUN_END status=OK
[2026-05-19T04:43:26] RUN_START run_id=MDO_uDCN_125
[2026-05-19T04:43:26] PARAM implementation=uDCN
[2026-05-19T04:43:26] PARAM workload_type=MDO
[2026-05-19T04:43:26] PARAM test_link=LI_10GbE_aggregation_backhaul
[2026-05-19T04:43:26] METRIC object_size_bytes=218649.3
[2026-05-19T04:43:26] METRIC link_bandwidth_gbps=10.0
[2026-05-19T04:43:26] METRIC throughput_gbps=8.2839
[2026-05-19T04:43:26] METRIC latency_ms=11.7994
[2026-05-19T04:43:26] METRIC cpu_util_pct=19.2
[2026-05-19T04:43:26] RUN_END status=OK
[2026-05-19T04:46:38] RUN_START run_id=MDO_uDCN_126
[2026-05-19T04:46:38] PARAM implementation=uDCN
[2026-05-19T04:46:38] PARAM workload_type=MDO
[2026-05-19T04:46:38] PARAM test_link=LI_10GbE_aggregation_backhaul
[2026-05-19T04:46:38] METRIC object_size_bytes=441663.9
[2026-05-19T04:46:38] METRIC link_bandwidth_gbps=10.0
[2026-05-19T04:46:38] METRIC throughput_gbps=8.3902
[2026-05-19T04:46:38] METRIC latency_ms=12.1407
[2026-05-19T04:46:38] METRIC cpu_util_pct=18.37
[2026-05-19T04:46:38] RUN_END status=OK
[2026-05-19T04:48:31] RUN_START run_id=MDO_uDCN_127
[2026-05-19T04:48:31] PARAM implementation=uDCN
[2026-05-19T04:48:31] PARAM workload_type=MDO
[2026-05-19T04:48:31] PARAM test_link=LI_10GbE_aggregation_backhaul
[2026-05-19T04:48:31] METRIC object_size_bytes=476678.6
[2026-05-19T04:48:31] METRIC link_bandwidth_gbps=10.0
[2026-05-19T04:48:31] METRIC throughput_gbps=8.2699
[2026-05-19T04:48:31] METRIC latency_ms=15.3633
[2026-05-19T04:48:31] METRIC cpu_util_pct=17.96
[2026-05-19T04:48:31] RUN_END status=OK
[2026-05-19T04:49:43] RUN_START run_id=MDO_uDCN_128
[2026-05-19T04:49:43] PARAM implementation=uDCN
[2026-05-19T04:49:43] PARAM workload_type=MDO
[2026-05-19T04:49:43] PARAM test_link=LI_10GbE_aggregation_backhaul
[2026-05-19T04:49:43] METRIC object_size_bytes=413816.9
[2026-05-19T04:49:43] METRIC link_bandwidth_gbps=10.0
[2026-05-19T04:49:43] METRIC throughput_gbps=8.4162
[2026-05-19T04:49:43] METRIC latency_ms=11.5999
[2026-05-19T04:49:43] METRIC cpu_util_pct=18.49
[2026-05-19T04:49:43] RUN_END status=OK
[2026-05-19T04:52:00] RUN_START run_id=MDO_uDCN_129
[2026-05-19T04:52:00] PARAM implementation=uDCN
[2026-05-19T04:52:00] PARAM workload_type=MDO
[2026-05-19T04:52:00] PARAM test_link=LI_10GbE_aggregation_backhaul
[2026-05-19T04:52:00] METRIC object_size_bytes=298680.2
[2026-05-19T04:52:00] METRIC link_bandwidth_gbps=10.0
[2026-05-19T04:52:00] METRIC throughput_gbps=8.3687
[2026-05-19T04:52:00] METRIC latency_ms=12.0713
[2026-05-19T04:52:00] METRIC cpu_util_pct=18.81
[2026-05-19T04:52:00] RUN_END status=OK
[2026-05-19T04:52:52] RUN_START run_id=MDO_uDCN_130
[2026-05-19T04:52:52] PARAM implementation=uDCN
[2026-05-19T04:52:52] PARAM workload_type=MDO
[2026-05-19T04:52:52] PARAM test_link=LI_10GbE_aggregation_backhaul
[2026-05-19T04:52:52] METRIC object_size_bytes=337476.4
[2026-05-19T04:52:52] METRIC link_bandwidth_gbps=10.0
[2026-05-19T04:52:52] METRIC throughput_gbps=8.4872
[2026-05-19T04:52:52] METRIC latency_ms=12.6893
[2026-05-19T04:52:52] METRIC cpu_util_pct=16.65
[2026-05-19T04:52:52] RUN_END status=OK
[2026-05-19T04:54:55] RUN_START run_id=MDO_uDCN_131
[2026-05-19T04:54:55] PARAM implementation=uDCN
[2026-05-19T04:54:55] PARAM workload_type=MDO
[2026-05-19T04:54:55] PARAM test_link=LI_10GbE_aggregation_backhaul
[2026-05-19T04:54:55] METRIC object_size_bytes=360853.6
[2026-05-19T04:54:55] METRIC link_bandwidth_gbps=10.0
[2026-05-19T04:54:55] METRIC throughput_gbps=8.8569
[2026-05-19T04:54:55] METRIC latency_ms=11.1431
[2026-05-19T04:54:55] METRIC cpu_util_pct=18.84
[2026-05-19T04:54:55] RUN_END status=OK
[2026-05-19T04:57:25] RUN_START run_id=MDO_uDCN_132
[2026-05-19T04:57:25] PARAM implementation=uDCN
[2026-05-19T04:57:25] PARAM workload_type=MDO
[2026-05-19T04:57:25] PARAM test_link=LI_10GbE_aggregation_backhaul
[2026-05-19T04:57:25] METRIC object_size_bytes=75049.7
[2026-05-19T04:57:25] METRIC link_bandwidth_gbps=10.0
[2026-05-19T04:57:25] METRIC throughput_gbps=8.7077
[2026-05-19T04:57:25] METRIC latency_ms=13.299
[2026-05-19T04:57:25] METRIC cpu_util_pct=18.77
[2026-05-19T04:57:25] RUN_END status=OK
[2026-05-19T04:59:30] RUN_START run_id=MDO_uDCN_133
[2026-05-19T04:59:30] PARAM implementation=uDCN
[2026-05-19T04:59:30] PARAM workload_type=MDO
[2026-05-19T04:59:30] PARAM test_link=LI_10GbE_aggregation_backhaul
[2026-05-19T04:59:30] METRIC object_size_bytes=110221.7
[2026-05-19T04:59:30] METRIC link_bandwidth_gbps=10.0
[2026-05-19T04:59:30] METRIC throughput_gbps=8.7395
[2026-05-19T04:59:30] METRIC latency_ms=13.2979
[2026-05-19T04:59:30] METRIC cpu_util_pct=18.29
[2026-05-19T04:59:30] RUN_END status=OK
[2026-05-19T05:01:49] RUN_START run_id=MDO_uDCN_134
[2026-05-19T05:01:49] PARAM implementation=uDCN
[2026-05-19T05:01:49] PARAM workload_type=MDO
[2026-05-19T05:01:49] PARAM test_link=LI_10GbE_aggregation_backhaul
[2026-05-19T05:01:49] METRIC object_size_bytes=347121.5
[2026-05-19T05:01:49] METRIC link_bandwidth_gbps=10.0
[2026-05-19T05:01:49] METRIC throughput_gbps=8.4608
[2026-05-19T05:01:49] METRIC latency_ms=12.9647
[2026-05-19T05:01:49] METRIC cpu_util_pct=17.54
[2026-05-19T05:01:49] RUN_END status=OK
[2026-05-19T14:45:51] RUN_START run_id=MDO_PythonNDN_042
[2026-05-19T14:45:51] PARAM implementation=PythonNDN
[2026-05-19T14:45:51] PARAM workload_type=MDO
[2026-05-19T14:45:51] PARAM test_link=LI_10GbE_aggregation_backhaul
[2026-05-19T14:45:51] METRIC object_size_bytes=224490.7
[2026-05-19T14:45:51] METRIC link_bandwidth_gbps=10.0
[2026-05-19T14:45:51] METRIC throughput_gbps=0.6952
[2026-05-19T14:45:51] METRIC latency_ms=28.089
[2026-05-19T14:45:51] METRIC cpu_util_pct=87.84
[2026-05-19T14:45:51] RUN_END status=OK
[2026-05-19T14:48:46] RUN_START run_id=MDO_PythonNDN_043
[2026-05-19T14:48:46] PARAM implementation=PythonNDN
[2026-05-19T14:48:46] PARAM workload_type=MDO
[2026-05-19T14:48:46] PARAM test_link=LI_10GbE_aggregation_backhaul
[2026-05-19T14:48:46] METRIC object_size_bytes=207378.8
[2026-05-19T14:48:46] METRIC link_bandwidth_gbps=10.0
[2026-05-19T14:48:46] METRIC throughput_gbps=0.6953
[2026-05-19T14:48:46] METRIC latency_ms=26.2455
[2026-05-19T14:48:46] METRIC cpu_util_pct=89.3
[2026-05-19T14:48:46] RUN_END status=OK
[2026-05-19T14:51:11] RUN_START run_id=MDO_PythonNDN_044
[2026-05-19T14:51:11] PARAM implementation=PythonNDN
[2026-05-19T14:51:11] PARAM workload_type=MDO
[2026-05-19T14:51:11] PARAM test_link=LI_10GbE_aggregation_backhaul
[2026-05-19T14:51:11] METRIC object_size_bytes=183945.8
[2026-05-19T14:51:11] METRIC link_bandwidth_gbps=10.0
[2026-05-19T14:51:11] METRIC throughput_gbps=0.671
[2026-05-19T14:51:11] METRIC latency_ms=28.9563
[2026-05-19T14:51:11] METRIC cpu_util_pct=91.44
[2026-05-19T14:51:11] RUN_END status=OK
[2026-05-19T14:52:12] RUN_START run_id=MDO_PythonNDN_045
[2026-05-19T14:52:12] PARAM implementation=PythonNDN
[2026-05-19T14:52:12] PARAM workload_type=MDO
[2026-05-19T14:52:12] PARAM test_link=LI_10GbE_aggregation_backhaul
[2026-05-19T14:52:12] METRIC object_size_bytes=319383.4
[2026-05-19T14:52:12] METRIC link_bandwidth_gbps=10.0
[2026-05-19T14:52:12] METRIC throughput_gbps=0.6759
[2026-05-19T14:52:12] METRIC latency_ms=29.1729
[2026-05-19T14:52:12] METRIC cpu_util_pct=88.34
[2026-05-19T14:52:12] RUN_END status=OK
[2026-05-19T14:53:33] RUN_START run_id=MDO_PythonNDN_046
[2026-05-19T14:53:33] PARAM implementation=PythonNDN
[2026-05-19T14:53:33] PARAM workload_type=MDO
[2026-05-19T14:53:33] PARAM test_link=LI_10GbE_aggregation_backhaul
[2026-05-19T14:53:33] METRIC object_size_bytes=385412.7
[2026-05-19T14:53:33] METRIC link_bandwidth_gbps=10.0
[2026-05-19T14:53:33] METRIC throughput_gbps=0.676
[2026-05-19T14:53:33] METRIC latency_ms=27.4451
[2026-05-19T14:53:33] METRIC cpu_util_pct=84.09
[2026-05-19T14:53:33] RUN_END status=OK
