[2026-05-23T01:54:48] RUN_START run_id=MDO_PythonNDN_148
[2026-05-23T01:54:48] PARAM implementation=PythonNDN
[2026-05-23T01:54:48] PARAM workload_type=MDO
[2026-05-23T01:54:48] PARAM test_link=LI_10GbE_aggregation_backhaul
[2026-05-23T01:54:48] METRIC object_size_bytes=346448.4
[2026-05-23T01:54:48] METRIC link_bandwidth_gbps=10.0
[2026-05-23T01:54:48] METRIC throughput_gbps=0.7031
[2026-05-23T01:54:48] METRIC latency_ms=29.1139
[2026-05-23T01:54:48] METRIC cpu_util_pct=90.02
[2026-05-23T01:54:48] RUN_END status=OK
[2026-05-23T01:56:06] RUN_START run_id=MDO_PythonNDN_149
[2026-05-23T01:56:06] PARAM implementation=PythonNDN
[2026-05-23T01:56:06] PARAM workload_type=MDO
[2026-05-23T01:56:06] PARAM test_link=LI_10GbE_aggregation_backhaul
[2026-05-23T01:56:06] METRIC object_size_bytes=131539.4
[2026-05-23T01:56:06] METRIC link_bandwidth_gbps=10.0
[2026-05-23T01:56:06] METRIC throughput_gbps=0.6839
[2026-05-23T01:56:06] METRIC latency_ms=26.6387
[2026-05-23T01:56:06] METRIC cpu_util_pct=88.24
[2026-05-23T01:56:06] RUN_END status=OK
[2026-05-23T02:00:43] RUN_START run_id=MDO_PythonNDN_150
[2026-05-23T02:00:43] PARAM implementation=PythonNDN
[2026-05-23T02:00:43] PARAM workload_type=MDO
[2026-05-23T02:00:43] PARAM test_link=LI_10GbE_aggregation_backhaul
[2026-05-23T02:00:43] METRIC object_size_bytes=217765.7
[2026-05-23T02:00:43] METRIC link_bandwidth_gbps=10.0
[2026-05-23T02:00:43] METRIC throughput_gbps=0.7367
[2026-05-23T02:00:43] METRIC latency_ms=29.6995
[2026-05-23T02:00:43] METRIC cpu_util_pct=100.0
[2026-05-23T02:00:43] RUN_END status=OK
[2026-05-26T07:25:00] RUN_START run_id=SDO_CCNlite_001
[2026-05-26T07:25:00] PARAM implementation=CCNlite
[2026-05-26T07:25:00] PARAM workload_type=SDO
[2026-05-26T07:25:00] PARAM test_link=LI_10GbE_aggregation_backhaul
[2026-05-26T07:25:00] METRIC object_size_bytes=177.6
[2026-05-26T07:25:00] METRIC link_bandwidth_gbps=10.0
[2026-05-26T07:25:00] METRIC throughput_gbps=1.0522
[2026-05-26T07:25:00] METRIC latency_ms=1.1977
[2026-05-26T07:25:00] METRIC cpu_util_pct=50.6
[2026-05-26T07:25:00] RUN_END status=OK
[2026-05-26T07:26:19] RUN_START run_id=SDO_CCNlite_002
[2026-05-26T07:26:19] PARAM implementation=CCNlite
[2026-05-26T07:26:19] PARAM workload_type=SDO
[2026-05-26T07:26:19] PARAM test_link=LI_10GbE_aggregation_backhaul
[2026-05-26T07:26:19] METRIC object_size_bytes=1660.6
[2026-05-26T07:26:19] METRIC link_bandwidth_gbps=10.0
[2026-05-26T07:26:19] METRIC throughput_gbps=1.1046
[2026-05-26T07:26:19] METRIC latency_ms=1.1243
[2026-05-26T07:26:19] METRIC cpu_util_pct=51.19
[2026-05-26T07:26:19] RUN_END status=OK
[2026-05-26T07:28:51] RUN_START run_id=SDO_CCNlite_003
[2026-05-26T07:28:51] PARAM implementation=CCNlite
[2026-05-26T07:28:51] PARAM workload_type=SDO
[2026-05-26T07:28:51] PARAM test_link=LI_10GbE_aggregation_backhaul
[2026-05-26T07:28:51] METRIC object_size_bytes=1770.4
[2026-05-26T07:28:51] METRIC link_bandwidth_gbps=10.0
[2026-05-26T07:28:51] METRIC throughput_gbps=1.0057
[2026-05-26T07:28:51] METRIC latency_ms=1.1304
[2026-05-26T07:28:51] METRIC cpu_util_pct=46.99
[2026-05-26T07:28:51] RUN_END status=OK
[2026-05-26T07:29:40] RUN_START run_id=SDO_CCNlite_004
[2026-05-26T07:29:40] PARAM implementation=CCNlite
[2026-05-26T07:29:40] PARAM workload_type=SDO
[2026-05-26T07:29:40] PARAM test_link=LI_10GbE_aggregation_backhaul
[2026-05-26T07:29:40] METRIC object_size_bytes=1059.0
[2026-05-26T07:29:40] METRIC link_bandwidth_gbps=10.0
[2026-05-26T07:29:40] METRIC throughput_gbps=1.0562
[2026-05-26T07:29:40] METRIC latency_ms=1.0894
[2026-05-26T07:29:40] METRIC cpu_util_pct=47.57
[2026-05-26T07:29:40] RUN_END status=OK
[2026-05-26T07:30:24] RUN_START run_id=SDO_CCNlite_005
[2026-05-26T07:30:24] PARAM implementation=CCNlite
[2026-05-26T07:30:24] PARAM workload_type=SDO
[2026-05-26T07:30:24] PARAM test_link=LI_10GbE_aggregation_backhaul
[2026-05-26T07:30:24] METRIC object_size_bytes=466.4
[2026-05-26T07:30:24] METRIC link_bandwidth_gbps=10.0
[2026-05-26T07:30:24] METRIC throughput_gbps=1.07
[2026-05-26T07:30:24] METRIC latency_ms=1.2286
[2026-05-26T07:30:24] METRIC cpu_util_pct=51.33
[2026-05-26T07:30:24] RUN_END status=OK
[2026-05-26T07:34:13] RUN_START run_id=SDO_CCNlite_006
[2026-05-26T07:34:13] PARAM implementation=CCNlite
[2026-05-26T07:34:13] PARAM workload_type=SDO
[2026-05-26T07:34:13] PARAM test_link=LI_10GbE_aggregation_backhaul
[2026-05-26T07:34:13] METRIC object_size_bytes=1482.5
[2026-05-26T07:34:13] METRIC link_bandwidth_gbps=10.0
[2026-05-26T07:34:13] METRIC throughput_gbps=1.09
[2026-05-26T07:34:13] METRIC latency_ms=1.2508
[2026-05-26T07:34:13] METRIC cpu_util_pct=48.33
[2026-05-26T07:34:13] RUN_END status=OK
[2026-05-26T07:34:45] RUN_START run_id=SDO_CCNlite_007
[2026-05-26T07:34:45] PARAM implementation=CCNlite
[2026-05-26T07:34:45] PARAM workload_type=SDO
[2026-05-26T07:34:45] PARAM test_link=LI_10GbE_aggregation_backhaul
[2026-05-26T07:34:45] METRIC object_size_bytes=1849.3
[2026-05-26T07:34:45] METRIC link_bandwidth_gbps=10.0
[2026-05-26T07:34:45] METRIC throughput_gbps=1.1042
[2026-05-26T07:34:45] METRIC latency_ms=1.2255
[2026-05-26T07:34:45] METRIC cpu_util_pct=50.73
[2026-05-26T07:34:45] RUN_END status=OK
[2026-05-26T07:38:26] RUN_START run_id=SDO_CCNlite_008
[2026-05-26T07:38:26] PARAM implementation=CCNlite
[2026-05-26T07:38:26] PARAM workload_type=SDO
[2026-05-26T07:38:26] PARAM test_link=LI_10GbE_aggregation_backhaul
[2026-05-26T07:38:26] METRIC object_size_bytes=971.6
[2026-05-26T07:38:26] METRIC link_bandwidth_gbps=10.0
[2026-05-26T07:38:26] METRIC throughput_gbps=1.062
[2026-05-26T07:38:26] METRIC latency_ms=1.1695
[2026-05-26T07:38:26] METRIC cpu_util_pct=46.94
[2026-05-26T07:38:26] RUN_END status=OK
[2026-05-26T07:41:17] RUN_START run_id=SDO_CCNlite_009
[2026-05-26T07:41:17] PARAM implementation=CCNlite
[2026-05-26T07:41:17] PARAM workload_type=SDO
[2026-05-26T07:41:17] PARAM test_link=LI_10GbE_aggregation_backhaul
[2026-05-26T07:41:17] METRIC object_size_bytes=1065.4
[2026-05-26T07:41:17] METRIC link_bandwidth_gbps=10.0
[2026-05-26T07:41:17] METRIC throughput_gbps=1.0909
[2026-05-26T07:41:17] METRIC latency_ms=1.1839
[2026-05-26T07:41:17] METRIC cpu_util_pct=57.13
[2026-05-26T07:41:17] RUN_END status=OK
[2026-05-26T07:41:31] RUN_START run_id=SDO_CCNlite_010
[2026-05-26T07:41:31] PARAM implementation=CCNlite
[2026-05-26T07:41:31] PARAM workload_type=SDO
[2026-05-26T07:41:31] PARAM test_link=LI_10GbE_aggregation_backhaul
[2026-05-26T07:41:31] METRIC object_size_bytes=379.2
[2026-05-26T07:41:31] METRIC link_bandwidth_gbps=10.0
[2026-05-26T07:41:31] METRIC throughput_gbps=1.069
[2026-05-26T07:41:31] METRIC latency_ms=1.2645
[2026-05-26T07:41:31] METRIC cpu_util_pct=43.31
[2026-05-26T07:41:31] RUN_END status=OK
[2026-05-26T07:42:39] RUN_START run_id=SDO_CCNlite_011
[2026-05-26T07:42:39] PARAM implementation=CCNlite
[2026-05-26T07:42:39] PARAM workload_type=SDO
[2026-05-26T07:42:39] PARAM test_link=LI_10GbE_aggregation_backhaul
[2026-05-26T07:42:39] METRIC object_size_bytes=1274.6
[2026-05-26T07:42:39] METRIC link_bandwidth_gbps=10.0
[2026-05-26T07:42:39] METRIC throughput_gbps=1.1541
[2026-05-26T07:42:39] METRIC latency_ms=1.1681
[2026-05-26T07:42:39] METRIC cpu_util_pct=49.83
[2026-05-26T07:42:39] RUN_END status=OK
[2026-05-26T07:45:42] RUN_START run_id=SDO_CCNlite_012
[2026-05-26T07:45:42] PARAM implementation=CCNlite
[2026-05-26T07:45:42] PARAM workload_type=SDO
[2026-05-26T07:45:42] PARAM test_link=LI_10GbE_aggregation_backhaul
[2026-05-26T07:45:42] METRIC object_size_bytes=1855.7
[2026-05-26T07:45:42] METRIC link_bandwidth_gbps=10.0
[2026-05-26T07:45:42] METRIC throughput_gbps=1.0129
[2026-05-26T07:45:42] METRIC latency_ms=1.1391
[2026-05-26T07:45:42] METRIC cpu_util_pct=50.24
[2026-05-26T07:45:42] RUN_END status=OK
