[2026-05-03T14:55:39] RUN_START run_id=LDO_uDCN_035
[2026-05-03T14:55:39] PARAM implementation=uDCN
[2026-05-03T14:55:39] PARAM workload_type=LDO
[2026-05-03T14:55:39] PARAM test_link=LI_10GbE_aggregation_backhaul
[2026-05-03T14:55:39] METRIC object_size_bytes=4584444.0
[2026-05-03T14:55:39] METRIC link_bandwidth_gbps=10.0
[2026-05-03T14:55:39] METRIC throughput_gbps=6.3926
[2026-05-03T14:55:39] METRIC latency_ms=93.5586
[2026-05-03T14:55:39] METRIC cpu_util_pct=23.62
[2026-05-03T14:55:39] RUN_END status=OK
[2026-05-04T10:18:51] RUN_START run_id=LDO_uDCN_036
[2026-05-04T10:18:51] PARAM implementation=uDCN
[2026-05-04T10:18:51] PARAM workload_type=LDO
[2026-05-04T10:18:51] PARAM test_link=LI_10GbE_aggregation_backhaul
[2026-05-04T10:18:51] METRIC object_size_bytes=4120044.0
[2026-05-04T10:18:51] METRIC link_bandwidth_gbps=10.0
[2026-05-04T10:18:51] METRIC throughput_gbps=5.9346
[2026-05-04T10:18:51] METRIC latency_ms=95.4218
[2026-05-04T10:18:51] METRIC cpu_util_pct=24.22
[2026-05-04T10:18:51] RUN_END status=OK
[2026-05-04T10:22:56] RUN_START run_id=LDO_uDCN_037
[2026-05-04T10:22:56] PARAM implementation=uDCN
[2026-05-04T10:22:56] PARAM workload_type=LDO
[2026-05-04T10:22:56] PARAM test_link=LI_10GbE_aggregation_backhaul
[2026-05-04T10:22:56] METRIC object_size_bytes=4469322.3
[2026-05-04T10:22:56] METRIC link_bandwidth_gbps=10.0
[2026-05-04T10:22:56] METRIC throughput_gbps=6.1987
[2026-05-04T10:22:56] METRIC latency_ms=88.0918
[2026-05-04T10:22:56] METRIC cpu_util_pct=24.32
[2026-05-04T10:22:56] RUN_END status=OK
[2026-05-04T10:25:08] RUN_START run_id=LDO_uDCN_038
[2026-05-04T10:25:08] PARAM implementation=uDCN
[2026-05-04T10:25:08] PARAM workload_type=LDO
[2026-05-04T10:25:08] PARAM test_link=LI_10GbE_aggregation_backhaul
[2026-05-04T10:25:08] METRIC object_size_bytes=4615411.1
[2026-05-04T10:25:08] METRIC link_bandwidth_gbps=10.0
[2026-05-04T10:25:08] METRIC throughput_gbps=5.9593
[2026-05-04T10:25:08] METRIC latency_ms=87.1585
[2026-05-04T10:25:08] METRIC cpu_util_pct=24.05
[2026-05-04T10:25:08] RUN_END status=OK
[2026-05-04T10:29:01] RUN_START run_id=LDO_uDCN_039
[2026-05-04T10:29:01] PARAM implementation=uDCN
[2026-05-04T10:29:01] PARAM workload_type=LDO
[2026-05-04T10:29:01] PARAM test_link=LI_10GbE_aggregation_backhaul
[2026-05-04T10:29:01] METRIC object_size_bytes=4763134.2
[2026-05-04T10:29:01] METRIC link_bandwidth_gbps=10.0
[2026-05-04T10:29:01] METRIC throughput_gbps=6.1768
[2026-05-04T10:29:01] METRIC latency_ms=86.7838
[2026-05-04T10:29:01] METRIC cpu_util_pct=23.18
[2026-05-04T10:29:01] RUN_END status=OK
[2026-05-04T10:30:53] RUN_START run_id=LDO_uDCN_040
[2026-05-04T10:30:53] PARAM implementation=uDCN
[2026-05-04T10:30:53] PARAM workload_type=LDO
[2026-05-04T10:30:53] PARAM test_link=LI_10GbE_aggregation_backhaul
[2026-05-04T10:30:53] METRIC object_size_bytes=4035749.7
[2026-05-04T10:30:53] METRIC link_bandwidth_gbps=10.0
[2026-05-04T10:30:53] METRIC throughput_gbps=6.1685
[2026-05-04T10:30:53] METRIC latency_ms=81.5551
[2026-05-04T10:30:53] METRIC cpu_util_pct=23.08
[2026-05-04T10:30:53] RUN_END status=OK
[2026-05-04T10:32:26] RUN_START run_id=LDO_uDCN_041
[2026-05-04T10:32:26] PARAM implementation=uDCN
[2026-05-04T10:32:26] PARAM workload_type=LDO
[2026-05-04T10:32:26] PARAM test_link=LI_10GbE_aggregation_backhaul
[2026-05-04T10:32:26] METRIC object_size_bytes=4097011.8
[2026-05-04T10:32:26] METRIC link_bandwidth_gbps=10.0
[2026-05-04T10:32:26] METRIC throughput_gbps=6.3213
[2026-05-04T10:32:26] METRIC latency_ms=95.7452
[2026-05-04T10:32:26] METRIC cpu_util_pct=23.62
[2026-05-04T10:32:26] RUN_END status=OK
[2026-05-04T10:35:09] RUN_START run_id=LDO_uDCN_042
[2026-05-04T10:35:09] PARAM implementation=uDCN
[2026-05-04T10:35:09] PARAM workload_type=LDO
[2026-05-04T10:35:09] PARAM test_link=LI_10GbE_aggregation_backhaul
[2026-05-04T10:35:09] METRIC object_size_bytes=2309598.8
[2026-05-04T10:35:09] METRIC link_bandwidth_gbps=10.0
[2026-05-04T10:35:09] METRIC throughput_gbps=6.2092
[2026-05-04T10:35:09] METRIC latency_ms=90.1819
[2026-05-04T10:35:09] METRIC cpu_util_pct=22.97
[2026-05-04T10:35:09] RUN_END status=OK
[2026-05-04T10:39:24] RUN_START run_id=LDO_uDCN_043
[2026-05-04T10:39:24] PARAM implementation=uDCN
[2026-05-04T10:39:24] PARAM workload_type=LDO
[2026-05-04T10:39:24] PARAM test_link=LI_10GbE_aggregation_backhaul
[2026-05-04T10:39:24] METRIC object_size_bytes=1463341.0
[2026-05-04T10:39:24] METRIC link_bandwidth_gbps=10.0
[2026-05-04T10:39:24] METRIC throughput_gbps=6.1822
[2026-05-04T10:39:24] METRIC latency_ms=94.0973
[2026-05-04T10:39:24] METRIC cpu_util_pct=22.8
[2026-05-04T10:39:24] RUN_END status=OK
[2026-05-04T10:45:56] RUN_START run_id=LDO_uDCN_044
[2026-05-04T10:45:56] PARAM implementation=uDCN
[2026-05-04T10:45:56] PARAM workload_type=LDO
[2026-05-04T10:45:56] PARAM test_link=LI_10GbE_aggregation_backhaul
[2026-05-04T10:45:56] METRIC object_size_bytes=1359733.1
[2026-05-04T10:45:56] METRIC link_bandwidth_gbps=10.0
[2026-05-04T10:45:56] METRIC throughput_gbps=6.498
[2026-05-04T10:45:56] METRIC latency_ms=84.774
[2026-05-04T10:45:56] METRIC cpu_util_pct=25.25
[2026-05-04T10:45:56] RUN_END status=OK
[2026-05-04T10:47:17] RUN_START run_id=LDO_uDCN_045
[2026-05-04T10:47:17] PARAM implementation=uDCN
[2026-05-04T10:47:17] PARAM workload_type=LDO
[2026-05-04T10:47:17] PARAM test_link=LI_10GbE_aggregation_backhaul
[2026-05-04T10:47:17] METRIC object_size_bytes=2451656.8
[2026-05-04T10:47:17] METRIC link_bandwidth_gbps=10.0
[2026-05-04T10:47:17] METRIC throughput_gbps=6.1522
[2026-05-04T10:47:17] METRIC latency_ms=92.5152
[2026-05-04T10:47:17] METRIC cpu_util_pct=25.49
[2026-05-04T10:47:17] RUN_END status=OK
[2026-05-04T10:49:09] RUN_START run_id=LDO_uDCN_046
[2026-05-04T10:49:09] PARAM implementation=uDCN
[2026-05-04T10:49:09] PARAM workload_type=LDO
[2026-05-04T10:49:09] PARAM test_link=LI_10GbE_aggregation_backhaul
[2026-05-04T10:49:09] METRIC object_size_bytes=3211205.5
[2026-05-04T10:49:09] METRIC link_bandwidth_gbps=10.0
[2026-05-04T10:49:09] METRIC throughput_gbps=6.3063
[2026-05-04T10:49:09] METRIC latency_ms=79.7475
[2026-05-04T10:49:09] METRIC cpu_util_pct=22.18
[2026-05-04T10:49:09] RUN_END status=OK
[2026-05-04T10:50:37] RUN_START run_id=LDO_uDCN_047
[2026-05-04T10:50:37] PARAM implementation=uDCN
[2026-05-04T10:50:37] PARAM workload_type=LDO
[2026-05-04T10:50:37] PARAM test_link=LI_10GbE_aggregation_backhaul
[2026-05-04T10:50:37] METRIC object_size_bytes=4171031.7
[2026-05-04T10:50:37] METRIC link_bandwidth_gbps=10.0
[2026-05-04T10:50:37] METRIC throughput_gbps=6.0037
[2026-05-04T10:50:37] METRIC latency_ms=87.1729
[2026-05-04T10:50:37] METRIC cpu_util_pct=25.21
[2026-05-04T10:50:37] RUN_END status=OK
[2026-05-04T10:52:20] RUN_START run_id=LDO_uDCN_048
[2026-05-04T10:52:20] PARAM implementation=uDCN
[2026-05-04T10:52:20] PARAM workload_type=LDO
[2026-05-04T10:52:20] PARAM test_link=LI_10GbE_aggregation_backhaul
[2026-05-04T10:52:20] METRIC object_size_bytes=4989385.6
[2026-05-04T10:52:20] METRIC link_bandwidth_gbps=10.0
[2026-05-04T10:52:20] METRIC throughput_gbps=6.1051
[2026-05-04T10:52:20] METRIC latency_ms=88.0081
[2026-05-04T10:52:20] METRIC cpu_util_pct=23.78
[2026-05-04T10:52:20] RUN_END status=OK
