[2026-04-27T03:47:39] RUN_START run_id=SDO_uDCN_030
[2026-04-27T03:47:39] PARAM implementation=uDCN
[2026-04-27T03:47:39] PARAM workload_type=SDO
[2026-04-27T03:47:39] PARAM test_link=LI_10GbE_aggregation_backhaul
[2026-04-27T03:47:39] METRIC object_size_bytes=1103.3
[2026-04-27T03:47:39] METRIC link_bandwidth_gbps=10.0
[2026-04-27T03:47:39] METRIC throughput_gbps=4.6283
[2026-04-27T03:47:39] METRIC latency_ms=0.782
[2026-04-27T03:47:39] METRIC cpu_util_pct=12.32
[2026-04-27T03:47:39] RUN_END status=OK
[2026-04-27T03:50:06] RUN_START run_id=SDO_uDCN_031
[2026-04-27T03:50:06] PARAM implementation=uDCN
[2026-04-27T03:50:06] PARAM workload_type=SDO
[2026-04-27T03:50:06] PARAM test_link=LI_10GbE_aggregation_backhaul
[2026-04-27T03:50:06] METRIC object_size_bytes=482.1
[2026-04-27T03:50:06] METRIC link_bandwidth_gbps=10.0
[2026-04-27T03:50:06] METRIC throughput_gbps=4.4309
[2026-04-27T03:50:06] METRIC latency_ms=0.7835
[2026-04-27T03:50:06] METRIC cpu_util_pct=12.86
[2026-04-27T03:50:06] RUN_END status=OK
[2026-04-27T03:51:52] RUN_START run_id=SDO_uDCN_032
[2026-04-27T03:51:52] PARAM implementation=uDCN
[2026-04-27T03:51:52] PARAM workload_type=SDO
[2026-04-27T03:51:52] PARAM test_link=LI_10GbE_aggregation_backhaul
[2026-04-27T03:51:52] METRIC object_size_bytes=811.6
[2026-04-27T03:51:52] METRIC link_bandwidth_gbps=10.0
[2026-04-27T03:51:52] METRIC throughput_gbps=4.6505
[2026-04-27T03:51:52] METRIC latency_ms=0.7509
[2026-04-27T03:51:52] METRIC cpu_util_pct=11.66
[2026-04-27T03:51:52] RUN_END status=OK
[2026-04-27T03:53:35] RUN_START run_id=SDO_uDCN_033
[2026-04-27T03:53:35] PARAM implementation=uDCN
[2026-04-27T03:53:35] PARAM workload_type=SDO
[2026-04-27T03:53:35] PARAM test_link=LI_10GbE_aggregation_backhaul
[2026-04-27T03:53:35] METRIC object_size_bytes=840.7
[2026-04-27T03:53:35] METRIC link_bandwidth_gbps=10.0
[2026-04-27T03:53:35] METRIC throughput_gbps=4.3323
[2026-04-27T03:53:35] METRIC latency_ms=0.813
[2026-04-27T03:53:35] METRIC cpu_util_pct=12.11
[2026-04-27T03:53:35] RUN_END status=OK
[2026-04-27T03:56:12] RUN_START run_id=SDO_uDCN_034
[2026-04-27T03:56:12] PARAM implementation=uDCN
[2026-04-27T03:56:12] PARAM workload_type=SDO
[2026-04-27T03:56:12] PARAM test_link=LI_10GbE_aggregation_backhaul
[2026-04-27T03:56:12] METRIC object_size_bytes=1390.0
[2026-04-27T03:56:12] METRIC link_bandwidth_gbps=10.0
[2026-04-27T03:56:12] METRIC throughput_gbps=4.2829
[2026-04-27T03:56:12] METRIC latency_ms=0.7225
[2026-04-27T03:56:12] METRIC cpu_util_pct=11.93
[2026-04-27T03:56:12] RUN_END status=OK
[2026-04-27T03:57:17] RUN_START run_id=SDO_uDCN_035
[2026-04-27T03:57:17] PARAM implementation=uDCN
[2026-04-27T03:57:17] PARAM workload_type=SDO
[2026-04-27T03:57:17] PARAM test_link=LI_10GbE_aggregation_backhaul
[2026-04-27T03:57:17] METRIC object_size_bytes=1583.0
[2026-04-27T03:57:17] METRIC link_bandwidth_gbps=10.0
[2026-04-27T03:57:17] METRIC throughput_gbps=4.3661
[2026-04-27T03:57:17] METRIC latency_ms=0.8138
[2026-04-27T03:57:17] METRIC cpu_util_pct=10.13
[2026-04-27T03:57:17] RUN_END status=OK
[2026-04-27T03:58:53] RUN_START run_id=SDO_uDCN_036
[2026-04-27T03:58:53] PARAM implementation=uDCN
[2026-04-27T03:58:53] PARAM workload_type=SDO
[2026-04-27T03:58:53] PARAM test_link=LI_10GbE_aggregation_backhaul
[2026-04-27T03:58:53] METRIC object_size_bytes=725.5
[2026-04-27T03:58:53] METRIC link_bandwidth_gbps=10.0
[2026-04-27T03:58:53] METRIC throughput_gbps=4.742
[2026-04-27T03:58:53] METRIC latency_ms=0.7739
[2026-04-27T03:58:53] METRIC cpu_util_pct=11.64
[2026-04-27T03:58:53] RUN_END status=OK
[2026-04-27T04:02:02] RUN_START run_id=SDO_uDCN_037
[2026-04-27T04:02:02] PARAM implementation=uDCN
[2026-04-27T04:02:02] PARAM workload_type=SDO
[2026-04-27T04:02:02] PARAM test_link=LI_10GbE_aggregation_backhaul
[2026-04-27T04:02:02] METRIC object_size_bytes=1386.3
[2026-04-27T04:02:02] METRIC link_bandwidth_gbps=10.0
[2026-04-27T04:02:02] METRIC throughput_gbps=4.539
[2026-04-27T04:02:02] METRIC latency_ms=0.7596
[2026-04-27T04:02:02] METRIC cpu_util_pct=11.58
[2026-04-27T04:02:02] RUN_END status=OK
[2026-04-27T04:05:18] RUN_START run_id=SDO_uDCN_038
[2026-04-27T04:05:18] PARAM implementation=uDCN
[2026-04-27T04:05:18] PARAM workload_type=SDO
[2026-04-27T04:05:18] PARAM test_link=LI_10GbE_aggregation_backhaul
[2026-04-27T04:05:18] METRIC object_size_bytes=597.6
[2026-04-27T04:05:18] METRIC link_bandwidth_gbps=10.0
[2026-04-27T04:05:18] METRIC throughput_gbps=4.3674
[2026-04-27T04:05:18] METRIC latency_ms=0.7439
[2026-04-27T04:05:18] METRIC cpu_util_pct=11.77
[2026-04-27T04:05:18] RUN_END status=OK
[2026-04-27T04:07:42] RUN_START run_id=SDO_uDCN_039
[2026-04-27T04:07:42] PARAM implementation=uDCN
[2026-04-27T04:07:42] PARAM workload_type=SDO
[2026-04-27T04:07:42] PARAM test_link=LI_10GbE_aggregation_backhaul
[2026-04-27T04:07:42] METRIC object_size_bytes=1774.1
[2026-04-27T04:07:42] METRIC link_bandwidth_gbps=10.0
[2026-04-27T04:07:42] METRIC throughput_gbps=4.4563
[2026-04-27T04:07:42] METRIC latency_ms=0.8135
[2026-04-27T04:07:42] METRIC cpu_util_pct=11.25
[2026-04-27T04:07:42] RUN_END status=OK
[2026-04-27T04:09:41] RUN_START run_id=SDO_uDCN_040
[2026-04-27T04:09:41] PARAM implementation=uDCN
[2026-04-27T04:09:41] PARAM workload_type=SDO
[2026-04-27T04:09:41] PARAM test_link=LI_10GbE_aggregation_backhaul
[2026-04-27T04:09:41] METRIC object_size_bytes=365.2
[2026-04-27T04:09:41] METRIC link_bandwidth_gbps=10.0
[2026-04-27T04:09:41] METRIC throughput_gbps=4.5842
[2026-04-27T04:09:41] METRIC latency_ms=0.7841
[2026-04-27T04:09:41] METRIC cpu_util_pct=11.12
[2026-04-27T04:09:41] RUN_END status=OK
[2026-04-27T04:10:14] RUN_START run_id=SDO_uDCN_041
[2026-04-27T04:10:14] PARAM implementation=uDCN
[2026-04-27T04:10:14] PARAM workload_type=SDO
[2026-04-27T04:10:14] PARAM test_link=LI_10GbE_aggregation_backhaul
[2026-04-27T04:10:14] METRIC object_size_bytes=1247.3
[2026-04-27T04:10:14] METRIC link_bandwidth_gbps=10.0
[2026-04-27T04:10:14] METRIC throughput_gbps=4.7029
[2026-04-27T04:10:14] METRIC latency_ms=0.7504
[2026-04-27T04:10:14] METRIC cpu_util_pct=11.25
[2026-04-27T04:10:14] RUN_END status=OK
[2026-04-27T04:16:01] RUN_START run_id=SDO_uDCN_042
[2026-04-27T04:16:01] PARAM implementation=uDCN
[2026-04-27T04:16:01] PARAM workload_type=SDO
[2026-04-27T04:16:01] PARAM test_link=LI_10GbE_aggregation_backhaul
[2026-04-27T04:16:01] METRIC object_size_bytes=566.3
[2026-04-27T04:16:01] METRIC link_bandwidth_gbps=10.0
[2026-04-27T04:16:01] METRIC throughput_gbps=4.2618
[2026-04-27T04:16:01] METRIC latency_ms=0.7738
[2026-04-27T04:16:01] METRIC cpu_util_pct=11.98
[2026-04-27T04:16:01] RUN_END status=OK
[2026-04-27T04:17:19] RUN_START run_id=SDO_uDCN_043
[2026-04-27T04:17:19] PARAM implementation=uDCN
[2026-04-27T04:17:19] PARAM workload_type=SDO
[2026-04-27T04:17:19] PARAM test_link=LI_10GbE_aggregation_backhaul
[2026-04-27T04:17:19] METRIC object_size_bytes=727.9
[2026-04-27T04:17:19] METRIC link_bandwidth_gbps=10.0
[2026-04-27T04:17:19] METRIC throughput_gbps=4.7286
[2026-04-27T04:17:19] METRIC latency_ms=0.7213
[2026-04-27T04:17:19] METRIC cpu_util_pct=11.82
[2026-04-27T04:17:19] RUN_END status=OK
