[2026-06-18T17:33:50] RUN_START run_id=SDO_NFD_020
[2026-06-18T17:33:50] PARAM implementation=NFD
[2026-06-18T17:33:50] PARAM workload_type=SDO
[2026-06-18T17:33:50] PARAM test_link=LI_10GbE_aggregation_backhaul
[2026-06-18T17:33:50] METRIC object_size_bytes=553.6
[2026-06-18T17:33:50] METRIC link_bandwidth_gbps=10.0
[2026-06-18T17:33:50] METRIC throughput_gbps=1.1535
[2026-06-18T17:33:50] METRIC latency_ms=1.4015
[2026-06-18T17:33:50] METRIC cpu_util_pct=44.08
[2026-06-18T17:33:50] RUN_END status=OK
[2026-06-18T17:34:04] RUN_START run_id=SDO_NFD_021
[2026-06-18T17:34:04] PARAM implementation=NFD
[2026-06-18T17:34:04] PARAM workload_type=SDO
[2026-06-18T17:34:04] PARAM test_link=LI_10GbE_aggregation_backhaul
[2026-06-18T17:34:04] METRIC object_size_bytes=194.8
[2026-06-18T17:34:04] METRIC link_bandwidth_gbps=10.0
[2026-06-18T17:34:04] METRIC throughput_gbps=1.2148
[2026-06-18T17:34:04] METRIC latency_ms=1.3777
[2026-06-18T17:34:04] METRIC cpu_util_pct=42.56
[2026-06-18T17:34:04] RUN_END status=OK
[2026-06-18T17:35:45] RUN_START run_id=SDO_NFD_022
[2026-06-18T17:35:45] PARAM implementation=NFD
[2026-06-18T17:35:45] PARAM workload_type=SDO
[2026-06-18T17:35:45] PARAM test_link=LI_10GbE_aggregation_backhaul
[2026-06-18T17:35:45] METRIC object_size_bytes=897.4
[2026-06-18T17:35:45] METRIC link_bandwidth_gbps=10.0
[2026-06-18T17:35:45] METRIC throughput_gbps=1.1513
[2026-06-18T17:35:45] METRIC latency_ms=1.3107
[2026-06-18T17:35:45] METRIC cpu_util_pct=44.96
[2026-06-18T17:35:45] RUN_END status=OK
[2026-06-18T17:38:03] RUN_START run_id=SDO_NFD_023
[2026-06-18T17:38:03] PARAM implementation=NFD
[2026-06-18T17:38:03] PARAM workload_type=SDO
[2026-06-18T17:38:03] PARAM test_link=LI_10GbE_aggregation_backhaul
[2026-06-18T17:38:03] METRIC object_size_bytes=331.1
[2026-06-18T17:38:03] METRIC link_bandwidth_gbps=10.0
[2026-06-18T17:38:03] METRIC throughput_gbps=1.1312
[2026-06-18T17:38:03] METRIC latency_ms=1.3984
[2026-06-18T17:38:03] METRIC cpu_util_pct=45.29
[2026-06-18T17:38:03] RUN_END status=OK
[2026-06-19T01:38:18] RUN_START run_id=SDO_NFD_024
[2026-06-19T01:38:18] PARAM implementation=NFD
[2026-06-19T01:38:18] PARAM workload_type=SDO
[2026-06-19T01:38:18] PARAM test_link=LI_10GbE_aggregation_backhaul
[2026-06-19T01:38:18] METRIC object_size_bytes=1218.6
[2026-06-19T01:38:18] METRIC link_bandwidth_gbps=10.0
[2026-06-19T01:38:18] METRIC throughput_gbps=1.2193
[2026-06-19T01:38:18] METRIC latency_ms=1.4501
[2026-06-19T01:38:18] METRIC cpu_util_pct=45.88
[2026-06-19T01:38:18] RUN_END status=OK
[2026-06-19T01:39:11] RUN_START run_id=SDO_NFD_025
[2026-06-19T01:39:11] PARAM implementation=NFD
[2026-06-19T01:39:11] PARAM workload_type=SDO
[2026-06-19T01:39:11] PARAM test_link=LI_10GbE_aggregation_backhaul
[2026-06-19T01:39:11] METRIC object_size_bytes=602.7
[2026-06-19T01:39:11] METRIC link_bandwidth_gbps=10.0
[2026-06-19T01:39:11] METRIC throughput_gbps=1.1585
[2026-06-19T01:39:11] METRIC latency_ms=1.5097
[2026-06-19T01:39:11] METRIC cpu_util_pct=46.01
[2026-06-19T01:39:11] RUN_END status=OK
[2026-06-19T01:40:10] RUN_START run_id=SDO_NFD_026
[2026-06-19T01:40:10] PARAM implementation=NFD
[2026-06-19T01:40:10] PARAM workload_type=SDO
[2026-06-19T01:40:10] PARAM test_link=LI_10GbE_aggregation_backhaul
[2026-06-19T01:40:10] METRIC object_size_bytes=1642.6
[2026-06-19T01:40:10] METRIC link_bandwidth_gbps=10.0
[2026-06-19T01:40:10] METRIC throughput_gbps=1.2452
[2026-06-19T01:40:10] METRIC latency_ms=1.4348
[2026-06-19T01:40:10] METRIC cpu_util_pct=46.08
[2026-06-19T01:40:10] RUN_END status=OK
[2026-06-19T01:41:00] RUN_START run_id=SDO_NFD_027
[2026-06-19T01:41:00] PARAM implementation=NFD
[2026-06-19T01:41:00] PARAM workload_type=SDO
[2026-06-19T01:41:00] PARAM test_link=LI_10GbE_aggregation_backhaul
[2026-06-19T01:41:00] METRIC object_size_bytes=672.8
[2026-06-19T01:41:00] METRIC link_bandwidth_gbps=10.0
[2026-06-19T01:41:00] METRIC throughput_gbps=1.2004
[2026-06-19T01:41:00] METRIC latency_ms=1.4425
[2026-06-19T01:41:00] METRIC cpu_util_pct=47.4
[2026-06-19T01:41:00] RUN_END status=OK
[2026-06-19T01:42:57] RUN_START run_id=SDO_NFD_028
[2026-06-19T01:42:57] PARAM implementation=NFD
[2026-06-19T01:42:57] PARAM workload_type=SDO
[2026-06-19T01:42:57] PARAM test_link=LI_10GbE_aggregation_backhaul
[2026-06-19T01:42:57] METRIC object_size_bytes=1518.2
[2026-06-19T01:42:57] METRIC link_bandwidth_gbps=10.0
[2026-06-19T01:42:57] METRIC throughput_gbps=1.24
[2026-06-19T01:42:57] METRIC latency_ms=1.3128
[2026-06-19T01:42:57] METRIC cpu_util_pct=45.01
[2026-06-19T01:42:57] RUN_END status=OK
[2026-06-19T01:44:20] RUN_START run_id=SDO_NFD_029
[2026-06-19T01:44:20] PARAM implementation=NFD
[2026-06-19T01:44:20] PARAM workload_type=SDO
[2026-06-19T01:44:20] PARAM test_link=LI_10GbE_aggregation_backhaul
[2026-06-19T01:44:20] METRIC object_size_bytes=1422.7
[2026-06-19T01:44:20] METRIC link_bandwidth_gbps=10.0
[2026-06-19T01:44:20] METRIC throughput_gbps=1.1969
[2026-06-19T01:44:20] METRIC latency_ms=1.2614
[2026-06-19T01:44:20] METRIC cpu_util_pct=44.29
[2026-06-19T01:44:20] RUN_END status=OK
[2026-06-19T01:49:12] RUN_START run_id=SDO_NFD_030
[2026-06-19T01:49:12] PARAM implementation=NFD
[2026-06-19T01:49:12] PARAM workload_type=SDO
[2026-06-19T01:49:12] PARAM test_link=LI_10GbE_aggregation_backhaul
[2026-06-19T01:49:12] METRIC object_size_bytes=377.0
[2026-06-19T01:49:12] METRIC link_bandwidth_gbps=10.0
[2026-06-19T01:49:12] METRIC throughput_gbps=1.1547
[2026-06-19T01:49:12] METRIC latency_ms=1.414
[2026-06-19T01:49:12] METRIC cpu_util_pct=46.47
[2026-06-19T01:49:12] RUN_END status=OK
[2026-06-19T01:54:29] RUN_START run_id=SDO_NFD_031
[2026-06-19T01:54:29] PARAM implementation=NFD
[2026-06-19T01:54:29] PARAM workload_type=SDO
[2026-06-19T01:54:29] PARAM test_link=LI_10GbE_aggregation_backhaul
[2026-06-19T01:54:29] METRIC object_size_bytes=156.0
[2026-06-19T01:54:29] METRIC link_bandwidth_gbps=10.0
[2026-06-19T01:54:29] METRIC throughput_gbps=1.0835
[2026-06-19T01:54:29] METRIC latency_ms=1.6114
[2026-06-19T01:54:29] METRIC cpu_util_pct=47.91
[2026-06-19T01:54:29] RUN_END status=OK
