[2026-06-11T04:06:16] RUN_START run_id=MDO_CCNlite_144
[2026-06-11T04:06:16] PARAM implementation=CCNlite
[2026-06-11T04:06:16] PARAM workload_type=MDO
[2026-06-11T04:06:16] PARAM test_link=LI_10GbE_aggregation_backhaul
[2026-06-11T04:06:16] METRIC object_size_bytes=379097.8
[2026-06-11T04:06:16] METRIC link_bandwidth_gbps=10.0
[2026-06-11T04:06:16] METRIC throughput_gbps=2.3121
[2026-06-11T04:06:16] METRIC latency_ms=17.1068
[2026-06-11T04:06:16] METRIC cpu_util_pct=55.12
[2026-06-11T04:06:16] RUN_END status=OK
[2026-06-11T04:07:42] RUN_START run_id=MDO_CCNlite_145
[2026-06-11T04:07:42] PARAM implementation=CCNlite
[2026-06-11T04:07:42] PARAM workload_type=MDO
[2026-06-11T04:07:42] PARAM test_link=LI_10GbE_aggregation_backhaul
[2026-06-11T04:07:42] METRIC object_size_bytes=321930.3
[2026-06-11T04:07:42] METRIC link_bandwidth_gbps=10.0
[2026-06-11T04:07:42] METRIC throughput_gbps=2.389
[2026-06-11T04:07:42] METRIC latency_ms=17.8971
[2026-06-11T04:07:42] METRIC cpu_util_pct=56.6
[2026-06-11T04:07:42] RUN_END status=OK
[2026-06-11T04:10:20] RUN_START run_id=MDO_CCNlite_146
[2026-06-11T04:10:20] PARAM implementation=CCNlite
[2026-06-11T04:10:20] PARAM workload_type=MDO
[2026-06-11T04:10:20] PARAM test_link=LI_10GbE_aggregation_backhaul
[2026-06-11T04:10:20] METRIC object_size_bytes=344730.2
[2026-06-11T04:10:20] METRIC link_bandwidth_gbps=10.0
[2026-06-11T04:10:20] METRIC throughput_gbps=2.0777
[2026-06-11T04:10:20] METRIC latency_ms=16.9084
[2026-06-11T04:10:20] METRIC cpu_util_pct=54.77
[2026-06-11T04:10:20] RUN_END status=OK
[2026-06-11T05:38:47] RUN_START run_id=MDO_CCNlite_147
[2026-06-11T05:38:47] PARAM implementation=CCNlite
[2026-06-11T05:38:47] PARAM workload_type=MDO
[2026-06-11T05:38:47] PARAM test_link=LI_10GbE_aggregation_backhaul
[2026-06-11T05:38:47] METRIC object_size_bytes=412668.2
[2026-06-11T05:38:47] METRIC link_bandwidth_gbps=10.0
[2026-06-11T05:38:47] METRIC throughput_gbps=2.3585
[2026-06-11T05:38:47] METRIC latency_ms=16.8464
[2026-06-11T05:38:47] METRIC cpu_util_pct=57.15
[2026-06-11T05:38:47] RUN_END status=OK
[2026-06-11T05:41:49] RUN_START run_id=MDO_CCNlite_148
[2026-06-11T05:41:49] PARAM implementation=CCNlite
[2026-06-11T05:41:49] PARAM workload_type=MDO
[2026-06-11T05:41:49] PARAM test_link=LI_10GbE_aggregation_backhaul
[2026-06-11T05:41:49] METRIC object_size_bytes=190934.3
[2026-06-11T05:41:49] METRIC link_bandwidth_gbps=10.0
[2026-06-11T05:41:49] METRIC throughput_gbps=2.363
[2026-06-11T05:41:49] METRIC latency_ms=16.7276
[2026-06-11T05:41:49] METRIC cpu_util_pct=55.93
[2026-06-11T05:41:49] RUN_END status=OK
[2026-06-11T05:42:46] RUN_START run_id=MDO_CCNlite_149
[2026-06-11T05:42:46] PARAM implementation=CCNlite
[2026-06-11T05:42:46] PARAM workload_type=MDO
[2026-06-11T05:42:46] PARAM test_link=LI_10GbE_aggregation_backhaul
[2026-06-11T05:42:46] METRIC object_size_bytes=475664.4
[2026-06-11T05:42:46] METRIC link_bandwidth_gbps=10.0
[2026-06-11T05:42:46] METRIC throughput_gbps=2.4263
[2026-06-11T05:42:46] METRIC latency_ms=16.4242
[2026-06-11T05:42:46] METRIC cpu_util_pct=65.09
[2026-06-11T05:42:46] RUN_END status=OK
[2026-06-11T05:43:49] RUN_START run_id=MDO_CCNlite_150
[2026-06-11T05:43:49] PARAM implementation=CCNlite
[2026-06-11T05:43:49] PARAM workload_type=MDO
[2026-06-11T05:43:49] PARAM test_link=LI_10GbE_aggregation_backhaul
[2026-06-11T05:43:49] METRIC object_size_bytes=194704.0
[2026-06-11T05:43:49] METRIC link_bandwidth_gbps=10.0
[2026-06-11T05:43:49] METRIC throughput_gbps=2.2677
[2026-06-11T05:43:49] METRIC latency_ms=16.7327
[2026-06-11T05:43:49] METRIC cpu_util_pct=54.52
[2026-06-11T05:43:49] RUN_END status=OK
[2026-06-12T18:21:15] RUN_START run_id=LDO_CCNlite_092
[2026-06-12T18:21:15] PARAM implementation=CCNlite
[2026-06-12T18:21:15] PARAM workload_type=LDO
[2026-06-12T18:21:15] PARAM test_link=LI_10GbE_aggregation_backhaul
[2026-06-12T18:21:15] METRIC object_size_bytes=1586420.6
[2026-06-12T18:21:15] METRIC link_bandwidth_gbps=10.0
[2026-06-12T18:21:15] METRIC throughput_gbps=2.5629
[2026-06-12T18:21:15] METRIC latency_ms=140.6649
[2026-06-12T18:21:15] METRIC cpu_util_pct=57.83
[2026-06-12T18:21:15] RUN_END status=OK
[2026-06-12T18:23:33] RUN_START run_id=LDO_CCNlite_093
[2026-06-12T18:23:33] PARAM implementation=CCNlite
[2026-06-12T18:23:33] PARAM workload_type=LDO
[2026-06-12T18:23:33] PARAM test_link=LI_10GbE_aggregation_backhaul
[2026-06-12T18:23:33] METRIC object_size_bytes=4830113.8
[2026-06-12T18:23:33] METRIC link_bandwidth_gbps=10.0
[2026-06-12T18:23:33] METRIC throughput_gbps=2.7055
[2026-06-12T18:23:33] METRIC latency_ms=112.08
[2026-06-12T18:23:33] METRIC cpu_util_pct=60.19
[2026-06-12T18:23:33] RUN_END status=OK
[2026-06-12T18:24:33] RUN_START run_id=LDO_CCNlite_094
[2026-06-12T18:24:33] PARAM implementation=CCNlite
[2026-06-12T18:24:33] PARAM workload_type=LDO
[2026-06-12T18:24:33] PARAM test_link=LI_10GbE_aggregation_backhaul
[2026-06-12T18:24:33] METRIC object_size_bytes=2821301.9
[2026-06-12T18:24:33] METRIC link_bandwidth_gbps=10.0
[2026-06-12T18:24:33] METRIC throughput_gbps=2.7294
[2026-06-12T18:24:33] METRIC latency_ms=123.5525
[2026-06-12T18:24:33] METRIC cpu_util_pct=63.6
[2026-06-12T18:24:33] RUN_END status=OK
[2026-06-12T18:27:42] RUN_START run_id=LDO_CCNlite_095
[2026-06-12T18:27:42] PARAM implementation=CCNlite
[2026-06-12T18:27:42] PARAM workload_type=LDO
[2026-06-12T18:27:42] PARAM test_link=LI_10GbE_aggregation_backhaul
[2026-06-12T18:27:42] METRIC object_size_bytes=3097970.0
[2026-06-12T18:27:42] METRIC link_bandwidth_gbps=10.0
[2026-06-12T18:27:42] METRIC throughput_gbps=2.6136
[2026-06-12T18:27:42] METRIC latency_ms=129.3737
[2026-06-12T18:27:42] METRIC cpu_util_pct=57.28
[2026-06-12T18:27:42] RUN_END status=OK
[2026-06-12T18:30:33] RUN_START run_id=LDO_CCNlite_096
[2026-06-12T18:30:33] PARAM implementation=CCNlite
[2026-06-12T18:30:33] PARAM workload_type=LDO
[2026-06-12T18:30:33] PARAM test_link=LI_10GbE_aggregation_backhaul
[2026-06-12T18:30:33] METRIC object_size_bytes=3957700.7
[2026-06-12T18:30:33] METRIC link_bandwidth_gbps=10.0
[2026-06-12T18:30:33] METRIC throughput_gbps=2.5401
[2026-06-12T18:30:33] METRIC latency_ms=118.3959
[2026-06-12T18:30:33] METRIC cpu_util_pct=56.85
[2026-06-12T18:30:33] RUN_END status=OK
[2026-06-12T18:37:11] RUN_START run_id=LDO_CCNlite_097
[2026-06-12T18:37:11] PARAM implementation=CCNlite
[2026-06-12T18:37:11] PARAM workload_type=LDO
[2026-06-12T18:37:11] PARAM test_link=LI_10GbE_aggregation_backhaul
[2026-06-12T18:37:11] METRIC object_size_bytes=4092082.9
[2026-06-12T18:37:11] METRIC link_bandwidth_gbps=10.0
[2026-06-12T18:37:11] METRIC throughput_gbps=2.4521
[2026-06-12T18:37:11] METRIC latency_ms=137.0836
[2026-06-12T18:37:11] METRIC cpu_util_pct=58.96
[2026-06-12T18:37:11] RUN_END status=OK
[2026-06-12T18:41:37] RUN_START run_id=LDO_CCNlite_098
[2026-06-12T18:41:37] PARAM implementation=CCNlite
[2026-06-12T18:41:37] PARAM workload_type=LDO
[2026-06-12T18:41:37] PARAM test_link=LI_10GbE_aggregation_backhaul
[2026-06-12T18:41:37] METRIC object_size_bytes=1970409.5
[2026-06-12T18:41:37] METRIC link_bandwidth_gbps=10.0
[2026-06-12T18:41:37] METRIC throughput_gbps=2.566
[2026-06-12T18:41:37] METRIC latency_ms=130.2388
[2026-06-12T18:41:37] METRIC cpu_util_pct=54.41
[2026-06-12T18:41:37] RUN_END status=OK
[2026-06-12T18:44:37] RUN_START run_id=LDO_CCNlite_099
[2026-06-12T18:44:37] PARAM implementation=CCNlite
[2026-06-12T18:44:37] PARAM workload_type=LDO
[2026-06-12T18:44:37] PARAM test_link=LI_10GbE_aggregation_backhaul
[2026-06-12T18:44:37] METRIC object_size_bytes=2884467.5
[2026-06-12T18:44:37] METRIC link_bandwidth_gbps=10.0
[2026-06-12T18:44:37] METRIC throughput_gbps=2.6349
[2026-06-12T18:44:37] METRIC latency_ms=123.8137
[2026-06-12T18:44:37] METRIC cpu_util_pct=58.84
[2026-06-12T18:44:37] RUN_END status=OK
[2026-06-12T18:46:40] RUN_START run_id=LDO_CCNlite_100
[2026-06-12T18:46:40] PARAM implementation=CCNlite
[2026-06-12T18:46:40] PARAM workload_type=LDO
[2026-06-12T18:46:40] PARAM test_link=LI_10GbE_aggregation_backhaul
[2026-06-12T18:46:40] METRIC object_size_bytes=4089824.4
[2026-06-12T18:46:40] METRIC link_bandwidth_gbps=10.0
[2026-06-12T18:46:40] METRIC throughput_gbps=2.5982
[2026-06-12T18:46:40] METRIC latency_ms=120.0508
[2026-06-12T18:46:40] METRIC cpu_util_pct=57.08
[2026-06-12T18:46:40] RUN_END status=OK
[2026-06-12T18:49:41] RUN_START run_id=LDO_CCNlite_101
[2026-06-12T18:49:41] PARAM implementation=CCNlite
[2026-06-12T18:49:41] PARAM workload_type=LDO
[2026-06-12T18:49:41] PARAM test_link=LI_10GbE_aggregation_backhaul
[2026-06-12T18:49:41] METRIC object_size_bytes=4771785.2
[2026-06-12T18:49:41] METRIC link_bandwidth_gbps=10.0
[2026-06-12T18:49:41] METRIC throughput_gbps=2.6555
[2026-06-12T18:49:41] METRIC latency_ms=130.9095
[2026-06-12T18:49:41] METRIC cpu_util_pct=63.08
[2026-06-12T18:49:41] RUN_END status=OK
