[2026-05-31T21:22:28] RUN_START run_id=SDO_CCNlite_115
[2026-05-31T21:22:28] PARAM implementation=CCNlite
[2026-05-31T21:22:28] PARAM workload_type=SDO
[2026-05-31T21:22:28] PARAM test_link=LI_10GbE_aggregation_backhaul
[2026-05-31T21:22:28] METRIC object_size_bytes=620.0
[2026-05-31T21:22:28] METRIC link_bandwidth_gbps=10.0
[2026-05-31T21:22:28] METRIC throughput_gbps=1.1319
[2026-05-31T21:22:28] METRIC latency_ms=1.1664
[2026-05-31T21:22:28] METRIC cpu_util_pct=48.82
[2026-05-31T21:22:28] RUN_END status=OK
[2026-05-31T21:26:39] RUN_START run_id=SDO_CCNlite_116
[2026-05-31T21:26:39] PARAM implementation=CCNlite
[2026-05-31T21:26:39] PARAM workload_type=SDO
[2026-05-31T21:26:39] PARAM test_link=LI_10GbE_aggregation_backhaul
[2026-05-31T21:26:39] METRIC object_size_bytes=1380.7
[2026-05-31T21:26:39] METRIC link_bandwidth_gbps=10.0
[2026-05-31T21:26:39] METRIC throughput_gbps=1.0595
[2026-05-31T21:26:39] METRIC latency_ms=1.186
[2026-05-31T21:26:39] METRIC cpu_util_pct=58.41
[2026-05-31T21:26:39] RUN_END status=OK
[2026-05-31T21:27:39] RUN_START run_id=SDO_CCNlite_117
[2026-05-31T21:27:39] PARAM implementation=CCNlite
[2026-05-31T21:27:39] PARAM workload_type=SDO
[2026-05-31T21:27:39] PARAM test_link=LI_10GbE_aggregation_backhaul
[2026-05-31T21:27:39] METRIC object_size_bytes=906.0
[2026-05-31T21:27:39] METRIC link_bandwidth_gbps=10.0
[2026-05-31T21:27:39] METRIC throughput_gbps=1.0388
[2026-05-31T21:27:39] METRIC latency_ms=1.164
[2026-05-31T21:27:39] METRIC cpu_util_pct=53.55
[2026-05-31T21:27:39] RUN_END status=OK
[2026-05-31T21:29:46] RUN_START run_id=SDO_CCNlite_118
[2026-05-31T21:29:46] PARAM implementation=CCNlite
[2026-05-31T21:29:46] PARAM workload_type=SDO
[2026-05-31T21:29:46] PARAM test_link=LI_10GbE_aggregation_backhaul
[2026-05-31T21:29:46] METRIC object_size_bytes=1266.9
[2026-05-31T21:29:46] METRIC link_bandwidth_gbps=10.0
[2026-05-31T21:29:46] METRIC throughput_gbps=1.0184
[2026-05-31T21:29:46] METRIC latency_ms=1.2904
[2026-05-31T21:29:46] METRIC cpu_util_pct=52.67
[2026-05-31T21:29:46] RUN_END status=OK
[2026-05-31T21:31:33] RUN_START run_id=SDO_CCNlite_119
[2026-05-31T21:31:33] PARAM implementation=CCNlite
[2026-05-31T21:31:33] PARAM workload_type=SDO
[2026-05-31T21:31:33] PARAM test_link=LI_10GbE_aggregation_backhaul
[2026-05-31T21:31:33] METRIC object_size_bytes=411.1
[2026-05-31T21:31:33] METRIC link_bandwidth_gbps=10.0
[2026-05-31T21:31:33] METRIC throughput_gbps=1.1537
[2026-05-31T21:31:33] METRIC latency_ms=1.0844
[2026-05-31T21:31:33] METRIC cpu_util_pct=48.68
[2026-05-31T21:31:33] RUN_END status=OK
[2026-05-31T21:32:36] RUN_START run_id=SDO_CCNlite_120
[2026-05-31T21:32:36] PARAM implementation=CCNlite
[2026-05-31T21:32:36] PARAM workload_type=SDO
[2026-05-31T21:32:36] PARAM test_link=LI_10GbE_aggregation_backhaul
[2026-05-31T21:32:36] METRIC object_size_bytes=601.1
[2026-05-31T21:32:36] METRIC link_bandwidth_gbps=10.0
[2026-05-31T21:32:36] METRIC throughput_gbps=1.129
[2026-05-31T21:32:36] METRIC latency_ms=1.0596
[2026-05-31T21:32:36] METRIC cpu_util_pct=51.95
[2026-05-31T21:32:36] RUN_END status=OK
[2026-05-31T21:35:30] RUN_START run_id=SDO_CCNlite_121
[2026-05-31T21:35:30] PARAM implementation=CCNlite
[2026-05-31T21:35:30] PARAM workload_type=SDO
[2026-05-31T21:35:30] PARAM test_link=LI_10GbE_aggregation_backhaul
[2026-05-31T21:35:30] METRIC object_size_bytes=525.0
[2026-05-31T21:35:30] METRIC link_bandwidth_gbps=10.0
[2026-05-31T21:35:30] METRIC throughput_gbps=1.0686
[2026-05-31T21:35:30] METRIC latency_ms=1.2174
[2026-05-31T21:35:30] METRIC cpu_util_pct=49.95
[2026-05-31T21:35:30] RUN_END status=OK
[2026-05-31T21:38:49] RUN_START run_id=SDO_CCNlite_122
[2026-05-31T21:38:49] PARAM implementation=CCNlite
[2026-05-31T21:38:49] PARAM workload_type=SDO
[2026-05-31T21:38:49] PARAM test_link=LI_10GbE_aggregation_backhaul
[2026-05-31T21:38:49] METRIC object_size_bytes=825.5
[2026-05-31T21:38:49] METRIC link_bandwidth_gbps=10.0
[2026-05-31T21:38:49] METRIC throughput_gbps=1.1214
[2026-05-31T21:38:49] METRIC latency_ms=1.09
[2026-05-31T21:38:49] METRIC cpu_util_pct=46.57
[2026-05-31T21:38:49] RUN_END status=OK
[2026-05-31T21:39:45] RUN_START run_id=SDO_CCNlite_123
[2026-05-31T21:39:45] PARAM implementation=CCNlite
[2026-05-31T21:39:45] PARAM workload_type=SDO
[2026-05-31T21:39:45] PARAM test_link=LI_10GbE_aggregation_backhaul
[2026-05-31T21:39:45] METRIC object_size_bytes=340.5
[2026-05-31T21:39:45] METRIC link_bandwidth_gbps=10.0
[2026-05-31T21:39:45] METRIC throughput_gbps=1.0183
[2026-05-31T21:39:45] METRIC latency_ms=1.2061
[2026-05-31T21:39:45] METRIC cpu_util_pct=53.1
[2026-05-31T21:39:45] RUN_END status=OK
[2026-05-31T21:43:46] RUN_START run_id=SDO_CCNlite_124
[2026-05-31T21:43:46] PARAM implementation=CCNlite
[2026-05-31T21:43:46] PARAM workload_type=SDO
[2026-05-31T21:43:46] PARAM test_link=LI_10GbE_aggregation_backhaul
[2026-05-31T21:43:46] METRIC object_size_bytes=1666.0
[2026-05-31T21:43:46] METRIC link_bandwidth_gbps=10.0
[2026-05-31T21:43:46] METRIC throughput_gbps=1.1429
[2026-05-31T21:43:46] METRIC latency_ms=1.2222
[2026-05-31T21:43:46] METRIC cpu_util_pct=47.45
[2026-05-31T21:43:46] RUN_END status=OK
