[2026-04-29T02:16:36] RUN_START run_id=LDO_PythonNDN_150
[2026-04-29T02:16:36] PARAM implementation=PythonNDN
[2026-04-29T02:16:36] PARAM workload_type=LDO
[2026-04-29T02:16:36] PARAM test_link=LI_10GbE_aggregation_backhaul
[2026-04-29T02:16:36] METRIC object_size_bytes=1903191.5
[2026-04-29T02:16:36] METRIC link_bandwidth_gbps=10.0
[2026-04-29T02:16:36] METRIC throughput_gbps=0.7698
[2026-04-29T02:16:36] METRIC latency_ms=148.8363
[2026-04-29T02:16:36] METRIC cpu_util_pct=85.92
[2026-04-29T02:16:36] RUN_END status=OK
[2026-04-29T19:41:42] RUN_START run_id=SDO_uDCN_119
[2026-04-29T19:41:42] PARAM implementation=uDCN
[2026-04-29T19:41:42] PARAM workload_type=SDO
[2026-04-29T19:41:42] PARAM test_link=LI_10GbE_aggregation_backhaul
[2026-04-29T19:41:42] METRIC object_size_bytes=497.1
[2026-04-29T19:41:42] METRIC link_bandwidth_gbps=10.0
[2026-04-29T19:41:42] METRIC throughput_gbps=4.3095
[2026-04-29T19:41:42] METRIC latency_ms=0.813
[2026-04-29T19:41:42] METRIC cpu_util_pct=10.68
[2026-04-29T19:41:42] RUN_END status=OK
[2026-04-29T19:44:25] RUN_START run_id=SDO_uDCN_120
[2026-04-29T19:44:25] PARAM implementation=uDCN
[2026-04-29T19:44:25] PARAM workload_type=SDO
[2026-04-29T19:44:25] PARAM test_link=LI_10GbE_aggregation_backhaul
[2026-04-29T19:44:25] METRIC object_size_bytes=1818.2
[2026-04-29T19:44:25] METRIC link_bandwidth_gbps=10.0
[2026-04-29T19:44:25] METRIC throughput_gbps=4.4572
[2026-04-29T19:44:25] METRIC latency_ms=0.7961
[2026-04-29T19:44:25] METRIC cpu_util_pct=12.94
[2026-04-29T19:44:25] RUN_END status=OK
[2026-04-29T19:48:13] RUN_START run_id=SDO_uDCN_121
[2026-04-29T19:48:13] PARAM implementation=uDCN
[2026-04-29T19:48:13] PARAM workload_type=SDO
[2026-04-29T19:48:13] PARAM test_link=LI_10GbE_aggregation_backhaul
[2026-04-29T19:48:13] METRIC object_size_bytes=1695.0
[2026-04-29T19:48:13] METRIC link_bandwidth_gbps=10.0
[2026-04-29T19:48:13] METRIC throughput_gbps=4.772
[2026-04-29T19:48:13] METRIC latency_ms=0.726
[2026-04-29T19:48:13] METRIC cpu_util_pct=12.51
[2026-04-29T19:48:13] RUN_END status=OK
[2026-04-29T19:48:40] RUN_START run_id=SDO_uDCN_122
[2026-04-29T19:48:40] PARAM implementation=uDCN
[2026-04-29T19:48:40] PARAM workload_type=SDO
[2026-04-29T19:48:40] PARAM test_link=LI_10GbE_aggregation_backhaul
[2026-04-29T19:48:40] METRIC object_size_bytes=385.1
[2026-04-29T19:48:40] METRIC link_bandwidth_gbps=10.0
[2026-04-29T19:48:40] METRIC throughput_gbps=4.1744
[2026-04-29T19:48:40] METRIC latency_ms=0.7069
[2026-04-29T19:48:40] METRIC cpu_util_pct=11.01
[2026-04-29T19:48:40] RUN_END status=OK
[2026-04-29T19:50:36] RUN_START run_id=SDO_uDCN_123
[2026-04-29T19:50:36] PARAM implementation=uDCN
[2026-04-29T19:50:36] PARAM workload_type=SDO
[2026-04-29T19:50:36] PARAM test_link=LI_10GbE_aggregation_backhaul
[2026-04-29T19:50:36] METRIC object_size_bytes=364.5
[2026-04-29T19:50:36] METRIC link_bandwidth_gbps=10.0
[2026-04-29T19:50:36] METRIC throughput_gbps=4.5985
[2026-04-29T19:50:36] METRIC latency_ms=0.8071
[2026-04-29T19:50:36] METRIC cpu_util_pct=11.8
[2026-04-29T19:50:36] RUN_END status=OK
[2026-04-29T19:54:17] RUN_START run_id=SDO_uDCN_124
[2026-04-29T19:54:17] PARAM implementation=uDCN
[2026-04-29T19:54:17] PARAM workload_type=SDO
[2026-04-29T19:54:17] PARAM test_link=LI_10GbE_aggregation_backhaul
[2026-04-29T19:54:17] METRIC object_size_bytes=559.3
[2026-04-29T19:54:17] METRIC link_bandwidth_gbps=10.0
[2026-04-29T19:54:17] METRIC throughput_gbps=4.4096
[2026-04-29T19:54:17] METRIC latency_ms=0.7828
[2026-04-29T19:54:17] METRIC cpu_util_pct=11.64
[2026-04-29T19:54:17] RUN_END status=OK
[2026-04-29T19:56:31] RUN_START run_id=SDO_uDCN_125
[2026-04-29T19:56:31] PARAM implementation=uDCN
[2026-04-29T19:56:31] PARAM workload_type=SDO
[2026-04-29T19:56:31] PARAM test_link=LI_10GbE_aggregation_backhaul
[2026-04-29T19:56:31] METRIC object_size_bytes=1557.7
[2026-04-29T19:56:31] METRIC link_bandwidth_gbps=10.0
[2026-04-29T19:56:31] METRIC throughput_gbps=4.4321
[2026-04-29T19:56:31] METRIC latency_ms=0.7876
[2026-04-29T19:56:31] METRIC cpu_util_pct=11.16
[2026-04-29T19:56:31] RUN_END status=OK
[2026-04-29T19:58:45] RUN_START run_id=SDO_uDCN_126
[2026-04-29T19:58:45] PARAM implementation=uDCN
[2026-04-29T19:58:45] PARAM workload_type=SDO
[2026-04-29T19:58:45] PARAM test_link=LI_10GbE_aggregation_backhaul
[2026-04-29T19:58:45] METRIC object_size_bytes=290.9
[2026-04-29T19:58:45] METRIC link_bandwidth_gbps=10.0
[2026-04-29T19:58:45] METRIC throughput_gbps=4.4972
[2026-04-29T19:58:45] METRIC latency_ms=0.7353
[2026-04-29T19:58:45] METRIC cpu_util_pct=10.79
[2026-04-29T19:58:45] RUN_END status=OK
[2026-04-29T19:59:37] RUN_START run_id=SDO_uDCN_127
[2026-04-29T19:59:37] PARAM implementation=uDCN
[2026-04-29T19:59:37] PARAM workload_type=SDO
[2026-04-29T19:59:37] PARAM test_link=LI_10GbE_aggregation_backhaul
[2026-04-29T19:59:37] METRIC object_size_bytes=1186.1
[2026-04-29T19:59:37] METRIC link_bandwidth_gbps=10.0
[2026-04-29T19:59:37] METRIC throughput_gbps=4.321
[2026-04-29T19:59:37] METRIC latency_ms=0.8094
[2026-04-29T19:59:37] METRIC cpu_util_pct=11.55
[2026-04-29T19:59:37] RUN_END status=OK
[2026-04-29T20:01:34] RUN_START run_id=SDO_uDCN_128
[2026-04-29T20:01:34] PARAM implementation=uDCN
[2026-04-29T20:01:34] PARAM workload_type=SDO
[2026-04-29T20:01:34] PARAM test_link=LI_10GbE_aggregation_backhaul
[2026-04-29T20:01:34] METRIC object_size_bytes=1446.4
[2026-04-29T20:01:34] METRIC link_bandwidth_gbps=10.0
[2026-04-29T20:01:34] METRIC throughput_gbps=4.699
[2026-04-29T20:01:34] METRIC latency_ms=0.8085
[2026-04-29T20:01:34] METRIC cpu_util_pct=11.43
[2026-04-29T20:01:34] RUN_END status=OK
[2026-04-29T20:03:08] RUN_START run_id=SDO_uDCN_129
[2026-04-29T20:03:08] PARAM implementation=uDCN
[2026-04-29T20:03:08] PARAM workload_type=SDO
[2026-04-29T20:03:08] PARAM test_link=LI_10GbE_aggregation_backhaul
[2026-04-29T20:03:08] METRIC object_size_bytes=1846.6
[2026-04-29T20:03:08] METRIC link_bandwidth_gbps=10.0
[2026-04-29T20:03:08] METRIC throughput_gbps=4.6428
[2026-04-29T20:03:08] METRIC latency_ms=0.7625
[2026-04-29T20:03:08] METRIC cpu_util_pct=12.29
[2026-04-29T20:03:08] RUN_END status=OK
[2026-04-29T20:05:05] RUN_START run_id=SDO_uDCN_130
[2026-04-29T20:05:05] PARAM implementation=uDCN
[2026-04-29T20:05:05] PARAM workload_type=SDO
[2026-04-29T20:05:05] PARAM test_link=LI_10GbE_aggregation_backhaul
[2026-04-29T20:05:05] METRIC object_size_bytes=1940.0
[2026-04-29T20:05:05] METRIC link_bandwidth_gbps=10.0
[2026-04-29T20:05:05] METRIC throughput_gbps=4.7474
[2026-04-29T20:05:05] METRIC latency_ms=0.8014
[2026-04-29T20:05:05] METRIC cpu_util_pct=11.64
[2026-04-29T20:05:05] RUN_END status=OK
[2026-04-29T20:07:14] RUN_START run_id=SDO_uDCN_131
[2026-04-29T20:07:14] PARAM implementation=uDCN
[2026-04-29T20:07:14] PARAM workload_type=SDO
[2026-04-29T20:07:14] PARAM test_link=LI_10GbE_aggregation_backhaul
[2026-04-29T20:07:14] METRIC object_size_bytes=939.7
[2026-04-29T20:07:14] METRIC link_bandwidth_gbps=10.0
[2026-04-29T20:07:14] METRIC throughput_gbps=4.5752
[2026-04-29T20:07:14] METRIC latency_ms=0.7329
[2026-04-29T20:07:14] METRIC cpu_util_pct=10.94
[2026-04-29T20:07:14] RUN_END status=OK
[2026-04-29T20:11:25] RUN_START run_id=SDO_uDCN_132
[2026-04-29T20:11:25] PARAM implementation=uDCN
[2026-04-29T20:11:25] PARAM workload_type=SDO
[2026-04-29T20:11:25] PARAM test_link=LI_10GbE_aggregation_backhaul
[2026-04-29T20:11:25] METRIC object_size_bytes=1726.2
[2026-04-29T20:11:25] METRIC link_bandwidth_gbps=10.0
[2026-04-29T20:11:25] METRIC throughput_gbps=4.4011
[2026-04-29T20:11:25] METRIC latency_ms=0.7703
[2026-04-29T20:11:25] METRIC cpu_util_pct=11.13
[2026-04-29T20:11:25] RUN_END status=OK
[2026-04-29T20:13:11] RUN_START run_id=SDO_uDCN_133
[2026-04-29T20:13:11] PARAM implementation=uDCN
[2026-04-29T20:13:11] PARAM workload_type=SDO
[2026-04-29T20:13:11] PARAM test_link=LI_10GbE_aggregation_backhaul
[2026-04-29T20:13:11] METRIC object_size_bytes=1976.1
[2026-04-29T20:13:11] METRIC link_bandwidth_gbps=10.0
[2026-04-29T20:13:11] METRIC throughput_gbps=4.6534
[2026-04-29T20:13:11] METRIC latency_ms=0.6867
[2026-04-29T20:13:11] METRIC cpu_util_pct=11.53
[2026-04-29T20:13:11] RUN_END status=OK
[2026-04-29T20:13:41] RUN_START run_id=SDO_uDCN_134
[2026-04-29T20:13:41] PARAM implementation=uDCN
[2026-04-29T20:13:41] PARAM workload_type=SDO
[2026-04-29T20:13:41] PARAM test_link=LI_10GbE_aggregation_backhaul
[2026-04-29T20:13:41] METRIC object_size_bytes=1985.8
[2026-04-29T20:13:41] METRIC link_bandwidth_gbps=10.0
[2026-04-29T20:13:41] METRIC throughput_gbps=4.3408
[2026-04-29T20:13:41] METRIC latency_ms=0.7612
[2026-04-29T20:13:41] METRIC cpu_util_pct=12.14
[2026-04-29T20:13:41] RUN_END status=OK
[2026-04-29T20:18:10] RUN_START run_id=SDO_uDCN_135
[2026-04-29T20:18:10] PARAM implementation=uDCN
[2026-04-29T20:18:10] PARAM workload_type=SDO
[2026-04-29T20:18:10] PARAM test_link=LI_10GbE_aggregation_backhaul
[2026-04-29T20:18:10] METRIC object_size_bytes=1710.3
[2026-04-29T20:18:10] METRIC link_bandwidth_gbps=10.0
[2026-04-29T20:18:10] METRIC throughput_gbps=4.4053
[2026-04-29T20:18:10] METRIC latency_ms=0.8973
[2026-04-29T20:18:10] METRIC cpu_util_pct=10.86
[2026-04-29T20:18:10] RUN_END status=OK
[2026-04-29T20:20:20] RUN_START run_id=SDO_uDCN_136
[2026-04-29T20:20:20] PARAM implementation=uDCN
[2026-04-29T20:20:20] PARAM workload_type=SDO
[2026-04-29T20:20:20] PARAM test_link=LI_10GbE_aggregation_backhaul
[2026-04-29T20:20:20] METRIC object_size_bytes=1280.5
[2026-04-29T20:20:20] METRIC link_bandwidth_gbps=10.0
[2026-04-29T20:20:20] METRIC throughput_gbps=4.8958
[2026-04-29T20:20:20] METRIC latency_ms=0.8079
[2026-04-29T20:20:20] METRIC cpu_util_pct=11.7
[2026-04-29T20:20:20] RUN_END status=OK
[2026-04-29T20:22:11] RUN_START run_id=SDO_uDCN_137
[2026-04-29T20:22:11] PARAM implementation=uDCN
[2026-04-29T20:22:11] PARAM workload_type=SDO
[2026-04-29T20:22:11] PARAM test_link=LI_10GbE_aggregation_backhaul
[2026-04-29T20:22:11] METRIC object_size_bytes=321.5
[2026-04-29T20:22:11] METRIC link_bandwidth_gbps=10.0
[2026-04-29T20:22:11] METRIC throughput_gbps=4.7237
[2026-04-29T20:22:11] METRIC latency_ms=0.8587
[2026-04-29T20:22:11] METRIC cpu_util_pct=12.36
[2026-04-29T20:22:11] RUN_END status=OK
