[2026-06-13T16:20:42] RUN_START run_id=LDO_CCNlite_123
[2026-06-13T16:20:42] PARAM implementation=CCNlite
[2026-06-13T16:20:42] PARAM workload_type=LDO
[2026-06-13T16:20:42] PARAM test_link=LI_10GbE_aggregation_backhaul
[2026-06-13T16:20:42] METRIC object_size_bytes=4672263.2
[2026-06-13T16:20:42] METRIC link_bandwidth_gbps=10.0
[2026-06-13T16:20:42] METRIC throughput_gbps=2.7758
[2026-06-13T16:20:42] METRIC latency_ms=138.4974
[2026-06-13T16:20:42] METRIC cpu_util_pct=63.24
[2026-06-13T16:20:42] RUN_END status=OK
[2026-06-13T16:23:58] RUN_START run_id=LDO_CCNlite_124
[2026-06-13T16:23:58] PARAM implementation=CCNlite
[2026-06-13T16:23:58] PARAM workload_type=LDO
[2026-06-13T16:23:58] PARAM test_link=LI_10GbE_aggregation_backhaul
[2026-06-13T16:23:58] METRIC object_size_bytes=2730014.8
[2026-06-13T16:23:58] METRIC link_bandwidth_gbps=10.0
[2026-06-13T16:23:58] METRIC throughput_gbps=2.9058
[2026-06-13T16:23:58] METRIC latency_ms=127.4847
[2026-06-13T16:23:58] METRIC cpu_util_pct=69.56
[2026-06-13T16:23:58] RUN_END status=OK
[2026-06-13T16:24:28] RUN_START run_id=LDO_CCNlite_125
[2026-06-13T16:24:28] PARAM implementation=CCNlite
[2026-06-13T16:24:28] PARAM workload_type=LDO
[2026-06-13T16:24:28] PARAM test_link=LI_10GbE_aggregation_backhaul
[2026-06-13T16:24:28] METRIC object_size_bytes=3051217.9
[2026-06-13T16:24:28] METRIC link_bandwidth_gbps=10.0
[2026-06-13T16:24:28] METRIC throughput_gbps=2.6485
[2026-06-13T16:24:28] METRIC latency_ms=136.7982
[2026-06-13T16:24:28] METRIC cpu_util_pct=61.94
[2026-06-13T16:24:28] RUN_END status=OK
[2026-06-13T16:29:20] RUN_START run_id=LDO_CCNlite_126
[2026-06-13T16:29:20] PARAM implementation=CCNlite
[2026-06-13T16:29:20] PARAM workload_type=LDO
[2026-06-13T16:29:20] PARAM test_link=LI_10GbE_aggregation_backhaul
[2026-06-13T16:29:20] METRIC object_size_bytes=4539589.3
[2026-06-13T16:29:20] METRIC link_bandwidth_gbps=10.0
[2026-06-13T16:29:20] METRIC throughput_gbps=2.7896
[2026-06-13T16:29:20] METRIC latency_ms=140.0385
[2026-06-13T16:29:20] METRIC cpu_util_pct=64.61
[2026-06-13T16:29:20] RUN_END status=OK
[2026-06-13T16:31:40] RUN_START run_id=LDO_CCNlite_127
[2026-06-13T16:31:40] PARAM implementation=CCNlite
[2026-06-13T16:31:40] PARAM workload_type=LDO
[2026-06-13T16:31:40] PARAM test_link=LI_10GbE_aggregation_backhaul
[2026-06-13T16:31:40] METRIC object_size_bytes=3074232.6
[2026-06-13T16:31:40] METRIC link_bandwidth_gbps=10.0
[2026-06-13T16:31:40] METRIC throughput_gbps=2.8338
[2026-06-13T16:31:40] METRIC latency_ms=134.419
[2026-06-13T16:31:40] METRIC cpu_util_pct=60.56
[2026-06-13T16:31:40] RUN_END status=OK
[2026-06-13T16:33:22] RUN_START run_id=LDO_CCNlite_128
[2026-06-13T16:33:22] PARAM implementation=CCNlite
[2026-06-13T16:33:22] PARAM workload_type=LDO
[2026-06-13T16:33:22] PARAM test_link=LI_10GbE_aggregation_backhaul
[2026-06-13T16:33:22] METRIC object_size_bytes=2229583.1
[2026-06-13T16:33:22] METRIC link_bandwidth_gbps=10.0
[2026-06-13T16:33:22] METRIC throughput_gbps=2.561
[2026-06-13T16:33:22] METRIC latency_ms=141.9754
[2026-06-13T16:33:22] METRIC cpu_util_pct=62.16
[2026-06-13T16:33:22] RUN_END status=OK
[2026-06-13T16:34:25] RUN_START run_id=LDO_CCNlite_129
[2026-06-13T16:34:25] PARAM implementation=CCNlite
[2026-06-13T16:34:25] PARAM workload_type=LDO
[2026-06-13T16:34:25] PARAM test_link=LI_10GbE_aggregation_backhaul
[2026-06-13T16:34:25] METRIC object_size_bytes=2468911.4
[2026-06-13T16:34:25] METRIC link_bandwidth_gbps=10.0
[2026-06-13T16:34:25] METRIC throughput_gbps=2.7355
[2026-06-13T16:34:25] METRIC latency_ms=133.7171
[2026-06-13T16:34:25] METRIC cpu_util_pct=62.01
[2026-06-13T16:34:25] RUN_END status=OK
[2026-06-13T16:39:54] RUN_START run_id=LDO_CCNlite_130
[2026-06-13T16:39:54] PARAM implementation=CCNlite
[2026-06-13T16:39:54] PARAM workload_type=LDO
[2026-06-13T16:39:54] PARAM test_link=LI_10GbE_aggregation_backhaul
[2026-06-13T16:39:54] METRIC object_size_bytes=2249369.7
[2026-06-13T16:39:54] METRIC link_bandwidth_gbps=10.0
[2026-06-13T16:39:54] METRIC throughput_gbps=2.7931
[2026-06-13T16:39:54] METRIC latency_ms=127.1814
[2026-06-13T16:39:54] METRIC cpu_util_pct=67.46
[2026-06-13T16:39:54] RUN_END status=OK
[2026-06-13T16:41:08] RUN_START run_id=LDO_CCNlite_131
[2026-06-13T16:41:08] PARAM implementation=CCNlite
[2026-06-13T16:41:08] PARAM workload_type=LDO
[2026-06-13T16:41:08] PARAM test_link=LI_10GbE_aggregation_backhaul
[2026-06-13T16:41:08] METRIC object_size_bytes=2497506.5
[2026-06-13T16:41:08] METRIC link_bandwidth_gbps=10.0
[2026-06-13T16:41:08] METRIC throughput_gbps=2.8204
[2026-06-13T16:41:08] METRIC latency_ms=138.2584
[2026-06-13T16:41:08] METRIC cpu_util_pct=64.02
[2026-06-13T16:41:08] RUN_END status=OK
[2026-06-13T16:43:08] RUN_START run_id=LDO_CCNlite_132
[2026-06-13T16:43:08] PARAM implementation=CCNlite
[2026-06-13T16:43:08] PARAM workload_type=LDO
[2026-06-13T16:43:08] PARAM test_link=LI_10GbE_aggregation_backhaul
[2026-06-13T16:43:08] METRIC object_size_bytes=1975173.8
[2026-06-13T16:43:08] METRIC link_bandwidth_gbps=10.0
[2026-06-13T16:43:08] METRIC throughput_gbps=2.8116
[2026-06-13T16:43:08] METRIC latency_ms=132.3942
[2026-06-13T16:43:08] METRIC cpu_util_pct=62.61
[2026-06-13T16:43:08] RUN_END status=OK
[2026-06-13T16:45:01] RUN_START run_id=LDO_CCNlite_133
[2026-06-13T16:45:01] PARAM implementation=CCNlite
[2026-06-13T16:45:01] PARAM workload_type=LDO
[2026-06-13T16:45:01] PARAM test_link=LI_10GbE_aggregation_backhaul
[2026-06-13T16:45:01] METRIC object_size_bytes=1026685.2
[2026-06-13T16:45:01] METRIC link_bandwidth_gbps=10.0
[2026-06-13T16:45:01] METRIC throughput_gbps=2.7602
[2026-06-13T16:45:01] METRIC latency_ms=130.9605
[2026-06-13T16:45:01] METRIC cpu_util_pct=64.82
[2026-06-13T16:45:01] RUN_END status=OK
[2026-06-13T16:46:25] RUN_START run_id=LDO_CCNlite_134
[2026-06-13T16:46:25] PARAM implementation=CCNlite
[2026-06-13T16:46:25] PARAM workload_type=LDO
[2026-06-13T16:46:25] PARAM test_link=LI_10GbE_aggregation_backhaul
[2026-06-13T16:46:25] METRIC object_size_bytes=4701605.6
[2026-06-13T16:46:25] METRIC link_bandwidth_gbps=10.0
[2026-06-13T16:46:25] METRIC throughput_gbps=2.7713
[2026-06-13T16:46:25] METRIC latency_ms=124.6666
[2026-06-13T16:46:25] METRIC cpu_util_pct=63.16
[2026-06-13T16:46:25] RUN_END status=OK
[2026-06-13T16:49:07] RUN_START run_id=LDO_CCNlite_135
[2026-06-13T16:49:07] PARAM implementation=CCNlite
[2026-06-13T16:49:07] PARAM workload_type=LDO
[2026-06-13T16:49:07] PARAM test_link=LI_10GbE_aggregation_backhaul
[2026-06-13T16:49:07] METRIC object_size_bytes=3065822.0
[2026-06-13T16:49:07] METRIC link_bandwidth_gbps=10.0
[2026-06-13T16:49:07] METRIC throughput_gbps=2.7225
[2026-06-13T16:49:07] METRIC latency_ms=151.0401
[2026-06-13T16:49:07] METRIC cpu_util_pct=64.47
[2026-06-13T16:49:07] RUN_END status=OK
[2026-06-13T16:52:25] RUN_START run_id=LDO_CCNlite_136
[2026-06-13T16:52:25] PARAM implementation=CCNlite
[2026-06-13T16:52:25] PARAM workload_type=LDO
[2026-06-13T16:52:25] PARAM test_link=LI_10GbE_aggregation_backhaul
[2026-06-13T16:52:25] METRIC object_size_bytes=2489699.9
[2026-06-13T16:52:25] METRIC link_bandwidth_gbps=10.0
[2026-06-13T16:52:25] METRIC throughput_gbps=2.6921
[2026-06-13T16:52:25] METRIC latency_ms=118.5308
[2026-06-13T16:52:25] METRIC cpu_util_pct=63.92
[2026-06-13T16:52:25] RUN_END status=OK
[2026-06-13T16:54:28] RUN_START run_id=LDO_CCNlite_137
[2026-06-13T16:54:28] PARAM implementation=CCNlite
[2026-06-13T16:54:28] PARAM workload_type=LDO
[2026-06-13T16:54:28] PARAM test_link=LI_10GbE_aggregation_backhaul
[2026-06-13T16:54:28] METRIC object_size_bytes=2511944.7
[2026-06-13T16:54:28] METRIC link_bandwidth_gbps=10.0
[2026-06-13T16:54:28] METRIC throughput_gbps=2.8121
[2026-06-13T16:54:28] METRIC latency_ms=132.6442
[2026-06-13T16:54:28] METRIC cpu_util_pct=64.36
[2026-06-13T16:54:28] RUN_END status=OK
[2026-06-13T16:57:58] RUN_START run_id=LDO_CCNlite_138
[2026-06-13T16:57:58] PARAM implementation=CCNlite
[2026-06-13T16:57:58] PARAM workload_type=LDO
[2026-06-13T16:57:58] PARAM test_link=LI_10GbE_aggregation_backhaul
[2026-06-13T16:57:58] METRIC object_size_bytes=3633964.7
[2026-06-13T16:57:58] METRIC link_bandwidth_gbps=10.0
[2026-06-13T16:57:58] METRIC throughput_gbps=2.6785
[2026-06-13T16:57:58] METRIC latency_ms=127.709
[2026-06-13T16:57:58] METRIC cpu_util_pct=62.51
[2026-06-13T16:57:58] RUN_END status=OK
[2026-06-13T17:03:53] RUN_START run_id=LDO_CCNlite_139
[2026-06-13T17:03:53] PARAM implementation=CCNlite
[2026-06-13T17:03:53] PARAM workload_type=LDO
[2026-06-13T17:03:53] PARAM test_link=LI_10GbE_aggregation_backhaul
[2026-06-13T17:03:53] METRIC object_size_bytes=3227193.1
[2026-06-13T17:03:53] METRIC link_bandwidth_gbps=10.0
[2026-06-13T17:03:53] METRIC throughput_gbps=2.6074
[2026-06-13T17:03:53] METRIC latency_ms=136.3518
[2026-06-13T17:03:53] METRIC cpu_util_pct=57.71
[2026-06-13T17:03:53] RUN_END status=OK
