[2026-05-13T13:20:13] RUN_START run_id=MDO_uDCN_004
[2026-05-13T13:20:13] PARAM implementation=uDCN
[2026-05-13T13:20:13] PARAM workload_type=MDO
[2026-05-13T13:20:13] PARAM test_link=LI_10GbE_aggregation_backhaul
[2026-05-13T13:20:13] METRIC object_size_bytes=266519.9
[2026-05-13T13:20:13] METRIC link_bandwidth_gbps=10.0
[2026-05-13T13:20:13] METRIC throughput_gbps=8.2059
[2026-05-13T13:20:13] METRIC latency_ms=11.7702
[2026-05-13T13:20:13] METRIC cpu_util_pct=17.05
[2026-05-13T13:20:13] RUN_END status=OK
[2026-05-13T13:23:37] RUN_START run_id=MDO_uDCN_005
[2026-05-13T13:23:37] PARAM implementation=uDCN
[2026-05-13T13:23:37] PARAM workload_type=MDO
[2026-05-13T13:23:37] PARAM test_link=LI_10GbE_aggregation_backhaul
[2026-05-13T13:23:37] METRIC object_size_bytes=373790.7
[2026-05-13T13:23:37] METRIC link_bandwidth_gbps=10.0
[2026-05-13T13:23:37] METRIC throughput_gbps=8.327
[2026-05-13T13:23:37] METRIC latency_ms=12.7813
[2026-05-13T13:23:37] METRIC cpu_util_pct=19.01
[2026-05-13T13:23:37] RUN_END status=OK
[2026-05-13T13:25:15] RUN_START run_id=MDO_uDCN_006
[2026-05-13T13:25:15] PARAM implementation=uDCN
[2026-05-13T13:25:15] PARAM workload_type=MDO
[2026-05-13T13:25:15] PARAM test_link=LI_10GbE_aggregation_backhaul
[2026-05-13T13:25:15] METRIC object_size_bytes=428063.7
[2026-05-13T13:25:15] METRIC link_bandwidth_gbps=10.0
[2026-05-13T13:25:15] METRIC throughput_gbps=8.6719
[2026-05-13T13:25:15] METRIC latency_ms=11.3519
[2026-05-13T13:25:15] METRIC cpu_util_pct=17.95
[2026-05-13T13:25:15] RUN_END status=OK
[2026-05-13T13:25:57] RUN_START run_id=MDO_uDCN_007
[2026-05-13T13:25:57] PARAM implementation=uDCN
[2026-05-13T13:25:57] PARAM workload_type=MDO
[2026-05-13T13:25:57] PARAM test_link=LI_10GbE_aggregation_backhaul
[2026-05-13T13:25:57] METRIC object_size_bytes=300985.7
[2026-05-13T13:25:57] METRIC link_bandwidth_gbps=10.0
[2026-05-13T13:25:57] METRIC throughput_gbps=8.4576
[2026-05-13T13:25:57] METRIC latency_ms=13.4336
[2026-05-13T13:25:57] METRIC cpu_util_pct=17.41
[2026-05-13T13:25:57] RUN_END status=OK
[2026-05-13T13:27:00] RUN_START run_id=MDO_uDCN_008
[2026-05-13T13:27:00] PARAM implementation=uDCN
[2026-05-13T13:27:00] PARAM workload_type=MDO
[2026-05-13T13:27:00] PARAM test_link=LI_10GbE_aggregation_backhaul
[2026-05-13T13:27:00] METRIC object_size_bytes=77136.9
[2026-05-13T13:27:00] METRIC link_bandwidth_gbps=10.0
[2026-05-13T13:27:00] METRIC throughput_gbps=8.6923
[2026-05-13T13:27:00] METRIC latency_ms=13.8284
[2026-05-13T13:27:00] METRIC cpu_util_pct=18.66
[2026-05-13T13:27:00] RUN_END status=OK
[2026-05-13T13:29:21] RUN_START run_id=MDO_uDCN_009
[2026-05-13T13:29:21] PARAM implementation=uDCN
[2026-05-13T13:29:21] PARAM workload_type=MDO
[2026-05-13T13:29:21] PARAM test_link=LI_10GbE_aggregation_backhaul
[2026-05-13T13:29:21] METRIC object_size_bytes=276662.8
[2026-05-13T13:29:21] METRIC link_bandwidth_gbps=10.0
[2026-05-13T13:29:21] METRIC throughput_gbps=8.6975
[2026-05-13T13:29:21] METRIC latency_ms=12.1453
[2026-05-13T13:29:21] METRIC cpu_util_pct=18.5
[2026-05-13T13:29:21] RUN_END status=OK
[2026-05-13T13:31:24] RUN_START run_id=MDO_uDCN_010
[2026-05-13T13:31:24] PARAM implementation=uDCN
[2026-05-13T13:31:24] PARAM workload_type=MDO
[2026-05-13T13:31:24] PARAM test_link=LI_10GbE_aggregation_backhaul
[2026-05-13T13:31:24] METRIC object_size_bytes=72445.1
[2026-05-13T13:31:24] METRIC link_bandwidth_gbps=10.0
[2026-05-13T13:31:24] METRIC throughput_gbps=7.7661
[2026-05-13T13:31:24] METRIC latency_ms=12.1196
[2026-05-13T13:31:24] METRIC cpu_util_pct=17.19
[2026-05-13T13:31:24] RUN_END status=OK
[2026-05-13T13:33:43] RUN_START run_id=MDO_uDCN_011
[2026-05-13T13:33:43] PARAM implementation=uDCN
[2026-05-13T13:33:43] PARAM workload_type=MDO
[2026-05-13T13:33:43] PARAM test_link=LI_10GbE_aggregation_backhaul
[2026-05-13T13:33:43] METRIC object_size_bytes=390634.1
[2026-05-13T13:33:43] METRIC link_bandwidth_gbps=10.0
[2026-05-13T13:33:43] METRIC throughput_gbps=8.215
[2026-05-13T13:33:43] METRIC latency_ms=12.572
[2026-05-13T13:33:43] METRIC cpu_util_pct=17.97
[2026-05-13T13:33:43] RUN_END status=OK
[2026-05-13T13:38:03] RUN_START run_id=MDO_uDCN_012
[2026-05-13T13:38:03] PARAM implementation=uDCN
[2026-05-13T13:38:03] PARAM workload_type=MDO
[2026-05-13T13:38:03] PARAM test_link=LI_10GbE_aggregation_backhaul
[2026-05-13T13:38:03] METRIC object_size_bytes=328862.9
[2026-05-13T13:38:03] METRIC link_bandwidth_gbps=10.0
[2026-05-13T13:38:03] METRIC throughput_gbps=8.1316
[2026-05-13T13:38:03] METRIC latency_ms=11.8043
[2026-05-13T13:38:03] METRIC cpu_util_pct=15.87
[2026-05-13T13:38:03] RUN_END status=OK
[2026-05-13T13:41:12] RUN_START run_id=MDO_uDCN_013
[2026-05-13T13:41:12] PARAM implementation=uDCN
[2026-05-13T13:41:12] PARAM workload_type=MDO
[2026-05-13T13:41:12] PARAM test_link=LI_10GbE_aggregation_backhaul
[2026-05-13T13:41:12] METRIC object_size_bytes=325948.6
[2026-05-13T13:41:12] METRIC link_bandwidth_gbps=10.0
[2026-05-13T13:41:12] METRIC throughput_gbps=8.3464
[2026-05-13T13:41:12] METRIC latency_ms=13.275
[2026-05-13T13:41:12] METRIC cpu_util_pct=17.98
[2026-05-13T13:41:12] RUN_END status=OK
[2026-05-13T13:43:11] RUN_START run_id=MDO_uDCN_014
[2026-05-13T13:43:11] PARAM implementation=uDCN
[2026-05-13T13:43:11] PARAM workload_type=MDO
[2026-05-13T13:43:11] PARAM test_link=LI_10GbE_aggregation_backhaul
[2026-05-13T13:43:11] METRIC object_size_bytes=188735.7
[2026-05-13T13:43:11] METRIC link_bandwidth_gbps=10.0
[2026-05-13T13:43:11] METRIC throughput_gbps=8.4471
[2026-05-13T13:43:11] METRIC latency_ms=12.1067
[2026-05-13T13:43:11] METRIC cpu_util_pct=19.45
[2026-05-13T13:43:11] RUN_END status=OK
