[2026-04-20T05:45:55] RUN_START run_id=MDO_NFD_140
[2026-04-20T05:45:55] PARAM implementation=NFD
[2026-04-20T05:45:55] PARAM workload_type=MDO
[2026-04-20T05:45:55] PARAM test_link=LI_10GbE_aggregation_backhaul
[2026-04-20T05:45:55] METRIC object_size_bytes=497744.1
[2026-04-20T05:45:55] METRIC link_bandwidth_gbps=10.0
[2026-04-20T05:45:55] METRIC throughput_gbps=2.8986
[2026-04-20T05:45:55] METRIC latency_ms=16.0578
[2026-04-20T05:45:55] METRIC cpu_util_pct=54.6
[2026-04-20T05:45:55] RUN_END status=OK
[2026-04-20T05:47:51] RUN_START run_id=MDO_NFD_141
[2026-04-20T05:47:51] PARAM implementation=NFD
[2026-04-20T05:47:51] PARAM workload_type=MDO
[2026-04-20T05:47:51] PARAM test_link=LI_10GbE_aggregation_backhaul
[2026-04-20T05:47:51] METRIC object_size_bytes=118316.1
[2026-04-20T05:47:51] METRIC link_bandwidth_gbps=10.0
[2026-04-20T05:47:51] METRIC throughput_gbps=2.8276
[2026-04-20T05:47:51] METRIC latency_ms=17.9423
[2026-04-20T05:47:51] METRIC cpu_util_pct=51.41
[2026-04-20T05:47:51] RUN_END status=OK
[2026-04-20T05:49:07] RUN_START run_id=MDO_NFD_142
[2026-04-20T05:49:07] PARAM implementation=NFD
[2026-04-20T05:49:07] PARAM workload_type=MDO
[2026-04-20T05:49:07] PARAM test_link=LI_10GbE_aggregation_backhaul
[2026-04-20T05:49:07] METRIC object_size_bytes=195872.6
[2026-04-20T05:49:07] METRIC link_bandwidth_gbps=10.0
[2026-04-20T05:49:07] METRIC throughput_gbps=2.7367
[2026-04-20T05:49:07] METRIC latency_ms=15.9611
[2026-04-20T05:49:07] METRIC cpu_util_pct=50.47
[2026-04-20T05:49:07] RUN_END status=OK
[2026-04-20T05:50:17] RUN_START run_id=MDO_NFD_143
[2026-04-20T05:50:17] PARAM implementation=NFD
[2026-04-20T05:50:17] PARAM workload_type=MDO
[2026-04-20T05:50:17] PARAM test_link=LI_10GbE_aggregation_backhaul
[2026-04-20T05:50:17] METRIC object_size_bytes=167988.9
[2026-04-20T05:50:17] METRIC link_bandwidth_gbps=10.0
[2026-04-20T05:50:17] METRIC throughput_gbps=2.5179
[2026-04-20T05:50:17] METRIC latency_ms=16.507
[2026-04-20T05:50:17] METRIC cpu_util_pct=55.17
[2026-04-20T05:50:17] RUN_END status=OK
[2026-04-20T05:53:05] RUN_START run_id=MDO_NFD_144
[2026-04-20T05:53:05] PARAM implementation=NFD
[2026-04-20T05:53:05] PARAM workload_type=MDO
[2026-04-20T05:53:05] PARAM test_link=LI_10GbE_aggregation_backhaul
[2026-04-20T05:53:05] METRIC object_size_bytes=471621.3
[2026-04-20T05:53:05] METRIC link_bandwidth_gbps=10.0
[2026-04-20T05:53:05] METRIC throughput_gbps=2.7562
[2026-04-20T05:53:05] METRIC latency_ms=16.088
[2026-04-20T05:53:05] METRIC cpu_util_pct=54.11
[2026-04-20T05:53:05] RUN_END status=OK
[2026-04-20T05:55:42] RUN_START run_id=MDO_NFD_145
[2026-04-20T05:55:42] PARAM implementation=NFD
[2026-04-20T05:55:42] PARAM workload_type=MDO
[2026-04-20T05:55:42] PARAM test_link=LI_10GbE_aggregation_backhaul
[2026-04-20T05:55:42] METRIC object_size_bytes=293700.9
[2026-04-20T05:55:42] METRIC link_bandwidth_gbps=10.0
[2026-04-20T05:55:42] METRIC throughput_gbps=2.7784
[2026-04-20T05:55:42] METRIC latency_ms=17.9065
[2026-04-20T05:55:42] METRIC cpu_util_pct=52.0
[2026-04-20T05:55:42] RUN_END status=OK
[2026-04-20T05:57:47] RUN_START run_id=MDO_NFD_146
[2026-04-20T05:57:47] PARAM implementation=NFD
[2026-04-20T05:57:47] PARAM workload_type=MDO
[2026-04-20T05:57:47] PARAM test_link=LI_10GbE_aggregation_backhaul
[2026-04-20T05:57:47] METRIC object_size_bytes=279391.5
[2026-04-20T05:57:47] METRIC link_bandwidth_gbps=10.0
[2026-04-20T05:57:47] METRIC throughput_gbps=2.7633
[2026-04-20T05:57:47] METRIC latency_ms=16.7384
[2026-04-20T05:57:47] METRIC cpu_util_pct=49.52
[2026-04-20T05:57:47] RUN_END status=OK
[2026-04-20T06:00:21] RUN_START run_id=MDO_NFD_147
[2026-04-20T06:00:21] PARAM implementation=NFD
[2026-04-20T06:00:21] PARAM workload_type=MDO
[2026-04-20T06:00:21] PARAM test_link=LI_10GbE_aggregation_backhaul
[2026-04-20T06:00:21] METRIC object_size_bytes=473386.3
[2026-04-20T06:00:21] METRIC link_bandwidth_gbps=10.0
[2026-04-20T06:00:21] METRIC throughput_gbps=2.9849
[2026-04-20T06:00:21] METRIC latency_ms=16.6795
[2026-04-20T06:00:21] METRIC cpu_util_pct=59.16
[2026-04-20T06:00:21] RUN_END status=OK
[2026-04-20T06:00:38] RUN_START run_id=MDO_NFD_148
[2026-04-20T06:00:38] PARAM implementation=NFD
[2026-04-20T06:00:38] PARAM workload_type=MDO
[2026-04-20T06:00:38] PARAM test_link=LI_10GbE_aggregation_backhaul
[2026-04-20T06:00:38] METRIC object_size_bytes=425332.2
[2026-04-20T06:00:38] METRIC link_bandwidth_gbps=10.0
[2026-04-20T06:00:38] METRIC throughput_gbps=2.8551
[2026-04-20T06:00:38] METRIC latency_ms=16.9379
[2026-04-20T06:00:38] METRIC cpu_util_pct=56.0
[2026-04-20T06:00:38] RUN_END status=OK
[2026-04-20T06:03:31] RUN_START run_id=MDO_NFD_149
[2026-04-20T06:03:31] PARAM implementation=NFD
[2026-04-20T06:03:31] PARAM workload_type=MDO
[2026-04-20T06:03:31] PARAM test_link=LI_10GbE_aggregation_backhaul
[2026-04-20T06:03:31] METRIC object_size_bytes=150551.7
[2026-04-20T06:03:31] METRIC link_bandwidth_gbps=10.0
[2026-04-20T06:03:31] METRIC throughput_gbps=2.7411
[2026-04-20T06:03:31] METRIC latency_ms=15.349
[2026-04-20T06:03:31] METRIC cpu_util_pct=53.58
[2026-04-20T06:03:31] RUN_END status=OK
[2026-04-20T06:05:31] RUN_START run_id=MDO_NFD_150
[2026-04-20T06:05:31] PARAM implementation=NFD
[2026-04-20T06:05:31] PARAM workload_type=MDO
[2026-04-20T06:05:31] PARAM test_link=LI_10GbE_aggregation_backhaul
[2026-04-20T06:05:31] METRIC object_size_bytes=257013.1
[2026-04-20T06:05:31] METRIC link_bandwidth_gbps=10.0
[2026-04-20T06:05:31] METRIC throughput_gbps=2.7303
[2026-04-20T06:05:31] METRIC latency_ms=16.1677
[2026-04-20T06:05:31] METRIC cpu_util_pct=52.23
[2026-04-20T06:05:31] RUN_END status=OK
[2026-04-21T20:39:15] RUN_START run_id=SDO_PythonNDN_064
[2026-04-21T20:39:15] PARAM implementation=PythonNDN
[2026-04-21T20:39:15] PARAM workload_type=SDO
[2026-04-21T20:39:15] PARAM test_link=LI_10GbE_aggregation_backhaul
[2026-04-21T20:39:15] METRIC object_size_bytes=1423.6
[2026-04-21T20:39:15] METRIC link_bandwidth_gbps=10.0
[2026-04-21T20:39:15] METRIC throughput_gbps=0.3735
[2026-04-21T20:39:15] METRIC latency_ms=3.312
[2026-04-21T20:39:15] METRIC cpu_util_pct=84.09
[2026-04-21T20:39:15] RUN_END status=OK
[2026-04-21T20:41:39] RUN_START run_id=SDO_PythonNDN_065
[2026-04-21T20:41:39] PARAM implementation=PythonNDN
[2026-04-21T20:41:39] PARAM workload_type=SDO
[2026-04-21T20:41:39] PARAM test_link=LI_10GbE_aggregation_backhaul
[2026-04-21T20:41:39] METRIC object_size_bytes=1207.1
[2026-04-21T20:41:39] METRIC link_bandwidth_gbps=10.0
[2026-04-21T20:41:39] METRIC throughput_gbps=0.3959
[2026-04-21T20:41:39] METRIC latency_ms=2.9895
[2026-04-21T20:41:39] METRIC cpu_util_pct=77.99
[2026-04-21T20:41:39] RUN_END status=OK
[2026-04-21T20:45:34] RUN_START run_id=SDO_PythonNDN_066
[2026-04-21T20:45:34] PARAM implementation=PythonNDN
[2026-04-21T20:45:34] PARAM workload_type=SDO
[2026-04-21T20:45:34] PARAM test_link=LI_10GbE_aggregation_backhaul
[2026-04-21T20:45:34] METRIC object_size_bytes=241.0
[2026-04-21T20:45:34] METRIC link_bandwidth_gbps=10.0
[2026-04-21T20:45:34] METRIC throughput_gbps=0.3842
[2026-04-21T20:45:34] METRIC latency_ms=3.208
[2026-04-21T20:45:34] METRIC cpu_util_pct=80.89
[2026-04-21T20:45:34] RUN_END status=OK
