[2026-09-23T07:40:11] RUN_START run_id=EDGE_CCNlite_069
[2026-09-23T07:40:11] PARAM implementation=CCNlite
[2026-09-23T07:40:11] PARAM device=RaspberryPi4B_4GB
[2026-09-23T07:40:11] PARAM nic=ASIX_AX88179_USB3_GbE
[2026-09-23T07:40:11] METRIC memory_mb=27.85
[2026-09-23T07:40:11] METRIC cpu_util_pct=44.11
[2026-09-23T07:40:11] METRIC startup_time_s=0.714
[2026-09-23T07:40:11] METRIC throughput_mbps=259.99
[2026-09-23T07:40:11] RUN_END status=OK
[2026-09-23T07:43:52] RUN_START run_id=EDGE_CCNlite_070
[2026-09-23T07:43:52] PARAM implementation=CCNlite
[2026-09-23T07:43:52] PARAM device=RaspberryPi4B_4GB
[2026-09-23T07:43:52] PARAM nic=ASIX_AX88179_USB3_GbE
[2026-09-23T07:43:52] METRIC memory_mb=26.48
[2026-09-23T07:43:52] METRIC cpu_util_pct=50.16
[2026-09-23T07:43:52] METRIC startup_time_s=0.703
[2026-09-23T07:43:52] METRIC throughput_mbps=287.93
[2026-09-23T07:43:52] RUN_END status=OK
[2026-09-23T07:44:15] RUN_START run_id=EDGE_CCNlite_071
[2026-09-23T07:44:15] PARAM implementation=CCNlite
[2026-09-23T07:44:15] PARAM device=RaspberryPi4B_4GB
[2026-09-23T07:44:15] PARAM nic=ASIX_AX88179_USB3_GbE
[2026-09-23T07:44:15] METRIC memory_mb=29.76
[2026-09-23T07:44:15] METRIC cpu_util_pct=48.22
[2026-09-23T07:44:15] METRIC startup_time_s=0.685
[2026-09-23T07:44:15] METRIC throughput_mbps=255.32
[2026-09-23T07:44:15] RUN_END status=OK
[2026-09-23T07:45:19] RUN_START run_id=EDGE_CCNlite_072
[2026-09-23T07:45:19] PARAM implementation=CCNlite
[2026-09-23T07:45:19] PARAM device=RaspberryPi4B_4GB
[2026-09-23T07:45:19] PARAM nic=ASIX_AX88179_USB3_GbE
[2026-09-23T07:45:19] METRIC memory_mb=28.91
[2026-09-23T07:45:19] METRIC cpu_util_pct=48.65
[2026-09-23T07:45:19] METRIC startup_time_s=0.653
[2026-09-23T07:45:19] METRIC throughput_mbps=272.07
[2026-09-23T07:45:19] RUN_END status=OK
[2026-09-23T07:50:02] RUN_START run_id=EDGE_CCNlite_073
[2026-09-23T07:50:02] PARAM implementation=CCNlite
[2026-09-23T07:50:02] PARAM device=RaspberryPi4B_4GB
[2026-09-23T07:50:02] PARAM nic=ASIX_AX88179_USB3_GbE
[2026-09-23T07:50:02] METRIC memory_mb=30.03
[2026-09-23T07:50:02] METRIC cpu_util_pct=42.17
[2026-09-23T07:50:02] METRIC startup_time_s=0.703
[2026-09-23T07:50:02] METRIC throughput_mbps=263.93
[2026-09-23T07:50:02] RUN_END status=OK
[2026-09-23T07:50:49] RUN_START run_id=EDGE_CCNlite_074
[2026-09-23T07:50:49] PARAM implementation=CCNlite
[2026-09-23T07:50:49] PARAM device=RaspberryPi4B_4GB
[2026-09-23T07:50:49] PARAM nic=ASIX_AX88179_USB3_GbE
[2026-09-23T07:50:49] METRIC memory_mb=27.19
[2026-09-23T07:50:49] METRIC cpu_util_pct=43.02
[2026-09-23T07:50:49] METRIC startup_time_s=0.74
[2026-09-23T07:50:49] METRIC throughput_mbps=285.29
[2026-09-23T07:50:49] RUN_END status=OK
[2026-09-23T07:52:05] RUN_START run_id=EDGE_CCNlite_075
[2026-09-23T07:52:05] PARAM implementation=CCNlite
[2026-09-23T07:52:05] PARAM device=RaspberryPi4B_4GB
[2026-09-23T07:52:05] PARAM nic=ASIX_AX88179_USB3_GbE
[2026-09-23T07:52:05] METRIC memory_mb=27.94
[2026-09-23T07:52:05] METRIC cpu_util_pct=48.59
[2026-09-23T07:52:05] METRIC startup_time_s=0.747
[2026-09-23T07:52:05] METRIC throughput_mbps=283.21
[2026-09-23T07:52:05] RUN_END status=OK
[2026-09-23T07:53:50] RUN_START run_id=EDGE_CCNlite_076
[2026-09-23T07:53:50] PARAM implementation=CCNlite
[2026-09-23T07:53:50] PARAM device=RaspberryPi4B_4GB
[2026-09-23T07:53:50] PARAM nic=ASIX_AX88179_USB3_GbE
[2026-09-23T07:53:50] METRIC memory_mb=27.37
[2026-09-23T07:53:50] METRIC cpu_util_pct=47.49
[2026-09-23T07:53:50] METRIC startup_time_s=0.863
[2026-09-23T07:53:50] METRIC throughput_mbps=273.12
[2026-09-23T07:53:50] RUN_END status=OK
[2026-09-23T07:54:57] RUN_START run_id=EDGE_CCNlite_077
[2026-09-23T07:54:57] PARAM implementation=CCNlite
[2026-09-23T07:54:57] PARAM device=RaspberryPi4B_4GB
[2026-09-23T07:54:57] PARAM nic=ASIX_AX88179_USB3_GbE
[2026-09-23T07:54:57] METRIC memory_mb=27.55
[2026-09-23T07:54:57] METRIC cpu_util_pct=43.13
[2026-09-23T07:54:57] METRIC startup_time_s=0.679
[2026-09-23T07:54:57] METRIC throughput_mbps=286.44
[2026-09-23T07:54:57] RUN_END status=OK
[2026-09-23T20:07:10] RUN_START run_id=EDGE_uDCN_150
[2026-09-23T20:07:10] PARAM implementation=uDCN
[2026-09-23T20:07:10] PARAM device=RaspberryPi4B_4GB
[2026-09-23T20:07:10] PARAM nic=ASIX_AX88179_USB3_GbE
[2026-09-23T20:07:10] METRIC memory_mb=42.31
[2026-09-23T20:07:10] METRIC cpu_util_pct=17.56
[2026-09-23T20:07:10] METRIC startup_time_s=1.11
[2026-09-23T20:07:10] METRIC throughput_mbps=847.47
[2026-09-23T20:07:10] RUN_END status=OK
[2026-09-24T13:13:44] RUN_START run_id=EDGE_CCNlite_078
[2026-09-24T13:13:44] PARAM implementation=CCNlite
[2026-09-24T13:13:44] PARAM device=RaspberryPi4B_4GB
[2026-09-24T13:13:44] PARAM nic=ASIX_AX88179_USB3_GbE
[2026-09-24T13:13:44] METRIC memory_mb=27.72
[2026-09-24T13:13:44] METRIC cpu_util_pct=43.92
[2026-09-24T13:13:44] METRIC startup_time_s=0.715
[2026-09-24T13:13:44] METRIC throughput_mbps=279.77
[2026-09-24T13:13:44] RUN_END status=OK
[2026-09-24T13:15:42] RUN_START run_id=EDGE_CCNlite_079
[2026-09-24T13:15:42] PARAM implementation=CCNlite
[2026-09-24T13:15:42] PARAM device=RaspberryPi4B_4GB
[2026-09-24T13:15:42] PARAM nic=ASIX_AX88179_USB3_GbE
[2026-09-24T13:15:42] METRIC memory_mb=28.07
[2026-09-24T13:15:42] METRIC cpu_util_pct=48.64
[2026-09-24T13:15:42] METRIC startup_time_s=0.684
[2026-09-24T13:15:42] METRIC throughput_mbps=264.41
[2026-09-24T13:15:42] RUN_END status=OK
[2026-09-24T13:16:45] RUN_START run_id=EDGE_CCNlite_080
[2026-09-24T13:16:45] PARAM implementation=CCNlite
[2026-09-24T13:16:45] PARAM device=RaspberryPi4B_4GB
[2026-09-24T13:16:45] PARAM nic=ASIX_AX88179_USB3_GbE
[2026-09-24T13:16:45] METRIC memory_mb=27.78
[2026-09-24T13:16:45] METRIC cpu_util_pct=47.77
[2026-09-24T13:16:45] METRIC startup_time_s=0.803
[2026-09-24T13:16:45] METRIC throughput_mbps=286.55
[2026-09-24T13:16:45] RUN_END status=OK
[2026-09-24T13:19:16] RUN_START run_id=EDGE_CCNlite_081
[2026-09-24T13:19:16] PARAM implementation=CCNlite
[2026-09-24T13:19:16] PARAM device=RaspberryPi4B_4GB
[2026-09-24T13:19:16] PARAM nic=ASIX_AX88179_USB3_GbE
[2026-09-24T13:19:16] METRIC memory_mb=29.81
[2026-09-24T13:19:16] METRIC cpu_util_pct=48.04
[2026-09-24T13:19:16] METRIC startup_time_s=0.728
[2026-09-24T13:19:16] METRIC throughput_mbps=260.42
[2026-09-24T13:19:16] RUN_END status=OK
[2026-09-24T13:24:40] RUN_START run_id=EDGE_CCNlite_082
[2026-09-24T13:24:40] PARAM implementation=CCNlite
[2026-09-24T13:24:40] PARAM device=RaspberryPi4B_4GB
[2026-09-24T13:24:40] PARAM nic=ASIX_AX88179_USB3_GbE
[2026-09-24T13:24:40] METRIC memory_mb=29.42
[2026-09-24T13:24:40] METRIC cpu_util_pct=48.51
[2026-09-24T13:24:40] METRIC startup_time_s=0.736
[2026-09-24T13:24:40] METRIC throughput_mbps=293.08
[2026-09-24T13:24:40] RUN_END status=OK
[2026-09-24T13:25:31] RUN_START run_id=EDGE_CCNlite_083
[2026-09-24T13:25:31] PARAM implementation=CCNlite
[2026-09-24T13:25:31] PARAM device=RaspberryPi4B_4GB
[2026-09-24T13:25:31] PARAM nic=ASIX_AX88179_USB3_GbE
[2026-09-24T13:25:31] METRIC memory_mb=29.55
[2026-09-24T13:25:31] METRIC cpu_util_pct=46.61
[2026-09-24T13:25:31] METRIC startup_time_s=0.736
[2026-09-24T13:25:31] METRIC throughput_mbps=271.57
[2026-09-24T13:25:31] RUN_END status=OK
[2026-09-24T13:26:12] RUN_START run_id=EDGE_CCNlite_084
[2026-09-24T13:26:12] PARAM implementation=CCNlite
[2026-09-24T13:26:12] PARAM device=RaspberryPi4B_4GB
[2026-09-24T13:26:12] PARAM nic=ASIX_AX88179_USB3_GbE
[2026-09-24T13:26:12] METRIC memory_mb=28.16
[2026-09-24T13:26:12] METRIC cpu_util_pct=47.05
[2026-09-24T13:26:12] METRIC startup_time_s=0.692
[2026-09-24T13:26:12] METRIC throughput_mbps=268.22
[2026-09-24T13:26:12] RUN_END status=OK
[2026-09-24T13:29:00] RUN_START run_id=EDGE_CCNlite_085
[2026-09-24T13:29:00] PARAM implementation=CCNlite
[2026-09-24T13:29:00] PARAM device=RaspberryPi4B_4GB
[2026-09-24T13:29:00] PARAM nic=ASIX_AX88179_USB3_GbE
[2026-09-24T13:29:00] METRIC memory_mb=29.02
[2026-09-24T13:29:00] METRIC cpu_util_pct=48.04
[2026-09-24T13:29:00] METRIC startup_time_s=0.672
[2026-09-24T13:29:00] METRIC throughput_mbps=286.2
[2026-09-24T13:29:00] RUN_END status=OK
