[2026-09-14T00:30:47] RUN_START run_id=EDGE_PythonNDN_056
[2026-09-14T00:30:47] PARAM implementation=PythonNDN
[2026-09-14T00:30:47] PARAM device=RaspberryPi4B_4GB
[2026-09-14T00:30:47] PARAM nic=ASIX_AX88179_USB3_GbE
[2026-09-14T00:30:47] METRIC memory_mb=173.22
[2026-09-14T00:30:47] METRIC cpu_util_pct=80.91
[2026-09-14T00:30:47] METRIC startup_time_s=5.696
[2026-09-14T00:30:47] METRIC throughput_mbps=88.78
[2026-09-14T00:30:47] RUN_END status=OK
[2026-09-14T00:32:23] RUN_START run_id=EDGE_PythonNDN_057
[2026-09-14T00:32:23] PARAM implementation=PythonNDN
[2026-09-14T00:32:23] PARAM device=RaspberryPi4B_4GB
[2026-09-14T00:32:23] PARAM nic=ASIX_AX88179_USB3_GbE
[2026-09-14T00:32:23] METRIC memory_mb=175.9
[2026-09-14T00:32:23] METRIC cpu_util_pct=81.56
[2026-09-14T00:32:23] METRIC startup_time_s=5.15
[2026-09-14T00:32:23] METRIC throughput_mbps=84.3
[2026-09-14T00:32:23] RUN_END status=OK
[2026-09-14T00:34:11] RUN_START run_id=EDGE_PythonNDN_058
[2026-09-14T00:34:11] PARAM implementation=PythonNDN
[2026-09-14T00:34:11] PARAM device=RaspberryPi4B_4GB
[2026-09-14T00:34:11] PARAM nic=ASIX_AX88179_USB3_GbE
[2026-09-14T00:34:11] METRIC memory_mb=171.76
[2026-09-14T00:34:11] METRIC cpu_util_pct=84.45
[2026-09-14T00:34:11] METRIC startup_time_s=4.815
[2026-09-14T00:34:11] METRIC throughput_mbps=90.22
[2026-09-14T00:34:11] RUN_END status=OK
[2026-09-14T00:36:11] RUN_START run_id=EDGE_PythonNDN_059
[2026-09-14T00:36:11] PARAM implementation=PythonNDN
[2026-09-14T00:36:11] PARAM device=RaspberryPi4B_4GB
[2026-09-14T00:36:11] PARAM nic=ASIX_AX88179_USB3_GbE
[2026-09-14T00:36:11] METRIC memory_mb=171.1
[2026-09-14T00:36:11] METRIC cpu_util_pct=81.57
[2026-09-14T00:36:11] METRIC startup_time_s=6.379
[2026-09-14T00:36:11] METRIC throughput_mbps=82.71
[2026-09-14T00:36:11] RUN_END status=OK
[2026-09-14T00:39:13] RUN_START run_id=EDGE_PythonNDN_060
[2026-09-14T00:39:13] PARAM implementation=PythonNDN
[2026-09-14T00:39:13] PARAM device=RaspberryPi4B_4GB
[2026-09-14T00:39:13] PARAM nic=ASIX_AX88179_USB3_GbE
[2026-09-14T00:39:13] METRIC memory_mb=178.71
[2026-09-14T00:39:13] METRIC cpu_util_pct=87.73
[2026-09-14T00:39:13] METRIC startup_time_s=5.806
[2026-09-14T00:39:13] METRIC throughput_mbps=84.5
[2026-09-14T00:39:13] RUN_END status=OK
[2026-09-14T00:41:01] RUN_START run_id=EDGE_PythonNDN_061
[2026-09-14T00:41:01] PARAM implementation=PythonNDN
[2026-09-14T00:41:01] PARAM device=RaspberryPi4B_4GB
[2026-09-14T00:41:01] PARAM nic=ASIX_AX88179_USB3_GbE
[2026-09-14T00:41:01] METRIC memory_mb=173.02
[2026-09-14T00:41:01] METRIC cpu_util_pct=76.65
[2026-09-14T00:41:01] METRIC startup_time_s=6.126
[2026-09-14T00:41:01] METRIC throughput_mbps=83.87
[2026-09-14T00:41:01] RUN_END status=OK
[2026-09-14T00:42:56] RUN_START run_id=EDGE_PythonNDN_062
[2026-09-14T00:42:56] PARAM implementation=PythonNDN
[2026-09-14T00:42:56] PARAM device=RaspberryPi4B_4GB
[2026-09-14T00:42:56] PARAM nic=ASIX_AX88179_USB3_GbE
[2026-09-14T00:42:56] METRIC memory_mb=174.05
[2026-09-14T00:42:56] METRIC cpu_util_pct=82.48
[2026-09-14T00:42:56] METRIC startup_time_s=5.62
[2026-09-14T00:42:56] METRIC throughput_mbps=87.53
[2026-09-14T00:42:56] RUN_END status=OK
[2026-09-14T00:48:30] RUN_START run_id=EDGE_PythonNDN_063
[2026-09-14T00:48:30] PARAM implementation=PythonNDN
[2026-09-14T00:48:30] PARAM device=RaspberryPi4B_4GB
[2026-09-14T00:48:30] PARAM nic=ASIX_AX88179_USB3_GbE
[2026-09-14T00:48:30] METRIC memory_mb=166.4
[2026-09-14T00:48:30] METRIC cpu_util_pct=84.33
[2026-09-14T00:48:30] METRIC startup_time_s=4.966
[2026-09-14T00:48:30] METRIC throughput_mbps=83.96
[2026-09-14T00:48:30] RUN_END status=OK
[2026-09-14T00:50:30] RUN_START run_id=EDGE_PythonNDN_064
[2026-09-14T00:50:30] PARAM implementation=PythonNDN
[2026-09-14T00:50:30] PARAM device=RaspberryPi4B_4GB
[2026-09-14T00:50:30] PARAM nic=ASIX_AX88179_USB3_GbE
[2026-09-14T00:50:30] METRIC memory_mb=183.78
[2026-09-14T00:50:30] METRIC cpu_util_pct=85.21
[2026-09-14T00:50:30] METRIC startup_time_s=5.473
[2026-09-14T00:50:30] METRIC throughput_mbps=82.64
[2026-09-14T00:50:30] RUN_END status=OK
[2026-09-14T23:50:19] RUN_START run_id=EDGE_PythonNDN_065
[2026-09-14T23:50:19] PARAM implementation=PythonNDN
[2026-09-14T23:50:19] PARAM device=RaspberryPi4B_4GB
[2026-09-14T23:50:19] PARAM nic=ASIX_AX88179_USB3_GbE
[2026-09-14T23:50:19] METRIC memory_mb=181.8
[2026-09-14T23:50:19] METRIC cpu_util_pct=79.51
[2026-09-14T23:50:19] METRIC startup_time_s=5.064
[2026-09-14T23:50:19] METRIC throughput_mbps=79.15
[2026-09-14T23:50:19] RUN_END status=OK
[2026-09-14T23:51:26] RUN_START run_id=EDGE_PythonNDN_066
[2026-09-14T23:51:26] PARAM implementation=PythonNDN
[2026-09-14T23:51:26] PARAM device=RaspberryPi4B_4GB
[2026-09-14T23:51:26] PARAM nic=ASIX_AX88179_USB3_GbE
[2026-09-14T23:51:26] METRIC memory_mb=161.61
[2026-09-14T23:51:26] METRIC cpu_util_pct=83.03
[2026-09-14T23:51:26] METRIC startup_time_s=5.676
[2026-09-14T23:51:26] METRIC throughput_mbps=86.5
[2026-09-14T23:51:26] RUN_END status=OK
[2026-09-14T23:53:06] RUN_START run_id=EDGE_PythonNDN_067
[2026-09-14T23:53:06] PARAM implementation=PythonNDN
[2026-09-14T23:53:06] PARAM device=RaspberryPi4B_4GB
[2026-09-14T23:53:06] PARAM nic=ASIX_AX88179_USB3_GbE
[2026-09-14T23:53:06] METRIC memory_mb=179.36
[2026-09-14T23:53:06] METRIC cpu_util_pct=79.28
[2026-09-14T23:53:06] METRIC startup_time_s=5.252
[2026-09-14T23:53:06] METRIC throughput_mbps=84.37
[2026-09-14T23:53:06] RUN_END status=OK
[2026-09-14T23:55:00] RUN_START run_id=EDGE_PythonNDN_068
[2026-09-14T23:55:00] PARAM implementation=PythonNDN
[2026-09-14T23:55:00] PARAM device=RaspberryPi4B_4GB
[2026-09-14T23:55:00] PARAM nic=ASIX_AX88179_USB3_GbE
[2026-09-14T23:55:00] METRIC memory_mb=178.65
[2026-09-14T23:55:00] METRIC cpu_util_pct=84.84
[2026-09-14T23:55:00] METRIC startup_time_s=5.523
[2026-09-14T23:55:00] METRIC throughput_mbps=89.76
[2026-09-14T23:55:00] RUN_END status=OK
[2026-09-15T00:00:21] RUN_START run_id=EDGE_PythonNDN_069
[2026-09-15T00:00:21] PARAM implementation=PythonNDN
[2026-09-15T00:00:21] PARAM device=RaspberryPi4B_4GB
[2026-09-15T00:00:21] PARAM nic=ASIX_AX88179_USB3_GbE
[2026-09-15T00:00:21] METRIC memory_mb=173.56
[2026-09-15T00:00:21] METRIC cpu_util_pct=83.9
[2026-09-15T00:00:21] METRIC startup_time_s=5.789
[2026-09-15T00:00:21] METRIC throughput_mbps=85.51
[2026-09-15T00:00:21] RUN_END status=OK
[2026-09-15T00:01:43] RUN_START run_id=EDGE_PythonNDN_070
[2026-09-15T00:01:43] PARAM implementation=PythonNDN
[2026-09-15T00:01:43] PARAM device=RaspberryPi4B_4GB
[2026-09-15T00:01:43] PARAM nic=ASIX_AX88179_USB3_GbE
[2026-09-15T00:01:43] METRIC memory_mb=180.28
[2026-09-15T00:01:43] METRIC cpu_util_pct=80.66
[2026-09-15T00:01:43] METRIC startup_time_s=4.58
[2026-09-15T00:01:43] METRIC throughput_mbps=78.6
[2026-09-15T00:01:43] RUN_END status=OK
[2026-09-15T00:04:24] RUN_START run_id=EDGE_PythonNDN_071
[2026-09-15T00:04:24] PARAM implementation=PythonNDN
[2026-09-15T00:04:24] PARAM device=RaspberryPi4B_4GB
[2026-09-15T00:04:24] PARAM nic=ASIX_AX88179_USB3_GbE
[2026-09-15T00:04:24] METRIC memory_mb=176.08
[2026-09-15T00:04:24] METRIC cpu_util_pct=84.75
[2026-09-15T00:04:24] METRIC startup_time_s=5.686
[2026-09-15T00:04:24] METRIC throughput_mbps=84.5
[2026-09-15T00:04:24] RUN_END status=OK
