[2026-09-16T21:26:52] RUN_START run_id=EDGE_PythonNDN_115
[2026-09-16T21:26:52] PARAM implementation=PythonNDN
[2026-09-16T21:26:52] PARAM device=RaspberryPi4B_4GB
[2026-09-16T21:26:52] PARAM nic=ASIX_AX88179_USB3_GbE
[2026-09-16T21:26:52] METRIC memory_mb=170.59
[2026-09-16T21:26:52] METRIC cpu_util_pct=86.52
[2026-09-16T21:26:52] METRIC startup_time_s=4.936
[2026-09-16T21:26:52] METRIC throughput_mbps=82.82
[2026-09-16T21:26:52] RUN_END status=OK
[2026-09-16T21:30:28] RUN_START run_id=EDGE_PythonNDN_116
[2026-09-16T21:30:28] PARAM implementation=PythonNDN
[2026-09-16T21:30:28] PARAM device=RaspberryPi4B_4GB
[2026-09-16T21:30:28] PARAM nic=ASIX_AX88179_USB3_GbE
[2026-09-16T21:30:28] METRIC memory_mb=178.78
[2026-09-16T21:30:28] METRIC cpu_util_pct=84.78
[2026-09-16T21:30:28] METRIC startup_time_s=5.165
[2026-09-16T21:30:28] METRIC throughput_mbps=90.64
[2026-09-16T21:30:28] RUN_END status=OK
[2026-09-17T02:30:25] RUN_START run_id=EDGE_NFD_053
[2026-09-17T02:30:25] PARAM implementation=NFD
[2026-09-17T02:30:25] PARAM device=RaspberryPi4B_4GB
[2026-09-17T02:30:25] PARAM nic=ASIX_AX88179_USB3_GbE
[2026-09-17T02:30:25] METRIC memory_mb=140.43
[2026-09-17T02:30:25] METRIC cpu_util_pct=65.31
[2026-09-17T02:30:25] METRIC startup_time_s=3.839
[2026-09-17T02:30:25] METRIC throughput_mbps=341.52
[2026-09-17T02:30:25] RUN_END status=OK
[2026-09-17T02:31:23] RUN_START run_id=EDGE_NFD_054
[2026-09-17T02:31:23] PARAM implementation=NFD
[2026-09-17T02:31:23] PARAM device=RaspberryPi4B_4GB
[2026-09-17T02:31:23] PARAM nic=ASIX_AX88179_USB3_GbE
[2026-09-17T02:31:23] METRIC memory_mb=135.69
[2026-09-17T02:31:23] METRIC cpu_util_pct=60.17
[2026-09-17T02:31:23] METRIC startup_time_s=3.869
[2026-09-17T02:31:23] METRIC throughput_mbps=303.04
[2026-09-17T02:31:23] RUN_END status=OK
[2026-09-17T02:32:57] RUN_START run_id=EDGE_NFD_055
[2026-09-17T02:32:57] PARAM implementation=NFD
[2026-09-17T02:32:57] PARAM device=RaspberryPi4B_4GB
[2026-09-17T02:32:57] PARAM nic=ASIX_AX88179_USB3_GbE
[2026-09-17T02:32:57] METRIC memory_mb=137.64
[2026-09-17T02:32:57] METRIC cpu_util_pct=61.16
[2026-09-17T02:32:57] METRIC startup_time_s=3.883
[2026-09-17T02:32:57] METRIC throughput_mbps=315.51
[2026-09-17T02:32:57] RUN_END status=OK
[2026-09-17T02:34:46] RUN_START run_id=EDGE_NFD_056
[2026-09-17T02:34:46] PARAM implementation=NFD
[2026-09-17T02:34:46] PARAM device=RaspberryPi4B_4GB
[2026-09-17T02:34:46] PARAM nic=ASIX_AX88179_USB3_GbE
[2026-09-17T02:34:46] METRIC memory_mb=139.53
[2026-09-17T02:34:46] METRIC cpu_util_pct=61.29
[2026-09-17T02:34:46] METRIC startup_time_s=3.672
[2026-09-17T02:34:46] METRIC throughput_mbps=316.41
[2026-09-17T02:34:46] RUN_END status=OK
[2026-09-17T02:36:54] RUN_START run_id=EDGE_NFD_057
[2026-09-17T02:36:54] PARAM implementation=NFD
[2026-09-17T02:36:54] PARAM device=RaspberryPi4B_4GB
[2026-09-17T02:36:54] PARAM nic=ASIX_AX88179_USB3_GbE
[2026-09-17T02:36:54] METRIC memory_mb=130.91
[2026-09-17T02:36:54] METRIC cpu_util_pct=63.12
[2026-09-17T02:36:54] METRIC startup_time_s=3.375
[2026-09-17T02:36:54] METRIC throughput_mbps=312.25
[2026-09-17T02:36:54] RUN_END status=OK
[2026-09-17T02:38:18] RUN_START run_id=EDGE_NFD_058
[2026-09-17T02:38:18] PARAM implementation=NFD
[2026-09-17T02:38:18] PARAM device=RaspberryPi4B_4GB
[2026-09-17T02:38:18] PARAM nic=ASIX_AX88179_USB3_GbE
[2026-09-17T02:38:18] METRIC memory_mb=136.85
[2026-09-17T02:38:18] METRIC cpu_util_pct=69.47
[2026-09-17T02:38:18] METRIC startup_time_s=3.817
[2026-09-17T02:38:18] METRIC throughput_mbps=333.3
[2026-09-17T02:38:18] RUN_END status=OK
[2026-09-17T02:42:08] RUN_START run_id=EDGE_NFD_059
[2026-09-17T02:42:08] PARAM implementation=NFD
[2026-09-17T02:42:08] PARAM device=RaspberryPi4B_4GB
[2026-09-17T02:42:08] PARAM nic=ASIX_AX88179_USB3_GbE
[2026-09-17T02:42:08] METRIC memory_mb=143.15
[2026-09-17T02:42:08] METRIC cpu_util_pct=63.66
[2026-09-17T02:42:08] METRIC startup_time_s=3.542
[2026-09-17T02:42:08] METRIC throughput_mbps=303.25
[2026-09-17T02:42:08] RUN_END status=OK
[2026-09-17T02:43:27] RUN_START run_id=EDGE_NFD_060
[2026-09-17T02:43:27] PARAM implementation=NFD
[2026-09-17T02:43:27] PARAM device=RaspberryPi4B_4GB
[2026-09-17T02:43:27] PARAM nic=ASIX_AX88179_USB3_GbE
[2026-09-17T02:43:27] METRIC memory_mb=136.92
[2026-09-17T02:43:27] METRIC cpu_util_pct=58.3
[2026-09-17T02:43:27] METRIC startup_time_s=3.434
[2026-09-17T02:43:27] METRIC throughput_mbps=313.84
[2026-09-17T02:43:27] RUN_END status=OK
[2026-09-17T02:45:39] RUN_START run_id=EDGE_NFD_061
[2026-09-17T02:45:39] PARAM implementation=NFD
[2026-09-17T02:45:39] PARAM device=RaspberryPi4B_4GB
[2026-09-17T02:45:39] PARAM nic=ASIX_AX88179_USB3_GbE
[2026-09-17T02:45:39] METRIC memory_mb=149.57
[2026-09-17T02:45:39] METRIC cpu_util_pct=65.37
[2026-09-17T02:45:39] METRIC startup_time_s=3.681
[2026-09-17T02:45:39] METRIC throughput_mbps=307.64
[2026-09-17T02:45:39] RUN_END status=OK
