[2026-09-26T19:54:34] RUN_START run_id=EDGE_CCNlite_148
[2026-09-26T19:54:34] PARAM implementation=CCNlite
[2026-09-26T19:54:34] PARAM device=RaspberryPi4B_4GB
[2026-09-26T19:54:34] PARAM nic=ASIX_AX88179_USB3_GbE
[2026-09-26T19:54:34] METRIC memory_mb=26.73
[2026-09-26T19:54:34] METRIC cpu_util_pct=44.69
[2026-09-26T19:54:34] METRIC startup_time_s=0.849
[2026-09-26T19:54:34] METRIC throughput_mbps=282.56
[2026-09-26T19:54:34] RUN_END status=OK
[2026-09-26T19:57:06] RUN_START run_id=EDGE_CCNlite_149
[2026-09-26T19:57:06] PARAM implementation=CCNlite
[2026-09-26T19:57:06] PARAM device=RaspberryPi4B_4GB
[2026-09-26T19:57:06] PARAM nic=ASIX_AX88179_USB3_GbE
[2026-09-26T19:57:06] METRIC memory_mb=28.52
[2026-09-26T19:57:06] METRIC cpu_util_pct=42.99
[2026-09-26T19:57:06] METRIC startup_time_s=0.702
[2026-09-26T19:57:06] METRIC throughput_mbps=273.85
[2026-09-26T19:57:06] RUN_END status=OK
[2026-09-26T20:00:26] RUN_START run_id=EDGE_CCNlite_150
[2026-09-26T20:00:26] PARAM implementation=CCNlite
[2026-09-26T20:00:26] PARAM device=RaspberryPi4B_4GB
[2026-09-26T20:00:26] PARAM nic=ASIX_AX88179_USB3_GbE
[2026-09-26T20:00:26] METRIC memory_mb=27.79
[2026-09-26T20:00:26] METRIC cpu_util_pct=44.01
[2026-09-26T20:00:26] METRIC startup_time_s=0.666
[2026-09-26T20:00:26] METRIC throughput_mbps=284.47
[2026-09-26T20:00:26] RUN_END status=OK
