[2026-09-19T18:48:36] RUN_START run_id=EDGE_uDCN_022
[2026-09-19T18:48:36] PARAM implementation=uDCN
[2026-09-19T18:48:36] PARAM device=RaspberryPi4B_4GB
[2026-09-19T18:48:36] PARAM nic=ASIX_AX88179_USB3_GbE
[2026-09-19T18:48:36] METRIC memory_mb=42.46
[2026-09-19T18:48:36] METRIC cpu_util_pct=18.81
[2026-09-19T18:48:36] METRIC startup_time_s=1.109
[2026-09-19T18:48:36] METRIC throughput_mbps=912.33
[2026-09-19T18:48:36] RUN_END status=OK
[2026-09-19T18:49:40] RUN_START run_id=EDGE_uDCN_023
[2026-09-19T18:49:40] PARAM implementation=uDCN
[2026-09-19T18:49:40] PARAM device=RaspberryPi4B_4GB
[2026-09-19T18:49:40] PARAM nic=ASIX_AX88179_USB3_GbE
[2026-09-19T18:49:40] METRIC memory_mb=40.86
[2026-09-19T18:49:40] METRIC cpu_util_pct=17.22
[2026-09-19T18:49:40] METRIC startup_time_s=1.296
[2026-09-19T18:49:40] METRIC throughput_mbps=839.97
[2026-09-19T18:49:40] RUN_END status=OK
[2026-09-19T18:52:05] RUN_START run_id=EDGE_uDCN_024
[2026-09-19T18:52:05] PARAM implementation=uDCN
[2026-09-19T18:52:05] PARAM device=RaspberryPi4B_4GB
[2026-09-19T18:52:05] PARAM nic=ASIX_AX88179_USB3_GbE
[2026-09-19T18:52:05] METRIC memory_mb=42.05
[2026-09-19T18:52:05] METRIC cpu_util_pct=17.73
[2026-09-19T18:52:05] METRIC startup_time_s=1.315
[2026-09-19T18:52:05] METRIC throughput_mbps=832.59
[2026-09-19T18:52:05] RUN_END status=OK
[2026-09-19T18:53:44] RUN_START run_id=EDGE_uDCN_025
[2026-09-19T18:53:44] PARAM implementation=uDCN
[2026-09-19T18:53:44] PARAM device=RaspberryPi4B_4GB
[2026-09-19T18:53:44] PARAM nic=ASIX_AX88179_USB3_GbE
[2026-09-19T18:53:44] METRIC memory_mb=43.02
[2026-09-19T18:53:44] METRIC cpu_util_pct=18.15
[2026-09-19T18:53:44] METRIC startup_time_s=1.191
[2026-09-19T18:53:44] METRIC throughput_mbps=867.14
[2026-09-19T18:53:44] RUN_END status=OK
[2026-09-19T18:55:17] RUN_START run_id=EDGE_uDCN_026
[2026-09-19T18:55:17] PARAM implementation=uDCN
[2026-09-19T18:55:17] PARAM device=RaspberryPi4B_4GB
[2026-09-19T18:55:17] PARAM nic=ASIX_AX88179_USB3_GbE
[2026-09-19T18:55:17] METRIC memory_mb=42.11
[2026-09-19T18:55:17] METRIC cpu_util_pct=17.3
[2026-09-19T18:55:17] METRIC startup_time_s=1.223
[2026-09-19T18:55:17] METRIC throughput_mbps=861.26
[2026-09-19T18:55:17] RUN_END status=OK
[2026-09-19T18:57:20] RUN_START run_id=EDGE_uDCN_027
[2026-09-19T18:57:20] PARAM implementation=uDCN
[2026-09-19T18:57:20] PARAM device=RaspberryPi4B_4GB
[2026-09-19T18:57:20] PARAM nic=ASIX_AX88179_USB3_GbE
[2026-09-19T18:57:20] METRIC memory_mb=42.75
[2026-09-19T18:57:20] METRIC cpu_util_pct=17.5
[2026-09-19T18:57:20] METRIC startup_time_s=1.042
[2026-09-19T18:57:20] METRIC throughput_mbps=812.0
[2026-09-19T18:57:20] RUN_END status=OK
[2026-09-19T23:48:16] RUN_START run_id=EDGE_uDCN_028
[2026-09-19T23:48:16] PARAM implementation=uDCN
[2026-09-19T23:48:16] PARAM device=RaspberryPi4B_4GB
[2026-09-19T23:48:16] PARAM nic=ASIX_AX88179_USB3_GbE
[2026-09-19T23:48:16] METRIC memory_mb=41.84
[2026-09-19T23:48:16] METRIC cpu_util_pct=20.68
[2026-09-19T23:48:16] METRIC startup_time_s=1.447
[2026-09-19T23:48:16] METRIC throughput_mbps=849.1
[2026-09-19T23:48:16] RUN_END status=OK
[2026-09-19T23:51:44] RUN_START run_id=EDGE_uDCN_029
[2026-09-19T23:51:44] PARAM implementation=uDCN
[2026-09-19T23:51:44] PARAM device=RaspberryPi4B_4GB
[2026-09-19T23:51:44] PARAM nic=ASIX_AX88179_USB3_GbE
[2026-09-19T23:51:44] METRIC memory_mb=39.99
[2026-09-19T23:51:44] METRIC cpu_util_pct=19.74
[2026-09-19T23:51:44] METRIC startup_time_s=1.091
[2026-09-19T23:51:44] METRIC throughput_mbps=891.14
[2026-09-19T23:51:44] RUN_END status=OK
[2026-09-19T23:53:20] RUN_START run_id=EDGE_uDCN_030
[2026-09-19T23:53:20] PARAM implementation=uDCN
[2026-09-19T23:53:20] PARAM device=RaspberryPi4B_4GB
[2026-09-19T23:53:20] PARAM nic=ASIX_AX88179_USB3_GbE
[2026-09-19T23:53:20] METRIC memory_mb=41.27
[2026-09-19T23:53:20] METRIC cpu_util_pct=18.08
[2026-09-19T23:53:20] METRIC startup_time_s=1.145
[2026-09-19T23:53:20] METRIC throughput_mbps=910.71
[2026-09-19T23:53:20] RUN_END status=OK
[2026-09-19T23:58:37] RUN_START run_id=EDGE_uDCN_031
[2026-09-19T23:58:37] PARAM implementation=uDCN
[2026-09-19T23:58:37] PARAM device=RaspberryPi4B_4GB
[2026-09-19T23:58:37] PARAM nic=ASIX_AX88179_USB3_GbE
[2026-09-19T23:58:37] METRIC memory_mb=42.33
[2026-09-19T23:58:37] METRIC cpu_util_pct=17.55
[2026-09-19T23:58:37] METRIC startup_time_s=1.179
[2026-09-19T23:58:37] METRIC throughput_mbps=865.72
[2026-09-19T23:58:37] RUN_END status=OK
[2026-09-19T23:59:43] RUN_START run_id=EDGE_uDCN_032
[2026-09-19T23:59:43] PARAM implementation=uDCN
[2026-09-19T23:59:43] PARAM device=RaspberryPi4B_4GB
[2026-09-19T23:59:43] PARAM nic=ASIX_AX88179_USB3_GbE
[2026-09-19T23:59:43] METRIC memory_mb=41.53
[2026-09-19T23:59:43] METRIC cpu_util_pct=19.77
[2026-09-19T23:59:43] METRIC startup_time_s=1.161
[2026-09-19T23:59:43] METRIC throughput_mbps=886.67
[2026-09-19T23:59:43] RUN_END status=OK
[2026-09-20T00:00:56] RUN_START run_id=EDGE_uDCN_033
[2026-09-20T00:00:56] PARAM implementation=uDCN
[2026-09-20T00:00:56] PARAM device=RaspberryPi4B_4GB
[2026-09-20T00:00:56] PARAM nic=ASIX_AX88179_USB3_GbE
[2026-09-20T00:00:56] METRIC memory_mb=42.39
[2026-09-20T00:00:56] METRIC cpu_util_pct=18.09
[2026-09-20T00:00:56] METRIC startup_time_s=1.223
[2026-09-20T00:00:56] METRIC throughput_mbps=899.38
[2026-09-20T00:00:56] RUN_END status=OK
[2026-09-20T00:02:22] RUN_START run_id=EDGE_uDCN_034
[2026-09-20T00:02:22] PARAM implementation=uDCN
[2026-09-20T00:02:22] PARAM device=RaspberryPi4B_4GB
[2026-09-20T00:02:22] PARAM nic=ASIX_AX88179_USB3_GbE
[2026-09-20T00:02:22] METRIC memory_mb=44.11
[2026-09-20T00:02:22] METRIC cpu_util_pct=18.49
[2026-09-20T00:02:22] METRIC startup_time_s=1.008
[2026-09-20T00:02:22] METRIC throughput_mbps=838.56
[2026-09-20T00:02:22] RUN_END status=OK
[2026-09-20T00:03:47] RUN_START run_id=EDGE_uDCN_035
[2026-09-20T00:03:47] PARAM implementation=uDCN
[2026-09-20T00:03:47] PARAM device=RaspberryPi4B_4GB
[2026-09-20T00:03:47] PARAM nic=ASIX_AX88179_USB3_GbE
[2026-09-20T00:03:47] METRIC memory_mb=42.42
[2026-09-20T00:03:47] METRIC cpu_util_pct=17.59
[2026-09-20T00:03:47] METRIC startup_time_s=1.292
[2026-09-20T00:03:47] METRIC throughput_mbps=906.91
[2026-09-20T00:03:47] RUN_END status=OK
[2026-09-20T00:04:01] RUN_START run_id=EDGE_uDCN_036
[2026-09-20T00:04:01] PARAM implementation=uDCN
[2026-09-20T00:04:01] PARAM device=RaspberryPi4B_4GB
[2026-09-20T00:04:01] PARAM nic=ASIX_AX88179_USB3_GbE
[2026-09-20T00:04:01] METRIC memory_mb=41.66
[2026-09-20T00:04:01] METRIC cpu_util_pct=17.83
[2026-09-20T00:04:01] METRIC startup_time_s=1.293
[2026-09-20T00:04:01] METRIC throughput_mbps=953.92
[2026-09-20T00:04:01] RUN_END status=OK
[2026-09-20T00:04:44] RUN_START run_id=EDGE_uDCN_037
[2026-09-20T00:04:44] PARAM implementation=uDCN
[2026-09-20T00:04:44] PARAM device=RaspberryPi4B_4GB
[2026-09-20T00:04:44] PARAM nic=ASIX_AX88179_USB3_GbE
[2026-09-20T00:04:44] METRIC memory_mb=43.19
[2026-09-20T00:04:44] METRIC cpu_util_pct=17.86
[2026-09-20T00:04:44] METRIC startup_time_s=1.272
[2026-09-20T00:04:44] METRIC throughput_mbps=841.0
[2026-09-20T00:04:44] RUN_END status=OK
[2026-09-20T00:05:44] RUN_START run_id=10_edge_resource_consumption_DISCARDED_0020
[2026-09-20T00:05:44] RUN_ABORTED reason=thermal_throttle: Raspberry Pi SoC exceeded 80C, CPU governor throttled clock mid-run, measurement discarded
[2026-09-20T00:06:33] RUN_START run_id=EDGE_uDCN_038
[2026-09-20T00:06:33] PARAM implementation=uDCN
[2026-09-20T00:06:33] PARAM device=RaspberryPi4B_4GB
[2026-09-20T00:06:33] PARAM nic=ASIX_AX88179_USB3_GbE
[2026-09-20T00:06:33] METRIC memory_mb=44.55
[2026-09-20T00:06:33] METRIC cpu_util_pct=19.49
[2026-09-20T00:06:33] METRIC startup_time_s=1.203
[2026-09-20T00:06:33] METRIC throughput_mbps=923.27
[2026-09-20T00:06:33] RUN_END status=OK
