[2026-09-13T01:36:04] RUN_START run_id=EDGE_PythonNDN_042
[2026-09-13T01:36:04] PARAM implementation=PythonNDN
[2026-09-13T01:36:04] PARAM device=RaspberryPi4B_4GB
[2026-09-13T01:36:04] PARAM nic=ASIX_AX88179_USB3_GbE
[2026-09-13T01:36:04] METRIC memory_mb=179.78
[2026-09-13T01:36:04] METRIC cpu_util_pct=75.29
[2026-09-13T01:36:04] METRIC startup_time_s=5.264
[2026-09-13T01:36:04] METRIC throughput_mbps=93.58
[2026-09-13T01:36:04] RUN_END status=OK
[2026-09-13T01:36:47] RUN_START run_id=EDGE_PythonNDN_043
[2026-09-13T01:36:47] PARAM implementation=PythonNDN
[2026-09-13T01:36:47] PARAM device=RaspberryPi4B_4GB
[2026-09-13T01:36:47] PARAM nic=ASIX_AX88179_USB3_GbE
[2026-09-13T01:36:47] METRIC memory_mb=172.29
[2026-09-13T01:36:47] METRIC cpu_util_pct=79.89
[2026-09-13T01:36:47] METRIC startup_time_s=4.635
[2026-09-13T01:36:47] METRIC throughput_mbps=79.26
[2026-09-13T01:36:47] RUN_END status=OK
[2026-09-13T01:37:27] RUN_START run_id=EDGE_PythonNDN_044
[2026-09-13T01:37:27] PARAM implementation=PythonNDN
[2026-09-13T01:37:27] PARAM device=RaspberryPi4B_4GB
[2026-09-13T01:37:27] PARAM nic=ASIX_AX88179_USB3_GbE
[2026-09-13T01:37:27] METRIC memory_mb=172.6
[2026-09-13T01:37:27] METRIC cpu_util_pct=86.8
[2026-09-13T01:37:27] METRIC startup_time_s=5.311
[2026-09-13T01:37:27] METRIC throughput_mbps=84.41
[2026-09-13T01:37:27] RUN_END status=OK
[2026-09-13T16:00:00] RUN_START run_id=EDGE_NFD_001
[2026-09-13T16:00:00] PARAM implementation=NFD
[2026-09-13T16:00:00] PARAM device=RaspberryPi4B_4GB
[2026-09-13T16:00:00] PARAM nic=ASIX_AX88179_USB3_GbE
[2026-09-13T16:00:00] METRIC memory_mb=139.5
[2026-09-13T16:00:00] METRIC cpu_util_pct=66.68
[2026-09-13T16:00:00] METRIC startup_time_s=3.769
[2026-09-13T16:00:00] METRIC throughput_mbps=308.44
[2026-09-13T16:00:00] RUN_END status=OK
[2026-09-13T16:02:28] RUN_START run_id=EDGE_NFD_002
[2026-09-13T16:02:28] PARAM implementation=NFD
[2026-09-13T16:02:28] PARAM device=RaspberryPi4B_4GB
[2026-09-13T16:02:28] PARAM nic=ASIX_AX88179_USB3_GbE
[2026-09-13T16:02:28] METRIC memory_mb=134.78
[2026-09-13T16:02:28] METRIC cpu_util_pct=71.0
[2026-09-13T16:02:28] METRIC startup_time_s=4.115
[2026-09-13T16:02:28] METRIC throughput_mbps=310.66
[2026-09-13T16:02:28] RUN_END status=OK
[2026-09-13T16:04:52] RUN_START run_id=EDGE_NFD_003
[2026-09-13T16:04:52] PARAM implementation=NFD
[2026-09-13T16:04:52] PARAM device=RaspberryPi4B_4GB
[2026-09-13T16:04:52] PARAM nic=ASIX_AX88179_USB3_GbE
[2026-09-13T16:04:52] METRIC memory_mb=137.11
[2026-09-13T16:04:52] METRIC cpu_util_pct=56.74
[2026-09-13T16:04:52] METRIC startup_time_s=3.684
[2026-09-13T16:04:52] METRIC throughput_mbps=296.96
[2026-09-13T16:04:52] RUN_END status=OK
[2026-09-13T16:05:25] RUN_START run_id=EDGE_NFD_004
[2026-09-13T16:05:25] PARAM implementation=NFD
[2026-09-13T16:05:25] PARAM device=RaspberryPi4B_4GB
[2026-09-13T16:05:25] PARAM nic=ASIX_AX88179_USB3_GbE
[2026-09-13T16:05:25] METRIC memory_mb=134.26
[2026-09-13T16:05:25] METRIC cpu_util_pct=59.56
[2026-09-13T16:05:25] METRIC startup_time_s=4.065
[2026-09-13T16:05:25] METRIC throughput_mbps=322.62
[2026-09-13T16:05:25] RUN_END status=OK
[2026-09-13T16:07:39] RUN_START run_id=EDGE_NFD_005
[2026-09-13T16:07:39] PARAM implementation=NFD
[2026-09-13T16:07:39] PARAM device=RaspberryPi4B_4GB
[2026-09-13T16:07:39] PARAM nic=ASIX_AX88179_USB3_GbE
[2026-09-13T16:07:39] METRIC memory_mb=134.24
[2026-09-13T16:07:39] METRIC cpu_util_pct=66.92
[2026-09-13T16:07:39] METRIC startup_time_s=3.776
[2026-09-13T16:07:39] METRIC throughput_mbps=328.33
[2026-09-13T16:07:39] RUN_END status=OK
[2026-09-13T16:08:45] RUN_START run_id=EDGE_NFD_006
[2026-09-13T16:08:45] PARAM implementation=NFD
[2026-09-13T16:08:45] PARAM device=RaspberryPi4B_4GB
[2026-09-13T16:08:45] PARAM nic=ASIX_AX88179_USB3_GbE
[2026-09-13T16:08:45] METRIC memory_mb=125.65
[2026-09-13T16:08:45] METRIC cpu_util_pct=62.65
[2026-09-13T16:08:45] METRIC startup_time_s=3.705
[2026-09-13T16:08:45] METRIC throughput_mbps=307.03
[2026-09-13T16:08:45] RUN_END status=OK
[2026-09-13T16:10:10] RUN_START run_id=EDGE_NFD_007
[2026-09-13T16:10:10] PARAM implementation=NFD
[2026-09-13T16:10:10] PARAM device=RaspberryPi4B_4GB
[2026-09-13T16:10:10] PARAM nic=ASIX_AX88179_USB3_GbE
[2026-09-13T16:10:10] METRIC memory_mb=130.75
[2026-09-13T16:10:10] METRIC cpu_util_pct=62.23
[2026-09-13T16:10:10] METRIC startup_time_s=3.8
[2026-09-13T16:10:10] METRIC throughput_mbps=310.72
[2026-09-13T16:10:10] RUN_END status=OK
[2026-09-13T16:14:10] RUN_START run_id=EDGE_NFD_008
[2026-09-13T16:14:10] PARAM implementation=NFD
[2026-09-13T16:14:10] PARAM device=RaspberryPi4B_4GB
[2026-09-13T16:14:10] PARAM nic=ASIX_AX88179_USB3_GbE
[2026-09-13T16:14:10] METRIC memory_mb=141.13
[2026-09-13T16:14:10] METRIC cpu_util_pct=67.1
[2026-09-13T16:14:10] METRIC startup_time_s=3.512
[2026-09-13T16:14:10] METRIC throughput_mbps=302.17
[2026-09-13T16:14:10] RUN_END status=OK
[2026-09-13T16:16:46] RUN_START run_id=EDGE_NFD_009
[2026-09-13T16:16:46] PARAM implementation=NFD
[2026-09-13T16:16:46] PARAM device=RaspberryPi4B_4GB
[2026-09-13T16:16:46] PARAM nic=ASIX_AX88179_USB3_GbE
[2026-09-13T16:16:46] METRIC memory_mb=137.53
[2026-09-13T16:16:46] METRIC cpu_util_pct=68.78
[2026-09-13T16:16:46] METRIC startup_time_s=4.22
[2026-09-13T16:16:46] METRIC throughput_mbps=302.94
[2026-09-13T16:16:46] RUN_END status=OK
[2026-09-13T16:19:13] RUN_START run_id=EDGE_NFD_010
[2026-09-13T16:19:13] PARAM implementation=NFD
[2026-09-13T16:19:13] PARAM device=RaspberryPi4B_4GB
[2026-09-13T16:19:13] PARAM nic=ASIX_AX88179_USB3_GbE
[2026-09-13T16:19:13] METRIC memory_mb=133.77
[2026-09-13T16:19:13] METRIC cpu_util_pct=61.47
[2026-09-13T16:19:13] METRIC startup_time_s=3.79
[2026-09-13T16:19:13] METRIC throughput_mbps=282.7
[2026-09-13T16:19:13] RUN_END status=OK
[2026-09-13T16:21:57] RUN_START run_id=EDGE_NFD_011
[2026-09-13T16:21:57] PARAM implementation=NFD
[2026-09-13T16:21:57] PARAM device=RaspberryPi4B_4GB
[2026-09-13T16:21:57] PARAM nic=ASIX_AX88179_USB3_GbE
[2026-09-13T16:21:57] METRIC memory_mb=142.32
[2026-09-13T16:21:57] METRIC cpu_util_pct=64.21
[2026-09-13T16:21:57] METRIC startup_time_s=3.952
[2026-09-13T16:21:57] METRIC throughput_mbps=327.83
[2026-09-13T16:21:57] RUN_END status=OK
[2026-09-13T16:23:54] RUN_START run_id=EDGE_NFD_012
[2026-09-13T16:23:54] PARAM implementation=NFD
[2026-09-13T16:23:54] PARAM device=RaspberryPi4B_4GB
[2026-09-13T16:23:54] PARAM nic=ASIX_AX88179_USB3_GbE
[2026-09-13T16:23:54] METRIC memory_mb=130.43
[2026-09-13T16:23:54] METRIC cpu_util_pct=62.36
[2026-09-13T16:23:54] METRIC startup_time_s=3.679
[2026-09-13T16:23:54] METRIC throughput_mbps=306.56
[2026-09-13T16:23:54] RUN_END status=OK
[2026-09-13T16:27:00] RUN_START run_id=EDGE_NFD_013
[2026-09-13T16:27:00] PARAM implementation=NFD
[2026-09-13T16:27:00] PARAM device=RaspberryPi4B_4GB
[2026-09-13T16:27:00] PARAM nic=ASIX_AX88179_USB3_GbE
[2026-09-13T16:27:00] METRIC memory_mb=142.6
[2026-09-13T16:27:00] METRIC cpu_util_pct=62.54
[2026-09-13T16:27:00] METRIC startup_time_s=3.298
[2026-09-13T16:27:00] METRIC throughput_mbps=303.51
[2026-09-13T16:27:00] RUN_END status=OK
[2026-09-13T16:28:41] RUN_START run_id=EDGE_NFD_014
[2026-09-13T16:28:41] PARAM implementation=NFD
[2026-09-13T16:28:41] PARAM device=RaspberryPi4B_4GB
[2026-09-13T16:28:41] PARAM nic=ASIX_AX88179_USB3_GbE
[2026-09-13T16:28:41] METRIC memory_mb=144.28
[2026-09-13T16:28:41] METRIC cpu_util_pct=65.72
[2026-09-13T16:28:41] METRIC startup_time_s=3.593
[2026-09-13T16:28:41] METRIC throughput_mbps=313.33
[2026-09-13T16:28:41] RUN_END status=OK
