[2026-09-20T09:36:41] RUN_START run_id=EDGE_uDCN_073
[2026-09-20T09:36:41] PARAM implementation=uDCN
[2026-09-20T09:36:41] PARAM device=RaspberryPi4B_4GB
[2026-09-20T09:36:41] PARAM nic=ASIX_AX88179_USB3_GbE
[2026-09-20T09:36:41] METRIC memory_mb=40.18
[2026-09-20T09:36:41] METRIC cpu_util_pct=18.0
[2026-09-20T09:36:41] METRIC startup_time_s=1.176
[2026-09-20T09:36:41] METRIC throughput_mbps=832.71
[2026-09-20T09:36:41] RUN_END status=OK
[2026-09-20T09:38:57] RUN_START run_id=EDGE_uDCN_074
[2026-09-20T09:38:57] PARAM implementation=uDCN
[2026-09-20T09:38:57] PARAM device=RaspberryPi4B_4GB
[2026-09-20T09:38:57] PARAM nic=ASIX_AX88179_USB3_GbE
[2026-09-20T09:38:57] METRIC memory_mb=42.15
[2026-09-20T09:38:57] METRIC cpu_util_pct=18.49
[2026-09-20T09:38:57] METRIC startup_time_s=1.135
[2026-09-20T09:38:57] METRIC throughput_mbps=883.75
[2026-09-20T09:38:57] RUN_END status=OK
[2026-09-20T09:40:04] RUN_START run_id=EDGE_uDCN_075
[2026-09-20T09:40:04] PARAM implementation=uDCN
[2026-09-20T09:40:04] PARAM device=RaspberryPi4B_4GB
[2026-09-20T09:40:04] PARAM nic=ASIX_AX88179_USB3_GbE
[2026-09-20T09:40:04] METRIC memory_mb=42.06
[2026-09-20T09:40:04] METRIC cpu_util_pct=18.65
[2026-09-20T09:40:04] METRIC startup_time_s=1.148
[2026-09-20T09:40:04] METRIC throughput_mbps=889.88
[2026-09-20T09:40:04] RUN_END status=OK
[2026-09-20T09:41:45] RUN_START run_id=EDGE_uDCN_076
[2026-09-20T09:41:45] PARAM implementation=uDCN
[2026-09-20T09:41:45] PARAM device=RaspberryPi4B_4GB
[2026-09-20T09:41:45] PARAM nic=ASIX_AX88179_USB3_GbE
[2026-09-20T09:41:45] METRIC memory_mb=39.42
[2026-09-20T09:41:45] METRIC cpu_util_pct=18.38
[2026-09-20T09:41:45] METRIC startup_time_s=1.142
[2026-09-20T09:41:45] METRIC throughput_mbps=893.6
[2026-09-20T09:41:45] RUN_END status=OK
[2026-09-20T09:43:19] RUN_START run_id=EDGE_uDCN_077
[2026-09-20T09:43:19] PARAM implementation=uDCN
[2026-09-20T09:43:19] PARAM device=RaspberryPi4B_4GB
[2026-09-20T09:43:19] PARAM nic=ASIX_AX88179_USB3_GbE
[2026-09-20T09:43:19] METRIC memory_mb=42.91
[2026-09-20T09:43:19] METRIC cpu_util_pct=18.0
[2026-09-20T09:43:19] METRIC startup_time_s=1.112
[2026-09-20T09:43:19] METRIC throughput_mbps=879.33
[2026-09-20T09:43:19] RUN_END status=OK
[2026-09-20T09:48:00] RUN_START run_id=EDGE_uDCN_078
[2026-09-20T09:48:00] PARAM implementation=uDCN
[2026-09-20T09:48:00] PARAM device=RaspberryPi4B_4GB
[2026-09-20T09:48:00] PARAM nic=ASIX_AX88179_USB3_GbE
[2026-09-20T09:48:00] METRIC memory_mb=43.61
[2026-09-20T09:48:00] METRIC cpu_util_pct=17.74
[2026-09-20T09:48:00] METRIC startup_time_s=1.219
[2026-09-20T09:48:00] METRIC throughput_mbps=880.02
[2026-09-20T09:48:00] RUN_END status=OK
[2026-09-20T09:48:45] RUN_START run_id=EDGE_uDCN_079
[2026-09-20T09:48:45] PARAM implementation=uDCN
[2026-09-20T09:48:45] PARAM device=RaspberryPi4B_4GB
[2026-09-20T09:48:45] PARAM nic=ASIX_AX88179_USB3_GbE
[2026-09-20T09:48:45] METRIC memory_mb=40.95
[2026-09-20T09:48:45] METRIC cpu_util_pct=19.02
[2026-09-20T09:48:45] METRIC startup_time_s=1.282
[2026-09-20T09:48:45] METRIC throughput_mbps=855.61
[2026-09-20T09:48:45] RUN_END status=OK
[2026-09-20T09:52:47] RUN_START run_id=EDGE_uDCN_080
[2026-09-20T09:52:47] PARAM implementation=uDCN
[2026-09-20T09:52:47] PARAM device=RaspberryPi4B_4GB
[2026-09-20T09:52:47] PARAM nic=ASIX_AX88179_USB3_GbE
[2026-09-20T09:52:47] METRIC memory_mb=38.25
[2026-09-20T09:52:47] METRIC cpu_util_pct=16.64
[2026-09-20T09:52:47] METRIC startup_time_s=1.114
[2026-09-20T09:52:47] METRIC throughput_mbps=835.12
[2026-09-20T09:52:47] RUN_END status=OK
[2026-09-20T09:53:37] RUN_START run_id=EDGE_uDCN_081
[2026-09-20T09:53:37] PARAM implementation=uDCN
[2026-09-20T09:53:37] PARAM device=RaspberryPi4B_4GB
[2026-09-20T09:53:37] PARAM nic=ASIX_AX88179_USB3_GbE
[2026-09-20T09:53:37] METRIC memory_mb=43.35
[2026-09-20T09:53:37] METRIC cpu_util_pct=17.83
[2026-09-20T09:53:37] METRIC startup_time_s=1.137
[2026-09-20T09:53:37] METRIC throughput_mbps=916.1
[2026-09-20T09:53:37] RUN_END status=OK
[2026-09-20T09:55:19] RUN_START run_id=EDGE_uDCN_082
[2026-09-20T09:55:19] PARAM implementation=uDCN
[2026-09-20T09:55:19] PARAM device=RaspberryPi4B_4GB
[2026-09-20T09:55:19] PARAM nic=ASIX_AX88179_USB3_GbE
[2026-09-20T09:55:19] METRIC memory_mb=40.66
[2026-09-20T09:55:19] METRIC cpu_util_pct=17.54
[2026-09-20T09:55:19] METRIC startup_time_s=1.121
[2026-09-20T09:55:19] METRIC throughput_mbps=898.14
[2026-09-20T09:55:19] RUN_END status=OK
[2026-09-20T09:57:28] RUN_START run_id=EDGE_uDCN_083
[2026-09-20T09:57:28] PARAM implementation=uDCN
[2026-09-20T09:57:28] PARAM device=RaspberryPi4B_4GB
[2026-09-20T09:57:28] PARAM nic=ASIX_AX88179_USB3_GbE
[2026-09-20T09:57:28] METRIC memory_mb=43.55
[2026-09-20T09:57:28] METRIC cpu_util_pct=16.75
[2026-09-20T09:57:28] METRIC startup_time_s=1.099
[2026-09-20T09:57:28] METRIC throughput_mbps=868.16
[2026-09-20T09:57:28] RUN_END status=OK
[2026-09-20T09:59:19] RUN_START run_id=EDGE_uDCN_084
[2026-09-20T09:59:19] PARAM implementation=uDCN
[2026-09-20T09:59:19] PARAM device=RaspberryPi4B_4GB
[2026-09-20T09:59:19] PARAM nic=ASIX_AX88179_USB3_GbE
[2026-09-20T09:59:19] METRIC memory_mb=41.4
[2026-09-20T09:59:19] METRIC cpu_util_pct=17.0
[2026-09-20T09:59:19] METRIC startup_time_s=1.245
[2026-09-20T09:59:19] METRIC throughput_mbps=884.34
[2026-09-20T09:59:19] RUN_END status=OK
[2026-09-20T10:05:02] RUN_START run_id=EDGE_uDCN_085
[2026-09-20T10:05:02] PARAM implementation=uDCN
[2026-09-20T10:05:02] PARAM device=RaspberryPi4B_4GB
[2026-09-20T10:05:02] PARAM nic=ASIX_AX88179_USB3_GbE
[2026-09-20T10:05:02] METRIC memory_mb=42.81
[2026-09-20T10:05:02] METRIC cpu_util_pct=17.63
[2026-09-20T10:05:02] METRIC startup_time_s=1.211
[2026-09-20T10:05:02] METRIC throughput_mbps=890.25
[2026-09-20T10:05:02] RUN_END status=OK
[2026-09-20T10:09:17] RUN_START run_id=EDGE_uDCN_086
[2026-09-20T10:09:17] PARAM implementation=uDCN
[2026-09-20T10:09:17] PARAM device=RaspberryPi4B_4GB
[2026-09-20T10:09:17] PARAM nic=ASIX_AX88179_USB3_GbE
[2026-09-20T10:09:17] METRIC memory_mb=43.65
[2026-09-20T10:09:17] METRIC cpu_util_pct=18.92
[2026-09-20T10:09:17] METRIC startup_time_s=1.151
[2026-09-20T10:09:17] METRIC throughput_mbps=877.58
[2026-09-20T10:09:17] RUN_END status=OK
