[2026-09-25T07:35:10] RUN_START run_id=EDGE_CCNlite_117
[2026-09-25T07:35:10] PARAM implementation=CCNlite
[2026-09-25T07:35:10] PARAM device=RaspberryPi4B_4GB
[2026-09-25T07:35:10] PARAM nic=ASIX_AX88179_USB3_GbE
[2026-09-25T07:35:10] METRIC memory_mb=28.5
[2026-09-25T07:35:10] METRIC cpu_util_pct=46.2
[2026-09-25T07:35:10] METRIC startup_time_s=0.819
[2026-09-25T07:35:10] METRIC throughput_mbps=264.36
[2026-09-25T07:35:10] RUN_END status=OK
[2026-09-25T07:37:07] RUN_START run_id=EDGE_CCNlite_118
[2026-09-25T07:37:07] PARAM implementation=CCNlite
[2026-09-25T07:37:07] PARAM device=RaspberryPi4B_4GB
[2026-09-25T07:37:07] PARAM nic=ASIX_AX88179_USB3_GbE
[2026-09-25T07:37:07] METRIC memory_mb=27.13
[2026-09-25T07:37:07] METRIC cpu_util_pct=45.66
[2026-09-25T07:37:07] METRIC startup_time_s=0.731
[2026-09-25T07:37:07] METRIC throughput_mbps=276.88
[2026-09-25T07:37:07] RUN_END status=OK
[2026-09-25T07:38:36] RUN_START run_id=EDGE_CCNlite_119
[2026-09-25T07:38:36] PARAM implementation=CCNlite
[2026-09-25T07:38:36] PARAM device=RaspberryPi4B_4GB
[2026-09-25T07:38:36] PARAM nic=ASIX_AX88179_USB3_GbE
[2026-09-25T07:38:36] METRIC memory_mb=27.62
[2026-09-25T07:38:36] METRIC cpu_util_pct=48.17
[2026-09-25T07:38:36] METRIC startup_time_s=0.757
[2026-09-25T07:38:36] METRIC throughput_mbps=283.91
[2026-09-25T07:38:36] RUN_END status=OK
[2026-09-25T07:41:58] RUN_START run_id=EDGE_CCNlite_120
[2026-09-25T07:41:58] PARAM implementation=CCNlite
[2026-09-25T07:41:58] PARAM device=RaspberryPi4B_4GB
[2026-09-25T07:41:58] PARAM nic=ASIX_AX88179_USB3_GbE
[2026-09-25T07:41:58] METRIC memory_mb=28.1
[2026-09-25T07:41:58] METRIC cpu_util_pct=47.06
[2026-09-25T07:41:58] METRIC startup_time_s=0.735
[2026-09-25T07:41:58] METRIC throughput_mbps=275.56
[2026-09-25T07:41:58] RUN_END status=OK
[2026-09-25T07:45:38] RUN_START run_id=EDGE_CCNlite_121
[2026-09-25T07:45:38] PARAM implementation=CCNlite
[2026-09-25T07:45:38] PARAM device=RaspberryPi4B_4GB
[2026-09-25T07:45:38] PARAM nic=ASIX_AX88179_USB3_GbE
[2026-09-25T07:45:38] METRIC memory_mb=28.97
[2026-09-25T07:45:38] METRIC cpu_util_pct=42.12
[2026-09-25T07:45:38] METRIC startup_time_s=0.642
[2026-09-25T07:45:38] METRIC throughput_mbps=284.29
[2026-09-25T07:45:38] RUN_END status=OK
[2026-09-25T07:47:44] RUN_START run_id=EDGE_CCNlite_122
[2026-09-25T07:47:44] PARAM implementation=CCNlite
[2026-09-25T07:47:44] PARAM device=RaspberryPi4B_4GB
[2026-09-25T07:47:44] PARAM nic=ASIX_AX88179_USB3_GbE
[2026-09-25T07:47:44] METRIC memory_mb=28.94
[2026-09-25T07:47:44] METRIC cpu_util_pct=49.33
[2026-09-25T07:47:44] METRIC startup_time_s=0.672
[2026-09-25T07:47:44] METRIC throughput_mbps=296.71
[2026-09-25T07:47:44] RUN_END status=OK
[2026-09-25T07:48:41] RUN_START run_id=EDGE_CCNlite_123
[2026-09-25T07:48:41] PARAM implementation=CCNlite
[2026-09-25T07:48:41] PARAM device=RaspberryPi4B_4GB
[2026-09-25T07:48:41] PARAM nic=ASIX_AX88179_USB3_GbE
[2026-09-25T07:48:41] METRIC memory_mb=27.94
[2026-09-25T07:48:41] METRIC cpu_util_pct=44.54
[2026-09-25T07:48:41] METRIC startup_time_s=0.679
[2026-09-25T07:48:41] METRIC throughput_mbps=287.85
[2026-09-25T07:48:41] RUN_END status=OK
[2026-09-25T07:49:56] RUN_START run_id=EDGE_CCNlite_124
[2026-09-25T07:49:56] PARAM implementation=CCNlite
[2026-09-25T07:49:56] PARAM device=RaspberryPi4B_4GB
[2026-09-25T07:49:56] PARAM nic=ASIX_AX88179_USB3_GbE
[2026-09-25T07:49:56] METRIC memory_mb=28.62
[2026-09-25T07:49:56] METRIC cpu_util_pct=50.92
[2026-09-25T07:49:56] METRIC startup_time_s=0.658
[2026-09-25T07:49:56] METRIC throughput_mbps=280.88
[2026-09-25T07:49:56] RUN_END status=OK
[2026-09-25T07:50:48] RUN_START run_id=EDGE_CCNlite_125
[2026-09-25T07:50:48] PARAM implementation=CCNlite
[2026-09-25T07:50:48] PARAM device=RaspberryPi4B_4GB
[2026-09-25T07:50:48] PARAM nic=ASIX_AX88179_USB3_GbE
[2026-09-25T07:50:48] METRIC memory_mb=29.84
[2026-09-25T07:50:48] METRIC cpu_util_pct=47.63
[2026-09-25T07:50:48] METRIC startup_time_s=0.773
[2026-09-25T07:50:48] METRIC throughput_mbps=314.55
[2026-09-25T07:50:48] RUN_END status=OK
[2026-09-25T07:52:16] RUN_START run_id=EDGE_CCNlite_126
[2026-09-25T07:52:16] PARAM implementation=CCNlite
[2026-09-25T07:52:16] PARAM device=RaspberryPi4B_4GB
[2026-09-25T07:52:16] PARAM nic=ASIX_AX88179_USB3_GbE
[2026-09-25T07:52:16] METRIC memory_mb=28.27
[2026-09-25T07:52:16] METRIC cpu_util_pct=47.23
[2026-09-25T07:52:16] METRIC startup_time_s=0.746
[2026-09-25T07:52:16] METRIC throughput_mbps=289.61
[2026-09-25T07:52:16] RUN_END status=OK
[2026-09-25T07:53:25] RUN_START run_id=EDGE_CCNlite_127
[2026-09-25T07:53:25] PARAM implementation=CCNlite
[2026-09-25T07:53:25] PARAM device=RaspberryPi4B_4GB
[2026-09-25T07:53:25] PARAM nic=ASIX_AX88179_USB3_GbE
[2026-09-25T07:53:25] METRIC memory_mb=26.9
[2026-09-25T07:53:25] METRIC cpu_util_pct=49.05
[2026-09-25T07:53:25] METRIC startup_time_s=0.626
[2026-09-25T07:53:25] METRIC throughput_mbps=276.2
[2026-09-25T07:53:25] RUN_END status=OK
[2026-09-25T07:55:08] RUN_START run_id=EDGE_CCNlite_128
[2026-09-25T07:55:08] PARAM implementation=CCNlite
[2026-09-25T07:55:08] PARAM device=RaspberryPi4B_4GB
[2026-09-25T07:55:08] PARAM nic=ASIX_AX88179_USB3_GbE
[2026-09-25T07:55:08] METRIC memory_mb=27.6
[2026-09-25T07:55:08] METRIC cpu_util_pct=44.68
[2026-09-25T07:55:08] METRIC startup_time_s=0.643
[2026-09-25T07:55:08] METRIC throughput_mbps=270.66
[2026-09-25T07:55:08] RUN_END status=OK
[2026-09-25T07:56:08] RUN_START run_id=EDGE_CCNlite_129
[2026-09-25T07:56:08] PARAM implementation=CCNlite
[2026-09-25T07:56:08] PARAM device=RaspberryPi4B_4GB
[2026-09-25T07:56:08] PARAM nic=ASIX_AX88179_USB3_GbE
[2026-09-25T07:56:08] METRIC memory_mb=27.94
[2026-09-25T07:56:08] METRIC cpu_util_pct=45.17
[2026-09-25T07:56:08] METRIC startup_time_s=0.776
[2026-09-25T07:56:08] METRIC throughput_mbps=293.86
[2026-09-25T07:56:08] RUN_END status=OK
[2026-09-25T07:57:58] RUN_START run_id=EDGE_CCNlite_130
[2026-09-25T07:57:58] PARAM implementation=CCNlite
[2026-09-25T07:57:58] PARAM device=RaspberryPi4B_4GB
[2026-09-25T07:57:58] PARAM nic=ASIX_AX88179_USB3_GbE
[2026-09-25T07:57:58] METRIC memory_mb=28.48
[2026-09-25T07:57:58] METRIC cpu_util_pct=46.37
[2026-09-25T07:57:58] METRIC startup_time_s=0.682
[2026-09-25T07:57:58] METRIC throughput_mbps=262.71
[2026-09-25T07:57:58] RUN_END status=OK
[2026-09-26T19:18:20] RUN_START run_id=EDGE_CCNlite_131
[2026-09-26T19:18:20] PARAM implementation=CCNlite
[2026-09-26T19:18:20] PARAM device=RaspberryPi4B_4GB
[2026-09-26T19:18:20] PARAM nic=ASIX_AX88179_USB3_GbE
[2026-09-26T19:18:20] METRIC memory_mb=27.16
[2026-09-26T19:18:20] METRIC cpu_util_pct=48.41
[2026-09-26T19:18:20] METRIC startup_time_s=0.702
[2026-09-26T19:18:20] METRIC throughput_mbps=292.86
[2026-09-26T19:18:20] RUN_END status=OK
[2026-09-26T19:19:23] RUN_START run_id=EDGE_CCNlite_132
[2026-09-26T19:19:23] PARAM implementation=CCNlite
[2026-09-26T19:19:23] PARAM device=RaspberryPi4B_4GB
[2026-09-26T19:19:23] PARAM nic=ASIX_AX88179_USB3_GbE
[2026-09-26T19:19:23] METRIC memory_mb=27.88
[2026-09-26T19:19:23] METRIC cpu_util_pct=50.98
[2026-09-26T19:19:23] METRIC startup_time_s=0.879
[2026-09-26T19:19:23] METRIC throughput_mbps=290.92
[2026-09-26T19:19:23] RUN_END status=OK
[2026-09-26T19:20:30] RUN_START run_id=EDGE_CCNlite_133
[2026-09-26T19:20:30] PARAM implementation=CCNlite
[2026-09-26T19:20:30] PARAM device=RaspberryPi4B_4GB
[2026-09-26T19:20:30] PARAM nic=ASIX_AX88179_USB3_GbE
[2026-09-26T19:20:30] METRIC memory_mb=26.24
[2026-09-26T19:20:30] METRIC cpu_util_pct=47.16
[2026-09-26T19:20:30] METRIC startup_time_s=0.696
[2026-09-26T19:20:30] METRIC throughput_mbps=291.52
[2026-09-26T19:20:30] RUN_END status=OK
[2026-09-26T19:20:53] RUN_START run_id=EDGE_CCNlite_134
[2026-09-26T19:20:53] PARAM implementation=CCNlite
[2026-09-26T19:20:53] PARAM device=RaspberryPi4B_4GB
[2026-09-26T19:20:53] PARAM nic=ASIX_AX88179_USB3_GbE
[2026-09-26T19:20:53] METRIC memory_mb=26.76
[2026-09-26T19:20:53] METRIC cpu_util_pct=49.12
[2026-09-26T19:20:53] METRIC startup_time_s=0.735
[2026-09-26T19:20:53] METRIC throughput_mbps=279.73
[2026-09-26T19:20:53] RUN_END status=OK
