[2026-09-20T13:46:49] RUN_START run_id=EDGE_uDCN_125
[2026-09-20T13:46:49] PARAM implementation=uDCN
[2026-09-20T13:46:49] PARAM device=RaspberryPi4B_4GB
[2026-09-20T13:46:49] PARAM nic=ASIX_AX88179_USB3_GbE
[2026-09-20T13:46:49] METRIC memory_mb=42.51
[2026-09-20T13:46:49] METRIC cpu_util_pct=17.21
[2026-09-20T13:46:49] METRIC startup_time_s=1.16
[2026-09-20T13:46:49] METRIC throughput_mbps=853.12
[2026-09-20T13:46:49] RUN_END status=OK
[2026-09-20T13:47:55] RUN_START run_id=EDGE_NFD_143
[2026-09-20T13:47:55] PARAM implementation=NFD
[2026-09-20T13:47:55] PARAM device=RaspberryPi4B_4GB
[2026-09-20T13:47:55] PARAM nic=ASIX_AX88179_USB3_GbE
[2026-09-20T13:47:55] METRIC memory_mb=142.25
[2026-09-20T13:47:55] METRIC cpu_util_pct=71.34
[2026-09-20T13:47:55] METRIC startup_time_s=3.617
[2026-09-20T13:47:55] METRIC throughput_mbps=311.37
[2026-09-20T13:47:55] RUN_END status=OK
[2026-09-20T13:48:34] RUN_START run_id=EDGE_NFD_144
[2026-09-20T13:48:34] PARAM implementation=NFD
[2026-09-20T13:48:34] PARAM device=RaspberryPi4B_4GB
[2026-09-20T13:48:34] PARAM nic=ASIX_AX88179_USB3_GbE
[2026-09-20T13:48:34] METRIC memory_mb=135.06
[2026-09-20T13:48:34] METRIC cpu_util_pct=60.82
[2026-09-20T13:48:34] METRIC startup_time_s=3.687
[2026-09-20T13:48:34] METRIC throughput_mbps=311.13
[2026-09-20T13:48:34] RUN_END status=OK
[2026-09-20T13:49:46] RUN_START run_id=EDGE_NFD_145
[2026-09-20T13:49:46] PARAM implementation=NFD
[2026-09-20T13:49:46] PARAM device=RaspberryPi4B_4GB
[2026-09-20T13:49:46] PARAM nic=ASIX_AX88179_USB3_GbE
[2026-09-20T13:49:46] METRIC memory_mb=141.18
[2026-09-20T13:49:46] METRIC cpu_util_pct=61.03
[2026-09-20T13:49:46] METRIC startup_time_s=3.963
[2026-09-20T13:49:46] METRIC throughput_mbps=304.06
[2026-09-20T13:49:46] RUN_END status=OK
[2026-09-20T13:51:38] RUN_START run_id=EDGE_NFD_146
[2026-09-20T13:51:38] PARAM implementation=NFD
[2026-09-20T13:51:38] PARAM device=RaspberryPi4B_4GB
[2026-09-20T13:51:38] PARAM nic=ASIX_AX88179_USB3_GbE
[2026-09-20T13:51:38] METRIC memory_mb=135.14
[2026-09-20T13:51:38] METRIC cpu_util_pct=63.25
[2026-09-20T13:51:38] METRIC startup_time_s=3.925
[2026-09-20T13:51:38] METRIC throughput_mbps=289.54
[2026-09-20T13:51:38] RUN_END status=OK
[2026-09-20T13:53:19] RUN_START run_id=EDGE_NFD_147
[2026-09-20T13:53:19] PARAM implementation=NFD
[2026-09-20T13:53:19] PARAM device=RaspberryPi4B_4GB
[2026-09-20T13:53:19] PARAM nic=ASIX_AX88179_USB3_GbE
[2026-09-20T13:53:19] METRIC memory_mb=141.72
[2026-09-20T13:53:19] METRIC cpu_util_pct=64.94
[2026-09-20T13:53:19] METRIC startup_time_s=3.788
[2026-09-20T13:53:19] METRIC throughput_mbps=311.32
[2026-09-20T13:53:19] RUN_END status=OK
[2026-09-20T13:53:38] RUN_START run_id=EDGE_NFD_148
[2026-09-20T13:53:38] PARAM implementation=NFD
[2026-09-20T13:53:38] PARAM device=RaspberryPi4B_4GB
[2026-09-20T13:53:38] PARAM nic=ASIX_AX88179_USB3_GbE
[2026-09-20T13:53:38] METRIC memory_mb=137.93
[2026-09-20T13:53:38] METRIC cpu_util_pct=65.47
[2026-09-20T13:53:38] METRIC startup_time_s=3.762
[2026-09-20T13:53:38] METRIC throughput_mbps=325.13
[2026-09-20T13:53:38] RUN_END status=OK
[2026-09-20T13:54:05] RUN_START run_id=EDGE_NFD_149
[2026-09-20T13:54:05] PARAM implementation=NFD
[2026-09-20T13:54:05] PARAM device=RaspberryPi4B_4GB
[2026-09-20T13:54:05] PARAM nic=ASIX_AX88179_USB3_GbE
[2026-09-20T13:54:05] METRIC memory_mb=141.18
[2026-09-20T13:54:05] METRIC cpu_util_pct=66.17
[2026-09-20T13:54:05] METRIC startup_time_s=3.524
[2026-09-20T13:54:05] METRIC throughput_mbps=318.64
[2026-09-20T13:54:05] RUN_END status=OK
[2026-09-20T13:59:02] RUN_START run_id=EDGE_NFD_150
[2026-09-20T13:59:02] PARAM implementation=NFD
[2026-09-20T13:59:02] PARAM device=RaspberryPi4B_4GB
[2026-09-20T13:59:02] PARAM nic=ASIX_AX88179_USB3_GbE
[2026-09-20T13:59:02] METRIC memory_mb=130.46
[2026-09-20T13:59:02] METRIC cpu_util_pct=58.97
[2026-09-20T13:59:02] METRIC startup_time_s=3.829
[2026-09-20T13:59:02] METRIC throughput_mbps=323.72
[2026-09-20T13:59:02] RUN_END status=OK
[2026-09-21T13:00:00] RUN_START run_id=EDGE_CCNlite_001
[2026-09-21T13:00:00] PARAM implementation=CCNlite
[2026-09-21T13:00:00] PARAM device=RaspberryPi4B_4GB
[2026-09-21T13:00:00] PARAM nic=ASIX_AX88179_USB3_GbE
[2026-09-21T13:00:00] METRIC memory_mb=28.82
[2026-09-21T13:00:00] METRIC cpu_util_pct=46.79
[2026-09-21T13:00:00] METRIC startup_time_s=0.718
[2026-09-21T13:00:00] METRIC throughput_mbps=263.57
[2026-09-21T13:00:00] RUN_END status=OK
[2026-09-21T13:02:43] RUN_START run_id=EDGE_CCNlite_002
[2026-09-21T13:02:43] PARAM implementation=CCNlite
[2026-09-21T13:02:43] PARAM device=RaspberryPi4B_4GB
[2026-09-21T13:02:43] PARAM nic=ASIX_AX88179_USB3_GbE
[2026-09-21T13:02:43] METRIC memory_mb=27.98
[2026-09-21T13:02:43] METRIC cpu_util_pct=46.06
[2026-09-21T13:02:43] METRIC startup_time_s=0.678
[2026-09-21T13:02:43] METRIC throughput_mbps=274.38
[2026-09-21T13:02:43] RUN_END status=OK
[2026-09-21T13:05:04] RUN_START run_id=EDGE_CCNlite_003
[2026-09-21T13:05:04] PARAM implementation=CCNlite
[2026-09-21T13:05:04] PARAM device=RaspberryPi4B_4GB
[2026-09-21T13:05:04] PARAM nic=ASIX_AX88179_USB3_GbE
[2026-09-21T13:05:04] METRIC memory_mb=26.76
[2026-09-21T13:05:04] METRIC cpu_util_pct=50.17
[2026-09-21T13:05:04] METRIC startup_time_s=0.673
[2026-09-21T13:05:04] METRIC throughput_mbps=294.83
[2026-09-21T13:05:04] RUN_END status=OK
[2026-09-21T13:09:25] RUN_START run_id=EDGE_CCNlite_004
[2026-09-21T13:09:25] PARAM implementation=CCNlite
[2026-09-21T13:09:25] PARAM device=RaspberryPi4B_4GB
[2026-09-21T13:09:25] PARAM nic=ASIX_AX88179_USB3_GbE
[2026-09-21T13:09:25] METRIC memory_mb=28.53
[2026-09-21T13:09:25] METRIC cpu_util_pct=47.71
[2026-09-21T13:09:25] METRIC startup_time_s=0.659
[2026-09-21T13:09:25] METRIC throughput_mbps=289.07
[2026-09-21T13:09:25] RUN_END status=OK
[2026-09-21T13:11:29] RUN_START run_id=EDGE_CCNlite_005
[2026-09-21T13:11:29] PARAM implementation=CCNlite
[2026-09-21T13:11:29] PARAM device=RaspberryPi4B_4GB
[2026-09-21T13:11:29] PARAM nic=ASIX_AX88179_USB3_GbE
[2026-09-21T13:11:29] METRIC memory_mb=27.86
[2026-09-21T13:11:29] METRIC cpu_util_pct=46.33
[2026-09-21T13:11:29] METRIC startup_time_s=0.726
[2026-09-21T13:11:29] METRIC throughput_mbps=287.93
[2026-09-21T13:11:29] RUN_END status=OK
[2026-09-21T13:12:32] RUN_START run_id=EDGE_CCNlite_006
[2026-09-21T13:12:32] PARAM implementation=CCNlite
[2026-09-21T13:12:32] PARAM device=RaspberryPi4B_4GB
[2026-09-21T13:12:32] PARAM nic=ASIX_AX88179_USB3_GbE
[2026-09-21T13:12:32] METRIC memory_mb=27.89
[2026-09-21T13:12:32] METRIC cpu_util_pct=49.13
[2026-09-21T13:12:32] METRIC startup_time_s=0.766
[2026-09-21T13:12:32] METRIC throughput_mbps=280.86
[2026-09-21T13:12:32] RUN_END status=OK
[2026-09-21T13:13:18] RUN_START run_id=EDGE_CCNlite_007
[2026-09-21T13:13:18] PARAM implementation=CCNlite
[2026-09-21T13:13:18] PARAM device=RaspberryPi4B_4GB
[2026-09-21T13:13:18] PARAM nic=ASIX_AX88179_USB3_GbE
[2026-09-21T13:13:18] METRIC memory_mb=27.37
[2026-09-21T13:13:18] METRIC cpu_util_pct=42.86
[2026-09-21T13:13:18] METRIC startup_time_s=0.716
[2026-09-21T13:13:18] METRIC throughput_mbps=290.6
[2026-09-21T13:13:18] RUN_END status=OK
[2026-09-21T13:16:52] RUN_START run_id=EDGE_CCNlite_008
[2026-09-21T13:16:52] PARAM implementation=CCNlite
[2026-09-21T13:16:52] PARAM device=RaspberryPi4B_4GB
[2026-09-21T13:16:52] PARAM nic=ASIX_AX88179_USB3_GbE
[2026-09-21T13:16:52] METRIC memory_mb=29.49
[2026-09-21T13:16:52] METRIC cpu_util_pct=46.01
[2026-09-21T13:16:52] METRIC startup_time_s=0.652
[2026-09-21T13:16:52] METRIC throughput_mbps=263.74
[2026-09-21T13:16:52] RUN_END status=OK
[2026-09-21T13:18:50] RUN_START run_id=EDGE_CCNlite_009
[2026-09-21T13:18:50] PARAM implementation=CCNlite
[2026-09-21T13:18:50] PARAM device=RaspberryPi4B_4GB
[2026-09-21T13:18:50] PARAM nic=ASIX_AX88179_USB3_GbE
[2026-09-21T13:18:50] METRIC memory_mb=26.53
[2026-09-21T13:18:50] METRIC cpu_util_pct=48.95
[2026-09-21T13:18:50] METRIC startup_time_s=0.708
[2026-09-21T13:18:50] METRIC throughput_mbps=265.71
[2026-09-21T13:18:50] RUN_END status=OK
[2026-09-21T13:20:56] RUN_START run_id=EDGE_CCNlite_010
[2026-09-21T13:20:56] PARAM implementation=CCNlite
[2026-09-21T13:20:56] PARAM device=RaspberryPi4B_4GB
[2026-09-21T13:20:56] PARAM nic=ASIX_AX88179_USB3_GbE
[2026-09-21T13:20:56] METRIC memory_mb=27.14
[2026-09-21T13:20:56] METRIC cpu_util_pct=40.64
[2026-09-21T13:20:56] METRIC startup_time_s=0.717
[2026-09-21T13:20:56] METRIC throughput_mbps=260.76
[2026-09-21T13:20:56] RUN_END status=OK
[2026-09-21T13:22:49] RUN_START run_id=EDGE_CCNlite_011
[2026-09-21T13:22:49] PARAM implementation=CCNlite
[2026-09-21T13:22:49] PARAM device=RaspberryPi4B_4GB
[2026-09-21T13:22:49] PARAM nic=ASIX_AX88179_USB3_GbE
[2026-09-21T13:22:49] METRIC memory_mb=27.48
[2026-09-21T13:22:49] METRIC cpu_util_pct=47.7
[2026-09-21T13:22:49] METRIC startup_time_s=0.703
[2026-09-21T13:22:49] METRIC throughput_mbps=289.13
[2026-09-21T13:22:49] RUN_END status=OK
