[2026-09-22T15:44:05] RUN_START run_id=EDGE_CCNlite_028
[2026-09-22T15:44:05] PARAM implementation=CCNlite
[2026-09-22T15:44:05] PARAM device=RaspberryPi4B_4GB
[2026-09-22T15:44:05] PARAM nic=ASIX_AX88179_USB3_GbE
[2026-09-22T15:44:05] METRIC memory_mb=27.73
[2026-09-22T15:44:05] METRIC cpu_util_pct=47.31
[2026-09-22T15:44:05] METRIC startup_time_s=0.689
[2026-09-22T15:44:05] METRIC throughput_mbps=265.08
[2026-09-22T15:44:05] RUN_END status=OK
[2026-09-22T15:46:44] RUN_START run_id=EDGE_CCNlite_029
[2026-09-22T15:46:44] PARAM implementation=CCNlite
[2026-09-22T15:46:44] PARAM device=RaspberryPi4B_4GB
[2026-09-22T15:46:44] PARAM nic=ASIX_AX88179_USB3_GbE
[2026-09-22T15:46:44] METRIC memory_mb=27.42
[2026-09-22T15:46:44] METRIC cpu_util_pct=46.88
[2026-09-22T15:46:44] METRIC startup_time_s=0.681
[2026-09-22T15:46:44] METRIC throughput_mbps=298.86
[2026-09-22T15:46:44] RUN_END status=OK
[2026-09-22T15:47:43] RUN_START run_id=EDGE_CCNlite_030
[2026-09-22T15:47:43] PARAM implementation=CCNlite
[2026-09-22T15:47:43] PARAM device=RaspberryPi4B_4GB
[2026-09-22T15:47:43] PARAM nic=ASIX_AX88179_USB3_GbE
[2026-09-22T15:47:43] METRIC memory_mb=28.3
[2026-09-22T15:47:43] METRIC cpu_util_pct=47.67
[2026-09-22T15:47:43] METRIC startup_time_s=0.598
[2026-09-22T15:47:43] METRIC throughput_mbps=262.24
[2026-09-22T15:47:43] RUN_END status=OK
[2026-09-22T15:49:25] RUN_START run_id=EDGE_CCNlite_031
[2026-09-22T15:49:25] PARAM implementation=CCNlite
[2026-09-22T15:49:25] PARAM device=RaspberryPi4B_4GB
[2026-09-22T15:49:25] PARAM nic=ASIX_AX88179_USB3_GbE
[2026-09-22T15:49:25] METRIC memory_mb=27.34
[2026-09-22T15:49:25] METRIC cpu_util_pct=47.01
[2026-09-22T15:49:25] METRIC startup_time_s=0.598
[2026-09-22T15:49:25] METRIC throughput_mbps=280.07
[2026-09-22T15:49:25] RUN_END status=OK
[2026-09-22T15:52:43] RUN_START run_id=EDGE_CCNlite_032
[2026-09-22T15:52:43] PARAM implementation=CCNlite
[2026-09-22T15:52:43] PARAM device=RaspberryPi4B_4GB
[2026-09-22T15:52:43] PARAM nic=ASIX_AX88179_USB3_GbE
[2026-09-22T15:52:43] METRIC memory_mb=29.25
[2026-09-22T15:52:43] METRIC cpu_util_pct=48.64
[2026-09-22T15:52:43] METRIC startup_time_s=0.696
[2026-09-22T15:52:43] METRIC throughput_mbps=275.68
[2026-09-22T15:52:43] RUN_END status=OK
[2026-09-22T15:54:49] RUN_START run_id=EDGE_CCNlite_033
[2026-09-22T15:54:49] PARAM implementation=CCNlite
[2026-09-22T15:54:49] PARAM device=RaspberryPi4B_4GB
[2026-09-22T15:54:49] PARAM nic=ASIX_AX88179_USB3_GbE
[2026-09-22T15:54:49] METRIC memory_mb=28.11
[2026-09-22T15:54:49] METRIC cpu_util_pct=44.26
[2026-09-22T15:54:49] METRIC startup_time_s=0.663
[2026-09-22T15:54:49] METRIC throughput_mbps=301.25
[2026-09-22T15:54:49] RUN_END status=OK
[2026-09-22T15:56:31] RUN_START run_id=EDGE_CCNlite_034
[2026-09-22T15:56:31] PARAM implementation=CCNlite
[2026-09-22T15:56:31] PARAM device=RaspberryPi4B_4GB
[2026-09-22T15:56:31] PARAM nic=ASIX_AX88179_USB3_GbE
[2026-09-22T15:56:31] METRIC memory_mb=26.82
[2026-09-22T15:56:31] METRIC cpu_util_pct=47.34
[2026-09-22T15:56:31] METRIC startup_time_s=0.66
[2026-09-22T15:56:31] METRIC throughput_mbps=278.43
[2026-09-22T15:56:31] RUN_END status=OK
[2026-09-22T15:59:31] RUN_START run_id=EDGE_CCNlite_035
[2026-09-22T15:59:31] PARAM implementation=CCNlite
[2026-09-22T15:59:31] PARAM device=RaspberryPi4B_4GB
[2026-09-22T15:59:31] PARAM nic=ASIX_AX88179_USB3_GbE
[2026-09-22T15:59:31] METRIC memory_mb=28.41
[2026-09-22T15:59:31] METRIC cpu_util_pct=44.64
[2026-09-22T15:59:31] METRIC startup_time_s=0.663
[2026-09-22T15:59:31] METRIC throughput_mbps=293.92
[2026-09-22T15:59:31] RUN_END status=OK
[2026-09-22T16:01:11] RUN_START run_id=EDGE_CCNlite_036
[2026-09-22T16:01:11] PARAM implementation=CCNlite
[2026-09-22T16:01:11] PARAM device=RaspberryPi4B_4GB
[2026-09-22T16:01:11] PARAM nic=ASIX_AX88179_USB3_GbE
[2026-09-22T16:01:11] METRIC memory_mb=28.51
[2026-09-22T16:01:11] METRIC cpu_util_pct=50.45
[2026-09-22T16:01:11] METRIC startup_time_s=0.759
[2026-09-22T16:01:11] METRIC throughput_mbps=297.89
[2026-09-22T16:01:11] RUN_END status=OK
[2026-09-22T16:02:52] RUN_START run_id=EDGE_CCNlite_037
[2026-09-22T16:02:52] PARAM implementation=CCNlite
[2026-09-22T16:02:52] PARAM device=RaspberryPi4B_4GB
[2026-09-22T16:02:52] PARAM nic=ASIX_AX88179_USB3_GbE
[2026-09-22T16:02:52] METRIC memory_mb=27.2
[2026-09-22T16:02:52] METRIC cpu_util_pct=46.32
[2026-09-22T16:02:52] METRIC startup_time_s=0.689
[2026-09-22T16:02:52] METRIC throughput_mbps=276.78
[2026-09-22T16:02:52] RUN_END status=OK
[2026-09-22T16:03:41] RUN_START run_id=EDGE_CCNlite_038
[2026-09-22T16:03:41] PARAM implementation=CCNlite
[2026-09-22T16:03:41] PARAM device=RaspberryPi4B_4GB
[2026-09-22T16:03:41] PARAM nic=ASIX_AX88179_USB3_GbE
[2026-09-22T16:03:41] METRIC memory_mb=27.46
[2026-09-22T16:03:41] METRIC cpu_util_pct=48.41
[2026-09-22T16:03:41] METRIC startup_time_s=0.788
[2026-09-22T16:03:41] METRIC throughput_mbps=288.49
[2026-09-22T16:03:41] RUN_END status=OK
[2026-09-22T16:05:17] RUN_START run_id=EDGE_CCNlite_039
[2026-09-22T16:05:17] PARAM implementation=CCNlite
[2026-09-22T16:05:17] PARAM device=RaspberryPi4B_4GB
[2026-09-22T16:05:17] PARAM nic=ASIX_AX88179_USB3_GbE
[2026-09-22T16:05:17] METRIC memory_mb=28.93
[2026-09-22T16:05:17] METRIC cpu_util_pct=45.23
[2026-09-22T16:05:17] METRIC startup_time_s=0.637
[2026-09-22T16:05:17] METRIC throughput_mbps=273.93
[2026-09-22T16:05:17] RUN_END status=OK
[2026-09-22T16:06:19] RUN_START run_id=EDGE_CCNlite_040
[2026-09-22T16:06:19] PARAM implementation=CCNlite
[2026-09-22T16:06:19] PARAM device=RaspberryPi4B_4GB
[2026-09-22T16:06:19] PARAM nic=ASIX_AX88179_USB3_GbE
[2026-09-22T16:06:19] METRIC memory_mb=26.73
[2026-09-22T16:06:19] METRIC cpu_util_pct=45.29
[2026-09-22T16:06:19] METRIC startup_time_s=0.663
[2026-09-22T16:06:19] METRIC throughput_mbps=299.96
[2026-09-22T16:06:19] RUN_END status=OK
[2026-09-22T16:08:02] RUN_START run_id=EDGE_CCNlite_041
[2026-09-22T16:08:02] PARAM implementation=CCNlite
[2026-09-22T16:08:02] PARAM device=RaspberryPi4B_4GB
[2026-09-22T16:08:02] PARAM nic=ASIX_AX88179_USB3_GbE
[2026-09-22T16:08:02] METRIC memory_mb=27.63
[2026-09-22T16:08:02] METRIC cpu_util_pct=45.09
[2026-09-22T16:08:02] METRIC startup_time_s=0.714
[2026-09-22T16:08:02] METRIC throughput_mbps=295.23
[2026-09-22T16:08:02] RUN_END status=OK
[2026-09-22T16:10:31] RUN_START run_id=EDGE_CCNlite_042
[2026-09-22T16:10:31] PARAM implementation=CCNlite
[2026-09-22T16:10:31] PARAM device=RaspberryPi4B_4GB
[2026-09-22T16:10:31] PARAM nic=ASIX_AX88179_USB3_GbE
[2026-09-22T16:10:31] METRIC memory_mb=27.94
[2026-09-22T16:10:31] METRIC cpu_util_pct=46.31
[2026-09-22T16:10:31] METRIC startup_time_s=0.648
[2026-09-22T16:10:31] METRIC throughput_mbps=283.88
[2026-09-22T16:10:31] RUN_END status=OK
[2026-09-22T16:14:47] RUN_START run_id=EDGE_CCNlite_043
[2026-09-22T16:14:47] PARAM implementation=CCNlite
[2026-09-22T16:14:47] PARAM device=RaspberryPi4B_4GB
[2026-09-22T16:14:47] PARAM nic=ASIX_AX88179_USB3_GbE
[2026-09-22T16:14:47] METRIC memory_mb=29.59
[2026-09-22T16:14:47] METRIC cpu_util_pct=47.28
[2026-09-22T16:14:47] METRIC startup_time_s=0.623
[2026-09-22T16:14:47] METRIC throughput_mbps=279.22
[2026-09-22T16:14:47] RUN_END status=OK
[2026-09-22T16:15:08] RUN_START run_id=EDGE_CCNlite_044
[2026-09-22T16:15:08] PARAM implementation=CCNlite
[2026-09-22T16:15:08] PARAM device=RaspberryPi4B_4GB
[2026-09-22T16:15:08] PARAM nic=ASIX_AX88179_USB3_GbE
[2026-09-22T16:15:08] METRIC memory_mb=28.54
[2026-09-22T16:15:08] METRIC cpu_util_pct=45.32
[2026-09-22T16:15:08] METRIC startup_time_s=0.736
[2026-09-22T16:15:08] METRIC throughput_mbps=290.49
[2026-09-22T16:15:08] RUN_END status=OK
[2026-09-22T16:15:21] RUN_START run_id=EDGE_CCNlite_045
[2026-09-22T16:15:21] PARAM implementation=CCNlite
[2026-09-22T16:15:21] PARAM device=RaspberryPi4B_4GB
[2026-09-22T16:15:21] PARAM nic=ASIX_AX88179_USB3_GbE
[2026-09-22T16:15:21] METRIC memory_mb=28.94
[2026-09-22T16:15:21] METRIC cpu_util_pct=47.62
[2026-09-22T16:15:21] METRIC startup_time_s=0.644
[2026-09-22T16:15:21] METRIC throughput_mbps=270.22
[2026-09-22T16:15:21] RUN_END status=OK
[2026-09-22T16:15:33] RUN_START run_id=EDGE_CCNlite_046
[2026-09-22T16:15:33] PARAM implementation=CCNlite
[2026-09-22T16:15:33] PARAM device=RaspberryPi4B_4GB
[2026-09-22T16:15:33] PARAM nic=ASIX_AX88179_USB3_GbE
[2026-09-22T16:15:33] METRIC memory_mb=27.18
[2026-09-22T16:15:33] METRIC cpu_util_pct=47.76
[2026-09-22T16:15:33] METRIC startup_time_s=0.712
[2026-09-22T16:15:33] METRIC throughput_mbps=300.57
[2026-09-22T16:15:33] RUN_END status=OK
[2026-09-22T16:16:16] RUN_START run_id=EDGE_CCNlite_047
[2026-09-22T16:16:16] PARAM implementation=CCNlite
[2026-09-22T16:16:16] PARAM device=RaspberryPi4B_4GB
[2026-09-22T16:16:16] PARAM nic=ASIX_AX88179_USB3_GbE
[2026-09-22T16:16:16] METRIC memory_mb=26.83
[2026-09-22T16:16:16] METRIC cpu_util_pct=45.35
[2026-09-22T16:16:16] METRIC startup_time_s=0.674
[2026-09-22T16:16:16] METRIC throughput_mbps=279.48
[2026-09-22T16:16:16] RUN_END status=OK
