[2026-09-17T02:48:48] RUN_START run_id=EDGE_NFD_062
[2026-09-17T02:48:48] PARAM implementation=NFD
[2026-09-17T02:48:48] PARAM device=RaspberryPi4B_4GB
[2026-09-17T02:48:48] PARAM nic=ASIX_AX88179_USB3_GbE
[2026-09-17T02:48:48] METRIC memory_mb=139.32
[2026-09-17T02:48:48] METRIC cpu_util_pct=59.53
[2026-09-17T02:48:48] METRIC startup_time_s=4.023
[2026-09-17T02:48:48] METRIC throughput_mbps=312.17
[2026-09-17T02:48:48] RUN_END status=OK
[2026-09-17T02:50:44] RUN_START run_id=EDGE_NFD_063
[2026-09-17T02:50:44] PARAM implementation=NFD
[2026-09-17T02:50:44] PARAM device=RaspberryPi4B_4GB
[2026-09-17T02:50:44] PARAM nic=ASIX_AX88179_USB3_GbE
[2026-09-17T02:50:44] METRIC memory_mb=136.76
[2026-09-17T02:50:44] METRIC cpu_util_pct=66.85
[2026-09-17T02:50:44] METRIC startup_time_s=4.025
[2026-09-17T02:50:44] METRIC throughput_mbps=311.96
[2026-09-17T02:50:44] RUN_END status=OK
[2026-09-17T02:53:30] RUN_START run_id=EDGE_NFD_064
[2026-09-17T02:53:30] PARAM implementation=NFD
[2026-09-17T02:53:30] PARAM device=RaspberryPi4B_4GB
[2026-09-17T02:53:30] PARAM nic=ASIX_AX88179_USB3_GbE
[2026-09-17T02:53:30] METRIC memory_mb=132.95
[2026-09-17T02:53:30] METRIC cpu_util_pct=65.71
[2026-09-17T02:53:30] METRIC startup_time_s=3.892
[2026-09-17T02:53:30] METRIC throughput_mbps=307.13
[2026-09-17T02:53:30] RUN_END status=OK
[2026-09-17T02:57:38] RUN_START run_id=EDGE_NFD_065
[2026-09-17T02:57:38] PARAM implementation=NFD
[2026-09-17T02:57:38] PARAM device=RaspberryPi4B_4GB
[2026-09-17T02:57:38] PARAM nic=ASIX_AX88179_USB3_GbE
[2026-09-17T02:57:38] METRIC memory_mb=131.92
[2026-09-17T02:57:38] METRIC cpu_util_pct=62.16
[2026-09-17T02:57:38] METRIC startup_time_s=3.705
[2026-09-17T02:57:38] METRIC throughput_mbps=331.97
[2026-09-17T02:57:38] RUN_END status=OK
[2026-09-17T03:00:04] RUN_START run_id=EDGE_NFD_066
[2026-09-17T03:00:04] PARAM implementation=NFD
[2026-09-17T03:00:04] PARAM device=RaspberryPi4B_4GB
[2026-09-17T03:00:04] PARAM nic=ASIX_AX88179_USB3_GbE
[2026-09-17T03:00:04] METRIC memory_mb=151.71
[2026-09-17T03:00:04] METRIC cpu_util_pct=66.34
[2026-09-17T03:00:04] METRIC startup_time_s=3.722
[2026-09-17T03:00:04] METRIC throughput_mbps=314.01
[2026-09-17T03:00:04] RUN_END status=OK
[2026-09-17T03:00:59] RUN_START run_id=EDGE_NFD_067
[2026-09-17T03:00:59] PARAM implementation=NFD
[2026-09-17T03:00:59] PARAM device=RaspberryPi4B_4GB
[2026-09-17T03:00:59] PARAM nic=ASIX_AX88179_USB3_GbE
[2026-09-17T03:00:59] METRIC memory_mb=139.51
[2026-09-17T03:00:59] METRIC cpu_util_pct=63.43
[2026-09-17T03:00:59] METRIC startup_time_s=4.297
[2026-09-17T03:00:59] METRIC throughput_mbps=318.48
[2026-09-17T03:00:59] RUN_END status=OK
[2026-09-17T03:01:49] RUN_START run_id=EDGE_NFD_068
[2026-09-17T03:01:49] PARAM implementation=NFD
[2026-09-17T03:01:49] PARAM device=RaspberryPi4B_4GB
[2026-09-17T03:01:49] PARAM nic=ASIX_AX88179_USB3_GbE
[2026-09-17T03:01:49] METRIC memory_mb=128.53
[2026-09-17T03:01:49] METRIC cpu_util_pct=59.78
[2026-09-17T03:01:49] METRIC startup_time_s=3.623
[2026-09-17T03:01:49] METRIC throughput_mbps=317.05
[2026-09-17T03:01:49] RUN_END status=OK
[2026-09-17T03:02:38] RUN_START run_id=EDGE_NFD_069
[2026-09-17T03:02:38] PARAM implementation=NFD
[2026-09-17T03:02:38] PARAM device=RaspberryPi4B_4GB
[2026-09-17T03:02:38] PARAM nic=ASIX_AX88179_USB3_GbE
[2026-09-17T03:02:38] METRIC memory_mb=141.33
[2026-09-17T03:02:38] METRIC cpu_util_pct=65.31
[2026-09-17T03:02:38] METRIC startup_time_s=3.448
[2026-09-17T03:02:38] METRIC throughput_mbps=311.65
[2026-09-17T03:02:38] RUN_END status=OK
[2026-09-17T03:03:35] RUN_START run_id=EDGE_NFD_070
[2026-09-17T03:03:35] PARAM implementation=NFD
[2026-09-17T03:03:35] PARAM device=RaspberryPi4B_4GB
[2026-09-17T03:03:35] PARAM nic=ASIX_AX88179_USB3_GbE
[2026-09-17T03:03:35] METRIC memory_mb=139.97
[2026-09-17T03:03:35] METRIC cpu_util_pct=62.61
[2026-09-17T03:03:35] METRIC startup_time_s=3.639
[2026-09-17T03:03:35] METRIC throughput_mbps=321.92
[2026-09-17T03:03:35] RUN_END status=OK
[2026-09-17T03:05:33] RUN_START run_id=EDGE_NFD_071
[2026-09-17T03:05:33] PARAM implementation=NFD
[2026-09-17T03:05:33] PARAM device=RaspberryPi4B_4GB
[2026-09-17T03:05:33] PARAM nic=ASIX_AX88179_USB3_GbE
[2026-09-17T03:05:33] METRIC memory_mb=135.39
[2026-09-17T03:05:33] METRIC cpu_util_pct=66.24
[2026-09-17T03:05:33] METRIC startup_time_s=3.364
[2026-09-17T03:05:33] METRIC throughput_mbps=313.24
[2026-09-17T03:05:33] RUN_END status=OK
[2026-09-17T03:07:00] RUN_START run_id=EDGE_NFD_072
[2026-09-17T03:07:00] PARAM implementation=NFD
[2026-09-17T03:07:00] PARAM device=RaspberryPi4B_4GB
[2026-09-17T03:07:00] PARAM nic=ASIX_AX88179_USB3_GbE
[2026-09-17T03:07:00] METRIC memory_mb=137.97
[2026-09-17T03:07:00] METRIC cpu_util_pct=62.48
[2026-09-17T03:07:00] METRIC startup_time_s=3.64
[2026-09-17T03:07:00] METRIC throughput_mbps=284.16
[2026-09-17T03:07:00] RUN_END status=OK
[2026-09-17T03:08:19] RUN_START run_id=EDGE_NFD_073
[2026-09-17T03:08:19] PARAM implementation=NFD
[2026-09-17T03:08:19] PARAM device=RaspberryPi4B_4GB
[2026-09-17T03:08:19] PARAM nic=ASIX_AX88179_USB3_GbE
[2026-09-17T03:08:19] METRIC memory_mb=143.73
[2026-09-17T03:08:19] METRIC cpu_util_pct=61.49
[2026-09-17T03:08:19] METRIC startup_time_s=4.296
[2026-09-17T03:08:19] METRIC throughput_mbps=310.45
[2026-09-17T03:08:19] RUN_END status=OK
[2026-09-17T15:19:28] RUN_START run_id=EDGE_NFD_074
[2026-09-17T15:19:28] PARAM implementation=NFD
[2026-09-17T15:19:28] PARAM device=RaspberryPi4B_4GB
[2026-09-17T15:19:28] PARAM nic=ASIX_AX88179_USB3_GbE
[2026-09-17T15:19:28] METRIC memory_mb=136.1
[2026-09-17T15:19:28] METRIC cpu_util_pct=65.22
[2026-09-17T15:19:28] METRIC startup_time_s=3.853
[2026-09-17T15:19:28] METRIC throughput_mbps=303.55
[2026-09-17T15:19:28] RUN_END status=OK
[2026-09-17T15:20:52] RUN_START run_id=EDGE_NFD_075
[2026-09-17T15:20:52] PARAM implementation=NFD
[2026-09-17T15:20:52] PARAM device=RaspberryPi4B_4GB
[2026-09-17T15:20:52] PARAM nic=ASIX_AX88179_USB3_GbE
[2026-09-17T15:20:52] METRIC memory_mb=139.56
[2026-09-17T15:20:52] METRIC cpu_util_pct=60.43
[2026-09-17T15:20:52] METRIC startup_time_s=3.844
[2026-09-17T15:20:52] METRIC throughput_mbps=317.11
[2026-09-17T15:20:52] RUN_END status=OK
