[2026-09-24T14:07:37] RUN_START run_id=EDGE_CCNlite_100
[2026-09-24T14:07:37] PARAM implementation=CCNlite
[2026-09-24T14:07:37] PARAM device=RaspberryPi4B_4GB
[2026-09-24T14:07:37] PARAM nic=ASIX_AX88179_USB3_GbE
[2026-09-24T14:07:37] METRIC memory_mb=29.64
[2026-09-24T14:07:37] METRIC cpu_util_pct=49.02
[2026-09-24T14:07:37] METRIC startup_time_s=0.642
[2026-09-24T14:07:37] METRIC throughput_mbps=280.66
[2026-09-24T14:07:37] RUN_END status=OK
[2026-09-24T14:09:18] RUN_START run_id=EDGE_CCNlite_101
[2026-09-24T14:09:18] PARAM implementation=CCNlite
[2026-09-24T14:09:18] PARAM device=RaspberryPi4B_4GB
[2026-09-24T14:09:18] PARAM nic=ASIX_AX88179_USB3_GbE
[2026-09-24T14:09:18] METRIC memory_mb=28.07
[2026-09-24T14:09:18] METRIC cpu_util_pct=45.57
[2026-09-24T14:09:18] METRIC startup_time_s=0.753
[2026-09-24T14:09:18] METRIC throughput_mbps=295.2
[2026-09-24T14:09:18] RUN_END status=OK
[2026-09-24T14:10:53] RUN_START run_id=EDGE_CCNlite_102
[2026-09-24T14:10:53] PARAM implementation=CCNlite
[2026-09-24T14:10:53] PARAM device=RaspberryPi4B_4GB
[2026-09-24T14:10:53] PARAM nic=ASIX_AX88179_USB3_GbE
[2026-09-24T14:10:53] METRIC memory_mb=28.41
[2026-09-24T14:10:53] METRIC cpu_util_pct=50.36
[2026-09-24T14:10:53] METRIC startup_time_s=0.695
[2026-09-24T14:10:53] METRIC throughput_mbps=285.2
[2026-09-24T14:10:53] RUN_END status=OK
[2026-09-25T07:06:26] RUN_START run_id=EDGE_CCNlite_103
[2026-09-25T07:06:26] PARAM implementation=CCNlite
[2026-09-25T07:06:26] PARAM device=RaspberryPi4B_4GB
[2026-09-25T07:06:26] PARAM nic=ASIX_AX88179_USB3_GbE
[2026-09-25T07:06:26] METRIC memory_mb=28.88
[2026-09-25T07:06:26] METRIC cpu_util_pct=49.24
[2026-09-25T07:06:26] METRIC startup_time_s=0.679
[2026-09-25T07:06:26] METRIC throughput_mbps=273.23
[2026-09-25T07:06:26] RUN_END status=OK
[2026-09-25T07:07:15] RUN_START run_id=10_edge_resource_consumption_DISCARDED_0035
[2026-09-25T07:07:15] RUN_ABORTED reason=thermal_throttle: Raspberry Pi SoC exceeded 80C, CPU governor throttled clock mid-run, measurement discarded
[2026-09-25T07:07:30] RUN_START run_id=EDGE_CCNlite_104
[2026-09-25T07:07:30] PARAM implementation=CCNlite
[2026-09-25T07:07:30] PARAM device=RaspberryPi4B_4GB
[2026-09-25T07:07:30] PARAM nic=ASIX_AX88179_USB3_GbE
[2026-09-25T07:07:30] METRIC memory_mb=27.69
[2026-09-25T07:07:30] METRIC cpu_util_pct=50.07
[2026-09-25T07:07:30] METRIC startup_time_s=0.821
[2026-09-25T07:07:30] METRIC throughput_mbps=288.7
[2026-09-25T07:07:30] RUN_END status=OK
[2026-09-25T07:12:01] RUN_START run_id=EDGE_CCNlite_105
[2026-09-25T07:12:01] PARAM implementation=CCNlite
[2026-09-25T07:12:01] PARAM device=RaspberryPi4B_4GB
[2026-09-25T07:12:01] PARAM nic=ASIX_AX88179_USB3_GbE
[2026-09-25T07:12:01] METRIC memory_mb=27.07
[2026-09-25T07:12:01] METRIC cpu_util_pct=46.89
[2026-09-25T07:12:01] METRIC startup_time_s=0.629
[2026-09-25T07:12:01] METRIC throughput_mbps=271.03
[2026-09-25T07:12:01] RUN_END status=OK
[2026-09-25T07:12:31] RUN_START run_id=EDGE_CCNlite_106
[2026-09-25T07:12:31] PARAM implementation=CCNlite
[2026-09-25T07:12:31] PARAM device=RaspberryPi4B_4GB
[2026-09-25T07:12:31] PARAM nic=ASIX_AX88179_USB3_GbE
[2026-09-25T07:12:31] METRIC memory_mb=27.43
[2026-09-25T07:12:31] METRIC cpu_util_pct=48.29
[2026-09-25T07:12:31] METRIC startup_time_s=0.732
[2026-09-25T07:12:31] METRIC throughput_mbps=266.37
[2026-09-25T07:12:31] RUN_END status=OK
[2026-09-25T07:13:45] RUN_START run_id=EDGE_CCNlite_107
[2026-09-25T07:13:45] PARAM implementation=CCNlite
[2026-09-25T07:13:45] PARAM device=RaspberryPi4B_4GB
[2026-09-25T07:13:45] PARAM nic=ASIX_AX88179_USB3_GbE
[2026-09-25T07:13:45] METRIC memory_mb=28.5
[2026-09-25T07:13:45] METRIC cpu_util_pct=42.94
[2026-09-25T07:13:45] METRIC startup_time_s=0.738
[2026-09-25T07:13:45] METRIC throughput_mbps=277.03
[2026-09-25T07:13:45] RUN_END status=OK
[2026-09-25T07:16:34] RUN_START run_id=EDGE_CCNlite_108
[2026-09-25T07:16:34] PARAM implementation=CCNlite
[2026-09-25T07:16:34] PARAM device=RaspberryPi4B_4GB
[2026-09-25T07:16:34] PARAM nic=ASIX_AX88179_USB3_GbE
[2026-09-25T07:16:34] METRIC memory_mb=28.5
[2026-09-25T07:16:34] METRIC cpu_util_pct=46.57
[2026-09-25T07:16:34] METRIC startup_time_s=0.674
[2026-09-25T07:16:34] METRIC throughput_mbps=289.09
[2026-09-25T07:16:34] RUN_END status=OK
[2026-09-25T07:19:54] RUN_START run_id=EDGE_CCNlite_109
[2026-09-25T07:19:54] PARAM implementation=CCNlite
[2026-09-25T07:19:54] PARAM device=RaspberryPi4B_4GB
[2026-09-25T07:19:54] PARAM nic=ASIX_AX88179_USB3_GbE
[2026-09-25T07:19:54] METRIC memory_mb=25.35
[2026-09-25T07:19:54] METRIC cpu_util_pct=42.04
[2026-09-25T07:19:54] METRIC startup_time_s=0.701
[2026-09-25T07:19:54] METRIC throughput_mbps=295.85
[2026-09-25T07:19:54] RUN_END status=OK
[2026-09-25T07:22:21] RUN_START run_id=EDGE_CCNlite_110
[2026-09-25T07:22:21] PARAM implementation=CCNlite
[2026-09-25T07:22:21] PARAM device=RaspberryPi4B_4GB
[2026-09-25T07:22:21] PARAM nic=ASIX_AX88179_USB3_GbE
[2026-09-25T07:22:21] METRIC memory_mb=27.3
[2026-09-25T07:22:21] METRIC cpu_util_pct=46.42
[2026-09-25T07:22:21] METRIC startup_time_s=0.702
[2026-09-25T07:22:21] METRIC throughput_mbps=275.25
[2026-09-25T07:22:21] RUN_END status=OK
[2026-09-25T07:22:36] RUN_START run_id=EDGE_CCNlite_111
[2026-09-25T07:22:36] PARAM implementation=CCNlite
[2026-09-25T07:22:36] PARAM device=RaspberryPi4B_4GB
[2026-09-25T07:22:36] PARAM nic=ASIX_AX88179_USB3_GbE
[2026-09-25T07:22:36] METRIC memory_mb=27.08
[2026-09-25T07:22:36] METRIC cpu_util_pct=44.86
[2026-09-25T07:22:36] METRIC startup_time_s=0.723
[2026-09-25T07:22:36] METRIC throughput_mbps=264.54
[2026-09-25T07:22:36] RUN_END status=OK
[2026-09-25T07:25:35] RUN_START run_id=EDGE_CCNlite_112
[2026-09-25T07:25:35] PARAM implementation=CCNlite
[2026-09-25T07:25:35] PARAM device=RaspberryPi4B_4GB
[2026-09-25T07:25:35] PARAM nic=ASIX_AX88179_USB3_GbE
[2026-09-25T07:25:35] METRIC memory_mb=26.98
[2026-09-25T07:25:35] METRIC cpu_util_pct=44.47
[2026-09-25T07:25:35] METRIC startup_time_s=0.77
[2026-09-25T07:25:35] METRIC throughput_mbps=294.26
[2026-09-25T07:25:35] RUN_END status=OK
[2026-09-25T07:27:56] RUN_START run_id=EDGE_CCNlite_113
[2026-09-25T07:27:56] PARAM implementation=CCNlite
[2026-09-25T07:27:56] PARAM device=RaspberryPi4B_4GB
[2026-09-25T07:27:56] PARAM nic=ASIX_AX88179_USB3_GbE
[2026-09-25T07:27:56] METRIC memory_mb=29.19
[2026-09-25T07:27:56] METRIC cpu_util_pct=46.41
[2026-09-25T07:27:56] METRIC startup_time_s=0.789
[2026-09-25T07:27:56] METRIC throughput_mbps=287.0
[2026-09-25T07:27:56] RUN_END status=OK
[2026-09-25T07:31:38] RUN_START run_id=EDGE_CCNlite_114
[2026-09-25T07:31:38] PARAM implementation=CCNlite
[2026-09-25T07:31:38] PARAM device=RaspberryPi4B_4GB
[2026-09-25T07:31:38] PARAM nic=ASIX_AX88179_USB3_GbE
[2026-09-25T07:31:38] METRIC memory_mb=29.53
[2026-09-25T07:31:38] METRIC cpu_util_pct=45.54
[2026-09-25T07:31:38] METRIC startup_time_s=0.63
[2026-09-25T07:31:38] METRIC throughput_mbps=263.87
[2026-09-25T07:31:38] RUN_END status=OK
[2026-09-25T07:33:17] RUN_START run_id=EDGE_CCNlite_115
[2026-09-25T07:33:17] PARAM implementation=CCNlite
[2026-09-25T07:33:17] PARAM device=RaspberryPi4B_4GB
[2026-09-25T07:33:17] PARAM nic=ASIX_AX88179_USB3_GbE
[2026-09-25T07:33:17] METRIC memory_mb=27.12
[2026-09-25T07:33:17] METRIC cpu_util_pct=46.6
[2026-09-25T07:33:17] METRIC startup_time_s=0.63
[2026-09-25T07:33:17] METRIC throughput_mbps=267.23
[2026-09-25T07:33:17] RUN_END status=OK
[2026-09-25T07:33:47] RUN_START run_id=EDGE_CCNlite_116
[2026-09-25T07:33:47] PARAM implementation=CCNlite
[2026-09-25T07:33:47] PARAM device=RaspberryPi4B_4GB
[2026-09-25T07:33:47] PARAM nic=ASIX_AX88179_USB3_GbE
[2026-09-25T07:33:47] METRIC memory_mb=28.47
[2026-09-25T07:33:47] METRIC cpu_util_pct=49.72
[2026-09-25T07:33:47] METRIC startup_time_s=0.667
[2026-09-25T07:33:47] METRIC throughput_mbps=257.41
[2026-09-25T07:33:47] RUN_END status=OK
