[2026-09-17T15:22:12] RUN_START run_id=EDGE_NFD_076
[2026-09-17T15:22:12] PARAM implementation=NFD
[2026-09-17T15:22:12] PARAM device=RaspberryPi4B_4GB
[2026-09-17T15:22:12] PARAM nic=ASIX_AX88179_USB3_GbE
[2026-09-17T15:22:12] METRIC memory_mb=127.9
[2026-09-17T15:22:12] METRIC cpu_util_pct=63.17
[2026-09-17T15:22:12] METRIC startup_time_s=3.618
[2026-09-17T15:22:12] METRIC throughput_mbps=329.4
[2026-09-17T15:22:12] RUN_END status=OK
[2026-09-17T15:24:46] RUN_START run_id=EDGE_NFD_077
[2026-09-17T15:24:46] PARAM implementation=NFD
[2026-09-17T15:24:46] PARAM device=RaspberryPi4B_4GB
[2026-09-17T15:24:46] PARAM nic=ASIX_AX88179_USB3_GbE
[2026-09-17T15:24:46] METRIC memory_mb=137.0
[2026-09-17T15:24:46] METRIC cpu_util_pct=59.94
[2026-09-17T15:24:46] METRIC startup_time_s=3.58
[2026-09-17T15:24:46] METRIC throughput_mbps=329.5
[2026-09-17T15:24:46] RUN_END status=OK
[2026-09-17T15:26:03] RUN_START run_id=EDGE_NFD_078
[2026-09-17T15:26:03] PARAM implementation=NFD
[2026-09-17T15:26:03] PARAM device=RaspberryPi4B_4GB
[2026-09-17T15:26:03] PARAM nic=ASIX_AX88179_USB3_GbE
[2026-09-17T15:26:03] METRIC memory_mb=143.03
[2026-09-17T15:26:03] METRIC cpu_util_pct=61.65
[2026-09-17T15:26:03] METRIC startup_time_s=3.475
[2026-09-17T15:26:03] METRIC throughput_mbps=313.27
[2026-09-17T15:26:03] RUN_END status=OK
[2026-09-17T15:32:24] RUN_START run_id=EDGE_NFD_079
[2026-09-17T15:32:24] PARAM implementation=NFD
[2026-09-17T15:32:24] PARAM device=RaspberryPi4B_4GB
[2026-09-17T15:32:24] PARAM nic=ASIX_AX88179_USB3_GbE
[2026-09-17T15:32:24] METRIC memory_mb=144.73
[2026-09-17T15:32:24] METRIC cpu_util_pct=61.23
[2026-09-17T15:32:24] METRIC startup_time_s=4.023
[2026-09-17T15:32:24] METRIC throughput_mbps=307.16
[2026-09-17T15:32:24] RUN_END status=OK
[2026-09-17T15:33:33] RUN_START run_id=EDGE_NFD_080
[2026-09-17T15:33:33] PARAM implementation=NFD
[2026-09-17T15:33:33] PARAM device=RaspberryPi4B_4GB
[2026-09-17T15:33:33] PARAM nic=ASIX_AX88179_USB3_GbE
[2026-09-17T15:33:33] METRIC memory_mb=137.08
[2026-09-17T15:33:33] METRIC cpu_util_pct=64.88
[2026-09-17T15:33:33] METRIC startup_time_s=4.173
[2026-09-17T15:33:33] METRIC throughput_mbps=327.16
[2026-09-17T15:33:33] RUN_END status=OK
[2026-09-17T15:36:47] RUN_START run_id=EDGE_NFD_081
[2026-09-17T15:36:47] PARAM implementation=NFD
[2026-09-17T15:36:47] PARAM device=RaspberryPi4B_4GB
[2026-09-17T15:36:47] PARAM nic=ASIX_AX88179_USB3_GbE
[2026-09-17T15:36:47] METRIC memory_mb=135.89
[2026-09-17T15:36:47] METRIC cpu_util_pct=58.53
[2026-09-17T15:36:47] METRIC startup_time_s=4.228
[2026-09-17T15:36:47] METRIC throughput_mbps=317.79
[2026-09-17T15:36:47] RUN_END status=OK
[2026-09-17T15:38:10] RUN_START run_id=EDGE_NFD_082
[2026-09-17T15:38:10] PARAM implementation=NFD
[2026-09-17T15:38:10] PARAM device=RaspberryPi4B_4GB
[2026-09-17T15:38:10] PARAM nic=ASIX_AX88179_USB3_GbE
[2026-09-17T15:38:10] METRIC memory_mb=137.55
[2026-09-17T15:38:10] METRIC cpu_util_pct=64.05
[2026-09-17T15:38:10] METRIC startup_time_s=4.184
[2026-09-17T15:38:10] METRIC throughput_mbps=288.3
[2026-09-17T15:38:10] RUN_END status=OK
[2026-09-17T15:41:00] RUN_START run_id=EDGE_NFD_083
[2026-09-17T15:41:00] PARAM implementation=NFD
[2026-09-17T15:41:00] PARAM device=RaspberryPi4B_4GB
[2026-09-17T15:41:00] PARAM nic=ASIX_AX88179_USB3_GbE
[2026-09-17T15:41:00] METRIC memory_mb=137.8
[2026-09-17T15:41:00] METRIC cpu_util_pct=61.8
[2026-09-17T15:41:00] METRIC startup_time_s=3.318
[2026-09-17T15:41:00] METRIC throughput_mbps=313.43
[2026-09-17T15:41:00] RUN_END status=OK
[2026-09-17T15:41:49] RUN_START run_id=EDGE_NFD_084
[2026-09-17T15:41:49] PARAM implementation=NFD
[2026-09-17T15:41:49] PARAM device=RaspberryPi4B_4GB
[2026-09-17T15:41:49] PARAM nic=ASIX_AX88179_USB3_GbE
[2026-09-17T15:41:49] METRIC memory_mb=149.12
[2026-09-17T15:41:49] METRIC cpu_util_pct=62.6
[2026-09-17T15:41:49] METRIC startup_time_s=3.773
[2026-09-17T15:41:49] METRIC throughput_mbps=310.23
[2026-09-17T15:41:49] RUN_END status=OK
[2026-09-17T15:43:08] RUN_START run_id=EDGE_NFD_085
[2026-09-17T15:43:08] PARAM implementation=NFD
[2026-09-17T15:43:08] PARAM device=RaspberryPi4B_4GB
[2026-09-17T15:43:08] PARAM nic=ASIX_AX88179_USB3_GbE
[2026-09-17T15:43:08] METRIC memory_mb=140.47
[2026-09-17T15:43:08] METRIC cpu_util_pct=64.73
[2026-09-17T15:43:08] METRIC startup_time_s=3.722
[2026-09-17T15:43:08] METRIC throughput_mbps=304.97
[2026-09-17T15:43:08] RUN_END status=OK
[2026-09-17T15:45:56] RUN_START run_id=EDGE_NFD_086
[2026-09-17T15:45:56] PARAM implementation=NFD
[2026-09-17T15:45:56] PARAM device=RaspberryPi4B_4GB
[2026-09-17T15:45:56] PARAM nic=ASIX_AX88179_USB3_GbE
[2026-09-17T15:45:56] METRIC memory_mb=143.45
[2026-09-17T15:45:56] METRIC cpu_util_pct=61.76
[2026-09-17T15:45:56] METRIC startup_time_s=3.648
[2026-09-17T15:45:56] METRIC throughput_mbps=325.78
[2026-09-17T15:45:56] RUN_END status=OK
[2026-09-17T15:49:23] RUN_START run_id=EDGE_NFD_087
[2026-09-17T15:49:23] PARAM implementation=NFD
[2026-09-17T15:49:23] PARAM device=RaspberryPi4B_4GB
[2026-09-17T15:49:23] PARAM nic=ASIX_AX88179_USB3_GbE
[2026-09-17T15:49:23] METRIC memory_mb=135.04
[2026-09-17T15:49:23] METRIC cpu_util_pct=60.51
[2026-09-17T15:49:23] METRIC startup_time_s=3.415
[2026-09-17T15:49:23] METRIC throughput_mbps=291.59
[2026-09-17T15:49:23] RUN_END status=OK
[2026-09-17T15:51:02] RUN_START run_id=EDGE_NFD_088
[2026-09-17T15:51:02] PARAM implementation=NFD
[2026-09-17T15:51:02] PARAM device=RaspberryPi4B_4GB
[2026-09-17T15:51:02] PARAM nic=ASIX_AX88179_USB3_GbE
[2026-09-17T15:51:02] METRIC memory_mb=131.92
[2026-09-17T15:51:02] METRIC cpu_util_pct=61.56
[2026-09-17T15:51:02] METRIC startup_time_s=4.17
[2026-09-17T15:51:02] METRIC throughput_mbps=297.94
[2026-09-17T15:51:02] RUN_END status=OK
[2026-09-17T15:54:42] RUN_START run_id=EDGE_NFD_089
[2026-09-17T15:54:42] PARAM implementation=NFD
[2026-09-17T15:54:42] PARAM device=RaspberryPi4B_4GB
[2026-09-17T15:54:42] PARAM nic=ASIX_AX88179_USB3_GbE
[2026-09-17T15:54:42] METRIC memory_mb=141.12
[2026-09-17T15:54:42] METRIC cpu_util_pct=61.41
[2026-09-17T15:54:42] METRIC startup_time_s=3.512
[2026-09-17T15:54:42] METRIC throughput_mbps=307.41
[2026-09-17T15:54:42] RUN_END status=OK
[2026-09-17T15:56:59] RUN_START run_id=EDGE_NFD_090
[2026-09-17T15:56:59] PARAM implementation=NFD
[2026-09-17T15:56:59] PARAM device=RaspberryPi4B_4GB
[2026-09-17T15:56:59] PARAM nic=ASIX_AX88179_USB3_GbE
[2026-09-17T15:56:59] METRIC memory_mb=135.54
[2026-09-17T15:56:59] METRIC cpu_util_pct=63.99
[2026-09-17T15:56:59] METRIC startup_time_s=3.975
[2026-09-17T15:56:59] METRIC throughput_mbps=311.41
[2026-09-17T15:56:59] RUN_END status=OK
[2026-09-17T15:59:22] RUN_START run_id=EDGE_NFD_091
[2026-09-17T15:59:22] PARAM implementation=NFD
[2026-09-17T15:59:22] PARAM device=RaspberryPi4B_4GB
[2026-09-17T15:59:22] PARAM nic=ASIX_AX88179_USB3_GbE
[2026-09-17T15:59:22] METRIC memory_mb=136.29
[2026-09-17T15:59:22] METRIC cpu_util_pct=61.7
[2026-09-17T15:59:22] METRIC startup_time_s=3.652
[2026-09-17T15:59:22] METRIC throughput_mbps=323.34
[2026-09-17T15:59:22] RUN_END status=OK
[2026-09-17T16:02:58] RUN_START run_id=EDGE_NFD_092
[2026-09-17T16:02:58] PARAM implementation=NFD
[2026-09-17T16:02:58] PARAM device=RaspberryPi4B_4GB
[2026-09-17T16:02:58] PARAM nic=ASIX_AX88179_USB3_GbE
[2026-09-17T16:02:58] METRIC memory_mb=139.63
[2026-09-17T16:02:58] METRIC cpu_util_pct=61.94
[2026-09-17T16:02:58] METRIC startup_time_s=3.545
[2026-09-17T16:02:58] METRIC throughput_mbps=333.5
[2026-09-17T16:02:58] RUN_END status=OK
[2026-09-17T16:03:43] RUN_START run_id=EDGE_NFD_093
[2026-09-17T16:03:43] PARAM implementation=NFD
[2026-09-17T16:03:43] PARAM device=RaspberryPi4B_4GB
[2026-09-17T16:03:43] PARAM nic=ASIX_AX88179_USB3_GbE
[2026-09-17T16:03:43] METRIC memory_mb=138.48
[2026-09-17T16:03:43] METRIC cpu_util_pct=63.16
[2026-09-17T16:03:43] METRIC startup_time_s=4.112
[2026-09-17T16:03:43] METRIC throughput_mbps=327.17
[2026-09-17T16:03:43] RUN_END status=OK
