[2026-09-12T17:00:00] RUN_START run_id=EDGE_PythonNDN_001
[2026-09-12T17:00:00] PARAM implementation=PythonNDN
[2026-09-12T17:00:00] PARAM device=RaspberryPi4B_4GB
[2026-09-12T17:00:00] PARAM nic=ASIX_AX88179_USB3_GbE
[2026-09-12T17:00:00] METRIC memory_mb=191.78
[2026-09-12T17:00:00] METRIC cpu_util_pct=81.04
[2026-09-12T17:00:00] METRIC startup_time_s=4.565
[2026-09-12T17:00:00] METRIC throughput_mbps=82.36
[2026-09-12T17:00:00] RUN_END status=OK
[2026-09-12T17:00:17] RUN_START run_id=10_edge_resource_consumption_DISCARDED_0000
[2026-09-12T17:00:17] RUN_ABORTED reason=thermal_throttle: Raspberry Pi SoC exceeded 80C, CPU governor throttled clock mid-run, measurement discarded
[2026-09-12T17:00:41] RUN_START run_id=EDGE_PythonNDN_002
[2026-09-12T17:00:41] PARAM implementation=PythonNDN
[2026-09-12T17:00:41] PARAM device=RaspberryPi4B_4GB
[2026-09-12T17:00:41] PARAM nic=ASIX_AX88179_USB3_GbE
[2026-09-12T17:00:41] METRIC memory_mb=173.4
[2026-09-12T17:00:41] METRIC cpu_util_pct=81.65
[2026-09-12T17:00:41] METRIC startup_time_s=5.345
[2026-09-12T17:00:41] METRIC throughput_mbps=83.81
[2026-09-12T17:00:41] RUN_END status=OK
[2026-09-12T17:02:42] RUN_START run_id=EDGE_PythonNDN_003
[2026-09-12T17:02:42] PARAM implementation=PythonNDN
[2026-09-12T17:02:42] PARAM device=RaspberryPi4B_4GB
[2026-09-12T17:02:42] PARAM nic=ASIX_AX88179_USB3_GbE
[2026-09-12T17:02:42] METRIC memory_mb=172.98
[2026-09-12T17:02:42] METRIC cpu_util_pct=87.4
[2026-09-12T17:02:42] METRIC startup_time_s=5.066
[2026-09-12T17:02:42] METRIC throughput_mbps=85.2
[2026-09-12T17:02:42] RUN_END status=OK
[2026-09-12T17:07:07] RUN_START run_id=EDGE_PythonNDN_004
[2026-09-12T17:07:07] PARAM implementation=PythonNDN
[2026-09-12T17:07:07] PARAM device=RaspberryPi4B_4GB
[2026-09-12T17:07:07] PARAM nic=ASIX_AX88179_USB3_GbE
[2026-09-12T17:07:07] METRIC memory_mb=178.74
[2026-09-12T17:07:07] METRIC cpu_util_pct=81.51
[2026-09-12T17:07:07] METRIC startup_time_s=4.72
[2026-09-12T17:07:07] METRIC throughput_mbps=88.56
[2026-09-12T17:07:07] RUN_END status=OK
[2026-09-12T17:09:08] RUN_START run_id=EDGE_PythonNDN_005
[2026-09-12T17:09:08] PARAM implementation=PythonNDN
[2026-09-12T17:09:08] PARAM device=RaspberryPi4B_4GB
[2026-09-12T17:09:08] PARAM nic=ASIX_AX88179_USB3_GbE
[2026-09-12T17:09:08] METRIC memory_mb=167.13
[2026-09-12T17:09:08] METRIC cpu_util_pct=77.97
[2026-09-12T17:09:08] METRIC startup_time_s=5.145
[2026-09-12T17:09:08] METRIC throughput_mbps=82.39
[2026-09-12T17:09:08] RUN_END status=OK
[2026-09-12T17:11:42] RUN_START run_id=EDGE_PythonNDN_006
[2026-09-12T17:11:42] PARAM implementation=PythonNDN
[2026-09-12T17:11:42] PARAM device=RaspberryPi4B_4GB
[2026-09-12T17:11:42] PARAM nic=ASIX_AX88179_USB3_GbE
[2026-09-12T17:11:42] METRIC memory_mb=160.02
[2026-09-12T17:11:42] METRIC cpu_util_pct=82.58
[2026-09-12T17:11:42] METRIC startup_time_s=5.527
[2026-09-12T17:11:42] METRIC throughput_mbps=80.32
[2026-09-12T17:11:42] RUN_END status=OK
[2026-09-12T17:13:13] RUN_START run_id=EDGE_PythonNDN_007
[2026-09-12T17:13:13] PARAM implementation=PythonNDN
[2026-09-12T17:13:13] PARAM device=RaspberryPi4B_4GB
[2026-09-12T17:13:13] PARAM nic=ASIX_AX88179_USB3_GbE
[2026-09-12T17:13:13] METRIC memory_mb=178.68
[2026-09-12T17:13:13] METRIC cpu_util_pct=84.66
[2026-09-12T17:13:13] METRIC startup_time_s=4.762
[2026-09-12T17:13:13] METRIC throughput_mbps=88.57
[2026-09-12T17:13:13] RUN_END status=OK
[2026-09-12T17:16:12] RUN_START run_id=EDGE_PythonNDN_008
[2026-09-12T17:16:12] PARAM implementation=PythonNDN
[2026-09-12T17:16:12] PARAM device=RaspberryPi4B_4GB
[2026-09-12T17:16:12] PARAM nic=ASIX_AX88179_USB3_GbE
[2026-09-12T17:16:12] METRIC memory_mb=175.13
[2026-09-12T17:16:12] METRIC cpu_util_pct=84.12
[2026-09-12T17:16:12] METRIC startup_time_s=5.535
[2026-09-12T17:16:12] METRIC throughput_mbps=84.04
[2026-09-12T17:16:12] RUN_END status=OK
[2026-09-12T17:19:33] RUN_START run_id=EDGE_PythonNDN_009
[2026-09-12T17:19:33] PARAM implementation=PythonNDN
[2026-09-12T17:19:33] PARAM device=RaspberryPi4B_4GB
[2026-09-12T17:19:33] PARAM nic=ASIX_AX88179_USB3_GbE
[2026-09-12T17:19:33] METRIC memory_mb=170.34
[2026-09-12T17:19:33] METRIC cpu_util_pct=82.08
[2026-09-12T17:19:33] METRIC startup_time_s=5.038
[2026-09-12T17:19:33] METRIC throughput_mbps=85.13
[2026-09-12T17:19:33] RUN_END status=OK
[2026-09-12T17:21:38] RUN_START run_id=EDGE_PythonNDN_010
[2026-09-12T17:21:38] PARAM implementation=PythonNDN
[2026-09-12T17:21:38] PARAM device=RaspberryPi4B_4GB
[2026-09-12T17:21:38] PARAM nic=ASIX_AX88179_USB3_GbE
[2026-09-12T17:21:38] METRIC memory_mb=166.7
[2026-09-12T17:21:38] METRIC cpu_util_pct=89.52
[2026-09-12T17:21:38] METRIC startup_time_s=4.925
[2026-09-12T17:21:38] METRIC throughput_mbps=80.73
[2026-09-12T17:21:38] RUN_END status=OK
[2026-09-12T17:23:14] RUN_START run_id=EDGE_PythonNDN_011
[2026-09-12T17:23:14] PARAM implementation=PythonNDN
[2026-09-12T17:23:14] PARAM device=RaspberryPi4B_4GB
[2026-09-12T17:23:14] PARAM nic=ASIX_AX88179_USB3_GbE
[2026-09-12T17:23:14] METRIC memory_mb=180.41
[2026-09-12T17:23:14] METRIC cpu_util_pct=85.24
[2026-09-12T17:23:14] METRIC startup_time_s=5.307
[2026-09-12T17:23:14] METRIC throughput_mbps=84.42
[2026-09-12T17:23:14] RUN_END status=OK
[2026-09-12T17:23:38] RUN_START run_id=EDGE_PythonNDN_012
[2026-09-12T17:23:38] PARAM implementation=PythonNDN
[2026-09-12T17:23:38] PARAM device=RaspberryPi4B_4GB
[2026-09-12T17:23:38] PARAM nic=ASIX_AX88179_USB3_GbE
[2026-09-12T17:23:38] METRIC memory_mb=171.46
[2026-09-12T17:23:38] METRIC cpu_util_pct=74.6
[2026-09-12T17:23:38] METRIC startup_time_s=4.803
[2026-09-12T17:23:38] METRIC throughput_mbps=81.07
[2026-09-12T17:23:38] RUN_END status=OK
[2026-09-12T17:24:54] RUN_START run_id=EDGE_PythonNDN_013
[2026-09-12T17:24:54] PARAM implementation=PythonNDN
[2026-09-12T17:24:54] PARAM device=RaspberryPi4B_4GB
[2026-09-12T17:24:54] PARAM nic=ASIX_AX88179_USB3_GbE
[2026-09-12T17:24:54] METRIC memory_mb=164.89
[2026-09-12T17:24:54] METRIC cpu_util_pct=77.97
[2026-09-12T17:24:54] METRIC startup_time_s=4.986
[2026-09-12T17:24:54] METRIC throughput_mbps=89.08
[2026-09-12T17:24:54] RUN_END status=OK
[2026-09-12T17:27:05] RUN_START run_id=EDGE_PythonNDN_014
[2026-09-12T17:27:05] PARAM implementation=PythonNDN
[2026-09-12T17:27:05] PARAM device=RaspberryPi4B_4GB
[2026-09-12T17:27:05] PARAM nic=ASIX_AX88179_USB3_GbE
[2026-09-12T17:27:05] METRIC memory_mb=175.69
[2026-09-12T17:27:05] METRIC cpu_util_pct=76.71
[2026-09-12T17:27:05] METRIC startup_time_s=4.564
[2026-09-12T17:27:05] METRIC throughput_mbps=81.98
[2026-09-12T17:27:05] RUN_END status=OK
[2026-09-12T17:28:38] RUN_START run_id=EDGE_PythonNDN_015
[2026-09-12T17:28:38] PARAM implementation=PythonNDN
[2026-09-12T17:28:38] PARAM device=RaspberryPi4B_4GB
[2026-09-12T17:28:38] PARAM nic=ASIX_AX88179_USB3_GbE
[2026-09-12T17:28:38] METRIC memory_mb=172.78
[2026-09-12T17:28:38] METRIC cpu_util_pct=81.82
[2026-09-12T17:28:38] METRIC startup_time_s=5.62
[2026-09-12T17:28:38] METRIC throughput_mbps=76.94
[2026-09-12T17:28:38] RUN_END status=OK
[2026-09-12T17:31:44] RUN_START run_id=EDGE_PythonNDN_016
[2026-09-12T17:31:44] PARAM implementation=PythonNDN
[2026-09-12T17:31:44] PARAM device=RaspberryPi4B_4GB
[2026-09-12T17:31:44] PARAM nic=ASIX_AX88179_USB3_GbE
[2026-09-12T17:31:44] METRIC memory_mb=173.5
[2026-09-12T17:31:44] METRIC cpu_util_pct=82.73
[2026-09-12T17:31:44] METRIC startup_time_s=4.621
[2026-09-12T17:31:44] METRIC throughput_mbps=90.92
[2026-09-12T17:31:44] RUN_END status=OK
[2026-09-12T17:33:04] RUN_START run_id=EDGE_PythonNDN_017
[2026-09-12T17:33:04] PARAM implementation=PythonNDN
[2026-09-12T17:33:04] PARAM device=RaspberryPi4B_4GB
[2026-09-12T17:33:04] PARAM nic=ASIX_AX88179_USB3_GbE
[2026-09-12T17:33:04] METRIC memory_mb=169.62
[2026-09-12T17:33:04] METRIC cpu_util_pct=75.44
[2026-09-12T17:33:04] METRIC startup_time_s=5.637
[2026-09-12T17:33:04] METRIC throughput_mbps=85.65
[2026-09-12T17:33:04] RUN_END status=OK
