[2026-09-23T07:08:31] RUN_START run_id=EDGE_CCNlite_055
[2026-09-23T07:08:31] PARAM implementation=CCNlite
[2026-09-23T07:08:31] PARAM device=RaspberryPi4B_4GB
[2026-09-23T07:08:31] PARAM nic=ASIX_AX88179_USB3_GbE
[2026-09-23T07:08:31] METRIC memory_mb=29.84
[2026-09-23T07:08:31] METRIC cpu_util_pct=46.31
[2026-09-23T07:08:31] METRIC startup_time_s=0.65
[2026-09-23T07:08:31] METRIC throughput_mbps=275.83
[2026-09-23T07:08:31] RUN_END status=OK
[2026-09-23T07:10:37] RUN_START run_id=EDGE_CCNlite_056
[2026-09-23T07:10:37] PARAM implementation=CCNlite
[2026-09-23T07:10:37] PARAM device=RaspberryPi4B_4GB
[2026-09-23T07:10:37] PARAM nic=ASIX_AX88179_USB3_GbE
[2026-09-23T07:10:37] METRIC memory_mb=27.9
[2026-09-23T07:10:37] METRIC cpu_util_pct=49.68
[2026-09-23T07:10:37] METRIC startup_time_s=0.73
[2026-09-23T07:10:37] METRIC throughput_mbps=285.07
[2026-09-23T07:10:37] RUN_END status=OK
[2026-09-23T07:14:14] RUN_START run_id=EDGE_CCNlite_057
[2026-09-23T07:14:14] PARAM implementation=CCNlite
[2026-09-23T07:14:14] PARAM device=RaspberryPi4B_4GB
[2026-09-23T07:14:14] PARAM nic=ASIX_AX88179_USB3_GbE
[2026-09-23T07:14:14] METRIC memory_mb=29.12
[2026-09-23T07:14:14] METRIC cpu_util_pct=46.06
[2026-09-23T07:14:14] METRIC startup_time_s=0.655
[2026-09-23T07:14:14] METRIC throughput_mbps=273.77
[2026-09-23T07:14:14] RUN_END status=OK
[2026-09-23T07:15:24] RUN_START run_id=EDGE_CCNlite_058
[2026-09-23T07:15:24] PARAM implementation=CCNlite
[2026-09-23T07:15:24] PARAM device=RaspberryPi4B_4GB
[2026-09-23T07:15:24] PARAM nic=ASIX_AX88179_USB3_GbE
[2026-09-23T07:15:24] METRIC memory_mb=29.59
[2026-09-23T07:15:24] METRIC cpu_util_pct=45.24
[2026-09-23T07:15:24] METRIC startup_time_s=0.714
[2026-09-23T07:15:24] METRIC throughput_mbps=282.96
[2026-09-23T07:15:24] RUN_END status=OK
[2026-09-23T07:16:07] RUN_START run_id=EDGE_CCNlite_059
[2026-09-23T07:16:07] PARAM implementation=CCNlite
[2026-09-23T07:16:07] PARAM device=RaspberryPi4B_4GB
[2026-09-23T07:16:07] PARAM nic=ASIX_AX88179_USB3_GbE
[2026-09-23T07:16:07] METRIC memory_mb=30.46
[2026-09-23T07:16:07] METRIC cpu_util_pct=45.22
[2026-09-23T07:16:07] METRIC startup_time_s=0.693
[2026-09-23T07:16:07] METRIC throughput_mbps=287.56
[2026-09-23T07:16:07] RUN_END status=OK
[2026-09-23T07:17:58] RUN_START run_id=EDGE_CCNlite_060
[2026-09-23T07:17:58] PARAM implementation=CCNlite
[2026-09-23T07:17:58] PARAM device=RaspberryPi4B_4GB
[2026-09-23T07:17:58] PARAM nic=ASIX_AX88179_USB3_GbE
[2026-09-23T07:17:58] METRIC memory_mb=28.1
[2026-09-23T07:17:58] METRIC cpu_util_pct=47.0
[2026-09-23T07:17:58] METRIC startup_time_s=0.638
[2026-09-23T07:17:58] METRIC throughput_mbps=282.23
[2026-09-23T07:17:58] RUN_END status=OK
[2026-09-23T07:22:20] RUN_START run_id=EDGE_CCNlite_061
[2026-09-23T07:22:20] PARAM implementation=CCNlite
[2026-09-23T07:22:20] PARAM device=RaspberryPi4B_4GB
[2026-09-23T07:22:20] PARAM nic=ASIX_AX88179_USB3_GbE
[2026-09-23T07:22:20] METRIC memory_mb=25.77
[2026-09-23T07:22:20] METRIC cpu_util_pct=47.57
[2026-09-23T07:22:20] METRIC startup_time_s=0.688
[2026-09-23T07:22:20] METRIC throughput_mbps=282.03
[2026-09-23T07:22:20] RUN_END status=OK
[2026-09-23T07:24:14] RUN_START run_id=EDGE_CCNlite_062
[2026-09-23T07:24:14] PARAM implementation=CCNlite
[2026-09-23T07:24:14] PARAM device=RaspberryPi4B_4GB
[2026-09-23T07:24:14] PARAM nic=ASIX_AX88179_USB3_GbE
[2026-09-23T07:24:14] METRIC memory_mb=30.08
[2026-09-23T07:24:14] METRIC cpu_util_pct=45.09
[2026-09-23T07:24:14] METRIC startup_time_s=0.686
[2026-09-23T07:24:14] METRIC throughput_mbps=300.27
[2026-09-23T07:24:14] RUN_END status=OK
[2026-09-23T07:27:56] RUN_START run_id=EDGE_CCNlite_063
[2026-09-23T07:27:56] PARAM implementation=CCNlite
[2026-09-23T07:27:56] PARAM device=RaspberryPi4B_4GB
[2026-09-23T07:27:56] PARAM nic=ASIX_AX88179_USB3_GbE
[2026-09-23T07:27:56] METRIC memory_mb=26.95
[2026-09-23T07:27:56] METRIC cpu_util_pct=48.86
[2026-09-23T07:27:56] METRIC startup_time_s=0.632
[2026-09-23T07:27:56] METRIC throughput_mbps=276.12
[2026-09-23T07:27:56] RUN_END status=OK
[2026-09-23T07:29:29] RUN_START run_id=EDGE_CCNlite_064
[2026-09-23T07:29:29] PARAM implementation=CCNlite
[2026-09-23T07:29:29] PARAM device=RaspberryPi4B_4GB
[2026-09-23T07:29:29] PARAM nic=ASIX_AX88179_USB3_GbE
[2026-09-23T07:29:29] METRIC memory_mb=26.86
[2026-09-23T07:29:29] METRIC cpu_util_pct=46.59
[2026-09-23T07:29:29] METRIC startup_time_s=0.679
[2026-09-23T07:29:29] METRIC throughput_mbps=265.05
[2026-09-23T07:29:29] RUN_END status=OK
[2026-09-23T07:31:25] RUN_START run_id=EDGE_CCNlite_065
[2026-09-23T07:31:25] PARAM implementation=CCNlite
[2026-09-23T07:31:25] PARAM device=RaspberryPi4B_4GB
[2026-09-23T07:31:25] PARAM nic=ASIX_AX88179_USB3_GbE
[2026-09-23T07:31:25] METRIC memory_mb=28.69
[2026-09-23T07:31:25] METRIC cpu_util_pct=43.28
[2026-09-23T07:31:25] METRIC startup_time_s=0.702
[2026-09-23T07:31:25] METRIC throughput_mbps=275.88
[2026-09-23T07:31:25] RUN_END status=OK
[2026-09-23T07:32:21] RUN_START run_id=EDGE_CCNlite_066
[2026-09-23T07:32:21] PARAM implementation=CCNlite
[2026-09-23T07:32:21] PARAM device=RaspberryPi4B_4GB
[2026-09-23T07:32:21] PARAM nic=ASIX_AX88179_USB3_GbE
[2026-09-23T07:32:21] METRIC memory_mb=28.03
[2026-09-23T07:32:21] METRIC cpu_util_pct=47.73
[2026-09-23T07:32:21] METRIC startup_time_s=0.767
[2026-09-23T07:32:21] METRIC throughput_mbps=257.22
[2026-09-23T07:32:21] RUN_END status=OK
[2026-09-23T07:33:43] RUN_START run_id=EDGE_CCNlite_067
[2026-09-23T07:33:43] PARAM implementation=CCNlite
[2026-09-23T07:33:43] PARAM device=RaspberryPi4B_4GB
[2026-09-23T07:33:43] PARAM nic=ASIX_AX88179_USB3_GbE
[2026-09-23T07:33:43] METRIC memory_mb=28.1
[2026-09-23T07:33:43] METRIC cpu_util_pct=47.96
[2026-09-23T07:33:43] METRIC startup_time_s=0.749
[2026-09-23T07:33:43] METRIC throughput_mbps=269.12
[2026-09-23T07:33:43] RUN_END status=OK
[2026-09-23T07:36:25] RUN_START run_id=EDGE_CCNlite_068
[2026-09-23T07:36:25] PARAM implementation=CCNlite
[2026-09-23T07:36:25] PARAM device=RaspberryPi4B_4GB
[2026-09-23T07:36:25] PARAM nic=ASIX_AX88179_USB3_GbE
[2026-09-23T07:36:25] METRIC memory_mb=28.54
[2026-09-23T07:36:25] METRIC cpu_util_pct=49.69
[2026-09-23T07:36:25] METRIC startup_time_s=0.715
[2026-09-23T07:36:25] METRIC throughput_mbps=288.42
[2026-09-23T07:36:25] RUN_END status=OK
