[2026-07-11T16:47:09] RUN_START run_id=MTU_high_lat_low_loss_020
[2026-07-11T16:47:09] PARAM condition=high_lat_low_loss
[2026-07-11T16:47:09] METRIC feat_packet_loss_rate_pct=0.5011
[2026-07-11T16:47:09] METRIC feat_throughput_mbps=5832.58
[2026-07-11T16:47:09] METRIC feat_rtt_ms=54.658
[2026-07-11T16:47:09] METRIC feat_jitter_ms=3.675
[2026-07-11T16:47:09] METRIC feat_bw_utilization_pct=94.19
[2026-07-11T16:47:09] METRIC feat_cache_hit_ratio=0.6851
[2026-07-11T16:47:09] METRIC feat_avg_object_size_kb=2231.992
[2026-07-11T16:47:09] METRIC feat_retransmission_count=3
[2026-07-11T16:47:09] METRIC true_optimal_mtu_bytes=7976
[2026-07-11T16:47:09] METRIC mlp_predicted_mtu_bytes=7840
[2026-07-11T16:47:09] METRIC mlp_confidence=0.92
[2026-07-11T16:47:09] METRIC abs_error_bytes=136
[2026-07-11T16:47:09] METRIC update_applied=True
[2026-07-11T16:47:09] RUN_END status=OK
[2026-07-11T16:47:10] RUN_START run_id=03_mtu_prediction_features_DISCARDED_0015
[2026-07-11T16:47:10] RUN_ABORTED reason=tflite_alloc_failure: interpreter.allocate_tensors() raised on Tier-2 node, run aborted before inference
[2026-07-11T16:47:11] RUN_START run_id=MTU_high_lat_high_loss_119
[2026-07-11T16:47:11] PARAM condition=high_lat_high_loss
[2026-07-11T16:47:11] METRIC feat_packet_loss_rate_pct=3.8065
[2026-07-11T16:47:11] METRIC feat_throughput_mbps=6397.84
[2026-07-11T16:47:11] METRIC feat_rtt_ms=55.686
[2026-07-11T16:47:11] METRIC feat_jitter_ms=8.322
[2026-07-11T16:47:11] METRIC feat_bw_utilization_pct=57.48
[2026-07-11T16:47:11] METRIC feat_cache_hit_ratio=0.7107
[2026-07-11T16:47:11] METRIC feat_avg_object_size_kb=103.501
[2026-07-11T16:47:11] METRIC feat_retransmission_count=22
[2026-07-11T16:47:11] METRIC true_optimal_mtu_bytes=4528
[2026-07-11T16:47:11] METRIC mlp_predicted_mtu_bytes=4230
[2026-07-11T16:47:11] METRIC mlp_confidence=0.6762
[2026-07-11T16:47:11] METRIC abs_error_bytes=298
[2026-07-11T16:47:11] METRIC update_applied=False
[2026-07-11T16:47:11] RUN_END status=OK
[2026-07-11T16:49:08] RUN_START run_id=MTU_high_lat_low_loss_021
[2026-07-11T16:49:08] PARAM condition=high_lat_low_loss
[2026-07-11T16:49:08] METRIC feat_packet_loss_rate_pct=0.4312
[2026-07-11T16:49:08] METRIC feat_throughput_mbps=3793.24
[2026-07-11T16:49:08] METRIC feat_rtt_ms=35.606
[2026-07-11T16:49:08] METRIC feat_jitter_ms=9.424
[2026-07-11T16:49:08] METRIC feat_bw_utilization_pct=34.88
[2026-07-11T16:49:08] METRIC feat_cache_hit_ratio=0.5833
[2026-07-11T16:49:08] METRIC feat_avg_object_size_kb=0.163
[2026-07-11T16:49:08] METRIC feat_retransmission_count=2
[2026-07-11T16:49:08] METRIC true_optimal_mtu_bytes=1000
[2026-07-11T16:49:08] METRIC mlp_predicted_mtu_bytes=600
[2026-07-11T16:49:08] METRIC mlp_confidence=0.595
[2026-07-11T16:49:08] METRIC abs_error_bytes=400
[2026-07-11T16:49:08] METRIC update_applied=False
[2026-07-11T16:49:08] RUN_END status=OK
[2026-07-11T16:49:15] RUN_START run_id=MTU_high_lat_high_loss_120
[2026-07-11T16:49:15] PARAM condition=high_lat_high_loss
[2026-07-11T16:49:15] METRIC feat_packet_loss_rate_pct=4.2148
[2026-07-11T16:49:15] METRIC feat_throughput_mbps=5274.38
[2026-07-11T16:49:15] METRIC feat_rtt_ms=37.927
[2026-07-11T16:49:15] METRIC feat_jitter_ms=8.919
[2026-07-11T16:49:15] METRIC feat_bw_utilization_pct=11.9
[2026-07-11T16:49:15] METRIC feat_cache_hit_ratio=0.4711
[2026-07-11T16:49:15] METRIC feat_avg_object_size_kb=1230.005
[2026-07-11T16:49:15] METRIC feat_retransmission_count=24
[2026-07-11T16:49:15] METRIC true_optimal_mtu_bytes=5568
[2026-07-11T16:49:15] METRIC mlp_predicted_mtu_bytes=5368
[2026-07-11T16:49:15] METRIC mlp_confidence=0.7509
[2026-07-11T16:49:15] METRIC abs_error_bytes=200
[2026-07-11T16:49:15] METRIC update_applied=False
[2026-07-11T16:49:15] RUN_END status=OK
[2026-07-11T16:50:40] RUN_START run_id=MTU_high_lat_low_loss_022
[2026-07-11T16:50:40] PARAM condition=high_lat_low_loss
[2026-07-11T16:50:40] METRIC feat_packet_loss_rate_pct=0.8781
[2026-07-11T16:50:40] METRIC feat_throughput_mbps=7358.95
[2026-07-11T16:50:40] METRIC feat_rtt_ms=52.417
[2026-07-11T16:50:40] METRIC feat_jitter_ms=7.424
[2026-07-11T16:50:40] METRIC feat_bw_utilization_pct=86.31
[2026-07-11T16:50:40] METRIC feat_cache_hit_ratio=0.6726
[2026-07-11T16:50:40] METRIC feat_avg_object_size_kb=1035.043
[2026-07-11T16:50:40] METRIC feat_retransmission_count=3
[2026-07-11T16:50:40] METRIC true_optimal_mtu_bytes=7832
[2026-07-11T16:50:40] METRIC mlp_predicted_mtu_bytes=7877
[2026-07-11T16:50:40] METRIC mlp_confidence=0.9421
[2026-07-11T16:50:40] METRIC abs_error_bytes=45
[2026-07-11T16:50:40] METRIC update_applied=True
[2026-07-11T16:50:40] RUN_END status=OK
[2026-07-11T16:50:49] RUN_START run_id=MTU_high_lat_high_loss_121
[2026-07-11T16:50:49] PARAM condition=high_lat_high_loss
[2026-07-11T16:50:49] METRIC feat_packet_loss_rate_pct=6.0882
[2026-07-11T16:50:49] METRIC feat_throughput_mbps=6603.39
[2026-07-11T16:50:49] METRIC feat_rtt_ms=58.406
[2026-07-11T16:50:49] METRIC feat_jitter_ms=8.893
[2026-07-11T16:50:49] METRIC feat_bw_utilization_pct=15.0
[2026-07-11T16:50:49] METRIC feat_cache_hit_ratio=0.6061
[2026-07-11T16:50:49] METRIC feat_avg_object_size_kb=1.318
[2026-07-11T16:50:49] METRIC feat_retransmission_count=31
[2026-07-11T16:50:49] METRIC true_optimal_mtu_bytes=1000
[2026-07-11T16:50:49] METRIC mlp_predicted_mtu_bytes=855
[2026-07-11T16:50:49] METRIC mlp_confidence=0.858
[2026-07-11T16:50:49] METRIC abs_error_bytes=145
[2026-07-11T16:50:49] METRIC update_applied=True
[2026-07-11T16:50:49] RUN_END status=OK
[2026-07-11T16:51:42] RUN_START run_id=MTU_high_lat_high_loss_122
[2026-07-11T16:51:42] PARAM condition=high_lat_high_loss
[2026-07-11T16:51:42] METRIC feat_packet_loss_rate_pct=4.4024
[2026-07-11T16:51:42] METRIC feat_throughput_mbps=2559.14
[2026-07-11T16:51:42] METRIC feat_rtt_ms=59.434
[2026-07-11T16:51:42] METRIC feat_jitter_ms=5.331
[2026-07-11T16:51:42] METRIC feat_bw_utilization_pct=93.56
[2026-07-11T16:51:42] METRIC feat_cache_hit_ratio=0.6066
[2026-07-11T16:51:42] METRIC feat_avg_object_size_kb=3.773
[2026-07-11T16:51:42] METRIC feat_retransmission_count=28
[2026-07-11T16:51:42] METRIC true_optimal_mtu_bytes=1128
[2026-07-11T16:51:42] METRIC mlp_predicted_mtu_bytes=1168
[2026-07-11T16:51:42] METRIC mlp_confidence=0.9052
[2026-07-11T16:51:42] METRIC abs_error_bytes=40
[2026-07-11T16:51:42] METRIC update_applied=True
[2026-07-11T16:51:42] RUN_END status=OK
[2026-07-11T16:56:41] RUN_START run_id=MTU_high_lat_high_loss_123
[2026-07-11T16:56:41] PARAM condition=high_lat_high_loss
[2026-07-11T16:56:41] METRIC feat_packet_loss_rate_pct=4.6727
[2026-07-11T16:56:41] METRIC feat_throughput_mbps=6313.7
[2026-07-11T16:56:41] METRIC feat_rtt_ms=45.1
[2026-07-11T16:56:41] METRIC feat_jitter_ms=10.972
[2026-07-11T16:56:41] METRIC feat_bw_utilization_pct=49.33
[2026-07-11T16:56:41] METRIC feat_cache_hit_ratio=0.7746
[2026-07-11T16:56:41] METRIC feat_avg_object_size_kb=0.164
[2026-07-11T16:56:41] METRIC feat_retransmission_count=26
[2026-07-11T16:56:41] METRIC true_optimal_mtu_bytes=1000
[2026-07-11T16:56:41] METRIC mlp_predicted_mtu_bytes=1052
[2026-07-11T16:56:41] METRIC mlp_confidence=0.9394
[2026-07-11T16:56:41] METRIC abs_error_bytes=52
[2026-07-11T16:56:41] METRIC update_applied=True
[2026-07-11T16:56:41] RUN_END status=OK
[2026-07-11T16:57:32] RUN_START run_id=MTU_high_lat_high_loss_124
[2026-07-11T16:57:32] PARAM condition=high_lat_high_loss
[2026-07-11T16:57:32] METRIC feat_packet_loss_rate_pct=4.1338
[2026-07-11T16:57:32] METRIC feat_throughput_mbps=814.31
[2026-07-11T16:57:32] METRIC feat_rtt_ms=57.826
[2026-07-11T16:57:32] METRIC feat_jitter_ms=8.549
[2026-07-11T16:57:32] METRIC feat_bw_utilization_pct=46.38
[2026-07-11T16:57:32] METRIC feat_cache_hit_ratio=0.9327
[2026-07-11T16:57:32] METRIC feat_avg_object_size_kb=78.161
[2026-07-11T16:57:32] METRIC feat_retransmission_count=30
[2026-07-11T16:57:32] METRIC true_optimal_mtu_bytes=3992
[2026-07-11T16:57:32] METRIC mlp_predicted_mtu_bytes=4153
[2026-07-11T16:57:32] METRIC mlp_confidence=0.8123
[2026-07-11T16:57:32] METRIC abs_error_bytes=161
[2026-07-11T16:57:32] METRIC update_applied=True
[2026-07-11T16:57:32] RUN_END status=OK
[2026-07-11T16:58:16] RUN_START run_id=MTU_high_lat_high_loss_125
[2026-07-11T16:58:16] PARAM condition=high_lat_high_loss
[2026-07-11T16:58:16] METRIC feat_packet_loss_rate_pct=6.4045
[2026-07-11T16:58:16] METRIC feat_throughput_mbps=3758.93
[2026-07-11T16:58:16] METRIC feat_rtt_ms=43.868
[2026-07-11T16:58:16] METRIC feat_jitter_ms=9.3
[2026-07-11T16:58:16] METRIC feat_bw_utilization_pct=71.44
[2026-07-11T16:58:16] METRIC feat_cache_hit_ratio=0.7008
[2026-07-11T16:58:16] METRIC feat_avg_object_size_kb=20.428
[2026-07-11T16:58:16] METRIC feat_retransmission_count=36
[2026-07-11T16:58:16] METRIC true_optimal_mtu_bytes=2352
[2026-07-11T16:58:16] METRIC mlp_predicted_mtu_bytes=2339
[2026-07-11T16:58:16] METRIC mlp_confidence=0.9606
[2026-07-11T16:58:16] METRIC abs_error_bytes=13
[2026-07-11T16:58:16] METRIC update_applied=True
[2026-07-11T16:58:16] RUN_END status=OK
[2026-07-11T17:00:53] RUN_START run_id=MTU_high_lat_high_loss_126
[2026-07-11T17:00:53] PARAM condition=high_lat_high_loss
[2026-07-11T17:00:53] METRIC feat_packet_loss_rate_pct=4.9837
[2026-07-11T17:00:53] METRIC feat_throughput_mbps=6187.81
[2026-07-11T17:00:53] METRIC feat_rtt_ms=45.442
[2026-07-11T17:00:53] METRIC feat_jitter_ms=6.417
[2026-07-11T17:00:53] METRIC feat_bw_utilization_pct=44.88
[2026-07-11T17:00:53] METRIC feat_cache_hit_ratio=0.853
[2026-07-11T17:00:53] METRIC feat_avg_object_size_kb=4.415
[2026-07-11T17:00:53] METRIC feat_retransmission_count=28
[2026-07-11T17:00:53] METRIC true_optimal_mtu_bytes=1096
[2026-07-11T17:00:53] METRIC mlp_predicted_mtu_bytes=1099
[2026-07-11T17:00:53] METRIC mlp_confidence=0.973
[2026-07-11T17:00:53] METRIC abs_error_bytes=3
[2026-07-11T17:00:53] METRIC update_applied=True
[2026-07-11T17:00:53] RUN_END status=OK
[2026-07-11T17:02:44] RUN_START run_id=MTU_high_lat_high_loss_127
[2026-07-11T17:02:44] PARAM condition=high_lat_high_loss
[2026-07-11T17:02:44] METRIC feat_packet_loss_rate_pct=5.8072
[2026-07-11T17:02:44] METRIC feat_throughput_mbps=1850.42
[2026-07-11T17:02:44] METRIC feat_rtt_ms=39.496
[2026-07-11T17:02:44] METRIC feat_jitter_ms=9.07
[2026-07-11T17:02:44] METRIC feat_bw_utilization_pct=30.79
[2026-07-11T17:02:44] METRIC feat_cache_hit_ratio=0.6866
[2026-07-11T17:02:44] METRIC feat_avg_object_size_kb=1158.118
[2026-07-11T17:02:44] METRIC feat_retransmission_count=30
[2026-07-11T17:02:44] METRIC true_optimal_mtu_bytes=5424
[2026-07-11T17:02:44] METRIC mlp_predicted_mtu_bytes=5592
[2026-07-11T17:02:44] METRIC mlp_confidence=0.7852
[2026-07-11T17:02:44] METRIC abs_error_bytes=168
[2026-07-11T17:02:44] METRIC update_applied=False
[2026-07-11T17:02:44] RUN_END status=OK
