[2026-07-08T02:48:03] RUN_START run_id=MTU_high_lat_high_loss_072
[2026-07-08T02:48:03] PARAM condition=high_lat_high_loss
[2026-07-08T02:48:03] METRIC feat_packet_loss_rate_pct=4.0929
[2026-07-08T02:48:03] METRIC feat_throughput_mbps=8195.73
[2026-07-08T02:48:03] METRIC feat_rtt_ms=57.677
[2026-07-08T02:48:03] METRIC feat_jitter_ms=8.649
[2026-07-08T02:48:03] METRIC feat_bw_utilization_pct=71.32
[2026-07-08T02:48:03] METRIC feat_cache_hit_ratio=0.6402
[2026-07-08T02:48:03] METRIC feat_avg_object_size_kb=229.106
[2026-07-08T02:48:03] METRIC feat_retransmission_count=16
[2026-07-08T02:48:03] METRIC true_optimal_mtu_bytes=5296
[2026-07-08T02:48:03] METRIC mlp_predicted_mtu_bytes=5347
[2026-07-08T02:48:03] METRIC mlp_confidence=0.9674
[2026-07-08T02:48:03] METRIC abs_error_bytes=51
[2026-07-08T02:48:03] METRIC update_applied=True
[2026-07-08T02:48:03] RUN_END status=OK
[2026-07-08T23:57:49] RUN_START run_id=MTU_high_lat_high_loss_073
[2026-07-08T23:57:49] PARAM condition=high_lat_high_loss
[2026-07-08T23:57:49] METRIC feat_packet_loss_rate_pct=4.5613
[2026-07-08T23:57:49] METRIC feat_throughput_mbps=2815.44
[2026-07-08T23:57:49] METRIC feat_rtt_ms=55.794
[2026-07-08T23:57:49] METRIC feat_jitter_ms=10.451
[2026-07-08T23:57:49] METRIC feat_bw_utilization_pct=15.03
[2026-07-08T23:57:49] METRIC feat_cache_hit_ratio=0.5396
[2026-07-08T23:57:49] METRIC feat_avg_object_size_kb=138.939
[2026-07-08T23:57:49] METRIC feat_retransmission_count=45
[2026-07-08T23:57:49] METRIC true_optimal_mtu_bytes=4392
[2026-07-08T23:57:49] METRIC mlp_predicted_mtu_bytes=4292
[2026-07-08T23:57:49] METRIC mlp_confidence=0.9306
[2026-07-08T23:57:49] METRIC abs_error_bytes=100
[2026-07-08T23:57:49] METRIC update_applied=True
[2026-07-08T23:57:49] RUN_END status=OK
[2026-07-08T23:59:06] RUN_START run_id=MTU_high_lat_high_loss_074
[2026-07-08T23:59:06] PARAM condition=high_lat_high_loss
[2026-07-08T23:59:06] METRIC feat_packet_loss_rate_pct=5.155
[2026-07-08T23:59:06] METRIC feat_throughput_mbps=7343.3
[2026-07-08T23:59:06] METRIC feat_rtt_ms=48.773
[2026-07-08T23:59:06] METRIC feat_jitter_ms=9.159
[2026-07-08T23:59:06] METRIC feat_bw_utilization_pct=82.91
[2026-07-08T23:59:06] METRIC feat_cache_hit_ratio=0.7815
[2026-07-08T23:59:06] METRIC feat_avg_object_size_kb=31.269
[2026-07-08T23:59:06] METRIC feat_retransmission_count=31
[2026-07-08T23:59:06] METRIC true_optimal_mtu_bytes=2792
[2026-07-08T23:59:06] METRIC mlp_predicted_mtu_bytes=2827
[2026-07-08T23:59:06] METRIC mlp_confidence=0.99
[2026-07-08T23:59:06] METRIC abs_error_bytes=35
[2026-07-08T23:59:06] METRIC update_applied=True
[2026-07-08T23:59:06] RUN_END status=OK
[2026-07-09T00:02:42] RUN_START run_id=MTU_high_lat_high_loss_075
[2026-07-09T00:02:42] PARAM condition=high_lat_high_loss
[2026-07-09T00:02:42] METRIC feat_packet_loss_rate_pct=4.0979
[2026-07-09T00:02:42] METRIC feat_throughput_mbps=3812.59
[2026-07-09T00:02:42] METRIC feat_rtt_ms=45.131
[2026-07-09T00:02:42] METRIC feat_jitter_ms=6.468
[2026-07-09T00:02:42] METRIC feat_bw_utilization_pct=65.03
[2026-07-09T00:02:42] METRIC feat_cache_hit_ratio=0.7421
[2026-07-09T00:02:42] METRIC feat_avg_object_size_kb=0.181
[2026-07-09T00:02:42] METRIC feat_retransmission_count=29
[2026-07-09T00:02:42] METRIC true_optimal_mtu_bytes=1000
[2026-07-09T00:02:42] METRIC mlp_predicted_mtu_bytes=855
[2026-07-09T00:02:42] METRIC mlp_confidence=0.7853
[2026-07-09T00:02:42] METRIC abs_error_bytes=145
[2026-07-09T00:02:42] METRIC update_applied=False
[2026-07-09T00:02:42] RUN_END status=OK
[2026-07-09T00:05:51] RUN_START run_id=MTU_high_lat_high_loss_076
[2026-07-09T00:05:51] PARAM condition=high_lat_high_loss
[2026-07-09T00:05:51] METRIC feat_packet_loss_rate_pct=5.3963
[2026-07-09T00:05:51] METRIC feat_throughput_mbps=3892.87
[2026-07-09T00:05:51] METRIC feat_rtt_ms=46.844
[2026-07-09T00:05:51] METRIC feat_jitter_ms=5.237
[2026-07-09T00:05:51] METRIC feat_bw_utilization_pct=46.08
[2026-07-09T00:05:51] METRIC feat_cache_hit_ratio=0.9562
[2026-07-09T00:05:51] METRIC feat_avg_object_size_kb=18.175
[2026-07-09T00:05:51] METRIC feat_retransmission_count=31
[2026-07-09T00:05:51] METRIC true_optimal_mtu_bytes=2232
[2026-07-09T00:05:51] METRIC mlp_predicted_mtu_bytes=1944
[2026-07-09T00:05:51] METRIC mlp_confidence=0.6539
[2026-07-09T00:05:51] METRIC abs_error_bytes=288
[2026-07-09T00:05:51] METRIC update_applied=False
[2026-07-09T00:05:51] RUN_END status=OK
[2026-07-09T00:07:58] RUN_START run_id=MTU_high_lat_high_loss_077
[2026-07-09T00:07:58] PARAM condition=high_lat_high_loss
[2026-07-09T00:07:58] METRIC feat_packet_loss_rate_pct=6.1409
[2026-07-09T00:07:58] METRIC feat_throughput_mbps=5613.71
[2026-07-09T00:07:58] METRIC feat_rtt_ms=44.843
[2026-07-09T00:07:58] METRIC feat_jitter_ms=11.777
[2026-07-09T00:07:58] METRIC feat_bw_utilization_pct=28.68
[2026-07-09T00:07:58] METRIC feat_cache_hit_ratio=0.99
[2026-07-09T00:07:58] METRIC feat_avg_object_size_kb=495.532
[2026-07-09T00:07:58] METRIC feat_retransmission_count=29
[2026-07-09T00:07:58] METRIC true_optimal_mtu_bytes=5216
[2026-07-09T00:07:58] METRIC mlp_predicted_mtu_bytes=5443
[2026-07-09T00:07:58] METRIC mlp_confidence=0.7406
[2026-07-09T00:07:58] METRIC abs_error_bytes=227
[2026-07-09T00:07:58] METRIC update_applied=False
[2026-07-09T00:07:58] RUN_END status=OK
[2026-07-09T00:09:03] RUN_START run_id=MTU_high_lat_high_loss_078
[2026-07-09T00:09:03] PARAM condition=high_lat_high_loss
[2026-07-09T00:09:03] METRIC feat_packet_loss_rate_pct=4.7042
[2026-07-09T00:09:03] METRIC feat_throughput_mbps=160.41
[2026-07-09T00:09:03] METRIC feat_rtt_ms=49.396
[2026-07-09T00:09:03] METRIC feat_jitter_ms=9.901
[2026-07-09T00:09:03] METRIC feat_bw_utilization_pct=63.27
[2026-07-09T00:09:03] METRIC feat_cache_hit_ratio=0.7806
[2026-07-09T00:09:03] METRIC feat_avg_object_size_kb=14.769
[2026-07-09T00:09:03] METRIC feat_retransmission_count=25
[2026-07-09T00:09:03] METRIC true_optimal_mtu_bytes=2056
[2026-07-09T00:09:03] METRIC mlp_predicted_mtu_bytes=2002
[2026-07-09T00:09:03] METRIC mlp_confidence=0.9122
[2026-07-09T00:09:03] METRIC abs_error_bytes=54
[2026-07-09T00:09:03] METRIC update_applied=True
[2026-07-09T00:09:03] RUN_END status=OK
[2026-07-09T00:13:21] RUN_START run_id=MTU_high_lat_high_loss_079
[2026-07-09T00:13:21] PARAM condition=high_lat_high_loss
[2026-07-09T00:13:21] METRIC feat_packet_loss_rate_pct=6.365
[2026-07-09T00:13:21] METRIC feat_throughput_mbps=6421.21
[2026-07-09T00:13:21] METRIC feat_rtt_ms=47.56
[2026-07-09T00:13:21] METRIC feat_jitter_ms=10.124
[2026-07-09T00:13:21] METRIC feat_bw_utilization_pct=50.82
[2026-07-09T00:13:21] METRIC feat_cache_hit_ratio=0.9505
[2026-07-09T00:13:21] METRIC feat_avg_object_size_kb=4738.617
[2026-07-09T00:13:21] METRIC feat_retransmission_count=27
[2026-07-09T00:13:21] METRIC true_optimal_mtu_bytes=5552
[2026-07-09T00:13:21] METRIC mlp_predicted_mtu_bytes=5336
[2026-07-09T00:13:21] METRIC mlp_confidence=0.8095
[2026-07-09T00:13:21] METRIC abs_error_bytes=216
[2026-07-09T00:13:21] METRIC update_applied=True
[2026-07-09T00:13:21] RUN_END status=OK
[2026-07-09T00:15:21] RUN_START run_id=MTU_high_lat_high_loss_080
[2026-07-09T00:15:21] PARAM condition=high_lat_high_loss
[2026-07-09T00:15:21] METRIC feat_packet_loss_rate_pct=4.9036
[2026-07-09T00:15:21] METRIC feat_throughput_mbps=609.47
[2026-07-09T00:15:21] METRIC feat_rtt_ms=36.665
[2026-07-09T00:15:21] METRIC feat_jitter_ms=11.709
[2026-07-09T00:15:21] METRIC feat_bw_utilization_pct=48.09
[2026-07-09T00:15:21] METRIC feat_cache_hit_ratio=0.8152
[2026-07-09T00:15:21] METRIC feat_avg_object_size_kb=1087.897
[2026-07-09T00:15:21] METRIC feat_retransmission_count=31
[2026-07-09T00:15:21] METRIC true_optimal_mtu_bytes=5272
[2026-07-09T00:15:21] METRIC mlp_predicted_mtu_bytes=5384
[2026-07-09T00:15:21] METRIC mlp_confidence=0.9191
[2026-07-09T00:15:21] METRIC abs_error_bytes=112
[2026-07-09T00:15:21] METRIC update_applied=True
[2026-07-09T00:15:21] RUN_END status=OK
[2026-07-09T00:19:09] RUN_START run_id=MTU_high_lat_high_loss_081
[2026-07-09T00:19:09] PARAM condition=high_lat_high_loss
[2026-07-09T00:19:09] METRIC feat_packet_loss_rate_pct=6.4622
[2026-07-09T00:19:09] METRIC feat_throughput_mbps=7993.77
[2026-07-09T00:19:09] METRIC feat_rtt_ms=58.632
[2026-07-09T00:19:09] METRIC feat_jitter_ms=5.038
[2026-07-09T00:19:09] METRIC feat_bw_utilization_pct=72.26
[2026-07-09T00:19:09] METRIC feat_cache_hit_ratio=0.5966
[2026-07-09T00:19:09] METRIC feat_avg_object_size_kb=11.057
[2026-07-09T00:19:09] METRIC feat_retransmission_count=46
[2026-07-09T00:19:09] METRIC true_optimal_mtu_bytes=1760
[2026-07-09T00:19:09] METRIC mlp_predicted_mtu_bytes=1628
[2026-07-09T00:19:09] METRIC mlp_confidence=0.873
[2026-07-09T00:19:09] METRIC abs_error_bytes=132
[2026-07-09T00:19:09] METRIC update_applied=True
[2026-07-09T00:19:09] RUN_END status=OK
[2026-07-09T00:20:07] RUN_START run_id=MTU_high_lat_high_loss_082
[2026-07-09T00:20:07] PARAM condition=high_lat_high_loss
[2026-07-09T00:20:07] METRIC feat_packet_loss_rate_pct=5.0903
[2026-07-09T00:20:07] METRIC feat_throughput_mbps=3732.49
[2026-07-09T00:20:07] METRIC feat_rtt_ms=49.894
[2026-07-09T00:20:07] METRIC feat_jitter_ms=7.897
[2026-07-09T00:20:07] METRIC feat_bw_utilization_pct=52.31
[2026-07-09T00:20:07] METRIC feat_cache_hit_ratio=0.6129
[2026-07-09T00:20:07] METRIC feat_avg_object_size_kb=3.512
[2026-07-09T00:20:07] METRIC feat_retransmission_count=28
[2026-07-09T00:20:07] METRIC true_optimal_mtu_bytes=1000
[2026-07-09T00:20:07] METRIC mlp_predicted_mtu_bytes=980
[2026-07-09T00:20:07] METRIC mlp_confidence=0.966
[2026-07-09T00:20:07] METRIC abs_error_bytes=20
[2026-07-09T00:20:07] METRIC update_applied=True
[2026-07-09T00:20:07] RUN_END status=OK
[2026-07-09T00:21:20] RUN_START run_id=MTU_high_lat_high_loss_083
[2026-07-09T00:21:20] PARAM condition=high_lat_high_loss
[2026-07-09T00:21:20] METRIC feat_packet_loss_rate_pct=5.2257
[2026-07-09T00:21:20] METRIC feat_throughput_mbps=3176.91
[2026-07-09T00:21:20] METRIC feat_rtt_ms=44.732
[2026-07-09T00:21:20] METRIC feat_jitter_ms=8.136
[2026-07-09T00:21:20] METRIC feat_bw_utilization_pct=59.24
[2026-07-09T00:21:20] METRIC feat_cache_hit_ratio=0.7061
[2026-07-09T00:21:20] METRIC feat_avg_object_size_kb=44.113
[2026-07-09T00:21:20] METRIC feat_retransmission_count=18
[2026-07-09T00:21:20] METRIC true_optimal_mtu_bytes=3344
[2026-07-09T00:21:20] METRIC mlp_predicted_mtu_bytes=3320
[2026-07-09T00:21:20] METRIC mlp_confidence=0.9408
[2026-07-09T00:21:20] METRIC abs_error_bytes=24
[2026-07-09T00:21:20] METRIC update_applied=True
[2026-07-09T00:21:20] RUN_END status=OK
[2026-07-09T00:24:28] RUN_START run_id=MTU_high_lat_high_loss_084
[2026-07-09T00:24:28] PARAM condition=high_lat_high_loss
[2026-07-09T00:24:28] METRIC feat_packet_loss_rate_pct=5.9192
[2026-07-09T00:24:28] METRIC feat_throughput_mbps=4120.57
[2026-07-09T00:24:28] METRIC feat_rtt_ms=56.588
[2026-07-09T00:24:28] METRIC feat_jitter_ms=5.477
[2026-07-09T00:24:28] METRIC feat_bw_utilization_pct=44.44
[2026-07-09T00:24:28] METRIC feat_cache_hit_ratio=0.6148
[2026-07-09T00:24:28] METRIC feat_avg_object_size_kb=1.189
[2026-07-09T00:24:28] METRIC feat_retransmission_count=31
[2026-07-09T00:24:28] METRIC true_optimal_mtu_bytes=1000
[2026-07-09T00:24:28] METRIC mlp_predicted_mtu_bytes=1072
[2026-07-09T00:24:28] METRIC mlp_confidence=0.9273
[2026-07-09T00:24:28] METRIC abs_error_bytes=72
[2026-07-09T00:24:28] METRIC update_applied=True
[2026-07-09T00:24:28] RUN_END status=OK
[2026-07-09T00:29:12] RUN_START run_id=MTU_high_lat_high_loss_085
[2026-07-09T00:29:12] PARAM condition=high_lat_high_loss
[2026-07-09T00:29:12] METRIC feat_packet_loss_rate_pct=6.4883
[2026-07-09T00:29:12] METRIC feat_throughput_mbps=3077.16
[2026-07-09T00:29:12] METRIC feat_rtt_ms=57.59
[2026-07-09T00:29:12] METRIC feat_jitter_ms=8.778
[2026-07-09T00:29:12] METRIC feat_bw_utilization_pct=57.7
[2026-07-09T00:29:12] METRIC feat_cache_hit_ratio=0.8483
[2026-07-09T00:29:12] METRIC feat_avg_object_size_kb=3.028
[2026-07-09T00:29:12] METRIC feat_retransmission_count=49
[2026-07-09T00:29:12] METRIC true_optimal_mtu_bytes=1000
[2026-07-09T00:29:12] METRIC mlp_predicted_mtu_bytes=1256
[2026-07-09T00:29:12] METRIC mlp_confidence=0.6639
[2026-07-09T00:29:12] METRIC abs_error_bytes=256
[2026-07-09T00:29:12] METRIC update_applied=False
[2026-07-09T00:29:12] RUN_END status=OK
[2026-07-09T00:31:19] RUN_START run_id=MTU_high_lat_high_loss_086
[2026-07-09T00:31:19] PARAM condition=high_lat_high_loss
[2026-07-09T00:31:19] METRIC feat_packet_loss_rate_pct=3.8806
[2026-07-09T00:31:19] METRIC feat_throughput_mbps=8939.58
[2026-07-09T00:31:19] METRIC feat_rtt_ms=40.178
[2026-07-09T00:31:19] METRIC feat_jitter_ms=7.407
[2026-07-09T00:31:19] METRIC feat_bw_utilization_pct=85.11
[2026-07-09T00:31:19] METRIC feat_cache_hit_ratio=0.805
[2026-07-09T00:31:19] METRIC feat_avg_object_size_kb=0.205
[2026-07-09T00:31:19] METRIC feat_retransmission_count=22
[2026-07-09T00:31:19] METRIC true_optimal_mtu_bytes=1000
[2026-07-09T00:31:19] METRIC mlp_predicted_mtu_bytes=1327
[2026-07-09T00:31:19] METRIC mlp_confidence=0.643
[2026-07-09T00:31:19] METRIC abs_error_bytes=327
[2026-07-09T00:31:19] METRIC update_applied=False
[2026-07-09T00:31:19] RUN_END status=OK
[2026-07-09T00:34:21] RUN_START run_id=MTU_high_lat_high_loss_087
[2026-07-09T00:34:21] PARAM condition=high_lat_high_loss
[2026-07-09T00:34:21] METRIC feat_packet_loss_rate_pct=3.5513
[2026-07-09T00:34:21] METRIC feat_throughput_mbps=8184.53
[2026-07-09T00:34:21] METRIC feat_rtt_ms=38.851
[2026-07-09T00:34:21] METRIC feat_jitter_ms=5.14
[2026-07-09T00:34:21] METRIC feat_bw_utilization_pct=79.38
[2026-07-09T00:34:21] METRIC feat_cache_hit_ratio=0.6016
[2026-07-09T00:34:21] METRIC feat_avg_object_size_kb=28.749
[2026-07-09T00:34:21] METRIC feat_retransmission_count=27
[2026-07-09T00:34:21] METRIC true_optimal_mtu_bytes=2952
[2026-07-09T00:34:21] METRIC mlp_predicted_mtu_bytes=2771
[2026-07-09T00:34:21] METRIC mlp_confidence=0.8066
[2026-07-09T00:34:21] METRIC abs_error_bytes=181
[2026-07-09T00:34:21] METRIC update_applied=True
[2026-07-09T00:34:21] RUN_END status=OK
[2026-07-09T00:36:49] RUN_START run_id=MTU_high_lat_high_loss_088
[2026-07-09T00:36:49] PARAM condition=high_lat_high_loss
[2026-07-09T00:36:49] METRIC feat_packet_loss_rate_pct=3.98
[2026-07-09T00:36:49] METRIC feat_throughput_mbps=4518.22
[2026-07-09T00:36:49] METRIC feat_rtt_ms=53.079
[2026-07-09T00:36:49] METRIC feat_jitter_ms=10.063
[2026-07-09T00:36:49] METRIC feat_bw_utilization_pct=16.55
[2026-07-09T00:36:49] METRIC feat_cache_hit_ratio=0.9221
[2026-07-09T00:36:49] METRIC feat_avg_object_size_kb=2.944
[2026-07-09T00:36:49] METRIC feat_retransmission_count=18
[2026-07-09T00:36:49] METRIC true_optimal_mtu_bytes=1192
[2026-07-09T00:36:49] METRIC mlp_predicted_mtu_bytes=1135
[2026-07-09T00:36:49] METRIC mlp_confidence=0.9232
[2026-07-09T00:36:49] METRIC abs_error_bytes=57
[2026-07-09T00:36:49] METRIC update_applied=True
[2026-07-09T00:36:49] RUN_END status=OK
[2026-07-09T00:39:45] RUN_START run_id=MTU_high_lat_high_loss_089
[2026-07-09T00:39:45] PARAM condition=high_lat_high_loss
[2026-07-09T00:39:45] METRIC feat_packet_loss_rate_pct=5.5507
[2026-07-09T00:39:45] METRIC feat_throughput_mbps=8378.62
[2026-07-09T00:39:45] METRIC feat_rtt_ms=39.106
[2026-07-09T00:39:45] METRIC feat_jitter_ms=7.859
[2026-07-09T00:39:45] METRIC feat_bw_utilization_pct=61.21
[2026-07-09T00:39:45] METRIC feat_cache_hit_ratio=0.8333
[2026-07-09T00:39:45] METRIC feat_avg_object_size_kb=1170.145
[2026-07-09T00:39:45] METRIC feat_retransmission_count=44
[2026-07-09T00:39:45] METRIC true_optimal_mtu_bytes=5376
[2026-07-09T00:39:45] METRIC mlp_predicted_mtu_bytes=5600
[2026-07-09T00:39:45] METRIC mlp_confidence=0.7875
[2026-07-09T00:39:45] METRIC abs_error_bytes=224
[2026-07-09T00:39:45] METRIC update_applied=False
[2026-07-09T00:39:45] RUN_END status=OK
[2026-07-09T00:42:58] RUN_START run_id=MTU_high_lat_high_loss_090
[2026-07-09T00:42:58] PARAM condition=high_lat_high_loss
[2026-07-09T00:42:58] METRIC feat_packet_loss_rate_pct=5.1429
[2026-07-09T00:42:58] METRIC feat_throughput_mbps=3162.34
[2026-07-09T00:42:58] METRIC feat_rtt_ms=37.277
[2026-07-09T00:42:58] METRIC feat_jitter_ms=6.673
[2026-07-09T00:42:58] METRIC feat_bw_utilization_pct=56.16
[2026-07-09T00:42:58] METRIC feat_cache_hit_ratio=0.7374
[2026-07-09T00:42:58] METRIC feat_avg_object_size_kb=497.47
[2026-07-09T00:42:58] METRIC feat_retransmission_count=33
[2026-07-09T00:42:58] METRIC true_optimal_mtu_bytes=5248
[2026-07-09T00:42:58] METRIC mlp_predicted_mtu_bytes=4937
[2026-07-09T00:42:58] METRIC mlp_confidence=0.6306
[2026-07-09T00:42:58] METRIC abs_error_bytes=311
[2026-07-09T00:42:58] METRIC update_applied=False
[2026-07-09T00:42:58] RUN_END status=OK
[2026-07-09T00:43:58] RUN_START run_id=MTU_high_lat_high_loss_091
[2026-07-09T00:43:58] PARAM condition=high_lat_high_loss
[2026-07-09T00:43:58] METRIC feat_packet_loss_rate_pct=5.9988
[2026-07-09T00:43:58] METRIC feat_throughput_mbps=565.55
[2026-07-09T00:43:58] METRIC feat_rtt_ms=43.899
[2026-07-09T00:43:58] METRIC feat_jitter_ms=10.065
[2026-07-09T00:43:58] METRIC feat_bw_utilization_pct=38.5
[2026-07-09T00:43:58] METRIC feat_cache_hit_ratio=0.6328
[2026-07-09T00:43:58] METRIC feat_avg_object_size_kb=0.973
[2026-07-09T00:43:58] METRIC feat_retransmission_count=33
[2026-07-09T00:43:58] METRIC true_optimal_mtu_bytes=1000
[2026-07-09T00:43:58] METRIC mlp_predicted_mtu_bytes=1275
[2026-07-09T00:43:58] METRIC mlp_confidence=0.6295
[2026-07-09T00:43:58] METRIC abs_error_bytes=275
[2026-07-09T00:43:58] METRIC update_applied=False
[2026-07-09T00:43:58] RUN_END status=OK
