[2026-07-12T17:42:12] RUN_START run_id=MTU_low_lat_high_loss_143
[2026-07-12T17:42:12] PARAM condition=low_lat_high_loss
[2026-07-12T17:42:12] METRIC feat_packet_loss_rate_pct=3.9199
[2026-07-12T17:42:12] METRIC feat_throughput_mbps=4294.59
[2026-07-12T17:42:12] METRIC feat_rtt_ms=2.095
[2026-07-12T17:42:12] METRIC feat_jitter_ms=1.529
[2026-07-12T17:42:12] METRIC feat_bw_utilization_pct=81.8
[2026-07-12T17:42:12] METRIC feat_cache_hit_ratio=0.7208
[2026-07-12T17:42:12] METRIC feat_avg_object_size_kb=0.863
[2026-07-12T17:42:12] METRIC feat_retransmission_count=16
[2026-07-12T17:42:12] METRIC true_optimal_mtu_bytes=1000
[2026-07-12T17:42:12] METRIC mlp_predicted_mtu_bytes=1105
[2026-07-12T17:42:12] METRIC mlp_confidence=0.8864
[2026-07-12T17:42:12] METRIC abs_error_bytes=105
[2026-07-12T17:42:12] METRIC update_applied=True
[2026-07-12T17:42:12] RUN_END status=OK
[2026-07-12T17:46:14] RUN_START run_id=MTU_low_lat_high_loss_144
[2026-07-12T17:46:14] PARAM condition=low_lat_high_loss
[2026-07-12T17:46:14] METRIC feat_packet_loss_rate_pct=4.2978
[2026-07-12T17:46:14] METRIC feat_throughput_mbps=853.96
[2026-07-12T17:46:14] METRIC feat_rtt_ms=8.938
[2026-07-12T17:46:14] METRIC feat_jitter_ms=1.605
[2026-07-12T17:46:14] METRIC feat_bw_utilization_pct=13.21
[2026-07-12T17:46:14] METRIC feat_cache_hit_ratio=0.9462
[2026-07-12T17:46:14] METRIC feat_avg_object_size_kb=0.264
[2026-07-12T17:46:14] METRIC feat_retransmission_count=30
[2026-07-12T17:46:14] METRIC true_optimal_mtu_bytes=1000
[2026-07-12T17:46:14] METRIC mlp_predicted_mtu_bytes=1009
[2026-07-12T17:46:14] METRIC mlp_confidence=0.9552
[2026-07-12T17:46:14] METRIC abs_error_bytes=9
[2026-07-12T17:46:14] METRIC update_applied=True
[2026-07-12T17:46:14] RUN_END status=OK
[2026-07-12T17:47:35] RUN_START run_id=MTU_low_lat_high_loss_145
[2026-07-12T17:47:35] PARAM condition=low_lat_high_loss
[2026-07-12T17:47:35] METRIC feat_packet_loss_rate_pct=3.0507
[2026-07-12T17:47:35] METRIC feat_throughput_mbps=5152.68
[2026-07-12T17:47:35] METRIC feat_rtt_ms=6.224
[2026-07-12T17:47:35] METRIC feat_jitter_ms=1.971
[2026-07-12T17:47:35] METRIC feat_bw_utilization_pct=27.05
[2026-07-12T17:47:35] METRIC feat_cache_hit_ratio=0.5537
[2026-07-12T17:47:35] METRIC feat_avg_object_size_kb=6.623
[2026-07-12T17:47:35] METRIC feat_retransmission_count=21
[2026-07-12T17:47:35] METRIC true_optimal_mtu_bytes=1552
[2026-07-12T17:47:35] METRIC mlp_predicted_mtu_bytes=1789
[2026-07-12T17:47:35] METRIC mlp_confidence=0.7311
[2026-07-12T17:47:35] METRIC abs_error_bytes=237
[2026-07-12T17:47:35] METRIC update_applied=False
[2026-07-12T17:47:35] RUN_END status=OK
[2026-07-12T17:49:13] RUN_START run_id=MTU_low_lat_high_loss_146
[2026-07-12T17:49:13] PARAM condition=low_lat_high_loss
[2026-07-12T17:49:13] METRIC feat_packet_loss_rate_pct=4.2614
[2026-07-12T17:49:13] METRIC feat_throughput_mbps=609.81
[2026-07-12T17:49:13] METRIC feat_rtt_ms=9.782
[2026-07-12T17:49:13] METRIC feat_jitter_ms=0.4
[2026-07-12T17:49:13] METRIC feat_bw_utilization_pct=33.07
[2026-07-12T17:49:13] METRIC feat_cache_hit_ratio=0.6932
[2026-07-12T17:49:13] METRIC feat_avg_object_size_kb=0.123
[2026-07-12T17:49:13] METRIC feat_retransmission_count=22
[2026-07-12T17:49:13] METRIC true_optimal_mtu_bytes=1000
[2026-07-12T17:49:13] METRIC mlp_predicted_mtu_bytes=958
[2026-07-12T17:49:13] METRIC mlp_confidence=0.9677
[2026-07-12T17:49:13] METRIC abs_error_bytes=42
[2026-07-12T17:49:13] METRIC update_applied=True
[2026-07-12T17:49:13] RUN_END status=OK
[2026-07-12T17:51:54] RUN_START run_id=MTU_low_lat_high_loss_147
[2026-07-12T17:51:54] PARAM condition=low_lat_high_loss
[2026-07-12T17:51:54] METRIC feat_packet_loss_rate_pct=3.7848
[2026-07-12T17:51:54] METRIC feat_throughput_mbps=8366.93
[2026-07-12T17:51:54] METRIC feat_rtt_ms=9.144
[2026-07-12T17:51:54] METRIC feat_jitter_ms=0.952
[2026-07-12T17:51:54] METRIC feat_bw_utilization_pct=90.44
[2026-07-12T17:51:54] METRIC feat_cache_hit_ratio=0.5983
[2026-07-12T17:51:54] METRIC feat_avg_object_size_kb=165.243
[2026-07-12T17:51:54] METRIC feat_retransmission_count=24
[2026-07-12T17:51:54] METRIC true_optimal_mtu_bytes=4960
[2026-07-12T17:51:54] METRIC mlp_predicted_mtu_bytes=4708
[2026-07-12T17:51:54] METRIC mlp_confidence=0.7216
[2026-07-12T17:51:54] METRIC abs_error_bytes=252
[2026-07-12T17:51:54] METRIC update_applied=False
[2026-07-12T17:51:54] RUN_END status=OK
[2026-07-12T17:53:47] RUN_START run_id=MTU_low_lat_high_loss_148
[2026-07-12T17:53:47] PARAM condition=low_lat_high_loss
[2026-07-12T17:53:47] METRIC feat_packet_loss_rate_pct=3.8447
[2026-07-12T17:53:47] METRIC feat_throughput_mbps=3581.21
[2026-07-12T17:53:47] METRIC feat_rtt_ms=3.635
[2026-07-12T17:53:47] METRIC feat_jitter_ms=1.777
[2026-07-12T17:53:47] METRIC feat_bw_utilization_pct=75.71
[2026-07-12T17:53:47] METRIC feat_cache_hit_ratio=0.7732
[2026-07-12T17:53:47] METRIC feat_avg_object_size_kb=0.129
[2026-07-12T17:53:47] METRIC feat_retransmission_count=33
[2026-07-12T17:53:47] METRIC true_optimal_mtu_bytes=1000
[2026-07-12T17:53:47] METRIC mlp_predicted_mtu_bytes=936
[2026-07-12T17:53:47] METRIC mlp_confidence=0.9377
[2026-07-12T17:53:47] METRIC abs_error_bytes=64
[2026-07-12T17:53:47] METRIC update_applied=True
[2026-07-12T17:53:47] RUN_END status=OK
[2026-07-12T17:56:17] RUN_START run_id=MTU_low_lat_high_loss_149
[2026-07-12T17:56:17] PARAM condition=low_lat_high_loss
[2026-07-12T17:56:17] METRIC feat_packet_loss_rate_pct=5.2447
[2026-07-12T17:56:17] METRIC feat_throughput_mbps=1178.11
[2026-07-12T17:56:17] METRIC feat_rtt_ms=3.17
[2026-07-12T17:56:17] METRIC feat_jitter_ms=1.196
[2026-07-12T17:56:17] METRIC feat_bw_utilization_pct=74.27
[2026-07-12T17:56:17] METRIC feat_cache_hit_ratio=0.9493
[2026-07-12T17:56:17] METRIC feat_avg_object_size_kb=0.203
[2026-07-12T17:56:17] METRIC feat_retransmission_count=33
[2026-07-12T17:56:17] METRIC true_optimal_mtu_bytes=1000
[2026-07-12T17:56:17] METRIC mlp_predicted_mtu_bytes=926
[2026-07-12T17:56:17] METRIC mlp_confidence=0.9257
[2026-07-12T17:56:17] METRIC abs_error_bytes=74
[2026-07-12T17:56:17] METRIC update_applied=True
[2026-07-12T17:56:17] RUN_END status=OK
[2026-07-12T17:57:46] RUN_START run_id=MTU_low_lat_high_loss_150
[2026-07-12T17:57:46] PARAM condition=low_lat_high_loss
[2026-07-12T17:57:46] METRIC feat_packet_loss_rate_pct=5.4987
[2026-07-12T17:57:46] METRIC feat_throughput_mbps=6028.1
[2026-07-12T17:57:46] METRIC feat_rtt_ms=8.561
[2026-07-12T17:57:46] METRIC feat_jitter_ms=1.464
[2026-07-12T17:57:46] METRIC feat_bw_utilization_pct=60.11
[2026-07-12T17:57:46] METRIC feat_cache_hit_ratio=0.7468
[2026-07-12T17:57:46] METRIC feat_avg_object_size_kb=44.403
[2026-07-12T17:57:46] METRIC feat_retransmission_count=30
[2026-07-12T17:57:46] METRIC true_optimal_mtu_bytes=3224
[2026-07-12T17:57:46] METRIC mlp_predicted_mtu_bytes=2957
[2026-07-12T17:57:46] METRIC mlp_confidence=0.7505
[2026-07-12T17:57:46] METRIC abs_error_bytes=267
[2026-07-12T17:57:46] METRIC update_applied=False
[2026-07-12T17:57:46] RUN_END status=OK
[2026-07-12T22:38:46] RUN_START run_id=MTU_high_lat_low_loss_052
[2026-07-12T22:38:46] PARAM condition=high_lat_low_loss
[2026-07-12T22:38:46] METRIC feat_packet_loss_rate_pct=0.9487
[2026-07-12T22:38:46] METRIC feat_throughput_mbps=4607.68
[2026-07-12T22:38:46] METRIC feat_rtt_ms=47.371
[2026-07-12T22:38:46] METRIC feat_jitter_ms=7.322
[2026-07-12T22:38:46] METRIC feat_bw_utilization_pct=64.03
[2026-07-12T22:38:46] METRIC feat_cache_hit_ratio=0.652
[2026-07-12T22:38:46] METRIC feat_avg_object_size_kb=1.221
[2026-07-12T22:38:46] METRIC feat_retransmission_count=9
[2026-07-12T22:38:46] METRIC true_optimal_mtu_bytes=1000
[2026-07-12T22:38:46] METRIC mlp_predicted_mtu_bytes=805
[2026-07-12T22:38:46] METRIC mlp_confidence=0.8091
[2026-07-12T22:38:46] METRIC abs_error_bytes=195
[2026-07-12T22:38:46] METRIC update_applied=True
[2026-07-12T22:38:46] RUN_END status=OK
[2026-07-12T22:40:40] RUN_START run_id=MTU_high_lat_low_loss_053
[2026-07-12T22:40:40] PARAM condition=high_lat_low_loss
[2026-07-12T22:40:40] METRIC feat_packet_loss_rate_pct=0.6847
[2026-07-12T22:40:40] METRIC feat_throughput_mbps=3113.85
[2026-07-12T22:40:40] METRIC feat_rtt_ms=35.823
[2026-07-12T22:40:40] METRIC feat_jitter_ms=7.164
[2026-07-12T22:40:40] METRIC feat_bw_utilization_pct=15.27
[2026-07-12T22:40:40] METRIC feat_cache_hit_ratio=0.5301
[2026-07-12T22:40:40] METRIC feat_avg_object_size_kb=10.74
[2026-07-12T22:40:40] METRIC feat_retransmission_count=6
[2026-07-12T22:40:40] METRIC true_optimal_mtu_bytes=2472
[2026-07-12T22:40:40] METRIC mlp_predicted_mtu_bytes=2730
[2026-07-12T22:40:40] METRIC mlp_confidence=0.751
[2026-07-12T22:40:40] METRIC abs_error_bytes=258
[2026-07-12T22:40:40] METRIC update_applied=False
[2026-07-12T22:40:40] RUN_END status=OK
[2026-07-12T22:41:05] RUN_START run_id=MTU_high_lat_low_loss_054
[2026-07-12T22:41:05] PARAM condition=high_lat_low_loss
[2026-07-12T22:41:05] METRIC feat_packet_loss_rate_pct=0.9253
[2026-07-12T22:41:05] METRIC feat_throughput_mbps=8815.64
[2026-07-12T22:41:05] METRIC feat_rtt_ms=52.165
[2026-07-12T22:41:05] METRIC feat_jitter_ms=9.414
[2026-07-12T22:41:05] METRIC feat_bw_utilization_pct=69.88
[2026-07-12T22:41:05] METRIC feat_cache_hit_ratio=0.5495
[2026-07-12T22:41:05] METRIC feat_avg_object_size_kb=0.33
[2026-07-12T22:41:05] METRIC feat_retransmission_count=7
[2026-07-12T22:41:05] METRIC true_optimal_mtu_bytes=1008
[2026-07-12T22:41:05] METRIC mlp_predicted_mtu_bytes=822
[2026-07-12T22:41:05] METRIC mlp_confidence=0.8108
[2026-07-12T22:41:05] METRIC abs_error_bytes=186
[2026-07-12T22:41:05] METRIC update_applied=True
[2026-07-12T22:41:05] RUN_END status=OK
[2026-07-12T22:43:13] RUN_START run_id=MTU_high_lat_low_loss_055
[2026-07-12T22:43:13] PARAM condition=high_lat_low_loss
[2026-07-12T22:43:13] METRIC feat_packet_loss_rate_pct=0.186
[2026-07-12T22:43:13] METRIC feat_throughput_mbps=5261.18
[2026-07-12T22:43:13] METRIC feat_rtt_ms=41.462
[2026-07-12T22:43:13] METRIC feat_jitter_ms=5.001
[2026-07-12T22:43:13] METRIC feat_bw_utilization_pct=64.86
[2026-07-12T22:43:13] METRIC feat_cache_hit_ratio=0.99
[2026-07-12T22:43:13] METRIC feat_avg_object_size_kb=1.172
[2026-07-12T22:43:13] METRIC feat_retransmission_count=1
[2026-07-12T22:43:13] METRIC true_optimal_mtu_bytes=1080
[2026-07-12T22:43:13] METRIC mlp_predicted_mtu_bytes=1211
[2026-07-12T22:43:13] METRIC mlp_confidence=0.8535
[2026-07-12T22:43:13] METRIC abs_error_bytes=131
[2026-07-12T22:43:13] METRIC update_applied=True
[2026-07-12T22:43:13] RUN_END status=OK
[2026-07-12T22:45:07] RUN_START run_id=MTU_high_lat_low_loss_056
[2026-07-12T22:45:07] PARAM condition=high_lat_low_loss
[2026-07-12T22:45:07] METRIC feat_packet_loss_rate_pct=0.4976
[2026-07-12T22:45:07] METRIC feat_throughput_mbps=2188.3
[2026-07-12T22:45:07] METRIC feat_rtt_ms=55.461
[2026-07-12T22:45:07] METRIC feat_jitter_ms=4.551
[2026-07-12T22:45:07] METRIC feat_bw_utilization_pct=71.92
[2026-07-12T22:45:07] METRIC feat_cache_hit_ratio=0.8882
[2026-07-12T22:45:07] METRIC feat_avg_object_size_kb=3.588
[2026-07-12T22:45:07] METRIC feat_retransmission_count=0
[2026-07-12T22:45:07] METRIC true_optimal_mtu_bytes=1520
[2026-07-12T22:45:07] METRIC mlp_predicted_mtu_bytes=1552
[2026-07-12T22:45:07] METRIC mlp_confidence=0.99
[2026-07-12T22:45:07] METRIC abs_error_bytes=32
[2026-07-12T22:45:07] METRIC update_applied=True
[2026-07-12T22:45:07] RUN_END status=OK
[2026-07-12T22:47:53] RUN_START run_id=MTU_high_lat_low_loss_057
[2026-07-12T22:47:53] PARAM condition=high_lat_low_loss
[2026-07-12T22:47:53] METRIC feat_packet_loss_rate_pct=0.0187
[2026-07-12T22:47:53] METRIC feat_throughput_mbps=1650.32
[2026-07-12T22:47:53] METRIC feat_rtt_ms=39.762
[2026-07-12T22:47:53] METRIC feat_jitter_ms=4.666
[2026-07-12T22:47:53] METRIC feat_bw_utilization_pct=27.59
[2026-07-12T22:47:53] METRIC feat_cache_hit_ratio=0.6732
[2026-07-12T22:47:53] METRIC feat_avg_object_size_kb=154.375
[2026-07-12T22:47:53] METRIC feat_retransmission_count=0
[2026-07-12T22:47:53] METRIC true_optimal_mtu_bytes=6856
[2026-07-12T22:47:53] METRIC mlp_predicted_mtu_bytes=6766
[2026-07-12T22:47:53] METRIC mlp_confidence=0.8553
[2026-07-12T22:47:53] METRIC abs_error_bytes=90
[2026-07-12T22:47:53] METRIC update_applied=True
[2026-07-12T22:47:53] RUN_END status=OK
[2026-07-12T22:52:22] RUN_START run_id=MTU_high_lat_low_loss_058
[2026-07-12T22:52:22] PARAM condition=high_lat_low_loss
[2026-07-12T22:52:22] METRIC feat_packet_loss_rate_pct=0.0548
[2026-07-12T22:52:22] METRIC feat_throughput_mbps=832.46
[2026-07-12T22:52:22] METRIC feat_rtt_ms=33.924
[2026-07-12T22:52:22] METRIC feat_jitter_ms=5.973
[2026-07-12T22:52:22] METRIC feat_bw_utilization_pct=73.19
[2026-07-12T22:52:22] METRIC feat_cache_hit_ratio=0.8298
[2026-07-12T22:52:22] METRIC feat_avg_object_size_kb=0.586
[2026-07-12T22:52:22] METRIC feat_retransmission_count=0
[2026-07-12T22:52:22] METRIC true_optimal_mtu_bytes=1144
[2026-07-12T22:52:22] METRIC mlp_predicted_mtu_bytes=1275
[2026-07-12T22:52:22] METRIC mlp_confidence=0.8322
[2026-07-12T22:52:22] METRIC abs_error_bytes=131
[2026-07-12T22:52:22] METRIC update_applied=True
[2026-07-12T22:52:22] RUN_END status=OK
[2026-07-12T22:55:00] RUN_START run_id=MTU_high_lat_low_loss_059
[2026-07-12T22:55:00] PARAM condition=high_lat_low_loss
[2026-07-12T22:55:00] METRIC feat_packet_loss_rate_pct=0.2971
[2026-07-12T22:55:00] METRIC feat_throughput_mbps=7697.78
[2026-07-12T22:55:00] METRIC feat_rtt_ms=51.7
[2026-07-12T22:55:00] METRIC feat_jitter_ms=9.114
[2026-07-12T22:55:00] METRIC feat_bw_utilization_pct=33.05
[2026-07-12T22:55:00] METRIC feat_cache_hit_ratio=0.7068
[2026-07-12T22:55:00] METRIC feat_avg_object_size_kb=0.848
[2026-07-12T22:55:00] METRIC feat_retransmission_count=4
[2026-07-12T22:55:00] METRIC true_optimal_mtu_bytes=1160
[2026-07-12T22:55:00] METRIC mlp_predicted_mtu_bytes=1041
[2026-07-12T22:55:00] METRIC mlp_confidence=0.868
[2026-07-12T22:55:00] METRIC abs_error_bytes=119
[2026-07-12T22:55:00] METRIC update_applied=True
[2026-07-12T22:55:00] RUN_END status=OK
[2026-07-12T22:57:57] RUN_START run_id=MTU_high_lat_low_loss_060
[2026-07-12T22:57:57] PARAM condition=high_lat_low_loss
[2026-07-12T22:57:57] METRIC feat_packet_loss_rate_pct=0.1121
[2026-07-12T22:57:57] METRIC feat_throughput_mbps=4913.65
[2026-07-12T22:57:57] METRIC feat_rtt_ms=55.401
[2026-07-12T22:57:57] METRIC feat_jitter_ms=4.832
[2026-07-12T22:57:57] METRIC feat_bw_utilization_pct=80.27
[2026-07-12T22:57:57] METRIC feat_cache_hit_ratio=0.8044
[2026-07-12T22:57:57] METRIC feat_avg_object_size_kb=141.411
[2026-07-12T22:57:57] METRIC feat_retransmission_count=0
[2026-07-12T22:57:57] METRIC true_optimal_mtu_bytes=6824
[2026-07-12T22:57:57] METRIC mlp_predicted_mtu_bytes=6879
[2026-07-12T22:57:57] METRIC mlp_confidence=0.9505
[2026-07-12T22:57:57] METRIC abs_error_bytes=55
[2026-07-12T22:57:57] METRIC update_applied=True
[2026-07-12T22:57:57] RUN_END status=OK
[2026-07-12T23:00:56] RUN_START run_id=MTU_high_lat_low_loss_061
[2026-07-12T23:00:56] PARAM condition=high_lat_low_loss
[2026-07-12T23:00:56] METRIC feat_packet_loss_rate_pct=0.5941
[2026-07-12T23:00:56] METRIC feat_throughput_mbps=1108.6
[2026-07-12T23:00:56] METRIC feat_rtt_ms=44.636
[2026-07-12T23:00:56] METRIC feat_jitter_ms=6.104
[2026-07-12T23:00:56] METRIC feat_bw_utilization_pct=23.34
[2026-07-12T23:00:56] METRIC feat_cache_hit_ratio=0.3521
[2026-07-12T23:00:56] METRIC feat_avg_object_size_kb=34.587
[2026-07-12T23:00:56] METRIC feat_retransmission_count=3
[2026-07-12T23:00:56] METRIC true_optimal_mtu_bytes=4304
[2026-07-12T23:00:56] METRIC mlp_predicted_mtu_bytes=4334
[2026-07-12T23:00:56] METRIC mlp_confidence=0.9223
[2026-07-12T23:00:56] METRIC abs_error_bytes=30
[2026-07-12T23:00:56] METRIC update_applied=True
[2026-07-12T23:00:56] RUN_END status=OK
[2026-07-12T23:03:02] RUN_START run_id=MTU_high_lat_low_loss_062
[2026-07-12T23:03:02] PARAM condition=high_lat_low_loss
[2026-07-12T23:03:02] METRIC feat_packet_loss_rate_pct=0.4306
[2026-07-12T23:03:02] METRIC feat_throughput_mbps=945.98
[2026-07-12T23:03:02] METRIC feat_rtt_ms=41.98
[2026-07-12T23:03:02] METRIC feat_jitter_ms=6.085
[2026-07-12T23:03:02] METRIC feat_bw_utilization_pct=81.93
[2026-07-12T23:03:02] METRIC feat_cache_hit_ratio=0.5836
[2026-07-12T23:03:02] METRIC feat_avg_object_size_kb=0.178
[2026-07-12T23:03:02] METRIC feat_retransmission_count=0
[2026-07-12T23:03:02] METRIC true_optimal_mtu_bytes=1000
[2026-07-12T23:03:02] METRIC mlp_predicted_mtu_bytes=926
[2026-07-12T23:03:02] METRIC mlp_confidence=0.9483
[2026-07-12T23:03:02] METRIC abs_error_bytes=74
[2026-07-12T23:03:02] METRIC update_applied=True
[2026-07-12T23:03:02] RUN_END status=OK
