[2026-07-09T00:46:06] RUN_START run_id=MTU_high_lat_high_loss_092
[2026-07-09T00:46:06] PARAM condition=high_lat_high_loss
[2026-07-09T00:46:06] METRIC feat_packet_loss_rate_pct=6.2083
[2026-07-09T00:46:06] METRIC feat_throughput_mbps=7310.24
[2026-07-09T00:46:06] METRIC feat_rtt_ms=46.136
[2026-07-09T00:46:06] METRIC feat_jitter_ms=5.093
[2026-07-09T00:46:06] METRIC feat_bw_utilization_pct=46.64
[2026-07-09T00:46:06] METRIC feat_cache_hit_ratio=0.8459
[2026-07-09T00:46:06] METRIC feat_avg_object_size_kb=634.916
[2026-07-09T00:46:06] METRIC feat_retransmission_count=40
[2026-07-09T00:46:06] METRIC true_optimal_mtu_bytes=5184
[2026-07-09T00:46:06] METRIC mlp_predicted_mtu_bytes=5429
[2026-07-09T00:46:06] METRIC mlp_confidence=0.7352
[2026-07-09T00:46:06] METRIC abs_error_bytes=245
[2026-07-09T00:46:06] METRIC update_applied=False
[2026-07-09T00:46:06] RUN_END status=OK
[2026-07-09T00:47:49] RUN_START run_id=MTU_high_lat_high_loss_093
[2026-07-09T00:47:49] PARAM condition=high_lat_high_loss
[2026-07-09T00:47:49] METRIC feat_packet_loss_rate_pct=3.6994
[2026-07-09T00:47:49] METRIC feat_throughput_mbps=7302.32
[2026-07-09T00:47:49] METRIC feat_rtt_ms=49.736
[2026-07-09T00:47:49] METRIC feat_jitter_ms=5.1
[2026-07-09T00:47:49] METRIC feat_bw_utilization_pct=27.92
[2026-07-09T00:47:49] METRIC feat_cache_hit_ratio=0.8716
[2026-07-09T00:47:49] METRIC feat_avg_object_size_kb=893.472
[2026-07-09T00:47:49] METRIC feat_retransmission_count=24
[2026-07-09T00:47:49] METRIC true_optimal_mtu_bytes=5848
[2026-07-09T00:47:49] METRIC mlp_predicted_mtu_bytes=5963
[2026-07-09T00:47:49] METRIC mlp_confidence=0.7949
[2026-07-09T00:47:49] METRIC abs_error_bytes=115
[2026-07-09T00:47:49] METRIC update_applied=False
[2026-07-09T00:47:49] RUN_END status=OK
[2026-07-09T00:50:04] RUN_START run_id=MTU_high_lat_high_loss_094
[2026-07-09T00:50:04] PARAM condition=high_lat_high_loss
[2026-07-09T00:50:04] METRIC feat_packet_loss_rate_pct=4.3501
[2026-07-09T00:50:04] METRIC feat_throughput_mbps=4122.3
[2026-07-09T00:50:04] METRIC feat_rtt_ms=47.897
[2026-07-09T00:50:04] METRIC feat_jitter_ms=11.643
[2026-07-09T00:50:04] METRIC feat_bw_utilization_pct=82.41
[2026-07-09T00:50:04] METRIC feat_cache_hit_ratio=0.444
[2026-07-09T00:50:04] METRIC feat_avg_object_size_kb=1361.05
[2026-07-09T00:50:04] METRIC feat_retransmission_count=15
[2026-07-09T00:50:04] METRIC true_optimal_mtu_bytes=5968
[2026-07-09T00:50:04] METRIC mlp_predicted_mtu_bytes=5897
[2026-07-09T00:50:04] METRIC mlp_confidence=0.8921
[2026-07-09T00:50:04] METRIC abs_error_bytes=71
[2026-07-09T00:50:04] METRIC update_applied=True
[2026-07-09T00:50:04] RUN_END status=OK
[2026-07-09T00:51:03] RUN_START run_id=MTU_high_lat_high_loss_095
[2026-07-09T00:51:03] PARAM condition=high_lat_high_loss
[2026-07-09T00:51:03] METRIC feat_packet_loss_rate_pct=3.7264
[2026-07-09T00:51:03] METRIC feat_throughput_mbps=1008.07
[2026-07-09T00:51:03] METRIC feat_rtt_ms=45.849
[2026-07-09T00:51:03] METRIC feat_jitter_ms=10.997
[2026-07-09T00:51:03] METRIC feat_bw_utilization_pct=37.23
[2026-07-09T00:51:03] METRIC feat_cache_hit_ratio=0.9672
[2026-07-09T00:51:03] METRIC feat_avg_object_size_kb=7.93
[2026-07-09T00:51:03] METRIC feat_retransmission_count=19
[2026-07-09T00:51:03] METRIC true_optimal_mtu_bytes=1656
[2026-07-09T00:51:03] METRIC mlp_predicted_mtu_bytes=1423
[2026-07-09T00:51:03] METRIC mlp_confidence=0.7553
[2026-07-09T00:51:03] METRIC abs_error_bytes=233
[2026-07-09T00:51:03] METRIC update_applied=False
[2026-07-09T00:51:03] RUN_END status=OK
[2026-07-09T00:52:34] RUN_START run_id=MTU_high_lat_high_loss_096
[2026-07-09T00:52:34] PARAM condition=high_lat_high_loss
[2026-07-09T00:52:34] METRIC feat_packet_loss_rate_pct=4.7634
[2026-07-09T00:52:34] METRIC feat_throughput_mbps=969.62
[2026-07-09T00:52:34] METRIC feat_rtt_ms=56.839
[2026-07-09T00:52:34] METRIC feat_jitter_ms=11.652
[2026-07-09T00:52:34] METRIC feat_bw_utilization_pct=22.38
[2026-07-09T00:52:34] METRIC feat_cache_hit_ratio=0.6659
[2026-07-09T00:52:34] METRIC feat_avg_object_size_kb=0.164
[2026-07-09T00:52:34] METRIC feat_retransmission_count=32
[2026-07-09T00:52:34] METRIC true_optimal_mtu_bytes=1000
[2026-07-09T00:52:34] METRIC mlp_predicted_mtu_bytes=1327
[2026-07-09T00:52:34] METRIC mlp_confidence=0.5756
[2026-07-09T00:52:34] METRIC abs_error_bytes=327
[2026-07-09T00:52:34] METRIC update_applied=False
[2026-07-09T00:52:34] RUN_END status=OK
[2026-07-09T00:53:49] RUN_START run_id=MTU_high_lat_high_loss_097
[2026-07-09T00:53:49] PARAM condition=high_lat_high_loss
[2026-07-09T00:53:49] METRIC feat_packet_loss_rate_pct=4.4878
[2026-07-09T00:53:49] METRIC feat_throughput_mbps=723.79
[2026-07-09T00:53:49] METRIC feat_rtt_ms=35.025
[2026-07-09T00:53:49] METRIC feat_jitter_ms=5.861
[2026-07-09T00:53:49] METRIC feat_bw_utilization_pct=72.19
[2026-07-09T00:53:49] METRIC feat_cache_hit_ratio=0.8663
[2026-07-09T00:53:49] METRIC feat_avg_object_size_kb=173.236
[2026-07-09T00:53:49] METRIC feat_retransmission_count=23
[2026-07-09T00:53:49] METRIC true_optimal_mtu_bytes=4672
[2026-07-09T00:53:49] METRIC mlp_predicted_mtu_bytes=4798
[2026-07-09T00:53:49] METRIC mlp_confidence=0.8861
[2026-07-09T00:53:49] METRIC abs_error_bytes=126
[2026-07-09T00:53:49] METRIC update_applied=True
[2026-07-09T00:53:49] RUN_END status=OK
[2026-07-09T00:54:44] RUN_START run_id=MTU_high_lat_high_loss_098
[2026-07-09T00:54:44] PARAM condition=high_lat_high_loss
[2026-07-09T00:54:44] METRIC feat_packet_loss_rate_pct=5.1863
[2026-07-09T00:54:44] METRIC feat_throughput_mbps=2182.5
[2026-07-09T00:54:44] METRIC feat_rtt_ms=45.147
[2026-07-09T00:54:44] METRIC feat_jitter_ms=7.516
[2026-07-09T00:54:44] METRIC feat_bw_utilization_pct=79.27
[2026-07-09T00:54:44] METRIC feat_cache_hit_ratio=0.8237
[2026-07-09T00:54:44] METRIC feat_avg_object_size_kb=715.532
[2026-07-09T00:54:44] METRIC feat_retransmission_count=20
[2026-07-09T00:54:44] METRIC true_optimal_mtu_bytes=5416
[2026-07-09T00:54:44] METRIC mlp_predicted_mtu_bytes=5322
[2026-07-09T00:54:44] METRIC mlp_confidence=0.9131
[2026-07-09T00:54:44] METRIC abs_error_bytes=94
[2026-07-09T00:54:44] METRIC update_applied=True
[2026-07-09T00:54:44] RUN_END status=OK
[2026-07-09T00:57:26] RUN_START run_id=MTU_high_lat_high_loss_099
[2026-07-09T00:57:26] PARAM condition=high_lat_high_loss
[2026-07-09T00:57:26] METRIC feat_packet_loss_rate_pct=3.5523
[2026-07-09T00:57:26] METRIC feat_throughput_mbps=1974.35
[2026-07-09T00:57:26] METRIC feat_rtt_ms=38.239
[2026-07-09T00:57:26] METRIC feat_jitter_ms=8.881
[2026-07-09T00:57:26] METRIC feat_bw_utilization_pct=80.11
[2026-07-09T00:57:26] METRIC feat_cache_hit_ratio=0.6692
[2026-07-09T00:57:26] METRIC feat_avg_object_size_kb=3.488
[2026-07-09T00:57:26] METRIC feat_retransmission_count=16
[2026-07-09T00:57:26] METRIC true_optimal_mtu_bytes=1312
[2026-07-09T00:57:26] METRIC mlp_predicted_mtu_bytes=1170
[2026-07-09T00:57:26] METRIC mlp_confidence=0.8
[2026-07-09T00:57:26] METRIC abs_error_bytes=142
[2026-07-09T00:57:26] METRIC update_applied=False
[2026-07-09T00:57:26] RUN_END status=OK
[2026-07-11T02:53:59] RUN_START run_id=MTU_low_lat_high_loss_079
[2026-07-11T02:53:59] PARAM condition=low_lat_high_loss
[2026-07-11T02:53:59] METRIC feat_packet_loss_rate_pct=3.5719
[2026-07-11T02:53:59] METRIC feat_throughput_mbps=1488.07
[2026-07-11T02:53:59] METRIC feat_rtt_ms=2.219
[2026-07-11T02:53:59] METRIC feat_jitter_ms=1.502
[2026-07-11T02:53:59] METRIC feat_bw_utilization_pct=19.7
[2026-07-11T02:53:59] METRIC feat_cache_hit_ratio=0.6068
[2026-07-11T02:53:59] METRIC feat_avg_object_size_kb=2418.734
[2026-07-11T02:53:59] METRIC feat_retransmission_count=22
[2026-07-11T02:53:59] METRIC true_optimal_mtu_bytes=6008
[2026-07-11T02:53:59] METRIC mlp_predicted_mtu_bytes=5893
[2026-07-11T02:53:59] METRIC mlp_confidence=0.8965
[2026-07-11T02:53:59] METRIC abs_error_bytes=115
[2026-07-11T02:53:59] METRIC update_applied=True
[2026-07-11T02:53:59] RUN_END status=OK
[2026-07-11T02:56:06] RUN_START run_id=MTU_low_lat_high_loss_080
[2026-07-11T02:56:06] PARAM condition=low_lat_high_loss
[2026-07-11T02:56:06] METRIC feat_packet_loss_rate_pct=3.4269
[2026-07-11T02:56:06] METRIC feat_throughput_mbps=2421.9
[2026-07-11T02:56:06] METRIC feat_rtt_ms=8.065
[2026-07-11T02:56:06] METRIC feat_jitter_ms=0.631
[2026-07-11T02:56:06] METRIC feat_bw_utilization_pct=63.84
[2026-07-11T02:56:06] METRIC feat_cache_hit_ratio=0.7198
[2026-07-11T02:56:06] METRIC feat_avg_object_size_kb=21.978
[2026-07-11T02:56:06] METRIC feat_retransmission_count=21
[2026-07-11T02:56:06] METRIC true_optimal_mtu_bytes=2704
[2026-07-11T02:56:06] METRIC mlp_predicted_mtu_bytes=2890
[2026-07-11T02:56:06] METRIC mlp_confidence=0.8511
[2026-07-11T02:56:06] METRIC abs_error_bytes=186
[2026-07-11T02:56:06] METRIC update_applied=True
[2026-07-11T02:56:06] RUN_END status=OK
[2026-07-11T02:57:52] RUN_START run_id=MTU_low_lat_high_loss_081
[2026-07-11T02:57:52] PARAM condition=low_lat_high_loss
[2026-07-11T02:57:52] METRIC feat_packet_loss_rate_pct=3.2414
[2026-07-11T02:57:52] METRIC feat_throughput_mbps=4895.95
[2026-07-11T02:57:52] METRIC feat_rtt_ms=7.919
[2026-07-11T02:57:52] METRIC feat_jitter_ms=0.594
[2026-07-11T02:57:52] METRIC feat_bw_utilization_pct=77.29
[2026-07-11T02:57:52] METRIC feat_cache_hit_ratio=0.7451
[2026-07-11T02:57:52] METRIC feat_avg_object_size_kb=12.882
[2026-07-11T02:57:52] METRIC feat_retransmission_count=14
[2026-07-11T02:57:52] METRIC true_optimal_mtu_bytes=2104
[2026-07-11T02:57:52] METRIC mlp_predicted_mtu_bytes=2334
[2026-07-11T02:57:52] METRIC mlp_confidence=0.7458
[2026-07-11T02:57:52] METRIC abs_error_bytes=230
[2026-07-11T02:57:52] METRIC update_applied=False
[2026-07-11T02:57:52] RUN_END status=OK
[2026-07-11T03:02:39] RUN_START run_id=MTU_low_lat_high_loss_082
[2026-07-11T03:02:39] PARAM condition=low_lat_high_loss
[2026-07-11T03:02:39] METRIC feat_packet_loss_rate_pct=3.0782
[2026-07-11T03:02:39] METRIC feat_throughput_mbps=6845.32
[2026-07-11T03:02:39] METRIC feat_rtt_ms=2.509
[2026-07-11T03:02:39] METRIC feat_jitter_ms=1.7
[2026-07-11T03:02:39] METRIC feat_bw_utilization_pct=40.7
[2026-07-11T03:02:39] METRIC feat_cache_hit_ratio=0.4174
[2026-07-11T03:02:39] METRIC feat_avg_object_size_kb=2836.424
[2026-07-11T03:02:39] METRIC feat_retransmission_count=15
[2026-07-11T03:02:39] METRIC true_optimal_mtu_bytes=6448
[2026-07-11T03:02:39] METRIC mlp_predicted_mtu_bytes=6535
[2026-07-11T03:02:39] METRIC mlp_confidence=0.8753
[2026-07-11T03:02:39] METRIC abs_error_bytes=87
[2026-07-11T03:02:39] METRIC update_applied=True
[2026-07-11T03:02:39] RUN_END status=OK
[2026-07-11T03:03:21] RUN_START run_id=MTU_low_lat_high_loss_083
[2026-07-11T03:03:21] PARAM condition=low_lat_high_loss
[2026-07-11T03:03:21] METRIC feat_packet_loss_rate_pct=4.925
[2026-07-11T03:03:21] METRIC feat_throughput_mbps=3871.64
[2026-07-11T03:03:21] METRIC feat_rtt_ms=7.933
[2026-07-11T03:03:21] METRIC feat_jitter_ms=0.901
[2026-07-11T03:03:21] METRIC feat_bw_utilization_pct=56.8
[2026-07-11T03:03:21] METRIC feat_cache_hit_ratio=0.5877
[2026-07-11T03:03:21] METRIC feat_avg_object_size_kb=2.021
[2026-07-11T03:03:21] METRIC feat_retransmission_count=21
[2026-07-11T03:03:21] METRIC true_optimal_mtu_bytes=1000
[2026-07-11T03:03:21] METRIC mlp_predicted_mtu_bytes=841
[2026-07-11T03:03:21] METRIC mlp_confidence=0.8437
[2026-07-11T03:03:21] METRIC abs_error_bytes=159
[2026-07-11T03:03:21] METRIC update_applied=True
[2026-07-11T03:03:21] RUN_END status=OK
