[2026-07-14T10:44:09] RUN_START run_id=MTU_high_lat_low_loss_094
[2026-07-14T10:44:09] PARAM condition=high_lat_low_loss
[2026-07-14T10:44:09] METRIC feat_packet_loss_rate_pct=0.7308
[2026-07-14T10:44:09] METRIC feat_throughput_mbps=7096.37
[2026-07-14T10:44:09] METRIC feat_rtt_ms=34.251
[2026-07-14T10:44:09] METRIC feat_jitter_ms=7.942
[2026-07-14T10:44:09] METRIC feat_bw_utilization_pct=53.44
[2026-07-14T10:44:09] METRIC feat_cache_hit_ratio=0.7697
[2026-07-14T10:44:09] METRIC feat_avg_object_size_kb=1747.915
[2026-07-14T10:44:09] METRIC feat_retransmission_count=6
[2026-07-14T10:44:09] METRIC true_optimal_mtu_bytes=7832
[2026-07-14T10:44:09] METRIC mlp_predicted_mtu_bytes=7943
[2026-07-14T10:44:09] METRIC mlp_confidence=0.942
[2026-07-14T10:44:09] METRIC abs_error_bytes=111
[2026-07-14T10:44:09] METRIC update_applied=True
[2026-07-14T10:44:09] RUN_END status=OK
[2026-07-14T10:45:46] RUN_START run_id=MTU_high_lat_low_loss_095
[2026-07-14T10:45:46] PARAM condition=high_lat_low_loss
[2026-07-14T10:45:46] METRIC feat_packet_loss_rate_pct=0.0422
[2026-07-14T10:45:46] METRIC feat_throughput_mbps=3722.31
[2026-07-14T10:45:46] METRIC feat_rtt_ms=44.888
[2026-07-14T10:45:46] METRIC feat_jitter_ms=8.865
[2026-07-14T10:45:46] METRIC feat_bw_utilization_pct=79.0
[2026-07-14T10:45:46] METRIC feat_cache_hit_ratio=0.4961
[2026-07-14T10:45:46] METRIC feat_avg_object_size_kb=86.207
[2026-07-14T10:45:46] METRIC feat_retransmission_count=1
[2026-07-14T10:45:46] METRIC true_optimal_mtu_bytes=6208
[2026-07-14T10:45:46] METRIC mlp_predicted_mtu_bytes=6132
[2026-07-14T10:45:46] METRIC mlp_confidence=0.909
[2026-07-14T10:45:46] METRIC abs_error_bytes=76
[2026-07-14T10:45:46] METRIC update_applied=True
[2026-07-14T10:45:46] RUN_END status=OK
[2026-07-14T10:47:47] RUN_START run_id=MTU_high_lat_low_loss_096
[2026-07-14T10:47:47] PARAM condition=high_lat_low_loss
[2026-07-14T10:47:47] METRIC feat_packet_loss_rate_pct=0.4224
[2026-07-14T10:47:47] METRIC feat_throughput_mbps=7228.25
[2026-07-14T10:47:47] METRIC feat_rtt_ms=33.138
[2026-07-14T10:47:47] METRIC feat_jitter_ms=5.686
[2026-07-14T10:47:47] METRIC feat_bw_utilization_pct=40.86
[2026-07-14T10:47:47] METRIC feat_cache_hit_ratio=0.4898
[2026-07-14T10:47:47] METRIC feat_avg_object_size_kb=67.823
[2026-07-14T10:47:47] METRIC feat_retransmission_count=1
[2026-07-14T10:47:47] METRIC true_optimal_mtu_bytes=5536
[2026-07-14T10:47:47] METRIC mlp_predicted_mtu_bytes=5442
[2026-07-14T10:47:47] METRIC mlp_confidence=0.9186
[2026-07-14T10:47:47] METRIC abs_error_bytes=94
[2026-07-14T10:47:47] METRIC update_applied=True
[2026-07-14T10:47:47] RUN_END status=OK
[2026-07-14T10:49:19] RUN_START run_id=MTU_high_lat_low_loss_097
[2026-07-14T10:49:19] PARAM condition=high_lat_low_loss
[2026-07-14T10:49:19] METRIC feat_packet_loss_rate_pct=0.1342
[2026-07-14T10:49:19] METRIC feat_throughput_mbps=3363.94
[2026-07-14T10:49:19] METRIC feat_rtt_ms=34.859
[2026-07-14T10:49:19] METRIC feat_jitter_ms=9.088
[2026-07-14T10:49:19] METRIC feat_bw_utilization_pct=67.53
[2026-07-14T10:49:19] METRIC feat_cache_hit_ratio=0.8847
[2026-07-14T10:49:19] METRIC feat_avg_object_size_kb=11.499
[2026-07-14T10:49:19] METRIC feat_retransmission_count=0
[2026-07-14T10:49:19] METRIC true_optimal_mtu_bytes=2632
[2026-07-14T10:49:19] METRIC mlp_predicted_mtu_bytes=2892
[2026-07-14T10:49:19] METRIC mlp_confidence=0.7137
[2026-07-14T10:49:19] METRIC abs_error_bytes=260
[2026-07-14T10:49:19] METRIC update_applied=False
[2026-07-14T10:49:19] RUN_END status=OK
[2026-07-14T10:50:18] RUN_START run_id=MTU_high_lat_low_loss_098
[2026-07-14T10:50:18] PARAM condition=high_lat_low_loss
[2026-07-14T10:50:18] METRIC feat_packet_loss_rate_pct=0.7578
[2026-07-14T10:50:18] METRIC feat_throughput_mbps=2606.11
[2026-07-14T10:50:18] METRIC feat_rtt_ms=48.707
[2026-07-14T10:50:18] METRIC feat_jitter_ms=3.541
[2026-07-14T10:50:18] METRIC feat_bw_utilization_pct=73.0
[2026-07-14T10:50:18] METRIC feat_cache_hit_ratio=0.7475
[2026-07-14T10:50:18] METRIC feat_avg_object_size_kb=61.261
[2026-07-14T10:50:18] METRIC feat_retransmission_count=4
[2026-07-14T10:50:18] METRIC true_optimal_mtu_bytes=5128
[2026-07-14T10:50:18] METRIC mlp_predicted_mtu_bytes=4975
[2026-07-14T10:50:18] METRIC mlp_confidence=0.8407
[2026-07-14T10:50:18] METRIC abs_error_bytes=153
[2026-07-14T10:50:18] METRIC update_applied=True
[2026-07-14T10:50:18] RUN_END status=OK
[2026-07-14T10:50:43] RUN_START run_id=MTU_high_lat_low_loss_099
[2026-07-14T10:50:43] PARAM condition=high_lat_low_loss
[2026-07-14T10:50:43] METRIC feat_packet_loss_rate_pct=0.0028
[2026-07-14T10:50:43] METRIC feat_throughput_mbps=4060.48
[2026-07-14T10:50:43] METRIC feat_rtt_ms=47.072
[2026-07-14T10:50:43] METRIC feat_jitter_ms=6.597
[2026-07-14T10:50:43] METRIC feat_bw_utilization_pct=90.78
[2026-07-14T10:50:43] METRIC feat_cache_hit_ratio=0.4598
[2026-07-14T10:50:43] METRIC feat_avg_object_size_kb=167.898
[2026-07-14T10:50:43] METRIC feat_retransmission_count=0
[2026-07-14T10:50:43] METRIC true_optimal_mtu_bytes=7048
[2026-07-14T10:50:43] METRIC mlp_predicted_mtu_bytes=7097
[2026-07-14T10:50:43] METRIC mlp_confidence=0.9526
[2026-07-14T10:50:43] METRIC abs_error_bytes=49
[2026-07-14T10:50:43] METRIC update_applied=True
[2026-07-14T10:50:43] RUN_END status=OK
[2026-07-14T10:53:12] RUN_START run_id=MTU_high_lat_low_loss_100
[2026-07-14T10:53:12] PARAM condition=high_lat_low_loss
[2026-07-14T10:53:12] METRIC feat_packet_loss_rate_pct=0.7355
[2026-07-14T10:53:12] METRIC feat_throughput_mbps=6659.73
[2026-07-14T10:53:12] METRIC feat_rtt_ms=48.113
[2026-07-14T10:53:12] METRIC feat_jitter_ms=4.309
[2026-07-14T10:53:12] METRIC feat_bw_utilization_pct=92.9
[2026-07-14T10:53:12] METRIC feat_cache_hit_ratio=0.7477
[2026-07-14T10:53:12] METRIC feat_avg_object_size_kb=23.17
[2026-07-14T10:53:12] METRIC feat_retransmission_count=3
[2026-07-14T10:53:12] METRIC true_optimal_mtu_bytes=3648
[2026-07-14T10:53:12] METRIC mlp_predicted_mtu_bytes=3701
[2026-07-14T10:53:12] METRIC mlp_confidence=0.9133
[2026-07-14T10:53:12] METRIC abs_error_bytes=53
[2026-07-14T10:53:12] METRIC update_applied=True
[2026-07-14T10:53:12] RUN_END status=OK
[2026-07-14T10:55:02] RUN_START run_id=MTU_high_lat_low_loss_101
[2026-07-14T10:55:02] PARAM condition=high_lat_low_loss
[2026-07-14T10:55:02] METRIC feat_packet_loss_rate_pct=0.3447
[2026-07-14T10:55:02] METRIC feat_throughput_mbps=7812.37
[2026-07-14T10:55:02] METRIC feat_rtt_ms=54.546
[2026-07-14T10:55:02] METRIC feat_jitter_ms=8.939
[2026-07-14T10:55:02] METRIC feat_bw_utilization_pct=54.48
[2026-07-14T10:55:02] METRIC feat_cache_hit_ratio=0.4743
[2026-07-14T10:55:02] METRIC feat_avg_object_size_kb=67.237
[2026-07-14T10:55:02] METRIC feat_retransmission_count=3
[2026-07-14T10:55:02] METRIC true_optimal_mtu_bytes=5472
[2026-07-14T10:55:02] METRIC mlp_predicted_mtu_bytes=5342
[2026-07-14T10:55:02] METRIC mlp_confidence=0.8225
[2026-07-14T10:55:02] METRIC abs_error_bytes=130
[2026-07-14T10:55:02] METRIC update_applied=True
[2026-07-14T10:55:02] RUN_END status=OK
[2026-07-14T10:56:35] RUN_START run_id=MTU_high_lat_low_loss_102
[2026-07-14T10:56:35] PARAM condition=high_lat_low_loss
[2026-07-14T10:56:35] METRIC feat_packet_loss_rate_pct=0.0733
[2026-07-14T10:56:35] METRIC feat_throughput_mbps=2215.78
[2026-07-14T10:56:35] METRIC feat_rtt_ms=35.829
[2026-07-14T10:56:35] METRIC feat_jitter_ms=6.872
[2026-07-14T10:56:35] METRIC feat_bw_utilization_pct=38.89
[2026-07-14T10:56:35] METRIC feat_cache_hit_ratio=0.879
[2026-07-14T10:56:35] METRIC feat_avg_object_size_kb=2.577
[2026-07-14T10:56:35] METRIC feat_retransmission_count=1
[2026-07-14T10:56:35] METRIC true_optimal_mtu_bytes=1312
[2026-07-14T10:56:35] METRIC mlp_predicted_mtu_bytes=1223
[2026-07-14T10:56:35] METRIC mlp_confidence=0.9302
[2026-07-14T10:56:35] METRIC abs_error_bytes=89
[2026-07-14T10:56:35] METRIC update_applied=True
[2026-07-14T10:56:35] RUN_END status=OK
[2026-07-14T10:57:57] RUN_START run_id=MTU_high_lat_low_loss_103
[2026-07-14T10:57:57] PARAM condition=high_lat_low_loss
[2026-07-14T10:57:57] METRIC feat_packet_loss_rate_pct=0.1576
[2026-07-14T10:57:57] METRIC feat_throughput_mbps=4847.95
[2026-07-14T10:57:57] METRIC feat_rtt_ms=30.942
[2026-07-14T10:57:57] METRIC feat_jitter_ms=9.231
[2026-07-14T10:57:57] METRIC feat_bw_utilization_pct=30.04
[2026-07-14T10:57:57] METRIC feat_cache_hit_ratio=0.6044
[2026-07-14T10:57:57] METRIC feat_avg_object_size_kb=0.101
[2026-07-14T10:57:57] METRIC feat_retransmission_count=0
[2026-07-14T10:57:57] METRIC true_optimal_mtu_bytes=1000
[2026-07-14T10:57:57] METRIC mlp_predicted_mtu_bytes=952
[2026-07-14T10:57:57] METRIC mlp_confidence=0.9373
[2026-07-14T10:57:57] METRIC abs_error_bytes=48
[2026-07-14T10:57:57] METRIC update_applied=True
[2026-07-14T10:57:57] RUN_END status=OK
[2026-07-14T10:59:35] RUN_START run_id=MTU_high_lat_low_loss_104
[2026-07-14T10:59:35] PARAM condition=high_lat_low_loss
[2026-07-14T10:59:35] METRIC feat_packet_loss_rate_pct=0.7418
[2026-07-14T10:59:35] METRIC feat_throughput_mbps=5476.0
[2026-07-14T10:59:35] METRIC feat_rtt_ms=48.225
[2026-07-14T10:59:35] METRIC feat_jitter_ms=3.278
[2026-07-14T10:59:35] METRIC feat_bw_utilization_pct=44.39
[2026-07-14T10:59:35] METRIC feat_cache_hit_ratio=0.7626
[2026-07-14T10:59:35] METRIC feat_avg_object_size_kb=0.351
[2026-07-14T10:59:35] METRIC feat_retransmission_count=6
[2026-07-14T10:59:35] METRIC true_optimal_mtu_bytes=1000
[2026-07-14T10:59:35] METRIC mlp_predicted_mtu_bytes=1046
[2026-07-14T10:59:35] METRIC mlp_confidence=0.9789
[2026-07-14T10:59:35] METRIC abs_error_bytes=46
[2026-07-14T10:59:35] METRIC update_applied=True
[2026-07-14T10:59:35] RUN_END status=OK
[2026-07-15T10:00:00] RUN_START run_id=MTU_low_lat_low_loss_001
[2026-07-15T10:00:00] PARAM condition=low_lat_low_loss
[2026-07-15T10:00:00] METRIC feat_packet_loss_rate_pct=0.7783
[2026-07-15T10:00:00] METRIC feat_throughput_mbps=8238.28
[2026-07-15T10:00:00] METRIC feat_rtt_ms=6.509
[2026-07-15T10:00:00] METRIC feat_jitter_ms=0.467
[2026-07-15T10:00:00] METRIC feat_bw_utilization_pct=33.25
[2026-07-15T10:00:00] METRIC feat_cache_hit_ratio=0.5904
[2026-07-15T10:00:00] METRIC feat_avg_object_size_kb=10.804
[2026-07-15T10:00:00] METRIC feat_retransmission_count=3
[2026-07-15T10:00:00] METRIC true_optimal_mtu_bytes=2384
[2026-07-15T10:00:00] METRIC mlp_predicted_mtu_bytes=2494
[2026-07-15T10:00:00] METRIC mlp_confidence=0.8797
[2026-07-15T10:00:00] METRIC abs_error_bytes=110
[2026-07-15T10:00:00] METRIC update_applied=True
[2026-07-15T10:00:00] RUN_END status=OK
