[2026-07-12T23:04:38] RUN_START run_id=MTU_high_lat_low_loss_063
[2026-07-12T23:04:38] PARAM condition=high_lat_low_loss
[2026-07-12T23:04:38] METRIC feat_packet_loss_rate_pct=0.1614
[2026-07-12T23:04:38] METRIC feat_throughput_mbps=7524.58
[2026-07-12T23:04:38] METRIC feat_rtt_ms=46.657
[2026-07-12T23:04:38] METRIC feat_jitter_ms=6.059
[2026-07-12T23:04:38] METRIC feat_bw_utilization_pct=93.79
[2026-07-12T23:04:38] METRIC feat_cache_hit_ratio=0.7114
[2026-07-12T23:04:38] METRIC feat_avg_object_size_kb=0.144
[2026-07-12T23:04:38] METRIC feat_retransmission_count=3
[2026-07-12T23:04:38] METRIC true_optimal_mtu_bytes=1152
[2026-07-12T23:04:38] METRIC mlp_predicted_mtu_bytes=1246
[2026-07-12T23:04:38] METRIC mlp_confidence=0.8536
[2026-07-12T23:04:38] METRIC abs_error_bytes=94
[2026-07-12T23:04:38] METRIC update_applied=True
[2026-07-12T23:04:38] RUN_END status=OK
[2026-07-12T23:06:12] RUN_START run_id=MTU_high_lat_low_loss_064
[2026-07-12T23:06:12] PARAM condition=high_lat_low_loss
[2026-07-12T23:06:12] METRIC feat_packet_loss_rate_pct=0.6049
[2026-07-12T23:06:12] METRIC feat_throughput_mbps=3989.32
[2026-07-12T23:06:12] METRIC feat_rtt_ms=36.875
[2026-07-12T23:06:12] METRIC feat_jitter_ms=5.856
[2026-07-12T23:06:12] METRIC feat_bw_utilization_pct=67.68
[2026-07-12T23:06:12] METRIC feat_cache_hit_ratio=0.6742
[2026-07-12T23:06:12] METRIC feat_avg_object_size_kb=2253.625
[2026-07-12T23:06:12] METRIC feat_retransmission_count=4
[2026-07-12T23:06:12] METRIC true_optimal_mtu_bytes=7832
[2026-07-12T23:06:12] METRIC mlp_predicted_mtu_bytes=7840
[2026-07-12T23:06:12] METRIC mlp_confidence=0.99
[2026-07-12T23:06:12] METRIC abs_error_bytes=8
[2026-07-12T23:06:12] METRIC update_applied=True
[2026-07-12T23:06:12] RUN_END status=OK
[2026-07-12T23:08:12] RUN_START run_id=MTU_high_lat_low_loss_065
[2026-07-12T23:08:12] PARAM condition=high_lat_low_loss
[2026-07-12T23:08:12] METRIC feat_packet_loss_rate_pct=0.0182
[2026-07-12T23:08:12] METRIC feat_throughput_mbps=3478.38
[2026-07-12T23:08:12] METRIC feat_rtt_ms=50.076
[2026-07-12T23:08:12] METRIC feat_jitter_ms=7.455
[2026-07-12T23:08:12] METRIC feat_bw_utilization_pct=11.17
[2026-07-12T23:08:12] METRIC feat_cache_hit_ratio=0.7928
[2026-07-12T23:08:12] METRIC feat_avg_object_size_kb=2.028
[2026-07-12T23:08:12] METRIC feat_retransmission_count=1
[2026-07-12T23:08:12] METRIC true_optimal_mtu_bytes=1336
[2026-07-12T23:08:12] METRIC mlp_predicted_mtu_bytes=1261
[2026-07-12T23:08:12] METRIC mlp_confidence=0.9164
[2026-07-12T23:08:12] METRIC abs_error_bytes=75
[2026-07-12T23:08:12] METRIC update_applied=True
[2026-07-12T23:08:12] RUN_END status=OK
[2026-07-12T23:09:25] RUN_START run_id=MTU_high_lat_low_loss_066
[2026-07-12T23:09:25] PARAM condition=high_lat_low_loss
[2026-07-12T23:09:25] METRIC feat_packet_loss_rate_pct=0.7674
[2026-07-12T23:09:25] METRIC feat_throughput_mbps=5596.82
[2026-07-12T23:09:25] METRIC feat_rtt_ms=53.576
[2026-07-12T23:09:25] METRIC feat_jitter_ms=6.661
[2026-07-12T23:09:25] METRIC feat_bw_utilization_pct=59.92
[2026-07-12T23:09:25] METRIC feat_cache_hit_ratio=0.8983
[2026-07-12T23:09:25] METRIC feat_avg_object_size_kb=0.448
[2026-07-12T23:09:25] METRIC feat_retransmission_count=4
[2026-07-12T23:09:25] METRIC true_optimal_mtu_bytes=1128
[2026-07-12T23:09:25] METRIC mlp_predicted_mtu_bytes=1005
[2026-07-12T23:09:25] METRIC mlp_confidence=0.8721
[2026-07-12T23:09:25] METRIC abs_error_bytes=123
[2026-07-12T23:09:25] METRIC update_applied=True
[2026-07-12T23:09:25] RUN_END status=OK
[2026-07-12T23:12:38] RUN_START run_id=MTU_high_lat_low_loss_067
[2026-07-12T23:12:38] PARAM condition=high_lat_low_loss
[2026-07-12T23:12:38] METRIC feat_packet_loss_rate_pct=0.6543
[2026-07-12T23:12:38] METRIC feat_throughput_mbps=2098.57
[2026-07-12T23:12:38] METRIC feat_rtt_ms=50.199
[2026-07-12T23:12:38] METRIC feat_jitter_ms=3.388
[2026-07-12T23:12:38] METRIC feat_bw_utilization_pct=90.46
[2026-07-12T23:12:38] METRIC feat_cache_hit_ratio=0.7789
[2026-07-12T23:12:38] METRIC feat_avg_object_size_kb=285.992
[2026-07-12T23:12:38] METRIC feat_retransmission_count=4
[2026-07-12T23:12:38] METRIC true_optimal_mtu_bytes=7200
[2026-07-12T23:12:38] METRIC mlp_predicted_mtu_bytes=6969
[2026-07-12T23:12:38] METRIC mlp_confidence=0.7657
[2026-07-12T23:12:38] METRIC abs_error_bytes=231
[2026-07-12T23:12:38] METRIC update_applied=False
[2026-07-12T23:12:38] RUN_END status=OK
[2026-07-12T23:15:40] RUN_START run_id=MTU_high_lat_low_loss_068
[2026-07-12T23:15:40] PARAM condition=high_lat_low_loss
[2026-07-12T23:15:40] METRIC feat_packet_loss_rate_pct=0.78
[2026-07-12T23:15:40] METRIC feat_throughput_mbps=1698.45
[2026-07-12T23:15:40] METRIC feat_rtt_ms=56.338
[2026-07-12T23:15:40] METRIC feat_jitter_ms=8.508
[2026-07-12T23:15:40] METRIC feat_bw_utilization_pct=30.63
[2026-07-12T23:15:40] METRIC feat_cache_hit_ratio=0.5231
[2026-07-12T23:15:40] METRIC feat_avg_object_size_kb=860.779
[2026-07-12T23:15:40] METRIC feat_retransmission_count=6
[2026-07-12T23:15:40] METRIC true_optimal_mtu_bytes=7608
[2026-07-12T23:15:40] METRIC mlp_predicted_mtu_bytes=7638
[2026-07-12T23:15:40] METRIC mlp_confidence=0.9734
[2026-07-12T23:15:40] METRIC abs_error_bytes=30
[2026-07-12T23:15:40] METRIC update_applied=True
[2026-07-12T23:15:40] RUN_END status=OK
[2026-07-12T23:17:38] RUN_START run_id=MTU_high_lat_low_loss_069
[2026-07-12T23:17:38] PARAM condition=high_lat_low_loss
[2026-07-12T23:17:38] METRIC feat_packet_loss_rate_pct=0.2728
[2026-07-12T23:17:38] METRIC feat_throughput_mbps=2680.63
[2026-07-12T23:17:38] METRIC feat_rtt_ms=39.279
[2026-07-12T23:17:38] METRIC feat_jitter_ms=4.376
[2026-07-12T23:17:38] METRIC feat_bw_utilization_pct=55.86
[2026-07-12T23:17:38] METRIC feat_cache_hit_ratio=0.7982
[2026-07-12T23:17:38] METRIC feat_avg_object_size_kb=3972.172
[2026-07-12T23:17:38] METRIC feat_retransmission_count=0
[2026-07-12T23:17:38] METRIC true_optimal_mtu_bytes=8344
[2026-07-12T23:17:38] METRIC mlp_predicted_mtu_bytes=8476
[2026-07-12T23:17:38] METRIC mlp_confidence=0.8889
[2026-07-12T23:17:38] METRIC abs_error_bytes=132
[2026-07-12T23:17:38] METRIC update_applied=True
[2026-07-12T23:17:38] RUN_END status=OK
[2026-07-14T09:48:21] RUN_START run_id=MTU_high_lat_low_loss_070
[2026-07-14T09:48:21] PARAM condition=high_lat_low_loss
[2026-07-14T09:48:21] METRIC feat_packet_loss_rate_pct=0.8761
[2026-07-14T09:48:21] METRIC feat_throughput_mbps=5864.65
[2026-07-14T09:48:21] METRIC feat_rtt_ms=48.537
[2026-07-14T09:48:21] METRIC feat_jitter_ms=7.186
[2026-07-14T09:48:21] METRIC feat_bw_utilization_pct=23.68
[2026-07-14T09:48:21] METRIC feat_cache_hit_ratio=0.6024
[2026-07-14T09:48:21] METRIC feat_avg_object_size_kb=177.77
[2026-07-14T09:48:21] METRIC feat_retransmission_count=5
[2026-07-14T09:48:21] METRIC true_optimal_mtu_bytes=6656
[2026-07-14T09:48:21] METRIC mlp_predicted_mtu_bytes=6742
[2026-07-14T09:48:21] METRIC mlp_confidence=0.8941
[2026-07-14T09:48:21] METRIC abs_error_bytes=86
[2026-07-14T09:48:21] METRIC update_applied=True
[2026-07-14T09:48:21] RUN_END status=OK
[2026-07-14T09:48:55] RUN_START run_id=MTU_high_lat_low_loss_071
[2026-07-14T09:48:55] PARAM condition=high_lat_low_loss
[2026-07-14T09:48:55] METRIC feat_packet_loss_rate_pct=0.1404
[2026-07-14T09:48:55] METRIC feat_throughput_mbps=6518.85
[2026-07-14T09:48:55] METRIC feat_rtt_ms=53.38
[2026-07-14T09:48:55] METRIC feat_jitter_ms=9.0
[2026-07-14T09:48:55] METRIC feat_bw_utilization_pct=37.15
[2026-07-14T09:48:55] METRIC feat_cache_hit_ratio=0.5308
[2026-07-14T09:48:55] METRIC feat_avg_object_size_kb=1063.749
[2026-07-14T09:48:55] METRIC feat_retransmission_count=0
[2026-07-14T09:48:55] METRIC true_optimal_mtu_bytes=8112
[2026-07-14T09:48:55] METRIC mlp_predicted_mtu_bytes=7933
[2026-07-14T09:48:55] METRIC mlp_confidence=0.8472
[2026-07-14T09:48:55] METRIC abs_error_bytes=179
[2026-07-14T09:48:55] METRIC update_applied=True
[2026-07-14T09:48:55] RUN_END status=OK
[2026-07-14T09:51:57] RUN_START run_id=MTU_high_lat_low_loss_072
[2026-07-14T09:51:57] PARAM condition=high_lat_low_loss
[2026-07-14T09:51:57] METRIC feat_packet_loss_rate_pct=0.021
[2026-07-14T09:51:57] METRIC feat_throughput_mbps=3091.56
[2026-07-14T09:51:57] METRIC feat_rtt_ms=46.312
[2026-07-14T09:51:57] METRIC feat_jitter_ms=6.702
[2026-07-14T09:51:57] METRIC feat_bw_utilization_pct=38.74
[2026-07-14T09:51:57] METRIC feat_cache_hit_ratio=0.8396
[2026-07-14T09:51:57] METRIC feat_avg_object_size_kb=2998.678
[2026-07-14T09:51:57] METRIC feat_retransmission_count=0
[2026-07-14T09:51:57] METRIC true_optimal_mtu_bytes=8496
[2026-07-14T09:51:57] METRIC mlp_predicted_mtu_bytes=8616
[2026-07-14T09:51:57] METRIC mlp_confidence=0.8622
[2026-07-14T09:51:57] METRIC abs_error_bytes=120
[2026-07-14T09:51:57] METRIC update_applied=True
[2026-07-14T09:51:57] RUN_END status=OK
[2026-07-14T09:54:12] RUN_START run_id=MTU_high_lat_low_loss_073
[2026-07-14T09:54:12] PARAM condition=high_lat_low_loss
[2026-07-14T09:54:12] METRIC feat_packet_loss_rate_pct=0.3063
[2026-07-14T09:54:12] METRIC feat_throughput_mbps=7032.24
[2026-07-14T09:54:12] METRIC feat_rtt_ms=46.538
[2026-07-14T09:54:12] METRIC feat_jitter_ms=7.997
[2026-07-14T09:54:12] METRIC feat_bw_utilization_pct=91.26
[2026-07-14T09:54:12] METRIC feat_cache_hit_ratio=0.7716
[2026-07-14T09:54:12] METRIC feat_avg_object_size_kb=0.155
[2026-07-14T09:54:12] METRIC feat_retransmission_count=5
[2026-07-14T09:54:12] METRIC true_optimal_mtu_bytes=1000
[2026-07-14T09:54:12] METRIC mlp_predicted_mtu_bytes=1037
[2026-07-14T09:54:12] METRIC mlp_confidence=0.9785
[2026-07-14T09:54:12] METRIC abs_error_bytes=37
[2026-07-14T09:54:12] METRIC update_applied=True
[2026-07-14T09:54:12] RUN_END status=OK
[2026-07-14T09:57:01] RUN_START run_id=MTU_high_lat_low_loss_074
[2026-07-14T09:57:01] PARAM condition=high_lat_low_loss
[2026-07-14T09:57:01] METRIC feat_packet_loss_rate_pct=0.2722
[2026-07-14T09:57:01] METRIC feat_throughput_mbps=7997.56
[2026-07-14T09:57:01] METRIC feat_rtt_ms=37.587
[2026-07-14T09:57:01] METRIC feat_jitter_ms=4.782
[2026-07-14T09:57:01] METRIC feat_bw_utilization_pct=31.61
[2026-07-14T09:57:01] METRIC feat_cache_hit_ratio=0.6804
[2026-07-14T09:57:01] METRIC feat_avg_object_size_kb=273.28
[2026-07-14T09:57:01] METRIC feat_retransmission_count=3
[2026-07-14T09:57:01] METRIC true_optimal_mtu_bytes=7368
[2026-07-14T09:57:01] METRIC mlp_predicted_mtu_bytes=7385
[2026-07-14T09:57:01] METRIC mlp_confidence=0.9542
[2026-07-14T09:57:01] METRIC abs_error_bytes=17
[2026-07-14T09:57:01] METRIC update_applied=True
[2026-07-14T09:57:01] RUN_END status=OK
[2026-07-14T10:01:16] RUN_START run_id=MTU_high_lat_low_loss_075
[2026-07-14T10:01:16] PARAM condition=high_lat_low_loss
[2026-07-14T10:01:16] METRIC feat_packet_loss_rate_pct=0.75
[2026-07-14T10:01:16] METRIC feat_throughput_mbps=3648.13
[2026-07-14T10:01:16] METRIC feat_rtt_ms=58.624
[2026-07-14T10:01:16] METRIC feat_jitter_ms=3.067
[2026-07-14T10:01:16] METRIC feat_bw_utilization_pct=65.66
[2026-07-14T10:01:16] METRIC feat_cache_hit_ratio=0.7442
[2026-07-14T10:01:16] METRIC feat_avg_object_size_kb=2057.843
[2026-07-14T10:01:16] METRIC feat_retransmission_count=3
[2026-07-14T10:01:16] METRIC true_optimal_mtu_bytes=7816
[2026-07-14T10:01:16] METRIC mlp_predicted_mtu_bytes=7678
[2026-07-14T10:01:16] METRIC mlp_confidence=0.8445
[2026-07-14T10:01:16] METRIC abs_error_bytes=138
[2026-07-14T10:01:16] METRIC update_applied=True
[2026-07-14T10:01:16] RUN_END status=OK
[2026-07-14T10:03:16] RUN_START run_id=MTU_high_lat_low_loss_076
[2026-07-14T10:03:16] PARAM condition=high_lat_low_loss
[2026-07-14T10:03:16] METRIC feat_packet_loss_rate_pct=0.2525
[2026-07-14T10:03:16] METRIC feat_throughput_mbps=5932.28
[2026-07-14T10:03:16] METRIC feat_rtt_ms=42.176
[2026-07-14T10:03:16] METRIC feat_jitter_ms=9.541
[2026-07-14T10:03:16] METRIC feat_bw_utilization_pct=27.39
[2026-07-14T10:03:16] METRIC feat_cache_hit_ratio=0.731
[2026-07-14T10:03:16] METRIC feat_avg_object_size_kb=1103.478
[2026-07-14T10:03:16] METRIC feat_retransmission_count=1
[2026-07-14T10:03:16] METRIC true_optimal_mtu_bytes=8160
[2026-07-14T10:03:16] METRIC mlp_predicted_mtu_bytes=7758
[2026-07-14T10:03:16] METRIC mlp_confidence=0.5126
[2026-07-14T10:03:16] METRIC abs_error_bytes=402
[2026-07-14T10:03:16] METRIC update_applied=False
[2026-07-14T10:03:16] RUN_END status=OK
