[2026-07-12T08:46:13] RUN_START run_id=MTU_low_lat_high_loss_127
[2026-07-12T08:46:13] PARAM condition=low_lat_high_loss
[2026-07-12T08:46:13] METRIC feat_packet_loss_rate_pct=3.5615
[2026-07-12T08:46:13] METRIC feat_throughput_mbps=2600.41
[2026-07-12T08:46:13] METRIC feat_rtt_ms=9.857
[2026-07-12T08:46:13] METRIC feat_jitter_ms=0.483
[2026-07-12T08:46:13] METRIC feat_bw_utilization_pct=43.5
[2026-07-12T08:46:13] METRIC feat_cache_hit_ratio=0.7595
[2026-07-12T08:46:13] METRIC feat_avg_object_size_kb=1034.107
[2026-07-12T08:46:13] METRIC feat_retransmission_count=18
[2026-07-12T08:46:13] METRIC true_optimal_mtu_bytes=6000
[2026-07-12T08:46:13] METRIC mlp_predicted_mtu_bytes=5940
[2026-07-12T08:46:13] METRIC mlp_confidence=0.9519
[2026-07-12T08:46:13] METRIC abs_error_bytes=60
[2026-07-12T08:46:13] METRIC update_applied=True
[2026-07-12T08:46:13] RUN_END status=OK
[2026-07-12T08:47:12] RUN_START run_id=MTU_low_lat_high_loss_128
[2026-07-12T08:47:12] PARAM condition=low_lat_high_loss
[2026-07-12T08:47:12] METRIC feat_packet_loss_rate_pct=4.3917
[2026-07-12T08:47:12] METRIC feat_throughput_mbps=8417.71
[2026-07-12T08:47:12] METRIC feat_rtt_ms=5.021
[2026-07-12T08:47:12] METRIC feat_jitter_ms=0.82
[2026-07-12T08:47:12] METRIC feat_bw_utilization_pct=92.72
[2026-07-12T08:47:12] METRIC feat_cache_hit_ratio=0.6151
[2026-07-12T08:47:12] METRIC feat_avg_object_size_kb=0.155
[2026-07-12T08:47:12] METRIC feat_retransmission_count=36
[2026-07-12T08:47:12] METRIC true_optimal_mtu_bytes=1000
[2026-07-12T08:47:12] METRIC mlp_predicted_mtu_bytes=1093
[2026-07-12T08:47:12] METRIC mlp_confidence=0.9022
[2026-07-12T08:47:12] METRIC abs_error_bytes=93
[2026-07-12T08:47:12] METRIC update_applied=True
[2026-07-12T08:47:12] RUN_END status=OK
[2026-07-12T08:47:34] RUN_START run_id=MTU_high_lat_low_loss_050
[2026-07-12T08:47:34] PARAM condition=high_lat_low_loss
[2026-07-12T08:47:34] METRIC feat_packet_loss_rate_pct=0.652
[2026-07-12T08:47:34] METRIC feat_throughput_mbps=6330.87
[2026-07-12T08:47:34] METRIC feat_rtt_ms=51.5
[2026-07-12T08:47:34] METRIC feat_jitter_ms=8.627
[2026-07-12T08:47:34] METRIC feat_bw_utilization_pct=85.41
[2026-07-12T08:47:34] METRIC feat_cache_hit_ratio=0.6858
[2026-07-12T08:47:34] METRIC feat_avg_object_size_kb=2254.392
[2026-07-12T08:47:34] METRIC feat_retransmission_count=1
[2026-07-12T08:47:34] METRIC true_optimal_mtu_bytes=8056
[2026-07-12T08:47:34] METRIC mlp_predicted_mtu_bytes=8112
[2026-07-12T08:47:34] METRIC mlp_confidence=0.946
[2026-07-12T08:47:34] METRIC abs_error_bytes=56
[2026-07-12T08:47:34] METRIC update_applied=True
[2026-07-12T08:47:34] RUN_END status=OK
[2026-07-12T08:48:23] RUN_START run_id=MTU_high_lat_low_loss_051
[2026-07-12T08:48:23] PARAM condition=high_lat_low_loss
[2026-07-12T08:48:23] METRIC feat_packet_loss_rate_pct=0.6995
[2026-07-12T08:48:23] METRIC feat_throughput_mbps=3627.05
[2026-07-12T08:48:23] METRIC feat_rtt_ms=51.404
[2026-07-12T08:48:23] METRIC feat_jitter_ms=4.732
[2026-07-12T08:48:23] METRIC feat_bw_utilization_pct=77.73
[2026-07-12T08:48:23] METRIC feat_cache_hit_ratio=0.7708
[2026-07-12T08:48:23] METRIC feat_avg_object_size_kb=67.489
[2026-07-12T08:48:23] METRIC feat_retransmission_count=2
[2026-07-12T08:48:23] METRIC true_optimal_mtu_bytes=5360
[2026-07-12T08:48:23] METRIC mlp_predicted_mtu_bytes=5439
[2026-07-12T08:48:23] METRIC mlp_confidence=0.8924
[2026-07-12T08:48:23] METRIC abs_error_bytes=79
[2026-07-12T08:48:23] METRIC update_applied=True
[2026-07-12T08:48:23] RUN_END status=OK
[2026-07-12T08:51:37] RUN_START run_id=MTU_low_lat_high_loss_129
[2026-07-12T08:51:37] PARAM condition=low_lat_high_loss
[2026-07-12T08:51:37] METRIC feat_packet_loss_rate_pct=4.2644
[2026-07-12T08:51:37] METRIC feat_throughput_mbps=665.42
[2026-07-12T08:51:37] METRIC feat_rtt_ms=3.128
[2026-07-12T08:51:37] METRIC feat_jitter_ms=1.103
[2026-07-12T08:51:37] METRIC feat_bw_utilization_pct=16.08
[2026-07-12T08:51:37] METRIC feat_cache_hit_ratio=0.8365
[2026-07-12T08:51:37] METRIC feat_avg_object_size_kb=7.135
[2026-07-12T08:51:37] METRIC feat_retransmission_count=30
[2026-07-12T08:51:37] METRIC true_optimal_mtu_bytes=1448
[2026-07-12T08:51:37] METRIC mlp_predicted_mtu_bytes=1411
[2026-07-12T08:51:37] METRIC mlp_confidence=0.9241
[2026-07-12T08:51:37] METRIC abs_error_bytes=37
[2026-07-12T08:51:37] METRIC update_applied=True
[2026-07-12T08:51:37] RUN_END status=OK
[2026-07-12T08:54:11] RUN_START run_id=MTU_low_lat_high_loss_130
[2026-07-12T08:54:11] PARAM condition=low_lat_high_loss
[2026-07-12T08:54:11] METRIC feat_packet_loss_rate_pct=4.8093
[2026-07-12T08:54:11] METRIC feat_throughput_mbps=5407.6
[2026-07-12T08:54:11] METRIC feat_rtt_ms=4.944
[2026-07-12T08:54:11] METRIC feat_jitter_ms=0.779
[2026-07-12T08:54:11] METRIC feat_bw_utilization_pct=93.1
[2026-07-12T08:54:11] METRIC feat_cache_hit_ratio=0.5379
[2026-07-12T08:54:11] METRIC feat_avg_object_size_kb=0.692
[2026-07-12T08:54:11] METRIC feat_retransmission_count=29
[2026-07-12T08:54:11] METRIC true_optimal_mtu_bytes=1000
[2026-07-12T08:54:11] METRIC mlp_predicted_mtu_bytes=824
[2026-07-12T08:54:11] METRIC mlp_confidence=0.8066
[2026-07-12T08:54:11] METRIC abs_error_bytes=176
[2026-07-12T08:54:11] METRIC update_applied=True
[2026-07-12T08:54:11] RUN_END status=OK
[2026-07-12T08:59:16] RUN_START run_id=MTU_low_lat_high_loss_131
[2026-07-12T08:59:16] PARAM condition=low_lat_high_loss
[2026-07-12T08:59:16] METRIC feat_packet_loss_rate_pct=4.7418
[2026-07-12T08:59:16] METRIC feat_throughput_mbps=4894.41
[2026-07-12T08:59:16] METRIC feat_rtt_ms=8.196
[2026-07-12T08:59:16] METRIC feat_jitter_ms=0.546
[2026-07-12T08:59:16] METRIC feat_bw_utilization_pct=13.14
[2026-07-12T08:59:16] METRIC feat_cache_hit_ratio=0.5737
[2026-07-12T08:59:16] METRIC feat_avg_object_size_kb=166.125
[2026-07-12T08:59:16] METRIC feat_retransmission_count=27
[2026-07-12T08:59:16] METRIC true_optimal_mtu_bytes=4560
[2026-07-12T08:59:16] METRIC mlp_predicted_mtu_bytes=4534
[2026-07-12T08:59:16] METRIC mlp_confidence=0.9843
[2026-07-12T08:59:16] METRIC abs_error_bytes=26
[2026-07-12T08:59:16] METRIC update_applied=True
[2026-07-12T08:59:16] RUN_END status=OK
[2026-07-12T09:01:46] RUN_START run_id=MTU_low_lat_high_loss_132
[2026-07-12T09:01:46] PARAM condition=low_lat_high_loss
[2026-07-12T09:01:46] METRIC feat_packet_loss_rate_pct=4.9705
[2026-07-12T09:01:46] METRIC feat_throughput_mbps=7252.4
[2026-07-12T09:01:46] METRIC feat_rtt_ms=8.96
[2026-07-12T09:01:46] METRIC feat_jitter_ms=0.743
[2026-07-12T09:01:46] METRIC feat_bw_utilization_pct=45.4
[2026-07-12T09:01:46] METRIC feat_cache_hit_ratio=0.7224
[2026-07-12T09:01:46] METRIC feat_avg_object_size_kb=95.181
[2026-07-12T09:01:46] METRIC feat_retransmission_count=38
[2026-07-12T09:01:46] METRIC true_optimal_mtu_bytes=4064
[2026-07-12T09:01:46] METRIC mlp_predicted_mtu_bytes=4358
[2026-07-12T09:01:46] METRIC mlp_confidence=0.6859
[2026-07-12T09:01:46] METRIC abs_error_bytes=294
[2026-07-12T09:01:46] METRIC update_applied=False
[2026-07-12T09:01:46] RUN_END status=OK
[2026-07-12T09:05:34] RUN_START run_id=MTU_low_lat_high_loss_133
[2026-07-12T09:05:34] PARAM condition=low_lat_high_loss
[2026-07-12T09:05:34] METRIC feat_packet_loss_rate_pct=4.269
[2026-07-12T09:05:34] METRIC feat_throughput_mbps=2053.6
[2026-07-12T09:05:34] METRIC feat_rtt_ms=5.1
[2026-07-12T09:05:34] METRIC feat_jitter_ms=0.72
[2026-07-12T09:05:34] METRIC feat_bw_utilization_pct=38.92
[2026-07-12T09:05:34] METRIC feat_cache_hit_ratio=0.5985
[2026-07-12T09:05:34] METRIC feat_avg_object_size_kb=93.982
[2026-07-12T09:05:34] METRIC feat_retransmission_count=33
[2026-07-12T09:05:34] METRIC true_optimal_mtu_bytes=4112
[2026-07-12T09:05:34] METRIC mlp_predicted_mtu_bytes=4207
[2026-07-12T09:05:34] METRIC mlp_confidence=0.8958
[2026-07-12T09:05:34] METRIC abs_error_bytes=95
[2026-07-12T09:05:34] METRIC update_applied=True
[2026-07-12T09:05:34] RUN_END status=OK
[2026-07-12T17:17:57] RUN_START run_id=MTU_low_lat_high_loss_134
[2026-07-12T17:17:57] PARAM condition=low_lat_high_loss
[2026-07-12T17:17:57] METRIC feat_packet_loss_rate_pct=4.4573
[2026-07-12T17:17:57] METRIC feat_throughput_mbps=8643.64
[2026-07-12T17:17:57] METRIC feat_rtt_ms=6.823
[2026-07-12T17:17:57] METRIC feat_jitter_ms=1.67
[2026-07-12T17:17:57] METRIC feat_bw_utilization_pct=89.98
[2026-07-12T17:17:57] METRIC feat_cache_hit_ratio=0.7368
[2026-07-12T17:17:57] METRIC feat_avg_object_size_kb=0.174
[2026-07-12T17:17:57] METRIC feat_retransmission_count=28
[2026-07-12T17:17:57] METRIC true_optimal_mtu_bytes=1000
[2026-07-12T17:17:57] METRIC mlp_predicted_mtu_bytes=1195
[2026-07-12T17:17:57] METRIC mlp_confidence=0.8008
[2026-07-12T17:17:57] METRIC abs_error_bytes=195
[2026-07-12T17:17:57] METRIC update_applied=True
[2026-07-12T17:17:57] RUN_END status=OK
[2026-07-12T17:19:51] RUN_START run_id=MTU_low_lat_high_loss_135
[2026-07-12T17:19:51] PARAM condition=low_lat_high_loss
[2026-07-12T17:19:51] METRIC feat_packet_loss_rate_pct=3.4176
[2026-07-12T17:19:51] METRIC feat_throughput_mbps=1187.32
[2026-07-12T17:19:51] METRIC feat_rtt_ms=9.06
[2026-07-12T17:19:51] METRIC feat_jitter_ms=1.929
[2026-07-12T17:19:51] METRIC feat_bw_utilization_pct=35.0
[2026-07-12T17:19:51] METRIC feat_cache_hit_ratio=0.6899
[2026-07-12T17:19:51] METRIC feat_avg_object_size_kb=0.711
[2026-07-12T17:19:51] METRIC feat_retransmission_count=13
[2026-07-12T17:19:51] METRIC true_optimal_mtu_bytes=1000
[2026-07-12T17:19:51] METRIC mlp_predicted_mtu_bytes=862
[2026-07-12T17:19:51] METRIC mlp_confidence=0.8467
[2026-07-12T17:19:51] METRIC abs_error_bytes=138
[2026-07-12T17:19:51] METRIC update_applied=True
[2026-07-12T17:19:51] RUN_END status=OK
[2026-07-12T17:21:39] RUN_START run_id=MTU_low_lat_high_loss_136
[2026-07-12T17:21:39] PARAM condition=low_lat_high_loss
[2026-07-12T17:21:39] METRIC feat_packet_loss_rate_pct=3.9065
[2026-07-12T17:21:39] METRIC feat_throughput_mbps=8027.09
[2026-07-12T17:21:39] METRIC feat_rtt_ms=6.865
[2026-07-12T17:21:39] METRIC feat_jitter_ms=1.296
[2026-07-12T17:21:39] METRIC feat_bw_utilization_pct=76.52
[2026-07-12T17:21:39] METRIC feat_cache_hit_ratio=0.8422
[2026-07-12T17:21:39] METRIC feat_avg_object_size_kb=376.548
[2026-07-12T17:21:39] METRIC feat_retransmission_count=31
[2026-07-12T17:21:39] METRIC true_optimal_mtu_bytes=5168
[2026-07-12T17:21:39] METRIC mlp_predicted_mtu_bytes=5186
[2026-07-12T17:21:39] METRIC mlp_confidence=0.9617
[2026-07-12T17:21:39] METRIC abs_error_bytes=18
[2026-07-12T17:21:39] METRIC update_applied=True
[2026-07-12T17:21:39] RUN_END status=OK
[2026-07-12T17:24:25] RUN_START run_id=MTU_low_lat_high_loss_137
[2026-07-12T17:24:25] PARAM condition=low_lat_high_loss
[2026-07-12T17:24:25] METRIC feat_packet_loss_rate_pct=5.9811
[2026-07-12T17:24:25] METRIC feat_throughput_mbps=7742.41
[2026-07-12T17:24:25] METRIC feat_rtt_ms=3.753
[2026-07-12T17:24:25] METRIC feat_jitter_ms=0.806
[2026-07-12T17:24:25] METRIC feat_bw_utilization_pct=41.02
[2026-07-12T17:24:25] METRIC feat_cache_hit_ratio=0.5433
[2026-07-12T17:24:25] METRIC feat_avg_object_size_kb=208.886
[2026-07-12T17:24:25] METRIC feat_retransmission_count=40
[2026-07-12T17:24:25] METRIC true_optimal_mtu_bytes=4808
[2026-07-12T17:24:25] METRIC mlp_predicted_mtu_bytes=4827
[2026-07-12T17:24:25] METRIC mlp_confidence=0.9741
[2026-07-12T17:24:25] METRIC abs_error_bytes=19
[2026-07-12T17:24:25] METRIC update_applied=True
[2026-07-12T17:24:25] RUN_END status=OK
[2026-07-12T17:26:49] RUN_START run_id=MTU_low_lat_high_loss_138
[2026-07-12T17:26:49] PARAM condition=low_lat_high_loss
[2026-07-12T17:26:49] METRIC feat_packet_loss_rate_pct=5.0145
[2026-07-12T17:26:49] METRIC feat_throughput_mbps=6514.49
[2026-07-12T17:26:49] METRIC feat_rtt_ms=5.589
[2026-07-12T17:26:49] METRIC feat_jitter_ms=0.302
[2026-07-12T17:26:49] METRIC feat_bw_utilization_pct=87.6
[2026-07-12T17:26:49] METRIC feat_cache_hit_ratio=0.9032
[2026-07-12T17:26:49] METRIC feat_avg_object_size_kb=878.997
[2026-07-12T17:26:49] METRIC feat_retransmission_count=37
[2026-07-12T17:26:49] METRIC true_optimal_mtu_bytes=5344
[2026-07-12T17:26:49] METRIC mlp_predicted_mtu_bytes=5521
[2026-07-12T17:26:49] METRIC mlp_confidence=0.8081
[2026-07-12T17:26:49] METRIC abs_error_bytes=177
[2026-07-12T17:26:49] METRIC update_applied=True
[2026-07-12T17:26:49] RUN_END status=OK
[2026-07-12T17:30:07] RUN_START run_id=MTU_low_lat_high_loss_139
[2026-07-12T17:30:07] PARAM condition=low_lat_high_loss
[2026-07-12T17:30:07] METRIC feat_packet_loss_rate_pct=5.3845
[2026-07-12T17:30:07] METRIC feat_throughput_mbps=1850.29
[2026-07-12T17:30:07] METRIC feat_rtt_ms=3.969
[2026-07-12T17:30:07] METRIC feat_jitter_ms=0.393
[2026-07-12T17:30:07] METRIC feat_bw_utilization_pct=67.77
[2026-07-12T17:30:07] METRIC feat_cache_hit_ratio=0.2506
[2026-07-12T17:30:07] METRIC feat_avg_object_size_kb=17.503
[2026-07-12T17:30:07] METRIC feat_retransmission_count=30
[2026-07-12T17:30:07] METRIC true_optimal_mtu_bytes=2136
[2026-07-12T17:30:07] METRIC mlp_predicted_mtu_bytes=2079
[2026-07-12T17:30:07] METRIC mlp_confidence=0.9326
[2026-07-12T17:30:07] METRIC abs_error_bytes=57
[2026-07-12T17:30:07] METRIC update_applied=True
[2026-07-12T17:30:07] RUN_END status=OK
[2026-07-12T17:31:45] RUN_START run_id=MTU_low_lat_high_loss_140
[2026-07-12T17:31:45] PARAM condition=low_lat_high_loss
[2026-07-12T17:31:45] METRIC feat_packet_loss_rate_pct=3.8176
[2026-07-12T17:31:45] METRIC feat_throughput_mbps=4322.59
[2026-07-12T17:31:45] METRIC feat_rtt_ms=3.297
[2026-07-12T17:31:45] METRIC feat_jitter_ms=0.81
[2026-07-12T17:31:45] METRIC feat_bw_utilization_pct=17.62
[2026-07-12T17:31:45] METRIC feat_cache_hit_ratio=0.8723
[2026-07-12T17:31:45] METRIC feat_avg_object_size_kb=2481.096
[2026-07-12T17:31:45] METRIC feat_retransmission_count=22
[2026-07-12T17:31:45] METRIC true_optimal_mtu_bytes=5888
[2026-07-12T17:31:45] METRIC mlp_predicted_mtu_bytes=5904
[2026-07-12T17:31:45] METRIC mlp_confidence=0.99
[2026-07-12T17:31:45] METRIC abs_error_bytes=16
[2026-07-12T17:31:45] METRIC update_applied=True
[2026-07-12T17:31:45] RUN_END status=OK
[2026-07-12T17:35:19] RUN_START run_id=MTU_low_lat_high_loss_141
[2026-07-12T17:35:19] PARAM condition=low_lat_high_loss
[2026-07-12T17:35:19] METRIC feat_packet_loss_rate_pct=3.8829
[2026-07-12T17:35:19] METRIC feat_throughput_mbps=7865.26
[2026-07-12T17:35:19] METRIC feat_rtt_ms=3.929
[2026-07-12T17:35:19] METRIC feat_jitter_ms=1.341
[2026-07-12T17:35:19] METRIC feat_bw_utilization_pct=62.21
[2026-07-12T17:35:19] METRIC feat_cache_hit_ratio=0.8244
[2026-07-12T17:35:19] METRIC feat_avg_object_size_kb=697.838
[2026-07-12T17:35:19] METRIC feat_retransmission_count=23
[2026-07-12T17:35:19] METRIC true_optimal_mtu_bytes=5504
[2026-07-12T17:35:19] METRIC mlp_predicted_mtu_bytes=5603
[2026-07-12T17:35:19] METRIC mlp_confidence=0.9297
[2026-07-12T17:35:19] METRIC abs_error_bytes=99
[2026-07-12T17:35:19] METRIC update_applied=True
[2026-07-12T17:35:19] RUN_END status=OK
[2026-07-12T17:37:40] RUN_START run_id=MTU_low_lat_high_loss_142
[2026-07-12T17:37:40] PARAM condition=low_lat_high_loss
[2026-07-12T17:37:40] METRIC feat_packet_loss_rate_pct=4.4807
[2026-07-12T17:37:40] METRIC feat_throughput_mbps=5519.15
[2026-07-12T17:37:40] METRIC feat_rtt_ms=7.303
[2026-07-12T17:37:40] METRIC feat_jitter_ms=0.496
[2026-07-12T17:37:40] METRIC feat_bw_utilization_pct=33.11
[2026-07-12T17:37:40] METRIC feat_cache_hit_ratio=0.3775
[2026-07-12T17:37:40] METRIC feat_avg_object_size_kb=6.889
[2026-07-12T17:37:40] METRIC feat_retransmission_count=26
[2026-07-12T17:37:40] METRIC true_optimal_mtu_bytes=1256
[2026-07-12T17:37:40] METRIC mlp_predicted_mtu_bytes=1116
[2026-07-12T17:37:40] METRIC mlp_confidence=0.8617
[2026-07-12T17:37:40] METRIC abs_error_bytes=140
[2026-07-12T17:37:40] METRIC update_applied=True
[2026-07-12T17:37:40] RUN_END status=OK
