[2026-07-12T08:31:14] RUN_START run_id=MTU_low_lat_high_loss_121
[2026-07-12T08:31:14] PARAM condition=low_lat_high_loss
[2026-07-12T08:31:14] METRIC feat_packet_loss_rate_pct=3.2442
[2026-07-12T08:31:14] METRIC feat_throughput_mbps=4964.9
[2026-07-12T08:31:14] METRIC feat_rtt_ms=9.769
[2026-07-12T08:31:14] METRIC feat_jitter_ms=1.218
[2026-07-12T08:31:14] METRIC feat_bw_utilization_pct=81.48
[2026-07-12T08:31:14] METRIC feat_cache_hit_ratio=0.8256
[2026-07-12T08:31:14] METRIC feat_avg_object_size_kb=149.667
[2026-07-12T08:31:14] METRIC feat_retransmission_count=16
[2026-07-12T08:31:14] METRIC true_optimal_mtu_bytes=5240
[2026-07-12T08:31:14] METRIC mlp_predicted_mtu_bytes=5230
[2026-07-12T08:31:14] METRIC mlp_confidence=0.9743
[2026-07-12T08:31:14] METRIC abs_error_bytes=10
[2026-07-12T08:31:14] METRIC update_applied=True
[2026-07-12T08:31:14] RUN_END status=OK
[2026-07-12T08:31:28] RUN_START run_id=MTU_high_lat_low_loss_044
[2026-07-12T08:31:28] PARAM condition=high_lat_low_loss
[2026-07-12T08:31:28] METRIC feat_packet_loss_rate_pct=0.3081
[2026-07-12T08:31:28] METRIC feat_throughput_mbps=3546.73
[2026-07-12T08:31:28] METRIC feat_rtt_ms=42.601
[2026-07-12T08:31:28] METRIC feat_jitter_ms=3.729
[2026-07-12T08:31:28] METRIC feat_bw_utilization_pct=91.28
[2026-07-12T08:31:28] METRIC feat_cache_hit_ratio=0.689
[2026-07-12T08:31:28] METRIC feat_avg_object_size_kb=146.13
[2026-07-12T08:31:28] METRIC feat_retransmission_count=1
[2026-07-12T08:31:28] METRIC true_optimal_mtu_bytes=6744
[2026-07-12T08:31:28] METRIC mlp_predicted_mtu_bytes=6684
[2026-07-12T08:31:28] METRIC mlp_confidence=0.9084
[2026-07-12T08:31:28] METRIC abs_error_bytes=60
[2026-07-12T08:31:28] METRIC update_applied=True
[2026-07-12T08:31:28] RUN_END status=OK
[2026-07-12T08:34:01] RUN_START run_id=MTU_high_lat_low_loss_045
[2026-07-12T08:34:01] PARAM condition=high_lat_low_loss
[2026-07-12T08:34:01] METRIC feat_packet_loss_rate_pct=0.8826
[2026-07-12T08:34:01] METRIC feat_throughput_mbps=723.48
[2026-07-12T08:34:01] METRIC feat_rtt_ms=34.607
[2026-07-12T08:34:01] METRIC feat_jitter_ms=4.505
[2026-07-12T08:34:01] METRIC feat_bw_utilization_pct=13.23
[2026-07-12T08:34:01] METRIC feat_cache_hit_ratio=0.572
[2026-07-12T08:34:01] METRIC feat_avg_object_size_kb=7.919
[2026-07-12T08:34:01] METRIC feat_retransmission_count=4
[2026-07-12T08:34:01] METRIC true_optimal_mtu_bytes=2128
[2026-07-12T08:34:01] METRIC mlp_predicted_mtu_bytes=2227
[2026-07-12T08:34:01] METRIC mlp_confidence=0.8636
[2026-07-12T08:34:01] METRIC abs_error_bytes=99
[2026-07-12T08:34:01] METRIC update_applied=True
[2026-07-12T08:34:01] RUN_END status=OK
[2026-07-12T08:34:25] RUN_START run_id=MTU_low_lat_high_loss_122
[2026-07-12T08:34:25] PARAM condition=low_lat_high_loss
[2026-07-12T08:34:25] METRIC feat_packet_loss_rate_pct=3.3927
[2026-07-12T08:34:25] METRIC feat_throughput_mbps=3168.6
[2026-07-12T08:34:25] METRIC feat_rtt_ms=4.98
[2026-07-12T08:34:25] METRIC feat_jitter_ms=1.966
[2026-07-12T08:34:25] METRIC feat_bw_utilization_pct=19.27
[2026-07-12T08:34:25] METRIC feat_cache_hit_ratio=0.7613
[2026-07-12T08:34:25] METRIC feat_avg_object_size_kb=2.98
[2026-07-12T08:34:25] METRIC feat_retransmission_count=22
[2026-07-12T08:34:25] METRIC true_optimal_mtu_bytes=1216
[2026-07-12T08:34:25] METRIC mlp_predicted_mtu_bytes=1360
[2026-07-12T08:34:25] METRIC mlp_confidence=0.8051
[2026-07-12T08:34:25] METRIC abs_error_bytes=144
[2026-07-12T08:34:25] METRIC update_applied=True
[2026-07-12T08:34:25] RUN_END status=OK
[2026-07-12T08:35:55] RUN_START run_id=MTU_high_lat_low_loss_046
[2026-07-12T08:35:55] PARAM condition=high_lat_low_loss
[2026-07-12T08:35:55] METRIC feat_packet_loss_rate_pct=0.8583
[2026-07-12T08:35:55] METRIC feat_throughput_mbps=2200.61
[2026-07-12T08:35:55] METRIC feat_rtt_ms=40.364
[2026-07-12T08:35:55] METRIC feat_jitter_ms=7.229
[2026-07-12T08:35:55] METRIC feat_bw_utilization_pct=59.94
[2026-07-12T08:35:55] METRIC feat_cache_hit_ratio=0.5168
[2026-07-12T08:35:55] METRIC feat_avg_object_size_kb=10.908
[2026-07-12T08:35:55] METRIC feat_retransmission_count=2
[2026-07-12T08:35:55] METRIC true_optimal_mtu_bytes=2424
[2026-07-12T08:35:55] METRIC mlp_predicted_mtu_bytes=2235
[2026-07-12T08:35:55] METRIC mlp_confidence=0.7833
[2026-07-12T08:35:55] METRIC abs_error_bytes=189
[2026-07-12T08:35:55] METRIC update_applied=False
[2026-07-12T08:35:55] RUN_END status=OK
[2026-07-12T08:35:56] RUN_START run_id=MTU_low_lat_high_loss_123
[2026-07-12T08:35:56] PARAM condition=low_lat_high_loss
[2026-07-12T08:35:56] METRIC feat_packet_loss_rate_pct=4.2716
[2026-07-12T08:35:56] METRIC feat_throughput_mbps=2891.09
[2026-07-12T08:35:56] METRIC feat_rtt_ms=7.62
[2026-07-12T08:35:56] METRIC feat_jitter_ms=1.072
[2026-07-12T08:35:56] METRIC feat_bw_utilization_pct=67.07
[2026-07-12T08:35:56] METRIC feat_cache_hit_ratio=0.6779
[2026-07-12T08:35:56] METRIC feat_avg_object_size_kb=7.29
[2026-07-12T08:35:56] METRIC feat_retransmission_count=31
[2026-07-12T08:35:56] METRIC true_optimal_mtu_bytes=1400
[2026-07-12T08:35:56] METRIC mlp_predicted_mtu_bytes=1364
[2026-07-12T08:35:56] METRIC mlp_confidence=0.9771
[2026-07-12T08:35:56] METRIC abs_error_bytes=36
[2026-07-12T08:35:56] METRIC update_applied=True
[2026-07-12T08:35:56] RUN_END status=OK
[2026-07-12T08:38:01] RUN_START run_id=MTU_high_lat_low_loss_047
[2026-07-12T08:38:01] PARAM condition=high_lat_low_loss
[2026-07-12T08:38:01] METRIC feat_packet_loss_rate_pct=0.3609
[2026-07-12T08:38:01] METRIC feat_throughput_mbps=2178.93
[2026-07-12T08:38:01] METRIC feat_rtt_ms=44.374
[2026-07-12T08:38:01] METRIC feat_jitter_ms=9.969
[2026-07-12T08:38:01] METRIC feat_bw_utilization_pct=30.5
[2026-07-12T08:38:01] METRIC feat_cache_hit_ratio=0.6375
[2026-07-12T08:38:01] METRIC feat_avg_object_size_kb=0.177
[2026-07-12T08:38:01] METRIC feat_retransmission_count=2
[2026-07-12T08:38:01] METRIC true_optimal_mtu_bytes=1000
[2026-07-12T08:38:01] METRIC mlp_predicted_mtu_bytes=790
[2026-07-12T08:38:01] METRIC mlp_confidence=0.7906
[2026-07-12T08:38:01] METRIC abs_error_bytes=210
[2026-07-12T08:38:01] METRIC update_applied=False
[2026-07-12T08:38:01] RUN_END status=OK
[2026-07-12T08:39:30] RUN_START run_id=MTU_high_lat_low_loss_048
[2026-07-12T08:39:30] PARAM condition=high_lat_low_loss
[2026-07-12T08:39:30] METRIC feat_packet_loss_rate_pct=0.8166
[2026-07-12T08:39:30] METRIC feat_throughput_mbps=8158.8
[2026-07-12T08:39:30] METRIC feat_rtt_ms=53.65
[2026-07-12T08:39:30] METRIC feat_jitter_ms=7.484
[2026-07-12T08:39:30] METRIC feat_bw_utilization_pct=41.04
[2026-07-12T08:39:30] METRIC feat_cache_hit_ratio=0.5277
[2026-07-12T08:39:30] METRIC feat_avg_object_size_kb=0.629
[2026-07-12T08:39:30] METRIC feat_retransmission_count=2
[2026-07-12T08:39:30] METRIC true_optimal_mtu_bytes=1152
[2026-07-12T08:39:30] METRIC mlp_predicted_mtu_bytes=1230
[2026-07-12T08:39:30] METRIC mlp_confidence=0.965
[2026-07-12T08:39:30] METRIC abs_error_bytes=78
[2026-07-12T08:39:30] METRIC update_applied=True
[2026-07-12T08:39:30] RUN_END status=OK
[2026-07-12T08:39:47] RUN_START run_id=MTU_low_lat_high_loss_124
[2026-07-12T08:39:47] PARAM condition=low_lat_high_loss
[2026-07-12T08:39:47] METRIC feat_packet_loss_rate_pct=4.6417
[2026-07-12T08:39:47] METRIC feat_throughput_mbps=5683.01
[2026-07-12T08:39:47] METRIC feat_rtt_ms=2.124
[2026-07-12T08:39:47] METRIC feat_jitter_ms=1.792
[2026-07-12T08:39:47] METRIC feat_bw_utilization_pct=25.36
[2026-07-12T08:39:47] METRIC feat_cache_hit_ratio=0.5663
[2026-07-12T08:39:47] METRIC feat_avg_object_size_kb=216.787
[2026-07-12T08:39:47] METRIC feat_retransmission_count=28
[2026-07-12T08:39:47] METRIC true_optimal_mtu_bytes=4720
[2026-07-12T08:39:47] METRIC mlp_predicted_mtu_bytes=4746
[2026-07-12T08:39:47] METRIC mlp_confidence=0.9679
[2026-07-12T08:39:47] METRIC abs_error_bytes=26
[2026-07-12T08:39:47] METRIC update_applied=True
[2026-07-12T08:39:47] RUN_END status=OK
[2026-07-12T08:40:56] RUN_START run_id=MTU_low_lat_high_loss_125
[2026-07-12T08:40:56] PARAM condition=low_lat_high_loss
[2026-07-12T08:40:56] METRIC feat_packet_loss_rate_pct=5.2144
[2026-07-12T08:40:56] METRIC feat_throughput_mbps=8962.89
[2026-07-12T08:40:56] METRIC feat_rtt_ms=2.447
[2026-07-12T08:40:56] METRIC feat_jitter_ms=0.86
[2026-07-12T08:40:56] METRIC feat_bw_utilization_pct=87.25
[2026-07-12T08:40:56] METRIC feat_cache_hit_ratio=0.7376
[2026-07-12T08:40:56] METRIC feat_avg_object_size_kb=1070.45
[2026-07-12T08:40:56] METRIC feat_retransmission_count=29
[2026-07-12T08:40:56] METRIC true_optimal_mtu_bytes=5344
[2026-07-12T08:40:56] METRIC mlp_predicted_mtu_bytes=5245
[2026-07-12T08:40:56] METRIC mlp_confidence=0.9426
[2026-07-12T08:40:56] METRIC abs_error_bytes=99
[2026-07-12T08:40:56] METRIC update_applied=True
[2026-07-12T08:40:56] RUN_END status=OK
[2026-07-12T08:42:45] RUN_START run_id=MTU_low_lat_high_loss_126
[2026-07-12T08:42:45] PARAM condition=low_lat_high_loss
[2026-07-12T08:42:45] METRIC feat_packet_loss_rate_pct=3.4701
[2026-07-12T08:42:45] METRIC feat_throughput_mbps=514.63
[2026-07-12T08:42:45] METRIC feat_rtt_ms=1.044
[2026-07-12T08:42:45] METRIC feat_jitter_ms=0.855
[2026-07-12T08:42:45] METRIC feat_bw_utilization_pct=80.81
[2026-07-12T08:42:45] METRIC feat_cache_hit_ratio=0.5937
[2026-07-12T08:42:45] METRIC feat_avg_object_size_kb=12.463
[2026-07-12T08:42:45] METRIC feat_retransmission_count=21
[2026-07-12T08:42:45] METRIC true_optimal_mtu_bytes=1888
[2026-07-12T08:42:45] METRIC mlp_predicted_mtu_bytes=1754
[2026-07-12T08:42:45] METRIC mlp_confidence=0.8048
[2026-07-12T08:42:45] METRIC abs_error_bytes=134
[2026-07-12T08:42:45] METRIC update_applied=True
[2026-07-12T08:42:45] RUN_END status=OK
[2026-07-12T08:45:51] RUN_START run_id=MTU_high_lat_low_loss_049
[2026-07-12T08:45:51] PARAM condition=high_lat_low_loss
[2026-07-12T08:45:51] METRIC feat_packet_loss_rate_pct=0.8087
[2026-07-12T08:45:51] METRIC feat_throughput_mbps=542.7
[2026-07-12T08:45:51] METRIC feat_rtt_ms=34.897
[2026-07-12T08:45:51] METRIC feat_jitter_ms=7.013
[2026-07-12T08:45:51] METRIC feat_bw_utilization_pct=53.75
[2026-07-12T08:45:51] METRIC feat_cache_hit_ratio=0.9042
[2026-07-12T08:45:51] METRIC feat_avg_object_size_kb=315.929
[2026-07-12T08:45:51] METRIC feat_retransmission_count=5
[2026-07-12T08:45:51] METRIC true_optimal_mtu_bytes=7088
[2026-07-12T08:45:51] METRIC mlp_predicted_mtu_bytes=7274
[2026-07-12T08:45:51] METRIC mlp_confidence=0.7762
[2026-07-12T08:45:51] METRIC abs_error_bytes=186
[2026-07-12T08:45:51] METRIC update_applied=False
[2026-07-12T08:45:51] RUN_END status=OK
