[2026-07-11T16:30:06] RUN_START run_id=MTU_high_lat_high_loss_110
[2026-07-11T16:30:06] PARAM condition=high_lat_high_loss
[2026-07-11T16:30:06] METRIC feat_packet_loss_rate_pct=5.2323
[2026-07-11T16:30:06] METRIC feat_throughput_mbps=5319.45
[2026-07-11T16:30:06] METRIC feat_rtt_ms=37.587
[2026-07-11T16:30:06] METRIC feat_jitter_ms=5.154
[2026-07-11T16:30:06] METRIC feat_bw_utilization_pct=66.25
[2026-07-11T16:30:06] METRIC feat_cache_hit_ratio=0.6202
[2026-07-11T16:30:06] METRIC feat_avg_object_size_kb=101.668
[2026-07-11T16:30:06] METRIC feat_retransmission_count=29
[2026-07-11T16:30:06] METRIC true_optimal_mtu_bytes=4104
[2026-07-11T16:30:06] METRIC mlp_predicted_mtu_bytes=4139
[2026-07-11T16:30:06] METRIC mlp_confidence=0.9625
[2026-07-11T16:30:06] METRIC abs_error_bytes=35
[2026-07-11T16:30:06] METRIC update_applied=True
[2026-07-11T16:30:06] RUN_END status=OK
[2026-07-11T16:32:07] RUN_START run_id=MTU_high_lat_high_loss_111
[2026-07-11T16:32:07] PARAM condition=high_lat_high_loss
[2026-07-11T16:32:07] METRIC feat_packet_loss_rate_pct=5.7232
[2026-07-11T16:32:07] METRIC feat_throughput_mbps=7721.69
[2026-07-11T16:32:07] METRIC feat_rtt_ms=55.709
[2026-07-11T16:32:07] METRIC feat_jitter_ms=10.449
[2026-07-11T16:32:07] METRIC feat_bw_utilization_pct=56.31
[2026-07-11T16:32:07] METRIC feat_cache_hit_ratio=0.7929
[2026-07-11T16:32:07] METRIC feat_avg_object_size_kb=2385.135
[2026-07-11T16:32:07] METRIC feat_retransmission_count=39
[2026-07-11T16:32:07] METRIC true_optimal_mtu_bytes=5440
[2026-07-11T16:32:07] METRIC mlp_predicted_mtu_bytes=5385
[2026-07-11T16:32:07] METRIC mlp_confidence=0.9456
[2026-07-11T16:32:07] METRIC abs_error_bytes=55
[2026-07-11T16:32:07] METRIC update_applied=True
[2026-07-11T16:32:07] RUN_END status=OK
[2026-07-11T16:32:20] RUN_START run_id=MTU_high_lat_low_loss_013
[2026-07-11T16:32:20] PARAM condition=high_lat_low_loss
[2026-07-11T16:32:20] METRIC feat_packet_loss_rate_pct=0.0277
[2026-07-11T16:32:20] METRIC feat_throughput_mbps=6656.66
[2026-07-11T16:32:20] METRIC feat_rtt_ms=36.893
[2026-07-11T16:32:20] METRIC feat_jitter_ms=7.256
[2026-07-11T16:32:20] METRIC feat_bw_utilization_pct=28.0
[2026-07-11T16:32:20] METRIC feat_cache_hit_ratio=0.5495
[2026-07-11T16:32:20] METRIC feat_avg_object_size_kb=3.66
[2026-07-11T16:32:20] METRIC feat_retransmission_count=0
[2026-07-11T16:32:20] METRIC true_optimal_mtu_bytes=1544
[2026-07-11T16:32:20] METRIC mlp_predicted_mtu_bytes=1650
[2026-07-11T16:32:20] METRIC mlp_confidence=0.8901
[2026-07-11T16:32:20] METRIC abs_error_bytes=106
[2026-07-11T16:32:20] METRIC update_applied=True
[2026-07-11T16:32:20] RUN_END status=OK
[2026-07-11T16:34:05] RUN_START run_id=MTU_high_lat_high_loss_112
[2026-07-11T16:34:05] PARAM condition=high_lat_high_loss
[2026-07-11T16:34:05] METRIC feat_packet_loss_rate_pct=3.992
[2026-07-11T16:34:05] METRIC feat_throughput_mbps=6883.11
[2026-07-11T16:34:05] METRIC feat_rtt_ms=42.188
[2026-07-11T16:34:05] METRIC feat_jitter_ms=7.065
[2026-07-11T16:34:05] METRIC feat_bw_utilization_pct=65.54
[2026-07-11T16:34:05] METRIC feat_cache_hit_ratio=0.7131
[2026-07-11T16:34:05] METRIC feat_avg_object_size_kb=308.079
[2026-07-11T16:34:05] METRIC feat_retransmission_count=39
[2026-07-11T16:34:05] METRIC true_optimal_mtu_bytes=5000
[2026-07-11T16:34:05] METRIC mlp_predicted_mtu_bytes=4607
[2026-07-11T16:34:05] METRIC mlp_confidence=0.5798
[2026-07-11T16:34:05] METRIC abs_error_bytes=393
[2026-07-11T16:34:05] METRIC update_applied=False
[2026-07-11T16:34:05] RUN_END status=OK
[2026-07-11T16:35:13] RUN_START run_id=MTU_high_lat_low_loss_014
[2026-07-11T16:35:13] PARAM condition=high_lat_low_loss
[2026-07-11T16:35:13] METRIC feat_packet_loss_rate_pct=0.2241
[2026-07-11T16:35:13] METRIC feat_throughput_mbps=2474.37
[2026-07-11T16:35:13] METRIC feat_rtt_ms=44.735
[2026-07-11T16:35:13] METRIC feat_jitter_ms=7.212
[2026-07-11T16:35:13] METRIC feat_bw_utilization_pct=30.39
[2026-07-11T16:35:13] METRIC feat_cache_hit_ratio=0.9099
[2026-07-11T16:35:13] METRIC feat_avg_object_size_kb=13.498
[2026-07-11T16:35:13] METRIC feat_retransmission_count=1
[2026-07-11T16:35:13] METRIC true_optimal_mtu_bytes=2792
[2026-07-11T16:35:13] METRIC mlp_predicted_mtu_bytes=2790
[2026-07-11T16:35:13] METRIC mlp_confidence=0.9478
[2026-07-11T16:35:13] METRIC abs_error_bytes=2
[2026-07-11T16:35:13] METRIC update_applied=True
[2026-07-11T16:35:13] RUN_END status=OK
[2026-07-11T16:36:02] RUN_START run_id=MTU_high_lat_high_loss_113
[2026-07-11T16:36:02] PARAM condition=high_lat_high_loss
[2026-07-11T16:36:02] METRIC feat_packet_loss_rate_pct=6.38
[2026-07-11T16:36:02] METRIC feat_throughput_mbps=7645.4
[2026-07-11T16:36:02] METRIC feat_rtt_ms=54.276
[2026-07-11T16:36:02] METRIC feat_jitter_ms=8.745
[2026-07-11T16:36:02] METRIC feat_bw_utilization_pct=60.19
[2026-07-11T16:36:02] METRIC feat_cache_hit_ratio=0.5566
[2026-07-11T16:36:02] METRIC feat_avg_object_size_kb=6.37
[2026-07-11T16:36:02] METRIC feat_retransmission_count=33
[2026-07-11T16:36:02] METRIC true_optimal_mtu_bytes=1256
[2026-07-11T16:36:02] METRIC mlp_predicted_mtu_bytes=1627
[2026-07-11T16:36:02] METRIC mlp_confidence=0.6339
[2026-07-11T16:36:02] METRIC abs_error_bytes=371
[2026-07-11T16:36:02] METRIC update_applied=False
[2026-07-11T16:36:02] RUN_END status=OK
[2026-07-11T16:36:14] RUN_START run_id=MTU_high_lat_low_loss_015
[2026-07-11T16:36:14] PARAM condition=high_lat_low_loss
[2026-07-11T16:36:14] METRIC feat_packet_loss_rate_pct=0.5234
[2026-07-11T16:36:14] METRIC feat_throughput_mbps=6370.1
[2026-07-11T16:36:14] METRIC feat_rtt_ms=57.84
[2026-07-11T16:36:14] METRIC feat_jitter_ms=7.183
[2026-07-11T16:36:14] METRIC feat_bw_utilization_pct=35.5
[2026-07-11T16:36:14] METRIC feat_cache_hit_ratio=0.7382
[2026-07-11T16:36:14] METRIC feat_avg_object_size_kb=359.014
[2026-07-11T16:36:14] METRIC feat_retransmission_count=7
[2026-07-11T16:36:14] METRIC true_optimal_mtu_bytes=7232
[2026-07-11T16:36:14] METRIC mlp_predicted_mtu_bytes=7155
[2026-07-11T16:36:14] METRIC mlp_confidence=0.9202
[2026-07-11T16:36:14] METRIC abs_error_bytes=77
[2026-07-11T16:36:14] METRIC update_applied=True
[2026-07-11T16:36:14] RUN_END status=OK
[2026-07-11T16:37:07] RUN_START run_id=MTU_high_lat_high_loss_114
[2026-07-11T16:37:07] PARAM condition=high_lat_high_loss
[2026-07-11T16:37:07] METRIC feat_packet_loss_rate_pct=4.1353
[2026-07-11T16:37:07] METRIC feat_throughput_mbps=998.63
[2026-07-11T16:37:07] METRIC feat_rtt_ms=46.631
[2026-07-11T16:37:07] METRIC feat_jitter_ms=9.317
[2026-07-11T16:37:07] METRIC feat_bw_utilization_pct=37.4
[2026-07-11T16:37:07] METRIC feat_cache_hit_ratio=0.8886
[2026-07-11T16:37:07] METRIC feat_avg_object_size_kb=0.153
[2026-07-11T16:37:07] METRIC feat_retransmission_count=34
[2026-07-11T16:37:07] METRIC true_optimal_mtu_bytes=1000
[2026-07-11T16:37:07] METRIC mlp_predicted_mtu_bytes=1407
[2026-07-11T16:37:07] METRIC mlp_confidence=0.5775
[2026-07-11T16:37:07] METRIC abs_error_bytes=407
[2026-07-11T16:37:07] METRIC update_applied=False
[2026-07-11T16:37:07] RUN_END status=OK
[2026-07-11T16:38:59] RUN_START run_id=MTU_high_lat_high_loss_115
[2026-07-11T16:38:59] PARAM condition=high_lat_high_loss
[2026-07-11T16:38:59] METRIC feat_packet_loss_rate_pct=6.1833
[2026-07-11T16:38:59] METRIC feat_throughput_mbps=7985.09
[2026-07-11T16:38:59] METRIC feat_rtt_ms=39.582
[2026-07-11T16:38:59] METRIC feat_jitter_ms=9.506
[2026-07-11T16:38:59] METRIC feat_bw_utilization_pct=51.18
[2026-07-11T16:38:59] METRIC feat_cache_hit_ratio=0.6231
[2026-07-11T16:38:59] METRIC feat_avg_object_size_kb=4.653
[2026-07-11T16:38:59] METRIC feat_retransmission_count=51
[2026-07-11T16:38:59] METRIC true_optimal_mtu_bytes=1112
[2026-07-11T16:38:59] METRIC mlp_predicted_mtu_bytes=819
[2026-07-11T16:38:59] METRIC mlp_confidence=0.6331
[2026-07-11T16:38:59] METRIC abs_error_bytes=293
[2026-07-11T16:38:59] METRIC update_applied=False
[2026-07-11T16:38:59] RUN_END status=OK
[2026-07-11T16:39:41] RUN_START run_id=MTU_high_lat_high_loss_116
[2026-07-11T16:39:41] PARAM condition=high_lat_high_loss
[2026-07-11T16:39:41] METRIC feat_packet_loss_rate_pct=5.0228
[2026-07-11T16:39:41] METRIC feat_throughput_mbps=1543.92
[2026-07-11T16:39:41] METRIC feat_rtt_ms=37.515
[2026-07-11T16:39:41] METRIC feat_jitter_ms=11.629
[2026-07-11T16:39:41] METRIC feat_bw_utilization_pct=29.76
[2026-07-11T16:39:41] METRIC feat_cache_hit_ratio=0.7249
[2026-07-11T16:39:41] METRIC feat_avg_object_size_kb=0.224
[2026-07-11T16:39:41] METRIC feat_retransmission_count=33
[2026-07-11T16:39:41] METRIC true_optimal_mtu_bytes=1000
[2026-07-11T16:39:41] METRIC mlp_predicted_mtu_bytes=731
[2026-07-11T16:39:41] METRIC mlp_confidence=0.7782
[2026-07-11T16:39:41] METRIC abs_error_bytes=269
[2026-07-11T16:39:41] METRIC update_applied=False
[2026-07-11T16:39:41] RUN_END status=OK
[2026-07-11T16:39:50] RUN_START run_id=MTU_high_lat_low_loss_016
[2026-07-11T16:39:50] PARAM condition=high_lat_low_loss
[2026-07-11T16:39:50] METRIC feat_packet_loss_rate_pct=0.8021
[2026-07-11T16:39:50] METRIC feat_throughput_mbps=270.41
[2026-07-11T16:39:50] METRIC feat_rtt_ms=32.853
[2026-07-11T16:39:50] METRIC feat_jitter_ms=8.008
[2026-07-11T16:39:50] METRIC feat_bw_utilization_pct=34.62
[2026-07-11T16:39:50] METRIC feat_cache_hit_ratio=0.9411
[2026-07-11T16:39:50] METRIC feat_avg_object_size_kb=2658.438
[2026-07-11T16:39:50] METRIC feat_retransmission_count=5
[2026-07-11T16:39:50] METRIC true_optimal_mtu_bytes=7648
[2026-07-11T16:39:50] METRIC mlp_predicted_mtu_bytes=7843
[2026-07-11T16:39:50] METRIC mlp_confidence=0.7741
[2026-07-11T16:39:50] METRIC abs_error_bytes=195
[2026-07-11T16:39:50] METRIC update_applied=False
[2026-07-11T16:39:50] RUN_END status=OK
[2026-07-11T16:41:14] RUN_START run_id=MTU_high_lat_low_loss_017
[2026-07-11T16:41:14] PARAM condition=high_lat_low_loss
[2026-07-11T16:41:14] METRIC feat_packet_loss_rate_pct=0.6408
[2026-07-11T16:41:14] METRIC feat_throughput_mbps=2371.01
[2026-07-11T16:41:14] METRIC feat_rtt_ms=50.056
[2026-07-11T16:41:14] METRIC feat_jitter_ms=9.083
[2026-07-11T16:41:14] METRIC feat_bw_utilization_pct=36.24
[2026-07-11T16:41:14] METRIC feat_cache_hit_ratio=0.7163
[2026-07-11T16:41:14] METRIC feat_avg_object_size_kb=0.319
[2026-07-11T16:41:14] METRIC feat_retransmission_count=3
[2026-07-11T16:41:14] METRIC true_optimal_mtu_bytes=1000
[2026-07-11T16:41:14] METRIC mlp_predicted_mtu_bytes=992
[2026-07-11T16:41:14] METRIC mlp_confidence=0.99
[2026-07-11T16:41:14] METRIC abs_error_bytes=8
[2026-07-11T16:41:14] METRIC update_applied=True
[2026-07-11T16:41:14] RUN_END status=OK
[2026-07-11T16:42:51] RUN_START run_id=MTU_high_lat_low_loss_018
[2026-07-11T16:42:51] PARAM condition=high_lat_low_loss
[2026-07-11T16:42:51] METRIC feat_packet_loss_rate_pct=0.976
[2026-07-11T16:42:51] METRIC feat_throughput_mbps=8186.38
[2026-07-11T16:42:51] METRIC feat_rtt_ms=35.509
[2026-07-11T16:42:51] METRIC feat_jitter_ms=8.199
[2026-07-11T16:42:51] METRIC feat_bw_utilization_pct=72.73
[2026-07-11T16:42:51] METRIC feat_cache_hit_ratio=0.8256
[2026-07-11T16:42:51] METRIC feat_avg_object_size_kb=0.326
[2026-07-11T16:42:51] METRIC feat_retransmission_count=8
[2026-07-11T16:42:51] METRIC true_optimal_mtu_bytes=1008
[2026-07-11T16:42:51] METRIC mlp_predicted_mtu_bytes=694
[2026-07-11T16:42:51] METRIC mlp_confidence=0.6804
[2026-07-11T16:42:51] METRIC abs_error_bytes=314
[2026-07-11T16:42:51] METRIC update_applied=False
[2026-07-11T16:42:51] RUN_END status=OK
[2026-07-11T16:43:24] RUN_START run_id=MTU_high_lat_high_loss_117
[2026-07-11T16:43:24] PARAM condition=high_lat_high_loss
[2026-07-11T16:43:24] METRIC feat_packet_loss_rate_pct=4.2649
[2026-07-11T16:43:24] METRIC feat_throughput_mbps=8097.74
[2026-07-11T16:43:24] METRIC feat_rtt_ms=45.917
[2026-07-11T16:43:24] METRIC feat_jitter_ms=7.304
[2026-07-11T16:43:24] METRIC feat_bw_utilization_pct=43.82
[2026-07-11T16:43:24] METRIC feat_cache_hit_ratio=0.8907
[2026-07-11T16:43:24] METRIC feat_avg_object_size_kb=8.616
[2026-07-11T16:43:24] METRIC feat_retransmission_count=25
[2026-07-11T16:43:24] METRIC true_optimal_mtu_bytes=1544
[2026-07-11T16:43:24] METRIC mlp_predicted_mtu_bytes=1862
[2026-07-11T16:43:24] METRIC mlp_confidence=0.6879
[2026-07-11T16:43:24] METRIC abs_error_bytes=318
[2026-07-11T16:43:24] METRIC update_applied=False
[2026-07-11T16:43:24] RUN_END status=OK
[2026-07-11T16:44:42] RUN_START run_id=MTU_high_lat_high_loss_118
[2026-07-11T16:44:42] PARAM condition=high_lat_high_loss
[2026-07-11T16:44:42] METRIC feat_packet_loss_rate_pct=6.4575
[2026-07-11T16:44:42] METRIC feat_throughput_mbps=5753.26
[2026-07-11T16:44:42] METRIC feat_rtt_ms=42.443
[2026-07-11T16:44:42] METRIC feat_jitter_ms=9.347
[2026-07-11T16:44:42] METRIC feat_bw_utilization_pct=13.54
[2026-07-11T16:44:42] METRIC feat_cache_hit_ratio=0.5863
[2026-07-11T16:44:42] METRIC feat_avg_object_size_kb=140.301
[2026-07-11T16:44:42] METRIC feat_retransmission_count=34
[2026-07-11T16:44:42] METRIC true_optimal_mtu_bytes=4424
[2026-07-11T16:44:42] METRIC mlp_predicted_mtu_bytes=4159
[2026-07-11T16:44:42] METRIC mlp_confidence=0.7302
[2026-07-11T16:44:42] METRIC abs_error_bytes=265
[2026-07-11T16:44:42] METRIC update_applied=False
[2026-07-11T16:44:42] RUN_END status=OK
[2026-07-11T16:46:11] RUN_START run_id=MTU_high_lat_low_loss_019
[2026-07-11T16:46:11] PARAM condition=high_lat_low_loss
[2026-07-11T16:46:11] METRIC feat_packet_loss_rate_pct=0.3828
[2026-07-11T16:46:11] METRIC feat_throughput_mbps=519.93
[2026-07-11T16:46:11] METRIC feat_rtt_ms=38.636
[2026-07-11T16:46:11] METRIC feat_jitter_ms=6.795
[2026-07-11T16:46:11] METRIC feat_bw_utilization_pct=44.74
[2026-07-11T16:46:11] METRIC feat_cache_hit_ratio=0.9105
[2026-07-11T16:46:11] METRIC feat_avg_object_size_kb=7.354
[2026-07-11T16:46:11] METRIC feat_retransmission_count=1
[2026-07-11T16:46:11] METRIC true_optimal_mtu_bytes=2056
[2026-07-11T16:46:11] METRIC mlp_predicted_mtu_bytes=1929
[2026-07-11T16:46:11] METRIC mlp_confidence=0.8612
[2026-07-11T16:46:11] METRIC abs_error_bytes=127
[2026-07-11T16:46:11] METRIC update_applied=True
[2026-07-11T16:46:11] RUN_END status=OK
