[2026-07-20T14:04:44] RUN_START run_id=MTU_low_lat_low_loss_122
[2026-07-20T14:04:44] PARAM condition=low_lat_low_loss
[2026-07-20T14:04:44] METRIC feat_packet_loss_rate_pct=0.0345
[2026-07-20T14:04:44] METRIC feat_throughput_mbps=1567.0
[2026-07-20T14:04:44] METRIC feat_rtt_ms=7.961
[2026-07-20T14:04:44] METRIC feat_jitter_ms=0.373
[2026-07-20T14:04:44] METRIC feat_bw_utilization_pct=76.46
[2026-07-20T14:04:44] METRIC feat_cache_hit_ratio=0.8016
[2026-07-20T14:04:44] METRIC feat_avg_object_size_kb=1.846
[2026-07-20T14:04:44] METRIC feat_retransmission_count=1
[2026-07-20T14:04:44] METRIC true_optimal_mtu_bytes=1352
[2026-07-20T14:04:44] METRIC mlp_predicted_mtu_bytes=1572
[2026-07-20T14:04:44] METRIC mlp_confidence=0.7743
[2026-07-20T14:04:44] METRIC abs_error_bytes=220
[2026-07-20T14:04:44] METRIC update_applied=False
[2026-07-20T14:04:44] RUN_END status=OK
[2026-07-20T14:06:44] RUN_START run_id=MTU_low_lat_low_loss_123
[2026-07-20T14:06:44] PARAM condition=low_lat_low_loss
[2026-07-20T14:06:44] METRIC feat_packet_loss_rate_pct=0.1588
[2026-07-20T14:06:44] METRIC feat_throughput_mbps=6651.8
[2026-07-20T14:06:44] METRIC feat_rtt_ms=4.295
[2026-07-20T14:06:44] METRIC feat_jitter_ms=0.934
[2026-07-20T14:06:44] METRIC feat_bw_utilization_pct=50.85
[2026-07-20T14:06:44] METRIC feat_cache_hit_ratio=0.99
[2026-07-20T14:06:44] METRIC feat_avg_object_size_kb=68.75
[2026-07-20T14:06:44] METRIC feat_retransmission_count=0
[2026-07-20T14:06:44] METRIC true_optimal_mtu_bytes=5760
[2026-07-20T14:06:44] METRIC mlp_predicted_mtu_bytes=5546
[2026-07-20T14:06:44] METRIC mlp_confidence=0.7338
[2026-07-20T14:06:44] METRIC abs_error_bytes=214
[2026-07-20T14:06:44] METRIC update_applied=False
[2026-07-20T14:06:44] RUN_END status=OK
[2026-07-20T14:09:21] RUN_START run_id=MTU_low_lat_low_loss_124
[2026-07-20T14:09:21] PARAM condition=low_lat_low_loss
[2026-07-20T14:09:21] METRIC feat_packet_loss_rate_pct=0.7776
[2026-07-20T14:09:21] METRIC feat_throughput_mbps=2167.02
[2026-07-20T14:09:21] METRIC feat_rtt_ms=7.456
[2026-07-20T14:09:21] METRIC feat_jitter_ms=0.403
[2026-07-20T14:09:21] METRIC feat_bw_utilization_pct=91.85
[2026-07-20T14:09:21] METRIC feat_cache_hit_ratio=0.8235
[2026-07-20T14:09:21] METRIC feat_avg_object_size_kb=0.339
[2026-07-20T14:09:21] METRIC feat_retransmission_count=3
[2026-07-20T14:09:21] METRIC true_optimal_mtu_bytes=1000
[2026-07-20T14:09:21] METRIC mlp_predicted_mtu_bytes=856
[2026-07-20T14:09:21] METRIC mlp_confidence=0.8281
[2026-07-20T14:09:21] METRIC abs_error_bytes=144
[2026-07-20T14:09:21] METRIC update_applied=True
[2026-07-20T14:09:21] RUN_END status=OK
[2026-07-20T14:11:34] RUN_START run_id=MTU_low_lat_low_loss_125
[2026-07-20T14:11:34] PARAM condition=low_lat_low_loss
[2026-07-20T14:11:34] METRIC feat_packet_loss_rate_pct=0.0012
[2026-07-20T14:11:34] METRIC feat_throughput_mbps=5473.18
[2026-07-20T14:11:34] METRIC feat_rtt_ms=4.973
[2026-07-20T14:11:34] METRIC feat_jitter_ms=0.129
[2026-07-20T14:11:34] METRIC feat_bw_utilization_pct=47.21
[2026-07-20T14:11:34] METRIC feat_cache_hit_ratio=0.8021
[2026-07-20T14:11:34] METRIC feat_avg_object_size_kb=18.449
[2026-07-20T14:11:34] METRIC feat_retransmission_count=0
[2026-07-20T14:11:34] METRIC true_optimal_mtu_bytes=3392
[2026-07-20T14:11:34] METRIC mlp_predicted_mtu_bytes=3354
[2026-07-20T14:11:34] METRIC mlp_confidence=0.9833
[2026-07-20T14:11:34] METRIC abs_error_bytes=38
[2026-07-20T14:11:34] METRIC update_applied=True
[2026-07-20T14:11:34] RUN_END status=OK
[2026-07-20T14:13:56] RUN_START run_id=MTU_low_lat_low_loss_126
[2026-07-20T14:13:56] PARAM condition=low_lat_low_loss
[2026-07-20T14:13:56] METRIC feat_packet_loss_rate_pct=0.13
[2026-07-20T14:13:56] METRIC feat_throughput_mbps=1643.16
[2026-07-20T14:13:56] METRIC feat_rtt_ms=1.169
[2026-07-20T14:13:56] METRIC feat_jitter_ms=0.285
[2026-07-20T14:13:56] METRIC feat_bw_utilization_pct=64.28
[2026-07-20T14:13:56] METRIC feat_cache_hit_ratio=0.7784
[2026-07-20T14:13:56] METRIC feat_avg_object_size_kb=0.787
[2026-07-20T14:13:56] METRIC feat_retransmission_count=0
[2026-07-20T14:13:56] METRIC true_optimal_mtu_bytes=1304
[2026-07-20T14:13:56] METRIC mlp_predicted_mtu_bytes=1411
[2026-07-20T14:13:56] METRIC mlp_confidence=0.9027
[2026-07-20T14:13:56] METRIC abs_error_bytes=107
[2026-07-20T14:13:56] METRIC update_applied=True
[2026-07-20T14:13:56] RUN_END status=OK
[2026-07-20T14:18:53] RUN_START run_id=MTU_low_lat_low_loss_127
[2026-07-20T14:18:53] PARAM condition=low_lat_low_loss
[2026-07-20T14:18:53] METRIC feat_packet_loss_rate_pct=0.7786
[2026-07-20T14:18:53] METRIC feat_throughput_mbps=658.56
[2026-07-20T14:18:53] METRIC feat_rtt_ms=4.554
[2026-07-20T14:18:53] METRIC feat_jitter_ms=0.485
[2026-07-20T14:18:53] METRIC feat_bw_utilization_pct=67.89
[2026-07-20T14:18:53] METRIC feat_cache_hit_ratio=0.6887
[2026-07-20T14:18:53] METRIC feat_avg_object_size_kb=400.414
[2026-07-20T14:18:53] METRIC feat_retransmission_count=4
[2026-07-20T14:18:53] METRIC true_optimal_mtu_bytes=7320
[2026-07-20T14:18:53] METRIC mlp_predicted_mtu_bytes=7195
[2026-07-20T14:18:53] METRIC mlp_confidence=0.8314
[2026-07-20T14:18:53] METRIC abs_error_bytes=125
[2026-07-20T14:18:53] METRIC update_applied=True
[2026-07-20T14:18:53] RUN_END status=OK
[2026-07-20T14:20:36] RUN_START run_id=MTU_low_lat_low_loss_128
[2026-07-20T14:20:36] PARAM condition=low_lat_low_loss
[2026-07-20T14:20:36] METRIC feat_packet_loss_rate_pct=0.6905
[2026-07-20T14:20:36] METRIC feat_throughput_mbps=693.63
[2026-07-20T14:20:36] METRIC feat_rtt_ms=6.927
[2026-07-20T14:20:36] METRIC feat_jitter_ms=0.586
[2026-07-20T14:20:36] METRIC feat_bw_utilization_pct=33.83
[2026-07-20T14:20:36] METRIC feat_cache_hit_ratio=0.5192
[2026-07-20T14:20:36] METRIC feat_avg_object_size_kb=103.049
[2026-07-20T14:20:36] METRIC feat_retransmission_count=3
[2026-07-20T14:20:36] METRIC true_optimal_mtu_bytes=6136
[2026-07-20T14:20:36] METRIC mlp_predicted_mtu_bytes=6233
[2026-07-20T14:20:36] METRIC mlp_confidence=0.8323
[2026-07-20T14:20:36] METRIC abs_error_bytes=97
[2026-07-20T14:20:36] METRIC update_applied=True
[2026-07-20T14:20:36] RUN_END status=OK
[2026-07-20T14:21:37] RUN_START run_id=MTU_low_lat_low_loss_129
[2026-07-20T14:21:37] PARAM condition=low_lat_low_loss
[2026-07-20T14:21:37] METRIC feat_packet_loss_rate_pct=0.2026
[2026-07-20T14:21:37] METRIC feat_throughput_mbps=8063.5
[2026-07-20T14:21:37] METRIC feat_rtt_ms=7.345
[2026-07-20T14:21:37] METRIC feat_jitter_ms=0.648
[2026-07-20T14:21:37] METRIC feat_bw_utilization_pct=61.89
[2026-07-20T14:21:37] METRIC feat_cache_hit_ratio=0.8363
[2026-07-20T14:21:37] METRIC feat_avg_object_size_kb=87.419
[2026-07-20T14:21:37] METRIC feat_retransmission_count=1
[2026-07-20T14:21:37] METRIC true_optimal_mtu_bytes=6224
[2026-07-20T14:21:37] METRIC mlp_predicted_mtu_bytes=6006
[2026-07-20T14:21:37] METRIC mlp_confidence=0.7656
[2026-07-20T14:21:37] METRIC abs_error_bytes=218
[2026-07-20T14:21:37] METRIC update_applied=False
[2026-07-20T14:21:37] RUN_END status=OK
[2026-07-20T14:24:06] RUN_START run_id=MTU_low_lat_low_loss_130
[2026-07-20T14:24:06] PARAM condition=low_lat_low_loss
[2026-07-20T14:24:06] METRIC feat_packet_loss_rate_pct=0.4544
[2026-07-20T14:24:06] METRIC feat_throughput_mbps=6172.69
[2026-07-20T14:24:06] METRIC feat_rtt_ms=6.477
[2026-07-20T14:24:06] METRIC feat_jitter_ms=0.335
[2026-07-20T14:24:06] METRIC feat_bw_utilization_pct=61.09
[2026-07-20T14:24:06] METRIC feat_cache_hit_ratio=0.8455
[2026-07-20T14:24:06] METRIC feat_avg_object_size_kb=2281.602
[2026-07-20T14:24:06] METRIC feat_retransmission_count=1
[2026-07-20T14:24:06] METRIC true_optimal_mtu_bytes=8104
[2026-07-20T14:24:06] METRIC mlp_predicted_mtu_bytes=8025
[2026-07-20T14:24:06] METRIC mlp_confidence=0.9171
[2026-07-20T14:24:06] METRIC abs_error_bytes=79
[2026-07-20T14:24:06] METRIC update_applied=True
[2026-07-20T14:24:06] RUN_END status=OK
[2026-07-20T14:28:49] RUN_START run_id=MTU_low_lat_low_loss_131
[2026-07-20T14:28:49] PARAM condition=low_lat_low_loss
[2026-07-20T14:28:49] METRIC feat_packet_loss_rate_pct=0.3523
[2026-07-20T14:28:49] METRIC feat_throughput_mbps=3795.7
[2026-07-20T14:28:49] METRIC feat_rtt_ms=3.321
[2026-07-20T14:28:49] METRIC feat_jitter_ms=0.233
[2026-07-20T14:28:49] METRIC feat_bw_utilization_pct=24.59
[2026-07-20T14:28:49] METRIC feat_cache_hit_ratio=0.4979
[2026-07-20T14:28:49] METRIC feat_avg_object_size_kb=192.795
[2026-07-20T14:28:49] METRIC feat_retransmission_count=3
[2026-07-20T14:28:49] METRIC true_optimal_mtu_bytes=6960
[2026-07-20T14:28:49] METRIC mlp_predicted_mtu_bytes=6999
[2026-07-20T14:28:49] METRIC mlp_confidence=0.9601
[2026-07-20T14:28:49] METRIC abs_error_bytes=39
[2026-07-20T14:28:49] METRIC update_applied=True
[2026-07-20T14:28:49] RUN_END status=OK
[2026-07-21T15:05:44] RUN_START run_id=MTU_low_lat_low_loss_132
[2026-07-21T15:05:44] PARAM condition=low_lat_low_loss
[2026-07-21T15:05:44] METRIC feat_packet_loss_rate_pct=0.3526
[2026-07-21T15:05:44] METRIC feat_throughput_mbps=7303.54
[2026-07-21T15:05:44] METRIC feat_rtt_ms=7.392
[2026-07-21T15:05:44] METRIC feat_jitter_ms=0.799
[2026-07-21T15:05:44] METRIC feat_bw_utilization_pct=18.63
[2026-07-21T15:05:44] METRIC feat_cache_hit_ratio=0.7362
[2026-07-21T15:05:44] METRIC feat_avg_object_size_kb=1.078
[2026-07-21T15:05:44] METRIC feat_retransmission_count=4
[2026-07-21T15:05:44] METRIC true_optimal_mtu_bytes=1016
[2026-07-21T15:05:44] METRIC mlp_predicted_mtu_bytes=1098
[2026-07-21T15:05:44] METRIC mlp_confidence=0.8517
[2026-07-21T15:05:44] METRIC abs_error_bytes=82
[2026-07-21T15:05:44] METRIC update_applied=True
[2026-07-21T15:05:44] RUN_END status=OK
[2026-07-21T15:08:11] RUN_START run_id=MTU_low_lat_low_loss_133
[2026-07-21T15:08:11] PARAM condition=low_lat_low_loss
[2026-07-21T15:08:11] METRIC feat_packet_loss_rate_pct=0.0218
[2026-07-21T15:08:11] METRIC feat_throughput_mbps=8404.73
[2026-07-21T15:08:11] METRIC feat_rtt_ms=5.194
[2026-07-21T15:08:11] METRIC feat_jitter_ms=0.764
[2026-07-21T15:08:11] METRIC feat_bw_utilization_pct=54.19
[2026-07-21T15:08:11] METRIC feat_cache_hit_ratio=0.909
[2026-07-21T15:08:11] METRIC feat_avg_object_size_kb=1644.851
[2026-07-21T15:08:11] METRIC feat_retransmission_count=0
[2026-07-21T15:08:11] METRIC true_optimal_mtu_bytes=8272
[2026-07-21T15:08:11] METRIC mlp_predicted_mtu_bytes=8296
[2026-07-21T15:08:11] METRIC mlp_confidence=0.9674
[2026-07-21T15:08:11] METRIC abs_error_bytes=24
[2026-07-21T15:08:11] METRIC update_applied=True
[2026-07-21T15:08:11] RUN_END status=OK
[2026-07-21T15:09:03] RUN_START run_id=MTU_low_lat_low_loss_134
[2026-07-21T15:09:03] PARAM condition=low_lat_low_loss
[2026-07-21T15:09:03] METRIC feat_packet_loss_rate_pct=0.3288
[2026-07-21T15:09:03] METRIC feat_throughput_mbps=5235.22
[2026-07-21T15:09:03] METRIC feat_rtt_ms=1.996
[2026-07-21T15:09:03] METRIC feat_jitter_ms=0.675
[2026-07-21T15:09:03] METRIC feat_bw_utilization_pct=36.38
[2026-07-21T15:09:03] METRIC feat_cache_hit_ratio=0.8499
[2026-07-21T15:09:03] METRIC feat_avg_object_size_kb=259.949
[2026-07-21T15:09:03] METRIC feat_retransmission_count=1
[2026-07-21T15:09:03] METRIC true_optimal_mtu_bytes=7280
[2026-07-21T15:09:03] METRIC mlp_predicted_mtu_bytes=7341
[2026-07-21T15:09:03] METRIC mlp_confidence=0.9522
[2026-07-21T15:09:03] METRIC abs_error_bytes=61
[2026-07-21T15:09:03] METRIC update_applied=True
[2026-07-21T15:09:03] RUN_END status=OK
[2026-07-21T15:09:56] RUN_START run_id=MTU_low_lat_low_loss_135
[2026-07-21T15:09:56] PARAM condition=low_lat_low_loss
[2026-07-21T15:09:56] METRIC feat_packet_loss_rate_pct=0.7548
[2026-07-21T15:09:56] METRIC feat_throughput_mbps=1902.5
[2026-07-21T15:09:56] METRIC feat_rtt_ms=1.82
[2026-07-21T15:09:56] METRIC feat_jitter_ms=0.864
[2026-07-21T15:09:56] METRIC feat_bw_utilization_pct=18.14
[2026-07-21T15:09:56] METRIC feat_cache_hit_ratio=0.8315
[2026-07-21T15:09:56] METRIC feat_avg_object_size_kb=290.398
[2026-07-21T15:09:56] METRIC feat_retransmission_count=5
[2026-07-21T15:09:56] METRIC true_optimal_mtu_bytes=7168
[2026-07-21T15:09:56] METRIC mlp_predicted_mtu_bytes=7151
[2026-07-21T15:09:56] METRIC mlp_confidence=0.975
[2026-07-21T15:09:56] METRIC abs_error_bytes=17
[2026-07-21T15:09:56] METRIC update_applied=True
[2026-07-21T15:09:56] RUN_END status=OK
[2026-07-21T15:14:39] RUN_START run_id=MTU_low_lat_low_loss_136
[2026-07-21T15:14:39] PARAM condition=low_lat_low_loss
[2026-07-21T15:14:39] METRIC feat_packet_loss_rate_pct=0.0468
[2026-07-21T15:14:39] METRIC feat_throughput_mbps=7480.17
[2026-07-21T15:14:39] METRIC feat_rtt_ms=3.322
[2026-07-21T15:14:39] METRIC feat_jitter_ms=0.561
[2026-07-21T15:14:39] METRIC feat_bw_utilization_pct=68.87
[2026-07-21T15:14:39] METRIC feat_cache_hit_ratio=0.6104
[2026-07-21T15:14:39] METRIC feat_avg_object_size_kb=0.123
[2026-07-21T15:14:39] METRIC feat_retransmission_count=0
[2026-07-21T15:14:39] METRIC true_optimal_mtu_bytes=1128
[2026-07-21T15:14:39] METRIC mlp_predicted_mtu_bytes=1137
[2026-07-21T15:14:39] METRIC mlp_confidence=0.9703
[2026-07-21T15:14:39] METRIC abs_error_bytes=9
[2026-07-21T15:14:39] METRIC update_applied=True
[2026-07-21T15:14:39] RUN_END status=OK
[2026-07-21T15:17:12] RUN_START run_id=MTU_low_lat_low_loss_137
[2026-07-21T15:17:12] PARAM condition=low_lat_low_loss
[2026-07-21T15:17:12] METRIC feat_packet_loss_rate_pct=0.1018
[2026-07-21T15:17:12] METRIC feat_throughput_mbps=8516.65
[2026-07-21T15:17:12] METRIC feat_rtt_ms=7.621
[2026-07-21T15:17:12] METRIC feat_jitter_ms=0.739
[2026-07-21T15:17:12] METRIC feat_bw_utilization_pct=26.16
[2026-07-21T15:17:12] METRIC feat_cache_hit_ratio=0.5881
[2026-07-21T15:17:12] METRIC feat_avg_object_size_kb=3281.253
[2026-07-21T15:17:12] METRIC feat_retransmission_count=0
[2026-07-21T15:17:12] METRIC true_optimal_mtu_bytes=8376
[2026-07-21T15:17:12] METRIC mlp_predicted_mtu_bytes=8286
[2026-07-21T15:17:12] METRIC mlp_confidence=0.9091
[2026-07-21T15:17:12] METRIC abs_error_bytes=90
[2026-07-21T15:17:12] METRIC update_applied=True
[2026-07-21T15:17:12] RUN_END status=OK
[2026-07-21T15:21:55] RUN_START run_id=MTU_low_lat_low_loss_138
[2026-07-21T15:21:55] PARAM condition=low_lat_low_loss
[2026-07-21T15:21:55] METRIC feat_packet_loss_rate_pct=0.7956
[2026-07-21T15:21:55] METRIC feat_throughput_mbps=6597.95
[2026-07-21T15:21:55] METRIC feat_rtt_ms=1.056
[2026-07-21T15:21:55] METRIC feat_jitter_ms=0.424
[2026-07-21T15:21:55] METRIC feat_bw_utilization_pct=84.55
[2026-07-21T15:21:55] METRIC feat_cache_hit_ratio=0.7305
[2026-07-21T15:21:55] METRIC feat_avg_object_size_kb=537.88
[2026-07-21T15:21:55] METRIC feat_retransmission_count=10
[2026-07-21T15:21:55] METRIC true_optimal_mtu_bytes=7296
[2026-07-21T15:21:55] METRIC mlp_predicted_mtu_bytes=7209
[2026-07-21T15:21:55] METRIC mlp_confidence=0.8654
[2026-07-21T15:21:55] METRIC abs_error_bytes=87
[2026-07-21T15:21:55] METRIC update_applied=True
[2026-07-21T15:21:55] RUN_END status=OK
[2026-07-21T15:25:14] RUN_START run_id=MTU_low_lat_low_loss_139
[2026-07-21T15:25:14] PARAM condition=low_lat_low_loss
[2026-07-21T15:25:14] METRIC feat_packet_loss_rate_pct=0.7316
[2026-07-21T15:25:14] METRIC feat_throughput_mbps=7871.22
[2026-07-21T15:25:14] METRIC feat_rtt_ms=6.475
[2026-07-21T15:25:14] METRIC feat_jitter_ms=0.306
[2026-07-21T15:25:14] METRIC feat_bw_utilization_pct=50.0
[2026-07-21T15:25:14] METRIC feat_cache_hit_ratio=0.8981
[2026-07-21T15:25:14] METRIC feat_avg_object_size_kb=0.2
[2026-07-21T15:25:14] METRIC feat_retransmission_count=3
[2026-07-21T15:25:14] METRIC true_optimal_mtu_bytes=1000
[2026-07-21T15:25:14] METRIC mlp_predicted_mtu_bytes=883
[2026-07-21T15:25:14] METRIC mlp_confidence=0.9231
[2026-07-21T15:25:14] METRIC abs_error_bytes=117
[2026-07-21T15:25:14] METRIC update_applied=True
[2026-07-21T15:25:14] RUN_END status=OK
[2026-07-21T15:29:23] RUN_START run_id=MTU_low_lat_low_loss_140
[2026-07-21T15:29:23] PARAM condition=low_lat_low_loss
[2026-07-21T15:29:23] METRIC feat_packet_loss_rate_pct=0.5668
[2026-07-21T15:29:23] METRIC feat_throughput_mbps=5943.49
[2026-07-21T15:29:23] METRIC feat_rtt_ms=7.511
[2026-07-21T15:29:23] METRIC feat_jitter_ms=0.14
[2026-07-21T15:29:23] METRIC feat_bw_utilization_pct=14.67
[2026-07-21T15:29:23] METRIC feat_cache_hit_ratio=0.6423
[2026-07-21T15:29:23] METRIC feat_avg_object_size_kb=46.606
[2026-07-21T15:29:23] METRIC feat_retransmission_count=4
[2026-07-21T15:29:23] METRIC true_optimal_mtu_bytes=4952
[2026-07-21T15:29:23] METRIC mlp_predicted_mtu_bytes=5134
[2026-07-21T15:29:23] METRIC mlp_confidence=0.805
[2026-07-21T15:29:23] METRIC abs_error_bytes=182
[2026-07-21T15:29:23] METRIC update_applied=True
[2026-07-21T15:29:23] RUN_END status=OK
[2026-07-21T15:31:23] RUN_START run_id=MTU_low_lat_low_loss_141
[2026-07-21T15:31:23] PARAM condition=low_lat_low_loss
[2026-07-21T15:31:23] METRIC feat_packet_loss_rate_pct=0.4738
[2026-07-21T15:31:23] METRIC feat_throughput_mbps=2273.62
[2026-07-21T15:31:23] METRIC feat_rtt_ms=7.198
[2026-07-21T15:31:23] METRIC feat_jitter_ms=0.242
[2026-07-21T15:31:23] METRIC feat_bw_utilization_pct=70.91
[2026-07-21T15:31:23] METRIC feat_cache_hit_ratio=0.99
[2026-07-21T15:31:23] METRIC feat_avg_object_size_kb=3.855
[2026-07-21T15:31:23] METRIC feat_retransmission_count=6
[2026-07-21T15:31:23] METRIC true_optimal_mtu_bytes=1624
[2026-07-21T15:31:23] METRIC mlp_predicted_mtu_bytes=1637
[2026-07-21T15:31:23] METRIC mlp_confidence=0.9432
[2026-07-21T15:31:23] METRIC abs_error_bytes=13
[2026-07-21T15:31:23] METRIC update_applied=True
[2026-07-21T15:31:23] RUN_END status=OK
