[2026-07-18T09:51:49] RUN_START run_id=MTU_high_lat_low_loss_147
[2026-07-18T09:51:49] PARAM condition=high_lat_low_loss
[2026-07-18T09:51:49] METRIC feat_packet_loss_rate_pct=0.0423
[2026-07-18T09:51:49] METRIC feat_throughput_mbps=3703.04
[2026-07-18T09:51:49] METRIC feat_rtt_ms=39.381
[2026-07-18T09:51:49] METRIC feat_jitter_ms=6.804
[2026-07-18T09:51:49] METRIC feat_bw_utilization_pct=11.7
[2026-07-18T09:51:49] METRIC feat_cache_hit_ratio=0.6175
[2026-07-18T09:51:49] METRIC feat_avg_object_size_kb=0.63
[2026-07-18T09:51:49] METRIC feat_retransmission_count=0
[2026-07-18T09:51:49] METRIC true_optimal_mtu_bytes=1192
[2026-07-18T09:51:49] METRIC mlp_predicted_mtu_bytes=836
[2026-07-18T09:51:49] METRIC mlp_confidence=0.6094
[2026-07-18T09:51:49] METRIC abs_error_bytes=356
[2026-07-18T09:51:49] METRIC update_applied=False
[2026-07-18T09:51:49] RUN_END status=OK
[2026-07-18T09:52:31] RUN_START run_id=MTU_high_lat_low_loss_148
[2026-07-18T09:52:31] PARAM condition=high_lat_low_loss
[2026-07-18T09:52:31] METRIC feat_packet_loss_rate_pct=0.7478
[2026-07-18T09:52:31] METRIC feat_throughput_mbps=6539.15
[2026-07-18T09:52:31] METRIC feat_rtt_ms=46.326
[2026-07-18T09:52:31] METRIC feat_jitter_ms=5.887
[2026-07-18T09:52:31] METRIC feat_bw_utilization_pct=90.09
[2026-07-18T09:52:31] METRIC feat_cache_hit_ratio=0.5917
[2026-07-18T09:52:31] METRIC feat_avg_object_size_kb=529.805
[2026-07-18T09:52:31] METRIC feat_retransmission_count=5
[2026-07-18T09:52:31] METRIC true_optimal_mtu_bytes=7512
[2026-07-18T09:52:31] METRIC mlp_predicted_mtu_bytes=7618
[2026-07-18T09:52:31] METRIC mlp_confidence=0.8637
[2026-07-18T09:52:31] METRIC abs_error_bytes=106
[2026-07-18T09:52:31] METRIC update_applied=True
[2026-07-18T09:52:31] RUN_END status=OK
[2026-07-18T09:53:09] RUN_START run_id=MTU_high_lat_low_loss_149
[2026-07-18T09:53:09] PARAM condition=high_lat_low_loss
[2026-07-18T09:53:09] METRIC feat_packet_loss_rate_pct=0.847
[2026-07-18T09:53:09] METRIC feat_throughput_mbps=3245.51
[2026-07-18T09:53:09] METRIC feat_rtt_ms=43.745
[2026-07-18T09:53:09] METRIC feat_jitter_ms=7.832
[2026-07-18T09:53:09] METRIC feat_bw_utilization_pct=43.66
[2026-07-18T09:53:09] METRIC feat_cache_hit_ratio=0.5875
[2026-07-18T09:53:09] METRIC feat_avg_object_size_kb=4693.856
[2026-07-18T09:53:09] METRIC feat_retransmission_count=7
[2026-07-18T09:53:09] METRIC true_optimal_mtu_bytes=7808
[2026-07-18T09:53:09] METRIC mlp_predicted_mtu_bytes=7603
[2026-07-18T09:53:09] METRIC mlp_confidence=0.7902
[2026-07-18T09:53:09] METRIC abs_error_bytes=205
[2026-07-18T09:53:09] METRIC update_applied=False
[2026-07-18T09:53:09] RUN_END status=OK
[2026-07-18T09:56:01] RUN_START run_id=MTU_high_lat_low_loss_150
[2026-07-18T09:56:01] PARAM condition=high_lat_low_loss
[2026-07-18T09:56:01] METRIC feat_packet_loss_rate_pct=0.1351
[2026-07-18T09:56:01] METRIC feat_throughput_mbps=5395.21
[2026-07-18T09:56:01] METRIC feat_rtt_ms=38.526
[2026-07-18T09:56:01] METRIC feat_jitter_ms=9.499
[2026-07-18T09:56:01] METRIC feat_bw_utilization_pct=19.37
[2026-07-18T09:56:01] METRIC feat_cache_hit_ratio=0.7153
[2026-07-18T09:56:01] METRIC feat_avg_object_size_kb=2038.914
[2026-07-18T09:56:01] METRIC feat_retransmission_count=0
[2026-07-18T09:56:01] METRIC true_optimal_mtu_bytes=8432
[2026-07-18T09:56:01] METRIC mlp_predicted_mtu_bytes=8289
[2026-07-18T09:56:01] METRIC mlp_confidence=0.854
[2026-07-18T09:56:01] METRIC abs_error_bytes=143
[2026-07-18T09:56:01] METRIC update_applied=True
[2026-07-18T09:56:01] RUN_END status=OK
[2026-07-19T09:24:51] RUN_START run_id=MTU_low_lat_low_loss_076
[2026-07-19T09:24:51] PARAM condition=low_lat_low_loss
[2026-07-19T09:24:51] METRIC feat_packet_loss_rate_pct=0.3216
[2026-07-19T09:24:51] METRIC feat_throughput_mbps=5003.06
[2026-07-19T09:24:51] METRIC feat_rtt_ms=6.779
[2026-07-19T09:24:51] METRIC feat_jitter_ms=0.664
[2026-07-19T09:24:51] METRIC feat_bw_utilization_pct=38.11
[2026-07-19T09:24:51] METRIC feat_cache_hit_ratio=0.625
[2026-07-19T09:24:51] METRIC feat_avg_object_size_kb=0.748
[2026-07-19T09:24:51] METRIC feat_retransmission_count=1
[2026-07-19T09:24:51] METRIC true_optimal_mtu_bytes=1128
[2026-07-19T09:24:51] METRIC mlp_predicted_mtu_bytes=1011
[2026-07-19T09:24:51] METRIC mlp_confidence=0.8362
[2026-07-19T09:24:51] METRIC abs_error_bytes=117
[2026-07-19T09:24:51] METRIC update_applied=True
[2026-07-19T09:24:51] RUN_END status=OK
[2026-07-19T09:28:52] RUN_START run_id=MTU_low_lat_low_loss_077
[2026-07-19T09:28:52] PARAM condition=low_lat_low_loss
[2026-07-19T09:28:52] METRIC feat_packet_loss_rate_pct=0.1467
[2026-07-19T09:28:52] METRIC feat_throughput_mbps=809.04
[2026-07-19T09:28:52] METRIC feat_rtt_ms=2.073
[2026-07-19T09:28:52] METRIC feat_jitter_ms=0.105
[2026-07-19T09:28:52] METRIC feat_bw_utilization_pct=16.9
[2026-07-19T09:28:52] METRIC feat_cache_hit_ratio=0.5231
[2026-07-19T09:28:52] METRIC feat_avg_object_size_kb=1388.045
[2026-07-19T09:28:52] METRIC feat_retransmission_count=0
[2026-07-19T09:28:52] METRIC true_optimal_mtu_bytes=8296
[2026-07-19T09:28:52] METRIC mlp_predicted_mtu_bytes=8217
[2026-07-19T09:28:52] METRIC mlp_confidence=0.9095
[2026-07-19T09:28:52] METRIC abs_error_bytes=79
[2026-07-19T09:28:52] METRIC update_applied=True
[2026-07-19T09:28:52] RUN_END status=OK
[2026-07-19T09:30:58] RUN_START run_id=MTU_low_lat_low_loss_078
[2026-07-19T09:30:58] PARAM condition=low_lat_low_loss
[2026-07-19T09:30:58] METRIC feat_packet_loss_rate_pct=0.7331
[2026-07-19T09:30:58] METRIC feat_throughput_mbps=5811.49
[2026-07-19T09:30:58] METRIC feat_rtt_ms=7.768
[2026-07-19T09:30:58] METRIC feat_jitter_ms=0.628
[2026-07-19T09:30:58] METRIC feat_bw_utilization_pct=47.72
[2026-07-19T09:30:58] METRIC feat_cache_hit_ratio=0.724
[2026-07-19T09:30:58] METRIC feat_avg_object_size_kb=2.711
[2026-07-19T09:30:58] METRIC feat_retransmission_count=3
[2026-07-19T09:30:58] METRIC true_optimal_mtu_bytes=1304
[2026-07-19T09:30:58] METRIC mlp_predicted_mtu_bytes=1323
[2026-07-19T09:30:58] METRIC mlp_confidence=0.9319
[2026-07-19T09:30:58] METRIC abs_error_bytes=19
[2026-07-19T09:30:58] METRIC update_applied=True
[2026-07-19T09:30:58] RUN_END status=OK
[2026-07-19T09:36:05] RUN_START run_id=MTU_low_lat_low_loss_079
[2026-07-19T09:36:05] PARAM condition=low_lat_low_loss
[2026-07-19T09:36:05] METRIC feat_packet_loss_rate_pct=0.1793
[2026-07-19T09:36:05] METRIC feat_throughput_mbps=1470.76
[2026-07-19T09:36:05] METRIC feat_rtt_ms=7.217
[2026-07-19T09:36:05] METRIC feat_jitter_ms=0.109
[2026-07-19T09:36:05] METRIC feat_bw_utilization_pct=71.83
[2026-07-19T09:36:05] METRIC feat_cache_hit_ratio=0.9301
[2026-07-19T09:36:05] METRIC feat_avg_object_size_kb=0.117
[2026-07-19T09:36:05] METRIC feat_retransmission_count=1
[2026-07-19T09:36:05] METRIC true_optimal_mtu_bytes=1000
[2026-07-19T09:36:05] METRIC mlp_predicted_mtu_bytes=938
[2026-07-19T09:36:05] METRIC mlp_confidence=0.9274
[2026-07-19T09:36:05] METRIC abs_error_bytes=62
[2026-07-19T09:36:05] METRIC update_applied=True
[2026-07-19T09:36:05] RUN_END status=OK
[2026-07-19T09:37:44] RUN_START run_id=MTU_low_lat_low_loss_080
[2026-07-19T09:37:44] PARAM condition=low_lat_low_loss
[2026-07-19T09:37:44] METRIC feat_packet_loss_rate_pct=0.0343
[2026-07-19T09:37:44] METRIC feat_throughput_mbps=1412.32
[2026-07-19T09:37:44] METRIC feat_rtt_ms=4.711
[2026-07-19T09:37:44] METRIC feat_jitter_ms=0.274
[2026-07-19T09:37:44] METRIC feat_bw_utilization_pct=66.52
[2026-07-19T09:37:44] METRIC feat_cache_hit_ratio=0.7706
[2026-07-19T09:37:44] METRIC feat_avg_object_size_kb=1180.828
[2026-07-19T09:37:44] METRIC feat_retransmission_count=0
[2026-07-19T09:37:44] METRIC true_optimal_mtu_bytes=8232
[2026-07-19T09:37:44] METRIC mlp_predicted_mtu_bytes=8166
[2026-07-19T09:37:44] METRIC mlp_confidence=0.8786
[2026-07-19T09:37:44] METRIC abs_error_bytes=66
[2026-07-19T09:37:44] METRIC update_applied=True
[2026-07-19T09:37:44] RUN_END status=OK
[2026-07-19T09:41:58] RUN_START run_id=MTU_low_lat_low_loss_081
[2026-07-19T09:41:58] PARAM condition=low_lat_low_loss
[2026-07-19T09:41:58] METRIC feat_packet_loss_rate_pct=0.6596
[2026-07-19T09:41:58] METRIC feat_throughput_mbps=1568.14
[2026-07-19T09:41:58] METRIC feat_rtt_ms=5.06
[2026-07-19T09:41:58] METRIC feat_jitter_ms=0.747
[2026-07-19T09:41:58] METRIC feat_bw_utilization_pct=65.91
[2026-07-19T09:41:58] METRIC feat_cache_hit_ratio=0.5806
[2026-07-19T09:41:58] METRIC feat_avg_object_size_kb=211.257
[2026-07-19T09:41:58] METRIC feat_retransmission_count=4
[2026-07-19T09:41:58] METRIC true_optimal_mtu_bytes=6984
[2026-07-19T09:41:58] METRIC mlp_predicted_mtu_bytes=7117
[2026-07-19T09:41:58] METRIC mlp_confidence=0.8531
[2026-07-19T09:41:58] METRIC abs_error_bytes=133
[2026-07-19T09:41:58] METRIC update_applied=True
[2026-07-19T09:41:58] RUN_END status=OK
[2026-07-19T09:43:04] RUN_START run_id=MTU_low_lat_low_loss_082
[2026-07-19T09:43:04] PARAM condition=low_lat_low_loss
[2026-07-19T09:43:04] METRIC feat_packet_loss_rate_pct=0.3569
[2026-07-19T09:43:04] METRIC feat_throughput_mbps=5062.54
[2026-07-19T09:43:04] METRIC feat_rtt_ms=7.498
[2026-07-19T09:43:04] METRIC feat_jitter_ms=0.887
[2026-07-19T09:43:04] METRIC feat_bw_utilization_pct=16.33
[2026-07-19T09:43:04] METRIC feat_cache_hit_ratio=0.8602
[2026-07-19T09:43:04] METRIC feat_avg_object_size_kb=149.555
[2026-07-19T09:43:04] METRIC feat_retransmission_count=5
[2026-07-19T09:43:04] METRIC true_optimal_mtu_bytes=6576
[2026-07-19T09:43:04] METRIC mlp_predicted_mtu_bytes=6667
[2026-07-19T09:43:04] METRIC mlp_confidence=0.9379
[2026-07-19T09:43:04] METRIC abs_error_bytes=91
[2026-07-19T09:43:04] METRIC update_applied=True
[2026-07-19T09:43:04] RUN_END status=OK
