[2026-07-17T22:16:59] RUN_START run_id=MTU_low_lat_low_loss_053
[2026-07-17T22:16:59] PARAM condition=low_lat_low_loss
[2026-07-17T22:16:59] METRIC feat_packet_loss_rate_pct=0.7815
[2026-07-17T22:16:59] METRIC feat_throughput_mbps=1806.53
[2026-07-17T22:16:59] METRIC feat_rtt_ms=6.028
[2026-07-17T22:16:59] METRIC feat_jitter_ms=0.16
[2026-07-17T22:16:59] METRIC feat_bw_utilization_pct=80.62
[2026-07-17T22:16:59] METRIC feat_cache_hit_ratio=0.6096
[2026-07-17T22:16:59] METRIC feat_avg_object_size_kb=195.969
[2026-07-17T22:16:59] METRIC feat_retransmission_count=8
[2026-07-17T22:16:59] METRIC true_optimal_mtu_bytes=6728
[2026-07-17T22:16:59] METRIC mlp_predicted_mtu_bytes=6863
[2026-07-17T22:16:59] METRIC mlp_confidence=0.8705
[2026-07-17T22:16:59] METRIC abs_error_bytes=135
[2026-07-17T22:16:59] METRIC update_applied=True
[2026-07-17T22:16:59] RUN_END status=OK
[2026-07-17T22:18:18] RUN_START run_id=MTU_low_lat_low_loss_054
[2026-07-17T22:18:18] PARAM condition=low_lat_low_loss
[2026-07-17T22:18:18] METRIC feat_packet_loss_rate_pct=0.2171
[2026-07-17T22:18:18] METRIC feat_throughput_mbps=6455.5
[2026-07-17T22:18:18] METRIC feat_rtt_ms=7.893
[2026-07-17T22:18:18] METRIC feat_jitter_ms=0.667
[2026-07-17T22:18:18] METRIC feat_bw_utilization_pct=86.81
[2026-07-17T22:18:18] METRIC feat_cache_hit_ratio=0.7898
[2026-07-17T22:18:18] METRIC feat_avg_object_size_kb=0.111
[2026-07-17T22:18:18] METRIC feat_retransmission_count=0
[2026-07-17T22:18:18] METRIC true_optimal_mtu_bytes=1000
[2026-07-17T22:18:18] METRIC mlp_predicted_mtu_bytes=1009
[2026-07-17T22:18:18] METRIC mlp_confidence=0.9886
[2026-07-17T22:18:18] METRIC abs_error_bytes=9
[2026-07-17T22:18:18] METRIC update_applied=True
[2026-07-17T22:18:18] RUN_END status=OK
[2026-07-17T22:20:30] RUN_START run_id=MTU_low_lat_low_loss_055
[2026-07-17T22:20:30] PARAM condition=low_lat_low_loss
[2026-07-17T22:20:30] METRIC feat_packet_loss_rate_pct=0.6261
[2026-07-17T22:20:30] METRIC feat_throughput_mbps=5152.97
[2026-07-17T22:20:30] METRIC feat_rtt_ms=6.817
[2026-07-17T22:20:30] METRIC feat_jitter_ms=0.815
[2026-07-17T22:20:30] METRIC feat_bw_utilization_pct=52.98
[2026-07-17T22:20:30] METRIC feat_cache_hit_ratio=0.5957
[2026-07-17T22:20:30] METRIC feat_avg_object_size_kb=250.434
[2026-07-17T22:20:30] METRIC feat_retransmission_count=3
[2026-07-17T22:20:30] METRIC true_optimal_mtu_bytes=7288
[2026-07-17T22:20:30] METRIC mlp_predicted_mtu_bytes=7326
[2026-07-17T22:20:30] METRIC mlp_confidence=0.9228
[2026-07-17T22:20:30] METRIC abs_error_bytes=38
[2026-07-17T22:20:30] METRIC update_applied=True
[2026-07-17T22:20:30] RUN_END status=OK
[2026-07-17T22:23:07] RUN_START run_id=MTU_low_lat_low_loss_056
[2026-07-17T22:23:07] PARAM condition=low_lat_low_loss
[2026-07-17T22:23:07] METRIC feat_packet_loss_rate_pct=0.7843
[2026-07-17T22:23:07] METRIC feat_throughput_mbps=2005.15
[2026-07-17T22:23:07] METRIC feat_rtt_ms=3.072
[2026-07-17T22:23:07] METRIC feat_jitter_ms=0.674
[2026-07-17T22:23:07] METRIC feat_bw_utilization_pct=86.58
[2026-07-17T22:23:07] METRIC feat_cache_hit_ratio=0.7792
[2026-07-17T22:23:07] METRIC feat_avg_object_size_kb=65.16
[2026-07-17T22:23:07] METRIC feat_retransmission_count=3
[2026-07-17T22:23:07] METRIC true_optimal_mtu_bytes=5440
[2026-07-17T22:23:07] METRIC mlp_predicted_mtu_bytes=5629
[2026-07-17T22:23:07] METRIC mlp_confidence=0.7909
[2026-07-17T22:23:07] METRIC abs_error_bytes=189
[2026-07-17T22:23:07] METRIC update_applied=False
[2026-07-17T22:23:07] RUN_END status=OK
[2026-07-17T22:27:15] RUN_START run_id=MTU_low_lat_low_loss_057
[2026-07-17T22:27:15] PARAM condition=low_lat_low_loss
[2026-07-17T22:27:15] METRIC feat_packet_loss_rate_pct=0.4268
[2026-07-17T22:27:15] METRIC feat_throughput_mbps=1515.64
[2026-07-17T22:27:15] METRIC feat_rtt_ms=4.814
[2026-07-17T22:27:15] METRIC feat_jitter_ms=0.332
[2026-07-17T22:27:15] METRIC feat_bw_utilization_pct=71.86
[2026-07-17T22:27:15] METRIC feat_cache_hit_ratio=0.5134
[2026-07-17T22:27:15] METRIC feat_avg_object_size_kb=0.289
[2026-07-17T22:27:15] METRIC feat_retransmission_count=4
[2026-07-17T22:27:15] METRIC true_optimal_mtu_bytes=1104
[2026-07-17T22:27:15] METRIC mlp_predicted_mtu_bytes=1093
[2026-07-17T22:27:15] METRIC mlp_confidence=0.99
[2026-07-17T22:27:15] METRIC abs_error_bytes=11
[2026-07-17T22:27:15] METRIC update_applied=True
[2026-07-17T22:27:15] RUN_END status=OK
[2026-07-17T22:29:27] RUN_START run_id=MTU_low_lat_low_loss_058
[2026-07-17T22:29:27] PARAM condition=low_lat_low_loss
[2026-07-17T22:29:27] METRIC feat_packet_loss_rate_pct=0.0318
[2026-07-17T22:29:27] METRIC feat_throughput_mbps=2635.18
[2026-07-17T22:29:27] METRIC feat_rtt_ms=3.994
[2026-07-17T22:29:27] METRIC feat_jitter_ms=0.725
[2026-07-17T22:29:27] METRIC feat_bw_utilization_pct=47.68
[2026-07-17T22:29:27] METRIC feat_cache_hit_ratio=0.6013
[2026-07-17T22:29:27] METRIC feat_avg_object_size_kb=0.124
[2026-07-17T22:29:27] METRIC feat_retransmission_count=1
[2026-07-17T22:29:27] METRIC true_optimal_mtu_bytes=1080
[2026-07-17T22:29:27] METRIC mlp_predicted_mtu_bytes=913
[2026-07-17T22:29:27] METRIC mlp_confidence=0.8231
[2026-07-17T22:29:27] METRIC abs_error_bytes=167
[2026-07-17T22:29:27] METRIC update_applied=True
[2026-07-17T22:29:27] RUN_END status=OK
[2026-07-17T22:31:35] RUN_START run_id=MTU_low_lat_low_loss_059
[2026-07-17T22:31:35] PARAM condition=low_lat_low_loss
[2026-07-17T22:31:35] METRIC feat_packet_loss_rate_pct=0.3014
[2026-07-17T22:31:35] METRIC feat_throughput_mbps=2926.43
[2026-07-17T22:31:35] METRIC feat_rtt_ms=2.838
[2026-07-17T22:31:35] METRIC feat_jitter_ms=0.066
[2026-07-17T22:31:35] METRIC feat_bw_utilization_pct=88.95
[2026-07-17T22:31:35] METRIC feat_cache_hit_ratio=0.6589
[2026-07-17T22:31:35] METRIC feat_avg_object_size_kb=0.187
[2026-07-17T22:31:35] METRIC feat_retransmission_count=2
[2026-07-17T22:31:35] METRIC true_optimal_mtu_bytes=1048
[2026-07-17T22:31:35] METRIC mlp_predicted_mtu_bytes=1093
[2026-07-17T22:31:35] METRIC mlp_confidence=0.9876
[2026-07-17T22:31:35] METRIC abs_error_bytes=45
[2026-07-17T22:31:35] METRIC update_applied=True
[2026-07-17T22:31:35] RUN_END status=OK
[2026-07-18T05:34:51] RUN_START run_id=MTU_low_lat_low_loss_060
[2026-07-18T05:34:51] PARAM condition=low_lat_low_loss
[2026-07-18T05:34:51] METRIC feat_packet_loss_rate_pct=0.3875
[2026-07-18T05:34:51] METRIC feat_throughput_mbps=7736.86
[2026-07-18T05:34:51] METRIC feat_rtt_ms=2.881
[2026-07-18T05:34:51] METRIC feat_jitter_ms=0.143
[2026-07-18T05:34:51] METRIC feat_bw_utilization_pct=32.68
[2026-07-18T05:34:51] METRIC feat_cache_hit_ratio=0.7874
[2026-07-18T05:34:51] METRIC feat_avg_object_size_kb=2.571
[2026-07-18T05:34:51] METRIC feat_retransmission_count=0
[2026-07-18T05:34:51] METRIC true_optimal_mtu_bytes=1448
[2026-07-18T05:34:51] METRIC mlp_predicted_mtu_bytes=1319
[2026-07-18T05:34:51] METRIC mlp_confidence=0.8196
[2026-07-18T05:34:51] METRIC abs_error_bytes=129
[2026-07-18T05:34:51] METRIC update_applied=True
[2026-07-18T05:34:51] RUN_END status=OK
[2026-07-18T05:38:59] RUN_START run_id=MTU_low_lat_low_loss_061
[2026-07-18T05:38:59] PARAM condition=low_lat_low_loss
[2026-07-18T05:38:59] METRIC feat_packet_loss_rate_pct=0.2965
[2026-07-18T05:38:59] METRIC feat_throughput_mbps=1675.91
[2026-07-18T05:38:59] METRIC feat_rtt_ms=1.562
[2026-07-18T05:38:59] METRIC feat_jitter_ms=0.812
[2026-07-18T05:38:59] METRIC feat_bw_utilization_pct=37.47
[2026-07-18T05:38:59] METRIC feat_cache_hit_ratio=0.549
[2026-07-18T05:38:59] METRIC feat_avg_object_size_kb=4.222
[2026-07-18T05:38:59] METRIC feat_retransmission_count=4
[2026-07-18T05:38:59] METRIC true_optimal_mtu_bytes=1664
[2026-07-18T05:38:59] METRIC mlp_predicted_mtu_bytes=1823
[2026-07-18T05:38:59] METRIC mlp_confidence=0.8089
[2026-07-18T05:38:59] METRIC abs_error_bytes=159
[2026-07-18T05:38:59] METRIC update_applied=True
[2026-07-18T05:38:59] RUN_END status=OK
[2026-07-18T05:42:23] RUN_START run_id=MTU_low_lat_low_loss_062
[2026-07-18T05:42:23] PARAM condition=low_lat_low_loss
[2026-07-18T05:42:23] METRIC feat_packet_loss_rate_pct=0.2975
[2026-07-18T05:42:23] METRIC feat_throughput_mbps=6544.37
[2026-07-18T05:42:23] METRIC feat_rtt_ms=6.451
[2026-07-18T05:42:23] METRIC feat_jitter_ms=0.782
[2026-07-18T05:42:23] METRIC feat_bw_utilization_pct=71.11
[2026-07-18T05:42:23] METRIC feat_cache_hit_ratio=0.7412
[2026-07-18T05:42:23] METRIC feat_avg_object_size_kb=3.606
[2026-07-18T05:42:23] METRIC feat_retransmission_count=2
[2026-07-18T05:42:23] METRIC true_optimal_mtu_bytes=1568
[2026-07-18T05:42:23] METRIC mlp_predicted_mtu_bytes=1479
[2026-07-18T05:42:23] METRIC mlp_confidence=0.909
[2026-07-18T05:42:23] METRIC abs_error_bytes=89
[2026-07-18T05:42:23] METRIC update_applied=True
[2026-07-18T05:42:23] RUN_END status=OK
[2026-07-18T05:44:07] RUN_START run_id=MTU_low_lat_low_loss_063
[2026-07-18T05:44:07] PARAM condition=low_lat_low_loss
[2026-07-18T05:44:07] METRIC feat_packet_loss_rate_pct=0.4161
[2026-07-18T05:44:07] METRIC feat_throughput_mbps=89.57
[2026-07-18T05:44:07] METRIC feat_rtt_ms=4.973
[2026-07-18T05:44:07] METRIC feat_jitter_ms=0.845
[2026-07-18T05:44:07] METRIC feat_bw_utilization_pct=44.64
[2026-07-18T05:44:07] METRIC feat_cache_hit_ratio=0.7767
[2026-07-18T05:44:07] METRIC feat_avg_object_size_kb=968.661
[2026-07-18T05:44:07] METRIC feat_retransmission_count=2
[2026-07-18T05:44:07] METRIC true_optimal_mtu_bytes=7856
[2026-07-18T05:44:07] METRIC mlp_predicted_mtu_bytes=7857
[2026-07-18T05:44:07] METRIC mlp_confidence=0.99
[2026-07-18T05:44:07] METRIC abs_error_bytes=1
[2026-07-18T05:44:07] METRIC update_applied=True
[2026-07-18T05:44:07] RUN_END status=OK
[2026-07-18T05:48:19] RUN_START run_id=MTU_low_lat_low_loss_064
[2026-07-18T05:48:19] PARAM condition=low_lat_low_loss
[2026-07-18T05:48:19] METRIC feat_packet_loss_rate_pct=0.0449
[2026-07-18T05:48:19] METRIC feat_throughput_mbps=768.65
[2026-07-18T05:48:19] METRIC feat_rtt_ms=2.94
[2026-07-18T05:48:19] METRIC feat_jitter_ms=0.627
[2026-07-18T05:48:19] METRIC feat_bw_utilization_pct=25.52
[2026-07-18T05:48:19] METRIC feat_cache_hit_ratio=0.8283
[2026-07-18T05:48:19] METRIC feat_avg_object_size_kb=8.217
[2026-07-18T05:48:19] METRIC feat_retransmission_count=0
[2026-07-18T05:48:19] METRIC true_optimal_mtu_bytes=2288
[2026-07-18T05:48:19] METRIC mlp_predicted_mtu_bytes=2317
[2026-07-18T05:48:19] METRIC mlp_confidence=0.99
[2026-07-18T05:48:19] METRIC abs_error_bytes=29
[2026-07-18T05:48:19] METRIC update_applied=True
[2026-07-18T05:48:19] RUN_END status=OK
