[2026-07-04T12:06:43] RUN_START run_id=MTU_low_lat_high_loss_030
[2026-07-04T12:06:43] PARAM condition=low_lat_high_loss
[2026-07-04T12:06:43] METRIC feat_packet_loss_rate_pct=3.3227
[2026-07-04T12:06:43] METRIC feat_throughput_mbps=7764.62
[2026-07-04T12:06:43] METRIC feat_rtt_ms=9.376
[2026-07-04T12:06:43] METRIC feat_jitter_ms=1.887
[2026-07-04T12:06:43] METRIC feat_bw_utilization_pct=83.23
[2026-07-04T12:06:43] METRIC feat_cache_hit_ratio=0.6118
[2026-07-04T12:06:43] METRIC feat_avg_object_size_kb=6.088
[2026-07-04T12:06:43] METRIC feat_retransmission_count=27
[2026-07-04T12:06:43] METRIC true_optimal_mtu_bytes=1392
[2026-07-04T12:06:43] METRIC mlp_predicted_mtu_bytes=1491
[2026-07-04T12:06:43] METRIC mlp_confidence=0.9096
[2026-07-04T12:06:43] METRIC abs_error_bytes=99
[2026-07-04T12:06:43] METRIC update_applied=True
[2026-07-04T12:06:43] RUN_END status=OK
[2026-07-04T12:08:40] RUN_START run_id=MTU_low_lat_high_loss_031
[2026-07-04T12:08:40] PARAM condition=low_lat_high_loss
[2026-07-04T12:08:40] METRIC feat_packet_loss_rate_pct=3.8648
[2026-07-04T12:08:40] METRIC feat_throughput_mbps=7045.67
[2026-07-04T12:08:40] METRIC feat_rtt_ms=8.026
[2026-07-04T12:08:40] METRIC feat_jitter_ms=0.505
[2026-07-04T12:08:40] METRIC feat_bw_utilization_pct=78.86
[2026-07-04T12:08:40] METRIC feat_cache_hit_ratio=0.8562
[2026-07-04T12:08:40] METRIC feat_avg_object_size_kb=4588.79
[2026-07-04T12:08:40] METRIC feat_retransmission_count=23
[2026-07-04T12:08:40] METRIC true_optimal_mtu_bytes=5824
[2026-07-04T12:08:40] METRIC mlp_predicted_mtu_bytes=5766
[2026-07-04T12:08:40] METRIC mlp_confidence=0.9625
[2026-07-04T12:08:40] METRIC abs_error_bytes=58
[2026-07-04T12:08:40] METRIC update_applied=True
[2026-07-04T12:08:40] RUN_END status=OK
[2026-07-04T12:10:55] RUN_START run_id=03_mtu_prediction_features_DISCARDED_0002
[2026-07-04T12:10:55] RUN_ABORTED reason=scaler_mismatch: StandardScaler params file stale relative to loaded .tflite model, run aborted
[2026-07-04T12:11:33] RUN_START run_id=MTU_low_lat_high_loss_032
[2026-07-04T12:11:33] PARAM condition=low_lat_high_loss
[2026-07-04T12:11:33] METRIC feat_packet_loss_rate_pct=4.1022
[2026-07-04T12:11:33] METRIC feat_throughput_mbps=7739.87
[2026-07-04T12:11:33] METRIC feat_rtt_ms=5.256
[2026-07-04T12:11:33] METRIC feat_jitter_ms=1.171
[2026-07-04T12:11:33] METRIC feat_bw_utilization_pct=92.8
[2026-07-04T12:11:33] METRIC feat_cache_hit_ratio=0.751
[2026-07-04T12:11:33] METRIC feat_avg_object_size_kb=3725.432
[2026-07-04T12:11:33] METRIC feat_retransmission_count=26
[2026-07-04T12:11:33] METRIC true_optimal_mtu_bytes=5656
[2026-07-04T12:11:33] METRIC mlp_predicted_mtu_bytes=5854
[2026-07-04T12:11:33] METRIC mlp_confidence=0.809
[2026-07-04T12:11:33] METRIC abs_error_bytes=198
[2026-07-04T12:11:33] METRIC update_applied=True
[2026-07-04T12:11:33] RUN_END status=OK
[2026-07-04T12:12:19] RUN_START run_id=MTU_low_lat_high_loss_033
[2026-07-04T12:12:19] PARAM condition=low_lat_high_loss
[2026-07-04T12:12:19] METRIC feat_packet_loss_rate_pct=5.7427
[2026-07-04T12:12:19] METRIC feat_throughput_mbps=3434.21
[2026-07-04T12:12:19] METRIC feat_rtt_ms=3.53
[2026-07-04T12:12:19] METRIC feat_jitter_ms=1.406
[2026-07-04T12:12:19] METRIC feat_bw_utilization_pct=11.35
[2026-07-04T12:12:19] METRIC feat_cache_hit_ratio=0.4671
[2026-07-04T12:12:19] METRIC feat_avg_object_size_kb=258.735
[2026-07-04T12:12:19] METRIC feat_retransmission_count=32
[2026-07-04T12:12:19] METRIC true_optimal_mtu_bytes=4840
[2026-07-04T12:12:19] METRIC mlp_predicted_mtu_bytes=4835
[2026-07-04T12:12:19] METRIC mlp_confidence=0.99
[2026-07-04T12:12:19] METRIC abs_error_bytes=5
[2026-07-04T12:12:19] METRIC update_applied=True
[2026-07-04T12:12:19] RUN_END status=OK
[2026-07-06T11:00:00] RUN_START run_id=MTU_high_lat_high_loss_001
[2026-07-06T11:00:00] PARAM condition=high_lat_high_loss
[2026-07-06T11:00:00] METRIC feat_packet_loss_rate_pct=6.1439
[2026-07-06T11:00:00] METRIC feat_throughput_mbps=2592.7
[2026-07-06T11:00:00] METRIC feat_rtt_ms=57.413
[2026-07-06T11:00:00] METRIC feat_jitter_ms=7.758
[2026-07-06T11:00:00] METRIC feat_bw_utilization_pct=20.49
[2026-07-06T11:00:00] METRIC feat_cache_hit_ratio=0.5201
[2026-07-06T11:00:00] METRIC feat_avg_object_size_kb=0.36
[2026-07-06T11:00:00] METRIC feat_retransmission_count=49
[2026-07-06T11:00:00] METRIC true_optimal_mtu_bytes=1000
[2026-07-06T11:00:00] METRIC mlp_predicted_mtu_bytes=704
[2026-07-06T11:00:00] METRIC mlp_confidence=0.6446
[2026-07-06T11:00:00] METRIC abs_error_bytes=296
[2026-07-06T11:00:00] METRIC update_applied=False
[2026-07-06T11:00:00] RUN_END status=OK
[2026-07-06T11:01:05] RUN_START run_id=MTU_high_lat_high_loss_002
[2026-07-06T11:01:05] PARAM condition=high_lat_high_loss
[2026-07-06T11:01:05] METRIC feat_packet_loss_rate_pct=6.2741
[2026-07-06T11:01:05] METRIC feat_throughput_mbps=1562.67
[2026-07-06T11:01:05] METRIC feat_rtt_ms=43.552
[2026-07-06T11:01:05] METRIC feat_jitter_ms=10.84
[2026-07-06T11:01:05] METRIC feat_bw_utilization_pct=21.55
[2026-07-06T11:01:05] METRIC feat_cache_hit_ratio=0.6696
[2026-07-06T11:01:05] METRIC feat_avg_object_size_kb=1319.888
[2026-07-06T11:01:05] METRIC feat_retransmission_count=30
[2026-07-06T11:01:05] METRIC true_optimal_mtu_bytes=5248
[2026-07-06T11:01:05] METRIC mlp_predicted_mtu_bytes=5290
[2026-07-06T11:01:05] METRIC mlp_confidence=0.9516
[2026-07-06T11:01:05] METRIC abs_error_bytes=42
[2026-07-06T11:01:05] METRIC update_applied=True
[2026-07-06T11:01:05] RUN_END status=OK
[2026-07-06T11:05:56] RUN_START run_id=MTU_high_lat_high_loss_003
[2026-07-06T11:05:56] PARAM condition=high_lat_high_loss
[2026-07-06T11:05:56] METRIC feat_packet_loss_rate_pct=3.8494
[2026-07-06T11:05:56] METRIC feat_throughput_mbps=6927.56
[2026-07-06T11:05:56] METRIC feat_rtt_ms=51.134
[2026-07-06T11:05:56] METRIC feat_jitter_ms=9.671
[2026-07-06T11:05:56] METRIC feat_bw_utilization_pct=30.51
[2026-07-06T11:05:56] METRIC feat_cache_hit_ratio=0.7531
[2026-07-06T11:05:56] METRIC feat_avg_object_size_kb=5.929
[2026-07-06T11:05:56] METRIC feat_retransmission_count=26
[2026-07-06T11:05:56] METRIC true_optimal_mtu_bytes=1392
[2026-07-06T11:05:56] METRIC mlp_predicted_mtu_bytes=1425
[2026-07-06T11:05:56] METRIC mlp_confidence=0.9543
[2026-07-06T11:05:56] METRIC abs_error_bytes=33
[2026-07-06T11:05:56] METRIC update_applied=True
[2026-07-06T11:05:56] RUN_END status=OK
[2026-07-06T11:07:15] RUN_START run_id=MTU_high_lat_high_loss_004
[2026-07-06T11:07:15] PARAM condition=high_lat_high_loss
[2026-07-06T11:07:15] METRIC feat_packet_loss_rate_pct=3.8324
[2026-07-06T11:07:15] METRIC feat_throughput_mbps=6309.38
[2026-07-06T11:07:15] METRIC feat_rtt_ms=38.598
[2026-07-06T11:07:15] METRIC feat_jitter_ms=9.02
[2026-07-06T11:07:15] METRIC feat_bw_utilization_pct=83.03
[2026-07-06T11:07:15] METRIC feat_cache_hit_ratio=0.4476
[2026-07-06T11:07:15] METRIC feat_avg_object_size_kb=2091.636
[2026-07-06T11:07:15] METRIC feat_retransmission_count=23
[2026-07-06T11:07:15] METRIC true_optimal_mtu_bytes=5640
[2026-07-06T11:07:15] METRIC mlp_predicted_mtu_bytes=5565
[2026-07-06T11:07:15] METRIC mlp_confidence=0.9868
[2026-07-06T11:07:15] METRIC abs_error_bytes=75
[2026-07-06T11:07:15] METRIC update_applied=True
[2026-07-06T11:07:15] RUN_END status=OK
[2026-07-06T11:09:25] RUN_START run_id=MTU_high_lat_high_loss_005
[2026-07-06T11:09:25] PARAM condition=high_lat_high_loss
[2026-07-06T11:09:25] METRIC feat_packet_loss_rate_pct=5.0379
[2026-07-06T11:09:25] METRIC feat_throughput_mbps=7304.17
[2026-07-06T11:09:25] METRIC feat_rtt_ms=46.795
[2026-07-06T11:09:25] METRIC feat_jitter_ms=7.811
[2026-07-06T11:09:25] METRIC feat_bw_utilization_pct=54.75
[2026-07-06T11:09:25] METRIC feat_cache_hit_ratio=0.8509
[2026-07-06T11:09:25] METRIC feat_avg_object_size_kb=0.691
[2026-07-06T11:09:25] METRIC feat_retransmission_count=29
[2026-07-06T11:09:25] METRIC true_optimal_mtu_bytes=1000
[2026-07-06T11:09:25] METRIC mlp_predicted_mtu_bytes=951
[2026-07-06T11:09:25] METRIC mlp_confidence=0.9598
[2026-07-06T11:09:25] METRIC abs_error_bytes=49
[2026-07-06T11:09:25] METRIC update_applied=True
[2026-07-06T11:09:25] RUN_END status=OK
[2026-07-06T11:10:43] RUN_START run_id=MTU_high_lat_high_loss_006
[2026-07-06T11:10:43] PARAM condition=high_lat_high_loss
[2026-07-06T11:10:43] METRIC feat_packet_loss_rate_pct=4.3413
[2026-07-06T11:10:43] METRIC feat_throughput_mbps=2551.11
[2026-07-06T11:10:43] METRIC feat_rtt_ms=57.366
[2026-07-06T11:10:43] METRIC feat_jitter_ms=9.719
[2026-07-06T11:10:43] METRIC feat_bw_utilization_pct=75.6
[2026-07-06T11:10:43] METRIC feat_cache_hit_ratio=0.6406
[2026-07-06T11:10:43] METRIC feat_avg_object_size_kb=0.253
[2026-07-06T11:10:43] METRIC feat_retransmission_count=15
[2026-07-06T11:10:43] METRIC true_optimal_mtu_bytes=1000
[2026-07-06T11:10:43] METRIC mlp_predicted_mtu_bytes=1204
[2026-07-06T11:10:43] METRIC mlp_confidence=0.7433
[2026-07-06T11:10:43] METRIC abs_error_bytes=204
[2026-07-06T11:10:43] METRIC update_applied=False
[2026-07-06T11:10:43] RUN_END status=OK
[2026-07-06T11:12:49] RUN_START run_id=MTU_high_lat_high_loss_007
[2026-07-06T11:12:49] PARAM condition=high_lat_high_loss
[2026-07-06T11:12:49] METRIC feat_packet_loss_rate_pct=5.9347
[2026-07-06T11:12:49] METRIC feat_throughput_mbps=3664.4
[2026-07-06T11:12:49] METRIC feat_rtt_ms=56.295
[2026-07-06T11:12:49] METRIC feat_jitter_ms=10.259
[2026-07-06T11:12:49] METRIC feat_bw_utilization_pct=13.85
[2026-07-06T11:12:49] METRIC feat_cache_hit_ratio=0.4359
[2026-07-06T11:12:49] METRIC feat_avg_object_size_kb=111.338
[2026-07-06T11:12:49] METRIC feat_retransmission_count=43
[2026-07-06T11:12:49] METRIC true_optimal_mtu_bytes=4248
[2026-07-06T11:12:49] METRIC mlp_predicted_mtu_bytes=4753
[2026-07-06T11:12:49] METRIC mlp_confidence=0.4205
[2026-07-06T11:12:49] METRIC abs_error_bytes=505
[2026-07-06T11:12:49] METRIC update_applied=False
[2026-07-06T11:12:49] RUN_END status=OK
[2026-07-06T11:16:00] RUN_START run_id=MTU_high_lat_high_loss_008
[2026-07-06T11:16:00] PARAM condition=high_lat_high_loss
[2026-07-06T11:16:00] METRIC feat_packet_loss_rate_pct=6.0121
[2026-07-06T11:16:00] METRIC feat_throughput_mbps=1147.16
[2026-07-06T11:16:00] METRIC feat_rtt_ms=46.787
[2026-07-06T11:16:00] METRIC feat_jitter_ms=7.113
[2026-07-06T11:16:00] METRIC feat_bw_utilization_pct=17.04
[2026-07-06T11:16:00] METRIC feat_cache_hit_ratio=0.4634
[2026-07-06T11:16:00] METRIC feat_avg_object_size_kb=9.761
[2026-07-06T11:16:00] METRIC feat_retransmission_count=43
[2026-07-06T11:16:00] METRIC true_optimal_mtu_bytes=1672
[2026-07-06T11:16:00] METRIC mlp_predicted_mtu_bytes=1400
[2026-07-06T11:16:00] METRIC mlp_confidence=0.708
[2026-07-06T11:16:00] METRIC abs_error_bytes=272
[2026-07-06T11:16:00] METRIC update_applied=False
[2026-07-06T11:16:00] RUN_END status=OK
[2026-07-06T11:17:04] RUN_START run_id=MTU_high_lat_high_loss_009
[2026-07-06T11:17:04] PARAM condition=high_lat_high_loss
[2026-07-06T11:17:04] METRIC feat_packet_loss_rate_pct=3.8028
[2026-07-06T11:17:04] METRIC feat_throughput_mbps=3178.98
[2026-07-06T11:17:04] METRIC feat_rtt_ms=35.329
[2026-07-06T11:17:04] METRIC feat_jitter_ms=9.422
[2026-07-06T11:17:04] METRIC feat_bw_utilization_pct=34.52
[2026-07-06T11:17:04] METRIC feat_cache_hit_ratio=0.7934
[2026-07-06T11:17:04] METRIC feat_avg_object_size_kb=185.947
[2026-07-06T11:17:04] METRIC feat_retransmission_count=29
[2026-07-06T11:17:04] METRIC true_optimal_mtu_bytes=4816
[2026-07-06T11:17:04] METRIC mlp_predicted_mtu_bytes=4644
[2026-07-06T11:17:04] METRIC mlp_confidence=0.8281
[2026-07-06T11:17:04] METRIC abs_error_bytes=172
[2026-07-06T11:17:04] METRIC update_applied=True
[2026-07-06T11:17:04] RUN_END status=OK
[2026-07-06T11:18:32] RUN_START run_id=MTU_high_lat_high_loss_010
[2026-07-06T11:18:32] PARAM condition=high_lat_high_loss
[2026-07-06T11:18:32] METRIC feat_packet_loss_rate_pct=4.067
[2026-07-06T11:18:32] METRIC feat_throughput_mbps=8554.26
[2026-07-06T11:18:32] METRIC feat_rtt_ms=41.188
[2026-07-06T11:18:32] METRIC feat_jitter_ms=6.136
[2026-07-06T11:18:32] METRIC feat_bw_utilization_pct=58.21
[2026-07-06T11:18:32] METRIC feat_cache_hit_ratio=0.6835
[2026-07-06T11:18:32] METRIC feat_avg_object_size_kb=168.086
[2026-07-06T11:18:32] METRIC feat_retransmission_count=23
[2026-07-06T11:18:32] METRIC true_optimal_mtu_bytes=4752
[2026-07-06T11:18:32] METRIC mlp_predicted_mtu_bytes=4637
[2026-07-06T11:18:32] METRIC mlp_confidence=0.8922
[2026-07-06T11:18:32] METRIC abs_error_bytes=115
[2026-07-06T11:18:32] METRIC update_applied=True
[2026-07-06T11:18:32] RUN_END status=OK
[2026-07-06T11:23:50] RUN_START run_id=MTU_high_lat_high_loss_011
[2026-07-06T11:23:50] PARAM condition=high_lat_high_loss
[2026-07-06T11:23:50] METRIC feat_packet_loss_rate_pct=5.5605
[2026-07-06T11:23:50] METRIC feat_throughput_mbps=4630.89
[2026-07-06T11:23:50] METRIC feat_rtt_ms=35.853
[2026-07-06T11:23:50] METRIC feat_jitter_ms=5.397
[2026-07-06T11:23:50] METRIC feat_bw_utilization_pct=91.4
[2026-07-06T11:23:50] METRIC feat_cache_hit_ratio=0.6546
[2026-07-06T11:23:50] METRIC feat_avg_object_size_kb=9.502
[2026-07-06T11:23:50] METRIC feat_retransmission_count=36
[2026-07-06T11:23:50] METRIC true_optimal_mtu_bytes=1600
[2026-07-06T11:23:50] METRIC mlp_predicted_mtu_bytes=1463
[2026-07-06T11:23:50] METRIC mlp_confidence=0.8617
[2026-07-06T11:23:50] METRIC abs_error_bytes=137
[2026-07-06T11:23:50] METRIC update_applied=True
[2026-07-06T11:23:50] RUN_END status=OK
[2026-07-06T11:25:09] RUN_START run_id=MTU_high_lat_high_loss_012
[2026-07-06T11:25:09] PARAM condition=high_lat_high_loss
[2026-07-06T11:25:09] METRIC feat_packet_loss_rate_pct=6.2275
[2026-07-06T11:25:09] METRIC feat_throughput_mbps=896.3
[2026-07-06T11:25:09] METRIC feat_rtt_ms=50.563
[2026-07-06T11:25:09] METRIC feat_jitter_ms=11.465
[2026-07-06T11:25:09] METRIC feat_bw_utilization_pct=92.73
[2026-07-06T11:25:09] METRIC feat_cache_hit_ratio=0.6034
[2026-07-06T11:25:09] METRIC feat_avg_object_size_kb=0.283
[2026-07-06T11:25:09] METRIC feat_retransmission_count=28
[2026-07-06T11:25:09] METRIC true_optimal_mtu_bytes=1000
[2026-07-06T11:25:09] METRIC mlp_predicted_mtu_bytes=1116
[2026-07-06T11:25:09] METRIC mlp_confidence=0.8704
[2026-07-06T11:25:09] METRIC abs_error_bytes=116
[2026-07-06T11:25:09] METRIC update_applied=True
[2026-07-06T11:25:09] RUN_END status=OK
[2026-07-06T11:26:36] RUN_START run_id=MTU_high_lat_high_loss_013
[2026-07-06T11:26:36] PARAM condition=high_lat_high_loss
[2026-07-06T11:26:36] METRIC feat_packet_loss_rate_pct=5.5544
[2026-07-06T11:26:36] METRIC feat_throughput_mbps=178.52
[2026-07-06T11:26:36] METRIC feat_rtt_ms=43.376
[2026-07-06T11:26:36] METRIC feat_jitter_ms=9.335
[2026-07-06T11:26:36] METRIC feat_bw_utilization_pct=33.25
[2026-07-06T11:26:36] METRIC feat_cache_hit_ratio=0.9182
[2026-07-06T11:26:36] METRIC feat_avg_object_size_kb=1.085
[2026-07-06T11:26:36] METRIC feat_retransmission_count=45
[2026-07-06T11:26:36] METRIC true_optimal_mtu_bytes=1000
[2026-07-06T11:26:36] METRIC mlp_predicted_mtu_bytes=1031
[2026-07-06T11:26:36] METRIC mlp_confidence=0.9823
[2026-07-06T11:26:36] METRIC abs_error_bytes=31
[2026-07-06T11:26:36] METRIC update_applied=True
[2026-07-06T11:26:36] RUN_END status=OK
