[2026-07-11T03:35:40] RUN_START run_id=MTU_low_lat_high_loss_094
[2026-07-11T03:35:40] PARAM condition=low_lat_high_loss
[2026-07-11T03:35:40] METRIC feat_packet_loss_rate_pct=3.9488
[2026-07-11T03:35:40] METRIC feat_throughput_mbps=6807.74
[2026-07-11T03:35:40] METRIC feat_rtt_ms=5.097
[2026-07-11T03:35:40] METRIC feat_jitter_ms=1.159
[2026-07-11T03:35:40] METRIC feat_bw_utilization_pct=36.76
[2026-07-11T03:35:40] METRIC feat_cache_hit_ratio=0.7582
[2026-07-11T03:35:40] METRIC feat_avg_object_size_kb=3.655
[2026-07-11T03:35:40] METRIC feat_retransmission_count=27
[2026-07-11T03:35:40] METRIC true_optimal_mtu_bytes=1000
[2026-07-11T03:35:40] METRIC mlp_predicted_mtu_bytes=1054
[2026-07-11T03:35:40] METRIC mlp_confidence=0.9382
[2026-07-11T03:35:40] METRIC abs_error_bytes=54
[2026-07-11T03:35:40] METRIC update_applied=True
[2026-07-11T03:35:40] RUN_END status=OK
[2026-07-11T03:36:21] RUN_START run_id=MTU_low_lat_high_loss_095
[2026-07-11T03:36:21] PARAM condition=low_lat_high_loss
[2026-07-11T03:36:21] METRIC feat_packet_loss_rate_pct=4.3317
[2026-07-11T03:36:21] METRIC feat_throughput_mbps=2835.09
[2026-07-11T03:36:21] METRIC feat_rtt_ms=5.692
[2026-07-11T03:36:21] METRIC feat_jitter_ms=0.859
[2026-07-11T03:36:21] METRIC feat_bw_utilization_pct=51.08
[2026-07-11T03:36:21] METRIC feat_cache_hit_ratio=0.8458
[2026-07-11T03:36:21] METRIC feat_avg_object_size_kb=0.426
[2026-07-11T03:36:21] METRIC feat_retransmission_count=30
[2026-07-11T03:36:21] METRIC true_optimal_mtu_bytes=1000
[2026-07-11T03:36:21] METRIC mlp_predicted_mtu_bytes=887
[2026-07-11T03:36:21] METRIC mlp_confidence=0.8914
[2026-07-11T03:36:21] METRIC abs_error_bytes=113
[2026-07-11T03:36:21] METRIC update_applied=True
[2026-07-11T03:36:21] RUN_END status=OK
[2026-07-11T03:38:37] RUN_START run_id=MTU_low_lat_high_loss_096
[2026-07-11T03:38:37] PARAM condition=low_lat_high_loss
[2026-07-11T03:38:37] METRIC feat_packet_loss_rate_pct=3.6705
[2026-07-11T03:38:37] METRIC feat_throughput_mbps=3215.95
[2026-07-11T03:38:37] METRIC feat_rtt_ms=4.073
[2026-07-11T03:38:37] METRIC feat_jitter_ms=0.781
[2026-07-11T03:38:37] METRIC feat_bw_utilization_pct=65.96
[2026-07-11T03:38:37] METRIC feat_cache_hit_ratio=0.6821
[2026-07-11T03:38:37] METRIC feat_avg_object_size_kb=428.77
[2026-07-11T03:38:37] METRIC feat_retransmission_count=22
[2026-07-11T03:38:37] METRIC true_optimal_mtu_bytes=5640
[2026-07-11T03:38:37] METRIC mlp_predicted_mtu_bytes=5643
[2026-07-11T03:38:37] METRIC mlp_confidence=0.99
[2026-07-11T03:38:37] METRIC abs_error_bytes=3
[2026-07-11T03:38:37] METRIC update_applied=True
[2026-07-11T03:38:37] RUN_END status=OK
[2026-07-11T03:40:27] RUN_START run_id=MTU_low_lat_high_loss_097
[2026-07-11T03:40:27] PARAM condition=low_lat_high_loss
[2026-07-11T03:40:27] METRIC feat_packet_loss_rate_pct=3.2867
[2026-07-11T03:40:27] METRIC feat_throughput_mbps=7980.25
[2026-07-11T03:40:27] METRIC feat_rtt_ms=1.624
[2026-07-11T03:40:27] METRIC feat_jitter_ms=1.961
[2026-07-11T03:40:27] METRIC feat_bw_utilization_pct=67.67
[2026-07-11T03:40:27] METRIC feat_cache_hit_ratio=0.9581
[2026-07-11T03:40:27] METRIC feat_avg_object_size_kb=106.32
[2026-07-11T03:40:27] METRIC feat_retransmission_count=20
[2026-07-11T03:40:27] METRIC true_optimal_mtu_bytes=4832
[2026-07-11T03:40:27] METRIC mlp_predicted_mtu_bytes=4805
[2026-07-11T03:40:27] METRIC mlp_confidence=0.9852
[2026-07-11T03:40:27] METRIC abs_error_bytes=27
[2026-07-11T03:40:27] METRIC update_applied=True
[2026-07-11T03:40:27] RUN_END status=OK
[2026-07-11T03:42:26] RUN_START run_id=MTU_low_lat_high_loss_098
[2026-07-11T03:42:26] PARAM condition=low_lat_high_loss
[2026-07-11T03:42:26] METRIC feat_packet_loss_rate_pct=5.9501
[2026-07-11T03:42:26] METRIC feat_throughput_mbps=156.24
[2026-07-11T03:42:26] METRIC feat_rtt_ms=4.161
[2026-07-11T03:42:26] METRIC feat_jitter_ms=1.707
[2026-07-11T03:42:26] METRIC feat_bw_utilization_pct=25.32
[2026-07-11T03:42:26] METRIC feat_cache_hit_ratio=0.6928
[2026-07-11T03:42:26] METRIC feat_avg_object_size_kb=291.38
[2026-07-11T03:42:26] METRIC feat_retransmission_count=34
[2026-07-11T03:42:26] METRIC true_optimal_mtu_bytes=4968
[2026-07-11T03:42:26] METRIC mlp_predicted_mtu_bytes=5138
[2026-07-11T03:42:26] METRIC mlp_confidence=0.81
[2026-07-11T03:42:26] METRIC abs_error_bytes=170
[2026-07-11T03:42:26] METRIC update_applied=True
[2026-07-11T03:42:26] RUN_END status=OK
[2026-07-11T03:42:48] RUN_START run_id=MTU_low_lat_high_loss_099
[2026-07-11T03:42:48] PARAM condition=low_lat_high_loss
[2026-07-11T03:42:48] METRIC feat_packet_loss_rate_pct=5.8857
[2026-07-11T03:42:48] METRIC feat_throughput_mbps=6728.61
[2026-07-11T03:42:48] METRIC feat_rtt_ms=8.851
[2026-07-11T03:42:48] METRIC feat_jitter_ms=1.066
[2026-07-11T03:42:48] METRIC feat_bw_utilization_pct=72.16
[2026-07-11T03:42:48] METRIC feat_cache_hit_ratio=0.8206
[2026-07-11T03:42:48] METRIC feat_avg_object_size_kb=631.184
[2026-07-11T03:42:48] METRIC feat_retransmission_count=25
[2026-07-11T03:42:48] METRIC true_optimal_mtu_bytes=5240
[2026-07-11T03:42:48] METRIC mlp_predicted_mtu_bytes=5308
[2026-07-11T03:42:48] METRIC mlp_confidence=0.9295
[2026-07-11T03:42:48] METRIC abs_error_bytes=68
[2026-07-11T03:42:48] METRIC update_applied=True
[2026-07-11T03:42:48] RUN_END status=OK
[2026-07-11T16:00:00] RUN_START run_id=MTU_high_lat_low_loss_001
[2026-07-11T16:00:00] PARAM condition=high_lat_low_loss
[2026-07-11T16:00:00] METRIC feat_packet_loss_rate_pct=0.4185
[2026-07-11T16:00:00] METRIC feat_throughput_mbps=4871.84
[2026-07-11T16:00:00] METRIC feat_rtt_ms=50.788
[2026-07-11T16:00:00] METRIC feat_jitter_ms=8.109
[2026-07-11T16:00:00] METRIC feat_bw_utilization_pct=62.38
[2026-07-11T16:00:00] METRIC feat_cache_hit_ratio=0.8471
[2026-07-11T16:00:00] METRIC feat_avg_object_size_kb=70.188
[2026-07-11T16:00:00] METRIC feat_retransmission_count=1
[2026-07-11T16:00:00] METRIC true_optimal_mtu_bytes=5560
[2026-07-11T16:00:00] METRIC mlp_predicted_mtu_bytes=5689
[2026-07-11T16:00:00] METRIC mlp_confidence=0.8453
[2026-07-11T16:00:00] METRIC abs_error_bytes=129
[2026-07-11T16:00:00] METRIC update_applied=True
[2026-07-11T16:00:00] RUN_END status=OK
[2026-07-11T16:00:51] RUN_START run_id=MTU_high_lat_low_loss_002
[2026-07-11T16:00:51] PARAM condition=high_lat_low_loss
[2026-07-11T16:00:51] METRIC feat_packet_loss_rate_pct=0.1318
[2026-07-11T16:00:51] METRIC feat_throughput_mbps=1687.98
[2026-07-11T16:00:51] METRIC feat_rtt_ms=46.952
[2026-07-11T16:00:51] METRIC feat_jitter_ms=9.785
[2026-07-11T16:00:51] METRIC feat_bw_utilization_pct=67.7
[2026-07-11T16:00:51] METRIC feat_cache_hit_ratio=0.6955
[2026-07-11T16:00:51] METRIC feat_avg_object_size_kb=0.102
[2026-07-11T16:00:51] METRIC feat_retransmission_count=0
[2026-07-11T16:00:51] METRIC true_optimal_mtu_bytes=1064
[2026-07-11T16:00:51] METRIC mlp_predicted_mtu_bytes=1013
[2026-07-11T16:00:51] METRIC mlp_confidence=0.9773
[2026-07-11T16:00:51] METRIC abs_error_bytes=51
[2026-07-11T16:00:51] METRIC update_applied=True
[2026-07-11T16:00:51] RUN_END status=OK
[2026-07-11T16:05:18] RUN_START run_id=03_mtu_prediction_features_DISCARDED_0012
[2026-07-11T16:05:18] RUN_ABORTED reason=tflite_alloc_failure: interpreter.allocate_tensors() raised on Tier-2 node, run aborted before inference
[2026-07-11T16:06:44] RUN_START run_id=MTU_high_lat_low_loss_003
[2026-07-11T16:06:44] PARAM condition=high_lat_low_loss
[2026-07-11T16:06:44] METRIC feat_packet_loss_rate_pct=0.0544
[2026-07-11T16:06:44] METRIC feat_throughput_mbps=5627.53
[2026-07-11T16:06:44] METRIC feat_rtt_ms=51.07
[2026-07-11T16:06:44] METRIC feat_jitter_ms=4.881
[2026-07-11T16:06:44] METRIC feat_bw_utilization_pct=27.59
[2026-07-11T16:06:44] METRIC feat_cache_hit_ratio=0.8338
[2026-07-11T16:06:44] METRIC feat_avg_object_size_kb=24.341
[2026-07-11T16:06:44] METRIC feat_retransmission_count=0
[2026-07-11T16:06:44] METRIC true_optimal_mtu_bytes=3816
[2026-07-11T16:06:44] METRIC mlp_predicted_mtu_bytes=3676
[2026-07-11T16:06:44] METRIC mlp_confidence=0.824
[2026-07-11T16:06:44] METRIC abs_error_bytes=140
[2026-07-11T16:06:44] METRIC update_applied=True
[2026-07-11T16:06:44] RUN_END status=OK
[2026-07-11T16:09:19] RUN_START run_id=MTU_high_lat_low_loss_004
[2026-07-11T16:09:19] PARAM condition=high_lat_low_loss
[2026-07-11T16:09:19] METRIC feat_packet_loss_rate_pct=0.1644
[2026-07-11T16:09:19] METRIC feat_throughput_mbps=4124.32
[2026-07-11T16:09:19] METRIC feat_rtt_ms=43.151
[2026-07-11T16:09:19] METRIC feat_jitter_ms=6.41
[2026-07-11T16:09:19] METRIC feat_bw_utilization_pct=90.9
[2026-07-11T16:09:19] METRIC feat_cache_hit_ratio=0.5789
[2026-07-11T16:09:19] METRIC feat_avg_object_size_kb=12.47
[2026-07-11T16:09:19] METRIC feat_retransmission_count=2
[2026-07-11T16:09:19] METRIC true_optimal_mtu_bytes=2872
[2026-07-11T16:09:19] METRIC mlp_predicted_mtu_bytes=2957
[2026-07-11T16:09:19] METRIC mlp_confidence=0.9235
[2026-07-11T16:09:19] METRIC abs_error_bytes=85
[2026-07-11T16:09:19] METRIC update_applied=True
[2026-07-11T16:09:19] RUN_END status=OK
