[2026-07-14T10:05:38] RUN_START run_id=MTU_high_lat_low_loss_077
[2026-07-14T10:05:38] PARAM condition=high_lat_low_loss
[2026-07-14T10:05:38] METRIC feat_packet_loss_rate_pct=0.2111
[2026-07-14T10:05:38] METRIC feat_throughput_mbps=8424.79
[2026-07-14T10:05:38] METRIC feat_rtt_ms=43.584
[2026-07-14T10:05:38] METRIC feat_jitter_ms=6.754
[2026-07-14T10:05:38] METRIC feat_bw_utilization_pct=51.73
[2026-07-14T10:05:38] METRIC feat_cache_hit_ratio=0.8642
[2026-07-14T10:05:38] METRIC feat_avg_object_size_kb=75.539
[2026-07-14T10:05:38] METRIC feat_retransmission_count=0
[2026-07-14T10:05:38] METRIC true_optimal_mtu_bytes=5832
[2026-07-14T10:05:38] METRIC mlp_predicted_mtu_bytes=5979
[2026-07-14T10:05:38] METRIC mlp_confidence=0.8397
[2026-07-14T10:05:38] METRIC abs_error_bytes=147
[2026-07-14T10:05:38] METRIC update_applied=True
[2026-07-14T10:05:38] RUN_END status=OK
[2026-07-14T10:09:17] RUN_START run_id=MTU_high_lat_low_loss_078
[2026-07-14T10:09:17] PARAM condition=high_lat_low_loss
[2026-07-14T10:09:17] METRIC feat_packet_loss_rate_pct=0.9081
[2026-07-14T10:09:17] METRIC feat_throughput_mbps=4010.07
[2026-07-14T10:09:17] METRIC feat_rtt_ms=55.515
[2026-07-14T10:09:17] METRIC feat_jitter_ms=3.53
[2026-07-14T10:09:17] METRIC feat_bw_utilization_pct=63.22
[2026-07-14T10:09:17] METRIC feat_cache_hit_ratio=0.6481
[2026-07-14T10:09:17] METRIC feat_avg_object_size_kb=14.212
[2026-07-14T10:09:17] METRIC feat_retransmission_count=8
[2026-07-14T10:09:17] METRIC true_optimal_mtu_bytes=2640
[2026-07-14T10:09:17] METRIC mlp_predicted_mtu_bytes=2868
[2026-07-14T10:09:17] METRIC mlp_confidence=0.8033
[2026-07-14T10:09:17] METRIC abs_error_bytes=228
[2026-07-14T10:09:17] METRIC update_applied=True
[2026-07-14T10:09:17] RUN_END status=OK
[2026-07-14T10:12:37] RUN_START run_id=MTU_high_lat_low_loss_079
[2026-07-14T10:12:37] PARAM condition=high_lat_low_loss
[2026-07-14T10:12:37] METRIC feat_packet_loss_rate_pct=0.3817
[2026-07-14T10:12:37] METRIC feat_throughput_mbps=129.02
[2026-07-14T10:12:37] METRIC feat_rtt_ms=39.712
[2026-07-14T10:12:37] METRIC feat_jitter_ms=7.054
[2026-07-14T10:12:37] METRIC feat_bw_utilization_pct=32.94
[2026-07-14T10:12:37] METRIC feat_cache_hit_ratio=0.6386
[2026-07-14T10:12:37] METRIC feat_avg_object_size_kb=1646.305
[2026-07-14T10:12:37] METRIC feat_retransmission_count=0
[2026-07-14T10:12:37] METRIC true_optimal_mtu_bytes=8240
[2026-07-14T10:12:37] METRIC mlp_predicted_mtu_bytes=7900
[2026-07-14T10:12:37] METRIC mlp_confidence=0.6038
[2026-07-14T10:12:37] METRIC abs_error_bytes=340
[2026-07-14T10:12:37] METRIC update_applied=False
[2026-07-14T10:12:37] RUN_END status=OK
[2026-07-14T10:13:11] RUN_START run_id=03_mtu_prediction_features_DISCARDED_0024
[2026-07-14T10:13:11] RUN_ABORTED reason=scaler_mismatch: StandardScaler params file stale relative to loaded .tflite model, run aborted
[2026-07-14T10:14:14] RUN_START run_id=MTU_high_lat_low_loss_080
[2026-07-14T10:14:14] PARAM condition=high_lat_low_loss
[2026-07-14T10:14:14] METRIC feat_packet_loss_rate_pct=0.4496
[2026-07-14T10:14:14] METRIC feat_throughput_mbps=8286.51
[2026-07-14T10:14:14] METRIC feat_rtt_ms=45.655
[2026-07-14T10:14:14] METRIC feat_jitter_ms=9.976
[2026-07-14T10:14:14] METRIC feat_bw_utilization_pct=34.4
[2026-07-14T10:14:14] METRIC feat_cache_hit_ratio=0.7402
[2026-07-14T10:14:14] METRIC feat_avg_object_size_kb=0.156
[2026-07-14T10:14:14] METRIC feat_retransmission_count=5
[2026-07-14T10:14:14] METRIC true_optimal_mtu_bytes=1000
[2026-07-14T10:14:14] METRIC mlp_predicted_mtu_bytes=819
[2026-07-14T10:14:14] METRIC mlp_confidence=0.782
[2026-07-14T10:14:14] METRIC abs_error_bytes=181
[2026-07-14T10:14:14] METRIC update_applied=False
[2026-07-14T10:14:14] RUN_END status=OK
[2026-07-14T10:15:49] RUN_START run_id=MTU_high_lat_low_loss_081
[2026-07-14T10:15:49] PARAM condition=high_lat_low_loss
[2026-07-14T10:15:49] METRIC feat_packet_loss_rate_pct=0.5539
[2026-07-14T10:15:49] METRIC feat_throughput_mbps=3119.92
[2026-07-14T10:15:49] METRIC feat_rtt_ms=37.061
[2026-07-14T10:15:49] METRIC feat_jitter_ms=3.584
[2026-07-14T10:15:49] METRIC feat_bw_utilization_pct=81.39
[2026-07-14T10:15:49] METRIC feat_cache_hit_ratio=0.3553
[2026-07-14T10:15:49] METRIC feat_avg_object_size_kb=60.043
[2026-07-14T10:15:49] METRIC feat_retransmission_count=4
[2026-07-14T10:15:49] METRIC true_optimal_mtu_bytes=5328
[2026-07-14T10:15:49] METRIC mlp_predicted_mtu_bytes=5312
[2026-07-14T10:15:49] METRIC mlp_confidence=0.99
[2026-07-14T10:15:49] METRIC abs_error_bytes=16
[2026-07-14T10:15:49] METRIC update_applied=True
[2026-07-14T10:15:49] RUN_END status=OK
[2026-07-14T10:16:30] RUN_START run_id=MTU_high_lat_low_loss_082
[2026-07-14T10:16:30] PARAM condition=high_lat_low_loss
[2026-07-14T10:16:30] METRIC feat_packet_loss_rate_pct=0.8346
[2026-07-14T10:16:30] METRIC feat_throughput_mbps=6958.59
[2026-07-14T10:16:30] METRIC feat_rtt_ms=44.995
[2026-07-14T10:16:30] METRIC feat_jitter_ms=8.506
[2026-07-14T10:16:30] METRIC feat_bw_utilization_pct=38.32
[2026-07-14T10:16:30] METRIC feat_cache_hit_ratio=0.99
[2026-07-14T10:16:30] METRIC feat_avg_object_size_kb=974.28
[2026-07-14T10:16:30] METRIC feat_retransmission_count=5
[2026-07-14T10:16:30] METRIC true_optimal_mtu_bytes=7744
[2026-07-14T10:16:30] METRIC mlp_predicted_mtu_bytes=7889
[2026-07-14T10:16:30] METRIC mlp_confidence=0.8212
[2026-07-14T10:16:30] METRIC abs_error_bytes=145
[2026-07-14T10:16:30] METRIC update_applied=True
[2026-07-14T10:16:30] RUN_END status=OK
[2026-07-14T10:17:04] RUN_START run_id=MTU_high_lat_low_loss_083
[2026-07-14T10:17:04] PARAM condition=high_lat_low_loss
[2026-07-14T10:17:04] METRIC feat_packet_loss_rate_pct=1.0
[2026-07-14T10:17:04] METRIC feat_throughput_mbps=8575.43
[2026-07-14T10:17:04] METRIC feat_rtt_ms=55.458
[2026-07-14T10:17:04] METRIC feat_jitter_ms=4.225
[2026-07-14T10:17:04] METRIC feat_bw_utilization_pct=48.0
[2026-07-14T10:17:04] METRIC feat_cache_hit_ratio=0.7926
[2026-07-14T10:17:04] METRIC feat_avg_object_size_kb=873.378
[2026-07-14T10:17:04] METRIC feat_retransmission_count=5
[2026-07-14T10:17:04] METRIC true_optimal_mtu_bytes=7480
[2026-07-14T10:17:04] METRIC mlp_predicted_mtu_bytes=7520
[2026-07-14T10:17:04] METRIC mlp_confidence=0.9836
[2026-07-14T10:17:04] METRIC abs_error_bytes=40
[2026-07-14T10:17:04] METRIC update_applied=True
[2026-07-14T10:17:04] RUN_END status=OK
[2026-07-14T10:18:39] RUN_START run_id=MTU_high_lat_low_loss_084
[2026-07-14T10:18:39] PARAM condition=high_lat_low_loss
[2026-07-14T10:18:39] METRIC feat_packet_loss_rate_pct=0.4302
[2026-07-14T10:18:39] METRIC feat_throughput_mbps=8363.76
[2026-07-14T10:18:39] METRIC feat_rtt_ms=33.795
[2026-07-14T10:18:39] METRIC feat_jitter_ms=7.552
[2026-07-14T10:18:39] METRIC feat_bw_utilization_pct=20.34
[2026-07-14T10:18:39] METRIC feat_cache_hit_ratio=0.637
[2026-07-14T10:18:39] METRIC feat_avg_object_size_kb=488.448
[2026-07-14T10:18:39] METRIC feat_retransmission_count=1
[2026-07-14T10:18:39] METRIC true_optimal_mtu_bytes=7712
[2026-07-14T10:18:39] METRIC mlp_predicted_mtu_bytes=7808
[2026-07-14T10:18:39] METRIC mlp_confidence=0.8832
[2026-07-14T10:18:39] METRIC abs_error_bytes=96
[2026-07-14T10:18:39] METRIC update_applied=True
[2026-07-14T10:18:39] RUN_END status=OK
[2026-07-14T10:22:41] RUN_START run_id=MTU_high_lat_low_loss_085
[2026-07-14T10:22:41] PARAM condition=high_lat_low_loss
[2026-07-14T10:22:41] METRIC feat_packet_loss_rate_pct=0.1277
[2026-07-14T10:22:41] METRIC feat_throughput_mbps=2180.55
[2026-07-14T10:22:41] METRIC feat_rtt_ms=58.29
[2026-07-14T10:22:41] METRIC feat_jitter_ms=5.405
[2026-07-14T10:22:41] METRIC feat_bw_utilization_pct=57.57
[2026-07-14T10:22:41] METRIC feat_cache_hit_ratio=0.6562
[2026-07-14T10:22:41] METRIC feat_avg_object_size_kb=5.285
[2026-07-14T10:22:41] METRIC feat_retransmission_count=1
[2026-07-14T10:22:41] METRIC true_optimal_mtu_bytes=1928
[2026-07-14T10:22:41] METRIC mlp_predicted_mtu_bytes=2188
[2026-07-14T10:22:41] METRIC mlp_confidence=0.6905
[2026-07-14T10:22:41] METRIC abs_error_bytes=260
[2026-07-14T10:22:41] METRIC update_applied=False
[2026-07-14T10:22:41] RUN_END status=OK
[2026-07-14T10:24:37] RUN_START run_id=MTU_high_lat_low_loss_086
[2026-07-14T10:24:37] PARAM condition=high_lat_low_loss
[2026-07-14T10:24:37] METRIC feat_packet_loss_rate_pct=0.6067
[2026-07-14T10:24:37] METRIC feat_throughput_mbps=5134.23
[2026-07-14T10:24:37] METRIC feat_rtt_ms=31.558
[2026-07-14T10:24:37] METRIC feat_jitter_ms=9.729
[2026-07-14T10:24:37] METRIC feat_bw_utilization_pct=32.23
[2026-07-14T10:24:37] METRIC feat_cache_hit_ratio=0.4315
[2026-07-14T10:24:37] METRIC feat_avg_object_size_kb=216.316
[2026-07-14T10:24:37] METRIC feat_retransmission_count=2
[2026-07-14T10:24:37] METRIC true_optimal_mtu_bytes=7120
[2026-07-14T10:24:37] METRIC mlp_predicted_mtu_bytes=7157
[2026-07-14T10:24:37] METRIC mlp_confidence=0.9043
[2026-07-14T10:24:37] METRIC abs_error_bytes=37
[2026-07-14T10:24:37] METRIC update_applied=True
[2026-07-14T10:24:37] RUN_END status=OK
[2026-07-14T10:26:04] RUN_START run_id=MTU_high_lat_low_loss_087
[2026-07-14T10:26:04] PARAM condition=high_lat_low_loss
[2026-07-14T10:26:04] METRIC feat_packet_loss_rate_pct=0.3877
[2026-07-14T10:26:04] METRIC feat_throughput_mbps=1581.14
[2026-07-14T10:26:04] METRIC feat_rtt_ms=41.845
[2026-07-14T10:26:04] METRIC feat_jitter_ms=7.564
[2026-07-14T10:26:04] METRIC feat_bw_utilization_pct=52.6
[2026-07-14T10:26:04] METRIC feat_cache_hit_ratio=0.8194
[2026-07-14T10:26:04] METRIC feat_avg_object_size_kb=242.698
[2026-07-14T10:26:04] METRIC feat_retransmission_count=3
[2026-07-14T10:26:04] METRIC true_optimal_mtu_bytes=7312
[2026-07-14T10:26:04] METRIC mlp_predicted_mtu_bytes=7447
[2026-07-14T10:26:04] METRIC mlp_confidence=0.8341
[2026-07-14T10:26:04] METRIC abs_error_bytes=135
[2026-07-14T10:26:04] METRIC update_applied=True
[2026-07-14T10:26:04] RUN_END status=OK
[2026-07-14T10:27:33] RUN_START run_id=MTU_high_lat_low_loss_088
[2026-07-14T10:27:33] PARAM condition=high_lat_low_loss
[2026-07-14T10:27:33] METRIC feat_packet_loss_rate_pct=0.5307
[2026-07-14T10:27:33] METRIC feat_throughput_mbps=839.53
[2026-07-14T10:27:33] METRIC feat_rtt_ms=52.076
[2026-07-14T10:27:33] METRIC feat_jitter_ms=3.331
[2026-07-14T10:27:33] METRIC feat_bw_utilization_pct=65.0
[2026-07-14T10:27:33] METRIC feat_cache_hit_ratio=0.6855
[2026-07-14T10:27:33] METRIC feat_avg_object_size_kb=0.982
[2026-07-14T10:27:33] METRIC feat_retransmission_count=4
[2026-07-14T10:27:33] METRIC true_optimal_mtu_bytes=1120
[2026-07-14T10:27:33] METRIC mlp_predicted_mtu_bytes=1306
[2026-07-14T10:27:33] METRIC mlp_confidence=0.7681
[2026-07-14T10:27:33] METRIC abs_error_bytes=186
[2026-07-14T10:27:33] METRIC update_applied=False
[2026-07-14T10:27:33] RUN_END status=OK
[2026-07-14T10:29:13] RUN_START run_id=MTU_high_lat_low_loss_089
[2026-07-14T10:29:13] PARAM condition=high_lat_low_loss
[2026-07-14T10:29:13] METRIC feat_packet_loss_rate_pct=0.6545
[2026-07-14T10:29:13] METRIC feat_throughput_mbps=1377.2
[2026-07-14T10:29:13] METRIC feat_rtt_ms=39.709
[2026-07-14T10:29:13] METRIC feat_jitter_ms=3.988
[2026-07-14T10:29:13] METRIC feat_bw_utilization_pct=65.53
[2026-07-14T10:29:13] METRIC feat_cache_hit_ratio=0.6706
[2026-07-14T10:29:13] METRIC feat_avg_object_size_kb=1520.704
[2026-07-14T10:29:13] METRIC feat_retransmission_count=3
[2026-07-14T10:29:13] METRIC true_optimal_mtu_bytes=7800
[2026-07-14T10:29:13] METRIC mlp_predicted_mtu_bytes=7914
[2026-07-14T10:29:13] METRIC mlp_confidence=0.8665
[2026-07-14T10:29:13] METRIC abs_error_bytes=114
[2026-07-14T10:29:13] METRIC update_applied=True
[2026-07-14T10:29:13] RUN_END status=OK
[2026-07-14T10:33:54] RUN_START run_id=MTU_high_lat_low_loss_090
[2026-07-14T10:33:54] PARAM condition=high_lat_low_loss
[2026-07-14T10:33:54] METRIC feat_packet_loss_rate_pct=0.0739
[2026-07-14T10:33:54] METRIC feat_throughput_mbps=216.03
[2026-07-14T10:33:54] METRIC feat_rtt_ms=35.748
[2026-07-14T10:33:54] METRIC feat_jitter_ms=9.036
[2026-07-14T10:33:54] METRIC feat_bw_utilization_pct=49.54
[2026-07-14T10:33:54] METRIC feat_cache_hit_ratio=0.8418
[2026-07-14T10:33:54] METRIC feat_avg_object_size_kb=78.876
[2026-07-14T10:33:54] METRIC feat_retransmission_count=1
[2026-07-14T10:33:54] METRIC true_optimal_mtu_bytes=5920
[2026-07-14T10:33:54] METRIC mlp_predicted_mtu_bytes=5947
[2026-07-14T10:33:54] METRIC mlp_confidence=0.9813
[2026-07-14T10:33:54] METRIC abs_error_bytes=27
[2026-07-14T10:33:54] METRIC update_applied=True
[2026-07-14T10:33:54] RUN_END status=OK
[2026-07-14T10:35:46] RUN_START run_id=MTU_high_lat_low_loss_091
[2026-07-14T10:35:46] PARAM condition=high_lat_low_loss
[2026-07-14T10:35:46] METRIC feat_packet_loss_rate_pct=0.0785
[2026-07-14T10:35:46] METRIC feat_throughput_mbps=8219.76
[2026-07-14T10:35:46] METRIC feat_rtt_ms=47.368
[2026-07-14T10:35:46] METRIC feat_jitter_ms=6.301
[2026-07-14T10:35:46] METRIC feat_bw_utilization_pct=69.13
[2026-07-14T10:35:46] METRIC feat_cache_hit_ratio=0.4299
[2026-07-14T10:35:46] METRIC feat_avg_object_size_kb=9.266
[2026-07-14T10:35:46] METRIC feat_retransmission_count=0
[2026-07-14T10:35:46] METRIC true_optimal_mtu_bytes=2376
[2026-07-14T10:35:46] METRIC mlp_predicted_mtu_bytes=2343
[2026-07-14T10:35:46] METRIC mlp_confidence=0.9763
[2026-07-14T10:35:46] METRIC abs_error_bytes=33
[2026-07-14T10:35:46] METRIC update_applied=True
[2026-07-14T10:35:46] RUN_END status=OK
[2026-07-14T10:40:15] RUN_START run_id=MTU_high_lat_low_loss_092
[2026-07-14T10:40:15] PARAM condition=high_lat_low_loss
[2026-07-14T10:40:15] METRIC feat_packet_loss_rate_pct=0.2778
[2026-07-14T10:40:15] METRIC feat_throughput_mbps=3895.97
[2026-07-14T10:40:15] METRIC feat_rtt_ms=57.813
[2026-07-14T10:40:15] METRIC feat_jitter_ms=6.545
[2026-07-14T10:40:15] METRIC feat_bw_utilization_pct=61.83
[2026-07-14T10:40:15] METRIC feat_cache_hit_ratio=0.557
[2026-07-14T10:40:15] METRIC feat_avg_object_size_kb=30.58
[2026-07-14T10:40:15] METRIC feat_retransmission_count=2
[2026-07-14T10:40:15] METRIC true_optimal_mtu_bytes=4208
[2026-07-14T10:40:15] METRIC mlp_predicted_mtu_bytes=4487
[2026-07-14T10:40:15] METRIC mlp_confidence=0.7225
[2026-07-14T10:40:15] METRIC abs_error_bytes=279
[2026-07-14T10:40:15] METRIC update_applied=False
[2026-07-14T10:40:15] RUN_END status=OK
[2026-07-14T10:43:44] RUN_START run_id=MTU_high_lat_low_loss_093
[2026-07-14T10:43:44] PARAM condition=high_lat_low_loss
[2026-07-14T10:43:44] METRIC feat_packet_loss_rate_pct=0.9402
[2026-07-14T10:43:44] METRIC feat_throughput_mbps=8160.6
[2026-07-14T10:43:44] METRIC feat_rtt_ms=40.082
[2026-07-14T10:43:44] METRIC feat_jitter_ms=7.474
[2026-07-14T10:43:44] METRIC feat_bw_utilization_pct=76.78
[2026-07-14T10:43:44] METRIC feat_cache_hit_ratio=0.7002
[2026-07-14T10:43:44] METRIC feat_avg_object_size_kb=0.35
[2026-07-14T10:43:44] METRIC feat_retransmission_count=4
[2026-07-14T10:43:44] METRIC true_optimal_mtu_bytes=1000
[2026-07-14T10:43:44] METRIC mlp_predicted_mtu_bytes=787
[2026-07-14T10:43:44] METRIC mlp_confidence=0.785
[2026-07-14T10:43:44] METRIC abs_error_bytes=213
[2026-07-14T10:43:44] METRIC update_applied=False
[2026-07-14T10:43:44] RUN_END status=OK
