[2026-07-21T15:32:54] RUN_START run_id=MTU_low_lat_low_loss_142
[2026-07-21T15:32:54] PARAM condition=low_lat_low_loss
[2026-07-21T15:32:54] METRIC feat_packet_loss_rate_pct=0.3633
[2026-07-21T15:32:54] METRIC feat_throughput_mbps=1526.14
[2026-07-21T15:32:54] METRIC feat_rtt_ms=5.289
[2026-07-21T15:32:54] METRIC feat_jitter_ms=0.315
[2026-07-21T15:32:54] METRIC feat_bw_utilization_pct=20.62
[2026-07-21T15:32:54] METRIC feat_cache_hit_ratio=0.5627
[2026-07-21T15:32:54] METRIC feat_avg_object_size_kb=155.84
[2026-07-21T15:32:54] METRIC feat_retransmission_count=2
[2026-07-21T15:32:54] METRIC true_optimal_mtu_bytes=6840
[2026-07-21T15:32:54] METRIC mlp_predicted_mtu_bytes=6753
[2026-07-21T15:32:54] METRIC mlp_confidence=0.9804
[2026-07-21T15:32:54] METRIC abs_error_bytes=87
[2026-07-21T15:32:54] METRIC update_applied=True
[2026-07-21T15:32:54] RUN_END status=OK
[2026-07-21T15:33:59] RUN_START run_id=MTU_low_lat_low_loss_143
[2026-07-21T15:33:59] PARAM condition=low_lat_low_loss
[2026-07-21T15:33:59] METRIC feat_packet_loss_rate_pct=0.3398
[2026-07-21T15:33:59] METRIC feat_throughput_mbps=173.88
[2026-07-21T15:33:59] METRIC feat_rtt_ms=4.782
[2026-07-21T15:33:59] METRIC feat_jitter_ms=0.166
[2026-07-21T15:33:59] METRIC feat_bw_utilization_pct=42.3
[2026-07-21T15:33:59] METRIC feat_cache_hit_ratio=0.6423
[2026-07-21T15:33:59] METRIC feat_avg_object_size_kb=791.714
[2026-07-21T15:33:59] METRIC feat_retransmission_count=0
[2026-07-21T15:33:59] METRIC true_optimal_mtu_bytes=8200
[2026-07-21T15:33:59] METRIC mlp_predicted_mtu_bytes=8126
[2026-07-21T15:33:59] METRIC mlp_confidence=0.9278
[2026-07-21T15:33:59] METRIC abs_error_bytes=74
[2026-07-21T15:33:59] METRIC update_applied=True
[2026-07-21T15:33:59] RUN_END status=OK
[2026-07-21T15:36:12] RUN_START run_id=MTU_low_lat_low_loss_144
[2026-07-21T15:36:12] PARAM condition=low_lat_low_loss
[2026-07-21T15:36:12] METRIC feat_packet_loss_rate_pct=0.7755
[2026-07-21T15:36:12] METRIC feat_throughput_mbps=1514.86
[2026-07-21T15:36:12] METRIC feat_rtt_ms=1.6
[2026-07-21T15:36:12] METRIC feat_jitter_ms=0.929
[2026-07-21T15:36:12] METRIC feat_bw_utilization_pct=42.75
[2026-07-21T15:36:12] METRIC feat_cache_hit_ratio=0.9008
[2026-07-21T15:36:12] METRIC feat_avg_object_size_kb=12.729
[2026-07-21T15:36:12] METRIC feat_retransmission_count=2
[2026-07-21T15:36:12] METRIC true_optimal_mtu_bytes=2672
[2026-07-21T15:36:12] METRIC mlp_predicted_mtu_bytes=2620
[2026-07-21T15:36:12] METRIC mlp_confidence=0.9104
[2026-07-21T15:36:12] METRIC abs_error_bytes=52
[2026-07-21T15:36:12] METRIC update_applied=True
[2026-07-21T15:36:12] RUN_END status=OK
[2026-07-21T15:37:17] RUN_START run_id=MTU_low_lat_low_loss_145
[2026-07-21T15:37:17] PARAM condition=low_lat_low_loss
[2026-07-21T15:37:17] METRIC feat_packet_loss_rate_pct=0.7925
[2026-07-21T15:37:17] METRIC feat_throughput_mbps=3587.35
[2026-07-21T15:37:17] METRIC feat_rtt_ms=2.712
[2026-07-21T15:37:17] METRIC feat_jitter_ms=0.839
[2026-07-21T15:37:17] METRIC feat_bw_utilization_pct=20.23
[2026-07-21T15:37:17] METRIC feat_cache_hit_ratio=0.5124
[2026-07-21T15:37:17] METRIC feat_avg_object_size_kb=475.927
[2026-07-21T15:37:17] METRIC feat_retransmission_count=10
[2026-07-21T15:37:17] METRIC true_optimal_mtu_bytes=7208
[2026-07-21T15:37:17] METRIC mlp_predicted_mtu_bytes=7129
[2026-07-21T15:37:17] METRIC mlp_confidence=0.918
[2026-07-21T15:37:17] METRIC abs_error_bytes=79
[2026-07-21T15:37:17] METRIC update_applied=True
[2026-07-21T15:37:17] RUN_END status=OK
[2026-07-21T15:39:51] RUN_START run_id=MTU_low_lat_low_loss_146
[2026-07-21T15:39:51] PARAM condition=low_lat_low_loss
[2026-07-21T15:39:51] METRIC feat_packet_loss_rate_pct=0.1146
[2026-07-21T15:39:51] METRIC feat_throughput_mbps=7780.15
[2026-07-21T15:39:51] METRIC feat_rtt_ms=1.635
[2026-07-21T15:39:51] METRIC feat_jitter_ms=0.507
[2026-07-21T15:39:51] METRIC feat_bw_utilization_pct=51.54
[2026-07-21T15:39:51] METRIC feat_cache_hit_ratio=0.8267
[2026-07-21T15:39:51] METRIC feat_avg_object_size_kb=0.12
[2026-07-21T15:39:51] METRIC feat_retransmission_count=2
[2026-07-21T15:39:51] METRIC true_optimal_mtu_bytes=1000
[2026-07-21T15:39:51] METRIC mlp_predicted_mtu_bytes=913
[2026-07-21T15:39:51] METRIC mlp_confidence=0.8938
[2026-07-21T15:39:51] METRIC abs_error_bytes=87
[2026-07-21T15:39:51] METRIC update_applied=True
[2026-07-21T15:39:51] RUN_END status=OK
[2026-07-21T15:42:44] RUN_START run_id=MTU_low_lat_low_loss_147
[2026-07-21T15:42:44] PARAM condition=low_lat_low_loss
[2026-07-21T15:42:44] METRIC feat_packet_loss_rate_pct=0.6119
[2026-07-21T15:42:44] METRIC feat_throughput_mbps=3348.29
[2026-07-21T15:42:44] METRIC feat_rtt_ms=5.625
[2026-07-21T15:42:44] METRIC feat_jitter_ms=0.529
[2026-07-21T15:42:44] METRIC feat_bw_utilization_pct=70.26
[2026-07-21T15:42:44] METRIC feat_cache_hit_ratio=0.8081
[2026-07-21T15:42:44] METRIC feat_avg_object_size_kb=10.217
[2026-07-21T15:42:44] METRIC feat_retransmission_count=3
[2026-07-21T15:42:44] METRIC true_optimal_mtu_bytes=2280
[2026-07-21T15:42:44] METRIC mlp_predicted_mtu_bytes=2400
[2026-07-21T15:42:44] METRIC mlp_confidence=0.8672
[2026-07-21T15:42:44] METRIC abs_error_bytes=120
[2026-07-21T15:42:44] METRIC update_applied=True
[2026-07-21T15:42:44] RUN_END status=OK
[2026-07-21T15:43:28] RUN_START run_id=MTU_low_lat_low_loss_148
[2026-07-21T15:43:28] PARAM condition=low_lat_low_loss
[2026-07-21T15:43:28] METRIC feat_packet_loss_rate_pct=0.5947
[2026-07-21T15:43:28] METRIC feat_throughput_mbps=8824.42
[2026-07-21T15:43:28] METRIC feat_rtt_ms=6.888
[2026-07-21T15:43:28] METRIC feat_jitter_ms=0.615
[2026-07-21T15:43:28] METRIC feat_bw_utilization_pct=56.43
[2026-07-21T15:43:28] METRIC feat_cache_hit_ratio=0.806
[2026-07-21T15:43:28] METRIC feat_avg_object_size_kb=3.016
[2026-07-21T15:43:28] METRIC feat_retransmission_count=2
[2026-07-21T15:43:28] METRIC true_optimal_mtu_bytes=1584
[2026-07-21T15:43:28] METRIC mlp_predicted_mtu_bytes=1763
[2026-07-21T15:43:28] METRIC mlp_confidence=0.7994
[2026-07-21T15:43:28] METRIC abs_error_bytes=179
[2026-07-21T15:43:28] METRIC update_applied=False
[2026-07-21T15:43:28] RUN_END status=OK
[2026-07-21T15:44:05] RUN_START run_id=MTU_low_lat_low_loss_149
[2026-07-21T15:44:05] PARAM condition=low_lat_low_loss
[2026-07-21T15:44:05] METRIC feat_packet_loss_rate_pct=0.1914
[2026-07-21T15:44:05] METRIC feat_throughput_mbps=5211.94
[2026-07-21T15:44:05] METRIC feat_rtt_ms=4.693
[2026-07-21T15:44:05] METRIC feat_jitter_ms=0.616
[2026-07-21T15:44:05] METRIC feat_bw_utilization_pct=57.7
[2026-07-21T15:44:05] METRIC feat_cache_hit_ratio=0.7239
[2026-07-21T15:44:05] METRIC feat_avg_object_size_kb=475.625
[2026-07-21T15:44:05] METRIC feat_retransmission_count=0
[2026-07-21T15:44:05] METRIC true_optimal_mtu_bytes=7824
[2026-07-21T15:44:05] METRIC mlp_predicted_mtu_bytes=7859
[2026-07-21T15:44:05] METRIC mlp_confidence=0.9406
[2026-07-21T15:44:05] METRIC abs_error_bytes=35
[2026-07-21T15:44:05] METRIC update_applied=True
[2026-07-21T15:44:05] RUN_END status=OK
[2026-07-21T15:47:12] RUN_START run_id=MTU_low_lat_low_loss_150
[2026-07-21T15:47:12] PARAM condition=low_lat_low_loss
[2026-07-21T15:47:12] METRIC feat_packet_loss_rate_pct=0.3616
[2026-07-21T15:47:12] METRIC feat_throughput_mbps=6841.19
[2026-07-21T15:47:12] METRIC feat_rtt_ms=4.526
[2026-07-21T15:47:12] METRIC feat_jitter_ms=0.912
[2026-07-21T15:47:12] METRIC feat_bw_utilization_pct=92.52
[2026-07-21T15:47:12] METRIC feat_cache_hit_ratio=0.6983
[2026-07-21T15:47:12] METRIC feat_avg_object_size_kb=63.808
[2026-07-21T15:47:12] METRIC feat_retransmission_count=0
[2026-07-21T15:47:12] METRIC true_optimal_mtu_bytes=5424
[2026-07-21T15:47:12] METRIC mlp_predicted_mtu_bytes=5648
[2026-07-21T15:47:12] METRIC mlp_confidence=0.7659
[2026-07-21T15:47:12] METRIC abs_error_bytes=224
[2026-07-21T15:47:12] METRIC update_applied=False
[2026-07-21T15:47:12] RUN_END status=OK
