[2026-07-19T09:46:54] RUN_START run_id=MTU_low_lat_low_loss_083
[2026-07-19T09:46:54] PARAM condition=low_lat_low_loss
[2026-07-19T09:46:54] METRIC feat_packet_loss_rate_pct=0.5505
[2026-07-19T09:46:54] METRIC feat_throughput_mbps=113.8
[2026-07-19T09:46:54] METRIC feat_rtt_ms=1.467
[2026-07-19T09:46:54] METRIC feat_jitter_ms=0.781
[2026-07-19T09:46:54] METRIC feat_bw_utilization_pct=26.76
[2026-07-19T09:46:54] METRIC feat_cache_hit_ratio=0.5755
[2026-07-19T09:46:54] METRIC feat_avg_object_size_kb=0.17
[2026-07-19T09:46:54] METRIC feat_retransmission_count=6
[2026-07-19T09:46:54] METRIC true_optimal_mtu_bytes=1008
[2026-07-19T09:46:54] METRIC mlp_predicted_mtu_bytes=868
[2026-07-19T09:46:54] METRIC mlp_confidence=0.8505
[2026-07-19T09:46:54] METRIC abs_error_bytes=140
[2026-07-19T09:46:54] METRIC update_applied=True
[2026-07-19T09:46:54] RUN_END status=OK
[2026-07-19T09:48:05] RUN_START run_id=MTU_low_lat_low_loss_084
[2026-07-19T09:48:05] PARAM condition=low_lat_low_loss
[2026-07-19T09:48:05] METRIC feat_packet_loss_rate_pct=0.0631
[2026-07-19T09:48:05] METRIC feat_throughput_mbps=352.53
[2026-07-19T09:48:05] METRIC feat_rtt_ms=5.363
[2026-07-19T09:48:05] METRIC feat_jitter_ms=0.741
[2026-07-19T09:48:05] METRIC feat_bw_utilization_pct=68.17
[2026-07-19T09:48:05] METRIC feat_cache_hit_ratio=0.5887
[2026-07-19T09:48:05] METRIC feat_avg_object_size_kb=128.619
[2026-07-19T09:48:05] METRIC feat_retransmission_count=1
[2026-07-19T09:48:05] METRIC true_optimal_mtu_bytes=6640
[2026-07-19T09:48:05] METRIC mlp_predicted_mtu_bytes=6761
[2026-07-19T09:48:05] METRIC mlp_confidence=0.8864
[2026-07-19T09:48:05] METRIC abs_error_bytes=121
[2026-07-19T09:48:05] METRIC update_applied=True
[2026-07-19T09:48:05] RUN_END status=OK
[2026-07-19T09:50:13] RUN_START run_id=MTU_low_lat_low_loss_085
[2026-07-19T09:50:13] PARAM condition=low_lat_low_loss
[2026-07-19T09:50:13] METRIC feat_packet_loss_rate_pct=0.6502
[2026-07-19T09:50:13] METRIC feat_throughput_mbps=7325.6
[2026-07-19T09:50:13] METRIC feat_rtt_ms=2.493
[2026-07-19T09:50:13] METRIC feat_jitter_ms=0.609
[2026-07-19T09:50:13] METRIC feat_bw_utilization_pct=49.22
[2026-07-19T09:50:13] METRIC feat_cache_hit_ratio=0.8571
[2026-07-19T09:50:13] METRIC feat_avg_object_size_kb=0.694
[2026-07-19T09:50:13] METRIC feat_retransmission_count=8
[2026-07-19T09:50:13] METRIC true_optimal_mtu_bytes=1104
[2026-07-19T09:50:13] METRIC mlp_predicted_mtu_bytes=1200
[2026-07-19T09:50:13] METRIC mlp_confidence=0.8565
[2026-07-19T09:50:13] METRIC abs_error_bytes=96
[2026-07-19T09:50:13] METRIC update_applied=True
[2026-07-19T09:50:13] RUN_END status=OK
[2026-07-19T09:51:15] RUN_START run_id=MTU_low_lat_low_loss_086
[2026-07-19T09:51:15] PARAM condition=low_lat_low_loss
[2026-07-19T09:51:15] METRIC feat_packet_loss_rate_pct=0.2298
[2026-07-19T09:51:15] METRIC feat_throughput_mbps=7835.0
[2026-07-19T09:51:15] METRIC feat_rtt_ms=5.083
[2026-07-19T09:51:15] METRIC feat_jitter_ms=0.703
[2026-07-19T09:51:15] METRIC feat_bw_utilization_pct=53.27
[2026-07-19T09:51:15] METRIC feat_cache_hit_ratio=0.8057
[2026-07-19T09:51:15] METRIC feat_avg_object_size_kb=355.067
[2026-07-19T09:51:15] METRIC feat_retransmission_count=0
[2026-07-19T09:51:15] METRIC true_optimal_mtu_bytes=7616
[2026-07-19T09:51:15] METRIC mlp_predicted_mtu_bytes=7612
[2026-07-19T09:51:15] METRIC mlp_confidence=0.9629
[2026-07-19T09:51:15] METRIC abs_error_bytes=4
[2026-07-19T09:51:15] METRIC update_applied=True
[2026-07-19T09:51:15] RUN_END status=OK
[2026-07-19T09:53:07] RUN_START run_id=MTU_low_lat_low_loss_087
[2026-07-19T09:53:07] PARAM condition=low_lat_low_loss
[2026-07-19T09:53:07] METRIC feat_packet_loss_rate_pct=0.2443
[2026-07-19T09:53:07] METRIC feat_throughput_mbps=7419.58
[2026-07-19T09:53:07] METRIC feat_rtt_ms=3.626
[2026-07-19T09:53:07] METRIC feat_jitter_ms=0.565
[2026-07-19T09:53:07] METRIC feat_bw_utilization_pct=33.94
[2026-07-19T09:53:07] METRIC feat_cache_hit_ratio=0.9544
[2026-07-19T09:53:07] METRIC feat_avg_object_size_kb=1198.016
[2026-07-19T09:53:07] METRIC feat_retransmission_count=2
[2026-07-19T09:53:07] METRIC true_optimal_mtu_bytes=8008
[2026-07-19T09:53:07] METRIC mlp_predicted_mtu_bytes=8059
[2026-07-19T09:53:07] METRIC mlp_confidence=0.9333
[2026-07-19T09:53:07] METRIC abs_error_bytes=51
[2026-07-19T09:53:07] METRIC update_applied=True
[2026-07-19T09:53:07] RUN_END status=OK
[2026-07-19T09:55:11] RUN_START run_id=MTU_low_lat_low_loss_088
[2026-07-19T09:55:11] PARAM condition=low_lat_low_loss
[2026-07-19T09:55:11] METRIC feat_packet_loss_rate_pct=0.0969
[2026-07-19T09:55:11] METRIC feat_throughput_mbps=1860.01
[2026-07-19T09:55:11] METRIC feat_rtt_ms=5.423
[2026-07-19T09:55:11] METRIC feat_jitter_ms=0.811
[2026-07-19T09:55:11] METRIC feat_bw_utilization_pct=70.11
[2026-07-19T09:55:11] METRIC feat_cache_hit_ratio=0.5508
[2026-07-19T09:55:11] METRIC feat_avg_object_size_kb=18.577
[2026-07-19T09:55:11] METRIC feat_retransmission_count=0
[2026-07-19T09:55:11] METRIC true_optimal_mtu_bytes=3320
[2026-07-19T09:55:11] METRIC mlp_predicted_mtu_bytes=3419
[2026-07-19T09:55:11] METRIC mlp_confidence=0.8791
[2026-07-19T09:55:11] METRIC abs_error_bytes=99
[2026-07-19T09:55:11] METRIC update_applied=True
[2026-07-19T09:55:11] RUN_END status=OK
[2026-07-19T09:56:29] RUN_START run_id=MTU_low_lat_low_loss_089
[2026-07-19T09:56:29] PARAM condition=low_lat_low_loss
[2026-07-19T09:56:29] METRIC feat_packet_loss_rate_pct=0.0377
[2026-07-19T09:56:29] METRIC feat_throughput_mbps=875.93
[2026-07-19T09:56:29] METRIC feat_rtt_ms=6.0
[2026-07-19T09:56:29] METRIC feat_jitter_ms=0.892
[2026-07-19T09:56:29] METRIC feat_bw_utilization_pct=62.39
[2026-07-19T09:56:29] METRIC feat_cache_hit_ratio=0.7639
[2026-07-19T09:56:29] METRIC feat_avg_object_size_kb=2518.642
[2026-07-19T09:56:29] METRIC feat_retransmission_count=0
[2026-07-19T09:56:29] METRIC true_optimal_mtu_bytes=8296
[2026-07-19T09:56:29] METRIC mlp_predicted_mtu_bytes=8440
[2026-07-19T09:56:29] METRIC mlp_confidence=0.9236
[2026-07-19T09:56:29] METRIC abs_error_bytes=144
[2026-07-19T09:56:29] METRIC update_applied=True
[2026-07-19T09:56:29] RUN_END status=OK
[2026-07-19T09:59:15] RUN_START run_id=MTU_low_lat_low_loss_090
[2026-07-19T09:59:15] PARAM condition=low_lat_low_loss
[2026-07-19T09:59:15] METRIC feat_packet_loss_rate_pct=0.2329
[2026-07-19T09:59:15] METRIC feat_throughput_mbps=6328.14
[2026-07-19T09:59:15] METRIC feat_rtt_ms=1.564
[2026-07-19T09:59:15] METRIC feat_jitter_ms=0.165
[2026-07-19T09:59:15] METRIC feat_bw_utilization_pct=81.59
[2026-07-19T09:59:15] METRIC feat_cache_hit_ratio=0.7484
[2026-07-19T09:59:15] METRIC feat_avg_object_size_kb=219.749
[2026-07-19T09:59:15] METRIC feat_retransmission_count=3
[2026-07-19T09:59:15] METRIC true_optimal_mtu_bytes=7120
[2026-07-19T09:59:15] METRIC mlp_predicted_mtu_bytes=7068
[2026-07-19T09:59:15] METRIC mlp_confidence=0.9246
[2026-07-19T09:59:15] METRIC abs_error_bytes=52
[2026-07-19T09:59:15] METRIC update_applied=True
[2026-07-19T09:59:15] RUN_END status=OK
[2026-07-19T10:01:42] RUN_START run_id=MTU_low_lat_low_loss_091
[2026-07-19T10:01:42] PARAM condition=low_lat_low_loss
[2026-07-19T10:01:42] METRIC feat_packet_loss_rate_pct=0.0974
[2026-07-19T10:01:42] METRIC feat_throughput_mbps=3217.78
[2026-07-19T10:01:42] METRIC feat_rtt_ms=1.614
[2026-07-19T10:01:42] METRIC feat_jitter_ms=0.639
[2026-07-19T10:01:42] METRIC feat_bw_utilization_pct=40.96
[2026-07-19T10:01:42] METRIC feat_cache_hit_ratio=0.6988
[2026-07-19T10:01:42] METRIC feat_avg_object_size_kb=157.029
[2026-07-19T10:01:42] METRIC feat_retransmission_count=0
[2026-07-19T10:01:42] METRIC true_optimal_mtu_bytes=6872
[2026-07-19T10:01:42] METRIC mlp_predicted_mtu_bytes=6964
[2026-07-19T10:01:42] METRIC mlp_confidence=0.8808
[2026-07-19T10:01:42] METRIC abs_error_bytes=92
[2026-07-19T10:01:42] METRIC update_applied=True
[2026-07-19T10:01:42] RUN_END status=OK
[2026-07-19T10:02:44] RUN_START run_id=MTU_low_lat_low_loss_092
[2026-07-19T10:02:44] PARAM condition=low_lat_low_loss
[2026-07-19T10:02:44] METRIC feat_packet_loss_rate_pct=0.341
[2026-07-19T10:02:44] METRIC feat_throughput_mbps=5817.04
[2026-07-19T10:02:44] METRIC feat_rtt_ms=4.603
[2026-07-19T10:02:44] METRIC feat_jitter_ms=0.052
[2026-07-19T10:02:44] METRIC feat_bw_utilization_pct=62.67
[2026-07-19T10:02:44] METRIC feat_cache_hit_ratio=0.71
[2026-07-19T10:02:44] METRIC feat_avg_object_size_kb=4.697
[2026-07-19T10:02:44] METRIC feat_retransmission_count=1
[2026-07-19T10:02:44] METRIC true_optimal_mtu_bytes=1728
[2026-07-19T10:02:44] METRIC mlp_predicted_mtu_bytes=1694
[2026-07-19T10:02:44] METRIC mlp_confidence=0.9437
[2026-07-19T10:02:44] METRIC abs_error_bytes=34
[2026-07-19T10:02:44] METRIC update_applied=True
[2026-07-19T10:02:44] RUN_END status=OK
[2026-07-19T10:05:10] RUN_START run_id=MTU_low_lat_low_loss_093
[2026-07-19T10:05:10] PARAM condition=low_lat_low_loss
[2026-07-19T10:05:10] METRIC feat_packet_loss_rate_pct=0.3035
[2026-07-19T10:05:10] METRIC feat_throughput_mbps=3607.42
[2026-07-19T10:05:10] METRIC feat_rtt_ms=6.041
[2026-07-19T10:05:10] METRIC feat_jitter_ms=0.577
[2026-07-19T10:05:10] METRIC feat_bw_utilization_pct=20.27
[2026-07-19T10:05:10] METRIC feat_cache_hit_ratio=0.4375
[2026-07-19T10:05:10] METRIC feat_avg_object_size_kb=0.164
[2026-07-19T10:05:10] METRIC feat_retransmission_count=0
[2026-07-19T10:05:10] METRIC true_optimal_mtu_bytes=1000
[2026-07-19T10:05:10] METRIC mlp_predicted_mtu_bytes=962
[2026-07-19T10:05:10] METRIC mlp_confidence=0.9383
[2026-07-19T10:05:10] METRIC abs_error_bytes=38
[2026-07-19T10:05:10] METRIC update_applied=True
[2026-07-19T10:05:10] RUN_END status=OK
[2026-07-19T10:06:38] RUN_START run_id=MTU_low_lat_low_loss_094
[2026-07-19T10:06:38] PARAM condition=low_lat_low_loss
[2026-07-19T10:06:38] METRIC feat_packet_loss_rate_pct=0.3083
[2026-07-19T10:06:38] METRIC feat_throughput_mbps=742.29
[2026-07-19T10:06:38] METRIC feat_rtt_ms=5.663
[2026-07-19T10:06:38] METRIC feat_jitter_ms=0.977
[2026-07-19T10:06:38] METRIC feat_bw_utilization_pct=52.69
[2026-07-19T10:06:38] METRIC feat_cache_hit_ratio=0.7135
[2026-07-19T10:06:38] METRIC feat_avg_object_size_kb=0.173
[2026-07-19T10:06:38] METRIC feat_retransmission_count=6
[2026-07-19T10:06:38] METRIC true_optimal_mtu_bytes=1000
[2026-07-19T10:06:38] METRIC mlp_predicted_mtu_bytes=1321
[2026-07-19T10:06:38] METRIC mlp_confidence=0.6504
[2026-07-19T10:06:38] METRIC abs_error_bytes=321
[2026-07-19T10:06:38] METRIC update_applied=False
[2026-07-19T10:06:38] RUN_END status=OK
[2026-07-19T10:09:26] RUN_START run_id=MTU_low_lat_low_loss_095
[2026-07-19T10:09:26] PARAM condition=low_lat_low_loss
[2026-07-19T10:09:26] METRIC feat_packet_loss_rate_pct=0.3947
[2026-07-19T10:09:26] METRIC feat_throughput_mbps=5799.08
[2026-07-19T10:09:26] METRIC feat_rtt_ms=1.075
[2026-07-19T10:09:26] METRIC feat_jitter_ms=0.812
[2026-07-19T10:09:26] METRIC feat_bw_utilization_pct=30.72
[2026-07-19T10:09:26] METRIC feat_cache_hit_ratio=0.5672
[2026-07-19T10:09:26] METRIC feat_avg_object_size_kb=14.653
[2026-07-19T10:09:26] METRIC feat_retransmission_count=7
[2026-07-19T10:09:26] METRIC true_optimal_mtu_bytes=2792
[2026-07-19T10:09:26] METRIC mlp_predicted_mtu_bytes=2652
[2026-07-19T10:09:26] METRIC mlp_confidence=0.8243
[2026-07-19T10:09:26] METRIC abs_error_bytes=140
[2026-07-19T10:09:26] METRIC update_applied=True
[2026-07-19T10:09:26] RUN_END status=OK
[2026-07-19T10:15:03] RUN_START run_id=MTU_low_lat_low_loss_096
[2026-07-19T10:15:03] PARAM condition=low_lat_low_loss
[2026-07-19T10:15:03] METRIC feat_packet_loss_rate_pct=0.5118
[2026-07-19T10:15:03] METRIC feat_throughput_mbps=4184.67
[2026-07-19T10:15:03] METRIC feat_rtt_ms=6.39
[2026-07-19T10:15:03] METRIC feat_jitter_ms=0.302
[2026-07-19T10:15:03] METRIC feat_bw_utilization_pct=23.09
[2026-07-19T10:15:03] METRIC feat_cache_hit_ratio=0.7303
[2026-07-19T10:15:03] METRIC feat_avg_object_size_kb=0.16
[2026-07-19T10:15:03] METRIC feat_retransmission_count=4
[2026-07-19T10:15:03] METRIC true_optimal_mtu_bytes=1000
[2026-07-19T10:15:03] METRIC mlp_predicted_mtu_bytes=1025
[2026-07-19T10:15:03] METRIC mlp_confidence=0.947
[2026-07-19T10:15:03] METRIC abs_error_bytes=25
[2026-07-19T10:15:03] METRIC update_applied=True
[2026-07-19T10:15:03] RUN_END status=OK
[2026-07-19T10:19:44] RUN_START run_id=MTU_low_lat_low_loss_097
[2026-07-19T10:19:44] PARAM condition=low_lat_low_loss
[2026-07-19T10:19:44] METRIC feat_packet_loss_rate_pct=0.0787
[2026-07-19T10:19:44] METRIC feat_throughput_mbps=3814.67
[2026-07-19T10:19:44] METRIC feat_rtt_ms=6.214
[2026-07-19T10:19:44] METRIC feat_jitter_ms=0.966
[2026-07-19T10:19:44] METRIC feat_bw_utilization_pct=16.79
[2026-07-19T10:19:44] METRIC feat_cache_hit_ratio=0.5687
[2026-07-19T10:19:44] METRIC feat_avg_object_size_kb=280.399
[2026-07-19T10:19:44] METRIC feat_retransmission_count=0
[2026-07-19T10:19:44] METRIC true_optimal_mtu_bytes=7616
[2026-07-19T10:19:44] METRIC mlp_predicted_mtu_bytes=7821
[2026-07-19T10:19:44] METRIC mlp_confidence=0.768
[2026-07-19T10:19:44] METRIC abs_error_bytes=205
[2026-07-19T10:19:44] METRIC update_applied=False
[2026-07-19T10:19:44] RUN_END status=OK
[2026-07-19T10:21:07] RUN_START run_id=MTU_low_lat_low_loss_098
[2026-07-19T10:21:07] PARAM condition=low_lat_low_loss
[2026-07-19T10:21:07] METRIC feat_packet_loss_rate_pct=0.6504
[2026-07-19T10:21:07] METRIC feat_throughput_mbps=914.27
[2026-07-19T10:21:07] METRIC feat_rtt_ms=3.536
[2026-07-19T10:21:07] METRIC feat_jitter_ms=0.449
[2026-07-19T10:21:07] METRIC feat_bw_utilization_pct=53.35
[2026-07-19T10:21:07] METRIC feat_cache_hit_ratio=0.8301
[2026-07-19T10:21:07] METRIC feat_avg_object_size_kb=1.345
[2026-07-19T10:21:07] METRIC feat_retransmission_count=1
[2026-07-19T10:21:07] METRIC true_optimal_mtu_bytes=1256
[2026-07-19T10:21:07] METRIC mlp_predicted_mtu_bytes=1257
[2026-07-19T10:21:07] METRIC mlp_confidence=0.99
[2026-07-19T10:21:07] METRIC abs_error_bytes=1
[2026-07-19T10:21:07] METRIC update_applied=True
[2026-07-19T10:21:07] RUN_END status=OK
