[2026-08-17T23:01:47] TRACE_START run_id=141
[2026-08-17T23:01:47] SAMPLE t=0s phase=Stable adaptation=with_ML throughput_gbps=8.0076 latency_ms=66.0172
[2026-08-17T23:01:48] SAMPLE t=1s phase=Stable adaptation=with_ML throughput_gbps=7.844 latency_ms=67.9295
[2026-08-17T23:01:49] SAMPLE t=2s phase=Stable adaptation=with_ML throughput_gbps=7.8658 latency_ms=64.6665
[2026-08-17T23:01:50] SAMPLE t=3s phase=Stable adaptation=with_ML throughput_gbps=8.2026 latency_ms=65.465
[2026-08-17T23:01:51] SAMPLE t=4s phase=Stable adaptation=with_ML throughput_gbps=7.9573 latency_ms=65.9736
[2026-08-17T23:01:52] SAMPLE t=5s phase=Stable adaptation=with_ML throughput_gbps=8.2816 latency_ms=67.005
[2026-08-17T23:01:53] SAMPLE t=6s phase=Stable adaptation=with_ML throughput_gbps=7.9692 latency_ms=67.0968
[2026-08-17T23:01:54] SAMPLE t=7s phase=Stable adaptation=with_ML throughput_gbps=7.885 latency_ms=66.3572
[2026-08-17T23:01:55] SAMPLE t=8s phase=Stable adaptation=with_ML throughput_gbps=8.0477 latency_ms=68.1024
[2026-08-17T23:01:56] SAMPLE t=9s phase=Stable adaptation=with_ML throughput_gbps=8.336 latency_ms=67.068
[2026-08-17T23:01:57] SAMPLE t=10s phase=Stable adaptation=with_ML throughput_gbps=8.0927 latency_ms=68.6294
[2026-08-17T23:01:58] SAMPLE t=11s phase=Stable adaptation=with_ML throughput_gbps=8.2714 latency_ms=67.9708
[2026-08-17T23:01:59] SAMPLE t=12s phase=Stable adaptation=with_ML throughput_gbps=8.2015 latency_ms=66.596
[2026-08-17T23:02:00] SAMPLE t=13s phase=Stable adaptation=with_ML throughput_gbps=8.2356 latency_ms=68.1146
[2026-08-17T23:02:01] SAMPLE t=14s phase=Stable adaptation=with_ML throughput_gbps=7.9059 latency_ms=66.0339
[2026-08-17T23:02:02] SAMPLE t=15s phase=Stable adaptation=with_ML throughput_gbps=7.9821 latency_ms=66.8475
[2026-08-17T23:02:03] SAMPLE t=16s phase=Stable adaptation=with_ML throughput_gbps=8.3303 latency_ms=67.3097
[2026-08-17T23:02:04] SAMPLE t=17s phase=Stable adaptation=with_ML throughput_gbps=7.9325 latency_ms=66.7839
[2026-08-17T23:02:05] SAMPLE t=18s phase=Stable adaptation=with_ML throughput_gbps=8.1466 latency_ms=67.5882
[2026-08-17T23:02:06] SAMPLE t=19s phase=Stable adaptation=with_ML throughput_gbps=8.311 latency_ms=66.6674
[2026-08-17T23:02:07] SAMPLE t=20s phase=Congestion adaptation=with_ML throughput_gbps=7.9942 latency_ms=67.7863
[2026-08-17T23:02:08] SAMPLE t=21s phase=Congestion adaptation=with_ML throughput_gbps=8.1212 latency_ms=65.5156
[2026-08-17T23:02:09] SAMPLE t=22s phase=Congestion adaptation=with_ML throughput_gbps=7.9937 latency_ms=67.1641
[2026-08-17T23:02:10] SAMPLE t=23s phase=Congestion adaptation=with_ML throughput_gbps=7.6481 latency_ms=65.9809
[2026-08-17T23:02:11] SAMPLE t=24s phase=Congestion adaptation=with_ML throughput_gbps=8.2479 latency_ms=67.6148
[2026-08-17T23:02:12] SAMPLE t=25s phase=Congestion adaptation=with_ML throughput_gbps=7.773 latency_ms=67.3264
[2026-08-17T23:02:13] SAMPLE t=26s phase=Congestion adaptation=with_ML throughput_gbps=8.3431 latency_ms=67.1746
[2026-08-17T23:02:14] SAMPLE t=27s phase=Congestion adaptation=with_ML throughput_gbps=8.2368 latency_ms=64.3243
[2026-08-17T23:02:15] SAMPLE t=28s phase=Congestion adaptation=with_ML throughput_gbps=7.6749 latency_ms=67.5526
[2026-08-17T23:02:16] SAMPLE t=29s phase=Congestion adaptation=with_ML throughput_gbps=8.053 latency_ms=65.3338
[2026-08-17T23:02:17] SAMPLE t=30s phase=Congestion adaptation=with_ML throughput_gbps=7.8947 latency_ms=65.9881
[2026-08-17T23:02:18] SAMPLE t=31s phase=Congestion adaptation=with_ML throughput_gbps=7.981 latency_ms=69.1784
[2026-08-17T23:02:19] SAMPLE t=32s phase=Congestion adaptation=with_ML throughput_gbps=8.0724 latency_ms=67.166
[2026-08-17T23:02:20] SAMPLE t=33s phase=Congestion adaptation=with_ML throughput_gbps=8.2982 latency_ms=64.6831
[2026-08-17T23:02:21] SAMPLE t=34s phase=Congestion adaptation=with_ML throughput_gbps=8.0591 latency_ms=66.3159
[2026-08-17T23:02:22] SAMPLE t=35s phase=Congestion adaptation=with_ML throughput_gbps=7.9888 latency_ms=66.9848
[2026-08-17T23:02:23] SAMPLE t=36s phase=Congestion adaptation=with_ML throughput_gbps=8.0289 latency_ms=66.1783
[2026-08-17T23:02:24] SAMPLE t=37s phase=Congestion adaptation=with_ML throughput_gbps=8.1431 latency_ms=65.1628
[2026-08-17T23:02:25] SAMPLE t=38s phase=Congestion adaptation=with_ML throughput_gbps=7.905 latency_ms=65.4104
[2026-08-17T23:02:26] SAMPLE t=39s phase=Congestion adaptation=with_ML throughput_gbps=8.4226 latency_ms=66.5485
[2026-08-17T23:02:27] SAMPLE t=40s phase=Path_change adaptation=with_ML throughput_gbps=7.5731 latency_ms=65.0958
[2026-08-17T23:02:28] SAMPLE t=41s phase=Path_change adaptation=with_ML throughput_gbps=8.0789 latency_ms=66.4766
[2026-08-17T23:02:29] SAMPLE t=42s phase=Path_change adaptation=with_ML throughput_gbps=7.6957 latency_ms=66.7151
[2026-08-17T23:02:30] SAMPLE t=43s phase=Path_change adaptation=with_ML throughput_gbps=7.9104 latency_ms=68.2088
[2026-08-17T23:02:31] SAMPLE t=44s phase=Path_change adaptation=with_ML throughput_gbps=7.5335 latency_ms=67.6817
[2026-08-17T23:02:32] SAMPLE t=45s phase=Path_change adaptation=with_ML throughput_gbps=7.4694 latency_ms=67.0395
[2026-08-17T23:02:33] SAMPLE t=46s phase=Path_change adaptation=with_ML throughput_gbps=7.4593 latency_ms=68.8494
[2026-08-17T23:02:34] SAMPLE t=47s phase=Path_change adaptation=with_ML throughput_gbps=7.1683 latency_ms=68.334
[2026-08-17T23:02:35] SAMPLE t=48s phase=Path_change adaptation=with_ML throughput_gbps=7.4176 latency_ms=66.8653
[2026-08-17T23:02:36] SAMPLE t=49s phase=Path_change adaptation=with_ML throughput_gbps=7.4029 latency_ms=69.8007
[2026-08-17T23:02:37] SAMPLE t=50s phase=Path_change adaptation=with_ML throughput_gbps=6.8312 latency_ms=68.0527
[2026-08-17T23:02:38] SAMPLE t=51s phase=Path_change adaptation=with_ML throughput_gbps=7.1492 latency_ms=70.162
[2026-08-17T23:02:39] SAMPLE t=52s phase=Path_change adaptation=with_ML throughput_gbps=7.1764 latency_ms=70.4131
[2026-08-17T23:02:40] SAMPLE t=53s phase=Path_change adaptation=with_ML throughput_gbps=7.3223 latency_ms=70.4373
[2026-08-17T23:02:41] SAMPLE t=54s phase=Path_change adaptation=with_ML throughput_gbps=7.5372 latency_ms=68.0267
[2026-08-17T23:02:42] SAMPLE t=55s phase=Path_change adaptation=with_ML throughput_gbps=7.4791 latency_ms=67.8006
[2026-08-17T23:02:43] SAMPLE t=56s phase=Path_change adaptation=with_ML throughput_gbps=7.7598 latency_ms=67.2678
[2026-08-17T23:02:44] SAMPLE t=57s phase=Path_change adaptation=with_ML throughput_gbps=7.771 latency_ms=68.2352
[2026-08-17T23:02:45] SAMPLE t=58s phase=Path_change adaptation=with_ML throughput_gbps=8.3619 latency_ms=66.7657
[2026-08-17T23:02:46] SAMPLE t=59s phase=Path_change adaptation=with_ML throughput_gbps=8.0608 latency_ms=66.9781
[2026-08-17T23:02:47] SAMPLE t=60s phase=Loss_spike adaptation=with_ML throughput_gbps=7.0855 latency_ms=69.5175
[2026-08-17T23:02:48] SAMPLE t=61s phase=Loss_spike adaptation=with_ML throughput_gbps=8.1966 latency_ms=68.7301
[2026-08-17T23:02:49] SAMPLE t=62s phase=Loss_spike adaptation=with_ML throughput_gbps=7.8195 latency_ms=69.8596
[2026-08-17T23:02:50] SAMPLE t=63s phase=Loss_spike adaptation=with_ML throughput_gbps=6.8058 latency_ms=70.8394
[2026-08-17T23:02:51] SAMPLE t=64s phase=Loss_spike adaptation=with_ML throughput_gbps=6.3755 latency_ms=71.3736
[2026-08-17T23:02:52] SAMPLE t=65s phase=Loss_spike adaptation=with_ML throughput_gbps=7.3345 latency_ms=67.5637
[2026-08-17T23:02:53] SAMPLE t=66s phase=Loss_spike adaptation=with_ML throughput_gbps=8.3312 latency_ms=70.6903
[2026-08-17T23:02:54] SAMPLE t=67s phase=Loss_spike adaptation=with_ML throughput_gbps=8.307 latency_ms=68.273
[2026-08-17T23:02:55] SAMPLE t=68s phase=Loss_spike adaptation=with_ML throughput_gbps=6.7432 latency_ms=69.3472
[2026-08-17T23:02:56] SAMPLE t=69s phase=Loss_spike adaptation=with_ML throughput_gbps=6.2738 latency_ms=70.6402
[2026-08-17T23:02:57] SAMPLE t=70s phase=Loss_spike adaptation=with_ML throughput_gbps=7.6323 latency_ms=68.1574
[2026-08-17T23:02:58] SAMPLE t=71s phase=Loss_spike adaptation=with_ML throughput_gbps=8.271 latency_ms=71.0783
[2026-08-17T23:02:59] SAMPLE t=72s phase=Loss_spike adaptation=with_ML throughput_gbps=7.9686 latency_ms=68.69
[2026-08-17T23:03:00] SAMPLE t=73s phase=Loss_spike adaptation=with_ML throughput_gbps=6.6681 latency_ms=70.6752
[2026-08-17T23:03:01] SAMPLE t=74s phase=Loss_spike adaptation=with_ML throughput_gbps=6.1001 latency_ms=71.1101
[2026-08-17T23:03:02] SAMPLE t=75s phase=Loss_spike adaptation=with_ML throughput_gbps=7.1997 latency_ms=70.1442
[2026-08-17T23:03:03] SAMPLE t=76s phase=Loss_spike adaptation=with_ML throughput_gbps=8.4107 latency_ms=69.4951
[2026-08-17T23:03:04] SAMPLE t=77s phase=Loss_spike adaptation=with_ML throughput_gbps=8.0969 latency_ms=69.0945
[2026-08-17T23:03:05] SAMPLE t=78s phase=Loss_spike adaptation=with_ML throughput_gbps=6.6209 latency_ms=69.7443
[2026-08-17T23:03:06] SAMPLE t=79s phase=Loss_spike adaptation=with_ML throughput_gbps=6.5136 latency_ms=70.7513
[2026-08-17T23:03:07] SAMPLE t=80s phase=Recovery adaptation=with_ML throughput_gbps=8.4041 latency_ms=67.6526
[2026-08-17T23:03:08] SAMPLE t=81s phase=Recovery adaptation=with_ML throughput_gbps=7.9799 latency_ms=65.2637
[2026-08-17T23:03:09] SAMPLE t=82s phase=Recovery adaptation=with_ML throughput_gbps=8.1519 latency_ms=67.0705
[2026-08-17T23:03:10] SAMPLE t=83s phase=Recovery adaptation=with_ML throughput_gbps=8.0909 latency_ms=66.608
[2026-08-17T23:03:11] SAMPLE t=84s phase=Recovery adaptation=with_ML throughput_gbps=8.1166 latency_ms=66.306
[2026-08-17T23:03:12] SAMPLE t=85s phase=Recovery adaptation=with_ML throughput_gbps=7.9115 latency_ms=66.5805
[2026-08-17T23:03:13] SAMPLE t=86s phase=Recovery adaptation=with_ML throughput_gbps=8.1492 latency_ms=65.7936
[2026-08-17T23:03:14] SAMPLE t=87s phase=Recovery adaptation=with_ML throughput_gbps=8.3288 latency_ms=66.466
[2026-08-17T23:03:15] SAMPLE t=88s phase=Recovery adaptation=with_ML throughput_gbps=8.5037 latency_ms=67.0683
[2026-08-17T23:03:16] SAMPLE t=89s phase=Recovery adaptation=with_ML throughput_gbps=8.1898 latency_ms=65.3274
[2026-08-17T23:03:17] SAMPLE t=90s phase=Recovery adaptation=with_ML throughput_gbps=8.232 latency_ms=66.1588
[2026-08-17T23:03:18] SAMPLE t=91s phase=Recovery adaptation=with_ML throughput_gbps=8.5832 latency_ms=64.6948
[2026-08-17T23:03:19] SAMPLE t=92s phase=Recovery adaptation=with_ML throughput_gbps=8.2704 latency_ms=65.4216
[2026-08-17T23:03:20] SAMPLE t=93s phase=Recovery adaptation=with_ML throughput_gbps=8.0155 latency_ms=64.4997
[2026-08-17T23:03:21] SAMPLE t=94s phase=Recovery adaptation=with_ML throughput_gbps=8.8012 latency_ms=66.1833
[2026-08-17T23:03:22] SAMPLE t=95s phase=Recovery adaptation=with_ML throughput_gbps=8.2339 latency_ms=64.0316
[2026-08-17T23:03:23] SAMPLE t=96s phase=Recovery adaptation=with_ML throughput_gbps=8.4956 latency_ms=66.0437
[2026-08-17T23:03:24] SAMPLE t=97s phase=Recovery adaptation=with_ML throughput_gbps=8.3673 latency_ms=65.239
[2026-08-17T23:03:25] SAMPLE t=98s phase=Recovery adaptation=with_ML throughput_gbps=8.3675 latency_ms=64.5999
[2026-08-17T23:03:26] SAMPLE t=99s phase=Recovery adaptation=with_ML throughput_gbps=8.392 latency_ms=64.3414
[2026-08-17T23:01:47] SAMPLE t=0s phase=Stable adaptation=without_ML throughput_gbps=7.8038 latency_ms=66.3547
[2026-08-17T23:01:48] SAMPLE t=1s phase=Stable adaptation=without_ML throughput_gbps=7.708 latency_ms=64.4548
[2026-08-17T23:01:49] SAMPLE t=2s phase=Stable adaptation=without_ML throughput_gbps=7.9003 latency_ms=63.5947
[2026-08-17T23:01:50] SAMPLE t=3s phase=Stable adaptation=without_ML throughput_gbps=7.6451 latency_ms=64.8246
[2026-08-17T23:01:51] SAMPLE t=4s phase=Stable adaptation=without_ML throughput_gbps=8.1243 latency_ms=67.8731
[2026-08-17T23:01:52] SAMPLE t=5s phase=Stable adaptation=without_ML throughput_gbps=8.3791 latency_ms=67.2888
[2026-08-17T23:01:53] SAMPLE t=6s phase=Stable adaptation=without_ML throughput_gbps=7.8706 latency_ms=66.4618
[2026-08-17T23:01:54] SAMPLE t=7s phase=Stable adaptation=without_ML throughput_gbps=8.2537 latency_ms=66.9224
[2026-08-17T23:01:55] SAMPLE t=8s phase=Stable adaptation=without_ML throughput_gbps=8.0692 latency_ms=65.3037
[2026-08-17T23:01:56] SAMPLE t=9s phase=Stable adaptation=without_ML throughput_gbps=7.8879 latency_ms=66.712
[2026-08-17T23:01:57] SAMPLE t=10s phase=Stable adaptation=without_ML throughput_gbps=8.2528 latency_ms=65.2062
[2026-08-17T23:01:58] SAMPLE t=11s phase=Stable adaptation=without_ML throughput_gbps=8.0162 latency_ms=65.2675
[2026-08-17T23:01:59] SAMPLE t=12s phase=Stable adaptation=without_ML throughput_gbps=7.967 latency_ms=66.0011
[2026-08-17T23:02:00] SAMPLE t=13s phase=Stable adaptation=without_ML throughput_gbps=7.7764 latency_ms=67.0379
[2026-08-17T23:02:01] SAMPLE t=14s phase=Stable adaptation=without_ML throughput_gbps=8.2409 latency_ms=68.3997
[2026-08-17T23:02:02] SAMPLE t=15s phase=Stable adaptation=without_ML throughput_gbps=7.8812 latency_ms=67.3627
[2026-08-17T23:02:03] SAMPLE t=16s phase=Stable adaptation=without_ML throughput_gbps=8.6549 latency_ms=66.0387
[2026-08-17T23:02:04] SAMPLE t=17s phase=Stable adaptation=without_ML throughput_gbps=7.8961 latency_ms=65.7754
[2026-08-17T23:02:05] SAMPLE t=18s phase=Stable adaptation=without_ML throughput_gbps=7.8333 latency_ms=64.7789
[2026-08-17T23:02:06] SAMPLE t=19s phase=Stable adaptation=without_ML throughput_gbps=8.2515 latency_ms=64.7549
[2026-08-17T23:02:07] SAMPLE t=20s phase=Congestion adaptation=without_ML throughput_gbps=8.1039 latency_ms=64.792
[2026-08-17T23:02:08] SAMPLE t=21s phase=Congestion adaptation=without_ML throughput_gbps=8.0131 latency_ms=66.4886
[2026-08-17T23:02:09] SAMPLE t=22s phase=Congestion adaptation=without_ML throughput_gbps=7.7304 latency_ms=66.8046
[2026-08-17T23:02:10] SAMPLE t=23s phase=Congestion adaptation=without_ML throughput_gbps=8.3369 latency_ms=66.4978
[2026-08-17T23:02:11] SAMPLE t=24s phase=Congestion adaptation=without_ML throughput_gbps=8.2632 latency_ms=65.4221
[2026-08-17T23:02:12] SAMPLE t=25s phase=Congestion adaptation=without_ML throughput_gbps=8.4317 latency_ms=65.6094
[2026-08-17T23:02:13] SAMPLE t=26s phase=Congestion adaptation=without_ML throughput_gbps=7.6712 latency_ms=66.5604
[2026-08-17T23:02:14] SAMPLE t=27s phase=Congestion adaptation=without_ML throughput_gbps=8.0035 latency_ms=67.3121
[2026-08-17T23:02:15] SAMPLE t=28s phase=Congestion adaptation=without_ML throughput_gbps=7.9576 latency_ms=65.4476
[2026-08-17T23:02:16] SAMPLE t=29s phase=Congestion adaptation=without_ML throughput_gbps=7.5575 latency_ms=66.766
[2026-08-17T23:02:17] SAMPLE t=30s phase=Congestion adaptation=without_ML throughput_gbps=7.9509 latency_ms=66.1739
[2026-08-17T23:02:18] SAMPLE t=31s phase=Congestion adaptation=without_ML throughput_gbps=8.0412 latency_ms=65.7216
[2026-08-17T23:02:19] SAMPLE t=32s phase=Congestion adaptation=without_ML throughput_gbps=7.6685 latency_ms=66.9637
[2026-08-17T23:02:20] SAMPLE t=33s phase=Congestion adaptation=without_ML throughput_gbps=7.7103 latency_ms=67.4119
[2026-08-17T23:02:21] SAMPLE t=34s phase=Congestion adaptation=without_ML throughput_gbps=8.1757 latency_ms=63.9212
[2026-08-17T23:02:22] SAMPLE t=35s phase=Congestion adaptation=without_ML throughput_gbps=7.9858 latency_ms=64.4615
[2026-08-17T23:02:23] SAMPLE t=36s phase=Congestion adaptation=without_ML throughput_gbps=7.7415 latency_ms=64.6428
[2026-08-17T23:02:24] SAMPLE t=37s phase=Congestion adaptation=without_ML throughput_gbps=8.152 latency_ms=63.4706
[2026-08-17T23:02:25] SAMPLE t=38s phase=Congestion adaptation=without_ML throughput_gbps=8.2167 latency_ms=66.4698
[2026-08-17T23:02:26] SAMPLE t=39s phase=Congestion adaptation=without_ML throughput_gbps=7.8091 latency_ms=65.6427
[2026-08-17T23:02:27] SAMPLE t=40s phase=Path_change adaptation=without_ML throughput_gbps=7.9115 latency_ms=65.7983
[2026-08-17T23:02:28] SAMPLE t=41s phase=Path_change adaptation=without_ML throughput_gbps=7.2264 latency_ms=66.9629
[2026-08-17T23:02:29] SAMPLE t=42s phase=Path_change adaptation=without_ML throughput_gbps=7.0603 latency_ms=69.2684
[2026-08-17T23:02:30] SAMPLE t=43s phase=Path_change adaptation=without_ML throughput_gbps=7.0768 latency_ms=69.6865
[2026-08-17T23:02:31] SAMPLE t=44s phase=Path_change adaptation=without_ML throughput_gbps=6.4014 latency_ms=72.4371
[2026-08-17T23:02:32] SAMPLE t=45s phase=Path_change adaptation=without_ML throughput_gbps=6.5571 latency_ms=68.842
[2026-08-17T23:02:33] SAMPLE t=46s phase=Path_change adaptation=without_ML throughput_gbps=6.2463 latency_ms=70.0444
[2026-08-17T23:02:34] SAMPLE t=47s phase=Path_change adaptation=without_ML throughput_gbps=6.0317 latency_ms=73.7311
[2026-08-17T23:02:35] SAMPLE t=48s phase=Path_change adaptation=without_ML throughput_gbps=5.5577 latency_ms=73.6266
[2026-08-17T23:02:36] SAMPLE t=49s phase=Path_change adaptation=without_ML throughput_gbps=6.096 latency_ms=74.3804
[2026-08-17T23:02:37] SAMPLE t=50s phase=Path_change adaptation=without_ML throughput_gbps=5.5809 latency_ms=71.9105
[2026-08-17T23:02:38] SAMPLE t=51s phase=Path_change adaptation=without_ML throughput_gbps=5.5849 latency_ms=72.4346
[2026-08-17T23:02:39] SAMPLE t=52s phase=Path_change adaptation=without_ML throughput_gbps=5.8213 latency_ms=72.9751
[2026-08-17T23:02:40] SAMPLE t=53s phase=Path_change adaptation=without_ML throughput_gbps=5.7133 latency_ms=70.9136
[2026-08-17T23:02:41] SAMPLE t=54s phase=Path_change adaptation=without_ML throughput_gbps=6.3516 latency_ms=72.8187
[2026-08-17T23:02:42] SAMPLE t=55s phase=Path_change adaptation=without_ML throughput_gbps=6.3247 latency_ms=69.7009
[2026-08-17T23:02:43] SAMPLE t=56s phase=Path_change adaptation=without_ML throughput_gbps=6.5522 latency_ms=71.072
[2026-08-17T23:02:44] SAMPLE t=57s phase=Path_change adaptation=without_ML throughput_gbps=6.9043 latency_ms=69.3074
[2026-08-17T23:02:45] SAMPLE t=58s phase=Path_change adaptation=without_ML throughput_gbps=7.1229 latency_ms=66.3737
[2026-08-17T23:02:46] SAMPLE t=59s phase=Path_change adaptation=without_ML throughput_gbps=7.6616 latency_ms=67.2187
[2026-08-17T23:02:47] SAMPLE t=60s phase=Loss_spike adaptation=without_ML throughput_gbps=6.1989 latency_ms=70.6933
[2026-08-17T23:02:48] SAMPLE t=61s phase=Loss_spike adaptation=without_ML throughput_gbps=8.2901 latency_ms=80.6515
[2026-08-17T23:02:49] SAMPLE t=62s phase=Loss_spike adaptation=without_ML throughput_gbps=7.8964 latency_ms=75.5122
[2026-08-17T23:02:50] SAMPLE t=63s phase=Loss_spike adaptation=without_ML throughput_gbps=4.7183 latency_ms=75.4953
[2026-08-17T23:02:51] SAMPLE t=64s phase=Loss_spike adaptation=without_ML throughput_gbps=3.8494 latency_ms=79.685
[2026-08-17T23:02:52] SAMPLE t=65s phase=Loss_spike adaptation=without_ML throughput_gbps=6.0069 latency_ms=68.4089
[2026-08-17T23:02:53] SAMPLE t=66s phase=Loss_spike adaptation=without_ML throughput_gbps=8.266 latency_ms=79.4707
[2026-08-17T23:02:54] SAMPLE t=67s phase=Loss_spike adaptation=without_ML throughput_gbps=7.63 latency_ms=75.9103
[2026-08-17T23:02:55] SAMPLE t=68s phase=Loss_spike adaptation=without_ML throughput_gbps=4.8791 latency_ms=74.7727
[2026-08-17T23:02:56] SAMPLE t=69s phase=Loss_spike adaptation=without_ML throughput_gbps=4.0329 latency_ms=78.6242
[2026-08-17T23:02:57] SAMPLE t=70s phase=Loss_spike adaptation=without_ML throughput_gbps=6.199 latency_ms=69.4423
[2026-08-17T23:02:58] SAMPLE t=71s phase=Loss_spike adaptation=without_ML throughput_gbps=8.2557 latency_ms=79.9227
[2026-08-17T23:02:59] SAMPLE t=72s phase=Loss_spike adaptation=without_ML throughput_gbps=7.8836 latency_ms=77.0487
[2026-08-17T23:03:00] SAMPLE t=73s phase=Loss_spike adaptation=without_ML throughput_gbps=4.5739 latency_ms=75.3903
[2026-08-17T23:03:01] SAMPLE t=74s phase=Loss_spike adaptation=without_ML throughput_gbps=4.0438 latency_ms=76.1174
[2026-08-17T23:03:02] SAMPLE t=75s phase=Loss_spike adaptation=without_ML throughput_gbps=5.8859 latency_ms=70.582
[2026-08-17T23:03:03] SAMPLE t=76s phase=Loss_spike adaptation=without_ML throughput_gbps=8.4181 latency_ms=78.9569
[2026-08-17T23:03:04] SAMPLE t=77s phase=Loss_spike adaptation=without_ML throughput_gbps=7.5494 latency_ms=75.128
[2026-08-17T23:03:05] SAMPLE t=78s phase=Loss_spike adaptation=without_ML throughput_gbps=4.6142 latency_ms=73.7647
[2026-08-17T23:03:06] SAMPLE t=79s phase=Loss_spike adaptation=without_ML throughput_gbps=3.9776 latency_ms=80.8472
[2026-08-17T23:03:07] SAMPLE t=80s phase=Recovery adaptation=without_ML throughput_gbps=8.0942 latency_ms=66.8116
[2026-08-17T23:03:08] SAMPLE t=81s phase=Recovery adaptation=without_ML throughput_gbps=7.8955 latency_ms=66.9843
[2026-08-17T23:03:09] SAMPLE t=82s phase=Recovery adaptation=without_ML throughput_gbps=8.1715 latency_ms=67.5195
[2026-08-17T23:03:10] SAMPLE t=83s phase=Recovery adaptation=without_ML throughput_gbps=8.3787 latency_ms=66.2424
[2026-08-17T23:03:11] SAMPLE t=84s phase=Recovery adaptation=without_ML throughput_gbps=7.8308 latency_ms=65.2768
[2026-08-17T23:03:12] SAMPLE t=85s phase=Recovery adaptation=without_ML throughput_gbps=8.4503 latency_ms=65.5325
[2026-08-17T23:03:13] SAMPLE t=86s phase=Recovery adaptation=without_ML throughput_gbps=7.8929 latency_ms=66.0864
[2026-08-17T23:03:14] SAMPLE t=87s phase=Recovery adaptation=without_ML throughput_gbps=7.8783 latency_ms=63.5087
[2026-08-17T23:03:15] SAMPLE t=88s phase=Recovery adaptation=without_ML throughput_gbps=7.9702 latency_ms=64.9555
[2026-08-17T23:03:16] SAMPLE t=89s phase=Recovery adaptation=without_ML throughput_gbps=8.0247 latency_ms=64.8165
[2026-08-17T23:03:17] SAMPLE t=90s phase=Recovery adaptation=without_ML throughput_gbps=7.8741 latency_ms=65.1382
[2026-08-17T23:03:18] SAMPLE t=91s phase=Recovery adaptation=without_ML throughput_gbps=7.9954 latency_ms=67.9834
[2026-08-17T23:03:19] SAMPLE t=92s phase=Recovery adaptation=without_ML throughput_gbps=8.2178 latency_ms=67.26
[2026-08-17T23:03:20] SAMPLE t=93s phase=Recovery adaptation=without_ML throughput_gbps=7.6266 latency_ms=63.0163
[2026-08-17T23:03:21] SAMPLE t=94s phase=Recovery adaptation=without_ML throughput_gbps=7.7779 latency_ms=65.7475
[2026-08-17T23:03:22] SAMPLE t=95s phase=Recovery adaptation=without_ML throughput_gbps=8.3338 latency_ms=66.3215
[2026-08-17T23:03:23] SAMPLE t=96s phase=Recovery adaptation=without_ML throughput_gbps=8.1144 latency_ms=64.8177
[2026-08-17T23:03:24] SAMPLE t=97s phase=Recovery adaptation=without_ML throughput_gbps=7.9254 latency_ms=65.4744
[2026-08-17T23:03:25] SAMPLE t=98s phase=Recovery adaptation=without_ML throughput_gbps=7.8495 latency_ms=66.8161
[2026-08-17T23:03:26] SAMPLE t=99s phase=Recovery adaptation=without_ML throughput_gbps=7.8222 latency_ms=66.584
[2026-08-17T23:01:47] TRACE_END run_id=141 status=OK
[2026-08-17T23:14:01] TRACE_START run_id=142
[2026-08-17T23:14:01] SAMPLE t=0s phase=Stable adaptation=with_ML throughput_gbps=7.8858 latency_ms=67.0557
[2026-08-17T23:14:02] SAMPLE t=1s phase=Stable adaptation=with_ML throughput_gbps=8.4424 latency_ms=66.178
[2026-08-17T23:14:03] SAMPLE t=2s phase=Stable adaptation=with_ML throughput_gbps=8.4286 latency_ms=65.4088
[2026-08-17T23:14:04] SAMPLE t=3s phase=Stable adaptation=with_ML throughput_gbps=8.1788 latency_ms=67.736
[2026-08-17T23:14:05] SAMPLE t=4s phase=Stable adaptation=with_ML throughput_gbps=7.9197 latency_ms=66.2356
[2026-08-17T23:14:06] SAMPLE t=5s phase=Stable adaptation=with_ML throughput_gbps=8.0223 latency_ms=67.0126
[2026-08-17T23:14:07] SAMPLE t=6s phase=Stable adaptation=with_ML throughput_gbps=8.1928 latency_ms=66.7322
[2026-08-17T23:14:08] SAMPLE t=7s phase=Stable adaptation=with_ML throughput_gbps=7.7146 latency_ms=66.3592
[2026-08-17T23:14:09] SAMPLE t=8s phase=Stable adaptation=with_ML throughput_gbps=7.9643 latency_ms=66.9516
[2026-08-17T23:14:10] SAMPLE t=9s phase=Stable adaptation=with_ML throughput_gbps=8.0027 latency_ms=63.986
[2026-08-17T23:14:11] SAMPLE t=10s phase=Stable adaptation=with_ML throughput_gbps=8.1486 latency_ms=69.2524
[2026-08-17T23:14:12] SAMPLE t=11s phase=Stable adaptation=with_ML throughput_gbps=8.1239 latency_ms=63.462
[2026-08-17T23:14:13] SAMPLE t=12s phase=Stable adaptation=with_ML throughput_gbps=8.5928 latency_ms=68.0681
[2026-08-17T23:14:14] SAMPLE t=13s phase=Stable adaptation=with_ML throughput_gbps=7.9223 latency_ms=68.7436
[2026-08-17T23:14:15] SAMPLE t=14s phase=Stable adaptation=with_ML throughput_gbps=8.2959 latency_ms=68.2461
[2026-08-17T23:14:16] SAMPLE t=15s phase=Stable adaptation=with_ML throughput_gbps=8.0458 latency_ms=67.6651
[2026-08-17T23:14:17] SAMPLE t=16s phase=Stable adaptation=with_ML throughput_gbps=7.953 latency_ms=66.0319
[2026-08-17T23:14:18] SAMPLE t=17s phase=Stable adaptation=with_ML throughput_gbps=8.1349 latency_ms=68.2679
[2026-08-17T23:14:19] SAMPLE t=18s phase=Stable adaptation=with_ML throughput_gbps=8.3289 latency_ms=64.9769
[2026-08-17T23:14:20] SAMPLE t=19s phase=Stable adaptation=with_ML throughput_gbps=8.452 latency_ms=65.8738
[2026-08-17T23:14:21] SAMPLE t=20s phase=Congestion adaptation=with_ML throughput_gbps=8.2195 latency_ms=65.2243
[2026-08-17T23:14:22] SAMPLE t=21s phase=Congestion adaptation=with_ML throughput_gbps=7.7765 latency_ms=65.7132
[2026-08-17T23:14:23] SAMPLE t=22s phase=Congestion adaptation=with_ML throughput_gbps=8.4441 latency_ms=66.4153
[2026-08-17T23:14:24] SAMPLE t=23s phase=Congestion adaptation=with_ML throughput_gbps=7.7433 latency_ms=64.912
[2026-08-17T23:14:25] SAMPLE t=24s phase=Congestion adaptation=with_ML throughput_gbps=8.1592 latency_ms=65.657
[2026-08-17T23:14:26] SAMPLE t=25s phase=Congestion adaptation=with_ML throughput_gbps=8.1872 latency_ms=67.2546
[2026-08-17T23:14:27] SAMPLE t=26s phase=Congestion adaptation=with_ML throughput_gbps=8.1386 latency_ms=65.2772
[2026-08-17T23:14:28] SAMPLE t=27s phase=Congestion adaptation=with_ML throughput_gbps=8.32 latency_ms=65.8248
[2026-08-17T23:14:29] SAMPLE t=28s phase=Congestion adaptation=with_ML throughput_gbps=8.3477 latency_ms=67.0751
[2026-08-17T23:14:30] SAMPLE t=29s phase=Congestion adaptation=with_ML throughput_gbps=7.8769 latency_ms=65.4787
[2026-08-17T23:14:31] SAMPLE t=30s phase=Congestion adaptation=with_ML throughput_gbps=7.9544 latency_ms=66.4656
[2026-08-17T23:14:32] SAMPLE t=31s phase=Congestion adaptation=with_ML throughput_gbps=8.0767 latency_ms=68.2588
[2026-08-17T23:14:33] SAMPLE t=32s phase=Congestion adaptation=with_ML throughput_gbps=7.8924 latency_ms=65.2614
[2026-08-17T23:14:34] SAMPLE t=33s phase=Congestion adaptation=with_ML throughput_gbps=8.3195 latency_ms=65.3769
[2026-08-17T23:14:35] SAMPLE t=34s phase=Congestion adaptation=with_ML throughput_gbps=8.5011 latency_ms=66.3673
[2026-08-17T23:14:36] SAMPLE t=35s phase=Congestion adaptation=with_ML throughput_gbps=7.7646 latency_ms=68.0864
[2026-08-17T23:14:37] SAMPLE t=36s phase=Congestion adaptation=with_ML throughput_gbps=8.3876 latency_ms=68.2978
[2026-08-17T23:14:38] SAMPLE t=37s phase=Congestion adaptation=with_ML throughput_gbps=7.8986 latency_ms=67.79
[2026-08-17T23:14:39] SAMPLE t=38s phase=Congestion adaptation=with_ML throughput_gbps=8.1279 latency_ms=66.2052
[2026-08-17T23:14:40] SAMPLE t=39s phase=Congestion adaptation=with_ML throughput_gbps=8.0173 latency_ms=65.4407
[2026-08-17T23:14:41] SAMPLE t=40s phase=Path_change adaptation=with_ML throughput_gbps=8.0658 latency_ms=65.9114
[2026-08-17T23:14:42] SAMPLE t=41s phase=Path_change adaptation=with_ML throughput_gbps=8.1945 latency_ms=65.9211
[2026-08-17T23:14:43] SAMPLE t=42s phase=Path_change adaptation=with_ML throughput_gbps=7.8988 latency_ms=67.9835
[2026-08-17T23:14:44] SAMPLE t=43s phase=Path_change adaptation=with_ML throughput_gbps=7.6395 latency_ms=69.8243
[2026-08-17T23:14:45] SAMPLE t=44s phase=Path_change adaptation=with_ML throughput_gbps=7.7683 latency_ms=68.8856
[2026-08-17T23:14:46] SAMPLE t=45s phase=Path_change adaptation=with_ML throughput_gbps=7.3306 latency_ms=67.2991
[2026-08-17T23:14:47] SAMPLE t=46s phase=Path_change adaptation=with_ML throughput_gbps=7.3688 latency_ms=67.6328
[2026-08-17T23:14:48] SAMPLE t=47s phase=Path_change adaptation=with_ML throughput_gbps=7.0892 latency_ms=68.042
[2026-08-17T23:14:49] SAMPLE t=48s phase=Path_change adaptation=with_ML throughput_gbps=7.3178 latency_ms=69.8595
[2026-08-17T23:14:50] SAMPLE t=49s phase=Path_change adaptation=with_ML throughput_gbps=6.813 latency_ms=65.7551
[2026-08-17T23:14:51] SAMPLE t=50s phase=Path_change adaptation=with_ML throughput_gbps=7.4526 latency_ms=69.2687
[2026-08-17T23:14:52] SAMPLE t=51s phase=Path_change adaptation=with_ML throughput_gbps=7.2499 latency_ms=67.3505
[2026-08-17T23:14:53] SAMPLE t=52s phase=Path_change adaptation=with_ML throughput_gbps=7.3004 latency_ms=67.4742
[2026-08-17T23:14:54] SAMPLE t=53s phase=Path_change adaptation=with_ML throughput_gbps=7.2254 latency_ms=69.3818
[2026-08-17T23:14:55] SAMPLE t=54s phase=Path_change adaptation=with_ML throughput_gbps=7.2482 latency_ms=68.6988
[2026-08-17T23:14:56] SAMPLE t=55s phase=Path_change adaptation=with_ML throughput_gbps=7.6954 latency_ms=69.6781
[2026-08-17T23:14:57] SAMPLE t=56s phase=Path_change adaptation=with_ML throughput_gbps=7.3704 latency_ms=67.3225
[2026-08-17T23:14:58] SAMPLE t=57s phase=Path_change adaptation=with_ML throughput_gbps=7.4249 latency_ms=67.8075
[2026-08-17T23:14:59] SAMPLE t=58s phase=Path_change adaptation=with_ML throughput_gbps=7.8547 latency_ms=66.1221
[2026-08-17T23:15:00] SAMPLE t=59s phase=Path_change adaptation=with_ML throughput_gbps=7.8422 latency_ms=67.2768
[2026-08-17T23:15:01] SAMPLE t=60s phase=Loss_spike adaptation=with_ML throughput_gbps=7.3401 latency_ms=69.0901
[2026-08-17T23:15:02] SAMPLE t=61s phase=Loss_spike adaptation=with_ML throughput_gbps=8.0994 latency_ms=72.2328
[2026-08-17T23:15:03] SAMPLE t=62s phase=Loss_spike adaptation=with_ML throughput_gbps=7.5747 latency_ms=70.6357
[2026-08-17T23:15:04] SAMPLE t=63s phase=Loss_spike adaptation=with_ML throughput_gbps=6.8077 latency_ms=68.5925
[2026-08-17T23:15:05] SAMPLE t=64s phase=Loss_spike adaptation=with_ML throughput_gbps=6.0541 latency_ms=70.9014
[2026-08-17T23:15:06] SAMPLE t=65s phase=Loss_spike adaptation=with_ML throughput_gbps=7.1791 latency_ms=68.0338
[2026-08-17T23:15:07] SAMPLE t=66s phase=Loss_spike adaptation=with_ML throughput_gbps=8.1677 latency_ms=71.8981
[2026-08-17T23:15:08] SAMPLE t=67s phase=Loss_spike adaptation=with_ML throughput_gbps=7.6271 latency_ms=68.8689
[2026-08-17T23:15:09] SAMPLE t=68s phase=Loss_spike adaptation=with_ML throughput_gbps=6.5853 latency_ms=70.9055
[2026-08-17T23:15:10] SAMPLE t=69s phase=Loss_spike adaptation=with_ML throughput_gbps=6.2191 latency_ms=71.4609
[2026-08-17T23:15:11] SAMPLE t=70s phase=Loss_spike adaptation=with_ML throughput_gbps=7.5956 latency_ms=67.5642
[2026-08-17T23:15:12] SAMPLE t=71s phase=Loss_spike adaptation=with_ML throughput_gbps=8.2892 latency_ms=71.0055
[2026-08-17T23:15:13] SAMPLE t=72s phase=Loss_spike adaptation=with_ML throughput_gbps=8.2425 latency_ms=70.6149
[2026-08-17T23:15:14] SAMPLE t=73s phase=Loss_spike adaptation=with_ML throughput_gbps=6.5761 latency_ms=70.8461
[2026-08-17T23:15:15] SAMPLE t=74s phase=Loss_spike adaptation=with_ML throughput_gbps=6.4099 latency_ms=70.7763
[2026-08-17T23:15:16] SAMPLE t=75s phase=Loss_spike adaptation=with_ML throughput_gbps=7.5379 latency_ms=67.7972
[2026-08-17T23:15:17] SAMPLE t=76s phase=Loss_spike adaptation=with_ML throughput_gbps=8.4538 latency_ms=72.8366
[2026-08-17T23:15:18] SAMPLE t=77s phase=Loss_spike adaptation=with_ML throughput_gbps=7.8317 latency_ms=69.1134
[2026-08-17T23:15:19] SAMPLE t=78s phase=Loss_spike adaptation=with_ML throughput_gbps=6.7232 latency_ms=69.1679
[2026-08-17T23:15:20] SAMPLE t=79s phase=Loss_spike adaptation=with_ML throughput_gbps=6.0885 latency_ms=72.3781
[2026-08-17T23:15:21] SAMPLE t=80s phase=Recovery adaptation=with_ML throughput_gbps=8.3954 latency_ms=64.6601
[2026-08-17T23:15:22] SAMPLE t=81s phase=Recovery adaptation=with_ML throughput_gbps=8.203 latency_ms=65.6555
[2026-08-17T23:15:23] SAMPLE t=82s phase=Recovery adaptation=with_ML throughput_gbps=8.3693 latency_ms=67.6066
[2026-08-17T23:15:24] SAMPLE t=83s phase=Recovery adaptation=with_ML throughput_gbps=7.9982 latency_ms=66.841
[2026-08-17T23:15:25] SAMPLE t=84s phase=Recovery adaptation=with_ML throughput_gbps=8.3997 latency_ms=66.785
[2026-08-17T23:15:26] SAMPLE t=85s phase=Recovery adaptation=with_ML throughput_gbps=8.2004 latency_ms=65.2225
[2026-08-17T23:15:27] SAMPLE t=86s phase=Recovery adaptation=with_ML throughput_gbps=7.867 latency_ms=65.1041
[2026-08-17T23:15:28] SAMPLE t=87s phase=Recovery adaptation=with_ML throughput_gbps=8.4362 latency_ms=66.2425
[2026-08-17T23:15:29] SAMPLE t=88s phase=Recovery adaptation=with_ML throughput_gbps=8.2494 latency_ms=67.2008
[2026-08-17T23:15:30] SAMPLE t=89s phase=Recovery adaptation=with_ML throughput_gbps=8.1029 latency_ms=64.2899
[2026-08-17T23:15:31] SAMPLE t=90s phase=Recovery adaptation=with_ML throughput_gbps=8.4007 latency_ms=66.8758
[2026-08-17T23:15:32] SAMPLE t=91s phase=Recovery adaptation=with_ML throughput_gbps=8.3934 latency_ms=65.0827
[2026-08-17T23:15:33] SAMPLE t=92s phase=Recovery adaptation=with_ML throughput_gbps=8.2422 latency_ms=63.9632
[2026-08-17T23:15:34] SAMPLE t=93s phase=Recovery adaptation=with_ML throughput_gbps=7.9946 latency_ms=66.2996
[2026-08-17T23:15:35] SAMPLE t=94s phase=Recovery adaptation=with_ML throughput_gbps=8.3413 latency_ms=64.3216
[2026-08-17T23:15:36] SAMPLE t=95s phase=Recovery adaptation=with_ML throughput_gbps=8.7071 latency_ms=65.6124
[2026-08-17T23:15:37] SAMPLE t=96s phase=Recovery adaptation=with_ML throughput_gbps=8.2277 latency_ms=65.9389
[2026-08-17T23:15:38] SAMPLE t=97s phase=Recovery adaptation=with_ML throughput_gbps=8.4925 latency_ms=64.9587
[2026-08-17T23:15:39] SAMPLE t=98s phase=Recovery adaptation=with_ML throughput_gbps=8.5784 latency_ms=65.5222
[2026-08-17T23:15:40] SAMPLE t=99s phase=Recovery adaptation=with_ML throughput_gbps=8.1212 latency_ms=64.2718
[2026-08-17T23:14:01] SAMPLE t=0s phase=Stable adaptation=without_ML throughput_gbps=8.0592 latency_ms=66.0328
[2026-08-17T23:14:02] SAMPLE t=1s phase=Stable adaptation=without_ML throughput_gbps=8.3128 latency_ms=64.6796
[2026-08-17T23:14:03] SAMPLE t=2s phase=Stable adaptation=without_ML throughput_gbps=8.066 latency_ms=66.2612
[2026-08-17T23:14:04] SAMPLE t=3s phase=Stable adaptation=without_ML throughput_gbps=7.7134 latency_ms=65.5567
[2026-08-17T23:14:05] SAMPLE t=4s phase=Stable adaptation=without_ML throughput_gbps=8.3695 latency_ms=66.3187
[2026-08-17T23:14:06] SAMPLE t=5s phase=Stable adaptation=without_ML throughput_gbps=8.0732 latency_ms=64.5878
[2026-08-17T23:14:07] SAMPLE t=6s phase=Stable adaptation=without_ML throughput_gbps=7.9039 latency_ms=65.1404
[2026-08-17T23:14:08] SAMPLE t=7s phase=Stable adaptation=without_ML throughput_gbps=8.147 latency_ms=67.2758
[2026-08-17T23:14:09] SAMPLE t=8s phase=Stable adaptation=without_ML throughput_gbps=8.5206 latency_ms=67.0131
[2026-08-17T23:14:10] SAMPLE t=9s phase=Stable adaptation=without_ML throughput_gbps=8.0506 latency_ms=65.6098
[2026-08-17T23:14:11] SAMPLE t=10s phase=Stable adaptation=without_ML throughput_gbps=8.0857 latency_ms=64.061
[2026-08-17T23:14:12] SAMPLE t=11s phase=Stable adaptation=without_ML throughput_gbps=7.7975 latency_ms=65.3271
[2026-08-17T23:14:13] SAMPLE t=12s phase=Stable adaptation=without_ML throughput_gbps=7.8499 latency_ms=67.7271
[2026-08-17T23:14:14] SAMPLE t=13s phase=Stable adaptation=without_ML throughput_gbps=7.9104 latency_ms=66.0238
[2026-08-17T23:14:15] SAMPLE t=14s phase=Stable adaptation=without_ML throughput_gbps=7.6995 latency_ms=65.4639
[2026-08-17T23:14:16] SAMPLE t=15s phase=Stable adaptation=without_ML throughput_gbps=8.102 latency_ms=66.6247
[2026-08-17T23:14:17] SAMPLE t=16s phase=Stable adaptation=without_ML throughput_gbps=7.936 latency_ms=66.3759
[2026-08-17T23:14:18] SAMPLE t=17s phase=Stable adaptation=without_ML throughput_gbps=7.8232 latency_ms=64.1871
[2026-08-17T23:14:19] SAMPLE t=18s phase=Stable adaptation=without_ML throughput_gbps=7.9013 latency_ms=65.5442
[2026-08-17T23:14:20] SAMPLE t=19s phase=Stable adaptation=without_ML throughput_gbps=8.4541 latency_ms=66.7085
[2026-08-17T23:14:21] SAMPLE t=20s phase=Congestion adaptation=without_ML throughput_gbps=7.7907 latency_ms=65.9446
[2026-08-17T23:14:22] SAMPLE t=21s phase=Congestion adaptation=without_ML throughput_gbps=8.4952 latency_ms=66.4594
[2026-08-17T23:14:23] SAMPLE t=22s phase=Congestion adaptation=without_ML throughput_gbps=8.1525 latency_ms=68.4439
[2026-08-17T23:14:24] SAMPLE t=23s phase=Congestion adaptation=without_ML throughput_gbps=8.02 latency_ms=66.6477
[2026-08-17T23:14:25] SAMPLE t=24s phase=Congestion adaptation=without_ML throughput_gbps=7.557 latency_ms=66.0817
[2026-08-17T23:14:26] SAMPLE t=25s phase=Congestion adaptation=without_ML throughput_gbps=7.8503 latency_ms=66.093
[2026-08-17T23:14:27] SAMPLE t=26s phase=Congestion adaptation=without_ML throughput_gbps=7.8522 latency_ms=65.8878
[2026-08-17T23:14:28] SAMPLE t=27s phase=Congestion adaptation=without_ML throughput_gbps=7.7814 latency_ms=67.897
[2026-08-17T23:14:29] SAMPLE t=28s phase=Congestion adaptation=without_ML throughput_gbps=7.6962 latency_ms=65.2245
[2026-08-17T23:14:30] SAMPLE t=29s phase=Congestion adaptation=without_ML throughput_gbps=8.1724 latency_ms=64.6183
[2026-08-17T23:14:31] SAMPLE t=30s phase=Congestion adaptation=without_ML throughput_gbps=8.5362 latency_ms=67.4399
[2026-08-17T23:14:32] SAMPLE t=31s phase=Congestion adaptation=without_ML throughput_gbps=7.8591 latency_ms=66.4925
[2026-08-17T23:14:33] SAMPLE t=32s phase=Congestion adaptation=without_ML throughput_gbps=7.7634 latency_ms=66.987
[2026-08-17T23:14:34] SAMPLE t=33s phase=Congestion adaptation=without_ML throughput_gbps=7.974 latency_ms=64.4924
[2026-08-17T23:14:35] SAMPLE t=34s phase=Congestion adaptation=without_ML throughput_gbps=8.2554 latency_ms=66.4046
[2026-08-17T23:14:36] SAMPLE t=35s phase=Congestion adaptation=without_ML throughput_gbps=7.6946 latency_ms=65.0741
[2026-08-17T23:14:37] SAMPLE t=36s phase=Congestion adaptation=without_ML throughput_gbps=8.1152 latency_ms=65.4448
[2026-08-17T23:14:38] SAMPLE t=37s phase=Congestion adaptation=without_ML throughput_gbps=8.0656 latency_ms=64.7241
[2026-08-17T23:14:39] SAMPLE t=38s phase=Congestion adaptation=without_ML throughput_gbps=7.8925 latency_ms=65.9677
[2026-08-17T23:14:40] SAMPLE t=39s phase=Congestion adaptation=without_ML throughput_gbps=7.8841 latency_ms=63.2074
[2026-08-17T23:14:41] SAMPLE t=40s phase=Path_change adaptation=without_ML throughput_gbps=7.7529 latency_ms=65.1782
[2026-08-17T23:14:42] SAMPLE t=41s phase=Path_change adaptation=without_ML throughput_gbps=7.9341 latency_ms=68.9211
[2026-08-17T23:14:43] SAMPLE t=42s phase=Path_change adaptation=without_ML throughput_gbps=7.4424 latency_ms=69.2627
[2026-08-17T23:14:44] SAMPLE t=43s phase=Path_change adaptation=without_ML throughput_gbps=7.0057 latency_ms=70.5243
[2026-08-17T23:14:45] SAMPLE t=44s phase=Path_change adaptation=without_ML throughput_gbps=6.81 latency_ms=68.7863
[2026-08-17T23:14:46] SAMPLE t=45s phase=Path_change adaptation=without_ML throughput_gbps=6.476 latency_ms=73.1315
[2026-08-17T23:14:47] SAMPLE t=46s phase=Path_change adaptation=without_ML throughput_gbps=6.3755 latency_ms=73.7018
[2026-08-17T23:14:48] SAMPLE t=47s phase=Path_change adaptation=without_ML throughput_gbps=5.9759 latency_ms=70.4456
[2026-08-17T23:14:49] SAMPLE t=48s phase=Path_change adaptation=without_ML throughput_gbps=5.7914 latency_ms=73.0357
[2026-08-17T23:14:50] SAMPLE t=49s phase=Path_change adaptation=without_ML throughput_gbps=5.544 latency_ms=75.4551
[2026-08-17T23:14:51] SAMPLE t=50s phase=Path_change adaptation=without_ML throughput_gbps=5.7149 latency_ms=72.9721
[2026-08-17T23:14:52] SAMPLE t=51s phase=Path_change adaptation=without_ML throughput_gbps=5.7591 latency_ms=72.2979
[2026-08-17T23:14:53] SAMPLE t=52s phase=Path_change adaptation=without_ML throughput_gbps=5.8185 latency_ms=73.8586
[2026-08-17T23:14:54] SAMPLE t=53s phase=Path_change adaptation=without_ML throughput_gbps=5.8032 latency_ms=72.4639
[2026-08-17T23:14:55] SAMPLE t=54s phase=Path_change adaptation=without_ML throughput_gbps=6.0293 latency_ms=71.3127
[2026-08-17T23:14:56] SAMPLE t=55s phase=Path_change adaptation=without_ML throughput_gbps=6.4243 latency_ms=70.7319
[2026-08-17T23:14:57] SAMPLE t=56s phase=Path_change adaptation=without_ML throughput_gbps=6.5116 latency_ms=69.7787
[2026-08-17T23:14:58] SAMPLE t=57s phase=Path_change adaptation=without_ML throughput_gbps=7.0372 latency_ms=69.2142
[2026-08-17T23:14:59] SAMPLE t=58s phase=Path_change adaptation=without_ML throughput_gbps=7.7392 latency_ms=66.7249
[2026-08-17T23:15:00] SAMPLE t=59s phase=Path_change adaptation=without_ML throughput_gbps=7.7671 latency_ms=68.7856
[2026-08-17T23:15:01] SAMPLE t=60s phase=Loss_spike adaptation=without_ML throughput_gbps=6.3639 latency_ms=70.3216
[2026-08-17T23:15:02] SAMPLE t=61s phase=Loss_spike adaptation=without_ML throughput_gbps=8.2949 latency_ms=79.325
[2026-08-17T23:15:03] SAMPLE t=62s phase=Loss_spike adaptation=without_ML throughput_gbps=7.3431 latency_ms=74.238
[2026-08-17T23:15:04] SAMPLE t=63s phase=Loss_spike adaptation=without_ML throughput_gbps=4.7864 latency_ms=76.1326
[2026-08-17T23:15:05] SAMPLE t=64s phase=Loss_spike adaptation=without_ML throughput_gbps=3.7789 latency_ms=79.0341
[2026-08-17T23:15:06] SAMPLE t=65s phase=Loss_spike adaptation=without_ML throughput_gbps=5.7959 latency_ms=69.0566
[2026-08-17T23:15:07] SAMPLE t=66s phase=Loss_spike adaptation=without_ML throughput_gbps=8.5093 latency_ms=83.0838
[2026-08-17T23:15:08] SAMPLE t=67s phase=Loss_spike adaptation=without_ML throughput_gbps=8.0756 latency_ms=74.3812
[2026-08-17T23:15:09] SAMPLE t=68s phase=Loss_spike adaptation=without_ML throughput_gbps=4.7376 latency_ms=77.4731
[2026-08-17T23:15:10] SAMPLE t=69s phase=Loss_spike adaptation=without_ML throughput_gbps=3.9781 latency_ms=80.0035
[2026-08-17T23:15:11] SAMPLE t=70s phase=Loss_spike adaptation=without_ML throughput_gbps=6.038 latency_ms=69.3999
[2026-08-17T23:15:12] SAMPLE t=71s phase=Loss_spike adaptation=without_ML throughput_gbps=8.4387 latency_ms=79.3357
[2026-08-17T23:15:13] SAMPLE t=72s phase=Loss_spike adaptation=without_ML throughput_gbps=7.6903 latency_ms=78.5777
[2026-08-17T23:15:14] SAMPLE t=73s phase=Loss_spike adaptation=without_ML throughput_gbps=4.8261 latency_ms=76.8703
[2026-08-17T23:15:15] SAMPLE t=74s phase=Loss_spike adaptation=without_ML throughput_gbps=3.8867 latency_ms=78.592
[2026-08-17T23:15:16] SAMPLE t=75s phase=Loss_spike adaptation=without_ML throughput_gbps=6.3859 latency_ms=68.822
[2026-08-17T23:15:17] SAMPLE t=76s phase=Loss_spike adaptation=without_ML throughput_gbps=8.3093 latency_ms=80.8117
[2026-08-17T23:15:18] SAMPLE t=77s phase=Loss_spike adaptation=without_ML throughput_gbps=7.5112 latency_ms=72.987
[2026-08-17T23:15:19] SAMPLE t=78s phase=Loss_spike adaptation=without_ML throughput_gbps=5.047 latency_ms=77.7307
[2026-08-17T23:15:20] SAMPLE t=79s phase=Loss_spike adaptation=without_ML throughput_gbps=4.1167 latency_ms=81.1269
[2026-08-17T23:15:21] SAMPLE t=80s phase=Recovery adaptation=without_ML throughput_gbps=8.1575 latency_ms=65.8852
[2026-08-17T23:15:22] SAMPLE t=81s phase=Recovery adaptation=without_ML throughput_gbps=7.989 latency_ms=66.6984
[2026-08-17T23:15:23] SAMPLE t=82s phase=Recovery adaptation=without_ML throughput_gbps=7.9164 latency_ms=67.1692
[2026-08-17T23:15:24] SAMPLE t=83s phase=Recovery adaptation=without_ML throughput_gbps=8.0783 latency_ms=65.3994
[2026-08-17T23:15:25] SAMPLE t=84s phase=Recovery adaptation=without_ML throughput_gbps=7.7652 latency_ms=64.8627
[2026-08-17T23:15:26] SAMPLE t=85s phase=Recovery adaptation=without_ML throughput_gbps=7.7904 latency_ms=65.6751
[2026-08-17T23:15:27] SAMPLE t=86s phase=Recovery adaptation=without_ML throughput_gbps=7.8108 latency_ms=65.724
[2026-08-17T23:15:28] SAMPLE t=87s phase=Recovery adaptation=without_ML throughput_gbps=7.8589 latency_ms=64.2507
[2026-08-17T23:15:29] SAMPLE t=88s phase=Recovery adaptation=without_ML throughput_gbps=7.8785 latency_ms=62.5833
[2026-08-17T23:15:30] SAMPLE t=89s phase=Recovery adaptation=without_ML throughput_gbps=7.8113 latency_ms=66.0517
[2026-08-17T23:15:31] SAMPLE t=90s phase=Recovery adaptation=without_ML throughput_gbps=8.018 latency_ms=65.7011
[2026-08-17T23:15:32] SAMPLE t=91s phase=Recovery adaptation=without_ML throughput_gbps=8.416 latency_ms=67.2912
[2026-08-17T23:15:33] SAMPLE t=92s phase=Recovery adaptation=without_ML throughput_gbps=7.9168 latency_ms=64.3834
[2026-08-17T23:15:34] SAMPLE t=93s phase=Recovery adaptation=without_ML throughput_gbps=7.6498 latency_ms=66.4206
[2026-08-17T23:15:35] SAMPLE t=94s phase=Recovery adaptation=without_ML throughput_gbps=7.91 latency_ms=64.2555
[2026-08-17T23:15:36] SAMPLE t=95s phase=Recovery adaptation=without_ML throughput_gbps=8.0815 latency_ms=66.655
[2026-08-17T23:15:37] SAMPLE t=96s phase=Recovery adaptation=without_ML throughput_gbps=7.8535 latency_ms=66.378
[2026-08-17T23:15:38] SAMPLE t=97s phase=Recovery adaptation=without_ML throughput_gbps=7.5262 latency_ms=65.7654
[2026-08-17T23:15:39] SAMPLE t=98s phase=Recovery adaptation=without_ML throughput_gbps=8.3072 latency_ms=65.2252
[2026-08-17T23:15:40] SAMPLE t=99s phase=Recovery adaptation=without_ML throughput_gbps=8.1952 latency_ms=65.9093
[2026-08-17T23:14:01] TRACE_END run_id=142 status=OK
[2026-08-18T06:03:33] TRACE_START run_id=143
[2026-08-18T06:03:33] SAMPLE t=0s phase=Stable adaptation=with_ML throughput_gbps=8.2244 latency_ms=66.4274
[2026-08-18T06:03:34] SAMPLE t=1s phase=Stable adaptation=with_ML throughput_gbps=8.3563 latency_ms=67.2931
[2026-08-18T06:03:35] SAMPLE t=2s phase=Stable adaptation=with_ML throughput_gbps=7.7587 latency_ms=65.2882
[2026-08-18T06:03:36] SAMPLE t=3s phase=Stable adaptation=with_ML throughput_gbps=7.6829 latency_ms=66.9267
[2026-08-18T06:03:37] SAMPLE t=4s phase=Stable adaptation=with_ML throughput_gbps=7.9171 latency_ms=67.1298
[2026-08-18T06:03:38] SAMPLE t=5s phase=Stable adaptation=with_ML throughput_gbps=8.1254 latency_ms=67.5736
[2026-08-18T06:03:39] SAMPLE t=6s phase=Stable adaptation=with_ML throughput_gbps=8.2159 latency_ms=68.4255
[2026-08-18T06:03:40] SAMPLE t=7s phase=Stable adaptation=with_ML throughput_gbps=7.8139 latency_ms=64.9639
[2026-08-18T06:03:41] SAMPLE t=8s phase=Stable adaptation=with_ML throughput_gbps=8.2296 latency_ms=67.5465
[2026-08-18T06:03:42] SAMPLE t=9s phase=Stable adaptation=with_ML throughput_gbps=8.263 latency_ms=65.8653
[2026-08-18T06:03:43] SAMPLE t=10s phase=Stable adaptation=with_ML throughput_gbps=7.9331 latency_ms=67.0025
[2026-08-18T06:03:44] SAMPLE t=11s phase=Stable adaptation=with_ML throughput_gbps=8.2147 latency_ms=66.2507
[2026-08-18T06:03:45] SAMPLE t=12s phase=Stable adaptation=with_ML throughput_gbps=8.1566 latency_ms=64.7635
[2026-08-18T06:03:46] SAMPLE t=13s phase=Stable adaptation=with_ML throughput_gbps=8.1157 latency_ms=66.2723
[2026-08-18T06:03:47] SAMPLE t=14s phase=Stable adaptation=with_ML throughput_gbps=8.2772 latency_ms=64.1081
[2026-08-18T06:03:48] SAMPLE t=15s phase=Stable adaptation=with_ML throughput_gbps=8.3245 latency_ms=67.1882
[2026-08-18T06:03:49] SAMPLE t=16s phase=Stable adaptation=with_ML throughput_gbps=8.1536 latency_ms=65.5846
[2026-08-18T06:03:50] SAMPLE t=17s phase=Stable adaptation=with_ML throughput_gbps=8.1906 latency_ms=65.3944
[2026-08-18T06:03:51] SAMPLE t=18s phase=Stable adaptation=with_ML throughput_gbps=8.1437 latency_ms=67.611
[2026-08-18T06:03:52] SAMPLE t=19s phase=Stable adaptation=with_ML throughput_gbps=8.264 latency_ms=67.5276
[2026-08-18T06:03:53] SAMPLE t=20s phase=Congestion adaptation=with_ML throughput_gbps=8.3389 latency_ms=68.4617
[2026-08-18T06:03:54] SAMPLE t=21s phase=Congestion adaptation=with_ML throughput_gbps=8.089 latency_ms=65.4321
[2026-08-18T06:03:55] SAMPLE t=22s phase=Congestion adaptation=with_ML throughput_gbps=8.2166 latency_ms=65.806
[2026-08-18T06:03:56] SAMPLE t=23s phase=Congestion adaptation=with_ML throughput_gbps=7.9787 latency_ms=65.8621
[2026-08-18T06:03:57] SAMPLE t=24s phase=Congestion adaptation=with_ML throughput_gbps=8.1774 latency_ms=65.6248
[2026-08-18T06:03:58] SAMPLE t=25s phase=Congestion adaptation=with_ML throughput_gbps=8.1849 latency_ms=67.8193
[2026-08-18T06:03:59] SAMPLE t=26s phase=Congestion adaptation=with_ML throughput_gbps=7.9039 latency_ms=69.2865
[2026-08-18T06:04:00] SAMPLE t=27s phase=Congestion adaptation=with_ML throughput_gbps=8.1299 latency_ms=65.8801
[2026-08-18T06:04:01] SAMPLE t=28s phase=Congestion adaptation=with_ML throughput_gbps=8.021 latency_ms=66.618
[2026-08-18T06:04:02] SAMPLE t=29s phase=Congestion adaptation=with_ML throughput_gbps=7.8759 latency_ms=66.3084
[2026-08-18T06:04:03] SAMPLE t=30s phase=Congestion adaptation=with_ML throughput_gbps=8.099 latency_ms=65.7437
[2026-08-18T06:04:04] SAMPLE t=31s phase=Congestion adaptation=with_ML throughput_gbps=8.1787 latency_ms=66.873
[2026-08-18T06:04:05] SAMPLE t=32s phase=Congestion adaptation=with_ML throughput_gbps=7.9707 latency_ms=65.9804
[2026-08-18T06:04:06] SAMPLE t=33s phase=Congestion adaptation=with_ML throughput_gbps=8.304 latency_ms=66.7513
[2026-08-18T06:04:07] SAMPLE t=34s phase=Congestion adaptation=with_ML throughput_gbps=8.3131 latency_ms=67.588
[2026-08-18T06:04:08] SAMPLE t=35s phase=Congestion adaptation=with_ML throughput_gbps=8.3315 latency_ms=65.2254
[2026-08-18T06:04:09] SAMPLE t=36s phase=Congestion adaptation=with_ML throughput_gbps=8.0285 latency_ms=66.144
[2026-08-18T06:04:10] SAMPLE t=37s phase=Congestion adaptation=with_ML throughput_gbps=8.1735 latency_ms=64.5608
[2026-08-18T06:04:11] SAMPLE t=38s phase=Congestion adaptation=with_ML throughput_gbps=8.2878 latency_ms=66.2749
[2026-08-18T06:04:12] SAMPLE t=39s phase=Congestion adaptation=with_ML throughput_gbps=8.2574 latency_ms=66.7374
[2026-08-18T06:04:13] SAMPLE t=40s phase=Path_change adaptation=with_ML throughput_gbps=8.0766 latency_ms=67.6666
[2026-08-18T06:04:14] SAMPLE t=41s phase=Path_change adaptation=with_ML throughput_gbps=7.6588 latency_ms=67.4192
[2026-08-18T06:04:15] SAMPLE t=42s phase=Path_change adaptation=with_ML throughput_gbps=7.9397 latency_ms=68.0403
[2026-08-18T06:04:16] SAMPLE t=43s phase=Path_change adaptation=with_ML throughput_gbps=7.6614 latency_ms=68.5131
[2026-08-18T06:04:17] SAMPLE t=44s phase=Path_change adaptation=with_ML throughput_gbps=7.5919 latency_ms=65.8504
[2026-08-18T06:04:18] SAMPLE t=45s phase=Path_change adaptation=with_ML throughput_gbps=7.3476 latency_ms=67.893
[2026-08-18T06:04:19] SAMPLE t=46s phase=Path_change adaptation=with_ML throughput_gbps=7.6008 latency_ms=66.7217
[2026-08-18T06:04:20] SAMPLE t=47s phase=Path_change adaptation=with_ML throughput_gbps=7.1889 latency_ms=68.0586
[2026-08-18T06:04:21] SAMPLE t=48s phase=Path_change adaptation=with_ML throughput_gbps=7.1204 latency_ms=68.1493
[2026-08-18T06:04:22] SAMPLE t=49s phase=Path_change adaptation=with_ML throughput_gbps=7.2291 latency_ms=68.6809
[2026-08-18T06:04:23] SAMPLE t=50s phase=Path_change adaptation=with_ML throughput_gbps=7.4929 latency_ms=68.9896
[2026-08-18T06:04:24] SAMPLE t=51s phase=Path_change adaptation=with_ML throughput_gbps=7.2468 latency_ms=69.9124
[2026-08-18T06:04:25] SAMPLE t=52s phase=Path_change adaptation=with_ML throughput_gbps=7.3536 latency_ms=68.5797
[2026-08-18T06:04:26] SAMPLE t=53s phase=Path_change adaptation=with_ML throughput_gbps=7.168 latency_ms=66.5023
[2026-08-18T06:04:27] SAMPLE t=54s phase=Path_change adaptation=with_ML throughput_gbps=7.0197 latency_ms=70.2639
[2026-08-18T06:04:28] SAMPLE t=55s phase=Path_change adaptation=with_ML throughput_gbps=7.6322 latency_ms=67.1336
[2026-08-18T06:04:29] SAMPLE t=56s phase=Path_change adaptation=with_ML throughput_gbps=7.678 latency_ms=67.0508
[2026-08-18T06:04:30] SAMPLE t=57s phase=Path_change adaptation=with_ML throughput_gbps=7.6739 latency_ms=67.7143
[2026-08-18T06:04:31] SAMPLE t=58s phase=Path_change adaptation=with_ML throughput_gbps=7.6949 latency_ms=67.147
[2026-08-18T06:04:32] SAMPLE t=59s phase=Path_change adaptation=with_ML throughput_gbps=8.0818 latency_ms=68.8734
[2026-08-18T06:04:33] SAMPLE t=60s phase=Loss_spike adaptation=with_ML throughput_gbps=7.4123 latency_ms=68.2109
[2026-08-18T06:04:34] SAMPLE t=61s phase=Loss_spike adaptation=with_ML throughput_gbps=8.0994 latency_ms=70.7779
[2026-08-18T06:04:35] SAMPLE t=62s phase=Loss_spike adaptation=with_ML throughput_gbps=7.7536 latency_ms=68.3225
[2026-08-18T06:04:36] SAMPLE t=63s phase=Loss_spike adaptation=with_ML throughput_gbps=6.5542 latency_ms=71.3839
[2026-08-18T06:04:37] SAMPLE t=64s phase=Loss_spike adaptation=with_ML throughput_gbps=6.1193 latency_ms=69.7375
[2026-08-18T06:04:38] SAMPLE t=65s phase=Loss_spike adaptation=with_ML throughput_gbps=7.342 latency_ms=68.7899
[2026-08-18T06:04:39] SAMPLE t=66s phase=Loss_spike adaptation=with_ML throughput_gbps=8.66 latency_ms=70.986
[2026-08-18T06:04:40] SAMPLE t=67s phase=Loss_spike adaptation=with_ML throughput_gbps=8.1566 latency_ms=69.2865
[2026-08-18T06:04:41] SAMPLE t=68s phase=Loss_spike adaptation=with_ML throughput_gbps=7.1034 latency_ms=68.8986
[2026-08-18T06:04:42] SAMPLE t=69s phase=Loss_spike adaptation=with_ML throughput_gbps=6.3223 latency_ms=71.2588
[2026-08-18T06:04:43] SAMPLE t=70s phase=Loss_spike adaptation=with_ML throughput_gbps=7.5691 latency_ms=67.773
[2026-08-18T06:04:44] SAMPLE t=71s phase=Loss_spike adaptation=with_ML throughput_gbps=7.9435 latency_ms=71.0388
[2026-08-18T06:04:45] SAMPLE t=72s phase=Loss_spike adaptation=with_ML throughput_gbps=7.7766 latency_ms=69.8605
[2026-08-18T06:04:46] SAMPLE t=73s phase=Loss_spike adaptation=with_ML throughput_gbps=6.3832 latency_ms=71.2005
[2026-08-18T06:04:47] SAMPLE t=74s phase=Loss_spike adaptation=with_ML throughput_gbps=6.2157 latency_ms=72.5411
[2026-08-18T06:04:48] SAMPLE t=75s phase=Loss_spike adaptation=with_ML throughput_gbps=7.4546 latency_ms=66.9216
[2026-08-18T06:04:49] SAMPLE t=76s phase=Loss_spike adaptation=with_ML throughput_gbps=8.2606 latency_ms=70.3075
[2026-08-18T06:04:50] SAMPLE t=77s phase=Loss_spike adaptation=with_ML throughput_gbps=7.8595 latency_ms=71.2833
[2026-08-18T06:04:51] SAMPLE t=78s phase=Loss_spike adaptation=with_ML throughput_gbps=6.8161 latency_ms=68.4921
[2026-08-18T06:04:52] SAMPLE t=79s phase=Loss_spike adaptation=with_ML throughput_gbps=6.473 latency_ms=68.573
[2026-08-18T06:04:53] SAMPLE t=80s phase=Recovery adaptation=with_ML throughput_gbps=8.3237 latency_ms=64.7386
[2026-08-18T06:04:54] SAMPLE t=81s phase=Recovery adaptation=with_ML throughput_gbps=8.2284 latency_ms=64.1191
[2026-08-18T06:04:55] SAMPLE t=82s phase=Recovery adaptation=with_ML throughput_gbps=8.3778 latency_ms=66.9627
[2026-08-18T06:04:56] SAMPLE t=83s phase=Recovery adaptation=with_ML throughput_gbps=8.515 latency_ms=66.6121
[2026-08-18T06:04:57] SAMPLE t=84s phase=Recovery adaptation=with_ML throughput_gbps=8.012 latency_ms=66.5675
[2026-08-18T06:04:58] SAMPLE t=85s phase=Recovery adaptation=with_ML throughput_gbps=7.9628 latency_ms=64.5536
[2026-08-18T06:04:59] SAMPLE t=86s phase=Recovery adaptation=with_ML throughput_gbps=8.3024 latency_ms=66.7745
[2026-08-18T06:05:00] SAMPLE t=87s phase=Recovery adaptation=with_ML throughput_gbps=8.2787 latency_ms=65.2383
[2026-08-18T06:05:01] SAMPLE t=88s phase=Recovery adaptation=with_ML throughput_gbps=8.3459 latency_ms=66.8979
[2026-08-18T06:05:02] SAMPLE t=89s phase=Recovery adaptation=with_ML throughput_gbps=8.2319 latency_ms=65.9576
[2026-08-18T06:05:03] SAMPLE t=90s phase=Recovery adaptation=with_ML throughput_gbps=8.5454 latency_ms=67.4725
[2026-08-18T06:05:04] SAMPLE t=91s phase=Recovery adaptation=with_ML throughput_gbps=8.4022 latency_ms=65.1833
[2026-08-18T06:05:05] SAMPLE t=92s phase=Recovery adaptation=with_ML throughput_gbps=8.3959 latency_ms=63.8331
[2026-08-18T06:05:06] SAMPLE t=93s phase=Recovery adaptation=with_ML throughput_gbps=8.077 latency_ms=63.7475
[2026-08-18T06:05:07] SAMPLE t=94s phase=Recovery adaptation=with_ML throughput_gbps=8.371 latency_ms=63.8542
[2026-08-18T06:05:08] SAMPLE t=95s phase=Recovery adaptation=with_ML throughput_gbps=8.6713 latency_ms=65.6877
[2026-08-18T06:05:09] SAMPLE t=96s phase=Recovery adaptation=with_ML throughput_gbps=8.4491 latency_ms=64.1251
[2026-08-18T06:05:10] SAMPLE t=97s phase=Recovery adaptation=with_ML throughput_gbps=8.2794 latency_ms=65.563
[2026-08-18T06:05:11] SAMPLE t=98s phase=Recovery adaptation=with_ML throughput_gbps=7.9784 latency_ms=63.4591
[2026-08-18T06:05:12] SAMPLE t=99s phase=Recovery adaptation=with_ML throughput_gbps=8.3791 latency_ms=66.3466
[2026-08-18T06:03:33] SAMPLE t=0s phase=Stable adaptation=without_ML throughput_gbps=7.8961 latency_ms=65.1919
[2026-08-18T06:03:34] SAMPLE t=1s phase=Stable adaptation=without_ML throughput_gbps=7.7046 latency_ms=67.8233
[2026-08-18T06:03:35] SAMPLE t=2s phase=Stable adaptation=without_ML throughput_gbps=7.7858 latency_ms=64.5118
[2026-08-18T06:03:36] SAMPLE t=3s phase=Stable adaptation=without_ML throughput_gbps=7.8892 latency_ms=67.3641
[2026-08-18T06:03:37] SAMPLE t=4s phase=Stable adaptation=without_ML throughput_gbps=7.7491 latency_ms=66.0873
[2026-08-18T06:03:38] SAMPLE t=5s phase=Stable adaptation=without_ML throughput_gbps=8.0535 latency_ms=65.7506
[2026-08-18T06:03:39] SAMPLE t=6s phase=Stable adaptation=without_ML throughput_gbps=8.1159 latency_ms=64.7649
[2026-08-18T06:03:40] SAMPLE t=7s phase=Stable adaptation=without_ML throughput_gbps=8.0429 latency_ms=63.6835
[2026-08-18T06:03:41] SAMPLE t=8s phase=Stable adaptation=without_ML throughput_gbps=7.7561 latency_ms=65.7292
[2026-08-18T06:03:42] SAMPLE t=9s phase=Stable adaptation=without_ML throughput_gbps=8.1401 latency_ms=65.8025
[2026-08-18T06:03:43] SAMPLE t=10s phase=Stable adaptation=without_ML throughput_gbps=7.9385 latency_ms=65.5114
[2026-08-18T06:03:44] SAMPLE t=11s phase=Stable adaptation=without_ML throughput_gbps=7.9879 latency_ms=65.9041
[2026-08-18T06:03:45] SAMPLE t=12s phase=Stable adaptation=without_ML throughput_gbps=7.9939 latency_ms=64.9901
[2026-08-18T06:03:46] SAMPLE t=13s phase=Stable adaptation=without_ML throughput_gbps=7.4205 latency_ms=67.6664
[2026-08-18T06:03:47] SAMPLE t=14s phase=Stable adaptation=without_ML throughput_gbps=8.2903 latency_ms=64.3233
[2026-08-18T06:03:48] SAMPLE t=15s phase=Stable adaptation=without_ML throughput_gbps=7.9973 latency_ms=67.4331
[2026-08-18T06:03:49] SAMPLE t=16s phase=Stable adaptation=without_ML throughput_gbps=8.1065 latency_ms=67.6399
[2026-08-18T06:03:50] SAMPLE t=17s phase=Stable adaptation=without_ML throughput_gbps=7.8224 latency_ms=62.5961
[2026-08-18T06:03:51] SAMPLE t=18s phase=Stable adaptation=without_ML throughput_gbps=7.811 latency_ms=64.4365
[2026-08-18T06:03:52] SAMPLE t=19s phase=Stable adaptation=without_ML throughput_gbps=8.0249 latency_ms=66.1456
[2026-08-18T06:03:53] SAMPLE t=20s phase=Congestion adaptation=without_ML throughput_gbps=8.2013 latency_ms=66.5169
[2026-08-18T06:03:54] SAMPLE t=21s phase=Congestion adaptation=without_ML throughput_gbps=8.2069 latency_ms=67.0159
[2026-08-18T06:03:55] SAMPLE t=22s phase=Congestion adaptation=without_ML throughput_gbps=7.751 latency_ms=65.681
[2026-08-18T06:03:56] SAMPLE t=23s phase=Congestion adaptation=without_ML throughput_gbps=7.9896 latency_ms=66.5801
[2026-08-18T06:03:57] SAMPLE t=24s phase=Congestion adaptation=without_ML throughput_gbps=7.8616 latency_ms=68.2833
[2026-08-18T06:03:58] SAMPLE t=25s phase=Congestion adaptation=without_ML throughput_gbps=8.0313 latency_ms=65.637
[2026-08-18T06:03:59] SAMPLE t=26s phase=Congestion adaptation=without_ML throughput_gbps=8.0883 latency_ms=64.3086
[2026-08-18T06:04:00] SAMPLE t=27s phase=Congestion adaptation=without_ML throughput_gbps=8.208 latency_ms=65.7011
[2026-08-18T06:04:01] SAMPLE t=28s phase=Congestion adaptation=without_ML throughput_gbps=7.7941 latency_ms=62.9622
[2026-08-18T06:04:02] SAMPLE t=29s phase=Congestion adaptation=without_ML throughput_gbps=7.8915 latency_ms=63.7539
[2026-08-18T06:04:03] SAMPLE t=30s phase=Congestion adaptation=without_ML throughput_gbps=7.6154 latency_ms=66.6134
[2026-08-18T06:04:04] SAMPLE t=31s phase=Congestion adaptation=without_ML throughput_gbps=8.0205 latency_ms=66.9182
[2026-08-18T06:04:05] SAMPLE t=32s phase=Congestion adaptation=without_ML throughput_gbps=8.0284 latency_ms=66.365
[2026-08-18T06:04:06] SAMPLE t=33s phase=Congestion adaptation=without_ML throughput_gbps=7.8087 latency_ms=66.317
[2026-08-18T06:04:07] SAMPLE t=34s phase=Congestion adaptation=without_ML throughput_gbps=8.2459 latency_ms=65.9204
[2026-08-18T06:04:08] SAMPLE t=35s phase=Congestion adaptation=without_ML throughput_gbps=7.9568 latency_ms=66.1425
[2026-08-18T06:04:09] SAMPLE t=36s phase=Congestion adaptation=without_ML throughput_gbps=8.073 latency_ms=67.2743
[2026-08-18T06:04:10] SAMPLE t=37s phase=Congestion adaptation=without_ML throughput_gbps=8.3454 latency_ms=62.9533
[2026-08-18T06:04:11] SAMPLE t=38s phase=Congestion adaptation=without_ML throughput_gbps=7.6952 latency_ms=67.2817
[2026-08-18T06:04:12] SAMPLE t=39s phase=Congestion adaptation=without_ML throughput_gbps=8.0569 latency_ms=65.7168
[2026-08-18T06:04:13] SAMPLE t=40s phase=Path_change adaptation=without_ML throughput_gbps=8.1175 latency_ms=64.9379
[2026-08-18T06:04:14] SAMPLE t=41s phase=Path_change adaptation=without_ML throughput_gbps=7.794 latency_ms=67.5605
[2026-08-18T06:04:15] SAMPLE t=42s phase=Path_change adaptation=without_ML throughput_gbps=7.0661 latency_ms=67.5167
[2026-08-18T06:04:16] SAMPLE t=43s phase=Path_change adaptation=without_ML throughput_gbps=6.9075 latency_ms=71.3463
[2026-08-18T06:04:17] SAMPLE t=44s phase=Path_change adaptation=without_ML throughput_gbps=6.9094 latency_ms=71.0091
[2026-08-18T06:04:18] SAMPLE t=45s phase=Path_change adaptation=without_ML throughput_gbps=6.4394 latency_ms=72.5978
[2026-08-18T06:04:19] SAMPLE t=46s phase=Path_change adaptation=without_ML throughput_gbps=6.1861 latency_ms=72.1728
[2026-08-18T06:04:20] SAMPLE t=47s phase=Path_change adaptation=without_ML throughput_gbps=6.124 latency_ms=73.7618
[2026-08-18T06:04:21] SAMPLE t=48s phase=Path_change adaptation=without_ML throughput_gbps=6.219 latency_ms=76.192
[2026-08-18T06:04:22] SAMPLE t=49s phase=Path_change adaptation=without_ML throughput_gbps=5.7004 latency_ms=72.1559
[2026-08-18T06:04:23] SAMPLE t=50s phase=Path_change adaptation=without_ML throughput_gbps=6.0503 latency_ms=73.092
[2026-08-18T06:04:24] SAMPLE t=51s phase=Path_change adaptation=without_ML throughput_gbps=5.6362 latency_ms=72.5082
[2026-08-18T06:04:25] SAMPLE t=52s phase=Path_change adaptation=without_ML throughput_gbps=6.2338 latency_ms=74.7889
[2026-08-18T06:04:26] SAMPLE t=53s phase=Path_change adaptation=without_ML throughput_gbps=5.855 latency_ms=73.7239
[2026-08-18T06:04:27] SAMPLE t=54s phase=Path_change adaptation=without_ML throughput_gbps=6.2395 latency_ms=72.8493
[2026-08-18T06:04:28] SAMPLE t=55s phase=Path_change adaptation=without_ML throughput_gbps=6.4452 latency_ms=71.8009
[2026-08-18T06:04:29] SAMPLE t=56s phase=Path_change adaptation=without_ML throughput_gbps=6.515 latency_ms=70.3493
[2026-08-18T06:04:30] SAMPLE t=57s phase=Path_change adaptation=without_ML throughput_gbps=7.1529 latency_ms=68.3881
[2026-08-18T06:04:31] SAMPLE t=58s phase=Path_change adaptation=without_ML throughput_gbps=7.2191 latency_ms=68.0515
[2026-08-18T06:04:32] SAMPLE t=59s phase=Path_change adaptation=without_ML throughput_gbps=7.6239 latency_ms=66.7328
[2026-08-18T06:04:33] SAMPLE t=60s phase=Loss_spike adaptation=without_ML throughput_gbps=6.1466 latency_ms=70.6305
[2026-08-18T06:04:34] SAMPLE t=61s phase=Loss_spike adaptation=without_ML throughput_gbps=8.6034 latency_ms=80.6668
[2026-08-18T06:04:35] SAMPLE t=62s phase=Loss_spike adaptation=without_ML throughput_gbps=7.7163 latency_ms=78.0746
[2026-08-18T06:04:36] SAMPLE t=63s phase=Loss_spike adaptation=without_ML throughput_gbps=4.9148 latency_ms=76.7943
[2026-08-18T06:04:37] SAMPLE t=64s phase=Loss_spike adaptation=without_ML throughput_gbps=3.9716 latency_ms=84.1622
[2026-08-18T06:04:38] SAMPLE t=65s phase=Loss_spike adaptation=without_ML throughput_gbps=6.0988 latency_ms=69.9572
[2026-08-18T06:04:39] SAMPLE t=66s phase=Loss_spike adaptation=without_ML throughput_gbps=8.172 latency_ms=79.152
[2026-08-18T06:04:40] SAMPLE t=67s phase=Loss_spike adaptation=without_ML throughput_gbps=7.628 latency_ms=78.4973
[2026-08-18T06:04:41] SAMPLE t=68s phase=Loss_spike adaptation=without_ML throughput_gbps=4.7907 latency_ms=74.4575
[2026-08-18T06:04:42] SAMPLE t=69s phase=Loss_spike adaptation=without_ML throughput_gbps=3.9511 latency_ms=80.7053
[2026-08-18T06:04:43] SAMPLE t=70s phase=Loss_spike adaptation=without_ML throughput_gbps=6.2103 latency_ms=70.3404
[2026-08-18T06:04:44] SAMPLE t=71s phase=Loss_spike adaptation=without_ML throughput_gbps=8.4676 latency_ms=79.583
[2026-08-18T06:04:45] SAMPLE t=72s phase=Loss_spike adaptation=without_ML throughput_gbps=7.7482 latency_ms=74.6723
[2026-08-18T06:04:46] SAMPLE t=73s phase=Loss_spike adaptation=without_ML throughput_gbps=4.9395 latency_ms=79.2362
[2026-08-18T06:04:47] SAMPLE t=74s phase=Loss_spike adaptation=without_ML throughput_gbps=4.0103 latency_ms=80.0867
[2026-08-18T06:04:48] SAMPLE t=75s phase=Loss_spike adaptation=without_ML throughput_gbps=6.2229 latency_ms=68.1769
[2026-08-18T06:04:49] SAMPLE t=76s phase=Loss_spike adaptation=without_ML throughput_gbps=8.7613 latency_ms=82.2843
[2026-08-18T06:04:50] SAMPLE t=77s phase=Loss_spike adaptation=without_ML throughput_gbps=7.3603 latency_ms=74.1585
[2026-08-18T06:04:51] SAMPLE t=78s phase=Loss_spike adaptation=without_ML throughput_gbps=4.9848 latency_ms=78.0738
[2026-08-18T06:04:52] SAMPLE t=79s phase=Loss_spike adaptation=without_ML throughput_gbps=4.069 latency_ms=79.8273
[2026-08-18T06:04:53] SAMPLE t=80s phase=Recovery adaptation=without_ML throughput_gbps=8.0551 latency_ms=65.7298
[2026-08-18T06:04:54] SAMPLE t=81s phase=Recovery adaptation=without_ML throughput_gbps=8.3698 latency_ms=65.7162
[2026-08-18T06:04:55] SAMPLE t=82s phase=Recovery adaptation=without_ML throughput_gbps=8.1128 latency_ms=65.5355
[2026-08-18T06:04:56] SAMPLE t=83s phase=Recovery adaptation=without_ML throughput_gbps=8.2118 latency_ms=63.277
[2026-08-18T06:04:57] SAMPLE t=84s phase=Recovery adaptation=without_ML throughput_gbps=7.4005 latency_ms=66.4778
[2026-08-18T06:04:58] SAMPLE t=85s phase=Recovery adaptation=without_ML throughput_gbps=7.8788 latency_ms=67.3122
[2026-08-18T06:04:59] SAMPLE t=86s phase=Recovery adaptation=without_ML throughput_gbps=7.6575 latency_ms=66.139
[2026-08-18T06:05:00] SAMPLE t=87s phase=Recovery adaptation=without_ML throughput_gbps=7.8409 latency_ms=65.2754
[2026-08-18T06:05:01] SAMPLE t=88s phase=Recovery adaptation=without_ML throughput_gbps=8.4101 latency_ms=65.5074
[2026-08-18T06:05:02] SAMPLE t=89s phase=Recovery adaptation=without_ML throughput_gbps=8.0165 latency_ms=68.0327
[2026-08-18T06:05:03] SAMPLE t=90s phase=Recovery adaptation=without_ML throughput_gbps=7.863 latency_ms=64.2019
[2026-08-18T06:05:04] SAMPLE t=91s phase=Recovery adaptation=without_ML throughput_gbps=7.9454 latency_ms=65.023
[2026-08-18T06:05:05] SAMPLE t=92s phase=Recovery adaptation=without_ML throughput_gbps=8.1106 latency_ms=65.373
[2026-08-18T06:05:06] SAMPLE t=93s phase=Recovery adaptation=without_ML throughput_gbps=8.4219 latency_ms=66.2555
[2026-08-18T06:05:07] SAMPLE t=94s phase=Recovery adaptation=without_ML throughput_gbps=7.8138 latency_ms=66.3448
[2026-08-18T06:05:08] SAMPLE t=95s phase=Recovery adaptation=without_ML throughput_gbps=7.8963 latency_ms=65.8877
[2026-08-18T06:05:09] SAMPLE t=96s phase=Recovery adaptation=without_ML throughput_gbps=7.7623 latency_ms=66.5014
[2026-08-18T06:05:10] SAMPLE t=97s phase=Recovery adaptation=without_ML throughput_gbps=7.7497 latency_ms=64.8774
[2026-08-18T06:05:11] SAMPLE t=98s phase=Recovery adaptation=without_ML throughput_gbps=8.3524 latency_ms=69.0742
[2026-08-18T06:05:12] SAMPLE t=99s phase=Recovery adaptation=without_ML throughput_gbps=7.606 latency_ms=64.0001
[2026-08-18T06:03:33] TRACE_END run_id=143 status=OK
[2026-08-18T06:08:25] TRACE_START run_id=144
[2026-08-18T06:08:25] SAMPLE t=0s phase=Stable adaptation=with_ML throughput_gbps=8.0841 latency_ms=64.0423
[2026-08-18T06:08:26] SAMPLE t=1s phase=Stable adaptation=with_ML throughput_gbps=7.6328 latency_ms=64.8122
[2026-08-18T06:08:27] SAMPLE t=2s phase=Stable adaptation=with_ML throughput_gbps=8.39 latency_ms=66.1112
[2026-08-18T06:08:28] SAMPLE t=3s phase=Stable adaptation=with_ML throughput_gbps=8.3763 latency_ms=65.2379
[2026-08-18T06:08:29] SAMPLE t=4s phase=Stable adaptation=with_ML throughput_gbps=7.8839 latency_ms=66.0931
[2026-08-18T06:08:30] SAMPLE t=5s phase=Stable adaptation=with_ML throughput_gbps=8.0032 latency_ms=68.258
[2026-08-18T06:08:31] SAMPLE t=6s phase=Stable adaptation=with_ML throughput_gbps=8.5988 latency_ms=65.0655
[2026-08-18T06:08:32] SAMPLE t=7s phase=Stable adaptation=with_ML throughput_gbps=7.9362 latency_ms=65.3563
[2026-08-18T06:08:33] SAMPLE t=8s phase=Stable adaptation=with_ML throughput_gbps=7.8988 latency_ms=64.9076
[2026-08-18T06:08:34] SAMPLE t=9s phase=Stable adaptation=with_ML throughput_gbps=8.2887 latency_ms=66.8084
[2026-08-18T06:08:35] SAMPLE t=10s phase=Stable adaptation=with_ML throughput_gbps=7.8419 latency_ms=65.3219
[2026-08-18T06:08:36] SAMPLE t=11s phase=Stable adaptation=with_ML throughput_gbps=7.8101 latency_ms=66.4657
[2026-08-18T06:08:37] SAMPLE t=12s phase=Stable adaptation=with_ML throughput_gbps=8.3203 latency_ms=66.6994
[2026-08-18T06:08:38] SAMPLE t=13s phase=Stable adaptation=with_ML throughput_gbps=8.2344 latency_ms=67.5696
[2026-08-18T06:08:39] SAMPLE t=14s phase=Stable adaptation=with_ML throughput_gbps=8.0968 latency_ms=67.8836
[2026-08-18T06:08:40] SAMPLE t=15s phase=Stable adaptation=with_ML throughput_gbps=7.9317 latency_ms=67.8921
[2026-08-18T06:08:41] SAMPLE t=16s phase=Stable adaptation=with_ML throughput_gbps=8.1528 latency_ms=63.6002
[2026-08-18T06:08:42] SAMPLE t=17s phase=Stable adaptation=with_ML throughput_gbps=7.8698 latency_ms=65.8383
[2026-08-18T06:08:43] SAMPLE t=18s phase=Stable adaptation=with_ML throughput_gbps=7.8304 latency_ms=65.9684
[2026-08-18T06:08:44] SAMPLE t=19s phase=Stable adaptation=with_ML throughput_gbps=8.3508 latency_ms=67.2746
[2026-08-18T06:08:45] SAMPLE t=20s phase=Congestion adaptation=with_ML throughput_gbps=8.2484 latency_ms=67.5591
[2026-08-18T06:08:46] SAMPLE t=21s phase=Congestion adaptation=with_ML throughput_gbps=8.304 latency_ms=67.3801
[2026-08-18T06:08:47] SAMPLE t=22s phase=Congestion adaptation=with_ML throughput_gbps=8.1512 latency_ms=66.3125
[2026-08-18T06:08:48] SAMPLE t=23s phase=Congestion adaptation=with_ML throughput_gbps=8.3325 latency_ms=68.2934
[2026-08-18T06:08:49] SAMPLE t=24s phase=Congestion adaptation=with_ML throughput_gbps=8.0532 latency_ms=65.2947
[2026-08-18T06:08:50] SAMPLE t=25s phase=Congestion adaptation=with_ML throughput_gbps=7.7828 latency_ms=66.5739
[2026-08-18T06:08:51] SAMPLE t=26s phase=Congestion adaptation=with_ML throughput_gbps=7.9683 latency_ms=68.1132
[2026-08-18T06:08:52] SAMPLE t=27s phase=Congestion adaptation=with_ML throughput_gbps=8.0421 latency_ms=67.5707
[2026-08-18T06:08:53] SAMPLE t=28s phase=Congestion adaptation=with_ML throughput_gbps=8.1425 latency_ms=68.5722
[2026-08-18T06:08:54] SAMPLE t=29s phase=Congestion adaptation=with_ML throughput_gbps=7.9879 latency_ms=68.3956
[2026-08-18T06:08:55] SAMPLE t=30s phase=Congestion adaptation=with_ML throughput_gbps=7.9968 latency_ms=65.2648
[2026-08-18T06:08:56] SAMPLE t=31s phase=Congestion adaptation=with_ML throughput_gbps=8.0013 latency_ms=66.9702
[2026-08-18T06:08:57] SAMPLE t=32s phase=Congestion adaptation=with_ML throughput_gbps=8.2624 latency_ms=66.0895
[2026-08-18T06:08:58] SAMPLE t=33s phase=Congestion adaptation=with_ML throughput_gbps=8.3016 latency_ms=67.0719
[2026-08-18T06:08:59] SAMPLE t=34s phase=Congestion adaptation=with_ML throughput_gbps=7.9528 latency_ms=65.1398
[2026-08-18T06:09:00] SAMPLE t=35s phase=Congestion adaptation=with_ML throughput_gbps=7.9255 latency_ms=66.6878
[2026-08-18T06:09:01] SAMPLE t=36s phase=Congestion adaptation=with_ML throughput_gbps=8.2588 latency_ms=66.5503
[2026-08-18T06:09:02] SAMPLE t=37s phase=Congestion adaptation=with_ML throughput_gbps=7.9602 latency_ms=66.0148
[2026-08-18T06:09:03] SAMPLE t=38s phase=Congestion adaptation=with_ML throughput_gbps=8.1377 latency_ms=66.7945
[2026-08-18T06:09:04] SAMPLE t=39s phase=Congestion adaptation=with_ML throughput_gbps=8.0508 latency_ms=67.9731
[2026-08-18T06:09:05] SAMPLE t=40s phase=Path_change adaptation=with_ML throughput_gbps=7.9196 latency_ms=67.7214
[2026-08-18T06:09:06] SAMPLE t=41s phase=Path_change adaptation=with_ML throughput_gbps=8.3428 latency_ms=67.4797
[2026-08-18T06:09:07] SAMPLE t=42s phase=Path_change adaptation=with_ML throughput_gbps=7.8914 latency_ms=66.0673
[2026-08-18T06:09:08] SAMPLE t=43s phase=Path_change adaptation=with_ML throughput_gbps=7.4293 latency_ms=67.8887
[2026-08-18T06:09:09] SAMPLE t=44s phase=Path_change adaptation=with_ML throughput_gbps=7.573 latency_ms=68.8398
[2026-08-18T06:09:10] SAMPLE t=45s phase=Path_change adaptation=with_ML throughput_gbps=7.2798 latency_ms=66.3322
[2026-08-18T06:09:11] SAMPLE t=46s phase=Path_change adaptation=with_ML throughput_gbps=7.4706 latency_ms=67.592
[2026-08-18T06:09:12] SAMPLE t=47s phase=Path_change adaptation=with_ML throughput_gbps=6.9757 latency_ms=68.6106
[2026-08-18T06:09:13] SAMPLE t=48s phase=Path_change adaptation=with_ML throughput_gbps=7.2764 latency_ms=70.2631
[2026-08-18T06:09:14] SAMPLE t=49s phase=Path_change adaptation=with_ML throughput_gbps=7.0671 latency_ms=69.3055
[2026-08-18T06:09:15] SAMPLE t=50s phase=Path_change adaptation=with_ML throughput_gbps=7.3974 latency_ms=69.4314
[2026-08-18T06:09:16] SAMPLE t=51s phase=Path_change adaptation=with_ML throughput_gbps=7.2678 latency_ms=69.1681
[2026-08-18T06:09:17] SAMPLE t=52s phase=Path_change adaptation=with_ML throughput_gbps=7.4811 latency_ms=67.4853
[2026-08-18T06:09:18] SAMPLE t=53s phase=Path_change adaptation=with_ML throughput_gbps=7.3445 latency_ms=67.6375
[2026-08-18T06:09:19] SAMPLE t=54s phase=Path_change adaptation=with_ML throughput_gbps=7.2059 latency_ms=69.326
[2026-08-18T06:09:20] SAMPLE t=55s phase=Path_change adaptation=with_ML throughput_gbps=7.2981 latency_ms=66.4293
[2026-08-18T06:09:21] SAMPLE t=56s phase=Path_change adaptation=with_ML throughput_gbps=7.3888 latency_ms=69.062
[2026-08-18T06:09:22] SAMPLE t=57s phase=Path_change adaptation=with_ML throughput_gbps=8.0618 latency_ms=65.6222
[2026-08-18T06:09:23] SAMPLE t=58s phase=Path_change adaptation=with_ML throughput_gbps=7.6771 latency_ms=68.6027
[2026-08-18T06:09:24] SAMPLE t=59s phase=Path_change adaptation=with_ML throughput_gbps=7.7993 latency_ms=65.8761
[2026-08-18T06:09:25] SAMPLE t=60s phase=Loss_spike adaptation=with_ML throughput_gbps=7.3289 latency_ms=67.9031
[2026-08-18T06:09:26] SAMPLE t=61s phase=Loss_spike adaptation=with_ML throughput_gbps=8.1729 latency_ms=72.8671
[2026-08-18T06:09:27] SAMPLE t=62s phase=Loss_spike adaptation=with_ML throughput_gbps=8.096 latency_ms=70.4906
[2026-08-18T06:09:28] SAMPLE t=63s phase=Loss_spike adaptation=with_ML throughput_gbps=6.6045 latency_ms=67.3838
[2026-08-18T06:09:29] SAMPLE t=64s phase=Loss_spike adaptation=with_ML throughput_gbps=6.2786 latency_ms=70.5806
[2026-08-18T06:09:30] SAMPLE t=65s phase=Loss_spike adaptation=with_ML throughput_gbps=7.7736 latency_ms=69.5479
[2026-08-18T06:09:31] SAMPLE t=66s phase=Loss_spike adaptation=with_ML throughput_gbps=8.5662 latency_ms=70.2726
[2026-08-18T06:09:32] SAMPLE t=67s phase=Loss_spike adaptation=with_ML throughput_gbps=7.9369 latency_ms=68.7376
[2026-08-18T06:09:33] SAMPLE t=68s phase=Loss_spike adaptation=with_ML throughput_gbps=6.7706 latency_ms=70.0002
[2026-08-18T06:09:34] SAMPLE t=69s phase=Loss_spike adaptation=with_ML throughput_gbps=5.8627 latency_ms=70.5505
[2026-08-18T06:09:35] SAMPLE t=70s phase=Loss_spike adaptation=with_ML throughput_gbps=7.1595 latency_ms=67.0193
[2026-08-18T06:09:36] SAMPLE t=71s phase=Loss_spike adaptation=with_ML throughput_gbps=8.2097 latency_ms=69.1642
[2026-08-18T06:09:37] SAMPLE t=72s phase=Loss_spike adaptation=with_ML throughput_gbps=7.9217 latency_ms=70.4361
[2026-08-18T06:09:38] SAMPLE t=73s phase=Loss_spike adaptation=with_ML throughput_gbps=6.7342 latency_ms=68.8514
[2026-08-18T06:09:39] SAMPLE t=74s phase=Loss_spike adaptation=with_ML throughput_gbps=6.3819 latency_ms=69.9091
[2026-08-18T06:09:40] SAMPLE t=75s phase=Loss_spike adaptation=with_ML throughput_gbps=7.1759 latency_ms=67.8745
[2026-08-18T06:09:41] SAMPLE t=76s phase=Loss_spike adaptation=with_ML throughput_gbps=8.5605 latency_ms=71.2984
[2026-08-18T06:09:42] SAMPLE t=77s phase=Loss_spike adaptation=with_ML throughput_gbps=7.9927 latency_ms=71.4379
[2026-08-18T06:09:43] SAMPLE t=78s phase=Loss_spike adaptation=with_ML throughput_gbps=6.5708 latency_ms=70.0411
[2026-08-18T06:09:44] SAMPLE t=79s phase=Loss_spike adaptation=with_ML throughput_gbps=6.085 latency_ms=68.6103
[2026-08-18T06:09:45] SAMPLE t=80s phase=Recovery adaptation=with_ML throughput_gbps=7.9778 latency_ms=66.179
[2026-08-18T06:09:46] SAMPLE t=81s phase=Recovery adaptation=with_ML throughput_gbps=8.1365 latency_ms=66.0886
[2026-08-18T06:09:47] SAMPLE t=82s phase=Recovery adaptation=with_ML throughput_gbps=8.2735 latency_ms=65.0966
[2026-08-18T06:09:48] SAMPLE t=83s phase=Recovery adaptation=with_ML throughput_gbps=8.2566 latency_ms=64.1796
[2026-08-18T06:09:49] SAMPLE t=84s phase=Recovery adaptation=with_ML throughput_gbps=8.417 latency_ms=66.1107
[2026-08-18T06:09:50] SAMPLE t=85s phase=Recovery adaptation=with_ML throughput_gbps=8.4842 latency_ms=66.8508
[2026-08-18T06:09:51] SAMPLE t=86s phase=Recovery adaptation=with_ML throughput_gbps=8.4029 latency_ms=65.859
[2026-08-18T06:09:52] SAMPLE t=87s phase=Recovery adaptation=with_ML throughput_gbps=8.1271 latency_ms=65.6684
[2026-08-18T06:09:53] SAMPLE t=88s phase=Recovery adaptation=with_ML throughput_gbps=8.23 latency_ms=65.8207
[2026-08-18T06:09:54] SAMPLE t=89s phase=Recovery adaptation=with_ML throughput_gbps=8.1073 latency_ms=64.0107
[2026-08-18T06:09:55] SAMPLE t=90s phase=Recovery adaptation=with_ML throughput_gbps=8.5569 latency_ms=66.791
[2026-08-18T06:09:56] SAMPLE t=91s phase=Recovery adaptation=with_ML throughput_gbps=8.2935 latency_ms=65.5599
[2026-08-18T06:09:57] SAMPLE t=92s phase=Recovery adaptation=with_ML throughput_gbps=8.2149 latency_ms=64.2829
[2026-08-18T06:09:58] SAMPLE t=93s phase=Recovery adaptation=with_ML throughput_gbps=8.4832 latency_ms=66.229
[2026-08-18T06:09:59] SAMPLE t=94s phase=Recovery adaptation=with_ML throughput_gbps=8.5906 latency_ms=66.3832
[2026-08-18T06:10:00] SAMPLE t=95s phase=Recovery adaptation=with_ML throughput_gbps=8.4437 latency_ms=67.1253
[2026-08-18T06:10:01] SAMPLE t=96s phase=Recovery adaptation=with_ML throughput_gbps=8.3405 latency_ms=65.0446
[2026-08-18T06:10:02] SAMPLE t=97s phase=Recovery adaptation=with_ML throughput_gbps=8.4679 latency_ms=65.056
[2026-08-18T06:10:03] SAMPLE t=98s phase=Recovery adaptation=with_ML throughput_gbps=8.552 latency_ms=66.6033
[2026-08-18T06:10:04] SAMPLE t=99s phase=Recovery adaptation=with_ML throughput_gbps=8.3645 latency_ms=62.3929
[2026-08-18T06:08:25] SAMPLE t=0s phase=Stable adaptation=without_ML throughput_gbps=8.2918 latency_ms=65.5202
[2026-08-18T06:08:26] SAMPLE t=1s phase=Stable adaptation=without_ML throughput_gbps=7.6218 latency_ms=66.2698
[2026-08-18T06:08:27] SAMPLE t=2s phase=Stable adaptation=without_ML throughput_gbps=8.0423 latency_ms=66.5769
[2026-08-18T06:08:28] SAMPLE t=3s phase=Stable adaptation=without_ML throughput_gbps=7.8108 latency_ms=65.2116
[2026-08-18T06:08:29] SAMPLE t=4s phase=Stable adaptation=without_ML throughput_gbps=7.9828 latency_ms=65.5259
[2026-08-18T06:08:30] SAMPLE t=5s phase=Stable adaptation=without_ML throughput_gbps=7.8736 latency_ms=67.6979
[2026-08-18T06:08:31] SAMPLE t=6s phase=Stable adaptation=without_ML throughput_gbps=8.1119 latency_ms=66.019
[2026-08-18T06:08:32] SAMPLE t=7s phase=Stable adaptation=without_ML throughput_gbps=8.0848 latency_ms=66.3438
[2026-08-18T06:08:33] SAMPLE t=8s phase=Stable adaptation=without_ML throughput_gbps=8.1063 latency_ms=66.6285
[2026-08-18T06:08:34] SAMPLE t=9s phase=Stable adaptation=without_ML throughput_gbps=7.9095 latency_ms=64.8086
[2026-08-18T06:08:35] SAMPLE t=10s phase=Stable adaptation=without_ML throughput_gbps=7.9805 latency_ms=66.1723
[2026-08-18T06:08:36] SAMPLE t=11s phase=Stable adaptation=without_ML throughput_gbps=7.8412 latency_ms=68.4843
[2026-08-18T06:08:37] SAMPLE t=12s phase=Stable adaptation=without_ML throughput_gbps=7.8813 latency_ms=64.5794
[2026-08-18T06:08:38] SAMPLE t=13s phase=Stable adaptation=without_ML throughput_gbps=8.2565 latency_ms=65.6847
[2026-08-18T06:08:39] SAMPLE t=14s phase=Stable adaptation=without_ML throughput_gbps=8.0032 latency_ms=63.4079
[2026-08-18T06:08:40] SAMPLE t=15s phase=Stable adaptation=without_ML throughput_gbps=8.3819 latency_ms=64.282
[2026-08-18T06:08:41] SAMPLE t=16s phase=Stable adaptation=without_ML throughput_gbps=7.7222 latency_ms=66.9904
[2026-08-18T06:08:42] SAMPLE t=17s phase=Stable adaptation=without_ML throughput_gbps=8.219 latency_ms=66.094
[2026-08-18T06:08:43] SAMPLE t=18s phase=Stable adaptation=without_ML throughput_gbps=7.7964 latency_ms=66.7186
[2026-08-18T06:08:44] SAMPLE t=19s phase=Stable adaptation=without_ML throughput_gbps=8.2083 latency_ms=66.6236
[2026-08-18T06:08:45] SAMPLE t=20s phase=Congestion adaptation=without_ML throughput_gbps=7.4888 latency_ms=65.6928
[2026-08-18T06:08:46] SAMPLE t=21s phase=Congestion adaptation=without_ML throughput_gbps=8.133 latency_ms=65.4483
[2026-08-18T06:08:47] SAMPLE t=22s phase=Congestion adaptation=without_ML throughput_gbps=8.1978 latency_ms=65.6242
[2026-08-18T06:08:48] SAMPLE t=23s phase=Congestion adaptation=without_ML throughput_gbps=7.9028 latency_ms=65.3886
[2026-08-18T06:08:49] SAMPLE t=24s phase=Congestion adaptation=without_ML throughput_gbps=8.0585 latency_ms=67.0434
[2026-08-18T06:08:50] SAMPLE t=25s phase=Congestion adaptation=without_ML throughput_gbps=8.0059 latency_ms=66.5627
[2026-08-18T06:08:51] SAMPLE t=26s phase=Congestion adaptation=without_ML throughput_gbps=7.9091 latency_ms=66.1125
[2026-08-18T06:08:52] SAMPLE t=27s phase=Congestion adaptation=without_ML throughput_gbps=8.4458 latency_ms=64.9943
[2026-08-18T06:08:53] SAMPLE t=28s phase=Congestion adaptation=without_ML throughput_gbps=8.0217 latency_ms=65.1452
[2026-08-18T06:08:54] SAMPLE t=29s phase=Congestion adaptation=without_ML throughput_gbps=7.7446 latency_ms=66.4849
[2026-08-18T06:08:55] SAMPLE t=30s phase=Congestion adaptation=without_ML throughput_gbps=7.9937 latency_ms=68.2096
[2026-08-18T06:08:56] SAMPLE t=31s phase=Congestion adaptation=without_ML throughput_gbps=8.3547 latency_ms=64.3549
[2026-08-18T06:08:57] SAMPLE t=32s phase=Congestion adaptation=without_ML throughput_gbps=8.0191 latency_ms=66.0377
[2026-08-18T06:08:58] SAMPLE t=33s phase=Congestion adaptation=without_ML throughput_gbps=7.9884 latency_ms=64.0136
[2026-08-18T06:08:59] SAMPLE t=34s phase=Congestion adaptation=without_ML throughput_gbps=8.0308 latency_ms=65.2611
[2026-08-18T06:09:00] SAMPLE t=35s phase=Congestion adaptation=without_ML throughput_gbps=7.8373 latency_ms=65.028
[2026-08-18T06:09:01] SAMPLE t=36s phase=Congestion adaptation=without_ML throughput_gbps=7.3663 latency_ms=68.1231
[2026-08-18T06:09:02] SAMPLE t=37s phase=Congestion adaptation=without_ML throughput_gbps=7.9239 latency_ms=66.6279
[2026-08-18T06:09:03] SAMPLE t=38s phase=Congestion adaptation=without_ML throughput_gbps=8.1464 latency_ms=65.971
[2026-08-18T06:09:04] SAMPLE t=39s phase=Congestion adaptation=without_ML throughput_gbps=7.7412 latency_ms=65.7381
[2026-08-18T06:09:05] SAMPLE t=40s phase=Path_change adaptation=without_ML throughput_gbps=8.2979 latency_ms=62.9539
[2026-08-18T06:09:06] SAMPLE t=41s phase=Path_change adaptation=without_ML throughput_gbps=8.0988 latency_ms=67.5632
[2026-08-18T06:09:07] SAMPLE t=42s phase=Path_change adaptation=without_ML throughput_gbps=7.688 latency_ms=67.1134
[2026-08-18T06:09:08] SAMPLE t=43s phase=Path_change adaptation=without_ML throughput_gbps=6.6988 latency_ms=68.9747
[2026-08-18T06:09:09] SAMPLE t=44s phase=Path_change adaptation=without_ML throughput_gbps=6.6053 latency_ms=71.1489
[2026-08-18T06:09:10] SAMPLE t=45s phase=Path_change adaptation=without_ML throughput_gbps=6.2246 latency_ms=71.4705
[2026-08-18T06:09:11] SAMPLE t=46s phase=Path_change adaptation=without_ML throughput_gbps=6.2331 latency_ms=71.8286
[2026-08-18T06:09:12] SAMPLE t=47s phase=Path_change adaptation=without_ML throughput_gbps=5.9155 latency_ms=72.2935
[2026-08-18T06:09:13] SAMPLE t=48s phase=Path_change adaptation=without_ML throughput_gbps=6.0436 latency_ms=71.1198
[2026-08-18T06:09:14] SAMPLE t=49s phase=Path_change adaptation=without_ML throughput_gbps=5.8705 latency_ms=72.6933
[2026-08-18T06:09:15] SAMPLE t=50s phase=Path_change adaptation=without_ML throughput_gbps=5.6242 latency_ms=71.2295
[2026-08-18T06:09:16] SAMPLE t=51s phase=Path_change adaptation=without_ML throughput_gbps=5.4757 latency_ms=71.7455
[2026-08-18T06:09:17] SAMPLE t=52s phase=Path_change adaptation=without_ML throughput_gbps=5.791 latency_ms=74.6811
[2026-08-18T06:09:18] SAMPLE t=53s phase=Path_change adaptation=without_ML throughput_gbps=5.7557 latency_ms=72.35
[2026-08-18T06:09:19] SAMPLE t=54s phase=Path_change adaptation=without_ML throughput_gbps=6.1094 latency_ms=72.2758
[2026-08-18T06:09:20] SAMPLE t=55s phase=Path_change adaptation=without_ML throughput_gbps=6.2651 latency_ms=70.1724
[2026-08-18T06:09:21] SAMPLE t=56s phase=Path_change adaptation=without_ML throughput_gbps=6.4715 latency_ms=68.5081
[2026-08-18T06:09:22] SAMPLE t=57s phase=Path_change adaptation=without_ML throughput_gbps=7.4099 latency_ms=71.7875
[2026-08-18T06:09:23] SAMPLE t=58s phase=Path_change adaptation=without_ML throughput_gbps=7.5175 latency_ms=68.2917
[2026-08-18T06:09:24] SAMPLE t=59s phase=Path_change adaptation=without_ML throughput_gbps=7.6026 latency_ms=64.9182
[2026-08-18T06:09:25] SAMPLE t=60s phase=Loss_spike adaptation=without_ML throughput_gbps=6.0277 latency_ms=68.8828
[2026-08-18T06:09:26] SAMPLE t=61s phase=Loss_spike adaptation=without_ML throughput_gbps=8.4583 latency_ms=78.6662
[2026-08-18T06:09:27] SAMPLE t=62s phase=Loss_spike adaptation=without_ML throughput_gbps=7.6178 latency_ms=77.5311
[2026-08-18T06:09:28] SAMPLE t=63s phase=Loss_spike adaptation=without_ML throughput_gbps=4.9327 latency_ms=78.238
[2026-08-18T06:09:29] SAMPLE t=64s phase=Loss_spike adaptation=without_ML throughput_gbps=3.8007 latency_ms=81.0462
[2026-08-18T06:09:30] SAMPLE t=65s phase=Loss_spike adaptation=without_ML throughput_gbps=6.0734 latency_ms=70.7199
[2026-08-18T06:09:31] SAMPLE t=66s phase=Loss_spike adaptation=without_ML throughput_gbps=8.6826 latency_ms=81.4642
[2026-08-18T06:09:32] SAMPLE t=67s phase=Loss_spike adaptation=without_ML throughput_gbps=7.4442 latency_ms=75.0483
[2026-08-18T06:09:33] SAMPLE t=68s phase=Loss_spike adaptation=without_ML throughput_gbps=4.7635 latency_ms=74.4854
[2026-08-18T06:09:34] SAMPLE t=69s phase=Loss_spike adaptation=without_ML throughput_gbps=4.1251 latency_ms=78.6504
[2026-08-18T06:09:35] SAMPLE t=70s phase=Loss_spike adaptation=without_ML throughput_gbps=6.2694 latency_ms=72.9814
[2026-08-18T06:09:36] SAMPLE t=71s phase=Loss_spike adaptation=without_ML throughput_gbps=8.3286 latency_ms=80.8583
[2026-08-18T06:09:37] SAMPLE t=72s phase=Loss_spike adaptation=without_ML throughput_gbps=7.4895 latency_ms=77.5742
[2026-08-18T06:09:38] SAMPLE t=73s phase=Loss_spike adaptation=without_ML throughput_gbps=4.7142 latency_ms=75.3694
[2026-08-18T06:09:39] SAMPLE t=74s phase=Loss_spike adaptation=without_ML throughput_gbps=4.0738 latency_ms=80.3284
[2026-08-18T06:09:40] SAMPLE t=75s phase=Loss_spike adaptation=without_ML throughput_gbps=6.2207 latency_ms=69.1744
[2026-08-18T06:09:41] SAMPLE t=76s phase=Loss_spike adaptation=without_ML throughput_gbps=8.187 latency_ms=81.4727
[2026-08-18T06:09:42] SAMPLE t=77s phase=Loss_spike adaptation=without_ML throughput_gbps=7.411 latency_ms=76.4439
[2026-08-18T06:09:43] SAMPLE t=78s phase=Loss_spike adaptation=without_ML throughput_gbps=4.8411 latency_ms=75.6525
[2026-08-18T06:09:44] SAMPLE t=79s phase=Loss_spike adaptation=without_ML throughput_gbps=3.9706 latency_ms=81.6654
[2026-08-18T06:09:45] SAMPLE t=80s phase=Recovery adaptation=without_ML throughput_gbps=7.7758 latency_ms=65.6788
[2026-08-18T06:09:46] SAMPLE t=81s phase=Recovery adaptation=without_ML throughput_gbps=8.0565 latency_ms=65.377
[2026-08-18T06:09:47] SAMPLE t=82s phase=Recovery adaptation=without_ML throughput_gbps=8.2926 latency_ms=66.837
[2026-08-18T06:09:48] SAMPLE t=83s phase=Recovery adaptation=without_ML throughput_gbps=8.4453 latency_ms=66.7815
[2026-08-18T06:09:49] SAMPLE t=84s phase=Recovery adaptation=without_ML throughput_gbps=7.9762 latency_ms=65.6276
[2026-08-18T06:09:50] SAMPLE t=85s phase=Recovery adaptation=without_ML throughput_gbps=7.5381 latency_ms=64.0629
[2026-08-18T06:09:51] SAMPLE t=86s phase=Recovery adaptation=without_ML throughput_gbps=8.2207 latency_ms=65.3549
[2026-08-18T06:09:52] SAMPLE t=87s phase=Recovery adaptation=without_ML throughput_gbps=7.8656 latency_ms=66.9566
[2026-08-18T06:09:53] SAMPLE t=88s phase=Recovery adaptation=without_ML throughput_gbps=8.2652 latency_ms=65.512
[2026-08-18T06:09:54] SAMPLE t=89s phase=Recovery adaptation=without_ML throughput_gbps=7.7551 latency_ms=63.3748
[2026-08-18T06:09:55] SAMPLE t=90s phase=Recovery adaptation=without_ML throughput_gbps=7.9062 latency_ms=66.3723
[2026-08-18T06:09:56] SAMPLE t=91s phase=Recovery adaptation=without_ML throughput_gbps=8.0308 latency_ms=64.0923
[2026-08-18T06:09:57] SAMPLE t=92s phase=Recovery adaptation=without_ML throughput_gbps=8.188 latency_ms=68.7333
[2026-08-18T06:09:58] SAMPLE t=93s phase=Recovery adaptation=without_ML throughput_gbps=8.1608 latency_ms=67.4809
[2026-08-18T06:09:59] SAMPLE t=94s phase=Recovery adaptation=without_ML throughput_gbps=8.6353 latency_ms=67.0611
[2026-08-18T06:10:00] SAMPLE t=95s phase=Recovery adaptation=without_ML throughput_gbps=7.7271 latency_ms=65.5787
[2026-08-18T06:10:01] SAMPLE t=96s phase=Recovery adaptation=without_ML throughput_gbps=7.8295 latency_ms=65.4031
[2026-08-18T06:10:02] SAMPLE t=97s phase=Recovery adaptation=without_ML throughput_gbps=8.2833 latency_ms=65.1188
[2026-08-18T06:10:03] SAMPLE t=98s phase=Recovery adaptation=without_ML throughput_gbps=8.0145 latency_ms=66.8039
[2026-08-18T06:10:04] SAMPLE t=99s phase=Recovery adaptation=without_ML throughput_gbps=7.8499 latency_ms=66.2873
[2026-08-18T06:08:25] TRACE_END run_id=144 status=OK
