[2026-08-17T14:43:56] TRACE_START run_id=06_ml_adaptation_timeseries_DISCARDED_0020
[2026-08-17T14:43:56] TRACE_ABORTED reason=ptp_offset_exceeded: clock offset >1us observed mid-trace, timing of phase transitions unreliable, trace discarded
[2026-08-17T14:48:08] TRACE_START run_id=131
[2026-08-17T14:48:08] SAMPLE t=0s phase=Stable adaptation=with_ML throughput_gbps=7.7626 latency_ms=67.7753
[2026-08-17T14:48:09] SAMPLE t=1s phase=Stable adaptation=with_ML throughput_gbps=8.4437 latency_ms=66.8767
[2026-08-17T14:48:10] SAMPLE t=2s phase=Stable adaptation=with_ML throughput_gbps=8.0258 latency_ms=66.0008
[2026-08-17T14:48:11] SAMPLE t=3s phase=Stable adaptation=with_ML throughput_gbps=8.0742 latency_ms=68.4476
[2026-08-17T14:48:12] SAMPLE t=4s phase=Stable adaptation=with_ML throughput_gbps=7.753 latency_ms=68.0073
[2026-08-17T14:48:13] SAMPLE t=5s phase=Stable adaptation=with_ML throughput_gbps=7.9826 latency_ms=65.0792
[2026-08-17T14:48:14] SAMPLE t=6s phase=Stable adaptation=with_ML throughput_gbps=7.9262 latency_ms=68.4942
[2026-08-17T14:48:15] SAMPLE t=7s phase=Stable adaptation=with_ML throughput_gbps=8.3036 latency_ms=66.7963
[2026-08-17T14:48:16] SAMPLE t=8s phase=Stable adaptation=with_ML throughput_gbps=8.3993 latency_ms=67.1377
[2026-08-17T14:48:17] SAMPLE t=9s phase=Stable adaptation=with_ML throughput_gbps=7.9883 latency_ms=64.6978
[2026-08-17T14:48:18] SAMPLE t=10s phase=Stable adaptation=with_ML throughput_gbps=8.3602 latency_ms=65.4325
[2026-08-17T14:48:19] SAMPLE t=11s phase=Stable adaptation=with_ML throughput_gbps=8.0511 latency_ms=67.125
[2026-08-17T14:48:20] SAMPLE t=12s phase=Stable adaptation=with_ML throughput_gbps=8.1339 latency_ms=66.4067
[2026-08-17T14:48:21] SAMPLE t=13s phase=Stable adaptation=with_ML throughput_gbps=7.9966 latency_ms=66.161
[2026-08-17T14:48:22] SAMPLE t=14s phase=Stable adaptation=with_ML throughput_gbps=8.0713 latency_ms=69.3925
[2026-08-17T14:48:23] SAMPLE t=15s phase=Stable adaptation=with_ML throughput_gbps=8.3106 latency_ms=65.7627
[2026-08-17T14:48:24] SAMPLE t=16s phase=Stable adaptation=with_ML throughput_gbps=7.7113 latency_ms=66.9468
[2026-08-17T14:48:25] SAMPLE t=17s phase=Stable adaptation=with_ML throughput_gbps=7.8218 latency_ms=65.855
[2026-08-17T14:48:26] SAMPLE t=18s phase=Stable adaptation=with_ML throughput_gbps=8.1301 latency_ms=63.4176
[2026-08-17T14:48:27] SAMPLE t=19s phase=Stable adaptation=with_ML throughput_gbps=7.951 latency_ms=65.2217
[2026-08-17T14:48:28] SAMPLE t=20s phase=Congestion adaptation=with_ML throughput_gbps=8.0383 latency_ms=66.0438
[2026-08-17T14:48:29] SAMPLE t=21s phase=Congestion adaptation=with_ML throughput_gbps=8.2205 latency_ms=67.2508
[2026-08-17T14:48:30] SAMPLE t=22s phase=Congestion adaptation=with_ML throughput_gbps=8.13 latency_ms=66.664
[2026-08-17T14:48:31] SAMPLE t=23s phase=Congestion adaptation=with_ML throughput_gbps=8.246 latency_ms=65.7909
[2026-08-17T14:48:32] SAMPLE t=24s phase=Congestion adaptation=with_ML throughput_gbps=7.9042 latency_ms=66.4882
[2026-08-17T14:48:33] SAMPLE t=25s phase=Congestion adaptation=with_ML throughput_gbps=8.2962 latency_ms=66.0713
[2026-08-17T14:48:34] SAMPLE t=26s phase=Congestion adaptation=with_ML throughput_gbps=8.0524 latency_ms=67.0006
[2026-08-17T14:48:35] SAMPLE t=27s phase=Congestion adaptation=with_ML throughput_gbps=8.2224 latency_ms=68.968
[2026-08-17T14:48:36] SAMPLE t=28s phase=Congestion adaptation=with_ML throughput_gbps=8.3082 latency_ms=67.5345
[2026-08-17T14:48:37] SAMPLE t=29s phase=Congestion adaptation=with_ML throughput_gbps=7.8831 latency_ms=66.1466
[2026-08-17T14:48:38] SAMPLE t=30s phase=Congestion adaptation=with_ML throughput_gbps=8.0452 latency_ms=66.5613
[2026-08-17T14:48:39] SAMPLE t=31s phase=Congestion adaptation=with_ML throughput_gbps=8.069 latency_ms=67.4086
[2026-08-17T14:48:40] SAMPLE t=32s phase=Congestion adaptation=with_ML throughput_gbps=8.185 latency_ms=64.5457
[2026-08-17T14:48:41] SAMPLE t=33s phase=Congestion adaptation=with_ML throughput_gbps=8.1408 latency_ms=68.2595
[2026-08-17T14:48:42] SAMPLE t=34s phase=Congestion adaptation=with_ML throughput_gbps=7.7882 latency_ms=68.5563
[2026-08-17T14:48:43] SAMPLE t=35s phase=Congestion adaptation=with_ML throughput_gbps=7.9652 latency_ms=67.4399
[2026-08-17T14:48:44] SAMPLE t=36s phase=Congestion adaptation=with_ML throughput_gbps=8.0899 latency_ms=66.1681
[2026-08-17T14:48:45] SAMPLE t=37s phase=Congestion adaptation=with_ML throughput_gbps=8.4532 latency_ms=66.4376
[2026-08-17T14:48:46] SAMPLE t=38s phase=Congestion adaptation=with_ML throughput_gbps=7.9521 latency_ms=63.5095
[2026-08-17T14:48:47] SAMPLE t=39s phase=Congestion adaptation=with_ML throughput_gbps=8.0959 latency_ms=64.9679
[2026-08-17T14:48:48] SAMPLE t=40s phase=Path_change adaptation=with_ML throughput_gbps=7.8712 latency_ms=66.9107
[2026-08-17T14:48:49] SAMPLE t=41s phase=Path_change adaptation=with_ML throughput_gbps=8.1022 latency_ms=68.2991
[2026-08-17T14:48:50] SAMPLE t=42s phase=Path_change adaptation=with_ML throughput_gbps=7.5935 latency_ms=65.7527
[2026-08-17T14:48:51] SAMPLE t=43s phase=Path_change adaptation=with_ML throughput_gbps=7.5967 latency_ms=68.306
[2026-08-17T14:48:52] SAMPLE t=44s phase=Path_change adaptation=with_ML throughput_gbps=7.4683 latency_ms=66.6005
[2026-08-17T14:48:53] SAMPLE t=45s phase=Path_change adaptation=with_ML throughput_gbps=7.2571 latency_ms=66.4162
[2026-08-17T14:48:54] SAMPLE t=46s phase=Path_change adaptation=with_ML throughput_gbps=7.2856 latency_ms=67.4903
[2026-08-17T14:48:55] SAMPLE t=47s phase=Path_change adaptation=with_ML throughput_gbps=7.5226 latency_ms=68.4126
[2026-08-17T14:48:56] SAMPLE t=48s phase=Path_change adaptation=with_ML throughput_gbps=7.332 latency_ms=67.0363
[2026-08-17T14:48:57] SAMPLE t=49s phase=Path_change adaptation=with_ML throughput_gbps=7.1707 latency_ms=68.0265
[2026-08-17T14:48:58] SAMPLE t=50s phase=Path_change adaptation=with_ML throughput_gbps=7.2942 latency_ms=68.3496
[2026-08-17T14:48:59] SAMPLE t=51s phase=Path_change adaptation=with_ML throughput_gbps=6.9579 latency_ms=69.6199
[2026-08-17T14:49:00] SAMPLE t=52s phase=Path_change adaptation=with_ML throughput_gbps=7.5181 latency_ms=67.7127
[2026-08-17T14:49:01] SAMPLE t=53s phase=Path_change adaptation=with_ML throughput_gbps=7.0016 latency_ms=67.2051
[2026-08-17T14:49:02] SAMPLE t=54s phase=Path_change adaptation=with_ML throughput_gbps=7.2697 latency_ms=67.8936
[2026-08-17T14:49:03] SAMPLE t=55s phase=Path_change adaptation=with_ML throughput_gbps=7.3238 latency_ms=70.0787
[2026-08-17T14:49:04] SAMPLE t=56s phase=Path_change adaptation=with_ML throughput_gbps=7.7183 latency_ms=67.2375
[2026-08-17T14:49:05] SAMPLE t=57s phase=Path_change adaptation=with_ML throughput_gbps=7.5577 latency_ms=65.9785
[2026-08-17T14:49:06] SAMPLE t=58s phase=Path_change adaptation=with_ML throughput_gbps=7.7381 latency_ms=66.7519
[2026-08-17T14:49:07] SAMPLE t=59s phase=Path_change adaptation=with_ML throughput_gbps=7.9168 latency_ms=67.8284
[2026-08-17T14:49:08] SAMPLE t=60s phase=Loss_spike adaptation=with_ML throughput_gbps=7.4796 latency_ms=68.0429
[2026-08-17T14:49:09] SAMPLE t=61s phase=Loss_spike adaptation=with_ML throughput_gbps=8.042 latency_ms=72.6466
[2026-08-17T14:49:10] SAMPLE t=62s phase=Loss_spike adaptation=with_ML throughput_gbps=7.6467 latency_ms=70.7728
[2026-08-17T14:49:11] SAMPLE t=63s phase=Loss_spike adaptation=with_ML throughput_gbps=6.6085 latency_ms=68.3036
[2026-08-17T14:49:12] SAMPLE t=64s phase=Loss_spike adaptation=with_ML throughput_gbps=6.1022 latency_ms=70.1507
[2026-08-17T14:49:13] SAMPLE t=65s phase=Loss_spike adaptation=with_ML throughput_gbps=7.1544 latency_ms=68.1162
[2026-08-17T14:49:14] SAMPLE t=66s phase=Loss_spike adaptation=with_ML throughput_gbps=8.4025 latency_ms=72.3588
[2026-08-17T14:49:15] SAMPLE t=67s phase=Loss_spike adaptation=with_ML throughput_gbps=8.3696 latency_ms=68.2471
[2026-08-17T14:49:16] SAMPLE t=68s phase=Loss_spike adaptation=with_ML throughput_gbps=6.7693 latency_ms=69.8208
[2026-08-17T14:49:17] SAMPLE t=69s phase=Loss_spike adaptation=with_ML throughput_gbps=6.3777 latency_ms=71.5121
[2026-08-17T14:49:18] SAMPLE t=70s phase=Loss_spike adaptation=with_ML throughput_gbps=7.469 latency_ms=67.3619
[2026-08-17T14:49:19] SAMPLE t=71s phase=Loss_spike adaptation=with_ML throughput_gbps=8.4133 latency_ms=69.5246
[2026-08-17T14:49:20] SAMPLE t=72s phase=Loss_spike adaptation=with_ML throughput_gbps=8.0779 latency_ms=70.5896
[2026-08-17T14:49:21] SAMPLE t=73s phase=Loss_spike adaptation=with_ML throughput_gbps=6.6581 latency_ms=69.8615
[2026-08-17T14:49:22] SAMPLE t=74s phase=Loss_spike adaptation=with_ML throughput_gbps=6.3302 latency_ms=71.4407
[2026-08-17T14:49:23] SAMPLE t=75s phase=Loss_spike adaptation=with_ML throughput_gbps=7.3831 latency_ms=67.8267
[2026-08-17T14:49:24] SAMPLE t=76s phase=Loss_spike adaptation=with_ML throughput_gbps=8.5651 latency_ms=67.4777
[2026-08-17T14:49:25] SAMPLE t=77s phase=Loss_spike adaptation=with_ML throughput_gbps=7.7732 latency_ms=70.5148
[2026-08-17T14:49:26] SAMPLE t=78s phase=Loss_spike adaptation=with_ML throughput_gbps=6.6446 latency_ms=67.7181
[2026-08-17T14:49:27] SAMPLE t=79s phase=Loss_spike adaptation=with_ML throughput_gbps=6.7312 latency_ms=72.2966
[2026-08-17T14:49:28] SAMPLE t=80s phase=Recovery adaptation=with_ML throughput_gbps=8.2017 latency_ms=67.6501
[2026-08-17T14:49:29] SAMPLE t=81s phase=Recovery adaptation=with_ML throughput_gbps=8.3594 latency_ms=65.8333
[2026-08-17T14:49:30] SAMPLE t=82s phase=Recovery adaptation=with_ML throughput_gbps=8.2677 latency_ms=67.3339
[2026-08-17T14:49:31] SAMPLE t=83s phase=Recovery adaptation=with_ML throughput_gbps=8.2469 latency_ms=66.3895
[2026-08-17T14:49:32] SAMPLE t=84s phase=Recovery adaptation=with_ML throughput_gbps=8.2659 latency_ms=65.79
[2026-08-17T14:49:33] SAMPLE t=85s phase=Recovery adaptation=with_ML throughput_gbps=7.9782 latency_ms=66.2205
[2026-08-17T14:49:34] SAMPLE t=86s phase=Recovery adaptation=with_ML throughput_gbps=7.9698 latency_ms=64.7273
[2026-08-17T14:49:35] SAMPLE t=87s phase=Recovery adaptation=with_ML throughput_gbps=7.8286 latency_ms=66.5146
[2026-08-17T14:49:36] SAMPLE t=88s phase=Recovery adaptation=with_ML throughput_gbps=8.2064 latency_ms=66.0577
[2026-08-17T14:49:37] SAMPLE t=89s phase=Recovery adaptation=with_ML throughput_gbps=8.1893 latency_ms=64.2241
[2026-08-17T14:49:38] SAMPLE t=90s phase=Recovery adaptation=with_ML throughput_gbps=8.4641 latency_ms=65.9977
[2026-08-17T14:49:39] SAMPLE t=91s phase=Recovery adaptation=with_ML throughput_gbps=8.3427 latency_ms=64.3686
[2026-08-17T14:49:40] SAMPLE t=92s phase=Recovery adaptation=with_ML throughput_gbps=8.198 latency_ms=64.6063
[2026-08-17T14:49:41] SAMPLE t=93s phase=Recovery adaptation=with_ML throughput_gbps=8.4864 latency_ms=65.8963
[2026-08-17T14:49:42] SAMPLE t=94s phase=Recovery adaptation=with_ML throughput_gbps=8.7012 latency_ms=66.2366
[2026-08-17T14:49:43] SAMPLE t=95s phase=Recovery adaptation=with_ML throughput_gbps=8.5049 latency_ms=64.6581
[2026-08-17T14:49:44] SAMPLE t=96s phase=Recovery adaptation=with_ML throughput_gbps=8.3147 latency_ms=63.9258
[2026-08-17T14:49:45] SAMPLE t=97s phase=Recovery adaptation=with_ML throughput_gbps=8.5702 latency_ms=64.6763
[2026-08-17T14:49:46] SAMPLE t=98s phase=Recovery adaptation=with_ML throughput_gbps=8.5769 latency_ms=66.521
[2026-08-17T14:49:47] SAMPLE t=99s phase=Recovery adaptation=with_ML throughput_gbps=8.4427 latency_ms=64.9537
[2026-08-17T14:48:08] SAMPLE t=0s phase=Stable adaptation=without_ML throughput_gbps=7.8715 latency_ms=64.227
[2026-08-17T14:48:09] SAMPLE t=1s phase=Stable adaptation=without_ML throughput_gbps=7.9406 latency_ms=67.7715
[2026-08-17T14:48:10] SAMPLE t=2s phase=Stable adaptation=without_ML throughput_gbps=8.2827 latency_ms=65.9855
[2026-08-17T14:48:11] SAMPLE t=3s phase=Stable adaptation=without_ML throughput_gbps=8.1906 latency_ms=66.8443
[2026-08-17T14:48:12] SAMPLE t=4s phase=Stable adaptation=without_ML throughput_gbps=7.9236 latency_ms=66.2952
[2026-08-17T14:48:13] SAMPLE t=5s phase=Stable adaptation=without_ML throughput_gbps=8.0825 latency_ms=67.7017
[2026-08-17T14:48:14] SAMPLE t=6s phase=Stable adaptation=without_ML throughput_gbps=8.217 latency_ms=67.1553
[2026-08-17T14:48:15] SAMPLE t=7s phase=Stable adaptation=without_ML throughput_gbps=7.8472 latency_ms=66.986
[2026-08-17T14:48:16] SAMPLE t=8s phase=Stable adaptation=without_ML throughput_gbps=7.6955 latency_ms=65.9472
[2026-08-17T14:48:17] SAMPLE t=9s phase=Stable adaptation=without_ML throughput_gbps=7.712 latency_ms=65.9184
[2026-08-17T14:48:18] SAMPLE t=10s phase=Stable adaptation=without_ML throughput_gbps=7.3108 latency_ms=67.3623
[2026-08-17T14:48:19] SAMPLE t=11s phase=Stable adaptation=without_ML throughput_gbps=7.9504 latency_ms=64.9393
[2026-08-17T14:48:20] SAMPLE t=12s phase=Stable adaptation=without_ML throughput_gbps=7.9005 latency_ms=66.2079
[2026-08-17T14:48:21] SAMPLE t=13s phase=Stable adaptation=without_ML throughput_gbps=7.6368 latency_ms=66.5423
[2026-08-17T14:48:22] SAMPLE t=14s phase=Stable adaptation=without_ML throughput_gbps=7.7109 latency_ms=64.631
[2026-08-17T14:48:23] SAMPLE t=15s phase=Stable adaptation=without_ML throughput_gbps=7.5759 latency_ms=66.1031
[2026-08-17T14:48:24] SAMPLE t=16s phase=Stable adaptation=without_ML throughput_gbps=7.8726 latency_ms=66.3386
[2026-08-17T14:48:25] SAMPLE t=17s phase=Stable adaptation=without_ML throughput_gbps=7.7984 latency_ms=66.634
[2026-08-17T14:48:26] SAMPLE t=18s phase=Stable adaptation=without_ML throughput_gbps=8.2175 latency_ms=68.1693
[2026-08-17T14:48:27] SAMPLE t=19s phase=Stable adaptation=without_ML throughput_gbps=8.0044 latency_ms=66.1993
[2026-08-17T14:48:28] SAMPLE t=20s phase=Congestion adaptation=without_ML throughput_gbps=7.5423 latency_ms=65.0747
[2026-08-17T14:48:29] SAMPLE t=21s phase=Congestion adaptation=without_ML throughput_gbps=7.6303 latency_ms=66.5387
[2026-08-17T14:48:30] SAMPLE t=22s phase=Congestion adaptation=without_ML throughput_gbps=7.9987 latency_ms=68.2076
[2026-08-17T14:48:31] SAMPLE t=23s phase=Congestion adaptation=without_ML throughput_gbps=8.0123 latency_ms=67.7166
[2026-08-17T14:48:32] SAMPLE t=24s phase=Congestion adaptation=without_ML throughput_gbps=7.8995 latency_ms=64.9354
[2026-08-17T14:48:33] SAMPLE t=25s phase=Congestion adaptation=without_ML throughput_gbps=8.0711 latency_ms=66.5919
[2026-08-17T14:48:34] SAMPLE t=26s phase=Congestion adaptation=without_ML throughput_gbps=7.876 latency_ms=67.3553
[2026-08-17T14:48:35] SAMPLE t=27s phase=Congestion adaptation=without_ML throughput_gbps=7.5976 latency_ms=63.7953
[2026-08-17T14:48:36] SAMPLE t=28s phase=Congestion adaptation=without_ML throughput_gbps=8.0095 latency_ms=68.0466
[2026-08-17T14:48:37] SAMPLE t=29s phase=Congestion adaptation=without_ML throughput_gbps=8.1578 latency_ms=65.2085
[2026-08-17T14:48:38] SAMPLE t=30s phase=Congestion adaptation=without_ML throughput_gbps=8.3673 latency_ms=66.1015
[2026-08-17T14:48:39] SAMPLE t=31s phase=Congestion adaptation=without_ML throughput_gbps=8.5399 latency_ms=64.2159
[2026-08-17T14:48:40] SAMPLE t=32s phase=Congestion adaptation=without_ML throughput_gbps=8.0841 latency_ms=64.8772
[2026-08-17T14:48:41] SAMPLE t=33s phase=Congestion adaptation=without_ML throughput_gbps=8.7357 latency_ms=65.6357
[2026-08-17T14:48:42] SAMPLE t=34s phase=Congestion adaptation=without_ML throughput_gbps=7.801 latency_ms=65.0461
[2026-08-17T14:48:43] SAMPLE t=35s phase=Congestion adaptation=without_ML throughput_gbps=8.0698 latency_ms=68.8145
[2026-08-17T14:48:44] SAMPLE t=36s phase=Congestion adaptation=without_ML throughput_gbps=7.7869 latency_ms=65.3168
[2026-08-17T14:48:45] SAMPLE t=37s phase=Congestion adaptation=without_ML throughput_gbps=8.0758 latency_ms=66.8148
[2026-08-17T14:48:46] SAMPLE t=38s phase=Congestion adaptation=without_ML throughput_gbps=7.7889 latency_ms=67.8755
[2026-08-17T14:48:47] SAMPLE t=39s phase=Congestion adaptation=without_ML throughput_gbps=7.9041 latency_ms=63.2628
[2026-08-17T14:48:48] SAMPLE t=40s phase=Path_change adaptation=without_ML throughput_gbps=7.9891 latency_ms=66.7999
[2026-08-17T14:48:49] SAMPLE t=41s phase=Path_change adaptation=without_ML throughput_gbps=7.5877 latency_ms=66.8718
[2026-08-17T14:48:50] SAMPLE t=42s phase=Path_change adaptation=without_ML throughput_gbps=7.4513 latency_ms=68.8788
[2026-08-17T14:48:51] SAMPLE t=43s phase=Path_change adaptation=without_ML throughput_gbps=6.8047 latency_ms=71.2031
[2026-08-17T14:48:52] SAMPLE t=44s phase=Path_change adaptation=without_ML throughput_gbps=6.9592 latency_ms=68.4699
[2026-08-17T14:48:53] SAMPLE t=45s phase=Path_change adaptation=without_ML throughput_gbps=6.5578 latency_ms=69.8718
[2026-08-17T14:48:54] SAMPLE t=46s phase=Path_change adaptation=without_ML throughput_gbps=6.0948 latency_ms=71.9211
[2026-08-17T14:48:55] SAMPLE t=47s phase=Path_change adaptation=without_ML throughput_gbps=5.6453 latency_ms=72.9672
[2026-08-17T14:48:56] SAMPLE t=48s phase=Path_change adaptation=without_ML throughput_gbps=5.9773 latency_ms=73.9617
[2026-08-17T14:48:57] SAMPLE t=49s phase=Path_change adaptation=without_ML throughput_gbps=5.9246 latency_ms=73.5072
[2026-08-17T14:48:58] SAMPLE t=50s phase=Path_change adaptation=without_ML throughput_gbps=5.6226 latency_ms=71.317
[2026-08-17T14:48:59] SAMPLE t=51s phase=Path_change adaptation=without_ML throughput_gbps=5.6162 latency_ms=74.3831
[2026-08-17T14:49:00] SAMPLE t=52s phase=Path_change adaptation=without_ML throughput_gbps=5.5671 latency_ms=72.3196
[2026-08-17T14:49:01] SAMPLE t=53s phase=Path_change adaptation=without_ML throughput_gbps=5.8754 latency_ms=74.5567
[2026-08-17T14:49:02] SAMPLE t=54s phase=Path_change adaptation=without_ML throughput_gbps=6.5081 latency_ms=69.1944
[2026-08-17T14:49:03] SAMPLE t=55s phase=Path_change adaptation=without_ML throughput_gbps=6.3161 latency_ms=69.3967
[2026-08-17T14:49:04] SAMPLE t=56s phase=Path_change adaptation=without_ML throughput_gbps=6.379 latency_ms=68.2242
[2026-08-17T14:49:05] SAMPLE t=57s phase=Path_change adaptation=without_ML throughput_gbps=6.5409 latency_ms=68.3558
[2026-08-17T14:49:06] SAMPLE t=58s phase=Path_change adaptation=without_ML throughput_gbps=7.3023 latency_ms=66.2106
[2026-08-17T14:49:07] SAMPLE t=59s phase=Path_change adaptation=without_ML throughput_gbps=7.5215 latency_ms=68.8968
[2026-08-17T14:49:08] SAMPLE t=60s phase=Loss_spike adaptation=without_ML throughput_gbps=6.3139 latency_ms=67.8459
[2026-08-17T14:49:09] SAMPLE t=61s phase=Loss_spike adaptation=without_ML throughput_gbps=8.196 latency_ms=79.9734
[2026-08-17T14:49:10] SAMPLE t=62s phase=Loss_spike adaptation=without_ML throughput_gbps=8.0938 latency_ms=76.2911
[2026-08-17T14:49:11] SAMPLE t=63s phase=Loss_spike adaptation=without_ML throughput_gbps=4.6629 latency_ms=75.776
[2026-08-17T14:49:12] SAMPLE t=64s phase=Loss_spike adaptation=without_ML throughput_gbps=4.0255 latency_ms=82.8327
[2026-08-17T14:49:13] SAMPLE t=65s phase=Loss_spike adaptation=without_ML throughput_gbps=6.2784 latency_ms=68.3414
[2026-08-17T14:49:14] SAMPLE t=66s phase=Loss_spike adaptation=without_ML throughput_gbps=8.5438 latency_ms=80.4107
[2026-08-17T14:49:15] SAMPLE t=67s phase=Loss_spike adaptation=without_ML throughput_gbps=7.5959 latency_ms=76.3041
[2026-08-17T14:49:16] SAMPLE t=68s phase=Loss_spike adaptation=without_ML throughput_gbps=4.7094 latency_ms=75.2869
[2026-08-17T14:49:17] SAMPLE t=69s phase=Loss_spike adaptation=without_ML throughput_gbps=4.0839 latency_ms=78.6357
[2026-08-17T14:49:18] SAMPLE t=70s phase=Loss_spike adaptation=without_ML throughput_gbps=6.5798 latency_ms=70.0213
[2026-08-17T14:49:19] SAMPLE t=71s phase=Loss_spike adaptation=without_ML throughput_gbps=8.4842 latency_ms=79.9002
[2026-08-17T14:49:20] SAMPLE t=72s phase=Loss_spike adaptation=without_ML throughput_gbps=7.7714 latency_ms=75.1035
[2026-08-17T14:49:21] SAMPLE t=73s phase=Loss_spike adaptation=without_ML throughput_gbps=4.869 latency_ms=76.8329
[2026-08-17T14:49:22] SAMPLE t=74s phase=Loss_spike adaptation=without_ML throughput_gbps=4.1262 latency_ms=78.1752
[2026-08-17T14:49:23] SAMPLE t=75s phase=Loss_spike adaptation=without_ML throughput_gbps=6.2227 latency_ms=71.3687
[2026-08-17T14:49:24] SAMPLE t=76s phase=Loss_spike adaptation=without_ML throughput_gbps=8.2468 latency_ms=80.5792
[2026-08-17T14:49:25] SAMPLE t=77s phase=Loss_spike adaptation=without_ML throughput_gbps=7.4402 latency_ms=75.0997
[2026-08-17T14:49:26] SAMPLE t=78s phase=Loss_spike adaptation=without_ML throughput_gbps=4.9067 latency_ms=75.3073
[2026-08-17T14:49:27] SAMPLE t=79s phase=Loss_spike adaptation=without_ML throughput_gbps=3.9059 latency_ms=80.5557
[2026-08-17T14:49:28] SAMPLE t=80s phase=Recovery adaptation=without_ML throughput_gbps=7.6427 latency_ms=64.9849
[2026-08-17T14:49:29] SAMPLE t=81s phase=Recovery adaptation=without_ML throughput_gbps=7.9121 latency_ms=66.0005
[2026-08-17T14:49:30] SAMPLE t=82s phase=Recovery adaptation=without_ML throughput_gbps=8.2861 latency_ms=66.0691
[2026-08-17T14:49:31] SAMPLE t=83s phase=Recovery adaptation=without_ML throughput_gbps=7.9669 latency_ms=69.0528
[2026-08-17T14:49:32] SAMPLE t=84s phase=Recovery adaptation=without_ML throughput_gbps=8.2196 latency_ms=64.4728
[2026-08-17T14:49:33] SAMPLE t=85s phase=Recovery adaptation=without_ML throughput_gbps=7.9298 latency_ms=66.2605
[2026-08-17T14:49:34] SAMPLE t=86s phase=Recovery adaptation=without_ML throughput_gbps=7.902 latency_ms=65.0097
[2026-08-17T14:49:35] SAMPLE t=87s phase=Recovery adaptation=without_ML throughput_gbps=8.143 latency_ms=65.2524
[2026-08-17T14:49:36] SAMPLE t=88s phase=Recovery adaptation=without_ML throughput_gbps=7.8756 latency_ms=65.0875
[2026-08-17T14:49:37] SAMPLE t=89s phase=Recovery adaptation=without_ML throughput_gbps=8.0735 latency_ms=64.8064
[2026-08-17T14:49:38] SAMPLE t=90s phase=Recovery adaptation=without_ML throughput_gbps=8.3462 latency_ms=66.6685
[2026-08-17T14:49:39] SAMPLE t=91s phase=Recovery adaptation=without_ML throughput_gbps=8.2899 latency_ms=67.1281
[2026-08-17T14:49:40] SAMPLE t=92s phase=Recovery adaptation=without_ML throughput_gbps=8.221 latency_ms=65.3503
[2026-08-17T14:49:41] SAMPLE t=93s phase=Recovery adaptation=without_ML throughput_gbps=8.5866 latency_ms=65.0441
[2026-08-17T14:49:42] SAMPLE t=94s phase=Recovery adaptation=without_ML throughput_gbps=7.9532 latency_ms=68.3029
[2026-08-17T14:49:43] SAMPLE t=95s phase=Recovery adaptation=without_ML throughput_gbps=8.2606 latency_ms=66.501
[2026-08-17T14:49:44] SAMPLE t=96s phase=Recovery adaptation=without_ML throughput_gbps=8.1583 latency_ms=65.4901
[2026-08-17T14:49:45] SAMPLE t=97s phase=Recovery adaptation=without_ML throughput_gbps=8.2742 latency_ms=67.1105
[2026-08-17T14:49:46] SAMPLE t=98s phase=Recovery adaptation=without_ML throughput_gbps=7.9265 latency_ms=68.4647
[2026-08-17T14:49:47] SAMPLE t=99s phase=Recovery adaptation=without_ML throughput_gbps=8.0826 latency_ms=67.4468
[2026-08-17T14:48:08] TRACE_END run_id=131 status=OK
[2026-08-17T14:55:28] TRACE_START run_id=132
[2026-08-17T14:55:28] SAMPLE t=0s phase=Stable adaptation=with_ML throughput_gbps=8.0178 latency_ms=67.1585
[2026-08-17T14:55:29] SAMPLE t=1s phase=Stable adaptation=with_ML throughput_gbps=8.047 latency_ms=65.5771
[2026-08-17T14:55:30] SAMPLE t=2s phase=Stable adaptation=with_ML throughput_gbps=8.0068 latency_ms=65.0686
[2026-08-17T14:55:31] SAMPLE t=3s phase=Stable adaptation=with_ML throughput_gbps=8.151 latency_ms=66.5934
[2026-08-17T14:55:32] SAMPLE t=4s phase=Stable adaptation=with_ML throughput_gbps=7.8972 latency_ms=65.2942
[2026-08-17T14:55:33] SAMPLE t=5s phase=Stable adaptation=with_ML throughput_gbps=8.2677 latency_ms=66.9376
[2026-08-17T14:55:34] SAMPLE t=6s phase=Stable adaptation=with_ML throughput_gbps=8.1136 latency_ms=65.0329
[2026-08-17T14:55:35] SAMPLE t=7s phase=Stable adaptation=with_ML throughput_gbps=8.2204 latency_ms=65.5787
[2026-08-17T14:55:36] SAMPLE t=8s phase=Stable adaptation=with_ML throughput_gbps=8.177 latency_ms=66.7633
[2026-08-17T14:55:37] SAMPLE t=9s phase=Stable adaptation=with_ML throughput_gbps=7.8544 latency_ms=66.1937
[2026-08-17T14:55:38] SAMPLE t=10s phase=Stable adaptation=with_ML throughput_gbps=8.4208 latency_ms=68.3089
[2026-08-17T14:55:39] SAMPLE t=11s phase=Stable adaptation=with_ML throughput_gbps=7.9312 latency_ms=65.2684
[2026-08-17T14:55:40] SAMPLE t=12s phase=Stable adaptation=with_ML throughput_gbps=7.9175 latency_ms=67.8278
[2026-08-17T14:55:41] SAMPLE t=13s phase=Stable adaptation=with_ML throughput_gbps=8.1839 latency_ms=67.7722
[2026-08-17T14:55:42] SAMPLE t=14s phase=Stable adaptation=with_ML throughput_gbps=8.1969 latency_ms=67.6198
[2026-08-17T14:55:43] SAMPLE t=15s phase=Stable adaptation=with_ML throughput_gbps=7.7276 latency_ms=67.5349
[2026-08-17T14:55:44] SAMPLE t=16s phase=Stable adaptation=with_ML throughput_gbps=8.2452 latency_ms=67.3172
[2026-08-17T14:55:45] SAMPLE t=17s phase=Stable adaptation=with_ML throughput_gbps=8.1686 latency_ms=66.7232
[2026-08-17T14:55:46] SAMPLE t=18s phase=Stable adaptation=with_ML throughput_gbps=7.7617 latency_ms=65.4926
[2026-08-17T14:55:47] SAMPLE t=19s phase=Stable adaptation=with_ML throughput_gbps=7.8061 latency_ms=68.4211
[2026-08-17T14:55:48] SAMPLE t=20s phase=Congestion adaptation=with_ML throughput_gbps=8.1534 latency_ms=66.6343
[2026-08-17T14:55:49] SAMPLE t=21s phase=Congestion adaptation=with_ML throughput_gbps=8.1418 latency_ms=67.6944
[2026-08-17T14:55:50] SAMPLE t=22s phase=Congestion adaptation=with_ML throughput_gbps=8.0807 latency_ms=64.2298
[2026-08-17T14:55:51] SAMPLE t=23s phase=Congestion adaptation=with_ML throughput_gbps=8.0738 latency_ms=67.3942
[2026-08-17T14:55:52] SAMPLE t=24s phase=Congestion adaptation=with_ML throughput_gbps=8.2625 latency_ms=68.1388
[2026-08-17T14:55:53] SAMPLE t=25s phase=Congestion adaptation=with_ML throughput_gbps=8.2466 latency_ms=64.8299
[2026-08-17T14:55:54] SAMPLE t=26s phase=Congestion adaptation=with_ML throughput_gbps=8.304 latency_ms=67.5465
[2026-08-17T14:55:55] SAMPLE t=27s phase=Congestion adaptation=with_ML throughput_gbps=7.864 latency_ms=66.5926
[2026-08-17T14:55:56] SAMPLE t=28s phase=Congestion adaptation=with_ML throughput_gbps=8.1123 latency_ms=66.0719
[2026-08-17T14:55:57] SAMPLE t=29s phase=Congestion adaptation=with_ML throughput_gbps=8.0195 latency_ms=67.1104
[2026-08-17T14:55:58] SAMPLE t=30s phase=Congestion adaptation=with_ML throughput_gbps=8.2828 latency_ms=67.922
[2026-08-17T14:55:59] SAMPLE t=31s phase=Congestion adaptation=with_ML throughput_gbps=8.3958 latency_ms=65.659
[2026-08-17T14:56:00] SAMPLE t=32s phase=Congestion adaptation=with_ML throughput_gbps=7.9732 latency_ms=65.7651
[2026-08-17T14:56:01] SAMPLE t=33s phase=Congestion adaptation=with_ML throughput_gbps=8.472 latency_ms=66.1663
[2026-08-17T14:56:02] SAMPLE t=34s phase=Congestion adaptation=with_ML throughput_gbps=7.7085 latency_ms=65.5424
[2026-08-17T14:56:03] SAMPLE t=35s phase=Congestion adaptation=with_ML throughput_gbps=8.3222 latency_ms=66.412
[2026-08-17T14:56:04] SAMPLE t=36s phase=Congestion adaptation=with_ML throughput_gbps=8.0371 latency_ms=65.8789
[2026-08-17T14:56:05] SAMPLE t=37s phase=Congestion adaptation=with_ML throughput_gbps=8.1561 latency_ms=66.8568
[2026-08-17T14:56:06] SAMPLE t=38s phase=Congestion adaptation=with_ML throughput_gbps=8.0442 latency_ms=67.3868
[2026-08-17T14:56:07] SAMPLE t=39s phase=Congestion adaptation=with_ML throughput_gbps=7.9933 latency_ms=65.4438
[2026-08-17T14:56:08] SAMPLE t=40s phase=Path_change adaptation=with_ML throughput_gbps=8.376 latency_ms=65.8938
[2026-08-17T14:56:09] SAMPLE t=41s phase=Path_change adaptation=with_ML throughput_gbps=7.8544 latency_ms=65.081
[2026-08-17T14:56:10] SAMPLE t=42s phase=Path_change adaptation=with_ML throughput_gbps=7.7047 latency_ms=68.2337
[2026-08-17T14:56:11] SAMPLE t=43s phase=Path_change adaptation=with_ML throughput_gbps=7.7578 latency_ms=68.1867
[2026-08-17T14:56:12] SAMPLE t=44s phase=Path_change adaptation=with_ML throughput_gbps=7.9047 latency_ms=66.7832
[2026-08-17T14:56:13] SAMPLE t=45s phase=Path_change adaptation=with_ML throughput_gbps=7.5251 latency_ms=67.553
[2026-08-17T14:56:14] SAMPLE t=46s phase=Path_change adaptation=with_ML throughput_gbps=7.4089 latency_ms=69.2046
[2026-08-17T14:56:15] SAMPLE t=47s phase=Path_change adaptation=with_ML throughput_gbps=7.1108 latency_ms=68.0928
[2026-08-17T14:56:16] SAMPLE t=48s phase=Path_change adaptation=with_ML throughput_gbps=7.2491 latency_ms=68.4369
[2026-08-17T14:56:17] SAMPLE t=49s phase=Path_change adaptation=with_ML throughput_gbps=7.3883 latency_ms=66.9907
[2026-08-17T14:56:18] SAMPLE t=50s phase=Path_change adaptation=with_ML throughput_gbps=7.0711 latency_ms=69.8162
[2026-08-17T14:56:19] SAMPLE t=51s phase=Path_change adaptation=with_ML throughput_gbps=7.0535 latency_ms=68.0761
[2026-08-17T14:56:20] SAMPLE t=52s phase=Path_change adaptation=with_ML throughput_gbps=7.6061 latency_ms=69.965
[2026-08-17T14:56:21] SAMPLE t=53s phase=Path_change adaptation=with_ML throughput_gbps=7.5952 latency_ms=68.1723
[2026-08-17T14:56:22] SAMPLE t=54s phase=Path_change adaptation=with_ML throughput_gbps=7.5249 latency_ms=69.2419
[2026-08-17T14:56:23] SAMPLE t=55s phase=Path_change adaptation=with_ML throughput_gbps=7.609 latency_ms=67.1307
[2026-08-17T14:56:24] SAMPLE t=56s phase=Path_change adaptation=with_ML throughput_gbps=7.3537 latency_ms=68.721
[2026-08-17T14:56:25] SAMPLE t=57s phase=Path_change adaptation=with_ML throughput_gbps=7.6473 latency_ms=67.9712
[2026-08-17T14:56:26] SAMPLE t=58s phase=Path_change adaptation=with_ML throughput_gbps=8.0972 latency_ms=66.6875
[2026-08-17T14:56:27] SAMPLE t=59s phase=Path_change adaptation=with_ML throughput_gbps=8.1291 latency_ms=66.0584
[2026-08-17T14:56:28] SAMPLE t=60s phase=Loss_spike adaptation=with_ML throughput_gbps=7.2083 latency_ms=68.5319
[2026-08-17T14:56:29] SAMPLE t=61s phase=Loss_spike adaptation=with_ML throughput_gbps=8.552 latency_ms=68.9139
[2026-08-17T14:56:30] SAMPLE t=62s phase=Loss_spike adaptation=with_ML throughput_gbps=8.1585 latency_ms=69.7117
[2026-08-17T14:56:31] SAMPLE t=63s phase=Loss_spike adaptation=with_ML throughput_gbps=6.9119 latency_ms=69.0282
[2026-08-17T14:56:32] SAMPLE t=64s phase=Loss_spike adaptation=with_ML throughput_gbps=6.5192 latency_ms=72.7335
[2026-08-17T14:56:33] SAMPLE t=65s phase=Loss_spike adaptation=with_ML throughput_gbps=7.5759 latency_ms=67.6886
[2026-08-17T14:56:34] SAMPLE t=66s phase=Loss_spike adaptation=with_ML throughput_gbps=8.1578 latency_ms=71.0841
[2026-08-17T14:56:35] SAMPLE t=67s phase=Loss_spike adaptation=with_ML throughput_gbps=8.017 latency_ms=74.0982
[2026-08-17T14:56:36] SAMPLE t=68s phase=Loss_spike adaptation=with_ML throughput_gbps=6.5329 latency_ms=68.7182
[2026-08-17T14:56:37] SAMPLE t=69s phase=Loss_spike adaptation=with_ML throughput_gbps=6.5879 latency_ms=70.7612
[2026-08-17T14:56:38] SAMPLE t=70s phase=Loss_spike adaptation=with_ML throughput_gbps=7.0952 latency_ms=67.3325
[2026-08-17T14:56:39] SAMPLE t=71s phase=Loss_spike adaptation=with_ML throughput_gbps=8.5344 latency_ms=73.072
[2026-08-17T14:56:40] SAMPLE t=72s phase=Loss_spike adaptation=with_ML throughput_gbps=8.0859 latency_ms=68.6953
[2026-08-17T14:56:41] SAMPLE t=73s phase=Loss_spike adaptation=with_ML throughput_gbps=6.6119 latency_ms=69.0818
[2026-08-17T14:56:42] SAMPLE t=74s phase=Loss_spike adaptation=with_ML throughput_gbps=6.4213 latency_ms=70.19
[2026-08-17T14:56:43] SAMPLE t=75s phase=Loss_spike adaptation=with_ML throughput_gbps=7.6435 latency_ms=68.0745
[2026-08-17T14:56:44] SAMPLE t=76s phase=Loss_spike adaptation=with_ML throughput_gbps=8.3502 latency_ms=70.2483
[2026-08-17T14:56:45] SAMPLE t=77s phase=Loss_spike adaptation=with_ML throughput_gbps=7.9894 latency_ms=69.9946
[2026-08-17T14:56:46] SAMPLE t=78s phase=Loss_spike adaptation=with_ML throughput_gbps=6.6511 latency_ms=70.6651
[2026-08-17T14:56:47] SAMPLE t=79s phase=Loss_spike adaptation=with_ML throughput_gbps=6.1956 latency_ms=74.4229
[2026-08-17T14:56:48] SAMPLE t=80s phase=Recovery adaptation=with_ML throughput_gbps=8.2821 latency_ms=66.551
[2026-08-17T14:56:49] SAMPLE t=81s phase=Recovery adaptation=with_ML throughput_gbps=8.4308 latency_ms=66.048
[2026-08-17T14:56:50] SAMPLE t=82s phase=Recovery adaptation=with_ML throughput_gbps=8.3551 latency_ms=66.5362
[2026-08-17T14:56:51] SAMPLE t=83s phase=Recovery adaptation=with_ML throughput_gbps=8.4292 latency_ms=65.5703
[2026-08-17T14:56:52] SAMPLE t=84s phase=Recovery adaptation=with_ML throughput_gbps=7.9284 latency_ms=64.2671
[2026-08-17T14:56:53] SAMPLE t=85s phase=Recovery adaptation=with_ML throughput_gbps=7.9721 latency_ms=65.619
[2026-08-17T14:56:54] SAMPLE t=86s phase=Recovery adaptation=with_ML throughput_gbps=8.1163 latency_ms=65.358
[2026-08-17T14:56:55] SAMPLE t=87s phase=Recovery adaptation=with_ML throughput_gbps=7.7378 latency_ms=64.5322
[2026-08-17T14:56:56] SAMPLE t=88s phase=Recovery adaptation=with_ML throughput_gbps=8.1184 latency_ms=66.3011
[2026-08-17T14:56:57] SAMPLE t=89s phase=Recovery adaptation=with_ML throughput_gbps=8.4501 latency_ms=65.2662
[2026-08-17T14:56:58] SAMPLE t=90s phase=Recovery adaptation=with_ML throughput_gbps=8.474 latency_ms=64.8574
[2026-08-17T14:56:59] SAMPLE t=91s phase=Recovery adaptation=with_ML throughput_gbps=8.5388 latency_ms=68.0881
[2026-08-17T14:57:00] SAMPLE t=92s phase=Recovery adaptation=with_ML throughput_gbps=8.1082 latency_ms=64.7687
[2026-08-17T14:57:01] SAMPLE t=93s phase=Recovery adaptation=with_ML throughput_gbps=8.3913 latency_ms=66.7393
[2026-08-17T14:57:02] SAMPLE t=94s phase=Recovery adaptation=with_ML throughput_gbps=8.3309 latency_ms=65.8864
[2026-08-17T14:57:03] SAMPLE t=95s phase=Recovery adaptation=with_ML throughput_gbps=8.6636 latency_ms=65.1648
[2026-08-17T14:57:04] SAMPLE t=96s phase=Recovery adaptation=with_ML throughput_gbps=8.4865 latency_ms=65.0031
[2026-08-17T14:57:05] SAMPLE t=97s phase=Recovery adaptation=with_ML throughput_gbps=8.5119 latency_ms=65.2708
[2026-08-17T14:57:06] SAMPLE t=98s phase=Recovery adaptation=with_ML throughput_gbps=8.4039 latency_ms=63.9445
[2026-08-17T14:57:07] SAMPLE t=99s phase=Recovery adaptation=with_ML throughput_gbps=8.7133 latency_ms=65.2005
[2026-08-17T14:55:28] SAMPLE t=0s phase=Stable adaptation=without_ML throughput_gbps=7.9038 latency_ms=65.8972
[2026-08-17T14:55:29] SAMPLE t=1s phase=Stable adaptation=without_ML throughput_gbps=8.0343 latency_ms=66.7997
[2026-08-17T14:55:30] SAMPLE t=2s phase=Stable adaptation=without_ML throughput_gbps=7.7307 latency_ms=67.1245
[2026-08-17T14:55:31] SAMPLE t=3s phase=Stable adaptation=without_ML throughput_gbps=7.8079 latency_ms=65.9832
[2026-08-17T14:55:32] SAMPLE t=4s phase=Stable adaptation=without_ML throughput_gbps=7.8405 latency_ms=66.5503
[2026-08-17T14:55:33] SAMPLE t=5s phase=Stable adaptation=without_ML throughput_gbps=7.827 latency_ms=65.9154
[2026-08-17T14:55:34] SAMPLE t=6s phase=Stable adaptation=without_ML throughput_gbps=8.0785 latency_ms=65.5037
[2026-08-17T14:55:35] SAMPLE t=7s phase=Stable adaptation=without_ML throughput_gbps=8.1699 latency_ms=65.9123
[2026-08-17T14:55:36] SAMPLE t=8s phase=Stable adaptation=without_ML throughput_gbps=7.7539 latency_ms=63.9896
[2026-08-17T14:55:37] SAMPLE t=9s phase=Stable adaptation=without_ML throughput_gbps=7.8189 latency_ms=67.8691
[2026-08-17T14:55:38] SAMPLE t=10s phase=Stable adaptation=without_ML throughput_gbps=7.9022 latency_ms=65.8444
[2026-08-17T14:55:39] SAMPLE t=11s phase=Stable adaptation=without_ML throughput_gbps=7.8944 latency_ms=68.6273
[2026-08-17T14:55:40] SAMPLE t=12s phase=Stable adaptation=without_ML throughput_gbps=8.0682 latency_ms=66.1953
[2026-08-17T14:55:41] SAMPLE t=13s phase=Stable adaptation=without_ML throughput_gbps=7.9053 latency_ms=68.7613
[2026-08-17T14:55:42] SAMPLE t=14s phase=Stable adaptation=without_ML throughput_gbps=8.2976 latency_ms=65.7486
[2026-08-17T14:55:43] SAMPLE t=15s phase=Stable adaptation=without_ML throughput_gbps=8.0824 latency_ms=66.9823
[2026-08-17T14:55:44] SAMPLE t=16s phase=Stable adaptation=without_ML throughput_gbps=8.4873 latency_ms=66.2977
[2026-08-17T14:55:45] SAMPLE t=17s phase=Stable adaptation=without_ML throughput_gbps=7.8344 latency_ms=66.2886
[2026-08-17T14:55:46] SAMPLE t=18s phase=Stable adaptation=without_ML throughput_gbps=8.1409 latency_ms=65.5595
[2026-08-17T14:55:47] SAMPLE t=19s phase=Stable adaptation=without_ML throughput_gbps=8.4627 latency_ms=64.7803
[2026-08-17T14:55:48] SAMPLE t=20s phase=Congestion adaptation=without_ML throughput_gbps=8.2639 latency_ms=66.4579
[2026-08-17T14:55:49] SAMPLE t=21s phase=Congestion adaptation=without_ML throughput_gbps=8.0968 latency_ms=66.1537
[2026-08-17T14:55:50] SAMPLE t=22s phase=Congestion adaptation=without_ML throughput_gbps=8.4631 latency_ms=67.8834
[2026-08-17T14:55:51] SAMPLE t=23s phase=Congestion adaptation=without_ML throughput_gbps=7.8916 latency_ms=67.457
[2026-08-17T14:55:52] SAMPLE t=24s phase=Congestion adaptation=without_ML throughput_gbps=8.5501 latency_ms=66.538
[2026-08-17T14:55:53] SAMPLE t=25s phase=Congestion adaptation=without_ML throughput_gbps=7.8111 latency_ms=66.1701
[2026-08-17T14:55:54] SAMPLE t=26s phase=Congestion adaptation=without_ML throughput_gbps=8.3208 latency_ms=68.0178
[2026-08-17T14:55:55] SAMPLE t=27s phase=Congestion adaptation=without_ML throughput_gbps=7.2616 latency_ms=67.4533
[2026-08-17T14:55:56] SAMPLE t=28s phase=Congestion adaptation=without_ML throughput_gbps=7.6619 latency_ms=68.964
[2026-08-17T14:55:57] SAMPLE t=29s phase=Congestion adaptation=without_ML throughput_gbps=7.771 latency_ms=67.382
[2026-08-17T14:55:58] SAMPLE t=30s phase=Congestion adaptation=without_ML throughput_gbps=8.2712 latency_ms=66.49
[2026-08-17T14:55:59] SAMPLE t=31s phase=Congestion adaptation=without_ML throughput_gbps=8.2901 latency_ms=67.0563
[2026-08-17T14:56:00] SAMPLE t=32s phase=Congestion adaptation=without_ML throughput_gbps=7.895 latency_ms=66.9587
[2026-08-17T14:56:01] SAMPLE t=33s phase=Congestion adaptation=without_ML throughput_gbps=8.3805 latency_ms=64.5093
[2026-08-17T14:56:02] SAMPLE t=34s phase=Congestion adaptation=without_ML throughput_gbps=7.9946 latency_ms=64.0258
[2026-08-17T14:56:03] SAMPLE t=35s phase=Congestion adaptation=without_ML throughput_gbps=7.9923 latency_ms=65.0723
[2026-08-17T14:56:04] SAMPLE t=36s phase=Congestion adaptation=without_ML throughput_gbps=8.1865 latency_ms=66.7591
[2026-08-17T14:56:05] SAMPLE t=37s phase=Congestion adaptation=without_ML throughput_gbps=7.9988 latency_ms=64.5804
[2026-08-17T14:56:06] SAMPLE t=38s phase=Congestion adaptation=without_ML throughput_gbps=8.1169 latency_ms=67.3281
[2026-08-17T14:56:07] SAMPLE t=39s phase=Congestion adaptation=without_ML throughput_gbps=7.538 latency_ms=66.2214
[2026-08-17T14:56:08] SAMPLE t=40s phase=Path_change adaptation=without_ML throughput_gbps=8.0332 latency_ms=66.4297
[2026-08-17T14:56:09] SAMPLE t=41s phase=Path_change adaptation=without_ML throughput_gbps=7.4857 latency_ms=66.4409
[2026-08-17T14:56:10] SAMPLE t=42s phase=Path_change adaptation=without_ML throughput_gbps=7.2278 latency_ms=68.8376
[2026-08-17T14:56:11] SAMPLE t=43s phase=Path_change adaptation=without_ML throughput_gbps=7.0846 latency_ms=69.5623
[2026-08-17T14:56:12] SAMPLE t=44s phase=Path_change adaptation=without_ML throughput_gbps=6.4196 latency_ms=69.8806
[2026-08-17T14:56:13] SAMPLE t=45s phase=Path_change adaptation=without_ML throughput_gbps=6.4436 latency_ms=70.8118
[2026-08-17T14:56:14] SAMPLE t=46s phase=Path_change adaptation=without_ML throughput_gbps=6.0402 latency_ms=70.9245
[2026-08-17T14:56:15] SAMPLE t=47s phase=Path_change adaptation=without_ML throughput_gbps=5.8416 latency_ms=73.8311
[2026-08-17T14:56:16] SAMPLE t=48s phase=Path_change adaptation=without_ML throughput_gbps=5.6867 latency_ms=71.504
[2026-08-17T14:56:17] SAMPLE t=49s phase=Path_change adaptation=without_ML throughput_gbps=5.7567 latency_ms=72.8596
[2026-08-17T14:56:18] SAMPLE t=50s phase=Path_change adaptation=without_ML throughput_gbps=5.6307 latency_ms=72.5349
[2026-08-17T14:56:19] SAMPLE t=51s phase=Path_change adaptation=without_ML throughput_gbps=5.981 latency_ms=73.9722
[2026-08-17T14:56:20] SAMPLE t=52s phase=Path_change adaptation=without_ML throughput_gbps=5.6756 latency_ms=72.1709
[2026-08-17T14:56:21] SAMPLE t=53s phase=Path_change adaptation=without_ML throughput_gbps=6.0252 latency_ms=71.1292
[2026-08-17T14:56:22] SAMPLE t=54s phase=Path_change adaptation=without_ML throughput_gbps=6.174 latency_ms=73.2822
[2026-08-17T14:56:23] SAMPLE t=55s phase=Path_change adaptation=without_ML throughput_gbps=6.4484 latency_ms=70.3956
[2026-08-17T14:56:24] SAMPLE t=56s phase=Path_change adaptation=without_ML throughput_gbps=6.557 latency_ms=68.78
[2026-08-17T14:56:25] SAMPLE t=57s phase=Path_change adaptation=without_ML throughput_gbps=7.0465 latency_ms=67.6121
[2026-08-17T14:56:26] SAMPLE t=58s phase=Path_change adaptation=without_ML throughput_gbps=7.2735 latency_ms=69.4025
[2026-08-17T14:56:27] SAMPLE t=59s phase=Path_change adaptation=without_ML throughput_gbps=7.9554 latency_ms=68.5631
[2026-08-17T14:56:28] SAMPLE t=60s phase=Loss_spike adaptation=without_ML throughput_gbps=6.4059 latency_ms=67.921
[2026-08-17T14:56:29] SAMPLE t=61s phase=Loss_spike adaptation=without_ML throughput_gbps=8.1943 latency_ms=80.5463
[2026-08-17T14:56:30] SAMPLE t=62s phase=Loss_spike adaptation=without_ML throughput_gbps=7.0472 latency_ms=75.168
[2026-08-17T14:56:31] SAMPLE t=63s phase=Loss_spike adaptation=without_ML throughput_gbps=4.8983 latency_ms=75.0427
[2026-08-17T14:56:32] SAMPLE t=64s phase=Loss_spike adaptation=without_ML throughput_gbps=3.9369 latency_ms=78.2708
[2026-08-17T14:56:33] SAMPLE t=65s phase=Loss_spike adaptation=without_ML throughput_gbps=6.2287 latency_ms=67.8061
[2026-08-17T14:56:34] SAMPLE t=66s phase=Loss_spike adaptation=without_ML throughput_gbps=8.4643 latency_ms=78.7726
[2026-08-17T14:56:35] SAMPLE t=67s phase=Loss_spike adaptation=without_ML throughput_gbps=7.4985 latency_ms=79.595
[2026-08-17T14:56:36] SAMPLE t=68s phase=Loss_spike adaptation=without_ML throughput_gbps=4.8459 latency_ms=73.2479
[2026-08-17T14:56:37] SAMPLE t=69s phase=Loss_spike adaptation=without_ML throughput_gbps=3.8931 latency_ms=78.0073
[2026-08-17T14:56:38] SAMPLE t=70s phase=Loss_spike adaptation=without_ML throughput_gbps=6.1749 latency_ms=69.5303
[2026-08-17T14:56:39] SAMPLE t=71s phase=Loss_spike adaptation=without_ML throughput_gbps=8.7401 latency_ms=79.2709
[2026-08-17T14:56:40] SAMPLE t=72s phase=Loss_spike adaptation=without_ML throughput_gbps=7.3591 latency_ms=76.0487
[2026-08-17T14:56:41] SAMPLE t=73s phase=Loss_spike adaptation=without_ML throughput_gbps=4.8592 latency_ms=73.7169
[2026-08-17T14:56:42] SAMPLE t=74s phase=Loss_spike adaptation=without_ML throughput_gbps=3.872 latency_ms=77.6275
[2026-08-17T14:56:43] SAMPLE t=75s phase=Loss_spike adaptation=without_ML throughput_gbps=6.5829 latency_ms=71.1934
[2026-08-17T14:56:44] SAMPLE t=76s phase=Loss_spike adaptation=without_ML throughput_gbps=8.2492 latency_ms=78.007
[2026-08-17T14:56:45] SAMPLE t=77s phase=Loss_spike adaptation=without_ML throughput_gbps=7.6181 latency_ms=76.8102
[2026-08-17T14:56:46] SAMPLE t=78s phase=Loss_spike adaptation=without_ML throughput_gbps=4.9224 latency_ms=77.7209
[2026-08-17T14:56:47] SAMPLE t=79s phase=Loss_spike adaptation=without_ML throughput_gbps=4.0229 latency_ms=80.9819
[2026-08-17T14:56:48] SAMPLE t=80s phase=Recovery adaptation=without_ML throughput_gbps=8.3142 latency_ms=64.8002
[2026-08-17T14:56:49] SAMPLE t=81s phase=Recovery adaptation=without_ML throughput_gbps=8.6172 latency_ms=63.6233
[2026-08-17T14:56:50] SAMPLE t=82s phase=Recovery adaptation=without_ML throughput_gbps=8.2193 latency_ms=66.3271
[2026-08-17T14:56:51] SAMPLE t=83s phase=Recovery adaptation=without_ML throughput_gbps=7.682 latency_ms=65.9954
[2026-08-17T14:56:52] SAMPLE t=84s phase=Recovery adaptation=without_ML throughput_gbps=8.3002 latency_ms=65.6355
[2026-08-17T14:56:53] SAMPLE t=85s phase=Recovery adaptation=without_ML throughput_gbps=8.2702 latency_ms=67.3123
[2026-08-17T14:56:54] SAMPLE t=86s phase=Recovery adaptation=without_ML throughput_gbps=8.0063 latency_ms=64.501
[2026-08-17T14:56:55] SAMPLE t=87s phase=Recovery adaptation=without_ML throughput_gbps=8.0233 latency_ms=65.8751
[2026-08-17T14:56:56] SAMPLE t=88s phase=Recovery adaptation=without_ML throughput_gbps=7.5687 latency_ms=66.8979
[2026-08-17T14:56:57] SAMPLE t=89s phase=Recovery adaptation=without_ML throughput_gbps=8.4311 latency_ms=64.6389
[2026-08-17T14:56:58] SAMPLE t=90s phase=Recovery adaptation=without_ML throughput_gbps=8.2872 latency_ms=68.2814
[2026-08-17T14:56:59] SAMPLE t=91s phase=Recovery adaptation=without_ML throughput_gbps=8.0497 latency_ms=66.8782
[2026-08-17T14:57:00] SAMPLE t=92s phase=Recovery adaptation=without_ML throughput_gbps=8.1282 latency_ms=65.0214
[2026-08-17T14:57:01] SAMPLE t=93s phase=Recovery adaptation=without_ML throughput_gbps=7.8599 latency_ms=66.1949
[2026-08-17T14:57:02] SAMPLE t=94s phase=Recovery adaptation=without_ML throughput_gbps=7.8788 latency_ms=64.9035
[2026-08-17T14:57:03] SAMPLE t=95s phase=Recovery adaptation=without_ML throughput_gbps=8.3007 latency_ms=65.1211
[2026-08-17T14:57:04] SAMPLE t=96s phase=Recovery adaptation=without_ML throughput_gbps=7.8065 latency_ms=67.5559
[2026-08-17T14:57:05] SAMPLE t=97s phase=Recovery adaptation=without_ML throughput_gbps=8.316 latency_ms=65.4389
[2026-08-17T14:57:06] SAMPLE t=98s phase=Recovery adaptation=without_ML throughput_gbps=8.1157 latency_ms=66.2926
[2026-08-17T14:57:07] SAMPLE t=99s phase=Recovery adaptation=without_ML throughput_gbps=7.5259 latency_ms=66.205
[2026-08-17T14:55:28] TRACE_END run_id=132 status=OK
[2026-08-17T15:00:59] TRACE_START run_id=133
[2026-08-17T15:00:59] SAMPLE t=0s phase=Stable adaptation=with_ML throughput_gbps=8.1007 latency_ms=67.388
[2026-08-17T15:01:00] SAMPLE t=1s phase=Stable adaptation=with_ML throughput_gbps=8.0018 latency_ms=66.6359
[2026-08-17T15:01:01] SAMPLE t=2s phase=Stable adaptation=with_ML throughput_gbps=8.0607 latency_ms=66.0247
[2026-08-17T15:01:02] SAMPLE t=3s phase=Stable adaptation=with_ML throughput_gbps=8.271 latency_ms=65.832
[2026-08-17T15:01:03] SAMPLE t=4s phase=Stable adaptation=with_ML throughput_gbps=8.1221 latency_ms=66.8148
[2026-08-17T15:01:04] SAMPLE t=5s phase=Stable adaptation=with_ML throughput_gbps=8.2111 latency_ms=66.1546
[2026-08-17T15:01:05] SAMPLE t=6s phase=Stable adaptation=with_ML throughput_gbps=7.8007 latency_ms=67.4091
[2026-08-17T15:01:06] SAMPLE t=7s phase=Stable adaptation=with_ML throughput_gbps=8.1281 latency_ms=67.2632
[2026-08-17T15:01:07] SAMPLE t=8s phase=Stable adaptation=with_ML throughput_gbps=8.1863 latency_ms=63.9097
[2026-08-17T15:01:08] SAMPLE t=9s phase=Stable adaptation=with_ML throughput_gbps=8.5368 latency_ms=65.6154
[2026-08-17T15:01:09] SAMPLE t=10s phase=Stable adaptation=with_ML throughput_gbps=7.928 latency_ms=66.4696
[2026-08-17T15:01:10] SAMPLE t=11s phase=Stable adaptation=with_ML throughput_gbps=8.0568 latency_ms=67.6996
[2026-08-17T15:01:11] SAMPLE t=12s phase=Stable adaptation=with_ML throughput_gbps=8.5624 latency_ms=67.4136
[2026-08-17T15:01:12] SAMPLE t=13s phase=Stable adaptation=with_ML throughput_gbps=8.1544 latency_ms=67.4351
[2026-08-17T15:01:13] SAMPLE t=14s phase=Stable adaptation=with_ML throughput_gbps=8.172 latency_ms=65.9217
[2026-08-17T15:01:14] SAMPLE t=15s phase=Stable adaptation=with_ML throughput_gbps=8.3697 latency_ms=66.7411
[2026-08-17T15:01:15] SAMPLE t=16s phase=Stable adaptation=with_ML throughput_gbps=8.1253 latency_ms=68.2548
[2026-08-17T15:01:16] SAMPLE t=17s phase=Stable adaptation=with_ML throughput_gbps=8.149 latency_ms=65.427
[2026-08-17T15:01:17] SAMPLE t=18s phase=Stable adaptation=with_ML throughput_gbps=7.9941 latency_ms=66.9177
[2026-08-17T15:01:18] SAMPLE t=19s phase=Stable adaptation=with_ML throughput_gbps=8.0358 latency_ms=66.6967
[2026-08-17T15:01:19] SAMPLE t=20s phase=Congestion adaptation=with_ML throughput_gbps=7.8191 latency_ms=66.0199
[2026-08-17T15:01:20] SAMPLE t=21s phase=Congestion adaptation=with_ML throughput_gbps=8.0802 latency_ms=67.2977
[2026-08-17T15:01:21] SAMPLE t=22s phase=Congestion adaptation=with_ML throughput_gbps=8.1598 latency_ms=68.2833
[2026-08-17T15:01:22] SAMPLE t=23s phase=Congestion adaptation=with_ML throughput_gbps=7.7853 latency_ms=64.6776
[2026-08-17T15:01:23] SAMPLE t=24s phase=Congestion adaptation=with_ML throughput_gbps=8.0692 latency_ms=65.5591
[2026-08-17T15:01:24] SAMPLE t=25s phase=Congestion adaptation=with_ML throughput_gbps=8.0628 latency_ms=66.2974
[2026-08-17T15:01:25] SAMPLE t=26s phase=Congestion adaptation=with_ML throughput_gbps=8.1486 latency_ms=67.5356
[2026-08-17T15:01:26] SAMPLE t=27s phase=Congestion adaptation=with_ML throughput_gbps=8.1029 latency_ms=68.2172
[2026-08-17T15:01:27] SAMPLE t=28s phase=Congestion adaptation=with_ML throughput_gbps=7.99 latency_ms=68.3037
[2026-08-17T15:01:28] SAMPLE t=29s phase=Congestion adaptation=with_ML throughput_gbps=8.1779 latency_ms=64.3085
[2026-08-17T15:01:29] SAMPLE t=30s phase=Congestion adaptation=with_ML throughput_gbps=7.9138 latency_ms=68.6194
[2026-08-17T15:01:30] SAMPLE t=31s phase=Congestion adaptation=with_ML throughput_gbps=7.999 latency_ms=66.4908
[2026-08-17T15:01:31] SAMPLE t=32s phase=Congestion adaptation=with_ML throughput_gbps=7.7001 latency_ms=64.114
[2026-08-17T15:01:32] SAMPLE t=33s phase=Congestion adaptation=with_ML throughput_gbps=8.3378 latency_ms=66.2894
[2026-08-17T15:01:33] SAMPLE t=34s phase=Congestion adaptation=with_ML throughput_gbps=8.6141 latency_ms=65.7212
[2026-08-17T15:01:34] SAMPLE t=35s phase=Congestion adaptation=with_ML throughput_gbps=7.8306 latency_ms=64.6567
[2026-08-17T15:01:35] SAMPLE t=36s phase=Congestion adaptation=with_ML throughput_gbps=8.2761 latency_ms=65.1341
[2026-08-17T15:01:36] SAMPLE t=37s phase=Congestion adaptation=with_ML throughput_gbps=8.5033 latency_ms=67.7514
[2026-08-17T15:01:37] SAMPLE t=38s phase=Congestion adaptation=with_ML throughput_gbps=7.6924 latency_ms=68.9425
[2026-08-17T15:01:38] SAMPLE t=39s phase=Congestion adaptation=with_ML throughput_gbps=7.9995 latency_ms=65.8891
[2026-08-17T15:01:39] SAMPLE t=40s phase=Path_change adaptation=with_ML throughput_gbps=7.8699 latency_ms=65.8368
[2026-08-17T15:01:40] SAMPLE t=41s phase=Path_change adaptation=with_ML throughput_gbps=8.3212 latency_ms=67.1565
[2026-08-17T15:01:41] SAMPLE t=42s phase=Path_change adaptation=with_ML throughput_gbps=8.0815 latency_ms=67.5319
[2026-08-17T15:01:42] SAMPLE t=43s phase=Path_change adaptation=with_ML throughput_gbps=7.7918 latency_ms=67.763
[2026-08-17T15:01:43] SAMPLE t=44s phase=Path_change adaptation=with_ML throughput_gbps=7.5332 latency_ms=68.2447
[2026-08-17T15:01:44] SAMPLE t=45s phase=Path_change adaptation=with_ML throughput_gbps=7.6765 latency_ms=67.2663
[2026-08-17T15:01:45] SAMPLE t=46s phase=Path_change adaptation=with_ML throughput_gbps=7.4195 latency_ms=67.8211
[2026-08-17T15:01:46] SAMPLE t=47s phase=Path_change adaptation=with_ML throughput_gbps=7.3227 latency_ms=68.89
[2026-08-17T15:01:47] SAMPLE t=48s phase=Path_change adaptation=with_ML throughput_gbps=7.2692 latency_ms=69.1144
[2026-08-17T15:01:48] SAMPLE t=49s phase=Path_change adaptation=with_ML throughput_gbps=7.1038 latency_ms=68.6728
[2026-08-17T15:01:49] SAMPLE t=50s phase=Path_change adaptation=with_ML throughput_gbps=7.3206 latency_ms=68.3564
[2026-08-17T15:01:50] SAMPLE t=51s phase=Path_change adaptation=with_ML throughput_gbps=6.967 latency_ms=67.3876
[2026-08-17T15:01:51] SAMPLE t=52s phase=Path_change adaptation=with_ML throughput_gbps=7.2331 latency_ms=70.6126
[2026-08-17T15:01:52] SAMPLE t=53s phase=Path_change adaptation=with_ML throughput_gbps=7.4702 latency_ms=69.681
[2026-08-17T15:01:53] SAMPLE t=54s phase=Path_change adaptation=with_ML throughput_gbps=7.5343 latency_ms=68.0999
[2026-08-17T15:01:54] SAMPLE t=55s phase=Path_change adaptation=with_ML throughput_gbps=7.6849 latency_ms=66.6358
[2026-08-17T15:01:55] SAMPLE t=56s phase=Path_change adaptation=with_ML throughput_gbps=7.7038 latency_ms=68.7105
[2026-08-17T15:01:56] SAMPLE t=57s phase=Path_change adaptation=with_ML throughput_gbps=7.9261 latency_ms=67.3525
[2026-08-17T15:01:57] SAMPLE t=58s phase=Path_change adaptation=with_ML throughput_gbps=7.5867 latency_ms=66.666
[2026-08-17T15:01:58] SAMPLE t=59s phase=Path_change adaptation=with_ML throughput_gbps=7.7629 latency_ms=64.3457
[2026-08-17T15:01:59] SAMPLE t=60s phase=Loss_spike adaptation=with_ML throughput_gbps=7.7516 latency_ms=66.2215
[2026-08-17T15:02:00] SAMPLE t=61s phase=Loss_spike adaptation=with_ML throughput_gbps=8.0346 latency_ms=70.7498
[2026-08-17T15:02:01] SAMPLE t=62s phase=Loss_spike adaptation=with_ML throughput_gbps=7.7844 latency_ms=70.9969
[2026-08-17T15:02:02] SAMPLE t=63s phase=Loss_spike adaptation=with_ML throughput_gbps=6.4332 latency_ms=68.9023
[2026-08-17T15:02:03] SAMPLE t=64s phase=Loss_spike adaptation=with_ML throughput_gbps=6.5386 latency_ms=71.6802
[2026-08-17T15:02:04] SAMPLE t=65s phase=Loss_spike adaptation=with_ML throughput_gbps=7.219 latency_ms=68.0248
[2026-08-17T15:02:05] SAMPLE t=66s phase=Loss_spike adaptation=with_ML throughput_gbps=8.5102 latency_ms=72.4065
[2026-08-17T15:02:06] SAMPLE t=67s phase=Loss_spike adaptation=with_ML throughput_gbps=7.7841 latency_ms=70.9719
[2026-08-17T15:02:07] SAMPLE t=68s phase=Loss_spike adaptation=with_ML throughput_gbps=6.6711 latency_ms=67.5526
[2026-08-17T15:02:08] SAMPLE t=69s phase=Loss_spike adaptation=with_ML throughput_gbps=6.4521 latency_ms=72.1371
[2026-08-17T15:02:09] SAMPLE t=70s phase=Loss_spike adaptation=with_ML throughput_gbps=7.3001 latency_ms=69.0785
[2026-08-17T15:02:10] SAMPLE t=71s phase=Loss_spike adaptation=with_ML throughput_gbps=8.3073 latency_ms=71.4032
[2026-08-17T15:02:11] SAMPLE t=72s phase=Loss_spike adaptation=with_ML throughput_gbps=7.9541 latency_ms=69.8341
[2026-08-17T15:02:12] SAMPLE t=73s phase=Loss_spike adaptation=with_ML throughput_gbps=6.7326 latency_ms=69.1022
[2026-08-17T15:02:13] SAMPLE t=74s phase=Loss_spike adaptation=with_ML throughput_gbps=6.2354 latency_ms=69.9288
[2026-08-17T15:02:14] SAMPLE t=75s phase=Loss_spike adaptation=with_ML throughput_gbps=7.0857 latency_ms=68.7761
[2026-08-17T15:02:15] SAMPLE t=76s phase=Loss_spike adaptation=with_ML throughput_gbps=7.9653 latency_ms=70.8091
[2026-08-17T15:02:16] SAMPLE t=77s phase=Loss_spike adaptation=with_ML throughput_gbps=7.8124 latency_ms=68.2679
[2026-08-17T15:02:17] SAMPLE t=78s phase=Loss_spike adaptation=with_ML throughput_gbps=6.9111 latency_ms=68.3833
[2026-08-17T15:02:18] SAMPLE t=79s phase=Loss_spike adaptation=with_ML throughput_gbps=6.36 latency_ms=71.8674
[2026-08-17T15:02:19] SAMPLE t=80s phase=Recovery adaptation=with_ML throughput_gbps=8.1717 latency_ms=64.7339
[2026-08-17T15:02:20] SAMPLE t=81s phase=Recovery adaptation=with_ML throughput_gbps=8.0517 latency_ms=67.3266
[2026-08-17T15:02:21] SAMPLE t=82s phase=Recovery adaptation=with_ML throughput_gbps=7.9674 latency_ms=65.7781
[2026-08-17T15:02:22] SAMPLE t=83s phase=Recovery adaptation=with_ML throughput_gbps=7.9314 latency_ms=67.5672
[2026-08-17T15:02:23] SAMPLE t=84s phase=Recovery adaptation=with_ML throughput_gbps=8.3878 latency_ms=66.1952
[2026-08-17T15:02:24] SAMPLE t=85s phase=Recovery adaptation=with_ML throughput_gbps=8.5523 latency_ms=64.1391
[2026-08-17T15:02:25] SAMPLE t=86s phase=Recovery adaptation=with_ML throughput_gbps=8.2647 latency_ms=66.1966
[2026-08-17T15:02:26] SAMPLE t=87s phase=Recovery adaptation=with_ML throughput_gbps=7.8362 latency_ms=66.7585
[2026-08-17T15:02:27] SAMPLE t=88s phase=Recovery adaptation=with_ML throughput_gbps=8.3478 latency_ms=63.5822
[2026-08-17T15:02:28] SAMPLE t=89s phase=Recovery adaptation=with_ML throughput_gbps=8.2699 latency_ms=64.3043
[2026-08-17T15:02:29] SAMPLE t=90s phase=Recovery adaptation=with_ML throughput_gbps=8.6914 latency_ms=66.4763
[2026-08-17T15:02:30] SAMPLE t=91s phase=Recovery adaptation=with_ML throughput_gbps=8.1522 latency_ms=64.483
[2026-08-17T15:02:31] SAMPLE t=92s phase=Recovery adaptation=with_ML throughput_gbps=8.3445 latency_ms=65.6104
[2026-08-17T15:02:32] SAMPLE t=93s phase=Recovery adaptation=with_ML throughput_gbps=8.2404 latency_ms=65.3659
[2026-08-17T15:02:33] SAMPLE t=94s phase=Recovery adaptation=with_ML throughput_gbps=8.3781 latency_ms=65.7978
[2026-08-17T15:02:34] SAMPLE t=95s phase=Recovery adaptation=with_ML throughput_gbps=8.5169 latency_ms=64.2835
[2026-08-17T15:02:35] SAMPLE t=96s phase=Recovery adaptation=with_ML throughput_gbps=8.838 latency_ms=64.6739
[2026-08-17T15:02:36] SAMPLE t=97s phase=Recovery adaptation=with_ML throughput_gbps=8.5548 latency_ms=66.3057
[2026-08-17T15:02:37] SAMPLE t=98s phase=Recovery adaptation=with_ML throughput_gbps=8.397 latency_ms=63.972
[2026-08-17T15:02:38] SAMPLE t=99s phase=Recovery adaptation=with_ML throughput_gbps=8.5565 latency_ms=63.4605
[2026-08-17T15:00:59] SAMPLE t=0s phase=Stable adaptation=without_ML throughput_gbps=8.0728 latency_ms=67.5102
[2026-08-17T15:01:00] SAMPLE t=1s phase=Stable adaptation=without_ML throughput_gbps=7.6471 latency_ms=65.0749
[2026-08-17T15:01:01] SAMPLE t=2s phase=Stable adaptation=without_ML throughput_gbps=8.2446 latency_ms=68.1199
[2026-08-17T15:01:02] SAMPLE t=3s phase=Stable adaptation=without_ML throughput_gbps=7.7459 latency_ms=65.5024
[2026-08-17T15:01:03] SAMPLE t=4s phase=Stable adaptation=without_ML throughput_gbps=7.8711 latency_ms=65.0786
[2026-08-17T15:01:04] SAMPLE t=5s phase=Stable adaptation=without_ML throughput_gbps=7.9333 latency_ms=68.0285
[2026-08-17T15:01:05] SAMPLE t=6s phase=Stable adaptation=without_ML throughput_gbps=8.3291 latency_ms=65.9833
[2026-08-17T15:01:06] SAMPLE t=7s phase=Stable adaptation=without_ML throughput_gbps=8.2574 latency_ms=65.8294
[2026-08-17T15:01:07] SAMPLE t=8s phase=Stable adaptation=without_ML throughput_gbps=8.0289 latency_ms=64.761
[2026-08-17T15:01:08] SAMPLE t=9s phase=Stable adaptation=without_ML throughput_gbps=7.9117 latency_ms=67.3013
[2026-08-17T15:01:09] SAMPLE t=10s phase=Stable adaptation=without_ML throughput_gbps=8.3075 latency_ms=65.895
[2026-08-17T15:01:10] SAMPLE t=11s phase=Stable adaptation=without_ML throughput_gbps=7.5071 latency_ms=66.8476
[2026-08-17T15:01:11] SAMPLE t=12s phase=Stable adaptation=without_ML throughput_gbps=7.7523 latency_ms=67.8303
[2026-08-17T15:01:12] SAMPLE t=13s phase=Stable adaptation=without_ML throughput_gbps=7.6729 latency_ms=65.2774
[2026-08-17T15:01:13] SAMPLE t=14s phase=Stable adaptation=without_ML throughput_gbps=8.0167 latency_ms=67.0831
[2026-08-17T15:01:14] SAMPLE t=15s phase=Stable adaptation=without_ML throughput_gbps=7.6999 latency_ms=64.3547
[2026-08-17T15:01:15] SAMPLE t=16s phase=Stable adaptation=without_ML throughput_gbps=8.1163 latency_ms=65.3452
[2026-08-17T15:01:16] SAMPLE t=17s phase=Stable adaptation=without_ML throughput_gbps=7.9215 latency_ms=65.4644
[2026-08-17T15:01:17] SAMPLE t=18s phase=Stable adaptation=without_ML throughput_gbps=7.8869 latency_ms=65.6124
[2026-08-17T15:01:18] SAMPLE t=19s phase=Stable adaptation=without_ML throughput_gbps=7.8895 latency_ms=64.6039
[2026-08-17T15:01:19] SAMPLE t=20s phase=Congestion adaptation=without_ML throughput_gbps=7.7537 latency_ms=65.774
[2026-08-17T15:01:20] SAMPLE t=21s phase=Congestion adaptation=without_ML throughput_gbps=8.1483 latency_ms=65.9217
[2026-08-17T15:01:21] SAMPLE t=22s phase=Congestion adaptation=without_ML throughput_gbps=8.4882 latency_ms=66.6082
[2026-08-17T15:01:22] SAMPLE t=23s phase=Congestion adaptation=without_ML throughput_gbps=7.8677 latency_ms=65.3811
[2026-08-17T15:01:23] SAMPLE t=24s phase=Congestion adaptation=without_ML throughput_gbps=8.4275 latency_ms=68.0263
[2026-08-17T15:01:24] SAMPLE t=25s phase=Congestion adaptation=without_ML throughput_gbps=7.9172 latency_ms=66.1695
[2026-08-17T15:01:25] SAMPLE t=26s phase=Congestion adaptation=without_ML throughput_gbps=8.2566 latency_ms=69.4354
[2026-08-17T15:01:26] SAMPLE t=27s phase=Congestion adaptation=without_ML throughput_gbps=7.6443 latency_ms=63.7516
[2026-08-17T15:01:27] SAMPLE t=28s phase=Congestion adaptation=without_ML throughput_gbps=7.7634 latency_ms=67.5269
[2026-08-17T15:01:28] SAMPLE t=29s phase=Congestion adaptation=without_ML throughput_gbps=8.0714 latency_ms=65.2891
[2026-08-17T15:01:29] SAMPLE t=30s phase=Congestion adaptation=without_ML throughput_gbps=8.0174 latency_ms=64.4922
[2026-08-17T15:01:30] SAMPLE t=31s phase=Congestion adaptation=without_ML throughput_gbps=8.0009 latency_ms=67.5287
[2026-08-17T15:01:31] SAMPLE t=32s phase=Congestion adaptation=without_ML throughput_gbps=7.7922 latency_ms=66.9059
[2026-08-17T15:01:32] SAMPLE t=33s phase=Congestion adaptation=without_ML throughput_gbps=8.0631 latency_ms=67.1639
[2026-08-17T15:01:33] SAMPLE t=34s phase=Congestion adaptation=without_ML throughput_gbps=7.7632 latency_ms=66.7742
[2026-08-17T15:01:34] SAMPLE t=35s phase=Congestion adaptation=without_ML throughput_gbps=7.8708 latency_ms=67.47
[2026-08-17T15:01:35] SAMPLE t=36s phase=Congestion adaptation=without_ML throughput_gbps=8.4371 latency_ms=64.3258
[2026-08-17T15:01:36] SAMPLE t=37s phase=Congestion adaptation=without_ML throughput_gbps=7.8475 latency_ms=66.3232
[2026-08-17T15:01:37] SAMPLE t=38s phase=Congestion adaptation=without_ML throughput_gbps=8.1097 latency_ms=67.4946
[2026-08-17T15:01:38] SAMPLE t=39s phase=Congestion adaptation=without_ML throughput_gbps=7.5472 latency_ms=65.3871
[2026-08-17T15:01:39] SAMPLE t=40s phase=Path_change adaptation=without_ML throughput_gbps=7.8845 latency_ms=67.1453
[2026-08-17T15:01:40] SAMPLE t=41s phase=Path_change adaptation=without_ML throughput_gbps=7.7359 latency_ms=68.8177
[2026-08-17T15:01:41] SAMPLE t=42s phase=Path_change adaptation=without_ML throughput_gbps=7.1255 latency_ms=69.0347
[2026-08-17T15:01:42] SAMPLE t=43s phase=Path_change adaptation=without_ML throughput_gbps=7.1921 latency_ms=67.5098
[2026-08-17T15:01:43] SAMPLE t=44s phase=Path_change adaptation=without_ML throughput_gbps=6.7724 latency_ms=69.7808
[2026-08-17T15:01:44] SAMPLE t=45s phase=Path_change adaptation=without_ML throughput_gbps=6.5811 latency_ms=71.7948
[2026-08-17T15:01:45] SAMPLE t=46s phase=Path_change adaptation=without_ML throughput_gbps=6.2795 latency_ms=72.267
[2026-08-17T15:01:46] SAMPLE t=47s phase=Path_change adaptation=without_ML throughput_gbps=5.9455 latency_ms=69.5521
[2026-08-17T15:01:47] SAMPLE t=48s phase=Path_change adaptation=without_ML throughput_gbps=5.8386 latency_ms=72.9587
[2026-08-17T15:01:48] SAMPLE t=49s phase=Path_change adaptation=without_ML throughput_gbps=5.6245 latency_ms=72.4637
[2026-08-17T15:01:49] SAMPLE t=50s phase=Path_change adaptation=without_ML throughput_gbps=5.5961 latency_ms=74.0249
[2026-08-17T15:01:50] SAMPLE t=51s phase=Path_change adaptation=without_ML throughput_gbps=5.7489 latency_ms=72.6522
[2026-08-17T15:01:51] SAMPLE t=52s phase=Path_change adaptation=without_ML throughput_gbps=5.5703 latency_ms=71.6964
[2026-08-17T15:01:52] SAMPLE t=53s phase=Path_change adaptation=without_ML throughput_gbps=5.9595 latency_ms=70.911
[2026-08-17T15:01:53] SAMPLE t=54s phase=Path_change adaptation=without_ML throughput_gbps=5.857 latency_ms=73.0839
[2026-08-17T15:01:54] SAMPLE t=55s phase=Path_change adaptation=without_ML throughput_gbps=6.1904 latency_ms=70.6017
[2026-08-17T15:01:55] SAMPLE t=56s phase=Path_change adaptation=without_ML throughput_gbps=6.5604 latency_ms=73.103
[2026-08-17T15:01:56] SAMPLE t=57s phase=Path_change adaptation=without_ML throughput_gbps=7.0541 latency_ms=67.1283
[2026-08-17T15:01:57] SAMPLE t=58s phase=Path_change adaptation=without_ML throughput_gbps=7.4134 latency_ms=68.7699
[2026-08-17T15:01:58] SAMPLE t=59s phase=Path_change adaptation=without_ML throughput_gbps=7.3955 latency_ms=68.0415
[2026-08-17T15:01:59] SAMPLE t=60s phase=Loss_spike adaptation=without_ML throughput_gbps=6.053 latency_ms=70.8569
[2026-08-17T15:02:00] SAMPLE t=61s phase=Loss_spike adaptation=without_ML throughput_gbps=8.4989 latency_ms=78.4484
[2026-08-17T15:02:01] SAMPLE t=62s phase=Loss_spike adaptation=without_ML throughput_gbps=7.4606 latency_ms=75.3774
[2026-08-17T15:02:02] SAMPLE t=63s phase=Loss_spike adaptation=without_ML throughput_gbps=4.705 latency_ms=76.3911
[2026-08-17T15:02:03] SAMPLE t=64s phase=Loss_spike adaptation=without_ML throughput_gbps=3.9667 latency_ms=77.5358
[2026-08-17T15:02:04] SAMPLE t=65s phase=Loss_spike adaptation=without_ML throughput_gbps=6.0772 latency_ms=69.8389
[2026-08-17T15:02:05] SAMPLE t=66s phase=Loss_spike adaptation=without_ML throughput_gbps=7.9219 latency_ms=80.8382
[2026-08-17T15:02:06] SAMPLE t=67s phase=Loss_spike adaptation=without_ML throughput_gbps=7.5772 latency_ms=78.869
[2026-08-17T15:02:07] SAMPLE t=68s phase=Loss_spike adaptation=without_ML throughput_gbps=4.8796 latency_ms=73.1573
[2026-08-17T15:02:08] SAMPLE t=69s phase=Loss_spike adaptation=without_ML throughput_gbps=4.044 latency_ms=80.6072
[2026-08-17T15:02:09] SAMPLE t=70s phase=Loss_spike adaptation=without_ML throughput_gbps=6.3088 latency_ms=70.0324
[2026-08-17T15:02:10] SAMPLE t=71s phase=Loss_spike adaptation=without_ML throughput_gbps=8.3566 latency_ms=81.5975
[2026-08-17T15:02:11] SAMPLE t=72s phase=Loss_spike adaptation=without_ML throughput_gbps=7.3224 latency_ms=74.5604
[2026-08-17T15:02:12] SAMPLE t=73s phase=Loss_spike adaptation=without_ML throughput_gbps=4.7527 latency_ms=78.1816
[2026-08-17T15:02:13] SAMPLE t=74s phase=Loss_spike adaptation=without_ML throughput_gbps=4.0928 latency_ms=78.9423
[2026-08-17T15:02:14] SAMPLE t=75s phase=Loss_spike adaptation=without_ML throughput_gbps=6.3371 latency_ms=67.529
[2026-08-17T15:02:15] SAMPLE t=76s phase=Loss_spike adaptation=without_ML throughput_gbps=8.158 latency_ms=80.9496
[2026-08-17T15:02:16] SAMPLE t=77s phase=Loss_spike adaptation=without_ML throughput_gbps=7.4652 latency_ms=74.9027
[2026-08-17T15:02:17] SAMPLE t=78s phase=Loss_spike adaptation=without_ML throughput_gbps=4.8587 latency_ms=74.8304
[2026-08-17T15:02:18] SAMPLE t=79s phase=Loss_spike adaptation=without_ML throughput_gbps=3.9743 latency_ms=77.2803
[2026-08-17T15:02:19] SAMPLE t=80s phase=Recovery adaptation=without_ML throughput_gbps=8.0813 latency_ms=65.9049
[2026-08-17T15:02:20] SAMPLE t=81s phase=Recovery adaptation=without_ML throughput_gbps=8.1807 latency_ms=65.8783
[2026-08-17T15:02:21] SAMPLE t=82s phase=Recovery adaptation=without_ML throughput_gbps=7.5527 latency_ms=67.6664
[2026-08-17T15:02:22] SAMPLE t=83s phase=Recovery adaptation=without_ML throughput_gbps=7.841 latency_ms=66.8914
[2026-08-17T15:02:23] SAMPLE t=84s phase=Recovery adaptation=without_ML throughput_gbps=7.8826 latency_ms=66.0061
[2026-08-17T15:02:24] SAMPLE t=85s phase=Recovery adaptation=without_ML throughput_gbps=7.8318 latency_ms=66.4008
[2026-08-17T15:02:25] SAMPLE t=86s phase=Recovery adaptation=without_ML throughput_gbps=8.2484 latency_ms=64.4226
[2026-08-17T15:02:26] SAMPLE t=87s phase=Recovery adaptation=without_ML throughput_gbps=8.4729 latency_ms=64.5301
[2026-08-17T15:02:27] SAMPLE t=88s phase=Recovery adaptation=without_ML throughput_gbps=7.7737 latency_ms=65.0974
[2026-08-17T15:02:28] SAMPLE t=89s phase=Recovery adaptation=without_ML throughput_gbps=7.9368 latency_ms=66.712
[2026-08-17T15:02:29] SAMPLE t=90s phase=Recovery adaptation=without_ML throughput_gbps=8.4042 latency_ms=67.0649
[2026-08-17T15:02:30] SAMPLE t=91s phase=Recovery adaptation=without_ML throughput_gbps=7.7162 latency_ms=65.1512
[2026-08-17T15:02:31] SAMPLE t=92s phase=Recovery adaptation=without_ML throughput_gbps=8.1458 latency_ms=66.2301
[2026-08-17T15:02:32] SAMPLE t=93s phase=Recovery adaptation=without_ML throughput_gbps=7.8698 latency_ms=65.9648
[2026-08-17T15:02:33] SAMPLE t=94s phase=Recovery adaptation=without_ML throughput_gbps=7.5161 latency_ms=67.0106
[2026-08-17T15:02:34] SAMPLE t=95s phase=Recovery adaptation=without_ML throughput_gbps=7.8789 latency_ms=65.6709
[2026-08-17T15:02:35] SAMPLE t=96s phase=Recovery adaptation=without_ML throughput_gbps=8.1433 latency_ms=66.6091
[2026-08-17T15:02:36] SAMPLE t=97s phase=Recovery adaptation=without_ML throughput_gbps=8.3798 latency_ms=67.9185
[2026-08-17T15:02:37] SAMPLE t=98s phase=Recovery adaptation=without_ML throughput_gbps=7.989 latency_ms=63.4025
[2026-08-17T15:02:38] SAMPLE t=99s phase=Recovery adaptation=without_ML throughput_gbps=8.0065 latency_ms=68.3666
[2026-08-17T15:00:59] TRACE_END run_id=133 status=OK
[2026-08-17T15:08:23] TRACE_START run_id=134
[2026-08-17T15:08:23] SAMPLE t=0s phase=Stable adaptation=with_ML throughput_gbps=8.3328 latency_ms=68.4987
[2026-08-17T15:08:24] SAMPLE t=1s phase=Stable adaptation=with_ML throughput_gbps=7.9488 latency_ms=66.1365
[2026-08-17T15:08:25] SAMPLE t=2s phase=Stable adaptation=with_ML throughput_gbps=8.5016 latency_ms=64.9483
[2026-08-17T15:08:26] SAMPLE t=3s phase=Stable adaptation=with_ML throughput_gbps=8.1962 latency_ms=66.8905
[2026-08-17T15:08:27] SAMPLE t=4s phase=Stable adaptation=with_ML throughput_gbps=8.2837 latency_ms=66.7439
[2026-08-17T15:08:28] SAMPLE t=5s phase=Stable adaptation=with_ML throughput_gbps=7.7483 latency_ms=67.0535
[2026-08-17T15:08:29] SAMPLE t=6s phase=Stable adaptation=with_ML throughput_gbps=8.0675 latency_ms=67.0162
[2026-08-17T15:08:30] SAMPLE t=7s phase=Stable adaptation=with_ML throughput_gbps=7.9497 latency_ms=68.1957
[2026-08-17T15:08:31] SAMPLE t=8s phase=Stable adaptation=with_ML throughput_gbps=7.6749 latency_ms=67.0106
[2026-08-17T15:08:32] SAMPLE t=9s phase=Stable adaptation=with_ML throughput_gbps=7.8182 latency_ms=68.8487
[2026-08-17T15:08:33] SAMPLE t=10s phase=Stable adaptation=with_ML throughput_gbps=8.1751 latency_ms=64.5403
[2026-08-17T15:08:34] SAMPLE t=11s phase=Stable adaptation=with_ML throughput_gbps=8.0706 latency_ms=66.8584
[2026-08-17T15:08:35] SAMPLE t=12s phase=Stable adaptation=with_ML throughput_gbps=8.3258 latency_ms=67.1709
[2026-08-17T15:08:36] SAMPLE t=13s phase=Stable adaptation=with_ML throughput_gbps=8.3069 latency_ms=65.6792
[2026-08-17T15:08:37] SAMPLE t=14s phase=Stable adaptation=with_ML throughput_gbps=8.1027 latency_ms=66.4945
[2026-08-17T15:08:38] SAMPLE t=15s phase=Stable adaptation=with_ML throughput_gbps=7.7937 latency_ms=66.3989
[2026-08-17T15:08:39] SAMPLE t=16s phase=Stable adaptation=with_ML throughput_gbps=8.0543 latency_ms=66.7031
[2026-08-17T15:08:40] SAMPLE t=17s phase=Stable adaptation=with_ML throughput_gbps=7.9667 latency_ms=64.6457
[2026-08-17T15:08:41] SAMPLE t=18s phase=Stable adaptation=with_ML throughput_gbps=7.9937 latency_ms=65.5342
[2026-08-17T15:08:42] SAMPLE t=19s phase=Stable adaptation=with_ML throughput_gbps=8.2995 latency_ms=65.4998
[2026-08-17T15:08:43] SAMPLE t=20s phase=Congestion adaptation=with_ML throughput_gbps=8.2142 latency_ms=64.5454
[2026-08-17T15:08:44] SAMPLE t=21s phase=Congestion adaptation=with_ML throughput_gbps=8.0333 latency_ms=65.9679
[2026-08-17T15:08:45] SAMPLE t=22s phase=Congestion adaptation=with_ML throughput_gbps=7.9521 latency_ms=66.4677
[2026-08-17T15:08:46] SAMPLE t=23s phase=Congestion adaptation=with_ML throughput_gbps=8.0754 latency_ms=66.269
[2026-08-17T15:08:47] SAMPLE t=24s phase=Congestion adaptation=with_ML throughput_gbps=7.8724 latency_ms=65.4938
[2026-08-17T15:08:48] SAMPLE t=25s phase=Congestion adaptation=with_ML throughput_gbps=8.0375 latency_ms=66.7831
[2026-08-17T15:08:49] SAMPLE t=26s phase=Congestion adaptation=with_ML throughput_gbps=7.8603 latency_ms=67.6708
[2026-08-17T15:08:50] SAMPLE t=27s phase=Congestion adaptation=with_ML throughput_gbps=7.8341 latency_ms=65.8318
[2026-08-17T15:08:51] SAMPLE t=28s phase=Congestion adaptation=with_ML throughput_gbps=7.9778 latency_ms=67.2932
[2026-08-17T15:08:52] SAMPLE t=29s phase=Congestion adaptation=with_ML throughput_gbps=7.7574 latency_ms=68.7017
[2026-08-17T15:08:53] SAMPLE t=30s phase=Congestion adaptation=with_ML throughput_gbps=8.0735 latency_ms=66.1118
[2026-08-17T15:08:54] SAMPLE t=31s phase=Congestion adaptation=with_ML throughput_gbps=7.9903 latency_ms=63.7831
[2026-08-17T15:08:55] SAMPLE t=32s phase=Congestion adaptation=with_ML throughput_gbps=7.8699 latency_ms=68.4692
[2026-08-17T15:08:56] SAMPLE t=33s phase=Congestion adaptation=with_ML throughput_gbps=8.2773 latency_ms=68.1644
[2026-08-17T15:08:57] SAMPLE t=34s phase=Congestion adaptation=with_ML throughput_gbps=8.0534 latency_ms=68.152
[2026-08-17T15:08:58] SAMPLE t=35s phase=Congestion adaptation=with_ML throughput_gbps=8.044 latency_ms=64.6311
[2026-08-17T15:08:59] SAMPLE t=36s phase=Congestion adaptation=with_ML throughput_gbps=8.1697 latency_ms=68.0096
[2026-08-17T15:09:00] SAMPLE t=37s phase=Congestion adaptation=with_ML throughput_gbps=7.8499 latency_ms=64.8195
[2026-08-17T15:09:01] SAMPLE t=38s phase=Congestion adaptation=with_ML throughput_gbps=8.2382 latency_ms=66.594
[2026-08-17T15:09:02] SAMPLE t=39s phase=Congestion adaptation=with_ML throughput_gbps=7.7695 latency_ms=66.0044
[2026-08-17T15:09:03] SAMPLE t=40s phase=Path_change adaptation=with_ML throughput_gbps=8.0872 latency_ms=68.0931
[2026-08-17T15:09:04] SAMPLE t=41s phase=Path_change adaptation=with_ML throughput_gbps=8.0652 latency_ms=68.4438
[2026-08-17T15:09:05] SAMPLE t=42s phase=Path_change adaptation=with_ML throughput_gbps=7.8837 latency_ms=66.0518
[2026-08-17T15:09:06] SAMPLE t=43s phase=Path_change adaptation=with_ML throughput_gbps=7.9498 latency_ms=67.5411
[2026-08-17T15:09:07] SAMPLE t=44s phase=Path_change adaptation=with_ML throughput_gbps=7.6685 latency_ms=66.3283
[2026-08-17T15:09:08] SAMPLE t=45s phase=Path_change adaptation=with_ML throughput_gbps=7.3754 latency_ms=66.6398
[2026-08-17T15:09:09] SAMPLE t=46s phase=Path_change adaptation=with_ML throughput_gbps=7.6573 latency_ms=68.743
[2026-08-17T15:09:10] SAMPLE t=47s phase=Path_change adaptation=with_ML throughput_gbps=7.3224 latency_ms=67.6413
[2026-08-17T15:09:11] SAMPLE t=48s phase=Path_change adaptation=with_ML throughput_gbps=7.0583 latency_ms=69.615
[2026-08-17T15:09:12] SAMPLE t=49s phase=Path_change adaptation=with_ML throughput_gbps=6.8407 latency_ms=70.6391
[2026-08-17T15:09:13] SAMPLE t=50s phase=Path_change adaptation=with_ML throughput_gbps=7.2084 latency_ms=68.7879
[2026-08-17T15:09:14] SAMPLE t=51s phase=Path_change adaptation=with_ML throughput_gbps=7.1672 latency_ms=68.3184
[2026-08-17T15:09:15] SAMPLE t=52s phase=Path_change adaptation=with_ML throughput_gbps=7.0665 latency_ms=67.1187
[2026-08-17T15:09:16] SAMPLE t=53s phase=Path_change adaptation=with_ML throughput_gbps=7.19 latency_ms=69.5851
[2026-08-17T15:09:17] SAMPLE t=54s phase=Path_change adaptation=with_ML throughput_gbps=7.3146 latency_ms=69.7248
[2026-08-17T15:09:18] SAMPLE t=55s phase=Path_change adaptation=with_ML throughput_gbps=7.5234 latency_ms=67.877
[2026-08-17T15:09:19] SAMPLE t=56s phase=Path_change adaptation=with_ML throughput_gbps=7.4315 latency_ms=67.9626
[2026-08-17T15:09:20] SAMPLE t=57s phase=Path_change adaptation=with_ML throughput_gbps=7.8987 latency_ms=66.9226
[2026-08-17T15:09:21] SAMPLE t=58s phase=Path_change adaptation=with_ML throughput_gbps=8.1124 latency_ms=67.1043
[2026-08-17T15:09:22] SAMPLE t=59s phase=Path_change adaptation=with_ML throughput_gbps=7.7398 latency_ms=68.0943
[2026-08-17T15:09:23] SAMPLE t=60s phase=Loss_spike adaptation=with_ML throughput_gbps=7.3759 latency_ms=68.9837
[2026-08-17T15:09:24] SAMPLE t=61s phase=Loss_spike adaptation=with_ML throughput_gbps=8.3563 latency_ms=70.0895
[2026-08-17T15:09:25] SAMPLE t=62s phase=Loss_spike adaptation=with_ML throughput_gbps=7.7723 latency_ms=69.4382
[2026-08-17T15:09:26] SAMPLE t=63s phase=Loss_spike adaptation=with_ML throughput_gbps=6.6087 latency_ms=69.6349
[2026-08-17T15:09:27] SAMPLE t=64s phase=Loss_spike adaptation=with_ML throughput_gbps=6.3957 latency_ms=70.7802
[2026-08-17T15:09:28] SAMPLE t=65s phase=Loss_spike adaptation=with_ML throughput_gbps=7.283 latency_ms=66.6627
[2026-08-17T15:09:29] SAMPLE t=66s phase=Loss_spike adaptation=with_ML throughput_gbps=8.6295 latency_ms=70.3544
[2026-08-17T15:09:30] SAMPLE t=67s phase=Loss_spike adaptation=with_ML throughput_gbps=8.1603 latency_ms=70.3569
[2026-08-17T15:09:31] SAMPLE t=68s phase=Loss_spike adaptation=with_ML throughput_gbps=6.6466 latency_ms=69.612
[2026-08-17T15:09:32] SAMPLE t=69s phase=Loss_spike adaptation=with_ML throughput_gbps=6.0966 latency_ms=69.7958
[2026-08-17T15:09:33] SAMPLE t=70s phase=Loss_spike adaptation=with_ML throughput_gbps=7.1711 latency_ms=67.8
[2026-08-17T15:09:34] SAMPLE t=71s phase=Loss_spike adaptation=with_ML throughput_gbps=8.2434 latency_ms=69.6503
[2026-08-17T15:09:35] SAMPLE t=72s phase=Loss_spike adaptation=with_ML throughput_gbps=7.8745 latency_ms=70.4098
[2026-08-17T15:09:36] SAMPLE t=73s phase=Loss_spike adaptation=with_ML throughput_gbps=6.3902 latency_ms=71.4509
[2026-08-17T15:09:37] SAMPLE t=74s phase=Loss_spike adaptation=with_ML throughput_gbps=6.2666 latency_ms=70.9925
[2026-08-17T15:09:38] SAMPLE t=75s phase=Loss_spike adaptation=with_ML throughput_gbps=7.1897 latency_ms=68.417
[2026-08-17T15:09:39] SAMPLE t=76s phase=Loss_spike adaptation=with_ML throughput_gbps=8.2059 latency_ms=69.5472
[2026-08-17T15:09:40] SAMPLE t=77s phase=Loss_spike adaptation=with_ML throughput_gbps=8.026 latency_ms=70.3086
[2026-08-17T15:09:41] SAMPLE t=78s phase=Loss_spike adaptation=with_ML throughput_gbps=6.7307 latency_ms=68.5102
[2026-08-17T15:09:42] SAMPLE t=79s phase=Loss_spike adaptation=with_ML throughput_gbps=6.2077 latency_ms=69.9798
[2026-08-17T15:09:43] SAMPLE t=80s phase=Recovery adaptation=with_ML throughput_gbps=8.1868 latency_ms=65.2393
[2026-08-17T15:09:44] SAMPLE t=81s phase=Recovery adaptation=with_ML throughput_gbps=8.412 latency_ms=66.1572
[2026-08-17T15:09:45] SAMPLE t=82s phase=Recovery adaptation=with_ML throughput_gbps=8.1135 latency_ms=64.3967
[2026-08-17T15:09:46] SAMPLE t=83s phase=Recovery adaptation=with_ML throughput_gbps=8.0415 latency_ms=66.1733
[2026-08-17T15:09:47] SAMPLE t=84s phase=Recovery adaptation=with_ML throughput_gbps=8.4895 latency_ms=63.3046
[2026-08-17T15:09:48] SAMPLE t=85s phase=Recovery adaptation=with_ML throughput_gbps=8.1382 latency_ms=65.1782
[2026-08-17T15:09:49] SAMPLE t=86s phase=Recovery adaptation=with_ML throughput_gbps=8.2873 latency_ms=64.3975
[2026-08-17T15:09:50] SAMPLE t=87s phase=Recovery adaptation=with_ML throughput_gbps=7.8757 latency_ms=65.6697
[2026-08-17T15:09:51] SAMPLE t=88s phase=Recovery adaptation=with_ML throughput_gbps=7.8525 latency_ms=63.8252
[2026-08-17T15:09:52] SAMPLE t=89s phase=Recovery adaptation=with_ML throughput_gbps=8.2225 latency_ms=66.1097
[2026-08-17T15:09:53] SAMPLE t=90s phase=Recovery adaptation=with_ML throughput_gbps=8.4561 latency_ms=67.5461
[2026-08-17T15:09:54] SAMPLE t=91s phase=Recovery adaptation=with_ML throughput_gbps=8.6783 latency_ms=65.7054
[2026-08-17T15:09:55] SAMPLE t=92s phase=Recovery adaptation=with_ML throughput_gbps=8.3729 latency_ms=65.996
[2026-08-17T15:09:56] SAMPLE t=93s phase=Recovery adaptation=with_ML throughput_gbps=8.4068 latency_ms=64.1891
[2026-08-17T15:09:57] SAMPLE t=94s phase=Recovery adaptation=with_ML throughput_gbps=8.6605 latency_ms=64.9135
[2026-08-17T15:09:58] SAMPLE t=95s phase=Recovery adaptation=with_ML throughput_gbps=8.3541 latency_ms=64.9653
[2026-08-17T15:09:59] SAMPLE t=96s phase=Recovery adaptation=with_ML throughput_gbps=8.2922 latency_ms=65.1625
[2026-08-17T15:10:00] SAMPLE t=97s phase=Recovery adaptation=with_ML throughput_gbps=8.5575 latency_ms=65.8137
[2026-08-17T15:10:01] SAMPLE t=98s phase=Recovery adaptation=with_ML throughput_gbps=8.4204 latency_ms=66.7785
[2026-08-17T15:10:02] SAMPLE t=99s phase=Recovery adaptation=with_ML throughput_gbps=8.4871 latency_ms=66.0015
[2026-08-17T15:08:23] SAMPLE t=0s phase=Stable adaptation=without_ML throughput_gbps=7.8919 latency_ms=64.8443
[2026-08-17T15:08:24] SAMPLE t=1s phase=Stable adaptation=without_ML throughput_gbps=7.8706 latency_ms=65.5741
[2026-08-17T15:08:25] SAMPLE t=2s phase=Stable adaptation=without_ML throughput_gbps=7.9547 latency_ms=66.3402
[2026-08-17T15:08:26] SAMPLE t=3s phase=Stable adaptation=without_ML throughput_gbps=7.7812 latency_ms=63.2747
[2026-08-17T15:08:27] SAMPLE t=4s phase=Stable adaptation=without_ML throughput_gbps=7.968 latency_ms=66.5107
[2026-08-17T15:08:28] SAMPLE t=5s phase=Stable adaptation=without_ML throughput_gbps=7.65 latency_ms=65.2287
[2026-08-17T15:08:29] SAMPLE t=6s phase=Stable adaptation=without_ML throughput_gbps=7.8088 latency_ms=65.4222
[2026-08-17T15:08:30] SAMPLE t=7s phase=Stable adaptation=without_ML throughput_gbps=7.5332 latency_ms=66.4026
[2026-08-17T15:08:31] SAMPLE t=8s phase=Stable adaptation=without_ML throughput_gbps=7.9708 latency_ms=64.1848
[2026-08-17T15:08:32] SAMPLE t=9s phase=Stable adaptation=without_ML throughput_gbps=8.2097 latency_ms=64.1936
[2026-08-17T15:08:33] SAMPLE t=10s phase=Stable adaptation=without_ML throughput_gbps=7.9363 latency_ms=65.3216
[2026-08-17T15:08:34] SAMPLE t=11s phase=Stable adaptation=without_ML throughput_gbps=8.1434 latency_ms=66.6433
[2026-08-17T15:08:35] SAMPLE t=12s phase=Stable adaptation=without_ML throughput_gbps=8.0629 latency_ms=66.5909
[2026-08-17T15:08:36] SAMPLE t=13s phase=Stable adaptation=without_ML throughput_gbps=7.5792 latency_ms=66.9952
[2026-08-17T15:08:37] SAMPLE t=14s phase=Stable adaptation=without_ML throughput_gbps=7.2845 latency_ms=65.0288
[2026-08-17T15:08:38] SAMPLE t=15s phase=Stable adaptation=without_ML throughput_gbps=8.2158 latency_ms=67.1137
[2026-08-17T15:08:39] SAMPLE t=16s phase=Stable adaptation=without_ML throughput_gbps=8.1364 latency_ms=66.2589
[2026-08-17T15:08:40] SAMPLE t=17s phase=Stable adaptation=without_ML throughput_gbps=8.751 latency_ms=66.4808
[2026-08-17T15:08:41] SAMPLE t=18s phase=Stable adaptation=without_ML throughput_gbps=7.5659 latency_ms=66.4804
[2026-08-17T15:08:42] SAMPLE t=19s phase=Stable adaptation=without_ML throughput_gbps=8.3275 latency_ms=66.3333
[2026-08-17T15:08:43] SAMPLE t=20s phase=Congestion adaptation=without_ML throughput_gbps=7.7895 latency_ms=68.2587
[2026-08-17T15:08:44] SAMPLE t=21s phase=Congestion adaptation=without_ML throughput_gbps=8.0526 latency_ms=65.5914
[2026-08-17T15:08:45] SAMPLE t=22s phase=Congestion adaptation=without_ML throughput_gbps=7.9774 latency_ms=65.291
[2026-08-17T15:08:46] SAMPLE t=23s phase=Congestion adaptation=without_ML throughput_gbps=7.8691 latency_ms=65.0297
[2026-08-17T15:08:47] SAMPLE t=24s phase=Congestion adaptation=without_ML throughput_gbps=7.8993 latency_ms=67.2654
[2026-08-17T15:08:48] SAMPLE t=25s phase=Congestion adaptation=without_ML throughput_gbps=7.9142 latency_ms=65.4809
[2026-08-17T15:08:49] SAMPLE t=26s phase=Congestion adaptation=without_ML throughput_gbps=8.0812 latency_ms=66.3587
[2026-08-17T15:08:50] SAMPLE t=27s phase=Congestion adaptation=without_ML throughput_gbps=8.2631 latency_ms=65.8789
[2026-08-17T15:08:51] SAMPLE t=28s phase=Congestion adaptation=without_ML throughput_gbps=8.436 latency_ms=65.7072
[2026-08-17T15:08:52] SAMPLE t=29s phase=Congestion adaptation=without_ML throughput_gbps=8.4193 latency_ms=66.8329
[2026-08-17T15:08:53] SAMPLE t=30s phase=Congestion adaptation=without_ML throughput_gbps=8.0847 latency_ms=65.4483
[2026-08-17T15:08:54] SAMPLE t=31s phase=Congestion adaptation=without_ML throughput_gbps=8.2816 latency_ms=65.9053
[2026-08-17T15:08:55] SAMPLE t=32s phase=Congestion adaptation=without_ML throughput_gbps=8.7727 latency_ms=67.2464
[2026-08-17T15:08:56] SAMPLE t=33s phase=Congestion adaptation=without_ML throughput_gbps=8.29 latency_ms=67.8947
[2026-08-17T15:08:57] SAMPLE t=34s phase=Congestion adaptation=without_ML throughput_gbps=7.6354 latency_ms=65.4728
[2026-08-17T15:08:58] SAMPLE t=35s phase=Congestion adaptation=without_ML throughput_gbps=7.891 latency_ms=66.474
[2026-08-17T15:08:59] SAMPLE t=36s phase=Congestion adaptation=without_ML throughput_gbps=8.1566 latency_ms=62.2412
[2026-08-17T15:09:00] SAMPLE t=37s phase=Congestion adaptation=without_ML throughput_gbps=8.155 latency_ms=63.8102
[2026-08-17T15:09:01] SAMPLE t=38s phase=Congestion adaptation=without_ML throughput_gbps=8.2586 latency_ms=68.6076
[2026-08-17T15:09:02] SAMPLE t=39s phase=Congestion adaptation=without_ML throughput_gbps=7.694 latency_ms=65.4138
[2026-08-17T15:09:03] SAMPLE t=40s phase=Path_change adaptation=without_ML throughput_gbps=7.9042 latency_ms=65.1968
[2026-08-17T15:09:04] SAMPLE t=41s phase=Path_change adaptation=without_ML throughput_gbps=7.982 latency_ms=67.5355
[2026-08-17T15:09:05] SAMPLE t=42s phase=Path_change adaptation=without_ML throughput_gbps=6.9271 latency_ms=67.9578
[2026-08-17T15:09:06] SAMPLE t=43s phase=Path_change adaptation=without_ML throughput_gbps=7.3063 latency_ms=66.4873
[2026-08-17T15:09:07] SAMPLE t=44s phase=Path_change adaptation=without_ML throughput_gbps=6.2985 latency_ms=70.4899
[2026-08-17T15:09:08] SAMPLE t=45s phase=Path_change adaptation=without_ML throughput_gbps=6.5091 latency_ms=72.0241
[2026-08-17T15:09:09] SAMPLE t=46s phase=Path_change adaptation=without_ML throughput_gbps=5.957 latency_ms=72.0502
[2026-08-17T15:09:10] SAMPLE t=47s phase=Path_change adaptation=without_ML throughput_gbps=5.7095 latency_ms=73.5963
[2026-08-17T15:09:11] SAMPLE t=48s phase=Path_change adaptation=without_ML throughput_gbps=5.7657 latency_ms=71.6655
[2026-08-17T15:09:12] SAMPLE t=49s phase=Path_change adaptation=without_ML throughput_gbps=5.7468 latency_ms=73.5481
[2026-08-17T15:09:13] SAMPLE t=50s phase=Path_change adaptation=without_ML throughput_gbps=5.717 latency_ms=71.5873
[2026-08-17T15:09:14] SAMPLE t=51s phase=Path_change adaptation=without_ML throughput_gbps=5.9152 latency_ms=73.2785
[2026-08-17T15:09:15] SAMPLE t=52s phase=Path_change adaptation=without_ML throughput_gbps=5.5277 latency_ms=72.5433
[2026-08-17T15:09:16] SAMPLE t=53s phase=Path_change adaptation=without_ML throughput_gbps=5.7534 latency_ms=73.7576
[2026-08-17T15:09:17] SAMPLE t=54s phase=Path_change adaptation=without_ML throughput_gbps=6.1497 latency_ms=70.6328
[2026-08-17T15:09:18] SAMPLE t=55s phase=Path_change adaptation=without_ML throughput_gbps=6.0355 latency_ms=69.9743
[2026-08-17T15:09:19] SAMPLE t=56s phase=Path_change adaptation=without_ML throughput_gbps=6.9111 latency_ms=69.4837
[2026-08-17T15:09:20] SAMPLE t=57s phase=Path_change adaptation=without_ML throughput_gbps=6.9568 latency_ms=69.1167
[2026-08-17T15:09:21] SAMPLE t=58s phase=Path_change adaptation=without_ML throughput_gbps=7.1049 latency_ms=68.3298
[2026-08-17T15:09:22] SAMPLE t=59s phase=Path_change adaptation=without_ML throughput_gbps=7.7785 latency_ms=65.6163
[2026-08-17T15:09:23] SAMPLE t=60s phase=Loss_spike adaptation=without_ML throughput_gbps=6.1734 latency_ms=68.1517
[2026-08-17T15:09:24] SAMPLE t=61s phase=Loss_spike adaptation=without_ML throughput_gbps=8.3495 latency_ms=80.0872
[2026-08-17T15:09:25] SAMPLE t=62s phase=Loss_spike adaptation=without_ML throughput_gbps=7.3586 latency_ms=75.6889
[2026-08-17T15:09:26] SAMPLE t=63s phase=Loss_spike adaptation=without_ML throughput_gbps=4.8343 latency_ms=76.1482
[2026-08-17T15:09:27] SAMPLE t=64s phase=Loss_spike adaptation=without_ML throughput_gbps=4.0227 latency_ms=77.8507
[2026-08-17T15:09:28] SAMPLE t=65s phase=Loss_spike adaptation=without_ML throughput_gbps=6.3654 latency_ms=68.4714
[2026-08-17T15:09:29] SAMPLE t=66s phase=Loss_spike adaptation=without_ML throughput_gbps=8.4604 latency_ms=79.4371
[2026-08-17T15:09:30] SAMPLE t=67s phase=Loss_spike adaptation=without_ML throughput_gbps=7.6271 latency_ms=73.4756
[2026-08-17T15:09:31] SAMPLE t=68s phase=Loss_spike adaptation=without_ML throughput_gbps=4.8775 latency_ms=75.5301
[2026-08-17T15:09:32] SAMPLE t=69s phase=Loss_spike adaptation=without_ML throughput_gbps=3.9497 latency_ms=77.9663
[2026-08-17T15:09:33] SAMPLE t=70s phase=Loss_spike adaptation=without_ML throughput_gbps=6.1921 latency_ms=72.3676
[2026-08-17T15:09:34] SAMPLE t=71s phase=Loss_spike adaptation=without_ML throughput_gbps=7.9271 latency_ms=79.3671
[2026-08-17T15:09:35] SAMPLE t=72s phase=Loss_spike adaptation=without_ML throughput_gbps=7.0917 latency_ms=76.3555
[2026-08-17T15:09:36] SAMPLE t=73s phase=Loss_spike adaptation=without_ML throughput_gbps=4.7191 latency_ms=75.6221
[2026-08-17T15:09:37] SAMPLE t=74s phase=Loss_spike adaptation=without_ML throughput_gbps=4.2261 latency_ms=80.1424
[2026-08-17T15:09:38] SAMPLE t=75s phase=Loss_spike adaptation=without_ML throughput_gbps=6.0307 latency_ms=66.6223
[2026-08-17T15:09:39] SAMPLE t=76s phase=Loss_spike adaptation=without_ML throughput_gbps=8.7731 latency_ms=79.7049
[2026-08-17T15:09:40] SAMPLE t=77s phase=Loss_spike adaptation=without_ML throughput_gbps=7.624 latency_ms=75.5188
[2026-08-17T15:09:41] SAMPLE t=78s phase=Loss_spike adaptation=without_ML throughput_gbps=4.913 latency_ms=75.3808
[2026-08-17T15:09:42] SAMPLE t=79s phase=Loss_spike adaptation=without_ML throughput_gbps=4.0111 latency_ms=83.5874
[2026-08-17T15:09:43] SAMPLE t=80s phase=Recovery adaptation=without_ML throughput_gbps=7.6693 latency_ms=64.4129
[2026-08-17T15:09:44] SAMPLE t=81s phase=Recovery adaptation=without_ML throughput_gbps=7.61 latency_ms=67.8565
[2026-08-17T15:09:45] SAMPLE t=82s phase=Recovery adaptation=without_ML throughput_gbps=7.9833 latency_ms=67.912
[2026-08-17T15:09:46] SAMPLE t=83s phase=Recovery adaptation=without_ML throughput_gbps=7.8721 latency_ms=64.4654
[2026-08-17T15:09:47] SAMPLE t=84s phase=Recovery adaptation=without_ML throughput_gbps=7.8323 latency_ms=66.2088
[2026-08-17T15:09:48] SAMPLE t=85s phase=Recovery adaptation=without_ML throughput_gbps=8.0338 latency_ms=65.4614
[2026-08-17T15:09:49] SAMPLE t=86s phase=Recovery adaptation=without_ML throughput_gbps=7.9075 latency_ms=66.4071
[2026-08-17T15:09:50] SAMPLE t=87s phase=Recovery adaptation=without_ML throughput_gbps=7.9556 latency_ms=66.9689
[2026-08-17T15:09:51] SAMPLE t=88s phase=Recovery adaptation=without_ML throughput_gbps=8.1397 latency_ms=63.792
[2026-08-17T15:09:52] SAMPLE t=89s phase=Recovery adaptation=without_ML throughput_gbps=8.3027 latency_ms=68.4098
[2026-08-17T15:09:53] SAMPLE t=90s phase=Recovery adaptation=without_ML throughput_gbps=7.7708 latency_ms=65.8753
[2026-08-17T15:09:54] SAMPLE t=91s phase=Recovery adaptation=without_ML throughput_gbps=8.0178 latency_ms=66.3426
[2026-08-17T15:09:55] SAMPLE t=92s phase=Recovery adaptation=without_ML throughput_gbps=7.9048 latency_ms=64.1292
[2026-08-17T15:09:56] SAMPLE t=93s phase=Recovery adaptation=without_ML throughput_gbps=8.2911 latency_ms=67.807
[2026-08-17T15:09:57] SAMPLE t=94s phase=Recovery adaptation=without_ML throughput_gbps=8.0154 latency_ms=64.5854
[2026-08-17T15:09:58] SAMPLE t=95s phase=Recovery adaptation=without_ML throughput_gbps=8.1977 latency_ms=66.2183
[2026-08-17T15:09:59] SAMPLE t=96s phase=Recovery adaptation=without_ML throughput_gbps=7.8937 latency_ms=65.1645
[2026-08-17T15:10:00] SAMPLE t=97s phase=Recovery adaptation=without_ML throughput_gbps=8.4351 latency_ms=66.4901
[2026-08-17T15:10:01] SAMPLE t=98s phase=Recovery adaptation=without_ML throughput_gbps=8.1953 latency_ms=64.5869
[2026-08-17T15:10:02] SAMPLE t=99s phase=Recovery adaptation=without_ML throughput_gbps=8.0258 latency_ms=63.4959
[2026-08-17T15:08:23] TRACE_END run_id=134 status=OK
