[2026-09-15T00:07:23] RUN_START run_id=EDGE_PythonNDN_072
[2026-09-15T00:07:23] PARAM implementation=PythonNDN
[2026-09-15T00:07:23] PARAM device=RaspberryPi4B_4GB
[2026-09-15T00:07:23] PARAM nic=ASIX_AX88179_USB3_GbE
[2026-09-15T00:07:23] METRIC memory_mb=172.62
[2026-09-15T00:07:23] METRIC cpu_util_pct=83.76
[2026-09-15T00:07:23] METRIC startup_time_s=5.072
[2026-09-15T00:07:23] METRIC throughput_mbps=77.59
[2026-09-15T00:07:23] RUN_END status=OK
[2026-09-15T00:09:20] RUN_START run_id=EDGE_PythonNDN_073
[2026-09-15T00:09:20] PARAM implementation=PythonNDN
[2026-09-15T00:09:20] PARAM device=RaspberryPi4B_4GB
[2026-09-15T00:09:20] PARAM nic=ASIX_AX88179_USB3_GbE
[2026-09-15T00:09:20] METRIC memory_mb=168.19
[2026-09-15T00:09:20] METRIC cpu_util_pct=83.01
[2026-09-15T00:09:20] METRIC startup_time_s=4.581
[2026-09-15T00:09:20] METRIC throughput_mbps=86.13
[2026-09-15T00:09:20] RUN_END status=OK
[2026-09-15T00:09:39] RUN_START run_id=EDGE_PythonNDN_074
[2026-09-15T00:09:39] PARAM implementation=PythonNDN
[2026-09-15T00:09:39] PARAM device=RaspberryPi4B_4GB
[2026-09-15T00:09:39] PARAM nic=ASIX_AX88179_USB3_GbE
[2026-09-15T00:09:39] METRIC memory_mb=165.21
[2026-09-15T00:09:39] METRIC cpu_util_pct=83.13
[2026-09-15T00:09:39] METRIC startup_time_s=5.132
[2026-09-15T00:09:39] METRIC throughput_mbps=86.01
[2026-09-15T00:09:39] RUN_END status=OK
[2026-09-15T00:11:49] RUN_START run_id=EDGE_PythonNDN_075
[2026-09-15T00:11:49] PARAM implementation=PythonNDN
[2026-09-15T00:11:49] PARAM device=RaspberryPi4B_4GB
[2026-09-15T00:11:49] PARAM nic=ASIX_AX88179_USB3_GbE
[2026-09-15T00:11:49] METRIC memory_mb=168.95
[2026-09-15T00:11:49] METRIC cpu_util_pct=74.37
[2026-09-15T00:11:49] METRIC startup_time_s=4.822
[2026-09-15T00:11:49] METRIC throughput_mbps=81.02
[2026-09-15T00:11:49] RUN_END status=OK
[2026-09-15T00:13:21] RUN_START run_id=EDGE_PythonNDN_076
[2026-09-15T00:13:21] PARAM implementation=PythonNDN
[2026-09-15T00:13:21] PARAM device=RaspberryPi4B_4GB
[2026-09-15T00:13:21] PARAM nic=ASIX_AX88179_USB3_GbE
[2026-09-15T00:13:21] METRIC memory_mb=187.06
[2026-09-15T00:13:21] METRIC cpu_util_pct=88.04
[2026-09-15T00:13:21] METRIC startup_time_s=5.251
[2026-09-15T00:13:21] METRIC throughput_mbps=84.83
[2026-09-15T00:13:21] RUN_END status=OK
[2026-09-15T00:15:43] RUN_START run_id=EDGE_PythonNDN_077
[2026-09-15T00:15:43] PARAM implementation=PythonNDN
[2026-09-15T00:15:43] PARAM device=RaspberryPi4B_4GB
[2026-09-15T00:15:43] PARAM nic=ASIX_AX88179_USB3_GbE
[2026-09-15T00:15:43] METRIC memory_mb=176.89
[2026-09-15T00:15:43] METRIC cpu_util_pct=86.89
[2026-09-15T00:15:43] METRIC startup_time_s=5.212
[2026-09-15T00:15:43] METRIC throughput_mbps=82.44
[2026-09-15T00:15:43] RUN_END status=OK
[2026-09-15T00:17:17] RUN_START run_id=EDGE_PythonNDN_078
[2026-09-15T00:17:17] PARAM implementation=PythonNDN
[2026-09-15T00:17:17] PARAM device=RaspberryPi4B_4GB
[2026-09-15T00:17:17] PARAM nic=ASIX_AX88179_USB3_GbE
[2026-09-15T00:17:17] METRIC memory_mb=169.51
[2026-09-15T00:17:17] METRIC cpu_util_pct=82.14
[2026-09-15T00:17:17] METRIC startup_time_s=5.132
[2026-09-15T00:17:17] METRIC throughput_mbps=83.91
[2026-09-15T00:17:17] RUN_END status=OK
[2026-09-15T00:17:54] RUN_START run_id=EDGE_PythonNDN_079
[2026-09-15T00:17:54] PARAM implementation=PythonNDN
[2026-09-15T00:17:54] PARAM device=RaspberryPi4B_4GB
[2026-09-15T00:17:54] PARAM nic=ASIX_AX88179_USB3_GbE
[2026-09-15T00:17:54] METRIC memory_mb=169.2
[2026-09-15T00:17:54] METRIC cpu_util_pct=86.6
[2026-09-15T00:17:54] METRIC startup_time_s=5.14
[2026-09-15T00:17:54] METRIC throughput_mbps=88.19
[2026-09-15T00:17:54] RUN_END status=OK
[2026-09-15T20:15:13] RUN_START run_id=EDGE_NFD_023
[2026-09-15T20:15:13] PARAM implementation=NFD
[2026-09-15T20:15:13] PARAM device=RaspberryPi4B_4GB
[2026-09-15T20:15:13] PARAM nic=ASIX_AX88179_USB3_GbE
[2026-09-15T20:15:13] METRIC memory_mb=136.75
[2026-09-15T20:15:13] METRIC cpu_util_pct=64.85
[2026-09-15T20:15:13] METRIC startup_time_s=3.68
[2026-09-15T20:15:13] METRIC throughput_mbps=315.94
[2026-09-15T20:15:13] RUN_END status=OK
[2026-09-15T20:19:36] RUN_START run_id=EDGE_NFD_024
[2026-09-15T20:19:36] PARAM implementation=NFD
[2026-09-15T20:19:36] PARAM device=RaspberryPi4B_4GB
[2026-09-15T20:19:36] PARAM nic=ASIX_AX88179_USB3_GbE
[2026-09-15T20:19:36] METRIC memory_mb=142.45
[2026-09-15T20:19:36] METRIC cpu_util_pct=59.84
[2026-09-15T20:19:36] METRIC startup_time_s=3.876
[2026-09-15T20:19:36] METRIC throughput_mbps=311.98
[2026-09-15T20:19:36] RUN_END status=OK
[2026-09-15T20:21:11] RUN_START run_id=EDGE_NFD_025
[2026-09-15T20:21:11] PARAM implementation=NFD
[2026-09-15T20:21:11] PARAM device=RaspberryPi4B_4GB
[2026-09-15T20:21:11] PARAM nic=ASIX_AX88179_USB3_GbE
[2026-09-15T20:21:11] METRIC memory_mb=144.93
[2026-09-15T20:21:11] METRIC cpu_util_pct=61.24
[2026-09-15T20:21:11] METRIC startup_time_s=3.589
[2026-09-15T20:21:11] METRIC throughput_mbps=327.44
[2026-09-15T20:21:11] RUN_END status=OK
[2026-09-15T20:22:56] RUN_START run_id=EDGE_NFD_026
[2026-09-15T20:22:56] PARAM implementation=NFD
[2026-09-15T20:22:56] PARAM device=RaspberryPi4B_4GB
[2026-09-15T20:22:56] PARAM nic=ASIX_AX88179_USB3_GbE
[2026-09-15T20:22:56] METRIC memory_mb=135.31
[2026-09-15T20:22:56] METRIC cpu_util_pct=64.6
[2026-09-15T20:22:56] METRIC startup_time_s=3.663
[2026-09-15T20:22:56] METRIC throughput_mbps=323.86
[2026-09-15T20:22:56] RUN_END status=OK
[2026-09-15T20:26:38] RUN_START run_id=EDGE_NFD_027
[2026-09-15T20:26:38] PARAM implementation=NFD
[2026-09-15T20:26:38] PARAM device=RaspberryPi4B_4GB
[2026-09-15T20:26:38] PARAM nic=ASIX_AX88179_USB3_GbE
[2026-09-15T20:26:38] METRIC memory_mb=135.18
[2026-09-15T20:26:38] METRIC cpu_util_pct=59.35
[2026-09-15T20:26:38] METRIC startup_time_s=3.789
[2026-09-15T20:26:38] METRIC throughput_mbps=307.86
[2026-09-15T20:26:38] RUN_END status=OK
[2026-09-15T20:29:54] RUN_START run_id=EDGE_NFD_028
[2026-09-15T20:29:54] PARAM implementation=NFD
[2026-09-15T20:29:54] PARAM device=RaspberryPi4B_4GB
[2026-09-15T20:29:54] PARAM nic=ASIX_AX88179_USB3_GbE
[2026-09-15T20:29:54] METRIC memory_mb=136.22
[2026-09-15T20:29:54] METRIC cpu_util_pct=61.31
[2026-09-15T20:29:54] METRIC startup_time_s=3.406
[2026-09-15T20:29:54] METRIC throughput_mbps=295.84
[2026-09-15T20:29:54] RUN_END status=OK
[2026-09-15T20:33:33] RUN_START run_id=EDGE_NFD_029
[2026-09-15T20:33:33] PARAM implementation=NFD
[2026-09-15T20:33:33] PARAM device=RaspberryPi4B_4GB
[2026-09-15T20:33:33] PARAM nic=ASIX_AX88179_USB3_GbE
[2026-09-15T20:33:33] METRIC memory_mb=127.21
[2026-09-15T20:33:33] METRIC cpu_util_pct=60.86
[2026-09-15T20:33:33] METRIC startup_time_s=4.003
[2026-09-15T20:33:33] METRIC throughput_mbps=293.33
[2026-09-15T20:33:33] RUN_END status=OK
[2026-09-15T20:34:11] RUN_START run_id=EDGE_NFD_030
[2026-09-15T20:34:11] PARAM implementation=NFD
[2026-09-15T20:34:11] PARAM device=RaspberryPi4B_4GB
[2026-09-15T20:34:11] PARAM nic=ASIX_AX88179_USB3_GbE
[2026-09-15T20:34:11] METRIC memory_mb=139.71
[2026-09-15T20:34:11] METRIC cpu_util_pct=63.36
[2026-09-15T20:34:11] METRIC startup_time_s=3.503
[2026-09-15T20:34:11] METRIC throughput_mbps=302.88
[2026-09-15T20:34:11] RUN_END status=OK
[2026-09-15T20:35:28] RUN_START run_id=EDGE_NFD_031
[2026-09-15T20:35:28] PARAM implementation=NFD
[2026-09-15T20:35:28] PARAM device=RaspberryPi4B_4GB
[2026-09-15T20:35:28] PARAM nic=ASIX_AX88179_USB3_GbE
[2026-09-15T20:35:28] METRIC memory_mb=145.62
[2026-09-15T20:35:28] METRIC cpu_util_pct=61.5
[2026-09-15T20:35:28] METRIC startup_time_s=3.483
[2026-09-15T20:35:28] METRIC throughput_mbps=322.09
[2026-09-15T20:35:28] RUN_END status=OK
