[2026-09-16T17:13:55] RUN_START run_id=EDGE_PythonNDN_085
[2026-09-16T17:13:55] PARAM implementation=PythonNDN
[2026-09-16T17:13:55] PARAM device=RaspberryPi4B_4GB
[2026-09-16T17:13:55] PARAM nic=ASIX_AX88179_USB3_GbE
[2026-09-16T17:13:55] METRIC memory_mb=162.2
[2026-09-16T17:13:55] METRIC cpu_util_pct=80.23
[2026-09-16T17:13:55] METRIC startup_time_s=4.982
[2026-09-16T17:13:55] METRIC throughput_mbps=76.15
[2026-09-16T17:13:55] RUN_END status=OK
[2026-09-16T17:15:35] RUN_START run_id=EDGE_PythonNDN_086
[2026-09-16T17:15:35] PARAM implementation=PythonNDN
[2026-09-16T17:15:35] PARAM device=RaspberryPi4B_4GB
[2026-09-16T17:15:35] PARAM nic=ASIX_AX88179_USB3_GbE
[2026-09-16T17:15:35] METRIC memory_mb=171.13
[2026-09-16T17:15:35] METRIC cpu_util_pct=83.68
[2026-09-16T17:15:35] METRIC startup_time_s=5.029
[2026-09-16T17:15:35] METRIC throughput_mbps=86.33
[2026-09-16T17:15:35] RUN_END status=OK
[2026-09-16T17:19:03] RUN_START run_id=EDGE_PythonNDN_087
[2026-09-16T17:19:03] PARAM implementation=PythonNDN
[2026-09-16T17:19:03] PARAM device=RaspberryPi4B_4GB
[2026-09-16T17:19:03] PARAM nic=ASIX_AX88179_USB3_GbE
[2026-09-16T17:19:03] METRIC memory_mb=165.89
[2026-09-16T17:19:03] METRIC cpu_util_pct=74.01
[2026-09-16T17:19:03] METRIC startup_time_s=4.747
[2026-09-16T17:19:03] METRIC throughput_mbps=82.73
[2026-09-16T17:19:03] RUN_END status=OK
[2026-09-16T17:23:56] RUN_START run_id=EDGE_PythonNDN_088
[2026-09-16T17:23:56] PARAM implementation=PythonNDN
[2026-09-16T17:23:56] PARAM device=RaspberryPi4B_4GB
[2026-09-16T17:23:56] PARAM nic=ASIX_AX88179_USB3_GbE
[2026-09-16T17:23:56] METRIC memory_mb=160.49
[2026-09-16T17:23:56] METRIC cpu_util_pct=84.55
[2026-09-16T17:23:56] METRIC startup_time_s=5.432
[2026-09-16T17:23:56] METRIC throughput_mbps=89.37
[2026-09-16T17:23:56] RUN_END status=OK
[2026-09-16T17:26:00] RUN_START run_id=EDGE_PythonNDN_089
[2026-09-16T17:26:00] PARAM implementation=PythonNDN
[2026-09-16T17:26:00] PARAM device=RaspberryPi4B_4GB
[2026-09-16T17:26:00] PARAM nic=ASIX_AX88179_USB3_GbE
[2026-09-16T17:26:00] METRIC memory_mb=173.3
[2026-09-16T17:26:00] METRIC cpu_util_pct=82.14
[2026-09-16T17:26:00] METRIC startup_time_s=5.058
[2026-09-16T17:26:00] METRIC throughput_mbps=84.68
[2026-09-16T17:26:00] RUN_END status=OK
[2026-09-16T17:28:03] RUN_START run_id=EDGE_PythonNDN_090
[2026-09-16T17:28:03] PARAM implementation=PythonNDN
[2026-09-16T17:28:03] PARAM device=RaspberryPi4B_4GB
[2026-09-16T17:28:03] PARAM nic=ASIX_AX88179_USB3_GbE
[2026-09-16T17:28:03] METRIC memory_mb=172.02
[2026-09-16T17:28:03] METRIC cpu_util_pct=82.14
[2026-09-16T17:28:03] METRIC startup_time_s=5.691
[2026-09-16T17:28:03] METRIC throughput_mbps=86.05
[2026-09-16T17:28:03] RUN_END status=OK
[2026-09-16T17:29:17] RUN_START run_id=EDGE_PythonNDN_091
[2026-09-16T17:29:17] PARAM implementation=PythonNDN
[2026-09-16T17:29:17] PARAM device=RaspberryPi4B_4GB
[2026-09-16T17:29:17] PARAM nic=ASIX_AX88179_USB3_GbE
[2026-09-16T17:29:17] METRIC memory_mb=171.66
[2026-09-16T17:29:17] METRIC cpu_util_pct=77.13
[2026-09-16T17:29:17] METRIC startup_time_s=5.063
[2026-09-16T17:29:17] METRIC throughput_mbps=81.49
[2026-09-16T17:29:17] RUN_END status=OK
[2026-09-16T17:29:45] RUN_START run_id=EDGE_PythonNDN_092
[2026-09-16T17:29:45] PARAM implementation=PythonNDN
[2026-09-16T17:29:45] PARAM device=RaspberryPi4B_4GB
[2026-09-16T17:29:45] PARAM nic=ASIX_AX88179_USB3_GbE
[2026-09-16T17:29:45] METRIC memory_mb=170.43
[2026-09-16T17:29:45] METRIC cpu_util_pct=80.75
[2026-09-16T17:29:45] METRIC startup_time_s=4.596
[2026-09-16T17:29:45] METRIC throughput_mbps=81.09
[2026-09-16T17:29:45] RUN_END status=OK
[2026-09-16T17:30:45] RUN_START run_id=EDGE_PythonNDN_093
[2026-09-16T17:30:45] PARAM implementation=PythonNDN
[2026-09-16T17:30:45] PARAM device=RaspberryPi4B_4GB
[2026-09-16T17:30:45] PARAM nic=ASIX_AX88179_USB3_GbE
[2026-09-16T17:30:45] METRIC memory_mb=177.34
[2026-09-16T17:30:45] METRIC cpu_util_pct=83.6
[2026-09-16T17:30:45] METRIC startup_time_s=5.069
[2026-09-16T17:30:45] METRIC throughput_mbps=83.43
[2026-09-16T17:30:45] RUN_END status=OK
[2026-09-16T17:31:17] RUN_START run_id=EDGE_PythonNDN_094
[2026-09-16T17:31:17] PARAM implementation=PythonNDN
[2026-09-16T17:31:17] PARAM device=RaspberryPi4B_4GB
[2026-09-16T17:31:17] PARAM nic=ASIX_AX88179_USB3_GbE
[2026-09-16T17:31:17] METRIC memory_mb=170.95
[2026-09-16T17:31:17] METRIC cpu_util_pct=82.22
[2026-09-16T17:31:17] METRIC startup_time_s=5.953
[2026-09-16T17:31:17] METRIC throughput_mbps=88.44
[2026-09-16T17:31:17] RUN_END status=OK
[2026-09-16T17:34:27] RUN_START run_id=EDGE_PythonNDN_095
[2026-09-16T17:34:27] PARAM implementation=PythonNDN
[2026-09-16T17:34:27] PARAM device=RaspberryPi4B_4GB
[2026-09-16T17:34:27] PARAM nic=ASIX_AX88179_USB3_GbE
[2026-09-16T17:34:27] METRIC memory_mb=184.14
[2026-09-16T17:34:27] METRIC cpu_util_pct=88.31
[2026-09-16T17:34:27] METRIC startup_time_s=5.904
[2026-09-16T17:34:27] METRIC throughput_mbps=83.43
[2026-09-16T17:34:27] RUN_END status=OK
[2026-09-16T17:36:55] RUN_START run_id=EDGE_PythonNDN_096
[2026-09-16T17:36:55] PARAM implementation=PythonNDN
[2026-09-16T17:36:55] PARAM device=RaspberryPi4B_4GB
[2026-09-16T17:36:55] PARAM nic=ASIX_AX88179_USB3_GbE
[2026-09-16T17:36:55] METRIC memory_mb=180.02
[2026-09-16T17:36:55] METRIC cpu_util_pct=86.79
[2026-09-16T17:36:55] METRIC startup_time_s=5.404
[2026-09-16T17:36:55] METRIC throughput_mbps=80.48
[2026-09-16T17:36:55] RUN_END status=OK
[2026-09-16T17:39:57] RUN_START run_id=EDGE_PythonNDN_097
[2026-09-16T17:39:57] PARAM implementation=PythonNDN
[2026-09-16T17:39:57] PARAM device=RaspberryPi4B_4GB
[2026-09-16T17:39:57] PARAM nic=ASIX_AX88179_USB3_GbE
[2026-09-16T17:39:57] METRIC memory_mb=165.84
[2026-09-16T17:39:57] METRIC cpu_util_pct=93.38
[2026-09-16T17:39:57] METRIC startup_time_s=5.439
[2026-09-16T17:39:57] METRIC throughput_mbps=81.7
[2026-09-16T17:39:57] RUN_END status=OK
[2026-09-16T17:40:22] RUN_START run_id=EDGE_PythonNDN_098
[2026-09-16T17:40:22] PARAM implementation=PythonNDN
[2026-09-16T17:40:22] PARAM device=RaspberryPi4B_4GB
[2026-09-16T17:40:22] PARAM nic=ASIX_AX88179_USB3_GbE
[2026-09-16T17:40:22] METRIC memory_mb=178.4
[2026-09-16T17:40:22] METRIC cpu_util_pct=74.0
[2026-09-16T17:40:22] METRIC startup_time_s=4.846
[2026-09-16T17:40:22] METRIC throughput_mbps=84.15
[2026-09-16T17:40:22] RUN_END status=OK
