[2026-09-16T17:43:32] RUN_START run_id=EDGE_PythonNDN_099
[2026-09-16T17:43:32] PARAM implementation=PythonNDN
[2026-09-16T17:43:32] PARAM device=RaspberryPi4B_4GB
[2026-09-16T17:43:32] PARAM nic=ASIX_AX88179_USB3_GbE
[2026-09-16T17:43:32] METRIC memory_mb=169.56
[2026-09-16T17:43:32] METRIC cpu_util_pct=89.13
[2026-09-16T17:43:32] METRIC startup_time_s=4.832
[2026-09-16T17:43:32] METRIC throughput_mbps=83.66
[2026-09-16T17:43:32] RUN_END status=OK
[2026-09-16T17:46:26] RUN_START run_id=EDGE_PythonNDN_100
[2026-09-16T17:46:26] PARAM implementation=PythonNDN
[2026-09-16T17:46:26] PARAM device=RaspberryPi4B_4GB
[2026-09-16T17:46:26] PARAM nic=ASIX_AX88179_USB3_GbE
[2026-09-16T17:46:26] METRIC memory_mb=167.06
[2026-09-16T17:46:26] METRIC cpu_util_pct=75.27
[2026-09-16T17:46:26] METRIC startup_time_s=5.519
[2026-09-16T17:46:26] METRIC throughput_mbps=88.53
[2026-09-16T17:46:26] RUN_END status=OK
[2026-09-16T17:49:03] RUN_START run_id=EDGE_PythonNDN_101
[2026-09-16T17:49:03] PARAM implementation=PythonNDN
[2026-09-16T17:49:03] PARAM device=RaspberryPi4B_4GB
[2026-09-16T17:49:03] PARAM nic=ASIX_AX88179_USB3_GbE
[2026-09-16T17:49:03] METRIC memory_mb=180.65
[2026-09-16T17:49:03] METRIC cpu_util_pct=84.99
[2026-09-16T17:49:03] METRIC startup_time_s=5.019
[2026-09-16T17:49:03] METRIC throughput_mbps=86.32
[2026-09-16T17:49:03] RUN_END status=OK
[2026-09-16T17:51:26] RUN_START run_id=EDGE_PythonNDN_102
[2026-09-16T17:51:26] PARAM implementation=PythonNDN
[2026-09-16T17:51:26] PARAM device=RaspberryPi4B_4GB
[2026-09-16T17:51:26] PARAM nic=ASIX_AX88179_USB3_GbE
[2026-09-16T17:51:26] METRIC memory_mb=169.11
[2026-09-16T17:51:26] METRIC cpu_util_pct=83.9
[2026-09-16T17:51:26] METRIC startup_time_s=5.173
[2026-09-16T17:51:26] METRIC throughput_mbps=82.99
[2026-09-16T17:51:26] RUN_END status=OK
[2026-09-16T17:53:36] RUN_START run_id=EDGE_PythonNDN_103
[2026-09-16T17:53:36] PARAM implementation=PythonNDN
[2026-09-16T17:53:36] PARAM device=RaspberryPi4B_4GB
[2026-09-16T17:53:36] PARAM nic=ASIX_AX88179_USB3_GbE
[2026-09-16T17:53:36] METRIC memory_mb=176.73
[2026-09-16T17:53:36] METRIC cpu_util_pct=79.61
[2026-09-16T17:53:36] METRIC startup_time_s=5.163
[2026-09-16T17:53:36] METRIC throughput_mbps=83.44
[2026-09-16T17:53:36] RUN_END status=OK
[2026-09-16T17:55:44] RUN_START run_id=EDGE_PythonNDN_104
[2026-09-16T17:55:44] PARAM implementation=PythonNDN
[2026-09-16T17:55:44] PARAM device=RaspberryPi4B_4GB
[2026-09-16T17:55:44] PARAM nic=ASIX_AX88179_USB3_GbE
[2026-09-16T17:55:44] METRIC memory_mb=180.54
[2026-09-16T17:55:44] METRIC cpu_util_pct=73.84
[2026-09-16T17:55:44] METRIC startup_time_s=5.351
[2026-09-16T17:55:44] METRIC throughput_mbps=77.83
[2026-09-16T17:55:44] RUN_END status=OK
[2026-09-16T21:09:05] RUN_START run_id=EDGE_PythonNDN_105
[2026-09-16T21:09:05] PARAM implementation=PythonNDN
[2026-09-16T21:09:05] PARAM device=RaspberryPi4B_4GB
[2026-09-16T21:09:05] PARAM nic=ASIX_AX88179_USB3_GbE
[2026-09-16T21:09:05] METRIC memory_mb=177.01
[2026-09-16T21:09:05] METRIC cpu_util_pct=84.34
[2026-09-16T21:09:05] METRIC startup_time_s=5.321
[2026-09-16T21:09:05] METRIC throughput_mbps=86.36
[2026-09-16T21:09:05] RUN_END status=OK
[2026-09-16T21:10:08] RUN_START run_id=EDGE_PythonNDN_106
[2026-09-16T21:10:08] PARAM implementation=PythonNDN
[2026-09-16T21:10:08] PARAM device=RaspberryPi4B_4GB
[2026-09-16T21:10:08] PARAM nic=ASIX_AX88179_USB3_GbE
[2026-09-16T21:10:08] METRIC memory_mb=170.2
[2026-09-16T21:10:08] METRIC cpu_util_pct=75.18
[2026-09-16T21:10:08] METRIC startup_time_s=5.143
[2026-09-16T21:10:08] METRIC throughput_mbps=84.52
[2026-09-16T21:10:08] RUN_END status=OK
[2026-09-16T21:11:38] RUN_START run_id=EDGE_PythonNDN_107
[2026-09-16T21:11:38] PARAM implementation=PythonNDN
[2026-09-16T21:11:38] PARAM device=RaspberryPi4B_4GB
[2026-09-16T21:11:38] PARAM nic=ASIX_AX88179_USB3_GbE
[2026-09-16T21:11:38] METRIC memory_mb=178.63
[2026-09-16T21:11:38] METRIC cpu_util_pct=83.55
[2026-09-16T21:11:38] METRIC startup_time_s=4.958
[2026-09-16T21:11:38] METRIC throughput_mbps=83.94
[2026-09-16T21:11:38] RUN_END status=OK
[2026-09-16T21:12:47] RUN_START run_id=EDGE_PythonNDN_108
[2026-09-16T21:12:47] PARAM implementation=PythonNDN
[2026-09-16T21:12:47] PARAM device=RaspberryPi4B_4GB
[2026-09-16T21:12:47] PARAM nic=ASIX_AX88179_USB3_GbE
[2026-09-16T21:12:47] METRIC memory_mb=176.72
[2026-09-16T21:12:47] METRIC cpu_util_pct=82.79
[2026-09-16T21:12:47] METRIC startup_time_s=4.677
[2026-09-16T21:12:47] METRIC throughput_mbps=80.67
[2026-09-16T21:12:47] RUN_END status=OK
[2026-09-16T21:13:50] RUN_START run_id=EDGE_PythonNDN_109
[2026-09-16T21:13:50] PARAM implementation=PythonNDN
[2026-09-16T21:13:50] PARAM device=RaspberryPi4B_4GB
[2026-09-16T21:13:50] PARAM nic=ASIX_AX88179_USB3_GbE
[2026-09-16T21:13:50] METRIC memory_mb=179.3
[2026-09-16T21:13:50] METRIC cpu_util_pct=82.35
[2026-09-16T21:13:50] METRIC startup_time_s=5.578
[2026-09-16T21:13:50] METRIC throughput_mbps=87.22
[2026-09-16T21:13:50] RUN_END status=OK
[2026-09-16T21:15:43] RUN_START run_id=EDGE_PythonNDN_110
[2026-09-16T21:15:43] PARAM implementation=PythonNDN
[2026-09-16T21:15:43] PARAM device=RaspberryPi4B_4GB
[2026-09-16T21:15:43] PARAM nic=ASIX_AX88179_USB3_GbE
[2026-09-16T21:15:43] METRIC memory_mb=177.23
[2026-09-16T21:15:43] METRIC cpu_util_pct=86.69
[2026-09-16T21:15:43] METRIC startup_time_s=5.093
[2026-09-16T21:15:43] METRIC throughput_mbps=89.23
[2026-09-16T21:15:43] RUN_END status=OK
[2026-09-16T21:17:21] RUN_START run_id=EDGE_PythonNDN_111
[2026-09-16T21:17:21] PARAM implementation=PythonNDN
[2026-09-16T21:17:21] PARAM device=RaspberryPi4B_4GB
[2026-09-16T21:17:21] PARAM nic=ASIX_AX88179_USB3_GbE
[2026-09-16T21:17:21] METRIC memory_mb=173.82
[2026-09-16T21:17:21] METRIC cpu_util_pct=77.57
[2026-09-16T21:17:21] METRIC startup_time_s=4.633
[2026-09-16T21:17:21] METRIC throughput_mbps=87.24
[2026-09-16T21:17:21] RUN_END status=OK
[2026-09-16T21:21:34] RUN_START run_id=EDGE_PythonNDN_112
[2026-09-16T21:21:34] PARAM implementation=PythonNDN
[2026-09-16T21:21:34] PARAM device=RaspberryPi4B_4GB
[2026-09-16T21:21:34] PARAM nic=ASIX_AX88179_USB3_GbE
[2026-09-16T21:21:34] METRIC memory_mb=173.88
[2026-09-16T21:21:34] METRIC cpu_util_pct=87.99
[2026-09-16T21:21:34] METRIC startup_time_s=4.838
[2026-09-16T21:21:34] METRIC throughput_mbps=88.23
[2026-09-16T21:21:34] RUN_END status=OK
[2026-09-16T21:23:31] RUN_START run_id=EDGE_PythonNDN_113
[2026-09-16T21:23:31] PARAM implementation=PythonNDN
[2026-09-16T21:23:31] PARAM device=RaspberryPi4B_4GB
[2026-09-16T21:23:31] PARAM nic=ASIX_AX88179_USB3_GbE
[2026-09-16T21:23:31] METRIC memory_mb=176.42
[2026-09-16T21:23:31] METRIC cpu_util_pct=83.44
[2026-09-16T21:23:31] METRIC startup_time_s=5.44
[2026-09-16T21:23:31] METRIC throughput_mbps=82.35
[2026-09-16T21:23:31] RUN_END status=OK
[2026-09-16T21:24:57] RUN_START run_id=EDGE_PythonNDN_114
[2026-09-16T21:24:57] PARAM implementation=PythonNDN
[2026-09-16T21:24:57] PARAM device=RaspberryPi4B_4GB
[2026-09-16T21:24:57] PARAM nic=ASIX_AX88179_USB3_GbE
[2026-09-16T21:24:57] METRIC memory_mb=175.56
[2026-09-16T21:24:57] METRIC cpu_util_pct=76.44
[2026-09-16T21:24:57] METRIC startup_time_s=5.409
[2026-09-16T21:24:57] METRIC throughput_mbps=85.5
[2026-09-16T21:24:57] RUN_END status=OK
