[2026-09-20T06:48:03] RUN_START run_id=EDGE_uDCN_056
[2026-09-20T06:48:03] PARAM implementation=uDCN
[2026-09-20T06:48:03] PARAM device=RaspberryPi4B_4GB
[2026-09-20T06:48:03] PARAM nic=ASIX_AX88179_USB3_GbE
[2026-09-20T06:48:03] METRIC memory_mb=41.72
[2026-09-20T06:48:03] METRIC cpu_util_pct=18.43
[2026-09-20T06:48:03] METRIC startup_time_s=1.022
[2026-09-20T06:48:03] METRIC throughput_mbps=901.99
[2026-09-20T06:48:03] RUN_END status=OK
[2026-09-20T06:50:24] RUN_START run_id=10_edge_resource_consumption_DISCARDED_0022
[2026-09-20T06:50:24] RUN_ABORTED reason=thermal_throttle: Raspberry Pi SoC exceeded 80C, CPU governor throttled clock mid-run, measurement discarded
[2026-09-20T06:51:34] RUN_START run_id=EDGE_uDCN_057
[2026-09-20T06:51:34] PARAM implementation=uDCN
[2026-09-20T06:51:34] PARAM device=RaspberryPi4B_4GB
[2026-09-20T06:51:34] PARAM nic=ASIX_AX88179_USB3_GbE
[2026-09-20T06:51:34] METRIC memory_mb=40.33
[2026-09-20T06:51:34] METRIC cpu_util_pct=18.25
[2026-09-20T06:51:34] METRIC startup_time_s=1.137
[2026-09-20T06:51:34] METRIC throughput_mbps=850.67
[2026-09-20T06:51:34] RUN_END status=OK
[2026-09-20T06:53:38] RUN_START run_id=EDGE_uDCN_058
[2026-09-20T06:53:38] PARAM implementation=uDCN
[2026-09-20T06:53:38] PARAM device=RaspberryPi4B_4GB
[2026-09-20T06:53:38] PARAM nic=ASIX_AX88179_USB3_GbE
[2026-09-20T06:53:38] METRIC memory_mb=46.42
[2026-09-20T06:53:38] METRIC cpu_util_pct=18.5
[2026-09-20T06:53:38] METRIC startup_time_s=1.381
[2026-09-20T06:53:38] METRIC throughput_mbps=888.83
[2026-09-20T06:53:38] RUN_END status=OK
[2026-09-20T06:55:09] RUN_START run_id=EDGE_uDCN_059
[2026-09-20T06:55:09] PARAM implementation=uDCN
[2026-09-20T06:55:09] PARAM device=RaspberryPi4B_4GB
[2026-09-20T06:55:09] PARAM nic=ASIX_AX88179_USB3_GbE
[2026-09-20T06:55:09] METRIC memory_mb=40.66
[2026-09-20T06:55:09] METRIC cpu_util_pct=18.02
[2026-09-20T06:55:09] METRIC startup_time_s=1.15
[2026-09-20T06:55:09] METRIC throughput_mbps=844.7
[2026-09-20T06:55:09] RUN_END status=OK
[2026-09-20T06:57:30] RUN_START run_id=EDGE_uDCN_060
[2026-09-20T06:57:30] PARAM implementation=uDCN
[2026-09-20T06:57:30] PARAM device=RaspberryPi4B_4GB
[2026-09-20T06:57:30] PARAM nic=ASIX_AX88179_USB3_GbE
[2026-09-20T06:57:30] METRIC memory_mb=43.84
[2026-09-20T06:57:30] METRIC cpu_util_pct=17.31
[2026-09-20T06:57:30] METRIC startup_time_s=1.19
[2026-09-20T06:57:30] METRIC throughput_mbps=798.76
[2026-09-20T06:57:30] RUN_END status=OK
[2026-09-20T06:58:39] RUN_START run_id=EDGE_uDCN_061
[2026-09-20T06:58:39] PARAM implementation=uDCN
[2026-09-20T06:58:39] PARAM device=RaspberryPi4B_4GB
[2026-09-20T06:58:39] PARAM nic=ASIX_AX88179_USB3_GbE
[2026-09-20T06:58:39] METRIC memory_mb=42.06
[2026-09-20T06:58:39] METRIC cpu_util_pct=18.74
[2026-09-20T06:58:39] METRIC startup_time_s=1.112
[2026-09-20T06:58:39] METRIC throughput_mbps=901.48
[2026-09-20T06:58:39] RUN_END status=OK
[2026-09-20T07:00:20] RUN_START run_id=EDGE_uDCN_062
[2026-09-20T07:00:20] PARAM implementation=uDCN
[2026-09-20T07:00:20] PARAM device=RaspberryPi4B_4GB
[2026-09-20T07:00:20] PARAM nic=ASIX_AX88179_USB3_GbE
[2026-09-20T07:00:20] METRIC memory_mb=43.93
[2026-09-20T07:00:20] METRIC cpu_util_pct=18.0
[2026-09-20T07:00:20] METRIC startup_time_s=1.301
[2026-09-20T07:00:20] METRIC throughput_mbps=904.0
[2026-09-20T07:00:20] RUN_END status=OK
[2026-09-20T07:01:42] RUN_START run_id=EDGE_uDCN_063
[2026-09-20T07:01:42] PARAM implementation=uDCN
[2026-09-20T07:01:42] PARAM device=RaspberryPi4B_4GB
[2026-09-20T07:01:42] PARAM nic=ASIX_AX88179_USB3_GbE
[2026-09-20T07:01:42] METRIC memory_mb=43.4
[2026-09-20T07:01:42] METRIC cpu_util_pct=18.4
[2026-09-20T07:01:42] METRIC startup_time_s=1.158
[2026-09-20T07:01:42] METRIC throughput_mbps=850.92
[2026-09-20T07:01:42] RUN_END status=OK
[2026-09-20T07:02:26] RUN_START run_id=EDGE_uDCN_064
[2026-09-20T07:02:26] PARAM implementation=uDCN
[2026-09-20T07:02:26] PARAM device=RaspberryPi4B_4GB
[2026-09-20T07:02:26] PARAM nic=ASIX_AX88179_USB3_GbE
[2026-09-20T07:02:26] METRIC memory_mb=44.21
[2026-09-20T07:02:26] METRIC cpu_util_pct=18.28
[2026-09-20T07:02:26] METRIC startup_time_s=1.242
[2026-09-20T07:02:26] METRIC throughput_mbps=818.58
[2026-09-20T07:02:26] RUN_END status=OK
[2026-09-20T07:05:19] RUN_START run_id=EDGE_uDCN_065
[2026-09-20T07:05:19] PARAM implementation=uDCN
[2026-09-20T07:05:19] PARAM device=RaspberryPi4B_4GB
[2026-09-20T07:05:19] PARAM nic=ASIX_AX88179_USB3_GbE
[2026-09-20T07:05:19] METRIC memory_mb=42.31
[2026-09-20T07:05:19] METRIC cpu_util_pct=19.61
[2026-09-20T07:05:19] METRIC startup_time_s=1.237
[2026-09-20T07:05:19] METRIC throughput_mbps=848.08
[2026-09-20T07:05:19] RUN_END status=OK
[2026-09-20T07:07:14] RUN_START run_id=EDGE_uDCN_066
[2026-09-20T07:07:14] PARAM implementation=uDCN
[2026-09-20T07:07:14] PARAM device=RaspberryPi4B_4GB
[2026-09-20T07:07:14] PARAM nic=ASIX_AX88179_USB3_GbE
[2026-09-20T07:07:14] METRIC memory_mb=44.6
[2026-09-20T07:07:14] METRIC cpu_util_pct=17.17
[2026-09-20T07:07:14] METRIC startup_time_s=1.128
[2026-09-20T07:07:14] METRIC throughput_mbps=810.83
[2026-09-20T07:07:14] RUN_END status=OK
[2026-09-20T07:07:48] RUN_START run_id=EDGE_uDCN_067
[2026-09-20T07:07:48] PARAM implementation=uDCN
[2026-09-20T07:07:48] PARAM device=RaspberryPi4B_4GB
[2026-09-20T07:07:48] PARAM nic=ASIX_AX88179_USB3_GbE
[2026-09-20T07:07:48] METRIC memory_mb=40.19
[2026-09-20T07:07:48] METRIC cpu_util_pct=20.38
[2026-09-20T07:07:48] METRIC startup_time_s=1.265
[2026-09-20T07:07:48] METRIC throughput_mbps=881.6
[2026-09-20T07:07:48] RUN_END status=OK
[2026-09-20T07:11:19] RUN_START run_id=EDGE_uDCN_068
[2026-09-20T07:11:19] PARAM implementation=uDCN
[2026-09-20T07:11:19] PARAM device=RaspberryPi4B_4GB
[2026-09-20T07:11:19] PARAM nic=ASIX_AX88179_USB3_GbE
[2026-09-20T07:11:19] METRIC memory_mb=41.31
[2026-09-20T07:11:19] METRIC cpu_util_pct=17.93
[2026-09-20T07:11:19] METRIC startup_time_s=1.084
[2026-09-20T07:11:19] METRIC throughput_mbps=820.83
[2026-09-20T07:11:19] RUN_END status=OK
[2026-09-20T09:29:34] RUN_START run_id=EDGE_uDCN_069
[2026-09-20T09:29:34] PARAM implementation=uDCN
[2026-09-20T09:29:34] PARAM device=RaspberryPi4B_4GB
[2026-09-20T09:29:34] PARAM nic=ASIX_AX88179_USB3_GbE
[2026-09-20T09:29:34] METRIC memory_mb=40.61
[2026-09-20T09:29:34] METRIC cpu_util_pct=16.93
[2026-09-20T09:29:34] METRIC startup_time_s=1.06
[2026-09-20T09:29:34] METRIC throughput_mbps=884.92
[2026-09-20T09:29:34] RUN_END status=OK
[2026-09-20T09:31:24] RUN_START run_id=EDGE_uDCN_070
[2026-09-20T09:31:24] PARAM implementation=uDCN
[2026-09-20T09:31:24] PARAM device=RaspberryPi4B_4GB
[2026-09-20T09:31:24] PARAM nic=ASIX_AX88179_USB3_GbE
[2026-09-20T09:31:24] METRIC memory_mb=41.42
[2026-09-20T09:31:24] METRIC cpu_util_pct=17.03
[2026-09-20T09:31:24] METRIC startup_time_s=1.264
[2026-09-20T09:31:24] METRIC throughput_mbps=850.94
[2026-09-20T09:31:24] RUN_END status=OK
[2026-09-20T09:32:29] RUN_START run_id=EDGE_uDCN_071
[2026-09-20T09:32:29] PARAM implementation=uDCN
[2026-09-20T09:32:29] PARAM device=RaspberryPi4B_4GB
[2026-09-20T09:32:29] PARAM nic=ASIX_AX88179_USB3_GbE
[2026-09-20T09:32:29] METRIC memory_mb=41.85
[2026-09-20T09:32:29] METRIC cpu_util_pct=18.26
[2026-09-20T09:32:29] METRIC startup_time_s=1.144
[2026-09-20T09:32:29] METRIC throughput_mbps=857.97
[2026-09-20T09:32:29] RUN_END status=OK
[2026-09-20T09:32:50] RUN_START run_id=EDGE_uDCN_072
[2026-09-20T09:32:50] PARAM implementation=uDCN
[2026-09-20T09:32:50] PARAM device=RaspberryPi4B_4GB
[2026-09-20T09:32:50] PARAM nic=ASIX_AX88179_USB3_GbE
[2026-09-20T09:32:50] METRIC memory_mb=42.07
[2026-09-20T09:32:50] METRIC cpu_util_pct=17.18
[2026-09-20T09:32:50] METRIC startup_time_s=1.453
[2026-09-20T09:32:50] METRIC throughput_mbps=822.09
[2026-09-20T09:32:50] RUN_END status=OK
