[2026-09-24T13:29:57] RUN_START run_id=EDGE_CCNlite_086
[2026-09-24T13:29:57] PARAM implementation=CCNlite
[2026-09-24T13:29:57] PARAM device=RaspberryPi4B_4GB
[2026-09-24T13:29:57] PARAM nic=ASIX_AX88179_USB3_GbE
[2026-09-24T13:29:57] METRIC memory_mb=29.03
[2026-09-24T13:29:57] METRIC cpu_util_pct=45.02
[2026-09-24T13:29:57] METRIC startup_time_s=0.684
[2026-09-24T13:29:57] METRIC throughput_mbps=274.54
[2026-09-24T13:29:57] RUN_END status=OK
[2026-09-24T13:35:02] RUN_START run_id=EDGE_CCNlite_087
[2026-09-24T13:35:02] PARAM implementation=CCNlite
[2026-09-24T13:35:02] PARAM device=RaspberryPi4B_4GB
[2026-09-24T13:35:02] PARAM nic=ASIX_AX88179_USB3_GbE
[2026-09-24T13:35:02] METRIC memory_mb=27.61
[2026-09-24T13:35:02] METRIC cpu_util_pct=45.76
[2026-09-24T13:35:02] METRIC startup_time_s=0.649
[2026-09-24T13:35:02] METRIC throughput_mbps=290.23
[2026-09-24T13:35:02] RUN_END status=OK
[2026-09-24T13:37:45] RUN_START run_id=EDGE_CCNlite_088
[2026-09-24T13:37:45] PARAM implementation=CCNlite
[2026-09-24T13:37:45] PARAM device=RaspberryPi4B_4GB
[2026-09-24T13:37:45] PARAM nic=ASIX_AX88179_USB3_GbE
[2026-09-24T13:37:45] METRIC memory_mb=26.97
[2026-09-24T13:37:45] METRIC cpu_util_pct=44.25
[2026-09-24T13:37:45] METRIC startup_time_s=0.898
[2026-09-24T13:37:45] METRIC throughput_mbps=273.9
[2026-09-24T13:37:45] RUN_END status=OK
[2026-09-24T13:39:45] RUN_START run_id=EDGE_CCNlite_089
[2026-09-24T13:39:45] PARAM implementation=CCNlite
[2026-09-24T13:39:45] PARAM device=RaspberryPi4B_4GB
[2026-09-24T13:39:45] PARAM nic=ASIX_AX88179_USB3_GbE
[2026-09-24T13:39:45] METRIC memory_mb=27.39
[2026-09-24T13:39:45] METRIC cpu_util_pct=44.43
[2026-09-24T13:39:45] METRIC startup_time_s=0.643
[2026-09-24T13:39:45] METRIC throughput_mbps=287.05
[2026-09-24T13:39:45] RUN_END status=OK
[2026-09-24T13:40:27] RUN_START run_id=EDGE_CCNlite_090
[2026-09-24T13:40:27] PARAM implementation=CCNlite
[2026-09-24T13:40:27] PARAM device=RaspberryPi4B_4GB
[2026-09-24T13:40:27] PARAM nic=ASIX_AX88179_USB3_GbE
[2026-09-24T13:40:27] METRIC memory_mb=27.45
[2026-09-24T13:40:27] METRIC cpu_util_pct=43.73
[2026-09-24T13:40:27] METRIC startup_time_s=0.729
[2026-09-24T13:40:27] METRIC throughput_mbps=258.04
[2026-09-24T13:40:27] RUN_END status=OK
[2026-09-24T13:43:32] RUN_START run_id=EDGE_CCNlite_091
[2026-09-24T13:43:32] PARAM implementation=CCNlite
[2026-09-24T13:43:32] PARAM device=RaspberryPi4B_4GB
[2026-09-24T13:43:32] PARAM nic=ASIX_AX88179_USB3_GbE
[2026-09-24T13:43:32] METRIC memory_mb=27.07
[2026-09-24T13:43:32] METRIC cpu_util_pct=41.45
[2026-09-24T13:43:32] METRIC startup_time_s=0.862
[2026-09-24T13:43:32] METRIC throughput_mbps=277.54
[2026-09-24T13:43:32] RUN_END status=OK
[2026-09-24T13:47:19] RUN_START run_id=EDGE_CCNlite_092
[2026-09-24T13:47:19] PARAM implementation=CCNlite
[2026-09-24T13:47:19] PARAM device=RaspberryPi4B_4GB
[2026-09-24T13:47:19] PARAM nic=ASIX_AX88179_USB3_GbE
[2026-09-24T13:47:19] METRIC memory_mb=28.52
[2026-09-24T13:47:19] METRIC cpu_util_pct=48.66
[2026-09-24T13:47:19] METRIC startup_time_s=0.594
[2026-09-24T13:47:19] METRIC throughput_mbps=281.58
[2026-09-24T13:47:19] RUN_END status=OK
[2026-09-24T13:49:05] RUN_START run_id=EDGE_CCNlite_093
[2026-09-24T13:49:05] PARAM implementation=CCNlite
[2026-09-24T13:49:05] PARAM device=RaspberryPi4B_4GB
[2026-09-24T13:49:05] PARAM nic=ASIX_AX88179_USB3_GbE
[2026-09-24T13:49:05] METRIC memory_mb=29.14
[2026-09-24T13:49:05] METRIC cpu_util_pct=45.39
[2026-09-24T13:49:05] METRIC startup_time_s=0.792
[2026-09-24T13:49:05] METRIC throughput_mbps=279.31
[2026-09-24T13:49:05] RUN_END status=OK
[2026-09-24T13:50:21] RUN_START run_id=EDGE_CCNlite_094
[2026-09-24T13:50:21] PARAM implementation=CCNlite
[2026-09-24T13:50:21] PARAM device=RaspberryPi4B_4GB
[2026-09-24T13:50:21] PARAM nic=ASIX_AX88179_USB3_GbE
[2026-09-24T13:50:21] METRIC memory_mb=27.5
[2026-09-24T13:50:21] METRIC cpu_util_pct=46.54
[2026-09-24T13:50:21] METRIC startup_time_s=0.68
[2026-09-24T13:50:21] METRIC throughput_mbps=277.41
[2026-09-24T13:50:21] RUN_END status=OK
[2026-09-24T13:54:50] RUN_START run_id=EDGE_CCNlite_095
[2026-09-24T13:54:50] PARAM implementation=CCNlite
[2026-09-24T13:54:50] PARAM device=RaspberryPi4B_4GB
[2026-09-24T13:54:50] PARAM nic=ASIX_AX88179_USB3_GbE
[2026-09-24T13:54:50] METRIC memory_mb=28.3
[2026-09-24T13:54:50] METRIC cpu_util_pct=46.13
[2026-09-24T13:54:50] METRIC startup_time_s=0.655
[2026-09-24T13:54:50] METRIC throughput_mbps=277.12
[2026-09-24T13:54:50] RUN_END status=OK
[2026-09-24T13:59:25] RUN_START run_id=EDGE_CCNlite_096
[2026-09-24T13:59:25] PARAM implementation=CCNlite
[2026-09-24T13:59:25] PARAM device=RaspberryPi4B_4GB
[2026-09-24T13:59:25] PARAM nic=ASIX_AX88179_USB3_GbE
[2026-09-24T13:59:25] METRIC memory_mb=28.02
[2026-09-24T13:59:25] METRIC cpu_util_pct=45.16
[2026-09-24T13:59:25] METRIC startup_time_s=0.826
[2026-09-24T13:59:25] METRIC throughput_mbps=277.18
[2026-09-24T13:59:25] RUN_END status=OK
[2026-09-24T14:01:29] RUN_START run_id=EDGE_CCNlite_097
[2026-09-24T14:01:29] PARAM implementation=CCNlite
[2026-09-24T14:01:29] PARAM device=RaspberryPi4B_4GB
[2026-09-24T14:01:29] PARAM nic=ASIX_AX88179_USB3_GbE
[2026-09-24T14:01:29] METRIC memory_mb=28.4
[2026-09-24T14:01:29] METRIC cpu_util_pct=47.64
[2026-09-24T14:01:29] METRIC startup_time_s=0.766
[2026-09-24T14:01:29] METRIC throughput_mbps=290.97
[2026-09-24T14:01:29] RUN_END status=OK
[2026-09-24T14:02:47] RUN_START run_id=EDGE_CCNlite_098
[2026-09-24T14:02:47] PARAM implementation=CCNlite
[2026-09-24T14:02:47] PARAM device=RaspberryPi4B_4GB
[2026-09-24T14:02:47] PARAM nic=ASIX_AX88179_USB3_GbE
[2026-09-24T14:02:47] METRIC memory_mb=27.81
[2026-09-24T14:02:47] METRIC cpu_util_pct=47.41
[2026-09-24T14:02:47] METRIC startup_time_s=0.731
[2026-09-24T14:02:47] METRIC throughput_mbps=278.94
[2026-09-24T14:02:47] RUN_END status=OK
[2026-09-24T14:04:33] RUN_START run_id=EDGE_CCNlite_099
[2026-09-24T14:04:33] PARAM implementation=CCNlite
[2026-09-24T14:04:33] PARAM device=RaspberryPi4B_4GB
[2026-09-24T14:04:33] PARAM nic=ASIX_AX88179_USB3_GbE
[2026-09-24T14:04:33] METRIC memory_mb=28.9
[2026-09-24T14:04:33] METRIC cpu_util_pct=49.0
[2026-09-24T14:04:33] METRIC startup_time_s=0.763
[2026-09-24T14:04:33] METRIC throughput_mbps=283.28
[2026-09-24T14:04:33] RUN_END status=OK
