[2026-09-15T20:37:19] RUN_START run_id=EDGE_NFD_032
[2026-09-15T20:37:19] PARAM implementation=NFD
[2026-09-15T20:37:19] PARAM device=RaspberryPi4B_4GB
[2026-09-15T20:37:19] PARAM nic=ASIX_AX88179_USB3_GbE
[2026-09-15T20:37:19] METRIC memory_mb=142.09
[2026-09-15T20:37:19] METRIC cpu_util_pct=66.99
[2026-09-15T20:37:19] METRIC startup_time_s=3.581
[2026-09-15T20:37:19] METRIC throughput_mbps=287.46
[2026-09-15T20:37:19] RUN_END status=OK
[2026-09-15T20:37:52] RUN_START run_id=EDGE_NFD_033
[2026-09-15T20:37:52] PARAM implementation=NFD
[2026-09-15T20:37:52] PARAM device=RaspberryPi4B_4GB
[2026-09-15T20:37:52] PARAM nic=ASIX_AX88179_USB3_GbE
[2026-09-15T20:37:52] METRIC memory_mb=129.66
[2026-09-15T20:37:52] METRIC cpu_util_pct=65.89
[2026-09-15T20:37:52] METRIC startup_time_s=4.269
[2026-09-15T20:37:52] METRIC throughput_mbps=338.81
[2026-09-15T20:37:52] RUN_END status=OK
[2026-09-15T20:40:20] RUN_START run_id=EDGE_NFD_034
[2026-09-15T20:40:20] PARAM implementation=NFD
[2026-09-15T20:40:20] PARAM device=RaspberryPi4B_4GB
[2026-09-15T20:40:20] PARAM nic=ASIX_AX88179_USB3_GbE
[2026-09-15T20:40:20] METRIC memory_mb=135.56
[2026-09-15T20:40:20] METRIC cpu_util_pct=61.42
[2026-09-15T20:40:20] METRIC startup_time_s=3.685
[2026-09-15T20:40:20] METRIC throughput_mbps=329.88
[2026-09-15T20:40:20] RUN_END status=OK
[2026-09-15T20:42:09] RUN_START run_id=EDGE_NFD_035
[2026-09-15T20:42:09] PARAM implementation=NFD
[2026-09-15T20:42:09] PARAM device=RaspberryPi4B_4GB
[2026-09-15T20:42:09] PARAM nic=ASIX_AX88179_USB3_GbE
[2026-09-15T20:42:09] METRIC memory_mb=135.84
[2026-09-15T20:42:09] METRIC cpu_util_pct=57.77
[2026-09-15T20:42:09] METRIC startup_time_s=3.522
[2026-09-15T20:42:09] METRIC throughput_mbps=290.22
[2026-09-15T20:42:09] RUN_END status=OK
[2026-09-15T20:42:30] RUN_START run_id=EDGE_NFD_036
[2026-09-15T20:42:30] PARAM implementation=NFD
[2026-09-15T20:42:30] PARAM device=RaspberryPi4B_4GB
[2026-09-15T20:42:30] PARAM nic=ASIX_AX88179_USB3_GbE
[2026-09-15T20:42:30] METRIC memory_mb=138.6
[2026-09-15T20:42:30] METRIC cpu_util_pct=59.74
[2026-09-15T20:42:30] METRIC startup_time_s=3.528
[2026-09-15T20:42:30] METRIC throughput_mbps=329.32
[2026-09-15T20:42:30] RUN_END status=OK
[2026-09-15T20:42:57] RUN_START run_id=EDGE_NFD_037
[2026-09-15T20:42:57] PARAM implementation=NFD
[2026-09-15T20:42:57] PARAM device=RaspberryPi4B_4GB
[2026-09-15T20:42:57] PARAM nic=ASIX_AX88179_USB3_GbE
[2026-09-15T20:42:57] METRIC memory_mb=137.6
[2026-09-15T20:42:57] METRIC cpu_util_pct=64.57
[2026-09-15T20:42:57] METRIC startup_time_s=3.757
[2026-09-15T20:42:57] METRIC throughput_mbps=322.24
[2026-09-15T20:42:57] RUN_END status=OK
[2026-09-16T06:06:55] RUN_START run_id=EDGE_NFD_038
[2026-09-16T06:06:55] PARAM implementation=NFD
[2026-09-16T06:06:55] PARAM device=RaspberryPi4B_4GB
[2026-09-16T06:06:55] PARAM nic=ASIX_AX88179_USB3_GbE
[2026-09-16T06:06:55] METRIC memory_mb=135.39
[2026-09-16T06:06:55] METRIC cpu_util_pct=62.98
[2026-09-16T06:06:55] METRIC startup_time_s=3.987
[2026-09-16T06:06:55] METRIC throughput_mbps=310.54
[2026-09-16T06:06:55] RUN_END status=OK
[2026-09-16T06:08:00] RUN_START run_id=EDGE_NFD_039
[2026-09-16T06:08:00] PARAM implementation=NFD
[2026-09-16T06:08:00] PARAM device=RaspberryPi4B_4GB
[2026-09-16T06:08:00] PARAM nic=ASIX_AX88179_USB3_GbE
[2026-09-16T06:08:00] METRIC memory_mb=128.2
[2026-09-16T06:08:00] METRIC cpu_util_pct=65.86
[2026-09-16T06:08:00] METRIC startup_time_s=3.593
[2026-09-16T06:08:00] METRIC throughput_mbps=303.72
[2026-09-16T06:08:00] RUN_END status=OK
[2026-09-16T06:09:30] RUN_START run_id=EDGE_NFD_040
[2026-09-16T06:09:30] PARAM implementation=NFD
[2026-09-16T06:09:30] PARAM device=RaspberryPi4B_4GB
[2026-09-16T06:09:30] PARAM nic=ASIX_AX88179_USB3_GbE
[2026-09-16T06:09:30] METRIC memory_mb=139.95
[2026-09-16T06:09:30] METRIC cpu_util_pct=61.12
[2026-09-16T06:09:30] METRIC startup_time_s=3.72
[2026-09-16T06:09:30] METRIC throughput_mbps=282.31
[2026-09-16T06:09:30] RUN_END status=OK
[2026-09-16T06:11:24] RUN_START run_id=EDGE_NFD_041
[2026-09-16T06:11:24] PARAM implementation=NFD
[2026-09-16T06:11:24] PARAM device=RaspberryPi4B_4GB
[2026-09-16T06:11:24] PARAM nic=ASIX_AX88179_USB3_GbE
[2026-09-16T06:11:24] METRIC memory_mb=137.71
[2026-09-16T06:11:24] METRIC cpu_util_pct=62.35
[2026-09-16T06:11:24] METRIC startup_time_s=3.887
[2026-09-16T06:11:24] METRIC throughput_mbps=318.25
[2026-09-16T06:11:24] RUN_END status=OK
