[2026-09-16T06:11:43] RUN_START run_id=EDGE_NFD_042
[2026-09-16T06:11:43] PARAM implementation=NFD
[2026-09-16T06:11:43] PARAM device=RaspberryPi4B_4GB
[2026-09-16T06:11:43] PARAM nic=ASIX_AX88179_USB3_GbE
[2026-09-16T06:11:43] METRIC memory_mb=149.28
[2026-09-16T06:11:43] METRIC cpu_util_pct=65.95
[2026-09-16T06:11:43] METRIC startup_time_s=3.703
[2026-09-16T06:11:43] METRIC throughput_mbps=326.95
[2026-09-16T06:11:43] RUN_END status=OK
[2026-09-16T06:12:44] RUN_START run_id=EDGE_NFD_043
[2026-09-16T06:12:44] PARAM implementation=NFD
[2026-09-16T06:12:44] PARAM device=RaspberryPi4B_4GB
[2026-09-16T06:12:44] PARAM nic=ASIX_AX88179_USB3_GbE
[2026-09-16T06:12:44] METRIC memory_mb=134.74
[2026-09-16T06:12:44] METRIC cpu_util_pct=64.1
[2026-09-16T06:12:44] METRIC startup_time_s=3.521
[2026-09-16T06:12:44] METRIC throughput_mbps=295.01
[2026-09-16T06:12:44] RUN_END status=OK
[2026-09-16T06:15:15] RUN_START run_id=EDGE_NFD_044
[2026-09-16T06:15:15] PARAM implementation=NFD
[2026-09-16T06:15:15] PARAM device=RaspberryPi4B_4GB
[2026-09-16T06:15:15] PARAM nic=ASIX_AX88179_USB3_GbE
[2026-09-16T06:15:15] METRIC memory_mb=138.3
[2026-09-16T06:15:15] METRIC cpu_util_pct=60.1
[2026-09-16T06:15:15] METRIC startup_time_s=4.308
[2026-09-16T06:15:15] METRIC throughput_mbps=306.61
[2026-09-16T06:15:15] RUN_END status=OK
[2026-09-16T06:16:53] RUN_START run_id=EDGE_NFD_045
[2026-09-16T06:16:53] PARAM implementation=NFD
[2026-09-16T06:16:53] PARAM device=RaspberryPi4B_4GB
[2026-09-16T06:16:53] PARAM nic=ASIX_AX88179_USB3_GbE
[2026-09-16T06:16:53] METRIC memory_mb=136.7
[2026-09-16T06:16:53] METRIC cpu_util_pct=64.01
[2026-09-16T06:16:53] METRIC startup_time_s=3.29
[2026-09-16T06:16:53] METRIC throughput_mbps=317.99
[2026-09-16T06:16:53] RUN_END status=OK
[2026-09-16T06:19:30] RUN_START run_id=EDGE_NFD_046
[2026-09-16T06:19:30] PARAM implementation=NFD
[2026-09-16T06:19:30] PARAM device=RaspberryPi4B_4GB
[2026-09-16T06:19:30] PARAM nic=ASIX_AX88179_USB3_GbE
[2026-09-16T06:19:30] METRIC memory_mb=139.7
[2026-09-16T06:19:30] METRIC cpu_util_pct=68.58
[2026-09-16T06:19:30] METRIC startup_time_s=3.745
[2026-09-16T06:19:30] METRIC throughput_mbps=319.73
[2026-09-16T06:19:30] RUN_END status=OK
[2026-09-16T06:22:19] RUN_START run_id=EDGE_NFD_047
[2026-09-16T06:22:19] PARAM implementation=NFD
[2026-09-16T06:22:19] PARAM device=RaspberryPi4B_4GB
[2026-09-16T06:22:19] PARAM nic=ASIX_AX88179_USB3_GbE
[2026-09-16T06:22:19] METRIC memory_mb=137.26
[2026-09-16T06:22:19] METRIC cpu_util_pct=62.26
[2026-09-16T06:22:19] METRIC startup_time_s=3.617
[2026-09-16T06:22:19] METRIC throughput_mbps=289.9
[2026-09-16T06:22:19] RUN_END status=OK
[2026-09-16T06:26:41] RUN_START run_id=EDGE_NFD_048
[2026-09-16T06:26:41] PARAM implementation=NFD
[2026-09-16T06:26:41] PARAM device=RaspberryPi4B_4GB
[2026-09-16T06:26:41] PARAM nic=ASIX_AX88179_USB3_GbE
[2026-09-16T06:26:41] METRIC memory_mb=135.29
[2026-09-16T06:26:41] METRIC cpu_util_pct=59.98
[2026-09-16T06:26:41] METRIC startup_time_s=3.958
[2026-09-16T06:26:41] METRIC throughput_mbps=305.74
[2026-09-16T06:26:41] RUN_END status=OK
[2026-09-16T06:30:45] RUN_START run_id=EDGE_NFD_049
[2026-09-16T06:30:45] PARAM implementation=NFD
[2026-09-16T06:30:45] PARAM device=RaspberryPi4B_4GB
[2026-09-16T06:30:45] PARAM nic=ASIX_AX88179_USB3_GbE
[2026-09-16T06:30:45] METRIC memory_mb=135.67
[2026-09-16T06:30:45] METRIC cpu_util_pct=58.43
[2026-09-16T06:30:45] METRIC startup_time_s=3.654
[2026-09-16T06:30:45] METRIC throughput_mbps=315.45
[2026-09-16T06:30:45] RUN_END status=OK
[2026-09-16T06:34:26] RUN_START run_id=EDGE_NFD_050
[2026-09-16T06:34:26] PARAM implementation=NFD
[2026-09-16T06:34:26] PARAM device=RaspberryPi4B_4GB
[2026-09-16T06:34:26] PARAM nic=ASIX_AX88179_USB3_GbE
[2026-09-16T06:34:26] METRIC memory_mb=145.82
[2026-09-16T06:34:26] METRIC cpu_util_pct=61.76
[2026-09-16T06:34:26] METRIC startup_time_s=3.263
[2026-09-16T06:34:26] METRIC throughput_mbps=307.45
[2026-09-16T06:34:26] RUN_END status=OK
[2026-09-16T06:36:45] RUN_START run_id=EDGE_NFD_051
[2026-09-16T06:36:45] PARAM implementation=NFD
[2026-09-16T06:36:45] PARAM device=RaspberryPi4B_4GB
[2026-09-16T06:36:45] PARAM nic=ASIX_AX88179_USB3_GbE
[2026-09-16T06:36:45] METRIC memory_mb=136.43
[2026-09-16T06:36:45] METRIC cpu_util_pct=62.54
[2026-09-16T06:36:45] METRIC startup_time_s=3.369
[2026-09-16T06:36:45] METRIC throughput_mbps=312.07
[2026-09-16T06:36:45] RUN_END status=OK
[2026-09-16T06:38:57] RUN_START run_id=EDGE_NFD_052
[2026-09-16T06:38:57] PARAM implementation=NFD
[2026-09-16T06:38:57] PARAM device=RaspberryPi4B_4GB
[2026-09-16T06:38:57] PARAM nic=ASIX_AX88179_USB3_GbE
[2026-09-16T06:38:57] METRIC memory_mb=134.01
[2026-09-16T06:38:57] METRIC cpu_util_pct=65.97
[2026-09-16T06:38:57] METRIC startup_time_s=3.366
[2026-09-16T06:38:57] METRIC throughput_mbps=297.69
[2026-09-16T06:38:57] RUN_END status=OK
[2026-09-16T16:58:15] RUN_START run_id=EDGE_PythonNDN_080
[2026-09-16T16:58:15] PARAM implementation=PythonNDN
[2026-09-16T16:58:15] PARAM device=RaspberryPi4B_4GB
[2026-09-16T16:58:15] PARAM nic=ASIX_AX88179_USB3_GbE
[2026-09-16T16:58:15] METRIC memory_mb=173.69
[2026-09-16T16:58:15] METRIC cpu_util_pct=82.89
[2026-09-16T16:58:15] METRIC startup_time_s=4.876
[2026-09-16T16:58:15] METRIC throughput_mbps=86.5
[2026-09-16T16:58:15] RUN_END status=OK
[2026-09-16T17:00:22] RUN_START run_id=EDGE_PythonNDN_081
[2026-09-16T17:00:22] PARAM implementation=PythonNDN
[2026-09-16T17:00:22] PARAM device=RaspberryPi4B_4GB
[2026-09-16T17:00:22] PARAM nic=ASIX_AX88179_USB3_GbE
[2026-09-16T17:00:22] METRIC memory_mb=178.62
[2026-09-16T17:00:22] METRIC cpu_util_pct=84.85
[2026-09-16T17:00:22] METRIC startup_time_s=5.516
[2026-09-16T17:00:22] METRIC throughput_mbps=83.06
[2026-09-16T17:00:22] RUN_END status=OK
[2026-09-16T17:04:52] RUN_START run_id=EDGE_PythonNDN_082
[2026-09-16T17:04:52] PARAM implementation=PythonNDN
[2026-09-16T17:04:52] PARAM device=RaspberryPi4B_4GB
[2026-09-16T17:04:52] PARAM nic=ASIX_AX88179_USB3_GbE
[2026-09-16T17:04:52] METRIC memory_mb=169.5
[2026-09-16T17:04:52] METRIC cpu_util_pct=80.39
[2026-09-16T17:04:52] METRIC startup_time_s=4.584
[2026-09-16T17:04:52] METRIC throughput_mbps=82.54
[2026-09-16T17:04:52] RUN_END status=OK
[2026-09-16T17:06:00] RUN_START run_id=EDGE_PythonNDN_083
[2026-09-16T17:06:00] PARAM implementation=PythonNDN
[2026-09-16T17:06:00] PARAM device=RaspberryPi4B_4GB
[2026-09-16T17:06:00] PARAM nic=ASIX_AX88179_USB3_GbE
[2026-09-16T17:06:00] METRIC memory_mb=163.81
[2026-09-16T17:06:00] METRIC cpu_util_pct=77.74
[2026-09-16T17:06:00] METRIC startup_time_s=4.417
[2026-09-16T17:06:00] METRIC throughput_mbps=83.27
[2026-09-16T17:06:00] RUN_END status=OK
[2026-09-16T17:09:15] RUN_START run_id=EDGE_PythonNDN_084
[2026-09-16T17:09:15] PARAM implementation=PythonNDN
[2026-09-16T17:09:15] PARAM device=RaspberryPi4B_4GB
[2026-09-16T17:09:15] PARAM nic=ASIX_AX88179_USB3_GbE
[2026-09-16T17:09:15] METRIC memory_mb=179.94
[2026-09-16T17:09:15] METRIC cpu_util_pct=83.0
[2026-09-16T17:09:15] METRIC startup_time_s=4.707
[2026-09-16T17:09:15] METRIC throughput_mbps=86.94
[2026-09-16T17:09:15] RUN_END status=OK
