[2026-09-21T13:24:43] RUN_START run_id=EDGE_CCNlite_012
[2026-09-21T13:24:43] PARAM implementation=CCNlite
[2026-09-21T13:24:43] PARAM device=RaspberryPi4B_4GB
[2026-09-21T13:24:43] PARAM nic=ASIX_AX88179_USB3_GbE
[2026-09-21T13:24:43] METRIC memory_mb=27.79
[2026-09-21T13:24:43] METRIC cpu_util_pct=45.05
[2026-09-21T13:24:43] METRIC startup_time_s=0.697
[2026-09-21T13:24:43] METRIC throughput_mbps=305.85
[2026-09-21T13:24:43] RUN_END status=OK
[2026-09-21T13:26:14] RUN_START run_id=EDGE_CCNlite_013
[2026-09-21T13:26:14] PARAM implementation=CCNlite
[2026-09-21T13:26:14] PARAM device=RaspberryPi4B_4GB
[2026-09-21T13:26:14] PARAM nic=ASIX_AX88179_USB3_GbE
[2026-09-21T13:26:14] METRIC memory_mb=27.69
[2026-09-21T13:26:14] METRIC cpu_util_pct=45.59
[2026-09-21T13:26:14] METRIC startup_time_s=0.675
[2026-09-21T13:26:14] METRIC throughput_mbps=287.63
[2026-09-21T13:26:14] RUN_END status=OK
[2026-09-21T13:28:53] RUN_START run_id=EDGE_CCNlite_014
[2026-09-21T13:28:53] PARAM implementation=CCNlite
[2026-09-21T13:28:53] PARAM device=RaspberryPi4B_4GB
[2026-09-21T13:28:53] PARAM nic=ASIX_AX88179_USB3_GbE
[2026-09-21T13:28:53] METRIC memory_mb=27.58
[2026-09-21T13:28:53] METRIC cpu_util_pct=48.09
[2026-09-21T13:28:53] METRIC startup_time_s=0.713
[2026-09-21T13:28:53] METRIC throughput_mbps=278.46
[2026-09-21T13:28:53] RUN_END status=OK
[2026-09-21T13:31:09] RUN_START run_id=EDGE_CCNlite_015
[2026-09-21T13:31:09] PARAM implementation=CCNlite
[2026-09-21T13:31:09] PARAM device=RaspberryPi4B_4GB
[2026-09-21T13:31:09] PARAM nic=ASIX_AX88179_USB3_GbE
[2026-09-21T13:31:09] METRIC memory_mb=27.27
[2026-09-21T13:31:09] METRIC cpu_util_pct=43.53
[2026-09-21T13:31:09] METRIC startup_time_s=0.717
[2026-09-21T13:31:09] METRIC throughput_mbps=269.53
[2026-09-21T13:31:09] RUN_END status=OK
[2026-09-21T13:33:20] RUN_START run_id=EDGE_CCNlite_016
[2026-09-21T13:33:20] PARAM implementation=CCNlite
[2026-09-21T13:33:20] PARAM device=RaspberryPi4B_4GB
[2026-09-21T13:33:20] PARAM nic=ASIX_AX88179_USB3_GbE
[2026-09-21T13:33:20] METRIC memory_mb=27.28
[2026-09-21T13:33:20] METRIC cpu_util_pct=51.65
[2026-09-21T13:33:20] METRIC startup_time_s=0.714
[2026-09-21T13:33:20] METRIC throughput_mbps=253.44
[2026-09-21T13:33:20] RUN_END status=OK
[2026-09-21T13:33:59] RUN_START run_id=EDGE_CCNlite_017
[2026-09-21T13:33:59] PARAM implementation=CCNlite
[2026-09-21T13:33:59] PARAM device=RaspberryPi4B_4GB
[2026-09-21T13:33:59] PARAM nic=ASIX_AX88179_USB3_GbE
[2026-09-21T13:33:59] METRIC memory_mb=28.55
[2026-09-21T13:33:59] METRIC cpu_util_pct=43.12
[2026-09-21T13:33:59] METRIC startup_time_s=0.707
[2026-09-21T13:33:59] METRIC throughput_mbps=276.17
[2026-09-21T13:33:59] RUN_END status=OK
[2026-09-21T13:37:23] RUN_START run_id=EDGE_CCNlite_018
[2026-09-21T13:37:23] PARAM implementation=CCNlite
[2026-09-21T13:37:23] PARAM device=RaspberryPi4B_4GB
[2026-09-21T13:37:23] PARAM nic=ASIX_AX88179_USB3_GbE
[2026-09-21T13:37:23] METRIC memory_mb=28.8
[2026-09-21T13:37:23] METRIC cpu_util_pct=50.88
[2026-09-21T13:37:23] METRIC startup_time_s=0.795
[2026-09-21T13:37:23] METRIC throughput_mbps=268.08
[2026-09-21T13:37:23] RUN_END status=OK
[2026-09-21T13:38:31] RUN_START run_id=EDGE_CCNlite_019
[2026-09-21T13:38:31] PARAM implementation=CCNlite
[2026-09-21T13:38:31] PARAM device=RaspberryPi4B_4GB
[2026-09-21T13:38:31] PARAM nic=ASIX_AX88179_USB3_GbE
[2026-09-21T13:38:31] METRIC memory_mb=27.2
[2026-09-21T13:38:31] METRIC cpu_util_pct=45.41
[2026-09-21T13:38:31] METRIC startup_time_s=0.811
[2026-09-21T13:38:31] METRIC throughput_mbps=282.13
[2026-09-21T13:38:31] RUN_END status=OK
[2026-09-22T15:27:58] RUN_START run_id=EDGE_CCNlite_020
[2026-09-22T15:27:58] PARAM implementation=CCNlite
[2026-09-22T15:27:58] PARAM device=RaspberryPi4B_4GB
[2026-09-22T15:27:58] PARAM nic=ASIX_AX88179_USB3_GbE
[2026-09-22T15:27:58] METRIC memory_mb=28.11
[2026-09-22T15:27:58] METRIC cpu_util_pct=45.17
[2026-09-22T15:27:58] METRIC startup_time_s=0.634
[2026-09-22T15:27:58] METRIC throughput_mbps=295.04
[2026-09-22T15:27:58] RUN_END status=OK
[2026-09-22T15:32:28] RUN_START run_id=EDGE_CCNlite_021
[2026-09-22T15:32:28] PARAM implementation=CCNlite
[2026-09-22T15:32:28] PARAM device=RaspberryPi4B_4GB
[2026-09-22T15:32:28] PARAM nic=ASIX_AX88179_USB3_GbE
[2026-09-22T15:32:28] METRIC memory_mb=28.37
[2026-09-22T15:32:28] METRIC cpu_util_pct=50.02
[2026-09-22T15:32:28] METRIC startup_time_s=0.693
[2026-09-22T15:32:28] METRIC throughput_mbps=291.58
[2026-09-22T15:32:28] RUN_END status=OK
[2026-09-22T15:33:56] RUN_START run_id=EDGE_CCNlite_022
[2026-09-22T15:33:56] PARAM implementation=CCNlite
[2026-09-22T15:33:56] PARAM device=RaspberryPi4B_4GB
[2026-09-22T15:33:56] PARAM nic=ASIX_AX88179_USB3_GbE
[2026-09-22T15:33:56] METRIC memory_mb=28.25
[2026-09-22T15:33:56] METRIC cpu_util_pct=49.12
[2026-09-22T15:33:56] METRIC startup_time_s=0.664
[2026-09-22T15:33:56] METRIC throughput_mbps=271.9
[2026-09-22T15:33:56] RUN_END status=OK
[2026-09-22T15:35:26] RUN_START run_id=EDGE_CCNlite_023
[2026-09-22T15:35:26] PARAM implementation=CCNlite
[2026-09-22T15:35:26] PARAM device=RaspberryPi4B_4GB
[2026-09-22T15:35:26] PARAM nic=ASIX_AX88179_USB3_GbE
[2026-09-22T15:35:26] METRIC memory_mb=27.51
[2026-09-22T15:35:26] METRIC cpu_util_pct=45.83
[2026-09-22T15:35:26] METRIC startup_time_s=0.687
[2026-09-22T15:35:26] METRIC throughput_mbps=278.59
[2026-09-22T15:35:26] RUN_END status=OK
[2026-09-22T15:38:41] RUN_START run_id=EDGE_CCNlite_024
[2026-09-22T15:38:41] PARAM implementation=CCNlite
[2026-09-22T15:38:41] PARAM device=RaspberryPi4B_4GB
[2026-09-22T15:38:41] PARAM nic=ASIX_AX88179_USB3_GbE
[2026-09-22T15:38:41] METRIC memory_mb=26.71
[2026-09-22T15:38:41] METRIC cpu_util_pct=41.84
[2026-09-22T15:38:41] METRIC startup_time_s=0.706
[2026-09-22T15:38:41] METRIC throughput_mbps=269.78
[2026-09-22T15:38:41] RUN_END status=OK
[2026-09-22T15:39:12] RUN_START run_id=EDGE_CCNlite_025
[2026-09-22T15:39:12] PARAM implementation=CCNlite
[2026-09-22T15:39:12] PARAM device=RaspberryPi4B_4GB
[2026-09-22T15:39:12] PARAM nic=ASIX_AX88179_USB3_GbE
[2026-09-22T15:39:12] METRIC memory_mb=30.52
[2026-09-22T15:39:12] METRIC cpu_util_pct=45.27
[2026-09-22T15:39:12] METRIC startup_time_s=0.664
[2026-09-22T15:39:12] METRIC throughput_mbps=272.52
[2026-09-22T15:39:12] RUN_END status=OK
[2026-09-22T15:40:52] RUN_START run_id=EDGE_CCNlite_026
[2026-09-22T15:40:52] PARAM implementation=CCNlite
[2026-09-22T15:40:52] PARAM device=RaspberryPi4B_4GB
[2026-09-22T15:40:52] PARAM nic=ASIX_AX88179_USB3_GbE
[2026-09-22T15:40:52] METRIC memory_mb=27.19
[2026-09-22T15:40:52] METRIC cpu_util_pct=49.95
[2026-09-22T15:40:52] METRIC startup_time_s=0.712
[2026-09-22T15:40:52] METRIC throughput_mbps=293.43
[2026-09-22T15:40:52] RUN_END status=OK
[2026-09-22T15:42:21] RUN_START run_id=EDGE_CCNlite_027
[2026-09-22T15:42:21] PARAM implementation=CCNlite
[2026-09-22T15:42:21] PARAM device=RaspberryPi4B_4GB
[2026-09-22T15:42:21] PARAM nic=ASIX_AX88179_USB3_GbE
[2026-09-22T15:42:21] METRIC memory_mb=27.88
[2026-09-22T15:42:21] METRIC cpu_util_pct=46.27
[2026-09-22T15:42:21] METRIC startup_time_s=0.625
[2026-09-22T15:42:21] METRIC throughput_mbps=276.49
[2026-09-22T15:42:21] RUN_END status=OK
