[2026-09-17T21:40:21] RUN_START run_id=EDGE_PythonNDN_123
[2026-09-17T21:40:21] PARAM implementation=PythonNDN
[2026-09-17T21:40:21] PARAM device=RaspberryPi4B_4GB
[2026-09-17T21:40:21] PARAM nic=ASIX_AX88179_USB3_GbE
[2026-09-17T21:40:21] METRIC memory_mb=173.03
[2026-09-17T21:40:21] METRIC cpu_util_pct=88.48
[2026-09-17T21:40:21] METRIC startup_time_s=5.399
[2026-09-17T21:40:21] METRIC throughput_mbps=90.21
[2026-09-17T21:40:21] RUN_END status=OK
[2026-09-17T21:42:16] RUN_START run_id=EDGE_PythonNDN_124
[2026-09-17T21:42:16] PARAM implementation=PythonNDN
[2026-09-17T21:42:16] PARAM device=RaspberryPi4B_4GB
[2026-09-17T21:42:16] PARAM nic=ASIX_AX88179_USB3_GbE
[2026-09-17T21:42:16] METRIC memory_mb=178.02
[2026-09-17T21:42:16] METRIC cpu_util_pct=82.16
[2026-09-17T21:42:16] METRIC startup_time_s=5.246
[2026-09-17T21:42:16] METRIC throughput_mbps=83.7
[2026-09-17T21:42:16] RUN_END status=OK
[2026-09-17T21:45:25] RUN_START run_id=EDGE_PythonNDN_125
[2026-09-17T21:45:25] PARAM implementation=PythonNDN
[2026-09-17T21:45:25] PARAM device=RaspberryPi4B_4GB
[2026-09-17T21:45:25] PARAM nic=ASIX_AX88179_USB3_GbE
[2026-09-17T21:45:25] METRIC memory_mb=177.5
[2026-09-17T21:45:25] METRIC cpu_util_pct=75.33
[2026-09-17T21:45:25] METRIC startup_time_s=5.459
[2026-09-17T21:45:25] METRIC throughput_mbps=87.74
[2026-09-17T21:45:25] RUN_END status=OK
[2026-09-17T21:46:58] RUN_START run_id=EDGE_PythonNDN_126
[2026-09-17T21:46:58] PARAM implementation=PythonNDN
[2026-09-17T21:46:58] PARAM device=RaspberryPi4B_4GB
[2026-09-17T21:46:58] PARAM nic=ASIX_AX88179_USB3_GbE
[2026-09-17T21:46:58] METRIC memory_mb=174.08
[2026-09-17T21:46:58] METRIC cpu_util_pct=76.64
[2026-09-17T21:46:58] METRIC startup_time_s=4.844
[2026-09-17T21:46:58] METRIC throughput_mbps=85.37
[2026-09-17T21:46:58] RUN_END status=OK
[2026-09-17T21:50:00] RUN_START run_id=EDGE_PythonNDN_127
[2026-09-17T21:50:00] PARAM implementation=PythonNDN
[2026-09-17T21:50:00] PARAM device=RaspberryPi4B_4GB
[2026-09-17T21:50:00] PARAM nic=ASIX_AX88179_USB3_GbE
[2026-09-17T21:50:00] METRIC memory_mb=177.85
[2026-09-17T21:50:00] METRIC cpu_util_pct=77.66
[2026-09-17T21:50:00] METRIC startup_time_s=6.818
[2026-09-17T21:50:00] METRIC throughput_mbps=88.7
[2026-09-17T21:50:00] RUN_END status=OK
[2026-09-17T21:50:57] RUN_START run_id=EDGE_PythonNDN_128
[2026-09-17T21:50:57] PARAM implementation=PythonNDN
[2026-09-17T21:50:57] PARAM device=RaspberryPi4B_4GB
[2026-09-17T21:50:57] PARAM nic=ASIX_AX88179_USB3_GbE
[2026-09-17T21:50:57] METRIC memory_mb=174.44
[2026-09-17T21:50:57] METRIC cpu_util_pct=81.39
[2026-09-17T21:50:57] METRIC startup_time_s=5.398
[2026-09-17T21:50:57] METRIC throughput_mbps=88.1
[2026-09-17T21:50:57] RUN_END status=OK
[2026-09-17T21:53:04] RUN_START run_id=EDGE_PythonNDN_129
[2026-09-17T21:53:04] PARAM implementation=PythonNDN
[2026-09-17T21:53:04] PARAM device=RaspberryPi4B_4GB
[2026-09-17T21:53:04] PARAM nic=ASIX_AX88179_USB3_GbE
[2026-09-17T21:53:04] METRIC memory_mb=175.48
[2026-09-17T21:53:04] METRIC cpu_util_pct=77.82
[2026-09-17T21:53:04] METRIC startup_time_s=5.012
[2026-09-17T21:53:04] METRIC throughput_mbps=84.1
[2026-09-17T21:53:04] RUN_END status=OK
[2026-09-17T21:53:55] RUN_START run_id=EDGE_PythonNDN_130
[2026-09-17T21:53:55] PARAM implementation=PythonNDN
[2026-09-17T21:53:55] PARAM device=RaspberryPi4B_4GB
[2026-09-17T21:53:55] PARAM nic=ASIX_AX88179_USB3_GbE
[2026-09-17T21:53:55] METRIC memory_mb=172.82
[2026-09-17T21:53:55] METRIC cpu_util_pct=88.97
[2026-09-17T21:53:55] METRIC startup_time_s=4.893
[2026-09-17T21:53:55] METRIC throughput_mbps=79.62
[2026-09-17T21:53:55] RUN_END status=OK
[2026-09-17T21:56:04] RUN_START run_id=EDGE_PythonNDN_131
[2026-09-17T21:56:04] PARAM implementation=PythonNDN
[2026-09-17T21:56:04] PARAM device=RaspberryPi4B_4GB
[2026-09-17T21:56:04] PARAM nic=ASIX_AX88179_USB3_GbE
[2026-09-17T21:56:04] METRIC memory_mb=164.81
[2026-09-17T21:56:04] METRIC cpu_util_pct=79.86
[2026-09-17T21:56:04] METRIC startup_time_s=4.947
[2026-09-17T21:56:04] METRIC throughput_mbps=84.41
[2026-09-17T21:56:04] RUN_END status=OK
[2026-09-17T21:56:43] RUN_START run_id=EDGE_PythonNDN_132
[2026-09-17T21:56:43] PARAM implementation=PythonNDN
[2026-09-17T21:56:43] PARAM device=RaspberryPi4B_4GB
[2026-09-17T21:56:43] PARAM nic=ASIX_AX88179_USB3_GbE
[2026-09-17T21:56:43] METRIC memory_mb=174.85
[2026-09-17T21:56:43] METRIC cpu_util_pct=78.04
[2026-09-17T21:56:43] METRIC startup_time_s=4.757
[2026-09-17T21:56:43] METRIC throughput_mbps=82.05
[2026-09-17T21:56:43] RUN_END status=OK
[2026-09-17T21:58:13] RUN_START run_id=EDGE_PythonNDN_133
[2026-09-17T21:58:13] PARAM implementation=PythonNDN
[2026-09-17T21:58:13] PARAM device=RaspberryPi4B_4GB
[2026-09-17T21:58:13] PARAM nic=ASIX_AX88179_USB3_GbE
[2026-09-17T21:58:13] METRIC memory_mb=180.48
[2026-09-17T21:58:13] METRIC cpu_util_pct=82.74
[2026-09-17T21:58:13] METRIC startup_time_s=5.155
[2026-09-17T21:58:13] METRIC throughput_mbps=86.81
[2026-09-17T21:58:13] RUN_END status=OK
[2026-09-18T13:51:19] RUN_START run_id=EDGE_NFD_106
[2026-09-18T13:51:19] PARAM implementation=NFD
[2026-09-18T13:51:19] PARAM device=RaspberryPi4B_4GB
[2026-09-18T13:51:19] PARAM nic=ASIX_AX88179_USB3_GbE
[2026-09-18T13:51:19] METRIC memory_mb=132.78
[2026-09-18T13:51:19] METRIC cpu_util_pct=65.06
[2026-09-18T13:51:19] METRIC startup_time_s=3.788
[2026-09-18T13:51:19] METRIC throughput_mbps=323.65
[2026-09-18T13:51:19] RUN_END status=OK
[2026-09-18T13:54:30] RUN_START run_id=EDGE_NFD_107
[2026-09-18T13:54:30] PARAM implementation=NFD
[2026-09-18T13:54:30] PARAM device=RaspberryPi4B_4GB
[2026-09-18T13:54:30] PARAM nic=ASIX_AX88179_USB3_GbE
[2026-09-18T13:54:30] METRIC memory_mb=136.23
[2026-09-18T13:54:30] METRIC cpu_util_pct=61.89
[2026-09-18T13:54:30] METRIC startup_time_s=3.462
[2026-09-18T13:54:30] METRIC throughput_mbps=289.23
[2026-09-18T13:54:30] RUN_END status=OK
[2026-09-18T13:55:09] RUN_START run_id=EDGE_NFD_108
[2026-09-18T13:55:09] PARAM implementation=NFD
[2026-09-18T13:55:09] PARAM device=RaspberryPi4B_4GB
[2026-09-18T13:55:09] PARAM nic=ASIX_AX88179_USB3_GbE
[2026-09-18T13:55:09] METRIC memory_mb=132.36
[2026-09-18T13:55:09] METRIC cpu_util_pct=61.96
[2026-09-18T13:55:09] METRIC startup_time_s=3.489
[2026-09-18T13:55:09] METRIC throughput_mbps=307.2
[2026-09-18T13:55:09] RUN_END status=OK
[2026-09-18T13:57:40] RUN_START run_id=EDGE_NFD_109
[2026-09-18T13:57:40] PARAM implementation=NFD
[2026-09-18T13:57:40] PARAM device=RaspberryPi4B_4GB
[2026-09-18T13:57:40] PARAM nic=ASIX_AX88179_USB3_GbE
[2026-09-18T13:57:40] METRIC memory_mb=134.69
[2026-09-18T13:57:40] METRIC cpu_util_pct=62.27
[2026-09-18T13:57:40] METRIC startup_time_s=3.232
[2026-09-18T13:57:40] METRIC throughput_mbps=309.28
[2026-09-18T13:57:40] RUN_END status=OK
[2026-09-18T13:59:40] RUN_START run_id=EDGE_NFD_110
[2026-09-18T13:59:40] PARAM implementation=NFD
[2026-09-18T13:59:40] PARAM device=RaspberryPi4B_4GB
[2026-09-18T13:59:40] PARAM nic=ASIX_AX88179_USB3_GbE
[2026-09-18T13:59:40] METRIC memory_mb=141.44
[2026-09-18T13:59:40] METRIC cpu_util_pct=56.82
[2026-09-18T13:59:40] METRIC startup_time_s=4.803
[2026-09-18T13:59:40] METRIC throughput_mbps=301.23
[2026-09-18T13:59:40] RUN_END status=OK
[2026-09-18T14:01:10] RUN_START run_id=EDGE_NFD_111
[2026-09-18T14:01:10] PARAM implementation=NFD
[2026-09-18T14:01:10] PARAM device=RaspberryPi4B_4GB
[2026-09-18T14:01:10] PARAM nic=ASIX_AX88179_USB3_GbE
[2026-09-18T14:01:10] METRIC memory_mb=134.62
[2026-09-18T14:01:10] METRIC cpu_util_pct=69.76
[2026-09-18T14:01:10] METRIC startup_time_s=3.448
[2026-09-18T14:01:10] METRIC throughput_mbps=321.87
[2026-09-18T14:01:10] RUN_END status=OK
[2026-09-18T14:04:12] RUN_START run_id=EDGE_NFD_112
[2026-09-18T14:04:12] PARAM implementation=NFD
[2026-09-18T14:04:12] PARAM device=RaspberryPi4B_4GB
[2026-09-18T14:04:12] PARAM nic=ASIX_AX88179_USB3_GbE
[2026-09-18T14:04:12] METRIC memory_mb=133.81
[2026-09-18T14:04:12] METRIC cpu_util_pct=59.35
[2026-09-18T14:04:12] METRIC startup_time_s=3.673
[2026-09-18T14:04:12] METRIC throughput_mbps=281.86
[2026-09-18T14:04:12] RUN_END status=OK
[2026-09-18T14:05:31] RUN_START run_id=EDGE_NFD_113
[2026-09-18T14:05:31] PARAM implementation=NFD
[2026-09-18T14:05:31] PARAM device=RaspberryPi4B_4GB
[2026-09-18T14:05:31] PARAM nic=ASIX_AX88179_USB3_GbE
[2026-09-18T14:05:31] METRIC memory_mb=141.22
[2026-09-18T14:05:31] METRIC cpu_util_pct=67.49
[2026-09-18T14:05:31] METRIC startup_time_s=4.225
[2026-09-18T14:05:31] METRIC throughput_mbps=299.81
[2026-09-18T14:05:31] RUN_END status=OK
[2026-09-18T14:06:22] RUN_START run_id=EDGE_NFD_114
[2026-09-18T14:06:22] PARAM implementation=NFD
[2026-09-18T14:06:22] PARAM device=RaspberryPi4B_4GB
[2026-09-18T14:06:22] PARAM nic=ASIX_AX88179_USB3_GbE
[2026-09-18T14:06:22] METRIC memory_mb=139.69
[2026-09-18T14:06:22] METRIC cpu_util_pct=58.74
[2026-09-18T14:06:22] METRIC startup_time_s=3.707
[2026-09-18T14:06:22] METRIC throughput_mbps=288.14
[2026-09-18T14:06:22] RUN_END status=OK
