[2026-09-13T16:29:07] RUN_START run_id=EDGE_NFD_015
[2026-09-13T16:29:07] PARAM implementation=NFD
[2026-09-13T16:29:07] PARAM device=RaspberryPi4B_4GB
[2026-09-13T16:29:07] PARAM nic=ASIX_AX88179_USB3_GbE
[2026-09-13T16:29:07] METRIC memory_mb=135.05
[2026-09-13T16:29:07] METRIC cpu_util_pct=66.79
[2026-09-13T16:29:07] METRIC startup_time_s=3.363
[2026-09-13T16:29:07] METRIC throughput_mbps=291.7
[2026-09-13T16:29:07] RUN_END status=OK
[2026-09-13T16:29:41] RUN_START run_id=EDGE_NFD_016
[2026-09-13T16:29:41] PARAM implementation=NFD
[2026-09-13T16:29:41] PARAM device=RaspberryPi4B_4GB
[2026-09-13T16:29:41] PARAM nic=ASIX_AX88179_USB3_GbE
[2026-09-13T16:29:41] METRIC memory_mb=136.34
[2026-09-13T16:29:41] METRIC cpu_util_pct=62.88
[2026-09-13T16:29:41] METRIC startup_time_s=4.011
[2026-09-13T16:29:41] METRIC throughput_mbps=301.61
[2026-09-13T16:29:41] RUN_END status=OK
[2026-09-13T16:31:48] RUN_START run_id=EDGE_NFD_017
[2026-09-13T16:31:48] PARAM implementation=NFD
[2026-09-13T16:31:48] PARAM device=RaspberryPi4B_4GB
[2026-09-13T16:31:48] PARAM nic=ASIX_AX88179_USB3_GbE
[2026-09-13T16:31:48] METRIC memory_mb=138.19
[2026-09-13T16:31:48] METRIC cpu_util_pct=65.12
[2026-09-13T16:31:48] METRIC startup_time_s=3.589
[2026-09-13T16:31:48] METRIC throughput_mbps=287.21
[2026-09-13T16:31:48] RUN_END status=OK
[2026-09-13T16:34:02] RUN_START run_id=EDGE_NFD_018
[2026-09-13T16:34:02] PARAM implementation=NFD
[2026-09-13T16:34:02] PARAM device=RaspberryPi4B_4GB
[2026-09-13T16:34:02] PARAM nic=ASIX_AX88179_USB3_GbE
[2026-09-13T16:34:02] METRIC memory_mb=133.53
[2026-09-13T16:34:02] METRIC cpu_util_pct=62.33
[2026-09-13T16:34:02] METRIC startup_time_s=3.727
[2026-09-13T16:34:02] METRIC throughput_mbps=333.31
[2026-09-13T16:34:02] RUN_END status=OK
[2026-09-13T16:36:47] RUN_START run_id=EDGE_NFD_019
[2026-09-13T16:36:47] PARAM implementation=NFD
[2026-09-13T16:36:47] PARAM device=RaspberryPi4B_4GB
[2026-09-13T16:36:47] PARAM nic=ASIX_AX88179_USB3_GbE
[2026-09-13T16:36:47] METRIC memory_mb=133.56
[2026-09-13T16:36:47] METRIC cpu_util_pct=61.27
[2026-09-13T16:36:47] METRIC startup_time_s=3.204
[2026-09-13T16:36:47] METRIC throughput_mbps=317.91
[2026-09-13T16:36:47] RUN_END status=OK
[2026-09-13T16:37:41] RUN_START run_id=EDGE_NFD_020
[2026-09-13T16:37:41] PARAM implementation=NFD
[2026-09-13T16:37:41] PARAM device=RaspberryPi4B_4GB
[2026-09-13T16:37:41] PARAM nic=ASIX_AX88179_USB3_GbE
[2026-09-13T16:37:41] METRIC memory_mb=146.79
[2026-09-13T16:37:41] METRIC cpu_util_pct=59.39
[2026-09-13T16:37:41] METRIC startup_time_s=4.154
[2026-09-13T16:37:41] METRIC throughput_mbps=295.66
[2026-09-13T16:37:41] RUN_END status=OK
[2026-09-13T16:38:22] RUN_START run_id=EDGE_NFD_021
[2026-09-13T16:38:22] PARAM implementation=NFD
[2026-09-13T16:38:22] PARAM device=RaspberryPi4B_4GB
[2026-09-13T16:38:22] PARAM nic=ASIX_AX88179_USB3_GbE
[2026-09-13T16:38:22] METRIC memory_mb=130.82
[2026-09-13T16:38:22] METRIC cpu_util_pct=60.78
[2026-09-13T16:38:22] METRIC startup_time_s=3.565
[2026-09-13T16:38:22] METRIC throughput_mbps=293.86
[2026-09-13T16:38:22] RUN_END status=OK
[2026-09-13T16:41:15] RUN_START run_id=EDGE_NFD_022
[2026-09-13T16:41:15] PARAM implementation=NFD
[2026-09-13T16:41:15] PARAM device=RaspberryPi4B_4GB
[2026-09-13T16:41:15] PARAM nic=ASIX_AX88179_USB3_GbE
[2026-09-13T16:41:15] METRIC memory_mb=139.79
[2026-09-13T16:41:15] METRIC cpu_util_pct=66.74
[2026-09-13T16:41:15] METRIC startup_time_s=3.505
[2026-09-13T16:41:15] METRIC throughput_mbps=347.31
[2026-09-13T16:41:15] RUN_END status=OK
[2026-09-14T00:00:43] RUN_START run_id=EDGE_PythonNDN_045
[2026-09-14T00:00:43] PARAM implementation=PythonNDN
[2026-09-14T00:00:43] PARAM device=RaspberryPi4B_4GB
[2026-09-14T00:00:43] PARAM nic=ASIX_AX88179_USB3_GbE
[2026-09-14T00:00:43] METRIC memory_mb=176.68
[2026-09-14T00:00:43] METRIC cpu_util_pct=79.4
[2026-09-14T00:00:43] METRIC startup_time_s=5.181
[2026-09-14T00:00:43] METRIC throughput_mbps=80.26
[2026-09-14T00:00:43] RUN_END status=OK
[2026-09-14T00:02:33] RUN_START run_id=EDGE_PythonNDN_046
[2026-09-14T00:02:33] PARAM implementation=PythonNDN
[2026-09-14T00:02:33] PARAM device=RaspberryPi4B_4GB
[2026-09-14T00:02:33] PARAM nic=ASIX_AX88179_USB3_GbE
[2026-09-14T00:02:33] METRIC memory_mb=180.36
[2026-09-14T00:02:33] METRIC cpu_util_pct=79.23
[2026-09-14T00:02:33] METRIC startup_time_s=5.476
[2026-09-14T00:02:33] METRIC throughput_mbps=92.24
[2026-09-14T00:02:33] RUN_END status=OK
[2026-09-14T00:06:04] RUN_START run_id=10_edge_resource_consumption_DISCARDED_0004
[2026-09-14T00:06:04] RUN_ABORTED reason=thermal_throttle: Raspberry Pi SoC exceeded 80C, CPU governor throttled clock mid-run, measurement discarded
[2026-09-14T00:07:21] RUN_START run_id=EDGE_PythonNDN_047
[2026-09-14T00:07:21] PARAM implementation=PythonNDN
[2026-09-14T00:07:21] PARAM device=RaspberryPi4B_4GB
[2026-09-14T00:07:21] PARAM nic=ASIX_AX88179_USB3_GbE
[2026-09-14T00:07:21] METRIC memory_mb=173.49
[2026-09-14T00:07:21] METRIC cpu_util_pct=76.21
[2026-09-14T00:07:21] METRIC startup_time_s=5.099
[2026-09-14T00:07:21] METRIC throughput_mbps=87.5
[2026-09-14T00:07:21] RUN_END status=OK
[2026-09-14T00:08:00] RUN_START run_id=EDGE_PythonNDN_048
[2026-09-14T00:08:00] PARAM implementation=PythonNDN
[2026-09-14T00:08:00] PARAM device=RaspberryPi4B_4GB
[2026-09-14T00:08:00] PARAM nic=ASIX_AX88179_USB3_GbE
[2026-09-14T00:08:00] METRIC memory_mb=166.83
[2026-09-14T00:08:00] METRIC cpu_util_pct=81.38
[2026-09-14T00:08:00] METRIC startup_time_s=6.117
[2026-09-14T00:08:00] METRIC throughput_mbps=81.11
[2026-09-14T00:08:00] RUN_END status=OK
[2026-09-14T00:09:58] RUN_START run_id=EDGE_PythonNDN_049
[2026-09-14T00:09:58] PARAM implementation=PythonNDN
[2026-09-14T00:09:58] PARAM device=RaspberryPi4B_4GB
[2026-09-14T00:09:58] PARAM nic=ASIX_AX88179_USB3_GbE
[2026-09-14T00:09:58] METRIC memory_mb=180.28
[2026-09-14T00:09:58] METRIC cpu_util_pct=85.71
[2026-09-14T00:09:58] METRIC startup_time_s=4.622
[2026-09-14T00:09:58] METRIC throughput_mbps=91.45
[2026-09-14T00:09:58] RUN_END status=OK
[2026-09-14T00:12:13] RUN_START run_id=EDGE_PythonNDN_050
[2026-09-14T00:12:13] PARAM implementation=PythonNDN
[2026-09-14T00:12:13] PARAM device=RaspberryPi4B_4GB
[2026-09-14T00:12:13] PARAM nic=ASIX_AX88179_USB3_GbE
[2026-09-14T00:12:13] METRIC memory_mb=167.03
[2026-09-14T00:12:13] METRIC cpu_util_pct=83.05
[2026-09-14T00:12:13] METRIC startup_time_s=5.285
[2026-09-14T00:12:13] METRIC throughput_mbps=85.38
[2026-09-14T00:12:13] RUN_END status=OK
[2026-09-14T00:19:17] RUN_START run_id=EDGE_PythonNDN_051
[2026-09-14T00:19:17] PARAM implementation=PythonNDN
[2026-09-14T00:19:17] PARAM device=RaspberryPi4B_4GB
[2026-09-14T00:19:17] PARAM nic=ASIX_AX88179_USB3_GbE
[2026-09-14T00:19:17] METRIC memory_mb=172.96
[2026-09-14T00:19:17] METRIC cpu_util_pct=80.77
[2026-09-14T00:19:17] METRIC startup_time_s=4.892
[2026-09-14T00:19:17] METRIC throughput_mbps=82.67
[2026-09-14T00:19:17] RUN_END status=OK
[2026-09-14T00:20:57] RUN_START run_id=EDGE_PythonNDN_052
[2026-09-14T00:20:57] PARAM implementation=PythonNDN
[2026-09-14T00:20:57] PARAM device=RaspberryPi4B_4GB
[2026-09-14T00:20:57] PARAM nic=ASIX_AX88179_USB3_GbE
[2026-09-14T00:20:57] METRIC memory_mb=174.57
[2026-09-14T00:20:57] METRIC cpu_util_pct=77.54
[2026-09-14T00:20:57] METRIC startup_time_s=4.97
[2026-09-14T00:20:57] METRIC throughput_mbps=82.05
[2026-09-14T00:20:57] RUN_END status=OK
[2026-09-14T00:23:05] RUN_START run_id=EDGE_PythonNDN_053
[2026-09-14T00:23:05] PARAM implementation=PythonNDN
[2026-09-14T00:23:05] PARAM device=RaspberryPi4B_4GB
[2026-09-14T00:23:05] PARAM nic=ASIX_AX88179_USB3_GbE
[2026-09-14T00:23:05] METRIC memory_mb=159.91
[2026-09-14T00:23:05] METRIC cpu_util_pct=89.11
[2026-09-14T00:23:05] METRIC startup_time_s=5.949
[2026-09-14T00:23:05] METRIC throughput_mbps=91.15
[2026-09-14T00:23:05] RUN_END status=OK
[2026-09-14T00:24:45] RUN_START run_id=EDGE_PythonNDN_054
[2026-09-14T00:24:45] PARAM implementation=PythonNDN
[2026-09-14T00:24:45] PARAM device=RaspberryPi4B_4GB
[2026-09-14T00:24:45] PARAM nic=ASIX_AX88179_USB3_GbE
[2026-09-14T00:24:45] METRIC memory_mb=182.02
[2026-09-14T00:24:45] METRIC cpu_util_pct=80.25
[2026-09-14T00:24:45] METRIC startup_time_s=5.749
[2026-09-14T00:24:45] METRIC throughput_mbps=90.71
[2026-09-14T00:24:45] RUN_END status=OK
[2026-09-14T00:26:57] RUN_START run_id=EDGE_PythonNDN_055
[2026-09-14T00:26:57] PARAM implementation=PythonNDN
[2026-09-14T00:26:57] PARAM device=RaspberryPi4B_4GB
[2026-09-14T00:26:57] PARAM nic=ASIX_AX88179_USB3_GbE
[2026-09-14T00:26:57] METRIC memory_mb=185.75
[2026-09-14T00:26:57] METRIC cpu_util_pct=87.88
[2026-09-14T00:26:57] METRIC startup_time_s=5.64
[2026-09-14T00:26:57] METRIC throughput_mbps=81.02
[2026-09-14T00:26:57] RUN_END status=OK
