[2026-09-22T16:18:50] RUN_START run_id=EDGE_CCNlite_048
[2026-09-22T16:18:50] PARAM implementation=CCNlite
[2026-09-22T16:18:50] PARAM device=RaspberryPi4B_4GB
[2026-09-22T16:18:50] PARAM nic=ASIX_AX88179_USB3_GbE
[2026-09-22T16:18:50] METRIC memory_mb=28.26
[2026-09-22T16:18:50] METRIC cpu_util_pct=51.95
[2026-09-22T16:18:50] METRIC startup_time_s=0.702
[2026-09-22T16:18:50] METRIC throughput_mbps=279.64
[2026-09-22T16:18:50] RUN_END status=OK
[2026-09-22T16:20:28] RUN_START run_id=EDGE_CCNlite_049
[2026-09-22T16:20:28] PARAM implementation=CCNlite
[2026-09-22T16:20:28] PARAM device=RaspberryPi4B_4GB
[2026-09-22T16:20:28] PARAM nic=ASIX_AX88179_USB3_GbE
[2026-09-22T16:20:28] METRIC memory_mb=29.53
[2026-09-22T16:20:28] METRIC cpu_util_pct=47.69
[2026-09-22T16:20:28] METRIC startup_time_s=0.678
[2026-09-22T16:20:28] METRIC throughput_mbps=280.63
[2026-09-22T16:20:28] RUN_END status=OK
[2026-09-22T17:04:33] RUN_START run_id=EDGE_uDCN_126
[2026-09-22T17:04:33] PARAM implementation=uDCN
[2026-09-22T17:04:33] PARAM device=RaspberryPi4B_4GB
[2026-09-22T17:04:33] PARAM nic=ASIX_AX88179_USB3_GbE
[2026-09-22T17:04:33] METRIC memory_mb=43.75
[2026-09-22T17:04:33] METRIC cpu_util_pct=18.29
[2026-09-22T17:04:33] METRIC startup_time_s=1.171
[2026-09-22T17:04:33] METRIC throughput_mbps=887.88
[2026-09-22T17:04:33] RUN_END status=OK
[2026-09-22T17:05:51] RUN_START run_id=EDGE_uDCN_127
[2026-09-22T17:05:51] PARAM implementation=uDCN
[2026-09-22T17:05:51] PARAM device=RaspberryPi4B_4GB
[2026-09-22T17:05:51] PARAM nic=ASIX_AX88179_USB3_GbE
[2026-09-22T17:05:51] METRIC memory_mb=41.7
[2026-09-22T17:05:51] METRIC cpu_util_pct=18.18
[2026-09-22T17:05:51] METRIC startup_time_s=1.246
[2026-09-22T17:05:51] METRIC throughput_mbps=841.73
[2026-09-22T17:05:51] RUN_END status=OK
[2026-09-22T17:06:40] RUN_START run_id=EDGE_uDCN_128
[2026-09-22T17:06:40] PARAM implementation=uDCN
[2026-09-22T17:06:40] PARAM device=RaspberryPi4B_4GB
[2026-09-22T17:06:40] PARAM nic=ASIX_AX88179_USB3_GbE
[2026-09-22T17:06:40] METRIC memory_mb=42.6
[2026-09-22T17:06:40] METRIC cpu_util_pct=18.09
[2026-09-22T17:06:40] METRIC startup_time_s=1.122
[2026-09-22T17:06:40] METRIC throughput_mbps=890.65
[2026-09-22T17:06:40] RUN_END status=OK
[2026-09-22T17:11:15] RUN_START run_id=EDGE_uDCN_129
[2026-09-22T17:11:15] PARAM implementation=uDCN
[2026-09-22T17:11:15] PARAM device=RaspberryPi4B_4GB
[2026-09-22T17:11:15] PARAM nic=ASIX_AX88179_USB3_GbE
[2026-09-22T17:11:15] METRIC memory_mb=41.36
[2026-09-22T17:11:15] METRIC cpu_util_pct=19.06
[2026-09-22T17:11:15] METRIC startup_time_s=1.583
[2026-09-22T17:11:15] METRIC throughput_mbps=892.63
[2026-09-22T17:11:15] RUN_END status=OK
[2026-09-22T17:14:45] RUN_START run_id=EDGE_uDCN_130
[2026-09-22T17:14:45] PARAM implementation=uDCN
[2026-09-22T17:14:45] PARAM device=RaspberryPi4B_4GB
[2026-09-22T17:14:45] PARAM nic=ASIX_AX88179_USB3_GbE
[2026-09-22T17:14:45] METRIC memory_mb=38.41
[2026-09-22T17:14:45] METRIC cpu_util_pct=18.89
[2026-09-22T17:14:45] METRIC startup_time_s=1.262
[2026-09-22T17:14:45] METRIC throughput_mbps=894.31
[2026-09-22T17:14:45] RUN_END status=OK
[2026-09-22T17:16:25] RUN_START run_id=EDGE_uDCN_131
[2026-09-22T17:16:25] PARAM implementation=uDCN
[2026-09-22T17:16:25] PARAM device=RaspberryPi4B_4GB
[2026-09-22T17:16:25] PARAM nic=ASIX_AX88179_USB3_GbE
[2026-09-22T17:16:25] METRIC memory_mb=41.47
[2026-09-22T17:16:25] METRIC cpu_util_pct=17.67
[2026-09-22T17:16:25] METRIC startup_time_s=1.212
[2026-09-22T17:16:25] METRIC throughput_mbps=879.32
[2026-09-22T17:16:25] RUN_END status=OK
[2026-09-22T17:20:22] RUN_START run_id=EDGE_uDCN_132
[2026-09-22T17:20:22] PARAM implementation=uDCN
[2026-09-22T17:20:22] PARAM device=RaspberryPi4B_4GB
[2026-09-22T17:20:22] PARAM nic=ASIX_AX88179_USB3_GbE
[2026-09-22T17:20:22] METRIC memory_mb=42.76
[2026-09-22T17:20:22] METRIC cpu_util_pct=18.43
[2026-09-22T17:20:22] METRIC startup_time_s=1.154
[2026-09-22T17:20:22] METRIC throughput_mbps=910.24
[2026-09-22T17:20:22] RUN_END status=OK
[2026-09-22T17:22:19] RUN_START run_id=EDGE_uDCN_133
[2026-09-22T17:22:19] PARAM implementation=uDCN
[2026-09-22T17:22:19] PARAM device=RaspberryPi4B_4GB
[2026-09-22T17:22:19] PARAM nic=ASIX_AX88179_USB3_GbE
[2026-09-22T17:22:19] METRIC memory_mb=40.8
[2026-09-22T17:22:19] METRIC cpu_util_pct=20.31
[2026-09-22T17:22:19] METRIC startup_time_s=1.077
[2026-09-22T17:22:19] METRIC throughput_mbps=877.38
[2026-09-22T17:22:19] RUN_END status=OK
[2026-09-22T17:23:35] RUN_START run_id=EDGE_uDCN_134
[2026-09-22T17:23:35] PARAM implementation=uDCN
[2026-09-22T17:23:35] PARAM device=RaspberryPi4B_4GB
[2026-09-22T17:23:35] PARAM nic=ASIX_AX88179_USB3_GbE
[2026-09-22T17:23:35] METRIC memory_mb=41.71
[2026-09-22T17:23:35] METRIC cpu_util_pct=19.49
[2026-09-22T17:23:35] METRIC startup_time_s=1.217
[2026-09-22T17:23:35] METRIC throughput_mbps=867.64
[2026-09-22T17:23:35] RUN_END status=OK
[2026-09-22T17:28:09] RUN_START run_id=EDGE_uDCN_135
[2026-09-22T17:28:09] PARAM implementation=uDCN
[2026-09-22T17:28:09] PARAM device=RaspberryPi4B_4GB
[2026-09-22T17:28:09] PARAM nic=ASIX_AX88179_USB3_GbE
[2026-09-22T17:28:09] METRIC memory_mb=42.58
[2026-09-22T17:28:09] METRIC cpu_util_pct=17.73
[2026-09-22T17:28:09] METRIC startup_time_s=1.162
[2026-09-22T17:28:09] METRIC throughput_mbps=858.84
[2026-09-22T17:28:09] RUN_END status=OK
[2026-09-22T17:30:54] RUN_START run_id=EDGE_uDCN_136
[2026-09-22T17:30:54] PARAM implementation=uDCN
[2026-09-22T17:30:54] PARAM device=RaspberryPi4B_4GB
[2026-09-22T17:30:54] PARAM nic=ASIX_AX88179_USB3_GbE
[2026-09-22T17:30:54] METRIC memory_mb=40.37
[2026-09-22T17:30:54] METRIC cpu_util_pct=17.29
[2026-09-22T17:30:54] METRIC startup_time_s=1.229
[2026-09-22T17:30:54] METRIC throughput_mbps=930.61
[2026-09-22T17:30:54] RUN_END status=OK
[2026-09-22T17:34:29] RUN_START run_id=EDGE_uDCN_137
[2026-09-22T17:34:29] PARAM implementation=uDCN
[2026-09-22T17:34:29] PARAM device=RaspberryPi4B_4GB
[2026-09-22T17:34:29] PARAM nic=ASIX_AX88179_USB3_GbE
[2026-09-22T17:34:29] METRIC memory_mb=43.5
[2026-09-22T17:34:29] METRIC cpu_util_pct=16.96
[2026-09-22T17:34:29] METRIC startup_time_s=1.192
[2026-09-22T17:34:29] METRIC throughput_mbps=857.94
[2026-09-22T17:34:29] RUN_END status=OK
[2026-09-22T17:39:14] RUN_START run_id=EDGE_uDCN_138
[2026-09-22T17:39:14] PARAM implementation=uDCN
[2026-09-22T17:39:14] PARAM device=RaspberryPi4B_4GB
[2026-09-22T17:39:14] PARAM nic=ASIX_AX88179_USB3_GbE
[2026-09-22T17:39:14] METRIC memory_mb=42.27
[2026-09-22T17:39:14] METRIC cpu_util_pct=17.38
[2026-09-22T17:39:14] METRIC startup_time_s=1.332
[2026-09-22T17:39:14] METRIC throughput_mbps=869.43
[2026-09-22T17:39:14] RUN_END status=OK
[2026-09-22T17:40:40] RUN_START run_id=EDGE_uDCN_139
[2026-09-22T17:40:40] PARAM implementation=uDCN
[2026-09-22T17:40:40] PARAM device=RaspberryPi4B_4GB
[2026-09-22T17:40:40] PARAM nic=ASIX_AX88179_USB3_GbE
[2026-09-22T17:40:40] METRIC memory_mb=40.7
[2026-09-22T17:40:40] METRIC cpu_util_pct=16.94
[2026-09-22T17:40:40] METRIC startup_time_s=1.413
[2026-09-22T17:40:40] METRIC throughput_mbps=831.9
[2026-09-22T17:40:40] RUN_END status=OK
