[2026-09-19T18:15:42] RUN_START run_id=EDGE_uDCN_009
[2026-09-19T18:15:42] PARAM implementation=uDCN
[2026-09-19T18:15:42] PARAM device=RaspberryPi4B_4GB
[2026-09-19T18:15:42] PARAM nic=ASIX_AX88179_USB3_GbE
[2026-09-19T18:15:42] METRIC memory_mb=40.42
[2026-09-19T18:15:42] METRIC cpu_util_pct=17.4
[2026-09-19T18:15:42] METRIC startup_time_s=1.232
[2026-09-19T18:15:42] METRIC throughput_mbps=874.55
[2026-09-19T18:15:42] RUN_END status=OK
[2026-09-19T18:16:14] RUN_START run_id=EDGE_uDCN_010
[2026-09-19T18:16:14] PARAM implementation=uDCN
[2026-09-19T18:16:14] PARAM device=RaspberryPi4B_4GB
[2026-09-19T18:16:14] PARAM nic=ASIX_AX88179_USB3_GbE
[2026-09-19T18:16:14] METRIC memory_mb=39.06
[2026-09-19T18:16:14] METRIC cpu_util_pct=19.03
[2026-09-19T18:16:14] METRIC startup_time_s=1.251
[2026-09-19T18:16:14] METRIC throughput_mbps=852.96
[2026-09-19T18:16:14] RUN_END status=OK
[2026-09-19T18:20:31] RUN_START run_id=EDGE_uDCN_011
[2026-09-19T18:20:31] PARAM implementation=uDCN
[2026-09-19T18:20:31] PARAM device=RaspberryPi4B_4GB
[2026-09-19T18:20:31] PARAM nic=ASIX_AX88179_USB3_GbE
[2026-09-19T18:20:31] METRIC memory_mb=40.78
[2026-09-19T18:20:31] METRIC cpu_util_pct=18.74
[2026-09-19T18:20:31] METRIC startup_time_s=1.339
[2026-09-19T18:20:31] METRIC throughput_mbps=857.21
[2026-09-19T18:20:31] RUN_END status=OK
[2026-09-19T18:22:19] RUN_START run_id=EDGE_uDCN_012
[2026-09-19T18:22:19] PARAM implementation=uDCN
[2026-09-19T18:22:19] PARAM device=RaspberryPi4B_4GB
[2026-09-19T18:22:19] PARAM nic=ASIX_AX88179_USB3_GbE
[2026-09-19T18:22:19] METRIC memory_mb=42.01
[2026-09-19T18:22:19] METRIC cpu_util_pct=20.14
[2026-09-19T18:22:19] METRIC startup_time_s=1.256
[2026-09-19T18:22:19] METRIC throughput_mbps=892.32
[2026-09-19T18:22:19] RUN_END status=OK
[2026-09-19T18:25:42] RUN_START run_id=EDGE_uDCN_013
[2026-09-19T18:25:42] PARAM implementation=uDCN
[2026-09-19T18:25:42] PARAM device=RaspberryPi4B_4GB
[2026-09-19T18:25:42] PARAM nic=ASIX_AX88179_USB3_GbE
[2026-09-19T18:25:42] METRIC memory_mb=42.08
[2026-09-19T18:25:42] METRIC cpu_util_pct=17.38
[2026-09-19T18:25:42] METRIC startup_time_s=1.096
[2026-09-19T18:25:42] METRIC throughput_mbps=870.81
[2026-09-19T18:25:42] RUN_END status=OK
[2026-09-19T18:30:52] RUN_START run_id=EDGE_uDCN_014
[2026-09-19T18:30:52] PARAM implementation=uDCN
[2026-09-19T18:30:52] PARAM device=RaspberryPi4B_4GB
[2026-09-19T18:30:52] PARAM nic=ASIX_AX88179_USB3_GbE
[2026-09-19T18:30:52] METRIC memory_mb=40.33
[2026-09-19T18:30:52] METRIC cpu_util_pct=17.68
[2026-09-19T18:30:52] METRIC startup_time_s=1.17
[2026-09-19T18:30:52] METRIC throughput_mbps=902.24
[2026-09-19T18:30:52] RUN_END status=OK
[2026-09-19T18:31:14] RUN_START run_id=EDGE_uDCN_015
[2026-09-19T18:31:14] PARAM implementation=uDCN
[2026-09-19T18:31:14] PARAM device=RaspberryPi4B_4GB
[2026-09-19T18:31:14] PARAM nic=ASIX_AX88179_USB3_GbE
[2026-09-19T18:31:14] METRIC memory_mb=40.88
[2026-09-19T18:31:14] METRIC cpu_util_pct=17.83
[2026-09-19T18:31:14] METRIC startup_time_s=1.348
[2026-09-19T18:31:14] METRIC throughput_mbps=901.64
[2026-09-19T18:31:14] RUN_END status=OK
[2026-09-19T18:32:55] RUN_START run_id=EDGE_uDCN_016
[2026-09-19T18:32:55] PARAM implementation=uDCN
[2026-09-19T18:32:55] PARAM device=RaspberryPi4B_4GB
[2026-09-19T18:32:55] PARAM nic=ASIX_AX88179_USB3_GbE
[2026-09-19T18:32:55] METRIC memory_mb=42.98
[2026-09-19T18:32:55] METRIC cpu_util_pct=18.37
[2026-09-19T18:32:55] METRIC startup_time_s=1.168
[2026-09-19T18:32:55] METRIC throughput_mbps=857.9
[2026-09-19T18:32:55] RUN_END status=OK
[2026-09-19T18:36:03] RUN_START run_id=EDGE_uDCN_017
[2026-09-19T18:36:03] PARAM implementation=uDCN
[2026-09-19T18:36:03] PARAM device=RaspberryPi4B_4GB
[2026-09-19T18:36:03] PARAM nic=ASIX_AX88179_USB3_GbE
[2026-09-19T18:36:03] METRIC memory_mb=39.91
[2026-09-19T18:36:03] METRIC cpu_util_pct=17.8
[2026-09-19T18:36:03] METRIC startup_time_s=1.187
[2026-09-19T18:36:03] METRIC throughput_mbps=904.3
[2026-09-19T18:36:03] RUN_END status=OK
[2026-09-19T18:37:32] RUN_START run_id=EDGE_uDCN_018
[2026-09-19T18:37:32] PARAM implementation=uDCN
[2026-09-19T18:37:32] PARAM device=RaspberryPi4B_4GB
[2026-09-19T18:37:32] PARAM nic=ASIX_AX88179_USB3_GbE
[2026-09-19T18:37:32] METRIC memory_mb=40.15
[2026-09-19T18:37:32] METRIC cpu_util_pct=17.99
[2026-09-19T18:37:32] METRIC startup_time_s=1.089
[2026-09-19T18:37:32] METRIC throughput_mbps=803.83
[2026-09-19T18:37:32] RUN_END status=OK
[2026-09-19T18:41:10] RUN_START run_id=EDGE_uDCN_019
[2026-09-19T18:41:10] PARAM implementation=uDCN
[2026-09-19T18:41:10] PARAM device=RaspberryPi4B_4GB
[2026-09-19T18:41:10] PARAM nic=ASIX_AX88179_USB3_GbE
[2026-09-19T18:41:10] METRIC memory_mb=43.0
[2026-09-19T18:41:10] METRIC cpu_util_pct=18.52
[2026-09-19T18:41:10] METRIC startup_time_s=1.168
[2026-09-19T18:41:10] METRIC throughput_mbps=832.06
[2026-09-19T18:41:10] RUN_END status=OK
[2026-09-19T18:44:08] RUN_START run_id=EDGE_uDCN_020
[2026-09-19T18:44:08] PARAM implementation=uDCN
[2026-09-19T18:44:08] PARAM device=RaspberryPi4B_4GB
[2026-09-19T18:44:08] PARAM nic=ASIX_AX88179_USB3_GbE
[2026-09-19T18:44:08] METRIC memory_mb=41.37
[2026-09-19T18:44:08] METRIC cpu_util_pct=19.31
[2026-09-19T18:44:08] METRIC startup_time_s=1.322
[2026-09-19T18:44:08] METRIC throughput_mbps=870.51
[2026-09-19T18:44:08] RUN_END status=OK
[2026-09-19T18:45:02] RUN_START run_id=10_edge_resource_consumption_DISCARDED_0019
[2026-09-19T18:45:02] RUN_ABORTED reason=thermal_throttle: Raspberry Pi SoC exceeded 80C, CPU governor throttled clock mid-run, measurement discarded
[2026-09-19T18:45:55] RUN_START run_id=EDGE_uDCN_021
[2026-09-19T18:45:55] PARAM implementation=uDCN
[2026-09-19T18:45:55] PARAM device=RaspberryPi4B_4GB
[2026-09-19T18:45:55] PARAM nic=ASIX_AX88179_USB3_GbE
[2026-09-19T18:45:55] METRIC memory_mb=42.34
[2026-09-19T18:45:55] METRIC cpu_util_pct=17.22
[2026-09-19T18:45:55] METRIC startup_time_s=1.011
[2026-09-19T18:45:55] METRIC throughput_mbps=912.61
[2026-09-19T18:45:55] RUN_END status=OK
