[2026-09-13T01:12:22] RUN_START run_id=EDGE_PythonNDN_032
[2026-09-13T01:12:22] PARAM implementation=PythonNDN
[2026-09-13T01:12:22] PARAM device=RaspberryPi4B_4GB
[2026-09-13T01:12:22] PARAM nic=ASIX_AX88179_USB3_GbE
[2026-09-13T01:12:22] METRIC memory_mb=177.09
[2026-09-13T01:12:22] METRIC cpu_util_pct=84.49
[2026-09-13T01:12:22] METRIC startup_time_s=5.088
[2026-09-13T01:12:22] METRIC throughput_mbps=82.62
[2026-09-13T01:12:22] RUN_END status=OK
[2026-09-13T01:13:22] RUN_START run_id=EDGE_PythonNDN_033
[2026-09-13T01:13:22] PARAM implementation=PythonNDN
[2026-09-13T01:13:22] PARAM device=RaspberryPi4B_4GB
[2026-09-13T01:13:22] PARAM nic=ASIX_AX88179_USB3_GbE
[2026-09-13T01:13:22] METRIC memory_mb=166.57
[2026-09-13T01:13:22] METRIC cpu_util_pct=81.25
[2026-09-13T01:13:22] METRIC startup_time_s=5.441
[2026-09-13T01:13:22] METRIC throughput_mbps=80.25
[2026-09-13T01:13:22] RUN_END status=OK
[2026-09-13T01:14:49] RUN_START run_id=EDGE_PythonNDN_034
[2026-09-13T01:14:49] PARAM implementation=PythonNDN
[2026-09-13T01:14:49] PARAM device=RaspberryPi4B_4GB
[2026-09-13T01:14:49] PARAM nic=ASIX_AX88179_USB3_GbE
[2026-09-13T01:14:49] METRIC memory_mb=178.59
[2026-09-13T01:14:49] METRIC cpu_util_pct=86.21
[2026-09-13T01:14:49] METRIC startup_time_s=5.262
[2026-09-13T01:14:49] METRIC throughput_mbps=86.62
[2026-09-13T01:14:49] RUN_END status=OK
[2026-09-13T01:21:39] RUN_START run_id=EDGE_PythonNDN_035
[2026-09-13T01:21:39] PARAM implementation=PythonNDN
[2026-09-13T01:21:39] PARAM device=RaspberryPi4B_4GB
[2026-09-13T01:21:39] PARAM nic=ASIX_AX88179_USB3_GbE
[2026-09-13T01:21:39] METRIC memory_mb=179.05
[2026-09-13T01:21:39] METRIC cpu_util_pct=82.89
[2026-09-13T01:21:39] METRIC startup_time_s=5.29
[2026-09-13T01:21:39] METRIC throughput_mbps=85.95
[2026-09-13T01:21:39] RUN_END status=OK
[2026-09-13T01:22:48] RUN_START run_id=EDGE_PythonNDN_036
[2026-09-13T01:22:48] PARAM implementation=PythonNDN
[2026-09-13T01:22:48] PARAM device=RaspberryPi4B_4GB
[2026-09-13T01:22:48] PARAM nic=ASIX_AX88179_USB3_GbE
[2026-09-13T01:22:48] METRIC memory_mb=177.63
[2026-09-13T01:22:48] METRIC cpu_util_pct=73.26
[2026-09-13T01:22:48] METRIC startup_time_s=5.446
[2026-09-13T01:22:48] METRIC throughput_mbps=81.08
[2026-09-13T01:22:48] RUN_END status=OK
[2026-09-13T01:26:17] RUN_START run_id=EDGE_PythonNDN_037
[2026-09-13T01:26:17] PARAM implementation=PythonNDN
[2026-09-13T01:26:17] PARAM device=RaspberryPi4B_4GB
[2026-09-13T01:26:17] PARAM nic=ASIX_AX88179_USB3_GbE
[2026-09-13T01:26:17] METRIC memory_mb=171.62
[2026-09-13T01:26:17] METRIC cpu_util_pct=77.84
[2026-09-13T01:26:17] METRIC startup_time_s=4.657
[2026-09-13T01:26:17] METRIC throughput_mbps=83.53
[2026-09-13T01:26:17] RUN_END status=OK
[2026-09-13T01:28:59] RUN_START run_id=EDGE_PythonNDN_038
[2026-09-13T01:28:59] PARAM implementation=PythonNDN
[2026-09-13T01:28:59] PARAM device=RaspberryPi4B_4GB
[2026-09-13T01:28:59] PARAM nic=ASIX_AX88179_USB3_GbE
[2026-09-13T01:28:59] METRIC memory_mb=173.76
[2026-09-13T01:28:59] METRIC cpu_util_pct=80.78
[2026-09-13T01:28:59] METRIC startup_time_s=4.917
[2026-09-13T01:28:59] METRIC throughput_mbps=80.34
[2026-09-13T01:28:59] RUN_END status=OK
[2026-09-13T01:31:41] RUN_START run_id=EDGE_PythonNDN_039
[2026-09-13T01:31:41] PARAM implementation=PythonNDN
[2026-09-13T01:31:41] PARAM device=RaspberryPi4B_4GB
[2026-09-13T01:31:41] PARAM nic=ASIX_AX88179_USB3_GbE
[2026-09-13T01:31:41] METRIC memory_mb=168.6
[2026-09-13T01:31:41] METRIC cpu_util_pct=80.69
[2026-09-13T01:31:41] METRIC startup_time_s=4.836
[2026-09-13T01:31:41] METRIC throughput_mbps=84.73
[2026-09-13T01:31:41] RUN_END status=OK
[2026-09-13T01:34:02] RUN_START run_id=EDGE_PythonNDN_040
[2026-09-13T01:34:02] PARAM implementation=PythonNDN
[2026-09-13T01:34:02] PARAM device=RaspberryPi4B_4GB
[2026-09-13T01:34:02] PARAM nic=ASIX_AX88179_USB3_GbE
[2026-09-13T01:34:02] METRIC memory_mb=167.08
[2026-09-13T01:34:02] METRIC cpu_util_pct=87.93
[2026-09-13T01:34:02] METRIC startup_time_s=4.692
[2026-09-13T01:34:02] METRIC throughput_mbps=86.62
[2026-09-13T01:34:02] RUN_END status=OK
[2026-09-13T01:35:31] RUN_START run_id=EDGE_PythonNDN_041
[2026-09-13T01:35:31] PARAM implementation=PythonNDN
[2026-09-13T01:35:31] PARAM device=RaspberryPi4B_4GB
[2026-09-13T01:35:31] PARAM nic=ASIX_AX88179_USB3_GbE
[2026-09-13T01:35:31] METRIC memory_mb=168.74
[2026-09-13T01:35:31] METRIC cpu_util_pct=85.35
[2026-09-13T01:35:31] METRIC startup_time_s=6.171
[2026-09-13T01:35:31] METRIC throughput_mbps=85.75
[2026-09-13T01:35:31] RUN_END status=OK
