[2026-09-20T10:11:37] RUN_START run_id=EDGE_uDCN_087
[2026-09-20T10:11:37] PARAM implementation=uDCN
[2026-09-20T10:11:37] PARAM device=RaspberryPi4B_4GB
[2026-09-20T10:11:37] PARAM nic=ASIX_AX88179_USB3_GbE
[2026-09-20T10:11:37] METRIC memory_mb=43.05
[2026-09-20T10:11:37] METRIC cpu_util_pct=18.77
[2026-09-20T10:11:37] METRIC startup_time_s=1.099
[2026-09-20T10:11:37] METRIC throughput_mbps=881.38
[2026-09-20T10:11:37] RUN_END status=OK
[2026-09-20T10:14:22] RUN_START run_id=EDGE_uDCN_088
[2026-09-20T10:14:22] PARAM implementation=uDCN
[2026-09-20T10:14:22] PARAM device=RaspberryPi4B_4GB
[2026-09-20T10:14:22] PARAM nic=ASIX_AX88179_USB3_GbE
[2026-09-20T10:14:22] METRIC memory_mb=40.5
[2026-09-20T10:14:22] METRIC cpu_util_pct=18.86
[2026-09-20T10:14:22] METRIC startup_time_s=1.195
[2026-09-20T10:14:22] METRIC throughput_mbps=848.49
[2026-09-20T10:14:22] RUN_END status=OK
[2026-09-20T10:18:55] RUN_START run_id=EDGE_uDCN_089
[2026-09-20T10:18:55] PARAM implementation=uDCN
[2026-09-20T10:18:55] PARAM device=RaspberryPi4B_4GB
[2026-09-20T10:18:55] PARAM nic=ASIX_AX88179_USB3_GbE
[2026-09-20T10:18:55] METRIC memory_mb=44.61
[2026-09-20T10:18:55] METRIC cpu_util_pct=17.42
[2026-09-20T10:18:55] METRIC startup_time_s=1.227
[2026-09-20T10:18:55] METRIC throughput_mbps=924.75
[2026-09-20T10:18:55] RUN_END status=OK
[2026-09-20T10:19:55] RUN_START run_id=EDGE_uDCN_090
[2026-09-20T10:19:55] PARAM implementation=uDCN
[2026-09-20T10:19:55] PARAM device=RaspberryPi4B_4GB
[2026-09-20T10:19:55] PARAM nic=ASIX_AX88179_USB3_GbE
[2026-09-20T10:19:55] METRIC memory_mb=42.33
[2026-09-20T10:19:55] METRIC cpu_util_pct=18.43
[2026-09-20T10:19:55] METRIC startup_time_s=1.033
[2026-09-20T10:19:55] METRIC throughput_mbps=836.81
[2026-09-20T10:19:55] RUN_END status=OK
[2026-09-20T10:20:38] RUN_START run_id=EDGE_uDCN_091
[2026-09-20T10:20:38] PARAM implementation=uDCN
[2026-09-20T10:20:38] PARAM device=RaspberryPi4B_4GB
[2026-09-20T10:20:38] PARAM nic=ASIX_AX88179_USB3_GbE
[2026-09-20T10:20:38] METRIC memory_mb=41.36
[2026-09-20T10:20:38] METRIC cpu_util_pct=17.4
[2026-09-20T10:20:38] METRIC startup_time_s=1.139
[2026-09-20T10:20:38] METRIC throughput_mbps=880.31
[2026-09-20T10:20:38] RUN_END status=OK
[2026-09-20T10:22:07] RUN_START run_id=EDGE_uDCN_092
[2026-09-20T10:22:07] PARAM implementation=uDCN
[2026-09-20T10:22:07] PARAM device=RaspberryPi4B_4GB
[2026-09-20T10:22:07] PARAM nic=ASIX_AX88179_USB3_GbE
[2026-09-20T10:22:07] METRIC memory_mb=42.0
[2026-09-20T10:22:07] METRIC cpu_util_pct=17.92
[2026-09-20T10:22:07] METRIC startup_time_s=1.16
[2026-09-20T10:22:07] METRIC throughput_mbps=880.91
[2026-09-20T10:22:07] RUN_END status=OK
[2026-09-20T10:22:39] RUN_START run_id=EDGE_uDCN_093
[2026-09-20T10:22:39] PARAM implementation=uDCN
[2026-09-20T10:22:39] PARAM device=RaspberryPi4B_4GB
[2026-09-20T10:22:39] PARAM nic=ASIX_AX88179_USB3_GbE
[2026-09-20T10:22:39] METRIC memory_mb=40.11
[2026-09-20T10:22:39] METRIC cpu_util_pct=16.52
[2026-09-20T10:22:39] METRIC startup_time_s=1.028
[2026-09-20T10:22:39] METRIC throughput_mbps=869.67
[2026-09-20T10:22:39] RUN_END status=OK
[2026-09-20T10:24:24] RUN_START run_id=EDGE_uDCN_094
[2026-09-20T10:24:24] PARAM implementation=uDCN
[2026-09-20T10:24:24] PARAM device=RaspberryPi4B_4GB
[2026-09-20T10:24:24] PARAM nic=ASIX_AX88179_USB3_GbE
[2026-09-20T10:24:24] METRIC memory_mb=44.77
[2026-09-20T10:24:24] METRIC cpu_util_pct=18.4
[2026-09-20T10:24:24] METRIC startup_time_s=1.159
[2026-09-20T10:24:24] METRIC throughput_mbps=892.65
[2026-09-20T10:24:24] RUN_END status=OK
[2026-09-20T10:26:52] RUN_START run_id=EDGE_uDCN_095
[2026-09-20T10:26:52] PARAM implementation=uDCN
[2026-09-20T10:26:52] PARAM device=RaspberryPi4B_4GB
[2026-09-20T10:26:52] PARAM nic=ASIX_AX88179_USB3_GbE
[2026-09-20T10:26:52] METRIC memory_mb=40.36
[2026-09-20T10:26:52] METRIC cpu_util_pct=16.9
[2026-09-20T10:26:52] METRIC startup_time_s=1.167
[2026-09-20T10:26:52] METRIC throughput_mbps=888.19
[2026-09-20T10:26:52] RUN_END status=OK
[2026-09-20T10:31:09] RUN_START run_id=EDGE_uDCN_096
[2026-09-20T10:31:09] PARAM implementation=uDCN
[2026-09-20T10:31:09] PARAM device=RaspberryPi4B_4GB
[2026-09-20T10:31:09] PARAM nic=ASIX_AX88179_USB3_GbE
[2026-09-20T10:31:09] METRIC memory_mb=40.99
[2026-09-20T10:31:09] METRIC cpu_util_pct=17.97
[2026-09-20T10:31:09] METRIC startup_time_s=1.061
[2026-09-20T10:31:09] METRIC throughput_mbps=882.17
[2026-09-20T10:31:09] RUN_END status=OK
[2026-09-20T10:32:19] RUN_START run_id=EDGE_uDCN_097
[2026-09-20T10:32:19] PARAM implementation=uDCN
[2026-09-20T10:32:19] PARAM device=RaspberryPi4B_4GB
[2026-09-20T10:32:19] PARAM nic=ASIX_AX88179_USB3_GbE
[2026-09-20T10:32:19] METRIC memory_mb=40.36
[2026-09-20T10:32:19] METRIC cpu_util_pct=17.58
[2026-09-20T10:32:19] METRIC startup_time_s=1.247
[2026-09-20T10:32:19] METRIC throughput_mbps=821.71
[2026-09-20T10:32:19] RUN_END status=OK
[2026-09-20T12:49:23] RUN_START run_id=EDGE_uDCN_098
[2026-09-20T12:49:23] PARAM implementation=uDCN
[2026-09-20T12:49:23] PARAM device=RaspberryPi4B_4GB
[2026-09-20T12:49:23] PARAM nic=ASIX_AX88179_USB3_GbE
[2026-09-20T12:49:23] METRIC memory_mb=43.09
[2026-09-20T12:49:23] METRIC cpu_util_pct=16.52
[2026-09-20T12:49:23] METRIC startup_time_s=1.047
[2026-09-20T12:49:23] METRIC throughput_mbps=871.9
[2026-09-20T12:49:23] RUN_END status=OK
