[2026-09-18T14:38:55] RUN_START run_id=EDGE_NFD_126
[2026-09-18T14:38:55] PARAM implementation=NFD
[2026-09-18T14:38:55] PARAM device=RaspberryPi4B_4GB
[2026-09-18T14:38:55] PARAM nic=ASIX_AX88179_USB3_GbE
[2026-09-18T14:38:55] METRIC memory_mb=137.33
[2026-09-18T14:38:55] METRIC cpu_util_pct=60.25
[2026-09-18T14:38:55] METRIC startup_time_s=3.727
[2026-09-18T14:38:55] METRIC throughput_mbps=298.64
[2026-09-18T14:38:55] RUN_END status=OK
[2026-09-18T14:40:25] RUN_START run_id=EDGE_NFD_127
[2026-09-18T14:40:25] PARAM implementation=NFD
[2026-09-18T14:40:25] PARAM device=RaspberryPi4B_4GB
[2026-09-18T14:40:25] PARAM nic=ASIX_AX88179_USB3_GbE
[2026-09-18T14:40:25] METRIC memory_mb=136.58
[2026-09-18T14:40:25] METRIC cpu_util_pct=68.96
[2026-09-18T14:40:25] METRIC startup_time_s=3.306
[2026-09-18T14:40:25] METRIC throughput_mbps=315.91
[2026-09-18T14:40:25] RUN_END status=OK
[2026-09-18T14:43:07] RUN_START run_id=EDGE_NFD_128
[2026-09-18T14:43:07] PARAM implementation=NFD
[2026-09-18T14:43:07] PARAM device=RaspberryPi4B_4GB
[2026-09-18T14:43:07] PARAM nic=ASIX_AX88179_USB3_GbE
[2026-09-18T14:43:07] METRIC memory_mb=132.76
[2026-09-18T14:43:07] METRIC cpu_util_pct=54.39
[2026-09-18T14:43:07] METRIC startup_time_s=4.994
[2026-09-18T14:43:07] METRIC throughput_mbps=308.66
[2026-09-18T14:43:07] RUN_END status=OK
[2026-09-18T14:44:06] RUN_START run_id=EDGE_NFD_129
[2026-09-18T14:44:06] PARAM implementation=NFD
[2026-09-18T14:44:06] PARAM device=RaspberryPi4B_4GB
[2026-09-18T14:44:06] PARAM nic=ASIX_AX88179_USB3_GbE
[2026-09-18T14:44:06] METRIC memory_mb=130.77
[2026-09-18T14:44:06] METRIC cpu_util_pct=60.56
[2026-09-18T14:44:06] METRIC startup_time_s=3.838
[2026-09-18T14:44:06] METRIC throughput_mbps=319.4
[2026-09-18T14:44:06] RUN_END status=OK
[2026-09-18T14:45:22] RUN_START run_id=EDGE_NFD_130
[2026-09-18T14:45:22] PARAM implementation=NFD
[2026-09-18T14:45:22] PARAM device=RaspberryPi4B_4GB
[2026-09-18T14:45:22] PARAM nic=ASIX_AX88179_USB3_GbE
[2026-09-18T14:45:22] METRIC memory_mb=136.54
[2026-09-18T14:45:22] METRIC cpu_util_pct=62.92
[2026-09-18T14:45:22] METRIC startup_time_s=4.032
[2026-09-18T14:45:22] METRIC throughput_mbps=318.43
[2026-09-18T14:45:22] RUN_END status=OK
[2026-09-18T14:46:57] RUN_START run_id=EDGE_NFD_131
[2026-09-18T14:46:57] PARAM implementation=NFD
[2026-09-18T14:46:57] PARAM device=RaspberryPi4B_4GB
[2026-09-18T14:46:57] PARAM nic=ASIX_AX88179_USB3_GbE
[2026-09-18T14:46:57] METRIC memory_mb=143.81
[2026-09-18T14:46:57] METRIC cpu_util_pct=61.91
[2026-09-18T14:46:57] METRIC startup_time_s=3.692
[2026-09-18T14:46:57] METRIC throughput_mbps=339.1
[2026-09-18T14:46:57] RUN_END status=OK
[2026-09-18T14:49:00] RUN_START run_id=EDGE_NFD_132
[2026-09-18T14:49:00] PARAM implementation=NFD
[2026-09-18T14:49:00] PARAM device=RaspberryPi4B_4GB
[2026-09-18T14:49:00] PARAM nic=ASIX_AX88179_USB3_GbE
[2026-09-18T14:49:00] METRIC memory_mb=133.2
[2026-09-18T14:49:00] METRIC cpu_util_pct=63.47
[2026-09-18T14:49:00] METRIC startup_time_s=4.173
[2026-09-18T14:49:00] METRIC throughput_mbps=316.43
[2026-09-18T14:49:00] RUN_END status=OK
[2026-09-18T14:51:21] RUN_START run_id=EDGE_NFD_133
[2026-09-18T14:51:21] PARAM implementation=NFD
[2026-09-18T14:51:21] PARAM device=RaspberryPi4B_4GB
[2026-09-18T14:51:21] PARAM nic=ASIX_AX88179_USB3_GbE
[2026-09-18T14:51:21] METRIC memory_mb=143.74
[2026-09-18T14:51:21] METRIC cpu_util_pct=60.43
[2026-09-18T14:51:21] METRIC startup_time_s=3.804
[2026-09-18T14:51:21] METRIC throughput_mbps=286.93
[2026-09-18T14:51:21] RUN_END status=OK
[2026-09-18T14:53:09] RUN_START run_id=EDGE_NFD_134
[2026-09-18T14:53:09] PARAM implementation=NFD
[2026-09-18T14:53:09] PARAM device=RaspberryPi4B_4GB
[2026-09-18T14:53:09] PARAM nic=ASIX_AX88179_USB3_GbE
[2026-09-18T14:53:09] METRIC memory_mb=142.7
[2026-09-18T14:53:09] METRIC cpu_util_pct=62.44
[2026-09-18T14:53:09] METRIC startup_time_s=3.512
[2026-09-18T14:53:09] METRIC throughput_mbps=302.82
[2026-09-18T14:53:09] RUN_END status=OK
[2026-09-18T22:44:32] RUN_START run_id=EDGE_PythonNDN_134
[2026-09-18T22:44:32] PARAM implementation=PythonNDN
[2026-09-18T22:44:32] PARAM device=RaspberryPi4B_4GB
[2026-09-18T22:44:32] PARAM nic=ASIX_AX88179_USB3_GbE
[2026-09-18T22:44:32] METRIC memory_mb=165.56
[2026-09-18T22:44:32] METRIC cpu_util_pct=83.42
[2026-09-18T22:44:32] METRIC startup_time_s=5.565
[2026-09-18T22:44:32] METRIC throughput_mbps=88.04
[2026-09-18T22:44:32] RUN_END status=OK
[2026-09-18T22:46:32] RUN_START run_id=EDGE_PythonNDN_135
[2026-09-18T22:46:32] PARAM implementation=PythonNDN
[2026-09-18T22:46:32] PARAM device=RaspberryPi4B_4GB
[2026-09-18T22:46:32] PARAM nic=ASIX_AX88179_USB3_GbE
[2026-09-18T22:46:32] METRIC memory_mb=168.52
[2026-09-18T22:46:32] METRIC cpu_util_pct=80.86
[2026-09-18T22:46:32] METRIC startup_time_s=4.936
[2026-09-18T22:46:32] METRIC throughput_mbps=83.01
[2026-09-18T22:46:32] RUN_END status=OK
[2026-09-18T22:51:08] RUN_START run_id=EDGE_PythonNDN_136
[2026-09-18T22:51:08] PARAM implementation=PythonNDN
[2026-09-18T22:51:08] PARAM device=RaspberryPi4B_4GB
[2026-09-18T22:51:08] PARAM nic=ASIX_AX88179_USB3_GbE
[2026-09-18T22:51:08] METRIC memory_mb=172.19
[2026-09-18T22:51:08] METRIC cpu_util_pct=82.49
[2026-09-18T22:51:08] METRIC startup_time_s=5.539
[2026-09-18T22:51:08] METRIC throughput_mbps=86.12
[2026-09-18T22:51:08] RUN_END status=OK
[2026-09-18T22:52:25] RUN_START run_id=EDGE_PythonNDN_137
[2026-09-18T22:52:25] PARAM implementation=PythonNDN
[2026-09-18T22:52:25] PARAM device=RaspberryPi4B_4GB
[2026-09-18T22:52:25] PARAM nic=ASIX_AX88179_USB3_GbE
[2026-09-18T22:52:25] METRIC memory_mb=173.76
[2026-09-18T22:52:25] METRIC cpu_util_pct=83.72
[2026-09-18T22:52:25] METRIC startup_time_s=4.834
[2026-09-18T22:52:25] METRIC throughput_mbps=83.31
[2026-09-18T22:52:25] RUN_END status=OK
[2026-09-18T22:54:25] RUN_START run_id=EDGE_PythonNDN_138
[2026-09-18T22:54:25] PARAM implementation=PythonNDN
[2026-09-18T22:54:25] PARAM device=RaspberryPi4B_4GB
[2026-09-18T22:54:25] PARAM nic=ASIX_AX88179_USB3_GbE
[2026-09-18T22:54:25] METRIC memory_mb=174.03
[2026-09-18T22:54:25] METRIC cpu_util_pct=81.35
[2026-09-18T22:54:25] METRIC startup_time_s=5.393
[2026-09-18T22:54:25] METRIC throughput_mbps=83.9
[2026-09-18T22:54:25] RUN_END status=OK
[2026-09-18T22:58:15] RUN_START run_id=EDGE_PythonNDN_139
[2026-09-18T22:58:15] PARAM implementation=PythonNDN
[2026-09-18T22:58:15] PARAM device=RaspberryPi4B_4GB
[2026-09-18T22:58:15] PARAM nic=ASIX_AX88179_USB3_GbE
[2026-09-18T22:58:15] METRIC memory_mb=176.41
[2026-09-18T22:58:15] METRIC cpu_util_pct=76.6
[2026-09-18T22:58:15] METRIC startup_time_s=5.378
[2026-09-18T22:58:15] METRIC throughput_mbps=85.85
[2026-09-18T22:58:15] RUN_END status=OK
[2026-09-18T23:01:13] RUN_START run_id=EDGE_PythonNDN_140
[2026-09-18T23:01:13] PARAM implementation=PythonNDN
[2026-09-18T23:01:13] PARAM device=RaspberryPi4B_4GB
[2026-09-18T23:01:13] PARAM nic=ASIX_AX88179_USB3_GbE
[2026-09-18T23:01:13] METRIC memory_mb=178.79
[2026-09-18T23:01:13] METRIC cpu_util_pct=79.82
[2026-09-18T23:01:13] METRIC startup_time_s=4.924
[2026-09-18T23:01:13] METRIC throughput_mbps=85.33
[2026-09-18T23:01:13] RUN_END status=OK
