[2026-09-17T16:08:24] RUN_START run_id=EDGE_NFD_094
[2026-09-17T16:08:24] PARAM implementation=NFD
[2026-09-17T16:08:24] PARAM device=RaspberryPi4B_4GB
[2026-09-17T16:08:24] PARAM nic=ASIX_AX88179_USB3_GbE
[2026-09-17T16:08:24] METRIC memory_mb=136.05
[2026-09-17T16:08:24] METRIC cpu_util_pct=61.38
[2026-09-17T16:08:24] METRIC startup_time_s=3.951
[2026-09-17T16:08:24] METRIC throughput_mbps=319.28
[2026-09-17T16:08:24] RUN_END status=OK
[2026-09-17T16:08:57] RUN_START run_id=EDGE_NFD_095
[2026-09-17T16:08:57] PARAM implementation=NFD
[2026-09-17T16:08:57] PARAM device=RaspberryPi4B_4GB
[2026-09-17T16:08:57] PARAM nic=ASIX_AX88179_USB3_GbE
[2026-09-17T16:08:57] METRIC memory_mb=135.72
[2026-09-17T16:08:57] METRIC cpu_util_pct=66.14
[2026-09-17T16:08:57] METRIC startup_time_s=3.479
[2026-09-17T16:08:57] METRIC throughput_mbps=299.96
[2026-09-17T16:08:57] RUN_END status=OK
[2026-09-17T16:12:57] RUN_START run_id=EDGE_NFD_096
[2026-09-17T16:12:57] PARAM implementation=NFD
[2026-09-17T16:12:57] PARAM device=RaspberryPi4B_4GB
[2026-09-17T16:12:57] PARAM nic=ASIX_AX88179_USB3_GbE
[2026-09-17T16:12:57] METRIC memory_mb=144.3
[2026-09-17T16:12:57] METRIC cpu_util_pct=60.14
[2026-09-17T16:12:57] METRIC startup_time_s=4.286
[2026-09-17T16:12:57] METRIC throughput_mbps=295.62
[2026-09-17T16:12:57] RUN_END status=OK
[2026-09-17T16:15:52] RUN_START run_id=EDGE_NFD_097
[2026-09-17T16:15:52] PARAM implementation=NFD
[2026-09-17T16:15:52] PARAM device=RaspberryPi4B_4GB
[2026-09-17T16:15:52] PARAM nic=ASIX_AX88179_USB3_GbE
[2026-09-17T16:15:52] METRIC memory_mb=139.46
[2026-09-17T16:15:52] METRIC cpu_util_pct=64.3
[2026-09-17T16:15:52] METRIC startup_time_s=4.315
[2026-09-17T16:15:52] METRIC throughput_mbps=308.27
[2026-09-17T16:15:52] RUN_END status=OK
[2026-09-17T16:22:02] RUN_START run_id=EDGE_NFD_098
[2026-09-17T16:22:02] PARAM implementation=NFD
[2026-09-17T16:22:02] PARAM device=RaspberryPi4B_4GB
[2026-09-17T16:22:02] PARAM nic=ASIX_AX88179_USB3_GbE
[2026-09-17T16:22:02] METRIC memory_mb=141.2
[2026-09-17T16:22:02] METRIC cpu_util_pct=62.0
[2026-09-17T16:22:02] METRIC startup_time_s=3.19
[2026-09-17T16:22:02] METRIC throughput_mbps=326.31
[2026-09-17T16:22:02] RUN_END status=OK
[2026-09-17T16:24:41] RUN_START run_id=EDGE_NFD_099
[2026-09-17T16:24:41] PARAM implementation=NFD
[2026-09-17T16:24:41] PARAM device=RaspberryPi4B_4GB
[2026-09-17T16:24:41] PARAM nic=ASIX_AX88179_USB3_GbE
[2026-09-17T16:24:41] METRIC memory_mb=147.38
[2026-09-17T16:24:41] METRIC cpu_util_pct=56.48
[2026-09-17T16:24:41] METRIC startup_time_s=3.637
[2026-09-17T16:24:41] METRIC throughput_mbps=309.63
[2026-09-17T16:24:41] RUN_END status=OK
[2026-09-17T16:27:15] RUN_START run_id=EDGE_NFD_100
[2026-09-17T16:27:15] PARAM implementation=NFD
[2026-09-17T16:27:15] PARAM device=RaspberryPi4B_4GB
[2026-09-17T16:27:15] PARAM nic=ASIX_AX88179_USB3_GbE
[2026-09-17T16:27:15] METRIC memory_mb=145.06
[2026-09-17T16:27:15] METRIC cpu_util_pct=66.53
[2026-09-17T16:27:15] METRIC startup_time_s=3.39
[2026-09-17T16:27:15] METRIC throughput_mbps=285.14
[2026-09-17T16:27:15] RUN_END status=OK
[2026-09-17T16:30:57] RUN_START run_id=EDGE_NFD_101
[2026-09-17T16:30:57] PARAM implementation=NFD
[2026-09-17T16:30:57] PARAM device=RaspberryPi4B_4GB
[2026-09-17T16:30:57] PARAM nic=ASIX_AX88179_USB3_GbE
[2026-09-17T16:30:57] METRIC memory_mb=132.98
[2026-09-17T16:30:57] METRIC cpu_util_pct=58.11
[2026-09-17T16:30:57] METRIC startup_time_s=3.982
[2026-09-17T16:30:57] METRIC throughput_mbps=324.72
[2026-09-17T16:30:57] RUN_END status=OK
[2026-09-17T16:32:10] RUN_START run_id=EDGE_NFD_102
[2026-09-17T16:32:10] PARAM implementation=NFD
[2026-09-17T16:32:10] PARAM device=RaspberryPi4B_4GB
[2026-09-17T16:32:10] PARAM nic=ASIX_AX88179_USB3_GbE
[2026-09-17T16:32:10] METRIC memory_mb=138.44
[2026-09-17T16:32:10] METRIC cpu_util_pct=60.15
[2026-09-17T16:32:10] METRIC startup_time_s=3.875
[2026-09-17T16:32:10] METRIC throughput_mbps=300.63
[2026-09-17T16:32:10] RUN_END status=OK
[2026-09-17T16:34:11] RUN_START run_id=EDGE_NFD_103
[2026-09-17T16:34:11] PARAM implementation=NFD
[2026-09-17T16:34:11] PARAM device=RaspberryPi4B_4GB
[2026-09-17T16:34:11] PARAM nic=ASIX_AX88179_USB3_GbE
[2026-09-17T16:34:11] METRIC memory_mb=144.3
[2026-09-17T16:34:11] METRIC cpu_util_pct=65.49
[2026-09-17T16:34:11] METRIC startup_time_s=3.244
[2026-09-17T16:34:11] METRIC throughput_mbps=309.82
[2026-09-17T16:34:11] RUN_END status=OK
[2026-09-17T16:38:09] RUN_START run_id=EDGE_NFD_104
[2026-09-17T16:38:09] PARAM implementation=NFD
[2026-09-17T16:38:09] PARAM device=RaspberryPi4B_4GB
[2026-09-17T16:38:09] PARAM nic=ASIX_AX88179_USB3_GbE
[2026-09-17T16:38:09] METRIC memory_mb=133.98
[2026-09-17T16:38:09] METRIC cpu_util_pct=60.86
[2026-09-17T16:38:09] METRIC startup_time_s=3.574
[2026-09-17T16:38:09] METRIC throughput_mbps=301.69
[2026-09-17T16:38:09] RUN_END status=OK
[2026-09-17T16:41:29] RUN_START run_id=EDGE_NFD_105
[2026-09-17T16:41:29] PARAM implementation=NFD
[2026-09-17T16:41:29] PARAM device=RaspberryPi4B_4GB
[2026-09-17T16:41:29] PARAM nic=ASIX_AX88179_USB3_GbE
[2026-09-17T16:41:29] METRIC memory_mb=135.23
[2026-09-17T16:41:29] METRIC cpu_util_pct=62.62
[2026-09-17T16:41:29] METRIC startup_time_s=3.669
[2026-09-17T16:41:29] METRIC throughput_mbps=314.73
[2026-09-17T16:41:29] RUN_END status=OK
[2026-09-17T21:21:27] RUN_START run_id=EDGE_PythonNDN_117
[2026-09-17T21:21:27] PARAM implementation=PythonNDN
[2026-09-17T21:21:27] PARAM device=RaspberryPi4B_4GB
[2026-09-17T21:21:27] PARAM nic=ASIX_AX88179_USB3_GbE
[2026-09-17T21:21:27] METRIC memory_mb=170.98
[2026-09-17T21:21:27] METRIC cpu_util_pct=81.97
[2026-09-17T21:21:27] METRIC startup_time_s=5.084
[2026-09-17T21:21:27] METRIC throughput_mbps=87.88
[2026-09-17T21:21:27] RUN_END status=OK
[2026-09-17T21:24:33] RUN_START run_id=EDGE_PythonNDN_118
[2026-09-17T21:24:33] PARAM implementation=PythonNDN
[2026-09-17T21:24:33] PARAM device=RaspberryPi4B_4GB
[2026-09-17T21:24:33] PARAM nic=ASIX_AX88179_USB3_GbE
[2026-09-17T21:24:33] METRIC memory_mb=165.37
[2026-09-17T21:24:33] METRIC cpu_util_pct=77.57
[2026-09-17T21:24:33] METRIC startup_time_s=5.273
[2026-09-17T21:24:33] METRIC throughput_mbps=84.85
[2026-09-17T21:24:33] RUN_END status=OK
[2026-09-17T21:28:42] RUN_START run_id=EDGE_PythonNDN_119
[2026-09-17T21:28:42] PARAM implementation=PythonNDN
[2026-09-17T21:28:42] PARAM device=RaspberryPi4B_4GB
[2026-09-17T21:28:42] PARAM nic=ASIX_AX88179_USB3_GbE
[2026-09-17T21:28:42] METRIC memory_mb=177.64
[2026-09-17T21:28:42] METRIC cpu_util_pct=85.22
[2026-09-17T21:28:42] METRIC startup_time_s=4.936
[2026-09-17T21:28:42] METRIC throughput_mbps=92.0
[2026-09-17T21:28:42] RUN_END status=OK
[2026-09-17T21:33:44] RUN_START run_id=EDGE_PythonNDN_120
[2026-09-17T21:33:44] PARAM implementation=PythonNDN
[2026-09-17T21:33:44] PARAM device=RaspberryPi4B_4GB
[2026-09-17T21:33:44] PARAM nic=ASIX_AX88179_USB3_GbE
[2026-09-17T21:33:44] METRIC memory_mb=169.72
[2026-09-17T21:33:44] METRIC cpu_util_pct=79.2
[2026-09-17T21:33:44] METRIC startup_time_s=4.979
[2026-09-17T21:33:44] METRIC throughput_mbps=88.43
[2026-09-17T21:33:44] RUN_END status=OK
[2026-09-17T21:35:02] RUN_START run_id=EDGE_PythonNDN_121
[2026-09-17T21:35:02] PARAM implementation=PythonNDN
[2026-09-17T21:35:02] PARAM device=RaspberryPi4B_4GB
[2026-09-17T21:35:02] PARAM nic=ASIX_AX88179_USB3_GbE
[2026-09-17T21:35:02] METRIC memory_mb=176.08
[2026-09-17T21:35:02] METRIC cpu_util_pct=80.6
[2026-09-17T21:35:02] METRIC startup_time_s=5.407
[2026-09-17T21:35:02] METRIC throughput_mbps=86.49
[2026-09-17T21:35:02] RUN_END status=OK
[2026-09-17T21:37:34] RUN_START run_id=EDGE_PythonNDN_122
[2026-09-17T21:37:34] PARAM implementation=PythonNDN
[2026-09-17T21:37:34] PARAM device=RaspberryPi4B_4GB
[2026-09-17T21:37:34] PARAM nic=ASIX_AX88179_USB3_GbE
[2026-09-17T21:37:34] METRIC memory_mb=168.99
[2026-09-17T21:37:34] METRIC cpu_util_pct=83.54
[2026-09-17T21:37:34] METRIC startup_time_s=5.017
[2026-09-17T21:37:34] METRIC throughput_mbps=85.89
[2026-09-17T21:37:34] RUN_END status=OK
