[2026-09-22T17:44:37] RUN_START run_id=EDGE_uDCN_140
[2026-09-22T17:44:37] PARAM implementation=uDCN
[2026-09-22T17:44:37] PARAM device=RaspberryPi4B_4GB
[2026-09-22T17:44:37] PARAM nic=ASIX_AX88179_USB3_GbE
[2026-09-22T17:44:37] METRIC memory_mb=46.22
[2026-09-22T17:44:37] METRIC cpu_util_pct=18.99
[2026-09-22T17:44:37] METRIC startup_time_s=1.213
[2026-09-22T17:44:37] METRIC throughput_mbps=952.63
[2026-09-22T17:44:37] RUN_END status=OK
[2026-09-22T17:46:33] RUN_START run_id=EDGE_uDCN_141
[2026-09-22T17:46:33] PARAM implementation=uDCN
[2026-09-22T17:46:33] PARAM device=RaspberryPi4B_4GB
[2026-09-22T17:46:33] PARAM nic=ASIX_AX88179_USB3_GbE
[2026-09-22T17:46:33] METRIC memory_mb=41.62
[2026-09-22T17:46:33] METRIC cpu_util_pct=19.01
[2026-09-22T17:46:33] METRIC startup_time_s=1.175
[2026-09-22T17:46:33] METRIC throughput_mbps=846.72
[2026-09-22T17:46:33] RUN_END status=OK
[2026-09-22T17:49:25] RUN_START run_id=EDGE_uDCN_142
[2026-09-22T17:49:25] PARAM implementation=uDCN
[2026-09-22T17:49:25] PARAM device=RaspberryPi4B_4GB
[2026-09-22T17:49:25] PARAM nic=ASIX_AX88179_USB3_GbE
[2026-09-22T17:49:25] METRIC memory_mb=41.27
[2026-09-22T17:49:25] METRIC cpu_util_pct=17.2
[2026-09-22T17:49:25] METRIC startup_time_s=1.233
[2026-09-22T17:49:25] METRIC throughput_mbps=808.12
[2026-09-22T17:49:25] RUN_END status=OK
[2026-09-22T17:51:35] RUN_START run_id=EDGE_uDCN_143
[2026-09-22T17:51:35] PARAM implementation=uDCN
[2026-09-22T17:51:35] PARAM device=RaspberryPi4B_4GB
[2026-09-22T17:51:35] PARAM nic=ASIX_AX88179_USB3_GbE
[2026-09-22T17:51:35] METRIC memory_mb=42.07
[2026-09-22T17:51:35] METRIC cpu_util_pct=18.59
[2026-09-22T17:51:35] METRIC startup_time_s=1.166
[2026-09-22T17:51:35] METRIC throughput_mbps=846.72
[2026-09-22T17:51:35] RUN_END status=OK
[2026-09-22T17:58:12] RUN_START run_id=EDGE_uDCN_144
[2026-09-22T17:58:12] PARAM implementation=uDCN
[2026-09-22T17:58:12] PARAM device=RaspberryPi4B_4GB
[2026-09-22T17:58:12] PARAM nic=ASIX_AX88179_USB3_GbE
[2026-09-22T17:58:12] METRIC memory_mb=42.1
[2026-09-22T17:58:12] METRIC cpu_util_pct=17.49
[2026-09-22T17:58:12] METRIC startup_time_s=1.131
[2026-09-22T17:58:12] METRIC throughput_mbps=847.88
[2026-09-22T17:58:12] RUN_END status=OK
[2026-09-22T17:59:45] RUN_START run_id=EDGE_uDCN_145
[2026-09-22T17:59:45] PARAM implementation=uDCN
[2026-09-22T17:59:45] PARAM device=RaspberryPi4B_4GB
[2026-09-22T17:59:45] PARAM nic=ASIX_AX88179_USB3_GbE
[2026-09-22T17:59:45] METRIC memory_mb=44.21
[2026-09-22T17:59:45] METRIC cpu_util_pct=16.85
[2026-09-22T17:59:45] METRIC startup_time_s=1.226
[2026-09-22T17:59:45] METRIC throughput_mbps=868.54
[2026-09-22T17:59:45] RUN_END status=OK
[2026-09-22T18:03:31] RUN_START run_id=EDGE_uDCN_146
[2026-09-22T18:03:31] PARAM implementation=uDCN
[2026-09-22T18:03:31] PARAM device=RaspberryPi4B_4GB
[2026-09-22T18:03:31] PARAM nic=ASIX_AX88179_USB3_GbE
[2026-09-22T18:03:31] METRIC memory_mb=41.59
[2026-09-22T18:03:31] METRIC cpu_util_pct=19.27
[2026-09-22T18:03:31] METRIC startup_time_s=1.192
[2026-09-22T18:03:31] METRIC throughput_mbps=893.03
[2026-09-22T18:03:31] RUN_END status=OK
[2026-09-22T18:06:26] RUN_START run_id=EDGE_uDCN_147
[2026-09-22T18:06:26] PARAM implementation=uDCN
[2026-09-22T18:06:26] PARAM device=RaspberryPi4B_4GB
[2026-09-22T18:06:26] PARAM nic=ASIX_AX88179_USB3_GbE
[2026-09-22T18:06:26] METRIC memory_mb=41.56
[2026-09-22T18:06:26] METRIC cpu_util_pct=18.6
[2026-09-22T18:06:26] METRIC startup_time_s=1.052
[2026-09-22T18:06:26] METRIC throughput_mbps=890.44
[2026-09-22T18:06:26] RUN_END status=OK
[2026-09-22T18:10:35] RUN_START run_id=EDGE_uDCN_148
[2026-09-22T18:10:35] PARAM implementation=uDCN
[2026-09-22T18:10:35] PARAM device=RaspberryPi4B_4GB
[2026-09-22T18:10:35] PARAM nic=ASIX_AX88179_USB3_GbE
[2026-09-22T18:10:35] METRIC memory_mb=41.03
[2026-09-22T18:10:35] METRIC cpu_util_pct=17.19
[2026-09-22T18:10:35] METRIC startup_time_s=1.084
[2026-09-22T18:10:35] METRIC throughput_mbps=849.04
[2026-09-22T18:10:35] RUN_END status=OK
[2026-09-22T18:11:26] RUN_START run_id=EDGE_uDCN_149
[2026-09-22T18:11:26] PARAM implementation=uDCN
[2026-09-22T18:11:26] PARAM device=RaspberryPi4B_4GB
[2026-09-22T18:11:26] PARAM nic=ASIX_AX88179_USB3_GbE
[2026-09-22T18:11:26] METRIC memory_mb=42.11
[2026-09-22T18:11:26] METRIC cpu_util_pct=19.34
[2026-09-22T18:11:26] METRIC startup_time_s=1.146
[2026-09-22T18:11:26] METRIC throughput_mbps=847.6
[2026-09-22T18:11:26] RUN_END status=OK
[2026-09-23T06:55:14] RUN_START run_id=EDGE_CCNlite_050
[2026-09-23T06:55:14] PARAM implementation=CCNlite
[2026-09-23T06:55:14] PARAM device=RaspberryPi4B_4GB
[2026-09-23T06:55:14] PARAM nic=ASIX_AX88179_USB3_GbE
[2026-09-23T06:55:14] METRIC memory_mb=29.47
[2026-09-23T06:55:14] METRIC cpu_util_pct=41.36
[2026-09-23T06:55:14] METRIC startup_time_s=0.77
[2026-09-23T06:55:14] METRIC throughput_mbps=266.74
[2026-09-23T06:55:14] RUN_END status=OK
[2026-09-23T06:57:24] RUN_START run_id=EDGE_CCNlite_051
[2026-09-23T06:57:24] PARAM implementation=CCNlite
[2026-09-23T06:57:24] PARAM device=RaspberryPi4B_4GB
[2026-09-23T06:57:24] PARAM nic=ASIX_AX88179_USB3_GbE
[2026-09-23T06:57:24] METRIC memory_mb=27.54
[2026-09-23T06:57:24] METRIC cpu_util_pct=48.87
[2026-09-23T06:57:24] METRIC startup_time_s=0.668
[2026-09-23T06:57:24] METRIC throughput_mbps=301.02
[2026-09-23T06:57:24] RUN_END status=OK
[2026-09-23T07:00:12] RUN_START run_id=EDGE_CCNlite_052
[2026-09-23T07:00:12] PARAM implementation=CCNlite
[2026-09-23T07:00:12] PARAM device=RaspberryPi4B_4GB
[2026-09-23T07:00:12] PARAM nic=ASIX_AX88179_USB3_GbE
[2026-09-23T07:00:12] METRIC memory_mb=29.95
[2026-09-23T07:00:12] METRIC cpu_util_pct=49.97
[2026-09-23T07:00:12] METRIC startup_time_s=0.789
[2026-09-23T07:00:12] METRIC throughput_mbps=282.6
[2026-09-23T07:00:12] RUN_END status=OK
[2026-09-23T07:00:33] RUN_START run_id=EDGE_CCNlite_053
[2026-09-23T07:00:33] PARAM implementation=CCNlite
[2026-09-23T07:00:33] PARAM device=RaspberryPi4B_4GB
[2026-09-23T07:00:33] PARAM nic=ASIX_AX88179_USB3_GbE
[2026-09-23T07:00:33] METRIC memory_mb=29.51
[2026-09-23T07:00:33] METRIC cpu_util_pct=44.98
[2026-09-23T07:00:33] METRIC startup_time_s=0.805
[2026-09-23T07:00:33] METRIC throughput_mbps=301.64
[2026-09-23T07:00:33] RUN_END status=OK
[2026-09-23T07:06:15] RUN_START run_id=EDGE_CCNlite_054
[2026-09-23T07:06:15] PARAM implementation=CCNlite
[2026-09-23T07:06:15] PARAM device=RaspberryPi4B_4GB
[2026-09-23T07:06:15] PARAM nic=ASIX_AX88179_USB3_GbE
[2026-09-23T07:06:15] METRIC memory_mb=29.49
[2026-09-23T07:06:15] METRIC cpu_util_pct=49.44
[2026-09-23T07:06:15] METRIC startup_time_s=0.66
[2026-09-23T07:06:15] METRIC throughput_mbps=275.43
[2026-09-23T07:06:15] RUN_END status=OK
