[2026-09-20T00:09:38] RUN_START run_id=EDGE_uDCN_039
[2026-09-20T00:09:38] PARAM implementation=uDCN
[2026-09-20T00:09:38] PARAM device=RaspberryPi4B_4GB
[2026-09-20T00:09:38] PARAM nic=ASIX_AX88179_USB3_GbE
[2026-09-20T00:09:38] METRIC memory_mb=42.01
[2026-09-20T00:09:38] METRIC cpu_util_pct=17.3
[2026-09-20T00:09:38] METRIC startup_time_s=1.227
[2026-09-20T00:09:38] METRIC throughput_mbps=919.29
[2026-09-20T00:09:38] RUN_END status=OK
[2026-09-20T00:12:27] RUN_START run_id=10_edge_resource_consumption_DISCARDED_0021
[2026-09-20T00:12:27] RUN_ABORTED reason=thermal_throttle: Raspberry Pi SoC exceeded 80C, CPU governor throttled clock mid-run, measurement discarded
[2026-09-20T00:13:33] RUN_START run_id=EDGE_uDCN_040
[2026-09-20T00:13:33] PARAM implementation=uDCN
[2026-09-20T00:13:33] PARAM device=RaspberryPi4B_4GB
[2026-09-20T00:13:33] PARAM nic=ASIX_AX88179_USB3_GbE
[2026-09-20T00:13:33] METRIC memory_mb=42.88
[2026-09-20T00:13:33] METRIC cpu_util_pct=16.81
[2026-09-20T00:13:33] METRIC startup_time_s=1.189
[2026-09-20T00:13:33] METRIC throughput_mbps=854.51
[2026-09-20T00:13:33] RUN_END status=OK
[2026-09-20T00:18:03] RUN_START run_id=EDGE_uDCN_041
[2026-09-20T00:18:03] PARAM implementation=uDCN
[2026-09-20T00:18:03] PARAM device=RaspberryPi4B_4GB
[2026-09-20T00:18:03] PARAM nic=ASIX_AX88179_USB3_GbE
[2026-09-20T00:18:03] METRIC memory_mb=39.45
[2026-09-20T00:18:03] METRIC cpu_util_pct=18.2
[2026-09-20T00:18:03] METRIC startup_time_s=1.303
[2026-09-20T00:18:03] METRIC throughput_mbps=828.19
[2026-09-20T00:18:03] RUN_END status=OK
[2026-09-20T00:22:25] RUN_START run_id=EDGE_uDCN_042
[2026-09-20T00:22:25] PARAM implementation=uDCN
[2026-09-20T00:22:25] PARAM device=RaspberryPi4B_4GB
[2026-09-20T00:22:25] PARAM nic=ASIX_AX88179_USB3_GbE
[2026-09-20T00:22:25] METRIC memory_mb=43.51
[2026-09-20T00:22:25] METRIC cpu_util_pct=19.19
[2026-09-20T00:22:25] METRIC startup_time_s=1.208
[2026-09-20T00:22:25] METRIC throughput_mbps=888.06
[2026-09-20T00:22:25] RUN_END status=OK
[2026-09-20T00:25:43] RUN_START run_id=EDGE_uDCN_043
[2026-09-20T00:25:43] PARAM implementation=uDCN
[2026-09-20T00:25:43] PARAM device=RaspberryPi4B_4GB
[2026-09-20T00:25:43] PARAM nic=ASIX_AX88179_USB3_GbE
[2026-09-20T00:25:43] METRIC memory_mb=42.02
[2026-09-20T00:25:43] METRIC cpu_util_pct=20.95
[2026-09-20T00:25:43] METRIC startup_time_s=1.196
[2026-09-20T00:25:43] METRIC throughput_mbps=804.48
[2026-09-20T00:25:43] RUN_END status=OK
[2026-09-20T00:30:56] RUN_START run_id=EDGE_uDCN_044
[2026-09-20T00:30:56] PARAM implementation=uDCN
[2026-09-20T00:30:56] PARAM device=RaspberryPi4B_4GB
[2026-09-20T00:30:56] PARAM nic=ASIX_AX88179_USB3_GbE
[2026-09-20T00:30:56] METRIC memory_mb=40.51
[2026-09-20T00:30:56] METRIC cpu_util_pct=17.1
[2026-09-20T00:30:56] METRIC startup_time_s=1.154
[2026-09-20T00:30:56] METRIC throughput_mbps=864.95
[2026-09-20T00:30:56] RUN_END status=OK
[2026-09-20T00:33:00] RUN_START run_id=EDGE_uDCN_045
[2026-09-20T00:33:00] PARAM implementation=uDCN
[2026-09-20T00:33:00] PARAM device=RaspberryPi4B_4GB
[2026-09-20T00:33:00] PARAM nic=ASIX_AX88179_USB3_GbE
[2026-09-20T00:33:00] METRIC memory_mb=44.09
[2026-09-20T00:33:00] METRIC cpu_util_pct=17.32
[2026-09-20T00:33:00] METRIC startup_time_s=1.115
[2026-09-20T00:33:00] METRIC throughput_mbps=879.02
[2026-09-20T00:33:00] RUN_END status=OK
[2026-09-20T00:34:58] RUN_START run_id=EDGE_uDCN_046
[2026-09-20T00:34:58] PARAM implementation=uDCN
[2026-09-20T00:34:58] PARAM device=RaspberryPi4B_4GB
[2026-09-20T00:34:58] PARAM nic=ASIX_AX88179_USB3_GbE
[2026-09-20T00:34:58] METRIC memory_mb=40.38
[2026-09-20T00:34:58] METRIC cpu_util_pct=17.43
[2026-09-20T00:34:58] METRIC startup_time_s=1.137
[2026-09-20T00:34:58] METRIC throughput_mbps=872.09
[2026-09-20T00:34:58] RUN_END status=OK
[2026-09-20T00:36:09] RUN_START run_id=EDGE_uDCN_047
[2026-09-20T00:36:09] PARAM implementation=uDCN
[2026-09-20T00:36:09] PARAM device=RaspberryPi4B_4GB
[2026-09-20T00:36:09] PARAM nic=ASIX_AX88179_USB3_GbE
[2026-09-20T00:36:09] METRIC memory_mb=46.07
[2026-09-20T00:36:09] METRIC cpu_util_pct=16.8
[2026-09-20T00:36:09] METRIC startup_time_s=1.23
[2026-09-20T00:36:09] METRIC throughput_mbps=814.16
[2026-09-20T00:36:09] RUN_END status=OK
[2026-09-20T00:37:39] RUN_START run_id=EDGE_uDCN_048
[2026-09-20T00:37:39] PARAM implementation=uDCN
[2026-09-20T00:37:39] PARAM device=RaspberryPi4B_4GB
[2026-09-20T00:37:39] PARAM nic=ASIX_AX88179_USB3_GbE
[2026-09-20T00:37:39] METRIC memory_mb=40.81
[2026-09-20T00:37:39] METRIC cpu_util_pct=17.38
[2026-09-20T00:37:39] METRIC startup_time_s=1.194
[2026-09-20T00:37:39] METRIC throughput_mbps=853.01
[2026-09-20T00:37:39] RUN_END status=OK
[2026-09-20T00:41:18] RUN_START run_id=EDGE_uDCN_049
[2026-09-20T00:41:18] PARAM implementation=uDCN
[2026-09-20T00:41:18] PARAM device=RaspberryPi4B_4GB
[2026-09-20T00:41:18] PARAM nic=ASIX_AX88179_USB3_GbE
[2026-09-20T00:41:18] METRIC memory_mb=41.94
[2026-09-20T00:41:18] METRIC cpu_util_pct=20.0
[2026-09-20T00:41:18] METRIC startup_time_s=1.213
[2026-09-20T00:41:18] METRIC throughput_mbps=868.83
[2026-09-20T00:41:18] RUN_END status=OK
[2026-09-20T00:43:20] RUN_START run_id=EDGE_uDCN_050
[2026-09-20T00:43:20] PARAM implementation=uDCN
[2026-09-20T00:43:20] PARAM device=RaspberryPi4B_4GB
[2026-09-20T00:43:20] PARAM nic=ASIX_AX88179_USB3_GbE
[2026-09-20T00:43:20] METRIC memory_mb=41.54
[2026-09-20T00:43:20] METRIC cpu_util_pct=18.96
[2026-09-20T00:43:20] METRIC startup_time_s=1.169
[2026-09-20T00:43:20] METRIC throughput_mbps=898.36
[2026-09-20T00:43:20] RUN_END status=OK
[2026-09-20T00:47:16] RUN_START run_id=EDGE_uDCN_051
[2026-09-20T00:47:16] PARAM implementation=uDCN
[2026-09-20T00:47:16] PARAM device=RaspberryPi4B_4GB
[2026-09-20T00:47:16] PARAM nic=ASIX_AX88179_USB3_GbE
[2026-09-20T00:47:16] METRIC memory_mb=40.19
[2026-09-20T00:47:16] METRIC cpu_util_pct=18.28
[2026-09-20T00:47:16] METRIC startup_time_s=1.036
[2026-09-20T00:47:16] METRIC throughput_mbps=884.99
[2026-09-20T00:47:16] RUN_END status=OK
[2026-09-20T06:41:36] RUN_START run_id=EDGE_uDCN_052
[2026-09-20T06:41:36] PARAM implementation=uDCN
[2026-09-20T06:41:36] PARAM device=RaspberryPi4B_4GB
[2026-09-20T06:41:36] PARAM nic=ASIX_AX88179_USB3_GbE
[2026-09-20T06:41:36] METRIC memory_mb=40.09
[2026-09-20T06:41:36] METRIC cpu_util_pct=18.09
[2026-09-20T06:41:36] METRIC startup_time_s=1.0
[2026-09-20T06:41:36] METRIC throughput_mbps=909.42
[2026-09-20T06:41:36] RUN_END status=OK
[2026-09-20T06:42:19] RUN_START run_id=EDGE_uDCN_053
[2026-09-20T06:42:19] PARAM implementation=uDCN
[2026-09-20T06:42:19] PARAM device=RaspberryPi4B_4GB
[2026-09-20T06:42:19] PARAM nic=ASIX_AX88179_USB3_GbE
[2026-09-20T06:42:19] METRIC memory_mb=44.1
[2026-09-20T06:42:19] METRIC cpu_util_pct=17.9
[2026-09-20T06:42:19] METRIC startup_time_s=1.308
[2026-09-20T06:42:19] METRIC throughput_mbps=856.03
[2026-09-20T06:42:19] RUN_END status=OK
[2026-09-20T06:43:28] RUN_START run_id=EDGE_uDCN_054
[2026-09-20T06:43:28] PARAM implementation=uDCN
[2026-09-20T06:43:28] PARAM device=RaspberryPi4B_4GB
[2026-09-20T06:43:28] PARAM nic=ASIX_AX88179_USB3_GbE
[2026-09-20T06:43:28] METRIC memory_mb=43.67
[2026-09-20T06:43:28] METRIC cpu_util_pct=17.91
[2026-09-20T06:43:28] METRIC startup_time_s=1.253
[2026-09-20T06:43:28] METRIC throughput_mbps=908.02
[2026-09-20T06:43:28] RUN_END status=OK
[2026-09-20T06:46:51] RUN_START run_id=EDGE_uDCN_055
[2026-09-20T06:46:51] PARAM implementation=uDCN
[2026-09-20T06:46:51] PARAM device=RaspberryPi4B_4GB
[2026-09-20T06:46:51] PARAM nic=ASIX_AX88179_USB3_GbE
[2026-09-20T06:46:51] METRIC memory_mb=42.01
[2026-09-20T06:46:51] METRIC cpu_util_pct=16.83
[2026-09-20T06:46:51] METRIC startup_time_s=1.271
[2026-09-20T06:46:51] METRIC throughput_mbps=861.76
[2026-09-20T06:46:51] RUN_END status=OK
