[2026-09-18T23:05:12] RUN_START run_id=EDGE_PythonNDN_141
[2026-09-18T23:05:12] PARAM implementation=PythonNDN
[2026-09-18T23:05:12] PARAM device=RaspberryPi4B_4GB
[2026-09-18T23:05:12] PARAM nic=ASIX_AX88179_USB3_GbE
[2026-09-18T23:05:12] METRIC memory_mb=171.79
[2026-09-18T23:05:12] METRIC cpu_util_pct=78.13
[2026-09-18T23:05:12] METRIC startup_time_s=4.781
[2026-09-18T23:05:12] METRIC throughput_mbps=89.68
[2026-09-18T23:05:12] RUN_END status=OK
[2026-09-18T23:07:14] RUN_START run_id=EDGE_PythonNDN_142
[2026-09-18T23:07:14] PARAM implementation=PythonNDN
[2026-09-18T23:07:14] PARAM device=RaspberryPi4B_4GB
[2026-09-18T23:07:14] PARAM nic=ASIX_AX88179_USB3_GbE
[2026-09-18T23:07:14] METRIC memory_mb=181.76
[2026-09-18T23:07:14] METRIC cpu_util_pct=79.99
[2026-09-18T23:07:14] METRIC startup_time_s=5.291
[2026-09-18T23:07:14] METRIC throughput_mbps=80.75
[2026-09-18T23:07:14] RUN_END status=OK
[2026-09-18T23:10:48] RUN_START run_id=EDGE_PythonNDN_143
[2026-09-18T23:10:48] PARAM implementation=PythonNDN
[2026-09-18T23:10:48] PARAM device=RaspberryPi4B_4GB
[2026-09-18T23:10:48] PARAM nic=ASIX_AX88179_USB3_GbE
[2026-09-18T23:10:48] METRIC memory_mb=168.75
[2026-09-18T23:10:48] METRIC cpu_util_pct=80.53
[2026-09-18T23:10:48] METRIC startup_time_s=5.473
[2026-09-18T23:10:48] METRIC throughput_mbps=90.54
[2026-09-18T23:10:48] RUN_END status=OK
[2026-09-18T23:12:45] RUN_START run_id=EDGE_PythonNDN_144
[2026-09-18T23:12:45] PARAM implementation=PythonNDN
[2026-09-18T23:12:45] PARAM device=RaspberryPi4B_4GB
[2026-09-18T23:12:45] PARAM nic=ASIX_AX88179_USB3_GbE
[2026-09-18T23:12:45] METRIC memory_mb=177.38
[2026-09-18T23:12:45] METRIC cpu_util_pct=78.99
[2026-09-18T23:12:45] METRIC startup_time_s=5.738
[2026-09-18T23:12:45] METRIC throughput_mbps=87.33
[2026-09-18T23:12:45] RUN_END status=OK
[2026-09-18T23:14:59] RUN_START run_id=EDGE_PythonNDN_145
[2026-09-18T23:14:59] PARAM implementation=PythonNDN
[2026-09-18T23:14:59] PARAM device=RaspberryPi4B_4GB
[2026-09-18T23:14:59] PARAM nic=ASIX_AX88179_USB3_GbE
[2026-09-18T23:14:59] METRIC memory_mb=168.22
[2026-09-18T23:14:59] METRIC cpu_util_pct=80.81
[2026-09-18T23:14:59] METRIC startup_time_s=5.528
[2026-09-18T23:14:59] METRIC throughput_mbps=81.72
[2026-09-18T23:14:59] RUN_END status=OK
[2026-09-18T23:15:47] RUN_START run_id=EDGE_PythonNDN_146
[2026-09-18T23:15:47] PARAM implementation=PythonNDN
[2026-09-18T23:15:47] PARAM device=RaspberryPi4B_4GB
[2026-09-18T23:15:47] PARAM nic=ASIX_AX88179_USB3_GbE
[2026-09-18T23:15:47] METRIC memory_mb=182.39
[2026-09-18T23:15:47] METRIC cpu_util_pct=74.84
[2026-09-18T23:15:47] METRIC startup_time_s=5.063
[2026-09-18T23:15:47] METRIC throughput_mbps=85.76
[2026-09-18T23:15:47] RUN_END status=OK
[2026-09-18T23:20:08] RUN_START run_id=EDGE_PythonNDN_147
[2026-09-18T23:20:08] PARAM implementation=PythonNDN
[2026-09-18T23:20:08] PARAM device=RaspberryPi4B_4GB
[2026-09-18T23:20:08] PARAM nic=ASIX_AX88179_USB3_GbE
[2026-09-18T23:20:08] METRIC memory_mb=171.42
[2026-09-18T23:20:08] METRIC cpu_util_pct=84.83
[2026-09-18T23:20:08] METRIC startup_time_s=4.958
[2026-09-18T23:20:08] METRIC throughput_mbps=82.77
[2026-09-18T23:20:08] RUN_END status=OK
[2026-09-18T23:22:23] RUN_START run_id=EDGE_PythonNDN_148
[2026-09-18T23:22:23] PARAM implementation=PythonNDN
[2026-09-18T23:22:23] PARAM device=RaspberryPi4B_4GB
[2026-09-18T23:22:23] PARAM nic=ASIX_AX88179_USB3_GbE
[2026-09-18T23:22:23] METRIC memory_mb=178.17
[2026-09-18T23:22:23] METRIC cpu_util_pct=86.8
[2026-09-18T23:22:23] METRIC startup_time_s=4.95
[2026-09-18T23:22:23] METRIC throughput_mbps=89.88
[2026-09-18T23:22:23] RUN_END status=OK
[2026-09-18T23:24:42] RUN_START run_id=EDGE_PythonNDN_149
[2026-09-18T23:24:42] PARAM implementation=PythonNDN
[2026-09-18T23:24:42] PARAM device=RaspberryPi4B_4GB
[2026-09-18T23:24:42] PARAM nic=ASIX_AX88179_USB3_GbE
[2026-09-18T23:24:42] METRIC memory_mb=177.16
[2026-09-18T23:24:42] METRIC cpu_util_pct=81.58
[2026-09-18T23:24:42] METRIC startup_time_s=5.72
[2026-09-18T23:24:42] METRIC throughput_mbps=86.89
[2026-09-18T23:24:42] RUN_END status=OK
[2026-09-18T23:26:15] RUN_START run_id=EDGE_PythonNDN_150
[2026-09-18T23:26:15] PARAM implementation=PythonNDN
[2026-09-18T23:26:15] PARAM device=RaspberryPi4B_4GB
[2026-09-18T23:26:15] PARAM nic=ASIX_AX88179_USB3_GbE
[2026-09-18T23:26:15] METRIC memory_mb=177.93
[2026-09-18T23:26:15] METRIC cpu_util_pct=87.19
[2026-09-18T23:26:15] METRIC startup_time_s=5.412
[2026-09-18T23:26:15] METRIC throughput_mbps=86.06
[2026-09-18T23:26:15] RUN_END status=OK
[2026-09-19T18:00:00] RUN_START run_id=EDGE_uDCN_001
[2026-09-19T18:00:00] PARAM implementation=uDCN
[2026-09-19T18:00:00] PARAM device=RaspberryPi4B_4GB
[2026-09-19T18:00:00] PARAM nic=ASIX_AX88179_USB3_GbE
[2026-09-19T18:00:00] METRIC memory_mb=44.47
[2026-09-19T18:00:00] METRIC cpu_util_pct=16.49
[2026-09-19T18:00:00] METRIC startup_time_s=1.148
[2026-09-19T18:00:00] METRIC throughput_mbps=801.38
[2026-09-19T18:00:00] RUN_END status=OK
[2026-09-19T18:02:03] RUN_START run_id=EDGE_uDCN_002
[2026-09-19T18:02:03] PARAM implementation=uDCN
[2026-09-19T18:02:03] PARAM device=RaspberryPi4B_4GB
[2026-09-19T18:02:03] PARAM nic=ASIX_AX88179_USB3_GbE
[2026-09-19T18:02:03] METRIC memory_mb=42.76
[2026-09-19T18:02:03] METRIC cpu_util_pct=17.46
[2026-09-19T18:02:03] METRIC startup_time_s=1.161
[2026-09-19T18:02:03] METRIC throughput_mbps=903.81
[2026-09-19T18:02:03] RUN_END status=OK
[2026-09-19T18:06:04] RUN_START run_id=EDGE_uDCN_003
[2026-09-19T18:06:04] PARAM implementation=uDCN
[2026-09-19T18:06:04] PARAM device=RaspberryPi4B_4GB
[2026-09-19T18:06:04] PARAM nic=ASIX_AX88179_USB3_GbE
[2026-09-19T18:06:04] METRIC memory_mb=40.65
[2026-09-19T18:06:04] METRIC cpu_util_pct=17.12
[2026-09-19T18:06:04] METRIC startup_time_s=1.028
[2026-09-19T18:06:04] METRIC throughput_mbps=859.68
[2026-09-19T18:06:04] RUN_END status=OK
[2026-09-19T18:06:51] RUN_START run_id=EDGE_uDCN_004
[2026-09-19T18:06:51] PARAM implementation=uDCN
[2026-09-19T18:06:51] PARAM device=RaspberryPi4B_4GB
[2026-09-19T18:06:51] PARAM nic=ASIX_AX88179_USB3_GbE
[2026-09-19T18:06:51] METRIC memory_mb=46.34
[2026-09-19T18:06:51] METRIC cpu_util_pct=17.74
[2026-09-19T18:06:51] METRIC startup_time_s=1.298
[2026-09-19T18:06:51] METRIC throughput_mbps=929.83
[2026-09-19T18:06:51] RUN_END status=OK
[2026-09-19T18:08:43] RUN_START run_id=EDGE_uDCN_005
[2026-09-19T18:08:43] PARAM implementation=uDCN
[2026-09-19T18:08:43] PARAM device=RaspberryPi4B_4GB
[2026-09-19T18:08:43] PARAM nic=ASIX_AX88179_USB3_GbE
[2026-09-19T18:08:43] METRIC memory_mb=42.4
[2026-09-19T18:08:43] METRIC cpu_util_pct=19.45
[2026-09-19T18:08:43] METRIC startup_time_s=1.186
[2026-09-19T18:08:43] METRIC throughput_mbps=858.15
[2026-09-19T18:08:43] RUN_END status=OK
[2026-09-19T18:10:34] RUN_START run_id=EDGE_uDCN_006
[2026-09-19T18:10:34] PARAM implementation=uDCN
[2026-09-19T18:10:34] PARAM device=RaspberryPi4B_4GB
[2026-09-19T18:10:34] PARAM nic=ASIX_AX88179_USB3_GbE
[2026-09-19T18:10:34] METRIC memory_mb=42.56
[2026-09-19T18:10:34] METRIC cpu_util_pct=18.14
[2026-09-19T18:10:34] METRIC startup_time_s=1.093
[2026-09-19T18:10:34] METRIC throughput_mbps=947.14
[2026-09-19T18:10:34] RUN_END status=OK
[2026-09-19T18:12:22] RUN_START run_id=EDGE_uDCN_007
[2026-09-19T18:12:22] PARAM implementation=uDCN
[2026-09-19T18:12:22] PARAM device=RaspberryPi4B_4GB
[2026-09-19T18:12:22] PARAM nic=ASIX_AX88179_USB3_GbE
[2026-09-19T18:12:22] METRIC memory_mb=41.17
[2026-09-19T18:12:22] METRIC cpu_util_pct=19.81
[2026-09-19T18:12:22] METRIC startup_time_s=1.202
[2026-09-19T18:12:22] METRIC throughput_mbps=865.42
[2026-09-19T18:12:22] RUN_END status=OK
[2026-09-19T18:12:52] RUN_START run_id=10_edge_resource_consumption_DISCARDED_0018
[2026-09-19T18:12:52] RUN_ABORTED reason=thermal_throttle: Raspberry Pi SoC exceeded 80C, CPU governor throttled clock mid-run, measurement discarded
[2026-09-19T18:13:44] RUN_START run_id=EDGE_uDCN_008
[2026-09-19T18:13:44] PARAM implementation=uDCN
[2026-09-19T18:13:44] PARAM device=RaspberryPi4B_4GB
[2026-09-19T18:13:44] PARAM nic=ASIX_AX88179_USB3_GbE
[2026-09-19T18:13:44] METRIC memory_mb=42.67
[2026-09-19T18:13:44] METRIC cpu_util_pct=18.4
[2026-09-19T18:13:44] METRIC startup_time_s=1.048
[2026-09-19T18:13:44] METRIC throughput_mbps=882.57
[2026-09-19T18:13:44] RUN_END status=OK
