[2026-09-18T14:07:33] RUN_START run_id=EDGE_NFD_115
[2026-09-18T14:07:33] PARAM implementation=NFD
[2026-09-18T14:07:33] PARAM device=RaspberryPi4B_4GB
[2026-09-18T14:07:33] PARAM nic=ASIX_AX88179_USB3_GbE
[2026-09-18T14:07:33] METRIC memory_mb=137.39
[2026-09-18T14:07:33] METRIC cpu_util_pct=63.78
[2026-09-18T14:07:33] METRIC startup_time_s=3.623
[2026-09-18T14:07:33] METRIC throughput_mbps=308.79
[2026-09-18T14:07:33] RUN_END status=OK
[2026-09-18T14:09:04] RUN_START run_id=EDGE_NFD_116
[2026-09-18T14:09:04] PARAM implementation=NFD
[2026-09-18T14:09:04] PARAM device=RaspberryPi4B_4GB
[2026-09-18T14:09:04] PARAM nic=ASIX_AX88179_USB3_GbE
[2026-09-18T14:09:04] METRIC memory_mb=128.85
[2026-09-18T14:09:04] METRIC cpu_util_pct=65.39
[2026-09-18T14:09:04] METRIC startup_time_s=3.55
[2026-09-18T14:09:04] METRIC throughput_mbps=317.13
[2026-09-18T14:09:04] RUN_END status=OK
[2026-09-18T14:13:21] RUN_START run_id=EDGE_NFD_117
[2026-09-18T14:13:21] PARAM implementation=NFD
[2026-09-18T14:13:21] PARAM device=RaspberryPi4B_4GB
[2026-09-18T14:13:21] PARAM nic=ASIX_AX88179_USB3_GbE
[2026-09-18T14:13:21] METRIC memory_mb=141.46
[2026-09-18T14:13:21] METRIC cpu_util_pct=63.71
[2026-09-18T14:13:21] METRIC startup_time_s=4.026
[2026-09-18T14:13:21] METRIC throughput_mbps=302.82
[2026-09-18T14:13:21] RUN_END status=OK
[2026-09-18T14:16:30] RUN_START run_id=EDGE_NFD_118
[2026-09-18T14:16:30] PARAM implementation=NFD
[2026-09-18T14:16:30] PARAM device=RaspberryPi4B_4GB
[2026-09-18T14:16:30] PARAM nic=ASIX_AX88179_USB3_GbE
[2026-09-18T14:16:30] METRIC memory_mb=138.42
[2026-09-18T14:16:30] METRIC cpu_util_pct=63.9
[2026-09-18T14:16:30] METRIC startup_time_s=4.097
[2026-09-18T14:16:30] METRIC throughput_mbps=298.65
[2026-09-18T14:16:30] RUN_END status=OK
[2026-09-18T14:18:34] RUN_START run_id=EDGE_NFD_119
[2026-09-18T14:18:34] PARAM implementation=NFD
[2026-09-18T14:18:34] PARAM device=RaspberryPi4B_4GB
[2026-09-18T14:18:34] PARAM nic=ASIX_AX88179_USB3_GbE
[2026-09-18T14:18:34] METRIC memory_mb=138.76
[2026-09-18T14:18:34] METRIC cpu_util_pct=64.01
[2026-09-18T14:18:34] METRIC startup_time_s=4.598
[2026-09-18T14:18:34] METRIC throughput_mbps=308.86
[2026-09-18T14:18:34] RUN_END status=OK
[2026-09-18T14:23:22] RUN_START run_id=EDGE_NFD_120
[2026-09-18T14:23:22] PARAM implementation=NFD
[2026-09-18T14:23:22] PARAM device=RaspberryPi4B_4GB
[2026-09-18T14:23:22] PARAM nic=ASIX_AX88179_USB3_GbE
[2026-09-18T14:23:22] METRIC memory_mb=130.32
[2026-09-18T14:23:22] METRIC cpu_util_pct=63.71
[2026-09-18T14:23:22] METRIC startup_time_s=4.013
[2026-09-18T14:23:22] METRIC throughput_mbps=310.19
[2026-09-18T14:23:22] RUN_END status=OK
[2026-09-18T14:25:30] RUN_START run_id=EDGE_NFD_121
[2026-09-18T14:25:30] PARAM implementation=NFD
[2026-09-18T14:25:30] PARAM device=RaspberryPi4B_4GB
[2026-09-18T14:25:30] PARAM nic=ASIX_AX88179_USB3_GbE
[2026-09-18T14:25:30] METRIC memory_mb=134.03
[2026-09-18T14:25:30] METRIC cpu_util_pct=61.85
[2026-09-18T14:25:30] METRIC startup_time_s=4.009
[2026-09-18T14:25:30] METRIC throughput_mbps=306.35
[2026-09-18T14:25:30] RUN_END status=OK
[2026-09-18T14:29:38] RUN_START run_id=EDGE_NFD_122
[2026-09-18T14:29:38] PARAM implementation=NFD
[2026-09-18T14:29:38] PARAM device=RaspberryPi4B_4GB
[2026-09-18T14:29:38] PARAM nic=ASIX_AX88179_USB3_GbE
[2026-09-18T14:29:38] METRIC memory_mb=139.58
[2026-09-18T14:29:38] METRIC cpu_util_pct=62.9
[2026-09-18T14:29:38] METRIC startup_time_s=3.712
[2026-09-18T14:29:38] METRIC throughput_mbps=293.83
[2026-09-18T14:29:38] RUN_END status=OK
[2026-09-18T14:32:51] RUN_START run_id=EDGE_NFD_123
[2026-09-18T14:32:51] PARAM implementation=NFD
[2026-09-18T14:32:51] PARAM device=RaspberryPi4B_4GB
[2026-09-18T14:32:51] PARAM nic=ASIX_AX88179_USB3_GbE
[2026-09-18T14:32:51] METRIC memory_mb=128.0
[2026-09-18T14:32:51] METRIC cpu_util_pct=66.36
[2026-09-18T14:32:51] METRIC startup_time_s=3.669
[2026-09-18T14:32:51] METRIC throughput_mbps=287.39
[2026-09-18T14:32:51] RUN_END status=OK
[2026-09-18T14:33:50] RUN_START run_id=EDGE_NFD_124
[2026-09-18T14:33:50] PARAM implementation=NFD
[2026-09-18T14:33:50] PARAM device=RaspberryPi4B_4GB
[2026-09-18T14:33:50] PARAM nic=ASIX_AX88179_USB3_GbE
[2026-09-18T14:33:50] METRIC memory_mb=125.24
[2026-09-18T14:33:50] METRIC cpu_util_pct=57.06
[2026-09-18T14:33:50] METRIC startup_time_s=4.065
[2026-09-18T14:33:50] METRIC throughput_mbps=306.45
[2026-09-18T14:33:50] RUN_END status=OK
[2026-09-18T14:36:39] RUN_START run_id=EDGE_NFD_125
[2026-09-18T14:36:39] PARAM implementation=NFD
[2026-09-18T14:36:39] PARAM device=RaspberryPi4B_4GB
[2026-09-18T14:36:39] PARAM nic=ASIX_AX88179_USB3_GbE
[2026-09-18T14:36:39] METRIC memory_mb=135.9
[2026-09-18T14:36:39] METRIC cpu_util_pct=59.24
[2026-09-18T14:36:39] METRIC startup_time_s=4.17
[2026-09-18T14:36:39] METRIC throughput_mbps=306.16
[2026-09-18T14:36:39] RUN_END status=OK
