[2026-08-20T19:23:09] RUN_START run_id=SCALE_O_uDCN_100000_114
[2026-08-20T19:23:09] PARAM implementation=uDCN
[2026-08-20T19:23:09] METRIC unique_content_objects=100000
[2026-08-20T19:23:09] METRIC cache_hit_ratio=0.8321
[2026-08-20T19:23:09] RUN_END status=OK
[2026-08-20T21:45:52] RUN_START run_id=SCALE_O_CCNlite_1000000_101
[2026-08-20T21:45:52] PARAM implementation=CCNlite
[2026-08-20T21:45:52] METRIC unique_content_objects=1000000
[2026-08-20T21:45:52] METRIC cache_hit_ratio=0.255
[2026-08-20T21:45:52] RUN_END status=OK
[2026-08-20T21:48:04] RUN_START run_id=SCALE_O_CCNlite_1000000_102
[2026-08-20T21:48:04] PARAM implementation=CCNlite
[2026-08-20T21:48:04] METRIC unique_content_objects=1000000
[2026-08-20T21:48:04] METRIC cache_hit_ratio=0.2795
[2026-08-20T21:48:04] RUN_END status=OK
[2026-08-20T21:51:34] RUN_START run_id=SCALE_O_CCNlite_1000000_103
[2026-08-20T21:51:34] PARAM implementation=CCNlite
[2026-08-20T21:51:34] METRIC unique_content_objects=1000000
[2026-08-20T21:51:34] METRIC cache_hit_ratio=0.2859
[2026-08-20T21:51:34] RUN_END status=OK
[2026-08-20T21:54:14] RUN_START run_id=SCALE_O_CCNlite_1000000_104
[2026-08-20T21:54:14] PARAM implementation=CCNlite
[2026-08-20T21:54:14] METRIC unique_content_objects=1000000
[2026-08-20T21:54:14] METRIC cache_hit_ratio=0.2973
[2026-08-20T21:54:14] RUN_END status=OK
[2026-08-20T21:55:00] RUN_START run_id=08_scalability_content_DISCARDED_0157
[2026-08-20T21:55:00] RUN_ABORTED reason=cache_warmup_incomplete: content-store did not reach steady-state hit ratio within the 30s warm-up window, run discarded
[2026-08-20T21:55:51] RUN_START run_id=SCALE_O_CCNlite_1000000_105
[2026-08-20T21:55:51] PARAM implementation=CCNlite
[2026-08-20T21:55:51] METRIC unique_content_objects=1000000
[2026-08-20T21:55:51] METRIC cache_hit_ratio=0.2507
[2026-08-20T21:55:51] RUN_END status=OK
[2026-08-20T21:57:25] RUN_START run_id=SCALE_O_CCNlite_1000000_106
[2026-08-20T21:57:25] PARAM implementation=CCNlite
[2026-08-20T21:57:25] METRIC unique_content_objects=1000000
[2026-08-20T21:57:25] METRIC cache_hit_ratio=0.2667
[2026-08-20T21:57:25] RUN_END status=OK
[2026-08-20T21:59:55] RUN_START run_id=SCALE_O_CCNlite_1000000_107
[2026-08-20T21:59:55] PARAM implementation=CCNlite
[2026-08-20T21:59:55] METRIC unique_content_objects=1000000
[2026-08-20T21:59:55] METRIC cache_hit_ratio=0.2666
[2026-08-20T21:59:55] RUN_END status=OK
[2026-08-20T22:03:42] RUN_START run_id=SCALE_O_CCNlite_1000000_108
[2026-08-20T22:03:42] PARAM implementation=CCNlite
[2026-08-20T22:03:42] METRIC unique_content_objects=1000000
[2026-08-20T22:03:42] METRIC cache_hit_ratio=0.2632
[2026-08-20T22:03:42] RUN_END status=OK
[2026-08-20T22:05:07] RUN_START run_id=SCALE_O_CCNlite_1000000_109
[2026-08-20T22:05:07] PARAM implementation=CCNlite
[2026-08-20T22:05:07] METRIC unique_content_objects=1000000
[2026-08-20T22:05:07] METRIC cache_hit_ratio=0.2696
[2026-08-20T22:05:07] RUN_END status=OK
[2026-08-20T22:08:27] RUN_START run_id=SCALE_O_CCNlite_1000000_110
[2026-08-20T22:08:27] PARAM implementation=CCNlite
[2026-08-20T22:08:27] METRIC unique_content_objects=1000000
[2026-08-20T22:08:27] METRIC cache_hit_ratio=0.2525
[2026-08-20T22:08:27] RUN_END status=OK
