[2026-08-13T16:01:41] RUN_START run_id=SCALE_O_CCNlite_1000_064
[2026-08-13T16:01:41] PARAM implementation=CCNlite
[2026-08-13T16:01:41] METRIC unique_content_objects=1000
[2026-08-13T16:01:41] METRIC cache_hit_ratio=0.9019
[2026-08-13T16:01:41] RUN_END status=OK
[2026-08-13T18:00:00] RUN_START run_id=SCALE_O_uDCN_300000_001
[2026-08-13T18:00:00] PARAM implementation=uDCN
[2026-08-13T18:00:00] METRIC unique_content_objects=300000
[2026-08-13T18:00:00] METRIC cache_hit_ratio=0.5679
[2026-08-13T18:00:00] RUN_END status=OK
[2026-08-13T18:01:23] RUN_START run_id=SCALE_O_uDCN_300000_002
[2026-08-13T18:01:23] PARAM implementation=uDCN
[2026-08-13T18:01:23] METRIC unique_content_objects=300000
[2026-08-13T18:01:23] METRIC cache_hit_ratio=0.6113
[2026-08-13T18:01:23] RUN_END status=OK
[2026-08-13T18:05:50] RUN_START run_id=SCALE_O_uDCN_300000_003
[2026-08-13T18:05:50] PARAM implementation=uDCN
[2026-08-13T18:05:50] METRIC unique_content_objects=300000
[2026-08-13T18:05:50] METRIC cache_hit_ratio=0.5914
[2026-08-13T18:05:50] RUN_END status=OK
[2026-08-13T18:07:34] RUN_START run_id=SCALE_O_uDCN_300000_004
[2026-08-13T18:07:34] PARAM implementation=uDCN
[2026-08-13T18:07:34] METRIC unique_content_objects=300000
[2026-08-13T18:07:34] METRIC cache_hit_ratio=0.6185
[2026-08-13T18:07:34] RUN_END status=OK
[2026-08-13T18:11:57] RUN_START run_id=SCALE_O_uDCN_300000_005
[2026-08-13T18:11:57] PARAM implementation=uDCN
[2026-08-13T18:11:57] METRIC unique_content_objects=300000
[2026-08-13T18:11:57] METRIC cache_hit_ratio=0.6265
[2026-08-13T18:11:57] RUN_END status=OK
[2026-08-13T18:15:19] RUN_START run_id=SCALE_O_uDCN_300000_006
[2026-08-13T18:15:19] PARAM implementation=uDCN
[2026-08-13T18:15:19] METRIC unique_content_objects=300000
[2026-08-13T18:15:19] METRIC cache_hit_ratio=0.5926
[2026-08-13T18:15:19] RUN_END status=OK
[2026-08-13T18:17:06] RUN_START run_id=SCALE_O_uDCN_300000_007
[2026-08-13T18:17:06] PARAM implementation=uDCN
[2026-08-13T18:17:06] METRIC unique_content_objects=300000
[2026-08-13T18:17:06] METRIC cache_hit_ratio=0.5801
[2026-08-13T18:17:06] RUN_END status=OK
[2026-08-13T18:20:39] RUN_START run_id=SCALE_O_uDCN_300000_008
[2026-08-13T18:20:39] PARAM implementation=uDCN
[2026-08-13T18:20:39] METRIC unique_content_objects=300000
[2026-08-13T18:20:39] METRIC cache_hit_ratio=0.5707
[2026-08-13T18:20:39] RUN_END status=OK
[2026-08-13T18:22:50] RUN_START run_id=SCALE_O_uDCN_300000_009
[2026-08-13T18:22:50] PARAM implementation=uDCN
[2026-08-13T18:22:50] METRIC unique_content_objects=300000
[2026-08-13T18:22:50] METRIC cache_hit_ratio=0.5953
[2026-08-13T18:22:50] RUN_END status=OK
[2026-08-13T18:25:33] RUN_START run_id=SCALE_O_uDCN_300000_010
[2026-08-13T18:25:33] PARAM implementation=uDCN
[2026-08-13T18:25:33] METRIC unique_content_objects=300000
[2026-08-13T18:25:33] METRIC cache_hit_ratio=0.6707
[2026-08-13T18:25:33] RUN_END status=OK
[2026-08-13T18:27:33] RUN_START run_id=SCALE_O_uDCN_300000_011
[2026-08-13T18:27:33] PARAM implementation=uDCN
[2026-08-13T18:27:33] METRIC unique_content_objects=300000
[2026-08-13T18:27:33] METRIC cache_hit_ratio=0.5708
[2026-08-13T18:27:33] RUN_END status=OK
[2026-08-13T18:30:32] RUN_START run_id=SCALE_O_uDCN_300000_012
[2026-08-13T18:30:32] PARAM implementation=uDCN
[2026-08-13T18:30:32] METRIC unique_content_objects=300000
[2026-08-13T18:30:32] METRIC cache_hit_ratio=0.6265
[2026-08-13T18:30:32] RUN_END status=OK
[2026-08-13T18:32:40] RUN_START run_id=SCALE_O_uDCN_300000_013
[2026-08-13T18:32:40] PARAM implementation=uDCN
[2026-08-13T18:32:40] METRIC unique_content_objects=300000
[2026-08-13T18:32:40] METRIC cache_hit_ratio=0.6136
[2026-08-13T18:32:40] RUN_END status=OK
[2026-08-13T18:35:18] RUN_START run_id=SCALE_O_uDCN_300000_014
[2026-08-13T18:35:18] PARAM implementation=uDCN
[2026-08-13T18:35:18] METRIC unique_content_objects=300000
[2026-08-13T18:35:18] METRIC cache_hit_ratio=0.6227
[2026-08-13T18:35:18] RUN_END status=OK
[2026-08-13T18:36:41] RUN_START run_id=SCALE_O_uDCN_300000_015
[2026-08-13T18:36:41] PARAM implementation=uDCN
[2026-08-13T18:36:41] METRIC unique_content_objects=300000
[2026-08-13T18:36:41] METRIC cache_hit_ratio=0.5892
[2026-08-13T18:36:41] RUN_END status=OK
[2026-08-13T18:39:41] RUN_START run_id=SCALE_O_uDCN_300000_016
[2026-08-13T18:39:41] PARAM implementation=uDCN
[2026-08-13T18:39:41] METRIC unique_content_objects=300000
[2026-08-13T18:39:41] METRIC cache_hit_ratio=0.6095
[2026-08-13T18:39:41] RUN_END status=OK
[2026-08-13T18:42:09] RUN_START run_id=SCALE_O_uDCN_300000_017
[2026-08-13T18:42:09] PARAM implementation=uDCN
[2026-08-13T18:42:09] METRIC unique_content_objects=300000
[2026-08-13T18:42:09] METRIC cache_hit_ratio=0.5919
[2026-08-13T18:42:09] RUN_END status=OK
