[2026-08-30T19:37:41] RUN_START run_id=SCALE_O_PythonNDN_5000000_146
[2026-08-30T19:37:41] PARAM implementation=PythonNDN
[2026-08-30T19:37:41] METRIC unique_content_objects=5000000
[2026-08-30T19:37:41] METRIC cache_hit_ratio=0.0472
[2026-08-30T19:37:41] RUN_END status=OK
[2026-08-30T19:39:54] RUN_START run_id=SCALE_O_PythonNDN_5000000_147
[2026-08-30T19:39:54] PARAM implementation=PythonNDN
[2026-08-30T19:39:54] METRIC unique_content_objects=5000000
[2026-08-30T19:39:54] METRIC cache_hit_ratio=0.0537
[2026-08-30T19:39:54] RUN_END status=OK
[2026-08-30T19:41:26] RUN_START run_id=SCALE_O_PythonNDN_5000000_148
[2026-08-30T19:41:26] PARAM implementation=PythonNDN
[2026-08-30T19:41:26] METRIC unique_content_objects=5000000
[2026-08-30T19:41:26] METRIC cache_hit_ratio=0.0528
[2026-08-30T19:41:26] RUN_END status=OK
[2026-08-30T19:45:10] RUN_START run_id=SCALE_O_PythonNDN_5000000_149
[2026-08-30T19:45:10] PARAM implementation=PythonNDN
[2026-08-30T19:45:10] METRIC unique_content_objects=5000000
[2026-08-30T19:45:10] METRIC cache_hit_ratio=0.0499
[2026-08-30T19:45:10] RUN_END status=OK
[2026-08-30T19:46:23] RUN_START run_id=SCALE_O_PythonNDN_5000000_150
[2026-08-30T19:46:23] PARAM implementation=PythonNDN
[2026-08-30T19:46:23] METRIC unique_content_objects=5000000
[2026-08-30T19:46:23] METRIC cache_hit_ratio=0.0489
[2026-08-30T19:46:23] RUN_END status=OK
