[2026-08-17T00:44:10] RUN_START run_id=SCALE_O_uDCN_1000_094
[2026-08-17T00:44:10] PARAM implementation=uDCN
[2026-08-17T00:44:10] METRIC unique_content_objects=1000
[2026-08-17T00:44:10] METRIC cache_hit_ratio=0.989
[2026-08-17T00:44:10] RUN_END status=OK
[2026-08-17T00:46:24] RUN_START run_id=SCALE_O_uDCN_1000_095
[2026-08-17T00:46:24] PARAM implementation=uDCN
[2026-08-17T00:46:24] METRIC unique_content_objects=1000
[2026-08-17T00:46:24] METRIC cache_hit_ratio=0.954
[2026-08-17T00:46:24] RUN_END status=OK
[2026-08-17T00:50:02] RUN_START run_id=SCALE_O_uDCN_1000_096
[2026-08-17T00:50:02] PARAM implementation=uDCN
[2026-08-17T00:50:02] METRIC unique_content_objects=1000
[2026-08-17T00:50:02] METRIC cache_hit_ratio=1.0
[2026-08-17T00:50:02] RUN_END status=OK
[2026-08-17T00:51:35] RUN_START run_id=SCALE_O_uDCN_1000_097
[2026-08-17T00:51:35] PARAM implementation=uDCN
[2026-08-17T00:51:35] METRIC unique_content_objects=1000
[2026-08-17T00:51:35] METRIC cache_hit_ratio=0.9536
[2026-08-17T00:51:35] RUN_END status=OK
[2026-08-17T00:53:47] RUN_START run_id=SCALE_O_uDCN_1000_098
[2026-08-17T00:53:47] PARAM implementation=uDCN
[2026-08-17T00:53:47] METRIC unique_content_objects=1000
[2026-08-17T00:53:47] METRIC cache_hit_ratio=0.9292
[2026-08-17T00:53:47] RUN_END status=OK
[2026-08-17T00:54:29] RUN_START run_id=SCALE_O_uDCN_1000_099
[2026-08-17T00:54:29] PARAM implementation=uDCN
[2026-08-17T00:54:29] METRIC unique_content_objects=1000
[2026-08-17T00:54:29] METRIC cache_hit_ratio=0.9078
[2026-08-17T00:54:29] RUN_END status=OK
[2026-08-17T00:56:34] RUN_START run_id=SCALE_O_uDCN_1000_100
[2026-08-17T00:56:34] PARAM implementation=uDCN
[2026-08-17T00:56:34] METRIC unique_content_objects=1000
[2026-08-17T00:56:34] METRIC cache_hit_ratio=0.9614
[2026-08-17T00:56:34] RUN_END status=OK
[2026-08-17T00:57:54] RUN_START run_id=SCALE_O_uDCN_1000_101
[2026-08-17T00:57:54] PARAM implementation=uDCN
[2026-08-17T00:57:54] METRIC unique_content_objects=1000
[2026-08-17T00:57:54] METRIC cache_hit_ratio=0.9596
[2026-08-17T00:57:54] RUN_END status=OK
[2026-08-17T00:59:47] RUN_START run_id=SCALE_O_uDCN_1000_102
[2026-08-17T00:59:47] PARAM implementation=uDCN
[2026-08-17T00:59:47] METRIC unique_content_objects=1000
[2026-08-17T00:59:47] METRIC cache_hit_ratio=0.9114
[2026-08-17T00:59:47] RUN_END status=OK
[2026-08-17T03:25:44] RUN_START run_id=SCALE_O_PythonNDN_10000_122
[2026-08-17T03:25:44] PARAM implementation=PythonNDN
[2026-08-17T03:25:44] METRIC unique_content_objects=10000
[2026-08-17T03:25:44] METRIC cache_hit_ratio=0.7251
[2026-08-17T03:25:44] RUN_END status=OK
