[2026-08-22T17:24:09] RUN_START run_id=SCALE_O_NFD_300000_034
[2026-08-22T17:24:09] PARAM implementation=NFD
[2026-08-22T17:24:09] METRIC unique_content_objects=300000
[2026-08-22T17:24:09] METRIC cache_hit_ratio=0.4769
[2026-08-22T17:24:09] RUN_END status=OK
[2026-08-22T17:28:12] RUN_START run_id=SCALE_O_NFD_300000_035
[2026-08-22T17:28:12] PARAM implementation=NFD
[2026-08-22T17:28:12] METRIC unique_content_objects=300000
[2026-08-22T17:28:12] METRIC cache_hit_ratio=0.4445
[2026-08-22T17:28:12] RUN_END status=OK
[2026-08-22T17:29:17] RUN_START run_id=SCALE_O_NFD_300000_036
[2026-08-22T17:29:17] PARAM implementation=NFD
[2026-08-22T17:29:17] METRIC unique_content_objects=300000
[2026-08-22T17:29:17] METRIC cache_hit_ratio=0.4542
[2026-08-22T17:29:17] RUN_END status=OK
[2026-08-22T17:30:41] RUN_START run_id=SCALE_O_NFD_300000_037
[2026-08-22T17:30:41] PARAM implementation=NFD
[2026-08-22T17:30:41] METRIC unique_content_objects=300000
[2026-08-22T17:30:41] METRIC cache_hit_ratio=0.4901
[2026-08-22T17:30:41] RUN_END status=OK
[2026-08-22T17:33:45] RUN_START run_id=SCALE_O_NFD_300000_038
[2026-08-22T17:33:45] PARAM implementation=NFD
[2026-08-22T17:33:45] METRIC unique_content_objects=300000
[2026-08-22T17:33:45] METRIC cache_hit_ratio=0.4347
[2026-08-22T17:33:45] RUN_END status=OK
[2026-08-22T17:35:38] RUN_START run_id=SCALE_O_NFD_300000_039
[2026-08-22T17:35:38] PARAM implementation=NFD
[2026-08-22T17:35:38] METRIC unique_content_objects=300000
[2026-08-22T17:35:38] METRIC cache_hit_ratio=0.4291
[2026-08-22T17:35:38] RUN_END status=OK
[2026-08-22T17:37:35] RUN_START run_id=SCALE_O_NFD_300000_040
[2026-08-22T17:37:35] PARAM implementation=NFD
[2026-08-22T17:37:35] METRIC unique_content_objects=300000
[2026-08-22T17:37:35] METRIC cache_hit_ratio=0.4177
[2026-08-22T17:37:35] RUN_END status=OK
[2026-08-22T17:39:04] RUN_START run_id=SCALE_O_NFD_300000_041
[2026-08-22T17:39:04] PARAM implementation=NFD
[2026-08-22T17:39:04] METRIC unique_content_objects=300000
[2026-08-22T17:39:04] METRIC cache_hit_ratio=0.5062
[2026-08-22T17:39:04] RUN_END status=OK
[2026-08-22T17:44:53] RUN_START run_id=SCALE_O_NFD_300000_042
[2026-08-22T17:44:53] PARAM implementation=NFD
[2026-08-22T17:44:53] METRIC unique_content_objects=300000
[2026-08-22T17:44:53] METRIC cache_hit_ratio=0.4563
[2026-08-22T17:44:53] RUN_END status=OK
[2026-08-22T17:46:33] RUN_START run_id=SCALE_O_NFD_300000_043
[2026-08-22T17:46:33] PARAM implementation=NFD
[2026-08-22T17:46:33] METRIC unique_content_objects=300000
[2026-08-22T17:46:33] METRIC cache_hit_ratio=0.4657
[2026-08-22T17:46:33] RUN_END status=OK
[2026-08-22T17:48:13] RUN_START run_id=SCALE_O_NFD_300000_044
[2026-08-22T17:48:13] PARAM implementation=NFD
[2026-08-22T17:48:13] METRIC unique_content_objects=300000
[2026-08-22T17:48:13] METRIC cache_hit_ratio=0.4276
[2026-08-22T17:48:13] RUN_END status=OK
[2026-08-22T17:49:52] RUN_START run_id=SCALE_O_NFD_300000_045
[2026-08-22T17:49:52] PARAM implementation=NFD
[2026-08-22T17:49:52] METRIC unique_content_objects=300000
[2026-08-22T17:49:52] METRIC cache_hit_ratio=0.4357
[2026-08-22T17:49:52] RUN_END status=OK
[2026-08-22T17:51:45] RUN_START run_id=SCALE_O_NFD_300000_046
[2026-08-22T17:51:45] PARAM implementation=NFD
[2026-08-22T17:51:45] METRIC unique_content_objects=300000
[2026-08-22T17:51:45] METRIC cache_hit_ratio=0.4827
[2026-08-22T17:51:45] RUN_END status=OK
[2026-08-22T17:54:10] RUN_START run_id=SCALE_O_NFD_300000_047
[2026-08-22T17:54:10] PARAM implementation=NFD
[2026-08-22T17:54:10] METRIC unique_content_objects=300000
[2026-08-22T17:54:10] METRIC cache_hit_ratio=0.4396
[2026-08-22T17:54:10] RUN_END status=OK
[2026-08-22T17:56:33] RUN_START run_id=SCALE_O_NFD_300000_048
[2026-08-22T17:56:33] PARAM implementation=NFD
[2026-08-22T17:56:33] METRIC unique_content_objects=300000
[2026-08-22T17:56:33] METRIC cache_hit_ratio=0.4471
[2026-08-22T17:56:33] RUN_END status=OK
[2026-08-22T17:57:50] RUN_START run_id=SCALE_O_NFD_300000_049
[2026-08-22T17:57:50] PARAM implementation=NFD
[2026-08-22T17:57:50] METRIC unique_content_objects=300000
[2026-08-22T17:57:50] METRIC cache_hit_ratio=0.4482
[2026-08-22T17:57:50] RUN_END status=OK
[2026-08-22T18:00:21] RUN_START run_id=SCALE_O_NFD_300000_050
[2026-08-22T18:00:21] PARAM implementation=NFD
[2026-08-22T18:00:21] METRIC unique_content_objects=300000
[2026-08-22T18:00:21] METRIC cache_hit_ratio=0.4465
[2026-08-22T18:00:21] RUN_END status=OK
[2026-08-22T18:00:53] RUN_START run_id=SCALE_O_NFD_300000_051
[2026-08-22T18:00:53] PARAM implementation=NFD
[2026-08-22T18:00:53] METRIC unique_content_objects=300000
[2026-08-22T18:00:53] METRIC cache_hit_ratio=0.4416
[2026-08-22T18:00:53] RUN_END status=OK
[2026-08-22T18:04:22] RUN_START run_id=SCALE_O_NFD_300000_052
[2026-08-22T18:04:22] PARAM implementation=NFD
[2026-08-22T18:04:22] METRIC unique_content_objects=300000
[2026-08-22T18:04:22] METRIC cache_hit_ratio=0.4297
[2026-08-22T18:04:22] RUN_END status=OK
[2026-08-22T18:06:39] RUN_START run_id=SCALE_O_NFD_300000_053
[2026-08-22T18:06:39] PARAM implementation=NFD
[2026-08-22T18:06:39] METRIC unique_content_objects=300000
[2026-08-22T18:06:39] METRIC cache_hit_ratio=0.4316
[2026-08-22T18:06:39] RUN_END status=OK
