[2026-08-15T13:12:02] RUN_START run_id=SCALE_O_NFD_1000_039
[2026-08-15T13:12:02] PARAM implementation=NFD
[2026-08-15T13:12:02] METRIC unique_content_objects=1000
[2026-08-15T13:12:02] METRIC cache_hit_ratio=0.885
[2026-08-15T13:12:02] RUN_END status=OK
[2026-08-15T13:15:42] RUN_START run_id=SCALE_O_NFD_1000_040
[2026-08-15T13:15:42] PARAM implementation=NFD
[2026-08-15T13:15:42] METRIC unique_content_objects=1000
[2026-08-15T13:15:42] METRIC cache_hit_ratio=0.9174
[2026-08-15T13:15:42] RUN_END status=OK
[2026-08-15T13:21:04] RUN_START run_id=SCALE_O_NFD_1000_041
[2026-08-15T13:21:04] PARAM implementation=NFD
[2026-08-15T13:21:04] METRIC unique_content_objects=1000
[2026-08-15T13:21:04] METRIC cache_hit_ratio=0.8978
[2026-08-15T13:21:04] RUN_END status=OK
[2026-08-15T13:23:21] RUN_START run_id=SCALE_O_NFD_1000_042
[2026-08-15T13:23:21] PARAM implementation=NFD
[2026-08-15T13:23:21] METRIC unique_content_objects=1000
[2026-08-15T13:23:21] METRIC cache_hit_ratio=0.9892
[2026-08-15T13:23:21] RUN_END status=OK
[2026-08-15T13:25:41] RUN_START run_id=SCALE_O_NFD_1000_043
[2026-08-15T13:25:41] PARAM implementation=NFD
[2026-08-15T13:25:41] METRIC unique_content_objects=1000
[2026-08-15T13:25:41] METRIC cache_hit_ratio=0.9601
[2026-08-15T13:25:41] RUN_END status=OK
[2026-08-15T13:29:05] RUN_START run_id=SCALE_O_NFD_1000_044
[2026-08-15T13:29:05] PARAM implementation=NFD
[2026-08-15T13:29:05] METRIC unique_content_objects=1000
[2026-08-15T13:29:05] METRIC cache_hit_ratio=0.9155
[2026-08-15T13:29:05] RUN_END status=OK
[2026-08-15T13:30:07] RUN_START run_id=SCALE_O_NFD_1000_045
[2026-08-15T13:30:07] PARAM implementation=NFD
[2026-08-15T13:30:07] METRIC unique_content_objects=1000
[2026-08-15T13:30:07] METRIC cache_hit_ratio=0.9682
[2026-08-15T13:30:07] RUN_END status=OK
[2026-08-15T13:32:02] RUN_START run_id=SCALE_O_NFD_1000_046
[2026-08-15T13:32:02] PARAM implementation=NFD
[2026-08-15T13:32:02] METRIC unique_content_objects=1000
[2026-08-15T13:32:02] METRIC cache_hit_ratio=0.9119
[2026-08-15T13:32:02] RUN_END status=OK
[2026-08-15T13:33:22] RUN_START run_id=SCALE_O_NFD_1000_047
[2026-08-15T13:33:22] PARAM implementation=NFD
[2026-08-15T13:33:22] METRIC unique_content_objects=1000
[2026-08-15T13:33:22] METRIC cache_hit_ratio=0.9624
[2026-08-15T13:33:22] RUN_END status=OK
[2026-08-15T13:34:55] RUN_START run_id=SCALE_O_NFD_1000_048
[2026-08-15T13:34:55] PARAM implementation=NFD
[2026-08-15T13:34:55] METRIC unique_content_objects=1000
[2026-08-15T13:34:55] METRIC cache_hit_ratio=0.8887
[2026-08-15T13:34:55] RUN_END status=OK
[2026-08-15T13:35:51] RUN_START run_id=SCALE_O_NFD_1000_049
[2026-08-15T13:35:51] PARAM implementation=NFD
[2026-08-15T13:35:51] METRIC unique_content_objects=1000
[2026-08-15T13:35:51] METRIC cache_hit_ratio=0.9538
[2026-08-15T13:35:51] RUN_END status=OK
