[2026-08-21T16:00:38] RUN_START run_id=SCALE_O_CCNlite_300000_054
[2026-08-21T16:00:38] PARAM implementation=CCNlite
[2026-08-21T16:00:38] METRIC unique_content_objects=300000
[2026-08-21T16:00:38] METRIC cache_hit_ratio=0.4497
[2026-08-21T16:00:38] RUN_END status=OK
[2026-08-21T16:02:09] RUN_START run_id=SCALE_O_CCNlite_300000_055
[2026-08-21T16:02:09] PARAM implementation=CCNlite
[2026-08-21T16:02:09] METRIC unique_content_objects=300000
[2026-08-21T16:02:09] METRIC cache_hit_ratio=0.4465
[2026-08-21T16:02:09] RUN_END status=OK
[2026-08-21T16:04:14] RUN_START run_id=SCALE_O_CCNlite_300000_056
[2026-08-21T16:04:14] PARAM implementation=CCNlite
[2026-08-21T16:04:14] METRIC unique_content_objects=300000
[2026-08-21T16:04:14] METRIC cache_hit_ratio=0.4424
[2026-08-21T16:04:14] RUN_END status=OK
[2026-08-21T16:05:00] RUN_START run_id=SCALE_O_uDCN_100000_131
[2026-08-21T16:05:00] PARAM implementation=uDCN
[2026-08-21T16:05:00] METRIC unique_content_objects=100000
[2026-08-21T16:05:00] METRIC cache_hit_ratio=0.8491
[2026-08-21T16:05:00] RUN_END status=OK
[2026-08-21T16:07:56] RUN_START run_id=SCALE_O_uDCN_100000_132
[2026-08-21T16:07:56] PARAM implementation=uDCN
[2026-08-21T16:07:56] METRIC unique_content_objects=100000
[2026-08-21T16:07:56] METRIC cache_hit_ratio=0.8133
[2026-08-21T16:07:56] RUN_END status=OK
[2026-08-21T16:08:13] RUN_START run_id=SCALE_O_CCNlite_300000_057
[2026-08-21T16:08:13] PARAM implementation=CCNlite
[2026-08-21T16:08:13] METRIC unique_content_objects=300000
[2026-08-21T16:08:13] METRIC cache_hit_ratio=0.4327
[2026-08-21T16:08:13] RUN_END status=OK
[2026-08-21T16:09:01] RUN_START run_id=SCALE_O_CCNlite_300000_058
[2026-08-21T16:09:01] PARAM implementation=CCNlite
[2026-08-21T16:09:01] METRIC unique_content_objects=300000
[2026-08-21T16:09:01] METRIC cache_hit_ratio=0.4121
[2026-08-21T16:09:01] RUN_END status=OK
[2026-08-21T16:12:15] RUN_START run_id=SCALE_O_uDCN_100000_133
[2026-08-21T16:12:15] PARAM implementation=uDCN
[2026-08-21T16:12:15] METRIC unique_content_objects=100000
[2026-08-21T16:12:15] METRIC cache_hit_ratio=0.7866
[2026-08-21T16:12:15] RUN_END status=OK
[2026-08-21T16:14:57] RUN_START run_id=SCALE_O_uDCN_100000_134
[2026-08-21T16:14:57] PARAM implementation=uDCN
[2026-08-21T16:14:57] METRIC unique_content_objects=100000
[2026-08-21T16:14:57] METRIC cache_hit_ratio=0.7972
[2026-08-21T16:14:57] RUN_END status=OK
[2026-08-21T16:15:09] RUN_START run_id=SCALE_O_uDCN_100000_135
[2026-08-21T16:15:09] PARAM implementation=uDCN
[2026-08-21T16:15:09] METRIC unique_content_objects=100000
[2026-08-21T16:15:09] METRIC cache_hit_ratio=0.7847
[2026-08-21T16:15:09] RUN_END status=OK
