[2026-08-18T03:01:11] RUN_START run_id=SCALE_O_uDCN_10000_070
[2026-08-18T03:01:11] PARAM implementation=uDCN
[2026-08-18T03:01:11] METRIC unique_content_objects=10000
[2026-08-18T03:01:11] METRIC cache_hit_ratio=0.8763
[2026-08-18T03:01:11] RUN_END status=OK
[2026-08-18T03:02:30] RUN_START run_id=SCALE_O_uDCN_10000_071
[2026-08-18T03:02:30] PARAM implementation=uDCN
[2026-08-18T03:02:30] METRIC unique_content_objects=10000
[2026-08-18T03:02:30] METRIC cache_hit_ratio=0.9501
[2026-08-18T03:02:30] RUN_END status=OK
[2026-08-18T03:04:46] RUN_START run_id=SCALE_O_uDCN_10000_072
[2026-08-18T03:04:46] PARAM implementation=uDCN
[2026-08-18T03:04:46] METRIC unique_content_objects=10000
[2026-08-18T03:04:46] METRIC cache_hit_ratio=0.8958
[2026-08-18T03:04:46] RUN_END status=OK
[2026-08-18T03:06:57] RUN_START run_id=SCALE_O_uDCN_10000_073
[2026-08-18T03:06:57] PARAM implementation=uDCN
[2026-08-18T03:06:57] METRIC unique_content_objects=10000
[2026-08-18T03:06:57] METRIC cache_hit_ratio=0.8953
[2026-08-18T03:06:57] RUN_END status=OK
[2026-08-18T03:07:32] RUN_START run_id=SCALE_O_uDCN_10000_074
[2026-08-18T03:07:32] PARAM implementation=uDCN
[2026-08-18T03:07:32] METRIC unique_content_objects=10000
[2026-08-18T03:07:32] METRIC cache_hit_ratio=0.911
[2026-08-18T03:07:32] RUN_END status=OK
[2026-08-18T03:09:13] RUN_START run_id=SCALE_O_uDCN_10000_075
[2026-08-18T03:09:13] PARAM implementation=uDCN
[2026-08-18T03:09:13] METRIC unique_content_objects=10000
[2026-08-18T03:09:13] METRIC cache_hit_ratio=0.8923
[2026-08-18T03:09:13] RUN_END status=OK
[2026-08-18T03:10:02] RUN_START run_id=SCALE_O_uDCN_10000_076
[2026-08-18T03:10:02] PARAM implementation=uDCN
[2026-08-18T03:10:02] METRIC unique_content_objects=10000
[2026-08-18T03:10:02] METRIC cache_hit_ratio=0.8308
[2026-08-18T03:10:02] RUN_END status=OK
[2026-08-18T03:15:08] RUN_START run_id=SCALE_O_uDCN_10000_077
[2026-08-18T03:15:08] PARAM implementation=uDCN
[2026-08-18T03:15:08] METRIC unique_content_objects=10000
[2026-08-18T03:15:08] METRIC cache_hit_ratio=0.9282
[2026-08-18T03:15:08] RUN_END status=OK
[2026-08-18T03:17:27] RUN_START run_id=SCALE_O_uDCN_10000_078
[2026-08-18T03:17:27] PARAM implementation=uDCN
[2026-08-18T03:17:27] METRIC unique_content_objects=10000
[2026-08-18T03:17:27] METRIC cache_hit_ratio=0.8312
[2026-08-18T03:17:27] RUN_END status=OK
[2026-08-18T03:18:33] RUN_START run_id=SCALE_O_uDCN_10000_079
[2026-08-18T03:18:33] PARAM implementation=uDCN
[2026-08-18T03:18:33] METRIC unique_content_objects=10000
[2026-08-18T03:18:33] METRIC cache_hit_ratio=0.8147
[2026-08-18T03:18:33] RUN_END status=OK
[2026-08-18T07:28:10] RUN_START run_id=SCALE_O_uDCN_1000_123
[2026-08-18T07:28:10] PARAM implementation=uDCN
[2026-08-18T07:28:10] METRIC unique_content_objects=1000
[2026-08-18T07:28:10] METRIC cache_hit_ratio=0.9431
[2026-08-18T07:28:10] RUN_END status=OK
[2026-08-18T07:28:41] RUN_START run_id=SCALE_O_uDCN_1000_124
[2026-08-18T07:28:41] PARAM implementation=uDCN
[2026-08-18T07:28:41] METRIC unique_content_objects=1000
[2026-08-18T07:28:41] METRIC cache_hit_ratio=0.994
[2026-08-18T07:28:41] RUN_END status=OK
[2026-08-18T07:30:57] RUN_START run_id=SCALE_O_uDCN_1000_125
[2026-08-18T07:30:57] PARAM implementation=uDCN
[2026-08-18T07:30:57] METRIC unique_content_objects=1000
[2026-08-18T07:30:57] METRIC cache_hit_ratio=1.0
[2026-08-18T07:30:57] RUN_END status=OK
