[2026-08-20T16:56:58] RUN_START run_id=SCALE_O_NFD_100000_022
[2026-08-20T16:56:58] PARAM implementation=NFD
[2026-08-20T16:56:58] METRIC unique_content_objects=100000
[2026-08-20T16:56:58] METRIC cache_hit_ratio=0.6557
[2026-08-20T16:56:58] RUN_END status=OK
[2026-08-20T16:57:40] RUN_START run_id=SCALE_O_NFD_1000000_140
[2026-08-20T16:57:40] PARAM implementation=NFD
[2026-08-20T16:57:40] METRIC unique_content_objects=1000000
[2026-08-20T16:57:40] METRIC cache_hit_ratio=0.2388
[2026-08-20T16:57:40] RUN_END status=OK
[2026-08-20T16:59:49] RUN_START run_id=SCALE_O_NFD_100000_023
[2026-08-20T16:59:49] PARAM implementation=NFD
[2026-08-20T16:59:49] METRIC unique_content_objects=100000
[2026-08-20T16:59:49] METRIC cache_hit_ratio=0.6356
[2026-08-20T16:59:49] RUN_END status=OK
[2026-08-20T17:01:53] RUN_START run_id=SCALE_O_NFD_100000_024
[2026-08-20T17:01:53] PARAM implementation=NFD
[2026-08-20T17:01:53] METRIC unique_content_objects=100000
[2026-08-20T17:01:53] METRIC cache_hit_ratio=0.6806
[2026-08-20T17:01:53] RUN_END status=OK
[2026-08-20T17:01:59] RUN_START run_id=SCALE_O_NFD_1000000_141
[2026-08-20T17:01:59] PARAM implementation=NFD
[2026-08-20T17:01:59] METRIC unique_content_objects=1000000
[2026-08-20T17:01:59] METRIC cache_hit_ratio=0.24
[2026-08-20T17:01:59] RUN_END status=OK
[2026-08-20T17:03:43] RUN_START run_id=SCALE_O_NFD_1000000_142
[2026-08-20T17:03:43] PARAM implementation=NFD
[2026-08-20T17:03:43] METRIC unique_content_objects=1000000
[2026-08-20T17:03:43] METRIC cache_hit_ratio=0.2726
[2026-08-20T17:03:43] RUN_END status=OK
[2026-08-20T17:05:48] RUN_START run_id=SCALE_O_NFD_100000_025
[2026-08-20T17:05:48] PARAM implementation=NFD
[2026-08-20T17:05:48] METRIC unique_content_objects=100000
[2026-08-20T17:05:48] METRIC cache_hit_ratio=0.6254
[2026-08-20T17:05:48] RUN_END status=OK
[2026-08-20T17:06:25] RUN_START run_id=SCALE_O_NFD_100000_026
[2026-08-20T17:06:25] PARAM implementation=NFD
[2026-08-20T17:06:25] METRIC unique_content_objects=100000
[2026-08-20T17:06:25] METRIC cache_hit_ratio=0.675
[2026-08-20T17:06:25] RUN_END status=OK
[2026-08-20T17:07:47] RUN_START run_id=SCALE_O_NFD_1000000_143
[2026-08-20T17:07:47] PARAM implementation=NFD
[2026-08-20T17:07:47] METRIC unique_content_objects=1000000
[2026-08-20T17:07:47] METRIC cache_hit_ratio=0.2307
[2026-08-20T17:07:47] RUN_END status=OK
[2026-08-20T17:08:08] RUN_START run_id=SCALE_O_NFD_100000_027
[2026-08-20T17:08:08] PARAM implementation=NFD
[2026-08-20T17:08:08] METRIC unique_content_objects=100000
[2026-08-20T17:08:08] METRIC cache_hit_ratio=0.6248
[2026-08-20T17:08:08] RUN_END status=OK
[2026-08-20T17:09:54] RUN_START run_id=SCALE_O_NFD_1000000_144
[2026-08-20T17:09:54] PARAM implementation=NFD
[2026-08-20T17:09:54] METRIC unique_content_objects=1000000
[2026-08-20T17:09:54] METRIC cache_hit_ratio=0.2432
[2026-08-20T17:09:54] RUN_END status=OK
[2026-08-20T17:11:02] RUN_START run_id=SCALE_O_NFD_100000_028
[2026-08-20T17:11:02] PARAM implementation=NFD
[2026-08-20T17:11:02] METRIC unique_content_objects=100000
[2026-08-20T17:11:02] METRIC cache_hit_ratio=0.6585
[2026-08-20T17:11:02] RUN_END status=OK
[2026-08-20T17:12:46] RUN_START run_id=SCALE_O_NFD_1000000_145
[2026-08-20T17:12:46] PARAM implementation=NFD
[2026-08-20T17:12:46] METRIC unique_content_objects=1000000
[2026-08-20T17:12:46] METRIC cache_hit_ratio=0.2384
[2026-08-20T17:12:46] RUN_END status=OK
[2026-08-20T17:13:32] RUN_START run_id=SCALE_O_NFD_100000_029
[2026-08-20T17:13:32] PARAM implementation=NFD
[2026-08-20T17:13:32] METRIC unique_content_objects=100000
[2026-08-20T17:13:32] METRIC cache_hit_ratio=0.6194
[2026-08-20T17:13:32] RUN_END status=OK
