[2026-08-12T05:16:29] RUN_START run_id=SCALE_O_uDCN_5000000_059
[2026-08-12T05:16:29] PARAM implementation=uDCN
[2026-08-12T05:16:29] METRIC unique_content_objects=5000000
[2026-08-12T05:16:29] METRIC cache_hit_ratio=0.2833
[2026-08-12T05:16:29] RUN_END status=OK
[2026-08-12T05:18:43] RUN_START run_id=SCALE_O_uDCN_5000000_060
[2026-08-12T05:18:43] PARAM implementation=uDCN
[2026-08-12T05:18:43] METRIC unique_content_objects=5000000
[2026-08-12T05:18:43] METRIC cache_hit_ratio=0.2772
[2026-08-12T05:18:43] RUN_END status=OK
[2026-08-12T05:19:39] RUN_START run_id=SCALE_O_uDCN_5000000_061
[2026-08-12T05:19:39] PARAM implementation=uDCN
[2026-08-12T05:19:39] METRIC unique_content_objects=5000000
[2026-08-12T05:19:39] METRIC cache_hit_ratio=0.2683
[2026-08-12T05:19:39] RUN_END status=OK
[2026-08-12T05:21:25] RUN_START run_id=SCALE_O_uDCN_5000000_062
[2026-08-12T05:21:25] PARAM implementation=uDCN
[2026-08-12T05:21:25] METRIC unique_content_objects=5000000
[2026-08-12T05:21:25] METRIC cache_hit_ratio=0.2716
[2026-08-12T05:21:25] RUN_END status=OK
[2026-08-12T05:24:06] RUN_START run_id=SCALE_O_uDCN_5000000_063
[2026-08-12T05:24:06] PARAM implementation=uDCN
[2026-08-12T05:24:06] METRIC unique_content_objects=5000000
[2026-08-12T05:24:06] METRIC cache_hit_ratio=0.2661
[2026-08-12T05:24:06] RUN_END status=OK
[2026-08-12T05:27:00] RUN_START run_id=SCALE_O_uDCN_5000000_064
[2026-08-12T05:27:00] PARAM implementation=uDCN
[2026-08-12T05:27:00] METRIC unique_content_objects=5000000
[2026-08-12T05:27:00] METRIC cache_hit_ratio=0.2639
[2026-08-12T05:27:00] RUN_END status=OK
[2026-08-12T05:32:11] RUN_START run_id=SCALE_O_uDCN_5000000_065
[2026-08-12T05:32:11] PARAM implementation=uDCN
[2026-08-12T05:32:11] METRIC unique_content_objects=5000000
[2026-08-12T05:32:11] METRIC cache_hit_ratio=0.2421
[2026-08-12T05:32:11] RUN_END status=OK
[2026-08-12T05:37:07] RUN_START run_id=SCALE_O_uDCN_5000000_066
[2026-08-12T05:37:07] PARAM implementation=uDCN
[2026-08-12T05:37:07] METRIC unique_content_objects=5000000
[2026-08-12T05:37:07] METRIC cache_hit_ratio=0.2631
[2026-08-12T05:37:07] RUN_END status=OK
[2026-08-12T05:38:49] RUN_START run_id=SCALE_O_uDCN_5000000_067
[2026-08-12T05:38:49] PARAM implementation=uDCN
[2026-08-12T05:38:49] METRIC unique_content_objects=5000000
[2026-08-12T05:38:49] METRIC cache_hit_ratio=0.2747
[2026-08-12T05:38:49] RUN_END status=OK
[2026-08-12T05:40:21] RUN_START run_id=SCALE_O_uDCN_5000000_068
[2026-08-12T05:40:21] PARAM implementation=uDCN
[2026-08-12T05:40:21] METRIC unique_content_objects=5000000
[2026-08-12T05:40:21] METRIC cache_hit_ratio=0.2628
[2026-08-12T05:40:21] RUN_END status=OK
[2026-08-12T05:42:46] RUN_START run_id=SCALE_O_uDCN_5000000_069
[2026-08-12T05:42:46] PARAM implementation=uDCN
[2026-08-12T05:42:46] METRIC unique_content_objects=5000000
[2026-08-12T05:42:46] METRIC cache_hit_ratio=0.2676
[2026-08-12T05:42:46] RUN_END status=OK
[2026-08-12T05:44:24] RUN_START run_id=SCALE_O_uDCN_5000000_070
[2026-08-12T05:44:24] PARAM implementation=uDCN
[2026-08-12T05:44:24] METRIC unique_content_objects=5000000
[2026-08-12T05:44:24] METRIC cache_hit_ratio=0.2685
[2026-08-12T05:44:24] RUN_END status=OK
[2026-08-12T05:45:26] RUN_START run_id=SCALE_O_uDCN_5000000_071
[2026-08-12T05:45:26] PARAM implementation=uDCN
[2026-08-12T05:45:26] METRIC unique_content_objects=5000000
[2026-08-12T05:45:26] METRIC cache_hit_ratio=0.3059
[2026-08-12T05:45:26] RUN_END status=OK
[2026-08-12T09:00:00] RUN_START run_id=SCALE_O_CCNlite_1000_001
[2026-08-12T09:00:00] PARAM implementation=CCNlite
[2026-08-12T09:00:00] METRIC unique_content_objects=1000
[2026-08-12T09:00:00] METRIC cache_hit_ratio=0.9009
[2026-08-12T09:00:00] RUN_END status=OK
[2026-08-12T09:01:42] RUN_START run_id=SCALE_O_CCNlite_1000_002
[2026-08-12T09:01:42] PARAM implementation=CCNlite
[2026-08-12T09:01:42] METRIC unique_content_objects=1000
[2026-08-12T09:01:42] METRIC cache_hit_ratio=0.8872
[2026-08-12T09:01:42] RUN_END status=OK
[2026-08-12T09:04:43] RUN_START run_id=SCALE_O_CCNlite_1000_003
[2026-08-12T09:04:43] PARAM implementation=CCNlite
[2026-08-12T09:04:43] METRIC unique_content_objects=1000
[2026-08-12T09:04:43] METRIC cache_hit_ratio=1.0
[2026-08-12T09:04:43] RUN_END status=OK
[2026-08-12T09:05:50] RUN_START run_id=SCALE_O_CCNlite_1000_004
[2026-08-12T09:05:50] PARAM implementation=CCNlite
[2026-08-12T09:05:50] METRIC unique_content_objects=1000
[2026-08-12T09:05:50] METRIC cache_hit_ratio=0.9216
[2026-08-12T09:05:50] RUN_END status=OK
