[2026-08-22T08:18:35] RUN_START run_id=SCALE_O_uDCN_10000_131
[2026-08-22T08:18:35] PARAM implementation=uDCN
[2026-08-22T08:18:35] METRIC unique_content_objects=10000
[2026-08-22T08:18:35] METRIC cache_hit_ratio=0.8341
[2026-08-22T08:18:35] RUN_END status=OK
[2026-08-22T08:19:44] RUN_START run_id=SCALE_O_uDCN_10000_132
[2026-08-22T08:19:44] PARAM implementation=uDCN
[2026-08-22T08:19:44] METRIC unique_content_objects=10000
[2026-08-22T08:19:44] METRIC cache_hit_ratio=0.9031
[2026-08-22T08:19:44] RUN_END status=OK
[2026-08-22T08:19:58] RUN_START run_id=SCALE_O_uDCN_10000_133
[2026-08-22T08:19:58] PARAM implementation=uDCN
[2026-08-22T08:19:58] METRIC unique_content_objects=10000
[2026-08-22T08:19:58] METRIC cache_hit_ratio=0.8664
[2026-08-22T08:19:58] RUN_END status=OK
[2026-08-22T08:20:13] RUN_START run_id=SCALE_O_NFD_10000_083
[2026-08-22T08:20:13] PARAM implementation=NFD
[2026-08-22T08:20:13] METRIC unique_content_objects=10000
[2026-08-22T08:20:13] METRIC cache_hit_ratio=0.779
[2026-08-22T08:20:13] RUN_END status=OK
[2026-08-22T08:22:28] RUN_START run_id=SCALE_O_NFD_10000_084
[2026-08-22T08:22:28] PARAM implementation=NFD
[2026-08-22T08:22:28] METRIC unique_content_objects=10000
[2026-08-22T08:22:28] METRIC cache_hit_ratio=0.8934
[2026-08-22T08:22:28] RUN_END status=OK
[2026-08-22T08:22:54] RUN_START run_id=SCALE_O_uDCN_10000_134
[2026-08-22T08:22:54] PARAM implementation=uDCN
[2026-08-22T08:22:54] METRIC unique_content_objects=10000
[2026-08-22T08:22:54] METRIC cache_hit_ratio=0.903
[2026-08-22T08:22:54] RUN_END status=OK
[2026-08-22T08:23:38] RUN_START run_id=08_scalability_content_DISCARDED_0173
[2026-08-22T08:23:38] RUN_ABORTED reason=cache_warmup_incomplete: content-store did not reach steady-state hit ratio within the 30s warm-up window, run discarded
[2026-08-22T08:24:02] RUN_START run_id=SCALE_O_uDCN_10000_135
[2026-08-22T08:24:02] PARAM implementation=uDCN
[2026-08-22T08:24:02] METRIC unique_content_objects=10000
[2026-08-22T08:24:02] METRIC cache_hit_ratio=0.9118
[2026-08-22T08:24:02] RUN_END status=OK
[2026-08-22T08:24:24] RUN_START run_id=SCALE_O_NFD_10000_085
[2026-08-22T08:24:24] PARAM implementation=NFD
[2026-08-22T08:24:24] METRIC unique_content_objects=10000
[2026-08-22T08:24:24] METRIC cache_hit_ratio=0.7978
[2026-08-22T08:24:24] RUN_END status=OK
[2026-08-22T08:25:52] RUN_START run_id=SCALE_O_uDCN_10000_136
[2026-08-22T08:25:52] PARAM implementation=uDCN
[2026-08-22T08:25:52] METRIC unique_content_objects=10000
[2026-08-22T08:25:52] METRIC cache_hit_ratio=0.9517
[2026-08-22T08:25:52] RUN_END status=OK
[2026-08-22T08:27:04] RUN_START run_id=SCALE_O_NFD_10000_086
[2026-08-22T08:27:04] PARAM implementation=NFD
[2026-08-22T08:27:04] METRIC unique_content_objects=10000
[2026-08-22T08:27:04] METRIC cache_hit_ratio=0.8064
[2026-08-22T08:27:04] RUN_END status=OK
[2026-08-22T08:27:21] RUN_START run_id=SCALE_O_uDCN_10000_137
[2026-08-22T08:27:21] PARAM implementation=uDCN
[2026-08-22T08:27:21] METRIC unique_content_objects=10000
[2026-08-22T08:27:21] METRIC cache_hit_ratio=0.8959
[2026-08-22T08:27:21] RUN_END status=OK
