[2026-08-16T22:17:03] RUN_START run_id=SCALE_O_NFD_1000_093
[2026-08-16T22:17:03] PARAM implementation=NFD
[2026-08-16T22:17:03] METRIC unique_content_objects=1000
[2026-08-16T22:17:03] METRIC cache_hit_ratio=0.8703
[2026-08-16T22:17:03] RUN_END status=OK
[2026-08-16T22:17:35] RUN_START run_id=SCALE_O_NFD_1000_094
[2026-08-16T22:17:35] PARAM implementation=NFD
[2026-08-16T22:17:35] METRIC unique_content_objects=1000
[2026-08-16T22:17:35] METRIC cache_hit_ratio=0.8986
[2026-08-16T22:17:35] RUN_END status=OK
[2026-08-16T22:21:28] RUN_START run_id=SCALE_O_NFD_1000_095
[2026-08-16T22:21:28] PARAM implementation=NFD
[2026-08-16T22:21:28] METRIC unique_content_objects=1000
[2026-08-16T22:21:28] METRIC cache_hit_ratio=0.8692
[2026-08-16T22:21:28] RUN_END status=OK
[2026-08-16T22:22:59] RUN_START run_id=SCALE_O_NFD_1000_096
[2026-08-16T22:22:59] PARAM implementation=NFD
[2026-08-16T22:22:59] METRIC unique_content_objects=1000
[2026-08-16T22:22:59] METRIC cache_hit_ratio=0.9993
[2026-08-16T22:22:59] RUN_END status=OK
[2026-08-16T22:24:01] RUN_START run_id=SCALE_O_NFD_1000_097
[2026-08-16T22:24:01] PARAM implementation=NFD
[2026-08-16T22:24:01] METRIC unique_content_objects=1000
[2026-08-16T22:24:01] METRIC cache_hit_ratio=0.8955
[2026-08-16T22:24:01] RUN_END status=OK
[2026-08-16T22:26:41] RUN_START run_id=SCALE_O_NFD_1000_098
[2026-08-16T22:26:41] PARAM implementation=NFD
[2026-08-16T22:26:41] METRIC unique_content_objects=1000
[2026-08-16T22:26:41] METRIC cache_hit_ratio=1.0
[2026-08-16T22:26:41] RUN_END status=OK
[2026-08-16T22:28:14] RUN_START run_id=SCALE_O_NFD_1000_099
[2026-08-16T22:28:14] PARAM implementation=NFD
[2026-08-16T22:28:14] METRIC unique_content_objects=1000
[2026-08-16T22:28:14] METRIC cache_hit_ratio=0.8959
[2026-08-16T22:28:14] RUN_END status=OK
[2026-08-16T22:31:32] RUN_START run_id=SCALE_O_NFD_1000_100
[2026-08-16T22:31:32] PARAM implementation=NFD
[2026-08-16T22:31:32] METRIC unique_content_objects=1000
[2026-08-16T22:31:32] METRIC cache_hit_ratio=0.9076
[2026-08-16T22:31:32] RUN_END status=OK
[2026-08-16T22:32:59] RUN_START run_id=SCALE_O_NFD_1000_101
[2026-08-16T22:32:59] PARAM implementation=NFD
[2026-08-16T22:32:59] METRIC unique_content_objects=1000
[2026-08-16T22:32:59] METRIC cache_hit_ratio=0.8598
[2026-08-16T22:32:59] RUN_END status=OK
[2026-08-16T22:35:53] RUN_START run_id=SCALE_O_NFD_1000_102
[2026-08-16T22:35:53] PARAM implementation=NFD
[2026-08-16T22:35:53] METRIC unique_content_objects=1000
[2026-08-16T22:35:53] METRIC cache_hit_ratio=0.835
[2026-08-16T22:35:53] RUN_END status=OK
[2026-08-16T22:38:17] RUN_START run_id=SCALE_O_NFD_1000_103
[2026-08-16T22:38:17] PARAM implementation=NFD
[2026-08-16T22:38:17] METRIC unique_content_objects=1000
[2026-08-16T22:38:17] METRIC cache_hit_ratio=0.8568
[2026-08-16T22:38:17] RUN_END status=OK
[2026-08-16T22:40:43] RUN_START run_id=SCALE_O_NFD_1000_104
[2026-08-16T22:40:43] PARAM implementation=NFD
[2026-08-16T22:40:43] METRIC unique_content_objects=1000
[2026-08-16T22:40:43] METRIC cache_hit_ratio=0.9549
[2026-08-16T22:40:43] RUN_END status=OK
[2026-08-16T22:42:42] RUN_START run_id=SCALE_O_NFD_1000_105
[2026-08-16T22:42:42] PARAM implementation=NFD
[2026-08-16T22:42:42] METRIC unique_content_objects=1000
[2026-08-16T22:42:42] METRIC cache_hit_ratio=0.9479
[2026-08-16T22:42:42] RUN_END status=OK
[2026-08-16T22:45:08] RUN_START run_id=SCALE_O_NFD_1000_106
[2026-08-16T22:45:08] PARAM implementation=NFD
[2026-08-16T22:45:08] METRIC unique_content_objects=1000
[2026-08-16T22:45:08] METRIC cache_hit_ratio=0.8791
[2026-08-16T22:45:08] RUN_END status=OK
[2026-08-16T22:49:29] RUN_START run_id=SCALE_O_NFD_1000_107
[2026-08-16T22:49:29] PARAM implementation=NFD
[2026-08-16T22:49:29] METRIC unique_content_objects=1000
[2026-08-16T22:49:29] METRIC cache_hit_ratio=0.9033
[2026-08-16T22:49:29] RUN_END status=OK
[2026-08-16T22:51:55] RUN_START run_id=SCALE_O_NFD_1000_108
[2026-08-16T22:51:55] PARAM implementation=NFD
[2026-08-16T22:51:55] METRIC unique_content_objects=1000
[2026-08-16T22:51:55] METRIC cache_hit_ratio=0.9337
[2026-08-16T22:51:55] RUN_END status=OK
[2026-08-16T22:53:38] RUN_START run_id=SCALE_O_NFD_1000_109
[2026-08-16T22:53:38] PARAM implementation=NFD
[2026-08-16T22:53:38] METRIC unique_content_objects=1000
[2026-08-16T22:53:38] METRIC cache_hit_ratio=0.8994
[2026-08-16T22:53:38] RUN_END status=OK
[2026-08-17T00:33:04] RUN_START run_id=SCALE_O_uDCN_1000_091
[2026-08-17T00:33:04] PARAM implementation=uDCN
[2026-08-17T00:33:04] METRIC unique_content_objects=1000
[2026-08-17T00:33:04] METRIC cache_hit_ratio=0.9785
[2026-08-17T00:33:04] RUN_END status=OK
[2026-08-17T00:38:54] RUN_START run_id=SCALE_O_uDCN_1000_092
[2026-08-17T00:38:54] PARAM implementation=uDCN
[2026-08-17T00:38:54] METRIC unique_content_objects=1000
[2026-08-17T00:38:54] METRIC cache_hit_ratio=0.9286
[2026-08-17T00:38:54] RUN_END status=OK
[2026-08-17T00:42:00] RUN_START run_id=SCALE_O_uDCN_1000_093
[2026-08-17T00:42:00] PARAM implementation=uDCN
[2026-08-17T00:42:00] METRIC unique_content_objects=1000
[2026-08-17T00:42:00] METRIC cache_hit_ratio=1.0
[2026-08-17T00:42:00] RUN_END status=OK
