[2026-08-21T16:17:16] RUN_START run_id=SCALE_O_uDCN_100000_136
[2026-08-21T16:17:16] PARAM implementation=uDCN
[2026-08-21T16:17:16] METRIC unique_content_objects=100000
[2026-08-21T16:17:16] METRIC cache_hit_ratio=0.8135
[2026-08-21T16:17:16] RUN_END status=OK
[2026-08-21T16:23:00] RUN_START run_id=SCALE_O_uDCN_100000_137
[2026-08-21T16:23:00] PARAM implementation=uDCN
[2026-08-21T16:23:00] METRIC unique_content_objects=100000
[2026-08-21T16:23:00] METRIC cache_hit_ratio=0.803
[2026-08-21T16:23:00] RUN_END status=OK
[2026-08-21T16:24:27] RUN_START run_id=SCALE_O_uDCN_100000_138
[2026-08-21T16:24:27] PARAM implementation=uDCN
[2026-08-21T16:24:27] METRIC unique_content_objects=100000
[2026-08-21T16:24:27] METRIC cache_hit_ratio=0.8226
[2026-08-21T16:24:27] RUN_END status=OK
[2026-08-21T16:26:55] RUN_START run_id=SCALE_O_uDCN_100000_139
[2026-08-21T16:26:55] PARAM implementation=uDCN
[2026-08-21T16:26:55] METRIC unique_content_objects=100000
[2026-08-21T16:26:55] METRIC cache_hit_ratio=0.8682
[2026-08-21T16:26:55] RUN_END status=OK
[2026-08-21T16:28:22] RUN_START run_id=SCALE_O_uDCN_100000_140
[2026-08-21T16:28:22] PARAM implementation=uDCN
[2026-08-21T16:28:22] METRIC unique_content_objects=100000
[2026-08-21T16:28:22] METRIC cache_hit_ratio=0.8142
[2026-08-21T16:28:22] RUN_END status=OK
[2026-08-21T16:32:11] RUN_START run_id=SCALE_O_uDCN_100000_141
[2026-08-21T16:32:11] PARAM implementation=uDCN
[2026-08-21T16:32:11] METRIC unique_content_objects=100000
[2026-08-21T16:32:11] METRIC cache_hit_ratio=0.8665
[2026-08-21T16:32:11] RUN_END status=OK
[2026-08-21T16:36:27] RUN_START run_id=SCALE_O_uDCN_100000_142
[2026-08-21T16:36:27] PARAM implementation=uDCN
[2026-08-21T16:36:27] METRIC unique_content_objects=100000
[2026-08-21T16:36:27] METRIC cache_hit_ratio=0.796
[2026-08-21T16:36:27] RUN_END status=OK
[2026-08-21T16:37:40] RUN_START run_id=SCALE_O_uDCN_100000_143
[2026-08-21T16:37:40] PARAM implementation=uDCN
[2026-08-21T16:37:40] METRIC unique_content_objects=100000
[2026-08-21T16:37:40] METRIC cache_hit_ratio=0.8207
[2026-08-21T16:37:40] RUN_END status=OK
[2026-08-21T16:40:09] RUN_START run_id=SCALE_O_uDCN_100000_144
[2026-08-21T16:40:09] PARAM implementation=uDCN
[2026-08-21T16:40:09] METRIC unique_content_objects=100000
[2026-08-21T16:40:09] METRIC cache_hit_ratio=0.8654
[2026-08-21T16:40:09] RUN_END status=OK
[2026-08-21T16:41:44] RUN_START run_id=SCALE_O_uDCN_100000_145
[2026-08-21T16:41:44] PARAM implementation=uDCN
[2026-08-21T16:41:44] METRIC unique_content_objects=100000
[2026-08-21T16:41:44] METRIC cache_hit_ratio=0.7399
[2026-08-21T16:41:44] RUN_END status=OK
[2026-08-21T16:43:12] RUN_START run_id=SCALE_O_uDCN_100000_146
[2026-08-21T16:43:12] PARAM implementation=uDCN
[2026-08-21T16:43:12] METRIC unique_content_objects=100000
[2026-08-21T16:43:12] METRIC cache_hit_ratio=0.9257
[2026-08-21T16:43:12] RUN_END status=OK
[2026-08-21T16:46:16] RUN_START run_id=SCALE_O_uDCN_100000_147
[2026-08-21T16:46:16] PARAM implementation=uDCN
[2026-08-21T16:46:16] METRIC unique_content_objects=100000
[2026-08-21T16:46:16] METRIC cache_hit_ratio=0.7733
[2026-08-21T16:46:16] RUN_END status=OK
[2026-08-21T16:49:38] RUN_START run_id=SCALE_O_uDCN_100000_148
[2026-08-21T16:49:38] PARAM implementation=uDCN
[2026-08-21T16:49:38] METRIC unique_content_objects=100000
[2026-08-21T16:49:38] METRIC cache_hit_ratio=0.8509
[2026-08-21T16:49:38] RUN_END status=OK
[2026-08-21T16:52:09] RUN_START run_id=SCALE_O_uDCN_100000_149
[2026-08-21T16:52:09] PARAM implementation=uDCN
[2026-08-21T16:52:09] METRIC unique_content_objects=100000
[2026-08-21T16:52:09] METRIC cache_hit_ratio=0.7834
[2026-08-21T16:52:09] RUN_END status=OK
[2026-08-21T16:53:22] RUN_START run_id=SCALE_O_uDCN_100000_150
[2026-08-21T16:53:22] PARAM implementation=uDCN
[2026-08-21T16:53:22] METRIC unique_content_objects=100000
[2026-08-21T16:53:22] METRIC cache_hit_ratio=0.8043
[2026-08-21T16:53:22] RUN_END status=OK
[2026-08-21T19:35:38] RUN_START run_id=SCALE_O_CCNlite_1000000_117
[2026-08-21T19:35:38] PARAM implementation=CCNlite
[2026-08-21T19:35:38] METRIC unique_content_objects=1000000
[2026-08-21T19:35:38] METRIC cache_hit_ratio=0.2954
[2026-08-21T19:35:38] RUN_END status=OK
