[2026-08-18T21:52:22] RUN_START run_id=SCALE_O_CCNlite_5000000_059
[2026-08-18T21:52:22] PARAM implementation=CCNlite
[2026-08-18T21:52:22] METRIC unique_content_objects=5000000
[2026-08-18T21:52:22] METRIC cache_hit_ratio=0.1115
[2026-08-18T21:52:22] RUN_END status=OK
[2026-08-18T21:53:32] RUN_START run_id=SCALE_O_CCNlite_5000000_060
[2026-08-18T21:53:32] PARAM implementation=CCNlite
[2026-08-18T21:53:32] METRIC unique_content_objects=5000000
[2026-08-18T21:53:32] METRIC cache_hit_ratio=0.1142
[2026-08-18T21:53:32] RUN_END status=OK
[2026-08-18T21:55:02] RUN_START run_id=SCALE_O_CCNlite_5000000_061
[2026-08-18T21:55:02] PARAM implementation=CCNlite
[2026-08-18T21:55:02] METRIC unique_content_objects=5000000
[2026-08-18T21:55:02] METRIC cache_hit_ratio=0.1075
[2026-08-18T21:55:02] RUN_END status=OK
[2026-08-18T21:57:22] RUN_START run_id=SCALE_O_CCNlite_5000000_062
[2026-08-18T21:57:22] PARAM implementation=CCNlite
[2026-08-18T21:57:22] METRIC unique_content_objects=5000000
[2026-08-18T21:57:22] METRIC cache_hit_ratio=0.1102
[2026-08-18T21:57:22] RUN_END status=OK
[2026-08-18T21:58:47] RUN_START run_id=SCALE_O_CCNlite_5000000_063
[2026-08-18T21:58:47] PARAM implementation=CCNlite
[2026-08-18T21:58:47] METRIC unique_content_objects=5000000
[2026-08-18T21:58:47] METRIC cache_hit_ratio=0.1035
[2026-08-18T21:58:47] RUN_END status=OK
[2026-08-18T22:00:48] RUN_START run_id=SCALE_O_CCNlite_5000000_064
[2026-08-18T22:00:48] PARAM implementation=CCNlite
[2026-08-18T22:00:48] METRIC unique_content_objects=5000000
[2026-08-18T22:00:48] METRIC cache_hit_ratio=0.1105
[2026-08-18T22:00:48] RUN_END status=OK
[2026-08-18T22:02:11] RUN_START run_id=SCALE_O_CCNlite_5000000_065
[2026-08-18T22:02:11] PARAM implementation=CCNlite
[2026-08-18T22:02:11] METRIC unique_content_objects=5000000
[2026-08-18T22:02:11] METRIC cache_hit_ratio=0.1079
[2026-08-18T22:02:11] RUN_END status=OK
[2026-08-18T22:08:07] RUN_START run_id=SCALE_O_uDCN_300000_094
[2026-08-18T22:08:07] PARAM implementation=uDCN
[2026-08-18T22:08:07] METRIC unique_content_objects=300000
[2026-08-18T22:08:07] METRIC cache_hit_ratio=0.5949
[2026-08-18T22:08:07] RUN_END status=OK
[2026-08-18T22:09:22] RUN_START run_id=SCALE_O_uDCN_300000_095
[2026-08-18T22:09:22] PARAM implementation=uDCN
[2026-08-18T22:09:22] METRIC unique_content_objects=300000
[2026-08-18T22:09:22] METRIC cache_hit_ratio=0.6052
[2026-08-18T22:09:22] RUN_END status=OK
[2026-08-18T22:11:10] RUN_START run_id=SCALE_O_uDCN_300000_096
[2026-08-18T22:11:10] PARAM implementation=uDCN
[2026-08-18T22:11:10] METRIC unique_content_objects=300000
[2026-08-18T22:11:10] METRIC cache_hit_ratio=0.652
[2026-08-18T22:11:10] RUN_END status=OK
[2026-08-18T22:13:33] RUN_START run_id=SCALE_O_CCNlite_100000_120
[2026-08-18T22:13:33] PARAM implementation=CCNlite
[2026-08-18T22:13:33] METRIC unique_content_objects=100000
[2026-08-18T22:13:33] METRIC cache_hit_ratio=0.6357
[2026-08-18T22:13:33] RUN_END status=OK
