[2026-08-20T04:55:51] RUN_START run_id=SCALE_O_NFD_1000000_132
[2026-08-20T04:55:51] PARAM implementation=NFD
[2026-08-20T04:55:51] METRIC unique_content_objects=1000000
[2026-08-20T04:55:51] METRIC cache_hit_ratio=0.245
[2026-08-20T04:55:51] RUN_END status=OK
[2026-08-20T05:44:36] RUN_START run_id=SCALE_O_PythonNDN_300000_114
[2026-08-20T05:44:36] PARAM implementation=PythonNDN
[2026-08-20T05:44:36] METRIC unique_content_objects=300000
[2026-08-20T05:44:36] METRIC cache_hit_ratio=0.2443
[2026-08-20T05:44:36] RUN_END status=OK
[2026-08-20T05:48:12] RUN_START run_id=SCALE_O_PythonNDN_300000_115
[2026-08-20T05:48:12] PARAM implementation=PythonNDN
[2026-08-20T05:48:12] METRIC unique_content_objects=300000
[2026-08-20T05:48:12] METRIC cache_hit_ratio=0.2436
[2026-08-20T05:48:12] RUN_END status=OK
[2026-08-20T05:49:06] RUN_START run_id=SCALE_O_PythonNDN_300000_116
[2026-08-20T05:49:06] PARAM implementation=PythonNDN
[2026-08-20T05:49:06] METRIC unique_content_objects=300000
[2026-08-20T05:49:06] METRIC cache_hit_ratio=0.2483
[2026-08-20T05:49:06] RUN_END status=OK
[2026-08-20T05:50:30] RUN_START run_id=SCALE_O_PythonNDN_300000_117
[2026-08-20T05:50:30] PARAM implementation=PythonNDN
[2026-08-20T05:50:30] METRIC unique_content_objects=300000
[2026-08-20T05:50:30] METRIC cache_hit_ratio=0.2541
[2026-08-20T05:50:30] RUN_END status=OK
[2026-08-20T05:53:22] RUN_START run_id=SCALE_O_PythonNDN_300000_118
[2026-08-20T05:53:22] PARAM implementation=PythonNDN
[2026-08-20T05:53:22] METRIC unique_content_objects=300000
[2026-08-20T05:53:22] METRIC cache_hit_ratio=0.2428
[2026-08-20T05:53:22] RUN_END status=OK
[2026-08-20T05:54:15] RUN_START run_id=SCALE_O_PythonNDN_300000_119
[2026-08-20T05:54:15] PARAM implementation=PythonNDN
[2026-08-20T05:54:15] METRIC unique_content_objects=300000
[2026-08-20T05:54:15] METRIC cache_hit_ratio=0.2407
[2026-08-20T05:54:15] RUN_END status=OK
[2026-08-20T05:54:46] RUN_START run_id=SCALE_O_PythonNDN_300000_120
[2026-08-20T05:54:46] PARAM implementation=PythonNDN
[2026-08-20T05:54:46] METRIC unique_content_objects=300000
[2026-08-20T05:54:46] METRIC cache_hit_ratio=0.2633
[2026-08-20T05:54:46] RUN_END status=OK
[2026-08-20T05:56:22] RUN_START run_id=SCALE_O_PythonNDN_300000_121
[2026-08-20T05:56:22] PARAM implementation=PythonNDN
[2026-08-20T05:56:22] METRIC unique_content_objects=300000
[2026-08-20T05:56:22] METRIC cache_hit_ratio=0.2632
[2026-08-20T05:56:22] RUN_END status=OK
[2026-08-20T05:57:42] RUN_START run_id=SCALE_O_PythonNDN_300000_122
[2026-08-20T05:57:42] PARAM implementation=PythonNDN
[2026-08-20T05:57:42] METRIC unique_content_objects=300000
[2026-08-20T05:57:42] METRIC cache_hit_ratio=0.2652
[2026-08-20T05:57:42] RUN_END status=OK
[2026-08-20T05:59:19] RUN_START run_id=SCALE_O_uDCN_300000_148
[2026-08-20T05:59:19] PARAM implementation=uDCN
[2026-08-20T05:59:19] METRIC unique_content_objects=300000
[2026-08-20T05:59:19] METRIC cache_hit_ratio=0.6657
[2026-08-20T05:59:19] RUN_END status=OK
[2026-08-20T06:00:35] RUN_START run_id=SCALE_O_PythonNDN_300000_123
[2026-08-20T06:00:35] PARAM implementation=PythonNDN
[2026-08-20T06:00:35] METRIC unique_content_objects=300000
[2026-08-20T06:00:35] METRIC cache_hit_ratio=0.2514
[2026-08-20T06:00:35] RUN_END status=OK
[2026-08-20T06:01:15] RUN_START run_id=SCALE_O_PythonNDN_300000_124
[2026-08-20T06:01:15] PARAM implementation=PythonNDN
[2026-08-20T06:01:15] METRIC unique_content_objects=300000
[2026-08-20T06:01:15] METRIC cache_hit_ratio=0.2282
[2026-08-20T06:01:15] RUN_END status=OK
[2026-08-20T06:01:19] RUN_START run_id=SCALE_O_uDCN_300000_149
[2026-08-20T06:01:19] PARAM implementation=uDCN
[2026-08-20T06:01:19] METRIC unique_content_objects=300000
[2026-08-20T06:01:19] METRIC cache_hit_ratio=0.5911
[2026-08-20T06:01:19] RUN_END status=OK
[2026-08-20T06:02:30] RUN_START run_id=SCALE_O_PythonNDN_300000_125
[2026-08-20T06:02:30] PARAM implementation=PythonNDN
[2026-08-20T06:02:30] METRIC unique_content_objects=300000
[2026-08-20T06:02:30] METRIC cache_hit_ratio=0.2571
[2026-08-20T06:02:30] RUN_END status=OK
[2026-08-20T06:05:10] RUN_START run_id=SCALE_O_uDCN_300000_150
[2026-08-20T06:05:10] PARAM implementation=uDCN
[2026-08-20T06:05:10] METRIC unique_content_objects=300000
[2026-08-20T06:05:10] METRIC cache_hit_ratio=0.5953
[2026-08-20T06:05:10] RUN_END status=OK
[2026-08-20T06:05:26] RUN_START run_id=SCALE_O_PythonNDN_300000_126
[2026-08-20T06:05:26] PARAM implementation=PythonNDN
[2026-08-20T06:05:26] METRIC unique_content_objects=300000
[2026-08-20T06:05:26] METRIC cache_hit_ratio=0.2529
[2026-08-20T06:05:26] RUN_END status=OK
[2026-08-20T06:06:07] RUN_START run_id=SCALE_O_PythonNDN_300000_127
[2026-08-20T06:06:07] PARAM implementation=PythonNDN
[2026-08-20T06:06:07] METRIC unique_content_objects=300000
[2026-08-20T06:06:07] METRIC cache_hit_ratio=0.2789
[2026-08-20T06:06:07] RUN_END status=OK
[2026-08-20T06:33:07] RUN_START run_id=SCALE_O_CCNlite_1000000_071
[2026-08-20T06:33:07] PARAM implementation=CCNlite
[2026-08-20T06:33:07] METRIC unique_content_objects=1000000
[2026-08-20T06:33:07] METRIC cache_hit_ratio=0.2778
[2026-08-20T06:33:07] RUN_END status=OK
[2026-08-20T06:34:56] RUN_START run_id=SCALE_O_CCNlite_1000000_072
[2026-08-20T06:34:56] PARAM implementation=CCNlite
[2026-08-20T06:34:56] METRIC unique_content_objects=1000000
[2026-08-20T06:34:56] METRIC cache_hit_ratio=0.2793
[2026-08-20T06:34:56] RUN_END status=OK
