[2026-08-16T00:50:36] RUN_START run_id=SCALE_O_PythonNDN_1000000_043
[2026-08-16T00:50:36] PARAM implementation=PythonNDN
[2026-08-16T00:50:36] METRIC unique_content_objects=1000000
[2026-08-16T00:50:36] METRIC cache_hit_ratio=0.1448
[2026-08-16T00:50:36] RUN_END status=OK
[2026-08-16T00:51:30] RUN_START run_id=SCALE_O_PythonNDN_1000000_044
[2026-08-16T00:51:30] PARAM implementation=PythonNDN
[2026-08-16T00:51:30] METRIC unique_content_objects=1000000
[2026-08-16T00:51:30] METRIC cache_hit_ratio=0.1264
[2026-08-16T00:51:30] RUN_END status=OK
[2026-08-16T00:52:35] RUN_START run_id=SCALE_O_PythonNDN_1000000_045
[2026-08-16T00:52:35] PARAM implementation=PythonNDN
[2026-08-16T00:52:35] METRIC unique_content_objects=1000000
[2026-08-16T00:52:35] METRIC cache_hit_ratio=0.1331
[2026-08-16T00:52:35] RUN_END status=OK
[2026-08-16T00:53:28] RUN_START run_id=SCALE_O_PythonNDN_1000000_046
[2026-08-16T00:53:28] PARAM implementation=PythonNDN
[2026-08-16T00:53:28] METRIC unique_content_objects=1000000
[2026-08-16T00:53:28] METRIC cache_hit_ratio=0.128
[2026-08-16T00:53:28] RUN_END status=OK
[2026-08-16T00:59:31] RUN_START run_id=SCALE_O_PythonNDN_1000000_047
[2026-08-16T00:59:31] PARAM implementation=PythonNDN
[2026-08-16T00:59:31] METRIC unique_content_objects=1000000
[2026-08-16T00:59:31] METRIC cache_hit_ratio=0.1288
[2026-08-16T00:59:31] RUN_END status=OK
[2026-08-16T01:00:58] RUN_START run_id=SCALE_O_PythonNDN_1000000_048
[2026-08-16T01:00:58] PARAM implementation=PythonNDN
[2026-08-16T01:00:58] METRIC unique_content_objects=1000000
[2026-08-16T01:00:58] METRIC cache_hit_ratio=0.1206
[2026-08-16T01:00:58] RUN_END status=OK
[2026-08-16T01:05:55] RUN_START run_id=SCALE_O_PythonNDN_1000000_049
[2026-08-16T01:05:55] PARAM implementation=PythonNDN
[2026-08-16T01:05:55] METRIC unique_content_objects=1000000
[2026-08-16T01:05:55] METRIC cache_hit_ratio=0.1368
[2026-08-16T01:05:55] RUN_END status=OK
[2026-08-16T01:08:52] RUN_START run_id=SCALE_O_PythonNDN_1000000_050
[2026-08-16T01:08:52] PARAM implementation=PythonNDN
[2026-08-16T01:08:52] METRIC unique_content_objects=1000000
[2026-08-16T01:08:52] METRIC cache_hit_ratio=0.1337
[2026-08-16T01:08:52] RUN_END status=OK
[2026-08-16T01:10:49] RUN_START run_id=SCALE_O_PythonNDN_1000000_051
[2026-08-16T01:10:49] PARAM implementation=PythonNDN
[2026-08-16T01:10:49] METRIC unique_content_objects=1000000
[2026-08-16T01:10:49] METRIC cache_hit_ratio=0.1231
[2026-08-16T01:10:49] RUN_END status=OK
[2026-08-16T01:12:47] RUN_START run_id=SCALE_O_PythonNDN_1000000_052
[2026-08-16T01:12:47] PARAM implementation=PythonNDN
[2026-08-16T01:12:47] METRIC unique_content_objects=1000000
[2026-08-16T01:12:47] METRIC cache_hit_ratio=0.1384
[2026-08-16T01:12:47] RUN_END status=OK
[2026-08-16T01:16:37] RUN_START run_id=SCALE_O_PythonNDN_1000000_053
[2026-08-16T01:16:37] PARAM implementation=PythonNDN
[2026-08-16T01:16:37] METRIC unique_content_objects=1000000
[2026-08-16T01:16:37] METRIC cache_hit_ratio=0.1309
[2026-08-16T01:16:37] RUN_END status=OK
[2026-08-16T01:19:07] RUN_START run_id=SCALE_O_PythonNDN_1000000_054
[2026-08-16T01:19:07] PARAM implementation=PythonNDN
[2026-08-16T01:19:07] METRIC unique_content_objects=1000000
[2026-08-16T01:19:07] METRIC cache_hit_ratio=0.1242
[2026-08-16T01:19:07] RUN_END status=OK
