[2026-08-20T06:39:12] RUN_START run_id=SCALE_O_CCNlite_1000000_073
[2026-08-20T06:39:12] PARAM implementation=CCNlite
[2026-08-20T06:39:12] METRIC unique_content_objects=1000000
[2026-08-20T06:39:12] METRIC cache_hit_ratio=0.2938
[2026-08-20T06:39:12] RUN_END status=OK
[2026-08-20T06:40:24] RUN_START run_id=SCALE_O_CCNlite_1000000_074
[2026-08-20T06:40:24] PARAM implementation=CCNlite
[2026-08-20T06:40:24] METRIC unique_content_objects=1000000
[2026-08-20T06:40:24] METRIC cache_hit_ratio=0.2649
[2026-08-20T06:40:24] RUN_END status=OK
[2026-08-20T06:41:03] RUN_START run_id=SCALE_O_CCNlite_1000000_075
[2026-08-20T06:41:03] PARAM implementation=CCNlite
[2026-08-20T06:41:03] METRIC unique_content_objects=1000000
[2026-08-20T06:41:03] METRIC cache_hit_ratio=0.2794
[2026-08-20T06:41:03] RUN_END status=OK
[2026-08-20T06:44:07] RUN_START run_id=SCALE_O_CCNlite_1000000_076
[2026-08-20T06:44:07] PARAM implementation=CCNlite
[2026-08-20T06:44:07] METRIC unique_content_objects=1000000
[2026-08-20T06:44:07] METRIC cache_hit_ratio=0.2896
[2026-08-20T06:44:07] RUN_END status=OK
[2026-08-20T06:44:33] RUN_START run_id=SCALE_O_CCNlite_1000000_077
[2026-08-20T06:44:33] PARAM implementation=CCNlite
[2026-08-20T06:44:33] METRIC unique_content_objects=1000000
[2026-08-20T06:44:33] METRIC cache_hit_ratio=0.2688
[2026-08-20T06:44:33] RUN_END status=OK
[2026-08-20T06:48:20] RUN_START run_id=SCALE_O_CCNlite_1000000_078
[2026-08-20T06:48:20] PARAM implementation=CCNlite
[2026-08-20T06:48:20] METRIC unique_content_objects=1000000
[2026-08-20T06:48:20] METRIC cache_hit_ratio=0.2584
[2026-08-20T06:48:20] RUN_END status=OK
[2026-08-20T06:50:15] RUN_START run_id=SCALE_O_CCNlite_1000000_079
[2026-08-20T06:50:15] PARAM implementation=CCNlite
[2026-08-20T06:50:15] METRIC unique_content_objects=1000000
[2026-08-20T06:50:15] METRIC cache_hit_ratio=0.2825
[2026-08-20T06:50:15] RUN_END status=OK
[2026-08-20T06:56:29] RUN_START run_id=SCALE_O_CCNlite_1000000_080
[2026-08-20T06:56:29] PARAM implementation=CCNlite
[2026-08-20T06:56:29] METRIC unique_content_objects=1000000
[2026-08-20T06:56:29] METRIC cache_hit_ratio=0.2865
[2026-08-20T06:56:29] RUN_END status=OK
[2026-08-20T06:58:01] RUN_START run_id=SCALE_O_CCNlite_1000000_081
[2026-08-20T06:58:01] PARAM implementation=CCNlite
[2026-08-20T06:58:01] METRIC unique_content_objects=1000000
[2026-08-20T06:58:01] METRIC cache_hit_ratio=0.2761
[2026-08-20T06:58:01] RUN_END status=OK
[2026-08-20T07:01:10] RUN_START run_id=SCALE_O_CCNlite_1000000_082
[2026-08-20T07:01:10] PARAM implementation=CCNlite
[2026-08-20T07:01:10] METRIC unique_content_objects=1000000
[2026-08-20T07:01:10] METRIC cache_hit_ratio=0.3
[2026-08-20T07:01:10] RUN_END status=OK
[2026-08-20T07:05:53] RUN_START run_id=SCALE_O_CCNlite_1000000_083
[2026-08-20T07:05:53] PARAM implementation=CCNlite
[2026-08-20T07:05:53] METRIC unique_content_objects=1000000
[2026-08-20T07:05:53] METRIC cache_hit_ratio=0.2843
[2026-08-20T07:05:53] RUN_END status=OK
