[2026-08-12T09:09:04] RUN_START run_id=SCALE_O_CCNlite_1000_005
[2026-08-12T09:09:04] PARAM implementation=CCNlite
[2026-08-12T09:09:04] METRIC unique_content_objects=1000
[2026-08-12T09:09:04] METRIC cache_hit_ratio=0.9085
[2026-08-12T09:09:04] RUN_END status=OK
[2026-08-12T09:11:36] RUN_START run_id=SCALE_O_CCNlite_1000_006
[2026-08-12T09:11:36] PARAM implementation=CCNlite
[2026-08-12T09:11:36] METRIC unique_content_objects=1000
[2026-08-12T09:11:36] METRIC cache_hit_ratio=1.0
[2026-08-12T09:11:36] RUN_END status=OK
[2026-08-12T09:12:16] RUN_START run_id=SCALE_O_CCNlite_1000_007
[2026-08-12T09:12:16] PARAM implementation=CCNlite
[2026-08-12T09:12:16] METRIC unique_content_objects=1000
[2026-08-12T09:12:16] METRIC cache_hit_ratio=0.8826
[2026-08-12T09:12:16] RUN_END status=OK
[2026-08-12T09:13:28] RUN_START run_id=SCALE_O_CCNlite_1000_008
[2026-08-12T09:13:28] PARAM implementation=CCNlite
[2026-08-12T09:13:28] METRIC unique_content_objects=1000
[2026-08-12T09:13:28] METRIC cache_hit_ratio=0.927
[2026-08-12T09:13:28] RUN_END status=OK
[2026-08-12T09:17:20] RUN_START run_id=SCALE_O_CCNlite_1000_009
[2026-08-12T09:17:20] PARAM implementation=CCNlite
[2026-08-12T09:17:20] METRIC unique_content_objects=1000
[2026-08-12T09:17:20] METRIC cache_hit_ratio=0.9438
[2026-08-12T09:17:20] RUN_END status=OK
[2026-08-12T09:18:30] RUN_START run_id=SCALE_O_CCNlite_1000_010
[2026-08-12T09:18:30] PARAM implementation=CCNlite
[2026-08-12T09:18:30] METRIC unique_content_objects=1000
[2026-08-12T09:18:30] METRIC cache_hit_ratio=0.8957
[2026-08-12T09:18:30] RUN_END status=OK
[2026-08-12T09:20:34] RUN_START run_id=SCALE_O_CCNlite_1000_011
[2026-08-12T09:20:34] PARAM implementation=CCNlite
[2026-08-12T09:20:34] METRIC unique_content_objects=1000
[2026-08-12T09:20:34] METRIC cache_hit_ratio=0.959
[2026-08-12T09:20:34] RUN_END status=OK
[2026-08-12T09:24:15] RUN_START run_id=SCALE_O_CCNlite_1000_012
[2026-08-12T09:24:15] PARAM implementation=CCNlite
[2026-08-12T09:24:15] METRIC unique_content_objects=1000
[2026-08-12T09:24:15] METRIC cache_hit_ratio=1.0
[2026-08-12T09:24:15] RUN_END status=OK
[2026-08-12T09:24:51] RUN_START run_id=SCALE_O_CCNlite_1000_013
[2026-08-12T09:24:51] PARAM implementation=CCNlite
[2026-08-12T09:24:51] METRIC unique_content_objects=1000
[2026-08-12T09:24:51] METRIC cache_hit_ratio=0.873
[2026-08-12T09:24:51] RUN_END status=OK
[2026-08-12T09:26:06] RUN_START run_id=SCALE_O_CCNlite_1000_014
[2026-08-12T09:26:06] PARAM implementation=CCNlite
[2026-08-12T09:26:06] METRIC unique_content_objects=1000
[2026-08-12T09:26:06] METRIC cache_hit_ratio=0.9469
[2026-08-12T09:26:06] RUN_END status=OK
[2026-08-12T09:27:49] RUN_START run_id=SCALE_O_CCNlite_1000_015
[2026-08-12T09:27:49] PARAM implementation=CCNlite
[2026-08-12T09:27:49] METRIC unique_content_objects=1000
[2026-08-12T09:27:49] METRIC cache_hit_ratio=0.9062
[2026-08-12T09:27:49] RUN_END status=OK
[2026-08-12T09:32:43] RUN_START run_id=SCALE_O_CCNlite_1000_016
[2026-08-12T09:32:43] PARAM implementation=CCNlite
[2026-08-12T09:32:43] METRIC unique_content_objects=1000
[2026-08-12T09:32:43] METRIC cache_hit_ratio=0.9057
[2026-08-12T09:32:43] RUN_END status=OK
