[2026-08-21T19:36:21] RUN_START run_id=SCALE_O_CCNlite_1000000_118
[2026-08-21T19:36:21] PARAM implementation=CCNlite
[2026-08-21T19:36:21] METRIC unique_content_objects=1000000
[2026-08-21T19:36:21] METRIC cache_hit_ratio=0.2841
[2026-08-21T19:36:21] RUN_END status=OK
[2026-08-21T19:37:30] RUN_START run_id=SCALE_O_CCNlite_1000000_119
[2026-08-21T19:37:30] PARAM implementation=CCNlite
[2026-08-21T19:37:30] METRIC unique_content_objects=1000000
[2026-08-21T19:37:30] METRIC cache_hit_ratio=0.2912
[2026-08-21T19:37:30] RUN_END status=OK
[2026-08-21T19:40:32] RUN_START run_id=SCALE_O_CCNlite_1000000_120
[2026-08-21T19:40:32] PARAM implementation=CCNlite
[2026-08-21T19:40:32] METRIC unique_content_objects=1000000
[2026-08-21T19:40:32] METRIC cache_hit_ratio=0.2499
[2026-08-21T19:40:32] RUN_END status=OK
[2026-08-21T19:45:24] RUN_START run_id=SCALE_O_CCNlite_1000000_121
[2026-08-21T19:45:24] PARAM implementation=CCNlite
[2026-08-21T19:45:24] METRIC unique_content_objects=1000000
[2026-08-21T19:45:24] METRIC cache_hit_ratio=0.2489
[2026-08-21T19:45:24] RUN_END status=OK
[2026-08-21T19:49:26] RUN_START run_id=SCALE_O_CCNlite_1000000_122
[2026-08-21T19:49:26] PARAM implementation=CCNlite
[2026-08-21T19:49:26] METRIC unique_content_objects=1000000
[2026-08-21T19:49:26] METRIC cache_hit_ratio=0.2508
[2026-08-21T19:49:26] RUN_END status=OK
[2026-08-21T19:51:12] RUN_START run_id=SCALE_O_CCNlite_1000000_123
[2026-08-21T19:51:12] PARAM implementation=CCNlite
[2026-08-21T19:51:12] METRIC unique_content_objects=1000000
[2026-08-21T19:51:12] METRIC cache_hit_ratio=0.2761
[2026-08-21T19:51:12] RUN_END status=OK
[2026-08-21T19:52:01] RUN_START run_id=SCALE_O_CCNlite_1000000_124
[2026-08-21T19:52:01] PARAM implementation=CCNlite
[2026-08-21T19:52:01] METRIC unique_content_objects=1000000
[2026-08-21T19:52:01] METRIC cache_hit_ratio=0.2651
[2026-08-21T19:52:01] RUN_END status=OK
[2026-08-21T19:52:32] RUN_START run_id=SCALE_O_CCNlite_1000000_125
[2026-08-21T19:52:32] PARAM implementation=CCNlite
[2026-08-21T19:52:32] METRIC unique_content_objects=1000000
[2026-08-21T19:52:32] METRIC cache_hit_ratio=0.279
[2026-08-21T19:52:32] RUN_END status=OK
[2026-08-21T19:54:50] RUN_START run_id=SCALE_O_CCNlite_1000000_126
[2026-08-21T19:54:50] PARAM implementation=CCNlite
[2026-08-21T19:54:50] METRIC unique_content_objects=1000000
[2026-08-21T19:54:50] METRIC cache_hit_ratio=0.2702
[2026-08-21T19:54:50] RUN_END status=OK
[2026-08-21T19:58:58] RUN_START run_id=SCALE_O_CCNlite_1000000_127
[2026-08-21T19:58:58] PARAM implementation=CCNlite
[2026-08-21T19:58:58] METRIC unique_content_objects=1000000
[2026-08-21T19:58:58] METRIC cache_hit_ratio=0.2515
[2026-08-21T19:58:58] RUN_END status=OK
[2026-08-21T20:00:50] RUN_START run_id=SCALE_O_CCNlite_1000000_128
[2026-08-21T20:00:50] PARAM implementation=CCNlite
[2026-08-21T20:00:50] METRIC unique_content_objects=1000000
[2026-08-21T20:00:50] METRIC cache_hit_ratio=0.2735
[2026-08-21T20:00:50] RUN_END status=OK
[2026-08-21T20:03:09] RUN_START run_id=SCALE_O_CCNlite_1000000_129
[2026-08-21T20:03:09] PARAM implementation=CCNlite
[2026-08-21T20:03:09] METRIC unique_content_objects=1000000
[2026-08-21T20:03:09] METRIC cache_hit_ratio=0.2654
[2026-08-21T20:03:09] RUN_END status=OK
[2026-08-21T20:07:23] RUN_START run_id=SCALE_O_CCNlite_1000000_130
[2026-08-21T20:07:23] PARAM implementation=CCNlite
[2026-08-21T20:07:23] METRIC unique_content_objects=1000000
[2026-08-21T20:07:23] METRIC cache_hit_ratio=0.3027
[2026-08-21T20:07:23] RUN_END status=OK
[2026-08-21T20:09:55] RUN_START run_id=SCALE_O_CCNlite_1000000_131
[2026-08-21T20:09:55] PARAM implementation=CCNlite
[2026-08-21T20:09:55] METRIC unique_content_objects=1000000
[2026-08-21T20:09:55] METRIC cache_hit_ratio=0.2739
[2026-08-21T20:09:55] RUN_END status=OK
[2026-08-21T20:11:35] RUN_START run_id=SCALE_O_CCNlite_1000000_132
[2026-08-21T20:11:35] PARAM implementation=CCNlite
[2026-08-21T20:11:35] METRIC unique_content_objects=1000000
[2026-08-21T20:11:35] METRIC cache_hit_ratio=0.2431
[2026-08-21T20:11:35] RUN_END status=OK
[2026-08-21T20:12:51] RUN_START run_id=SCALE_O_CCNlite_1000000_133
[2026-08-21T20:12:51] PARAM implementation=CCNlite
[2026-08-21T20:12:51] METRIC unique_content_objects=1000000
[2026-08-21T20:12:51] METRIC cache_hit_ratio=0.2672
[2026-08-21T20:12:51] RUN_END status=OK
[2026-08-21T20:15:09] RUN_START run_id=SCALE_O_CCNlite_1000000_134
[2026-08-21T20:15:09] PARAM implementation=CCNlite
[2026-08-21T20:15:09] METRIC unique_content_objects=1000000
[2026-08-21T20:15:09] METRIC cache_hit_ratio=0.2656
[2026-08-21T20:15:09] RUN_END status=OK
