[2026-08-24T00:42:36] RUN_START run_id=SCALE_O_CCNlite_5000000_149
[2026-08-24T00:42:36] PARAM implementation=CCNlite
[2026-08-24T00:42:36] METRIC unique_content_objects=5000000
[2026-08-24T00:42:36] METRIC cache_hit_ratio=0.1125
[2026-08-24T00:42:36] RUN_END status=OK
[2026-08-24T00:44:12] RUN_START run_id=SCALE_O_CCNlite_5000000_150
[2026-08-24T00:44:12] PARAM implementation=CCNlite
[2026-08-24T00:44:12] METRIC unique_content_objects=5000000
[2026-08-24T00:44:12] METRIC cache_hit_ratio=0.1083
[2026-08-24T00:44:12] RUN_END status=OK
[2026-08-24T07:23:53] RUN_START run_id=SCALE_O_PythonNDN_100000_035
[2026-08-24T07:23:53] PARAM implementation=PythonNDN
[2026-08-24T07:23:53] METRIC unique_content_objects=100000
[2026-08-24T07:23:53] METRIC cache_hit_ratio=0.5646
[2026-08-24T07:23:53] RUN_END status=OK
[2026-08-24T07:25:55] RUN_START run_id=SCALE_O_PythonNDN_100000_036
[2026-08-24T07:25:55] PARAM implementation=PythonNDN
[2026-08-24T07:25:55] METRIC unique_content_objects=100000
[2026-08-24T07:25:55] METRIC cache_hit_ratio=0.5124
[2026-08-24T07:25:55] RUN_END status=OK
[2026-08-24T07:29:22] RUN_START run_id=SCALE_O_PythonNDN_100000_037
[2026-08-24T07:29:22] PARAM implementation=PythonNDN
[2026-08-24T07:29:22] METRIC unique_content_objects=100000
[2026-08-24T07:29:22] METRIC cache_hit_ratio=0.4865
[2026-08-24T07:29:22] RUN_END status=OK
[2026-08-24T07:31:04] RUN_START run_id=SCALE_O_PythonNDN_100000_038
[2026-08-24T07:31:04] PARAM implementation=PythonNDN
[2026-08-24T07:31:04] METRIC unique_content_objects=100000
[2026-08-24T07:31:04] METRIC cache_hit_ratio=0.502
[2026-08-24T07:31:04] RUN_END status=OK
[2026-08-24T07:32:17] RUN_START run_id=SCALE_O_PythonNDN_100000_039
[2026-08-24T07:32:17] PARAM implementation=PythonNDN
[2026-08-24T07:32:17] METRIC unique_content_objects=100000
[2026-08-24T07:32:17] METRIC cache_hit_ratio=0.505
[2026-08-24T07:32:17] RUN_END status=OK
[2026-08-24T07:34:11] RUN_START run_id=SCALE_O_PythonNDN_100000_040
[2026-08-24T07:34:11] PARAM implementation=PythonNDN
[2026-08-24T07:34:11] METRIC unique_content_objects=100000
[2026-08-24T07:34:11] METRIC cache_hit_ratio=0.5066
[2026-08-24T07:34:11] RUN_END status=OK
[2026-08-24T07:35:21] RUN_START run_id=SCALE_O_PythonNDN_100000_041
[2026-08-24T07:35:21] PARAM implementation=PythonNDN
[2026-08-24T07:35:21] METRIC unique_content_objects=100000
[2026-08-24T07:35:21] METRIC cache_hit_ratio=0.4979
[2026-08-24T07:35:21] RUN_END status=OK
[2026-08-24T07:35:52] RUN_START run_id=SCALE_O_PythonNDN_100000_042
[2026-08-24T07:35:52] PARAM implementation=PythonNDN
[2026-08-24T07:35:52] METRIC unique_content_objects=100000
[2026-08-24T07:35:52] METRIC cache_hit_ratio=0.5489
[2026-08-24T07:35:52] RUN_END status=OK
[2026-08-24T07:38:37] RUN_START run_id=SCALE_O_PythonNDN_100000_043
[2026-08-24T07:38:37] PARAM implementation=PythonNDN
[2026-08-24T07:38:37] METRIC unique_content_objects=100000
[2026-08-24T07:38:37] METRIC cache_hit_ratio=0.4935
[2026-08-24T07:38:37] RUN_END status=OK
[2026-08-24T07:41:02] RUN_START run_id=SCALE_O_PythonNDN_100000_044
[2026-08-24T07:41:02] PARAM implementation=PythonNDN
[2026-08-24T07:41:02] METRIC unique_content_objects=100000
[2026-08-24T07:41:02] METRIC cache_hit_ratio=0.5246
[2026-08-24T07:41:02] RUN_END status=OK
[2026-08-24T07:43:02] RUN_START run_id=SCALE_O_PythonNDN_100000_045
[2026-08-24T07:43:02] PARAM implementation=PythonNDN
[2026-08-24T07:43:02] METRIC unique_content_objects=100000
[2026-08-24T07:43:02] METRIC cache_hit_ratio=0.5069
[2026-08-24T07:43:02] RUN_END status=OK
[2026-08-24T07:43:51] RUN_START run_id=SCALE_O_PythonNDN_100000_046
[2026-08-24T07:43:51] PARAM implementation=PythonNDN
[2026-08-24T07:43:51] METRIC unique_content_objects=100000
[2026-08-24T07:43:51] METRIC cache_hit_ratio=0.4741
[2026-08-24T07:43:51] RUN_END status=OK
[2026-08-24T07:44:30] RUN_START run_id=SCALE_O_PythonNDN_100000_047
[2026-08-24T07:44:30] PARAM implementation=PythonNDN
[2026-08-24T07:44:30] METRIC unique_content_objects=100000
[2026-08-24T07:44:30] METRIC cache_hit_ratio=0.5081
[2026-08-24T07:44:30] RUN_END status=OK
[2026-08-24T07:45:38] RUN_START run_id=SCALE_O_PythonNDN_100000_048
[2026-08-24T07:45:38] PARAM implementation=PythonNDN
[2026-08-24T07:45:38] METRIC unique_content_objects=100000
[2026-08-24T07:45:38] METRIC cache_hit_ratio=0.5279
[2026-08-24T07:45:38] RUN_END status=OK
[2026-08-24T07:47:06] RUN_START run_id=SCALE_O_PythonNDN_100000_049
[2026-08-24T07:47:06] PARAM implementation=PythonNDN
[2026-08-24T07:47:06] METRIC unique_content_objects=100000
[2026-08-24T07:47:06] METRIC cache_hit_ratio=0.5018
[2026-08-24T07:47:06] RUN_END status=OK
[2026-08-24T07:49:32] RUN_START run_id=SCALE_O_PythonNDN_100000_050
[2026-08-24T07:49:32] PARAM implementation=PythonNDN
[2026-08-24T07:49:32] METRIC unique_content_objects=100000
[2026-08-24T07:49:32] METRIC cache_hit_ratio=0.5584
[2026-08-24T07:49:32] RUN_END status=OK
[2026-08-24T07:54:48] RUN_START run_id=SCALE_O_PythonNDN_100000_051
[2026-08-24T07:54:48] PARAM implementation=PythonNDN
[2026-08-24T07:54:48] METRIC unique_content_objects=100000
[2026-08-24T07:54:48] METRIC cache_hit_ratio=0.5086
[2026-08-24T07:54:48] RUN_END status=OK
[2026-08-24T07:55:53] RUN_START run_id=SCALE_O_PythonNDN_100000_052
[2026-08-24T07:55:53] PARAM implementation=PythonNDN
[2026-08-24T07:55:53] METRIC unique_content_objects=100000
[2026-08-24T07:55:53] METRIC cache_hit_ratio=0.4974
[2026-08-24T07:55:53] RUN_END status=OK
