[2026-08-14T19:01:31] RUN_START run_id=SCALE_O_CCNlite_100000_052
[2026-08-14T19:01:31] PARAM implementation=CCNlite
[2026-08-14T19:01:31] METRIC unique_content_objects=100000
[2026-08-14T19:01:31] METRIC cache_hit_ratio=0.6379
[2026-08-14T19:01:31] RUN_END status=OK
[2026-08-14T19:04:07] RUN_START run_id=SCALE_O_CCNlite_100000_053
[2026-08-14T19:04:07] PARAM implementation=CCNlite
[2026-08-14T19:04:07] METRIC unique_content_objects=100000
[2026-08-14T19:04:07] METRIC cache_hit_ratio=0.6151
[2026-08-14T19:04:07] RUN_END status=OK
[2026-08-14T19:04:55] RUN_START run_id=SCALE_O_CCNlite_100000_054
[2026-08-14T19:04:55] PARAM implementation=CCNlite
[2026-08-14T19:04:55] METRIC unique_content_objects=100000
[2026-08-14T19:04:55] METRIC cache_hit_ratio=0.627
[2026-08-14T19:04:55] RUN_END status=OK
[2026-08-14T19:07:36] RUN_START run_id=SCALE_O_CCNlite_100000_055
[2026-08-14T19:07:36] PARAM implementation=CCNlite
[2026-08-14T19:07:36] METRIC unique_content_objects=100000
[2026-08-14T19:07:36] METRIC cache_hit_ratio=0.6241
[2026-08-14T19:07:36] RUN_END status=OK
[2026-08-14T19:10:46] RUN_START run_id=SCALE_O_CCNlite_100000_056
[2026-08-14T19:10:46] PARAM implementation=CCNlite
[2026-08-14T19:10:46] METRIC unique_content_objects=100000
[2026-08-14T19:10:46] METRIC cache_hit_ratio=0.626
[2026-08-14T19:10:46] RUN_END status=OK
[2026-08-14T19:11:58] RUN_START run_id=SCALE_O_CCNlite_100000_057
[2026-08-14T19:11:58] PARAM implementation=CCNlite
[2026-08-14T19:11:58] METRIC unique_content_objects=100000
[2026-08-14T19:11:58] METRIC cache_hit_ratio=0.6887
[2026-08-14T19:11:58] RUN_END status=OK
[2026-08-14T19:14:09] RUN_START run_id=SCALE_O_CCNlite_100000_058
[2026-08-14T19:14:09] PARAM implementation=CCNlite
[2026-08-14T19:14:09] METRIC unique_content_objects=100000
[2026-08-14T19:14:09] METRIC cache_hit_ratio=0.6284
[2026-08-14T19:14:09] RUN_END status=OK
[2026-08-14T19:15:56] RUN_START run_id=SCALE_O_CCNlite_100000_059
[2026-08-14T19:15:56] PARAM implementation=CCNlite
[2026-08-14T19:15:56] METRIC unique_content_objects=100000
[2026-08-14T19:15:56] METRIC cache_hit_ratio=0.6382
[2026-08-14T19:15:56] RUN_END status=OK
[2026-08-14T19:18:24] RUN_START run_id=SCALE_O_CCNlite_100000_060
[2026-08-14T19:18:24] PARAM implementation=CCNlite
[2026-08-14T19:18:24] METRIC unique_content_objects=100000
[2026-08-14T19:18:24] METRIC cache_hit_ratio=0.6467
[2026-08-14T19:18:24] RUN_END status=OK
[2026-08-14T19:20:39] RUN_START run_id=SCALE_O_CCNlite_100000_061
[2026-08-14T19:20:39] PARAM implementation=CCNlite
[2026-08-14T19:20:39] METRIC unique_content_objects=100000
[2026-08-14T19:20:39] METRIC cache_hit_ratio=0.6593
[2026-08-14T19:20:39] RUN_END status=OK
