[2026-08-15T07:05:16] RUN_START run_id=SCALE_O_PythonNDN_10000_082
[2026-08-15T07:05:16] PARAM implementation=PythonNDN
[2026-08-15T07:05:16] METRIC unique_content_objects=10000
[2026-08-15T07:05:16] METRIC cache_hit_ratio=0.6471
[2026-08-15T07:05:16] RUN_END status=OK
[2026-08-15T07:10:56] RUN_START run_id=SCALE_O_PythonNDN_10000_083
[2026-08-15T07:10:56] PARAM implementation=PythonNDN
[2026-08-15T07:10:56] METRIC unique_content_objects=10000
[2026-08-15T07:10:56] METRIC cache_hit_ratio=0.7338
[2026-08-15T07:10:56] RUN_END status=OK
[2026-08-15T07:13:04] RUN_START run_id=SCALE_O_PythonNDN_10000_084
[2026-08-15T07:13:04] PARAM implementation=PythonNDN
[2026-08-15T07:13:04] METRIC unique_content_objects=10000
[2026-08-15T07:13:04] METRIC cache_hit_ratio=0.7284
[2026-08-15T07:13:04] RUN_END status=OK
[2026-08-15T07:14:28] RUN_START run_id=SCALE_O_PythonNDN_10000_085
[2026-08-15T07:14:28] PARAM implementation=PythonNDN
[2026-08-15T07:14:28] METRIC unique_content_objects=10000
[2026-08-15T07:14:28] METRIC cache_hit_ratio=0.7046
[2026-08-15T07:14:28] RUN_END status=OK
[2026-08-15T07:15:15] RUN_START run_id=SCALE_O_PythonNDN_10000_086
[2026-08-15T07:15:15] PARAM implementation=PythonNDN
[2026-08-15T07:15:15] METRIC unique_content_objects=10000
[2026-08-15T07:15:15] METRIC cache_hit_ratio=0.6735
[2026-08-15T07:15:15] RUN_END status=OK
[2026-08-15T07:16:04] RUN_START run_id=SCALE_O_PythonNDN_10000_087
[2026-08-15T07:16:04] PARAM implementation=PythonNDN
[2026-08-15T07:16:04] METRIC unique_content_objects=10000
[2026-08-15T07:16:04] METRIC cache_hit_ratio=0.7323
[2026-08-15T07:16:04] RUN_END status=OK
[2026-08-15T07:17:05] RUN_START run_id=SCALE_O_PythonNDN_10000_088
[2026-08-15T07:17:05] PARAM implementation=PythonNDN
[2026-08-15T07:17:05] METRIC unique_content_objects=10000
[2026-08-15T07:17:05] METRIC cache_hit_ratio=0.7464
[2026-08-15T07:17:05] RUN_END status=OK
[2026-08-15T07:22:14] RUN_START run_id=SCALE_O_PythonNDN_10000_089
[2026-08-15T07:22:14] PARAM implementation=PythonNDN
[2026-08-15T07:22:14] METRIC unique_content_objects=10000
[2026-08-15T07:22:14] METRIC cache_hit_ratio=0.7066
[2026-08-15T07:22:14] RUN_END status=OK
[2026-08-15T07:23:21] RUN_START run_id=SCALE_O_PythonNDN_10000_090
[2026-08-15T07:23:21] PARAM implementation=PythonNDN
[2026-08-15T07:23:21] METRIC unique_content_objects=10000
[2026-08-15T07:23:21] METRIC cache_hit_ratio=0.7141
[2026-08-15T07:23:21] RUN_END status=OK
[2026-08-15T07:23:37] RUN_START run_id=SCALE_O_PythonNDN_10000_091
[2026-08-15T07:23:37] PARAM implementation=PythonNDN
[2026-08-15T07:23:37] METRIC unique_content_objects=10000
[2026-08-15T07:23:37] METRIC cache_hit_ratio=0.7758
[2026-08-15T07:23:37] RUN_END status=OK
[2026-08-15T07:28:46] RUN_START run_id=SCALE_O_PythonNDN_10000_092
[2026-08-15T07:28:46] PARAM implementation=PythonNDN
[2026-08-15T07:28:46] METRIC unique_content_objects=10000
[2026-08-15T07:28:46] METRIC cache_hit_ratio=0.763
[2026-08-15T07:28:46] RUN_END status=OK
[2026-08-15T12:50:39] RUN_START run_id=SCALE_O_NFD_1000_032
[2026-08-15T12:50:39] PARAM implementation=NFD
[2026-08-15T12:50:39] METRIC unique_content_objects=1000
[2026-08-15T12:50:39] METRIC cache_hit_ratio=0.9723
[2026-08-15T12:50:39] RUN_END status=OK
[2026-08-15T12:53:30] RUN_START run_id=SCALE_O_NFD_1000_033
[2026-08-15T12:53:30] PARAM implementation=NFD
[2026-08-15T12:53:30] METRIC unique_content_objects=1000
[2026-08-15T12:53:30] METRIC cache_hit_ratio=0.884
[2026-08-15T12:53:30] RUN_END status=OK
[2026-08-15T12:55:45] RUN_START run_id=08_scalability_content_DISCARDED_0058
[2026-08-15T12:55:45] RUN_ABORTED reason=cache_warmup_incomplete: content-store did not reach steady-state hit ratio within the 30s warm-up window, run discarded
[2026-08-15T12:57:19] RUN_START run_id=SCALE_O_NFD_1000_034
[2026-08-15T12:57:19] PARAM implementation=NFD
[2026-08-15T12:57:19] METRIC unique_content_objects=1000
[2026-08-15T12:57:19] METRIC cache_hit_ratio=0.8763
[2026-08-15T12:57:19] RUN_END status=OK
[2026-08-15T12:59:57] RUN_START run_id=SCALE_O_NFD_1000_035
[2026-08-15T12:59:57] PARAM implementation=NFD
[2026-08-15T12:59:57] METRIC unique_content_objects=1000
[2026-08-15T12:59:57] METRIC cache_hit_ratio=0.9432
[2026-08-15T12:59:57] RUN_END status=OK
[2026-08-15T13:04:01] RUN_START run_id=SCALE_O_NFD_1000_036
[2026-08-15T13:04:01] PARAM implementation=NFD
[2026-08-15T13:04:01] METRIC unique_content_objects=1000
[2026-08-15T13:04:01] METRIC cache_hit_ratio=0.9037
[2026-08-15T13:04:01] RUN_END status=OK
[2026-08-15T13:07:09] RUN_START run_id=SCALE_O_NFD_1000_037
[2026-08-15T13:07:09] PARAM implementation=NFD
[2026-08-15T13:07:09] METRIC unique_content_objects=1000
[2026-08-15T13:07:09] METRIC cache_hit_ratio=0.9388
[2026-08-15T13:07:09] RUN_END status=OK
[2026-08-15T13:09:17] RUN_START run_id=SCALE_O_NFD_1000_038
[2026-08-15T13:09:17] PARAM implementation=NFD
[2026-08-15T13:09:17] METRIC unique_content_objects=1000
[2026-08-15T13:09:17] METRIC cache_hit_ratio=0.9085
[2026-08-15T13:09:17] RUN_END status=OK
