[2026-08-19T05:03:17] RUN_START run_id=SCALE_O_NFD_1000000_070
[2026-08-19T05:03:17] PARAM implementation=NFD
[2026-08-19T05:03:17] METRIC unique_content_objects=1000000
[2026-08-19T05:03:17] METRIC cache_hit_ratio=0.2407
[2026-08-19T05:03:17] RUN_END status=OK
[2026-08-19T05:05:08] RUN_START run_id=SCALE_O_NFD_1000000_071
[2026-08-19T05:05:08] PARAM implementation=NFD
[2026-08-19T05:05:08] METRIC unique_content_objects=1000000
[2026-08-19T05:05:08] METRIC cache_hit_ratio=0.2701
[2026-08-19T05:05:08] RUN_END status=OK
[2026-08-19T05:06:09] RUN_START run_id=SCALE_O_NFD_1000000_072
[2026-08-19T05:06:09] PARAM implementation=NFD
[2026-08-19T05:06:09] METRIC unique_content_objects=1000000
[2026-08-19T05:06:09] METRIC cache_hit_ratio=0.2334
[2026-08-19T05:06:09] RUN_END status=OK
[2026-08-19T05:08:08] RUN_START run_id=SCALE_O_NFD_1000000_073
[2026-08-19T05:08:08] PARAM implementation=NFD
[2026-08-19T05:08:08] METRIC unique_content_objects=1000000
[2026-08-19T05:08:08] METRIC cache_hit_ratio=0.2363
[2026-08-19T05:08:08] RUN_END status=OK
[2026-08-19T05:09:51] RUN_START run_id=SCALE_O_NFD_1000000_074
[2026-08-19T05:09:51] PARAM implementation=NFD
[2026-08-19T05:09:51] METRIC unique_content_objects=1000000
[2026-08-19T05:09:51] METRIC cache_hit_ratio=0.2667
[2026-08-19T05:09:51] RUN_END status=OK
[2026-08-19T05:10:40] RUN_START run_id=SCALE_O_NFD_1000000_075
[2026-08-19T05:10:40] PARAM implementation=NFD
[2026-08-19T05:10:40] METRIC unique_content_objects=1000000
[2026-08-19T05:10:40] METRIC cache_hit_ratio=0.2454
[2026-08-19T05:10:40] RUN_END status=OK
[2026-08-19T05:13:34] RUN_START run_id=SCALE_O_NFD_1000000_076
[2026-08-19T05:13:34] PARAM implementation=NFD
[2026-08-19T05:13:34] METRIC unique_content_objects=1000000
[2026-08-19T05:13:34] METRIC cache_hit_ratio=0.2595
[2026-08-19T05:13:34] RUN_END status=OK
[2026-08-19T05:15:36] RUN_START run_id=SCALE_O_NFD_1000000_077
[2026-08-19T05:15:36] PARAM implementation=NFD
[2026-08-19T05:15:36] METRIC unique_content_objects=1000000
[2026-08-19T05:15:36] METRIC cache_hit_ratio=0.2489
[2026-08-19T05:15:36] RUN_END status=OK
[2026-08-19T05:19:05] RUN_START run_id=SCALE_O_NFD_1000000_078
[2026-08-19T05:19:05] PARAM implementation=NFD
[2026-08-19T05:19:05] METRIC unique_content_objects=1000000
[2026-08-19T05:19:05] METRIC cache_hit_ratio=0.2415
[2026-08-19T05:19:05] RUN_END status=OK
[2026-08-19T05:22:29] RUN_START run_id=SCALE_O_NFD_1000000_079
[2026-08-19T05:22:29] PARAM implementation=NFD
[2026-08-19T05:22:29] METRIC unique_content_objects=1000000
[2026-08-19T05:22:29] METRIC cache_hit_ratio=0.2378
[2026-08-19T05:22:29] RUN_END status=OK
[2026-08-19T05:23:27] RUN_START run_id=SCALE_O_NFD_1000000_080
[2026-08-19T05:23:27] PARAM implementation=NFD
[2026-08-19T05:23:27] METRIC unique_content_objects=1000000
[2026-08-19T05:23:27] METRIC cache_hit_ratio=0.2402
[2026-08-19T05:23:27] RUN_END status=OK
[2026-08-19T05:25:18] RUN_START run_id=SCALE_O_NFD_1000000_081
[2026-08-19T05:25:18] PARAM implementation=NFD
[2026-08-19T05:25:18] METRIC unique_content_objects=1000000
[2026-08-19T05:25:18] METRIC cache_hit_ratio=0.2613
[2026-08-19T05:25:18] RUN_END status=OK
[2026-08-19T05:27:27] RUN_START run_id=SCALE_O_NFD_1000_133
[2026-08-19T05:27:27] PARAM implementation=NFD
[2026-08-19T05:27:27] METRIC unique_content_objects=1000
[2026-08-19T05:27:27] METRIC cache_hit_ratio=0.8921
[2026-08-19T05:27:27] RUN_END status=OK
[2026-08-19T05:29:11] RUN_START run_id=SCALE_O_NFD_1000000_082
[2026-08-19T05:29:11] PARAM implementation=NFD
[2026-08-19T05:29:11] METRIC unique_content_objects=1000000
[2026-08-19T05:29:11] METRIC cache_hit_ratio=0.2831
[2026-08-19T05:29:11] RUN_END status=OK
[2026-08-19T05:33:23] RUN_START run_id=SCALE_O_NFD_1000_134
[2026-08-19T05:33:23] PARAM implementation=NFD
[2026-08-19T05:33:23] METRIC unique_content_objects=1000
[2026-08-19T05:33:23] METRIC cache_hit_ratio=0.8084
[2026-08-19T05:33:23] RUN_END status=OK
[2026-08-19T05:33:31] RUN_START run_id=SCALE_O_NFD_1000000_083
[2026-08-19T05:33:31] PARAM implementation=NFD
[2026-08-19T05:33:31] METRIC unique_content_objects=1000000
[2026-08-19T05:33:31] METRIC cache_hit_ratio=0.2507
[2026-08-19T05:33:31] RUN_END status=OK
[2026-08-19T05:35:42] RUN_START run_id=SCALE_O_NFD_1000_135
[2026-08-19T05:35:42] PARAM implementation=NFD
[2026-08-19T05:35:42] METRIC unique_content_objects=1000
[2026-08-19T05:35:42] METRIC cache_hit_ratio=0.8502
[2026-08-19T05:35:42] RUN_END status=OK
[2026-08-19T05:38:33] RUN_START run_id=SCALE_O_NFD_1000_136
[2026-08-19T05:38:33] PARAM implementation=NFD
[2026-08-19T05:38:33] METRIC unique_content_objects=1000
[2026-08-19T05:38:33] METRIC cache_hit_ratio=0.8802
[2026-08-19T05:38:33] RUN_END status=OK
[2026-08-19T05:39:50] RUN_START run_id=SCALE_O_NFD_1000_137
[2026-08-19T05:39:50] PARAM implementation=NFD
[2026-08-19T05:39:50] METRIC unique_content_objects=1000
[2026-08-19T05:39:50] METRIC cache_hit_ratio=0.849
[2026-08-19T05:39:50] RUN_END status=OK
