[2026-08-23T13:35:50] RUN_START run_id=SCALE_O_NFD_100000_092
[2026-08-23T13:35:50] PARAM implementation=NFD
[2026-08-23T13:35:50] METRIC unique_content_objects=100000
[2026-08-23T13:35:50] METRIC cache_hit_ratio=0.6485
[2026-08-23T13:35:50] RUN_END status=OK
[2026-08-23T13:41:08] RUN_START run_id=SCALE_O_NFD_100000_093
[2026-08-23T13:41:08] PARAM implementation=NFD
[2026-08-23T13:41:08] METRIC unique_content_objects=100000
[2026-08-23T13:41:08] METRIC cache_hit_ratio=0.6515
[2026-08-23T13:41:08] RUN_END status=OK
[2026-08-23T13:42:33] RUN_START run_id=SCALE_O_NFD_100000_094
[2026-08-23T13:42:33] PARAM implementation=NFD
[2026-08-23T13:42:33] METRIC unique_content_objects=100000
[2026-08-23T13:42:33] METRIC cache_hit_ratio=0.6347
[2026-08-23T13:42:33] RUN_END status=OK
[2026-08-23T13:49:39] RUN_START run_id=SCALE_O_NFD_100000_095
[2026-08-23T13:49:39] PARAM implementation=NFD
[2026-08-23T13:49:39] METRIC unique_content_objects=100000
[2026-08-23T13:49:39] METRIC cache_hit_ratio=0.5909
[2026-08-23T13:49:39] RUN_END status=OK
[2026-08-23T21:30:01] RUN_START run_id=SCALE_O_NFD_300000_093
[2026-08-23T21:30:01] PARAM implementation=NFD
[2026-08-23T21:30:01] METRIC unique_content_objects=300000
[2026-08-23T21:30:01] METRIC cache_hit_ratio=0.4619
[2026-08-23T21:30:01] RUN_END status=OK
[2026-08-23T21:33:12] RUN_START run_id=SCALE_O_NFD_300000_094
[2026-08-23T21:33:12] PARAM implementation=NFD
[2026-08-23T21:33:12] METRIC unique_content_objects=300000
[2026-08-23T21:33:12] METRIC cache_hit_ratio=0.4433
[2026-08-23T21:33:12] RUN_END status=OK
[2026-08-23T21:35:36] RUN_START run_id=SCALE_O_NFD_300000_095
[2026-08-23T21:35:36] PARAM implementation=NFD
[2026-08-23T21:35:36] METRIC unique_content_objects=300000
[2026-08-23T21:35:36] METRIC cache_hit_ratio=0.4595
[2026-08-23T21:35:36] RUN_END status=OK
[2026-08-23T21:38:27] RUN_START run_id=SCALE_O_NFD_300000_096
[2026-08-23T21:38:27] PARAM implementation=NFD
[2026-08-23T21:38:27] METRIC unique_content_objects=300000
[2026-08-23T21:38:27] METRIC cache_hit_ratio=0.4536
[2026-08-23T21:38:27] RUN_END status=OK
[2026-08-23T21:39:47] RUN_START run_id=SCALE_O_NFD_300000_097
[2026-08-23T21:39:47] PARAM implementation=NFD
[2026-08-23T21:39:47] METRIC unique_content_objects=300000
[2026-08-23T21:39:47] METRIC cache_hit_ratio=0.4458
[2026-08-23T21:39:47] RUN_END status=OK
[2026-08-23T21:42:00] RUN_START run_id=SCALE_O_NFD_300000_098
[2026-08-23T21:42:00] PARAM implementation=NFD
[2026-08-23T21:42:00] METRIC unique_content_objects=300000
[2026-08-23T21:42:00] METRIC cache_hit_ratio=0.4358
[2026-08-23T21:42:00] RUN_END status=OK
[2026-08-23T21:42:54] RUN_START run_id=SCALE_O_NFD_300000_099
[2026-08-23T21:42:54] PARAM implementation=NFD
[2026-08-23T21:42:54] METRIC unique_content_objects=300000
[2026-08-23T21:42:54] METRIC cache_hit_ratio=0.4294
[2026-08-23T21:42:54] RUN_END status=OK
[2026-08-23T21:43:30] RUN_START run_id=SCALE_O_NFD_300000_100
[2026-08-23T21:43:30] PARAM implementation=NFD
[2026-08-23T21:43:30] METRIC unique_content_objects=300000
[2026-08-23T21:43:30] METRIC cache_hit_ratio=0.4699
[2026-08-23T21:43:30] RUN_END status=OK
[2026-08-23T21:44:50] RUN_START run_id=SCALE_O_NFD_300000_101
[2026-08-23T21:44:50] PARAM implementation=NFD
[2026-08-23T21:44:50] METRIC unique_content_objects=300000
[2026-08-23T21:44:50] METRIC cache_hit_ratio=0.4403
[2026-08-23T21:44:50] RUN_END status=OK
[2026-08-23T21:51:15] RUN_START run_id=SCALE_O_NFD_300000_102
[2026-08-23T21:51:15] PARAM implementation=NFD
[2026-08-23T21:51:15] METRIC unique_content_objects=300000
[2026-08-23T21:51:15] METRIC cache_hit_ratio=0.4408
[2026-08-23T21:51:15] RUN_END status=OK
[2026-08-23T21:53:02] RUN_START run_id=SCALE_O_NFD_300000_103
[2026-08-23T21:53:02] PARAM implementation=NFD
[2026-08-23T21:53:02] METRIC unique_content_objects=300000
[2026-08-23T21:53:02] METRIC cache_hit_ratio=0.4534
[2026-08-23T21:53:02] RUN_END status=OK
