[2026-08-18T00:30:54] RUN_START run_id=SCALE_O_uDCN_1000_114
[2026-08-18T00:30:54] PARAM implementation=uDCN
[2026-08-18T00:30:54] METRIC unique_content_objects=1000
[2026-08-18T00:30:54] METRIC cache_hit_ratio=0.9142
[2026-08-18T00:30:54] RUN_END status=OK
[2026-08-18T00:32:06] RUN_START run_id=SCALE_O_uDCN_1000_115
[2026-08-18T00:32:06] PARAM implementation=uDCN
[2026-08-18T00:32:06] METRIC unique_content_objects=1000
[2026-08-18T00:32:06] METRIC cache_hit_ratio=0.9097
[2026-08-18T00:32:06] RUN_END status=OK
[2026-08-18T00:34:39] RUN_START run_id=SCALE_O_uDCN_1000_116
[2026-08-18T00:34:39] PARAM implementation=uDCN
[2026-08-18T00:34:39] METRIC unique_content_objects=1000
[2026-08-18T00:34:39] METRIC cache_hit_ratio=0.9884
[2026-08-18T00:34:39] RUN_END status=OK
[2026-08-18T00:35:03] RUN_START run_id=SCALE_O_PythonNDN_300000_051
[2026-08-18T00:35:03] PARAM implementation=PythonNDN
[2026-08-18T00:35:03] METRIC unique_content_objects=300000
[2026-08-18T00:35:03] METRIC cache_hit_ratio=0.2555
[2026-08-18T00:35:03] RUN_END status=OK
[2026-08-18T00:36:30] RUN_START run_id=SCALE_O_uDCN_1000_117
[2026-08-18T00:36:30] PARAM implementation=uDCN
[2026-08-18T00:36:30] METRIC unique_content_objects=1000
[2026-08-18T00:36:30] METRIC cache_hit_ratio=0.9214
[2026-08-18T00:36:30] RUN_END status=OK
[2026-08-18T00:36:52] RUN_START run_id=SCALE_O_PythonNDN_300000_052
[2026-08-18T00:36:52] PARAM implementation=PythonNDN
[2026-08-18T00:36:52] METRIC unique_content_objects=300000
[2026-08-18T00:36:52] METRIC cache_hit_ratio=0.2343
[2026-08-18T00:36:52] RUN_END status=OK
[2026-08-18T00:38:58] RUN_START run_id=SCALE_O_uDCN_1000_118
[2026-08-18T00:38:58] PARAM implementation=uDCN
[2026-08-18T00:38:58] METRIC unique_content_objects=1000
[2026-08-18T00:38:58] METRIC cache_hit_ratio=0.908
[2026-08-18T00:38:58] RUN_END status=OK
[2026-08-18T00:39:53] RUN_START run_id=SCALE_O_PythonNDN_300000_053
[2026-08-18T00:39:53] PARAM implementation=PythonNDN
[2026-08-18T00:39:53] METRIC unique_content_objects=300000
[2026-08-18T00:39:53] METRIC cache_hit_ratio=0.2367
[2026-08-18T00:39:53] RUN_END status=OK
[2026-08-18T00:40:11] RUN_START run_id=SCALE_O_uDCN_1000_119
[2026-08-18T00:40:11] PARAM implementation=uDCN
[2026-08-18T00:40:11] METRIC unique_content_objects=1000
[2026-08-18T00:40:11] METRIC cache_hit_ratio=0.945
[2026-08-18T00:40:11] RUN_END status=OK
[2026-08-18T00:41:02] RUN_START run_id=SCALE_O_uDCN_1000_120
[2026-08-18T00:41:02] PARAM implementation=uDCN
[2026-08-18T00:41:02] METRIC unique_content_objects=1000
[2026-08-18T00:41:02] METRIC cache_hit_ratio=0.9679
[2026-08-18T00:41:02] RUN_END status=OK
[2026-08-18T00:41:28] RUN_START run_id=SCALE_O_PythonNDN_300000_054
[2026-08-18T00:41:28] PARAM implementation=PythonNDN
[2026-08-18T00:41:28] METRIC unique_content_objects=300000
[2026-08-18T00:41:28] METRIC cache_hit_ratio=0.2479
[2026-08-18T00:41:28] RUN_END status=OK
[2026-08-18T00:43:08] RUN_START run_id=SCALE_O_uDCN_1000_121
[2026-08-18T00:43:08] PARAM implementation=uDCN
[2026-08-18T00:43:08] METRIC unique_content_objects=1000
[2026-08-18T00:43:08] METRIC cache_hit_ratio=0.8719
[2026-08-18T00:43:08] RUN_END status=OK
[2026-08-18T00:45:45] RUN_START run_id=SCALE_O_uDCN_1000_122
[2026-08-18T00:45:45] PARAM implementation=uDCN
[2026-08-18T00:45:45] METRIC unique_content_objects=1000
[2026-08-18T00:45:45] METRIC cache_hit_ratio=0.919
[2026-08-18T00:45:45] RUN_END status=OK
[2026-08-18T00:45:59] RUN_START run_id=SCALE_O_PythonNDN_300000_055
[2026-08-18T00:45:59] PARAM implementation=PythonNDN
[2026-08-18T00:45:59] METRIC unique_content_objects=300000
[2026-08-18T00:45:59] METRIC cache_hit_ratio=0.2238
[2026-08-18T00:45:59] RUN_END status=OK
[2026-08-18T00:46:57] RUN_START run_id=SCALE_O_PythonNDN_300000_056
[2026-08-18T00:46:57] PARAM implementation=PythonNDN
[2026-08-18T00:46:57] METRIC unique_content_objects=300000
[2026-08-18T00:46:57] METRIC cache_hit_ratio=0.2256
[2026-08-18T00:46:57] RUN_END status=OK
[2026-08-18T00:49:28] RUN_START run_id=SCALE_O_PythonNDN_300000_057
[2026-08-18T00:49:28] PARAM implementation=PythonNDN
[2026-08-18T00:49:28] METRIC unique_content_objects=300000
[2026-08-18T00:49:28] METRIC cache_hit_ratio=0.243
[2026-08-18T00:49:28] RUN_END status=OK
[2026-08-18T00:53:08] RUN_START run_id=SCALE_O_PythonNDN_300000_058
[2026-08-18T00:53:08] PARAM implementation=PythonNDN
[2026-08-18T00:53:08] METRIC unique_content_objects=300000
[2026-08-18T00:53:08] METRIC cache_hit_ratio=0.2624
[2026-08-18T00:53:08] RUN_END status=OK
[2026-08-18T00:53:56] RUN_START run_id=SCALE_O_PythonNDN_300000_059
[2026-08-18T00:53:56] PARAM implementation=PythonNDN
[2026-08-18T00:53:56] METRIC unique_content_objects=300000
[2026-08-18T00:53:56] METRIC cache_hit_ratio=0.262
[2026-08-18T00:53:56] RUN_END status=OK
[2026-08-18T00:56:22] RUN_START run_id=SCALE_O_PythonNDN_300000_060
[2026-08-18T00:56:22] PARAM implementation=PythonNDN
[2026-08-18T00:56:22] METRIC unique_content_objects=300000
[2026-08-18T00:56:22] METRIC cache_hit_ratio=0.2526
[2026-08-18T00:56:22] RUN_END status=OK
