[2026-08-10T22:17:20] RUN_START run_id=SCALE_O_uDCN_1000000_046
[2026-08-10T22:17:20] PARAM implementation=uDCN
[2026-08-10T22:17:20] METRIC unique_content_objects=1000000
[2026-08-10T22:17:20] METRIC cache_hit_ratio=0.4544
[2026-08-10T22:17:20] RUN_END status=OK
[2026-08-10T22:22:23] RUN_START run_id=SCALE_O_uDCN_1000000_047
[2026-08-10T22:22:23] PARAM implementation=uDCN
[2026-08-10T22:22:23] METRIC unique_content_objects=1000000
[2026-08-10T22:22:23] METRIC cache_hit_ratio=0.4227
[2026-08-10T22:22:23] RUN_END status=OK
[2026-08-10T22:23:52] RUN_START run_id=SCALE_O_uDCN_1000000_048
[2026-08-10T22:23:52] PARAM implementation=uDCN
[2026-08-10T22:23:52] METRIC unique_content_objects=1000000
[2026-08-10T22:23:52] METRIC cache_hit_ratio=0.4547
[2026-08-10T22:23:52] RUN_END status=OK
[2026-08-10T22:25:55] RUN_START run_id=SCALE_O_uDCN_1000000_049
[2026-08-10T22:25:55] PARAM implementation=uDCN
[2026-08-10T22:25:55] METRIC unique_content_objects=1000000
[2026-08-10T22:25:55] METRIC cache_hit_ratio=0.4411
[2026-08-10T22:25:55] RUN_END status=OK
[2026-08-11T03:19:38] RUN_START run_id=SCALE_O_uDCN_5000000_028
[2026-08-11T03:19:38] PARAM implementation=uDCN
[2026-08-11T03:19:38] METRIC unique_content_objects=5000000
[2026-08-11T03:19:38] METRIC cache_hit_ratio=0.2991
[2026-08-11T03:19:38] RUN_END status=OK
[2026-08-11T03:22:02] RUN_START run_id=SCALE_O_uDCN_5000000_029
[2026-08-11T03:22:02] PARAM implementation=uDCN
[2026-08-11T03:22:02] METRIC unique_content_objects=5000000
[2026-08-11T03:22:02] METRIC cache_hit_ratio=0.2533
[2026-08-11T03:22:02] RUN_END status=OK
[2026-08-11T03:24:47] RUN_START run_id=SCALE_O_uDCN_5000000_030
[2026-08-11T03:24:47] PARAM implementation=uDCN
[2026-08-11T03:24:47] METRIC unique_content_objects=5000000
[2026-08-11T03:24:47] METRIC cache_hit_ratio=0.3009
[2026-08-11T03:24:47] RUN_END status=OK
[2026-08-11T03:26:40] RUN_START run_id=SCALE_O_uDCN_5000000_031
[2026-08-11T03:26:40] PARAM implementation=uDCN
[2026-08-11T03:26:40] METRIC unique_content_objects=5000000
[2026-08-11T03:26:40] METRIC cache_hit_ratio=0.2796
[2026-08-11T03:26:40] RUN_END status=OK
[2026-08-11T03:28:00] RUN_START run_id=SCALE_O_uDCN_5000000_032
[2026-08-11T03:28:00] PARAM implementation=uDCN
[2026-08-11T03:28:00] METRIC unique_content_objects=5000000
[2026-08-11T03:28:00] METRIC cache_hit_ratio=0.2528
[2026-08-11T03:28:00] RUN_END status=OK
[2026-08-11T03:30:16] RUN_START run_id=SCALE_O_uDCN_5000000_033
[2026-08-11T03:30:16] PARAM implementation=uDCN
[2026-08-11T03:30:16] METRIC unique_content_objects=5000000
[2026-08-11T03:30:16] METRIC cache_hit_ratio=0.2714
[2026-08-11T03:30:16] RUN_END status=OK
[2026-08-11T03:31:49] RUN_START run_id=SCALE_O_uDCN_5000000_034
[2026-08-11T03:31:49] PARAM implementation=uDCN
[2026-08-11T03:31:49] METRIC unique_content_objects=5000000
[2026-08-11T03:31:49] METRIC cache_hit_ratio=0.2559
[2026-08-11T03:31:49] RUN_END status=OK
[2026-08-11T03:37:07] RUN_START run_id=SCALE_O_uDCN_5000000_035
[2026-08-11T03:37:07] PARAM implementation=uDCN
[2026-08-11T03:37:07] METRIC unique_content_objects=5000000
[2026-08-11T03:37:07] METRIC cache_hit_ratio=0.2576
[2026-08-11T03:37:07] RUN_END status=OK
