[2026-08-20T18:49:45] RUN_START run_id=SCALE_O_uDCN_100000_099
[2026-08-20T18:49:45] PARAM implementation=uDCN
[2026-08-20T18:49:45] METRIC unique_content_objects=100000
[2026-08-20T18:49:45] METRIC cache_hit_ratio=0.8474
[2026-08-20T18:49:45] RUN_END status=OK
[2026-08-20T18:52:23] RUN_START run_id=SCALE_O_uDCN_100000_100
[2026-08-20T18:52:23] PARAM implementation=uDCN
[2026-08-20T18:52:23] METRIC unique_content_objects=100000
[2026-08-20T18:52:23] METRIC cache_hit_ratio=0.8169
[2026-08-20T18:52:23] RUN_END status=OK
[2026-08-20T18:55:21] RUN_START run_id=SCALE_O_uDCN_100000_101
[2026-08-20T18:55:21] PARAM implementation=uDCN
[2026-08-20T18:55:21] METRIC unique_content_objects=100000
[2026-08-20T18:55:21] METRIC cache_hit_ratio=0.8664
[2026-08-20T18:55:21] RUN_END status=OK
[2026-08-20T18:57:30] RUN_START run_id=SCALE_O_uDCN_100000_102
[2026-08-20T18:57:30] PARAM implementation=uDCN
[2026-08-20T18:57:30] METRIC unique_content_objects=100000
[2026-08-20T18:57:30] METRIC cache_hit_ratio=0.8571
[2026-08-20T18:57:30] RUN_END status=OK
[2026-08-20T19:01:54] RUN_START run_id=SCALE_O_uDCN_100000_103
[2026-08-20T19:01:54] PARAM implementation=uDCN
[2026-08-20T19:01:54] METRIC unique_content_objects=100000
[2026-08-20T19:01:54] METRIC cache_hit_ratio=0.7971
[2026-08-20T19:01:54] RUN_END status=OK
[2026-08-20T19:04:08] RUN_START run_id=SCALE_O_uDCN_100000_104
[2026-08-20T19:04:08] PARAM implementation=uDCN
[2026-08-20T19:04:08] METRIC unique_content_objects=100000
[2026-08-20T19:04:08] METRIC cache_hit_ratio=0.8415
[2026-08-20T19:04:08] RUN_END status=OK
[2026-08-20T19:06:12] RUN_START run_id=SCALE_O_uDCN_100000_105
[2026-08-20T19:06:12] PARAM implementation=uDCN
[2026-08-20T19:06:12] METRIC unique_content_objects=100000
[2026-08-20T19:06:12] METRIC cache_hit_ratio=0.8104
[2026-08-20T19:06:12] RUN_END status=OK
[2026-08-20T19:07:04] RUN_START run_id=SCALE_O_uDCN_100000_106
[2026-08-20T19:07:04] PARAM implementation=uDCN
[2026-08-20T19:07:04] METRIC unique_content_objects=100000
[2026-08-20T19:07:04] METRIC cache_hit_ratio=0.7989
[2026-08-20T19:07:04] RUN_END status=OK
[2026-08-20T19:09:41] RUN_START run_id=SCALE_O_uDCN_100000_107
[2026-08-20T19:09:41] PARAM implementation=uDCN
[2026-08-20T19:09:41] METRIC unique_content_objects=100000
[2026-08-20T19:09:41] METRIC cache_hit_ratio=0.7887
[2026-08-20T19:09:41] RUN_END status=OK
[2026-08-20T19:11:30] RUN_START run_id=SCALE_O_uDCN_100000_108
[2026-08-20T19:11:30] PARAM implementation=uDCN
[2026-08-20T19:11:30] METRIC unique_content_objects=100000
[2026-08-20T19:11:30] METRIC cache_hit_ratio=0.7862
[2026-08-20T19:11:30] RUN_END status=OK
[2026-08-20T19:12:35] RUN_START run_id=SCALE_O_uDCN_100000_109
[2026-08-20T19:12:35] PARAM implementation=uDCN
[2026-08-20T19:12:35] METRIC unique_content_objects=100000
[2026-08-20T19:12:35] METRIC cache_hit_ratio=0.8758
[2026-08-20T19:12:35] RUN_END status=OK
[2026-08-20T19:15:22] RUN_START run_id=SCALE_O_uDCN_100000_110
[2026-08-20T19:15:22] PARAM implementation=uDCN
[2026-08-20T19:15:22] METRIC unique_content_objects=100000
[2026-08-20T19:15:22] METRIC cache_hit_ratio=0.8757
[2026-08-20T19:15:22] RUN_END status=OK
[2026-08-20T19:17:38] RUN_START run_id=SCALE_O_uDCN_100000_111
[2026-08-20T19:17:38] PARAM implementation=uDCN
[2026-08-20T19:17:38] METRIC unique_content_objects=100000
[2026-08-20T19:17:38] METRIC cache_hit_ratio=0.8343
[2026-08-20T19:17:38] RUN_END status=OK
[2026-08-20T19:19:29] RUN_START run_id=SCALE_O_uDCN_100000_112
[2026-08-20T19:19:29] PARAM implementation=uDCN
[2026-08-20T19:19:29] METRIC unique_content_objects=100000
[2026-08-20T19:19:29] METRIC cache_hit_ratio=0.7723
[2026-08-20T19:19:29] RUN_END status=OK
[2026-08-20T19:21:40] RUN_START run_id=SCALE_O_uDCN_100000_113
[2026-08-20T19:21:40] PARAM implementation=uDCN
[2026-08-20T19:21:40] METRIC unique_content_objects=100000
[2026-08-20T19:21:40] METRIC cache_hit_ratio=0.8478
[2026-08-20T19:21:40] RUN_END status=OK
