[2026-08-14T02:28:57] RUN_START run_id=SCALE_O_uDCN_300000_036
[2026-08-14T02:28:57] PARAM implementation=uDCN
[2026-08-14T02:28:57] METRIC unique_content_objects=300000
[2026-08-14T02:28:57] METRIC cache_hit_ratio=0.5776
[2026-08-14T02:28:57] RUN_END status=OK
[2026-08-14T02:31:19] RUN_START run_id=SCALE_O_CCNlite_1000_075
[2026-08-14T02:31:19] PARAM implementation=CCNlite
[2026-08-14T02:31:19] METRIC unique_content_objects=1000
[2026-08-14T02:31:19] METRIC cache_hit_ratio=0.9767
[2026-08-14T02:31:19] RUN_END status=OK
[2026-08-14T02:32:43] RUN_START run_id=SCALE_O_uDCN_300000_037
[2026-08-14T02:32:43] PARAM implementation=uDCN
[2026-08-14T02:32:43] METRIC unique_content_objects=300000
[2026-08-14T02:32:43] METRIC cache_hit_ratio=0.6064
[2026-08-14T02:32:43] RUN_END status=OK
[2026-08-14T02:34:19] RUN_START run_id=SCALE_O_CCNlite_1000_076
[2026-08-14T02:34:19] PARAM implementation=CCNlite
[2026-08-14T02:34:19] METRIC unique_content_objects=1000
[2026-08-14T02:34:19] METRIC cache_hit_ratio=0.9769
[2026-08-14T02:34:19] RUN_END status=OK
[2026-08-14T02:34:41] RUN_START run_id=SCALE_O_uDCN_300000_038
[2026-08-14T02:34:41] PARAM implementation=uDCN
[2026-08-14T02:34:41] METRIC unique_content_objects=300000
[2026-08-14T02:34:41] METRIC cache_hit_ratio=0.614
[2026-08-14T02:34:41] RUN_END status=OK
[2026-08-14T02:36:42] RUN_START run_id=SCALE_O_uDCN_300000_039
[2026-08-14T02:36:42] PARAM implementation=uDCN
[2026-08-14T02:36:42] METRIC unique_content_objects=300000
[2026-08-14T02:36:42] METRIC cache_hit_ratio=0.5723
[2026-08-14T02:36:42] RUN_END status=OK
[2026-08-14T02:37:24] RUN_START run_id=SCALE_O_uDCN_300000_040
[2026-08-14T02:37:24] PARAM implementation=uDCN
[2026-08-14T02:37:24] METRIC unique_content_objects=300000
[2026-08-14T02:37:24] METRIC cache_hit_ratio=0.6682
[2026-08-14T02:37:24] RUN_END status=OK
[2026-08-14T02:37:48] RUN_START run_id=SCALE_O_uDCN_300000_041
[2026-08-14T02:37:48] PARAM implementation=uDCN
[2026-08-14T02:37:48] METRIC unique_content_objects=300000
[2026-08-14T02:37:48] METRIC cache_hit_ratio=0.6106
[2026-08-14T02:37:48] RUN_END status=OK
[2026-08-14T02:38:46] RUN_START run_id=SCALE_O_CCNlite_1000_077
[2026-08-14T02:38:46] PARAM implementation=CCNlite
[2026-08-14T02:38:46] METRIC unique_content_objects=1000
[2026-08-14T02:38:46] METRIC cache_hit_ratio=0.9069
[2026-08-14T02:38:46] RUN_END status=OK
[2026-08-14T02:39:09] RUN_START run_id=SCALE_O_uDCN_300000_042
[2026-08-14T02:39:09] PARAM implementation=uDCN
[2026-08-14T02:39:09] METRIC unique_content_objects=300000
[2026-08-14T02:39:09] METRIC cache_hit_ratio=0.6499
[2026-08-14T02:39:09] RUN_END status=OK
[2026-08-14T02:39:10] RUN_START run_id=08_scalability_content_DISCARDED_0034
[2026-08-14T02:39:10] RUN_ABORTED reason=cache_warmup_incomplete: content-store did not reach steady-state hit ratio within the 30s warm-up window, run discarded
[2026-08-14T02:39:11] RUN_START run_id=SCALE_O_CCNlite_1000_078
[2026-08-14T02:39:11] PARAM implementation=CCNlite
[2026-08-14T02:39:11] METRIC unique_content_objects=1000
[2026-08-14T02:39:11] METRIC cache_hit_ratio=0.9084
[2026-08-14T02:39:11] RUN_END status=OK
[2026-08-14T02:39:46] RUN_START run_id=SCALE_O_CCNlite_1000_079
[2026-08-14T02:39:46] PARAM implementation=CCNlite
[2026-08-14T02:39:46] METRIC unique_content_objects=1000
[2026-08-14T02:39:46] METRIC cache_hit_ratio=0.8408
[2026-08-14T02:39:46] RUN_END status=OK
[2026-08-14T02:42:06] RUN_START run_id=SCALE_O_CCNlite_1000_080
[2026-08-14T02:42:06] PARAM implementation=CCNlite
[2026-08-14T02:42:06] METRIC unique_content_objects=1000
[2026-08-14T02:42:06] METRIC cache_hit_ratio=0.9261
[2026-08-14T02:42:06] RUN_END status=OK
[2026-08-14T02:45:57] RUN_START run_id=SCALE_O_CCNlite_1000_081
[2026-08-14T02:45:57] PARAM implementation=CCNlite
[2026-08-14T02:45:57] METRIC unique_content_objects=1000
[2026-08-14T02:45:57] METRIC cache_hit_ratio=0.8608
[2026-08-14T02:45:57] RUN_END status=OK
[2026-08-14T02:49:55] RUN_START run_id=SCALE_O_CCNlite_1000_082
[2026-08-14T02:49:55] PARAM implementation=CCNlite
[2026-08-14T02:49:55] METRIC unique_content_objects=1000
[2026-08-14T02:49:55] METRIC cache_hit_ratio=0.9356
[2026-08-14T02:49:55] RUN_END status=OK
