[2026-08-24T10:52:51] RUN_START run_id=SCALE_O_NFD_300000_135
[2026-08-24T10:52:51] PARAM implementation=NFD
[2026-08-24T10:52:51] METRIC unique_content_objects=300000
[2026-08-24T10:52:51] METRIC cache_hit_ratio=0.4727
[2026-08-24T10:52:51] RUN_END status=OK
[2026-08-24T10:54:46] RUN_START run_id=SCALE_O_NFD_300000_136
[2026-08-24T10:54:46] PARAM implementation=NFD
[2026-08-24T10:54:46] METRIC unique_content_objects=300000
[2026-08-24T10:54:46] METRIC cache_hit_ratio=0.4545
[2026-08-24T10:54:46] RUN_END status=OK
[2026-08-24T10:57:06] RUN_START run_id=SCALE_O_NFD_300000_137
[2026-08-24T10:57:06] PARAM implementation=NFD
[2026-08-24T10:57:06] METRIC unique_content_objects=300000
[2026-08-24T10:57:06] METRIC cache_hit_ratio=0.4462
[2026-08-24T10:57:06] RUN_END status=OK
[2026-08-24T10:59:28] RUN_START run_id=SCALE_O_NFD_300000_138
[2026-08-24T10:59:28] PARAM implementation=NFD
[2026-08-24T10:59:28] METRIC unique_content_objects=300000
[2026-08-24T10:59:28] METRIC cache_hit_ratio=0.4952
[2026-08-24T10:59:28] RUN_END status=OK
[2026-08-24T11:01:38] RUN_START run_id=SCALE_O_NFD_300000_139
[2026-08-24T11:01:38] PARAM implementation=NFD
[2026-08-24T11:01:38] METRIC unique_content_objects=300000
[2026-08-24T11:01:38] METRIC cache_hit_ratio=0.4393
[2026-08-24T11:01:38] RUN_END status=OK
[2026-08-24T11:02:50] RUN_START run_id=SCALE_O_NFD_300000_140
[2026-08-24T11:02:50] PARAM implementation=NFD
[2026-08-24T11:02:50] METRIC unique_content_objects=300000
[2026-08-24T11:02:50] METRIC cache_hit_ratio=0.4401
[2026-08-24T11:02:50] RUN_END status=OK
[2026-08-24T11:21:30] RUN_START run_id=SCALE_O_NFD_100000_096
[2026-08-24T11:21:30] PARAM implementation=NFD
[2026-08-24T11:21:30] METRIC unique_content_objects=100000
[2026-08-24T11:21:30] METRIC cache_hit_ratio=0.6761
[2026-08-24T11:21:30] RUN_END status=OK
[2026-08-24T11:22:58] RUN_START run_id=SCALE_O_NFD_100000_097
[2026-08-24T11:22:58] PARAM implementation=NFD
[2026-08-24T11:22:58] METRIC unique_content_objects=100000
[2026-08-24T11:22:58] METRIC cache_hit_ratio=0.6375
[2026-08-24T11:22:58] RUN_END status=OK
[2026-08-24T11:25:57] RUN_START run_id=SCALE_O_NFD_100000_098
[2026-08-24T11:25:57] PARAM implementation=NFD
[2026-08-24T11:25:57] METRIC unique_content_objects=100000
[2026-08-24T11:25:57] METRIC cache_hit_ratio=0.6322
[2026-08-24T11:25:57] RUN_END status=OK
[2026-08-24T11:29:03] RUN_START run_id=SCALE_O_NFD_100000_099
[2026-08-24T11:29:03] PARAM implementation=NFD
[2026-08-24T11:29:03] METRIC unique_content_objects=100000
[2026-08-24T11:29:03] METRIC cache_hit_ratio=0.6853
[2026-08-24T11:29:03] RUN_END status=OK
[2026-08-24T11:33:33] RUN_START run_id=SCALE_O_NFD_100000_100
[2026-08-24T11:33:33] PARAM implementation=NFD
[2026-08-24T11:33:33] METRIC unique_content_objects=100000
[2026-08-24T11:33:33] METRIC cache_hit_ratio=0.6125
[2026-08-24T11:33:33] RUN_END status=OK
[2026-08-24T11:36:21] RUN_START run_id=SCALE_O_NFD_100000_101
[2026-08-24T11:36:21] PARAM implementation=NFD
[2026-08-24T11:36:21] METRIC unique_content_objects=100000
[2026-08-24T11:36:21] METRIC cache_hit_ratio=0.6993
[2026-08-24T11:36:21] RUN_END status=OK
[2026-08-24T11:38:41] RUN_START run_id=SCALE_O_NFD_100000_102
[2026-08-24T11:38:41] PARAM implementation=NFD
[2026-08-24T11:38:41] METRIC unique_content_objects=100000
[2026-08-24T11:38:41] METRIC cache_hit_ratio=0.6437
[2026-08-24T11:38:41] RUN_END status=OK
[2026-08-24T11:41:59] RUN_START run_id=SCALE_O_NFD_100000_103
[2026-08-24T11:41:59] PARAM implementation=NFD
[2026-08-24T11:41:59] METRIC unique_content_objects=100000
[2026-08-24T11:41:59] METRIC cache_hit_ratio=0.5753
[2026-08-24T11:41:59] RUN_END status=OK
[2026-08-24T11:42:34] RUN_START run_id=SCALE_O_NFD_100000_104
[2026-08-24T11:42:34] PARAM implementation=NFD
[2026-08-24T11:42:34] METRIC unique_content_objects=100000
[2026-08-24T11:42:34] METRIC cache_hit_ratio=0.6795
[2026-08-24T11:42:34] RUN_END status=OK
[2026-08-24T11:43:32] RUN_START run_id=SCALE_O_NFD_100000_105
[2026-08-24T11:43:32] PARAM implementation=NFD
[2026-08-24T11:43:32] METRIC unique_content_objects=100000
[2026-08-24T11:43:32] METRIC cache_hit_ratio=0.6963
[2026-08-24T11:43:32] RUN_END status=OK
[2026-08-24T11:45:32] RUN_START run_id=SCALE_O_NFD_100000_106
[2026-08-24T11:45:32] PARAM implementation=NFD
[2026-08-24T11:45:32] METRIC unique_content_objects=100000
[2026-08-24T11:45:32] METRIC cache_hit_ratio=0.722
[2026-08-24T11:45:32] RUN_END status=OK
