[2026-08-14T13:04:03] RUN_START run_id=SCALE_O_NFD_5000000_053
[2026-08-14T13:04:03] PARAM implementation=NFD
[2026-08-14T13:04:03] METRIC unique_content_objects=5000000
[2026-08-14T13:04:03] METRIC cache_hit_ratio=0.0974
[2026-08-14T13:04:03] RUN_END status=OK
[2026-08-14T13:05:28] RUN_START run_id=SCALE_O_NFD_5000000_054
[2026-08-14T13:05:28] PARAM implementation=NFD
[2026-08-14T13:05:28] METRIC unique_content_objects=5000000
[2026-08-14T13:05:28] METRIC cache_hit_ratio=0.1052
[2026-08-14T13:05:28] RUN_END status=OK
[2026-08-14T13:07:12] RUN_START run_id=SCALE_O_NFD_5000000_055
[2026-08-14T13:07:12] PARAM implementation=NFD
[2026-08-14T13:07:12] METRIC unique_content_objects=5000000
[2026-08-14T13:07:12] METRIC cache_hit_ratio=0.0991
[2026-08-14T13:07:12] RUN_END status=OK
[2026-08-14T13:11:35] RUN_START run_id=SCALE_O_NFD_5000000_056
[2026-08-14T13:11:35] PARAM implementation=NFD
[2026-08-14T13:11:35] METRIC unique_content_objects=5000000
[2026-08-14T13:11:35] METRIC cache_hit_ratio=0.0997
[2026-08-14T13:11:35] RUN_END status=OK
[2026-08-14T14:07:24] RUN_START run_id=SCALE_O_uDCN_5000000_126
[2026-08-14T14:07:24] PARAM implementation=uDCN
[2026-08-14T14:07:24] METRIC unique_content_objects=5000000
[2026-08-14T14:07:24] METRIC cache_hit_ratio=0.2858
[2026-08-14T14:07:24] RUN_END status=OK
[2026-08-14T14:12:01] RUN_START run_id=SCALE_O_uDCN_5000000_127
[2026-08-14T14:12:01] PARAM implementation=uDCN
[2026-08-14T14:12:01] METRIC unique_content_objects=5000000
[2026-08-14T14:12:01] METRIC cache_hit_ratio=0.3048
[2026-08-14T14:12:01] RUN_END status=OK
[2026-08-14T14:18:43] RUN_START run_id=SCALE_O_uDCN_5000000_128
[2026-08-14T14:18:43] PARAM implementation=uDCN
[2026-08-14T14:18:43] METRIC unique_content_objects=5000000
[2026-08-14T14:18:43] METRIC cache_hit_ratio=0.2635
[2026-08-14T14:18:43] RUN_END status=OK
[2026-08-14T14:19:25] RUN_START run_id=SCALE_O_uDCN_5000000_129
[2026-08-14T14:19:25] PARAM implementation=uDCN
[2026-08-14T14:19:25] METRIC unique_content_objects=5000000
[2026-08-14T14:19:25] METRIC cache_hit_ratio=0.2597
[2026-08-14T14:19:25] RUN_END status=OK
[2026-08-14T14:19:58] RUN_START run_id=SCALE_O_uDCN_5000000_130
[2026-08-14T14:19:58] PARAM implementation=uDCN
[2026-08-14T14:19:58] METRIC unique_content_objects=5000000
[2026-08-14T14:19:58] METRIC cache_hit_ratio=0.2854
[2026-08-14T14:19:58] RUN_END status=OK
[2026-08-14T14:23:20] RUN_START run_id=SCALE_O_uDCN_5000000_131
[2026-08-14T14:23:20] PARAM implementation=uDCN
[2026-08-14T14:23:20] METRIC unique_content_objects=5000000
[2026-08-14T14:23:20] METRIC cache_hit_ratio=0.2559
[2026-08-14T14:23:20] RUN_END status=OK
[2026-08-14T14:24:32] RUN_START run_id=SCALE_O_uDCN_5000000_132
[2026-08-14T14:24:32] PARAM implementation=uDCN
[2026-08-14T14:24:32] METRIC unique_content_objects=5000000
[2026-08-14T14:24:32] METRIC cache_hit_ratio=0.2667
[2026-08-14T14:24:32] RUN_END status=OK
[2026-08-14T14:25:54] RUN_START run_id=SCALE_O_uDCN_5000000_133
[2026-08-14T14:25:54] PARAM implementation=uDCN
[2026-08-14T14:25:54] METRIC unique_content_objects=5000000
[2026-08-14T14:25:54] METRIC cache_hit_ratio=0.2687
[2026-08-14T14:25:54] RUN_END status=OK
[2026-08-14T14:30:37] RUN_START run_id=SCALE_O_uDCN_5000000_134
[2026-08-14T14:30:37] PARAM implementation=uDCN
[2026-08-14T14:30:37] METRIC unique_content_objects=5000000
[2026-08-14T14:30:37] METRIC cache_hit_ratio=0.2673
[2026-08-14T14:30:37] RUN_END status=OK
[2026-08-14T14:31:56] RUN_START run_id=SCALE_O_uDCN_5000000_135
[2026-08-14T14:31:56] PARAM implementation=uDCN
[2026-08-14T14:31:56] METRIC unique_content_objects=5000000
[2026-08-14T14:31:56] METRIC cache_hit_ratio=0.2637
[2026-08-14T14:31:56] RUN_END status=OK
[2026-08-14T14:33:49] RUN_START run_id=SCALE_O_uDCN_5000000_136
[2026-08-14T14:33:49] PARAM implementation=uDCN
[2026-08-14T14:33:49] METRIC unique_content_objects=5000000
[2026-08-14T14:33:49] METRIC cache_hit_ratio=0.2551
[2026-08-14T14:33:49] RUN_END status=OK
[2026-08-14T14:36:55] RUN_START run_id=SCALE_O_uDCN_5000000_137
[2026-08-14T14:36:55] PARAM implementation=uDCN
[2026-08-14T14:36:55] METRIC unique_content_objects=5000000
[2026-08-14T14:36:55] METRIC cache_hit_ratio=0.28
[2026-08-14T14:36:55] RUN_END status=OK
[2026-08-14T14:37:55] RUN_START run_id=SCALE_O_uDCN_5000000_138
[2026-08-14T14:37:55] PARAM implementation=uDCN
[2026-08-14T14:37:55] METRIC unique_content_objects=5000000
[2026-08-14T14:37:55] METRIC cache_hit_ratio=0.2699
[2026-08-14T14:37:55] RUN_END status=OK
[2026-08-14T14:39:03] RUN_START run_id=SCALE_O_uDCN_5000000_139
[2026-08-14T14:39:03] PARAM implementation=uDCN
[2026-08-14T14:39:03] METRIC unique_content_objects=5000000
[2026-08-14T14:39:03] METRIC cache_hit_ratio=0.2625
[2026-08-14T14:39:03] RUN_END status=OK
[2026-08-14T14:43:00] RUN_START run_id=SCALE_O_uDCN_5000000_140
[2026-08-14T14:43:00] PARAM implementation=uDCN
[2026-08-14T14:43:00] METRIC unique_content_objects=5000000
[2026-08-14T14:43:00] METRIC cache_hit_ratio=0.2796
[2026-08-14T14:43:00] RUN_END status=OK
[2026-08-14T14:46:05] RUN_START run_id=SCALE_O_uDCN_5000000_141
[2026-08-14T14:46:05] PARAM implementation=uDCN
[2026-08-14T14:46:05] METRIC unique_content_objects=5000000
[2026-08-14T14:46:05] METRIC cache_hit_ratio=0.2845
[2026-08-14T14:46:05] RUN_END status=OK
