[2026-08-15T13:36:56] RUN_START run_id=SCALE_O_NFD_1000_050
[2026-08-15T13:36:56] PARAM implementation=NFD
[2026-08-15T13:36:56] METRIC unique_content_objects=1000
[2026-08-15T13:36:56] METRIC cache_hit_ratio=0.8188
[2026-08-15T13:36:56] RUN_END status=OK
[2026-08-15T13:38:55] RUN_START run_id=SCALE_O_NFD_1000_051
[2026-08-15T13:38:55] PARAM implementation=NFD
[2026-08-15T13:38:55] METRIC unique_content_objects=1000
[2026-08-15T13:38:55] METRIC cache_hit_ratio=0.8818
[2026-08-15T13:38:55] RUN_END status=OK
[2026-08-15T14:43:53] RUN_START run_id=SCALE_O_uDCN_1000000_138
[2026-08-15T14:43:53] PARAM implementation=uDCN
[2026-08-15T14:43:53] METRIC unique_content_objects=1000000
[2026-08-15T14:43:53] METRIC cache_hit_ratio=0.4489
[2026-08-15T14:43:53] RUN_END status=OK
[2026-08-15T14:46:10] RUN_START run_id=SCALE_O_uDCN_1000000_139
[2026-08-15T14:46:10] PARAM implementation=uDCN
[2026-08-15T14:46:10] METRIC unique_content_objects=1000000
[2026-08-15T14:46:10] METRIC cache_hit_ratio=0.4388
[2026-08-15T14:46:10] RUN_END status=OK
[2026-08-15T14:47:34] RUN_START run_id=SCALE_O_uDCN_1000000_140
[2026-08-15T14:47:34] PARAM implementation=uDCN
[2026-08-15T14:47:34] METRIC unique_content_objects=1000000
[2026-08-15T14:47:34] METRIC cache_hit_ratio=0.4598
[2026-08-15T14:47:34] RUN_END status=OK
[2026-08-15T14:51:07] RUN_START run_id=SCALE_O_uDCN_1000000_141
[2026-08-15T14:51:07] PARAM implementation=uDCN
[2026-08-15T14:51:07] METRIC unique_content_objects=1000000
[2026-08-15T14:51:07] METRIC cache_hit_ratio=0.4696
[2026-08-15T14:51:07] RUN_END status=OK
[2026-08-15T14:52:11] RUN_START run_id=SCALE_O_uDCN_1000000_142
[2026-08-15T14:52:11] PARAM implementation=uDCN
[2026-08-15T14:52:11] METRIC unique_content_objects=1000000
[2026-08-15T14:52:11] METRIC cache_hit_ratio=0.4348
[2026-08-15T14:52:11] RUN_END status=OK
[2026-08-15T14:53:03] RUN_START run_id=SCALE_O_uDCN_1000000_143
[2026-08-15T14:53:03] PARAM implementation=uDCN
[2026-08-15T14:53:03] METRIC unique_content_objects=1000000
[2026-08-15T14:53:03] METRIC cache_hit_ratio=0.4211
[2026-08-15T14:53:03] RUN_END status=OK
[2026-08-15T14:56:24] RUN_START run_id=SCALE_O_uDCN_1000000_144
[2026-08-15T14:56:24] PARAM implementation=uDCN
[2026-08-15T14:56:24] METRIC unique_content_objects=1000000
[2026-08-15T14:56:24] METRIC cache_hit_ratio=0.4315
[2026-08-15T14:56:24] RUN_END status=OK
[2026-08-15T14:58:08] RUN_START run_id=SCALE_O_uDCN_1000000_145
[2026-08-15T14:58:08] PARAM implementation=uDCN
[2026-08-15T14:58:08] METRIC unique_content_objects=1000000
[2026-08-15T14:58:08] METRIC cache_hit_ratio=0.3999
[2026-08-15T14:58:08] RUN_END status=OK
