[2026-08-19T04:03:38] RUN_START run_id=SCALE_O_uDCN_100000_055
[2026-08-19T04:03:38] PARAM implementation=uDCN
[2026-08-19T04:03:38] METRIC unique_content_objects=100000
[2026-08-19T04:03:38] METRIC cache_hit_ratio=0.8057
[2026-08-19T04:03:38] RUN_END status=OK
[2026-08-19T04:06:41] RUN_START run_id=SCALE_O_uDCN_100000_056
[2026-08-19T04:06:41] PARAM implementation=uDCN
[2026-08-19T04:06:41] METRIC unique_content_objects=100000
[2026-08-19T04:06:41] METRIC cache_hit_ratio=0.8255
[2026-08-19T04:06:41] RUN_END status=OK
[2026-08-19T04:10:12] RUN_START run_id=SCALE_O_uDCN_100000_057
[2026-08-19T04:10:12] PARAM implementation=uDCN
[2026-08-19T04:10:12] METRIC unique_content_objects=100000
[2026-08-19T04:10:12] METRIC cache_hit_ratio=0.8647
[2026-08-19T04:10:12] RUN_END status=OK
[2026-08-19T04:12:57] RUN_START run_id=SCALE_O_uDCN_100000_058
[2026-08-19T04:12:57] PARAM implementation=uDCN
[2026-08-19T04:12:57] METRIC unique_content_objects=100000
[2026-08-19T04:12:57] METRIC cache_hit_ratio=0.8202
[2026-08-19T04:12:57] RUN_END status=OK
[2026-08-19T04:15:30] RUN_START run_id=SCALE_O_uDCN_100000_059
[2026-08-19T04:15:30] PARAM implementation=uDCN
[2026-08-19T04:15:30] METRIC unique_content_objects=100000
[2026-08-19T04:15:30] METRIC cache_hit_ratio=0.8492
[2026-08-19T04:15:30] RUN_END status=OK
[2026-08-19T04:17:47] RUN_START run_id=SCALE_O_uDCN_100000_060
[2026-08-19T04:17:47] PARAM implementation=uDCN
[2026-08-19T04:17:47] METRIC unique_content_objects=100000
[2026-08-19T04:17:47] METRIC cache_hit_ratio=0.839
[2026-08-19T04:17:47] RUN_END status=OK
[2026-08-19T04:19:24] RUN_START run_id=SCALE_O_uDCN_100000_061
[2026-08-19T04:19:24] PARAM implementation=uDCN
[2026-08-19T04:19:24] METRIC unique_content_objects=100000
[2026-08-19T04:19:24] METRIC cache_hit_ratio=0.8415
[2026-08-19T04:19:24] RUN_END status=OK
[2026-08-19T04:21:18] RUN_START run_id=SCALE_O_uDCN_100000_062
[2026-08-19T04:21:18] PARAM implementation=uDCN
[2026-08-19T04:21:18] METRIC unique_content_objects=100000
[2026-08-19T04:21:18] METRIC cache_hit_ratio=0.8043
[2026-08-19T04:21:18] RUN_END status=OK
[2026-08-19T04:22:20] RUN_START run_id=SCALE_O_uDCN_100000_063
[2026-08-19T04:22:20] PARAM implementation=uDCN
[2026-08-19T04:22:20] METRIC unique_content_objects=100000
[2026-08-19T04:22:20] METRIC cache_hit_ratio=0.8501
[2026-08-19T04:22:20] RUN_END status=OK
[2026-08-19T04:26:53] RUN_START run_id=SCALE_O_uDCN_100000_064
[2026-08-19T04:26:53] PARAM implementation=uDCN
[2026-08-19T04:26:53] METRIC unique_content_objects=100000
[2026-08-19T04:26:53] METRIC cache_hit_ratio=0.782
[2026-08-19T04:26:53] RUN_END status=OK
[2026-08-19T04:29:39] RUN_START run_id=SCALE_O_uDCN_100000_065
[2026-08-19T04:29:39] PARAM implementation=uDCN
[2026-08-19T04:29:39] METRIC unique_content_objects=100000
[2026-08-19T04:29:39] METRIC cache_hit_ratio=0.8558
[2026-08-19T04:29:39] RUN_END status=OK
[2026-08-19T04:50:05] RUN_START run_id=SCALE_O_NFD_1000000_066
[2026-08-19T04:50:05] PARAM implementation=NFD
[2026-08-19T04:50:05] METRIC unique_content_objects=1000000
[2026-08-19T04:50:05] METRIC cache_hit_ratio=0.2498
[2026-08-19T04:50:05] RUN_END status=OK
[2026-08-19T04:53:47] RUN_START run_id=SCALE_O_NFD_1000000_067
[2026-08-19T04:53:47] PARAM implementation=NFD
[2026-08-19T04:53:47] METRIC unique_content_objects=1000000
[2026-08-19T04:53:47] METRIC cache_hit_ratio=0.2371
[2026-08-19T04:53:47] RUN_END status=OK
[2026-08-19T04:56:42] RUN_START run_id=SCALE_O_NFD_1000000_068
[2026-08-19T04:56:42] PARAM implementation=NFD
[2026-08-19T04:56:42] METRIC unique_content_objects=1000000
[2026-08-19T04:56:42] METRIC cache_hit_ratio=0.2506
[2026-08-19T04:56:42] RUN_END status=OK
[2026-08-19T04:57:58] RUN_START run_id=SCALE_O_NFD_1000000_069
[2026-08-19T04:57:58] PARAM implementation=NFD
[2026-08-19T04:57:58] METRIC unique_content_objects=1000000
[2026-08-19T04:57:58] METRIC cache_hit_ratio=0.2524
[2026-08-19T04:57:58] RUN_END status=OK
