[2026-08-12T10:08:16] RUN_START run_id=SCALE_O_CCNlite_1000_031
[2026-08-12T10:08:16] PARAM implementation=CCNlite
[2026-08-12T10:08:16] METRIC unique_content_objects=1000
[2026-08-12T10:08:16] METRIC cache_hit_ratio=0.8757
[2026-08-12T10:08:16] RUN_END status=OK
[2026-08-13T03:43:14] RUN_START run_id=SCALE_O_uDCN_1000_035
[2026-08-13T03:43:14] PARAM implementation=uDCN
[2026-08-13T03:43:14] METRIC unique_content_objects=1000
[2026-08-13T03:43:14] METRIC cache_hit_ratio=0.9499
[2026-08-13T03:43:14] RUN_END status=OK
[2026-08-13T03:44:05] RUN_START run_id=SCALE_O_uDCN_1000_036
[2026-08-13T03:44:05] PARAM implementation=uDCN
[2026-08-13T03:44:05] METRIC unique_content_objects=1000
[2026-08-13T03:44:05] METRIC cache_hit_ratio=0.9763
[2026-08-13T03:44:05] RUN_END status=OK
[2026-08-13T03:47:38] RUN_START run_id=SCALE_O_uDCN_1000_037
[2026-08-13T03:47:38] PARAM implementation=uDCN
[2026-08-13T03:47:38] METRIC unique_content_objects=1000
[2026-08-13T03:47:38] METRIC cache_hit_ratio=1.0
[2026-08-13T03:47:38] RUN_END status=OK
[2026-08-13T03:50:49] RUN_START run_id=SCALE_O_uDCN_1000_038
[2026-08-13T03:50:49] PARAM implementation=uDCN
[2026-08-13T03:50:49] METRIC unique_content_objects=1000
[2026-08-13T03:50:49] METRIC cache_hit_ratio=0.9238
[2026-08-13T03:50:49] RUN_END status=OK
[2026-08-13T03:51:42] RUN_START run_id=SCALE_O_uDCN_1000_039
[2026-08-13T03:51:42] PARAM implementation=uDCN
[2026-08-13T03:51:42] METRIC unique_content_objects=1000
[2026-08-13T03:51:42] METRIC cache_hit_ratio=0.9915
[2026-08-13T03:51:42] RUN_END status=OK
[2026-08-13T03:52:00] RUN_START run_id=SCALE_O_uDCN_1000_040
[2026-08-13T03:52:00] PARAM implementation=uDCN
[2026-08-13T03:52:00] METRIC unique_content_objects=1000
[2026-08-13T03:52:00] METRIC cache_hit_ratio=0.9947
[2026-08-13T03:52:00] RUN_END status=OK
[2026-08-13T03:54:47] RUN_START run_id=SCALE_O_uDCN_1000_041
[2026-08-13T03:54:47] PARAM implementation=uDCN
[2026-08-13T03:54:47] METRIC unique_content_objects=1000
[2026-08-13T03:54:47] METRIC cache_hit_ratio=0.919
[2026-08-13T03:54:47] RUN_END status=OK
[2026-08-13T03:57:23] RUN_START run_id=SCALE_O_uDCN_1000_042
[2026-08-13T03:57:23] PARAM implementation=uDCN
[2026-08-13T03:57:23] METRIC unique_content_objects=1000
[2026-08-13T03:57:23] METRIC cache_hit_ratio=0.8454
[2026-08-13T03:57:23] RUN_END status=OK
[2026-08-13T03:58:25] RUN_START run_id=SCALE_O_uDCN_1000_043
[2026-08-13T03:58:25] PARAM implementation=uDCN
[2026-08-13T03:58:25] METRIC unique_content_objects=1000
[2026-08-13T03:58:25] METRIC cache_hit_ratio=0.9482
[2026-08-13T03:58:25] RUN_END status=OK
[2026-08-13T04:00:06] RUN_START run_id=SCALE_O_uDCN_1000_044
[2026-08-13T04:00:06] PARAM implementation=uDCN
[2026-08-13T04:00:06] METRIC unique_content_objects=1000
[2026-08-13T04:00:06] METRIC cache_hit_ratio=0.9605
[2026-08-13T04:00:06] RUN_END status=OK
[2026-08-13T04:01:06] RUN_START run_id=SCALE_O_uDCN_1000_045
[2026-08-13T04:01:06] PARAM implementation=uDCN
[2026-08-13T04:01:06] METRIC unique_content_objects=1000
[2026-08-13T04:01:06] METRIC cache_hit_ratio=0.9201
[2026-08-13T04:01:06] RUN_END status=OK
[2026-08-13T04:06:44] RUN_START run_id=SCALE_O_uDCN_1000_046
[2026-08-13T04:06:44] PARAM implementation=uDCN
[2026-08-13T04:06:44] METRIC unique_content_objects=1000
[2026-08-13T04:06:44] METRIC cache_hit_ratio=0.9368
[2026-08-13T04:06:44] RUN_END status=OK
[2026-08-13T04:08:34] RUN_START run_id=SCALE_O_uDCN_1000_047
[2026-08-13T04:08:34] PARAM implementation=uDCN
[2026-08-13T04:08:34] METRIC unique_content_objects=1000
[2026-08-13T04:08:34] METRIC cache_hit_ratio=1.0
[2026-08-13T04:08:34] RUN_END status=OK
[2026-08-13T04:13:12] RUN_START run_id=SCALE_O_uDCN_1000_048
[2026-08-13T04:13:12] PARAM implementation=uDCN
[2026-08-13T04:13:12] METRIC unique_content_objects=1000
[2026-08-13T04:13:12] METRIC cache_hit_ratio=0.9437
[2026-08-13T04:13:12] RUN_END status=OK
[2026-08-13T04:14:46] RUN_START run_id=SCALE_O_uDCN_1000_049
[2026-08-13T04:14:46] PARAM implementation=uDCN
[2026-08-13T04:14:46] METRIC unique_content_objects=1000
[2026-08-13T04:14:46] METRIC cache_hit_ratio=0.9702
[2026-08-13T04:14:46] RUN_END status=OK
[2026-08-13T04:18:35] RUN_START run_id=SCALE_O_uDCN_1000_050
[2026-08-13T04:18:35] PARAM implementation=uDCN
[2026-08-13T04:18:35] METRIC unique_content_objects=1000
[2026-08-13T04:18:35] METRIC cache_hit_ratio=0.9304
[2026-08-13T04:18:35] RUN_END status=OK
[2026-08-13T04:21:11] RUN_START run_id=SCALE_O_uDCN_1000_051
[2026-08-13T04:21:11] PARAM implementation=uDCN
[2026-08-13T04:21:11] METRIC unique_content_objects=1000
[2026-08-13T04:21:11] METRIC cache_hit_ratio=0.9386
[2026-08-13T04:21:11] RUN_END status=OK
[2026-08-13T04:22:04] RUN_START run_id=SCALE_O_uDCN_1000_052
[2026-08-13T04:22:04] PARAM implementation=uDCN
[2026-08-13T04:22:04] METRIC unique_content_objects=1000
[2026-08-13T04:22:04] METRIC cache_hit_ratio=0.934
[2026-08-13T04:22:04] RUN_END status=OK
[2026-08-13T04:24:42] RUN_START run_id=SCALE_O_uDCN_1000_053
[2026-08-13T04:24:42] PARAM implementation=uDCN
[2026-08-13T04:24:42] METRIC unique_content_objects=1000
[2026-08-13T04:24:42] METRIC cache_hit_ratio=0.9613
[2026-08-13T04:24:42] RUN_END status=OK
