[2026-08-28T10:31:58] RUN_START run_id=SCALE_O_PythonNDN_1000_102
[2026-08-28T10:31:58] PARAM implementation=PythonNDN
[2026-08-28T10:31:58] METRIC unique_content_objects=1000
[2026-08-28T10:31:58] METRIC cache_hit_ratio=0.8912
[2026-08-28T10:31:58] RUN_END status=OK
[2026-08-28T10:33:23] RUN_START run_id=SCALE_O_PythonNDN_1000_103
[2026-08-28T10:33:23] PARAM implementation=PythonNDN
[2026-08-28T10:33:23] METRIC unique_content_objects=1000
[2026-08-28T10:33:23] METRIC cache_hit_ratio=0.928
[2026-08-28T10:33:23] RUN_END status=OK
[2026-08-28T10:34:48] RUN_START run_id=SCALE_O_PythonNDN_1000_104
[2026-08-28T10:34:48] PARAM implementation=PythonNDN
[2026-08-28T10:34:48] METRIC unique_content_objects=1000
[2026-08-28T10:34:48] METRIC cache_hit_ratio=0.8593
[2026-08-28T10:34:48] RUN_END status=OK
[2026-08-28T10:37:49] RUN_START run_id=SCALE_O_PythonNDN_1000_105
[2026-08-28T10:37:49] PARAM implementation=PythonNDN
[2026-08-28T10:37:49] METRIC unique_content_objects=1000
[2026-08-28T10:37:49] METRIC cache_hit_ratio=0.897
[2026-08-28T10:37:49] RUN_END status=OK
[2026-08-28T10:40:51] RUN_START run_id=SCALE_O_PythonNDN_1000_106
[2026-08-28T10:40:51] PARAM implementation=PythonNDN
[2026-08-28T10:40:51] METRIC unique_content_objects=1000
[2026-08-28T10:40:51] METRIC cache_hit_ratio=0.8999
[2026-08-28T10:40:51] RUN_END status=OK
[2026-08-28T10:43:23] RUN_START run_id=SCALE_O_PythonNDN_1000_107
[2026-08-28T10:43:23] PARAM implementation=PythonNDN
[2026-08-28T10:43:23] METRIC unique_content_objects=1000
[2026-08-28T10:43:23] METRIC cache_hit_ratio=0.9145
[2026-08-28T10:43:23] RUN_END status=OK
[2026-08-28T10:45:29] RUN_START run_id=SCALE_O_PythonNDN_1000_108
[2026-08-28T10:45:29] PARAM implementation=PythonNDN
[2026-08-28T10:45:29] METRIC unique_content_objects=1000
[2026-08-28T10:45:29] METRIC cache_hit_ratio=0.8557
[2026-08-28T10:45:29] RUN_END status=OK
[2026-08-28T10:47:43] RUN_START run_id=SCALE_O_PythonNDN_1000_109
[2026-08-28T10:47:43] PARAM implementation=PythonNDN
[2026-08-28T10:47:43] METRIC unique_content_objects=1000
[2026-08-28T10:47:43] METRIC cache_hit_ratio=0.9565
[2026-08-28T10:47:43] RUN_END status=OK
[2026-08-28T10:49:24] RUN_START run_id=SCALE_O_PythonNDN_1000_110
[2026-08-28T10:49:24] PARAM implementation=PythonNDN
[2026-08-28T10:49:24] METRIC unique_content_objects=1000
[2026-08-28T10:49:24] METRIC cache_hit_ratio=0.8585
[2026-08-28T10:49:24] RUN_END status=OK
[2026-08-28T10:50:20] RUN_START run_id=SCALE_O_PythonNDN_1000_111
[2026-08-28T10:50:20] PARAM implementation=PythonNDN
[2026-08-28T10:50:20] METRIC unique_content_objects=1000
[2026-08-28T10:50:20] METRIC cache_hit_ratio=0.9011
[2026-08-28T10:50:20] RUN_END status=OK
[2026-08-28T10:54:50] RUN_START run_id=SCALE_O_PythonNDN_1000_112
[2026-08-28T10:54:50] PARAM implementation=PythonNDN
[2026-08-28T10:54:50] METRIC unique_content_objects=1000
[2026-08-28T10:54:50] METRIC cache_hit_ratio=0.8821
[2026-08-28T10:54:50] RUN_END status=OK
[2026-08-28T10:56:49] RUN_START run_id=SCALE_O_PythonNDN_1000_113
[2026-08-28T10:56:49] PARAM implementation=PythonNDN
[2026-08-28T10:56:49] METRIC unique_content_objects=1000
[2026-08-28T10:56:49] METRIC cache_hit_ratio=0.9108
[2026-08-28T10:56:49] RUN_END status=OK
[2026-08-28T10:59:12] RUN_START run_id=SCALE_O_PythonNDN_1000_114
[2026-08-28T10:59:12] PARAM implementation=PythonNDN
[2026-08-28T10:59:12] METRIC unique_content_objects=1000
[2026-08-28T10:59:12] METRIC cache_hit_ratio=0.8858
[2026-08-28T10:59:12] RUN_END status=OK
[2026-08-28T11:03:56] RUN_START run_id=SCALE_O_PythonNDN_1000_115
[2026-08-28T11:03:56] PARAM implementation=PythonNDN
[2026-08-28T11:03:56] METRIC unique_content_objects=1000
[2026-08-28T11:03:56] METRIC cache_hit_ratio=0.9232
[2026-08-28T11:03:56] RUN_END status=OK
[2026-08-28T11:08:24] RUN_START run_id=SCALE_O_PythonNDN_1000_116
[2026-08-28T11:08:24] PARAM implementation=PythonNDN
[2026-08-28T11:08:24] METRIC unique_content_objects=1000
[2026-08-28T11:08:24] METRIC cache_hit_ratio=0.8927
[2026-08-28T11:08:24] RUN_END status=OK
[2026-08-28T11:10:16] RUN_START run_id=SCALE_O_PythonNDN_1000_117
[2026-08-28T11:10:16] PARAM implementation=PythonNDN
[2026-08-28T11:10:16] METRIC unique_content_objects=1000
[2026-08-28T11:10:16] METRIC cache_hit_ratio=0.9245
[2026-08-28T11:10:16] RUN_END status=OK
