[2026-08-12T09:35:43] RUN_START run_id=SCALE_O_CCNlite_1000_017
[2026-08-12T09:35:43] PARAM implementation=CCNlite
[2026-08-12T09:35:43] METRIC unique_content_objects=1000
[2026-08-12T09:35:43] METRIC cache_hit_ratio=0.9963
[2026-08-12T09:35:43] RUN_END status=OK
[2026-08-12T09:40:02] RUN_START run_id=SCALE_O_CCNlite_1000_018
[2026-08-12T09:40:02] PARAM implementation=CCNlite
[2026-08-12T09:40:02] METRIC unique_content_objects=1000
[2026-08-12T09:40:02] METRIC cache_hit_ratio=0.8195
[2026-08-12T09:40:02] RUN_END status=OK
[2026-08-12T09:41:49] RUN_START run_id=SCALE_O_CCNlite_1000_019
[2026-08-12T09:41:49] PARAM implementation=CCNlite
[2026-08-12T09:41:49] METRIC unique_content_objects=1000
[2026-08-12T09:41:49] METRIC cache_hit_ratio=0.9256
[2026-08-12T09:41:49] RUN_END status=OK
[2026-08-12T09:42:42] RUN_START run_id=SCALE_O_CCNlite_1000_020
[2026-08-12T09:42:42] PARAM implementation=CCNlite
[2026-08-12T09:42:42] METRIC unique_content_objects=1000
[2026-08-12T09:42:42] METRIC cache_hit_ratio=0.9705
[2026-08-12T09:42:42] RUN_END status=OK
[2026-08-12T09:43:35] RUN_START run_id=SCALE_O_CCNlite_1000_021
[2026-08-12T09:43:35] PARAM implementation=CCNlite
[2026-08-12T09:43:35] METRIC unique_content_objects=1000
[2026-08-12T09:43:35] METRIC cache_hit_ratio=0.9176
[2026-08-12T09:43:35] RUN_END status=OK
[2026-08-12T09:45:22] RUN_START run_id=SCALE_O_CCNlite_1000_022
[2026-08-12T09:45:22] PARAM implementation=CCNlite
[2026-08-12T09:45:22] METRIC unique_content_objects=1000
[2026-08-12T09:45:22] METRIC cache_hit_ratio=0.9149
[2026-08-12T09:45:22] RUN_END status=OK
[2026-08-12T09:46:41] RUN_START run_id=SCALE_O_CCNlite_1000_023
[2026-08-12T09:46:41] PARAM implementation=CCNlite
[2026-08-12T09:46:41] METRIC unique_content_objects=1000
[2026-08-12T09:46:41] METRIC cache_hit_ratio=0.9594
[2026-08-12T09:46:41] RUN_END status=OK
[2026-08-12T09:48:23] RUN_START run_id=SCALE_O_CCNlite_1000_024
[2026-08-12T09:48:23] PARAM implementation=CCNlite
[2026-08-12T09:48:23] METRIC unique_content_objects=1000
[2026-08-12T09:48:23] METRIC cache_hit_ratio=0.9432
[2026-08-12T09:48:23] RUN_END status=OK
[2026-08-12T09:51:32] RUN_START run_id=SCALE_O_CCNlite_1000_025
[2026-08-12T09:51:32] PARAM implementation=CCNlite
[2026-08-12T09:51:32] METRIC unique_content_objects=1000
[2026-08-12T09:51:32] METRIC cache_hit_ratio=0.975
[2026-08-12T09:51:32] RUN_END status=OK
[2026-08-12T09:53:39] RUN_START run_id=SCALE_O_CCNlite_1000_026
[2026-08-12T09:53:39] PARAM implementation=CCNlite
[2026-08-12T09:53:39] METRIC unique_content_objects=1000
[2026-08-12T09:53:39] METRIC cache_hit_ratio=0.9308
[2026-08-12T09:53:39] RUN_END status=OK
[2026-08-12T09:56:05] RUN_START run_id=SCALE_O_CCNlite_1000_027
[2026-08-12T09:56:05] PARAM implementation=CCNlite
[2026-08-12T09:56:05] METRIC unique_content_objects=1000
[2026-08-12T09:56:05] METRIC cache_hit_ratio=0.9121
[2026-08-12T09:56:05] RUN_END status=OK
[2026-08-12T09:57:04] RUN_START run_id=SCALE_O_CCNlite_1000_028
[2026-08-12T09:57:04] PARAM implementation=CCNlite
[2026-08-12T09:57:04] METRIC unique_content_objects=1000
[2026-08-12T09:57:04] METRIC cache_hit_ratio=1.0
[2026-08-12T09:57:04] RUN_END status=OK
[2026-08-12T10:01:31] RUN_START run_id=SCALE_O_CCNlite_1000_029
[2026-08-12T10:01:31] PARAM implementation=CCNlite
[2026-08-12T10:01:31] METRIC unique_content_objects=1000
[2026-08-12T10:01:31] METRIC cache_hit_ratio=0.9128
[2026-08-12T10:01:31] RUN_END status=OK
[2026-08-12T10:03:46] RUN_START run_id=SCALE_O_CCNlite_1000_030
[2026-08-12T10:03:46] PARAM implementation=CCNlite
[2026-08-12T10:03:46] METRIC unique_content_objects=1000
[2026-08-12T10:03:46] METRIC cache_hit_ratio=0.9008
[2026-08-12T10:03:46] RUN_END status=OK
