[2026-08-17T03:57:25] RUN_START run_id=SCALE_O_PythonNDN_10000_138
[2026-08-17T03:57:25] PARAM implementation=PythonNDN
[2026-08-17T03:57:25] METRIC unique_content_objects=10000
[2026-08-17T03:57:25] METRIC cache_hit_ratio=0.7596
[2026-08-17T03:57:25] RUN_END status=OK
[2026-08-17T04:00:21] RUN_START run_id=SCALE_O_PythonNDN_10000_139
[2026-08-17T04:00:21] PARAM implementation=PythonNDN
[2026-08-17T04:00:21] METRIC unique_content_objects=10000
[2026-08-17T04:00:21] METRIC cache_hit_ratio=0.7451
[2026-08-17T04:00:21] RUN_END status=OK
[2026-08-17T04:01:19] RUN_START run_id=08_scalability_content_DISCARDED_0086
[2026-08-17T04:01:19] RUN_ABORTED reason=cache_warmup_incomplete: content-store did not reach steady-state hit ratio within the 30s warm-up window, run discarded
[2026-08-17T04:02:56] RUN_START run_id=SCALE_O_PythonNDN_10000_140
[2026-08-17T04:02:56] PARAM implementation=PythonNDN
[2026-08-17T04:02:56] METRIC unique_content_objects=10000
[2026-08-17T04:02:56] METRIC cache_hit_ratio=0.7347
[2026-08-17T04:02:56] RUN_END status=OK
[2026-08-17T04:03:56] RUN_START run_id=SCALE_O_PythonNDN_10000_141
[2026-08-17T04:03:56] PARAM implementation=PythonNDN
[2026-08-17T04:03:56] METRIC unique_content_objects=10000
[2026-08-17T04:03:56] METRIC cache_hit_ratio=0.6797
[2026-08-17T04:03:56] RUN_END status=OK
[2026-08-17T04:05:57] RUN_START run_id=SCALE_O_PythonNDN_10000_142
[2026-08-17T04:05:57] PARAM implementation=PythonNDN
[2026-08-17T04:05:57] METRIC unique_content_objects=10000
[2026-08-17T04:05:57] METRIC cache_hit_ratio=0.7197
[2026-08-17T04:05:57] RUN_END status=OK
[2026-08-17T04:06:55] RUN_START run_id=SCALE_O_PythonNDN_10000_143
[2026-08-17T04:06:55] PARAM implementation=PythonNDN
[2026-08-17T04:06:55] METRIC unique_content_objects=10000
[2026-08-17T04:06:55] METRIC cache_hit_ratio=0.7083
[2026-08-17T04:06:55] RUN_END status=OK
[2026-08-17T04:09:35] RUN_START run_id=SCALE_O_PythonNDN_10000_144
[2026-08-17T04:09:35] PARAM implementation=PythonNDN
[2026-08-17T04:09:35] METRIC unique_content_objects=10000
[2026-08-17T04:09:35] METRIC cache_hit_ratio=0.7728
[2026-08-17T04:09:35] RUN_END status=OK
[2026-08-17T04:11:45] RUN_START run_id=SCALE_O_PythonNDN_10000_145
[2026-08-17T04:11:45] PARAM implementation=PythonNDN
[2026-08-17T04:11:45] METRIC unique_content_objects=10000
[2026-08-17T04:11:45] METRIC cache_hit_ratio=0.7616
[2026-08-17T04:11:45] RUN_END status=OK
[2026-08-17T04:15:40] RUN_START run_id=SCALE_O_PythonNDN_10000_146
[2026-08-17T04:15:40] PARAM implementation=PythonNDN
[2026-08-17T04:15:40] METRIC unique_content_objects=10000
[2026-08-17T04:15:40] METRIC cache_hit_ratio=0.7354
[2026-08-17T04:15:40] RUN_END status=OK
[2026-08-17T04:17:27] RUN_START run_id=SCALE_O_PythonNDN_10000_147
[2026-08-17T04:17:27] PARAM implementation=PythonNDN
[2026-08-17T04:17:27] METRIC unique_content_objects=10000
[2026-08-17T04:17:27] METRIC cache_hit_ratio=0.687
[2026-08-17T04:17:27] RUN_END status=OK
[2026-08-17T04:19:20] RUN_START run_id=SCALE_O_PythonNDN_10000_148
[2026-08-17T04:19:20] PARAM implementation=PythonNDN
[2026-08-17T04:19:20] METRIC unique_content_objects=10000
[2026-08-17T04:19:20] METRIC cache_hit_ratio=0.728
[2026-08-17T04:19:20] RUN_END status=OK
[2026-08-17T04:21:41] RUN_START run_id=SCALE_O_PythonNDN_10000_149
[2026-08-17T04:21:41] PARAM implementation=PythonNDN
[2026-08-17T04:21:41] METRIC unique_content_objects=10000
[2026-08-17T04:21:41] METRIC cache_hit_ratio=0.712
[2026-08-17T04:21:41] RUN_END status=OK
[2026-08-17T04:23:12] RUN_START run_id=SCALE_O_PythonNDN_10000_150
[2026-08-17T04:23:12] PARAM implementation=PythonNDN
[2026-08-17T04:23:12] METRIC unique_content_objects=10000
[2026-08-17T04:23:12] METRIC cache_hit_ratio=0.6837
[2026-08-17T04:23:12] RUN_END status=OK
[2026-08-17T04:54:48] RUN_START run_id=SCALE_O_PythonNDN_1000000_062
[2026-08-17T04:54:48] PARAM implementation=PythonNDN
[2026-08-17T04:54:48] METRIC unique_content_objects=1000000
[2026-08-17T04:54:48] METRIC cache_hit_ratio=0.1343
[2026-08-17T04:54:48] RUN_END status=OK
[2026-08-17T04:56:13] RUN_START run_id=SCALE_O_PythonNDN_1000000_063
[2026-08-17T04:56:13] PARAM implementation=PythonNDN
[2026-08-17T04:56:13] METRIC unique_content_objects=1000000
[2026-08-17T04:56:13] METRIC cache_hit_ratio=0.1373
[2026-08-17T04:56:13] RUN_END status=OK
[2026-08-17T05:00:46] RUN_START run_id=SCALE_O_PythonNDN_1000000_064
[2026-08-17T05:00:46] PARAM implementation=PythonNDN
[2026-08-17T05:00:46] METRIC unique_content_objects=1000000
[2026-08-17T05:00:46] METRIC cache_hit_ratio=0.1258
[2026-08-17T05:00:46] RUN_END status=OK
