[2026-08-17T05:38:32] RUN_START run_id=08_scalability_content_DISCARDED_0088
[2026-08-17T05:38:32] RUN_ABORTED reason=cache_warmup_incomplete: content-store did not reach steady-state hit ratio within the 30s warm-up window, run discarded
[2026-08-17T05:39:07] RUN_START run_id=SCALE_O_PythonNDN_1000000_081
[2026-08-17T05:39:07] PARAM implementation=PythonNDN
[2026-08-17T05:39:07] METRIC unique_content_objects=1000000
[2026-08-17T05:39:07] METRIC cache_hit_ratio=0.1147
[2026-08-17T05:39:07] RUN_END status=OK
[2026-08-17T05:45:38] RUN_START run_id=SCALE_O_PythonNDN_1000000_082
[2026-08-17T05:45:38] PARAM implementation=PythonNDN
[2026-08-17T05:45:38] METRIC unique_content_objects=1000000
[2026-08-17T05:45:38] METRIC cache_hit_ratio=0.1293
[2026-08-17T05:45:38] RUN_END status=OK
[2026-08-17T07:00:00] RUN_START run_id=SCALE_O_NFD_1000000_001
[2026-08-17T07:00:00] PARAM implementation=NFD
[2026-08-17T07:00:00] METRIC unique_content_objects=1000000
[2026-08-17T07:00:00] METRIC cache_hit_ratio=0.2471
[2026-08-17T07:00:00] RUN_END status=OK
[2026-08-17T07:02:53] RUN_START run_id=SCALE_O_NFD_1000000_002
[2026-08-17T07:02:53] PARAM implementation=NFD
[2026-08-17T07:02:53] METRIC unique_content_objects=1000000
[2026-08-17T07:02:53] METRIC cache_hit_ratio=0.2624
[2026-08-17T07:02:53] RUN_END status=OK
[2026-08-17T07:04:30] RUN_START run_id=SCALE_O_NFD_1000000_003
[2026-08-17T07:04:30] PARAM implementation=NFD
[2026-08-17T07:04:30] METRIC unique_content_objects=1000000
[2026-08-17T07:04:30] METRIC cache_hit_ratio=0.275
[2026-08-17T07:04:30] RUN_END status=OK
[2026-08-17T07:09:41] RUN_START run_id=SCALE_O_NFD_1000000_004
[2026-08-17T07:09:41] PARAM implementation=NFD
[2026-08-17T07:09:41] METRIC unique_content_objects=1000000
[2026-08-17T07:09:41] METRIC cache_hit_ratio=0.2587
[2026-08-17T07:09:41] RUN_END status=OK
[2026-08-17T07:12:32] RUN_START run_id=SCALE_O_NFD_1000000_005
[2026-08-17T07:12:32] PARAM implementation=NFD
[2026-08-17T07:12:32] METRIC unique_content_objects=1000000
[2026-08-17T07:12:32] METRIC cache_hit_ratio=0.273
[2026-08-17T07:12:32] RUN_END status=OK
[2026-08-17T07:14:03] RUN_START run_id=SCALE_O_NFD_1000000_006
[2026-08-17T07:14:03] PARAM implementation=NFD
[2026-08-17T07:14:03] METRIC unique_content_objects=1000000
[2026-08-17T07:14:03] METRIC cache_hit_ratio=0.2611
[2026-08-17T07:14:03] RUN_END status=OK
[2026-08-17T07:16:25] RUN_START run_id=SCALE_O_NFD_1000000_007
[2026-08-17T07:16:25] PARAM implementation=NFD
[2026-08-17T07:16:25] METRIC unique_content_objects=1000000
[2026-08-17T07:16:25] METRIC cache_hit_ratio=0.2463
[2026-08-17T07:16:25] RUN_END status=OK
[2026-08-17T07:18:56] RUN_START run_id=SCALE_O_NFD_1000000_008
[2026-08-17T07:18:56] PARAM implementation=NFD
[2026-08-17T07:18:56] METRIC unique_content_objects=1000000
[2026-08-17T07:18:56] METRIC cache_hit_ratio=0.2632
[2026-08-17T07:18:56] RUN_END status=OK
[2026-08-17T07:23:20] RUN_START run_id=SCALE_O_NFD_1000000_009
[2026-08-17T07:23:20] PARAM implementation=NFD
[2026-08-17T07:23:20] METRIC unique_content_objects=1000000
[2026-08-17T07:23:20] METRIC cache_hit_ratio=0.2621
[2026-08-17T07:23:20] RUN_END status=OK
[2026-08-17T07:25:55] RUN_START run_id=SCALE_O_NFD_1000000_010
[2026-08-17T07:25:55] PARAM implementation=NFD
[2026-08-17T07:25:55] METRIC unique_content_objects=1000000
[2026-08-17T07:25:55] METRIC cache_hit_ratio=0.26
[2026-08-17T07:25:55] RUN_END status=OK
[2026-08-17T07:28:11] RUN_START run_id=SCALE_O_CCNlite_100000_073
[2026-08-17T07:28:11] PARAM implementation=CCNlite
[2026-08-17T07:28:11] METRIC unique_content_objects=100000
[2026-08-17T07:28:11] METRIC cache_hit_ratio=0.638
[2026-08-17T07:28:11] RUN_END status=OK
[2026-08-17T07:30:00] RUN_START run_id=SCALE_O_NFD_1000000_011
[2026-08-17T07:30:00] PARAM implementation=NFD
[2026-08-17T07:30:00] METRIC unique_content_objects=1000000
[2026-08-17T07:30:00] METRIC cache_hit_ratio=0.2359
[2026-08-17T07:30:00] RUN_END status=OK
[2026-08-17T07:31:28] RUN_START run_id=SCALE_O_NFD_1000000_012
[2026-08-17T07:31:28] PARAM implementation=NFD
[2026-08-17T07:31:28] METRIC unique_content_objects=1000000
[2026-08-17T07:31:28] METRIC cache_hit_ratio=0.2505
[2026-08-17T07:31:28] RUN_END status=OK
