[2026-08-28T17:44:47] RUN_START run_id=SCALE_O_CCNlite_10000_061
[2026-08-28T17:44:47] PARAM implementation=CCNlite
[2026-08-28T17:44:47] METRIC unique_content_objects=10000
[2026-08-28T17:44:47] METRIC cache_hit_ratio=0.8069
[2026-08-28T17:44:47] RUN_END status=OK
[2026-08-28T17:47:20] RUN_START run_id=SCALE_O_CCNlite_10000_062
[2026-08-28T17:47:20] PARAM implementation=CCNlite
[2026-08-28T17:47:20] METRIC unique_content_objects=10000
[2026-08-28T17:47:20] METRIC cache_hit_ratio=0.7845
[2026-08-28T17:47:20] RUN_END status=OK
[2026-08-28T17:48:46] RUN_START run_id=SCALE_O_CCNlite_10000_063
[2026-08-28T17:48:46] PARAM implementation=CCNlite
[2026-08-28T17:48:46] METRIC unique_content_objects=10000
[2026-08-28T17:48:46] METRIC cache_hit_ratio=0.8223
[2026-08-28T17:48:46] RUN_END status=OK
[2026-08-28T17:54:46] RUN_START run_id=SCALE_O_CCNlite_10000_064
[2026-08-28T17:54:46] PARAM implementation=CCNlite
[2026-08-28T17:54:46] METRIC unique_content_objects=10000
[2026-08-28T17:54:46] METRIC cache_hit_ratio=0.8192
[2026-08-28T17:54:46] RUN_END status=OK
[2026-08-28T17:56:47] RUN_START run_id=SCALE_O_CCNlite_10000_065
[2026-08-28T17:56:47] PARAM implementation=CCNlite
[2026-08-28T17:56:47] METRIC unique_content_objects=10000
[2026-08-28T17:56:47] METRIC cache_hit_ratio=0.7884
[2026-08-28T17:56:47] RUN_END status=OK
[2026-08-28T18:00:35] RUN_START run_id=SCALE_O_CCNlite_10000_066
[2026-08-28T18:00:35] PARAM implementation=CCNlite
[2026-08-28T18:00:35] METRIC unique_content_objects=10000
[2026-08-28T18:00:35] METRIC cache_hit_ratio=0.8269
[2026-08-28T18:00:35] RUN_END status=OK
[2026-08-28T18:03:21] RUN_START run_id=SCALE_O_CCNlite_10000_067
[2026-08-28T18:03:21] PARAM implementation=CCNlite
[2026-08-28T18:03:21] METRIC unique_content_objects=10000
[2026-08-28T18:03:21] METRIC cache_hit_ratio=0.7616
[2026-08-28T18:03:21] RUN_END status=OK
[2026-08-28T18:04:39] RUN_START run_id=SCALE_O_CCNlite_10000_068
[2026-08-28T18:04:39] PARAM implementation=CCNlite
[2026-08-28T18:04:39] METRIC unique_content_objects=10000
[2026-08-28T18:04:39] METRIC cache_hit_ratio=0.8302
[2026-08-28T18:04:39] RUN_END status=OK
[2026-08-28T18:10:24] RUN_START run_id=SCALE_O_CCNlite_10000_069
[2026-08-28T18:10:24] PARAM implementation=CCNlite
[2026-08-28T18:10:24] METRIC unique_content_objects=10000
[2026-08-28T18:10:24] METRIC cache_hit_ratio=0.8013
[2026-08-28T18:10:24] RUN_END status=OK
[2026-08-28T21:35:10] RUN_START run_id=SCALE_O_PythonNDN_5000000_095
[2026-08-28T21:35:10] PARAM implementation=PythonNDN
[2026-08-28T21:35:10] METRIC unique_content_objects=5000000
[2026-08-28T21:35:10] METRIC cache_hit_ratio=0.0521
[2026-08-28T21:35:10] RUN_END status=OK
[2026-08-28T21:37:09] RUN_START run_id=SCALE_O_PythonNDN_5000000_096
[2026-08-28T21:37:09] PARAM implementation=PythonNDN
[2026-08-28T21:37:09] METRIC unique_content_objects=5000000
[2026-08-28T21:37:09] METRIC cache_hit_ratio=0.0478
[2026-08-28T21:37:09] RUN_END status=OK
[2026-08-28T21:42:38] RUN_START run_id=SCALE_O_PythonNDN_5000000_097
[2026-08-28T21:42:38] PARAM implementation=PythonNDN
[2026-08-28T21:42:38] METRIC unique_content_objects=5000000
[2026-08-28T21:42:38] METRIC cache_hit_ratio=0.0536
[2026-08-28T21:42:38] RUN_END status=OK
[2026-08-28T21:44:00] RUN_START run_id=SCALE_O_PythonNDN_5000000_098
[2026-08-28T21:44:00] PARAM implementation=PythonNDN
[2026-08-28T21:44:00] METRIC unique_content_objects=5000000
[2026-08-28T21:44:00] METRIC cache_hit_ratio=0.0508
[2026-08-28T21:44:00] RUN_END status=OK
[2026-08-28T21:46:09] RUN_START run_id=SCALE_O_PythonNDN_5000000_099
[2026-08-28T21:46:09] PARAM implementation=PythonNDN
[2026-08-28T21:46:09] METRIC unique_content_objects=5000000
[2026-08-28T21:46:09] METRIC cache_hit_ratio=0.0496
[2026-08-28T21:46:09] RUN_END status=OK
[2026-08-28T21:49:36] RUN_START run_id=SCALE_O_PythonNDN_5000000_100
[2026-08-28T21:49:36] PARAM implementation=PythonNDN
[2026-08-28T21:49:36] METRIC unique_content_objects=5000000
[2026-08-28T21:49:36] METRIC cache_hit_ratio=0.049
[2026-08-28T21:49:36] RUN_END status=OK
[2026-08-28T21:53:22] RUN_START run_id=SCALE_O_PythonNDN_5000000_101
[2026-08-28T21:53:22] PARAM implementation=PythonNDN
[2026-08-28T21:53:22] METRIC unique_content_objects=5000000
[2026-08-28T21:53:22] METRIC cache_hit_ratio=0.0492
[2026-08-28T21:53:22] RUN_END status=OK
[2026-08-28T21:55:54] RUN_START run_id=SCALE_O_PythonNDN_5000000_102
[2026-08-28T21:55:54] PARAM implementation=PythonNDN
[2026-08-28T21:55:54] METRIC unique_content_objects=5000000
[2026-08-28T21:55:54] METRIC cache_hit_ratio=0.0464
[2026-08-28T21:55:54] RUN_END status=OK
