[2026-08-18T14:37:55] RUN_START run_id=SCALE_O_PythonNDN_1000000_126
[2026-08-18T14:37:55] PARAM implementation=PythonNDN
[2026-08-18T14:37:55] METRIC unique_content_objects=1000000
[2026-08-18T14:37:55] METRIC cache_hit_ratio=0.1304
[2026-08-18T14:37:55] RUN_END status=OK
[2026-08-18T14:41:15] RUN_START run_id=SCALE_O_PythonNDN_1000000_127
[2026-08-18T14:41:15] PARAM implementation=PythonNDN
[2026-08-18T14:41:15] METRIC unique_content_objects=1000000
[2026-08-18T14:41:15] METRIC cache_hit_ratio=0.1292
[2026-08-18T14:41:15] RUN_END status=OK
[2026-08-18T15:12:45] RUN_START run_id=SCALE_O_CCNlite_5000000_022
[2026-08-18T15:12:45] PARAM implementation=CCNlite
[2026-08-18T15:12:45] METRIC unique_content_objects=5000000
[2026-08-18T15:12:45] METRIC cache_hit_ratio=0.0987
[2026-08-18T15:12:45] RUN_END status=OK
[2026-08-18T15:14:51] RUN_START run_id=SCALE_O_CCNlite_5000000_023
[2026-08-18T15:14:51] PARAM implementation=CCNlite
[2026-08-18T15:14:51] METRIC unique_content_objects=5000000
[2026-08-18T15:14:51] METRIC cache_hit_ratio=0.1146
[2026-08-18T15:14:51] RUN_END status=OK
[2026-08-18T15:16:50] RUN_START run_id=SCALE_O_CCNlite_5000000_024
[2026-08-18T15:16:50] PARAM implementation=CCNlite
[2026-08-18T15:16:50] METRIC unique_content_objects=5000000
[2026-08-18T15:16:50] METRIC cache_hit_ratio=0.1079
[2026-08-18T15:16:50] RUN_END status=OK
[2026-08-18T15:18:29] RUN_START run_id=SCALE_O_CCNlite_5000000_025
[2026-08-18T15:18:29] PARAM implementation=CCNlite
[2026-08-18T15:18:29] METRIC unique_content_objects=5000000
[2026-08-18T15:18:29] METRIC cache_hit_ratio=0.1152
[2026-08-18T15:18:29] RUN_END status=OK
[2026-08-18T15:19:25] RUN_START run_id=SCALE_O_CCNlite_5000000_026
[2026-08-18T15:19:25] PARAM implementation=CCNlite
[2026-08-18T15:19:25] METRIC unique_content_objects=5000000
[2026-08-18T15:19:25] METRIC cache_hit_ratio=0.1053
[2026-08-18T15:19:25] RUN_END status=OK
[2026-08-18T15:21:44] RUN_START run_id=SCALE_O_CCNlite_5000000_027
[2026-08-18T15:21:44] PARAM implementation=CCNlite
[2026-08-18T15:21:44] METRIC unique_content_objects=5000000
[2026-08-18T15:21:44] METRIC cache_hit_ratio=0.1163
[2026-08-18T15:21:44] RUN_END status=OK
[2026-08-18T15:24:12] RUN_START run_id=SCALE_O_CCNlite_5000000_028
[2026-08-18T15:24:12] PARAM implementation=CCNlite
[2026-08-18T15:24:12] METRIC unique_content_objects=5000000
[2026-08-18T15:24:12] METRIC cache_hit_ratio=0.1114
[2026-08-18T15:24:12] RUN_END status=OK
[2026-08-18T15:25:59] RUN_START run_id=SCALE_O_CCNlite_5000000_029
[2026-08-18T15:25:59] PARAM implementation=CCNlite
[2026-08-18T15:25:59] METRIC unique_content_objects=5000000
[2026-08-18T15:25:59] METRIC cache_hit_ratio=0.1126
[2026-08-18T15:25:59] RUN_END status=OK
[2026-08-18T15:28:17] RUN_START run_id=SCALE_O_CCNlite_5000000_030
[2026-08-18T15:28:17] PARAM implementation=CCNlite
[2026-08-18T15:28:17] METRIC unique_content_objects=5000000
[2026-08-18T15:28:17] METRIC cache_hit_ratio=0.1105
[2026-08-18T15:28:17] RUN_END status=OK
[2026-08-18T15:28:43] RUN_START run_id=SCALE_O_CCNlite_5000000_031
[2026-08-18T15:28:43] PARAM implementation=CCNlite
[2026-08-18T15:28:43] METRIC unique_content_objects=5000000
[2026-08-18T15:28:43] METRIC cache_hit_ratio=0.1107
[2026-08-18T15:28:43] RUN_END status=OK
[2026-08-18T15:29:31] RUN_START run_id=SCALE_O_CCNlite_5000000_032
[2026-08-18T15:29:31] PARAM implementation=CCNlite
[2026-08-18T15:29:31] METRIC unique_content_objects=5000000
[2026-08-18T15:29:31] METRIC cache_hit_ratio=0.1028
[2026-08-18T15:29:31] RUN_END status=OK
[2026-08-18T15:31:16] RUN_START run_id=SCALE_O_CCNlite_5000000_033
[2026-08-18T15:31:16] PARAM implementation=CCNlite
[2026-08-18T15:31:16] METRIC unique_content_objects=5000000
[2026-08-18T15:31:16] METRIC cache_hit_ratio=0.1044
[2026-08-18T15:31:16] RUN_END status=OK
[2026-08-18T15:35:11] RUN_START run_id=SCALE_O_CCNlite_5000000_034
[2026-08-18T15:35:11] PARAM implementation=CCNlite
[2026-08-18T15:35:11] METRIC unique_content_objects=5000000
[2026-08-18T15:35:11] METRIC cache_hit_ratio=0.1164
[2026-08-18T15:35:11] RUN_END status=OK
[2026-08-18T15:36:19] RUN_START run_id=SCALE_O_CCNlite_5000000_035
[2026-08-18T15:36:19] PARAM implementation=CCNlite
[2026-08-18T15:36:19] METRIC unique_content_objects=5000000
[2026-08-18T15:36:19] METRIC cache_hit_ratio=0.1114
[2026-08-18T15:36:19] RUN_END status=OK
[2026-08-18T15:37:31] RUN_START run_id=SCALE_O_CCNlite_5000000_036
[2026-08-18T15:37:31] PARAM implementation=CCNlite
[2026-08-18T15:37:31] METRIC unique_content_objects=5000000
[2026-08-18T15:37:31] METRIC cache_hit_ratio=0.1079
[2026-08-18T15:37:31] RUN_END status=OK
[2026-08-18T15:41:33] RUN_START run_id=SCALE_O_CCNlite_5000000_037
[2026-08-18T15:41:33] PARAM implementation=CCNlite
[2026-08-18T15:41:33] METRIC unique_content_objects=5000000
[2026-08-18T15:41:33] METRIC cache_hit_ratio=0.1054
[2026-08-18T15:41:33] RUN_END status=OK
[2026-08-18T15:43:30] RUN_START run_id=SCALE_O_CCNlite_5000000_038
[2026-08-18T15:43:30] PARAM implementation=CCNlite
[2026-08-18T15:43:30] METRIC unique_content_objects=5000000
[2026-08-18T15:43:30] METRIC cache_hit_ratio=0.1135
[2026-08-18T15:43:30] RUN_END status=OK
[2026-08-18T15:44:41] RUN_START run_id=08_scalability_content_DISCARDED_0113
[2026-08-18T15:44:41] RUN_ABORTED reason=cache_warmup_incomplete: content-store did not reach steady-state hit ratio within the 30s warm-up window, run discarded
[2026-08-18T15:45:04] RUN_START run_id=SCALE_O_CCNlite_5000000_039
[2026-08-18T15:45:04] PARAM implementation=CCNlite
[2026-08-18T15:45:04] METRIC unique_content_objects=5000000
[2026-08-18T15:45:04] METRIC cache_hit_ratio=0.1075
[2026-08-18T15:45:04] RUN_END status=OK
