[2026-08-16T03:32:23] RUN_START run_id=SCALE_O_NFD_1000_072
[2026-08-16T03:32:23] PARAM implementation=NFD
[2026-08-16T03:32:23] METRIC unique_content_objects=1000
[2026-08-16T03:32:23] METRIC cache_hit_ratio=0.8631
[2026-08-16T03:32:23] RUN_END status=OK
[2026-08-16T03:36:00] RUN_START run_id=SCALE_O_NFD_1000_073
[2026-08-16T03:36:00] PARAM implementation=NFD
[2026-08-16T03:36:00] METRIC unique_content_objects=1000
[2026-08-16T03:36:00] METRIC cache_hit_ratio=0.8776
[2026-08-16T03:36:00] RUN_END status=OK
[2026-08-16T03:37:08] RUN_START run_id=SCALE_O_NFD_1000_074
[2026-08-16T03:37:08] PARAM implementation=NFD
[2026-08-16T03:37:08] METRIC unique_content_objects=1000
[2026-08-16T03:37:08] METRIC cache_hit_ratio=0.917
[2026-08-16T03:37:08] RUN_END status=OK
[2026-08-16T03:39:22] RUN_START run_id=SCALE_O_NFD_1000_075
[2026-08-16T03:39:22] PARAM implementation=NFD
[2026-08-16T03:39:22] METRIC unique_content_objects=1000
[2026-08-16T03:39:22] METRIC cache_hit_ratio=0.8442
[2026-08-16T03:39:22] RUN_END status=OK
[2026-08-16T07:57:04] RUN_START run_id=SCALE_O_PythonNDN_10000_093
[2026-08-16T07:57:04] PARAM implementation=PythonNDN
[2026-08-16T07:57:04] METRIC unique_content_objects=10000
[2026-08-16T07:57:04] METRIC cache_hit_ratio=0.7913
[2026-08-16T07:57:04] RUN_END status=OK
[2026-08-16T07:58:44] RUN_START run_id=SCALE_O_PythonNDN_10000_094
[2026-08-16T07:58:44] PARAM implementation=PythonNDN
[2026-08-16T07:58:44] METRIC unique_content_objects=10000
[2026-08-16T07:58:44] METRIC cache_hit_ratio=0.7329
[2026-08-16T07:58:44] RUN_END status=OK
[2026-08-16T08:00:42] RUN_START run_id=SCALE_O_PythonNDN_10000_095
[2026-08-16T08:00:42] PARAM implementation=PythonNDN
[2026-08-16T08:00:42] METRIC unique_content_objects=10000
[2026-08-16T08:00:42] METRIC cache_hit_ratio=0.7769
[2026-08-16T08:00:42] RUN_END status=OK
[2026-08-16T08:02:18] RUN_START run_id=SCALE_O_PythonNDN_10000_096
[2026-08-16T08:02:18] PARAM implementation=PythonNDN
[2026-08-16T08:02:18] METRIC unique_content_objects=10000
[2026-08-16T08:02:18] METRIC cache_hit_ratio=0.716
[2026-08-16T08:02:18] RUN_END status=OK
[2026-08-16T08:02:56] RUN_START run_id=SCALE_O_PythonNDN_10000_097
[2026-08-16T08:02:56] PARAM implementation=PythonNDN
[2026-08-16T08:02:56] METRIC unique_content_objects=10000
[2026-08-16T08:02:56] METRIC cache_hit_ratio=0.7397
[2026-08-16T08:02:56] RUN_END status=OK
[2026-08-16T08:03:19] RUN_START run_id=SCALE_O_PythonNDN_10000_098
[2026-08-16T08:03:19] PARAM implementation=PythonNDN
[2026-08-16T08:03:19] METRIC unique_content_objects=10000
[2026-08-16T08:03:19] METRIC cache_hit_ratio=0.7697
[2026-08-16T08:03:19] RUN_END status=OK
[2026-08-16T08:05:40] RUN_START run_id=SCALE_O_PythonNDN_10000_099
[2026-08-16T08:05:40] PARAM implementation=PythonNDN
[2026-08-16T08:05:40] METRIC unique_content_objects=10000
[2026-08-16T08:05:40] METRIC cache_hit_ratio=0.7499
[2026-08-16T08:05:40] RUN_END status=OK
[2026-08-16T08:07:01] RUN_START run_id=SCALE_O_PythonNDN_10000_100
[2026-08-16T08:07:01] PARAM implementation=PythonNDN
[2026-08-16T08:07:01] METRIC unique_content_objects=10000
[2026-08-16T08:07:01] METRIC cache_hit_ratio=0.7196
[2026-08-16T08:07:01] RUN_END status=OK
[2026-08-16T08:08:56] RUN_START run_id=SCALE_O_PythonNDN_10000_101
[2026-08-16T08:08:56] PARAM implementation=PythonNDN
[2026-08-16T08:08:56] METRIC unique_content_objects=10000
[2026-08-16T08:08:56] METRIC cache_hit_ratio=0.7538
[2026-08-16T08:08:56] RUN_END status=OK
[2026-08-16T08:09:56] RUN_START run_id=SCALE_O_PythonNDN_10000_102
[2026-08-16T08:09:56] PARAM implementation=PythonNDN
[2026-08-16T08:09:56] METRIC unique_content_objects=10000
[2026-08-16T08:09:56] METRIC cache_hit_ratio=0.7298
[2026-08-16T08:09:56] RUN_END status=OK
[2026-08-16T08:13:34] RUN_START run_id=SCALE_O_PythonNDN_10000_103
[2026-08-16T08:13:34] PARAM implementation=PythonNDN
[2026-08-16T08:13:34] METRIC unique_content_objects=10000
[2026-08-16T08:13:34] METRIC cache_hit_ratio=0.7639
[2026-08-16T08:13:34] RUN_END status=OK
