[2026-08-19T06:34:14] RUN_START run_id=SCALE_O_uDCN_10000_109
[2026-08-19T06:34:14] PARAM implementation=uDCN
[2026-08-19T06:34:14] METRIC unique_content_objects=10000
[2026-08-19T06:34:14] METRIC cache_hit_ratio=0.8873
[2026-08-19T06:34:14] RUN_END status=OK
[2026-08-19T06:34:58] RUN_START run_id=SCALE_O_uDCN_10000_110
[2026-08-19T06:34:58] PARAM implementation=uDCN
[2026-08-19T06:34:58] METRIC unique_content_objects=10000
[2026-08-19T06:34:58] METRIC cache_hit_ratio=0.8927
[2026-08-19T06:34:58] RUN_END status=OK
[2026-08-19T06:37:17] RUN_START run_id=SCALE_O_uDCN_10000_111
[2026-08-19T06:37:17] PARAM implementation=uDCN
[2026-08-19T06:37:17] METRIC unique_content_objects=10000
[2026-08-19T06:37:17] METRIC cache_hit_ratio=0.8999
[2026-08-19T06:37:17] RUN_END status=OK
[2026-08-19T06:39:59] RUN_START run_id=SCALE_O_uDCN_10000_112
[2026-08-19T06:39:59] PARAM implementation=uDCN
[2026-08-19T06:39:59] METRIC unique_content_objects=10000
[2026-08-19T06:39:59] METRIC cache_hit_ratio=0.8968
[2026-08-19T06:39:59] RUN_END status=OK
[2026-08-19T06:42:34] RUN_START run_id=SCALE_O_uDCN_10000_113
[2026-08-19T06:42:34] PARAM implementation=uDCN
[2026-08-19T06:42:34] METRIC unique_content_objects=10000
[2026-08-19T06:42:34] METRIC cache_hit_ratio=0.7689
[2026-08-19T06:42:34] RUN_END status=OK
[2026-08-19T07:03:37] RUN_START run_id=SCALE_O_CCNlite_5000000_066
[2026-08-19T07:03:37] PARAM implementation=CCNlite
[2026-08-19T07:03:37] METRIC unique_content_objects=5000000
[2026-08-19T07:03:37] METRIC cache_hit_ratio=0.1107
[2026-08-19T07:03:37] RUN_END status=OK
[2026-08-19T07:05:00] RUN_START run_id=SCALE_O_CCNlite_5000000_067
[2026-08-19T07:05:00] PARAM implementation=CCNlite
[2026-08-19T07:05:00] METRIC unique_content_objects=5000000
[2026-08-19T07:05:00] METRIC cache_hit_ratio=0.1046
[2026-08-19T07:05:00] RUN_END status=OK
[2026-08-19T07:07:27] RUN_START run_id=SCALE_O_CCNlite_5000000_068
[2026-08-19T07:07:27] PARAM implementation=CCNlite
[2026-08-19T07:07:27] METRIC unique_content_objects=5000000
[2026-08-19T07:07:27] METRIC cache_hit_ratio=0.1017
[2026-08-19T07:07:27] RUN_END status=OK
[2026-08-19T07:08:39] RUN_START run_id=SCALE_O_CCNlite_5000000_069
[2026-08-19T07:08:39] PARAM implementation=CCNlite
[2026-08-19T07:08:39] METRIC unique_content_objects=5000000
[2026-08-19T07:08:39] METRIC cache_hit_ratio=0.1089
[2026-08-19T07:08:39] RUN_END status=OK
[2026-08-19T07:10:12] RUN_START run_id=SCALE_O_CCNlite_5000000_070
[2026-08-19T07:10:12] PARAM implementation=CCNlite
[2026-08-19T07:10:12] METRIC unique_content_objects=5000000
[2026-08-19T07:10:12] METRIC cache_hit_ratio=0.1064
[2026-08-19T07:10:12] RUN_END status=OK
[2026-08-19T07:12:02] RUN_START run_id=SCALE_O_CCNlite_5000000_071
[2026-08-19T07:12:02] PARAM implementation=CCNlite
[2026-08-19T07:12:02] METRIC unique_content_objects=5000000
[2026-08-19T07:12:02] METRIC cache_hit_ratio=0.1084
[2026-08-19T07:12:02] RUN_END status=OK
