[2026-08-16T08:15:18] RUN_START run_id=SCALE_O_PythonNDN_10000_104
[2026-08-16T08:15:18] PARAM implementation=PythonNDN
[2026-08-16T08:15:18] METRIC unique_content_objects=10000
[2026-08-16T08:15:18] METRIC cache_hit_ratio=0.77
[2026-08-16T08:15:18] RUN_END status=OK
[2026-08-16T08:19:18] RUN_START run_id=SCALE_O_PythonNDN_10000_105
[2026-08-16T08:19:18] PARAM implementation=PythonNDN
[2026-08-16T08:19:18] METRIC unique_content_objects=10000
[2026-08-16T08:19:18] METRIC cache_hit_ratio=0.6894
[2026-08-16T08:19:18] RUN_END status=OK
[2026-08-16T08:23:23] RUN_START run_id=SCALE_O_PythonNDN_10000_106
[2026-08-16T08:23:23] PARAM implementation=PythonNDN
[2026-08-16T08:23:23] METRIC unique_content_objects=10000
[2026-08-16T08:23:23] METRIC cache_hit_ratio=0.6813
[2026-08-16T08:23:23] RUN_END status=OK
[2026-08-16T10:00:00] RUN_START run_id=SCALE_O_PythonNDN_300000_001
[2026-08-16T10:00:00] PARAM implementation=PythonNDN
[2026-08-16T10:00:00] METRIC unique_content_objects=300000
[2026-08-16T10:00:00] METRIC cache_hit_ratio=0.2657
[2026-08-16T10:00:00] RUN_END status=OK
[2026-08-16T10:02:15] RUN_START run_id=SCALE_O_PythonNDN_300000_002
[2026-08-16T10:02:15] PARAM implementation=PythonNDN
[2026-08-16T10:02:15] METRIC unique_content_objects=300000
[2026-08-16T10:02:15] METRIC cache_hit_ratio=0.2436
[2026-08-16T10:02:15] RUN_END status=OK
[2026-08-16T10:08:05] RUN_START run_id=SCALE_O_PythonNDN_300000_003
[2026-08-16T10:08:05] PARAM implementation=PythonNDN
[2026-08-16T10:08:05] METRIC unique_content_objects=300000
[2026-08-16T10:08:05] METRIC cache_hit_ratio=0.2247
[2026-08-16T10:08:05] RUN_END status=OK
[2026-08-16T10:09:20] RUN_START run_id=SCALE_O_PythonNDN_300000_004
[2026-08-16T10:09:20] PARAM implementation=PythonNDN
[2026-08-16T10:09:20] METRIC unique_content_objects=300000
[2026-08-16T10:09:20] METRIC cache_hit_ratio=0.2364
[2026-08-16T10:09:20] RUN_END status=OK
[2026-08-16T10:10:15] RUN_START run_id=SCALE_O_PythonNDN_300000_005
[2026-08-16T10:10:15] PARAM implementation=PythonNDN
[2026-08-16T10:10:15] METRIC unique_content_objects=300000
[2026-08-16T10:10:15] METRIC cache_hit_ratio=0.2458
[2026-08-16T10:10:15] RUN_END status=OK
[2026-08-16T10:11:56] RUN_START run_id=SCALE_O_PythonNDN_300000_006
[2026-08-16T10:11:56] PARAM implementation=PythonNDN
[2026-08-16T10:11:56] METRIC unique_content_objects=300000
[2026-08-16T10:11:56] METRIC cache_hit_ratio=0.2416
[2026-08-16T10:11:56] RUN_END status=OK
[2026-08-16T10:12:35] RUN_START run_id=SCALE_O_PythonNDN_300000_007
[2026-08-16T10:12:35] PARAM implementation=PythonNDN
[2026-08-16T10:12:35] METRIC unique_content_objects=300000
[2026-08-16T10:12:35] METRIC cache_hit_ratio=0.2546
[2026-08-16T10:12:35] RUN_END status=OK
[2026-08-16T10:14:57] RUN_START run_id=SCALE_O_PythonNDN_300000_008
[2026-08-16T10:14:57] PARAM implementation=PythonNDN
[2026-08-16T10:14:57] METRIC unique_content_objects=300000
[2026-08-16T10:14:57] METRIC cache_hit_ratio=0.2253
[2026-08-16T10:14:57] RUN_END status=OK
[2026-08-16T10:17:34] RUN_START run_id=SCALE_O_PythonNDN_300000_009
[2026-08-16T10:17:34] PARAM implementation=PythonNDN
[2026-08-16T10:17:34] METRIC unique_content_objects=300000
[2026-08-16T10:17:34] METRIC cache_hit_ratio=0.2431
[2026-08-16T10:17:34] RUN_END status=OK
