[2026-08-14T12:28:21] RUN_START run_id=SCALE_O_uDCN_10000_017
[2026-08-14T12:28:21] PARAM implementation=uDCN
[2026-08-14T12:28:21] METRIC unique_content_objects=10000
[2026-08-14T12:28:21] METRIC cache_hit_ratio=0.86
[2026-08-14T12:28:21] RUN_END status=OK
[2026-08-14T12:28:50] RUN_START run_id=SCALE_O_NFD_5000000_036
[2026-08-14T12:28:50] PARAM implementation=NFD
[2026-08-14T12:28:50] METRIC unique_content_objects=5000000
[2026-08-14T12:28:50] METRIC cache_hit_ratio=0.1012
[2026-08-14T12:28:50] RUN_END status=OK
[2026-08-14T12:29:55] RUN_START run_id=SCALE_O_uDCN_10000_018
[2026-08-14T12:29:55] PARAM implementation=uDCN
[2026-08-14T12:29:55] METRIC unique_content_objects=10000
[2026-08-14T12:29:55] METRIC cache_hit_ratio=0.8821
[2026-08-14T12:29:55] RUN_END status=OK
[2026-08-14T12:31:09] RUN_START run_id=SCALE_O_NFD_5000000_037
[2026-08-14T12:31:09] PARAM implementation=NFD
[2026-08-14T12:31:09] METRIC unique_content_objects=5000000
[2026-08-14T12:31:09] METRIC cache_hit_ratio=0.1107
[2026-08-14T12:31:09] RUN_END status=OK
[2026-08-14T12:31:15] RUN_START run_id=SCALE_O_uDCN_10000_019
[2026-08-14T12:31:15] PARAM implementation=uDCN
[2026-08-14T12:31:15] METRIC unique_content_objects=10000
[2026-08-14T12:31:15] METRIC cache_hit_ratio=0.8927
[2026-08-14T12:31:15] RUN_END status=OK
[2026-08-14T12:31:40] RUN_START run_id=SCALE_O_NFD_5000000_038
[2026-08-14T12:31:40] PARAM implementation=NFD
[2026-08-14T12:31:40] METRIC unique_content_objects=5000000
[2026-08-14T12:31:40] METRIC cache_hit_ratio=0.1055
[2026-08-14T12:31:40] RUN_END status=OK
[2026-08-14T12:32:14] RUN_START run_id=SCALE_O_NFD_5000000_039
[2026-08-14T12:32:14] PARAM implementation=NFD
[2026-08-14T12:32:14] METRIC unique_content_objects=5000000
[2026-08-14T12:32:14] METRIC cache_hit_ratio=0.1029
[2026-08-14T12:32:14] RUN_END status=OK
[2026-08-14T12:33:05] RUN_START run_id=SCALE_O_NFD_5000000_040
[2026-08-14T12:33:05] PARAM implementation=NFD
[2026-08-14T12:33:05] METRIC unique_content_objects=5000000
[2026-08-14T12:33:05] METRIC cache_hit_ratio=0.1126
[2026-08-14T12:33:05] RUN_END status=OK
[2026-08-14T12:34:14] RUN_START run_id=SCALE_O_uDCN_10000_020
[2026-08-14T12:34:14] PARAM implementation=uDCN
[2026-08-14T12:34:14] METRIC unique_content_objects=10000
[2026-08-14T12:34:14] METRIC cache_hit_ratio=0.8415
[2026-08-14T12:34:14] RUN_END status=OK
[2026-08-14T12:34:38] RUN_START run_id=SCALE_O_uDCN_10000_021
[2026-08-14T12:34:38] PARAM implementation=uDCN
[2026-08-14T12:34:38] METRIC unique_content_objects=10000
[2026-08-14T12:34:38] METRIC cache_hit_ratio=0.9395
[2026-08-14T12:34:38] RUN_END status=OK
[2026-08-14T12:36:04] RUN_START run_id=SCALE_O_NFD_5000000_041
[2026-08-14T12:36:04] PARAM implementation=NFD
[2026-08-14T12:36:04] METRIC unique_content_objects=5000000
[2026-08-14T12:36:04] METRIC cache_hit_ratio=0.0922
[2026-08-14T12:36:04] RUN_END status=OK
[2026-08-14T12:38:23] RUN_START run_id=SCALE_O_NFD_5000000_042
[2026-08-14T12:38:23] PARAM implementation=NFD
[2026-08-14T12:38:23] METRIC unique_content_objects=5000000
[2026-08-14T12:38:23] METRIC cache_hit_ratio=0.1011
[2026-08-14T12:38:23] RUN_END status=OK
[2026-08-14T12:39:42] RUN_START run_id=SCALE_O_NFD_5000000_043
[2026-08-14T12:39:42] PARAM implementation=NFD
[2026-08-14T12:39:42] METRIC unique_content_objects=5000000
[2026-08-14T12:39:42] METRIC cache_hit_ratio=0.1012
[2026-08-14T12:39:42] RUN_END status=OK
[2026-08-14T12:40:07] RUN_START run_id=SCALE_O_uDCN_10000_022
[2026-08-14T12:40:07] PARAM implementation=uDCN
[2026-08-14T12:40:07] METRIC unique_content_objects=10000
[2026-08-14T12:40:07] METRIC cache_hit_ratio=0.9408
[2026-08-14T12:40:07] RUN_END status=OK
[2026-08-14T12:41:00] RUN_START run_id=SCALE_O_NFD_5000000_044
[2026-08-14T12:41:00] PARAM implementation=NFD
[2026-08-14T12:41:00] METRIC unique_content_objects=5000000
[2026-08-14T12:41:00] METRIC cache_hit_ratio=0.1039
[2026-08-14T12:41:00] RUN_END status=OK
[2026-08-14T12:41:11] RUN_START run_id=SCALE_O_uDCN_10000_023
[2026-08-14T12:41:11] PARAM implementation=uDCN
[2026-08-14T12:41:11] METRIC unique_content_objects=10000
[2026-08-14T12:41:11] METRIC cache_hit_ratio=0.9127
[2026-08-14T12:41:11] RUN_END status=OK
