[2026-08-19T11:29:14] RUN_START run_id=SCALE_O_CCNlite_100000_150
[2026-08-19T11:29:14] PARAM implementation=CCNlite
[2026-08-19T11:29:14] METRIC unique_content_objects=100000
[2026-08-19T11:29:14] METRIC cache_hit_ratio=0.6207
[2026-08-19T11:29:14] RUN_END status=OK
[2026-08-19T11:30:30] RUN_START run_id=SCALE_O_NFD_1000000_101
[2026-08-19T11:30:30] PARAM implementation=NFD
[2026-08-19T11:30:30] METRIC unique_content_objects=1000000
[2026-08-19T11:30:30] METRIC cache_hit_ratio=0.2359
[2026-08-19T11:30:30] RUN_END status=OK
[2026-08-19T11:31:34] RUN_START run_id=SCALE_O_NFD_1000000_102
[2026-08-19T11:31:34] PARAM implementation=NFD
[2026-08-19T11:31:34] METRIC unique_content_objects=1000000
[2026-08-19T11:31:34] METRIC cache_hit_ratio=0.2502
[2026-08-19T11:31:34] RUN_END status=OK
[2026-08-19T11:35:42] RUN_START run_id=SCALE_O_NFD_1000000_103
[2026-08-19T11:35:42] PARAM implementation=NFD
[2026-08-19T11:35:42] METRIC unique_content_objects=1000000
[2026-08-19T11:35:42] METRIC cache_hit_ratio=0.2384
[2026-08-19T11:35:42] RUN_END status=OK
[2026-08-19T11:38:28] RUN_START run_id=SCALE_O_NFD_1000000_104
[2026-08-19T11:38:28] PARAM implementation=NFD
[2026-08-19T11:38:28] METRIC unique_content_objects=1000000
[2026-08-19T11:38:28] METRIC cache_hit_ratio=0.2558
[2026-08-19T11:38:28] RUN_END status=OK
[2026-08-19T11:41:11] RUN_START run_id=SCALE_O_NFD_1000000_105
[2026-08-19T11:41:11] PARAM implementation=NFD
[2026-08-19T11:41:11] METRIC unique_content_objects=1000000
[2026-08-19T11:41:11] METRIC cache_hit_ratio=0.2516
[2026-08-19T11:41:11] RUN_END status=OK
[2026-08-19T11:44:50] RUN_START run_id=SCALE_O_NFD_1000000_106
[2026-08-19T11:44:50] PARAM implementation=NFD
[2026-08-19T11:44:50] METRIC unique_content_objects=1000000
[2026-08-19T11:44:50] METRIC cache_hit_ratio=0.2453
[2026-08-19T11:44:50] RUN_END status=OK
[2026-08-19T11:46:01] RUN_START run_id=SCALE_O_NFD_1000000_107
[2026-08-19T11:46:01] PARAM implementation=NFD
[2026-08-19T11:46:01] METRIC unique_content_objects=1000000
[2026-08-19T11:46:01] METRIC cache_hit_ratio=0.235
[2026-08-19T11:46:01] RUN_END status=OK
[2026-08-19T11:49:57] RUN_START run_id=SCALE_O_NFD_1000000_108
[2026-08-19T11:49:57] PARAM implementation=NFD
[2026-08-19T11:49:57] METRIC unique_content_objects=1000000
[2026-08-19T11:49:57] METRIC cache_hit_ratio=0.2497
[2026-08-19T11:49:57] RUN_END status=OK
[2026-08-19T11:50:29] RUN_START run_id=SCALE_O_NFD_1000000_109
[2026-08-19T11:50:29] PARAM implementation=NFD
[2026-08-19T11:50:29] METRIC unique_content_objects=1000000
[2026-08-19T11:50:29] METRIC cache_hit_ratio=0.2639
[2026-08-19T11:50:29] RUN_END status=OK
[2026-08-19T11:54:37] RUN_START run_id=SCALE_O_NFD_1000000_110
[2026-08-19T11:54:37] PARAM implementation=NFD
[2026-08-19T11:54:37] METRIC unique_content_objects=1000000
[2026-08-19T11:54:37] METRIC cache_hit_ratio=0.26
[2026-08-19T11:54:37] RUN_END status=OK
[2026-08-19T11:56:15] RUN_START run_id=SCALE_O_NFD_1000000_111
[2026-08-19T11:56:15] PARAM implementation=NFD
[2026-08-19T11:56:15] METRIC unique_content_objects=1000000
[2026-08-19T11:56:15] METRIC cache_hit_ratio=0.2533
[2026-08-19T11:56:15] RUN_END status=OK
[2026-08-19T12:01:37] RUN_START run_id=SCALE_O_NFD_1000000_112
[2026-08-19T12:01:37] PARAM implementation=NFD
[2026-08-19T12:01:37] METRIC unique_content_objects=1000000
[2026-08-19T12:01:37] METRIC cache_hit_ratio=0.2351
[2026-08-19T12:01:37] RUN_END status=OK
[2026-08-19T12:01:41] RUN_START run_id=SCALE_O_CCNlite_5000000_083
[2026-08-19T12:01:41] PARAM implementation=CCNlite
[2026-08-19T12:01:41] METRIC unique_content_objects=5000000
[2026-08-19T12:01:41] METRIC cache_hit_ratio=0.1063
[2026-08-19T12:01:41] RUN_END status=OK
[2026-08-19T12:02:18] RUN_START run_id=SCALE_O_CCNlite_5000000_084
[2026-08-19T12:02:18] PARAM implementation=CCNlite
[2026-08-19T12:02:18] METRIC unique_content_objects=5000000
[2026-08-19T12:02:18] METRIC cache_hit_ratio=0.1082
[2026-08-19T12:02:18] RUN_END status=OK
