[2026-08-20T16:30:52] RUN_START run_id=SCALE_O_NFD_10000_048
[2026-08-20T16:30:52] PARAM implementation=NFD
[2026-08-20T16:30:52] METRIC unique_content_objects=10000
[2026-08-20T16:30:52] METRIC cache_hit_ratio=0.8433
[2026-08-20T16:30:52] RUN_END status=OK
[2026-08-20T16:32:43] RUN_START run_id=SCALE_O_NFD_100000_012
[2026-08-20T16:32:43] PARAM implementation=NFD
[2026-08-20T16:32:43] METRIC unique_content_objects=100000
[2026-08-20T16:32:43] METRIC cache_hit_ratio=0.6587
[2026-08-20T16:32:43] RUN_END status=OK
[2026-08-20T16:34:18] RUN_START run_id=SCALE_O_NFD_10000_049
[2026-08-20T16:34:18] PARAM implementation=NFD
[2026-08-20T16:34:18] METRIC unique_content_objects=10000
[2026-08-20T16:34:18] METRIC cache_hit_ratio=0.7972
[2026-08-20T16:34:18] RUN_END status=OK
[2026-08-20T16:38:21] RUN_START run_id=SCALE_O_NFD_100000_013
[2026-08-20T16:38:21] PARAM implementation=NFD
[2026-08-20T16:38:21] METRIC unique_content_objects=100000
[2026-08-20T16:38:21] METRIC cache_hit_ratio=0.6278
[2026-08-20T16:38:21] RUN_END status=OK
[2026-08-20T16:40:16] RUN_START run_id=SCALE_O_NFD_100000_014
[2026-08-20T16:40:16] PARAM implementation=NFD
[2026-08-20T16:40:16] METRIC unique_content_objects=100000
[2026-08-20T16:40:16] METRIC cache_hit_ratio=0.6637
[2026-08-20T16:40:16] RUN_END status=OK
[2026-08-20T16:41:21] RUN_START run_id=SCALE_O_NFD_1000000_133
[2026-08-20T16:41:21] PARAM implementation=NFD
[2026-08-20T16:41:21] METRIC unique_content_objects=1000000
[2026-08-20T16:41:21] METRIC cache_hit_ratio=0.2397
[2026-08-20T16:41:21] RUN_END status=OK
[2026-08-20T16:42:14] RUN_START run_id=SCALE_O_NFD_10000_050
[2026-08-20T16:42:14] PARAM implementation=NFD
[2026-08-20T16:42:14] METRIC unique_content_objects=10000
[2026-08-20T16:42:14] METRIC cache_hit_ratio=0.8212
[2026-08-20T16:42:14] RUN_END status=OK
[2026-08-20T16:42:57] RUN_START run_id=SCALE_O_NFD_10000_051
[2026-08-20T16:42:57] PARAM implementation=NFD
[2026-08-20T16:42:57] METRIC unique_content_objects=10000
[2026-08-20T16:42:57] METRIC cache_hit_ratio=0.9024
[2026-08-20T16:42:57] RUN_END status=OK
[2026-08-20T16:42:58] RUN_START run_id=SCALE_O_NFD_1000000_134
[2026-08-20T16:42:58] PARAM implementation=NFD
[2026-08-20T16:42:58] METRIC unique_content_objects=1000000
[2026-08-20T16:42:58] METRIC cache_hit_ratio=0.257
[2026-08-20T16:42:58] RUN_END status=OK
[2026-08-20T16:43:17] RUN_START run_id=SCALE_O_NFD_100000_015
[2026-08-20T16:43:17] PARAM implementation=NFD
[2026-08-20T16:43:17] METRIC unique_content_objects=100000
[2026-08-20T16:43:17] METRIC cache_hit_ratio=0.6157
[2026-08-20T16:43:17] RUN_END status=OK
