[2026-08-18T01:33:29] RUN_START run_id=SCALE_O_NFD_1000000_039
[2026-08-18T01:33:29] PARAM implementation=NFD
[2026-08-18T01:33:29] METRIC unique_content_objects=1000000
[2026-08-18T01:33:29] METRIC cache_hit_ratio=0.2556
[2026-08-18T01:33:29] RUN_END status=OK
[2026-08-18T01:34:04] RUN_START run_id=SCALE_O_NFD_1000_110
[2026-08-18T01:34:04] PARAM implementation=NFD
[2026-08-18T01:34:04] METRIC unique_content_objects=1000
[2026-08-18T01:34:04] METRIC cache_hit_ratio=0.9547
[2026-08-18T01:34:04] RUN_END status=OK
[2026-08-18T01:35:30] RUN_START run_id=SCALE_O_NFD_1000_111
[2026-08-18T01:35:30] PARAM implementation=NFD
[2026-08-18T01:35:30] METRIC unique_content_objects=1000
[2026-08-18T01:35:30] METRIC cache_hit_ratio=0.9326
[2026-08-18T01:35:30] RUN_END status=OK
[2026-08-18T01:36:14] RUN_START run_id=SCALE_O_NFD_1000000_040
[2026-08-18T01:36:14] PARAM implementation=NFD
[2026-08-18T01:36:14] METRIC unique_content_objects=1000000
[2026-08-18T01:36:14] METRIC cache_hit_ratio=0.2546
[2026-08-18T01:36:14] RUN_END status=OK
[2026-08-18T01:36:44] RUN_START run_id=SCALE_O_NFD_1000_112
[2026-08-18T01:36:44] PARAM implementation=NFD
[2026-08-18T01:36:44] METRIC unique_content_objects=1000
[2026-08-18T01:36:44] METRIC cache_hit_ratio=0.8818
[2026-08-18T01:36:44] RUN_END status=OK
[2026-08-18T01:37:01] RUN_START run_id=SCALE_O_NFD_1000000_041
[2026-08-18T01:37:01] PARAM implementation=NFD
[2026-08-18T01:37:01] METRIC unique_content_objects=1000000
[2026-08-18T01:37:01] METRIC cache_hit_ratio=0.2609
[2026-08-18T01:37:01] RUN_END status=OK
[2026-08-18T01:38:13] RUN_START run_id=SCALE_O_NFD_1000000_042
[2026-08-18T01:38:13] PARAM implementation=NFD
[2026-08-18T01:38:13] METRIC unique_content_objects=1000000
[2026-08-18T01:38:13] METRIC cache_hit_ratio=0.2481
[2026-08-18T01:38:13] RUN_END status=OK
[2026-08-18T01:38:37] RUN_START run_id=SCALE_O_NFD_1000_113
[2026-08-18T01:38:37] PARAM implementation=NFD
[2026-08-18T01:38:37] METRIC unique_content_objects=1000
[2026-08-18T01:38:37] METRIC cache_hit_ratio=0.9105
[2026-08-18T01:38:37] RUN_END status=OK
[2026-08-18T01:39:53] RUN_START run_id=SCALE_O_NFD_1000_114
[2026-08-18T01:39:53] PARAM implementation=NFD
[2026-08-18T01:39:53] METRIC unique_content_objects=1000
[2026-08-18T01:39:53] METRIC cache_hit_ratio=0.8738
[2026-08-18T01:39:53] RUN_END status=OK
[2026-08-18T01:40:11] RUN_START run_id=SCALE_O_NFD_1000000_043
[2026-08-18T01:40:11] PARAM implementation=NFD
[2026-08-18T01:40:11] METRIC unique_content_objects=1000000
[2026-08-18T01:40:11] METRIC cache_hit_ratio=0.2654
[2026-08-18T01:40:11] RUN_END status=OK
[2026-08-18T01:41:35] RUN_START run_id=SCALE_O_NFD_1000_115
[2026-08-18T01:41:35] PARAM implementation=NFD
[2026-08-18T01:41:35] METRIC unique_content_objects=1000
[2026-08-18T01:41:35] METRIC cache_hit_ratio=0.8436
[2026-08-18T01:41:35] RUN_END status=OK
[2026-08-18T01:42:28] RUN_START run_id=SCALE_O_NFD_1000000_044
[2026-08-18T01:42:28] PARAM implementation=NFD
[2026-08-18T01:42:28] METRIC unique_content_objects=1000000
[2026-08-18T01:42:28] METRIC cache_hit_ratio=0.2496
[2026-08-18T01:42:28] RUN_END status=OK
[2026-08-18T01:44:33] RUN_START run_id=SCALE_O_NFD_1000_116
[2026-08-18T01:44:33] PARAM implementation=NFD
[2026-08-18T01:44:33] METRIC unique_content_objects=1000
[2026-08-18T01:44:33] METRIC cache_hit_ratio=0.9356
[2026-08-18T01:44:33] RUN_END status=OK
[2026-08-18T01:45:24] RUN_START run_id=SCALE_O_NFD_1000000_045
[2026-08-18T01:45:24] PARAM implementation=NFD
[2026-08-18T01:45:24] METRIC unique_content_objects=1000000
[2026-08-18T01:45:24] METRIC cache_hit_ratio=0.2608
[2026-08-18T01:45:24] RUN_END status=OK
[2026-08-18T01:48:07] RUN_START run_id=SCALE_O_NFD_1000000_046
[2026-08-18T01:48:07] PARAM implementation=NFD
[2026-08-18T01:48:07] METRIC unique_content_objects=1000000
[2026-08-18T01:48:07] METRIC cache_hit_ratio=0.2541
[2026-08-18T01:48:07] RUN_END status=OK
[2026-08-18T01:48:36] RUN_START run_id=SCALE_O_NFD_1000_117
[2026-08-18T01:48:36] PARAM implementation=NFD
[2026-08-18T01:48:36] METRIC unique_content_objects=1000
[2026-08-18T01:48:36] METRIC cache_hit_ratio=0.9283
[2026-08-18T01:48:36] RUN_END status=OK
[2026-08-18T01:49:22] RUN_START run_id=SCALE_O_NFD_1000000_047
[2026-08-18T01:49:22] PARAM implementation=NFD
[2026-08-18T01:49:22] METRIC unique_content_objects=1000000
[2026-08-18T01:49:22] METRIC cache_hit_ratio=0.2575
[2026-08-18T01:49:22] RUN_END status=OK
[2026-08-18T01:51:52] RUN_START run_id=SCALE_O_NFD_1000_118
[2026-08-18T01:51:52] PARAM implementation=NFD
[2026-08-18T01:51:52] METRIC unique_content_objects=1000
[2026-08-18T01:51:52] METRIC cache_hit_ratio=0.9456
[2026-08-18T01:51:52] RUN_END status=OK
