[2026-08-15T18:07:28] RUN_START run_id=SCALE_O_CCNlite_1000000_005
[2026-08-15T18:07:28] PARAM implementation=CCNlite
[2026-08-15T18:07:28] METRIC unique_content_objects=1000000
[2026-08-15T18:07:28] METRIC cache_hit_ratio=0.2607
[2026-08-15T18:07:28] RUN_END status=OK
[2026-08-15T18:07:42] RUN_START run_id=SCALE_O_uDCN_300000_053
[2026-08-15T18:07:42] PARAM implementation=uDCN
[2026-08-15T18:07:42] METRIC unique_content_objects=300000
[2026-08-15T18:07:42] METRIC cache_hit_ratio=0.6667
[2026-08-15T18:07:42] RUN_END status=OK
[2026-08-15T18:07:49] RUN_START run_id=SCALE_O_uDCN_100000_032
[2026-08-15T18:07:49] PARAM implementation=uDCN
[2026-08-15T18:07:49] METRIC unique_content_objects=100000
[2026-08-15T18:07:49] METRIC cache_hit_ratio=0.7733
[2026-08-15T18:07:49] RUN_END status=OK
[2026-08-15T18:08:18] RUN_START run_id=SCALE_O_uDCN_300000_054
[2026-08-15T18:08:18] PARAM implementation=uDCN
[2026-08-15T18:08:18] METRIC unique_content_objects=300000
[2026-08-15T18:08:18] METRIC cache_hit_ratio=0.5241
[2026-08-15T18:08:18] RUN_END status=OK
[2026-08-15T18:10:13] RUN_START run_id=SCALE_O_CCNlite_1000000_006
[2026-08-15T18:10:13] PARAM implementation=CCNlite
[2026-08-15T18:10:13] METRIC unique_content_objects=1000000
[2026-08-15T18:10:13] METRIC cache_hit_ratio=0.2639
[2026-08-15T18:10:13] RUN_END status=OK
[2026-08-15T18:10:21] RUN_START run_id=SCALE_O_uDCN_100000_033
[2026-08-15T18:10:21] PARAM implementation=uDCN
[2026-08-15T18:10:21] METRIC unique_content_objects=100000
[2026-08-15T18:10:21] METRIC cache_hit_ratio=0.8401
[2026-08-15T18:10:21] RUN_END status=OK
[2026-08-15T18:10:22] RUN_START run_id=SCALE_O_uDCN_300000_055
[2026-08-15T18:10:22] PARAM implementation=uDCN
[2026-08-15T18:10:22] METRIC unique_content_objects=300000
[2026-08-15T18:10:22] METRIC cache_hit_ratio=0.5922
[2026-08-15T18:10:22] RUN_END status=OK
[2026-08-15T18:11:42] RUN_START run_id=SCALE_O_uDCN_300000_056
[2026-08-15T18:11:42] PARAM implementation=uDCN
[2026-08-15T18:11:42] METRIC unique_content_objects=300000
[2026-08-15T18:11:42] METRIC cache_hit_ratio=0.5982
[2026-08-15T18:11:42] RUN_END status=OK
[2026-08-15T18:12:38] RUN_START run_id=SCALE_O_uDCN_300000_057
[2026-08-15T18:12:38] PARAM implementation=uDCN
[2026-08-15T18:12:38] METRIC unique_content_objects=300000
[2026-08-15T18:12:38] METRIC cache_hit_ratio=0.6134
[2026-08-15T18:12:38] RUN_END status=OK
[2026-08-15T18:12:45] RUN_START run_id=SCALE_O_CCNlite_1000000_007
[2026-08-15T18:12:45] PARAM implementation=CCNlite
[2026-08-15T18:12:45] METRIC unique_content_objects=1000000
[2026-08-15T18:12:45] METRIC cache_hit_ratio=0.2547
[2026-08-15T18:12:45] RUN_END status=OK
[2026-08-15T18:14:03] RUN_START run_id=SCALE_O_uDCN_300000_058
[2026-08-15T18:14:03] PARAM implementation=uDCN
[2026-08-15T18:14:03] METRIC unique_content_objects=300000
[2026-08-15T18:14:03] METRIC cache_hit_ratio=0.6343
[2026-08-15T18:14:03] RUN_END status=OK
[2026-08-15T18:14:44] RUN_START run_id=SCALE_O_CCNlite_1000000_008
[2026-08-15T18:14:44] PARAM implementation=CCNlite
[2026-08-15T18:14:44] METRIC unique_content_objects=1000000
[2026-08-15T18:14:44] METRIC cache_hit_ratio=0.2676
[2026-08-15T18:14:44] RUN_END status=OK
[2026-08-15T18:15:51] RUN_START run_id=SCALE_O_uDCN_300000_059
[2026-08-15T18:15:51] PARAM implementation=uDCN
[2026-08-15T18:15:51] METRIC unique_content_objects=300000
[2026-08-15T18:15:51] METRIC cache_hit_ratio=0.6201
[2026-08-15T18:15:51] RUN_END status=OK
[2026-08-15T18:16:22] RUN_START run_id=SCALE_O_CCNlite_1000000_009
[2026-08-15T18:16:22] PARAM implementation=CCNlite
[2026-08-15T18:16:22] METRIC unique_content_objects=1000000
[2026-08-15T18:16:22] METRIC cache_hit_ratio=0.2854
[2026-08-15T18:16:22] RUN_END status=OK
[2026-08-15T18:18:57] RUN_START run_id=SCALE_O_CCNlite_1000000_010
[2026-08-15T18:18:57] PARAM implementation=CCNlite
[2026-08-15T18:18:57] METRIC unique_content_objects=1000000
[2026-08-15T18:18:57] METRIC cache_hit_ratio=0.2666
[2026-08-15T18:18:57] RUN_END status=OK
[2026-08-15T18:20:05] RUN_START run_id=SCALE_O_uDCN_300000_060
[2026-08-15T18:20:05] PARAM implementation=uDCN
[2026-08-15T18:20:05] METRIC unique_content_objects=300000
[2026-08-15T18:20:05] METRIC cache_hit_ratio=0.6277
[2026-08-15T18:20:05] RUN_END status=OK
