[2026-08-10T18:26:15] RUN_START run_id=SCALE_O_uDCN_1000000_011
[2026-08-10T18:26:15] PARAM implementation=uDCN
[2026-08-10T18:26:15] METRIC unique_content_objects=1000000
[2026-08-10T18:26:15] METRIC cache_hit_ratio=0.4267
[2026-08-10T18:26:15] RUN_END status=OK
[2026-08-10T18:27:08] RUN_START run_id=SCALE_O_uDCN_1000000_012
[2026-08-10T18:27:08] PARAM implementation=uDCN
[2026-08-10T18:27:08] METRIC unique_content_objects=1000000
[2026-08-10T18:27:08] METRIC cache_hit_ratio=0.4456
[2026-08-10T18:27:08] RUN_END status=OK
[2026-08-10T18:28:20] RUN_START run_id=SCALE_O_uDCN_1000000_013
[2026-08-10T18:28:20] PARAM implementation=uDCN
[2026-08-10T18:28:20] METRIC unique_content_objects=1000000
[2026-08-10T18:28:20] METRIC cache_hit_ratio=0.4688
[2026-08-10T18:28:20] RUN_END status=OK
[2026-08-10T18:28:54] RUN_START run_id=SCALE_O_uDCN_1000000_014
[2026-08-10T18:28:54] PARAM implementation=uDCN
[2026-08-10T18:28:54] METRIC unique_content_objects=1000000
[2026-08-10T18:28:54] METRIC cache_hit_ratio=0.4601
[2026-08-10T18:28:54] RUN_END status=OK
[2026-08-10T18:30:31] RUN_START run_id=SCALE_O_uDCN_1000000_015
[2026-08-10T18:30:31] PARAM implementation=uDCN
[2026-08-10T18:30:31] METRIC unique_content_objects=1000000
[2026-08-10T18:30:31] METRIC cache_hit_ratio=0.4573
[2026-08-10T18:30:31] RUN_END status=OK
[2026-08-10T18:35:17] RUN_START run_id=SCALE_O_uDCN_1000000_016
[2026-08-10T18:35:17] PARAM implementation=uDCN
[2026-08-10T18:35:17] METRIC unique_content_objects=1000000
[2026-08-10T18:35:17] METRIC cache_hit_ratio=0.4511
[2026-08-10T18:35:17] RUN_END status=OK
[2026-08-10T18:36:46] RUN_START run_id=SCALE_O_uDCN_1000000_017
[2026-08-10T18:36:46] PARAM implementation=uDCN
[2026-08-10T18:36:46] METRIC unique_content_objects=1000000
[2026-08-10T18:36:46] METRIC cache_hit_ratio=0.4322
[2026-08-10T18:36:46] RUN_END status=OK
[2026-08-10T18:39:27] RUN_START run_id=SCALE_O_uDCN_1000000_018
[2026-08-10T18:39:27] PARAM implementation=uDCN
[2026-08-10T18:39:27] METRIC unique_content_objects=1000000
[2026-08-10T18:39:27] METRIC cache_hit_ratio=0.4405
[2026-08-10T18:39:27] RUN_END status=OK
[2026-08-10T18:47:32] RUN_START run_id=SCALE_O_uDCN_1000000_019
[2026-08-10T18:47:32] PARAM implementation=uDCN
[2026-08-10T18:47:32] METRIC unique_content_objects=1000000
[2026-08-10T18:47:32] METRIC cache_hit_ratio=0.455
[2026-08-10T18:47:32] RUN_END status=OK
[2026-08-10T18:48:44] RUN_START run_id=SCALE_O_uDCN_1000000_020
[2026-08-10T18:48:44] PARAM implementation=uDCN
[2026-08-10T18:48:44] METRIC unique_content_objects=1000000
[2026-08-10T18:48:44] METRIC cache_hit_ratio=0.4508
[2026-08-10T18:48:44] RUN_END status=OK
[2026-08-10T18:51:37] RUN_START run_id=SCALE_O_uDCN_1000000_021
[2026-08-10T18:51:37] PARAM implementation=uDCN
[2026-08-10T18:51:37] METRIC unique_content_objects=1000000
[2026-08-10T18:51:37] METRIC cache_hit_ratio=0.4352
[2026-08-10T18:51:37] RUN_END status=OK
[2026-08-10T18:55:11] RUN_START run_id=SCALE_O_uDCN_1000000_022
[2026-08-10T18:55:11] PARAM implementation=uDCN
[2026-08-10T18:55:11] METRIC unique_content_objects=1000000
[2026-08-10T18:55:11] METRIC cache_hit_ratio=0.4439
[2026-08-10T18:55:11] RUN_END status=OK
[2026-08-10T18:59:41] RUN_START run_id=SCALE_O_uDCN_1000000_023
[2026-08-10T18:59:41] PARAM implementation=uDCN
[2026-08-10T18:59:41] METRIC unique_content_objects=1000000
[2026-08-10T18:59:41] METRIC cache_hit_ratio=0.4253
[2026-08-10T18:59:41] RUN_END status=OK
[2026-08-10T19:01:04] RUN_START run_id=SCALE_O_uDCN_1000000_024
[2026-08-10T19:01:04] PARAM implementation=uDCN
[2026-08-10T19:01:04] METRIC unique_content_objects=1000000
[2026-08-10T19:01:04] METRIC cache_hit_ratio=0.4443
[2026-08-10T19:01:04] RUN_END status=OK
[2026-08-10T19:02:38] RUN_START run_id=SCALE_O_uDCN_1000000_025
[2026-08-10T19:02:38] PARAM implementation=uDCN
[2026-08-10T19:02:38] METRIC unique_content_objects=1000000
[2026-08-10T19:02:38] METRIC cache_hit_ratio=0.4428
[2026-08-10T19:02:38] RUN_END status=OK
[2026-08-10T21:32:57] RUN_START run_id=SCALE_O_uDCN_1000000_026
[2026-08-10T21:32:57] PARAM implementation=uDCN
[2026-08-10T21:32:57] METRIC unique_content_objects=1000000
[2026-08-10T21:32:57] METRIC cache_hit_ratio=0.4584
[2026-08-10T21:32:57] RUN_END status=OK
[2026-08-10T21:36:03] RUN_START run_id=SCALE_O_uDCN_1000000_027
[2026-08-10T21:36:03] PARAM implementation=uDCN
[2026-08-10T21:36:03] METRIC unique_content_objects=1000000
[2026-08-10T21:36:03] METRIC cache_hit_ratio=0.4735
[2026-08-10T21:36:03] RUN_END status=OK
[2026-08-10T21:37:58] RUN_START run_id=SCALE_O_uDCN_1000000_028
[2026-08-10T21:37:58] PARAM implementation=uDCN
[2026-08-10T21:37:58] METRIC unique_content_objects=1000000
[2026-08-10T21:37:58] METRIC cache_hit_ratio=0.5005
[2026-08-10T21:37:58] RUN_END status=OK
