[2026-08-22T11:43:24] RUN_START run_id=SCALE_O_NFD_300000_017
[2026-08-22T11:43:24] PARAM implementation=NFD
[2026-08-22T11:43:24] METRIC unique_content_objects=300000
[2026-08-22T11:43:24] METRIC cache_hit_ratio=0.5032
[2026-08-22T11:43:24] RUN_END status=OK
[2026-08-22T11:47:08] RUN_START run_id=SCALE_O_NFD_300000_018
[2026-08-22T11:47:08] PARAM implementation=NFD
[2026-08-22T11:47:08] METRIC unique_content_objects=300000
[2026-08-22T11:47:08] METRIC cache_hit_ratio=0.4379
[2026-08-22T11:47:08] RUN_END status=OK
[2026-08-22T11:48:56] RUN_START run_id=SCALE_O_NFD_300000_019
[2026-08-22T11:48:56] PARAM implementation=NFD
[2026-08-22T11:48:56] METRIC unique_content_objects=300000
[2026-08-22T11:48:56] METRIC cache_hit_ratio=0.4781
[2026-08-22T11:48:56] RUN_END status=OK
[2026-08-22T11:49:45] RUN_START run_id=SCALE_O_NFD_300000_020
[2026-08-22T11:49:45] PARAM implementation=NFD
[2026-08-22T11:49:45] METRIC unique_content_objects=300000
[2026-08-22T11:49:45] METRIC cache_hit_ratio=0.441
[2026-08-22T11:49:45] RUN_END status=OK
[2026-08-22T11:52:50] RUN_START run_id=SCALE_O_NFD_300000_021
[2026-08-22T11:52:50] PARAM implementation=NFD
[2026-08-22T11:52:50] METRIC unique_content_objects=300000
[2026-08-22T11:52:50] METRIC cache_hit_ratio=0.4399
[2026-08-22T11:52:50] RUN_END status=OK
[2026-08-22T11:53:40] RUN_START run_id=SCALE_O_NFD_300000_022
[2026-08-22T11:53:40] PARAM implementation=NFD
[2026-08-22T11:53:40] METRIC unique_content_objects=300000
[2026-08-22T11:53:40] METRIC cache_hit_ratio=0.4496
[2026-08-22T11:53:40] RUN_END status=OK
[2026-08-22T11:56:01] RUN_START run_id=SCALE_O_NFD_300000_023
[2026-08-22T11:56:01] PARAM implementation=NFD
[2026-08-22T11:56:01] METRIC unique_content_objects=300000
[2026-08-22T11:56:01] METRIC cache_hit_ratio=0.4382
[2026-08-22T11:56:01] RUN_END status=OK
[2026-08-22T11:57:00] RUN_START run_id=SCALE_O_NFD_300000_024
[2026-08-22T11:57:00] PARAM implementation=NFD
[2026-08-22T11:57:00] METRIC unique_content_objects=300000
[2026-08-22T11:57:00] METRIC cache_hit_ratio=0.4412
[2026-08-22T11:57:00] RUN_END status=OK
[2026-08-22T11:58:34] RUN_START run_id=SCALE_O_NFD_300000_025
[2026-08-22T11:58:34] PARAM implementation=NFD
[2026-08-22T11:58:34] METRIC unique_content_objects=300000
[2026-08-22T11:58:34] METRIC cache_hit_ratio=0.4916
[2026-08-22T11:58:34] RUN_END status=OK
[2026-08-22T12:03:46] RUN_START run_id=SCALE_O_NFD_300000_026
[2026-08-22T12:03:46] PARAM implementation=NFD
[2026-08-22T12:03:46] METRIC unique_content_objects=300000
[2026-08-22T12:03:46] METRIC cache_hit_ratio=0.4743
[2026-08-22T12:03:46] RUN_END status=OK
[2026-08-22T12:05:47] RUN_START run_id=SCALE_O_NFD_300000_027
[2026-08-22T12:05:47] PARAM implementation=NFD
[2026-08-22T12:05:47] METRIC unique_content_objects=300000
[2026-08-22T12:05:47] METRIC cache_hit_ratio=0.4549
[2026-08-22T12:05:47] RUN_END status=OK
[2026-08-22T12:08:50] RUN_START run_id=SCALE_O_NFD_300000_028
[2026-08-22T12:08:50] PARAM implementation=NFD
[2026-08-22T12:08:50] METRIC unique_content_objects=300000
[2026-08-22T12:08:50] METRIC cache_hit_ratio=0.4325
[2026-08-22T12:08:50] RUN_END status=OK
[2026-08-22T12:12:42] RUN_START run_id=SCALE_O_NFD_300000_029
[2026-08-22T12:12:42] PARAM implementation=NFD
[2026-08-22T12:12:42] METRIC unique_content_objects=300000
[2026-08-22T12:12:42] METRIC cache_hit_ratio=0.4294
[2026-08-22T12:12:42] RUN_END status=OK
[2026-08-22T17:17:23] RUN_START run_id=SCALE_O_NFD_300000_030
[2026-08-22T17:17:23] PARAM implementation=NFD
[2026-08-22T17:17:23] METRIC unique_content_objects=300000
[2026-08-22T17:17:23] METRIC cache_hit_ratio=0.4213
[2026-08-22T17:17:23] RUN_END status=OK
[2026-08-22T17:18:48] RUN_START run_id=SCALE_O_NFD_300000_031
[2026-08-22T17:18:48] PARAM implementation=NFD
[2026-08-22T17:18:48] METRIC unique_content_objects=300000
[2026-08-22T17:18:48] METRIC cache_hit_ratio=0.4423
[2026-08-22T17:18:48] RUN_END status=OK
[2026-08-22T17:20:00] RUN_START run_id=SCALE_O_NFD_300000_032
[2026-08-22T17:20:00] PARAM implementation=NFD
[2026-08-22T17:20:00] METRIC unique_content_objects=300000
[2026-08-22T17:20:00] METRIC cache_hit_ratio=0.457
[2026-08-22T17:20:00] RUN_END status=OK
[2026-08-22T17:21:58] RUN_START run_id=SCALE_O_NFD_300000_033
[2026-08-22T17:21:58] PARAM implementation=NFD
[2026-08-22T17:21:58] METRIC unique_content_objects=300000
[2026-08-22T17:21:58] METRIC cache_hit_ratio=0.4559
[2026-08-22T17:21:58] RUN_END status=OK
