[2026-08-16T21:28:32] RUN_START run_id=SCALE_O_NFD_5000000_077
[2026-08-16T21:28:32] PARAM implementation=NFD
[2026-08-16T21:28:32] METRIC unique_content_objects=5000000
[2026-08-16T21:28:32] METRIC cache_hit_ratio=0.1033
[2026-08-16T21:28:32] RUN_END status=OK
[2026-08-16T21:30:37] RUN_START run_id=SCALE_O_PythonNDN_10000_121
[2026-08-16T21:30:37] PARAM implementation=PythonNDN
[2026-08-16T21:30:37] METRIC unique_content_objects=10000
[2026-08-16T21:30:37] METRIC cache_hit_ratio=0.734
[2026-08-16T21:30:37] RUN_END status=OK
[2026-08-16T21:30:39] RUN_START run_id=SCALE_O_NFD_5000000_078
[2026-08-16T21:30:39] PARAM implementation=NFD
[2026-08-16T21:30:39] METRIC unique_content_objects=5000000
[2026-08-16T21:30:39] METRIC cache_hit_ratio=0.0901
[2026-08-16T21:30:39] RUN_END status=OK
[2026-08-16T21:32:26] RUN_START run_id=SCALE_O_NFD_5000000_079
[2026-08-16T21:32:26] PARAM implementation=NFD
[2026-08-16T21:32:26] METRIC unique_content_objects=5000000
[2026-08-16T21:32:26] METRIC cache_hit_ratio=0.0959
[2026-08-16T21:32:26] RUN_END status=OK
[2026-08-16T21:33:24] RUN_START run_id=SCALE_O_NFD_5000000_080
[2026-08-16T21:33:24] PARAM implementation=NFD
[2026-08-16T21:33:24] METRIC unique_content_objects=5000000
[2026-08-16T21:33:24] METRIC cache_hit_ratio=0.0982
[2026-08-16T21:33:24] RUN_END status=OK
[2026-08-16T21:34:47] RUN_START run_id=SCALE_O_NFD_1000_076
[2026-08-16T21:34:47] PARAM implementation=NFD
[2026-08-16T21:34:47] METRIC unique_content_objects=1000
[2026-08-16T21:34:47] METRIC cache_hit_ratio=0.9295
[2026-08-16T21:34:47] RUN_END status=OK
[2026-08-16T21:35:25] RUN_START run_id=SCALE_O_NFD_1000_077
[2026-08-16T21:35:25] PARAM implementation=NFD
[2026-08-16T21:35:25] METRIC unique_content_objects=1000
[2026-08-16T21:35:25] METRIC cache_hit_ratio=0.8982
[2026-08-16T21:35:25] RUN_END status=OK
[2026-08-16T21:36:56] RUN_START run_id=SCALE_O_NFD_1000_078
[2026-08-16T21:36:56] PARAM implementation=NFD
[2026-08-16T21:36:56] METRIC unique_content_objects=1000
[2026-08-16T21:36:56] METRIC cache_hit_ratio=0.8831
[2026-08-16T21:36:56] RUN_END status=OK
[2026-08-16T21:39:31] RUN_START run_id=SCALE_O_NFD_1000_079
[2026-08-16T21:39:31] PARAM implementation=NFD
[2026-08-16T21:39:31] METRIC unique_content_objects=1000
[2026-08-16T21:39:31] METRIC cache_hit_ratio=0.9465
[2026-08-16T21:39:31] RUN_END status=OK
[2026-08-16T21:42:24] RUN_START run_id=SCALE_O_NFD_1000_080
[2026-08-16T21:42:24] PARAM implementation=NFD
[2026-08-16T21:42:24] METRIC unique_content_objects=1000
[2026-08-16T21:42:24] METRIC cache_hit_ratio=0.9046
[2026-08-16T21:42:24] RUN_END status=OK
[2026-08-16T21:45:52] RUN_START run_id=SCALE_O_NFD_1000_081
[2026-08-16T21:45:52] PARAM implementation=NFD
[2026-08-16T21:45:52] METRIC unique_content_objects=1000
[2026-08-16T21:45:52] METRIC cache_hit_ratio=0.9144
[2026-08-16T21:45:52] RUN_END status=OK
[2026-08-16T21:50:30] RUN_START run_id=SCALE_O_NFD_1000_082
[2026-08-16T21:50:30] PARAM implementation=NFD
[2026-08-16T21:50:30] METRIC unique_content_objects=1000
[2026-08-16T21:50:30] METRIC cache_hit_ratio=0.8634
[2026-08-16T21:50:30] RUN_END status=OK
