[2026-08-17T17:27:26] RUN_START run_id=SCALE_O_CCNlite_5000000_010
[2026-08-17T17:27:26] PARAM implementation=CCNlite
[2026-08-17T17:27:26] METRIC unique_content_objects=5000000
[2026-08-17T17:27:26] METRIC cache_hit_ratio=0.1179
[2026-08-17T17:27:26] RUN_END status=OK
[2026-08-17T17:28:39] RUN_START run_id=SCALE_O_CCNlite_5000000_011
[2026-08-17T17:28:39] PARAM implementation=CCNlite
[2026-08-17T17:28:39] METRIC unique_content_objects=5000000
[2026-08-17T17:28:39] METRIC cache_hit_ratio=0.1062
[2026-08-17T17:28:39] RUN_END status=OK
[2026-08-17T17:30:16] RUN_START run_id=SCALE_O_CCNlite_5000000_012
[2026-08-17T17:30:16] PARAM implementation=CCNlite
[2026-08-17T17:30:16] METRIC unique_content_objects=5000000
[2026-08-17T17:30:16] METRIC cache_hit_ratio=0.1099
[2026-08-17T17:30:16] RUN_END status=OK
[2026-08-17T17:31:52] RUN_START run_id=SCALE_O_CCNlite_5000000_013
[2026-08-17T17:31:52] PARAM implementation=CCNlite
[2026-08-17T17:31:52] METRIC unique_content_objects=5000000
[2026-08-17T17:31:52] METRIC cache_hit_ratio=0.1184
[2026-08-17T17:31:52] RUN_END status=OK
[2026-08-17T17:32:22] RUN_START run_id=SCALE_O_CCNlite_5000000_014
[2026-08-17T17:32:22] PARAM implementation=CCNlite
[2026-08-17T17:32:22] METRIC unique_content_objects=5000000
[2026-08-17T17:32:22] METRIC cache_hit_ratio=0.1156
[2026-08-17T17:32:22] RUN_END status=OK
[2026-08-17T17:34:40] RUN_START run_id=SCALE_O_CCNlite_5000000_015
[2026-08-17T17:34:40] PARAM implementation=CCNlite
[2026-08-17T17:34:40] METRIC unique_content_objects=5000000
[2026-08-17T17:34:40] METRIC cache_hit_ratio=0.1082
[2026-08-17T17:34:40] RUN_END status=OK
[2026-08-17T17:35:50] RUN_START run_id=SCALE_O_CCNlite_5000000_016
[2026-08-17T17:35:50] PARAM implementation=CCNlite
[2026-08-17T17:35:50] METRIC unique_content_objects=5000000
[2026-08-17T17:35:50] METRIC cache_hit_ratio=0.1094
[2026-08-17T17:35:50] RUN_END status=OK
[2026-08-17T17:36:16] RUN_START run_id=SCALE_O_CCNlite_5000000_017
[2026-08-17T17:36:16] PARAM implementation=CCNlite
[2026-08-17T17:36:16] METRIC unique_content_objects=5000000
[2026-08-17T17:36:16] METRIC cache_hit_ratio=0.1156
[2026-08-17T17:36:16] RUN_END status=OK
[2026-08-17T17:38:44] RUN_START run_id=SCALE_O_CCNlite_5000000_018
[2026-08-17T17:38:44] PARAM implementation=CCNlite
[2026-08-17T17:38:44] METRIC unique_content_objects=5000000
[2026-08-17T17:38:44] METRIC cache_hit_ratio=0.1031
[2026-08-17T17:38:44] RUN_END status=OK
[2026-08-17T17:40:12] RUN_START run_id=SCALE_O_CCNlite_5000000_019
[2026-08-17T17:40:12] PARAM implementation=CCNlite
[2026-08-17T17:40:12] METRIC unique_content_objects=5000000
[2026-08-17T17:40:12] METRIC cache_hit_ratio=0.1216
[2026-08-17T17:40:12] RUN_END status=OK
[2026-08-17T17:41:12] RUN_START run_id=SCALE_O_CCNlite_5000000_020
[2026-08-17T17:41:12] PARAM implementation=CCNlite
[2026-08-17T17:41:12] METRIC unique_content_objects=5000000
[2026-08-17T17:41:12] METRIC cache_hit_ratio=0.1177
[2026-08-17T17:41:12] RUN_END status=OK
[2026-08-17T17:44:01] RUN_START run_id=SCALE_O_CCNlite_5000000_021
[2026-08-17T17:44:01] PARAM implementation=CCNlite
[2026-08-17T17:44:01] METRIC unique_content_objects=5000000
[2026-08-17T17:44:01] METRIC cache_hit_ratio=0.1016
[2026-08-17T17:44:01] RUN_END status=OK
