[2026-08-23T10:40:12] RUN_START run_id=SCALE_O_PythonNDN_1000_016
[2026-08-23T10:40:12] PARAM implementation=PythonNDN
[2026-08-23T10:40:12] METRIC unique_content_objects=1000
[2026-08-23T10:40:12] METRIC cache_hit_ratio=1.0
[2026-08-23T10:40:12] RUN_END status=OK
[2026-08-23T10:41:24] RUN_START run_id=08_scalability_content_DISCARDED_0194
[2026-08-23T10:41:24] RUN_ABORTED reason=cache_warmup_incomplete: content-store did not reach steady-state hit ratio within the 30s warm-up window, run discarded
[2026-08-23T10:42:26] RUN_START run_id=SCALE_O_PythonNDN_1000_017
[2026-08-23T10:42:26] PARAM implementation=PythonNDN
[2026-08-23T10:42:26] METRIC unique_content_objects=1000
[2026-08-23T10:42:26] METRIC cache_hit_ratio=0.8574
[2026-08-23T10:42:26] RUN_END status=OK
[2026-08-23T10:44:12] RUN_START run_id=SCALE_O_PythonNDN_1000_018
[2026-08-23T10:44:12] PARAM implementation=PythonNDN
[2026-08-23T10:44:12] METRIC unique_content_objects=1000
[2026-08-23T10:44:12] METRIC cache_hit_ratio=0.9108
[2026-08-23T10:44:12] RUN_END status=OK
[2026-08-23T10:47:13] RUN_START run_id=SCALE_O_PythonNDN_1000_019
[2026-08-23T10:47:13] PARAM implementation=PythonNDN
[2026-08-23T10:47:13] METRIC unique_content_objects=1000
[2026-08-23T10:47:13] METRIC cache_hit_ratio=0.8629
[2026-08-23T10:47:13] RUN_END status=OK
[2026-08-23T10:49:13] RUN_START run_id=SCALE_O_PythonNDN_1000_020
[2026-08-23T10:49:13] PARAM implementation=PythonNDN
[2026-08-23T10:49:13] METRIC unique_content_objects=1000
[2026-08-23T10:49:13] METRIC cache_hit_ratio=0.8623
[2026-08-23T10:49:13] RUN_END status=OK
[2026-08-23T10:52:33] RUN_START run_id=SCALE_O_PythonNDN_1000_021
[2026-08-23T10:52:33] PARAM implementation=PythonNDN
[2026-08-23T10:52:33] METRIC unique_content_objects=1000
[2026-08-23T10:52:33] METRIC cache_hit_ratio=0.9387
[2026-08-23T10:52:33] RUN_END status=OK
[2026-08-23T10:55:29] RUN_START run_id=SCALE_O_PythonNDN_1000_022
[2026-08-23T10:55:29] PARAM implementation=PythonNDN
[2026-08-23T10:55:29] METRIC unique_content_objects=1000
[2026-08-23T10:55:29] METRIC cache_hit_ratio=0.9382
[2026-08-23T10:55:29] RUN_END status=OK
[2026-08-23T10:57:13] RUN_START run_id=SCALE_O_PythonNDN_1000_023
[2026-08-23T10:57:13] PARAM implementation=PythonNDN
[2026-08-23T10:57:13] METRIC unique_content_objects=1000
[2026-08-23T10:57:13] METRIC cache_hit_ratio=0.9379
[2026-08-23T10:57:13] RUN_END status=OK
[2026-08-23T11:00:48] RUN_START run_id=SCALE_O_PythonNDN_1000_024
[2026-08-23T11:00:48] PARAM implementation=PythonNDN
[2026-08-23T11:00:48] METRIC unique_content_objects=1000
[2026-08-23T11:00:48] METRIC cache_hit_ratio=0.84
[2026-08-23T11:00:48] RUN_END status=OK
[2026-08-23T11:01:20] RUN_START run_id=SCALE_O_PythonNDN_1000_025
[2026-08-23T11:01:20] PARAM implementation=PythonNDN
[2026-08-23T11:01:20] METRIC unique_content_objects=1000
[2026-08-23T11:01:20] METRIC cache_hit_ratio=0.909
[2026-08-23T11:01:20] RUN_END status=OK
[2026-08-23T11:04:01] RUN_START run_id=SCALE_O_PythonNDN_1000_026
[2026-08-23T11:04:01] PARAM implementation=PythonNDN
[2026-08-23T11:04:01] METRIC unique_content_objects=1000
[2026-08-23T11:04:01] METRIC cache_hit_ratio=0.9087
[2026-08-23T11:04:01] RUN_END status=OK
[2026-08-23T11:05:05] RUN_START run_id=SCALE_O_PythonNDN_1000_027
[2026-08-23T11:05:05] PARAM implementation=PythonNDN
[2026-08-23T11:05:05] METRIC unique_content_objects=1000
[2026-08-23T11:05:05] METRIC cache_hit_ratio=0.9689
[2026-08-23T11:05:05] RUN_END status=OK
[2026-08-23T11:08:17] RUN_START run_id=SCALE_O_PythonNDN_1000_028
[2026-08-23T11:08:17] PARAM implementation=PythonNDN
[2026-08-23T11:08:17] METRIC unique_content_objects=1000
[2026-08-23T11:08:17] METRIC cache_hit_ratio=0.8874
[2026-08-23T11:08:17] RUN_END status=OK
[2026-08-23T11:12:12] RUN_START run_id=SCALE_O_PythonNDN_1000_029
[2026-08-23T11:12:12] PARAM implementation=PythonNDN
[2026-08-23T11:12:12] METRIC unique_content_objects=1000
[2026-08-23T11:12:12] METRIC cache_hit_ratio=0.8728
[2026-08-23T11:12:12] RUN_END status=OK
[2026-08-23T12:00:00] RUN_START run_id=SCALE_O_PythonNDN_5000000_001
[2026-08-23T12:00:00] PARAM implementation=PythonNDN
[2026-08-23T12:00:00] METRIC unique_content_objects=5000000
[2026-08-23T12:00:00] METRIC cache_hit_ratio=0.0501
[2026-08-23T12:00:00] RUN_END status=OK
