[2026-08-19T11:10:59] RUN_START run_id=SCALE_O_NFD_1000000_093
[2026-08-19T11:10:59] PARAM implementation=NFD
[2026-08-19T11:10:59] METRIC unique_content_objects=1000000
[2026-08-19T11:10:59] METRIC cache_hit_ratio=0.2547
[2026-08-19T11:10:59] RUN_END status=OK
[2026-08-19T11:12:18] RUN_START run_id=SCALE_O_CCNlite_100000_143
[2026-08-19T11:12:18] PARAM implementation=CCNlite
[2026-08-19T11:12:18] METRIC unique_content_objects=100000
[2026-08-19T11:12:18] METRIC cache_hit_ratio=0.6127
[2026-08-19T11:12:18] RUN_END status=OK
[2026-08-19T11:13:15] RUN_START run_id=SCALE_O_NFD_1000000_094
[2026-08-19T11:13:15] PARAM implementation=NFD
[2026-08-19T11:13:15] METRIC unique_content_objects=1000000
[2026-08-19T11:13:15] METRIC cache_hit_ratio=0.2602
[2026-08-19T11:13:15] RUN_END status=OK
[2026-08-19T11:15:49] RUN_START run_id=SCALE_O_CCNlite_100000_144
[2026-08-19T11:15:49] PARAM implementation=CCNlite
[2026-08-19T11:15:49] METRIC unique_content_objects=100000
[2026-08-19T11:15:49] METRIC cache_hit_ratio=0.6727
[2026-08-19T11:15:49] RUN_END status=OK
[2026-08-19T11:16:02] RUN_START run_id=SCALE_O_NFD_1000000_095
[2026-08-19T11:16:02] PARAM implementation=NFD
[2026-08-19T11:16:02] METRIC unique_content_objects=1000000
[2026-08-19T11:16:02] METRIC cache_hit_ratio=0.2501
[2026-08-19T11:16:02] RUN_END status=OK
[2026-08-19T11:17:55] RUN_START run_id=SCALE_O_CCNlite_100000_145
[2026-08-19T11:17:55] PARAM implementation=CCNlite
[2026-08-19T11:17:55] METRIC unique_content_objects=100000
[2026-08-19T11:17:55] METRIC cache_hit_ratio=0.6294
[2026-08-19T11:17:55] RUN_END status=OK
[2026-08-19T11:18:01] RUN_START run_id=SCALE_O_NFD_1000000_096
[2026-08-19T11:18:01] PARAM implementation=NFD
[2026-08-19T11:18:01] METRIC unique_content_objects=1000000
[2026-08-19T11:18:01] METRIC cache_hit_ratio=0.2463
[2026-08-19T11:18:01] RUN_END status=OK
[2026-08-19T11:21:00] RUN_START run_id=SCALE_O_NFD_1000000_097
[2026-08-19T11:21:00] PARAM implementation=NFD
[2026-08-19T11:21:00] METRIC unique_content_objects=1000000
[2026-08-19T11:21:00] METRIC cache_hit_ratio=0.253
[2026-08-19T11:21:00] RUN_END status=OK
[2026-08-19T11:23:38] RUN_START run_id=SCALE_O_NFD_1000000_098
[2026-08-19T11:23:38] PARAM implementation=NFD
[2026-08-19T11:23:38] METRIC unique_content_objects=1000000
[2026-08-19T11:23:38] METRIC cache_hit_ratio=0.2373
[2026-08-19T11:23:38] RUN_END status=OK
[2026-08-19T11:23:41] RUN_START run_id=SCALE_O_CCNlite_100000_146
[2026-08-19T11:23:41] PARAM implementation=CCNlite
[2026-08-19T11:23:41] METRIC unique_content_objects=100000
[2026-08-19T11:23:41] METRIC cache_hit_ratio=0.6369
[2026-08-19T11:23:41] RUN_END status=OK
[2026-08-19T11:24:46] RUN_START run_id=SCALE_O_CCNlite_100000_147
[2026-08-19T11:24:46] PARAM implementation=CCNlite
[2026-08-19T11:24:46] METRIC unique_content_objects=100000
[2026-08-19T11:24:46] METRIC cache_hit_ratio=0.5874
[2026-08-19T11:24:46] RUN_END status=OK
[2026-08-19T11:25:47] RUN_START run_id=SCALE_O_NFD_1000000_099
[2026-08-19T11:25:47] PARAM implementation=NFD
[2026-08-19T11:25:47] METRIC unique_content_objects=1000000
[2026-08-19T11:25:47] METRIC cache_hit_ratio=0.2718
[2026-08-19T11:25:47] RUN_END status=OK
[2026-08-19T11:26:22] RUN_START run_id=SCALE_O_CCNlite_100000_148
[2026-08-19T11:26:22] PARAM implementation=CCNlite
[2026-08-19T11:26:22] METRIC unique_content_objects=100000
[2026-08-19T11:26:22] METRIC cache_hit_ratio=0.6138
[2026-08-19T11:26:22] RUN_END status=OK
[2026-08-19T11:27:55] RUN_START run_id=SCALE_O_NFD_1000000_100
[2026-08-19T11:27:55] PARAM implementation=NFD
[2026-08-19T11:27:55] METRIC unique_content_objects=1000000
[2026-08-19T11:27:55] METRIC cache_hit_ratio=0.2512
[2026-08-19T11:27:55] RUN_END status=OK
[2026-08-19T11:28:23] RUN_START run_id=SCALE_O_CCNlite_100000_149
[2026-08-19T11:28:23] PARAM implementation=CCNlite
[2026-08-19T11:28:23] METRIC unique_content_objects=100000
[2026-08-19T11:28:23] METRIC cache_hit_ratio=0.6001
[2026-08-19T11:28:23] RUN_END status=OK
