[2026-08-23T04:53:56] RUN_START run_id=SCALE_O_CCNlite_300000_131
[2026-08-23T04:53:56] PARAM implementation=CCNlite
[2026-08-23T04:53:56] METRIC unique_content_objects=300000
[2026-08-23T04:53:56] METRIC cache_hit_ratio=0.444
[2026-08-23T04:53:56] RUN_END status=OK
[2026-08-23T04:58:16] RUN_START run_id=SCALE_O_CCNlite_300000_132
[2026-08-23T04:58:16] PARAM implementation=CCNlite
[2026-08-23T04:58:16] METRIC unique_content_objects=300000
[2026-08-23T04:58:16] METRIC cache_hit_ratio=0.3824
[2026-08-23T04:58:16] RUN_END status=OK
[2026-08-23T05:01:45] RUN_START run_id=SCALE_O_CCNlite_300000_133
[2026-08-23T05:01:45] PARAM implementation=CCNlite
[2026-08-23T05:01:45] METRIC unique_content_objects=300000
[2026-08-23T05:01:45] METRIC cache_hit_ratio=0.4564
[2026-08-23T05:01:45] RUN_END status=OK
[2026-08-23T05:06:56] RUN_START run_id=SCALE_O_CCNlite_300000_134
[2026-08-23T05:06:56] PARAM implementation=CCNlite
[2026-08-23T05:06:56] METRIC unique_content_objects=300000
[2026-08-23T05:06:56] METRIC cache_hit_ratio=0.4124
[2026-08-23T05:06:56] RUN_END status=OK
[2026-08-23T05:09:33] RUN_START run_id=SCALE_O_CCNlite_300000_135
[2026-08-23T05:09:33] PARAM implementation=CCNlite
[2026-08-23T05:09:33] METRIC unique_content_objects=300000
[2026-08-23T05:09:33] METRIC cache_hit_ratio=0.4137
[2026-08-23T05:09:33] RUN_END status=OK
[2026-08-23T05:13:31] RUN_START run_id=SCALE_O_CCNlite_300000_136
[2026-08-23T05:13:31] PARAM implementation=CCNlite
[2026-08-23T05:13:31] METRIC unique_content_objects=300000
[2026-08-23T05:13:31] METRIC cache_hit_ratio=0.436
[2026-08-23T05:13:31] RUN_END status=OK
[2026-08-23T05:14:59] RUN_START run_id=SCALE_O_CCNlite_300000_137
[2026-08-23T05:14:59] PARAM implementation=CCNlite
[2026-08-23T05:14:59] METRIC unique_content_objects=300000
[2026-08-23T05:14:59] METRIC cache_hit_ratio=0.4175
[2026-08-23T05:14:59] RUN_END status=OK
[2026-08-23T05:16:02] RUN_START run_id=SCALE_O_CCNlite_300000_138
[2026-08-23T05:16:02] PARAM implementation=CCNlite
[2026-08-23T05:16:02] METRIC unique_content_objects=300000
[2026-08-23T05:16:02] METRIC cache_hit_ratio=0.4062
[2026-08-23T05:16:02] RUN_END status=OK
[2026-08-23T05:18:07] RUN_START run_id=SCALE_O_CCNlite_300000_139
[2026-08-23T05:18:07] PARAM implementation=CCNlite
[2026-08-23T05:18:07] METRIC unique_content_objects=300000
[2026-08-23T05:18:07] METRIC cache_hit_ratio=0.4158
[2026-08-23T05:18:07] RUN_END status=OK
[2026-08-23T05:19:55] RUN_START run_id=SCALE_O_CCNlite_300000_140
[2026-08-23T05:19:55] PARAM implementation=CCNlite
[2026-08-23T05:19:55] METRIC unique_content_objects=300000
[2026-08-23T05:19:55] METRIC cache_hit_ratio=0.4121
[2026-08-23T05:19:55] RUN_END status=OK
[2026-08-23T05:21:46] RUN_START run_id=SCALE_O_CCNlite_300000_141
[2026-08-23T05:21:46] PARAM implementation=CCNlite
[2026-08-23T05:21:46] METRIC unique_content_objects=300000
[2026-08-23T05:21:46] METRIC cache_hit_ratio=0.4392
[2026-08-23T05:21:46] RUN_END status=OK
[2026-08-23T05:22:41] RUN_START run_id=SCALE_O_CCNlite_300000_142
[2026-08-23T05:22:41] PARAM implementation=CCNlite
[2026-08-23T05:22:41] METRIC unique_content_objects=300000
[2026-08-23T05:22:41] METRIC cache_hit_ratio=0.4086
[2026-08-23T05:22:41] RUN_END status=OK
[2026-08-23T05:25:07] RUN_START run_id=SCALE_O_CCNlite_300000_143
[2026-08-23T05:25:07] PARAM implementation=CCNlite
[2026-08-23T05:25:07] METRIC unique_content_objects=300000
[2026-08-23T05:25:07] METRIC cache_hit_ratio=0.4326
[2026-08-23T05:25:07] RUN_END status=OK
[2026-08-23T05:27:51] RUN_START run_id=SCALE_O_CCNlite_300000_144
[2026-08-23T05:27:51] PARAM implementation=CCNlite
[2026-08-23T05:27:51] METRIC unique_content_objects=300000
[2026-08-23T05:27:51] METRIC cache_hit_ratio=0.4332
[2026-08-23T05:27:51] RUN_END status=OK
[2026-08-23T05:29:33] RUN_START run_id=SCALE_O_CCNlite_300000_145
[2026-08-23T05:29:33] PARAM implementation=CCNlite
[2026-08-23T05:29:33] METRIC unique_content_objects=300000
[2026-08-23T05:29:33] METRIC cache_hit_ratio=0.4445
[2026-08-23T05:29:33] RUN_END status=OK
[2026-08-23T05:30:40] RUN_START run_id=SCALE_O_CCNlite_300000_146
[2026-08-23T05:30:40] PARAM implementation=CCNlite
[2026-08-23T05:30:40] METRIC unique_content_objects=300000
[2026-08-23T05:30:40] METRIC cache_hit_ratio=0.467
[2026-08-23T05:30:40] RUN_END status=OK
[2026-08-23T05:33:14] RUN_START run_id=SCALE_O_CCNlite_300000_147
[2026-08-23T05:33:14] PARAM implementation=CCNlite
[2026-08-23T05:33:14] METRIC unique_content_objects=300000
[2026-08-23T05:33:14] METRIC cache_hit_ratio=0.4164
[2026-08-23T05:33:14] RUN_END status=OK
[2026-08-23T05:35:55] RUN_START run_id=SCALE_O_CCNlite_300000_148
[2026-08-23T05:35:55] PARAM implementation=CCNlite
[2026-08-23T05:35:55] METRIC unique_content_objects=300000
[2026-08-23T05:35:55] METRIC cache_hit_ratio=0.4226
[2026-08-23T05:35:55] RUN_END status=OK
[2026-08-23T06:45:01] RUN_START run_id=SCALE_O_uDCN_10000_148
[2026-08-23T06:45:01] PARAM implementation=uDCN
[2026-08-23T06:45:01] METRIC unique_content_objects=10000
[2026-08-23T06:45:01] METRIC cache_hit_ratio=0.9004
[2026-08-23T06:45:01] RUN_END status=OK
[2026-08-23T06:46:44] RUN_START run_id=SCALE_O_uDCN_10000_149
[2026-08-23T06:46:44] PARAM implementation=uDCN
[2026-08-23T06:46:44] METRIC unique_content_objects=10000
[2026-08-23T06:46:44] METRIC cache_hit_ratio=0.998
[2026-08-23T06:46:44] RUN_END status=OK
