[2026-08-13T13:08:08] RUN_START run_id=SCALE_O_uDCN_1000_071
[2026-08-13T13:08:08] PARAM implementation=uDCN
[2026-08-13T13:08:08] METRIC unique_content_objects=1000
[2026-08-13T13:08:08] METRIC cache_hit_ratio=0.9109
[2026-08-13T13:08:08] RUN_END status=OK
[2026-08-13T13:10:05] RUN_START run_id=SCALE_O_uDCN_1000_072
[2026-08-13T13:10:05] PARAM implementation=uDCN
[2026-08-13T13:10:05] METRIC unique_content_objects=1000
[2026-08-13T13:10:05] METRIC cache_hit_ratio=0.9058
[2026-08-13T13:10:05] RUN_END status=OK
[2026-08-13T13:12:41] RUN_START run_id=SCALE_O_uDCN_1000_073
[2026-08-13T13:12:41] PARAM implementation=uDCN
[2026-08-13T13:12:41] METRIC unique_content_objects=1000
[2026-08-13T13:12:41] METRIC cache_hit_ratio=0.9361
[2026-08-13T13:12:41] RUN_END status=OK
[2026-08-13T13:13:07] RUN_START run_id=08_scalability_content_DISCARDED_0023
[2026-08-13T13:13:07] RUN_ABORTED reason=cache_warmup_incomplete: content-store did not reach steady-state hit ratio within the 30s warm-up window, run discarded
[2026-08-13T13:13:39] RUN_START run_id=SCALE_O_uDCN_1000_074
[2026-08-13T13:13:39] PARAM implementation=uDCN
[2026-08-13T13:13:39] METRIC unique_content_objects=1000
[2026-08-13T13:13:39] METRIC cache_hit_ratio=1.0
[2026-08-13T13:13:39] RUN_END status=OK
[2026-08-13T13:15:13] RUN_START run_id=SCALE_O_uDCN_1000_075
[2026-08-13T13:15:13] PARAM implementation=uDCN
[2026-08-13T13:15:13] METRIC unique_content_objects=1000
[2026-08-13T13:15:13] METRIC cache_hit_ratio=0.9392
[2026-08-13T13:15:13] RUN_END status=OK
[2026-08-13T13:18:42] RUN_START run_id=SCALE_O_uDCN_1000_076
[2026-08-13T13:18:42] PARAM implementation=uDCN
[2026-08-13T13:18:42] METRIC unique_content_objects=1000
[2026-08-13T13:18:42] METRIC cache_hit_ratio=0.8913
[2026-08-13T13:18:42] RUN_END status=OK
[2026-08-13T14:00:00] RUN_START run_id=SCALE_O_NFD_5000000_001
[2026-08-13T14:00:00] PARAM implementation=NFD
[2026-08-13T14:00:00] METRIC unique_content_objects=5000000
[2026-08-13T14:00:00] METRIC cache_hit_ratio=0.1006
[2026-08-13T14:00:00] RUN_END status=OK
[2026-08-13T14:03:22] RUN_START run_id=SCALE_O_NFD_5000000_002
[2026-08-13T14:03:22] PARAM implementation=NFD
[2026-08-13T14:03:22] METRIC unique_content_objects=5000000
[2026-08-13T14:03:22] METRIC cache_hit_ratio=0.1069
[2026-08-13T14:03:22] RUN_END status=OK
[2026-08-13T14:07:01] RUN_START run_id=SCALE_O_NFD_5000000_003
[2026-08-13T14:07:01] PARAM implementation=NFD
[2026-08-13T14:07:01] METRIC unique_content_objects=5000000
[2026-08-13T14:07:01] METRIC cache_hit_ratio=0.1088
[2026-08-13T14:07:01] RUN_END status=OK
[2026-08-13T14:09:11] RUN_START run_id=SCALE_O_NFD_5000000_004
[2026-08-13T14:09:11] PARAM implementation=NFD
[2026-08-13T14:09:11] METRIC unique_content_objects=5000000
[2026-08-13T14:09:11] METRIC cache_hit_ratio=0.1038
[2026-08-13T14:09:11] RUN_END status=OK
[2026-08-13T14:11:21] RUN_START run_id=SCALE_O_NFD_5000000_005
[2026-08-13T14:11:21] PARAM implementation=NFD
[2026-08-13T14:11:21] METRIC unique_content_objects=5000000
[2026-08-13T14:11:21] METRIC cache_hit_ratio=0.1002
[2026-08-13T14:11:21] RUN_END status=OK
[2026-08-13T14:13:24] RUN_START run_id=SCALE_O_NFD_5000000_006
[2026-08-13T14:13:24] PARAM implementation=NFD
[2026-08-13T14:13:24] METRIC unique_content_objects=5000000
[2026-08-13T14:13:24] METRIC cache_hit_ratio=0.1063
[2026-08-13T14:13:24] RUN_END status=OK
[2026-08-13T14:14:11] RUN_START run_id=SCALE_O_NFD_5000000_007
[2026-08-13T14:14:11] PARAM implementation=NFD
[2026-08-13T14:14:11] METRIC unique_content_objects=5000000
[2026-08-13T14:14:11] METRIC cache_hit_ratio=0.0977
[2026-08-13T14:14:11] RUN_END status=OK
[2026-08-13T14:18:35] RUN_START run_id=SCALE_O_NFD_5000000_008
[2026-08-13T14:18:35] PARAM implementation=NFD
[2026-08-13T14:18:35] METRIC unique_content_objects=5000000
[2026-08-13T14:18:35] METRIC cache_hit_ratio=0.0959
[2026-08-13T14:18:35] RUN_END status=OK
[2026-08-13T14:27:49] RUN_START run_id=SCALE_O_NFD_5000000_009
[2026-08-13T14:27:49] PARAM implementation=NFD
[2026-08-13T14:27:49] METRIC unique_content_objects=5000000
[2026-08-13T14:27:49] METRIC cache_hit_ratio=0.1077
[2026-08-13T14:27:49] RUN_END status=OK
[2026-08-13T14:30:48] RUN_START run_id=SCALE_O_NFD_5000000_010
[2026-08-13T14:30:48] PARAM implementation=NFD
[2026-08-13T14:30:48] METRIC unique_content_objects=5000000
[2026-08-13T14:30:48] METRIC cache_hit_ratio=0.0992
[2026-08-13T14:30:48] RUN_END status=OK
[2026-08-13T14:32:33] RUN_START run_id=SCALE_O_NFD_5000000_011
[2026-08-13T14:32:33] PARAM implementation=NFD
[2026-08-13T14:32:33] METRIC unique_content_objects=5000000
[2026-08-13T14:32:33] METRIC cache_hit_ratio=0.0981
[2026-08-13T14:32:33] RUN_END status=OK
[2026-08-13T14:34:13] RUN_START run_id=SCALE_O_NFD_5000000_012
[2026-08-13T14:34:13] PARAM implementation=NFD
[2026-08-13T14:34:13] METRIC unique_content_objects=5000000
[2026-08-13T14:34:13] METRIC cache_hit_ratio=0.0966
[2026-08-13T14:34:13] RUN_END status=OK
[2026-08-13T14:35:10] RUN_START run_id=SCALE_O_NFD_5000000_013
[2026-08-13T14:35:10] PARAM implementation=NFD
[2026-08-13T14:35:10] METRIC unique_content_objects=5000000
[2026-08-13T14:35:10] METRIC cache_hit_ratio=0.1005
[2026-08-13T14:35:10] RUN_END status=OK
