[2026-08-19T08:05:47] RUN_START run_id=SCALE_O_NFD_300000_003
[2026-08-19T08:05:47] PARAM implementation=NFD
[2026-08-19T08:05:47] METRIC unique_content_objects=300000
[2026-08-19T08:05:47] METRIC cache_hit_ratio=0.4406
[2026-08-19T08:05:47] RUN_END status=OK
[2026-08-19T08:07:47] RUN_START run_id=SCALE_O_NFD_300000_004
[2026-08-19T08:07:47] PARAM implementation=NFD
[2026-08-19T08:07:47] METRIC unique_content_objects=300000
[2026-08-19T08:07:47] METRIC cache_hit_ratio=0.4196
[2026-08-19T08:07:47] RUN_END status=OK
[2026-08-19T08:08:59] RUN_START run_id=SCALE_O_NFD_300000_005
[2026-08-19T08:08:59] PARAM implementation=NFD
[2026-08-19T08:08:59] METRIC unique_content_objects=300000
[2026-08-19T08:08:59] METRIC cache_hit_ratio=0.464
[2026-08-19T08:08:59] RUN_END status=OK
[2026-08-19T08:12:42] RUN_START run_id=SCALE_O_NFD_300000_006
[2026-08-19T08:12:42] PARAM implementation=NFD
[2026-08-19T08:12:42] METRIC unique_content_objects=300000
[2026-08-19T08:12:42] METRIC cache_hit_ratio=0.4377
[2026-08-19T08:12:42] RUN_END status=OK
[2026-08-19T08:16:22] RUN_START run_id=SCALE_O_NFD_300000_007
[2026-08-19T08:16:22] PARAM implementation=NFD
[2026-08-19T08:16:22] METRIC unique_content_objects=300000
[2026-08-19T08:16:22] METRIC cache_hit_ratio=0.4448
[2026-08-19T08:16:22] RUN_END status=OK
[2026-08-19T08:18:33] RUN_START run_id=SCALE_O_NFD_300000_008
[2026-08-19T08:18:33] PARAM implementation=NFD
[2026-08-19T08:18:33] METRIC unique_content_objects=300000
[2026-08-19T08:18:33] METRIC cache_hit_ratio=0.4444
[2026-08-19T08:18:33] RUN_END status=OK
[2026-08-19T08:20:38] RUN_START run_id=SCALE_O_NFD_300000_009
[2026-08-19T08:20:38] PARAM implementation=NFD
[2026-08-19T08:20:38] METRIC unique_content_objects=300000
[2026-08-19T08:20:38] METRIC cache_hit_ratio=0.4436
[2026-08-19T08:20:38] RUN_END status=OK
[2026-08-19T08:21:55] RUN_START run_id=08_scalability_content_DISCARDED_0130
[2026-08-19T08:21:55] RUN_ABORTED reason=cache_warmup_incomplete: content-store did not reach steady-state hit ratio within the 30s warm-up window, run discarded
[2026-08-19T08:23:01] RUN_START run_id=SCALE_O_NFD_300000_010
[2026-08-19T08:23:01] PARAM implementation=NFD
[2026-08-19T08:23:01] METRIC unique_content_objects=300000
[2026-08-19T08:23:01] METRIC cache_hit_ratio=0.4294
[2026-08-19T08:23:01] RUN_END status=OK
[2026-08-19T08:23:47] RUN_START run_id=SCALE_O_NFD_300000_011
[2026-08-19T08:23:47] PARAM implementation=NFD
[2026-08-19T08:23:47] METRIC unique_content_objects=300000
[2026-08-19T08:23:47] METRIC cache_hit_ratio=0.4424
[2026-08-19T08:23:47] RUN_END status=OK
[2026-08-19T08:25:09] RUN_START run_id=SCALE_O_NFD_300000_012
[2026-08-19T08:25:09] PARAM implementation=NFD
[2026-08-19T08:25:09] METRIC unique_content_objects=300000
[2026-08-19T08:25:09] METRIC cache_hit_ratio=0.4541
[2026-08-19T08:25:09] RUN_END status=OK
[2026-08-19T08:28:47] RUN_START run_id=SCALE_O_NFD_300000_013
[2026-08-19T08:28:47] PARAM implementation=NFD
[2026-08-19T08:28:47] METRIC unique_content_objects=300000
[2026-08-19T08:28:47] METRIC cache_hit_ratio=0.4243
[2026-08-19T08:28:47] RUN_END status=OK
[2026-08-19T08:31:50] RUN_START run_id=SCALE_O_NFD_300000_014
[2026-08-19T08:31:50] PARAM implementation=NFD
[2026-08-19T08:31:50] METRIC unique_content_objects=300000
[2026-08-19T08:31:50] METRIC cache_hit_ratio=0.4342
[2026-08-19T08:31:50] RUN_END status=OK
[2026-08-19T08:35:43] RUN_START run_id=SCALE_O_NFD_300000_015
[2026-08-19T08:35:43] PARAM implementation=NFD
[2026-08-19T08:35:43] METRIC unique_content_objects=300000
[2026-08-19T08:35:43] METRIC cache_hit_ratio=0.4492
[2026-08-19T08:35:43] RUN_END status=OK
[2026-08-19T10:00:00] RUN_START run_id=SCALE_O_NFD_10000_001
[2026-08-19T10:00:00] PARAM implementation=NFD
[2026-08-19T10:00:00] METRIC unique_content_objects=10000
[2026-08-19T10:00:00] METRIC cache_hit_ratio=0.7639
[2026-08-19T10:00:00] RUN_END status=OK
