[2026-08-23T06:52:08] RUN_START run_id=SCALE_O_uDCN_10000_150
[2026-08-23T06:52:08] PARAM implementation=uDCN
[2026-08-23T06:52:08] METRIC unique_content_objects=10000
[2026-08-23T06:52:08] METRIC cache_hit_ratio=0.9063
[2026-08-23T06:52:08] RUN_END status=OK
[2026-08-23T07:00:00] RUN_START run_id=SCALE_O_PythonNDN_100000_001
[2026-08-23T07:00:00] PARAM implementation=PythonNDN
[2026-08-23T07:00:00] METRIC unique_content_objects=100000
[2026-08-23T07:00:00] METRIC cache_hit_ratio=0.4806
[2026-08-23T07:00:00] RUN_END status=OK
[2026-08-23T07:02:46] RUN_START run_id=SCALE_O_PythonNDN_100000_002
[2026-08-23T07:02:46] PARAM implementation=PythonNDN
[2026-08-23T07:02:46] METRIC unique_content_objects=100000
[2026-08-23T07:02:46] METRIC cache_hit_ratio=0.5349
[2026-08-23T07:02:46] RUN_END status=OK
[2026-08-23T07:04:34] RUN_START run_id=SCALE_O_PythonNDN_100000_003
[2026-08-23T07:04:34] PARAM implementation=PythonNDN
[2026-08-23T07:04:34] METRIC unique_content_objects=100000
[2026-08-23T07:04:34] METRIC cache_hit_ratio=0.5028
[2026-08-23T07:04:34] RUN_END status=OK
[2026-08-23T07:08:13] RUN_START run_id=SCALE_O_PythonNDN_100000_004
[2026-08-23T07:08:13] PARAM implementation=PythonNDN
[2026-08-23T07:08:13] METRIC unique_content_objects=100000
[2026-08-23T07:08:13] METRIC cache_hit_ratio=0.4758
[2026-08-23T07:08:13] RUN_END status=OK
[2026-08-23T07:12:44] RUN_START run_id=SCALE_O_PythonNDN_100000_005
[2026-08-23T07:12:44] PARAM implementation=PythonNDN
[2026-08-23T07:12:44] METRIC unique_content_objects=100000
[2026-08-23T07:12:44] METRIC cache_hit_ratio=0.5161
[2026-08-23T07:12:44] RUN_END status=OK
[2026-08-23T07:15:41] RUN_START run_id=SCALE_O_PythonNDN_100000_006
[2026-08-23T07:15:41] PARAM implementation=PythonNDN
[2026-08-23T07:15:41] METRIC unique_content_objects=100000
[2026-08-23T07:15:41] METRIC cache_hit_ratio=0.5263
[2026-08-23T07:15:41] RUN_END status=OK
[2026-08-23T07:16:41] RUN_START run_id=SCALE_O_PythonNDN_100000_007
[2026-08-23T07:16:41] PARAM implementation=PythonNDN
[2026-08-23T07:16:41] METRIC unique_content_objects=100000
[2026-08-23T07:16:41] METRIC cache_hit_ratio=0.5076
[2026-08-23T07:16:41] RUN_END status=OK
[2026-08-23T07:18:18] RUN_START run_id=SCALE_O_PythonNDN_100000_008
[2026-08-23T07:18:18] PARAM implementation=PythonNDN
[2026-08-23T07:18:18] METRIC unique_content_objects=100000
[2026-08-23T07:18:18] METRIC cache_hit_ratio=0.5072
[2026-08-23T07:18:18] RUN_END status=OK
[2026-08-23T07:19:59] RUN_START run_id=SCALE_O_PythonNDN_100000_009
[2026-08-23T07:19:59] PARAM implementation=PythonNDN
[2026-08-23T07:19:59] METRIC unique_content_objects=100000
[2026-08-23T07:19:59] METRIC cache_hit_ratio=0.5115
[2026-08-23T07:19:59] RUN_END status=OK
[2026-08-23T07:22:09] RUN_START run_id=SCALE_O_PythonNDN_100000_010
[2026-08-23T07:22:09] PARAM implementation=PythonNDN
[2026-08-23T07:22:09] METRIC unique_content_objects=100000
[2026-08-23T07:22:09] METRIC cache_hit_ratio=0.5043
[2026-08-23T07:22:09] RUN_END status=OK
[2026-08-23T07:23:55] RUN_START run_id=SCALE_O_PythonNDN_100000_011
[2026-08-23T07:23:55] PARAM implementation=PythonNDN
[2026-08-23T07:23:55] METRIC unique_content_objects=100000
[2026-08-23T07:23:55] METRIC cache_hit_ratio=0.5018
[2026-08-23T07:23:55] RUN_END status=OK
[2026-08-23T07:24:34] RUN_START run_id=SCALE_O_PythonNDN_100000_012
[2026-08-23T07:24:34] PARAM implementation=PythonNDN
[2026-08-23T07:24:34] METRIC unique_content_objects=100000
[2026-08-23T07:24:34] METRIC cache_hit_ratio=0.5083
[2026-08-23T07:24:34] RUN_END status=OK
[2026-08-23T07:29:18] RUN_START run_id=SCALE_O_PythonNDN_100000_013
[2026-08-23T07:29:18] PARAM implementation=PythonNDN
[2026-08-23T07:29:18] METRIC unique_content_objects=100000
[2026-08-23T07:29:18] METRIC cache_hit_ratio=0.495
[2026-08-23T07:29:18] RUN_END status=OK
[2026-08-23T07:30:37] RUN_START run_id=SCALE_O_PythonNDN_100000_014
[2026-08-23T07:30:37] PARAM implementation=PythonNDN
[2026-08-23T07:30:37] METRIC unique_content_objects=100000
[2026-08-23T07:30:37] METRIC cache_hit_ratio=0.5049
[2026-08-23T07:30:37] RUN_END status=OK
[2026-08-23T07:32:35] RUN_START run_id=SCALE_O_PythonNDN_100000_015
[2026-08-23T07:32:35] PARAM implementation=PythonNDN
[2026-08-23T07:32:35] METRIC unique_content_objects=100000
[2026-08-23T07:32:35] METRIC cache_hit_ratio=0.5055
[2026-08-23T07:32:35] RUN_END status=OK
