[2026-08-24T09:05:15] RUN_START run_id=SCALE_O_PythonNDN_100000_053
[2026-08-24T09:05:15] PARAM implementation=PythonNDN
[2026-08-24T09:05:15] METRIC unique_content_objects=100000
[2026-08-24T09:05:15] METRIC cache_hit_ratio=0.524
[2026-08-24T09:05:15] RUN_END status=OK
[2026-08-24T09:07:32] RUN_START run_id=SCALE_O_PythonNDN_100000_054
[2026-08-24T09:07:32] PARAM implementation=PythonNDN
[2026-08-24T09:07:32] METRIC unique_content_objects=100000
[2026-08-24T09:07:32] METRIC cache_hit_ratio=0.5503
[2026-08-24T09:07:32] RUN_END status=OK
[2026-08-24T09:09:25] RUN_START run_id=SCALE_O_PythonNDN_100000_055
[2026-08-24T09:09:25] PARAM implementation=PythonNDN
[2026-08-24T09:09:25] METRIC unique_content_objects=100000
[2026-08-24T09:09:25] METRIC cache_hit_ratio=0.5293
[2026-08-24T09:09:25] RUN_END status=OK
[2026-08-24T09:10:50] RUN_START run_id=SCALE_O_PythonNDN_100000_056
[2026-08-24T09:10:50] PARAM implementation=PythonNDN
[2026-08-24T09:10:50] METRIC unique_content_objects=100000
[2026-08-24T09:10:50] METRIC cache_hit_ratio=0.5134
[2026-08-24T09:10:50] RUN_END status=OK
[2026-08-24T09:12:20] RUN_START run_id=SCALE_O_PythonNDN_100000_057
[2026-08-24T09:12:20] PARAM implementation=PythonNDN
[2026-08-24T09:12:20] METRIC unique_content_objects=100000
[2026-08-24T09:12:20] METRIC cache_hit_ratio=0.5487
[2026-08-24T09:12:20] RUN_END status=OK
[2026-08-24T09:13:46] RUN_START run_id=SCALE_O_PythonNDN_100000_058
[2026-08-24T09:13:46] PARAM implementation=PythonNDN
[2026-08-24T09:13:46] METRIC unique_content_objects=100000
[2026-08-24T09:13:46] METRIC cache_hit_ratio=0.5554
[2026-08-24T09:13:46] RUN_END status=OK
[2026-08-24T09:17:52] RUN_START run_id=SCALE_O_PythonNDN_100000_059
[2026-08-24T09:17:52] PARAM implementation=PythonNDN
[2026-08-24T09:17:52] METRIC unique_content_objects=100000
[2026-08-24T09:17:52] METRIC cache_hit_ratio=0.5768
[2026-08-24T09:17:52] RUN_END status=OK
[2026-08-24T09:19:25] RUN_START run_id=SCALE_O_PythonNDN_100000_060
[2026-08-24T09:19:25] PARAM implementation=PythonNDN
[2026-08-24T09:19:25] METRIC unique_content_objects=100000
[2026-08-24T09:19:25] METRIC cache_hit_ratio=0.4657
[2026-08-24T09:19:25] RUN_END status=OK
[2026-08-24T09:22:23] RUN_START run_id=SCALE_O_PythonNDN_100000_061
[2026-08-24T09:22:23] PARAM implementation=PythonNDN
[2026-08-24T09:22:23] METRIC unique_content_objects=100000
[2026-08-24T09:22:23] METRIC cache_hit_ratio=0.4882
[2026-08-24T09:22:23] RUN_END status=OK
[2026-08-24T09:25:48] RUN_START run_id=SCALE_O_PythonNDN_100000_062
[2026-08-24T09:25:48] PARAM implementation=PythonNDN
[2026-08-24T09:25:48] METRIC unique_content_objects=100000
[2026-08-24T09:25:48] METRIC cache_hit_ratio=0.5012
[2026-08-24T09:25:48] RUN_END status=OK
[2026-08-24T09:27:44] RUN_START run_id=SCALE_O_PythonNDN_100000_063
[2026-08-24T09:27:44] PARAM implementation=PythonNDN
[2026-08-24T09:27:44] METRIC unique_content_objects=100000
[2026-08-24T09:27:44] METRIC cache_hit_ratio=0.5211
[2026-08-24T09:27:44] RUN_END status=OK
[2026-08-24T09:28:51] RUN_START run_id=SCALE_O_PythonNDN_100000_064
[2026-08-24T09:28:51] PARAM implementation=PythonNDN
[2026-08-24T09:28:51] METRIC unique_content_objects=100000
[2026-08-24T09:28:51] METRIC cache_hit_ratio=0.4715
[2026-08-24T09:28:51] RUN_END status=OK
[2026-08-24T09:30:27] RUN_START run_id=SCALE_O_PythonNDN_100000_065
[2026-08-24T09:30:27] PARAM implementation=PythonNDN
[2026-08-24T09:30:27] METRIC unique_content_objects=100000
[2026-08-24T09:30:27] METRIC cache_hit_ratio=0.4933
[2026-08-24T09:30:27] RUN_END status=OK
