[2026-08-21T15:51:35] RUN_START run_id=SCALE_O_NFD_10000_076
[2026-08-21T15:51:35] PARAM implementation=NFD
[2026-08-21T15:51:35] METRIC unique_content_objects=10000
[2026-08-21T15:51:35] METRIC cache_hit_ratio=0.7442
[2026-08-21T15:51:35] RUN_END status=OK
[2026-08-21T15:52:18] RUN_START run_id=SCALE_O_CCNlite_300000_050
[2026-08-21T15:52:18] PARAM implementation=CCNlite
[2026-08-21T15:52:18] METRIC unique_content_objects=300000
[2026-08-21T15:52:18] METRIC cache_hit_ratio=0.4454
[2026-08-21T15:52:18] RUN_END status=OK
[2026-08-21T15:53:12] RUN_START run_id=SCALE_O_NFD_10000_077
[2026-08-21T15:53:12] PARAM implementation=NFD
[2026-08-21T15:53:12] METRIC unique_content_objects=10000
[2026-08-21T15:53:12] METRIC cache_hit_ratio=0.7911
[2026-08-21T15:53:12] RUN_END status=OK
[2026-08-21T15:54:30] RUN_START run_id=SCALE_O_NFD_10000_078
[2026-08-21T15:54:30] PARAM implementation=NFD
[2026-08-21T15:54:30] METRIC unique_content_objects=10000
[2026-08-21T15:54:30] METRIC cache_hit_ratio=0.8238
[2026-08-21T15:54:30] RUN_END status=OK
[2026-08-21T15:55:17] RUN_START run_id=SCALE_O_CCNlite_300000_051
[2026-08-21T15:55:17] PARAM implementation=CCNlite
[2026-08-21T15:55:17] METRIC unique_content_objects=300000
[2026-08-21T15:55:17] METRIC cache_hit_ratio=0.4324
[2026-08-21T15:55:17] RUN_END status=OK
[2026-08-21T15:55:34] RUN_START run_id=SCALE_O_NFD_10000_079
[2026-08-21T15:55:34] PARAM implementation=NFD
[2026-08-21T15:55:34] METRIC unique_content_objects=10000
[2026-08-21T15:55:34] METRIC cache_hit_ratio=0.7654
[2026-08-21T15:55:34] RUN_END status=OK
[2026-08-21T15:56:32] RUN_START run_id=SCALE_O_NFD_10000_080
[2026-08-21T15:56:32] PARAM implementation=NFD
[2026-08-21T15:56:32] METRIC unique_content_objects=10000
[2026-08-21T15:56:32] METRIC cache_hit_ratio=0.8232
[2026-08-21T15:56:32] RUN_END status=OK
[2026-08-21T15:57:01] RUN_START run_id=SCALE_O_NFD_10000_081
[2026-08-21T15:57:01] PARAM implementation=NFD
[2026-08-21T15:57:01] METRIC unique_content_objects=10000
[2026-08-21T15:57:01] METRIC cache_hit_ratio=0.8153
[2026-08-21T15:57:01] RUN_END status=OK
[2026-08-21T15:58:27] RUN_START run_id=SCALE_O_CCNlite_300000_052
[2026-08-21T15:58:27] PARAM implementation=CCNlite
[2026-08-21T15:58:27] METRIC unique_content_objects=300000
[2026-08-21T15:58:27] METRIC cache_hit_ratio=0.4133
[2026-08-21T15:58:27] RUN_END status=OK
[2026-08-21T15:58:54] RUN_START run_id=SCALE_O_CCNlite_300000_053
[2026-08-21T15:58:54] PARAM implementation=CCNlite
[2026-08-21T15:58:54] METRIC unique_content_objects=300000
[2026-08-21T15:58:54] METRIC cache_hit_ratio=0.4352
[2026-08-21T15:58:54] RUN_END status=OK
[2026-08-21T16:00:14] RUN_START run_id=SCALE_O_uDCN_100000_130
[2026-08-21T16:00:14] PARAM implementation=uDCN
[2026-08-21T16:00:14] METRIC unique_content_objects=100000
[2026-08-21T16:00:14] METRIC cache_hit_ratio=0.8465
[2026-08-21T16:00:14] RUN_END status=OK
