[2026-08-23T21:57:24] RUN_START run_id=SCALE_O_NFD_300000_104
[2026-08-23T21:57:24] PARAM implementation=NFD
[2026-08-23T21:57:24] METRIC unique_content_objects=300000
[2026-08-23T21:57:24] METRIC cache_hit_ratio=0.4705
[2026-08-23T21:57:24] RUN_END status=OK
[2026-08-23T22:01:32] RUN_START run_id=SCALE_O_NFD_300000_105
[2026-08-23T22:01:32] PARAM implementation=NFD
[2026-08-23T22:01:32] METRIC unique_content_objects=300000
[2026-08-23T22:01:32] METRIC cache_hit_ratio=0.4652
[2026-08-23T22:01:32] RUN_END status=OK
[2026-08-23T22:03:09] RUN_START run_id=SCALE_O_NFD_300000_106
[2026-08-23T22:03:09] PARAM implementation=NFD
[2026-08-23T22:03:09] METRIC unique_content_objects=300000
[2026-08-23T22:03:09] METRIC cache_hit_ratio=0.4635
[2026-08-23T22:03:09] RUN_END status=OK
[2026-08-23T22:05:01] RUN_START run_id=SCALE_O_NFD_300000_107
[2026-08-23T22:05:01] PARAM implementation=NFD
[2026-08-23T22:05:01] METRIC unique_content_objects=300000
[2026-08-23T22:05:01] METRIC cache_hit_ratio=0.4337
[2026-08-23T22:05:01] RUN_END status=OK
[2026-08-23T22:06:40] RUN_START run_id=SCALE_O_NFD_300000_108
[2026-08-23T22:06:40] PARAM implementation=NFD
[2026-08-23T22:06:40] METRIC unique_content_objects=300000
[2026-08-23T22:06:40] METRIC cache_hit_ratio=0.4305
[2026-08-23T22:06:40] RUN_END status=OK
[2026-08-23T22:08:06] RUN_START run_id=08_scalability_content_DISCARDED_0200
[2026-08-23T22:08:06] RUN_ABORTED reason=cache_warmup_incomplete: content-store did not reach steady-state hit ratio within the 30s warm-up window, run discarded
[2026-08-23T22:09:18] RUN_START run_id=SCALE_O_NFD_300000_109
[2026-08-23T22:09:18] PARAM implementation=NFD
[2026-08-23T22:09:18] METRIC unique_content_objects=300000
[2026-08-23T22:09:18] METRIC cache_hit_ratio=0.4623
[2026-08-23T22:09:18] RUN_END status=OK
[2026-08-23T22:14:39] RUN_START run_id=SCALE_O_NFD_300000_110
[2026-08-23T22:14:39] PARAM implementation=NFD
[2026-08-23T22:14:39] METRIC unique_content_objects=300000
[2026-08-23T22:14:39] METRIC cache_hit_ratio=0.425
[2026-08-23T22:14:39] RUN_END status=OK
[2026-08-23T22:17:27] RUN_START run_id=SCALE_O_NFD_300000_111
[2026-08-23T22:17:27] PARAM implementation=NFD
[2026-08-23T22:17:27] METRIC unique_content_objects=300000
[2026-08-23T22:17:27] METRIC cache_hit_ratio=0.4579
[2026-08-23T22:17:27] RUN_END status=OK
[2026-08-24T00:31:43] RUN_START run_id=SCALE_O_CCNlite_5000000_145
[2026-08-24T00:31:43] PARAM implementation=CCNlite
[2026-08-24T00:31:43] METRIC unique_content_objects=5000000
[2026-08-24T00:31:43] METRIC cache_hit_ratio=0.104
[2026-08-24T00:31:43] RUN_END status=OK
[2026-08-24T00:33:45] RUN_START run_id=SCALE_O_CCNlite_5000000_146
[2026-08-24T00:33:45] PARAM implementation=CCNlite
[2026-08-24T00:33:45] METRIC unique_content_objects=5000000
[2026-08-24T00:33:45] METRIC cache_hit_ratio=0.1069
[2026-08-24T00:33:45] RUN_END status=OK
[2026-08-24T00:38:10] RUN_START run_id=SCALE_O_CCNlite_5000000_147
[2026-08-24T00:38:10] PARAM implementation=CCNlite
[2026-08-24T00:38:10] METRIC unique_content_objects=5000000
[2026-08-24T00:38:10] METRIC cache_hit_ratio=0.1133
[2026-08-24T00:38:10] RUN_END status=OK
[2026-08-24T00:41:56] RUN_START run_id=SCALE_O_CCNlite_5000000_148
[2026-08-24T00:41:56] PARAM implementation=CCNlite
[2026-08-24T00:41:56] METRIC unique_content_objects=5000000
[2026-08-24T00:41:56] METRIC cache_hit_ratio=0.1062
[2026-08-24T00:41:56] RUN_END status=OK
