[2026-08-25T11:39:15] RUN_START run_id=SCALE_O_PythonNDN_100000_103
[2026-08-25T11:39:15] PARAM implementation=PythonNDN
[2026-08-25T11:39:15] METRIC unique_content_objects=100000
[2026-08-25T11:39:15] METRIC cache_hit_ratio=0.5096
[2026-08-25T11:39:15] RUN_END status=OK
[2026-08-25T11:41:40] RUN_START run_id=SCALE_O_PythonNDN_100000_104
[2026-08-25T11:41:40] PARAM implementation=PythonNDN
[2026-08-25T11:41:40] METRIC unique_content_objects=100000
[2026-08-25T11:41:40] METRIC cache_hit_ratio=0.4981
[2026-08-25T11:41:40] RUN_END status=OK
[2026-08-25T11:44:44] RUN_START run_id=SCALE_O_PythonNDN_100000_105
[2026-08-25T11:44:44] PARAM implementation=PythonNDN
[2026-08-25T11:44:44] METRIC unique_content_objects=100000
[2026-08-25T11:44:44] METRIC cache_hit_ratio=0.5446
[2026-08-25T11:44:44] RUN_END status=OK
[2026-08-25T11:48:02] RUN_START run_id=SCALE_O_PythonNDN_100000_106
[2026-08-25T11:48:02] PARAM implementation=PythonNDN
[2026-08-25T11:48:02] METRIC unique_content_objects=100000
[2026-08-25T11:48:02] METRIC cache_hit_ratio=0.5018
[2026-08-25T11:48:02] RUN_END status=OK
[2026-08-25T11:50:25] RUN_START run_id=SCALE_O_PythonNDN_100000_107
[2026-08-25T11:50:25] PARAM implementation=PythonNDN
[2026-08-25T11:50:25] METRIC unique_content_objects=100000
[2026-08-25T11:50:25] METRIC cache_hit_ratio=0.4407
[2026-08-25T11:50:25] RUN_END status=OK
[2026-08-25T11:54:31] RUN_START run_id=SCALE_O_PythonNDN_100000_108
[2026-08-25T11:54:31] PARAM implementation=PythonNDN
[2026-08-25T11:54:31] METRIC unique_content_objects=100000
[2026-08-25T11:54:31] METRIC cache_hit_ratio=0.4778
[2026-08-25T11:54:31] RUN_END status=OK
[2026-08-25T11:57:48] RUN_START run_id=SCALE_O_PythonNDN_100000_109
[2026-08-25T11:57:48] PARAM implementation=PythonNDN
[2026-08-25T11:57:48] METRIC unique_content_objects=100000
[2026-08-25T11:57:48] METRIC cache_hit_ratio=0.457
[2026-08-25T11:57:48] RUN_END status=OK
[2026-08-25T12:00:00] RUN_START run_id=SCALE_O_CCNlite_10000_001
[2026-08-25T12:00:00] PARAM implementation=CCNlite
[2026-08-25T12:00:00] METRIC unique_content_objects=10000
[2026-08-25T12:00:00] METRIC cache_hit_ratio=0.84
[2026-08-25T12:00:00] RUN_END status=OK
[2026-08-25T12:02:32] RUN_START run_id=SCALE_O_CCNlite_10000_002
[2026-08-25T12:02:32] PARAM implementation=CCNlite
[2026-08-25T12:02:32] METRIC unique_content_objects=10000
[2026-08-25T12:02:32] METRIC cache_hit_ratio=0.8228
[2026-08-25T12:02:32] RUN_END status=OK
[2026-08-25T12:02:47] RUN_START run_id=SCALE_O_PythonNDN_100000_110
[2026-08-25T12:02:47] PARAM implementation=PythonNDN
[2026-08-25T12:02:47] METRIC unique_content_objects=100000
[2026-08-25T12:02:47] METRIC cache_hit_ratio=0.5361
[2026-08-25T12:02:47] RUN_END status=OK
[2026-08-25T12:06:37] RUN_START run_id=SCALE_O_PythonNDN_100000_111
[2026-08-25T12:06:37] PARAM implementation=PythonNDN
[2026-08-25T12:06:37] METRIC unique_content_objects=100000
[2026-08-25T12:06:37] METRIC cache_hit_ratio=0.49
[2026-08-25T12:06:37] RUN_END status=OK
[2026-08-25T12:07:04] RUN_START run_id=SCALE_O_PythonNDN_100000_112
[2026-08-25T12:07:04] PARAM implementation=PythonNDN
[2026-08-25T12:07:04] METRIC unique_content_objects=100000
[2026-08-25T12:07:04] METRIC cache_hit_ratio=0.4746
[2026-08-25T12:07:04] RUN_END status=OK
[2026-08-25T12:08:29] RUN_START run_id=SCALE_O_CCNlite_10000_003
[2026-08-25T12:08:29] PARAM implementation=CCNlite
[2026-08-25T12:08:29] METRIC unique_content_objects=10000
[2026-08-25T12:08:29] METRIC cache_hit_ratio=0.8482
[2026-08-25T12:08:29] RUN_END status=OK
