[2026-08-18T02:33:24] RUN_START run_id=SCALE_O_uDCN_10000_057
[2026-08-18T02:33:24] PARAM implementation=uDCN
[2026-08-18T02:33:24] METRIC unique_content_objects=10000
[2026-08-18T02:33:24] METRIC cache_hit_ratio=0.8494
[2026-08-18T02:33:24] RUN_END status=OK
[2026-08-18T02:36:06] RUN_START run_id=SCALE_O_uDCN_10000_058
[2026-08-18T02:36:06] PARAM implementation=uDCN
[2026-08-18T02:36:06] METRIC unique_content_objects=10000
[2026-08-18T02:36:06] METRIC cache_hit_ratio=0.8282
[2026-08-18T02:36:06] RUN_END status=OK
[2026-08-18T02:38:10] RUN_START run_id=SCALE_O_uDCN_10000_059
[2026-08-18T02:38:10] PARAM implementation=uDCN
[2026-08-18T02:38:10] METRIC unique_content_objects=10000
[2026-08-18T02:38:10] METRIC cache_hit_ratio=0.8715
[2026-08-18T02:38:10] RUN_END status=OK
[2026-08-18T02:41:19] RUN_START run_id=SCALE_O_uDCN_10000_060
[2026-08-18T02:41:19] PARAM implementation=uDCN
[2026-08-18T02:41:19] METRIC unique_content_objects=10000
[2026-08-18T02:41:19] METRIC cache_hit_ratio=0.9084
[2026-08-18T02:41:19] RUN_END status=OK
[2026-08-18T02:43:34] RUN_START run_id=SCALE_O_uDCN_10000_061
[2026-08-18T02:43:34] PARAM implementation=uDCN
[2026-08-18T02:43:34] METRIC unique_content_objects=10000
[2026-08-18T02:43:34] METRIC cache_hit_ratio=0.9099
[2026-08-18T02:43:34] RUN_END status=OK
[2026-08-18T02:46:53] RUN_START run_id=SCALE_O_uDCN_10000_062
[2026-08-18T02:46:53] PARAM implementation=uDCN
[2026-08-18T02:46:53] METRIC unique_content_objects=10000
[2026-08-18T02:46:53] METRIC cache_hit_ratio=0.8698
[2026-08-18T02:46:53] RUN_END status=OK
[2026-08-18T02:48:33] RUN_START run_id=SCALE_O_uDCN_10000_063
[2026-08-18T02:48:33] PARAM implementation=uDCN
[2026-08-18T02:48:33] METRIC unique_content_objects=10000
[2026-08-18T02:48:33] METRIC cache_hit_ratio=0.8822
[2026-08-18T02:48:33] RUN_END status=OK
[2026-08-18T02:50:32] RUN_START run_id=SCALE_O_uDCN_10000_064
[2026-08-18T02:50:32] PARAM implementation=uDCN
[2026-08-18T02:50:32] METRIC unique_content_objects=10000
[2026-08-18T02:50:32] METRIC cache_hit_ratio=0.8578
[2026-08-18T02:50:32] RUN_END status=OK
[2026-08-18T02:51:49] RUN_START run_id=SCALE_O_uDCN_10000_065
[2026-08-18T02:51:49] PARAM implementation=uDCN
[2026-08-18T02:51:49] METRIC unique_content_objects=10000
[2026-08-18T02:51:49] METRIC cache_hit_ratio=0.9028
[2026-08-18T02:51:49] RUN_END status=OK
[2026-08-18T02:54:40] RUN_START run_id=SCALE_O_uDCN_10000_066
[2026-08-18T02:54:40] PARAM implementation=uDCN
[2026-08-18T02:54:40] METRIC unique_content_objects=10000
[2026-08-18T02:54:40] METRIC cache_hit_ratio=0.9122
[2026-08-18T02:54:40] RUN_END status=OK
[2026-08-18T02:55:25] RUN_START run_id=SCALE_O_uDCN_10000_067
[2026-08-18T02:55:25] PARAM implementation=uDCN
[2026-08-18T02:55:25] METRIC unique_content_objects=10000
[2026-08-18T02:55:25] METRIC cache_hit_ratio=0.9309
[2026-08-18T02:55:25] RUN_END status=OK
[2026-08-18T02:57:59] RUN_START run_id=SCALE_O_uDCN_10000_068
[2026-08-18T02:57:59] PARAM implementation=uDCN
[2026-08-18T02:57:59] METRIC unique_content_objects=10000
[2026-08-18T02:57:59] METRIC cache_hit_ratio=0.9007
[2026-08-18T02:57:59] RUN_END status=OK
[2026-08-18T03:00:08] RUN_START run_id=SCALE_O_uDCN_10000_069
[2026-08-18T03:00:08] PARAM implementation=uDCN
[2026-08-18T03:00:08] METRIC unique_content_objects=10000
[2026-08-18T03:00:08] METRIC cache_hit_ratio=0.8653
[2026-08-18T03:00:08] RUN_END status=OK
