[2026-08-17T08:32:31] RUN_START run_id=SCALE_O_CCNlite_100000_097
[2026-08-17T08:32:31] PARAM implementation=CCNlite
[2026-08-17T08:32:31] METRIC unique_content_objects=100000
[2026-08-17T08:32:31] METRIC cache_hit_ratio=0.6487
[2026-08-17T08:32:31] RUN_END status=OK
[2026-08-17T08:34:28] RUN_START run_id=SCALE_O_CCNlite_100000_098
[2026-08-17T08:34:28] PARAM implementation=CCNlite
[2026-08-17T08:34:28] METRIC unique_content_objects=100000
[2026-08-17T08:34:28] METRIC cache_hit_ratio=0.6548
[2026-08-17T08:34:28] RUN_END status=OK
[2026-08-17T08:36:17] RUN_START run_id=SCALE_O_CCNlite_100000_099
[2026-08-17T08:36:17] PARAM implementation=CCNlite
[2026-08-17T08:36:17] METRIC unique_content_objects=100000
[2026-08-17T08:36:17] METRIC cache_hit_ratio=0.7046
[2026-08-17T08:36:17] RUN_END status=OK
[2026-08-17T08:37:48] RUN_START run_id=SCALE_O_CCNlite_100000_100
[2026-08-17T08:37:48] PARAM implementation=CCNlite
[2026-08-17T08:37:48] METRIC unique_content_objects=100000
[2026-08-17T08:37:48] METRIC cache_hit_ratio=0.6043
[2026-08-17T08:37:48] RUN_END status=OK
[2026-08-17T08:39:08] RUN_START run_id=SCALE_O_CCNlite_100000_101
[2026-08-17T08:39:08] PARAM implementation=CCNlite
[2026-08-17T08:39:08] METRIC unique_content_objects=100000
[2026-08-17T08:39:08] METRIC cache_hit_ratio=0.6143
[2026-08-17T08:39:08] RUN_END status=OK
[2026-08-17T08:40:35] RUN_START run_id=SCALE_O_CCNlite_100000_102
[2026-08-17T08:40:35] PARAM implementation=CCNlite
[2026-08-17T08:40:35] METRIC unique_content_objects=100000
[2026-08-17T08:40:35] METRIC cache_hit_ratio=0.6195
[2026-08-17T08:40:35] RUN_END status=OK
[2026-08-17T08:41:30] RUN_START run_id=SCALE_O_CCNlite_100000_103
[2026-08-17T08:41:30] PARAM implementation=CCNlite
[2026-08-17T08:41:30] METRIC unique_content_objects=100000
[2026-08-17T08:41:30] METRIC cache_hit_ratio=0.6292
[2026-08-17T08:41:30] RUN_END status=OK
[2026-08-17T08:44:12] RUN_START run_id=SCALE_O_CCNlite_100000_104
[2026-08-17T08:44:12] PARAM implementation=CCNlite
[2026-08-17T08:44:12] METRIC unique_content_objects=100000
[2026-08-17T08:44:12] METRIC cache_hit_ratio=0.6329
[2026-08-17T08:44:12] RUN_END status=OK
[2026-08-17T10:02:48] RUN_START run_id=SCALE_O_PythonNDN_300000_021
[2026-08-17T10:02:48] PARAM implementation=PythonNDN
[2026-08-17T10:02:48] METRIC unique_content_objects=300000
[2026-08-17T10:02:48] METRIC cache_hit_ratio=0.2483
[2026-08-17T10:02:48] RUN_END status=OK
[2026-08-17T10:04:49] RUN_START run_id=SCALE_O_PythonNDN_300000_022
[2026-08-17T10:04:49] PARAM implementation=PythonNDN
[2026-08-17T10:04:49] METRIC unique_content_objects=300000
[2026-08-17T10:04:49] METRIC cache_hit_ratio=0.2522
[2026-08-17T10:04:49] RUN_END status=OK
[2026-08-17T10:06:37] RUN_START run_id=SCALE_O_PythonNDN_300000_023
[2026-08-17T10:06:37] PARAM implementation=PythonNDN
[2026-08-17T10:06:37] METRIC unique_content_objects=300000
[2026-08-17T10:06:37] METRIC cache_hit_ratio=0.2591
[2026-08-17T10:06:37] RUN_END status=OK
[2026-08-17T10:08:54] RUN_START run_id=SCALE_O_PythonNDN_300000_024
[2026-08-17T10:08:54] PARAM implementation=PythonNDN
[2026-08-17T10:08:54] METRIC unique_content_objects=300000
[2026-08-17T10:08:54] METRIC cache_hit_ratio=0.2497
[2026-08-17T10:08:54] RUN_END status=OK
[2026-08-17T10:11:55] RUN_START run_id=SCALE_O_PythonNDN_300000_025
[2026-08-17T10:11:55] PARAM implementation=PythonNDN
[2026-08-17T10:11:55] METRIC unique_content_objects=300000
[2026-08-17T10:11:55] METRIC cache_hit_ratio=0.248
[2026-08-17T10:11:55] RUN_END status=OK
[2026-08-17T10:17:28] RUN_START run_id=SCALE_O_PythonNDN_300000_026
[2026-08-17T10:17:28] PARAM implementation=PythonNDN
[2026-08-17T10:17:28] METRIC unique_content_objects=300000
[2026-08-17T10:17:28] METRIC cache_hit_ratio=0.2445
[2026-08-17T10:17:28] RUN_END status=OK
[2026-08-17T10:18:22] RUN_START run_id=SCALE_O_PythonNDN_300000_027
[2026-08-17T10:18:22] PARAM implementation=PythonNDN
[2026-08-17T10:18:22] METRIC unique_content_objects=300000
[2026-08-17T10:18:22] METRIC cache_hit_ratio=0.2208
[2026-08-17T10:18:22] RUN_END status=OK
[2026-08-17T10:19:09] RUN_START run_id=SCALE_O_PythonNDN_300000_028
[2026-08-17T10:19:09] PARAM implementation=PythonNDN
[2026-08-17T10:19:09] METRIC unique_content_objects=300000
[2026-08-17T10:19:09] METRIC cache_hit_ratio=0.2388
[2026-08-17T10:19:09] RUN_END status=OK
[2026-08-17T10:22:56] RUN_START run_id=SCALE_O_PythonNDN_300000_029
[2026-08-17T10:22:56] PARAM implementation=PythonNDN
[2026-08-17T10:22:56] METRIC unique_content_objects=300000
[2026-08-17T10:22:56] METRIC cache_hit_ratio=0.2557
[2026-08-17T10:22:56] RUN_END status=OK
[2026-08-17T10:24:26] RUN_START run_id=SCALE_O_PythonNDN_300000_030
[2026-08-17T10:24:26] PARAM implementation=PythonNDN
[2026-08-17T10:24:26] METRIC unique_content_objects=300000
[2026-08-17T10:24:26] METRIC cache_hit_ratio=0.2576
[2026-08-17T10:24:26] RUN_END status=OK
[2026-08-17T10:26:10] RUN_START run_id=SCALE_O_PythonNDN_300000_031
[2026-08-17T10:26:10] PARAM implementation=PythonNDN
[2026-08-17T10:26:10] METRIC unique_content_objects=300000
[2026-08-17T10:26:10] METRIC cache_hit_ratio=0.2455
[2026-08-17T10:26:10] RUN_END status=OK
