[2026-08-11T09:47:25] RUN_START run_id=SCALE_O_uDCN_1000000_086
[2026-08-11T09:47:25] PARAM implementation=uDCN
[2026-08-11T09:47:25] METRIC unique_content_objects=1000000
[2026-08-11T09:47:25] METRIC cache_hit_ratio=0.4643
[2026-08-11T09:47:25] RUN_END status=OK
[2026-08-11T09:48:22] RUN_START run_id=SCALE_O_uDCN_1000000_087
[2026-08-11T09:48:22] PARAM implementation=uDCN
[2026-08-11T09:48:22] METRIC unique_content_objects=1000000
[2026-08-11T09:48:22] METRIC cache_hit_ratio=0.4219
[2026-08-11T09:48:22] RUN_END status=OK
[2026-08-11T09:52:26] RUN_START run_id=SCALE_O_uDCN_1000000_088
[2026-08-11T09:52:26] PARAM implementation=uDCN
[2026-08-11T09:52:26] METRIC unique_content_objects=1000000
[2026-08-11T09:52:26] METRIC cache_hit_ratio=0.4766
[2026-08-11T09:52:26] RUN_END status=OK
[2026-08-11T09:56:36] RUN_START run_id=SCALE_O_uDCN_1000000_089
[2026-08-11T09:56:36] PARAM implementation=uDCN
[2026-08-11T09:56:36] METRIC unique_content_objects=1000000
[2026-08-11T09:56:36] METRIC cache_hit_ratio=0.4476
[2026-08-11T09:56:36] RUN_END status=OK
[2026-08-11T10:01:10] RUN_START run_id=SCALE_O_uDCN_1000000_090
[2026-08-11T10:01:10] PARAM implementation=uDCN
[2026-08-11T10:01:10] METRIC unique_content_objects=1000000
[2026-08-11T10:01:10] METRIC cache_hit_ratio=0.4341
[2026-08-11T10:01:10] RUN_END status=OK
[2026-08-11T10:02:28] RUN_START run_id=SCALE_O_uDCN_1000000_091
[2026-08-11T10:02:28] PARAM implementation=uDCN
[2026-08-11T10:02:28] METRIC unique_content_objects=1000000
[2026-08-11T10:02:28] METRIC cache_hit_ratio=0.4624
[2026-08-11T10:02:28] RUN_END status=OK
[2026-08-11T10:03:55] RUN_START run_id=SCALE_O_uDCN_1000000_092
[2026-08-11T10:03:55] PARAM implementation=uDCN
[2026-08-11T10:03:55] METRIC unique_content_objects=1000000
[2026-08-11T10:03:55] METRIC cache_hit_ratio=0.421
[2026-08-11T10:03:55] RUN_END status=OK
[2026-08-11T10:06:14] RUN_START run_id=SCALE_O_uDCN_1000000_093
[2026-08-11T10:06:14] PARAM implementation=uDCN
[2026-08-11T10:06:14] METRIC unique_content_objects=1000000
[2026-08-11T10:06:14] METRIC cache_hit_ratio=0.4449
[2026-08-11T10:06:14] RUN_END status=OK
[2026-08-11T10:07:48] RUN_START run_id=SCALE_O_uDCN_1000000_094
[2026-08-11T10:07:48] PARAM implementation=uDCN
[2026-08-11T10:07:48] METRIC unique_content_objects=1000000
[2026-08-11T10:07:48] METRIC cache_hit_ratio=0.4252
[2026-08-11T10:07:48] RUN_END status=OK
[2026-08-11T10:10:51] RUN_START run_id=SCALE_O_uDCN_1000000_095
[2026-08-11T10:10:51] PARAM implementation=uDCN
[2026-08-11T10:10:51] METRIC unique_content_objects=1000000
[2026-08-11T10:10:51] METRIC cache_hit_ratio=0.4599
[2026-08-11T10:10:51] RUN_END status=OK
