[2026-08-14T17:27:14] RUN_START run_id=SCALE_O_PythonNDN_10000_022
[2026-08-14T17:27:14] PARAM implementation=PythonNDN
[2026-08-14T17:27:14] METRIC unique_content_objects=10000
[2026-08-14T17:27:14] METRIC cache_hit_ratio=0.7281
[2026-08-14T17:27:14] RUN_END status=OK
[2026-08-14T17:27:16] RUN_START run_id=SCALE_O_NFD_1000_015
[2026-08-14T17:27:16] PARAM implementation=NFD
[2026-08-14T17:27:16] METRIC unique_content_objects=1000
[2026-08-14T17:27:16] METRIC cache_hit_ratio=0.9016
[2026-08-14T17:27:16] RUN_END status=OK
[2026-08-14T17:29:54] RUN_START run_id=SCALE_O_PythonNDN_10000_023
[2026-08-14T17:29:54] PARAM implementation=PythonNDN
[2026-08-14T17:29:54] METRIC unique_content_objects=10000
[2026-08-14T17:29:54] METRIC cache_hit_ratio=0.6998
[2026-08-14T17:29:54] RUN_END status=OK
[2026-08-14T17:30:41] RUN_START run_id=SCALE_O_NFD_1000_016
[2026-08-14T17:30:41] PARAM implementation=NFD
[2026-08-14T17:30:41] METRIC unique_content_objects=1000
[2026-08-14T17:30:41] METRIC cache_hit_ratio=0.9553
[2026-08-14T17:30:41] RUN_END status=OK
[2026-08-14T17:31:22] RUN_START run_id=SCALE_O_NFD_1000_017
[2026-08-14T17:31:22] PARAM implementation=NFD
[2026-08-14T17:31:22] METRIC unique_content_objects=1000
[2026-08-14T17:31:22] METRIC cache_hit_ratio=0.9044
[2026-08-14T17:31:22] RUN_END status=OK
[2026-08-14T17:32:18] RUN_START run_id=SCALE_O_PythonNDN_10000_024
[2026-08-14T17:32:18] PARAM implementation=PythonNDN
[2026-08-14T17:32:18] METRIC unique_content_objects=10000
[2026-08-14T17:32:18] METRIC cache_hit_ratio=0.7124
[2026-08-14T17:32:18] RUN_END status=OK
[2026-08-14T17:33:12] RUN_START run_id=08_scalability_content_DISCARDED_0046
[2026-08-14T17:33:12] RUN_ABORTED reason=cache_warmup_incomplete: content-store did not reach steady-state hit ratio within the 30s warm-up window, run discarded
[2026-08-14T17:33:31] RUN_START run_id=SCALE_O_NFD_1000_018
[2026-08-14T17:33:31] PARAM implementation=NFD
[2026-08-14T17:33:31] METRIC unique_content_objects=1000
[2026-08-14T17:33:31] METRIC cache_hit_ratio=0.9363
[2026-08-14T17:33:31] RUN_END status=OK
[2026-08-14T17:34:46] RUN_START run_id=SCALE_O_PythonNDN_10000_025
[2026-08-14T17:34:46] PARAM implementation=PythonNDN
[2026-08-14T17:34:46] METRIC unique_content_objects=10000
[2026-08-14T17:34:46] METRIC cache_hit_ratio=0.7779
[2026-08-14T17:34:46] RUN_END status=OK
[2026-08-14T17:35:44] RUN_START run_id=SCALE_O_PythonNDN_10000_026
[2026-08-14T17:35:44] PARAM implementation=PythonNDN
[2026-08-14T17:35:44] METRIC unique_content_objects=10000
[2026-08-14T17:35:44] METRIC cache_hit_ratio=0.7164
[2026-08-14T17:35:44] RUN_END status=OK
[2026-08-14T17:35:46] RUN_START run_id=SCALE_O_NFD_1000_019
[2026-08-14T17:35:46] PARAM implementation=NFD
[2026-08-14T17:35:46] METRIC unique_content_objects=1000
[2026-08-14T17:35:46] METRIC cache_hit_ratio=0.8221
[2026-08-14T17:35:46] RUN_END status=OK
[2026-08-14T17:37:43] RUN_START run_id=SCALE_O_NFD_1000_020
[2026-08-14T17:37:43] PARAM implementation=NFD
[2026-08-14T17:37:43] METRIC unique_content_objects=1000
[2026-08-14T17:37:43] METRIC cache_hit_ratio=0.8758
[2026-08-14T17:37:43] RUN_END status=OK
[2026-08-14T17:39:20] RUN_START run_id=SCALE_O_NFD_1000_021
[2026-08-14T17:39:20] PARAM implementation=NFD
[2026-08-14T17:39:20] METRIC unique_content_objects=1000
[2026-08-14T17:39:20] METRIC cache_hit_ratio=0.8913
[2026-08-14T17:39:20] RUN_END status=OK
[2026-08-14T17:40:09] RUN_START run_id=SCALE_O_NFD_1000_022
[2026-08-14T17:40:09] PARAM implementation=NFD
[2026-08-14T17:40:09] METRIC unique_content_objects=1000
[2026-08-14T17:40:09] METRIC cache_hit_ratio=0.956
[2026-08-14T17:40:09] RUN_END status=OK
[2026-08-14T17:41:15] RUN_START run_id=SCALE_O_PythonNDN_10000_027
[2026-08-14T17:41:15] PARAM implementation=PythonNDN
[2026-08-14T17:41:15] METRIC unique_content_objects=10000
[2026-08-14T17:41:15] METRIC cache_hit_ratio=0.6772
[2026-08-14T17:41:15] RUN_END status=OK
[2026-08-14T17:41:25] RUN_START run_id=SCALE_O_NFD_1000_023
[2026-08-14T17:41:25] PARAM implementation=NFD
[2026-08-14T17:41:25] METRIC unique_content_objects=1000
[2026-08-14T17:41:25] METRIC cache_hit_ratio=0.9567
[2026-08-14T17:41:25] RUN_END status=OK
