[2026-08-15T00:06:17] RUN_START run_id=SCALE_O_CCNlite_1000_101
[2026-08-15T00:06:17] PARAM implementation=CCNlite
[2026-08-15T00:06:17] METRIC unique_content_objects=1000
[2026-08-15T00:06:17] METRIC cache_hit_ratio=0.8812
[2026-08-15T00:06:17] RUN_END status=OK
[2026-08-15T00:09:29] RUN_START run_id=SCALE_O_CCNlite_1000_102
[2026-08-15T00:09:29] PARAM implementation=CCNlite
[2026-08-15T00:09:29] METRIC unique_content_objects=1000
[2026-08-15T00:09:29] METRIC cache_hit_ratio=0.9262
[2026-08-15T00:09:29] RUN_END status=OK
[2026-08-15T00:11:52] RUN_START run_id=SCALE_O_CCNlite_1000_103
[2026-08-15T00:11:52] PARAM implementation=CCNlite
[2026-08-15T00:11:52] METRIC unique_content_objects=1000
[2026-08-15T00:11:52] METRIC cache_hit_ratio=0.9275
[2026-08-15T00:11:52] RUN_END status=OK
[2026-08-15T00:13:25] RUN_START run_id=SCALE_O_CCNlite_1000_104
[2026-08-15T00:13:25] PARAM implementation=CCNlite
[2026-08-15T00:13:25] METRIC unique_content_objects=1000
[2026-08-15T00:13:25] METRIC cache_hit_ratio=1.0
[2026-08-15T00:13:25] RUN_END status=OK
[2026-08-15T00:15:34] RUN_START run_id=SCALE_O_CCNlite_1000_105
[2026-08-15T00:15:34] PARAM implementation=CCNlite
[2026-08-15T00:15:34] METRIC unique_content_objects=1000
[2026-08-15T00:15:34] METRIC cache_hit_ratio=0.9224
[2026-08-15T00:15:34] RUN_END status=OK
[2026-08-15T00:17:31] RUN_START run_id=SCALE_O_CCNlite_1000_106
[2026-08-15T00:17:31] PARAM implementation=CCNlite
[2026-08-15T00:17:31] METRIC unique_content_objects=1000
[2026-08-15T00:17:31] METRIC cache_hit_ratio=0.917
[2026-08-15T00:17:31] RUN_END status=OK
[2026-08-15T00:26:35] RUN_START run_id=SCALE_O_CCNlite_1000_107
[2026-08-15T00:26:35] PARAM implementation=CCNlite
[2026-08-15T00:26:35] METRIC unique_content_objects=1000
[2026-08-15T00:26:35] METRIC cache_hit_ratio=0.9774
[2026-08-15T00:26:35] RUN_END status=OK
[2026-08-15T00:28:58] RUN_START run_id=SCALE_O_CCNlite_1000_108
[2026-08-15T00:28:58] PARAM implementation=CCNlite
[2026-08-15T00:28:58] METRIC unique_content_objects=1000
[2026-08-15T00:28:58] METRIC cache_hit_ratio=0.9463
[2026-08-15T00:28:58] RUN_END status=OK
[2026-08-15T00:29:39] RUN_START run_id=SCALE_O_CCNlite_1000_109
[2026-08-15T00:29:39] PARAM implementation=CCNlite
[2026-08-15T00:29:39] METRIC unique_content_objects=1000
[2026-08-15T00:29:39] METRIC cache_hit_ratio=0.8937
[2026-08-15T00:29:39] RUN_END status=OK
[2026-08-15T00:30:17] RUN_START run_id=SCALE_O_CCNlite_1000_110
[2026-08-15T00:30:17] PARAM implementation=CCNlite
[2026-08-15T00:30:17] METRIC unique_content_objects=1000
[2026-08-15T00:30:17] METRIC cache_hit_ratio=0.9028
[2026-08-15T00:30:17] RUN_END status=OK
