[2026-08-14T17:42:32] RUN_START run_id=SCALE_O_NFD_1000_024
[2026-08-14T17:42:32] PARAM implementation=NFD
[2026-08-14T17:42:32] METRIC unique_content_objects=1000
[2026-08-14T17:42:32] METRIC cache_hit_ratio=0.893
[2026-08-14T17:42:32] RUN_END status=OK
[2026-08-14T17:43:40] RUN_START run_id=SCALE_O_NFD_1000_025
[2026-08-14T17:43:40] PARAM implementation=NFD
[2026-08-14T17:43:40] METRIC unique_content_objects=1000
[2026-08-14T17:43:40] METRIC cache_hit_ratio=0.905
[2026-08-14T17:43:40] RUN_END status=OK
[2026-08-14T17:44:19] RUN_START run_id=SCALE_O_PythonNDN_10000_028
[2026-08-14T17:44:19] PARAM implementation=PythonNDN
[2026-08-14T17:44:19] METRIC unique_content_objects=10000
[2026-08-14T17:44:19] METRIC cache_hit_ratio=0.6887
[2026-08-14T17:44:19] RUN_END status=OK
[2026-08-14T17:45:43] RUN_START run_id=SCALE_O_NFD_1000_026
[2026-08-14T17:45:43] PARAM implementation=NFD
[2026-08-14T17:45:43] METRIC unique_content_objects=1000
[2026-08-14T17:45:43] METRIC cache_hit_ratio=0.8717
[2026-08-14T17:45:43] RUN_END status=OK
[2026-08-14T17:47:15] RUN_START run_id=SCALE_O_PythonNDN_10000_029
[2026-08-14T17:47:15] PARAM implementation=PythonNDN
[2026-08-14T17:47:15] METRIC unique_content_objects=10000
[2026-08-14T17:47:15] METRIC cache_hit_ratio=0.7699
[2026-08-14T17:47:15] RUN_END status=OK
[2026-08-14T17:48:06] RUN_START run_id=SCALE_O_NFD_1000_027
[2026-08-14T17:48:06] PARAM implementation=NFD
[2026-08-14T17:48:06] METRIC unique_content_objects=1000
[2026-08-14T17:48:06] METRIC cache_hit_ratio=0.9645
[2026-08-14T17:48:06] RUN_END status=OK
[2026-08-14T17:48:51] RUN_START run_id=SCALE_O_PythonNDN_10000_030
[2026-08-14T17:48:51] PARAM implementation=PythonNDN
[2026-08-14T17:48:51] METRIC unique_content_objects=10000
[2026-08-14T17:48:51] METRIC cache_hit_ratio=0.7938
[2026-08-14T17:48:51] RUN_END status=OK
[2026-08-14T17:50:01] RUN_START run_id=SCALE_O_NFD_1000_028
[2026-08-14T17:50:01] PARAM implementation=NFD
[2026-08-14T17:50:01] METRIC unique_content_objects=1000
[2026-08-14T17:50:01] METRIC cache_hit_ratio=0.9046
[2026-08-14T17:50:01] RUN_END status=OK
[2026-08-14T17:51:15] RUN_START run_id=SCALE_O_NFD_1000_029
[2026-08-14T17:51:15] PARAM implementation=NFD
[2026-08-14T17:51:15] METRIC unique_content_objects=1000
[2026-08-14T17:51:15] METRIC cache_hit_ratio=0.9158
[2026-08-14T17:51:15] RUN_END status=OK
[2026-08-14T17:52:33] RUN_START run_id=SCALE_O_PythonNDN_10000_031
[2026-08-14T17:52:33] PARAM implementation=PythonNDN
[2026-08-14T17:52:33] METRIC unique_content_objects=10000
[2026-08-14T17:52:33] METRIC cache_hit_ratio=0.7232
[2026-08-14T17:52:33] RUN_END status=OK
[2026-08-14T17:52:55] RUN_START run_id=SCALE_O_PythonNDN_10000_032
[2026-08-14T17:52:55] PARAM implementation=PythonNDN
[2026-08-14T17:52:55] METRIC unique_content_objects=10000
[2026-08-14T17:52:55] METRIC cache_hit_ratio=0.7817
[2026-08-14T17:52:55] RUN_END status=OK
[2026-08-14T17:53:36] RUN_START run_id=SCALE_O_NFD_1000_030
[2026-08-14T17:53:36] PARAM implementation=NFD
[2026-08-14T17:53:36] METRIC unique_content_objects=1000
[2026-08-14T17:53:36] METRIC cache_hit_ratio=0.8816
[2026-08-14T17:53:36] RUN_END status=OK
