[2026-08-10T13:00:00] RUN_START run_id=SCALE_O_uDCN_5000000_001
[2026-08-10T13:00:00] PARAM implementation=uDCN
[2026-08-10T13:00:00] METRIC unique_content_objects=5000000
[2026-08-10T13:00:00] METRIC cache_hit_ratio=0.267
[2026-08-10T13:00:00] RUN_END status=OK
[2026-08-10T13:00:39] RUN_START run_id=SCALE_O_uDCN_5000000_002
[2026-08-10T13:00:39] PARAM implementation=uDCN
[2026-08-10T13:00:39] METRIC unique_content_objects=5000000
[2026-08-10T13:00:39] METRIC cache_hit_ratio=0.2748
[2026-08-10T13:00:39] RUN_END status=OK
[2026-08-10T13:02:23] RUN_START run_id=SCALE_O_uDCN_5000000_003
[2026-08-10T13:02:23] PARAM implementation=uDCN
[2026-08-10T13:02:23] METRIC unique_content_objects=5000000
[2026-08-10T13:02:23] METRIC cache_hit_ratio=0.2905
[2026-08-10T13:02:23] RUN_END status=OK
[2026-08-10T13:05:42] RUN_START run_id=SCALE_O_uDCN_5000000_004
[2026-08-10T13:05:42] PARAM implementation=uDCN
[2026-08-10T13:05:42] METRIC unique_content_objects=5000000
[2026-08-10T13:05:42] METRIC cache_hit_ratio=0.27
[2026-08-10T13:05:42] RUN_END status=OK
[2026-08-10T13:08:28] RUN_START run_id=SCALE_O_uDCN_5000000_005
[2026-08-10T13:08:28] PARAM implementation=uDCN
[2026-08-10T13:08:28] METRIC unique_content_objects=5000000
[2026-08-10T13:08:28] METRIC cache_hit_ratio=0.2742
[2026-08-10T13:08:28] RUN_END status=OK
[2026-08-10T13:11:04] RUN_START run_id=SCALE_O_uDCN_5000000_006
[2026-08-10T13:11:04] PARAM implementation=uDCN
[2026-08-10T13:11:04] METRIC unique_content_objects=5000000
[2026-08-10T13:11:04] METRIC cache_hit_ratio=0.2787
[2026-08-10T13:11:04] RUN_END status=OK
[2026-08-10T13:13:16] RUN_START run_id=SCALE_O_uDCN_5000000_007
[2026-08-10T13:13:16] PARAM implementation=uDCN
[2026-08-10T13:13:16] METRIC unique_content_objects=5000000
[2026-08-10T13:13:16] METRIC cache_hit_ratio=0.2824
[2026-08-10T13:13:16] RUN_END status=OK
[2026-08-10T13:19:18] RUN_START run_id=SCALE_O_uDCN_5000000_008
[2026-08-10T13:19:18] PARAM implementation=uDCN
[2026-08-10T13:19:18] METRIC unique_content_objects=5000000
[2026-08-10T13:19:18] METRIC cache_hit_ratio=0.2612
[2026-08-10T13:19:18] RUN_END status=OK
[2026-08-10T13:20:23] RUN_START run_id=SCALE_O_uDCN_5000000_009
[2026-08-10T13:20:23] PARAM implementation=uDCN
[2026-08-10T13:20:23] METRIC unique_content_objects=5000000
[2026-08-10T13:20:23] METRIC cache_hit_ratio=0.2743
[2026-08-10T13:20:23] RUN_END status=OK
[2026-08-10T13:21:46] RUN_START run_id=SCALE_O_uDCN_5000000_010
[2026-08-10T13:21:46] PARAM implementation=uDCN
[2026-08-10T13:21:46] METRIC unique_content_objects=5000000
[2026-08-10T13:21:46] METRIC cache_hit_ratio=0.2578
[2026-08-10T13:21:46] RUN_END status=OK
