[2026-08-14T02:17:28] RUN_START run_id=SCALE_O_CCNlite_1000_070
[2026-08-14T02:17:28] PARAM implementation=CCNlite
[2026-08-14T02:17:28] METRIC unique_content_objects=1000
[2026-08-14T02:17:28] METRIC cache_hit_ratio=0.91
[2026-08-14T02:17:28] RUN_END status=OK
[2026-08-14T02:20:00] RUN_START run_id=SCALE_O_uDCN_300000_031
[2026-08-14T02:20:00] PARAM implementation=uDCN
[2026-08-14T02:20:00] METRIC unique_content_objects=300000
[2026-08-14T02:20:00] METRIC cache_hit_ratio=0.621
[2026-08-14T02:20:00] RUN_END status=OK
[2026-08-14T02:21:19] RUN_START run_id=SCALE_O_uDCN_300000_032
[2026-08-14T02:21:19] PARAM implementation=uDCN
[2026-08-14T02:21:19] METRIC unique_content_objects=300000
[2026-08-14T02:21:19] METRIC cache_hit_ratio=0.6232
[2026-08-14T02:21:19] RUN_END status=OK
[2026-08-14T02:23:32] RUN_START run_id=SCALE_O_CCNlite_1000_071
[2026-08-14T02:23:32] PARAM implementation=CCNlite
[2026-08-14T02:23:32] METRIC unique_content_objects=1000
[2026-08-14T02:23:32] METRIC cache_hit_ratio=0.9094
[2026-08-14T02:23:32] RUN_END status=OK
[2026-08-14T02:24:50] RUN_START run_id=SCALE_O_uDCN_300000_033
[2026-08-14T02:24:50] PARAM implementation=uDCN
[2026-08-14T02:24:50] METRIC unique_content_objects=300000
[2026-08-14T02:24:50] METRIC cache_hit_ratio=0.5974
[2026-08-14T02:24:50] RUN_END status=OK
[2026-08-14T02:25:06] RUN_START run_id=SCALE_O_CCNlite_1000_072
[2026-08-14T02:25:06] PARAM implementation=CCNlite
[2026-08-14T02:25:06] METRIC unique_content_objects=1000
[2026-08-14T02:25:06] METRIC cache_hit_ratio=0.99
[2026-08-14T02:25:06] RUN_END status=OK
[2026-08-14T02:25:49] RUN_START run_id=SCALE_O_uDCN_300000_034
[2026-08-14T02:25:49] PARAM implementation=uDCN
[2026-08-14T02:25:49] METRIC unique_content_objects=300000
[2026-08-14T02:25:49] METRIC cache_hit_ratio=0.6092
[2026-08-14T02:25:49] RUN_END status=OK
[2026-08-14T02:26:31] RUN_START run_id=SCALE_O_CCNlite_1000_073
[2026-08-14T02:26:31] PARAM implementation=CCNlite
[2026-08-14T02:26:31] METRIC unique_content_objects=1000
[2026-08-14T02:26:31] METRIC cache_hit_ratio=0.8524
[2026-08-14T02:26:31] RUN_END status=OK
[2026-08-14T02:26:57] RUN_START run_id=SCALE_O_uDCN_300000_035
[2026-08-14T02:26:57] PARAM implementation=uDCN
[2026-08-14T02:26:57] METRIC unique_content_objects=300000
[2026-08-14T02:26:57] METRIC cache_hit_ratio=0.5934
[2026-08-14T02:26:57] RUN_END status=OK
[2026-08-14T02:28:46] RUN_START run_id=SCALE_O_CCNlite_1000_074
[2026-08-14T02:28:46] PARAM implementation=CCNlite
[2026-08-14T02:28:46] METRIC unique_content_objects=1000
[2026-08-14T02:28:46] METRIC cache_hit_ratio=0.8991
[2026-08-14T02:28:46] RUN_END status=OK
[2026-08-14T02:29:25] RUN_START run_id=08_scalability_content_DISCARDED_0033
[2026-08-14T02:29:25] RUN_ABORTED reason=cache_warmup_incomplete: content-store did not reach steady-state hit ratio within the 30s warm-up window, run discarded
