[2026-08-23T07:35:20] RUN_START run_id=SCALE_O_PythonNDN_100000_016
[2026-08-23T07:35:20] PARAM implementation=PythonNDN
[2026-08-23T07:35:20] METRIC unique_content_objects=100000
[2026-08-23T07:35:20] METRIC cache_hit_ratio=0.4898
[2026-08-23T07:35:20] RUN_END status=OK
[2026-08-23T07:36:20] RUN_START run_id=SCALE_O_PythonNDN_100000_017
[2026-08-23T07:36:20] PARAM implementation=PythonNDN
[2026-08-23T07:36:20] METRIC unique_content_objects=100000
[2026-08-23T07:36:20] METRIC cache_hit_ratio=0.4833
[2026-08-23T07:36:20] RUN_END status=OK
[2026-08-23T07:38:27] RUN_START run_id=SCALE_O_PythonNDN_100000_018
[2026-08-23T07:38:27] PARAM implementation=PythonNDN
[2026-08-23T07:38:27] METRIC unique_content_objects=100000
[2026-08-23T07:38:27] METRIC cache_hit_ratio=0.5171
[2026-08-23T07:38:27] RUN_END status=OK
[2026-08-23T07:39:16] RUN_START run_id=SCALE_O_PythonNDN_100000_019
[2026-08-23T07:39:16] PARAM implementation=PythonNDN
[2026-08-23T07:39:16] METRIC unique_content_objects=100000
[2026-08-23T07:39:16] METRIC cache_hit_ratio=0.4763
[2026-08-23T07:39:16] RUN_END status=OK
[2026-08-23T07:40:04] RUN_START run_id=SCALE_O_PythonNDN_100000_020
[2026-08-23T07:40:04] PARAM implementation=PythonNDN
[2026-08-23T07:40:04] METRIC unique_content_objects=100000
[2026-08-23T07:40:04] METRIC cache_hit_ratio=0.4789
[2026-08-23T07:40:04] RUN_END status=OK
[2026-08-23T07:41:30] RUN_START run_id=SCALE_O_PythonNDN_100000_021
[2026-08-23T07:41:30] PARAM implementation=PythonNDN
[2026-08-23T07:41:30] METRIC unique_content_objects=100000
[2026-08-23T07:41:30] METRIC cache_hit_ratio=0.5013
[2026-08-23T07:41:30] RUN_END status=OK
[2026-08-23T07:44:10] RUN_START run_id=SCALE_O_PythonNDN_100000_022
[2026-08-23T07:44:10] PARAM implementation=PythonNDN
[2026-08-23T07:44:10] METRIC unique_content_objects=100000
[2026-08-23T07:44:10] METRIC cache_hit_ratio=0.5218
[2026-08-23T07:44:10] RUN_END status=OK
[2026-08-23T07:46:16] RUN_START run_id=SCALE_O_PythonNDN_100000_023
[2026-08-23T07:46:16] PARAM implementation=PythonNDN
[2026-08-23T07:46:16] METRIC unique_content_objects=100000
[2026-08-23T07:46:16] METRIC cache_hit_ratio=0.4715
[2026-08-23T07:46:16] RUN_END status=OK
[2026-08-23T07:47:22] RUN_START run_id=SCALE_O_PythonNDN_100000_024
[2026-08-23T07:47:22] PARAM implementation=PythonNDN
[2026-08-23T07:47:22] METRIC unique_content_objects=100000
[2026-08-23T07:47:22] METRIC cache_hit_ratio=0.5244
[2026-08-23T07:47:22] RUN_END status=OK
[2026-08-23T07:53:12] RUN_START run_id=SCALE_O_PythonNDN_100000_025
[2026-08-23T07:53:12] PARAM implementation=PythonNDN
[2026-08-23T07:53:12] METRIC unique_content_objects=100000
[2026-08-23T07:53:12] METRIC cache_hit_ratio=0.4884
[2026-08-23T07:53:12] RUN_END status=OK
[2026-08-23T07:54:09] RUN_START run_id=SCALE_O_PythonNDN_100000_026
[2026-08-23T07:54:09] PARAM implementation=PythonNDN
[2026-08-23T07:54:09] METRIC unique_content_objects=100000
[2026-08-23T07:54:09] METRIC cache_hit_ratio=0.493
[2026-08-23T07:54:09] RUN_END status=OK
[2026-08-23T07:58:33] RUN_START run_id=SCALE_O_PythonNDN_100000_027
[2026-08-23T07:58:33] PARAM implementation=PythonNDN
[2026-08-23T07:58:33] METRIC unique_content_objects=100000
[2026-08-23T07:58:33] METRIC cache_hit_ratio=0.4906
[2026-08-23T07:58:33] RUN_END status=OK
[2026-08-23T07:59:18] RUN_START run_id=SCALE_O_PythonNDN_100000_028
[2026-08-23T07:59:18] PARAM implementation=PythonNDN
[2026-08-23T07:59:18] METRIC unique_content_objects=100000
[2026-08-23T07:59:18] METRIC cache_hit_ratio=0.5458
[2026-08-23T07:59:18] RUN_END status=OK
