[2026-08-21T15:36:48] RUN_START run_id=SCALE_O_NFD_10000_069
[2026-08-21T15:36:48] PARAM implementation=NFD
[2026-08-21T15:36:48] METRIC unique_content_objects=10000
[2026-08-21T15:36:48] METRIC cache_hit_ratio=0.8329
[2026-08-21T15:36:48] RUN_END status=OK
[2026-08-21T15:36:50] RUN_START run_id=SCALE_O_PythonNDN_1000000_148
[2026-08-21T15:36:50] PARAM implementation=PythonNDN
[2026-08-21T15:36:50] METRIC unique_content_objects=1000000
[2026-08-21T15:36:50] METRIC cache_hit_ratio=0.1379
[2026-08-21T15:36:50] RUN_END status=OK
[2026-08-21T15:37:14] RUN_START run_id=SCALE_O_CCNlite_300000_045
[2026-08-21T15:37:14] PARAM implementation=CCNlite
[2026-08-21T15:37:14] METRIC unique_content_objects=300000
[2026-08-21T15:37:14] METRIC cache_hit_ratio=0.4419
[2026-08-21T15:37:14] RUN_END status=OK
[2026-08-21T15:37:36] RUN_START run_id=SCALE_O_NFD_10000_070
[2026-08-21T15:37:36] PARAM implementation=NFD
[2026-08-21T15:37:36] METRIC unique_content_objects=10000
[2026-08-21T15:37:36] METRIC cache_hit_ratio=0.8385
[2026-08-21T15:37:36] RUN_END status=OK
[2026-08-21T15:38:14] RUN_START run_id=SCALE_O_PythonNDN_1000000_149
[2026-08-21T15:38:14] PARAM implementation=PythonNDN
[2026-08-21T15:38:14] METRIC unique_content_objects=1000000
[2026-08-21T15:38:14] METRIC cache_hit_ratio=0.1284
[2026-08-21T15:38:14] RUN_END status=OK
[2026-08-21T15:38:33] RUN_START run_id=SCALE_O_NFD_10000_071
[2026-08-21T15:38:33] PARAM implementation=NFD
[2026-08-21T15:38:33] METRIC unique_content_objects=10000
[2026-08-21T15:38:33] METRIC cache_hit_ratio=0.8534
[2026-08-21T15:38:33] RUN_END status=OK
[2026-08-21T15:40:12] RUN_START run_id=SCALE_O_NFD_10000_072
[2026-08-21T15:40:12] PARAM implementation=NFD
[2026-08-21T15:40:12] METRIC unique_content_objects=10000
[2026-08-21T15:40:12] METRIC cache_hit_ratio=0.8325
[2026-08-21T15:40:12] RUN_END status=OK
[2026-08-21T15:40:51] RUN_START run_id=SCALE_O_PythonNDN_1000000_150
[2026-08-21T15:40:51] PARAM implementation=PythonNDN
[2026-08-21T15:40:51] METRIC unique_content_objects=1000000
[2026-08-21T15:40:51] METRIC cache_hit_ratio=0.1323
[2026-08-21T15:40:51] RUN_END status=OK
[2026-08-21T15:42:55] RUN_START run_id=SCALE_O_CCNlite_300000_046
[2026-08-21T15:42:55] PARAM implementation=CCNlite
[2026-08-21T15:42:55] METRIC unique_content_objects=300000
[2026-08-21T15:42:55] METRIC cache_hit_ratio=0.4783
[2026-08-21T15:42:55] RUN_END status=OK
[2026-08-21T15:43:59] RUN_START run_id=SCALE_O_NFD_10000_073
[2026-08-21T15:43:59] PARAM implementation=NFD
[2026-08-21T15:43:59] METRIC unique_content_objects=10000
[2026-08-21T15:43:59] METRIC cache_hit_ratio=0.7544
[2026-08-21T15:43:59] RUN_END status=OK
[2026-08-21T15:45:27] RUN_START run_id=SCALE_O_CCNlite_300000_047
[2026-08-21T15:45:27] PARAM implementation=CCNlite
[2026-08-21T15:45:27] METRIC unique_content_objects=300000
[2026-08-21T15:45:27] METRIC cache_hit_ratio=0.4097
[2026-08-21T15:45:27] RUN_END status=OK
[2026-08-21T15:45:41] RUN_START run_id=SCALE_O_NFD_10000_074
[2026-08-21T15:45:41] PARAM implementation=NFD
[2026-08-21T15:45:41] METRIC unique_content_objects=10000
[2026-08-21T15:45:41] METRIC cache_hit_ratio=0.8394
[2026-08-21T15:45:41] RUN_END status=OK
[2026-08-21T15:47:34] RUN_START run_id=SCALE_O_CCNlite_300000_048
[2026-08-21T15:47:34] PARAM implementation=CCNlite
[2026-08-21T15:47:34] METRIC unique_content_objects=300000
[2026-08-21T15:47:34] METRIC cache_hit_ratio=0.4522
[2026-08-21T15:47:34] RUN_END status=OK
[2026-08-21T15:48:15] RUN_START run_id=SCALE_O_NFD_10000_075
[2026-08-21T15:48:15] PARAM implementation=NFD
[2026-08-21T15:48:15] METRIC unique_content_objects=10000
[2026-08-21T15:48:15] METRIC cache_hit_ratio=0.7857
[2026-08-21T15:48:15] RUN_END status=OK
[2026-08-21T15:50:17] RUN_START run_id=08_scalability_content_DISCARDED_0167
[2026-08-21T15:50:17] RUN_ABORTED reason=cache_warmup_incomplete: content-store did not reach steady-state hit ratio within the 30s warm-up window, run discarded
[2026-08-21T15:50:49] RUN_START run_id=SCALE_O_CCNlite_300000_049
[2026-08-21T15:50:49] PARAM implementation=CCNlite
[2026-08-21T15:50:49] METRIC unique_content_objects=300000
[2026-08-21T15:50:49] METRIC cache_hit_ratio=0.4472
[2026-08-21T15:50:49] RUN_END status=OK
