[2026-08-13T15:28:05] RUN_START run_id=SCALE_O_CCNlite_1000_048
[2026-08-13T15:28:05] PARAM implementation=CCNlite
[2026-08-13T15:28:05] METRIC unique_content_objects=1000
[2026-08-13T15:28:05] METRIC cache_hit_ratio=0.8935
[2026-08-13T15:28:05] RUN_END status=OK
[2026-08-13T15:31:07] RUN_START run_id=SCALE_O_CCNlite_1000_049
[2026-08-13T15:31:07] PARAM implementation=CCNlite
[2026-08-13T15:31:07] METRIC unique_content_objects=1000
[2026-08-13T15:31:07] METRIC cache_hit_ratio=0.9222
[2026-08-13T15:31:07] RUN_END status=OK
[2026-08-13T15:31:43] RUN_START run_id=SCALE_O_CCNlite_1000_050
[2026-08-13T15:31:43] PARAM implementation=CCNlite
[2026-08-13T15:31:43] METRIC unique_content_objects=1000
[2026-08-13T15:31:43] METRIC cache_hit_ratio=0.8994
[2026-08-13T15:31:43] RUN_END status=OK
[2026-08-13T15:32:03] RUN_START run_id=SCALE_O_PythonNDN_10000_014
[2026-08-13T15:32:03] PARAM implementation=PythonNDN
[2026-08-13T15:32:03] METRIC unique_content_objects=10000
[2026-08-13T15:32:03] METRIC cache_hit_ratio=0.7544
[2026-08-13T15:32:03] RUN_END status=OK
[2026-08-13T15:33:40] RUN_START run_id=SCALE_O_CCNlite_1000_051
[2026-08-13T15:33:40] PARAM implementation=CCNlite
[2026-08-13T15:33:40] METRIC unique_content_objects=1000
[2026-08-13T15:33:40] METRIC cache_hit_ratio=0.9309
[2026-08-13T15:33:40] RUN_END status=OK
[2026-08-13T15:36:45] RUN_START run_id=SCALE_O_CCNlite_1000_052
[2026-08-13T15:36:45] PARAM implementation=CCNlite
[2026-08-13T15:36:45] METRIC unique_content_objects=1000
[2026-08-13T15:36:45] METRIC cache_hit_ratio=0.9036
[2026-08-13T15:36:45] RUN_END status=OK
[2026-08-13T15:38:24] RUN_START run_id=SCALE_O_CCNlite_1000_053
[2026-08-13T15:38:24] PARAM implementation=CCNlite
[2026-08-13T15:38:24] METRIC unique_content_objects=1000
[2026-08-13T15:38:24] METRIC cache_hit_ratio=0.896
[2026-08-13T15:38:24] RUN_END status=OK
[2026-08-13T15:39:36] RUN_START run_id=SCALE_O_CCNlite_1000_054
[2026-08-13T15:39:36] PARAM implementation=CCNlite
[2026-08-13T15:39:36] METRIC unique_content_objects=1000
[2026-08-13T15:39:36] METRIC cache_hit_ratio=0.8724
[2026-08-13T15:39:36] RUN_END status=OK
[2026-08-13T15:41:23] RUN_START run_id=SCALE_O_CCNlite_1000_055
[2026-08-13T15:41:23] PARAM implementation=CCNlite
[2026-08-13T15:41:23] METRIC unique_content_objects=1000
[2026-08-13T15:41:23] METRIC cache_hit_ratio=0.999
[2026-08-13T15:41:23] RUN_END status=OK
[2026-08-13T15:43:36] RUN_START run_id=SCALE_O_CCNlite_1000_056
[2026-08-13T15:43:36] PARAM implementation=CCNlite
[2026-08-13T15:43:36] METRIC unique_content_objects=1000
[2026-08-13T15:43:36] METRIC cache_hit_ratio=0.887
[2026-08-13T15:43:36] RUN_END status=OK
[2026-08-13T15:47:51] RUN_START run_id=SCALE_O_CCNlite_1000_057
[2026-08-13T15:47:51] PARAM implementation=CCNlite
[2026-08-13T15:47:51] METRIC unique_content_objects=1000
[2026-08-13T15:47:51] METRIC cache_hit_ratio=0.8862
[2026-08-13T15:47:51] RUN_END status=OK
[2026-08-13T15:51:40] RUN_START run_id=SCALE_O_CCNlite_1000_058
[2026-08-13T15:51:40] PARAM implementation=CCNlite
[2026-08-13T15:51:40] METRIC unique_content_objects=1000
[2026-08-13T15:51:40] METRIC cache_hit_ratio=0.9596
[2026-08-13T15:51:40] RUN_END status=OK
[2026-08-13T15:54:22] RUN_START run_id=SCALE_O_CCNlite_1000_059
[2026-08-13T15:54:22] PARAM implementation=CCNlite
[2026-08-13T15:54:22] METRIC unique_content_objects=1000
[2026-08-13T15:54:22] METRIC cache_hit_ratio=0.9523
[2026-08-13T15:54:22] RUN_END status=OK
[2026-08-13T15:55:55] RUN_START run_id=SCALE_O_CCNlite_1000_060
[2026-08-13T15:55:55] PARAM implementation=CCNlite
[2026-08-13T15:55:55] METRIC unique_content_objects=1000
[2026-08-13T15:55:55] METRIC cache_hit_ratio=0.8939
[2026-08-13T15:55:55] RUN_END status=OK
[2026-08-13T15:56:51] RUN_START run_id=SCALE_O_CCNlite_1000_061
[2026-08-13T15:56:51] PARAM implementation=CCNlite
[2026-08-13T15:56:51] METRIC unique_content_objects=1000
[2026-08-13T15:56:51] METRIC cache_hit_ratio=0.9238
[2026-08-13T15:56:51] RUN_END status=OK
[2026-08-13T15:58:38] RUN_START run_id=SCALE_O_CCNlite_1000_062
[2026-08-13T15:58:38] PARAM implementation=CCNlite
[2026-08-13T15:58:38] METRIC unique_content_objects=1000
[2026-08-13T15:58:38] METRIC cache_hit_ratio=0.9627
[2026-08-13T15:58:38] RUN_END status=OK
[2026-08-13T16:00:24] RUN_START run_id=SCALE_O_CCNlite_1000_063
[2026-08-13T16:00:24] PARAM implementation=CCNlite
[2026-08-13T16:00:24] METRIC unique_content_objects=1000
[2026-08-13T16:00:24] METRIC cache_hit_ratio=0.8975
[2026-08-13T16:00:24] RUN_END status=OK
