[2026-08-15T03:16:54] RUN_START run_id=08_scalability_content_DISCARDED_0054
[2026-08-15T03:16:54] RUN_ABORTED reason=cache_warmup_incomplete: content-store did not reach steady-state hit ratio within the 30s warm-up window, run discarded
[2026-08-15T03:17:54] RUN_START run_id=SCALE_O_uDCN_10000_038
[2026-08-15T03:17:54] PARAM implementation=uDCN
[2026-08-15T03:17:54] METRIC unique_content_objects=10000
[2026-08-15T03:17:54] METRIC cache_hit_ratio=0.9174
[2026-08-15T03:17:54] RUN_END status=OK
[2026-08-15T03:19:20] RUN_START run_id=SCALE_O_uDCN_10000_039
[2026-08-15T03:19:20] PARAM implementation=uDCN
[2026-08-15T03:19:20] METRIC unique_content_objects=10000
[2026-08-15T03:19:20] METRIC cache_hit_ratio=0.8853
[2026-08-15T03:19:20] RUN_END status=OK
[2026-08-15T03:22:00] RUN_START run_id=SCALE_O_uDCN_10000_040
[2026-08-15T03:22:00] PARAM implementation=uDCN
[2026-08-15T03:22:00] METRIC unique_content_objects=10000
[2026-08-15T03:22:00] METRIC cache_hit_ratio=0.9202
[2026-08-15T03:22:00] RUN_END status=OK
[2026-08-15T03:24:41] RUN_START run_id=SCALE_O_uDCN_10000_041
[2026-08-15T03:24:41] PARAM implementation=uDCN
[2026-08-15T03:24:41] METRIC unique_content_objects=10000
[2026-08-15T03:24:41] METRIC cache_hit_ratio=0.8497
[2026-08-15T03:24:41] RUN_END status=OK
[2026-08-15T03:27:06] RUN_START run_id=SCALE_O_uDCN_10000_042
[2026-08-15T03:27:06] PARAM implementation=uDCN
[2026-08-15T03:27:06] METRIC unique_content_objects=10000
[2026-08-15T03:27:06] METRIC cache_hit_ratio=0.9016
[2026-08-15T03:27:06] RUN_END status=OK
[2026-08-15T03:28:21] RUN_START run_id=SCALE_O_uDCN_10000_043
[2026-08-15T03:28:21] PARAM implementation=uDCN
[2026-08-15T03:28:21] METRIC unique_content_objects=10000
[2026-08-15T03:28:21] METRIC cache_hit_ratio=0.9066
[2026-08-15T03:28:21] RUN_END status=OK
[2026-08-15T03:33:25] RUN_START run_id=SCALE_O_uDCN_10000_044
[2026-08-15T03:33:25] PARAM implementation=uDCN
[2026-08-15T03:33:25] METRIC unique_content_objects=10000
[2026-08-15T03:33:25] METRIC cache_hit_ratio=0.8448
[2026-08-15T03:33:25] RUN_END status=OK
[2026-08-15T03:36:17] RUN_START run_id=SCALE_O_uDCN_10000_045
[2026-08-15T03:36:17] PARAM implementation=uDCN
[2026-08-15T03:36:17] METRIC unique_content_objects=10000
[2026-08-15T03:36:17] METRIC cache_hit_ratio=0.9149
[2026-08-15T03:36:17] RUN_END status=OK
[2026-08-15T03:37:10] RUN_START run_id=SCALE_O_uDCN_10000_046
[2026-08-15T03:37:10] PARAM implementation=uDCN
[2026-08-15T03:37:10] METRIC unique_content_objects=10000
[2026-08-15T03:37:10] METRIC cache_hit_ratio=0.8995
[2026-08-15T03:37:10] RUN_END status=OK
[2026-08-15T03:40:01] RUN_START run_id=SCALE_O_uDCN_10000_047
[2026-08-15T03:40:01] PARAM implementation=uDCN
[2026-08-15T03:40:01] METRIC unique_content_objects=10000
[2026-08-15T03:40:01] METRIC cache_hit_ratio=0.9427
[2026-08-15T03:40:01] RUN_END status=OK
[2026-08-15T03:42:53] RUN_START run_id=SCALE_O_uDCN_10000_048
[2026-08-15T03:42:53] PARAM implementation=uDCN
[2026-08-15T03:42:53] METRIC unique_content_objects=10000
[2026-08-15T03:42:53] METRIC cache_hit_ratio=0.935
[2026-08-15T03:42:53] RUN_END status=OK
[2026-08-15T03:44:35] RUN_START run_id=SCALE_O_uDCN_10000_049
[2026-08-15T03:44:35] PARAM implementation=uDCN
[2026-08-15T03:44:35] METRIC unique_content_objects=10000
[2026-08-15T03:44:35] METRIC cache_hit_ratio=0.8612
[2026-08-15T03:44:35] RUN_END status=OK
[2026-08-15T03:45:43] RUN_START run_id=SCALE_O_uDCN_10000_050
[2026-08-15T03:45:43] PARAM implementation=uDCN
[2026-08-15T03:45:43] METRIC unique_content_objects=10000
[2026-08-15T03:45:43] METRIC cache_hit_ratio=0.8488
[2026-08-15T03:45:43] RUN_END status=OK
[2026-08-15T03:48:15] RUN_START run_id=SCALE_O_uDCN_10000_051
[2026-08-15T03:48:15] PARAM implementation=uDCN
[2026-08-15T03:48:15] METRIC unique_content_objects=10000
[2026-08-15T03:48:15] METRIC cache_hit_ratio=0.8011
[2026-08-15T03:48:15] RUN_END status=OK
[2026-08-15T03:51:24] RUN_START run_id=SCALE_O_uDCN_10000_052
[2026-08-15T03:51:24] PARAM implementation=uDCN
[2026-08-15T03:51:24] METRIC unique_content_objects=10000
[2026-08-15T03:51:24] METRIC cache_hit_ratio=0.9232
[2026-08-15T03:51:24] RUN_END status=OK
[2026-08-15T03:53:17] RUN_START run_id=SCALE_O_uDCN_10000_053
[2026-08-15T03:53:17] PARAM implementation=uDCN
[2026-08-15T03:53:17] METRIC unique_content_objects=10000
[2026-08-15T03:53:17] METRIC cache_hit_ratio=0.9348
[2026-08-15T03:53:17] RUN_END status=OK
