[2026-08-22T20:20:25] RUN_START run_id=SCALE_O_NFD_300000_069
[2026-08-22T20:20:25] PARAM implementation=NFD
[2026-08-22T20:20:25] METRIC unique_content_objects=300000
[2026-08-22T20:20:25] METRIC cache_hit_ratio=0.456
[2026-08-22T20:20:25] RUN_END status=OK
[2026-08-22T20:22:15] RUN_START run_id=SCALE_O_CCNlite_300000_085
[2026-08-22T20:22:15] PARAM implementation=CCNlite
[2026-08-22T20:22:15] METRIC unique_content_objects=300000
[2026-08-22T20:22:15] METRIC cache_hit_ratio=0.4623
[2026-08-22T20:22:15] RUN_END status=OK
[2026-08-22T20:22:40] RUN_START run_id=SCALE_O_NFD_300000_070
[2026-08-22T20:22:40] PARAM implementation=NFD
[2026-08-22T20:22:40] METRIC unique_content_objects=300000
[2026-08-22T20:22:40] METRIC cache_hit_ratio=0.4536
[2026-08-22T20:22:40] RUN_END status=OK
[2026-08-22T20:23:33] RUN_START run_id=SCALE_O_NFD_300000_071
[2026-08-22T20:23:33] PARAM implementation=NFD
[2026-08-22T20:23:33] METRIC unique_content_objects=300000
[2026-08-22T20:23:33] METRIC cache_hit_ratio=0.4397
[2026-08-22T20:23:33] RUN_END status=OK
[2026-08-22T20:24:03] RUN_START run_id=SCALE_O_CCNlite_300000_086
[2026-08-22T20:24:03] PARAM implementation=CCNlite
[2026-08-22T20:24:03] METRIC unique_content_objects=300000
[2026-08-22T20:24:03] METRIC cache_hit_ratio=0.4327
[2026-08-22T20:24:03] RUN_END status=OK
[2026-08-22T20:24:27] RUN_START run_id=SCALE_O_NFD_300000_072
[2026-08-22T20:24:27] PARAM implementation=NFD
[2026-08-22T20:24:27] METRIC unique_content_objects=300000
[2026-08-22T20:24:27] METRIC cache_hit_ratio=0.4596
[2026-08-22T20:24:27] RUN_END status=OK
[2026-08-22T20:26:28] RUN_START run_id=SCALE_O_NFD_300000_073
[2026-08-22T20:26:28] PARAM implementation=NFD
[2026-08-22T20:26:28] METRIC unique_content_objects=300000
[2026-08-22T20:26:28] METRIC cache_hit_ratio=0.4638
[2026-08-22T20:26:28] RUN_END status=OK
[2026-08-22T20:26:58] RUN_START run_id=SCALE_O_CCNlite_300000_087
[2026-08-22T20:26:58] PARAM implementation=CCNlite
[2026-08-22T20:26:58] METRIC unique_content_objects=300000
[2026-08-22T20:26:58] METRIC cache_hit_ratio=0.4407
[2026-08-22T20:26:58] RUN_END status=OK
[2026-08-22T20:27:59] RUN_START run_id=SCALE_O_CCNlite_300000_088
[2026-08-22T20:27:59] PARAM implementation=CCNlite
[2026-08-22T20:27:59] METRIC unique_content_objects=300000
[2026-08-22T20:27:59] METRIC cache_hit_ratio=0.4635
[2026-08-22T20:27:59] RUN_END status=OK
[2026-08-22T20:28:00] RUN_START run_id=SCALE_O_NFD_300000_074
[2026-08-22T20:28:00] PARAM implementation=NFD
[2026-08-22T20:28:00] METRIC unique_content_objects=300000
[2026-08-22T20:28:00] METRIC cache_hit_ratio=0.416
[2026-08-22T20:28:00] RUN_END status=OK
[2026-08-22T20:29:41] RUN_START run_id=SCALE_O_CCNlite_300000_089
[2026-08-22T20:29:41] PARAM implementation=CCNlite
[2026-08-22T20:29:41] METRIC unique_content_objects=300000
[2026-08-22T20:29:41] METRIC cache_hit_ratio=0.4134
[2026-08-22T20:29:41] RUN_END status=OK
[2026-08-22T20:29:49] RUN_START run_id=SCALE_O_NFD_300000_075
[2026-08-22T20:29:49] PARAM implementation=NFD
[2026-08-22T20:29:49] METRIC unique_content_objects=300000
[2026-08-22T20:29:49] METRIC cache_hit_ratio=0.4425
[2026-08-22T20:29:49] RUN_END status=OK
