[2026-08-16T18:25:12] RUN_START run_id=SCALE_O_CCNlite_1000000_031
[2026-08-16T18:25:12] PARAM implementation=CCNlite
[2026-08-16T18:25:12] METRIC unique_content_objects=1000000
[2026-08-16T18:25:12] METRIC cache_hit_ratio=0.27
[2026-08-16T18:25:12] RUN_END status=OK
[2026-08-16T18:26:22] RUN_START run_id=SCALE_O_CCNlite_1000000_032
[2026-08-16T18:26:22] PARAM implementation=CCNlite
[2026-08-16T18:26:22] METRIC unique_content_objects=1000000
[2026-08-16T18:26:22] METRIC cache_hit_ratio=0.2584
[2026-08-16T18:26:22] RUN_END status=OK
[2026-08-16T18:26:53] RUN_START run_id=SCALE_O_CCNlite_1000000_033
[2026-08-16T18:26:53] PARAM implementation=CCNlite
[2026-08-16T18:26:53] METRIC unique_content_objects=1000000
[2026-08-16T18:26:53] METRIC cache_hit_ratio=0.2512
[2026-08-16T18:26:53] RUN_END status=OK
[2026-08-16T18:32:09] RUN_START run_id=SCALE_O_CCNlite_1000000_034
[2026-08-16T18:32:09] PARAM implementation=CCNlite
[2026-08-16T18:32:09] METRIC unique_content_objects=1000000
[2026-08-16T18:32:09] METRIC cache_hit_ratio=0.2739
[2026-08-16T18:32:09] RUN_END status=OK
[2026-08-16T18:34:43] RUN_START run_id=SCALE_O_CCNlite_1000000_035
[2026-08-16T18:34:43] PARAM implementation=CCNlite
[2026-08-16T18:34:43] METRIC unique_content_objects=1000000
[2026-08-16T18:34:43] METRIC cache_hit_ratio=0.2739
[2026-08-16T18:34:43] RUN_END status=OK
[2026-08-16T18:36:11] RUN_START run_id=SCALE_O_CCNlite_1000000_036
[2026-08-16T18:36:11] PARAM implementation=CCNlite
[2026-08-16T18:36:11] METRIC unique_content_objects=1000000
[2026-08-16T18:36:11] METRIC cache_hit_ratio=0.2715
[2026-08-16T18:36:11] RUN_END status=OK
[2026-08-16T18:37:18] RUN_START run_id=SCALE_O_CCNlite_1000000_037
[2026-08-16T18:37:18] PARAM implementation=CCNlite
[2026-08-16T18:37:18] METRIC unique_content_objects=1000000
[2026-08-16T18:37:18] METRIC cache_hit_ratio=0.2494
[2026-08-16T18:37:18] RUN_END status=OK
[2026-08-16T18:38:22] RUN_START run_id=SCALE_O_CCNlite_1000000_038
[2026-08-16T18:38:22] PARAM implementation=CCNlite
[2026-08-16T18:38:22] METRIC unique_content_objects=1000000
[2026-08-16T18:38:22] METRIC cache_hit_ratio=0.2767
[2026-08-16T18:38:22] RUN_END status=OK
[2026-08-16T18:39:34] RUN_START run_id=SCALE_O_CCNlite_1000000_039
[2026-08-16T18:39:34] PARAM implementation=CCNlite
[2026-08-16T18:39:34] METRIC unique_content_objects=1000000
[2026-08-16T18:39:34] METRIC cache_hit_ratio=0.2734
[2026-08-16T18:39:34] RUN_END status=OK
[2026-08-16T18:42:14] RUN_START run_id=SCALE_O_CCNlite_1000000_040
[2026-08-16T18:42:14] PARAM implementation=CCNlite
[2026-08-16T18:42:14] METRIC unique_content_objects=1000000
[2026-08-16T18:42:14] METRIC cache_hit_ratio=0.2739
[2026-08-16T18:42:14] RUN_END status=OK
[2026-08-16T18:45:14] RUN_START run_id=SCALE_O_CCNlite_1000000_041
[2026-08-16T18:45:14] PARAM implementation=CCNlite
[2026-08-16T18:45:14] METRIC unique_content_objects=1000000
[2026-08-16T18:45:14] METRIC cache_hit_ratio=0.2649
[2026-08-16T18:45:14] RUN_END status=OK
[2026-08-16T18:48:02] RUN_START run_id=SCALE_O_CCNlite_1000000_042
[2026-08-16T18:48:02] PARAM implementation=CCNlite
[2026-08-16T18:48:02] METRIC unique_content_objects=1000000
[2026-08-16T18:48:02] METRIC cache_hit_ratio=0.248
[2026-08-16T18:48:02] RUN_END status=OK
[2026-08-16T18:49:40] RUN_START run_id=SCALE_O_CCNlite_1000000_043
[2026-08-16T18:49:40] PARAM implementation=CCNlite
[2026-08-16T18:49:40] METRIC unique_content_objects=1000000
[2026-08-16T18:49:40] METRIC cache_hit_ratio=0.2648
[2026-08-16T18:49:40] RUN_END status=OK
[2026-08-16T18:51:46] RUN_START run_id=SCALE_O_CCNlite_1000000_044
[2026-08-16T18:51:46] PARAM implementation=CCNlite
[2026-08-16T18:51:46] METRIC unique_content_objects=1000000
[2026-08-16T18:51:46] METRIC cache_hit_ratio=0.2547
[2026-08-16T18:51:46] RUN_END status=OK
