[2026-08-10T21:38:11] RUN_START run_id=08_scalability_content_DISCARDED_0006
[2026-08-10T21:38:11] RUN_ABORTED reason=cache_warmup_incomplete: content-store did not reach steady-state hit ratio within the 30s warm-up window, run discarded
[2026-08-10T21:39:05] RUN_START run_id=SCALE_O_uDCN_1000000_029
[2026-08-10T21:39:05] PARAM implementation=uDCN
[2026-08-10T21:39:05] METRIC unique_content_objects=1000000
[2026-08-10T21:39:05] METRIC cache_hit_ratio=0.4248
[2026-08-10T21:39:05] RUN_END status=OK
[2026-08-10T21:44:22] RUN_START run_id=SCALE_O_uDCN_1000000_030
[2026-08-10T21:44:22] PARAM implementation=uDCN
[2026-08-10T21:44:22] METRIC unique_content_objects=1000000
[2026-08-10T21:44:22] METRIC cache_hit_ratio=0.447
[2026-08-10T21:44:22] RUN_END status=OK
[2026-08-10T21:45:19] RUN_START run_id=SCALE_O_uDCN_1000000_031
[2026-08-10T21:45:19] PARAM implementation=uDCN
[2026-08-10T21:45:19] METRIC unique_content_objects=1000000
[2026-08-10T21:45:19] METRIC cache_hit_ratio=0.4114
[2026-08-10T21:45:19] RUN_END status=OK
[2026-08-10T21:47:35] RUN_START run_id=SCALE_O_uDCN_1000000_032
[2026-08-10T21:47:35] PARAM implementation=uDCN
[2026-08-10T21:47:35] METRIC unique_content_objects=1000000
[2026-08-10T21:47:35] METRIC cache_hit_ratio=0.4447
[2026-08-10T21:47:35] RUN_END status=OK
[2026-08-10T21:48:09] RUN_START run_id=SCALE_O_uDCN_1000000_033
[2026-08-10T21:48:09] PARAM implementation=uDCN
[2026-08-10T21:48:09] METRIC unique_content_objects=1000000
[2026-08-10T21:48:09] METRIC cache_hit_ratio=0.4386
[2026-08-10T21:48:09] RUN_END status=OK
[2026-08-10T21:50:51] RUN_START run_id=SCALE_O_uDCN_1000000_034
[2026-08-10T21:50:51] PARAM implementation=uDCN
[2026-08-10T21:50:51] METRIC unique_content_objects=1000000
[2026-08-10T21:50:51] METRIC cache_hit_ratio=0.4654
[2026-08-10T21:50:51] RUN_END status=OK
[2026-08-10T21:52:46] RUN_START run_id=SCALE_O_uDCN_1000000_035
[2026-08-10T21:52:46] PARAM implementation=uDCN
[2026-08-10T21:52:46] METRIC unique_content_objects=1000000
[2026-08-10T21:52:46] METRIC cache_hit_ratio=0.4614
[2026-08-10T21:52:46] RUN_END status=OK
[2026-08-10T21:53:57] RUN_START run_id=SCALE_O_uDCN_1000000_036
[2026-08-10T21:53:57] PARAM implementation=uDCN
[2026-08-10T21:53:57] METRIC unique_content_objects=1000000
[2026-08-10T21:53:57] METRIC cache_hit_ratio=0.4297
[2026-08-10T21:53:57] RUN_END status=OK
[2026-08-10T21:56:29] RUN_START run_id=SCALE_O_uDCN_1000000_037
[2026-08-10T21:56:29] PARAM implementation=uDCN
[2026-08-10T21:56:29] METRIC unique_content_objects=1000000
[2026-08-10T21:56:29] METRIC cache_hit_ratio=0.4992
[2026-08-10T21:56:29] RUN_END status=OK
[2026-08-10T21:58:17] RUN_START run_id=SCALE_O_uDCN_1000000_038
[2026-08-10T21:58:17] PARAM implementation=uDCN
[2026-08-10T21:58:17] METRIC unique_content_objects=1000000
[2026-08-10T21:58:17] METRIC cache_hit_ratio=0.4942
[2026-08-10T21:58:17] RUN_END status=OK
[2026-08-10T22:00:52] RUN_START run_id=SCALE_O_uDCN_1000000_039
[2026-08-10T22:00:52] PARAM implementation=uDCN
[2026-08-10T22:00:52] METRIC unique_content_objects=1000000
[2026-08-10T22:00:52] METRIC cache_hit_ratio=0.4504
[2026-08-10T22:00:52] RUN_END status=OK
[2026-08-10T22:03:46] RUN_START run_id=SCALE_O_uDCN_1000000_040
[2026-08-10T22:03:46] PARAM implementation=uDCN
[2026-08-10T22:03:46] METRIC unique_content_objects=1000000
[2026-08-10T22:03:46] METRIC cache_hit_ratio=0.4173
[2026-08-10T22:03:46] RUN_END status=OK
[2026-08-10T22:05:33] RUN_START run_id=SCALE_O_uDCN_1000000_041
[2026-08-10T22:05:33] PARAM implementation=uDCN
[2026-08-10T22:05:33] METRIC unique_content_objects=1000000
[2026-08-10T22:05:33] METRIC cache_hit_ratio=0.4516
[2026-08-10T22:05:33] RUN_END status=OK
[2026-08-10T22:08:16] RUN_START run_id=SCALE_O_uDCN_1000000_042
[2026-08-10T22:08:16] PARAM implementation=uDCN
[2026-08-10T22:08:16] METRIC unique_content_objects=1000000
[2026-08-10T22:08:16] METRIC cache_hit_ratio=0.4439
[2026-08-10T22:08:16] RUN_END status=OK
[2026-08-10T22:09:44] RUN_START run_id=SCALE_O_uDCN_1000000_043
[2026-08-10T22:09:44] PARAM implementation=uDCN
[2026-08-10T22:09:44] METRIC unique_content_objects=1000000
[2026-08-10T22:09:44] METRIC cache_hit_ratio=0.492
[2026-08-10T22:09:44] RUN_END status=OK
[2026-08-10T22:11:50] RUN_START run_id=SCALE_O_uDCN_1000000_044
[2026-08-10T22:11:50] PARAM implementation=uDCN
[2026-08-10T22:11:50] METRIC unique_content_objects=1000000
[2026-08-10T22:11:50] METRIC cache_hit_ratio=0.4542
[2026-08-10T22:11:50] RUN_END status=OK
[2026-08-10T22:16:35] RUN_START run_id=SCALE_O_uDCN_1000000_045
[2026-08-10T22:16:35] PARAM implementation=uDCN
[2026-08-10T22:16:35] METRIC unique_content_objects=1000000
[2026-08-10T22:16:35] METRIC cache_hit_ratio=0.4534
[2026-08-10T22:16:35] RUN_END status=OK
