[2026-08-15T01:07:49] RUN_START run_id=SCALE_O_CCNlite_1000_122
[2026-08-15T01:07:49] PARAM implementation=CCNlite
[2026-08-15T01:07:49] METRIC unique_content_objects=1000
[2026-08-15T01:07:49] METRIC cache_hit_ratio=0.9167
[2026-08-15T01:07:49] RUN_END status=OK
[2026-08-15T01:09:26] RUN_START run_id=SCALE_O_CCNlite_1000_123
[2026-08-15T01:09:26] PARAM implementation=CCNlite
[2026-08-15T01:09:26] METRIC unique_content_objects=1000
[2026-08-15T01:09:26] METRIC cache_hit_ratio=0.942
[2026-08-15T01:09:26] RUN_END status=OK
[2026-08-15T01:09:59] RUN_START run_id=SCALE_O_CCNlite_1000_124
[2026-08-15T01:09:59] PARAM implementation=CCNlite
[2026-08-15T01:09:59] METRIC unique_content_objects=1000
[2026-08-15T01:09:59] METRIC cache_hit_ratio=0.959
[2026-08-15T01:09:59] RUN_END status=OK
[2026-08-15T01:11:23] RUN_START run_id=SCALE_O_CCNlite_1000_125
[2026-08-15T01:11:23] PARAM implementation=CCNlite
[2026-08-15T01:11:23] METRIC unique_content_objects=1000
[2026-08-15T01:11:23] METRIC cache_hit_ratio=0.9952
[2026-08-15T01:11:23] RUN_END status=OK
[2026-08-15T01:13:14] RUN_START run_id=SCALE_O_CCNlite_1000_126
[2026-08-15T01:13:14] PARAM implementation=CCNlite
[2026-08-15T01:13:14] METRIC unique_content_objects=1000
[2026-08-15T01:13:14] METRIC cache_hit_ratio=0.9601
[2026-08-15T01:13:14] RUN_END status=OK
[2026-08-15T03:06:03] RUN_START run_id=SCALE_O_uDCN_10000_030
[2026-08-15T03:06:03] PARAM implementation=uDCN
[2026-08-15T03:06:03] METRIC unique_content_objects=10000
[2026-08-15T03:06:03] METRIC cache_hit_ratio=0.8575
[2026-08-15T03:06:03] RUN_END status=OK
[2026-08-15T03:07:54] RUN_START run_id=SCALE_O_uDCN_10000_031
[2026-08-15T03:07:54] PARAM implementation=uDCN
[2026-08-15T03:07:54] METRIC unique_content_objects=10000
[2026-08-15T03:07:54] METRIC cache_hit_ratio=0.918
[2026-08-15T03:07:54] RUN_END status=OK
[2026-08-15T03:08:44] RUN_START run_id=SCALE_O_uDCN_10000_032
[2026-08-15T03:08:44] PARAM implementation=uDCN
[2026-08-15T03:08:44] METRIC unique_content_objects=10000
[2026-08-15T03:08:44] METRIC cache_hit_ratio=0.9164
[2026-08-15T03:08:44] RUN_END status=OK
[2026-08-15T03:10:43] RUN_START run_id=SCALE_O_uDCN_10000_033
[2026-08-15T03:10:43] PARAM implementation=uDCN
[2026-08-15T03:10:43] METRIC unique_content_objects=10000
[2026-08-15T03:10:43] METRIC cache_hit_ratio=0.8772
[2026-08-15T03:10:43] RUN_END status=OK
[2026-08-15T03:11:04] RUN_START run_id=SCALE_O_uDCN_10000_034
[2026-08-15T03:11:04] PARAM implementation=uDCN
[2026-08-15T03:11:04] METRIC unique_content_objects=10000
[2026-08-15T03:11:04] METRIC cache_hit_ratio=0.8009
[2026-08-15T03:11:04] RUN_END status=OK
[2026-08-15T03:11:45] RUN_START run_id=08_scalability_content_DISCARDED_0053
[2026-08-15T03:11:45] RUN_ABORTED reason=cache_warmup_incomplete: content-store did not reach steady-state hit ratio within the 30s warm-up window, run discarded
[2026-08-15T03:12:35] RUN_START run_id=SCALE_O_uDCN_10000_035
[2026-08-15T03:12:35] PARAM implementation=uDCN
[2026-08-15T03:12:35] METRIC unique_content_objects=10000
[2026-08-15T03:12:35] METRIC cache_hit_ratio=0.9016
[2026-08-15T03:12:35] RUN_END status=OK
[2026-08-15T03:13:46] RUN_START run_id=SCALE_O_uDCN_10000_036
[2026-08-15T03:13:46] PARAM implementation=uDCN
[2026-08-15T03:13:46] METRIC unique_content_objects=10000
[2026-08-15T03:13:46] METRIC cache_hit_ratio=0.886
[2026-08-15T03:13:46] RUN_END status=OK
[2026-08-15T03:16:47] RUN_START run_id=SCALE_O_uDCN_10000_037
[2026-08-15T03:16:47] PARAM implementation=uDCN
[2026-08-15T03:16:47] METRIC unique_content_objects=10000
[2026-08-15T03:16:47] METRIC cache_hit_ratio=0.9394
[2026-08-15T03:16:47] RUN_END status=OK
