[2026-08-20T17:14:20] RUN_START run_id=SCALE_O_NFD_1000000_146
[2026-08-20T17:14:20] PARAM implementation=NFD
[2026-08-20T17:14:20] METRIC unique_content_objects=1000000
[2026-08-20T17:14:20] METRIC cache_hit_ratio=0.2402
[2026-08-20T17:14:20] RUN_END status=OK
[2026-08-20T17:16:53] RUN_START run_id=SCALE_O_NFD_1000000_147
[2026-08-20T17:16:53] PARAM implementation=NFD
[2026-08-20T17:16:53] METRIC unique_content_objects=1000000
[2026-08-20T17:16:53] METRIC cache_hit_ratio=0.2613
[2026-08-20T17:16:53] RUN_END status=OK
[2026-08-20T17:17:08] RUN_START run_id=SCALE_O_NFD_100000_030
[2026-08-20T17:17:08] PARAM implementation=NFD
[2026-08-20T17:17:08] METRIC unique_content_objects=100000
[2026-08-20T17:17:08] METRIC cache_hit_ratio=0.6824
[2026-08-20T17:17:08] RUN_END status=OK
[2026-08-20T17:18:44] RUN_START run_id=SCALE_O_NFD_1000000_148
[2026-08-20T17:18:44] PARAM implementation=NFD
[2026-08-20T17:18:44] METRIC unique_content_objects=1000000
[2026-08-20T17:18:44] METRIC cache_hit_ratio=0.2485
[2026-08-20T17:18:44] RUN_END status=OK
[2026-08-20T17:19:24] RUN_START run_id=SCALE_O_NFD_100000_031
[2026-08-20T17:19:24] PARAM implementation=NFD
[2026-08-20T17:19:24] METRIC unique_content_objects=100000
[2026-08-20T17:19:24] METRIC cache_hit_ratio=0.6248
[2026-08-20T17:19:24] RUN_END status=OK
[2026-08-20T17:21:35] RUN_START run_id=SCALE_O_NFD_1000000_149
[2026-08-20T17:21:35] PARAM implementation=NFD
[2026-08-20T17:21:35] METRIC unique_content_objects=1000000
[2026-08-20T17:21:35] METRIC cache_hit_ratio=0.2684
[2026-08-20T17:21:35] RUN_END status=OK
[2026-08-20T17:23:54] RUN_START run_id=SCALE_O_NFD_1000000_150
[2026-08-20T17:23:54] PARAM implementation=NFD
[2026-08-20T17:23:54] METRIC unique_content_objects=1000000
[2026-08-20T17:23:54] METRIC cache_hit_ratio=0.2492
[2026-08-20T17:23:54] RUN_END status=OK
[2026-08-20T17:24:04] RUN_START run_id=SCALE_O_NFD_100000_032
[2026-08-20T17:24:04] PARAM implementation=NFD
[2026-08-20T17:24:04] METRIC unique_content_objects=100000
[2026-08-20T17:24:04] METRIC cache_hit_ratio=0.6371
[2026-08-20T17:24:04] RUN_END status=OK
[2026-08-20T18:26:01] RUN_START run_id=SCALE_O_uDCN_100000_090
[2026-08-20T18:26:01] PARAM implementation=uDCN
[2026-08-20T18:26:01] METRIC unique_content_objects=100000
[2026-08-20T18:26:01] METRIC cache_hit_ratio=0.7765
[2026-08-20T18:26:01] RUN_END status=OK
[2026-08-20T18:28:05] RUN_START run_id=SCALE_O_uDCN_100000_091
[2026-08-20T18:28:05] PARAM implementation=uDCN
[2026-08-20T18:28:05] METRIC unique_content_objects=100000
[2026-08-20T18:28:05] METRIC cache_hit_ratio=0.7902
[2026-08-20T18:28:05] RUN_END status=OK
[2026-08-20T18:31:19] RUN_START run_id=SCALE_O_uDCN_100000_092
[2026-08-20T18:31:19] PARAM implementation=uDCN
[2026-08-20T18:31:19] METRIC unique_content_objects=100000
[2026-08-20T18:31:19] METRIC cache_hit_ratio=0.8337
[2026-08-20T18:31:19] RUN_END status=OK
[2026-08-20T18:31:44] RUN_START run_id=SCALE_O_uDCN_100000_093
[2026-08-20T18:31:44] PARAM implementation=uDCN
[2026-08-20T18:31:44] METRIC unique_content_objects=100000
[2026-08-20T18:31:44] METRIC cache_hit_ratio=0.8484
[2026-08-20T18:31:44] RUN_END status=OK
[2026-08-20T18:33:12] RUN_START run_id=SCALE_O_uDCN_100000_094
[2026-08-20T18:33:12] PARAM implementation=uDCN
[2026-08-20T18:33:12] METRIC unique_content_objects=100000
[2026-08-20T18:33:12] METRIC cache_hit_ratio=0.7836
[2026-08-20T18:33:12] RUN_END status=OK
[2026-08-20T18:35:55] RUN_START run_id=SCALE_O_uDCN_100000_095
[2026-08-20T18:35:55] PARAM implementation=uDCN
[2026-08-20T18:35:55] METRIC unique_content_objects=100000
[2026-08-20T18:35:55] METRIC cache_hit_ratio=0.7779
[2026-08-20T18:35:55] RUN_END status=OK
[2026-08-20T18:37:31] RUN_START run_id=SCALE_O_uDCN_100000_096
[2026-08-20T18:37:31] PARAM implementation=uDCN
[2026-08-20T18:37:31] METRIC unique_content_objects=100000
[2026-08-20T18:37:31] METRIC cache_hit_ratio=0.7369
[2026-08-20T18:37:31] RUN_END status=OK
[2026-08-20T18:40:29] RUN_START run_id=SCALE_O_uDCN_100000_097
[2026-08-20T18:40:29] PARAM implementation=uDCN
[2026-08-20T18:40:29] METRIC unique_content_objects=100000
[2026-08-20T18:40:29] METRIC cache_hit_ratio=0.8471
[2026-08-20T18:40:29] RUN_END status=OK
[2026-08-20T18:45:10] RUN_START run_id=SCALE_O_uDCN_100000_098
[2026-08-20T18:45:10] PARAM implementation=uDCN
[2026-08-20T18:45:10] METRIC unique_content_objects=100000
[2026-08-20T18:45:10] METRIC cache_hit_ratio=0.8125
[2026-08-20T18:45:10] RUN_END status=OK
