[2026-08-13T18:43:42] RUN_START run_id=SCALE_O_uDCN_300000_018
[2026-08-13T18:43:42] PARAM implementation=uDCN
[2026-08-13T18:43:42] METRIC unique_content_objects=300000
[2026-08-13T18:43:42] METRIC cache_hit_ratio=0.6193
[2026-08-13T18:43:42] RUN_END status=OK
[2026-08-13T18:45:28] RUN_START run_id=SCALE_O_uDCN_300000_019
[2026-08-13T18:45:28] PARAM implementation=uDCN
[2026-08-13T18:45:28] METRIC unique_content_objects=300000
[2026-08-13T18:45:28] METRIC cache_hit_ratio=0.6089
[2026-08-13T18:45:28] RUN_END status=OK
[2026-08-13T18:47:17] RUN_START run_id=SCALE_O_uDCN_300000_020
[2026-08-13T18:47:17] PARAM implementation=uDCN
[2026-08-13T18:47:17] METRIC unique_content_objects=300000
[2026-08-13T18:47:17] METRIC cache_hit_ratio=0.5552
[2026-08-13T18:47:17] RUN_END status=OK
[2026-08-13T18:49:00] RUN_START run_id=SCALE_O_uDCN_300000_021
[2026-08-13T18:49:00] PARAM implementation=uDCN
[2026-08-13T18:49:00] METRIC unique_content_objects=300000
[2026-08-13T18:49:00] METRIC cache_hit_ratio=0.6051
[2026-08-13T18:49:00] RUN_END status=OK
[2026-08-13T18:52:09] RUN_START run_id=SCALE_O_uDCN_300000_022
[2026-08-13T18:52:09] PARAM implementation=uDCN
[2026-08-13T18:52:09] METRIC unique_content_objects=300000
[2026-08-13T18:52:09] METRIC cache_hit_ratio=0.5942
[2026-08-13T18:52:09] RUN_END status=OK
[2026-08-13T18:53:42] RUN_START run_id=08_scalability_content_DISCARDED_0030
[2026-08-13T18:53:42] RUN_ABORTED reason=cache_warmup_incomplete: content-store did not reach steady-state hit ratio within the 30s warm-up window, run discarded
[2026-08-13T18:55:46] RUN_START run_id=SCALE_O_uDCN_300000_023
[2026-08-13T18:55:46] PARAM implementation=uDCN
[2026-08-13T18:55:46] METRIC unique_content_objects=300000
[2026-08-13T18:55:46] METRIC cache_hit_ratio=0.6319
[2026-08-13T18:55:46] RUN_END status=OK
[2026-08-13T18:58:48] RUN_START run_id=SCALE_O_uDCN_300000_024
[2026-08-13T18:58:48] PARAM implementation=uDCN
[2026-08-13T18:58:48] METRIC unique_content_objects=300000
[2026-08-13T18:58:48] METRIC cache_hit_ratio=0.5688
[2026-08-13T18:58:48] RUN_END status=OK
[2026-08-13T19:03:57] RUN_START run_id=SCALE_O_uDCN_300000_025
[2026-08-13T19:03:57] PARAM implementation=uDCN
[2026-08-13T19:03:57] METRIC unique_content_objects=300000
[2026-08-13T19:03:57] METRIC cache_hit_ratio=0.5791
[2026-08-13T19:03:57] RUN_END status=OK
[2026-08-13T19:05:40] RUN_START run_id=SCALE_O_uDCN_300000_026
[2026-08-13T19:05:40] PARAM implementation=uDCN
[2026-08-13T19:05:40] METRIC unique_content_objects=300000
[2026-08-13T19:05:40] METRIC cache_hit_ratio=0.6077
[2026-08-13T19:05:40] RUN_END status=OK
[2026-08-13T19:09:45] RUN_START run_id=SCALE_O_uDCN_300000_027
[2026-08-13T19:09:45] PARAM implementation=uDCN
[2026-08-13T19:09:45] METRIC unique_content_objects=300000
[2026-08-13T19:09:45] METRIC cache_hit_ratio=0.6397
[2026-08-13T19:09:45] RUN_END status=OK
[2026-08-14T00:03:03] RUN_START run_id=SCALE_O_uDCN_5000000_106
[2026-08-14T00:03:03] PARAM implementation=uDCN
[2026-08-14T00:03:03] METRIC unique_content_objects=5000000
[2026-08-14T00:03:03] METRIC cache_hit_ratio=0.2561
[2026-08-14T00:03:03] RUN_END status=OK
[2026-08-14T00:04:25] RUN_START run_id=SCALE_O_uDCN_5000000_107
[2026-08-14T00:04:25] PARAM implementation=uDCN
[2026-08-14T00:04:25] METRIC unique_content_objects=5000000
[2026-08-14T00:04:25] METRIC cache_hit_ratio=0.2599
[2026-08-14T00:04:25] RUN_END status=OK
[2026-08-14T00:08:11] RUN_START run_id=SCALE_O_uDCN_5000000_108
[2026-08-14T00:08:11] PARAM implementation=uDCN
[2026-08-14T00:08:11] METRIC unique_content_objects=5000000
[2026-08-14T00:08:11] METRIC cache_hit_ratio=0.2589
[2026-08-14T00:08:11] RUN_END status=OK
