[2026-08-13T09:30:24] RUN_START run_id=SCALE_O_CCNlite_100000_020
[2026-08-13T09:30:24] PARAM implementation=CCNlite
[2026-08-13T09:30:24] METRIC unique_content_objects=100000
[2026-08-13T09:30:24] METRIC cache_hit_ratio=0.6172
[2026-08-13T09:30:24] RUN_END status=OK
[2026-08-13T09:35:16] RUN_START run_id=SCALE_O_CCNlite_100000_021
[2026-08-13T09:35:16] PARAM implementation=CCNlite
[2026-08-13T09:35:16] METRIC unique_content_objects=100000
[2026-08-13T09:35:16] METRIC cache_hit_ratio=0.5869
[2026-08-13T09:35:16] RUN_END status=OK
[2026-08-13T09:37:57] RUN_START run_id=SCALE_O_CCNlite_100000_022
[2026-08-13T09:37:57] PARAM implementation=CCNlite
[2026-08-13T09:37:57] METRIC unique_content_objects=100000
[2026-08-13T09:37:57] METRIC cache_hit_ratio=0.597
[2026-08-13T09:37:57] RUN_END status=OK
[2026-08-13T09:41:22] RUN_START run_id=SCALE_O_CCNlite_100000_023
[2026-08-13T09:41:22] PARAM implementation=CCNlite
[2026-08-13T09:41:22] METRIC unique_content_objects=100000
[2026-08-13T09:41:22] METRIC cache_hit_ratio=0.6567
[2026-08-13T09:41:22] RUN_END status=OK
[2026-08-13T09:42:02] RUN_START run_id=SCALE_O_CCNlite_100000_024
[2026-08-13T09:42:02] PARAM implementation=CCNlite
[2026-08-13T09:42:02] METRIC unique_content_objects=100000
[2026-08-13T09:42:02] METRIC cache_hit_ratio=0.6275
[2026-08-13T09:42:02] RUN_END status=OK
[2026-08-13T09:43:48] RUN_START run_id=SCALE_O_CCNlite_100000_025
[2026-08-13T09:43:48] PARAM implementation=CCNlite
[2026-08-13T09:43:48] METRIC unique_content_objects=100000
[2026-08-13T09:43:48] METRIC cache_hit_ratio=0.6938
[2026-08-13T09:43:48] RUN_END status=OK
[2026-08-13T09:46:16] RUN_START run_id=SCALE_O_CCNlite_100000_026
[2026-08-13T09:46:16] PARAM implementation=CCNlite
[2026-08-13T09:46:16] METRIC unique_content_objects=100000
[2026-08-13T09:46:16] METRIC cache_hit_ratio=0.651
[2026-08-13T09:46:16] RUN_END status=OK
[2026-08-13T09:50:49] RUN_START run_id=SCALE_O_CCNlite_100000_027
[2026-08-13T09:50:49] PARAM implementation=CCNlite
[2026-08-13T09:50:49] METRIC unique_content_objects=100000
[2026-08-13T09:50:49] METRIC cache_hit_ratio=0.661
[2026-08-13T09:50:49] RUN_END status=OK
[2026-08-13T09:52:09] RUN_START run_id=SCALE_O_CCNlite_100000_028
[2026-08-13T09:52:09] PARAM implementation=CCNlite
[2026-08-13T09:52:09] METRIC unique_content_objects=100000
[2026-08-13T09:52:09] METRIC cache_hit_ratio=0.6744
[2026-08-13T09:52:09] RUN_END status=OK
[2026-08-13T12:48:45] RUN_START run_id=SCALE_O_uDCN_1000_062
[2026-08-13T12:48:45] PARAM implementation=uDCN
[2026-08-13T12:48:45] METRIC unique_content_objects=1000
[2026-08-13T12:48:45] METRIC cache_hit_ratio=0.8832
[2026-08-13T12:48:45] RUN_END status=OK
[2026-08-13T12:50:05] RUN_START run_id=SCALE_O_uDCN_1000_063
[2026-08-13T12:50:05] PARAM implementation=uDCN
[2026-08-13T12:50:05] METRIC unique_content_objects=1000
[2026-08-13T12:50:05] METRIC cache_hit_ratio=0.9669
[2026-08-13T12:50:05] RUN_END status=OK
[2026-08-13T12:50:25] RUN_START run_id=SCALE_O_uDCN_1000_064
[2026-08-13T12:50:25] PARAM implementation=uDCN
[2026-08-13T12:50:25] METRIC unique_content_objects=1000
[2026-08-13T12:50:25] METRIC cache_hit_ratio=0.9474
[2026-08-13T12:50:25] RUN_END status=OK
[2026-08-13T12:50:59] RUN_START run_id=SCALE_O_uDCN_1000_065
[2026-08-13T12:50:59] PARAM implementation=uDCN
[2026-08-13T12:50:59] METRIC unique_content_objects=1000
[2026-08-13T12:50:59] METRIC cache_hit_ratio=0.9303
[2026-08-13T12:50:59] RUN_END status=OK
[2026-08-13T12:53:50] RUN_START run_id=SCALE_O_uDCN_1000_066
[2026-08-13T12:53:50] PARAM implementation=uDCN
[2026-08-13T12:53:50] METRIC unique_content_objects=1000
[2026-08-13T12:53:50] METRIC cache_hit_ratio=0.9091
[2026-08-13T12:53:50] RUN_END status=OK
[2026-08-13T12:57:37] RUN_START run_id=SCALE_O_uDCN_1000_067
[2026-08-13T12:57:37] PARAM implementation=uDCN
[2026-08-13T12:57:37] METRIC unique_content_objects=1000
[2026-08-13T12:57:37] METRIC cache_hit_ratio=0.9473
[2026-08-13T12:57:37] RUN_END status=OK
[2026-08-13T12:59:21] RUN_START run_id=SCALE_O_uDCN_1000_068
[2026-08-13T12:59:21] PARAM implementation=uDCN
[2026-08-13T12:59:21] METRIC unique_content_objects=1000
[2026-08-13T12:59:21] METRIC cache_hit_ratio=0.9234
[2026-08-13T12:59:21] RUN_END status=OK
[2026-08-13T13:01:55] RUN_START run_id=SCALE_O_uDCN_1000_069
[2026-08-13T13:01:55] PARAM implementation=uDCN
[2026-08-13T13:01:55] METRIC unique_content_objects=1000
[2026-08-13T13:01:55] METRIC cache_hit_ratio=0.9863
[2026-08-13T13:01:55] RUN_END status=OK
[2026-08-13T13:04:55] RUN_START run_id=SCALE_O_uDCN_1000_070
[2026-08-13T13:04:55] PARAM implementation=uDCN
[2026-08-13T13:04:55] METRIC unique_content_objects=1000
[2026-08-13T13:04:55] METRIC cache_hit_ratio=0.9427
[2026-08-13T13:04:55] RUN_END status=OK
