[2026-08-15T03:54:54] RUN_START run_id=SCALE_O_uDCN_10000_054
[2026-08-15T03:54:54] PARAM implementation=uDCN
[2026-08-15T03:54:54] METRIC unique_content_objects=10000
[2026-08-15T03:54:54] METRIC cache_hit_ratio=0.9069
[2026-08-15T03:54:54] RUN_END status=OK
[2026-08-15T03:56:25] RUN_START run_id=SCALE_O_uDCN_10000_055
[2026-08-15T03:56:25] PARAM implementation=uDCN
[2026-08-15T03:56:25] METRIC unique_content_objects=10000
[2026-08-15T03:56:25] METRIC cache_hit_ratio=0.8707
[2026-08-15T03:56:25] RUN_END status=OK
[2026-08-15T04:02:11] RUN_START run_id=SCALE_O_uDCN_10000_056
[2026-08-15T04:02:11] PARAM implementation=uDCN
[2026-08-15T04:02:11] METRIC unique_content_objects=10000
[2026-08-15T04:02:11] METRIC cache_hit_ratio=0.8803
[2026-08-15T04:02:11] RUN_END status=OK
[2026-08-15T04:43:26] RUN_START run_id=SCALE_O_PythonNDN_10000_036
[2026-08-15T04:43:26] PARAM implementation=PythonNDN
[2026-08-15T04:43:26] METRIC unique_content_objects=10000
[2026-08-15T04:43:26] METRIC cache_hit_ratio=0.7618
[2026-08-15T04:43:26] RUN_END status=OK
[2026-08-15T04:46:30] RUN_START run_id=SCALE_O_PythonNDN_10000_037
[2026-08-15T04:46:30] PARAM implementation=PythonNDN
[2026-08-15T04:46:30] METRIC unique_content_objects=10000
[2026-08-15T04:46:30] METRIC cache_hit_ratio=0.7835
[2026-08-15T04:46:30] RUN_END status=OK
[2026-08-15T04:51:53] RUN_START run_id=SCALE_O_PythonNDN_10000_038
[2026-08-15T04:51:53] PARAM implementation=PythonNDN
[2026-08-15T04:51:53] METRIC unique_content_objects=10000
[2026-08-15T04:51:53] METRIC cache_hit_ratio=0.7136
[2026-08-15T04:51:53] RUN_END status=OK
[2026-08-15T04:53:45] RUN_START run_id=SCALE_O_PythonNDN_10000_039
[2026-08-15T04:53:45] PARAM implementation=PythonNDN
[2026-08-15T04:53:45] METRIC unique_content_objects=10000
[2026-08-15T04:53:45] METRIC cache_hit_ratio=0.7564
[2026-08-15T04:53:45] RUN_END status=OK
[2026-08-15T04:57:52] RUN_START run_id=SCALE_O_PythonNDN_10000_040
[2026-08-15T04:57:52] PARAM implementation=PythonNDN
[2026-08-15T04:57:52] METRIC unique_content_objects=10000
[2026-08-15T04:57:52] METRIC cache_hit_ratio=0.773
[2026-08-15T04:57:52] RUN_END status=OK
[2026-08-15T04:59:07] RUN_START run_id=SCALE_O_PythonNDN_10000_041
[2026-08-15T04:59:07] PARAM implementation=PythonNDN
[2026-08-15T04:59:07] METRIC unique_content_objects=10000
[2026-08-15T04:59:07] METRIC cache_hit_ratio=0.7674
[2026-08-15T04:59:07] RUN_END status=OK
[2026-08-15T05:02:39] RUN_START run_id=SCALE_O_PythonNDN_10000_042
[2026-08-15T05:02:39] PARAM implementation=PythonNDN
[2026-08-15T05:02:39] METRIC unique_content_objects=10000
[2026-08-15T05:02:39] METRIC cache_hit_ratio=0.7542
[2026-08-15T05:02:39] RUN_END status=OK
[2026-08-15T05:03:32] RUN_START run_id=SCALE_O_PythonNDN_10000_043
[2026-08-15T05:03:32] PARAM implementation=PythonNDN
[2026-08-15T05:03:32] METRIC unique_content_objects=10000
[2026-08-15T05:03:32] METRIC cache_hit_ratio=0.7106
[2026-08-15T05:03:32] RUN_END status=OK
[2026-08-15T05:03:58] RUN_START run_id=SCALE_O_PythonNDN_10000_044
[2026-08-15T05:03:58] PARAM implementation=PythonNDN
[2026-08-15T05:03:58] METRIC unique_content_objects=10000
[2026-08-15T05:03:58] METRIC cache_hit_ratio=0.681
[2026-08-15T05:03:58] RUN_END status=OK
[2026-08-15T05:06:11] RUN_START run_id=SCALE_O_PythonNDN_10000_045
[2026-08-15T05:06:11] PARAM implementation=PythonNDN
[2026-08-15T05:06:11] METRIC unique_content_objects=10000
[2026-08-15T05:06:11] METRIC cache_hit_ratio=0.7731
[2026-08-15T05:06:11] RUN_END status=OK
[2026-08-15T05:08:18] RUN_START run_id=SCALE_O_PythonNDN_10000_046
[2026-08-15T05:08:18] PARAM implementation=PythonNDN
[2026-08-15T05:08:18] METRIC unique_content_objects=10000
[2026-08-15T05:08:18] METRIC cache_hit_ratio=0.7494
[2026-08-15T05:08:18] RUN_END status=OK
[2026-08-15T05:11:31] RUN_START run_id=SCALE_O_PythonNDN_10000_047
[2026-08-15T05:11:31] PARAM implementation=PythonNDN
[2026-08-15T05:11:31] METRIC unique_content_objects=10000
[2026-08-15T05:11:31] METRIC cache_hit_ratio=0.7356
[2026-08-15T05:11:31] RUN_END status=OK
[2026-08-15T05:11:53] RUN_START run_id=SCALE_O_PythonNDN_10000_048
[2026-08-15T05:11:53] PARAM implementation=PythonNDN
[2026-08-15T05:11:53] METRIC unique_content_objects=10000
[2026-08-15T05:11:53] METRIC cache_hit_ratio=0.7156
[2026-08-15T05:11:53] RUN_END status=OK
[2026-08-15T05:13:30] RUN_START run_id=SCALE_O_PythonNDN_10000_049
[2026-08-15T05:13:30] PARAM implementation=PythonNDN
[2026-08-15T05:13:30] METRIC unique_content_objects=10000
[2026-08-15T05:13:30] METRIC cache_hit_ratio=0.7439
[2026-08-15T05:13:30] RUN_END status=OK
[2026-08-15T05:14:46] RUN_START run_id=SCALE_O_PythonNDN_10000_050
[2026-08-15T05:14:46] PARAM implementation=PythonNDN
[2026-08-15T05:14:46] METRIC unique_content_objects=10000
[2026-08-15T05:14:46] METRIC cache_hit_ratio=0.705
[2026-08-15T05:14:46] RUN_END status=OK
[2026-08-15T05:16:13] RUN_START run_id=SCALE_O_PythonNDN_10000_051
[2026-08-15T05:16:13] PARAM implementation=PythonNDN
[2026-08-15T05:16:13] METRIC unique_content_objects=10000
[2026-08-15T05:16:13] METRIC cache_hit_ratio=0.7627
[2026-08-15T05:16:13] RUN_END status=OK
