[2026-08-20T07:11:20] RUN_START run_id=SCALE_O_CCNlite_1000000_084
[2026-08-20T07:11:20] PARAM implementation=CCNlite
[2026-08-20T07:11:20] METRIC unique_content_objects=1000000
[2026-08-20T07:11:20] METRIC cache_hit_ratio=0.2651
[2026-08-20T07:11:20] RUN_END status=OK
[2026-08-20T07:13:42] RUN_START run_id=SCALE_O_CCNlite_1000000_085
[2026-08-20T07:13:42] PARAM implementation=CCNlite
[2026-08-20T07:13:42] METRIC unique_content_objects=1000000
[2026-08-20T07:13:42] METRIC cache_hit_ratio=0.2577
[2026-08-20T07:13:42] RUN_END status=OK
[2026-08-20T07:15:44] RUN_START run_id=SCALE_O_CCNlite_1000000_086
[2026-08-20T07:15:44] PARAM implementation=CCNlite
[2026-08-20T07:15:44] METRIC unique_content_objects=1000000
[2026-08-20T07:15:44] METRIC cache_hit_ratio=0.2783
[2026-08-20T07:15:44] RUN_END status=OK
[2026-08-20T07:17:07] RUN_START run_id=SCALE_O_CCNlite_1000000_087
[2026-08-20T07:17:07] PARAM implementation=CCNlite
[2026-08-20T07:17:07] METRIC unique_content_objects=1000000
[2026-08-20T07:17:07] METRIC cache_hit_ratio=0.2746
[2026-08-20T07:17:07] RUN_END status=OK
[2026-08-20T07:18:44] RUN_START run_id=SCALE_O_CCNlite_1000000_088
[2026-08-20T07:18:44] PARAM implementation=CCNlite
[2026-08-20T07:18:44] METRIC unique_content_objects=1000000
[2026-08-20T07:18:44] METRIC cache_hit_ratio=0.2677
[2026-08-20T07:18:44] RUN_END status=OK
[2026-08-20T07:20:45] RUN_START run_id=SCALE_O_CCNlite_1000000_089
[2026-08-20T07:20:45] PARAM implementation=CCNlite
[2026-08-20T07:20:45] METRIC unique_content_objects=1000000
[2026-08-20T07:20:45] METRIC cache_hit_ratio=0.2683
[2026-08-20T07:20:45] RUN_END status=OK
[2026-08-20T07:21:43] RUN_START run_id=SCALE_O_CCNlite_1000000_090
[2026-08-20T07:21:43] PARAM implementation=CCNlite
[2026-08-20T07:21:43] METRIC unique_content_objects=1000000
[2026-08-20T07:21:43] METRIC cache_hit_ratio=0.2827
[2026-08-20T07:21:43] RUN_END status=OK
[2026-08-20T07:25:20] RUN_START run_id=SCALE_O_CCNlite_1000000_091
[2026-08-20T07:25:20] PARAM implementation=CCNlite
[2026-08-20T07:25:20] METRIC unique_content_objects=1000000
[2026-08-20T07:25:20] METRIC cache_hit_ratio=0.2747
[2026-08-20T07:25:20] RUN_END status=OK
[2026-08-20T07:28:23] RUN_START run_id=SCALE_O_CCNlite_1000000_092
[2026-08-20T07:28:23] PARAM implementation=CCNlite
[2026-08-20T07:28:23] METRIC unique_content_objects=1000000
[2026-08-20T07:28:23] METRIC cache_hit_ratio=0.2729
[2026-08-20T07:28:23] RUN_END status=OK
[2026-08-20T07:29:42] RUN_START run_id=SCALE_O_CCNlite_1000000_093
[2026-08-20T07:29:42] PARAM implementation=CCNlite
[2026-08-20T07:29:42] METRIC unique_content_objects=1000000
[2026-08-20T07:29:42] METRIC cache_hit_ratio=0.2875
[2026-08-20T07:29:42] RUN_END status=OK
[2026-08-20T07:31:33] RUN_START run_id=SCALE_O_CCNlite_1000000_094
[2026-08-20T07:31:33] PARAM implementation=CCNlite
[2026-08-20T07:31:33] METRIC unique_content_objects=1000000
[2026-08-20T07:31:33] METRIC cache_hit_ratio=0.2808
[2026-08-20T07:31:33] RUN_END status=OK
[2026-08-20T07:37:44] RUN_START run_id=SCALE_O_CCNlite_1000000_095
[2026-08-20T07:37:44] PARAM implementation=CCNlite
[2026-08-20T07:37:44] METRIC unique_content_objects=1000000
[2026-08-20T07:37:44] METRIC cache_hit_ratio=0.2603
[2026-08-20T07:37:44] RUN_END status=OK
[2026-08-20T07:39:12] RUN_START run_id=SCALE_O_CCNlite_1000000_096
[2026-08-20T07:39:12] PARAM implementation=CCNlite
[2026-08-20T07:39:12] METRIC unique_content_objects=1000000
[2026-08-20T07:39:12] METRIC cache_hit_ratio=0.2744
[2026-08-20T07:39:12] RUN_END status=OK
[2026-08-20T07:41:23] RUN_START run_id=SCALE_O_CCNlite_1000000_097
[2026-08-20T07:41:23] PARAM implementation=CCNlite
[2026-08-20T07:41:23] METRIC unique_content_objects=1000000
[2026-08-20T07:41:23] METRIC cache_hit_ratio=0.2657
[2026-08-20T07:41:23] RUN_END status=OK
[2026-08-20T07:45:14] RUN_START run_id=SCALE_O_CCNlite_1000000_098
[2026-08-20T07:45:14] PARAM implementation=CCNlite
[2026-08-20T07:45:14] METRIC unique_content_objects=1000000
[2026-08-20T07:45:14] METRIC cache_hit_ratio=0.2675
[2026-08-20T07:45:14] RUN_END status=OK
[2026-08-20T07:48:35] RUN_START run_id=SCALE_O_CCNlite_1000000_099
[2026-08-20T07:48:35] PARAM implementation=CCNlite
[2026-08-20T07:48:35] METRIC unique_content_objects=1000000
[2026-08-20T07:48:35] METRIC cache_hit_ratio=0.2735
[2026-08-20T07:48:35] RUN_END status=OK
[2026-08-20T07:50:02] RUN_START run_id=SCALE_O_CCNlite_1000000_100
[2026-08-20T07:50:02] PARAM implementation=CCNlite
[2026-08-20T07:50:02] METRIC unique_content_objects=1000000
[2026-08-20T07:50:02] METRIC cache_hit_ratio=0.2761
[2026-08-20T07:50:02] RUN_END status=OK
[2026-08-20T08:58:35] RUN_START run_id=SCALE_O_CCNlite_1000_140
[2026-08-20T08:58:35] PARAM implementation=CCNlite
[2026-08-20T08:58:35] METRIC unique_content_objects=1000
[2026-08-20T08:58:35] METRIC cache_hit_ratio=0.9033
[2026-08-20T08:58:35] RUN_END status=OK
[2026-08-20T09:01:59] RUN_START run_id=SCALE_O_CCNlite_1000_141
[2026-08-20T09:01:59] PARAM implementation=CCNlite
[2026-08-20T09:01:59] METRIC unique_content_objects=1000
[2026-08-20T09:01:59] METRIC cache_hit_ratio=0.903
[2026-08-20T09:01:59] RUN_END status=OK
[2026-08-20T09:05:22] RUN_START run_id=SCALE_O_CCNlite_1000_142
[2026-08-20T09:05:22] PARAM implementation=CCNlite
[2026-08-20T09:05:22] METRIC unique_content_objects=1000
[2026-08-20T09:05:22] METRIC cache_hit_ratio=0.8629
[2026-08-20T09:05:22] RUN_END status=OK
