[2026-08-21T05:18:22] RUN_START run_id=SCALE_O_uDCN_10000_122
[2026-08-21T05:18:22] PARAM implementation=uDCN
[2026-08-21T05:18:22] METRIC unique_content_objects=10000
[2026-08-21T05:18:22] METRIC cache_hit_ratio=0.9836
[2026-08-21T05:18:22] RUN_END status=OK
[2026-08-21T05:23:18] RUN_START run_id=SCALE_O_uDCN_10000_123
[2026-08-21T05:23:18] PARAM implementation=uDCN
[2026-08-21T05:23:18] METRIC unique_content_objects=10000
[2026-08-21T05:23:18] METRIC cache_hit_ratio=0.8693
[2026-08-21T05:23:18] RUN_END status=OK
[2026-08-21T05:25:11] RUN_START run_id=SCALE_O_uDCN_10000_124
[2026-08-21T05:25:11] PARAM implementation=uDCN
[2026-08-21T05:25:11] METRIC unique_content_objects=10000
[2026-08-21T05:25:11] METRIC cache_hit_ratio=0.902
[2026-08-21T05:25:11] RUN_END status=OK
[2026-08-21T05:26:05] RUN_START run_id=SCALE_O_uDCN_10000_125
[2026-08-21T05:26:05] PARAM implementation=uDCN
[2026-08-21T05:26:05] METRIC unique_content_objects=10000
[2026-08-21T05:26:05] METRIC cache_hit_ratio=0.9647
[2026-08-21T05:26:05] RUN_END status=OK
[2026-08-21T05:28:56] RUN_START run_id=SCALE_O_uDCN_10000_126
[2026-08-21T05:28:56] PARAM implementation=uDCN
[2026-08-21T05:28:56] METRIC unique_content_objects=10000
[2026-08-21T05:28:56] METRIC cache_hit_ratio=0.8829
[2026-08-21T05:28:56] RUN_END status=OK
[2026-08-21T05:31:10] RUN_START run_id=SCALE_O_uDCN_10000_127
[2026-08-21T05:31:10] PARAM implementation=uDCN
[2026-08-21T05:31:10] METRIC unique_content_objects=10000
[2026-08-21T05:31:10] METRIC cache_hit_ratio=0.9615
[2026-08-21T05:31:10] RUN_END status=OK
[2026-08-21T05:32:12] RUN_START run_id=SCALE_O_uDCN_10000_128
[2026-08-21T05:32:12] PARAM implementation=uDCN
[2026-08-21T05:32:12] METRIC unique_content_objects=10000
[2026-08-21T05:32:12] METRIC cache_hit_ratio=0.8675
[2026-08-21T05:32:12] RUN_END status=OK
[2026-08-21T05:34:10] RUN_START run_id=SCALE_O_uDCN_10000_129
[2026-08-21T05:34:10] PARAM implementation=uDCN
[2026-08-21T05:34:10] METRIC unique_content_objects=10000
[2026-08-21T05:34:10] METRIC cache_hit_ratio=0.8381
[2026-08-21T05:34:10] RUN_END status=OK
[2026-08-21T09:44:41] RUN_START run_id=SCALE_O_PythonNDN_300000_128
[2026-08-21T09:44:41] PARAM implementation=PythonNDN
[2026-08-21T09:44:41] METRIC unique_content_objects=300000
[2026-08-21T09:44:41] METRIC cache_hit_ratio=0.2378
[2026-08-21T09:44:41] RUN_END status=OK
[2026-08-21T09:46:55] RUN_START run_id=SCALE_O_PythonNDN_300000_129
[2026-08-21T09:46:55] PARAM implementation=PythonNDN
[2026-08-21T09:46:55] METRIC unique_content_objects=300000
[2026-08-21T09:46:55] METRIC cache_hit_ratio=0.2533
[2026-08-21T09:46:55] RUN_END status=OK
[2026-08-21T09:48:39] RUN_START run_id=SCALE_O_PythonNDN_300000_130
[2026-08-21T09:48:39] PARAM implementation=PythonNDN
[2026-08-21T09:48:39] METRIC unique_content_objects=300000
[2026-08-21T09:48:39] METRIC cache_hit_ratio=0.2552
[2026-08-21T09:48:39] RUN_END status=OK
[2026-08-21T09:51:21] RUN_START run_id=SCALE_O_PythonNDN_300000_131
[2026-08-21T09:51:21] PARAM implementation=PythonNDN
[2026-08-21T09:51:21] METRIC unique_content_objects=300000
[2026-08-21T09:51:21] METRIC cache_hit_ratio=0.2437
[2026-08-21T09:51:21] RUN_END status=OK
[2026-08-21T09:53:28] RUN_START run_id=SCALE_O_PythonNDN_300000_132
[2026-08-21T09:53:28] PARAM implementation=PythonNDN
[2026-08-21T09:53:28] METRIC unique_content_objects=300000
[2026-08-21T09:53:28] METRIC cache_hit_ratio=0.2622
[2026-08-21T09:53:28] RUN_END status=OK
[2026-08-21T09:56:42] RUN_START run_id=SCALE_O_PythonNDN_300000_133
[2026-08-21T09:56:42] PARAM implementation=PythonNDN
[2026-08-21T09:56:42] METRIC unique_content_objects=300000
[2026-08-21T09:56:42] METRIC cache_hit_ratio=0.2324
[2026-08-21T09:56:42] RUN_END status=OK
[2026-08-21T09:59:11] RUN_START run_id=SCALE_O_PythonNDN_300000_134
[2026-08-21T09:59:11] PARAM implementation=PythonNDN
[2026-08-21T09:59:11] METRIC unique_content_objects=300000
[2026-08-21T09:59:11] METRIC cache_hit_ratio=0.2352
[2026-08-21T09:59:11] RUN_END status=OK
[2026-08-21T09:59:46] RUN_START run_id=SCALE_O_PythonNDN_300000_135
[2026-08-21T09:59:46] PARAM implementation=PythonNDN
[2026-08-21T09:59:46] METRIC unique_content_objects=300000
[2026-08-21T09:59:46] METRIC cache_hit_ratio=0.2584
[2026-08-21T09:59:46] RUN_END status=OK
[2026-08-21T10:00:40] RUN_START run_id=SCALE_O_PythonNDN_300000_136
[2026-08-21T10:00:40] PARAM implementation=PythonNDN
[2026-08-21T10:00:40] METRIC unique_content_objects=300000
[2026-08-21T10:00:40] METRIC cache_hit_ratio=0.246
[2026-08-21T10:00:40] RUN_END status=OK
[2026-08-21T10:01:59] RUN_START run_id=SCALE_O_PythonNDN_300000_137
[2026-08-21T10:01:59] PARAM implementation=PythonNDN
[2026-08-21T10:01:59] METRIC unique_content_objects=300000
[2026-08-21T10:01:59] METRIC cache_hit_ratio=0.2623
[2026-08-21T10:01:59] RUN_END status=OK
