[2026-08-19T02:12:01] RUN_START run_id=SCALE_O_CCNlite_1000000_060
[2026-08-19T02:12:01] PARAM implementation=CCNlite
[2026-08-19T02:12:01] METRIC unique_content_objects=1000000
[2026-08-19T02:12:01] METRIC cache_hit_ratio=0.2918
[2026-08-19T02:12:01] RUN_END status=OK
[2026-08-19T02:14:32] RUN_START run_id=SCALE_O_CCNlite_1000000_061
[2026-08-19T02:14:32] PARAM implementation=CCNlite
[2026-08-19T02:14:32] METRIC unique_content_objects=1000000
[2026-08-19T02:14:32] METRIC cache_hit_ratio=0.2906
[2026-08-19T02:14:32] RUN_END status=OK
[2026-08-19T02:15:44] RUN_START run_id=SCALE_O_CCNlite_1000000_062
[2026-08-19T02:15:44] PARAM implementation=CCNlite
[2026-08-19T02:15:44] METRIC unique_content_objects=1000000
[2026-08-19T02:15:44] METRIC cache_hit_ratio=0.2723
[2026-08-19T02:15:44] RUN_END status=OK
[2026-08-19T02:19:25] RUN_START run_id=SCALE_O_CCNlite_1000000_063
[2026-08-19T02:19:25] PARAM implementation=CCNlite
[2026-08-19T02:19:25] METRIC unique_content_objects=1000000
[2026-08-19T02:19:25] METRIC cache_hit_ratio=0.2722
[2026-08-19T02:19:25] RUN_END status=OK
[2026-08-19T02:20:04] RUN_START run_id=08_scalability_content_DISCARDED_0123
[2026-08-19T02:20:04] RUN_ABORTED reason=cache_warmup_incomplete: content-store did not reach steady-state hit ratio within the 30s warm-up window, run discarded
[2026-08-19T02:20:15] RUN_START run_id=SCALE_O_CCNlite_1000000_064
[2026-08-19T02:20:15] PARAM implementation=CCNlite
[2026-08-19T02:20:15] METRIC unique_content_objects=1000000
[2026-08-19T02:20:15] METRIC cache_hit_ratio=0.2614
[2026-08-19T02:20:15] RUN_END status=OK
[2026-08-19T02:22:37] RUN_START run_id=SCALE_O_CCNlite_1000000_065
[2026-08-19T02:22:37] PARAM implementation=CCNlite
[2026-08-19T02:22:37] METRIC unique_content_objects=1000000
[2026-08-19T02:22:37] METRIC cache_hit_ratio=0.2606
[2026-08-19T02:22:37] RUN_END status=OK
[2026-08-19T02:25:12] RUN_START run_id=SCALE_O_CCNlite_1000000_066
[2026-08-19T02:25:12] PARAM implementation=CCNlite
[2026-08-19T02:25:12] METRIC unique_content_objects=1000000
[2026-08-19T02:25:12] METRIC cache_hit_ratio=0.2651
[2026-08-19T02:25:12] RUN_END status=OK
[2026-08-19T02:28:22] RUN_START run_id=SCALE_O_CCNlite_1000000_067
[2026-08-19T02:28:22] PARAM implementation=CCNlite
[2026-08-19T02:28:22] METRIC unique_content_objects=1000000
[2026-08-19T02:28:22] METRIC cache_hit_ratio=0.2674
[2026-08-19T02:28:22] RUN_END status=OK
[2026-08-19T02:34:13] RUN_START run_id=SCALE_O_CCNlite_1000000_068
[2026-08-19T02:34:13] PARAM implementation=CCNlite
[2026-08-19T02:34:13] METRIC unique_content_objects=1000000
[2026-08-19T02:34:13] METRIC cache_hit_ratio=0.2588
[2026-08-19T02:34:13] RUN_END status=OK
[2026-08-19T02:35:20] RUN_START run_id=SCALE_O_CCNlite_1000000_069
[2026-08-19T02:35:20] PARAM implementation=CCNlite
[2026-08-19T02:35:20] METRIC unique_content_objects=1000000
[2026-08-19T02:35:20] METRIC cache_hit_ratio=0.2931
[2026-08-19T02:35:20] RUN_END status=OK
[2026-08-19T02:36:19] RUN_START run_id=SCALE_O_CCNlite_1000000_070
[2026-08-19T02:36:19] PARAM implementation=CCNlite
[2026-08-19T02:36:19] METRIC unique_content_objects=1000000
[2026-08-19T02:36:19] METRIC cache_hit_ratio=0.2651
[2026-08-19T02:36:19] RUN_END status=OK
[2026-08-19T03:14:45] RUN_START run_id=SCALE_O_uDCN_100000_034
[2026-08-19T03:14:45] PARAM implementation=uDCN
[2026-08-19T03:14:45] METRIC unique_content_objects=100000
[2026-08-19T03:14:45] METRIC cache_hit_ratio=0.8135
[2026-08-19T03:14:45] RUN_END status=OK
[2026-08-19T03:17:14] RUN_START run_id=SCALE_O_uDCN_100000_035
[2026-08-19T03:17:14] PARAM implementation=uDCN
[2026-08-19T03:17:14] METRIC unique_content_objects=100000
[2026-08-19T03:17:14] METRIC cache_hit_ratio=0.8061
[2026-08-19T03:17:14] RUN_END status=OK
[2026-08-19T03:20:27] RUN_START run_id=SCALE_O_uDCN_100000_036
[2026-08-19T03:20:27] PARAM implementation=uDCN
[2026-08-19T03:20:27] METRIC unique_content_objects=100000
[2026-08-19T03:20:27] METRIC cache_hit_ratio=0.8114
[2026-08-19T03:20:27] RUN_END status=OK
[2026-08-19T03:23:32] RUN_START run_id=SCALE_O_uDCN_100000_037
[2026-08-19T03:23:32] PARAM implementation=uDCN
[2026-08-19T03:23:32] METRIC unique_content_objects=100000
[2026-08-19T03:23:32] METRIC cache_hit_ratio=0.8194
[2026-08-19T03:23:32] RUN_END status=OK
