[2026-08-19T03:25:39] RUN_START run_id=SCALE_O_uDCN_100000_038
[2026-08-19T03:25:39] PARAM implementation=uDCN
[2026-08-19T03:25:39] METRIC unique_content_objects=100000
[2026-08-19T03:25:39] METRIC cache_hit_ratio=0.8274
[2026-08-19T03:25:39] RUN_END status=OK
[2026-08-19T03:29:08] RUN_START run_id=SCALE_O_uDCN_100000_039
[2026-08-19T03:29:08] PARAM implementation=uDCN
[2026-08-19T03:29:08] METRIC unique_content_objects=100000
[2026-08-19T03:29:08] METRIC cache_hit_ratio=0.821
[2026-08-19T03:29:08] RUN_END status=OK
[2026-08-19T03:30:58] RUN_START run_id=SCALE_O_uDCN_100000_040
[2026-08-19T03:30:58] PARAM implementation=uDCN
[2026-08-19T03:30:58] METRIC unique_content_objects=100000
[2026-08-19T03:30:58] METRIC cache_hit_ratio=0.827
[2026-08-19T03:30:58] RUN_END status=OK
[2026-08-19T03:34:59] RUN_START run_id=SCALE_O_uDCN_100000_041
[2026-08-19T03:34:59] PARAM implementation=uDCN
[2026-08-19T03:34:59] METRIC unique_content_objects=100000
[2026-08-19T03:34:59] METRIC cache_hit_ratio=0.874
[2026-08-19T03:34:59] RUN_END status=OK
[2026-08-19T03:35:58] RUN_START run_id=SCALE_O_uDCN_100000_042
[2026-08-19T03:35:58] PARAM implementation=uDCN
[2026-08-19T03:35:58] METRIC unique_content_objects=100000
[2026-08-19T03:35:58] METRIC cache_hit_ratio=0.8039
[2026-08-19T03:35:58] RUN_END status=OK
[2026-08-19T03:36:48] RUN_START run_id=SCALE_O_uDCN_100000_043
[2026-08-19T03:36:48] PARAM implementation=uDCN
[2026-08-19T03:36:48] METRIC unique_content_objects=100000
[2026-08-19T03:36:48] METRIC cache_hit_ratio=0.8433
[2026-08-19T03:36:48] RUN_END status=OK
[2026-08-19T03:38:25] RUN_START run_id=SCALE_O_uDCN_100000_044
[2026-08-19T03:38:25] PARAM implementation=uDCN
[2026-08-19T03:38:25] METRIC unique_content_objects=100000
[2026-08-19T03:38:25] METRIC cache_hit_ratio=0.7888
[2026-08-19T03:38:25] RUN_END status=OK
[2026-08-19T03:41:26] RUN_START run_id=SCALE_O_uDCN_100000_045
[2026-08-19T03:41:26] PARAM implementation=uDCN
[2026-08-19T03:41:26] METRIC unique_content_objects=100000
[2026-08-19T03:41:26] METRIC cache_hit_ratio=0.8514
[2026-08-19T03:41:26] RUN_END status=OK
[2026-08-19T03:43:10] RUN_START run_id=SCALE_O_uDCN_100000_046
[2026-08-19T03:43:10] PARAM implementation=uDCN
[2026-08-19T03:43:10] METRIC unique_content_objects=100000
[2026-08-19T03:43:10] METRIC cache_hit_ratio=0.8104
[2026-08-19T03:43:10] RUN_END status=OK
[2026-08-19T03:44:53] RUN_START run_id=SCALE_O_uDCN_100000_047
[2026-08-19T03:44:53] PARAM implementation=uDCN
[2026-08-19T03:44:53] METRIC unique_content_objects=100000
[2026-08-19T03:44:53] METRIC cache_hit_ratio=0.8253
[2026-08-19T03:44:53] RUN_END status=OK
[2026-08-19T03:46:28] RUN_START run_id=SCALE_O_uDCN_100000_048
[2026-08-19T03:46:28] PARAM implementation=uDCN
[2026-08-19T03:46:28] METRIC unique_content_objects=100000
[2026-08-19T03:46:28] METRIC cache_hit_ratio=0.7942
[2026-08-19T03:46:28] RUN_END status=OK
[2026-08-19T03:47:35] RUN_START run_id=SCALE_O_uDCN_100000_049
[2026-08-19T03:47:35] PARAM implementation=uDCN
[2026-08-19T03:47:35] METRIC unique_content_objects=100000
[2026-08-19T03:47:35] METRIC cache_hit_ratio=0.8814
[2026-08-19T03:47:35] RUN_END status=OK
[2026-08-19T03:51:00] RUN_START run_id=SCALE_O_uDCN_100000_050
[2026-08-19T03:51:00] PARAM implementation=uDCN
[2026-08-19T03:51:00] METRIC unique_content_objects=100000
[2026-08-19T03:51:00] METRIC cache_hit_ratio=0.8429
[2026-08-19T03:51:00] RUN_END status=OK
[2026-08-19T03:53:27] RUN_START run_id=SCALE_O_uDCN_100000_051
[2026-08-19T03:53:27] PARAM implementation=uDCN
[2026-08-19T03:53:27] METRIC unique_content_objects=100000
[2026-08-19T03:53:27] METRIC cache_hit_ratio=0.8791
[2026-08-19T03:53:27] RUN_END status=OK
[2026-08-19T03:56:37] RUN_START run_id=SCALE_O_uDCN_100000_052
[2026-08-19T03:56:37] PARAM implementation=uDCN
[2026-08-19T03:56:37] METRIC unique_content_objects=100000
[2026-08-19T03:56:37] METRIC cache_hit_ratio=0.8226
[2026-08-19T03:56:37] RUN_END status=OK
[2026-08-19T03:59:26] RUN_START run_id=SCALE_O_uDCN_100000_053
[2026-08-19T03:59:26] PARAM implementation=uDCN
[2026-08-19T03:59:26] METRIC unique_content_objects=100000
[2026-08-19T03:59:26] METRIC cache_hit_ratio=0.7575
[2026-08-19T03:59:26] RUN_END status=OK
[2026-08-19T04:02:01] RUN_START run_id=SCALE_O_uDCN_100000_054
[2026-08-19T04:02:01] PARAM implementation=uDCN
[2026-08-19T04:02:01] METRIC unique_content_objects=100000
[2026-08-19T04:02:01] METRIC cache_hit_ratio=0.8079
[2026-08-19T04:02:01] RUN_END status=OK
