[2026-08-22T08:29:19] RUN_START run_id=SCALE_O_NFD_10000_087
[2026-08-22T08:29:19] PARAM implementation=NFD
[2026-08-22T08:29:19] METRIC unique_content_objects=10000
[2026-08-22T08:29:19] METRIC cache_hit_ratio=0.7571
[2026-08-22T08:29:19] RUN_END status=OK
[2026-08-22T08:30:14] RUN_START run_id=SCALE_O_NFD_10000_088
[2026-08-22T08:30:14] PARAM implementation=NFD
[2026-08-22T08:30:14] METRIC unique_content_objects=10000
[2026-08-22T08:30:14] METRIC cache_hit_ratio=0.8027
[2026-08-22T08:30:14] RUN_END status=OK
[2026-08-22T08:31:00] RUN_START run_id=SCALE_O_uDCN_10000_138
[2026-08-22T08:31:00] PARAM implementation=uDCN
[2026-08-22T08:31:00] METRIC unique_content_objects=10000
[2026-08-22T08:31:00] METRIC cache_hit_ratio=0.8739
[2026-08-22T08:31:00] RUN_END status=OK
[2026-08-22T08:32:25] RUN_START run_id=SCALE_O_NFD_10000_089
[2026-08-22T08:32:25] PARAM implementation=NFD
[2026-08-22T08:32:25] METRIC unique_content_objects=10000
[2026-08-22T08:32:25] METRIC cache_hit_ratio=0.8653
[2026-08-22T08:32:25] RUN_END status=OK
[2026-08-22T08:33:24] RUN_START run_id=SCALE_O_NFD_10000_090
[2026-08-22T08:33:24] PARAM implementation=NFD
[2026-08-22T08:33:24] METRIC unique_content_objects=10000
[2026-08-22T08:33:24] METRIC cache_hit_ratio=0.7659
[2026-08-22T08:33:24] RUN_END status=OK
[2026-08-22T08:33:33] RUN_START run_id=SCALE_O_uDCN_10000_139
[2026-08-22T08:33:33] PARAM implementation=uDCN
[2026-08-22T08:33:33] METRIC unique_content_objects=10000
[2026-08-22T08:33:33] METRIC cache_hit_ratio=0.887
[2026-08-22T08:33:33] RUN_END status=OK
[2026-08-22T08:34:37] RUN_START run_id=SCALE_O_NFD_10000_091
[2026-08-22T08:34:37] PARAM implementation=NFD
[2026-08-22T08:34:37] METRIC unique_content_objects=10000
[2026-08-22T08:34:37] METRIC cache_hit_ratio=0.7752
[2026-08-22T08:34:37] RUN_END status=OK
[2026-08-22T08:36:14] RUN_START run_id=SCALE_O_uDCN_10000_140
[2026-08-22T08:36:14] PARAM implementation=uDCN
[2026-08-22T08:36:14] METRIC unique_content_objects=10000
[2026-08-22T08:36:14] METRIC cache_hit_ratio=0.8784
[2026-08-22T08:36:14] RUN_END status=OK
[2026-08-22T08:38:15] RUN_START run_id=SCALE_O_NFD_10000_092
[2026-08-22T08:38:15] PARAM implementation=NFD
[2026-08-22T08:38:15] METRIC unique_content_objects=10000
[2026-08-22T08:38:15] METRIC cache_hit_ratio=0.8223
[2026-08-22T08:38:15] RUN_END status=OK
[2026-08-22T08:38:34] RUN_START run_id=SCALE_O_uDCN_10000_141
[2026-08-22T08:38:34] PARAM implementation=uDCN
[2026-08-22T08:38:34] METRIC unique_content_objects=10000
[2026-08-22T08:38:34] METRIC cache_hit_ratio=0.8247
[2026-08-22T08:38:34] RUN_END status=OK
[2026-08-22T08:41:12] RUN_START run_id=SCALE_O_NFD_10000_093
[2026-08-22T08:41:12] PARAM implementation=NFD
[2026-08-22T08:41:12] METRIC unique_content_objects=10000
[2026-08-22T08:41:12] METRIC cache_hit_ratio=0.8582
[2026-08-22T08:41:12] RUN_END status=OK
[2026-08-22T08:42:31] RUN_START run_id=SCALE_O_NFD_10000_094
[2026-08-22T08:42:31] PARAM implementation=NFD
[2026-08-22T08:42:31] METRIC unique_content_objects=10000
[2026-08-22T08:42:31] METRIC cache_hit_ratio=0.8152
[2026-08-22T08:42:31] RUN_END status=OK
