[2026-08-18T16:42:13] RUN_START run_id=SCALE_O_uDCN_10000_098
[2026-08-18T16:42:13] PARAM implementation=uDCN
[2026-08-18T16:42:13] METRIC unique_content_objects=10000
[2026-08-18T16:42:13] METRIC cache_hit_ratio=0.8765
[2026-08-18T16:42:13] RUN_END status=OK
[2026-08-18T16:43:33] RUN_START run_id=SCALE_O_uDCN_10000_099
[2026-08-18T16:43:33] PARAM implementation=uDCN
[2026-08-18T16:43:33] METRIC unique_content_objects=10000
[2026-08-18T16:43:33] METRIC cache_hit_ratio=0.8177
[2026-08-18T16:43:33] RUN_END status=OK
[2026-08-18T16:45:02] RUN_START run_id=SCALE_O_uDCN_10000_100
[2026-08-18T16:45:02] PARAM implementation=uDCN
[2026-08-18T16:45:02] METRIC unique_content_objects=10000
[2026-08-18T16:45:02] METRIC cache_hit_ratio=0.9314
[2026-08-18T16:45:02] RUN_END status=OK
[2026-08-18T20:35:13] RUN_START run_id=SCALE_O_NFD_1000000_049
[2026-08-18T20:35:13] PARAM implementation=NFD
[2026-08-18T20:35:13] METRIC unique_content_objects=1000000
[2026-08-18T20:35:13] METRIC cache_hit_ratio=0.2456
[2026-08-18T20:35:13] RUN_END status=OK
[2026-08-18T20:38:05] RUN_START run_id=SCALE_O_NFD_1000000_050
[2026-08-18T20:38:05] PARAM implementation=NFD
[2026-08-18T20:38:05] METRIC unique_content_objects=1000000
[2026-08-18T20:38:05] METRIC cache_hit_ratio=0.2433
[2026-08-18T20:38:05] RUN_END status=OK
[2026-08-18T20:40:14] RUN_START run_id=SCALE_O_NFD_1000000_051
[2026-08-18T20:40:14] PARAM implementation=NFD
[2026-08-18T20:40:14] METRIC unique_content_objects=1000000
[2026-08-18T20:40:14] METRIC cache_hit_ratio=0.2669
[2026-08-18T20:40:14] RUN_END status=OK
[2026-08-18T20:41:03] RUN_START run_id=08_scalability_content_DISCARDED_0116
[2026-08-18T20:41:03] RUN_ABORTED reason=cache_warmup_incomplete: content-store did not reach steady-state hit ratio within the 30s warm-up window, run discarded
[2026-08-18T20:41:25] RUN_START run_id=SCALE_O_NFD_1000000_052
[2026-08-18T20:41:25] PARAM implementation=NFD
[2026-08-18T20:41:25] METRIC unique_content_objects=1000000
[2026-08-18T20:41:25] METRIC cache_hit_ratio=0.2481
[2026-08-18T20:41:25] RUN_END status=OK
[2026-08-18T20:43:01] RUN_START run_id=SCALE_O_NFD_1000000_053
[2026-08-18T20:43:01] PARAM implementation=NFD
[2026-08-18T20:43:01] METRIC unique_content_objects=1000000
[2026-08-18T20:43:01] METRIC cache_hit_ratio=0.2464
[2026-08-18T20:43:01] RUN_END status=OK
[2026-08-18T20:45:47] RUN_START run_id=SCALE_O_NFD_1000000_054
[2026-08-18T20:45:47] PARAM implementation=NFD
[2026-08-18T20:45:47] METRIC unique_content_objects=1000000
[2026-08-18T20:45:47] METRIC cache_hit_ratio=0.2343
[2026-08-18T20:45:47] RUN_END status=OK
[2026-08-18T20:47:09] RUN_START run_id=SCALE_O_NFD_1000000_055
[2026-08-18T20:47:09] PARAM implementation=NFD
[2026-08-18T20:47:09] METRIC unique_content_objects=1000000
[2026-08-18T20:47:09] METRIC cache_hit_ratio=0.2396
[2026-08-18T20:47:09] RUN_END status=OK
[2026-08-18T20:50:05] RUN_START run_id=SCALE_O_NFD_1000000_056
[2026-08-18T20:50:05] PARAM implementation=NFD
[2026-08-18T20:50:05] METRIC unique_content_objects=1000000
[2026-08-18T20:50:05] METRIC cache_hit_ratio=0.2566
[2026-08-18T20:50:05] RUN_END status=OK
[2026-08-18T20:51:48] RUN_START run_id=SCALE_O_NFD_1000000_057
[2026-08-18T20:51:48] PARAM implementation=NFD
[2026-08-18T20:51:48] METRIC unique_content_objects=1000000
[2026-08-18T20:51:48] METRIC cache_hit_ratio=0.2245
[2026-08-18T20:51:48] RUN_END status=OK
[2026-08-18T20:54:33] RUN_START run_id=SCALE_O_NFD_1000000_058
[2026-08-18T20:54:33] PARAM implementation=NFD
[2026-08-18T20:54:33] METRIC unique_content_objects=1000000
[2026-08-18T20:54:33] METRIC cache_hit_ratio=0.2522
[2026-08-18T20:54:33] RUN_END status=OK
[2026-08-18T20:56:14] RUN_START run_id=SCALE_O_NFD_1000000_059
[2026-08-18T20:56:14] PARAM implementation=NFD
[2026-08-18T20:56:14] METRIC unique_content_objects=1000000
[2026-08-18T20:56:14] METRIC cache_hit_ratio=0.259
[2026-08-18T20:56:14] RUN_END status=OK
[2026-08-18T20:57:20] RUN_START run_id=SCALE_O_NFD_1000000_060
[2026-08-18T20:57:20] PARAM implementation=NFD
[2026-08-18T20:57:20] METRIC unique_content_objects=1000000
[2026-08-18T20:57:20] METRIC cache_hit_ratio=0.2608
[2026-08-18T20:57:20] RUN_END status=OK
[2026-08-18T20:59:00] RUN_START run_id=SCALE_O_NFD_1000000_061
[2026-08-18T20:59:00] PARAM implementation=NFD
[2026-08-18T20:59:00] METRIC unique_content_objects=1000000
[2026-08-18T20:59:00] METRIC cache_hit_ratio=0.25
[2026-08-18T20:59:00] RUN_END status=OK
