[2026-08-24T18:07:26] RUN_START run_id=SCALE_O_PythonNDN_1000_057
[2026-08-24T18:07:26] PARAM implementation=PythonNDN
[2026-08-24T18:07:26] METRIC unique_content_objects=1000
[2026-08-24T18:07:26] METRIC cache_hit_ratio=0.8885
[2026-08-24T18:07:26] RUN_END status=OK
[2026-08-24T18:09:17] RUN_START run_id=SCALE_O_PythonNDN_1000_058
[2026-08-24T18:09:17] PARAM implementation=PythonNDN
[2026-08-24T18:09:17] METRIC unique_content_objects=1000
[2026-08-24T18:09:17] METRIC cache_hit_ratio=0.8883
[2026-08-24T18:09:17] RUN_END status=OK
[2026-08-24T18:12:42] RUN_START run_id=SCALE_O_PythonNDN_1000_059
[2026-08-24T18:12:42] PARAM implementation=PythonNDN
[2026-08-24T18:12:42] METRIC unique_content_objects=1000
[2026-08-24T18:12:42] METRIC cache_hit_ratio=0.9235
[2026-08-24T18:12:42] RUN_END status=OK
[2026-08-24T18:14:50] RUN_START run_id=SCALE_O_PythonNDN_1000_060
[2026-08-24T18:14:50] PARAM implementation=PythonNDN
[2026-08-24T18:14:50] METRIC unique_content_objects=1000
[2026-08-24T18:14:50] METRIC cache_hit_ratio=0.886
[2026-08-24T18:14:50] RUN_END status=OK
[2026-08-24T18:15:53] RUN_START run_id=SCALE_O_PythonNDN_1000_061
[2026-08-24T18:15:53] PARAM implementation=PythonNDN
[2026-08-24T18:15:53] METRIC unique_content_objects=1000
[2026-08-24T18:15:53] METRIC cache_hit_ratio=0.9036
[2026-08-24T18:15:53] RUN_END status=OK
[2026-08-24T18:18:53] RUN_START run_id=SCALE_O_PythonNDN_1000_062
[2026-08-24T18:18:53] PARAM implementation=PythonNDN
[2026-08-24T18:18:53] METRIC unique_content_objects=1000
[2026-08-24T18:18:53] METRIC cache_hit_ratio=0.8928
[2026-08-24T18:18:53] RUN_END status=OK
[2026-08-24T18:24:29] RUN_START run_id=SCALE_O_PythonNDN_1000_063
[2026-08-24T18:24:29] PARAM implementation=PythonNDN
[2026-08-24T18:24:29] METRIC unique_content_objects=1000
[2026-08-24T18:24:29] METRIC cache_hit_ratio=0.9295
[2026-08-24T18:24:29] RUN_END status=OK
[2026-08-24T18:27:09] RUN_START run_id=SCALE_O_PythonNDN_1000_064
[2026-08-24T18:27:09] PARAM implementation=PythonNDN
[2026-08-24T18:27:09] METRIC unique_content_objects=1000
[2026-08-24T18:27:09] METRIC cache_hit_ratio=0.8994
[2026-08-24T18:27:09] RUN_END status=OK
[2026-08-24T18:28:59] RUN_START run_id=SCALE_O_PythonNDN_1000_065
[2026-08-24T18:28:59] PARAM implementation=PythonNDN
[2026-08-24T18:28:59] METRIC unique_content_objects=1000
[2026-08-24T18:28:59] METRIC cache_hit_ratio=0.9127
[2026-08-24T18:28:59] RUN_END status=OK
[2026-08-24T18:29:39] RUN_START run_id=SCALE_O_PythonNDN_1000_066
[2026-08-24T18:29:39] PARAM implementation=PythonNDN
[2026-08-24T18:29:39] METRIC unique_content_objects=1000
[2026-08-24T18:29:39] METRIC cache_hit_ratio=0.9055
[2026-08-24T18:29:39] RUN_END status=OK
[2026-08-24T18:31:57] RUN_START run_id=SCALE_O_PythonNDN_1000_067
[2026-08-24T18:31:57] PARAM implementation=PythonNDN
[2026-08-24T18:31:57] METRIC unique_content_objects=1000
[2026-08-24T18:31:57] METRIC cache_hit_ratio=0.9287
[2026-08-24T18:31:57] RUN_END status=OK
[2026-08-24T18:33:44] RUN_START run_id=SCALE_O_PythonNDN_1000_068
[2026-08-24T18:33:44] PARAM implementation=PythonNDN
[2026-08-24T18:33:44] METRIC unique_content_objects=1000
[2026-08-24T18:33:44] METRIC cache_hit_ratio=0.8857
[2026-08-24T18:33:44] RUN_END status=OK
[2026-08-24T18:36:50] RUN_START run_id=SCALE_O_PythonNDN_1000_069
[2026-08-24T18:36:50] PARAM implementation=PythonNDN
[2026-08-24T18:36:50] METRIC unique_content_objects=1000
[2026-08-24T18:36:50] METRIC cache_hit_ratio=0.8951
[2026-08-24T18:36:50] RUN_END status=OK
[2026-08-24T18:39:17] RUN_START run_id=SCALE_O_PythonNDN_1000_070
[2026-08-24T18:39:17] PARAM implementation=PythonNDN
[2026-08-24T18:39:17] METRIC unique_content_objects=1000
[2026-08-24T18:39:17] METRIC cache_hit_ratio=0.9086
[2026-08-24T18:39:17] RUN_END status=OK
[2026-08-25T09:23:21] RUN_START run_id=SCALE_O_PythonNDN_100000_082
[2026-08-25T09:23:21] PARAM implementation=PythonNDN
[2026-08-25T09:23:21] METRIC unique_content_objects=100000
[2026-08-25T09:23:21] METRIC cache_hit_ratio=0.5409
[2026-08-25T09:23:21] RUN_END status=OK
[2026-08-25T09:27:20] RUN_START run_id=SCALE_O_PythonNDN_100000_083
[2026-08-25T09:27:20] PARAM implementation=PythonNDN
[2026-08-25T09:27:20] METRIC unique_content_objects=100000
[2026-08-25T09:27:20] METRIC cache_hit_ratio=0.5246
[2026-08-25T09:27:20] RUN_END status=OK
[2026-08-25T09:29:35] RUN_START run_id=SCALE_O_PythonNDN_100000_084
[2026-08-25T09:29:35] PARAM implementation=PythonNDN
[2026-08-25T09:29:35] METRIC unique_content_objects=100000
[2026-08-25T09:29:35] METRIC cache_hit_ratio=0.496
[2026-08-25T09:29:35] RUN_END status=OK
[2026-08-25T09:33:21] RUN_START run_id=SCALE_O_PythonNDN_100000_085
[2026-08-25T09:33:21] PARAM implementation=PythonNDN
[2026-08-25T09:33:21] METRIC unique_content_objects=100000
[2026-08-25T09:33:21] METRIC cache_hit_ratio=0.4853
[2026-08-25T09:33:21] RUN_END status=OK
[2026-08-25T09:34:40] RUN_START run_id=SCALE_O_PythonNDN_100000_086
[2026-08-25T09:34:40] PARAM implementation=PythonNDN
[2026-08-25T09:34:40] METRIC unique_content_objects=100000
[2026-08-25T09:34:40] METRIC cache_hit_ratio=0.5551
[2026-08-25T09:34:40] RUN_END status=OK
[2026-08-25T09:36:38] RUN_START run_id=SCALE_O_PythonNDN_100000_087
[2026-08-25T09:36:38] PARAM implementation=PythonNDN
[2026-08-25T09:36:38] METRIC unique_content_objects=100000
[2026-08-25T09:36:38] METRIC cache_hit_ratio=0.5039
[2026-08-25T09:36:38] RUN_END status=OK
