[2026-08-20T10:36:58] RUN_START run_id=SCALE_O_CCNlite_5000000_118
[2026-08-20T10:36:58] PARAM implementation=CCNlite
[2026-08-20T10:36:58] METRIC unique_content_objects=5000000
[2026-08-20T10:36:58] METRIC cache_hit_ratio=0.1068
[2026-08-20T10:36:58] RUN_END status=OK
[2026-08-20T10:39:24] RUN_START run_id=SCALE_O_CCNlite_5000000_119
[2026-08-20T10:39:24] PARAM implementation=CCNlite
[2026-08-20T10:39:24] METRIC unique_content_objects=5000000
[2026-08-20T10:39:24] METRIC cache_hit_ratio=0.1103
[2026-08-20T10:39:24] RUN_END status=OK
[2026-08-20T10:40:26] RUN_START run_id=SCALE_O_CCNlite_5000000_120
[2026-08-20T10:40:26] PARAM implementation=CCNlite
[2026-08-20T10:40:26] METRIC unique_content_objects=5000000
[2026-08-20T10:40:26] METRIC cache_hit_ratio=0.1127
[2026-08-20T10:40:26] RUN_END status=OK
[2026-08-20T10:42:24] RUN_START run_id=SCALE_O_CCNlite_5000000_121
[2026-08-20T10:42:24] PARAM implementation=CCNlite
[2026-08-20T10:42:24] METRIC unique_content_objects=5000000
[2026-08-20T10:42:24] METRIC cache_hit_ratio=0.1123
[2026-08-20T10:42:24] RUN_END status=OK
[2026-08-20T10:43:47] RUN_START run_id=SCALE_O_CCNlite_5000000_122
[2026-08-20T10:43:47] PARAM implementation=CCNlite
[2026-08-20T10:43:47] METRIC unique_content_objects=5000000
[2026-08-20T10:43:47] METRIC cache_hit_ratio=0.1073
[2026-08-20T10:43:47] RUN_END status=OK
[2026-08-20T10:44:55] RUN_START run_id=SCALE_O_CCNlite_5000000_123
[2026-08-20T10:44:55] PARAM implementation=CCNlite
[2026-08-20T10:44:55] METRIC unique_content_objects=5000000
[2026-08-20T10:44:55] METRIC cache_hit_ratio=0.1146
[2026-08-20T10:44:55] RUN_END status=OK
[2026-08-20T10:46:52] RUN_START run_id=SCALE_O_CCNlite_5000000_124
[2026-08-20T10:46:52] PARAM implementation=CCNlite
[2026-08-20T10:46:52] METRIC unique_content_objects=5000000
[2026-08-20T10:46:52] METRIC cache_hit_ratio=0.1089
[2026-08-20T10:46:52] RUN_END status=OK
[2026-08-20T10:48:55] RUN_START run_id=SCALE_O_CCNlite_5000000_125
[2026-08-20T10:48:55] PARAM implementation=CCNlite
[2026-08-20T10:48:55] METRIC unique_content_objects=5000000
[2026-08-20T10:48:55] METRIC cache_hit_ratio=0.12
[2026-08-20T10:48:55] RUN_END status=OK
[2026-08-20T10:50:27] RUN_START run_id=SCALE_O_CCNlite_5000000_126
[2026-08-20T10:50:27] PARAM implementation=CCNlite
[2026-08-20T10:50:27] METRIC unique_content_objects=5000000
[2026-08-20T10:50:27] METRIC cache_hit_ratio=0.1038
[2026-08-20T10:50:27] RUN_END status=OK
[2026-08-20T10:52:15] RUN_START run_id=SCALE_O_CCNlite_5000000_127
[2026-08-20T10:52:15] PARAM implementation=CCNlite
[2026-08-20T10:52:15] METRIC unique_content_objects=5000000
[2026-08-20T10:52:15] METRIC cache_hit_ratio=0.1108
[2026-08-20T10:52:15] RUN_END status=OK
[2026-08-20T10:57:08] RUN_START run_id=SCALE_O_CCNlite_5000000_128
[2026-08-20T10:57:08] PARAM implementation=CCNlite
[2026-08-20T10:57:08] METRIC unique_content_objects=5000000
[2026-08-20T10:57:08] METRIC cache_hit_ratio=0.1117
[2026-08-20T10:57:08] RUN_END status=OK
[2026-08-20T10:58:33] RUN_START run_id=SCALE_O_CCNlite_5000000_129
[2026-08-20T10:58:33] PARAM implementation=CCNlite
[2026-08-20T10:58:33] METRIC unique_content_objects=5000000
[2026-08-20T10:58:33] METRIC cache_hit_ratio=0.1126
[2026-08-20T10:58:33] RUN_END status=OK
[2026-08-20T10:59:51] RUN_START run_id=SCALE_O_CCNlite_5000000_130
[2026-08-20T10:59:51] PARAM implementation=CCNlite
[2026-08-20T10:59:51] METRIC unique_content_objects=5000000
[2026-08-20T10:59:51] METRIC cache_hit_ratio=0.1159
[2026-08-20T10:59:51] RUN_END status=OK
