[2026-08-22T10:48:45] RUN_START run_id=SCALE_O_CCNlite_300000_072
[2026-08-22T10:48:45] PARAM implementation=CCNlite
[2026-08-22T10:48:45] METRIC unique_content_objects=300000
[2026-08-22T10:48:45] METRIC cache_hit_ratio=0.4325
[2026-08-22T10:48:45] RUN_END status=OK
[2026-08-22T10:49:48] RUN_START run_id=SCALE_O_CCNlite_300000_073
[2026-08-22T10:49:48] PARAM implementation=CCNlite
[2026-08-22T10:49:48] METRIC unique_content_objects=300000
[2026-08-22T10:49:48] METRIC cache_hit_ratio=0.449
[2026-08-22T10:49:48] RUN_END status=OK
[2026-08-22T10:55:25] RUN_START run_id=SCALE_O_CCNlite_300000_074
[2026-08-22T10:55:25] PARAM implementation=CCNlite
[2026-08-22T10:55:25] METRIC unique_content_objects=300000
[2026-08-22T10:55:25] METRIC cache_hit_ratio=0.4285
[2026-08-22T10:55:25] RUN_END status=OK
[2026-08-22T10:58:10] RUN_START run_id=SCALE_O_CCNlite_300000_075
[2026-08-22T10:58:10] PARAM implementation=CCNlite
[2026-08-22T10:58:10] METRIC unique_content_objects=300000
[2026-08-22T10:58:10] METRIC cache_hit_ratio=0.44
[2026-08-22T10:58:10] RUN_END status=OK
[2026-08-22T11:00:38] RUN_START run_id=SCALE_O_CCNlite_300000_076
[2026-08-22T11:00:38] PARAM implementation=CCNlite
[2026-08-22T11:00:38] METRIC unique_content_objects=300000
[2026-08-22T11:00:38] METRIC cache_hit_ratio=0.4186
[2026-08-22T11:00:38] RUN_END status=OK
[2026-08-22T11:02:48] RUN_START run_id=SCALE_O_CCNlite_300000_077
[2026-08-22T11:02:48] PARAM implementation=CCNlite
[2026-08-22T11:02:48] METRIC unique_content_objects=300000
[2026-08-22T11:02:48] METRIC cache_hit_ratio=0.4032
[2026-08-22T11:02:48] RUN_END status=OK
[2026-08-22T11:05:52] RUN_START run_id=SCALE_O_CCNlite_300000_078
[2026-08-22T11:05:52] PARAM implementation=CCNlite
[2026-08-22T11:05:52] METRIC unique_content_objects=300000
[2026-08-22T11:05:52] METRIC cache_hit_ratio=0.4363
[2026-08-22T11:05:52] RUN_END status=OK
[2026-08-22T11:08:45] RUN_START run_id=SCALE_O_CCNlite_300000_079
[2026-08-22T11:08:45] PARAM implementation=CCNlite
[2026-08-22T11:08:45] METRIC unique_content_objects=300000
[2026-08-22T11:08:45] METRIC cache_hit_ratio=0.4126
[2026-08-22T11:08:45] RUN_END status=OK
[2026-08-22T11:09:43] RUN_START run_id=SCALE_O_PythonNDN_300000_148
[2026-08-22T11:09:43] PARAM implementation=PythonNDN
[2026-08-22T11:09:43] METRIC unique_content_objects=300000
[2026-08-22T11:09:43] METRIC cache_hit_ratio=0.2381
[2026-08-22T11:09:43] RUN_END status=OK
[2026-08-22T11:13:38] RUN_START run_id=SCALE_O_PythonNDN_300000_149
[2026-08-22T11:13:38] PARAM implementation=PythonNDN
[2026-08-22T11:13:38] METRIC unique_content_objects=300000
[2026-08-22T11:13:38] METRIC cache_hit_ratio=0.2316
[2026-08-22T11:13:38] RUN_END status=OK
[2026-08-22T11:13:50] RUN_START run_id=SCALE_O_CCNlite_300000_080
[2026-08-22T11:13:50] PARAM implementation=CCNlite
[2026-08-22T11:13:50] METRIC unique_content_objects=300000
[2026-08-22T11:13:50] METRIC cache_hit_ratio=0.446
[2026-08-22T11:13:50] RUN_END status=OK
[2026-08-22T11:14:35] RUN_START run_id=SCALE_O_CCNlite_300000_081
[2026-08-22T11:14:35] PARAM implementation=CCNlite
[2026-08-22T11:14:35] METRIC unique_content_objects=300000
[2026-08-22T11:14:35] METRIC cache_hit_ratio=0.4506
[2026-08-22T11:14:35] RUN_END status=OK
[2026-08-22T11:15:39] RUN_START run_id=08_scalability_content_DISCARDED_0177
[2026-08-22T11:15:39] RUN_ABORTED reason=cache_warmup_incomplete: content-store did not reach steady-state hit ratio within the 30s warm-up window, run discarded
[2026-08-22T11:16:27] RUN_START run_id=SCALE_O_PythonNDN_300000_150
[2026-08-22T11:16:27] PARAM implementation=PythonNDN
[2026-08-22T11:16:27] METRIC unique_content_objects=300000
[2026-08-22T11:16:27] METRIC cache_hit_ratio=0.26
[2026-08-22T11:16:27] RUN_END status=OK
[2026-08-22T11:17:07] RUN_START run_id=SCALE_O_CCNlite_300000_082
[2026-08-22T11:17:07] PARAM implementation=CCNlite
[2026-08-22T11:17:07] METRIC unique_content_objects=300000
[2026-08-22T11:17:07] METRIC cache_hit_ratio=0.4144
[2026-08-22T11:17:07] RUN_END status=OK
[2026-08-22T11:18:43] RUN_START run_id=SCALE_O_CCNlite_300000_083
[2026-08-22T11:18:43] PARAM implementation=CCNlite
[2026-08-22T11:18:43] METRIC unique_content_objects=300000
[2026-08-22T11:18:43] METRIC cache_hit_ratio=0.4143
[2026-08-22T11:18:43] RUN_END status=OK
[2026-08-22T11:42:25] RUN_START run_id=SCALE_O_NFD_300000_016
[2026-08-22T11:42:25] PARAM implementation=NFD
[2026-08-22T11:42:25] METRIC unique_content_objects=300000
[2026-08-22T11:42:25] METRIC cache_hit_ratio=0.4662
[2026-08-22T11:42:25] RUN_END status=OK
