[2026-08-18T08:26:29] RUN_START run_id=SCALE_O_PythonNDN_1000000_103
[2026-08-18T08:26:29] PARAM implementation=PythonNDN
[2026-08-18T08:26:29] METRIC unique_content_objects=1000000
[2026-08-18T08:26:29] METRIC cache_hit_ratio=0.119
[2026-08-18T08:26:29] RUN_END status=OK
[2026-08-18T08:27:59] RUN_START run_id=SCALE_O_PythonNDN_1000000_104
[2026-08-18T08:27:59] PARAM implementation=PythonNDN
[2026-08-18T08:27:59] METRIC unique_content_objects=1000000
[2026-08-18T08:27:59] METRIC cache_hit_ratio=0.1289
[2026-08-18T08:27:59] RUN_END status=OK
[2026-08-18T08:28:04] RUN_START run_id=SCALE_O_uDCN_1000_150
[2026-08-18T08:28:04] PARAM implementation=uDCN
[2026-08-18T08:28:04] METRIC unique_content_objects=1000
[2026-08-18T08:28:04] METRIC cache_hit_ratio=0.9596
[2026-08-18T08:28:04] RUN_END status=OK
[2026-08-18T09:03:00] RUN_START run_id=SCALE_O_CCNlite_100000_105
[2026-08-18T09:03:00] PARAM implementation=CCNlite
[2026-08-18T09:03:00] METRIC unique_content_objects=100000
[2026-08-18T09:03:00] METRIC cache_hit_ratio=0.6274
[2026-08-18T09:03:00] RUN_END status=OK
[2026-08-18T09:03:42] RUN_START run_id=SCALE_O_CCNlite_100000_106
[2026-08-18T09:03:42] PARAM implementation=CCNlite
[2026-08-18T09:03:42] METRIC unique_content_objects=100000
[2026-08-18T09:03:42] METRIC cache_hit_ratio=0.6569
[2026-08-18T09:03:42] RUN_END status=OK
[2026-08-18T09:05:02] RUN_START run_id=SCALE_O_CCNlite_100000_107
[2026-08-18T09:05:02] PARAM implementation=CCNlite
[2026-08-18T09:05:02] METRIC unique_content_objects=100000
[2026-08-18T09:05:02] METRIC cache_hit_ratio=0.6202
[2026-08-18T09:05:02] RUN_END status=OK
[2026-08-18T09:07:18] RUN_START run_id=SCALE_O_CCNlite_100000_108
[2026-08-18T09:07:18] PARAM implementation=CCNlite
[2026-08-18T09:07:18] METRIC unique_content_objects=100000
[2026-08-18T09:07:18] METRIC cache_hit_ratio=0.6806
[2026-08-18T09:07:18] RUN_END status=OK
[2026-08-18T09:10:30] RUN_START run_id=SCALE_O_CCNlite_100000_109
[2026-08-18T09:10:30] PARAM implementation=CCNlite
[2026-08-18T09:10:30] METRIC unique_content_objects=100000
[2026-08-18T09:10:30] METRIC cache_hit_ratio=0.6049
[2026-08-18T09:10:30] RUN_END status=OK
[2026-08-18T09:12:39] RUN_START run_id=SCALE_O_CCNlite_100000_110
[2026-08-18T09:12:39] PARAM implementation=CCNlite
[2026-08-18T09:12:39] METRIC unique_content_objects=100000
[2026-08-18T09:12:39] METRIC cache_hit_ratio=0.6253
[2026-08-18T09:12:39] RUN_END status=OK
[2026-08-18T09:17:19] RUN_START run_id=SCALE_O_CCNlite_100000_111
[2026-08-18T09:17:19] PARAM implementation=CCNlite
[2026-08-18T09:17:19] METRIC unique_content_objects=100000
[2026-08-18T09:17:19] METRIC cache_hit_ratio=0.5589
[2026-08-18T09:17:19] RUN_END status=OK
[2026-08-18T09:19:12] RUN_START run_id=SCALE_O_CCNlite_100000_112
[2026-08-18T09:19:12] PARAM implementation=CCNlite
[2026-08-18T09:19:12] METRIC unique_content_objects=100000
[2026-08-18T09:19:12] METRIC cache_hit_ratio=0.6262
[2026-08-18T09:19:12] RUN_END status=OK
