[2026-08-19T10:30:51] RUN_START run_id=SCALE_O_NFD_10000_017
[2026-08-19T10:30:51] PARAM implementation=NFD
[2026-08-19T10:30:51] METRIC unique_content_objects=10000
[2026-08-19T10:30:51] METRIC cache_hit_ratio=0.8078
[2026-08-19T10:30:51] RUN_END status=OK
[2026-08-19T10:35:41] RUN_START run_id=SCALE_O_NFD_10000_018
[2026-08-19T10:35:41] PARAM implementation=NFD
[2026-08-19T10:35:41] METRIC unique_content_objects=10000
[2026-08-19T10:35:41] METRIC cache_hit_ratio=0.8153
[2026-08-19T10:35:41] RUN_END status=OK
[2026-08-19T10:37:05] RUN_START run_id=SCALE_O_NFD_10000_019
[2026-08-19T10:37:05] PARAM implementation=NFD
[2026-08-19T10:37:05] METRIC unique_content_objects=10000
[2026-08-19T10:37:05] METRIC cache_hit_ratio=0.8515
[2026-08-19T10:37:05] RUN_END status=OK
[2026-08-19T10:41:07] RUN_START run_id=SCALE_O_NFD_10000_020
[2026-08-19T10:41:07] PARAM implementation=NFD
[2026-08-19T10:41:07] METRIC unique_content_objects=10000
[2026-08-19T10:41:07] METRIC cache_hit_ratio=0.8947
[2026-08-19T10:41:07] RUN_END status=OK
[2026-08-19T10:42:24] RUN_START run_id=SCALE_O_NFD_10000_021
[2026-08-19T10:42:24] PARAM implementation=NFD
[2026-08-19T10:42:24] METRIC unique_content_objects=10000
[2026-08-19T10:42:24] METRIC cache_hit_ratio=0.7674
[2026-08-19T10:42:24] RUN_END status=OK
[2026-08-19T10:43:59] RUN_START run_id=SCALE_O_NFD_10000_022
[2026-08-19T10:43:59] PARAM implementation=NFD
[2026-08-19T10:43:59] METRIC unique_content_objects=10000
[2026-08-19T10:43:59] METRIC cache_hit_ratio=0.7959
[2026-08-19T10:43:59] RUN_END status=OK
[2026-08-19T10:47:42] RUN_START run_id=SCALE_O_NFD_10000_023
[2026-08-19T10:47:42] PARAM implementation=NFD
[2026-08-19T10:47:42] METRIC unique_content_objects=10000
[2026-08-19T10:47:42] METRIC cache_hit_ratio=0.7869
[2026-08-19T10:47:42] RUN_END status=OK
[2026-08-19T10:49:27] RUN_START run_id=SCALE_O_NFD_10000_024
[2026-08-19T10:49:27] PARAM implementation=NFD
[2026-08-19T10:49:27] METRIC unique_content_objects=10000
[2026-08-19T10:49:27] METRIC cache_hit_ratio=0.7838
[2026-08-19T10:49:27] RUN_END status=OK
[2026-08-19T10:50:46] RUN_START run_id=SCALE_O_NFD_10000_025
[2026-08-19T10:50:46] PARAM implementation=NFD
[2026-08-19T10:50:46] METRIC unique_content_objects=10000
[2026-08-19T10:50:46] METRIC cache_hit_ratio=0.769
[2026-08-19T10:50:46] RUN_END status=OK
[2026-08-19T10:52:26] RUN_START run_id=SCALE_O_NFD_1000000_084
[2026-08-19T10:52:26] PARAM implementation=NFD
[2026-08-19T10:52:26] METRIC unique_content_objects=1000000
[2026-08-19T10:52:26] METRIC cache_hit_ratio=0.2414
[2026-08-19T10:52:26] RUN_END status=OK
