[2026-08-27T13:07:45] RUN_START run_id=SCALE_O_CCNlite_10000_045
[2026-08-27T13:07:45] PARAM implementation=CCNlite
[2026-08-27T13:07:45] METRIC unique_content_objects=10000
[2026-08-27T13:07:45] METRIC cache_hit_ratio=0.7745
[2026-08-27T13:07:45] RUN_END status=OK
[2026-08-27T13:08:52] RUN_START run_id=SCALE_O_CCNlite_10000_046
[2026-08-27T13:08:52] PARAM implementation=CCNlite
[2026-08-27T13:08:52] METRIC unique_content_objects=10000
[2026-08-27T13:08:52] METRIC cache_hit_ratio=0.8351
[2026-08-27T13:08:52] RUN_END status=OK
[2026-08-27T13:12:40] RUN_START run_id=SCALE_O_CCNlite_10000_047
[2026-08-27T13:12:40] PARAM implementation=CCNlite
[2026-08-27T13:12:40] METRIC unique_content_objects=10000
[2026-08-27T13:12:40] METRIC cache_hit_ratio=0.7981
[2026-08-27T13:12:40] RUN_END status=OK
[2026-08-27T13:14:06] RUN_START run_id=SCALE_O_CCNlite_10000_048
[2026-08-27T13:14:06] PARAM implementation=CCNlite
[2026-08-27T13:14:06] METRIC unique_content_objects=10000
[2026-08-27T13:14:06] METRIC cache_hit_ratio=0.802
[2026-08-27T13:14:06] RUN_END status=OK
[2026-08-27T13:16:12] RUN_START run_id=SCALE_O_CCNlite_10000_049
[2026-08-27T13:16:12] PARAM implementation=CCNlite
[2026-08-27T13:16:12] METRIC unique_content_objects=10000
[2026-08-27T13:16:12] METRIC cache_hit_ratio=0.8715
[2026-08-27T13:16:12] RUN_END status=OK
[2026-08-27T13:17:37] RUN_START run_id=SCALE_O_CCNlite_10000_050
[2026-08-27T13:17:37] PARAM implementation=CCNlite
[2026-08-27T13:17:37] METRIC unique_content_objects=10000
[2026-08-27T13:17:37] METRIC cache_hit_ratio=0.8301
[2026-08-27T13:17:37] RUN_END status=OK
[2026-08-27T13:18:53] RUN_START run_id=SCALE_O_CCNlite_10000_051
[2026-08-27T13:18:53] PARAM implementation=CCNlite
[2026-08-27T13:18:53] METRIC unique_content_objects=10000
[2026-08-27T13:18:53] METRIC cache_hit_ratio=0.7798
[2026-08-27T13:18:53] RUN_END status=OK
[2026-08-27T13:19:23] RUN_START run_id=SCALE_O_CCNlite_10000_052
[2026-08-27T13:19:23] PARAM implementation=CCNlite
[2026-08-27T13:19:23] METRIC unique_content_objects=10000
[2026-08-27T13:19:23] METRIC cache_hit_ratio=0.8202
[2026-08-27T13:19:23] RUN_END status=OK
[2026-08-27T13:21:16] RUN_START run_id=SCALE_O_CCNlite_10000_053
[2026-08-27T13:21:16] PARAM implementation=CCNlite
[2026-08-27T13:21:16] METRIC unique_content_objects=10000
[2026-08-27T13:21:16] METRIC cache_hit_ratio=0.7576
[2026-08-27T13:21:16] RUN_END status=OK
[2026-08-27T13:23:02] RUN_START run_id=SCALE_O_CCNlite_10000_054
[2026-08-27T13:23:02] PARAM implementation=CCNlite
[2026-08-27T13:23:02] METRIC unique_content_objects=10000
[2026-08-27T13:23:02] METRIC cache_hit_ratio=0.8858
[2026-08-27T13:23:02] RUN_END status=OK
[2026-08-27T13:24:50] RUN_START run_id=SCALE_O_CCNlite_10000_055
[2026-08-27T13:24:50] PARAM implementation=CCNlite
[2026-08-27T13:24:50] METRIC unique_content_objects=10000
[2026-08-27T13:24:50] METRIC cache_hit_ratio=0.7515
[2026-08-27T13:24:50] RUN_END status=OK
[2026-08-27T17:58:47] RUN_START run_id=SCALE_O_PythonNDN_5000000_061
[2026-08-27T17:58:47] PARAM implementation=PythonNDN
[2026-08-27T17:58:47] METRIC unique_content_objects=5000000
[2026-08-27T17:58:47] METRIC cache_hit_ratio=0.0521
[2026-08-27T17:58:47] RUN_END status=OK
[2026-08-27T18:00:03] RUN_START run_id=SCALE_O_PythonNDN_5000000_062
[2026-08-27T18:00:03] PARAM implementation=PythonNDN
[2026-08-27T18:00:03] METRIC unique_content_objects=5000000
[2026-08-27T18:00:03] METRIC cache_hit_ratio=0.049
[2026-08-27T18:00:03] RUN_END status=OK
[2026-08-27T18:00:40] RUN_START run_id=SCALE_O_PythonNDN_5000000_063
[2026-08-27T18:00:40] PARAM implementation=PythonNDN
[2026-08-27T18:00:40] METRIC unique_content_objects=5000000
[2026-08-27T18:00:40] METRIC cache_hit_ratio=0.0505
[2026-08-27T18:00:40] RUN_END status=OK
[2026-08-27T18:02:03] RUN_START run_id=SCALE_O_PythonNDN_5000000_064
[2026-08-27T18:02:03] PARAM implementation=PythonNDN
[2026-08-27T18:02:03] METRIC unique_content_objects=5000000
[2026-08-27T18:02:03] METRIC cache_hit_ratio=0.0488
[2026-08-27T18:02:03] RUN_END status=OK
[2026-08-27T18:04:23] RUN_START run_id=SCALE_O_PythonNDN_5000000_065
[2026-08-27T18:04:23] PARAM implementation=PythonNDN
[2026-08-27T18:04:23] METRIC unique_content_objects=5000000
[2026-08-27T18:04:23] METRIC cache_hit_ratio=0.0481
[2026-08-27T18:04:23] RUN_END status=OK
[2026-08-27T18:06:17] RUN_START run_id=SCALE_O_PythonNDN_5000000_066
[2026-08-27T18:06:17] PARAM implementation=PythonNDN
[2026-08-27T18:06:17] METRIC unique_content_objects=5000000
[2026-08-27T18:06:17] METRIC cache_hit_ratio=0.051
[2026-08-27T18:06:17] RUN_END status=OK
[2026-08-27T18:09:54] RUN_START run_id=SCALE_O_PythonNDN_5000000_067
[2026-08-27T18:09:54] PARAM implementation=PythonNDN
[2026-08-27T18:09:54] METRIC unique_content_objects=5000000
[2026-08-27T18:09:54] METRIC cache_hit_ratio=0.0492
[2026-08-27T18:09:54] RUN_END status=OK
[2026-08-27T18:11:39] RUN_START run_id=SCALE_O_PythonNDN_5000000_068
[2026-08-27T18:11:39] PARAM implementation=PythonNDN
[2026-08-27T18:11:39] METRIC unique_content_objects=5000000
[2026-08-27T18:11:39] METRIC cache_hit_ratio=0.0552
[2026-08-27T18:11:39] RUN_END status=OK
