[2026-08-11T10:12:58] RUN_START run_id=SCALE_O_uDCN_1000000_096
[2026-08-11T10:12:58] PARAM implementation=uDCN
[2026-08-11T10:12:58] METRIC unique_content_objects=1000000
[2026-08-11T10:12:58] METRIC cache_hit_ratio=0.4409
[2026-08-11T10:12:58] RUN_END status=OK
[2026-08-11T10:14:14] RUN_START run_id=SCALE_O_uDCN_1000000_097
[2026-08-11T10:14:14] PARAM implementation=uDCN
[2026-08-11T10:14:14] METRIC unique_content_objects=1000000
[2026-08-11T10:14:14] METRIC cache_hit_ratio=0.4362
[2026-08-11T10:14:14] RUN_END status=OK
[2026-08-11T10:17:29] RUN_START run_id=SCALE_O_uDCN_1000000_098
[2026-08-11T10:17:29] PARAM implementation=uDCN
[2026-08-11T10:17:29] METRIC unique_content_objects=1000000
[2026-08-11T10:17:29] METRIC cache_hit_ratio=0.4338
[2026-08-11T10:17:29] RUN_END status=OK
[2026-08-11T10:20:56] RUN_START run_id=SCALE_O_uDCN_1000000_099
[2026-08-11T10:20:56] PARAM implementation=uDCN
[2026-08-11T10:20:56] METRIC unique_content_objects=1000000
[2026-08-11T10:20:56] METRIC cache_hit_ratio=0.443
[2026-08-11T10:20:56] RUN_END status=OK
[2026-08-11T10:25:29] RUN_START run_id=SCALE_O_uDCN_1000000_100
[2026-08-11T10:25:29] PARAM implementation=uDCN
[2026-08-11T10:25:29] METRIC unique_content_objects=1000000
[2026-08-11T10:25:29] METRIC cache_hit_ratio=0.4531
[2026-08-11T10:25:29] RUN_END status=OK
[2026-08-11T10:30:33] RUN_START run_id=SCALE_O_uDCN_1000000_101
[2026-08-11T10:30:33] PARAM implementation=uDCN
[2026-08-11T10:30:33] METRIC unique_content_objects=1000000
[2026-08-11T10:30:33] METRIC cache_hit_ratio=0.431
[2026-08-11T10:30:33] RUN_END status=OK
[2026-08-11T10:32:20] RUN_START run_id=SCALE_O_uDCN_1000000_102
[2026-08-11T10:32:20] PARAM implementation=uDCN
[2026-08-11T10:32:20] METRIC unique_content_objects=1000000
[2026-08-11T10:32:20] METRIC cache_hit_ratio=0.4544
[2026-08-11T10:32:20] RUN_END status=OK
[2026-08-11T10:36:48] RUN_START run_id=SCALE_O_uDCN_1000000_103
[2026-08-11T10:36:48] PARAM implementation=uDCN
[2026-08-11T10:36:48] METRIC unique_content_objects=1000000
[2026-08-11T10:36:48] METRIC cache_hit_ratio=0.4391
[2026-08-11T10:36:48] RUN_END status=OK
[2026-08-11T10:39:07] RUN_START run_id=SCALE_O_uDCN_1000000_104
[2026-08-11T10:39:07] PARAM implementation=uDCN
[2026-08-11T10:39:07] METRIC unique_content_objects=1000000
[2026-08-11T10:39:07] METRIC cache_hit_ratio=0.4227
[2026-08-11T10:39:07] RUN_END status=OK
[2026-08-11T10:41:07] RUN_START run_id=SCALE_O_uDCN_1000000_105
[2026-08-11T10:41:07] PARAM implementation=uDCN
[2026-08-11T10:41:07] METRIC unique_content_objects=1000000
[2026-08-11T10:41:07] METRIC cache_hit_ratio=0.4538
[2026-08-11T10:41:07] RUN_END status=OK
[2026-08-11T10:44:28] RUN_START run_id=SCALE_O_uDCN_1000000_106
[2026-08-11T10:44:28] PARAM implementation=uDCN
[2026-08-11T10:44:28] METRIC unique_content_objects=1000000
[2026-08-11T10:44:28] METRIC cache_hit_ratio=0.4699
[2026-08-11T10:44:28] RUN_END status=OK
[2026-08-11T10:46:51] RUN_START run_id=SCALE_O_uDCN_1000000_107
[2026-08-11T10:46:51] PARAM implementation=uDCN
[2026-08-11T10:46:51] METRIC unique_content_objects=1000000
[2026-08-11T10:46:51] METRIC cache_hit_ratio=0.4374
[2026-08-11T10:46:51] RUN_END status=OK
[2026-08-11T10:48:04] RUN_START run_id=SCALE_O_uDCN_1000000_108
[2026-08-11T10:48:04] PARAM implementation=uDCN
[2026-08-11T10:48:04] METRIC unique_content_objects=1000000
[2026-08-11T10:48:04] METRIC cache_hit_ratio=0.4632
[2026-08-11T10:48:04] RUN_END status=OK
[2026-08-12T05:04:47] RUN_START run_id=SCALE_O_uDCN_5000000_053
[2026-08-12T05:04:47] PARAM implementation=uDCN
[2026-08-12T05:04:47] METRIC unique_content_objects=5000000
[2026-08-12T05:04:47] METRIC cache_hit_ratio=0.2698
[2026-08-12T05:04:47] RUN_END status=OK
[2026-08-12T05:06:33] RUN_START run_id=SCALE_O_uDCN_5000000_054
[2026-08-12T05:06:33] PARAM implementation=uDCN
[2026-08-12T05:06:33] METRIC unique_content_objects=5000000
[2026-08-12T05:06:33] METRIC cache_hit_ratio=0.2905
[2026-08-12T05:06:33] RUN_END status=OK
[2026-08-12T05:10:20] RUN_START run_id=SCALE_O_uDCN_5000000_055
[2026-08-12T05:10:20] PARAM implementation=uDCN
[2026-08-12T05:10:20] METRIC unique_content_objects=5000000
[2026-08-12T05:10:20] METRIC cache_hit_ratio=0.2676
[2026-08-12T05:10:20] RUN_END status=OK
[2026-08-12T05:10:51] RUN_START run_id=SCALE_O_uDCN_5000000_056
[2026-08-12T05:10:51] PARAM implementation=uDCN
[2026-08-12T05:10:51] METRIC unique_content_objects=5000000
[2026-08-12T05:10:51] METRIC cache_hit_ratio=0.2627
[2026-08-12T05:10:51] RUN_END status=OK
[2026-08-12T05:12:25] RUN_START run_id=SCALE_O_uDCN_5000000_057
[2026-08-12T05:12:25] PARAM implementation=uDCN
[2026-08-12T05:12:25] METRIC unique_content_objects=5000000
[2026-08-12T05:12:25] METRIC cache_hit_ratio=0.2635
[2026-08-12T05:12:25] RUN_END status=OK
[2026-08-12T05:14:48] RUN_START run_id=SCALE_O_uDCN_5000000_058
[2026-08-12T05:14:48] PARAM implementation=uDCN
[2026-08-12T05:14:48] METRIC unique_content_objects=5000000
[2026-08-12T05:14:48] METRIC cache_hit_ratio=0.2569
[2026-08-12T05:14:48] RUN_END status=OK
