[2026-08-16T20:35:39] RUN_START run_id=SCALE_O_uDCN_300000_092
[2026-08-16T20:35:39] PARAM implementation=uDCN
[2026-08-16T20:35:39] METRIC unique_content_objects=300000
[2026-08-16T20:35:39] METRIC cache_hit_ratio=0.584
[2026-08-16T20:35:39] RUN_END status=OK
[2026-08-16T20:37:30] RUN_START run_id=SCALE_O_uDCN_300000_093
[2026-08-16T20:37:30] PARAM implementation=uDCN
[2026-08-16T20:37:30] METRIC unique_content_objects=300000
[2026-08-16T20:37:30] METRIC cache_hit_ratio=0.5996
[2026-08-16T20:37:30] RUN_END status=OK
[2026-08-16T20:39:15] RUN_START run_id=SCALE_O_NFD_5000000_057
[2026-08-16T20:39:15] PARAM implementation=NFD
[2026-08-16T20:39:15] METRIC unique_content_objects=5000000
[2026-08-16T20:39:15] METRIC cache_hit_ratio=0.0965
[2026-08-16T20:39:15] RUN_END status=OK
[2026-08-16T20:40:01] RUN_START run_id=SCALE_O_NFD_5000000_058
[2026-08-16T20:40:01] PARAM implementation=NFD
[2026-08-16T20:40:01] METRIC unique_content_objects=5000000
[2026-08-16T20:40:01] METRIC cache_hit_ratio=0.093
[2026-08-16T20:40:01] RUN_END status=OK
[2026-08-16T20:42:26] RUN_START run_id=SCALE_O_NFD_5000000_059
[2026-08-16T20:42:26] PARAM implementation=NFD
[2026-08-16T20:42:26] METRIC unique_content_objects=5000000
[2026-08-16T20:42:26] METRIC cache_hit_ratio=0.0929
[2026-08-16T20:42:26] RUN_END status=OK
[2026-08-16T20:48:16] RUN_START run_id=SCALE_O_NFD_5000000_060
[2026-08-16T20:48:16] PARAM implementation=NFD
[2026-08-16T20:48:16] METRIC unique_content_objects=5000000
[2026-08-16T20:48:16] METRIC cache_hit_ratio=0.1011
[2026-08-16T20:48:16] RUN_END status=OK
[2026-08-16T20:51:45] RUN_START run_id=SCALE_O_NFD_5000000_061
[2026-08-16T20:51:45] PARAM implementation=NFD
[2026-08-16T20:51:45] METRIC unique_content_objects=5000000
[2026-08-16T20:51:45] METRIC cache_hit_ratio=0.094
[2026-08-16T20:51:45] RUN_END status=OK
[2026-08-16T20:57:03] RUN_START run_id=SCALE_O_NFD_5000000_062
[2026-08-16T20:57:03] PARAM implementation=NFD
[2026-08-16T20:57:03] METRIC unique_content_objects=5000000
[2026-08-16T20:57:03] METRIC cache_hit_ratio=0.1009
[2026-08-16T20:57:03] RUN_END status=OK
[2026-08-16T20:59:14] RUN_START run_id=SCALE_O_NFD_5000000_063
[2026-08-16T20:59:14] PARAM implementation=NFD
[2026-08-16T20:59:14] METRIC unique_content_objects=5000000
[2026-08-16T20:59:14] METRIC cache_hit_ratio=0.1038
[2026-08-16T20:59:14] RUN_END status=OK
[2026-08-16T21:01:18] RUN_START run_id=SCALE_O_NFD_5000000_064
[2026-08-16T21:01:18] PARAM implementation=NFD
[2026-08-16T21:01:18] METRIC unique_content_objects=5000000
[2026-08-16T21:01:18] METRIC cache_hit_ratio=0.0966
[2026-08-16T21:01:18] RUN_END status=OK
[2026-08-16T21:01:42] RUN_START run_id=SCALE_O_PythonNDN_10000_107
[2026-08-16T21:01:42] PARAM implementation=PythonNDN
[2026-08-16T21:01:42] METRIC unique_content_objects=10000
[2026-08-16T21:01:42] METRIC cache_hit_ratio=0.6982
[2026-08-16T21:01:42] RUN_END status=OK
