[2026-08-14T12:42:09] RUN_START run_id=SCALE_O_uDCN_10000_024
[2026-08-14T12:42:09] PARAM implementation=uDCN
[2026-08-14T12:42:09] METRIC unique_content_objects=10000
[2026-08-14T12:42:09] METRIC cache_hit_ratio=0.9471
[2026-08-14T12:42:09] RUN_END status=OK
[2026-08-14T12:43:01] RUN_START run_id=SCALE_O_uDCN_10000_025
[2026-08-14T12:43:01] PARAM implementation=uDCN
[2026-08-14T12:43:01] METRIC unique_content_objects=10000
[2026-08-14T12:43:01] METRIC cache_hit_ratio=0.8649
[2026-08-14T12:43:01] RUN_END status=OK
[2026-08-14T12:44:22] RUN_START run_id=SCALE_O_NFD_5000000_045
[2026-08-14T12:44:22] PARAM implementation=NFD
[2026-08-14T12:44:22] METRIC unique_content_objects=5000000
[2026-08-14T12:44:22] METRIC cache_hit_ratio=0.0994
[2026-08-14T12:44:22] RUN_END status=OK
[2026-08-14T12:46:02] RUN_START run_id=SCALE_O_uDCN_10000_026
[2026-08-14T12:46:02] PARAM implementation=uDCN
[2026-08-14T12:46:02] METRIC unique_content_objects=10000
[2026-08-14T12:46:02] METRIC cache_hit_ratio=0.8882
[2026-08-14T12:46:02] RUN_END status=OK
[2026-08-14T12:46:48] RUN_START run_id=SCALE_O_NFD_5000000_046
[2026-08-14T12:46:48] PARAM implementation=NFD
[2026-08-14T12:46:48] METRIC unique_content_objects=5000000
[2026-08-14T12:46:48] METRIC cache_hit_ratio=0.099
[2026-08-14T12:46:48] RUN_END status=OK
[2026-08-14T12:47:11] RUN_START run_id=SCALE_O_NFD_5000000_047
[2026-08-14T12:47:11] PARAM implementation=NFD
[2026-08-14T12:47:11] METRIC unique_content_objects=5000000
[2026-08-14T12:47:11] METRIC cache_hit_ratio=0.0982
[2026-08-14T12:47:11] RUN_END status=OK
[2026-08-14T12:47:28] RUN_START run_id=SCALE_O_uDCN_10000_027
[2026-08-14T12:47:28] PARAM implementation=uDCN
[2026-08-14T12:47:28] METRIC unique_content_objects=10000
[2026-08-14T12:47:28] METRIC cache_hit_ratio=0.9125
[2026-08-14T12:47:28] RUN_END status=OK
[2026-08-14T12:51:37] RUN_START run_id=SCALE_O_uDCN_10000_028
[2026-08-14T12:51:37] PARAM implementation=uDCN
[2026-08-14T12:51:37] METRIC unique_content_objects=10000
[2026-08-14T12:51:37] METRIC cache_hit_ratio=0.8917
[2026-08-14T12:51:37] RUN_END status=OK
[2026-08-14T12:52:03] RUN_START run_id=SCALE_O_NFD_5000000_048
[2026-08-14T12:52:03] PARAM implementation=NFD
[2026-08-14T12:52:03] METRIC unique_content_objects=5000000
[2026-08-14T12:52:03] METRIC cache_hit_ratio=0.1014
[2026-08-14T12:52:03] RUN_END status=OK
[2026-08-14T12:54:10] RUN_START run_id=SCALE_O_uDCN_10000_029
[2026-08-14T12:54:10] PARAM implementation=uDCN
[2026-08-14T12:54:10] METRIC unique_content_objects=10000
[2026-08-14T12:54:10] METRIC cache_hit_ratio=0.9027
[2026-08-14T12:54:10] RUN_END status=OK
[2026-08-14T12:55:46] RUN_START run_id=SCALE_O_NFD_5000000_049
[2026-08-14T12:55:46] PARAM implementation=NFD
[2026-08-14T12:55:46] METRIC unique_content_objects=5000000
[2026-08-14T12:55:46] METRIC cache_hit_ratio=0.0914
[2026-08-14T12:55:46] RUN_END status=OK
[2026-08-14T12:58:49] RUN_START run_id=SCALE_O_NFD_5000000_050
[2026-08-14T12:58:49] PARAM implementation=NFD
[2026-08-14T12:58:49] METRIC unique_content_objects=5000000
[2026-08-14T12:58:49] METRIC cache_hit_ratio=0.101
[2026-08-14T12:58:49] RUN_END status=OK
[2026-08-14T12:59:42] RUN_START run_id=SCALE_O_NFD_5000000_051
[2026-08-14T12:59:42] PARAM implementation=NFD
[2026-08-14T12:59:42] METRIC unique_content_objects=5000000
[2026-08-14T12:59:42] METRIC cache_hit_ratio=0.1023
[2026-08-14T12:59:42] RUN_END status=OK
[2026-08-14T13:02:27] RUN_START run_id=SCALE_O_NFD_5000000_052
[2026-08-14T13:02:27] PARAM implementation=NFD
[2026-08-14T13:02:27] METRIC unique_content_objects=5000000
[2026-08-14T13:02:27] METRIC cache_hit_ratio=0.0963
[2026-08-14T13:02:27] RUN_END status=OK
