[2026-08-24T17:49:05] RUN_START run_id=SCALE_O_PythonNDN_1000_050
[2026-08-24T17:49:05] PARAM implementation=PythonNDN
[2026-08-24T17:49:05] METRIC unique_content_objects=1000
[2026-08-24T17:49:05] METRIC cache_hit_ratio=0.9567
[2026-08-24T17:49:05] RUN_END status=OK
[2026-08-24T17:52:41] RUN_START run_id=SCALE_O_NFD_300000_146
[2026-08-24T17:52:41] PARAM implementation=NFD
[2026-08-24T17:52:41] METRIC unique_content_objects=300000
[2026-08-24T17:52:41] METRIC cache_hit_ratio=0.4378
[2026-08-24T17:52:41] RUN_END status=OK
[2026-08-24T17:53:35] RUN_START run_id=SCALE_O_PythonNDN_1000_051
[2026-08-24T17:53:35] PARAM implementation=PythonNDN
[2026-08-24T17:53:35] METRIC unique_content_objects=1000
[2026-08-24T17:53:35] METRIC cache_hit_ratio=0.8545
[2026-08-24T17:53:35] RUN_END status=OK
[2026-08-24T17:56:15] RUN_START run_id=SCALE_O_NFD_300000_147
[2026-08-24T17:56:15] PARAM implementation=NFD
[2026-08-24T17:56:15] METRIC unique_content_objects=300000
[2026-08-24T17:56:15] METRIC cache_hit_ratio=0.4603
[2026-08-24T17:56:15] RUN_END status=OK
[2026-08-24T17:58:11] RUN_START run_id=SCALE_O_PythonNDN_1000_052
[2026-08-24T17:58:11] PARAM implementation=PythonNDN
[2026-08-24T17:58:11] METRIC unique_content_objects=1000
[2026-08-24T17:58:11] METRIC cache_hit_ratio=0.8987
[2026-08-24T17:58:11] RUN_END status=OK
[2026-08-24T17:58:19] RUN_START run_id=SCALE_O_NFD_300000_148
[2026-08-24T17:58:19] PARAM implementation=NFD
[2026-08-24T17:58:19] METRIC unique_content_objects=300000
[2026-08-24T17:58:19] METRIC cache_hit_ratio=0.4116
[2026-08-24T17:58:19] RUN_END status=OK
[2026-08-24T17:59:00] RUN_START run_id=SCALE_O_PythonNDN_1000_053
[2026-08-24T17:59:00] PARAM implementation=PythonNDN
[2026-08-24T17:59:00] METRIC unique_content_objects=1000
[2026-08-24T17:59:00] METRIC cache_hit_ratio=0.8896
[2026-08-24T17:59:00] RUN_END status=OK
[2026-08-24T17:59:45] RUN_START run_id=SCALE_O_NFD_300000_149
[2026-08-24T17:59:45] PARAM implementation=NFD
[2026-08-24T17:59:45] METRIC unique_content_objects=300000
[2026-08-24T17:59:45] METRIC cache_hit_ratio=0.457
[2026-08-24T17:59:45] RUN_END status=OK
[2026-08-24T18:00:44] RUN_START run_id=SCALE_O_PythonNDN_1000_054
[2026-08-24T18:00:44] PARAM implementation=PythonNDN
[2026-08-24T18:00:44] METRIC unique_content_objects=1000
[2026-08-24T18:00:44] METRIC cache_hit_ratio=0.8763
[2026-08-24T18:00:44] RUN_END status=OK
[2026-08-24T18:01:55] RUN_START run_id=SCALE_O_NFD_300000_150
[2026-08-24T18:01:55] PARAM implementation=NFD
[2026-08-24T18:01:55] METRIC unique_content_objects=300000
[2026-08-24T18:01:55] METRIC cache_hit_ratio=0.4566
[2026-08-24T18:01:55] RUN_END status=OK
[2026-08-24T18:03:10] RUN_START run_id=SCALE_O_PythonNDN_1000_055
[2026-08-24T18:03:10] PARAM implementation=PythonNDN
[2026-08-24T18:03:10] METRIC unique_content_objects=1000
[2026-08-24T18:03:10] METRIC cache_hit_ratio=0.9079
[2026-08-24T18:03:10] RUN_END status=OK
[2026-08-24T18:05:22] RUN_START run_id=SCALE_O_PythonNDN_1000_056
[2026-08-24T18:05:22] PARAM implementation=PythonNDN
[2026-08-24T18:05:22] METRIC unique_content_objects=1000
[2026-08-24T18:05:22] METRIC cache_hit_ratio=0.9303
[2026-08-24T18:05:22] RUN_END status=OK
