[2026-08-13T09:01:42] RUN_START run_id=SCALE_O_CCNlite_100000_002
[2026-08-13T09:01:42] PARAM implementation=CCNlite
[2026-08-13T09:01:42] METRIC unique_content_objects=100000
[2026-08-13T09:01:42] METRIC cache_hit_ratio=0.6407
[2026-08-13T09:01:42] RUN_END status=OK
[2026-08-13T09:02:27] RUN_START run_id=SCALE_O_CCNlite_100000_003
[2026-08-13T09:02:27] PARAM implementation=CCNlite
[2026-08-13T09:02:27] METRIC unique_content_objects=100000
[2026-08-13T09:02:27] METRIC cache_hit_ratio=0.6584
[2026-08-13T09:02:27] RUN_END status=OK
[2026-08-13T09:04:37] RUN_START run_id=SCALE_O_CCNlite_100000_004
[2026-08-13T09:04:37] PARAM implementation=CCNlite
[2026-08-13T09:04:37] METRIC unique_content_objects=100000
[2026-08-13T09:04:37] METRIC cache_hit_ratio=0.6615
[2026-08-13T09:04:37] RUN_END status=OK
[2026-08-13T09:04:54] RUN_START run_id=SCALE_O_CCNlite_100000_005
[2026-08-13T09:04:54] PARAM implementation=CCNlite
[2026-08-13T09:04:54] METRIC unique_content_objects=100000
[2026-08-13T09:04:54] METRIC cache_hit_ratio=0.6594
[2026-08-13T09:04:54] RUN_END status=OK
[2026-08-13T09:05:10] RUN_START run_id=SCALE_O_CCNlite_100000_006
[2026-08-13T09:05:10] PARAM implementation=CCNlite
[2026-08-13T09:05:10] METRIC unique_content_objects=100000
[2026-08-13T09:05:10] METRIC cache_hit_ratio=0.6057
[2026-08-13T09:05:10] RUN_END status=OK
[2026-08-13T09:06:23] RUN_START run_id=SCALE_O_CCNlite_100000_007
[2026-08-13T09:06:23] PARAM implementation=CCNlite
[2026-08-13T09:06:23] METRIC unique_content_objects=100000
[2026-08-13T09:06:23] METRIC cache_hit_ratio=0.6615
[2026-08-13T09:06:23] RUN_END status=OK
[2026-08-13T09:07:08] RUN_START run_id=SCALE_O_CCNlite_100000_008
[2026-08-13T09:07:08] PARAM implementation=CCNlite
[2026-08-13T09:07:08] METRIC unique_content_objects=100000
[2026-08-13T09:07:08] METRIC cache_hit_ratio=0.6168
[2026-08-13T09:07:08] RUN_END status=OK
[2026-08-13T09:08:13] RUN_START run_id=SCALE_O_CCNlite_100000_009
[2026-08-13T09:08:13] PARAM implementation=CCNlite
[2026-08-13T09:08:13] METRIC unique_content_objects=100000
[2026-08-13T09:08:13] METRIC cache_hit_ratio=0.5494
[2026-08-13T09:08:13] RUN_END status=OK
[2026-08-13T09:09:57] RUN_START run_id=SCALE_O_CCNlite_100000_010
[2026-08-13T09:09:57] PARAM implementation=CCNlite
[2026-08-13T09:09:57] METRIC unique_content_objects=100000
[2026-08-13T09:09:57] METRIC cache_hit_ratio=0.6214
[2026-08-13T09:09:57] RUN_END status=OK
[2026-08-13T09:13:08] RUN_START run_id=SCALE_O_CCNlite_100000_011
[2026-08-13T09:13:08] PARAM implementation=CCNlite
[2026-08-13T09:13:08] METRIC unique_content_objects=100000
[2026-08-13T09:13:08] METRIC cache_hit_ratio=0.6512
[2026-08-13T09:13:08] RUN_END status=OK
[2026-08-13T09:15:05] RUN_START run_id=SCALE_O_CCNlite_100000_012
[2026-08-13T09:15:05] PARAM implementation=CCNlite
[2026-08-13T09:15:05] METRIC unique_content_objects=100000
[2026-08-13T09:15:05] METRIC cache_hit_ratio=0.6488
[2026-08-13T09:15:05] RUN_END status=OK
[2026-08-13T09:16:08] RUN_START run_id=SCALE_O_CCNlite_100000_013
[2026-08-13T09:16:08] PARAM implementation=CCNlite
[2026-08-13T09:16:08] METRIC unique_content_objects=100000
[2026-08-13T09:16:08] METRIC cache_hit_ratio=0.664
[2026-08-13T09:16:08] RUN_END status=OK
[2026-08-13T09:18:55] RUN_START run_id=SCALE_O_CCNlite_100000_014
[2026-08-13T09:18:55] PARAM implementation=CCNlite
[2026-08-13T09:18:55] METRIC unique_content_objects=100000
[2026-08-13T09:18:55] METRIC cache_hit_ratio=0.6599
[2026-08-13T09:18:55] RUN_END status=OK
[2026-08-13T09:19:39] RUN_START run_id=SCALE_O_CCNlite_100000_015
[2026-08-13T09:19:39] PARAM implementation=CCNlite
[2026-08-13T09:19:39] METRIC unique_content_objects=100000
[2026-08-13T09:19:39] METRIC cache_hit_ratio=0.6268
[2026-08-13T09:19:39] RUN_END status=OK
[2026-08-13T09:20:36] RUN_START run_id=SCALE_O_CCNlite_100000_016
[2026-08-13T09:20:36] PARAM implementation=CCNlite
[2026-08-13T09:20:36] METRIC unique_content_objects=100000
[2026-08-13T09:20:36] METRIC cache_hit_ratio=0.5626
[2026-08-13T09:20:36] RUN_END status=OK
[2026-08-13T09:21:06] RUN_START run_id=SCALE_O_CCNlite_100000_017
[2026-08-13T09:21:06] PARAM implementation=CCNlite
[2026-08-13T09:21:06] METRIC unique_content_objects=100000
[2026-08-13T09:21:06] METRIC cache_hit_ratio=0.6225
[2026-08-13T09:21:06] RUN_END status=OK
[2026-08-13T09:25:37] RUN_START run_id=SCALE_O_CCNlite_100000_018
[2026-08-13T09:25:37] PARAM implementation=CCNlite
[2026-08-13T09:25:37] METRIC unique_content_objects=100000
[2026-08-13T09:25:37] METRIC cache_hit_ratio=0.6298
[2026-08-13T09:25:37] RUN_END status=OK
[2026-08-13T09:26:51] RUN_START run_id=SCALE_O_CCNlite_100000_019
[2026-08-13T09:26:51] PARAM implementation=CCNlite
[2026-08-13T09:26:51] METRIC unique_content_objects=100000
[2026-08-13T09:26:51] METRIC cache_hit_ratio=0.6118
[2026-08-13T09:26:51] RUN_END status=OK
