[2026-08-13T04:25:52] RUN_START run_id=SCALE_O_uDCN_1000_054
[2026-08-13T04:25:52] PARAM implementation=uDCN
[2026-08-13T04:25:52] METRIC unique_content_objects=1000
[2026-08-13T04:25:52] METRIC cache_hit_ratio=0.9446
[2026-08-13T04:25:52] RUN_END status=OK
[2026-08-13T04:27:24] RUN_START run_id=SCALE_O_uDCN_1000_055
[2026-08-13T04:27:24] PARAM implementation=uDCN
[2026-08-13T04:27:24] METRIC unique_content_objects=1000
[2026-08-13T04:27:24] METRIC cache_hit_ratio=0.9644
[2026-08-13T04:27:24] RUN_END status=OK
[2026-08-13T04:28:38] RUN_START run_id=SCALE_O_uDCN_1000_056
[2026-08-13T04:28:38] PARAM implementation=uDCN
[2026-08-13T04:28:38] METRIC unique_content_objects=1000
[2026-08-13T04:28:38] METRIC cache_hit_ratio=0.9487
[2026-08-13T04:28:38] RUN_END status=OK
[2026-08-13T04:31:17] RUN_START run_id=SCALE_O_uDCN_1000_057
[2026-08-13T04:31:17] PARAM implementation=uDCN
[2026-08-13T04:31:17] METRIC unique_content_objects=1000
[2026-08-13T04:31:17] METRIC cache_hit_ratio=0.9709
[2026-08-13T04:31:17] RUN_END status=OK
[2026-08-13T04:31:57] RUN_START run_id=SCALE_O_uDCN_1000_058
[2026-08-13T04:31:57] PARAM implementation=uDCN
[2026-08-13T04:31:57] METRIC unique_content_objects=1000
[2026-08-13T04:31:57] METRIC cache_hit_ratio=0.9733
[2026-08-13T04:31:57] RUN_END status=OK
[2026-08-13T04:35:22] RUN_START run_id=SCALE_O_uDCN_1000_059
[2026-08-13T04:35:22] PARAM implementation=uDCN
[2026-08-13T04:35:22] METRIC unique_content_objects=1000
[2026-08-13T04:35:22] METRIC cache_hit_ratio=0.9478
[2026-08-13T04:35:22] RUN_END status=OK
[2026-08-13T04:37:52] RUN_START run_id=SCALE_O_uDCN_1000_060
[2026-08-13T04:37:52] PARAM implementation=uDCN
[2026-08-13T04:37:52] METRIC unique_content_objects=1000
[2026-08-13T04:37:52] METRIC cache_hit_ratio=0.9231
[2026-08-13T04:37:52] RUN_END status=OK
[2026-08-13T04:38:04] RUN_START run_id=SCALE_O_uDCN_1000_061
[2026-08-13T04:38:04] PARAM implementation=uDCN
[2026-08-13T04:38:04] METRIC unique_content_objects=1000
[2026-08-13T04:38:04] METRIC cache_hit_ratio=0.888
[2026-08-13T04:38:04] RUN_END status=OK
[2026-08-13T05:55:09] RUN_START run_id=SCALE_O_uDCN_5000000_072
[2026-08-13T05:55:09] PARAM implementation=uDCN
[2026-08-13T05:55:09] METRIC unique_content_objects=5000000
[2026-08-13T05:55:09] METRIC cache_hit_ratio=0.2843
[2026-08-13T05:55:09] RUN_END status=OK
[2026-08-13T05:57:31] RUN_START run_id=SCALE_O_uDCN_5000000_073
[2026-08-13T05:57:31] PARAM implementation=uDCN
[2026-08-13T05:57:31] METRIC unique_content_objects=5000000
[2026-08-13T05:57:31] METRIC cache_hit_ratio=0.2632
[2026-08-13T05:57:31] RUN_END status=OK
[2026-08-13T05:58:30] RUN_START run_id=SCALE_O_uDCN_5000000_074
[2026-08-13T05:58:30] PARAM implementation=uDCN
[2026-08-13T05:58:30] METRIC unique_content_objects=5000000
[2026-08-13T05:58:30] METRIC cache_hit_ratio=0.2683
[2026-08-13T05:58:30] RUN_END status=OK
[2026-08-13T05:59:09] RUN_START run_id=SCALE_O_uDCN_5000000_075
[2026-08-13T05:59:09] PARAM implementation=uDCN
[2026-08-13T05:59:09] METRIC unique_content_objects=5000000
[2026-08-13T05:59:09] METRIC cache_hit_ratio=0.2711
[2026-08-13T05:59:09] RUN_END status=OK
[2026-08-13T05:59:21] RUN_START run_id=SCALE_O_uDCN_5000000_076
[2026-08-13T05:59:21] PARAM implementation=uDCN
[2026-08-13T05:59:21] METRIC unique_content_objects=5000000
[2026-08-13T05:59:21] METRIC cache_hit_ratio=0.2978
[2026-08-13T05:59:21] RUN_END status=OK
[2026-08-13T06:02:25] RUN_START run_id=SCALE_O_uDCN_5000000_077
[2026-08-13T06:02:25] PARAM implementation=uDCN
[2026-08-13T06:02:25] METRIC unique_content_objects=5000000
[2026-08-13T06:02:25] METRIC cache_hit_ratio=0.258
[2026-08-13T06:02:25] RUN_END status=OK
[2026-08-13T06:02:44] RUN_START run_id=SCALE_O_uDCN_5000000_078
[2026-08-13T06:02:44] PARAM implementation=uDCN
[2026-08-13T06:02:44] METRIC unique_content_objects=5000000
[2026-08-13T06:02:44] METRIC cache_hit_ratio=0.2702
[2026-08-13T06:02:44] RUN_END status=OK
[2026-08-13T06:05:09] RUN_START run_id=SCALE_O_uDCN_5000000_079
[2026-08-13T06:05:09] PARAM implementation=uDCN
[2026-08-13T06:05:09] METRIC unique_content_objects=5000000
[2026-08-13T06:05:09] METRIC cache_hit_ratio=0.2562
[2026-08-13T06:05:09] RUN_END status=OK
[2026-08-13T06:08:39] RUN_START run_id=SCALE_O_uDCN_5000000_080
[2026-08-13T06:08:39] PARAM implementation=uDCN
[2026-08-13T06:08:39] METRIC unique_content_objects=5000000
[2026-08-13T06:08:39] METRIC cache_hit_ratio=0.2673
[2026-08-13T06:08:39] RUN_END status=OK
[2026-08-13T06:10:16] RUN_START run_id=SCALE_O_uDCN_5000000_081
[2026-08-13T06:10:16] PARAM implementation=uDCN
[2026-08-13T06:10:16] METRIC unique_content_objects=5000000
[2026-08-13T06:10:16] METRIC cache_hit_ratio=0.2882
[2026-08-13T06:10:16] RUN_END status=OK
