[2026-08-10T17:32:52] RUN_START run_id=SCALE_O_uDCN_1000_015
[2026-08-10T17:32:52] PARAM implementation=uDCN
[2026-08-10T17:32:52] METRIC unique_content_objects=1000
[2026-08-10T17:32:52] METRIC cache_hit_ratio=0.975
[2026-08-10T17:32:52] RUN_END status=OK
[2026-08-10T17:35:59] RUN_START run_id=SCALE_O_uDCN_1000_016
[2026-08-10T17:35:59] PARAM implementation=uDCN
[2026-08-10T17:35:59] METRIC unique_content_objects=1000
[2026-08-10T17:35:59] METRIC cache_hit_ratio=0.9455
[2026-08-10T17:35:59] RUN_END status=OK
[2026-08-10T17:39:51] RUN_START run_id=SCALE_O_uDCN_1000_017
[2026-08-10T17:39:51] PARAM implementation=uDCN
[2026-08-10T17:39:51] METRIC unique_content_objects=1000
[2026-08-10T17:39:51] METRIC cache_hit_ratio=0.9553
[2026-08-10T17:39:51] RUN_END status=OK
[2026-08-10T17:40:25] RUN_START run_id=SCALE_O_uDCN_1000_018
[2026-08-10T17:40:25] PARAM implementation=uDCN
[2026-08-10T17:40:25] METRIC unique_content_objects=1000
[2026-08-10T17:40:25] METRIC cache_hit_ratio=0.9263
[2026-08-10T17:40:25] RUN_END status=OK
[2026-08-10T17:41:09] RUN_START run_id=SCALE_O_uDCN_1000_019
[2026-08-10T17:41:09] PARAM implementation=uDCN
[2026-08-10T17:41:09] METRIC unique_content_objects=1000
[2026-08-10T17:41:09] METRIC cache_hit_ratio=0.9293
[2026-08-10T17:41:09] RUN_END status=OK
[2026-08-10T17:43:36] RUN_START run_id=SCALE_O_uDCN_1000_020
[2026-08-10T17:43:36] PARAM implementation=uDCN
[2026-08-10T17:43:36] METRIC unique_content_objects=1000
[2026-08-10T17:43:36] METRIC cache_hit_ratio=1.0
[2026-08-10T17:43:36] RUN_END status=OK
[2026-08-10T17:45:06] RUN_START run_id=SCALE_O_uDCN_1000_021
[2026-08-10T17:45:06] PARAM implementation=uDCN
[2026-08-10T17:45:06] METRIC unique_content_objects=1000
[2026-08-10T17:45:06] METRIC cache_hit_ratio=0.9937
[2026-08-10T17:45:06] RUN_END status=OK
[2026-08-10T17:46:39] RUN_START run_id=SCALE_O_uDCN_1000_022
[2026-08-10T17:46:39] PARAM implementation=uDCN
[2026-08-10T17:46:39] METRIC unique_content_objects=1000
[2026-08-10T17:46:39] METRIC cache_hit_ratio=0.8548
[2026-08-10T17:46:39] RUN_END status=OK
[2026-08-10T17:52:35] RUN_START run_id=SCALE_O_uDCN_1000_023
[2026-08-10T17:52:35] PARAM implementation=uDCN
[2026-08-10T17:52:35] METRIC unique_content_objects=1000
[2026-08-10T17:52:35] METRIC cache_hit_ratio=0.965
[2026-08-10T17:52:35] RUN_END status=OK
[2026-08-10T17:54:01] RUN_START run_id=SCALE_O_uDCN_1000_024
[2026-08-10T17:54:01] PARAM implementation=uDCN
[2026-08-10T17:54:01] METRIC unique_content_objects=1000
[2026-08-10T17:54:01] METRIC cache_hit_ratio=0.9861
[2026-08-10T17:54:01] RUN_END status=OK
[2026-08-10T17:56:59] RUN_START run_id=SCALE_O_uDCN_1000_025
[2026-08-10T17:56:59] PARAM implementation=uDCN
[2026-08-10T17:56:59] METRIC unique_content_objects=1000
[2026-08-10T17:56:59] METRIC cache_hit_ratio=0.9053
[2026-08-10T17:56:59] RUN_END status=OK
[2026-08-10T18:00:00] RUN_START run_id=SCALE_O_uDCN_1000000_001
[2026-08-10T18:00:00] PARAM implementation=uDCN
[2026-08-10T18:00:00] METRIC unique_content_objects=1000000
[2026-08-10T18:00:00] METRIC cache_hit_ratio=0.4467
[2026-08-10T18:00:00] RUN_END status=OK
[2026-08-10T18:00:08] RUN_START run_id=SCALE_O_uDCN_1000_026
[2026-08-10T18:00:08] PARAM implementation=uDCN
[2026-08-10T18:00:08] METRIC unique_content_objects=1000
[2026-08-10T18:00:08] METRIC cache_hit_ratio=0.8995
[2026-08-10T18:00:08] RUN_END status=OK
[2026-08-10T18:05:00] RUN_START run_id=SCALE_O_uDCN_1000_027
[2026-08-10T18:05:00] PARAM implementation=uDCN
[2026-08-10T18:05:00] METRIC unique_content_objects=1000
[2026-08-10T18:05:00] METRIC cache_hit_ratio=0.9274
[2026-08-10T18:05:00] RUN_END status=OK
[2026-08-10T18:06:01] RUN_START run_id=SCALE_O_uDCN_1000_028
[2026-08-10T18:06:01] PARAM implementation=uDCN
[2026-08-10T18:06:01] METRIC unique_content_objects=1000
[2026-08-10T18:06:01] METRIC cache_hit_ratio=0.9269
[2026-08-10T18:06:01] RUN_END status=OK
[2026-08-10T18:06:10] RUN_START run_id=SCALE_O_uDCN_1000000_002
[2026-08-10T18:06:10] PARAM implementation=uDCN
[2026-08-10T18:06:10] METRIC unique_content_objects=1000000
[2026-08-10T18:06:10] METRIC cache_hit_ratio=0.4206
[2026-08-10T18:06:10] RUN_END status=OK
