[2026-08-20T01:29:36] RUN_START run_id=SCALE_O_PythonNDN_300000_101
[2026-08-20T01:29:36] PARAM implementation=PythonNDN
[2026-08-20T01:29:36] METRIC unique_content_objects=300000
[2026-08-20T01:29:36] METRIC cache_hit_ratio=0.2628
[2026-08-20T01:29:36] RUN_END status=OK
[2026-08-20T01:30:41] RUN_START run_id=SCALE_O_PythonNDN_300000_102
[2026-08-20T01:30:41] PARAM implementation=PythonNDN
[2026-08-20T01:30:41] METRIC unique_content_objects=300000
[2026-08-20T01:30:41] METRIC cache_hit_ratio=0.2504
[2026-08-20T01:30:41] RUN_END status=OK
[2026-08-20T01:32:15] RUN_START run_id=SCALE_O_PythonNDN_300000_103
[2026-08-20T01:32:15] PARAM implementation=PythonNDN
[2026-08-20T01:32:15] METRIC unique_content_objects=300000
[2026-08-20T01:32:15] METRIC cache_hit_ratio=0.2531
[2026-08-20T01:32:15] RUN_END status=OK
[2026-08-20T01:32:42] RUN_START run_id=SCALE_O_PythonNDN_300000_104
[2026-08-20T01:32:42] PARAM implementation=PythonNDN
[2026-08-20T01:32:42] METRIC unique_content_objects=300000
[2026-08-20T01:32:42] METRIC cache_hit_ratio=0.2324
[2026-08-20T01:32:42] RUN_END status=OK
[2026-08-20T01:33:36] RUN_START run_id=SCALE_O_PythonNDN_300000_105
[2026-08-20T01:33:36] PARAM implementation=PythonNDN
[2026-08-20T01:33:36] METRIC unique_content_objects=300000
[2026-08-20T01:33:36] METRIC cache_hit_ratio=0.2558
[2026-08-20T01:33:36] RUN_END status=OK
[2026-08-20T01:35:40] RUN_START run_id=SCALE_O_PythonNDN_300000_106
[2026-08-20T01:35:40] PARAM implementation=PythonNDN
[2026-08-20T01:35:40] METRIC unique_content_objects=300000
[2026-08-20T01:35:40] METRIC cache_hit_ratio=0.2474
[2026-08-20T01:35:40] RUN_END status=OK
[2026-08-20T01:36:02] RUN_START run_id=SCALE_O_PythonNDN_300000_107
[2026-08-20T01:36:02] PARAM implementation=PythonNDN
[2026-08-20T01:36:02] METRIC unique_content_objects=300000
[2026-08-20T01:36:02] METRIC cache_hit_ratio=0.251
[2026-08-20T01:36:02] RUN_END status=OK
[2026-08-20T01:39:10] RUN_START run_id=SCALE_O_PythonNDN_300000_108
[2026-08-20T01:39:10] PARAM implementation=PythonNDN
[2026-08-20T01:39:10] METRIC unique_content_objects=300000
[2026-08-20T01:39:10] METRIC cache_hit_ratio=0.2556
[2026-08-20T01:39:10] RUN_END status=OK
[2026-08-20T01:41:56] RUN_START run_id=SCALE_O_PythonNDN_300000_109
[2026-08-20T01:41:56] PARAM implementation=PythonNDN
[2026-08-20T01:41:56] METRIC unique_content_objects=300000
[2026-08-20T01:41:56] METRIC cache_hit_ratio=0.2599
[2026-08-20T01:41:56] RUN_END status=OK
[2026-08-20T01:42:55] RUN_START run_id=SCALE_O_PythonNDN_300000_110
[2026-08-20T01:42:55] PARAM implementation=PythonNDN
[2026-08-20T01:42:55] METRIC unique_content_objects=300000
[2026-08-20T01:42:55] METRIC cache_hit_ratio=0.2603
[2026-08-20T01:42:55] RUN_END status=OK
[2026-08-20T01:46:31] RUN_START run_id=SCALE_O_PythonNDN_300000_111
[2026-08-20T01:46:31] PARAM implementation=PythonNDN
[2026-08-20T01:46:31] METRIC unique_content_objects=300000
[2026-08-20T01:46:31] METRIC cache_hit_ratio=0.2548
[2026-08-20T01:46:31] RUN_END status=OK
