[2026-08-17T05:04:16] RUN_START run_id=SCALE_O_PythonNDN_1000000_065
[2026-08-17T05:04:16] PARAM implementation=PythonNDN
[2026-08-17T05:04:16] METRIC unique_content_objects=1000000
[2026-08-17T05:04:16] METRIC cache_hit_ratio=0.1277
[2026-08-17T05:04:16] RUN_END status=OK
[2026-08-17T05:06:33] RUN_START run_id=SCALE_O_PythonNDN_1000000_066
[2026-08-17T05:06:33] PARAM implementation=PythonNDN
[2026-08-17T05:06:33] METRIC unique_content_objects=1000000
[2026-08-17T05:06:33] METRIC cache_hit_ratio=0.1294
[2026-08-17T05:06:33] RUN_END status=OK
[2026-08-17T05:08:50] RUN_START run_id=SCALE_O_PythonNDN_1000000_067
[2026-08-17T05:08:50] PARAM implementation=PythonNDN
[2026-08-17T05:08:50] METRIC unique_content_objects=1000000
[2026-08-17T05:08:50] METRIC cache_hit_ratio=0.1301
[2026-08-17T05:08:50] RUN_END status=OK
[2026-08-17T05:09:46] RUN_START run_id=SCALE_O_PythonNDN_1000000_068
[2026-08-17T05:09:46] PARAM implementation=PythonNDN
[2026-08-17T05:09:46] METRIC unique_content_objects=1000000
[2026-08-17T05:09:46] METRIC cache_hit_ratio=0.1297
[2026-08-17T05:09:46] RUN_END status=OK
[2026-08-17T05:14:19] RUN_START run_id=SCALE_O_PythonNDN_1000000_069
[2026-08-17T05:14:19] PARAM implementation=PythonNDN
[2026-08-17T05:14:19] METRIC unique_content_objects=1000000
[2026-08-17T05:14:19] METRIC cache_hit_ratio=0.134
[2026-08-17T05:14:19] RUN_END status=OK
[2026-08-17T05:15:06] RUN_START run_id=SCALE_O_PythonNDN_1000000_070
[2026-08-17T05:15:06] PARAM implementation=PythonNDN
[2026-08-17T05:15:06] METRIC unique_content_objects=1000000
[2026-08-17T05:15:06] METRIC cache_hit_ratio=0.1236
[2026-08-17T05:15:06] RUN_END status=OK
[2026-08-17T05:18:20] RUN_START run_id=SCALE_O_PythonNDN_1000000_071
[2026-08-17T05:18:20] PARAM implementation=PythonNDN
[2026-08-17T05:18:20] METRIC unique_content_objects=1000000
[2026-08-17T05:18:20] METRIC cache_hit_ratio=0.1198
[2026-08-17T05:18:20] RUN_END status=OK
[2026-08-17T05:20:39] RUN_START run_id=SCALE_O_PythonNDN_1000000_072
[2026-08-17T05:20:39] PARAM implementation=PythonNDN
[2026-08-17T05:20:39] METRIC unique_content_objects=1000000
[2026-08-17T05:20:39] METRIC cache_hit_ratio=0.1221
[2026-08-17T05:20:39] RUN_END status=OK
[2026-08-17T05:24:12] RUN_START run_id=SCALE_O_PythonNDN_1000000_073
[2026-08-17T05:24:12] PARAM implementation=PythonNDN
[2026-08-17T05:24:12] METRIC unique_content_objects=1000000
[2026-08-17T05:24:12] METRIC cache_hit_ratio=0.1206
[2026-08-17T05:24:12] RUN_END status=OK
[2026-08-17T05:25:52] RUN_START run_id=SCALE_O_PythonNDN_1000000_074
[2026-08-17T05:25:52] PARAM implementation=PythonNDN
[2026-08-17T05:25:52] METRIC unique_content_objects=1000000
[2026-08-17T05:25:52] METRIC cache_hit_ratio=0.1328
[2026-08-17T05:25:52] RUN_END status=OK
[2026-08-17T05:27:33] RUN_START run_id=SCALE_O_PythonNDN_1000000_075
[2026-08-17T05:27:33] PARAM implementation=PythonNDN
[2026-08-17T05:27:33] METRIC unique_content_objects=1000000
[2026-08-17T05:27:33] METRIC cache_hit_ratio=0.1288
[2026-08-17T05:27:33] RUN_END status=OK
[2026-08-17T05:30:23] RUN_START run_id=SCALE_O_PythonNDN_1000000_076
[2026-08-17T05:30:23] PARAM implementation=PythonNDN
[2026-08-17T05:30:23] METRIC unique_content_objects=1000000
[2026-08-17T05:30:23] METRIC cache_hit_ratio=0.1221
[2026-08-17T05:30:23] RUN_END status=OK
[2026-08-17T05:32:39] RUN_START run_id=SCALE_O_PythonNDN_1000000_077
[2026-08-17T05:32:39] PARAM implementation=PythonNDN
[2026-08-17T05:32:39] METRIC unique_content_objects=1000000
[2026-08-17T05:32:39] METRIC cache_hit_ratio=0.1344
[2026-08-17T05:32:39] RUN_END status=OK
[2026-08-17T05:35:08] RUN_START run_id=SCALE_O_PythonNDN_1000000_078
[2026-08-17T05:35:08] PARAM implementation=PythonNDN
[2026-08-17T05:35:08] METRIC unique_content_objects=1000000
[2026-08-17T05:35:08] METRIC cache_hit_ratio=0.1333
[2026-08-17T05:35:08] RUN_END status=OK
[2026-08-17T05:36:10] RUN_START run_id=SCALE_O_PythonNDN_1000000_079
[2026-08-17T05:36:10] PARAM implementation=PythonNDN
[2026-08-17T05:36:10] METRIC unique_content_objects=1000000
[2026-08-17T05:36:10] METRIC cache_hit_ratio=0.1318
[2026-08-17T05:36:10] RUN_END status=OK
[2026-08-17T05:37:38] RUN_START run_id=SCALE_O_PythonNDN_1000000_080
[2026-08-17T05:37:38] PARAM implementation=PythonNDN
[2026-08-17T05:37:38] METRIC unique_content_objects=1000000
[2026-08-17T05:37:38] METRIC cache_hit_ratio=0.1309
[2026-08-17T05:37:38] RUN_END status=OK
