[2026-08-29T17:19:28] RUN_START run_id=SCALE_O_PythonNDN_5000000_118
[2026-08-29T17:19:28] PARAM implementation=PythonNDN
[2026-08-29T17:19:28] METRIC unique_content_objects=5000000
[2026-08-29T17:19:28] METRIC cache_hit_ratio=0.0489
[2026-08-29T17:19:28] RUN_END status=OK
[2026-08-29T17:23:52] RUN_START run_id=SCALE_O_PythonNDN_5000000_119
[2026-08-29T17:23:52] PARAM implementation=PythonNDN
[2026-08-29T17:23:52] METRIC unique_content_objects=5000000
[2026-08-29T17:23:52] METRIC cache_hit_ratio=0.0469
[2026-08-29T17:23:52] RUN_END status=OK
[2026-08-29T17:24:56] RUN_START run_id=SCALE_O_PythonNDN_5000000_120
[2026-08-29T17:24:56] PARAM implementation=PythonNDN
[2026-08-29T17:24:56] METRIC unique_content_objects=5000000
[2026-08-29T17:24:56] METRIC cache_hit_ratio=0.0519
[2026-08-29T17:24:56] RUN_END status=OK
[2026-08-29T17:26:03] RUN_START run_id=SCALE_O_PythonNDN_5000000_121
[2026-08-29T17:26:03] PARAM implementation=PythonNDN
[2026-08-29T17:26:03] METRIC unique_content_objects=5000000
[2026-08-29T17:26:03] METRIC cache_hit_ratio=0.0508
[2026-08-29T17:26:03] RUN_END status=OK
[2026-08-29T17:28:41] RUN_START run_id=SCALE_O_PythonNDN_5000000_122
[2026-08-29T17:28:41] PARAM implementation=PythonNDN
[2026-08-29T17:28:41] METRIC unique_content_objects=5000000
[2026-08-29T17:28:41] METRIC cache_hit_ratio=0.0506
[2026-08-29T17:28:41] RUN_END status=OK
[2026-08-29T17:31:13] RUN_START run_id=SCALE_O_PythonNDN_5000000_123
[2026-08-29T17:31:13] PARAM implementation=PythonNDN
[2026-08-29T17:31:13] METRIC unique_content_objects=5000000
[2026-08-29T17:31:13] METRIC cache_hit_ratio=0.0523
[2026-08-29T17:31:13] RUN_END status=OK
[2026-08-29T17:33:44] RUN_START run_id=SCALE_O_PythonNDN_5000000_124
[2026-08-29T17:33:44] PARAM implementation=PythonNDN
[2026-08-29T17:33:44] METRIC unique_content_objects=5000000
[2026-08-29T17:33:44] METRIC cache_hit_ratio=0.0483
[2026-08-29T17:33:44] RUN_END status=OK
[2026-08-29T17:41:58] RUN_START run_id=SCALE_O_PythonNDN_5000000_125
[2026-08-29T17:41:58] PARAM implementation=PythonNDN
[2026-08-29T17:41:58] METRIC unique_content_objects=5000000
[2026-08-29T17:41:58] METRIC cache_hit_ratio=0.0526
[2026-08-29T17:41:58] RUN_END status=OK
[2026-08-29T17:44:21] RUN_START run_id=SCALE_O_PythonNDN_5000000_126
[2026-08-29T17:44:21] PARAM implementation=PythonNDN
[2026-08-29T17:44:21] METRIC unique_content_objects=5000000
[2026-08-29T17:44:21] METRIC cache_hit_ratio=0.0483
[2026-08-29T17:44:21] RUN_END status=OK
[2026-08-29T17:45:06] RUN_START run_id=SCALE_O_PythonNDN_5000000_127
[2026-08-29T17:45:06] PARAM implementation=PythonNDN
[2026-08-29T17:45:06] METRIC unique_content_objects=5000000
[2026-08-29T17:45:06] METRIC cache_hit_ratio=0.0519
[2026-08-29T17:45:06] RUN_END status=OK
[2026-08-29T17:46:48] RUN_START run_id=SCALE_O_PythonNDN_5000000_128
[2026-08-29T17:46:48] PARAM implementation=PythonNDN
[2026-08-29T17:46:48] METRIC unique_content_objects=5000000
[2026-08-29T17:46:48] METRIC cache_hit_ratio=0.0463
[2026-08-29T17:46:48] RUN_END status=OK
[2026-08-29T17:51:10] RUN_START run_id=SCALE_O_PythonNDN_5000000_129
[2026-08-29T17:51:10] PARAM implementation=PythonNDN
[2026-08-29T17:51:10] METRIC unique_content_objects=5000000
[2026-08-29T17:51:10] METRIC cache_hit_ratio=0.0496
[2026-08-29T17:51:10] RUN_END status=OK
[2026-08-29T17:52:29] RUN_START run_id=SCALE_O_PythonNDN_5000000_130
[2026-08-29T17:52:29] PARAM implementation=PythonNDN
[2026-08-29T17:52:29] METRIC unique_content_objects=5000000
[2026-08-29T17:52:29] METRIC cache_hit_ratio=0.0483
[2026-08-29T17:52:29] RUN_END status=OK
[2026-08-29T17:53:01] RUN_START run_id=SCALE_O_PythonNDN_5000000_131
[2026-08-29T17:53:01] PARAM implementation=PythonNDN
[2026-08-29T17:53:01] METRIC unique_content_objects=5000000
[2026-08-29T17:53:01] METRIC cache_hit_ratio=0.0482
[2026-08-29T17:53:01] RUN_END status=OK
[2026-08-29T17:59:08] RUN_START run_id=SCALE_O_PythonNDN_5000000_132
[2026-08-29T17:59:08] PARAM implementation=PythonNDN
[2026-08-29T17:59:08] METRIC unique_content_objects=5000000
[2026-08-29T17:59:08] METRIC cache_hit_ratio=0.0502
[2026-08-29T17:59:08] RUN_END status=OK
[2026-08-30T05:44:14] RUN_START run_id=SCALE_O_PythonNDN_5000000_133
[2026-08-30T05:44:14] PARAM implementation=PythonNDN
[2026-08-30T05:44:14] METRIC unique_content_objects=5000000
[2026-08-30T05:44:14] METRIC cache_hit_ratio=0.0518
[2026-08-30T05:44:14] RUN_END status=OK
