[2026-08-24T10:25:52] RUN_START run_id=SCALE_O_NFD_300000_123
[2026-08-24T10:25:52] PARAM implementation=NFD
[2026-08-24T10:25:52] METRIC unique_content_objects=300000
[2026-08-24T10:25:52] METRIC cache_hit_ratio=0.4538
[2026-08-24T10:25:52] RUN_END status=OK
[2026-08-24T10:26:56] RUN_START run_id=SCALE_O_NFD_300000_124
[2026-08-24T10:26:56] PARAM implementation=NFD
[2026-08-24T10:26:56] METRIC unique_content_objects=300000
[2026-08-24T10:26:56] METRIC cache_hit_ratio=0.4598
[2026-08-24T10:26:56] RUN_END status=OK
[2026-08-24T10:30:17] RUN_START run_id=SCALE_O_NFD_300000_125
[2026-08-24T10:30:17] PARAM implementation=NFD
[2026-08-24T10:30:17] METRIC unique_content_objects=300000
[2026-08-24T10:30:17] METRIC cache_hit_ratio=0.4534
[2026-08-24T10:30:17] RUN_END status=OK
[2026-08-24T10:33:01] RUN_START run_id=SCALE_O_NFD_300000_126
[2026-08-24T10:33:01] PARAM implementation=NFD
[2026-08-24T10:33:01] METRIC unique_content_objects=300000
[2026-08-24T10:33:01] METRIC cache_hit_ratio=0.4722
[2026-08-24T10:33:01] RUN_END status=OK
[2026-08-24T10:36:01] RUN_START run_id=SCALE_O_NFD_300000_127
[2026-08-24T10:36:01] PARAM implementation=NFD
[2026-08-24T10:36:01] METRIC unique_content_objects=300000
[2026-08-24T10:36:01] METRIC cache_hit_ratio=0.4698
[2026-08-24T10:36:01] RUN_END status=OK
[2026-08-24T10:39:37] RUN_START run_id=SCALE_O_NFD_300000_128
[2026-08-24T10:39:37] PARAM implementation=NFD
[2026-08-24T10:39:37] METRIC unique_content_objects=300000
[2026-08-24T10:39:37] METRIC cache_hit_ratio=0.4595
[2026-08-24T10:39:37] RUN_END status=OK
[2026-08-24T10:40:58] RUN_START run_id=SCALE_O_NFD_300000_129
[2026-08-24T10:40:58] PARAM implementation=NFD
[2026-08-24T10:40:58] METRIC unique_content_objects=300000
[2026-08-24T10:40:58] METRIC cache_hit_ratio=0.4743
[2026-08-24T10:40:58] RUN_END status=OK
[2026-08-24T10:42:21] RUN_START run_id=SCALE_O_NFD_300000_130
[2026-08-24T10:42:21] PARAM implementation=NFD
[2026-08-24T10:42:21] METRIC unique_content_objects=300000
[2026-08-24T10:42:21] METRIC cache_hit_ratio=0.4847
[2026-08-24T10:42:21] RUN_END status=OK
[2026-08-24T10:42:45] RUN_START run_id=SCALE_O_NFD_300000_131
[2026-08-24T10:42:45] PARAM implementation=NFD
[2026-08-24T10:42:45] METRIC unique_content_objects=300000
[2026-08-24T10:42:45] METRIC cache_hit_ratio=0.4594
[2026-08-24T10:42:45] RUN_END status=OK
[2026-08-24T10:44:21] RUN_START run_id=SCALE_O_NFD_300000_132
[2026-08-24T10:44:21] PARAM implementation=NFD
[2026-08-24T10:44:21] METRIC unique_content_objects=300000
[2026-08-24T10:44:21] METRIC cache_hit_ratio=0.5037
[2026-08-24T10:44:21] RUN_END status=OK
[2026-08-24T10:46:16] RUN_START run_id=SCALE_O_NFD_300000_133
[2026-08-24T10:46:16] PARAM implementation=NFD
[2026-08-24T10:46:16] METRIC unique_content_objects=300000
[2026-08-24T10:46:16] METRIC cache_hit_ratio=0.4684
[2026-08-24T10:46:16] RUN_END status=OK
[2026-08-24T10:49:43] RUN_START run_id=SCALE_O_NFD_300000_134
[2026-08-24T10:49:43] PARAM implementation=NFD
[2026-08-24T10:49:43] METRIC unique_content_objects=300000
[2026-08-24T10:49:43] METRIC cache_hit_ratio=0.4288
[2026-08-24T10:49:43] RUN_END status=OK
