[2026-08-26T16:46:12] RUN_START run_id=SCALE_O_PythonNDN_5000000_041
[2026-08-26T16:46:12] PARAM implementation=PythonNDN
[2026-08-26T16:46:12] METRIC unique_content_objects=5000000
[2026-08-26T16:46:12] METRIC cache_hit_ratio=0.0508
[2026-08-26T16:46:12] RUN_END status=OK
[2026-08-26T16:49:20] RUN_START run_id=SCALE_O_PythonNDN_5000000_042
[2026-08-26T16:49:20] PARAM implementation=PythonNDN
[2026-08-26T16:49:20] METRIC unique_content_objects=5000000
[2026-08-26T16:49:20] METRIC cache_hit_ratio=0.0512
[2026-08-26T16:49:20] RUN_END status=OK
[2026-08-26T16:51:14] RUN_START run_id=SCALE_O_PythonNDN_5000000_043
[2026-08-26T16:51:14] PARAM implementation=PythonNDN
[2026-08-26T16:51:14] METRIC unique_content_objects=5000000
[2026-08-26T16:51:14] METRIC cache_hit_ratio=0.052
[2026-08-26T16:51:14] RUN_END status=OK
[2026-08-26T16:53:28] RUN_START run_id=SCALE_O_PythonNDN_5000000_044
[2026-08-26T16:53:28] PARAM implementation=PythonNDN
[2026-08-26T16:53:28] METRIC unique_content_objects=5000000
[2026-08-26T16:53:28] METRIC cache_hit_ratio=0.0495
[2026-08-26T16:53:28] RUN_END status=OK
[2026-08-26T16:54:04] RUN_START run_id=SCALE_O_PythonNDN_5000000_045
[2026-08-26T16:54:04] PARAM implementation=PythonNDN
[2026-08-26T16:54:04] METRIC unique_content_objects=5000000
[2026-08-26T16:54:04] METRIC cache_hit_ratio=0.0465
[2026-08-26T16:54:04] RUN_END status=OK
[2026-08-26T16:58:10] RUN_START run_id=SCALE_O_PythonNDN_5000000_046
[2026-08-26T16:58:10] PARAM implementation=PythonNDN
[2026-08-26T16:58:10] METRIC unique_content_objects=5000000
[2026-08-26T16:58:10] METRIC cache_hit_ratio=0.0462
[2026-08-26T16:58:10] RUN_END status=OK
[2026-08-26T16:59:14] RUN_START run_id=SCALE_O_PythonNDN_5000000_047
[2026-08-26T16:59:14] PARAM implementation=PythonNDN
[2026-08-26T16:59:14] METRIC unique_content_objects=5000000
[2026-08-26T16:59:14] METRIC cache_hit_ratio=0.0455
[2026-08-26T16:59:14] RUN_END status=OK
[2026-08-26T19:04:09] RUN_START run_id=SCALE_O_PythonNDN_5000000_048
[2026-08-26T19:04:09] PARAM implementation=PythonNDN
[2026-08-26T19:04:09] METRIC unique_content_objects=5000000
[2026-08-26T19:04:09] METRIC cache_hit_ratio=0.0501
[2026-08-26T19:04:09] RUN_END status=OK
[2026-08-26T19:04:36] RUN_START run_id=SCALE_O_PythonNDN_5000000_049
[2026-08-26T19:04:36] PARAM implementation=PythonNDN
[2026-08-26T19:04:36] METRIC unique_content_objects=5000000
[2026-08-26T19:04:36] METRIC cache_hit_ratio=0.0509
[2026-08-26T19:04:36] RUN_END status=OK
[2026-08-26T19:05:03] RUN_START run_id=SCALE_O_PythonNDN_5000000_050
[2026-08-26T19:05:03] PARAM implementation=PythonNDN
[2026-08-26T19:05:03] METRIC unique_content_objects=5000000
[2026-08-26T19:05:03] METRIC cache_hit_ratio=0.0509
[2026-08-26T19:05:03] RUN_END status=OK
[2026-08-26T19:08:14] RUN_START run_id=SCALE_O_PythonNDN_5000000_051
[2026-08-26T19:08:14] PARAM implementation=PythonNDN
[2026-08-26T19:08:14] METRIC unique_content_objects=5000000
[2026-08-26T19:08:14] METRIC cache_hit_ratio=0.0471
[2026-08-26T19:08:14] RUN_END status=OK
[2026-08-26T19:10:07] RUN_START run_id=SCALE_O_PythonNDN_5000000_052
[2026-08-26T19:10:07] PARAM implementation=PythonNDN
[2026-08-26T19:10:07] METRIC unique_content_objects=5000000
[2026-08-26T19:10:07] METRIC cache_hit_ratio=0.0526
[2026-08-26T19:10:07] RUN_END status=OK
[2026-08-26T19:11:03] RUN_START run_id=SCALE_O_PythonNDN_5000000_053
[2026-08-26T19:11:03] PARAM implementation=PythonNDN
[2026-08-26T19:11:03] METRIC unique_content_objects=5000000
[2026-08-26T19:11:03] METRIC cache_hit_ratio=0.0494
[2026-08-26T19:11:03] RUN_END status=OK
[2026-08-26T19:12:34] RUN_START run_id=SCALE_O_PythonNDN_5000000_054
[2026-08-26T19:12:34] PARAM implementation=PythonNDN
[2026-08-26T19:12:34] METRIC unique_content_objects=5000000
[2026-08-26T19:12:34] METRIC cache_hit_ratio=0.0508
[2026-08-26T19:12:34] RUN_END status=OK
[2026-08-26T19:15:44] RUN_START run_id=SCALE_O_PythonNDN_5000000_055
[2026-08-26T19:15:44] PARAM implementation=PythonNDN
[2026-08-26T19:15:44] METRIC unique_content_objects=5000000
[2026-08-26T19:15:44] METRIC cache_hit_ratio=0.0516
[2026-08-26T19:15:44] RUN_END status=OK
[2026-08-26T19:17:28] RUN_START run_id=SCALE_O_PythonNDN_5000000_056
[2026-08-26T19:17:28] PARAM implementation=PythonNDN
[2026-08-26T19:17:28] METRIC unique_content_objects=5000000
[2026-08-26T19:17:28] METRIC cache_hit_ratio=0.0506
[2026-08-26T19:17:28] RUN_END status=OK
