[2026-08-13T06:11:19] RUN_START run_id=SCALE_O_uDCN_5000000_082
[2026-08-13T06:11:19] PARAM implementation=uDCN
[2026-08-13T06:11:19] METRIC unique_content_objects=5000000
[2026-08-13T06:11:19] METRIC cache_hit_ratio=0.2591
[2026-08-13T06:11:19] RUN_END status=OK
[2026-08-13T06:13:25] RUN_START run_id=SCALE_O_uDCN_5000000_083
[2026-08-13T06:13:25] PARAM implementation=uDCN
[2026-08-13T06:13:25] METRIC unique_content_objects=5000000
[2026-08-13T06:13:25] METRIC cache_hit_ratio=0.2583
[2026-08-13T06:13:25] RUN_END status=OK
[2026-08-13T06:14:55] RUN_START run_id=SCALE_O_uDCN_5000000_084
[2026-08-13T06:14:55] PARAM implementation=uDCN
[2026-08-13T06:14:55] METRIC unique_content_objects=5000000
[2026-08-13T06:14:55] METRIC cache_hit_ratio=0.2687
[2026-08-13T06:14:55] RUN_END status=OK
[2026-08-13T06:15:14] RUN_START run_id=SCALE_O_uDCN_5000000_085
[2026-08-13T06:15:14] PARAM implementation=uDCN
[2026-08-13T06:15:14] METRIC unique_content_objects=5000000
[2026-08-13T06:15:14] METRIC cache_hit_ratio=0.251
[2026-08-13T06:15:14] RUN_END status=OK
[2026-08-13T06:17:38] RUN_START run_id=SCALE_O_uDCN_5000000_086
[2026-08-13T06:17:38] PARAM implementation=uDCN
[2026-08-13T06:17:38] METRIC unique_content_objects=5000000
[2026-08-13T06:17:38] METRIC cache_hit_ratio=0.2523
[2026-08-13T06:17:38] RUN_END status=OK
[2026-08-13T06:23:24] RUN_START run_id=SCALE_O_uDCN_5000000_087
[2026-08-13T06:23:24] PARAM implementation=uDCN
[2026-08-13T06:23:24] METRIC unique_content_objects=5000000
[2026-08-13T06:23:24] METRIC cache_hit_ratio=0.2557
[2026-08-13T06:23:24] RUN_END status=OK
[2026-08-13T06:23:59] RUN_START run_id=SCALE_O_uDCN_5000000_088
[2026-08-13T06:23:59] PARAM implementation=uDCN
[2026-08-13T06:23:59] METRIC unique_content_objects=5000000
[2026-08-13T06:23:59] METRIC cache_hit_ratio=0.279
[2026-08-13T06:23:59] RUN_END status=OK
[2026-08-13T06:25:46] RUN_START run_id=SCALE_O_uDCN_5000000_089
[2026-08-13T06:25:46] PARAM implementation=uDCN
[2026-08-13T06:25:46] METRIC unique_content_objects=5000000
[2026-08-13T06:25:46] METRIC cache_hit_ratio=0.2659
[2026-08-13T06:25:46] RUN_END status=OK
[2026-08-13T06:27:52] RUN_START run_id=SCALE_O_uDCN_5000000_090
[2026-08-13T06:27:52] PARAM implementation=uDCN
[2026-08-13T06:27:52] METRIC unique_content_objects=5000000
[2026-08-13T06:27:52] METRIC cache_hit_ratio=0.2913
[2026-08-13T06:27:52] RUN_END status=OK
[2026-08-13T06:29:11] RUN_START run_id=SCALE_O_uDCN_5000000_091
[2026-08-13T06:29:11] PARAM implementation=uDCN
[2026-08-13T06:29:11] METRIC unique_content_objects=5000000
[2026-08-13T06:29:11] METRIC cache_hit_ratio=0.2808
[2026-08-13T06:29:11] RUN_END status=OK
