[2026-08-14T15:56:54] RUN_START run_id=SCALE_O_uDCN_1000000_130
[2026-08-14T15:56:54] PARAM implementation=uDCN
[2026-08-14T15:56:54] METRIC unique_content_objects=1000000
[2026-08-14T15:56:54] METRIC cache_hit_ratio=0.4436
[2026-08-14T15:56:54] RUN_END status=OK
[2026-08-14T15:58:44] RUN_START run_id=SCALE_O_uDCN_1000000_131
[2026-08-14T15:58:44] PARAM implementation=uDCN
[2026-08-14T15:58:44] METRIC unique_content_objects=1000000
[2026-08-14T15:58:44] METRIC cache_hit_ratio=0.427
[2026-08-14T15:58:44] RUN_END status=OK
[2026-08-14T16:01:45] RUN_START run_id=SCALE_O_uDCN_1000000_132
[2026-08-14T16:01:45] PARAM implementation=uDCN
[2026-08-14T16:01:45] METRIC unique_content_objects=1000000
[2026-08-14T16:01:45] METRIC cache_hit_ratio=0.5041
[2026-08-14T16:01:45] RUN_END status=OK
[2026-08-14T16:03:13] RUN_START run_id=SCALE_O_uDCN_1000000_133
[2026-08-14T16:03:13] PARAM implementation=uDCN
[2026-08-14T16:03:13] METRIC unique_content_objects=1000000
[2026-08-14T16:03:13] METRIC cache_hit_ratio=0.4687
[2026-08-14T16:03:13] RUN_END status=OK
[2026-08-14T16:04:32] RUN_START run_id=SCALE_O_uDCN_1000000_134
[2026-08-14T16:04:32] PARAM implementation=uDCN
[2026-08-14T16:04:32] METRIC unique_content_objects=1000000
[2026-08-14T16:04:32] METRIC cache_hit_ratio=0.4322
[2026-08-14T16:04:32] RUN_END status=OK
[2026-08-14T16:07:05] RUN_START run_id=SCALE_O_uDCN_1000000_135
[2026-08-14T16:07:05] PARAM implementation=uDCN
[2026-08-14T16:07:05] METRIC unique_content_objects=1000000
[2026-08-14T16:07:05] METRIC cache_hit_ratio=0.4452
[2026-08-14T16:07:05] RUN_END status=OK
[2026-08-14T16:09:11] RUN_START run_id=SCALE_O_uDCN_1000000_136
[2026-08-14T16:09:11] PARAM implementation=uDCN
[2026-08-14T16:09:11] METRIC unique_content_objects=1000000
[2026-08-14T16:09:11] METRIC cache_hit_ratio=0.4461
[2026-08-14T16:09:11] RUN_END status=OK
[2026-08-14T16:11:28] RUN_START run_id=SCALE_O_uDCN_1000000_137
[2026-08-14T16:11:28] PARAM implementation=uDCN
[2026-08-14T16:11:28] METRIC unique_content_objects=1000000
[2026-08-14T16:11:28] METRIC cache_hit_ratio=0.4557
[2026-08-14T16:11:28] RUN_END status=OK
[2026-08-14T17:00:00] RUN_START run_id=SCALE_O_NFD_1000_001
[2026-08-14T17:00:00] PARAM implementation=NFD
[2026-08-14T17:00:00] METRIC unique_content_objects=1000
[2026-08-14T17:00:00] METRIC cache_hit_ratio=0.9388
[2026-08-14T17:00:00] RUN_END status=OK
[2026-08-14T17:00:33] RUN_START run_id=SCALE_O_NFD_1000_002
[2026-08-14T17:00:33] PARAM implementation=NFD
[2026-08-14T17:00:33] METRIC unique_content_objects=1000
[2026-08-14T17:00:33] METRIC cache_hit_ratio=0.9308
[2026-08-14T17:00:33] RUN_END status=OK
[2026-08-14T17:00:58] RUN_START run_id=SCALE_O_NFD_1000_003
[2026-08-14T17:00:58] PARAM implementation=NFD
[2026-08-14T17:00:58] METRIC unique_content_objects=1000
[2026-08-14T17:00:58] METRIC cache_hit_ratio=0.9131
[2026-08-14T17:00:58] RUN_END status=OK
[2026-08-14T17:02:13] RUN_START run_id=SCALE_O_NFD_1000_004
[2026-08-14T17:02:13] PARAM implementation=NFD
[2026-08-14T17:02:13] METRIC unique_content_objects=1000
[2026-08-14T17:02:13] METRIC cache_hit_ratio=0.8899
[2026-08-14T17:02:13] RUN_END status=OK
[2026-08-14T17:06:03] RUN_START run_id=SCALE_O_NFD_1000_005
[2026-08-14T17:06:03] PARAM implementation=NFD
[2026-08-14T17:06:03] METRIC unique_content_objects=1000
[2026-08-14T17:06:03] METRIC cache_hit_ratio=0.8556
[2026-08-14T17:06:03] RUN_END status=OK
[2026-08-14T17:07:37] RUN_START run_id=SCALE_O_NFD_1000_006
[2026-08-14T17:07:37] PARAM implementation=NFD
[2026-08-14T17:07:37] METRIC unique_content_objects=1000
[2026-08-14T17:07:37] METRIC cache_hit_ratio=0.8798
[2026-08-14T17:07:37] RUN_END status=OK
[2026-08-14T17:08:08] RUN_START run_id=SCALE_O_PythonNDN_10000_015
[2026-08-14T17:08:08] PARAM implementation=PythonNDN
[2026-08-14T17:08:08] METRIC unique_content_objects=10000
[2026-08-14T17:08:08] METRIC cache_hit_ratio=0.7249
[2026-08-14T17:08:08] RUN_END status=OK
[2026-08-14T17:10:06] RUN_START run_id=SCALE_O_NFD_1000_007
[2026-08-14T17:10:06] PARAM implementation=NFD
[2026-08-14T17:10:06] METRIC unique_content_objects=1000
[2026-08-14T17:10:06] METRIC cache_hit_ratio=0.9253
[2026-08-14T17:10:06] RUN_END status=OK
[2026-08-14T17:11:25] RUN_START run_id=SCALE_O_PythonNDN_10000_016
[2026-08-14T17:11:25] PARAM implementation=PythonNDN
[2026-08-14T17:11:25] METRIC unique_content_objects=10000
[2026-08-14T17:11:25] METRIC cache_hit_ratio=0.7013
[2026-08-14T17:11:25] RUN_END status=OK
[2026-08-14T17:11:36] RUN_START run_id=SCALE_O_NFD_1000_008
[2026-08-14T17:11:36] PARAM implementation=NFD
[2026-08-14T17:11:36] METRIC unique_content_objects=1000
[2026-08-14T17:11:36] METRIC cache_hit_ratio=0.9172
[2026-08-14T17:11:36] RUN_END status=OK
[2026-08-14T17:12:51] RUN_START run_id=SCALE_O_PythonNDN_10000_017
[2026-08-14T17:12:51] PARAM implementation=PythonNDN
[2026-08-14T17:12:51] METRIC unique_content_objects=10000
[2026-08-14T17:12:51] METRIC cache_hit_ratio=0.7555
[2026-08-14T17:12:51] RUN_END status=OK
