[2026-08-30T05:46:30] RUN_START run_id=SCALE_O_PythonNDN_5000000_134
[2026-08-30T05:46:30] PARAM implementation=PythonNDN
[2026-08-30T05:46:30] METRIC unique_content_objects=5000000
[2026-08-30T05:46:30] METRIC cache_hit_ratio=0.0457
[2026-08-30T05:46:30] RUN_END status=OK
[2026-08-30T05:48:42] RUN_START run_id=SCALE_O_PythonNDN_5000000_135
[2026-08-30T05:48:42] PARAM implementation=PythonNDN
[2026-08-30T05:48:42] METRIC unique_content_objects=5000000
[2026-08-30T05:48:42] METRIC cache_hit_ratio=0.0483
[2026-08-30T05:48:42] RUN_END status=OK
[2026-08-30T05:52:35] RUN_START run_id=SCALE_O_PythonNDN_5000000_136
[2026-08-30T05:52:35] PARAM implementation=PythonNDN
[2026-08-30T05:52:35] METRIC unique_content_objects=5000000
[2026-08-30T05:52:35] METRIC cache_hit_ratio=0.0527
[2026-08-30T05:52:35] RUN_END status=OK
[2026-08-30T05:55:11] RUN_START run_id=SCALE_O_PythonNDN_5000000_137
[2026-08-30T05:55:11] PARAM implementation=PythonNDN
[2026-08-30T05:55:11] METRIC unique_content_objects=5000000
[2026-08-30T05:55:11] METRIC cache_hit_ratio=0.0464
[2026-08-30T05:55:11] RUN_END status=OK
[2026-08-30T05:57:54] RUN_START run_id=SCALE_O_PythonNDN_5000000_138
[2026-08-30T05:57:54] PARAM implementation=PythonNDN
[2026-08-30T05:57:54] METRIC unique_content_objects=5000000
[2026-08-30T05:57:54] METRIC cache_hit_ratio=0.0505
[2026-08-30T05:57:54] RUN_END status=OK
[2026-08-30T06:01:33] RUN_START run_id=SCALE_O_PythonNDN_5000000_139
[2026-08-30T06:01:33] PARAM implementation=PythonNDN
[2026-08-30T06:01:33] METRIC unique_content_objects=5000000
[2026-08-30T06:01:33] METRIC cache_hit_ratio=0.0494
[2026-08-30T06:01:33] RUN_END status=OK
[2026-08-30T06:01:49] RUN_START run_id=SCALE_O_PythonNDN_5000000_140
[2026-08-30T06:01:49] PARAM implementation=PythonNDN
[2026-08-30T06:01:49] METRIC unique_content_objects=5000000
[2026-08-30T06:01:49] METRIC cache_hit_ratio=0.0557
[2026-08-30T06:01:49] RUN_END status=OK
[2026-08-30T06:02:28] RUN_START run_id=SCALE_O_PythonNDN_5000000_141
[2026-08-30T06:02:28] PARAM implementation=PythonNDN
[2026-08-30T06:02:28] METRIC unique_content_objects=5000000
[2026-08-30T06:02:28] METRIC cache_hit_ratio=0.051
[2026-08-30T06:02:28] RUN_END status=OK
[2026-08-30T06:03:25] RUN_START run_id=SCALE_O_PythonNDN_5000000_142
[2026-08-30T06:03:25] PARAM implementation=PythonNDN
[2026-08-30T06:03:25] METRIC unique_content_objects=5000000
[2026-08-30T06:03:25] METRIC cache_hit_ratio=0.0503
[2026-08-30T06:03:25] RUN_END status=OK
[2026-08-30T06:05:00] RUN_START run_id=SCALE_O_PythonNDN_5000000_143
[2026-08-30T06:05:00] PARAM implementation=PythonNDN
[2026-08-30T06:05:00] METRIC unique_content_objects=5000000
[2026-08-30T06:05:00] METRIC cache_hit_ratio=0.0514
[2026-08-30T06:05:00] RUN_END status=OK
[2026-08-30T06:06:16] RUN_START run_id=SCALE_O_PythonNDN_5000000_144
[2026-08-30T06:06:16] PARAM implementation=PythonNDN
[2026-08-30T06:06:16] METRIC unique_content_objects=5000000
[2026-08-30T06:06:16] METRIC cache_hit_ratio=0.0508
[2026-08-30T06:06:16] RUN_END status=OK
[2026-08-30T06:10:05] RUN_START run_id=SCALE_O_PythonNDN_5000000_145
[2026-08-30T06:10:05] PARAM implementation=PythonNDN
[2026-08-30T06:10:05] METRIC unique_content_objects=5000000
[2026-08-30T06:10:05] METRIC cache_hit_ratio=0.0487
[2026-08-30T06:10:05] RUN_END status=OK
[2026-08-30T07:07:44] RUN_START run_id=SCALE_O_PythonNDN_1000_131
[2026-08-30T07:07:44] PARAM implementation=PythonNDN
[2026-08-30T07:07:44] METRIC unique_content_objects=1000
[2026-08-30T07:07:44] METRIC cache_hit_ratio=0.8616
[2026-08-30T07:07:44] RUN_END status=OK
[2026-08-30T07:09:02] RUN_START run_id=SCALE_O_PythonNDN_1000_132
[2026-08-30T07:09:02] PARAM implementation=PythonNDN
[2026-08-30T07:09:02] METRIC unique_content_objects=1000
[2026-08-30T07:09:02] METRIC cache_hit_ratio=0.8978
[2026-08-30T07:09:02] RUN_END status=OK
[2026-08-30T07:13:57] RUN_START run_id=SCALE_O_PythonNDN_1000_133
[2026-08-30T07:13:57] PARAM implementation=PythonNDN
[2026-08-30T07:13:57] METRIC unique_content_objects=1000
[2026-08-30T07:13:57] METRIC cache_hit_ratio=0.8702
[2026-08-30T07:13:57] RUN_END status=OK
[2026-08-30T07:16:42] RUN_START run_id=SCALE_O_PythonNDN_1000_134
[2026-08-30T07:16:42] PARAM implementation=PythonNDN
[2026-08-30T07:16:42] METRIC unique_content_objects=1000
[2026-08-30T07:16:42] METRIC cache_hit_ratio=0.9386
[2026-08-30T07:16:42] RUN_END status=OK
[2026-08-30T07:19:01] RUN_START run_id=SCALE_O_PythonNDN_1000_135
[2026-08-30T07:19:01] PARAM implementation=PythonNDN
[2026-08-30T07:19:01] METRIC unique_content_objects=1000
[2026-08-30T07:19:01] METRIC cache_hit_ratio=0.937
[2026-08-30T07:19:01] RUN_END status=OK
[2026-08-30T07:24:47] RUN_START run_id=SCALE_O_PythonNDN_1000_136
[2026-08-30T07:24:47] PARAM implementation=PythonNDN
[2026-08-30T07:24:47] METRIC unique_content_objects=1000
[2026-08-30T07:24:47] METRIC cache_hit_ratio=0.8802
[2026-08-30T07:24:47] RUN_END status=OK
