[2026-08-10T13:23:28] RUN_START run_id=SCALE_O_uDCN_5000000_011
[2026-08-10T13:23:28] PARAM implementation=uDCN
[2026-08-10T13:23:28] METRIC unique_content_objects=5000000
[2026-08-10T13:23:28] METRIC cache_hit_ratio=0.2709
[2026-08-10T13:23:28] RUN_END status=OK
[2026-08-10T13:25:11] RUN_START run_id=SCALE_O_uDCN_5000000_012
[2026-08-10T13:25:11] PARAM implementation=uDCN
[2026-08-10T13:25:11] METRIC unique_content_objects=5000000
[2026-08-10T13:25:11] METRIC cache_hit_ratio=0.2661
[2026-08-10T13:25:11] RUN_END status=OK
[2026-08-10T13:26:18] RUN_START run_id=SCALE_O_uDCN_5000000_013
[2026-08-10T13:26:18] PARAM implementation=uDCN
[2026-08-10T13:26:18] METRIC unique_content_objects=5000000
[2026-08-10T13:26:18] METRIC cache_hit_ratio=0.2674
[2026-08-10T13:26:18] RUN_END status=OK
[2026-08-10T13:29:05] RUN_START run_id=SCALE_O_uDCN_5000000_014
[2026-08-10T13:29:05] PARAM implementation=uDCN
[2026-08-10T13:29:05] METRIC unique_content_objects=5000000
[2026-08-10T13:29:05] METRIC cache_hit_ratio=0.2727
[2026-08-10T13:29:05] RUN_END status=OK
[2026-08-10T13:34:24] RUN_START run_id=SCALE_O_uDCN_5000000_015
[2026-08-10T13:34:24] PARAM implementation=uDCN
[2026-08-10T13:34:24] METRIC unique_content_objects=5000000
[2026-08-10T13:34:24] METRIC cache_hit_ratio=0.2719
[2026-08-10T13:34:24] RUN_END status=OK
[2026-08-10T13:34:41] RUN_START run_id=SCALE_O_uDCN_5000000_016
[2026-08-10T13:34:41] PARAM implementation=uDCN
[2026-08-10T13:34:41] METRIC unique_content_objects=5000000
[2026-08-10T13:34:41] METRIC cache_hit_ratio=0.2628
[2026-08-10T13:34:41] RUN_END status=OK
[2026-08-10T13:36:11] RUN_START run_id=SCALE_O_uDCN_5000000_017
[2026-08-10T13:36:11] PARAM implementation=uDCN
[2026-08-10T13:36:11] METRIC unique_content_objects=5000000
[2026-08-10T13:36:11] METRIC cache_hit_ratio=0.2723
[2026-08-10T13:36:11] RUN_END status=OK
[2026-08-10T13:39:01] RUN_START run_id=SCALE_O_uDCN_5000000_018
[2026-08-10T13:39:01] PARAM implementation=uDCN
[2026-08-10T13:39:01] METRIC unique_content_objects=5000000
[2026-08-10T13:39:01] METRIC cache_hit_ratio=0.2955
[2026-08-10T13:39:01] RUN_END status=OK
[2026-08-10T13:40:31] RUN_START run_id=SCALE_O_uDCN_5000000_019
[2026-08-10T13:40:31] PARAM implementation=uDCN
[2026-08-10T13:40:31] METRIC unique_content_objects=5000000
[2026-08-10T13:40:31] METRIC cache_hit_ratio=0.2665
[2026-08-10T13:40:31] RUN_END status=OK
[2026-08-10T13:41:11] RUN_START run_id=08_scalability_content_DISCARDED_0001
[2026-08-10T13:41:11] RUN_ABORTED reason=cache_warmup_incomplete: content-store did not reach steady-state hit ratio within the 30s warm-up window, run discarded
[2026-08-10T13:41:30] RUN_START run_id=SCALE_O_uDCN_5000000_020
[2026-08-10T13:41:30] PARAM implementation=uDCN
[2026-08-10T13:41:30] METRIC unique_content_objects=5000000
[2026-08-10T13:41:30] METRIC cache_hit_ratio=0.2598
[2026-08-10T13:41:30] RUN_END status=OK
[2026-08-10T13:44:06] RUN_START run_id=SCALE_O_uDCN_5000000_021
[2026-08-10T13:44:06] PARAM implementation=uDCN
[2026-08-10T13:44:06] METRIC unique_content_objects=5000000
[2026-08-10T13:44:06] METRIC cache_hit_ratio=0.2673
[2026-08-10T13:44:06] RUN_END status=OK
[2026-08-10T13:46:59] RUN_START run_id=SCALE_O_uDCN_5000000_022
[2026-08-10T13:46:59] PARAM implementation=uDCN
[2026-08-10T13:46:59] METRIC unique_content_objects=5000000
[2026-08-10T13:46:59] METRIC cache_hit_ratio=0.2849
[2026-08-10T13:46:59] RUN_END status=OK
[2026-08-10T13:51:05] RUN_START run_id=SCALE_O_uDCN_5000000_023
[2026-08-10T13:51:05] PARAM implementation=uDCN
[2026-08-10T13:51:05] METRIC unique_content_objects=5000000
[2026-08-10T13:51:05] METRIC cache_hit_ratio=0.2779
[2026-08-10T13:51:05] RUN_END status=OK
[2026-08-10T13:53:30] RUN_START run_id=SCALE_O_uDCN_5000000_024
[2026-08-10T13:53:30] PARAM implementation=uDCN
[2026-08-10T13:53:30] METRIC unique_content_objects=5000000
[2026-08-10T13:53:30] METRIC cache_hit_ratio=0.263
[2026-08-10T13:53:30] RUN_END status=OK
[2026-08-10T13:57:58] RUN_START run_id=SCALE_O_uDCN_5000000_025
[2026-08-10T13:57:58] PARAM implementation=uDCN
[2026-08-10T13:57:58] METRIC unique_content_objects=5000000
[2026-08-10T13:57:58] METRIC cache_hit_ratio=0.286
[2026-08-10T13:57:58] RUN_END status=OK
[2026-08-10T13:58:55] RUN_START run_id=SCALE_O_uDCN_5000000_026
[2026-08-10T13:58:55] PARAM implementation=uDCN
[2026-08-10T13:58:55] METRIC unique_content_objects=5000000
[2026-08-10T13:58:55] METRIC cache_hit_ratio=0.2658
[2026-08-10T13:58:55] RUN_END status=OK
[2026-08-10T14:02:07] RUN_START run_id=SCALE_O_uDCN_5000000_027
[2026-08-10T14:02:07] PARAM implementation=uDCN
[2026-08-10T14:02:07] METRIC unique_content_objects=5000000
[2026-08-10T14:02:07] METRIC cache_hit_ratio=0.2459
[2026-08-10T14:02:07] RUN_END status=OK
