[2026-08-19T10:02:41] RUN_START run_id=SCALE_O_NFD_10000_002
[2026-08-19T10:02:41] PARAM implementation=NFD
[2026-08-19T10:02:41] METRIC unique_content_objects=10000
[2026-08-19T10:02:41] METRIC cache_hit_ratio=0.7789
[2026-08-19T10:02:41] RUN_END status=OK
[2026-08-19T10:04:41] RUN_START run_id=SCALE_O_NFD_10000_003
[2026-08-19T10:04:41] PARAM implementation=NFD
[2026-08-19T10:04:41] METRIC unique_content_objects=10000
[2026-08-19T10:04:41] METRIC cache_hit_ratio=0.8054
[2026-08-19T10:04:41] RUN_END status=OK
[2026-08-19T10:09:49] RUN_START run_id=SCALE_O_NFD_10000_004
[2026-08-19T10:09:49] PARAM implementation=NFD
[2026-08-19T10:09:49] METRIC unique_content_objects=10000
[2026-08-19T10:09:49] METRIC cache_hit_ratio=0.8018
[2026-08-19T10:09:49] RUN_END status=OK
[2026-08-19T10:11:42] RUN_START run_id=SCALE_O_NFD_10000_005
[2026-08-19T10:11:42] PARAM implementation=NFD
[2026-08-19T10:11:42] METRIC unique_content_objects=10000
[2026-08-19T10:11:42] METRIC cache_hit_ratio=0.8475
[2026-08-19T10:11:42] RUN_END status=OK
[2026-08-19T10:13:05] RUN_START run_id=SCALE_O_NFD_10000_006
[2026-08-19T10:13:05] PARAM implementation=NFD
[2026-08-19T10:13:05] METRIC unique_content_objects=10000
[2026-08-19T10:13:05] METRIC cache_hit_ratio=0.823
[2026-08-19T10:13:05] RUN_END status=OK
[2026-08-19T10:13:48] RUN_START run_id=SCALE_O_NFD_10000_007
[2026-08-19T10:13:48] PARAM implementation=NFD
[2026-08-19T10:13:48] METRIC unique_content_objects=10000
[2026-08-19T10:13:48] METRIC cache_hit_ratio=0.7826
[2026-08-19T10:13:48] RUN_END status=OK
[2026-08-19T10:15:21] RUN_START run_id=SCALE_O_NFD_10000_008
[2026-08-19T10:15:21] PARAM implementation=NFD
[2026-08-19T10:15:21] METRIC unique_content_objects=10000
[2026-08-19T10:15:21] METRIC cache_hit_ratio=0.8229
[2026-08-19T10:15:21] RUN_END status=OK
[2026-08-19T10:17:38] RUN_START run_id=SCALE_O_NFD_10000_009
[2026-08-19T10:17:38] PARAM implementation=NFD
[2026-08-19T10:17:38] METRIC unique_content_objects=10000
[2026-08-19T10:17:38] METRIC cache_hit_ratio=0.8033
[2026-08-19T10:17:38] RUN_END status=OK
[2026-08-19T10:19:15] RUN_START run_id=SCALE_O_NFD_10000_010
[2026-08-19T10:19:15] PARAM implementation=NFD
[2026-08-19T10:19:15] METRIC unique_content_objects=10000
[2026-08-19T10:19:15] METRIC cache_hit_ratio=0.7788
[2026-08-19T10:19:15] RUN_END status=OK
[2026-08-19T10:23:24] RUN_START run_id=SCALE_O_NFD_10000_011
[2026-08-19T10:23:24] PARAM implementation=NFD
[2026-08-19T10:23:24] METRIC unique_content_objects=10000
[2026-08-19T10:23:24] METRIC cache_hit_ratio=0.8233
[2026-08-19T10:23:24] RUN_END status=OK
[2026-08-19T10:24:04] RUN_START run_id=SCALE_O_NFD_10000_012
[2026-08-19T10:24:04] PARAM implementation=NFD
[2026-08-19T10:24:04] METRIC unique_content_objects=10000
[2026-08-19T10:24:04] METRIC cache_hit_ratio=0.8186
[2026-08-19T10:24:04] RUN_END status=OK
[2026-08-19T10:26:20] RUN_START run_id=SCALE_O_NFD_10000_013
[2026-08-19T10:26:20] PARAM implementation=NFD
[2026-08-19T10:26:20] METRIC unique_content_objects=10000
[2026-08-19T10:26:20] METRIC cache_hit_ratio=0.7785
[2026-08-19T10:26:20] RUN_END status=OK
[2026-08-19T10:27:14] RUN_START run_id=SCALE_O_NFD_10000_014
[2026-08-19T10:27:14] PARAM implementation=NFD
[2026-08-19T10:27:14] METRIC unique_content_objects=10000
[2026-08-19T10:27:14] METRIC cache_hit_ratio=0.8795
[2026-08-19T10:27:14] RUN_END status=OK
[2026-08-19T10:29:12] RUN_START run_id=SCALE_O_NFD_10000_015
[2026-08-19T10:29:12] PARAM implementation=NFD
[2026-08-19T10:29:12] METRIC unique_content_objects=10000
[2026-08-19T10:29:12] METRIC cache_hit_ratio=0.7941
[2026-08-19T10:29:12] RUN_END status=OK
[2026-08-19T10:30:05] RUN_START run_id=SCALE_O_NFD_10000_016
[2026-08-19T10:30:05] PARAM implementation=NFD
[2026-08-19T10:30:05] METRIC unique_content_objects=10000
[2026-08-19T10:30:05] METRIC cache_hit_ratio=0.8008
[2026-08-19T10:30:05] RUN_END status=OK
