[2026-08-14T12:12:55] RUN_START run_id=SCALE_O_CCNlite_100000_040
[2026-08-14T12:12:55] PARAM implementation=CCNlite
[2026-08-14T12:12:55] METRIC unique_content_objects=100000
[2026-08-14T12:12:55] METRIC cache_hit_ratio=0.5988
[2026-08-14T12:12:55] RUN_END status=OK
[2026-08-14T12:14:21] RUN_START run_id=SCALE_O_uDCN_10000_007
[2026-08-14T12:14:21] PARAM implementation=uDCN
[2026-08-14T12:14:21] METRIC unique_content_objects=10000
[2026-08-14T12:14:21] METRIC cache_hit_ratio=0.8484
[2026-08-14T12:14:21] RUN_END status=OK
[2026-08-14T12:15:02] RUN_START run_id=SCALE_O_NFD_5000000_031
[2026-08-14T12:15:02] PARAM implementation=NFD
[2026-08-14T12:15:02] METRIC unique_content_objects=5000000
[2026-08-14T12:15:02] METRIC cache_hit_ratio=0.1082
[2026-08-14T12:15:02] RUN_END status=OK
[2026-08-14T12:15:14] RUN_START run_id=SCALE_O_CCNlite_100000_041
[2026-08-14T12:15:14] PARAM implementation=CCNlite
[2026-08-14T12:15:14] METRIC unique_content_objects=100000
[2026-08-14T12:15:14] METRIC cache_hit_ratio=0.7178
[2026-08-14T12:15:14] RUN_END status=OK
[2026-08-14T12:15:31] RUN_START run_id=SCALE_O_uDCN_10000_008
[2026-08-14T12:15:31] PARAM implementation=uDCN
[2026-08-14T12:15:31] METRIC unique_content_objects=10000
[2026-08-14T12:15:31] METRIC cache_hit_ratio=0.9013
[2026-08-14T12:15:31] RUN_END status=OK
[2026-08-14T12:16:36] RUN_START run_id=SCALE_O_uDCN_10000_009
[2026-08-14T12:16:36] PARAM implementation=uDCN
[2026-08-14T12:16:36] METRIC unique_content_objects=10000
[2026-08-14T12:16:36] METRIC cache_hit_ratio=0.8932
[2026-08-14T12:16:36] RUN_END status=OK
[2026-08-14T12:17:18] RUN_START run_id=SCALE_O_uDCN_10000_010
[2026-08-14T12:17:18] PARAM implementation=uDCN
[2026-08-14T12:17:18] METRIC unique_content_objects=10000
[2026-08-14T12:17:18] METRIC cache_hit_ratio=0.8901
[2026-08-14T12:17:18] RUN_END status=OK
[2026-08-14T12:17:23] RUN_START run_id=08_scalability_content_DISCARDED_0039
[2026-08-14T12:17:23] RUN_ABORTED reason=cache_warmup_incomplete: content-store did not reach steady-state hit ratio within the 30s warm-up window, run discarded
[2026-08-14T12:17:32] RUN_START run_id=SCALE_O_NFD_5000000_032
[2026-08-14T12:17:32] PARAM implementation=NFD
[2026-08-14T12:17:32] METRIC unique_content_objects=5000000
[2026-08-14T12:17:32] METRIC cache_hit_ratio=0.1043
[2026-08-14T12:17:32] RUN_END status=OK
[2026-08-14T12:18:13] RUN_START run_id=SCALE_O_uDCN_10000_011
[2026-08-14T12:18:13] PARAM implementation=uDCN
[2026-08-14T12:18:13] METRIC unique_content_objects=10000
[2026-08-14T12:18:13] METRIC cache_hit_ratio=0.8959
[2026-08-14T12:18:13] RUN_END status=OK
[2026-08-14T12:19:09] RUN_START run_id=SCALE_O_NFD_5000000_033
[2026-08-14T12:19:09] PARAM implementation=NFD
[2026-08-14T12:19:09] METRIC unique_content_objects=5000000
[2026-08-14T12:19:09] METRIC cache_hit_ratio=0.1051
[2026-08-14T12:19:09] RUN_END status=OK
[2026-08-14T12:21:16] RUN_START run_id=SCALE_O_uDCN_10000_012
[2026-08-14T12:21:16] PARAM implementation=uDCN
[2026-08-14T12:21:16] METRIC unique_content_objects=10000
[2026-08-14T12:21:16] METRIC cache_hit_ratio=0.8371
[2026-08-14T12:21:16] RUN_END status=OK
[2026-08-14T12:21:47] RUN_START run_id=SCALE_O_NFD_5000000_034
[2026-08-14T12:21:47] PARAM implementation=NFD
[2026-08-14T12:21:47] METRIC unique_content_objects=5000000
[2026-08-14T12:21:47] METRIC cache_hit_ratio=0.1007
[2026-08-14T12:21:47] RUN_END status=OK
[2026-08-14T12:24:33] RUN_START run_id=SCALE_O_uDCN_10000_013
[2026-08-14T12:24:33] PARAM implementation=uDCN
[2026-08-14T12:24:33] METRIC unique_content_objects=10000
[2026-08-14T12:24:33] METRIC cache_hit_ratio=0.8854
[2026-08-14T12:24:33] RUN_END status=OK
[2026-08-14T12:25:01] RUN_START run_id=SCALE_O_NFD_5000000_035
[2026-08-14T12:25:01] PARAM implementation=NFD
[2026-08-14T12:25:01] METRIC unique_content_objects=5000000
[2026-08-14T12:25:01] METRIC cache_hit_ratio=0.0992
[2026-08-14T12:25:01] RUN_END status=OK
[2026-08-14T12:25:57] RUN_START run_id=SCALE_O_uDCN_10000_014
[2026-08-14T12:25:57] PARAM implementation=uDCN
[2026-08-14T12:25:57] METRIC unique_content_objects=10000
[2026-08-14T12:25:57] METRIC cache_hit_ratio=0.8846
[2026-08-14T12:25:57] RUN_END status=OK
[2026-08-14T12:26:55] RUN_START run_id=SCALE_O_uDCN_10000_015
[2026-08-14T12:26:55] PARAM implementation=uDCN
[2026-08-14T12:26:55] METRIC unique_content_objects=10000
[2026-08-14T12:26:55] METRIC cache_hit_ratio=0.8859
[2026-08-14T12:26:55] RUN_END status=OK
[2026-08-14T12:27:42] RUN_START run_id=SCALE_O_uDCN_10000_016
[2026-08-14T12:27:42] PARAM implementation=uDCN
[2026-08-14T12:27:42] METRIC unique_content_objects=10000
[2026-08-14T12:27:42] METRIC cache_hit_ratio=0.8404
[2026-08-14T12:27:42] RUN_END status=OK
