[2026-08-11T07:17:17] RUN_START run_id=SCALE_O_uDCN_1000000_060
[2026-08-11T07:17:17] PARAM implementation=uDCN
[2026-08-11T07:17:17] METRIC unique_content_objects=1000000
[2026-08-11T07:17:17] METRIC cache_hit_ratio=0.4414
[2026-08-11T07:17:17] RUN_END status=OK
[2026-08-11T07:17:51] RUN_START run_id=SCALE_O_uDCN_1000000_061
[2026-08-11T07:17:51] PARAM implementation=uDCN
[2026-08-11T07:17:51] METRIC unique_content_objects=1000000
[2026-08-11T07:17:51] METRIC cache_hit_ratio=0.4522
[2026-08-11T07:17:51] RUN_END status=OK
[2026-08-11T07:22:19] RUN_START run_id=SCALE_O_uDCN_1000000_062
[2026-08-11T07:22:19] PARAM implementation=uDCN
[2026-08-11T07:22:19] METRIC unique_content_objects=1000000
[2026-08-11T07:22:19] METRIC cache_hit_ratio=0.4164
[2026-08-11T07:22:19] RUN_END status=OK
[2026-08-11T07:24:18] RUN_START run_id=SCALE_O_uDCN_1000000_063
[2026-08-11T07:24:18] PARAM implementation=uDCN
[2026-08-11T07:24:18] METRIC unique_content_objects=1000000
[2026-08-11T07:24:18] METRIC cache_hit_ratio=0.4736
[2026-08-11T07:24:18] RUN_END status=OK
[2026-08-11T07:26:31] RUN_START run_id=SCALE_O_uDCN_1000000_064
[2026-08-11T07:26:31] PARAM implementation=uDCN
[2026-08-11T07:26:31] METRIC unique_content_objects=1000000
[2026-08-11T07:26:31] METRIC cache_hit_ratio=0.4438
[2026-08-11T07:26:31] RUN_END status=OK
[2026-08-11T07:29:18] RUN_START run_id=SCALE_O_uDCN_1000000_065
[2026-08-11T07:29:18] PARAM implementation=uDCN
[2026-08-11T07:29:18] METRIC unique_content_objects=1000000
[2026-08-11T07:29:18] METRIC cache_hit_ratio=0.4327
[2026-08-11T07:29:18] RUN_END status=OK
[2026-08-11T07:31:33] RUN_START run_id=SCALE_O_uDCN_1000000_066
[2026-08-11T07:31:33] PARAM implementation=uDCN
[2026-08-11T07:31:33] METRIC unique_content_objects=1000000
[2026-08-11T07:31:33] METRIC cache_hit_ratio=0.4884
[2026-08-11T07:31:33] RUN_END status=OK
[2026-08-11T07:35:57] RUN_START run_id=SCALE_O_uDCN_1000000_067
[2026-08-11T07:35:57] PARAM implementation=uDCN
[2026-08-11T07:35:57] METRIC unique_content_objects=1000000
[2026-08-11T07:35:57] METRIC cache_hit_ratio=0.4614
[2026-08-11T07:35:57] RUN_END status=OK
[2026-08-11T07:37:00] RUN_START run_id=SCALE_O_uDCN_1000000_068
[2026-08-11T07:37:00] PARAM implementation=uDCN
[2026-08-11T07:37:00] METRIC unique_content_objects=1000000
[2026-08-11T07:37:00] METRIC cache_hit_ratio=0.4664
[2026-08-11T07:37:00] RUN_END status=OK
[2026-08-11T07:38:12] RUN_START run_id=SCALE_O_uDCN_1000000_069
[2026-08-11T07:38:12] PARAM implementation=uDCN
[2026-08-11T07:38:12] METRIC unique_content_objects=1000000
[2026-08-11T07:38:12] METRIC cache_hit_ratio=0.4265
[2026-08-11T07:38:12] RUN_END status=OK
[2026-08-11T07:38:55] RUN_START run_id=SCALE_O_uDCN_1000000_070
[2026-08-11T07:38:55] PARAM implementation=uDCN
[2026-08-11T07:38:55] METRIC unique_content_objects=1000000
[2026-08-11T07:38:55] METRIC cache_hit_ratio=0.4355
[2026-08-11T07:38:55] RUN_END status=OK
[2026-08-11T07:40:23] RUN_START run_id=SCALE_O_uDCN_1000000_071
[2026-08-11T07:40:23] PARAM implementation=uDCN
[2026-08-11T07:40:23] METRIC unique_content_objects=1000000
[2026-08-11T07:40:23] METRIC cache_hit_ratio=0.4486
[2026-08-11T07:40:23] RUN_END status=OK
[2026-08-11T07:46:52] RUN_START run_id=SCALE_O_uDCN_1000000_072
[2026-08-11T07:46:52] PARAM implementation=uDCN
[2026-08-11T07:46:52] METRIC unique_content_objects=1000000
[2026-08-11T07:46:52] METRIC cache_hit_ratio=0.4337
[2026-08-11T07:46:52] RUN_END status=OK
