[2026-08-23T12:22:17] RUN_START run_id=SCALE_O_NFD_100000_066
[2026-08-23T12:22:17] PARAM implementation=NFD
[2026-08-23T12:22:17] METRIC unique_content_objects=100000
[2026-08-23T12:22:17] METRIC cache_hit_ratio=0.6612
[2026-08-23T12:22:17] RUN_END status=OK
[2026-08-23T12:22:37] RUN_START run_id=SCALE_O_PythonNDN_5000000_013
[2026-08-23T12:22:37] PARAM implementation=PythonNDN
[2026-08-23T12:22:37] METRIC unique_content_objects=5000000
[2026-08-23T12:22:37] METRIC cache_hit_ratio=0.048
[2026-08-23T12:22:37] RUN_END status=OK
[2026-08-23T12:23:36] RUN_START run_id=SCALE_O_PythonNDN_5000000_014
[2026-08-23T12:23:36] PARAM implementation=PythonNDN
[2026-08-23T12:23:36] METRIC unique_content_objects=5000000
[2026-08-23T12:23:36] METRIC cache_hit_ratio=0.049
[2026-08-23T12:23:36] RUN_END status=OK
[2026-08-23T12:25:11] RUN_START run_id=SCALE_O_NFD_100000_067
[2026-08-23T12:25:11] PARAM implementation=NFD
[2026-08-23T12:25:11] METRIC unique_content_objects=100000
[2026-08-23T12:25:11] METRIC cache_hit_ratio=0.5994
[2026-08-23T12:25:11] RUN_END status=OK
[2026-08-23T12:26:15] RUN_START run_id=SCALE_O_PythonNDN_5000000_015
[2026-08-23T12:26:15] PARAM implementation=PythonNDN
[2026-08-23T12:26:15] METRIC unique_content_objects=5000000
[2026-08-23T12:26:15] METRIC cache_hit_ratio=0.0507
[2026-08-23T12:26:15] RUN_END status=OK
[2026-08-23T12:28:45] RUN_START run_id=SCALE_O_PythonNDN_5000000_016
[2026-08-23T12:28:45] PARAM implementation=PythonNDN
[2026-08-23T12:28:45] METRIC unique_content_objects=5000000
[2026-08-23T12:28:45] METRIC cache_hit_ratio=0.0508
[2026-08-23T12:28:45] RUN_END status=OK
[2026-08-23T12:29:05] RUN_START run_id=SCALE_O_NFD_100000_068
[2026-08-23T12:29:05] PARAM implementation=NFD
[2026-08-23T12:29:05] METRIC unique_content_objects=100000
[2026-08-23T12:29:05] METRIC cache_hit_ratio=0.644
[2026-08-23T12:29:05] RUN_END status=OK
[2026-08-23T12:31:20] RUN_START run_id=SCALE_O_PythonNDN_5000000_017
[2026-08-23T12:31:20] PARAM implementation=PythonNDN
[2026-08-23T12:31:20] METRIC unique_content_objects=5000000
[2026-08-23T12:31:20] METRIC cache_hit_ratio=0.0481
[2026-08-23T12:31:20] RUN_END status=OK
[2026-08-23T12:32:42] RUN_START run_id=SCALE_O_PythonNDN_5000000_018
[2026-08-23T12:32:42] PARAM implementation=PythonNDN
[2026-08-23T12:32:42] METRIC unique_content_objects=5000000
[2026-08-23T12:32:42] METRIC cache_hit_ratio=0.0469
[2026-08-23T12:32:42] RUN_END status=OK
[2026-08-23T12:33:49] RUN_START run_id=SCALE_O_NFD_100000_069
[2026-08-23T12:33:49] PARAM implementation=NFD
[2026-08-23T12:33:49] METRIC unique_content_objects=100000
[2026-08-23T12:33:49] METRIC cache_hit_ratio=0.6671
[2026-08-23T12:33:49] RUN_END status=OK
[2026-08-23T12:34:55] RUN_START run_id=SCALE_O_NFD_100000_070
[2026-08-23T12:34:55] PARAM implementation=NFD
[2026-08-23T12:34:55] METRIC unique_content_objects=100000
[2026-08-23T12:34:55] METRIC cache_hit_ratio=0.6341
[2026-08-23T12:34:55] RUN_END status=OK
[2026-08-23T12:35:46] RUN_START run_id=SCALE_O_PythonNDN_5000000_019
[2026-08-23T12:35:46] PARAM implementation=PythonNDN
[2026-08-23T12:35:46] METRIC unique_content_objects=5000000
[2026-08-23T12:35:46] METRIC cache_hit_ratio=0.0512
[2026-08-23T12:35:46] RUN_END status=OK
[2026-08-23T12:36:29] RUN_START run_id=SCALE_O_NFD_100000_071
[2026-08-23T12:36:29] PARAM implementation=NFD
[2026-08-23T12:36:29] METRIC unique_content_objects=100000
[2026-08-23T12:36:29] METRIC cache_hit_ratio=0.6456
[2026-08-23T12:36:29] RUN_END status=OK
[2026-08-23T12:36:39] RUN_START run_id=SCALE_O_PythonNDN_5000000_020
[2026-08-23T12:36:39] PARAM implementation=PythonNDN
[2026-08-23T12:36:39] METRIC unique_content_objects=5000000
[2026-08-23T12:36:39] METRIC cache_hit_ratio=0.0487
[2026-08-23T12:36:39] RUN_END status=OK
[2026-08-23T12:38:16] RUN_START run_id=SCALE_O_NFD_100000_072
[2026-08-23T12:38:16] PARAM implementation=NFD
[2026-08-23T12:38:16] METRIC unique_content_objects=100000
[2026-08-23T12:38:16] METRIC cache_hit_ratio=0.6638
[2026-08-23T12:38:16] RUN_END status=OK
[2026-08-23T12:40:02] RUN_START run_id=SCALE_O_PythonNDN_5000000_021
[2026-08-23T12:40:02] PARAM implementation=PythonNDN
[2026-08-23T12:40:02] METRIC unique_content_objects=5000000
[2026-08-23T12:40:02] METRIC cache_hit_ratio=0.0501
[2026-08-23T12:40:02] RUN_END status=OK
[2026-08-23T12:40:26] RUN_START run_id=SCALE_O_NFD_100000_073
[2026-08-23T12:40:26] PARAM implementation=NFD
[2026-08-23T12:40:26] METRIC unique_content_objects=100000
[2026-08-23T12:40:26] METRIC cache_hit_ratio=0.654
[2026-08-23T12:40:26] RUN_END status=OK
[2026-08-23T12:42:08] RUN_START run_id=SCALE_O_NFD_100000_074
[2026-08-23T12:42:08] PARAM implementation=NFD
[2026-08-23T12:42:08] METRIC unique_content_objects=100000
[2026-08-23T12:42:08] METRIC cache_hit_ratio=0.6423
[2026-08-23T12:42:08] RUN_END status=OK
[2026-08-23T12:43:28] RUN_START run_id=SCALE_O_NFD_100000_075
[2026-08-23T12:43:28] PARAM implementation=NFD
[2026-08-23T12:43:28] METRIC unique_content_objects=100000
[2026-08-23T12:43:28] METRIC cache_hit_ratio=0.6244
[2026-08-23T12:43:28] RUN_END status=OK
