[2026-08-20T09:07:41] RUN_START run_id=SCALE_O_CCNlite_1000_143
[2026-08-20T09:07:41] PARAM implementation=CCNlite
[2026-08-20T09:07:41] METRIC unique_content_objects=1000
[2026-08-20T09:07:41] METRIC cache_hit_ratio=0.8758
[2026-08-20T09:07:41] RUN_END status=OK
[2026-08-20T09:08:53] RUN_START run_id=SCALE_O_CCNlite_1000_144
[2026-08-20T09:08:53] PARAM implementation=CCNlite
[2026-08-20T09:08:53] METRIC unique_content_objects=1000
[2026-08-20T09:08:53] METRIC cache_hit_ratio=0.9048
[2026-08-20T09:08:53] RUN_END status=OK
[2026-08-20T09:10:10] RUN_START run_id=SCALE_O_CCNlite_1000_145
[2026-08-20T09:10:10] PARAM implementation=CCNlite
[2026-08-20T09:10:10] METRIC unique_content_objects=1000
[2026-08-20T09:10:10] METRIC cache_hit_ratio=0.8916
[2026-08-20T09:10:10] RUN_END status=OK
[2026-08-20T09:13:12] RUN_START run_id=SCALE_O_CCNlite_1000_146
[2026-08-20T09:13:12] PARAM implementation=CCNlite
[2026-08-20T09:13:12] METRIC unique_content_objects=1000
[2026-08-20T09:13:12] METRIC cache_hit_ratio=0.8825
[2026-08-20T09:13:12] RUN_END status=OK
[2026-08-20T09:14:32] RUN_START run_id=SCALE_O_CCNlite_1000_147
[2026-08-20T09:14:32] PARAM implementation=CCNlite
[2026-08-20T09:14:32] METRIC unique_content_objects=1000
[2026-08-20T09:14:32] METRIC cache_hit_ratio=0.8958
[2026-08-20T09:14:32] RUN_END status=OK
[2026-08-20T09:17:43] RUN_START run_id=SCALE_O_CCNlite_1000_148
[2026-08-20T09:17:43] PARAM implementation=CCNlite
[2026-08-20T09:17:43] METRIC unique_content_objects=1000
[2026-08-20T09:17:43] METRIC cache_hit_ratio=0.8489
[2026-08-20T09:17:43] RUN_END status=OK
[2026-08-20T09:22:39] RUN_START run_id=SCALE_O_CCNlite_1000_149
[2026-08-20T09:22:39] PARAM implementation=CCNlite
[2026-08-20T09:22:39] METRIC unique_content_objects=1000
[2026-08-20T09:22:39] METRIC cache_hit_ratio=0.9488
[2026-08-20T09:22:39] RUN_END status=OK
[2026-08-20T09:23:30] RUN_START run_id=SCALE_O_CCNlite_1000_150
[2026-08-20T09:23:30] PARAM implementation=CCNlite
[2026-08-20T09:23:30] METRIC unique_content_objects=1000
[2026-08-20T09:23:30] METRIC cache_hit_ratio=0.9284
[2026-08-20T09:23:30] RUN_END status=OK
[2026-08-20T10:23:33] RUN_START run_id=SCALE_O_CCNlite_5000000_111
[2026-08-20T10:23:33] PARAM implementation=CCNlite
[2026-08-20T10:23:33] METRIC unique_content_objects=5000000
[2026-08-20T10:23:33] METRIC cache_hit_ratio=0.1141
[2026-08-20T10:23:33] RUN_END status=OK
[2026-08-20T10:26:42] RUN_START run_id=SCALE_O_CCNlite_5000000_112
[2026-08-20T10:26:42] PARAM implementation=CCNlite
[2026-08-20T10:26:42] METRIC unique_content_objects=5000000
[2026-08-20T10:26:42] METRIC cache_hit_ratio=0.107
[2026-08-20T10:26:42] RUN_END status=OK
[2026-08-20T10:27:55] RUN_START run_id=SCALE_O_CCNlite_5000000_113
[2026-08-20T10:27:55] PARAM implementation=CCNlite
[2026-08-20T10:27:55] METRIC unique_content_objects=5000000
[2026-08-20T10:27:55] METRIC cache_hit_ratio=0.1043
[2026-08-20T10:27:55] RUN_END status=OK
[2026-08-20T10:28:48] RUN_START run_id=SCALE_O_CCNlite_5000000_114
[2026-08-20T10:28:48] PARAM implementation=CCNlite
[2026-08-20T10:28:48] METRIC unique_content_objects=5000000
[2026-08-20T10:28:48] METRIC cache_hit_ratio=0.1047
[2026-08-20T10:28:48] RUN_END status=OK
[2026-08-20T10:29:47] RUN_START run_id=SCALE_O_CCNlite_5000000_115
[2026-08-20T10:29:47] PARAM implementation=CCNlite
[2026-08-20T10:29:47] METRIC unique_content_objects=5000000
[2026-08-20T10:29:47] METRIC cache_hit_ratio=0.1053
[2026-08-20T10:29:47] RUN_END status=OK
[2026-08-20T10:32:49] RUN_START run_id=SCALE_O_CCNlite_5000000_116
[2026-08-20T10:32:49] PARAM implementation=CCNlite
[2026-08-20T10:32:49] METRIC unique_content_objects=5000000
[2026-08-20T10:32:49] METRIC cache_hit_ratio=0.1107
[2026-08-20T10:32:49] RUN_END status=OK
[2026-08-20T10:34:10] RUN_START run_id=SCALE_O_CCNlite_5000000_117
[2026-08-20T10:34:10] PARAM implementation=CCNlite
[2026-08-20T10:34:10] METRIC unique_content_objects=5000000
[2026-08-20T10:34:10] METRIC cache_hit_ratio=0.1183
[2026-08-20T10:34:10] RUN_END status=OK
