[2026-08-26T15:13:35] RUN_START run_id=SCALE_O_PythonNDN_100000_145
[2026-08-26T15:13:35] PARAM implementation=PythonNDN
[2026-08-26T15:13:35] METRIC unique_content_objects=100000
[2026-08-26T15:13:35] METRIC cache_hit_ratio=0.5153
[2026-08-26T15:13:35] RUN_END status=OK
[2026-08-26T15:15:42] RUN_START run_id=SCALE_O_PythonNDN_100000_146
[2026-08-26T15:15:42] PARAM implementation=PythonNDN
[2026-08-26T15:15:42] METRIC unique_content_objects=100000
[2026-08-26T15:15:42] METRIC cache_hit_ratio=0.5033
[2026-08-26T15:15:42] RUN_END status=OK
[2026-08-26T15:18:18] RUN_START run_id=SCALE_O_PythonNDN_100000_147
[2026-08-26T15:18:18] PARAM implementation=PythonNDN
[2026-08-26T15:18:18] METRIC unique_content_objects=100000
[2026-08-26T15:18:18] METRIC cache_hit_ratio=0.4892
[2026-08-26T15:18:18] RUN_END status=OK
[2026-08-26T15:19:16] RUN_START run_id=SCALE_O_PythonNDN_100000_148
[2026-08-26T15:19:16] PARAM implementation=PythonNDN
[2026-08-26T15:19:16] METRIC unique_content_objects=100000
[2026-08-26T15:19:16] METRIC cache_hit_ratio=0.5017
[2026-08-26T15:19:16] RUN_END status=OK
[2026-08-26T15:21:27] RUN_START run_id=SCALE_O_PythonNDN_100000_149
[2026-08-26T15:21:27] PARAM implementation=PythonNDN
[2026-08-26T15:21:27] METRIC unique_content_objects=100000
[2026-08-26T15:21:27] METRIC cache_hit_ratio=0.4823
[2026-08-26T15:21:27] RUN_END status=OK
[2026-08-26T15:22:35] RUN_START run_id=SCALE_O_PythonNDN_100000_150
[2026-08-26T15:22:35] PARAM implementation=PythonNDN
[2026-08-26T15:22:35] METRIC unique_content_objects=100000
[2026-08-26T15:22:35] METRIC cache_hit_ratio=0.5215
[2026-08-26T15:22:35] RUN_END status=OK
[2026-08-26T16:33:24] RUN_START run_id=SCALE_O_PythonNDN_5000000_035
[2026-08-26T16:33:24] PARAM implementation=PythonNDN
[2026-08-26T16:33:24] METRIC unique_content_objects=5000000
[2026-08-26T16:33:24] METRIC cache_hit_ratio=0.0514
[2026-08-26T16:33:24] RUN_END status=OK
[2026-08-26T16:35:11] RUN_START run_id=08_scalability_content_DISCARDED_0221
[2026-08-26T16:35:11] RUN_ABORTED reason=cache_warmup_incomplete: content-store did not reach steady-state hit ratio within the 30s warm-up window, run discarded
[2026-08-26T16:35:52] RUN_START run_id=SCALE_O_PythonNDN_5000000_036
[2026-08-26T16:35:52] PARAM implementation=PythonNDN
[2026-08-26T16:35:52] METRIC unique_content_objects=5000000
[2026-08-26T16:35:52] METRIC cache_hit_ratio=0.0514
[2026-08-26T16:35:52] RUN_END status=OK
[2026-08-26T16:38:00] RUN_START run_id=SCALE_O_PythonNDN_5000000_037
[2026-08-26T16:38:00] PARAM implementation=PythonNDN
[2026-08-26T16:38:00] METRIC unique_content_objects=5000000
[2026-08-26T16:38:00] METRIC cache_hit_ratio=0.0501
[2026-08-26T16:38:00] RUN_END status=OK
[2026-08-26T16:41:14] RUN_START run_id=SCALE_O_PythonNDN_5000000_038
[2026-08-26T16:41:14] PARAM implementation=PythonNDN
[2026-08-26T16:41:14] METRIC unique_content_objects=5000000
[2026-08-26T16:41:14] METRIC cache_hit_ratio=0.049
[2026-08-26T16:41:14] RUN_END status=OK
[2026-08-26T16:42:02] RUN_START run_id=SCALE_O_PythonNDN_5000000_039
[2026-08-26T16:42:02] PARAM implementation=PythonNDN
[2026-08-26T16:42:02] METRIC unique_content_objects=5000000
[2026-08-26T16:42:02] METRIC cache_hit_ratio=0.0523
[2026-08-26T16:42:02] RUN_END status=OK
[2026-08-26T16:44:32] RUN_START run_id=SCALE_O_PythonNDN_5000000_040
[2026-08-26T16:44:32] PARAM implementation=PythonNDN
[2026-08-26T16:44:32] METRIC unique_content_objects=5000000
[2026-08-26T16:44:32] METRIC cache_hit_ratio=0.0499
[2026-08-26T16:44:32] RUN_END status=OK
