[2026-08-23T10:04:24] RUN_START run_id=SCALE_O_NFD_10000_138
[2026-08-23T10:04:24] PARAM implementation=NFD
[2026-08-23T10:04:24] METRIC unique_content_objects=10000
[2026-08-23T10:04:24] METRIC cache_hit_ratio=0.8244
[2026-08-23T10:04:24] RUN_END status=OK
[2026-08-23T10:04:54] RUN_START run_id=SCALE_O_NFD_10000_139
[2026-08-23T10:04:54] PARAM implementation=NFD
[2026-08-23T10:04:54] METRIC unique_content_objects=10000
[2026-08-23T10:04:54] METRIC cache_hit_ratio=0.8151
[2026-08-23T10:04:54] RUN_END status=OK
[2026-08-23T10:05:35] RUN_START run_id=SCALE_O_PythonNDN_1000_002
[2026-08-23T10:05:35] PARAM implementation=PythonNDN
[2026-08-23T10:05:35] METRIC unique_content_objects=1000
[2026-08-23T10:05:35] METRIC cache_hit_ratio=0.9743
[2026-08-23T10:05:35] RUN_END status=OK
[2026-08-23T10:08:41] RUN_START run_id=SCALE_O_PythonNDN_1000_003
[2026-08-23T10:08:41] PARAM implementation=PythonNDN
[2026-08-23T10:08:41] METRIC unique_content_objects=1000
[2026-08-23T10:08:41] METRIC cache_hit_ratio=0.8806
[2026-08-23T10:08:41] RUN_END status=OK
[2026-08-23T10:09:43] RUN_START run_id=SCALE_O_NFD_10000_140
[2026-08-23T10:09:43] PARAM implementation=NFD
[2026-08-23T10:09:43] METRIC unique_content_objects=10000
[2026-08-23T10:09:43] METRIC cache_hit_ratio=0.8239
[2026-08-23T10:09:43] RUN_END status=OK
[2026-08-23T10:10:12] RUN_START run_id=SCALE_O_PythonNDN_1000_004
[2026-08-23T10:10:12] PARAM implementation=PythonNDN
[2026-08-23T10:10:12] METRIC unique_content_objects=1000
[2026-08-23T10:10:12] METRIC cache_hit_ratio=0.9416
[2026-08-23T10:10:12] RUN_END status=OK
[2026-08-23T10:10:23] RUN_START run_id=SCALE_O_NFD_10000_141
[2026-08-23T10:10:23] PARAM implementation=NFD
[2026-08-23T10:10:23] METRIC unique_content_objects=10000
[2026-08-23T10:10:23] METRIC cache_hit_ratio=0.7607
[2026-08-23T10:10:23] RUN_END status=OK
[2026-08-23T10:11:55] RUN_START run_id=SCALE_O_PythonNDN_1000_005
[2026-08-23T10:11:55] PARAM implementation=PythonNDN
[2026-08-23T10:11:55] METRIC unique_content_objects=1000
[2026-08-23T10:11:55] METRIC cache_hit_ratio=0.921
[2026-08-23T10:11:55] RUN_END status=OK
[2026-08-23T10:12:01] RUN_START run_id=SCALE_O_NFD_10000_142
[2026-08-23T10:12:01] PARAM implementation=NFD
[2026-08-23T10:12:01] METRIC unique_content_objects=10000
[2026-08-23T10:12:01] METRIC cache_hit_ratio=0.7958
[2026-08-23T10:12:01] RUN_END status=OK
[2026-08-23T10:13:01] RUN_START run_id=SCALE_O_PythonNDN_1000_006
[2026-08-23T10:13:01] PARAM implementation=PythonNDN
[2026-08-23T10:13:01] METRIC unique_content_objects=1000
[2026-08-23T10:13:01] METRIC cache_hit_ratio=0.9115
[2026-08-23T10:13:01] RUN_END status=OK
[2026-08-23T10:16:06] RUN_START run_id=SCALE_O_PythonNDN_1000_007
[2026-08-23T10:16:06] PARAM implementation=PythonNDN
[2026-08-23T10:16:06] METRIC unique_content_objects=1000
[2026-08-23T10:16:06] METRIC cache_hit_ratio=0.8422
[2026-08-23T10:16:06] RUN_END status=OK
[2026-08-23T10:17:46] RUN_START run_id=SCALE_O_PythonNDN_1000_008
[2026-08-23T10:17:46] PARAM implementation=PythonNDN
[2026-08-23T10:17:46] METRIC unique_content_objects=1000
[2026-08-23T10:17:46] METRIC cache_hit_ratio=0.9122
[2026-08-23T10:17:46] RUN_END status=OK
[2026-08-23T10:20:14] RUN_START run_id=SCALE_O_PythonNDN_1000_009
[2026-08-23T10:20:14] PARAM implementation=PythonNDN
[2026-08-23T10:20:14] METRIC unique_content_objects=1000
[2026-08-23T10:20:14] METRIC cache_hit_ratio=0.8978
[2026-08-23T10:20:14] RUN_END status=OK
[2026-08-23T10:23:23] RUN_START run_id=SCALE_O_PythonNDN_1000_010
[2026-08-23T10:23:23] PARAM implementation=PythonNDN
[2026-08-23T10:23:23] METRIC unique_content_objects=1000
[2026-08-23T10:23:23] METRIC cache_hit_ratio=0.8804
[2026-08-23T10:23:23] RUN_END status=OK
[2026-08-23T10:26:16] RUN_START run_id=SCALE_O_PythonNDN_1000_011
[2026-08-23T10:26:16] PARAM implementation=PythonNDN
[2026-08-23T10:26:16] METRIC unique_content_objects=1000
[2026-08-23T10:26:16] METRIC cache_hit_ratio=0.9416
[2026-08-23T10:26:16] RUN_END status=OK
[2026-08-23T10:27:41] RUN_START run_id=SCALE_O_PythonNDN_1000_012
[2026-08-23T10:27:41] PARAM implementation=PythonNDN
[2026-08-23T10:27:41] METRIC unique_content_objects=1000
[2026-08-23T10:27:41] METRIC cache_hit_ratio=0.9027
[2026-08-23T10:27:41] RUN_END status=OK
[2026-08-23T10:29:33] RUN_START run_id=SCALE_O_PythonNDN_1000_013
[2026-08-23T10:29:33] PARAM implementation=PythonNDN
[2026-08-23T10:29:33] METRIC unique_content_objects=1000
[2026-08-23T10:29:33] METRIC cache_hit_ratio=0.8928
[2026-08-23T10:29:33] RUN_END status=OK
[2026-08-23T10:30:56] RUN_START run_id=SCALE_O_PythonNDN_1000_014
[2026-08-23T10:30:56] PARAM implementation=PythonNDN
[2026-08-23T10:30:56] METRIC unique_content_objects=1000
[2026-08-23T10:30:56] METRIC cache_hit_ratio=0.8744
[2026-08-23T10:30:56] RUN_END status=OK
[2026-08-23T10:35:33] RUN_START run_id=SCALE_O_PythonNDN_1000_015
[2026-08-23T10:35:33] PARAM implementation=PythonNDN
[2026-08-23T10:35:33] METRIC unique_content_objects=1000
[2026-08-23T10:35:33] METRIC cache_hit_ratio=0.8773
[2026-08-23T10:35:33] RUN_END status=OK
