[2026-08-21T14:59:53] RUN_START run_id=08_scalability_content_DISCARDED_0164
[2026-08-21T14:59:53] RUN_ABORTED reason=cache_warmup_incomplete: content-store did not reach steady-state hit ratio within the 30s warm-up window, run discarded
[2026-08-21T15:01:07] RUN_START run_id=SCALE_O_PythonNDN_1000000_135
[2026-08-21T15:01:07] PARAM implementation=PythonNDN
[2026-08-21T15:01:07] METRIC unique_content_objects=1000000
[2026-08-21T15:01:07] METRIC cache_hit_ratio=0.1264
[2026-08-21T15:01:07] RUN_END status=OK
[2026-08-21T15:05:03] RUN_START run_id=SCALE_O_NFD_10000_054
[2026-08-21T15:05:03] PARAM implementation=NFD
[2026-08-21T15:05:03] METRIC unique_content_objects=10000
[2026-08-21T15:05:03] METRIC cache_hit_ratio=0.7593
[2026-08-21T15:05:03] RUN_END status=OK
[2026-08-21T15:05:23] RUN_START run_id=SCALE_O_PythonNDN_1000000_136
[2026-08-21T15:05:23] PARAM implementation=PythonNDN
[2026-08-21T15:05:23] METRIC unique_content_objects=1000000
[2026-08-21T15:05:23] METRIC cache_hit_ratio=0.1299
[2026-08-21T15:05:23] RUN_END status=OK
[2026-08-21T15:06:49] RUN_START run_id=SCALE_O_PythonNDN_1000000_137
[2026-08-21T15:06:49] PARAM implementation=PythonNDN
[2026-08-21T15:06:49] METRIC unique_content_objects=1000000
[2026-08-21T15:06:49] METRIC cache_hit_ratio=0.1431
[2026-08-21T15:06:49] RUN_END status=OK
[2026-08-21T15:07:01] RUN_START run_id=SCALE_O_NFD_10000_055
[2026-08-21T15:07:01] PARAM implementation=NFD
[2026-08-21T15:07:01] METRIC unique_content_objects=10000
[2026-08-21T15:07:01] METRIC cache_hit_ratio=0.7337
[2026-08-21T15:07:01] RUN_END status=OK
[2026-08-21T15:09:27] RUN_START run_id=SCALE_O_PythonNDN_1000000_138
[2026-08-21T15:09:27] PARAM implementation=PythonNDN
[2026-08-21T15:09:27] METRIC unique_content_objects=1000000
[2026-08-21T15:09:27] METRIC cache_hit_ratio=0.1252
[2026-08-21T15:09:27] RUN_END status=OK
[2026-08-21T15:09:58] RUN_START run_id=SCALE_O_NFD_10000_056
[2026-08-21T15:09:58] PARAM implementation=NFD
[2026-08-21T15:09:58] METRIC unique_content_objects=10000
[2026-08-21T15:09:58] METRIC cache_hit_ratio=0.8033
[2026-08-21T15:09:58] RUN_END status=OK
[2026-08-21T15:10:21] RUN_START run_id=SCALE_O_NFD_10000_057
[2026-08-21T15:10:21] PARAM implementation=NFD
[2026-08-21T15:10:21] METRIC unique_content_objects=10000
[2026-08-21T15:10:21] METRIC cache_hit_ratio=0.7926
[2026-08-21T15:10:21] RUN_END status=OK
[2026-08-21T15:11:46] RUN_START run_id=SCALE_O_PythonNDN_1000000_139
[2026-08-21T15:11:46] PARAM implementation=PythonNDN
[2026-08-21T15:11:46] METRIC unique_content_objects=1000000
[2026-08-21T15:11:46] METRIC cache_hit_ratio=0.1293
[2026-08-21T15:11:46] RUN_END status=OK
[2026-08-21T15:13:12] RUN_START run_id=SCALE_O_CCNlite_300000_033
[2026-08-21T15:13:12] PARAM implementation=CCNlite
[2026-08-21T15:13:12] METRIC unique_content_objects=300000
[2026-08-21T15:13:12] METRIC cache_hit_ratio=0.4117
[2026-08-21T15:13:12] RUN_END status=OK
[2026-08-21T15:13:34] RUN_START run_id=SCALE_O_NFD_10000_058
[2026-08-21T15:13:34] PARAM implementation=NFD
[2026-08-21T15:13:34] METRIC unique_content_objects=10000
[2026-08-21T15:13:34] METRIC cache_hit_ratio=0.8643
[2026-08-21T15:13:34] RUN_END status=OK
[2026-08-21T15:14:03] RUN_START run_id=SCALE_O_NFD_10000_059
[2026-08-21T15:14:03] PARAM implementation=NFD
[2026-08-21T15:14:03] METRIC unique_content_objects=10000
[2026-08-21T15:14:03] METRIC cache_hit_ratio=0.7805
[2026-08-21T15:14:03] RUN_END status=OK
[2026-08-21T15:14:54] RUN_START run_id=SCALE_O_PythonNDN_1000000_140
[2026-08-21T15:14:54] PARAM implementation=PythonNDN
[2026-08-21T15:14:54] METRIC unique_content_objects=1000000
[2026-08-21T15:14:54] METRIC cache_hit_ratio=0.1217
[2026-08-21T15:14:54] RUN_END status=OK
[2026-08-21T15:15:21] RUN_START run_id=SCALE_O_NFD_10000_060
[2026-08-21T15:15:21] PARAM implementation=NFD
[2026-08-21T15:15:21] METRIC unique_content_objects=10000
[2026-08-21T15:15:21] METRIC cache_hit_ratio=0.8359
[2026-08-21T15:15:21] RUN_END status=OK
[2026-08-21T15:15:28] RUN_START run_id=SCALE_O_CCNlite_300000_034
[2026-08-21T15:15:28] PARAM implementation=CCNlite
[2026-08-21T15:15:28] METRIC unique_content_objects=300000
[2026-08-21T15:15:28] METRIC cache_hit_ratio=0.4277
[2026-08-21T15:15:28] RUN_END status=OK
[2026-08-21T15:17:47] RUN_START run_id=SCALE_O_CCNlite_300000_035
[2026-08-21T15:17:47] PARAM implementation=CCNlite
[2026-08-21T15:17:47] METRIC unique_content_objects=300000
[2026-08-21T15:17:47] METRIC cache_hit_ratio=0.4242
[2026-08-21T15:17:47] RUN_END status=OK
