[2026-08-20T00:49:25] RUN_START run_id=SCALE_O_uDCN_300000_131
[2026-08-20T00:49:25] PARAM implementation=uDCN
[2026-08-20T00:49:25] METRIC unique_content_objects=300000
[2026-08-20T00:49:25] METRIC cache_hit_ratio=0.5326
[2026-08-20T00:49:25] RUN_END status=OK
[2026-08-20T00:51:23] RUN_START run_id=SCALE_O_uDCN_300000_132
[2026-08-20T00:51:23] PARAM implementation=uDCN
[2026-08-20T00:51:23] METRIC unique_content_objects=300000
[2026-08-20T00:51:23] METRIC cache_hit_ratio=0.6108
[2026-08-20T00:51:23] RUN_END status=OK
[2026-08-20T00:51:58] RUN_START run_id=SCALE_O_uDCN_300000_133
[2026-08-20T00:51:58] PARAM implementation=uDCN
[2026-08-20T00:51:58] METRIC unique_content_objects=300000
[2026-08-20T00:51:58] METRIC cache_hit_ratio=0.6108
[2026-08-20T00:51:58] RUN_END status=OK
[2026-08-20T00:52:37] RUN_START run_id=SCALE_O_uDCN_300000_134
[2026-08-20T00:52:37] PARAM implementation=uDCN
[2026-08-20T00:52:37] METRIC unique_content_objects=300000
[2026-08-20T00:52:37] METRIC cache_hit_ratio=0.6085
[2026-08-20T00:52:37] RUN_END status=OK
[2026-08-20T00:54:49] RUN_START run_id=SCALE_O_uDCN_300000_135
[2026-08-20T00:54:49] PARAM implementation=uDCN
[2026-08-20T00:54:49] METRIC unique_content_objects=300000
[2026-08-20T00:54:49] METRIC cache_hit_ratio=0.5653
[2026-08-20T00:54:49] RUN_END status=OK
[2026-08-20T00:55:24] RUN_START run_id=SCALE_O_uDCN_300000_136
[2026-08-20T00:55:24] PARAM implementation=uDCN
[2026-08-20T00:55:24] METRIC unique_content_objects=300000
[2026-08-20T00:55:24] METRIC cache_hit_ratio=0.567
[2026-08-20T00:55:24] RUN_END status=OK
[2026-08-20T00:57:33] RUN_START run_id=SCALE_O_uDCN_300000_137
[2026-08-20T00:57:33] PARAM implementation=uDCN
[2026-08-20T00:57:33] METRIC unique_content_objects=300000
[2026-08-20T00:57:33] METRIC cache_hit_ratio=0.5427
[2026-08-20T00:57:33] RUN_END status=OK
[2026-08-20T00:57:54] RUN_START run_id=SCALE_O_uDCN_300000_138
[2026-08-20T00:57:54] PARAM implementation=uDCN
[2026-08-20T00:57:54] METRIC unique_content_objects=300000
[2026-08-20T00:57:54] METRIC cache_hit_ratio=0.5499
[2026-08-20T00:57:54] RUN_END status=OK
[2026-08-20T01:01:23] RUN_START run_id=SCALE_O_uDCN_300000_139
[2026-08-20T01:01:23] PARAM implementation=uDCN
[2026-08-20T01:01:23] METRIC unique_content_objects=300000
[2026-08-20T01:01:23] METRIC cache_hit_ratio=0.6065
[2026-08-20T01:01:23] RUN_END status=OK
[2026-08-20T01:02:51] RUN_START run_id=SCALE_O_uDCN_300000_140
[2026-08-20T01:02:51] PARAM implementation=uDCN
[2026-08-20T01:02:51] METRIC unique_content_objects=300000
[2026-08-20T01:02:51] METRIC cache_hit_ratio=0.5997
[2026-08-20T01:02:51] RUN_END status=OK
