[2026-08-11T07:48:33] RUN_START run_id=SCALE_O_uDCN_1000000_073
[2026-08-11T07:48:33] PARAM implementation=uDCN
[2026-08-11T07:48:33] METRIC unique_content_objects=1000000
[2026-08-11T07:48:33] METRIC cache_hit_ratio=0.464
[2026-08-11T07:48:33] RUN_END status=OK
[2026-08-11T07:49:48] RUN_START run_id=SCALE_O_uDCN_1000000_074
[2026-08-11T07:49:48] PARAM implementation=uDCN
[2026-08-11T07:49:48] METRIC unique_content_objects=1000000
[2026-08-11T07:49:48] METRIC cache_hit_ratio=0.4618
[2026-08-11T07:49:48] RUN_END status=OK
[2026-08-11T09:20:46] RUN_START run_id=SCALE_O_uDCN_1000000_075
[2026-08-11T09:20:46] PARAM implementation=uDCN
[2026-08-11T09:20:46] METRIC unique_content_objects=1000000
[2026-08-11T09:20:46] METRIC cache_hit_ratio=0.481
[2026-08-11T09:20:46] RUN_END status=OK
[2026-08-11T09:23:05] RUN_START run_id=SCALE_O_uDCN_1000000_076
[2026-08-11T09:23:05] PARAM implementation=uDCN
[2026-08-11T09:23:05] METRIC unique_content_objects=1000000
[2026-08-11T09:23:05] METRIC cache_hit_ratio=0.4554
[2026-08-11T09:23:05] RUN_END status=OK
[2026-08-11T09:23:30] RUN_START run_id=SCALE_O_uDCN_1000000_077
[2026-08-11T09:23:30] PARAM implementation=uDCN
[2026-08-11T09:23:30] METRIC unique_content_objects=1000000
[2026-08-11T09:23:30] METRIC cache_hit_ratio=0.4394
[2026-08-11T09:23:30] RUN_END status=OK
[2026-08-11T09:25:22] RUN_START run_id=SCALE_O_uDCN_1000000_078
[2026-08-11T09:25:22] PARAM implementation=uDCN
[2026-08-11T09:25:22] METRIC unique_content_objects=1000000
[2026-08-11T09:25:22] METRIC cache_hit_ratio=0.4639
[2026-08-11T09:25:22] RUN_END status=OK
[2026-08-11T09:29:54] RUN_START run_id=SCALE_O_uDCN_1000000_079
[2026-08-11T09:29:54] PARAM implementation=uDCN
[2026-08-11T09:29:54] METRIC unique_content_objects=1000000
[2026-08-11T09:29:54] METRIC cache_hit_ratio=0.4466
[2026-08-11T09:29:54] RUN_END status=OK
[2026-08-11T09:31:43] RUN_START run_id=SCALE_O_uDCN_1000000_080
[2026-08-11T09:31:43] PARAM implementation=uDCN
[2026-08-11T09:31:43] METRIC unique_content_objects=1000000
[2026-08-11T09:31:43] METRIC cache_hit_ratio=0.4508
[2026-08-11T09:31:43] RUN_END status=OK
[2026-08-11T09:37:18] RUN_START run_id=SCALE_O_uDCN_1000000_081
[2026-08-11T09:37:18] PARAM implementation=uDCN
[2026-08-11T09:37:18] METRIC unique_content_objects=1000000
[2026-08-11T09:37:18] METRIC cache_hit_ratio=0.4301
[2026-08-11T09:37:18] RUN_END status=OK
[2026-08-11T09:39:07] RUN_START run_id=SCALE_O_uDCN_1000000_082
[2026-08-11T09:39:07] PARAM implementation=uDCN
[2026-08-11T09:39:07] METRIC unique_content_objects=1000000
[2026-08-11T09:39:07] METRIC cache_hit_ratio=0.4402
[2026-08-11T09:39:07] RUN_END status=OK
[2026-08-11T09:40:38] RUN_START run_id=SCALE_O_uDCN_1000000_083
[2026-08-11T09:40:38] PARAM implementation=uDCN
[2026-08-11T09:40:38] METRIC unique_content_objects=1000000
[2026-08-11T09:40:38] METRIC cache_hit_ratio=0.4284
[2026-08-11T09:40:38] RUN_END status=OK
[2026-08-11T09:43:47] RUN_START run_id=SCALE_O_uDCN_1000000_084
[2026-08-11T09:43:47] PARAM implementation=uDCN
[2026-08-11T09:43:47] METRIC unique_content_objects=1000000
[2026-08-11T09:43:47] METRIC cache_hit_ratio=0.4473
[2026-08-11T09:43:47] RUN_END status=OK
[2026-08-11T09:46:29] RUN_START run_id=SCALE_O_uDCN_1000000_085
[2026-08-11T09:46:29] PARAM implementation=uDCN
[2026-08-11T09:46:29] METRIC unique_content_objects=1000000
[2026-08-11T09:46:29] METRIC cache_hit_ratio=0.4451
[2026-08-11T09:46:29] RUN_END status=OK
