[2026-08-29T12:08:58] RUN_START run_id=SCALE_O_CCNlite_10000_119
[2026-08-29T12:08:58] PARAM implementation=CCNlite
[2026-08-29T12:08:58] METRIC unique_content_objects=10000
[2026-08-29T12:08:58] METRIC cache_hit_ratio=0.8144
[2026-08-29T12:08:58] RUN_END status=OK
[2026-08-29T12:11:57] RUN_START run_id=SCALE_O_CCNlite_10000_120
[2026-08-29T12:11:57] PARAM implementation=CCNlite
[2026-08-29T12:11:57] METRIC unique_content_objects=10000
[2026-08-29T12:11:57] METRIC cache_hit_ratio=0.8383
[2026-08-29T12:11:57] RUN_END status=OK
[2026-08-29T12:13:59] RUN_START run_id=SCALE_O_CCNlite_10000_121
[2026-08-29T12:13:59] PARAM implementation=CCNlite
[2026-08-29T12:13:59] METRIC unique_content_objects=10000
[2026-08-29T12:13:59] METRIC cache_hit_ratio=0.8023
[2026-08-29T12:13:59] RUN_END status=OK
[2026-08-29T12:15:44] RUN_START run_id=SCALE_O_CCNlite_10000_122
[2026-08-29T12:15:44] PARAM implementation=CCNlite
[2026-08-29T12:15:44] METRIC unique_content_objects=10000
[2026-08-29T12:15:44] METRIC cache_hit_ratio=0.7805
[2026-08-29T12:15:44] RUN_END status=OK
[2026-08-29T12:17:30] RUN_START run_id=SCALE_O_CCNlite_10000_123
[2026-08-29T12:17:30] PARAM implementation=CCNlite
[2026-08-29T12:17:30] METRIC unique_content_objects=10000
[2026-08-29T12:17:30] METRIC cache_hit_ratio=0.7601
[2026-08-29T12:17:30] RUN_END status=OK
[2026-08-29T12:22:49] RUN_START run_id=SCALE_O_CCNlite_10000_124
[2026-08-29T12:22:49] PARAM implementation=CCNlite
[2026-08-29T12:22:49] METRIC unique_content_objects=10000
[2026-08-29T12:22:49] METRIC cache_hit_ratio=0.7463
[2026-08-29T12:22:49] RUN_END status=OK
[2026-08-29T12:25:48] RUN_START run_id=SCALE_O_CCNlite_10000_125
[2026-08-29T12:25:48] PARAM implementation=CCNlite
[2026-08-29T12:25:48] METRIC unique_content_objects=10000
[2026-08-29T12:25:48] METRIC cache_hit_ratio=0.794
[2026-08-29T12:25:48] RUN_END status=OK
[2026-08-29T12:31:40] RUN_START run_id=SCALE_O_CCNlite_10000_126
[2026-08-29T12:31:40] PARAM implementation=CCNlite
[2026-08-29T12:31:40] METRIC unique_content_objects=10000
[2026-08-29T12:31:40] METRIC cache_hit_ratio=0.7448
[2026-08-29T12:31:40] RUN_END status=OK
[2026-08-29T12:34:22] RUN_START run_id=SCALE_O_CCNlite_10000_127
[2026-08-29T12:34:22] PARAM implementation=CCNlite
[2026-08-29T12:34:22] METRIC unique_content_objects=10000
[2026-08-29T12:34:22] METRIC cache_hit_ratio=0.8148
[2026-08-29T12:34:22] RUN_END status=OK
[2026-08-29T12:35:16] RUN_START run_id=SCALE_O_CCNlite_10000_128
[2026-08-29T12:35:16] PARAM implementation=CCNlite
[2026-08-29T12:35:16] METRIC unique_content_objects=10000
[2026-08-29T12:35:16] METRIC cache_hit_ratio=0.8908
[2026-08-29T12:35:16] RUN_END status=OK
[2026-08-29T12:36:50] RUN_START run_id=SCALE_O_CCNlite_10000_129
[2026-08-29T12:36:50] PARAM implementation=CCNlite
[2026-08-29T12:36:50] METRIC unique_content_objects=10000
[2026-08-29T12:36:50] METRIC cache_hit_ratio=0.8177
[2026-08-29T12:36:50] RUN_END status=OK
[2026-08-29T12:38:20] RUN_START run_id=SCALE_O_CCNlite_10000_130
[2026-08-29T12:38:20] PARAM implementation=CCNlite
[2026-08-29T12:38:20] METRIC unique_content_objects=10000
[2026-08-29T12:38:20] METRIC cache_hit_ratio=0.8608
[2026-08-29T12:38:20] RUN_END status=OK
[2026-08-29T12:39:20] RUN_START run_id=SCALE_O_CCNlite_10000_131
[2026-08-29T12:39:20] PARAM implementation=CCNlite
[2026-08-29T12:39:20] METRIC unique_content_objects=10000
[2026-08-29T12:39:20] METRIC cache_hit_ratio=0.7973
[2026-08-29T12:39:20] RUN_END status=OK
[2026-08-29T12:40:30] RUN_START run_id=SCALE_O_CCNlite_10000_132
[2026-08-29T12:40:30] PARAM implementation=CCNlite
[2026-08-29T12:40:30] METRIC unique_content_objects=10000
[2026-08-29T12:40:30] METRIC cache_hit_ratio=0.795
[2026-08-29T12:40:30] RUN_END status=OK
[2026-08-29T12:42:19] RUN_START run_id=SCALE_O_CCNlite_10000_133
[2026-08-29T12:42:19] PARAM implementation=CCNlite
[2026-08-29T12:42:19] METRIC unique_content_objects=10000
[2026-08-29T12:42:19] METRIC cache_hit_ratio=0.8073
[2026-08-29T12:42:19] RUN_END status=OK
