[2026-08-21T21:44:42] RUN_START run_id=SCALE_C_NFD_500_052
[2026-08-21T21:44:42] PARAM implementation=NFD
[2026-08-21T21:44:42] METRIC concurrent_clients=500
[2026-08-21T21:44:42] METRIC throughput_pct_of_max=66.847
[2026-08-21T21:44:42] RUN_END status=OK
[2026-08-21T21:49:42] RUN_START run_id=SCALE_C_NFD_500_053
[2026-08-21T21:49:42] PARAM implementation=NFD
[2026-08-21T21:49:42] METRIC concurrent_clients=500
[2026-08-21T21:49:42] METRIC throughput_pct_of_max=66.966
[2026-08-21T21:49:42] RUN_END status=OK
[2026-08-21T21:53:25] RUN_START run_id=SCALE_C_NFD_500_054
[2026-08-21T21:53:25] PARAM implementation=NFD
[2026-08-21T21:53:25] METRIC concurrent_clients=500
[2026-08-21T21:53:25] METRIC throughput_pct_of_max=68.274
[2026-08-21T21:53:25] RUN_END status=OK
[2026-08-21T21:55:19] RUN_START run_id=SCALE_C_NFD_500_055
[2026-08-21T21:55:19] PARAM implementation=NFD
[2026-08-21T21:55:19] METRIC concurrent_clients=500
[2026-08-21T21:55:19] METRIC throughput_pct_of_max=66.82
[2026-08-21T21:55:19] RUN_END status=OK
[2026-08-21T21:56:27] RUN_START run_id=SCALE_C_NFD_500_056
[2026-08-21T21:56:27] PARAM implementation=NFD
[2026-08-21T21:56:27] METRIC concurrent_clients=500
[2026-08-21T21:56:27] METRIC throughput_pct_of_max=68.121
[2026-08-21T21:56:27] RUN_END status=OK
[2026-08-21T21:58:12] RUN_START run_id=SCALE_C_NFD_500_057
[2026-08-21T21:58:12] PARAM implementation=NFD
[2026-08-21T21:58:12] METRIC concurrent_clients=500
[2026-08-21T21:58:12] METRIC throughput_pct_of_max=70.621
[2026-08-21T21:58:12] RUN_END status=OK
[2026-08-21T22:01:29] RUN_START run_id=SCALE_C_NFD_500_058
[2026-08-21T22:01:29] PARAM implementation=NFD
[2026-08-21T22:01:29] METRIC concurrent_clients=500
[2026-08-21T22:01:29] METRIC throughput_pct_of_max=65.692
[2026-08-21T22:01:29] RUN_END status=OK
[2026-08-21T22:03:12] RUN_START run_id=SCALE_C_NFD_500_059
[2026-08-21T22:03:12] PARAM implementation=NFD
[2026-08-21T22:03:12] METRIC concurrent_clients=500
[2026-08-21T22:03:12] METRIC throughput_pct_of_max=68.845
[2026-08-21T22:03:12] RUN_END status=OK
[2026-08-21T22:05:21] RUN_START run_id=07_scalability_clients_DISCARDED_0119
[2026-08-21T22:05:21] RUN_ABORTED reason=trex_controller_reset: TRex stateful-engine control connection dropped mid-run before steady-state throughput reached
[2026-08-21T22:06:29] RUN_START run_id=SCALE_C_NFD_500_060
[2026-08-21T22:06:29] PARAM implementation=NFD
[2026-08-21T22:06:29] METRIC concurrent_clients=500
[2026-08-21T22:06:29] METRIC throughput_pct_of_max=64.65
[2026-08-21T22:06:29] RUN_END status=OK
[2026-08-21T22:07:51] RUN_START run_id=SCALE_C_NFD_500_061
[2026-08-21T22:07:51] PARAM implementation=NFD
[2026-08-21T22:07:51] METRIC concurrent_clients=500
[2026-08-21T22:07:51] METRIC throughput_pct_of_max=67.207
[2026-08-21T22:07:51] RUN_END status=OK
[2026-08-21T22:11:05] RUN_START run_id=SCALE_C_NFD_500_062
[2026-08-21T22:11:05] PARAM implementation=NFD
[2026-08-21T22:11:05] METRIC concurrent_clients=500
[2026-08-21T22:11:05] METRIC throughput_pct_of_max=63.718
[2026-08-21T22:11:05] RUN_END status=OK
[2026-08-21T22:13:51] RUN_START run_id=SCALE_C_NFD_500_063
[2026-08-21T22:13:51] PARAM implementation=NFD
[2026-08-21T22:13:51] METRIC concurrent_clients=500
[2026-08-21T22:13:51] METRIC throughput_pct_of_max=63.878
[2026-08-21T22:13:51] RUN_END status=OK
[2026-08-21T22:14:22] RUN_START run_id=SCALE_C_NFD_500_064
[2026-08-21T22:14:22] PARAM implementation=NFD
[2026-08-21T22:14:22] METRIC concurrent_clients=500
[2026-08-21T22:14:22] METRIC throughput_pct_of_max=70.124
[2026-08-21T22:14:22] RUN_END status=OK
[2026-08-21T22:27:46] RUN_START run_id=SCALE_C_CCNlite_10_082
[2026-08-21T22:27:46] PARAM implementation=CCNlite
[2026-08-21T22:27:46] METRIC concurrent_clients=10
[2026-08-21T22:27:46] METRIC throughput_pct_of_max=97.922
[2026-08-21T22:27:46] RUN_END status=OK
[2026-08-21T22:29:41] RUN_START run_id=SCALE_C_CCNlite_10_083
[2026-08-21T22:29:41] PARAM implementation=CCNlite
[2026-08-21T22:29:41] METRIC concurrent_clients=10
[2026-08-21T22:29:41] METRIC throughput_pct_of_max=100.0
[2026-08-21T22:29:41] RUN_END status=OK
[2026-08-21T22:31:48] RUN_START run_id=SCALE_C_CCNlite_10_084
[2026-08-21T22:31:48] PARAM implementation=CCNlite
[2026-08-21T22:31:48] METRIC concurrent_clients=10
[2026-08-21T22:31:48] METRIC throughput_pct_of_max=99.319
[2026-08-21T22:31:48] RUN_END status=OK
[2026-08-21T22:35:52] RUN_START run_id=SCALE_C_CCNlite_10_085
[2026-08-21T22:35:52] PARAM implementation=CCNlite
[2026-08-21T22:35:52] METRIC concurrent_clients=10
[2026-08-21T22:35:52] METRIC throughput_pct_of_max=93.794
[2026-08-21T22:35:52] RUN_END status=OK
[2026-08-21T22:36:48] RUN_START run_id=SCALE_C_CCNlite_10_086
[2026-08-21T22:36:48] PARAM implementation=CCNlite
[2026-08-21T22:36:48] METRIC concurrent_clients=10
[2026-08-21T22:36:48] METRIC throughput_pct_of_max=99.687
[2026-08-21T22:36:48] RUN_END status=OK
