[2026-08-24T00:31:36] RUN_START run_id=SCALE_C_CCNlite_500_059
[2026-08-24T00:31:36] PARAM implementation=CCNlite
[2026-08-24T00:31:36] METRIC concurrent_clients=500
[2026-08-24T00:31:36] METRIC throughput_pct_of_max=69.914
[2026-08-24T00:31:36] RUN_END status=OK
[2026-08-24T00:32:36] RUN_START run_id=SCALE_C_PythonNDN_5000_090
[2026-08-24T00:32:36] PARAM implementation=PythonNDN
[2026-08-24T00:32:36] METRIC concurrent_clients=5000
[2026-08-24T00:32:36] METRIC throughput_pct_of_max=10.636
[2026-08-24T00:32:36] RUN_END status=OK
[2026-08-24T00:33:03] RUN_START run_id=SCALE_C_CCNlite_500_060
[2026-08-24T00:33:03] PARAM implementation=CCNlite
[2026-08-24T00:33:03] METRIC concurrent_clients=500
[2026-08-24T00:33:03] METRIC throughput_pct_of_max=67.776
[2026-08-24T00:33:03] RUN_END status=OK
[2026-08-24T00:35:03] RUN_START run_id=SCALE_C_PythonNDN_5000_091
[2026-08-24T00:35:03] PARAM implementation=PythonNDN
[2026-08-24T00:35:03] METRIC concurrent_clients=5000
[2026-08-24T00:35:03] METRIC throughput_pct_of_max=10.103
[2026-08-24T00:35:03] RUN_END status=OK
[2026-08-24T00:36:50] RUN_START run_id=SCALE_C_CCNlite_500_061
[2026-08-24T00:36:50] PARAM implementation=CCNlite
[2026-08-24T00:36:50] METRIC concurrent_clients=500
[2026-08-24T00:36:50] METRIC throughput_pct_of_max=67.043
[2026-08-24T00:36:50] RUN_END status=OK
[2026-08-24T00:37:01] RUN_START run_id=SCALE_C_PythonNDN_5000_092
[2026-08-24T00:37:01] PARAM implementation=PythonNDN
[2026-08-24T00:37:01] METRIC concurrent_clients=5000
[2026-08-24T00:37:01] METRIC throughput_pct_of_max=9.985
[2026-08-24T00:37:01] RUN_END status=OK
[2026-08-24T00:40:23] RUN_START run_id=SCALE_C_PythonNDN_5000_093
[2026-08-24T00:40:23] PARAM implementation=PythonNDN
[2026-08-24T00:40:23] METRIC concurrent_clients=5000
[2026-08-24T00:40:23] METRIC throughput_pct_of_max=10.257
[2026-08-24T00:40:23] RUN_END status=OK
[2026-08-24T00:40:41] RUN_START run_id=SCALE_C_CCNlite_500_062
[2026-08-24T00:40:41] PARAM implementation=CCNlite
[2026-08-24T00:40:41] METRIC concurrent_clients=500
[2026-08-24T00:40:41] METRIC throughput_pct_of_max=70.267
[2026-08-24T00:40:41] RUN_END status=OK
[2026-08-24T00:42:25] RUN_START run_id=SCALE_C_CCNlite_500_063
[2026-08-24T00:42:25] PARAM implementation=CCNlite
[2026-08-24T00:42:25] METRIC concurrent_clients=500
[2026-08-24T00:42:25] METRIC throughput_pct_of_max=68.121
[2026-08-24T00:42:25] RUN_END status=OK
[2026-08-24T00:43:34] RUN_START run_id=SCALE_C_PythonNDN_5000_094
[2026-08-24T00:43:34] PARAM implementation=PythonNDN
[2026-08-24T00:43:34] METRIC concurrent_clients=5000
[2026-08-24T00:43:34] METRIC throughput_pct_of_max=10.145
[2026-08-24T00:43:34] RUN_END status=OK
[2026-08-24T00:46:31] RUN_START run_id=SCALE_C_CCNlite_500_064
[2026-08-24T00:46:31] PARAM implementation=CCNlite
[2026-08-24T00:46:31] METRIC concurrent_clients=500
[2026-08-24T00:46:31] METRIC throughput_pct_of_max=67.203
[2026-08-24T00:46:31] RUN_END status=OK
[2026-08-24T00:46:38] RUN_START run_id=SCALE_C_PythonNDN_5000_095
[2026-08-24T00:46:38] PARAM implementation=PythonNDN
[2026-08-24T00:46:38] METRIC concurrent_clients=5000
[2026-08-24T00:46:38] METRIC throughput_pct_of_max=10.286
[2026-08-24T00:46:38] RUN_END status=OK
[2026-08-24T00:46:52] RUN_START run_id=SCALE_C_PythonNDN_5000_096
[2026-08-24T00:46:52] PARAM implementation=PythonNDN
[2026-08-24T00:46:52] METRIC concurrent_clients=5000
[2026-08-24T00:46:52] METRIC throughput_pct_of_max=10.265
[2026-08-24T00:46:52] RUN_END status=OK
[2026-08-24T00:49:22] RUN_START run_id=SCALE_C_CCNlite_500_065
[2026-08-24T00:49:22] PARAM implementation=CCNlite
[2026-08-24T00:49:22] METRIC concurrent_clients=500
[2026-08-24T00:49:22] METRIC throughput_pct_of_max=66.369
[2026-08-24T00:49:22] RUN_END status=OK
[2026-08-24T00:51:48] RUN_START run_id=SCALE_C_CCNlite_500_066
[2026-08-24T00:51:48] PARAM implementation=CCNlite
[2026-08-24T00:51:48] METRIC concurrent_clients=500
[2026-08-24T00:51:48] METRIC throughput_pct_of_max=70.186
[2026-08-24T00:51:48] RUN_END status=OK
[2026-08-24T00:53:00] RUN_START run_id=SCALE_C_CCNlite_500_067
[2026-08-24T00:53:00] PARAM implementation=CCNlite
[2026-08-24T00:53:00] METRIC concurrent_clients=500
[2026-08-24T00:53:00] METRIC throughput_pct_of_max=68.359
[2026-08-24T00:53:00] RUN_END status=OK
[2026-08-24T00:55:00] RUN_START run_id=SCALE_C_CCNlite_500_068
[2026-08-24T00:55:00] PARAM implementation=CCNlite
[2026-08-24T00:55:00] METRIC concurrent_clients=500
[2026-08-24T00:55:00] METRIC throughput_pct_of_max=66.008
[2026-08-24T00:55:00] RUN_END status=OK
