[2026-08-18T13:14:02] RUN_START run_id=SCALE_C_uDCN_1000_006
[2026-08-18T13:14:02] PARAM implementation=uDCN
[2026-08-18T13:14:02] METRIC concurrent_clients=1000
[2026-08-18T13:14:02] METRIC throughput_pct_of_max=90.351
[2026-08-18T13:14:02] RUN_END status=OK
[2026-08-18T13:14:10] RUN_START run_id=SCALE_C_uDCN_500_008
[2026-08-18T13:14:10] PARAM implementation=uDCN
[2026-08-18T13:14:10] METRIC concurrent_clients=500
[2026-08-18T13:14:10] METRIC throughput_pct_of_max=91.805
[2026-08-18T13:14:10] RUN_END status=OK
[2026-08-18T13:14:46] RUN_START run_id=SCALE_C_uDCN_1000_007
[2026-08-18T13:14:46] PARAM implementation=uDCN
[2026-08-18T13:14:46] METRIC concurrent_clients=1000
[2026-08-18T13:14:46] METRIC throughput_pct_of_max=95.204
[2026-08-18T13:14:46] RUN_END status=OK
[2026-08-18T13:15:32] RUN_START run_id=SCALE_C_uDCN_500_009
[2026-08-18T13:15:32] PARAM implementation=uDCN
[2026-08-18T13:15:32] METRIC concurrent_clients=500
[2026-08-18T13:15:32] METRIC throughput_pct_of_max=91.26
[2026-08-18T13:15:32] RUN_END status=OK
[2026-08-18T13:16:48] RUN_START run_id=SCALE_C_uDCN_1000_008
[2026-08-18T13:16:48] PARAM implementation=uDCN
[2026-08-18T13:16:48] METRIC concurrent_clients=1000
[2026-08-18T13:16:48] METRIC throughput_pct_of_max=90.888
[2026-08-18T13:16:48] RUN_END status=OK
[2026-08-18T13:17:19] RUN_START run_id=SCALE_C_uDCN_500_010
[2026-08-18T13:17:19] PARAM implementation=uDCN
[2026-08-18T13:17:19] METRIC concurrent_clients=500
[2026-08-18T13:17:19] METRIC throughput_pct_of_max=86.438
[2026-08-18T13:17:19] RUN_END status=OK
[2026-08-18T13:19:43] RUN_START run_id=SCALE_C_uDCN_1000_009
[2026-08-18T13:19:43] PARAM implementation=uDCN
[2026-08-18T13:19:43] METRIC concurrent_clients=1000
[2026-08-18T13:19:43] METRIC throughput_pct_of_max=91.346
[2026-08-18T13:19:43] RUN_END status=OK
[2026-08-18T13:19:58] RUN_START run_id=SCALE_C_uDCN_500_011
[2026-08-18T13:19:58] PARAM implementation=uDCN
[2026-08-18T13:19:58] METRIC concurrent_clients=500
[2026-08-18T13:19:58] METRIC throughput_pct_of_max=95.18
[2026-08-18T13:19:58] RUN_END status=OK
[2026-08-18T13:21:27] RUN_START run_id=SCALE_C_uDCN_500_012
[2026-08-18T13:21:27] PARAM implementation=uDCN
[2026-08-18T13:21:27] METRIC concurrent_clients=500
[2026-08-18T13:21:27] METRIC throughput_pct_of_max=89.056
[2026-08-18T13:21:27] RUN_END status=OK
[2026-08-18T13:22:14] RUN_START run_id=SCALE_C_uDCN_1000_010
[2026-08-18T13:22:14] PARAM implementation=uDCN
[2026-08-18T13:22:14] METRIC concurrent_clients=1000
[2026-08-18T13:22:14] METRIC throughput_pct_of_max=88.674
[2026-08-18T13:22:14] RUN_END status=OK
[2026-08-18T13:22:48] RUN_START run_id=SCALE_C_uDCN_1000_011
[2026-08-18T13:22:48] PARAM implementation=uDCN
[2026-08-18T13:22:48] METRIC concurrent_clients=1000
[2026-08-18T13:22:48] METRIC throughput_pct_of_max=91.78
[2026-08-18T13:22:48] RUN_END status=OK
[2026-08-18T13:23:44] RUN_START run_id=SCALE_C_uDCN_1000_012
[2026-08-18T13:23:44] PARAM implementation=uDCN
[2026-08-18T13:23:44] METRIC concurrent_clients=1000
[2026-08-18T13:23:44] METRIC throughput_pct_of_max=89.535
[2026-08-18T13:23:44] RUN_END status=OK
[2026-08-18T13:25:13] RUN_START run_id=SCALE_C_uDCN_500_013
[2026-08-18T13:25:13] PARAM implementation=uDCN
[2026-08-18T13:25:13] METRIC concurrent_clients=500
[2026-08-18T13:25:13] METRIC throughput_pct_of_max=93.326
[2026-08-18T13:25:13] RUN_END status=OK
[2026-08-18T13:26:56] RUN_START run_id=SCALE_C_uDCN_1000_013
[2026-08-18T13:26:56] PARAM implementation=uDCN
[2026-08-18T13:26:56] METRIC concurrent_clients=1000
[2026-08-18T13:26:56] METRIC throughput_pct_of_max=90.135
[2026-08-18T13:26:56] RUN_END status=OK
[2026-08-18T13:27:00] RUN_START run_id=SCALE_C_uDCN_500_014
[2026-08-18T13:27:00] PARAM implementation=uDCN
[2026-08-18T13:27:00] METRIC concurrent_clients=500
[2026-08-18T13:27:00] METRIC throughput_pct_of_max=94.738
[2026-08-18T13:27:00] RUN_END status=OK
[2026-08-18T13:28:53] RUN_START run_id=SCALE_C_uDCN_500_015
[2026-08-18T13:28:53] PARAM implementation=uDCN
[2026-08-18T13:28:53] METRIC concurrent_clients=500
[2026-08-18T13:28:53] METRIC throughput_pct_of_max=90.075
[2026-08-18T13:28:53] RUN_END status=OK
[2026-08-18T13:30:39] RUN_START run_id=SCALE_C_uDCN_500_016
[2026-08-18T13:30:39] PARAM implementation=uDCN
[2026-08-18T13:30:39] METRIC concurrent_clients=500
[2026-08-18T13:30:39] METRIC throughput_pct_of_max=94.739
[2026-08-18T13:30:39] RUN_END status=OK
