[2026-08-28T06:45:03] RUN_START run_id=SCALE_C_uDCN_5000_108
[2026-08-28T06:45:03] PARAM implementation=uDCN
[2026-08-28T06:45:03] METRIC concurrent_clients=5000
[2026-08-28T06:45:03] METRIC throughput_pct_of_max=74.869
[2026-08-28T06:45:03] RUN_END status=OK
[2026-08-28T06:47:18] RUN_START run_id=SCALE_C_uDCN_5000_109
[2026-08-28T06:47:18] PARAM implementation=uDCN
[2026-08-28T06:47:18] METRIC concurrent_clients=5000
[2026-08-28T06:47:18] METRIC throughput_pct_of_max=76.728
[2026-08-28T06:47:18] RUN_END status=OK
[2026-08-28T06:49:47] RUN_START run_id=SCALE_C_uDCN_5000_110
[2026-08-28T06:49:47] PARAM implementation=uDCN
[2026-08-28T06:49:47] METRIC concurrent_clients=5000
[2026-08-28T06:49:47] METRIC throughput_pct_of_max=77.199
[2026-08-28T06:49:47] RUN_END status=OK
[2026-08-28T06:54:53] RUN_START run_id=SCALE_C_uDCN_5000_111
[2026-08-28T06:54:53] PARAM implementation=uDCN
[2026-08-28T06:54:53] METRIC concurrent_clients=5000
[2026-08-28T06:54:53] METRIC throughput_pct_of_max=74.407
[2026-08-28T06:54:53] RUN_END status=OK
[2026-08-28T06:55:33] RUN_START run_id=SCALE_C_uDCN_5000_112
[2026-08-28T06:55:33] PARAM implementation=uDCN
[2026-08-28T06:55:33] METRIC concurrent_clients=5000
[2026-08-28T06:55:33] METRIC throughput_pct_of_max=74.087
[2026-08-28T06:55:33] RUN_END status=OK
[2026-08-28T06:56:50] RUN_START run_id=SCALE_C_uDCN_5000_113
[2026-08-28T06:56:50] PARAM implementation=uDCN
[2026-08-28T06:56:50] METRIC concurrent_clients=5000
[2026-08-28T06:56:50] METRIC throughput_pct_of_max=75.54
[2026-08-28T06:56:50] RUN_END status=OK
[2026-08-28T07:01:00] RUN_START run_id=SCALE_C_uDCN_5000_114
[2026-08-28T07:01:00] PARAM implementation=uDCN
[2026-08-28T07:01:00] METRIC concurrent_clients=5000
[2026-08-28T07:01:00] METRIC throughput_pct_of_max=76.781
[2026-08-28T07:01:00] RUN_END status=OK
[2026-08-28T07:04:15] RUN_START run_id=SCALE_C_uDCN_5000_115
[2026-08-28T07:04:15] PARAM implementation=uDCN
[2026-08-28T07:04:15] METRIC concurrent_clients=5000
[2026-08-28T07:04:15] METRIC throughput_pct_of_max=72.456
[2026-08-28T07:04:15] RUN_END status=OK
[2026-08-28T07:06:19] RUN_START run_id=SCALE_C_uDCN_5000_116
[2026-08-28T07:06:19] PARAM implementation=uDCN
[2026-08-28T07:06:19] METRIC concurrent_clients=5000
[2026-08-28T07:06:19] METRIC throughput_pct_of_max=77.629
[2026-08-28T07:06:19] RUN_END status=OK
[2026-08-28T07:07:47] RUN_START run_id=SCALE_C_uDCN_5000_117
[2026-08-28T07:07:47] PARAM implementation=uDCN
[2026-08-28T07:07:47] METRIC concurrent_clients=5000
[2026-08-28T07:07:47] METRIC throughput_pct_of_max=74.404
[2026-08-28T07:07:47] RUN_END status=OK
[2026-08-28T07:11:19] RUN_START run_id=SCALE_C_uDCN_5000_118
[2026-08-28T07:11:19] PARAM implementation=uDCN
[2026-08-28T07:11:19] METRIC concurrent_clients=5000
[2026-08-28T07:11:19] METRIC throughput_pct_of_max=75.176
[2026-08-28T07:11:19] RUN_END status=OK
[2026-08-28T07:12:53] RUN_START run_id=SCALE_C_uDCN_5000_119
[2026-08-28T07:12:53] PARAM implementation=uDCN
[2026-08-28T07:12:53] METRIC concurrent_clients=5000
[2026-08-28T07:12:53] METRIC throughput_pct_of_max=78.904
[2026-08-28T07:12:53] RUN_END status=OK
[2026-08-28T07:15:57] RUN_START run_id=SCALE_C_uDCN_5000_120
[2026-08-28T07:15:57] PARAM implementation=uDCN
[2026-08-28T07:15:57] METRIC concurrent_clients=5000
[2026-08-28T07:15:57] METRIC throughput_pct_of_max=75.23
[2026-08-28T07:15:57] RUN_END status=OK
[2026-08-28T07:18:07] RUN_START run_id=SCALE_C_uDCN_5000_121
[2026-08-28T07:18:07] PARAM implementation=uDCN
[2026-08-28T07:18:07] METRIC concurrent_clients=5000
[2026-08-28T07:18:07] METRIC throughput_pct_of_max=82.26
[2026-08-28T07:18:07] RUN_END status=OK
[2026-08-28T07:19:47] RUN_START run_id=SCALE_C_uDCN_5000_122
[2026-08-28T07:19:47] PARAM implementation=uDCN
[2026-08-28T07:19:47] METRIC concurrent_clients=5000
[2026-08-28T07:19:47] METRIC throughput_pct_of_max=78.293
[2026-08-28T07:19:47] RUN_END status=OK
[2026-08-28T07:21:13] RUN_START run_id=SCALE_C_uDCN_5000_123
[2026-08-28T07:21:13] PARAM implementation=uDCN
[2026-08-28T07:21:13] METRIC concurrent_clients=5000
[2026-08-28T07:21:13] METRIC throughput_pct_of_max=76.253
[2026-08-28T07:21:13] RUN_END status=OK
[2026-08-28T08:09:43] RUN_START run_id=SCALE_C_uDCN_5000_124
[2026-08-28T08:09:43] PARAM implementation=uDCN
[2026-08-28T08:09:43] METRIC concurrent_clients=5000
[2026-08-28T08:09:43] METRIC throughput_pct_of_max=79.728
[2026-08-28T08:09:43] RUN_END status=OK
