[2026-08-19T14:34:06] RUN_START run_id=SCALE_C_uDCN_1000_053
[2026-08-19T14:34:06] PARAM implementation=uDCN
[2026-08-19T14:34:06] METRIC concurrent_clients=1000
[2026-08-19T14:34:06] METRIC throughput_pct_of_max=86.666
[2026-08-19T14:34:06] RUN_END status=OK
[2026-08-19T14:38:44] RUN_START run_id=SCALE_C_uDCN_1000_054
[2026-08-19T14:38:44] PARAM implementation=uDCN
[2026-08-19T14:38:44] METRIC concurrent_clients=1000
[2026-08-19T14:38:44] METRIC throughput_pct_of_max=91.807
[2026-08-19T14:38:44] RUN_END status=OK
[2026-08-19T14:40:26] RUN_START run_id=SCALE_C_uDCN_1000_055
[2026-08-19T14:40:26] PARAM implementation=uDCN
[2026-08-19T14:40:26] METRIC concurrent_clients=1000
[2026-08-19T14:40:26] METRIC throughput_pct_of_max=89.803
[2026-08-19T14:40:26] RUN_END status=OK
[2026-08-19T14:43:02] RUN_START run_id=SCALE_C_uDCN_1000_056
[2026-08-19T14:43:02] PARAM implementation=uDCN
[2026-08-19T14:43:02] METRIC concurrent_clients=1000
[2026-08-19T14:43:02] METRIC throughput_pct_of_max=87.593
[2026-08-19T14:43:02] RUN_END status=OK
[2026-08-19T14:44:09] RUN_START run_id=SCALE_C_uDCN_1000_057
[2026-08-19T14:44:09] PARAM implementation=uDCN
[2026-08-19T14:44:09] METRIC concurrent_clients=1000
[2026-08-19T14:44:09] METRIC throughput_pct_of_max=89.849
[2026-08-19T14:44:09] RUN_END status=OK
[2026-08-19T14:46:10] RUN_START run_id=SCALE_C_uDCN_1000_058
[2026-08-19T14:46:10] PARAM implementation=uDCN
[2026-08-19T14:46:10] METRIC concurrent_clients=1000
[2026-08-19T14:46:10] METRIC throughput_pct_of_max=85.078
[2026-08-19T14:46:10] RUN_END status=OK
[2026-08-19T14:47:00] RUN_START run_id=SCALE_C_uDCN_1000_059
[2026-08-19T14:47:00] PARAM implementation=uDCN
[2026-08-19T14:47:00] METRIC concurrent_clients=1000
[2026-08-19T14:47:00] METRIC throughput_pct_of_max=92.598
[2026-08-19T14:47:00] RUN_END status=OK
[2026-08-19T14:47:40] RUN_START run_id=SCALE_C_uDCN_1000_060
[2026-08-19T14:47:40] PARAM implementation=uDCN
[2026-08-19T14:47:40] METRIC concurrent_clients=1000
[2026-08-19T14:47:40] METRIC throughput_pct_of_max=85.965
[2026-08-19T14:47:40] RUN_END status=OK
[2026-08-19T14:50:02] RUN_START run_id=SCALE_C_uDCN_1000_061
[2026-08-19T14:50:02] PARAM implementation=uDCN
[2026-08-19T14:50:02] METRIC concurrent_clients=1000
[2026-08-19T14:50:02] METRIC throughput_pct_of_max=88.198
[2026-08-19T14:50:02] RUN_END status=OK
[2026-08-19T14:52:48] RUN_START run_id=SCALE_C_uDCN_1000_062
[2026-08-19T14:52:48] PARAM implementation=uDCN
[2026-08-19T14:52:48] METRIC concurrent_clients=1000
[2026-08-19T14:52:48] METRIC throughput_pct_of_max=90.435
[2026-08-19T14:52:48] RUN_END status=OK
