[2026-08-20T09:37:39] RUN_START run_id=SCALE_C_PythonNDN_50_074
[2026-08-20T09:37:39] PARAM implementation=PythonNDN
[2026-08-20T09:37:39] METRIC concurrent_clients=50
[2026-08-20T09:37:39] METRIC throughput_pct_of_max=83.154
[2026-08-20T09:37:39] RUN_END status=OK
[2026-08-20T09:43:48] RUN_START run_id=SCALE_C_PythonNDN_50_075
[2026-08-20T09:43:48] PARAM implementation=PythonNDN
[2026-08-20T09:43:48] METRIC concurrent_clients=50
[2026-08-20T09:43:48] METRIC throughput_pct_of_max=88.051
[2026-08-20T09:43:48] RUN_END status=OK
[2026-08-20T10:51:42] RUN_START run_id=SCALE_C_uDCN_1000_072
[2026-08-20T10:51:42] PARAM implementation=uDCN
[2026-08-20T10:51:42] METRIC concurrent_clients=1000
[2026-08-20T10:51:42] METRIC throughput_pct_of_max=90.416
[2026-08-20T10:51:42] RUN_END status=OK
[2026-08-20T10:54:06] RUN_START run_id=SCALE_C_uDCN_1000_073
[2026-08-20T10:54:06] PARAM implementation=uDCN
[2026-08-20T10:54:06] METRIC concurrent_clients=1000
[2026-08-20T10:54:06] METRIC throughput_pct_of_max=90.174
[2026-08-20T10:54:06] RUN_END status=OK
[2026-08-20T10:55:18] RUN_START run_id=SCALE_C_uDCN_1000_074
[2026-08-20T10:55:18] PARAM implementation=uDCN
[2026-08-20T10:55:18] METRIC concurrent_clients=1000
[2026-08-20T10:55:18] METRIC throughput_pct_of_max=91.351
[2026-08-20T10:55:18] RUN_END status=OK
[2026-08-20T10:59:36] RUN_START run_id=SCALE_C_uDCN_1000_075
[2026-08-20T10:59:36] PARAM implementation=uDCN
[2026-08-20T10:59:36] METRIC concurrent_clients=1000
[2026-08-20T10:59:36] METRIC throughput_pct_of_max=91.34
[2026-08-20T10:59:36] RUN_END status=OK
[2026-08-20T11:04:15] RUN_START run_id=SCALE_C_uDCN_1000_076
[2026-08-20T11:04:15] PARAM implementation=uDCN
[2026-08-20T11:04:15] METRIC concurrent_clients=1000
[2026-08-20T11:04:15] METRIC throughput_pct_of_max=85.961
[2026-08-20T11:04:15] RUN_END status=OK
[2026-08-20T11:05:24] RUN_START run_id=SCALE_C_uDCN_1000_077
[2026-08-20T11:05:24] PARAM implementation=uDCN
[2026-08-20T11:05:24] METRIC concurrent_clients=1000
[2026-08-20T11:05:24] METRIC throughput_pct_of_max=91.767
[2026-08-20T11:05:24] RUN_END status=OK
[2026-08-20T11:07:04] RUN_START run_id=SCALE_C_uDCN_1000_078
[2026-08-20T11:07:04] PARAM implementation=uDCN
[2026-08-20T11:07:04] METRIC concurrent_clients=1000
[2026-08-20T11:07:04] METRIC throughput_pct_of_max=86.125
[2026-08-20T11:07:04] RUN_END status=OK
[2026-08-20T11:09:14] RUN_START run_id=SCALE_C_uDCN_1000_079
[2026-08-20T11:09:14] PARAM implementation=uDCN
[2026-08-20T11:09:14] METRIC concurrent_clients=1000
[2026-08-20T11:09:14] METRIC throughput_pct_of_max=88.914
[2026-08-20T11:09:14] RUN_END status=OK
[2026-08-20T11:11:12] RUN_START run_id=SCALE_C_uDCN_1000_080
[2026-08-20T11:11:12] PARAM implementation=uDCN
[2026-08-20T11:11:12] METRIC concurrent_clients=1000
[2026-08-20T11:11:12] METRIC throughput_pct_of_max=88.3
[2026-08-20T11:11:12] RUN_END status=OK
[2026-08-20T11:15:05] RUN_START run_id=SCALE_C_uDCN_1000_081
[2026-08-20T11:15:05] PARAM implementation=uDCN
[2026-08-20T11:15:05] METRIC concurrent_clients=1000
[2026-08-20T11:15:05] METRIC throughput_pct_of_max=84.938
[2026-08-20T11:15:05] RUN_END status=OK
[2026-08-20T11:15:53] RUN_START run_id=SCALE_C_uDCN_1000_082
[2026-08-20T11:15:53] PARAM implementation=uDCN
[2026-08-20T11:15:53] METRIC concurrent_clients=1000
[2026-08-20T11:15:53] METRIC throughput_pct_of_max=90.784
[2026-08-20T11:15:53] RUN_END status=OK
[2026-08-20T11:17:50] RUN_START run_id=SCALE_C_uDCN_1000_083
[2026-08-20T11:17:50] PARAM implementation=uDCN
[2026-08-20T11:17:50] METRIC concurrent_clients=1000
[2026-08-20T11:17:50] METRIC throughput_pct_of_max=89.249
[2026-08-20T11:17:50] RUN_END status=OK
[2026-08-20T11:19:25] RUN_START run_id=SCALE_C_uDCN_1000_084
[2026-08-20T11:19:25] PARAM implementation=uDCN
[2026-08-20T11:19:25] METRIC concurrent_clients=1000
[2026-08-20T11:19:25] METRIC throughput_pct_of_max=96.452
[2026-08-20T11:19:25] RUN_END status=OK
[2026-08-20T11:21:33] RUN_START run_id=SCALE_C_uDCN_1000_085
[2026-08-20T11:21:33] PARAM implementation=uDCN
[2026-08-20T11:21:33] METRIC concurrent_clients=1000
[2026-08-20T11:21:33] METRIC throughput_pct_of_max=93.946
[2026-08-20T11:21:33] RUN_END status=OK
