[2026-08-28T16:18:55] RUN_START run_id=SCALE_C_NFD_10_033
[2026-08-28T16:18:55] PARAM implementation=NFD
[2026-08-28T16:18:55] METRIC concurrent_clients=10
[2026-08-28T16:18:55] METRIC throughput_pct_of_max=99.671
[2026-08-28T16:18:55] RUN_END status=OK
[2026-08-28T16:22:28] RUN_START run_id=SCALE_C_NFD_10_034
[2026-08-28T16:22:28] PARAM implementation=NFD
[2026-08-28T16:22:28] METRIC concurrent_clients=10
[2026-08-28T16:22:28] METRIC throughput_pct_of_max=93.447
[2026-08-28T16:22:28] RUN_END status=OK
[2026-08-28T16:24:10] RUN_START run_id=SCALE_C_NFD_10_035
[2026-08-28T16:24:10] PARAM implementation=NFD
[2026-08-28T16:24:10] METRIC concurrent_clients=10
[2026-08-28T16:24:10] METRIC throughput_pct_of_max=100.0
[2026-08-28T16:24:10] RUN_END status=OK
[2026-08-28T16:25:42] RUN_START run_id=SCALE_C_NFD_10_036
[2026-08-28T16:25:42] PARAM implementation=NFD
[2026-08-28T16:25:42] METRIC concurrent_clients=10
[2026-08-28T16:25:42] METRIC throughput_pct_of_max=100.0
[2026-08-28T16:25:42] RUN_END status=OK
[2026-08-28T16:30:06] RUN_START run_id=SCALE_C_NFD_10_037
[2026-08-28T16:30:06] PARAM implementation=NFD
[2026-08-28T16:30:06] METRIC concurrent_clients=10
[2026-08-28T16:30:06] METRIC throughput_pct_of_max=96.827
[2026-08-28T16:30:06] RUN_END status=OK
[2026-08-28T16:31:05] RUN_START run_id=SCALE_C_NFD_10_038
[2026-08-28T16:31:05] PARAM implementation=NFD
[2026-08-28T16:31:05] METRIC concurrent_clients=10
[2026-08-28T16:31:05] METRIC throughput_pct_of_max=100.0
[2026-08-28T16:31:05] RUN_END status=OK
[2026-08-28T16:32:31] RUN_START run_id=07_scalability_clients_DISCARDED_0211
[2026-08-28T16:32:31] RUN_ABORTED reason=trex_controller_reset: TRex stateful-engine control connection dropped mid-run before steady-state throughput reached
[2026-08-28T16:33:15] RUN_START run_id=SCALE_C_NFD_10_039
[2026-08-28T16:33:15] PARAM implementation=NFD
[2026-08-28T16:33:15] METRIC concurrent_clients=10
[2026-08-28T16:33:15] METRIC throughput_pct_of_max=100.0
[2026-08-28T16:33:15] RUN_END status=OK
[2026-08-28T16:33:54] RUN_START run_id=SCALE_C_NFD_10_040
[2026-08-28T16:33:54] PARAM implementation=NFD
[2026-08-28T16:33:54] METRIC concurrent_clients=10
[2026-08-28T16:33:54] METRIC throughput_pct_of_max=100.0
[2026-08-28T16:33:54] RUN_END status=OK
[2026-08-28T16:35:41] RUN_START run_id=SCALE_C_NFD_10_041
[2026-08-28T16:35:41] PARAM implementation=NFD
[2026-08-28T16:35:41] METRIC concurrent_clients=10
[2026-08-28T16:35:41] METRIC throughput_pct_of_max=97.785
[2026-08-28T16:35:41] RUN_END status=OK
[2026-08-28T16:38:44] RUN_START run_id=SCALE_C_NFD_10_042
[2026-08-28T16:38:44] PARAM implementation=NFD
[2026-08-28T16:38:44] METRIC concurrent_clients=10
[2026-08-28T16:38:44] METRIC throughput_pct_of_max=100.0
[2026-08-28T16:38:44] RUN_END status=OK
[2026-08-28T16:42:44] RUN_START run_id=SCALE_C_NFD_10_043
[2026-08-28T16:42:44] PARAM implementation=NFD
[2026-08-28T16:42:44] METRIC concurrent_clients=10
[2026-08-28T16:42:44] METRIC throughput_pct_of_max=100.0
[2026-08-28T16:42:44] RUN_END status=OK
[2026-08-28T16:45:25] RUN_START run_id=SCALE_C_NFD_10_044
[2026-08-28T16:45:25] PARAM implementation=NFD
[2026-08-28T16:45:25] METRIC concurrent_clients=10
[2026-08-28T16:45:25] METRIC throughput_pct_of_max=100.0
[2026-08-28T16:45:25] RUN_END status=OK
[2026-08-28T16:49:20] RUN_START run_id=SCALE_C_NFD_10_045
[2026-08-28T16:49:20] PARAM implementation=NFD
[2026-08-28T16:49:20] METRIC concurrent_clients=10
[2026-08-28T16:49:20] METRIC throughput_pct_of_max=98.893
[2026-08-28T16:49:20] RUN_END status=OK
[2026-08-28T16:52:03] RUN_START run_id=SCALE_C_NFD_10_046
[2026-08-28T16:52:03] PARAM implementation=NFD
[2026-08-28T16:52:03] METRIC concurrent_clients=10
[2026-08-28T16:52:03] METRIC throughput_pct_of_max=96.072
[2026-08-28T16:52:03] RUN_END status=OK
[2026-08-28T16:54:39] RUN_START run_id=SCALE_C_NFD_10_047
[2026-08-28T16:54:39] PARAM implementation=NFD
[2026-08-28T16:54:39] METRIC concurrent_clients=10
[2026-08-28T16:54:39] METRIC throughput_pct_of_max=99.333
[2026-08-28T16:54:39] RUN_END status=OK
[2026-08-28T16:55:35] RUN_START run_id=SCALE_C_NFD_10_048
[2026-08-28T16:55:35] PARAM implementation=NFD
[2026-08-28T16:55:35] METRIC concurrent_clients=10
[2026-08-28T16:55:35] METRIC throughput_pct_of_max=99.013
[2026-08-28T16:55:35] RUN_END status=OK
