[2026-08-18T07:00:56] RUN_START run_id=SCALE_C_NFD_50_002
[2026-08-18T07:00:56] PARAM implementation=NFD
[2026-08-18T07:00:56] METRIC concurrent_clients=50
[2026-08-18T07:00:56] METRIC throughput_pct_of_max=90.542
[2026-08-18T07:00:56] RUN_END status=OK
[2026-08-18T07:02:04] RUN_START run_id=07_scalability_clients_DISCARDED_0042
[2026-08-18T07:02:04] RUN_ABORTED reason=trex_controller_reset: TRex stateful-engine control connection dropped mid-run before steady-state throughput reached
[2026-08-18T07:02:29] RUN_START run_id=SCALE_C_NFD_50_003
[2026-08-18T07:02:29] PARAM implementation=NFD
[2026-08-18T07:02:29] METRIC concurrent_clients=50
[2026-08-18T07:02:29] METRIC throughput_pct_of_max=89.121
[2026-08-18T07:02:29] RUN_END status=OK
[2026-08-18T07:04:04] RUN_START run_id=SCALE_C_PythonNDN_1000_104
[2026-08-18T07:04:04] PARAM implementation=PythonNDN
[2026-08-18T07:04:04] METRIC concurrent_clients=1000
[2026-08-18T07:04:04] METRIC throughput_pct_of_max=15.803
[2026-08-18T07:04:04] RUN_END status=OK
[2026-08-18T07:05:07] RUN_START run_id=SCALE_C_NFD_50_004
[2026-08-18T07:05:07] PARAM implementation=NFD
[2026-08-18T07:05:07] METRIC concurrent_clients=50
[2026-08-18T07:05:07] METRIC throughput_pct_of_max=92.207
[2026-08-18T07:05:07] RUN_END status=OK
[2026-08-18T07:06:18] RUN_START run_id=SCALE_C_NFD_50_005
[2026-08-18T07:06:18] PARAM implementation=NFD
[2026-08-18T07:06:18] METRIC concurrent_clients=50
[2026-08-18T07:06:18] METRIC throughput_pct_of_max=88.312
[2026-08-18T07:06:18] RUN_END status=OK
[2026-08-18T07:06:33] RUN_START run_id=SCALE_C_NFD_50_006
[2026-08-18T07:06:33] PARAM implementation=NFD
[2026-08-18T07:06:33] METRIC concurrent_clients=50
[2026-08-18T07:06:33] METRIC throughput_pct_of_max=93.514
[2026-08-18T07:06:33] RUN_END status=OK
[2026-08-18T07:07:08] RUN_START run_id=SCALE_C_PythonNDN_1000_105
[2026-08-18T07:07:08] PARAM implementation=PythonNDN
[2026-08-18T07:07:08] METRIC concurrent_clients=1000
[2026-08-18T07:07:08] METRIC throughput_pct_of_max=14.876
[2026-08-18T07:07:08] RUN_END status=OK
[2026-08-18T07:07:58] RUN_START run_id=SCALE_C_NFD_50_007
[2026-08-18T07:07:58] PARAM implementation=NFD
[2026-08-18T07:07:58] METRIC concurrent_clients=50
[2026-08-18T07:07:58] METRIC throughput_pct_of_max=89.566
[2026-08-18T07:07:58] RUN_END status=OK
[2026-08-18T07:09:18] RUN_START run_id=SCALE_C_PythonNDN_1000_106
[2026-08-18T07:09:18] PARAM implementation=PythonNDN
[2026-08-18T07:09:18] METRIC concurrent_clients=1000
[2026-08-18T07:09:18] METRIC throughput_pct_of_max=16.156
[2026-08-18T07:09:18] RUN_END status=OK
[2026-08-18T07:10:49] RUN_START run_id=SCALE_C_PythonNDN_1000_107
[2026-08-18T07:10:49] PARAM implementation=PythonNDN
[2026-08-18T07:10:49] METRIC concurrent_clients=1000
[2026-08-18T07:10:49] METRIC throughput_pct_of_max=14.804
[2026-08-18T07:10:49] RUN_END status=OK
