[2026-08-21T12:07:52] RUN_START run_id=SCALE_C_NFD_500_045
[2026-08-21T12:07:52] PARAM implementation=NFD
[2026-08-21T12:07:52] METRIC concurrent_clients=500
[2026-08-21T12:07:52] METRIC throughput_pct_of_max=64.915
[2026-08-21T12:07:52] RUN_END status=OK
[2026-08-21T12:09:09] RUN_START run_id=SCALE_C_NFD_1000_062
[2026-08-21T12:09:09] PARAM implementation=NFD
[2026-08-21T12:09:09] METRIC concurrent_clients=1000
[2026-08-21T12:09:09] METRIC throughput_pct_of_max=53.528
[2026-08-21T12:09:09] RUN_END status=OK
[2026-08-21T12:10:38] RUN_START run_id=SCALE_C_CCNlite_1000_102
[2026-08-21T12:10:38] PARAM implementation=CCNlite
[2026-08-21T12:10:38] METRIC concurrent_clients=1000
[2026-08-21T12:10:38] METRIC throughput_pct_of_max=62.138
[2026-08-21T12:10:38] RUN_END status=OK
[2026-08-21T12:11:54] RUN_START run_id=SCALE_C_CCNlite_1000_103
[2026-08-21T12:11:54] PARAM implementation=CCNlite
[2026-08-21T12:11:54] METRIC concurrent_clients=1000
[2026-08-21T12:11:54] METRIC throughput_pct_of_max=61.686
[2026-08-21T12:11:54] RUN_END status=OK
[2026-08-21T12:12:41] RUN_START run_id=SCALE_C_NFD_1000_063
[2026-08-21T12:12:41] PARAM implementation=NFD
[2026-08-21T12:12:41] METRIC concurrent_clients=1000
[2026-08-21T12:12:41] METRIC throughput_pct_of_max=59.119
[2026-08-21T12:12:41] RUN_END status=OK
[2026-08-21T12:13:29] RUN_START run_id=SCALE_C_CCNlite_1000_104
[2026-08-21T12:13:29] PARAM implementation=CCNlite
[2026-08-21T12:13:29] METRIC concurrent_clients=1000
[2026-08-21T12:13:29] METRIC throughput_pct_of_max=59.006
[2026-08-21T12:13:29] RUN_END status=OK
[2026-08-21T12:14:01] RUN_START run_id=SCALE_C_NFD_1000_064
[2026-08-21T12:14:01] PARAM implementation=NFD
[2026-08-21T12:14:01] METRIC concurrent_clients=1000
[2026-08-21T12:14:01] METRIC throughput_pct_of_max=58.1
[2026-08-21T12:14:01] RUN_END status=OK
[2026-08-21T12:16:49] RUN_START run_id=SCALE_C_CCNlite_1000_105
[2026-08-21T12:16:49] PARAM implementation=CCNlite
[2026-08-21T12:16:49] METRIC concurrent_clients=1000
[2026-08-21T12:16:49] METRIC throughput_pct_of_max=59.749
[2026-08-21T12:16:49] RUN_END status=OK
[2026-08-21T12:17:01] RUN_START run_id=SCALE_C_NFD_1000_065
[2026-08-21T12:17:01] PARAM implementation=NFD
[2026-08-21T12:17:01] METRIC concurrent_clients=1000
[2026-08-21T12:17:01] METRIC throughput_pct_of_max=53.883
[2026-08-21T12:17:01] RUN_END status=OK
[2026-08-21T12:17:39] RUN_START run_id=SCALE_C_NFD_1000_066
[2026-08-21T12:17:39] PARAM implementation=NFD
[2026-08-21T12:17:39] METRIC concurrent_clients=1000
[2026-08-21T12:17:39] METRIC throughput_pct_of_max=52.667
[2026-08-21T12:17:39] RUN_END status=OK
[2026-08-21T12:18:18] RUN_START run_id=SCALE_C_CCNlite_1000_106
[2026-08-21T12:18:18] PARAM implementation=CCNlite
[2026-08-21T12:18:18] METRIC concurrent_clients=1000
[2026-08-21T12:18:18] METRIC throughput_pct_of_max=59.547
[2026-08-21T12:18:18] RUN_END status=OK
[2026-08-21T12:20:52] RUN_START run_id=SCALE_C_CCNlite_1000_107
[2026-08-21T12:20:52] PARAM implementation=CCNlite
[2026-08-21T12:20:52] METRIC concurrent_clients=1000
[2026-08-21T12:20:52] METRIC throughput_pct_of_max=60.741
[2026-08-21T12:20:52] RUN_END status=OK
[2026-08-21T12:21:19] RUN_START run_id=SCALE_C_CCNlite_1000_108
[2026-08-21T12:21:19] PARAM implementation=CCNlite
[2026-08-21T12:21:19] METRIC concurrent_clients=1000
[2026-08-21T12:21:19] METRIC throughput_pct_of_max=60.173
[2026-08-21T12:21:19] RUN_END status=OK
[2026-08-21T12:23:28] RUN_START run_id=SCALE_C_CCNlite_1000_109
[2026-08-21T12:23:28] PARAM implementation=CCNlite
[2026-08-21T12:23:28] METRIC concurrent_clients=1000
[2026-08-21T12:23:28] METRIC throughput_pct_of_max=60.315
[2026-08-21T12:23:28] RUN_END status=OK
[2026-08-21T12:25:44] RUN_START run_id=SCALE_C_CCNlite_1000_110
[2026-08-21T12:25:44] PARAM implementation=CCNlite
[2026-08-21T12:25:44] METRIC concurrent_clients=1000
[2026-08-21T12:25:44] METRIC throughput_pct_of_max=62.311
[2026-08-21T12:25:44] RUN_END status=OK
