[2026-08-18T23:04:37] RUN_START run_id=SCALE_C_PythonNDN_100_059
[2026-08-18T23:04:37] PARAM implementation=PythonNDN
[2026-08-18T23:04:37] METRIC concurrent_clients=100
[2026-08-18T23:04:37] METRIC throughput_pct_of_max=68.027
[2026-08-18T23:04:37] RUN_END status=OK
[2026-08-18T23:05:51] RUN_START run_id=SCALE_C_PythonNDN_100_060
[2026-08-18T23:05:51] PARAM implementation=PythonNDN
[2026-08-18T23:05:51] METRIC concurrent_clients=100
[2026-08-18T23:05:51] METRIC throughput_pct_of_max=65.277
[2026-08-18T23:05:51] RUN_END status=OK
[2026-08-18T23:08:26] RUN_START run_id=SCALE_C_PythonNDN_100_061
[2026-08-18T23:08:26] PARAM implementation=PythonNDN
[2026-08-18T23:08:26] METRIC concurrent_clients=100
[2026-08-18T23:08:26] METRIC throughput_pct_of_max=65.181
[2026-08-18T23:08:26] RUN_END status=OK
[2026-08-18T23:09:09] RUN_START run_id=SCALE_C_PythonNDN_100_062
[2026-08-18T23:09:09] PARAM implementation=PythonNDN
[2026-08-18T23:09:09] METRIC concurrent_clients=100
[2026-08-18T23:09:09] METRIC throughput_pct_of_max=66.787
[2026-08-18T23:09:09] RUN_END status=OK
[2026-08-18T23:09:26] RUN_START run_id=SCALE_C_PythonNDN_100_063
[2026-08-18T23:09:26] PARAM implementation=PythonNDN
[2026-08-18T23:09:26] METRIC concurrent_clients=100
[2026-08-18T23:09:26] METRIC throughput_pct_of_max=63.139
[2026-08-18T23:09:26] RUN_END status=OK
[2026-08-18T23:12:46] RUN_START run_id=SCALE_C_PythonNDN_100_064
[2026-08-18T23:12:46] PARAM implementation=PythonNDN
[2026-08-18T23:12:46] METRIC concurrent_clients=100
[2026-08-18T23:12:46] METRIC throughput_pct_of_max=65.752
[2026-08-18T23:12:46] RUN_END status=OK
[2026-08-18T23:16:21] RUN_START run_id=SCALE_C_PythonNDN_100_065
[2026-08-18T23:16:21] PARAM implementation=PythonNDN
[2026-08-18T23:16:21] METRIC concurrent_clients=100
[2026-08-18T23:16:21] METRIC throughput_pct_of_max=63.398
[2026-08-18T23:16:21] RUN_END status=OK
[2026-08-18T23:18:12] RUN_START run_id=SCALE_C_PythonNDN_100_066
[2026-08-18T23:18:12] PARAM implementation=PythonNDN
[2026-08-18T23:18:12] METRIC concurrent_clients=100
[2026-08-18T23:18:12] METRIC throughput_pct_of_max=67.238
[2026-08-18T23:18:12] RUN_END status=OK
[2026-08-18T23:23:51] RUN_START run_id=SCALE_C_PythonNDN_100_067
[2026-08-18T23:23:51] PARAM implementation=PythonNDN
[2026-08-18T23:23:51] METRIC concurrent_clients=100
[2026-08-18T23:23:51] METRIC throughput_pct_of_max=65.567
[2026-08-18T23:23:51] RUN_END status=OK
[2026-08-18T23:29:12] RUN_START run_id=SCALE_C_PythonNDN_100_068
[2026-08-18T23:29:12] PARAM implementation=PythonNDN
[2026-08-18T23:29:12] METRIC concurrent_clients=100
[2026-08-18T23:29:12] METRIC throughput_pct_of_max=64.016
[2026-08-18T23:29:12] RUN_END status=OK
[2026-08-18T23:31:40] RUN_START run_id=SCALE_C_PythonNDN_100_069
[2026-08-18T23:31:40] PARAM implementation=PythonNDN
[2026-08-18T23:31:40] METRIC concurrent_clients=100
[2026-08-18T23:31:40] METRIC throughput_pct_of_max=65.007
[2026-08-18T23:31:40] RUN_END status=OK
[2026-08-19T03:13:29] RUN_START run_id=SCALE_C_PythonNDN_1000_130
[2026-08-19T03:13:29] PARAM implementation=PythonNDN
[2026-08-19T03:13:29] METRIC concurrent_clients=1000
[2026-08-19T03:13:29] METRIC throughput_pct_of_max=14.769
[2026-08-19T03:13:29] RUN_END status=OK
[2026-08-19T03:17:34] RUN_START run_id=SCALE_C_PythonNDN_1000_131
[2026-08-19T03:17:34] PARAM implementation=PythonNDN
[2026-08-19T03:17:34] METRIC concurrent_clients=1000
[2026-08-19T03:17:34] METRIC throughput_pct_of_max=16.022
[2026-08-19T03:17:34] RUN_END status=OK
[2026-08-19T03:18:26] RUN_START run_id=SCALE_C_PythonNDN_1000_132
[2026-08-19T03:18:26] PARAM implementation=PythonNDN
[2026-08-19T03:18:26] METRIC concurrent_clients=1000
[2026-08-19T03:18:26] METRIC throughput_pct_of_max=14.974
[2026-08-19T03:18:26] RUN_END status=OK
[2026-08-19T03:21:14] RUN_START run_id=SCALE_C_PythonNDN_1000_133
[2026-08-19T03:21:14] PARAM implementation=PythonNDN
[2026-08-19T03:21:14] METRIC concurrent_clients=1000
[2026-08-19T03:21:14] METRIC throughput_pct_of_max=15.536
[2026-08-19T03:21:14] RUN_END status=OK
[2026-08-19T03:24:20] RUN_START run_id=SCALE_C_PythonNDN_1000_134
[2026-08-19T03:24:20] PARAM implementation=PythonNDN
[2026-08-19T03:24:20] METRIC concurrent_clients=1000
[2026-08-19T03:24:20] METRIC throughput_pct_of_max=14.966
[2026-08-19T03:24:20] RUN_END status=OK
[2026-08-19T03:24:59] RUN_START run_id=SCALE_C_PythonNDN_1000_135
[2026-08-19T03:24:59] PARAM implementation=PythonNDN
[2026-08-19T03:24:59] METRIC concurrent_clients=1000
[2026-08-19T03:24:59] METRIC throughput_pct_of_max=14.77
[2026-08-19T03:24:59] RUN_END status=OK
[2026-08-19T03:26:43] RUN_START run_id=SCALE_C_PythonNDN_1000_136
[2026-08-19T03:26:43] PARAM implementation=PythonNDN
[2026-08-19T03:26:43] METRIC concurrent_clients=1000
[2026-08-19T03:26:43] METRIC throughput_pct_of_max=14.087
[2026-08-19T03:26:43] RUN_END status=OK
[2026-08-19T03:31:53] RUN_START run_id=SCALE_C_PythonNDN_1000_137
[2026-08-19T03:31:53] PARAM implementation=PythonNDN
[2026-08-19T03:31:53] METRIC concurrent_clients=1000
[2026-08-19T03:31:53] METRIC throughput_pct_of_max=14.61
[2026-08-19T03:31:53] RUN_END status=OK
