[2026-08-23T21:02:35] RUN_START run_id=SCALE_C_NFD_500_119
[2026-08-23T21:02:35] PARAM implementation=NFD
[2026-08-23T21:02:35] METRIC concurrent_clients=500
[2026-08-23T21:02:35] METRIC throughput_pct_of_max=66.874
[2026-08-23T21:02:35] RUN_END status=OK
[2026-08-23T21:04:26] RUN_START run_id=SCALE_C_NFD_500_120
[2026-08-23T21:04:26] PARAM implementation=NFD
[2026-08-23T21:04:26] METRIC concurrent_clients=500
[2026-08-23T21:04:26] METRIC throughput_pct_of_max=64.391
[2026-08-23T21:04:26] RUN_END status=OK
[2026-08-24T00:04:54] RUN_START run_id=SCALE_C_PythonNDN_5000_076
[2026-08-24T00:04:54] PARAM implementation=PythonNDN
[2026-08-24T00:04:54] METRIC concurrent_clients=5000
[2026-08-24T00:04:54] METRIC throughput_pct_of_max=10.156
[2026-08-24T00:04:54] RUN_END status=OK
[2026-08-24T00:06:36] RUN_START run_id=SCALE_C_PythonNDN_5000_077
[2026-08-24T00:06:36] PARAM implementation=PythonNDN
[2026-08-24T00:06:36] METRIC concurrent_clients=5000
[2026-08-24T00:06:36] METRIC throughput_pct_of_max=9.683
[2026-08-24T00:06:36] RUN_END status=OK
[2026-08-24T00:08:08] RUN_START run_id=SCALE_C_PythonNDN_5000_078
[2026-08-24T00:08:08] PARAM implementation=PythonNDN
[2026-08-24T00:08:08] METRIC concurrent_clients=5000
[2026-08-24T00:08:08] METRIC throughput_pct_of_max=9.941
[2026-08-24T00:08:08] RUN_END status=OK
[2026-08-24T00:09:50] RUN_START run_id=SCALE_C_PythonNDN_5000_079
[2026-08-24T00:09:50] PARAM implementation=PythonNDN
[2026-08-24T00:09:50] METRIC concurrent_clients=5000
[2026-08-24T00:09:50] METRIC throughput_pct_of_max=10.083
[2026-08-24T00:09:50] RUN_END status=OK
[2026-08-24T00:12:09] RUN_START run_id=SCALE_C_PythonNDN_5000_080
[2026-08-24T00:12:09] PARAM implementation=PythonNDN
[2026-08-24T00:12:09] METRIC concurrent_clients=5000
[2026-08-24T00:12:09] METRIC throughput_pct_of_max=10.137
[2026-08-24T00:12:09] RUN_END status=OK
[2026-08-24T00:14:17] RUN_START run_id=SCALE_C_PythonNDN_5000_081
[2026-08-24T00:14:17] PARAM implementation=PythonNDN
[2026-08-24T00:14:17] METRIC concurrent_clients=5000
[2026-08-24T00:14:17] METRIC throughput_pct_of_max=9.949
[2026-08-24T00:14:17] RUN_END status=OK
[2026-08-24T00:14:57] RUN_START run_id=SCALE_C_PythonNDN_5000_082
[2026-08-24T00:14:57] PARAM implementation=PythonNDN
[2026-08-24T00:14:57] METRIC concurrent_clients=5000
[2026-08-24T00:14:57] METRIC throughput_pct_of_max=9.816
[2026-08-24T00:14:57] RUN_END status=OK
[2026-08-24T00:16:06] RUN_START run_id=SCALE_C_PythonNDN_5000_083
[2026-08-24T00:16:06] PARAM implementation=PythonNDN
[2026-08-24T00:16:06] METRIC concurrent_clients=5000
[2026-08-24T00:16:06] METRIC throughput_pct_of_max=9.902
[2026-08-24T00:16:06] RUN_END status=OK
