[2026-08-28T05:38:03] RUN_START run_id=SCALE_C_PythonNDN_500_084
[2026-08-28T05:38:03] PARAM implementation=PythonNDN
[2026-08-28T05:38:03] METRIC concurrent_clients=500
[2026-08-28T05:38:03] METRIC throughput_pct_of_max=34.737
[2026-08-28T05:38:03] RUN_END status=OK
[2026-08-28T05:39:41] RUN_START run_id=SCALE_C_PythonNDN_500_085
[2026-08-28T05:39:41] PARAM implementation=PythonNDN
[2026-08-28T05:39:41] METRIC concurrent_clients=500
[2026-08-28T05:39:41] METRIC throughput_pct_of_max=35.025
[2026-08-28T05:39:41] RUN_END status=OK
[2026-08-28T05:40:35] RUN_START run_id=SCALE_C_PythonNDN_500_086
[2026-08-28T05:40:35] PARAM implementation=PythonNDN
[2026-08-28T05:40:35] METRIC concurrent_clients=500
[2026-08-28T05:40:35] METRIC throughput_pct_of_max=33.532
[2026-08-28T05:40:35] RUN_END status=OK
[2026-08-28T05:43:42] RUN_START run_id=SCALE_C_PythonNDN_500_087
[2026-08-28T05:43:42] PARAM implementation=PythonNDN
[2026-08-28T05:43:42] METRIC concurrent_clients=500
[2026-08-28T05:43:42] METRIC throughput_pct_of_max=34.198
[2026-08-28T05:43:42] RUN_END status=OK
[2026-08-28T05:47:22] RUN_START run_id=SCALE_C_PythonNDN_500_088
[2026-08-28T05:47:22] PARAM implementation=PythonNDN
[2026-08-28T05:47:22] METRIC concurrent_clients=500
[2026-08-28T05:47:22] METRIC throughput_pct_of_max=33.465
[2026-08-28T05:47:22] RUN_END status=OK
[2026-08-28T05:50:10] RUN_START run_id=SCALE_C_PythonNDN_500_089
[2026-08-28T05:50:10] PARAM implementation=PythonNDN
[2026-08-28T05:50:10] METRIC concurrent_clients=500
[2026-08-28T05:50:10] METRIC throughput_pct_of_max=32.948
[2026-08-28T05:50:10] RUN_END status=OK
[2026-08-28T05:53:07] RUN_START run_id=SCALE_C_PythonNDN_500_090
[2026-08-28T05:53:07] PARAM implementation=PythonNDN
[2026-08-28T05:53:07] METRIC concurrent_clients=500
[2026-08-28T05:53:07] METRIC throughput_pct_of_max=32.874
[2026-08-28T05:53:07] RUN_END status=OK
[2026-08-28T06:18:22] RUN_START run_id=SCALE_C_uDCN_5000_096
[2026-08-28T06:18:22] PARAM implementation=uDCN
[2026-08-28T06:18:22] METRIC concurrent_clients=5000
[2026-08-28T06:18:22] METRIC throughput_pct_of_max=78.179
[2026-08-28T06:18:22] RUN_END status=OK
[2026-08-28T06:19:08] RUN_START run_id=SCALE_C_uDCN_5000_097
[2026-08-28T06:19:08] PARAM implementation=uDCN
[2026-08-28T06:19:08] METRIC concurrent_clients=5000
[2026-08-28T06:19:08] METRIC throughput_pct_of_max=77.539
[2026-08-28T06:19:08] RUN_END status=OK
[2026-08-28T06:20:46] RUN_START run_id=SCALE_C_uDCN_5000_098
[2026-08-28T06:20:46] PARAM implementation=uDCN
[2026-08-28T06:20:46] METRIC concurrent_clients=5000
[2026-08-28T06:20:46] METRIC throughput_pct_of_max=74.814
[2026-08-28T06:20:46] RUN_END status=OK
[2026-08-28T06:22:36] RUN_START run_id=SCALE_C_uDCN_5000_099
[2026-08-28T06:22:36] PARAM implementation=uDCN
[2026-08-28T06:22:36] METRIC concurrent_clients=5000
[2026-08-28T06:22:36] METRIC throughput_pct_of_max=74.059
[2026-08-28T06:22:36] RUN_END status=OK
[2026-08-28T06:24:44] RUN_START run_id=SCALE_C_uDCN_5000_100
[2026-08-28T06:24:44] PARAM implementation=uDCN
[2026-08-28T06:24:44] METRIC concurrent_clients=5000
[2026-08-28T06:24:44] METRIC throughput_pct_of_max=75.064
[2026-08-28T06:24:44] RUN_END status=OK
[2026-08-28T06:26:44] RUN_START run_id=SCALE_C_uDCN_5000_101
[2026-08-28T06:26:44] PARAM implementation=uDCN
[2026-08-28T06:26:44] METRIC concurrent_clients=5000
[2026-08-28T06:26:44] METRIC throughput_pct_of_max=78.296
[2026-08-28T06:26:44] RUN_END status=OK
[2026-08-28T06:28:56] RUN_START run_id=SCALE_C_uDCN_5000_102
[2026-08-28T06:28:56] PARAM implementation=uDCN
[2026-08-28T06:28:56] METRIC concurrent_clients=5000
[2026-08-28T06:28:56] METRIC throughput_pct_of_max=75.573
[2026-08-28T06:28:56] RUN_END status=OK
[2026-08-28T06:32:29] RUN_START run_id=SCALE_C_uDCN_5000_103
[2026-08-28T06:32:29] PARAM implementation=uDCN
[2026-08-28T06:32:29] METRIC concurrent_clients=5000
[2026-08-28T06:32:29] METRIC throughput_pct_of_max=73.076
[2026-08-28T06:32:29] RUN_END status=OK
[2026-08-28T06:36:00] RUN_START run_id=SCALE_C_uDCN_5000_104
[2026-08-28T06:36:00] PARAM implementation=uDCN
[2026-08-28T06:36:00] METRIC concurrent_clients=5000
[2026-08-28T06:36:00] METRIC throughput_pct_of_max=74.392
[2026-08-28T06:36:00] RUN_END status=OK
[2026-08-28T06:39:00] RUN_START run_id=SCALE_C_uDCN_5000_105
[2026-08-28T06:39:00] PARAM implementation=uDCN
[2026-08-28T06:39:00] METRIC concurrent_clients=5000
[2026-08-28T06:39:00] METRIC throughput_pct_of_max=74.604
[2026-08-28T06:39:00] RUN_END status=OK
[2026-08-28T06:41:28] RUN_START run_id=SCALE_C_uDCN_5000_106
[2026-08-28T06:41:28] PARAM implementation=uDCN
[2026-08-28T06:41:28] METRIC concurrent_clients=5000
[2026-08-28T06:41:28] METRIC throughput_pct_of_max=75.095
[2026-08-28T06:41:28] RUN_END status=OK
[2026-08-28T06:42:00] RUN_START run_id=SCALE_C_uDCN_5000_107
[2026-08-28T06:42:00] PARAM implementation=uDCN
[2026-08-28T06:42:00] METRIC concurrent_clients=5000
[2026-08-28T06:42:00] METRIC throughput_pct_of_max=74.822
[2026-08-28T06:42:00] RUN_END status=OK
