[2026-08-14T03:54:44] RUN_START run_id=SCALE_C_uDCN_10_063
[2026-08-14T03:54:44] PARAM implementation=uDCN
[2026-08-14T03:54:44] METRIC concurrent_clients=10
[2026-08-14T03:54:44] METRIC throughput_pct_of_max=100.0
[2026-08-14T03:54:44] RUN_END status=OK
[2026-08-14T03:55:18] RUN_START run_id=SCALE_C_PythonNDN_10_056
[2026-08-14T03:55:18] PARAM implementation=PythonNDN
[2026-08-14T03:55:18] METRIC concurrent_clients=10
[2026-08-14T03:55:18] METRIC throughput_pct_of_max=99.021
[2026-08-14T03:55:18] RUN_END status=OK
[2026-08-14T03:56:24] RUN_START run_id=SCALE_C_PythonNDN_10_057
[2026-08-14T03:56:24] PARAM implementation=PythonNDN
[2026-08-14T03:56:24] METRIC concurrent_clients=10
[2026-08-14T03:56:24] METRIC throughput_pct_of_max=88.293
[2026-08-14T03:56:24] RUN_END status=OK
[2026-08-14T03:56:53] RUN_START run_id=SCALE_C_uDCN_10_064
[2026-08-14T03:56:53] PARAM implementation=uDCN
[2026-08-14T03:56:53] METRIC concurrent_clients=10
[2026-08-14T03:56:53] METRIC throughput_pct_of_max=94.6
[2026-08-14T03:56:53] RUN_END status=OK
[2026-08-14T03:57:16] RUN_START run_id=SCALE_C_uDCN_10_065
[2026-08-14T03:57:16] PARAM implementation=uDCN
[2026-08-14T03:57:16] METRIC concurrent_clients=10
[2026-08-14T03:57:16] METRIC throughput_pct_of_max=94.233
[2026-08-14T03:57:16] RUN_END status=OK
[2026-08-14T03:59:25] RUN_START run_id=SCALE_C_uDCN_10_066
[2026-08-14T03:59:25] PARAM implementation=uDCN
[2026-08-14T03:59:25] METRIC concurrent_clients=10
[2026-08-14T03:59:25] METRIC throughput_pct_of_max=97.085
[2026-08-14T03:59:25] RUN_END status=OK
[2026-08-14T04:00:10] RUN_START run_id=SCALE_C_uDCN_10_067
[2026-08-14T04:00:10] PARAM implementation=uDCN
[2026-08-14T04:00:10] METRIC concurrent_clients=10
[2026-08-14T04:00:10] METRIC throughput_pct_of_max=100.0
[2026-08-14T04:00:10] RUN_END status=OK
[2026-08-14T04:02:32] RUN_START run_id=SCALE_C_uDCN_10_068
[2026-08-14T04:02:32] PARAM implementation=uDCN
[2026-08-14T04:02:32] METRIC concurrent_clients=10
[2026-08-14T04:02:32] METRIC throughput_pct_of_max=100.0
[2026-08-14T04:02:32] RUN_END status=OK
[2026-08-14T04:03:07] RUN_START run_id=SCALE_C_PythonNDN_10_058
[2026-08-14T04:03:07] PARAM implementation=PythonNDN
[2026-08-14T04:03:07] METRIC concurrent_clients=10
[2026-08-14T04:03:07] METRIC throughput_pct_of_max=98.469
[2026-08-14T04:03:07] RUN_END status=OK
[2026-08-14T04:03:24] RUN_START run_id=SCALE_C_uDCN_10_069
[2026-08-14T04:03:24] PARAM implementation=uDCN
[2026-08-14T04:03:24] METRIC concurrent_clients=10
[2026-08-14T04:03:24] METRIC throughput_pct_of_max=95.859
[2026-08-14T04:03:24] RUN_END status=OK
[2026-08-14T04:06:45] RUN_START run_id=SCALE_C_PythonNDN_10_059
[2026-08-14T04:06:45] PARAM implementation=PythonNDN
[2026-08-14T04:06:45] METRIC concurrent_clients=10
[2026-08-14T04:06:45] METRIC throughput_pct_of_max=100.0
[2026-08-14T04:06:45] RUN_END status=OK
[2026-08-14T04:08:03] RUN_START run_id=SCALE_C_uDCN_10_070
[2026-08-14T04:08:03] PARAM implementation=uDCN
[2026-08-14T04:08:03] METRIC concurrent_clients=10
[2026-08-14T04:08:03] METRIC throughput_pct_of_max=98.904
[2026-08-14T04:08:03] RUN_END status=OK
[2026-08-14T04:08:28] RUN_START run_id=SCALE_C_PythonNDN_10_060
[2026-08-14T04:08:28] PARAM implementation=PythonNDN
[2026-08-14T04:08:28] METRIC concurrent_clients=10
[2026-08-14T04:08:28] METRIC throughput_pct_of_max=100.0
[2026-08-14T04:08:28] RUN_END status=OK
[2026-08-14T04:09:59] RUN_START run_id=SCALE_C_uDCN_10_071
[2026-08-14T04:09:59] PARAM implementation=uDCN
[2026-08-14T04:09:59] METRIC concurrent_clients=10
[2026-08-14T04:09:59] METRIC throughput_pct_of_max=99.779
[2026-08-14T04:09:59] RUN_END status=OK
[2026-08-14T04:10:42] RUN_START run_id=SCALE_C_PythonNDN_10_061
[2026-08-14T04:10:42] PARAM implementation=PythonNDN
[2026-08-14T04:10:42] METRIC concurrent_clients=10
[2026-08-14T04:10:42] METRIC throughput_pct_of_max=97.543
[2026-08-14T04:10:42] RUN_END status=OK
[2026-08-14T04:11:52] RUN_START run_id=SCALE_C_PythonNDN_10_062
[2026-08-14T04:11:52] PARAM implementation=PythonNDN
[2026-08-14T04:11:52] METRIC concurrent_clients=10
[2026-08-14T04:11:52] METRIC throughput_pct_of_max=95.877
[2026-08-14T04:11:52] RUN_END status=OK
[2026-08-14T04:13:22] RUN_START run_id=SCALE_C_uDCN_10_072
[2026-08-14T04:13:22] PARAM implementation=uDCN
[2026-08-14T04:13:22] METRIC concurrent_clients=10
[2026-08-14T04:13:22] METRIC throughput_pct_of_max=98.737
[2026-08-14T04:13:22] RUN_END status=OK
[2026-08-14T04:14:03] RUN_START run_id=SCALE_C_PythonNDN_10_063
[2026-08-14T04:14:03] PARAM implementation=PythonNDN
[2026-08-14T04:14:03] METRIC concurrent_clients=10
[2026-08-14T04:14:03] METRIC throughput_pct_of_max=100.0
[2026-08-14T04:14:03] RUN_END status=OK
[2026-08-14T04:17:24] RUN_START run_id=SCALE_C_PythonNDN_10_064
[2026-08-14T04:17:24] PARAM implementation=PythonNDN
[2026-08-14T04:17:24] METRIC concurrent_clients=10
[2026-08-14T04:17:24] METRIC throughput_pct_of_max=98.468
[2026-08-14T04:17:24] RUN_END status=OK
[2026-08-14T04:19:20] RUN_START run_id=SCALE_C_uDCN_10_073
[2026-08-14T04:19:20] PARAM implementation=uDCN
[2026-08-14T04:19:20] METRIC concurrent_clients=10
[2026-08-14T04:19:20] METRIC throughput_pct_of_max=99.577
[2026-08-14T04:19:20] RUN_END status=OK
