[2026-08-21T11:52:54] RUN_START run_id=SCALE_C_NFD_1000_056
[2026-08-21T11:52:54] PARAM implementation=NFD
[2026-08-21T11:52:54] METRIC concurrent_clients=1000
[2026-08-21T11:52:54] METRIC throughput_pct_of_max=54.981
[2026-08-21T11:52:54] RUN_END status=OK
[2026-08-21T11:53:15] RUN_START run_id=SCALE_C_NFD_500_037
[2026-08-21T11:53:15] PARAM implementation=NFD
[2026-08-21T11:53:15] METRIC concurrent_clients=500
[2026-08-21T11:53:15] METRIC throughput_pct_of_max=67.941
[2026-08-21T11:53:15] RUN_END status=OK
[2026-08-21T11:54:38] RUN_START run_id=SCALE_C_NFD_500_038
[2026-08-21T11:54:38] PARAM implementation=NFD
[2026-08-21T11:54:38] METRIC concurrent_clients=500
[2026-08-21T11:54:38] METRIC throughput_pct_of_max=68.741
[2026-08-21T11:54:38] RUN_END status=OK
[2026-08-21T11:56:03] RUN_START run_id=SCALE_C_NFD_1000_057
[2026-08-21T11:56:03] PARAM implementation=NFD
[2026-08-21T11:56:03] METRIC concurrent_clients=1000
[2026-08-21T11:56:03] METRIC throughput_pct_of_max=57.954
[2026-08-21T11:56:03] RUN_END status=OK
[2026-08-21T11:57:40] RUN_START run_id=SCALE_C_NFD_500_039
[2026-08-21T11:57:40] PARAM implementation=NFD
[2026-08-21T11:57:40] METRIC concurrent_clients=500
[2026-08-21T11:57:40] METRIC throughput_pct_of_max=70.236
[2026-08-21T11:57:40] RUN_END status=OK
[2026-08-21T11:58:14] RUN_START run_id=SCALE_C_NFD_1000_058
[2026-08-21T11:58:14] PARAM implementation=NFD
[2026-08-21T11:58:14] METRIC concurrent_clients=1000
[2026-08-21T11:58:14] METRIC throughput_pct_of_max=52.961
[2026-08-21T11:58:14] RUN_END status=OK
[2026-08-21T11:59:53] RUN_START run_id=SCALE_C_NFD_500_040
[2026-08-21T11:59:53] PARAM implementation=NFD
[2026-08-21T11:59:53] METRIC concurrent_clients=500
[2026-08-21T11:59:53] METRIC throughput_pct_of_max=65.6
[2026-08-21T11:59:53] RUN_END status=OK
[2026-08-21T12:02:00] RUN_START run_id=SCALE_C_NFD_500_041
[2026-08-21T12:02:00] PARAM implementation=NFD
[2026-08-21T12:02:00] METRIC concurrent_clients=500
[2026-08-21T12:02:00] METRIC throughput_pct_of_max=68.553
[2026-08-21T12:02:00] RUN_END status=OK
[2026-08-21T12:02:41] RUN_START run_id=SCALE_C_NFD_500_042
[2026-08-21T12:02:41] PARAM implementation=NFD
[2026-08-21T12:02:41] METRIC concurrent_clients=500
[2026-08-21T12:02:41] METRIC throughput_pct_of_max=66.826
[2026-08-21T12:02:41] RUN_END status=OK
[2026-08-21T12:03:22] RUN_START run_id=SCALE_C_NFD_1000_059
[2026-08-21T12:03:22] PARAM implementation=NFD
[2026-08-21T12:03:22] METRIC concurrent_clients=1000
[2026-08-21T12:03:22] METRIC throughput_pct_of_max=56.945
[2026-08-21T12:03:22] RUN_END status=OK
[2026-08-21T12:03:43] RUN_START run_id=SCALE_C_NFD_500_043
[2026-08-21T12:03:43] PARAM implementation=NFD
[2026-08-21T12:03:43] METRIC concurrent_clients=500
[2026-08-21T12:03:43] METRIC throughput_pct_of_max=72.517
[2026-08-21T12:03:43] RUN_END status=OK
[2026-08-21T12:04:53] RUN_START run_id=SCALE_C_NFD_1000_060
[2026-08-21T12:04:53] PARAM implementation=NFD
[2026-08-21T12:04:53] METRIC concurrent_clients=1000
[2026-08-21T12:04:53] METRIC throughput_pct_of_max=57.256
[2026-08-21T12:04:53] RUN_END status=OK
[2026-08-21T12:04:56] RUN_START run_id=SCALE_C_NFD_500_044
[2026-08-21T12:04:56] PARAM implementation=NFD
[2026-08-21T12:04:56] METRIC concurrent_clients=500
[2026-08-21T12:04:56] METRIC throughput_pct_of_max=64.906
[2026-08-21T12:04:56] RUN_END status=OK
[2026-08-21T12:06:03] RUN_START run_id=SCALE_C_NFD_1000_061
[2026-08-21T12:06:03] PARAM implementation=NFD
[2026-08-21T12:06:03] METRIC concurrent_clients=1000
[2026-08-21T12:06:03] METRIC throughput_pct_of_max=55.819
[2026-08-21T12:06:03] RUN_END status=OK
