[2026-08-22T01:33:22] RUN_START run_id=SCALE_C_PythonNDN_50_101
[2026-08-22T01:33:22] PARAM implementation=PythonNDN
[2026-08-22T01:33:22] METRIC concurrent_clients=50
[2026-08-22T01:33:22] METRIC throughput_pct_of_max=81.328
[2026-08-22T01:33:22] RUN_END status=OK
[2026-08-22T01:39:16] RUN_START run_id=SCALE_C_PythonNDN_50_102
[2026-08-22T01:39:16] PARAM implementation=PythonNDN
[2026-08-22T01:39:16] METRIC concurrent_clients=50
[2026-08-22T01:39:16] METRIC throughput_pct_of_max=91.918
[2026-08-22T01:39:16] RUN_END status=OK
[2026-08-22T01:40:05] RUN_START run_id=SCALE_C_PythonNDN_50_103
[2026-08-22T01:40:05] PARAM implementation=PythonNDN
[2026-08-22T01:40:05] METRIC concurrent_clients=50
[2026-08-22T01:40:05] METRIC throughput_pct_of_max=83.01
[2026-08-22T01:40:05] RUN_END status=OK
[2026-08-22T01:40:58] RUN_START run_id=SCALE_C_PythonNDN_50_104
[2026-08-22T01:40:58] PARAM implementation=PythonNDN
[2026-08-22T01:40:58] METRIC concurrent_clients=50
[2026-08-22T01:40:58] METRIC throughput_pct_of_max=79.048
[2026-08-22T01:40:58] RUN_END status=OK
[2026-08-22T01:42:47] RUN_START run_id=SCALE_C_PythonNDN_50_105
[2026-08-22T01:42:47] PARAM implementation=PythonNDN
[2026-08-22T01:42:47] METRIC concurrent_clients=50
[2026-08-22T01:42:47] METRIC throughput_pct_of_max=82.808
[2026-08-22T01:42:47] RUN_END status=OK
[2026-08-22T01:45:08] RUN_START run_id=SCALE_C_PythonNDN_50_106
[2026-08-22T01:45:08] PARAM implementation=PythonNDN
[2026-08-22T01:45:08] METRIC concurrent_clients=50
[2026-08-22T01:45:08] METRIC throughput_pct_of_max=86.777
[2026-08-22T01:45:08] RUN_END status=OK
[2026-08-22T01:46:38] RUN_START run_id=SCALE_C_PythonNDN_50_107
[2026-08-22T01:46:38] PARAM implementation=PythonNDN
[2026-08-22T01:46:38] METRIC concurrent_clients=50
[2026-08-22T01:46:38] METRIC throughput_pct_of_max=82.911
[2026-08-22T01:46:38] RUN_END status=OK
[2026-08-22T01:48:11] RUN_START run_id=SCALE_C_PythonNDN_50_108
[2026-08-22T01:48:11] PARAM implementation=PythonNDN
[2026-08-22T01:48:11] METRIC concurrent_clients=50
[2026-08-22T01:48:11] METRIC throughput_pct_of_max=81.91
[2026-08-22T01:48:11] RUN_END status=OK
[2026-08-22T01:52:10] RUN_START run_id=SCALE_C_PythonNDN_50_109
[2026-08-22T01:52:10] PARAM implementation=PythonNDN
[2026-08-22T01:52:10] METRIC concurrent_clients=50
[2026-08-22T01:52:10] METRIC throughput_pct_of_max=86.819
[2026-08-22T01:52:10] RUN_END status=OK
[2026-08-22T01:54:02] RUN_START run_id=SCALE_C_PythonNDN_50_110
[2026-08-22T01:54:02] PARAM implementation=PythonNDN
[2026-08-22T01:54:02] METRIC concurrent_clients=50
[2026-08-22T01:54:02] METRIC throughput_pct_of_max=86.612
[2026-08-22T01:54:02] RUN_END status=OK
[2026-08-22T01:55:48] RUN_START run_id=SCALE_C_PythonNDN_50_111
[2026-08-22T01:55:48] PARAM implementation=PythonNDN
[2026-08-22T01:55:48] METRIC concurrent_clients=50
[2026-08-22T01:55:48] METRIC throughput_pct_of_max=86.434
[2026-08-22T01:55:48] RUN_END status=OK
[2026-08-22T01:56:35] RUN_START run_id=SCALE_C_PythonNDN_50_112
[2026-08-22T01:56:35] PARAM implementation=PythonNDN
[2026-08-22T01:56:35] METRIC concurrent_clients=50
[2026-08-22T01:56:35] METRIC throughput_pct_of_max=84.941
[2026-08-22T01:56:35] RUN_END status=OK
[2026-08-22T02:00:21] RUN_START run_id=SCALE_C_PythonNDN_50_113
[2026-08-22T02:00:21] PARAM implementation=PythonNDN
[2026-08-22T02:00:21] METRIC concurrent_clients=50
[2026-08-22T02:00:21] METRIC throughput_pct_of_max=81.759
[2026-08-22T02:00:21] RUN_END status=OK
[2026-08-22T02:02:39] RUN_START run_id=SCALE_C_PythonNDN_50_114
[2026-08-22T02:02:39] PARAM implementation=PythonNDN
[2026-08-22T02:02:39] METRIC concurrent_clients=50
[2026-08-22T02:02:39] METRIC throughput_pct_of_max=81.457
[2026-08-22T02:02:39] RUN_END status=OK
