[2026-08-14T14:21:15] RUN_START run_id=SCALE_C_uDCN_10_097
[2026-08-14T14:21:15] PARAM implementation=uDCN
[2026-08-14T14:21:15] METRIC concurrent_clients=10
[2026-08-14T14:21:15] METRIC throughput_pct_of_max=100.0
[2026-08-14T14:21:15] RUN_END status=OK
[2026-08-14T14:22:50] RUN_START run_id=SCALE_C_uDCN_10_098
[2026-08-14T14:22:50] PARAM implementation=uDCN
[2026-08-14T14:22:50] METRIC concurrent_clients=10
[2026-08-14T14:22:50] METRIC throughput_pct_of_max=99.045
[2026-08-14T14:22:50] RUN_END status=OK
[2026-08-14T14:23:43] RUN_START run_id=SCALE_C_uDCN_10_099
[2026-08-14T14:23:43] PARAM implementation=uDCN
[2026-08-14T14:23:43] METRIC concurrent_clients=10
[2026-08-14T14:23:43] METRIC throughput_pct_of_max=100.0
[2026-08-14T14:23:43] RUN_END status=OK
[2026-08-14T14:24:58] RUN_START run_id=SCALE_C_uDCN_10_100
[2026-08-14T14:24:58] PARAM implementation=uDCN
[2026-08-14T14:24:58] METRIC concurrent_clients=10
[2026-08-14T14:24:58] METRIC throughput_pct_of_max=98.955
[2026-08-14T14:24:58] RUN_END status=OK
[2026-08-14T14:27:38] RUN_START run_id=SCALE_C_uDCN_10_101
[2026-08-14T14:27:38] PARAM implementation=uDCN
[2026-08-14T14:27:38] METRIC concurrent_clients=10
[2026-08-14T14:27:38] METRIC throughput_pct_of_max=100.0
[2026-08-14T14:27:38] RUN_END status=OK
[2026-08-14T14:30:24] RUN_START run_id=SCALE_C_uDCN_10_102
[2026-08-14T14:30:24] PARAM implementation=uDCN
[2026-08-14T14:30:24] METRIC concurrent_clients=10
[2026-08-14T14:30:24] METRIC throughput_pct_of_max=97.34
[2026-08-14T14:30:24] RUN_END status=OK
[2026-08-14T14:36:44] RUN_START run_id=SCALE_C_uDCN_10_103
[2026-08-14T14:36:44] PARAM implementation=uDCN
[2026-08-14T14:36:44] METRIC concurrent_clients=10
[2026-08-14T14:36:44] METRIC throughput_pct_of_max=100.0
[2026-08-14T14:36:44] RUN_END status=OK
[2026-08-14T14:41:26] RUN_START run_id=SCALE_C_uDCN_10_104
[2026-08-14T14:41:26] PARAM implementation=uDCN
[2026-08-14T14:41:26] METRIC concurrent_clients=10
[2026-08-14T14:41:26] METRIC throughput_pct_of_max=94.797
[2026-08-14T14:41:26] RUN_END status=OK
[2026-08-14T14:41:59] RUN_START run_id=07_scalability_clients_DISCARDED_0020
[2026-08-14T14:41:59] RUN_ABORTED reason=trex_controller_reset: TRex stateful-engine control connection dropped mid-run before steady-state throughput reached
[2026-08-14T14:43:12] RUN_START run_id=SCALE_C_uDCN_10_105
[2026-08-14T14:43:12] PARAM implementation=uDCN
[2026-08-14T14:43:12] METRIC concurrent_clients=10
[2026-08-14T14:43:12] METRIC throughput_pct_of_max=97.241
[2026-08-14T14:43:12] RUN_END status=OK
[2026-08-14T14:45:54] RUN_START run_id=SCALE_C_uDCN_10_106
[2026-08-14T14:45:54] PARAM implementation=uDCN
[2026-08-14T14:45:54] METRIC concurrent_clients=10
[2026-08-14T14:45:54] METRIC throughput_pct_of_max=100.0
[2026-08-14T14:45:54] RUN_END status=OK
[2026-08-14T14:47:27] RUN_START run_id=SCALE_C_uDCN_10_107
[2026-08-14T14:47:27] PARAM implementation=uDCN
[2026-08-14T14:47:27] METRIC concurrent_clients=10
[2026-08-14T14:47:27] METRIC throughput_pct_of_max=100.0
[2026-08-14T14:47:27] RUN_END status=OK
[2026-08-14T14:49:11] RUN_START run_id=SCALE_C_uDCN_10_108
[2026-08-14T14:49:11] PARAM implementation=uDCN
[2026-08-14T14:49:11] METRIC concurrent_clients=10
[2026-08-14T14:49:11] METRIC throughput_pct_of_max=100.0
[2026-08-14T14:49:11] RUN_END status=OK
[2026-08-14T14:50:46] RUN_START run_id=SCALE_C_uDCN_10_109
[2026-08-14T14:50:46] PARAM implementation=uDCN
[2026-08-14T14:50:46] METRIC concurrent_clients=10
[2026-08-14T14:50:46] METRIC throughput_pct_of_max=100.0
[2026-08-14T14:50:46] RUN_END status=OK
[2026-08-14T14:53:41] RUN_START run_id=SCALE_C_uDCN_10_110
[2026-08-14T14:53:41] PARAM implementation=uDCN
[2026-08-14T14:53:41] METRIC concurrent_clients=10
[2026-08-14T14:53:41] METRIC throughput_pct_of_max=100.0
[2026-08-14T14:53:41] RUN_END status=OK
[2026-08-14T14:55:30] RUN_START run_id=SCALE_C_uDCN_10_111
[2026-08-14T14:55:30] PARAM implementation=uDCN
[2026-08-14T14:55:30] METRIC concurrent_clients=10
[2026-08-14T14:55:30] METRIC throughput_pct_of_max=95.996
[2026-08-14T14:55:30] RUN_END status=OK
