[2026-08-15T06:24:28] RUN_START run_id=SCALE_C_PythonNDN_1000_073
[2026-08-15T06:24:28] PARAM implementation=PythonNDN
[2026-08-15T06:24:28] METRIC concurrent_clients=1000
[2026-08-15T06:24:28] METRIC throughput_pct_of_max=15.542
[2026-08-15T06:24:28] RUN_END status=OK
[2026-08-15T06:27:10] RUN_START run_id=SCALE_C_PythonNDN_10_080
[2026-08-15T06:27:10] PARAM implementation=PythonNDN
[2026-08-15T06:27:10] METRIC concurrent_clients=10
[2026-08-15T06:27:10] METRIC throughput_pct_of_max=93.993
[2026-08-15T06:27:10] RUN_END status=OK
[2026-08-15T06:28:34] RUN_START run_id=SCALE_C_PythonNDN_10_081
[2026-08-15T06:28:34] PARAM implementation=PythonNDN
[2026-08-15T06:28:34] METRIC concurrent_clients=10
[2026-08-15T06:28:34] METRIC throughput_pct_of_max=100.0
[2026-08-15T06:28:34] RUN_END status=OK
[2026-08-15T06:29:18] RUN_START run_id=SCALE_C_PythonNDN_10_082
[2026-08-15T06:29:18] PARAM implementation=PythonNDN
[2026-08-15T06:29:18] METRIC concurrent_clients=10
[2026-08-15T06:29:18] METRIC throughput_pct_of_max=98.186
[2026-08-15T06:29:18] RUN_END status=OK
[2026-08-15T06:34:13] RUN_START run_id=SCALE_C_PythonNDN_10_083
[2026-08-15T06:34:13] PARAM implementation=PythonNDN
[2026-08-15T06:34:13] METRIC concurrent_clients=10
[2026-08-15T06:34:13] METRIC throughput_pct_of_max=97.188
[2026-08-15T06:34:13] RUN_END status=OK
[2026-08-15T06:35:13] RUN_START run_id=SCALE_C_PythonNDN_10_084
[2026-08-15T06:35:13] PARAM implementation=PythonNDN
[2026-08-15T06:35:13] METRIC concurrent_clients=10
[2026-08-15T06:35:13] METRIC throughput_pct_of_max=100.0
[2026-08-15T06:35:13] RUN_END status=OK
[2026-08-15T08:40:08] RUN_START run_id=SCALE_C_PythonNDN_10_085
[2026-08-15T08:40:08] PARAM implementation=PythonNDN
[2026-08-15T08:40:08] METRIC concurrent_clients=10
[2026-08-15T08:40:08] METRIC throughput_pct_of_max=99.341
[2026-08-15T08:40:08] RUN_END status=OK
[2026-08-15T08:41:21] RUN_START run_id=SCALE_C_PythonNDN_10_086
[2026-08-15T08:41:21] PARAM implementation=PythonNDN
[2026-08-15T08:41:21] METRIC concurrent_clients=10
[2026-08-15T08:41:21] METRIC throughput_pct_of_max=98.693
[2026-08-15T08:41:21] RUN_END status=OK
[2026-08-15T08:42:15] RUN_START run_id=SCALE_C_PythonNDN_10_087
[2026-08-15T08:42:15] PARAM implementation=PythonNDN
[2026-08-15T08:42:15] METRIC concurrent_clients=10
[2026-08-15T08:42:15] METRIC throughput_pct_of_max=92.855
[2026-08-15T08:42:15] RUN_END status=OK
[2026-08-15T08:45:06] RUN_START run_id=SCALE_C_PythonNDN_10_088
[2026-08-15T08:45:06] PARAM implementation=PythonNDN
[2026-08-15T08:45:06] METRIC concurrent_clients=10
[2026-08-15T08:45:06] METRIC throughput_pct_of_max=100.0
[2026-08-15T08:45:06] RUN_END status=OK
[2026-08-15T08:47:42] RUN_START run_id=SCALE_C_PythonNDN_10_089
[2026-08-15T08:47:42] PARAM implementation=PythonNDN
[2026-08-15T08:47:42] METRIC concurrent_clients=10
[2026-08-15T08:47:42] METRIC throughput_pct_of_max=100.0
[2026-08-15T08:47:42] RUN_END status=OK
[2026-08-15T08:49:07] RUN_START run_id=SCALE_C_PythonNDN_10_090
[2026-08-15T08:49:07] PARAM implementation=PythonNDN
[2026-08-15T08:49:07] METRIC concurrent_clients=10
[2026-08-15T08:49:07] METRIC throughput_pct_of_max=100.0
[2026-08-15T08:49:07] RUN_END status=OK
[2026-08-15T08:50:34] RUN_START run_id=SCALE_C_PythonNDN_10_091
[2026-08-15T08:50:34] PARAM implementation=PythonNDN
[2026-08-15T08:50:34] METRIC concurrent_clients=10
[2026-08-15T08:50:34] METRIC throughput_pct_of_max=100.0
[2026-08-15T08:50:34] RUN_END status=OK
[2026-08-15T08:52:04] RUN_START run_id=SCALE_C_PythonNDN_10_092
[2026-08-15T08:52:04] PARAM implementation=PythonNDN
[2026-08-15T08:52:04] METRIC concurrent_clients=10
[2026-08-15T08:52:04] METRIC throughput_pct_of_max=100.0
[2026-08-15T08:52:04] RUN_END status=OK
[2026-08-15T08:54:11] RUN_START run_id=SCALE_C_PythonNDN_10_093
[2026-08-15T08:54:11] PARAM implementation=PythonNDN
[2026-08-15T08:54:11] METRIC concurrent_clients=10
[2026-08-15T08:54:11] METRIC throughput_pct_of_max=100.0
[2026-08-15T08:54:11] RUN_END status=OK
[2026-08-15T08:54:54] RUN_START run_id=SCALE_C_PythonNDN_10_094
[2026-08-15T08:54:54] PARAM implementation=PythonNDN
[2026-08-15T08:54:54] METRIC concurrent_clients=10
[2026-08-15T08:54:54] METRIC throughput_pct_of_max=100.0
[2026-08-15T08:54:54] RUN_END status=OK
