[2026-08-22T14:59:28] RUN_START run_id=SCALE_C_NFD_500_066
[2026-08-22T14:59:28] PARAM implementation=NFD
[2026-08-22T14:59:28] METRIC concurrent_clients=500
[2026-08-22T14:59:28] METRIC throughput_pct_of_max=64.502
[2026-08-22T14:59:28] RUN_END status=OK
[2026-08-22T15:01:00] RUN_START run_id=SCALE_C_NFD_500_067
[2026-08-22T15:01:00] PARAM implementation=NFD
[2026-08-22T15:01:00] METRIC concurrent_clients=500
[2026-08-22T15:01:00] METRIC throughput_pct_of_max=68.012
[2026-08-22T15:01:00] RUN_END status=OK
[2026-08-22T15:02:07] RUN_START run_id=SCALE_C_NFD_500_068
[2026-08-22T15:02:07] PARAM implementation=NFD
[2026-08-22T15:02:07] METRIC concurrent_clients=500
[2026-08-22T15:02:07] METRIC throughput_pct_of_max=64.285
[2026-08-22T15:02:07] RUN_END status=OK
[2026-08-22T15:04:43] RUN_START run_id=SCALE_C_NFD_500_069
[2026-08-22T15:04:43] PARAM implementation=NFD
[2026-08-22T15:04:43] METRIC concurrent_clients=500
[2026-08-22T15:04:43] METRIC throughput_pct_of_max=67.187
[2026-08-22T15:04:43] RUN_END status=OK
[2026-08-22T15:07:09] RUN_START run_id=SCALE_C_NFD_500_070
[2026-08-22T15:07:09] PARAM implementation=NFD
[2026-08-22T15:07:09] METRIC concurrent_clients=500
[2026-08-22T15:07:09] METRIC throughput_pct_of_max=68.817
[2026-08-22T15:07:09] RUN_END status=OK
[2026-08-22T15:15:02] RUN_START run_id=SCALE_C_NFD_500_071
[2026-08-22T15:15:02] PARAM implementation=NFD
[2026-08-22T15:15:02] METRIC concurrent_clients=500
[2026-08-22T15:15:02] METRIC throughput_pct_of_max=65.264
[2026-08-22T15:15:02] RUN_END status=OK
[2026-08-22T15:19:46] RUN_START run_id=SCALE_C_NFD_500_072
[2026-08-22T15:19:46] PARAM implementation=NFD
[2026-08-22T15:19:46] METRIC concurrent_clients=500
[2026-08-22T15:19:46] METRIC throughput_pct_of_max=68.104
[2026-08-22T15:19:46] RUN_END status=OK
[2026-08-22T15:20:50] RUN_START run_id=SCALE_C_NFD_500_073
[2026-08-22T15:20:50] PARAM implementation=NFD
[2026-08-22T15:20:50] METRIC concurrent_clients=500
[2026-08-22T15:20:50] METRIC throughput_pct_of_max=68.069
[2026-08-22T15:20:50] RUN_END status=OK
[2026-08-22T15:22:37] RUN_START run_id=SCALE_C_NFD_500_074
[2026-08-22T15:22:37] PARAM implementation=NFD
[2026-08-22T15:22:37] METRIC concurrent_clients=500
[2026-08-22T15:22:37] METRIC throughput_pct_of_max=65.163
[2026-08-22T15:22:37] RUN_END status=OK
[2026-08-22T15:24:33] RUN_START run_id=SCALE_C_NFD_500_075
[2026-08-22T15:24:33] PARAM implementation=NFD
[2026-08-22T15:24:33] METRIC concurrent_clients=500
[2026-08-22T15:24:33] METRIC throughput_pct_of_max=67.497
[2026-08-22T15:24:33] RUN_END status=OK
