[2026-08-24T06:00:42] RUN_START run_id=SCALE_C_uDCN_1000_136
[2026-08-24T06:00:42] PARAM implementation=uDCN
[2026-08-24T06:00:42] METRIC concurrent_clients=1000
[2026-08-24T06:00:42] METRIC throughput_pct_of_max=94.817
[2026-08-24T06:00:42] RUN_END status=OK
[2026-08-24T06:01:31] RUN_START run_id=SCALE_C_uDCN_1000_137
[2026-08-24T06:01:31] PARAM implementation=uDCN
[2026-08-24T06:01:31] METRIC concurrent_clients=1000
[2026-08-24T06:01:31] METRIC throughput_pct_of_max=90.097
[2026-08-24T06:01:31] RUN_END status=OK
[2026-08-24T06:02:43] RUN_START run_id=SCALE_C_uDCN_1000_138
[2026-08-24T06:02:43] PARAM implementation=uDCN
[2026-08-24T06:02:43] METRIC concurrent_clients=1000
[2026-08-24T06:02:43] METRIC throughput_pct_of_max=89.794
[2026-08-24T06:02:43] RUN_END status=OK
[2026-08-24T06:05:01] RUN_START run_id=SCALE_C_uDCN_1000_139
[2026-08-24T06:05:01] PARAM implementation=uDCN
[2026-08-24T06:05:01] METRIC concurrent_clients=1000
[2026-08-24T06:05:01] METRIC throughput_pct_of_max=89.194
[2026-08-24T06:05:01] RUN_END status=OK
[2026-08-24T06:06:41] RUN_START run_id=SCALE_C_uDCN_1000_140
[2026-08-24T06:06:41] PARAM implementation=uDCN
[2026-08-24T06:06:41] METRIC concurrent_clients=1000
[2026-08-24T06:06:41] METRIC throughput_pct_of_max=93.491
[2026-08-24T06:06:41] RUN_END status=OK
[2026-08-24T08:34:27] RUN_START run_id=SCALE_C_NFD_100_121
[2026-08-24T08:34:27] PARAM implementation=NFD
[2026-08-24T08:34:27] METRIC concurrent_clients=100
[2026-08-24T08:34:27] METRIC throughput_pct_of_max=78.545
[2026-08-24T08:34:27] RUN_END status=OK
[2026-08-24T08:36:25] RUN_START run_id=SCALE_C_NFD_100_122
[2026-08-24T08:36:25] PARAM implementation=NFD
[2026-08-24T08:36:25] METRIC concurrent_clients=100
[2026-08-24T08:36:25] METRIC throughput_pct_of_max=79.344
[2026-08-24T08:36:25] RUN_END status=OK
[2026-08-24T08:37:50] RUN_START run_id=SCALE_C_NFD_100_123
[2026-08-24T08:37:50] PARAM implementation=NFD
[2026-08-24T08:37:50] METRIC concurrent_clients=100
[2026-08-24T08:37:50] METRIC throughput_pct_of_max=84.604
[2026-08-24T08:37:50] RUN_END status=OK
[2026-08-24T08:38:48] RUN_START run_id=SCALE_C_NFD_100_124
[2026-08-24T08:38:48] PARAM implementation=NFD
[2026-08-24T08:38:48] METRIC concurrent_clients=100
[2026-08-24T08:38:48] METRIC throughput_pct_of_max=76.574
[2026-08-24T08:38:48] RUN_END status=OK
[2026-08-24T08:40:34] RUN_START run_id=SCALE_C_NFD_100_125
[2026-08-24T08:40:34] PARAM implementation=NFD
[2026-08-24T08:40:34] METRIC concurrent_clients=100
[2026-08-24T08:40:34] METRIC throughput_pct_of_max=75.666
[2026-08-24T08:40:34] RUN_END status=OK
[2026-08-24T08:40:54] RUN_START run_id=SCALE_C_NFD_100_126
[2026-08-24T08:40:54] PARAM implementation=NFD
[2026-08-24T08:40:54] METRIC concurrent_clients=100
[2026-08-24T08:40:54] METRIC throughput_pct_of_max=79.064
[2026-08-24T08:40:54] RUN_END status=OK
[2026-08-24T08:43:33] RUN_START run_id=SCALE_C_NFD_100_127
[2026-08-24T08:43:33] PARAM implementation=NFD
[2026-08-24T08:43:33] METRIC concurrent_clients=100
[2026-08-24T08:43:33] METRIC throughput_pct_of_max=78.043
[2026-08-24T08:43:33] RUN_END status=OK
[2026-08-24T08:47:06] RUN_START run_id=SCALE_C_NFD_100_128
[2026-08-24T08:47:06] PARAM implementation=NFD
[2026-08-24T08:47:06] METRIC concurrent_clients=100
[2026-08-24T08:47:06] METRIC throughput_pct_of_max=82.07
[2026-08-24T08:47:06] RUN_END status=OK
[2026-08-24T08:50:41] RUN_START run_id=SCALE_C_NFD_100_129
[2026-08-24T08:50:41] PARAM implementation=NFD
[2026-08-24T08:50:41] METRIC concurrent_clients=100
[2026-08-24T08:50:41] METRIC throughput_pct_of_max=76.153
[2026-08-24T08:50:41] RUN_END status=OK
[2026-08-24T08:51:23] RUN_START run_id=SCALE_C_NFD_100_130
[2026-08-24T08:51:23] PARAM implementation=NFD
[2026-08-24T08:51:23] METRIC concurrent_clients=100
[2026-08-24T08:51:23] METRIC throughput_pct_of_max=76.478
[2026-08-24T08:51:23] RUN_END status=OK
[2026-08-24T08:52:41] RUN_START run_id=SCALE_C_NFD_100_131
[2026-08-24T08:52:41] PARAM implementation=NFD
[2026-08-24T08:52:41] METRIC concurrent_clients=100
[2026-08-24T08:52:41] METRIC throughput_pct_of_max=75.972
[2026-08-24T08:52:41] RUN_END status=OK
[2026-08-24T08:53:36] RUN_START run_id=SCALE_C_NFD_100_132
[2026-08-24T08:53:36] PARAM implementation=NFD
[2026-08-24T08:53:36] METRIC concurrent_clients=100
[2026-08-24T08:53:36] METRIC throughput_pct_of_max=77.608
[2026-08-24T08:53:36] RUN_END status=OK
[2026-08-24T08:56:39] RUN_START run_id=SCALE_C_NFD_100_133
[2026-08-24T08:56:39] PARAM implementation=NFD
[2026-08-24T08:56:39] METRIC concurrent_clients=100
[2026-08-24T08:56:39] METRIC throughput_pct_of_max=79.18
[2026-08-24T08:56:39] RUN_END status=OK
