[2026-08-20T22:39:43] RUN_START run_id=SCALE_C_uDCN_50_072
[2026-08-20T22:39:43] PARAM implementation=uDCN
[2026-08-20T22:39:43] METRIC concurrent_clients=50
[2026-08-20T22:39:43] METRIC throughput_pct_of_max=97.147
[2026-08-20T22:39:43] RUN_END status=OK
[2026-08-20T22:41:06] RUN_START run_id=SCALE_C_uDCN_50_073
[2026-08-20T22:41:06] PARAM implementation=uDCN
[2026-08-20T22:41:06] METRIC concurrent_clients=50
[2026-08-20T22:41:06] METRIC throughput_pct_of_max=99.539
[2026-08-20T22:41:06] RUN_END status=OK
[2026-08-20T22:42:54] RUN_START run_id=SCALE_C_uDCN_50_074
[2026-08-20T22:42:54] PARAM implementation=uDCN
[2026-08-20T22:42:54] METRIC concurrent_clients=50
[2026-08-20T22:42:54] METRIC throughput_pct_of_max=95.561
[2026-08-20T22:42:54] RUN_END status=OK
[2026-08-20T22:44:34] RUN_START run_id=SCALE_C_uDCN_50_075
[2026-08-20T22:44:34] PARAM implementation=uDCN
[2026-08-20T22:44:34] METRIC concurrent_clients=50
[2026-08-20T22:44:34] METRIC throughput_pct_of_max=95.267
[2026-08-20T22:44:34] RUN_END status=OK
[2026-08-20T22:46:08] RUN_START run_id=SCALE_C_uDCN_50_076
[2026-08-20T22:46:08] PARAM implementation=uDCN
[2026-08-20T22:46:08] METRIC concurrent_clients=50
[2026-08-20T22:46:08] METRIC throughput_pct_of_max=99.18
[2026-08-20T22:46:08] RUN_END status=OK
[2026-08-20T22:47:28] RUN_START run_id=SCALE_C_uDCN_50_077
[2026-08-20T22:47:28] PARAM implementation=uDCN
[2026-08-20T22:47:28] METRIC concurrent_clients=50
[2026-08-20T22:47:28] METRIC throughput_pct_of_max=96.428
[2026-08-20T22:47:28] RUN_END status=OK
[2026-08-20T22:48:28] RUN_START run_id=SCALE_C_uDCN_50_078
[2026-08-20T22:48:28] PARAM implementation=uDCN
[2026-08-20T22:48:28] METRIC concurrent_clients=50
[2026-08-20T22:48:28] METRIC throughput_pct_of_max=99.681
[2026-08-20T22:48:28] RUN_END status=OK
[2026-08-20T22:52:22] RUN_START run_id=SCALE_C_uDCN_50_079
[2026-08-20T22:52:22] PARAM implementation=uDCN
[2026-08-20T22:52:22] METRIC concurrent_clients=50
[2026-08-20T22:52:22] METRIC throughput_pct_of_max=95.403
[2026-08-20T22:52:22] RUN_END status=OK
[2026-08-20T22:57:22] RUN_START run_id=SCALE_C_uDCN_50_080
[2026-08-20T22:57:22] PARAM implementation=uDCN
[2026-08-20T22:57:22] METRIC concurrent_clients=50
[2026-08-20T22:57:22] METRIC throughput_pct_of_max=98.391
[2026-08-20T22:57:22] RUN_END status=OK
[2026-08-20T23:00:32] RUN_START run_id=SCALE_C_uDCN_50_081
[2026-08-20T23:00:32] PARAM implementation=uDCN
[2026-08-20T23:00:32] METRIC concurrent_clients=50
[2026-08-20T23:00:32] METRIC throughput_pct_of_max=95.339
[2026-08-20T23:00:32] RUN_END status=OK
[2026-08-20T23:04:10] RUN_START run_id=SCALE_C_uDCN_50_082
[2026-08-20T23:04:10] PARAM implementation=uDCN
[2026-08-20T23:04:10] METRIC concurrent_clients=50
[2026-08-20T23:04:10] METRIC throughput_pct_of_max=95.512
[2026-08-20T23:04:10] RUN_END status=OK
[2026-08-20T23:05:57] RUN_START run_id=SCALE_C_uDCN_50_083
[2026-08-20T23:05:57] PARAM implementation=uDCN
[2026-08-20T23:05:57] METRIC concurrent_clients=50
[2026-08-20T23:05:57] METRIC throughput_pct_of_max=100.0
[2026-08-20T23:05:57] RUN_END status=OK
[2026-08-20T23:07:32] RUN_START run_id=SCALE_C_uDCN_50_084
[2026-08-20T23:07:32] PARAM implementation=uDCN
[2026-08-20T23:07:32] METRIC concurrent_clients=50
[2026-08-20T23:07:32] METRIC throughput_pct_of_max=99.355
[2026-08-20T23:07:32] RUN_END status=OK
[2026-08-21T02:06:30] RUN_START run_id=07_scalability_clients_DISCARDED_0107
[2026-08-21T02:06:30] RUN_ABORTED reason=trex_controller_reset: TRex stateful-engine control connection dropped mid-run before steady-state throughput reached
[2026-08-21T07:29:48] RUN_START run_id=SCALE_C_PythonNDN_100_146
[2026-08-21T07:29:48] PARAM implementation=PythonNDN
[2026-08-21T07:29:48] METRIC concurrent_clients=100
[2026-08-21T07:29:48] METRIC throughput_pct_of_max=63.842
[2026-08-21T07:29:48] RUN_END status=OK
[2026-08-21T07:31:57] RUN_START run_id=SCALE_C_PythonNDN_100_147
[2026-08-21T07:31:57] PARAM implementation=PythonNDN
[2026-08-21T07:31:57] METRIC concurrent_clients=100
[2026-08-21T07:31:57] METRIC throughput_pct_of_max=63.438
[2026-08-21T07:31:57] RUN_END status=OK
[2026-08-21T07:33:05] RUN_START run_id=SCALE_C_PythonNDN_100_148
[2026-08-21T07:33:05] PARAM implementation=PythonNDN
[2026-08-21T07:33:05] METRIC concurrent_clients=100
[2026-08-21T07:33:05] METRIC throughput_pct_of_max=66.284
[2026-08-21T07:33:05] RUN_END status=OK
[2026-08-21T07:35:29] RUN_START run_id=SCALE_C_PythonNDN_100_149
[2026-08-21T07:35:29] PARAM implementation=PythonNDN
[2026-08-21T07:35:29] METRIC concurrent_clients=100
[2026-08-21T07:35:29] METRIC throughput_pct_of_max=65.783
[2026-08-21T07:35:29] RUN_END status=OK
[2026-08-21T07:37:48] RUN_START run_id=SCALE_C_PythonNDN_100_150
[2026-08-21T07:37:48] PARAM implementation=PythonNDN
[2026-08-21T07:37:48] METRIC concurrent_clients=100
[2026-08-21T07:37:48] METRIC throughput_pct_of_max=61.852
[2026-08-21T07:37:48] RUN_END status=OK
[2026-08-21T11:21:56] RUN_START run_id=SCALE_C_NFD_500_024
[2026-08-21T11:21:56] PARAM implementation=NFD
[2026-08-21T11:21:56] METRIC concurrent_clients=500
[2026-08-21T11:21:56] METRIC throughput_pct_of_max=64.091
[2026-08-21T11:21:56] RUN_END status=OK
