[2026-08-20T03:50:43] RUN_START run_id=SCALE_C_NFD_50_134
[2026-08-20T03:50:43] PARAM implementation=NFD
[2026-08-20T03:50:43] METRIC concurrent_clients=50
[2026-08-20T03:50:43] METRIC throughput_pct_of_max=93.657
[2026-08-20T03:50:43] RUN_END status=OK
[2026-08-20T03:53:18] RUN_START run_id=SCALE_C_NFD_50_135
[2026-08-20T03:53:18] PARAM implementation=NFD
[2026-08-20T03:53:18] METRIC concurrent_clients=50
[2026-08-20T03:53:18] METRIC throughput_pct_of_max=94.742
[2026-08-20T03:53:18] RUN_END status=OK
[2026-08-20T03:53:32] RUN_START run_id=SCALE_C_NFD_50_136
[2026-08-20T03:53:32] PARAM implementation=NFD
[2026-08-20T03:53:32] METRIC concurrent_clients=50
[2026-08-20T03:53:32] METRIC throughput_pct_of_max=93.96
[2026-08-20T03:53:32] RUN_END status=OK
[2026-08-20T03:54:25] RUN_START run_id=SCALE_C_uDCN_500_087
[2026-08-20T03:54:25] PARAM implementation=uDCN
[2026-08-20T03:54:25] METRIC concurrent_clients=500
[2026-08-20T03:54:25] METRIC throughput_pct_of_max=87.842
[2026-08-20T03:54:25] RUN_END status=OK
[2026-08-20T03:55:08] RUN_START run_id=SCALE_C_NFD_50_137
[2026-08-20T03:55:08] PARAM implementation=NFD
[2026-08-20T03:55:08] METRIC concurrent_clients=50
[2026-08-20T03:55:08] METRIC throughput_pct_of_max=86.6
[2026-08-20T03:55:08] RUN_END status=OK
[2026-08-20T03:55:57] RUN_START run_id=SCALE_C_uDCN_500_088
[2026-08-20T03:55:57] PARAM implementation=uDCN
[2026-08-20T03:55:57] METRIC concurrent_clients=500
[2026-08-20T03:55:57] METRIC throughput_pct_of_max=92.08
[2026-08-20T03:55:57] RUN_END status=OK
[2026-08-20T03:57:50] RUN_START run_id=SCALE_C_NFD_50_138
[2026-08-20T03:57:50] PARAM implementation=NFD
[2026-08-20T03:57:50] METRIC concurrent_clients=50
[2026-08-20T03:57:50] METRIC throughput_pct_of_max=97.53
[2026-08-20T03:57:50] RUN_END status=OK
[2026-08-20T03:58:43] RUN_START run_id=SCALE_C_NFD_50_139
[2026-08-20T03:58:43] PARAM implementation=NFD
[2026-08-20T03:58:43] METRIC concurrent_clients=50
[2026-08-20T03:58:43] METRIC throughput_pct_of_max=96.393
[2026-08-20T03:58:43] RUN_END status=OK
[2026-08-20T03:59:56] RUN_START run_id=SCALE_C_uDCN_500_089
[2026-08-20T03:59:56] PARAM implementation=uDCN
[2026-08-20T03:59:56] METRIC concurrent_clients=500
[2026-08-20T03:59:56] METRIC throughput_pct_of_max=96.704
[2026-08-20T03:59:56] RUN_END status=OK
[2026-08-20T04:00:30] RUN_START run_id=SCALE_C_NFD_50_140
[2026-08-20T04:00:30] PARAM implementation=NFD
[2026-08-20T04:00:30] METRIC concurrent_clients=50
[2026-08-20T04:00:30] METRIC throughput_pct_of_max=93.601
[2026-08-20T04:00:30] RUN_END status=OK
[2026-08-20T04:01:03] RUN_START run_id=SCALE_C_uDCN_500_090
[2026-08-20T04:01:03] PARAM implementation=uDCN
[2026-08-20T04:01:03] METRIC concurrent_clients=500
[2026-08-20T04:01:03] METRIC throughput_pct_of_max=92.626
[2026-08-20T04:01:03] RUN_END status=OK
[2026-08-20T04:01:28] RUN_START run_id=SCALE_C_NFD_50_141
[2026-08-20T04:01:28] PARAM implementation=NFD
[2026-08-20T04:01:28] METRIC concurrent_clients=50
[2026-08-20T04:01:28] METRIC throughput_pct_of_max=89.777
[2026-08-20T04:01:28] RUN_END status=OK
