[2026-08-15T08:57:38] RUN_START run_id=SCALE_C_PythonNDN_10_095
[2026-08-15T08:57:38] PARAM implementation=PythonNDN
[2026-08-15T08:57:38] METRIC concurrent_clients=10
[2026-08-15T08:57:38] METRIC throughput_pct_of_max=95.946
[2026-08-15T08:57:38] RUN_END status=OK
[2026-08-15T08:59:03] RUN_START run_id=SCALE_C_PythonNDN_10_096
[2026-08-15T08:59:03] PARAM implementation=PythonNDN
[2026-08-15T08:59:03] METRIC concurrent_clients=10
[2026-08-15T08:59:03] METRIC throughput_pct_of_max=99.92
[2026-08-15T08:59:03] RUN_END status=OK
[2026-08-15T09:00:19] RUN_START run_id=SCALE_C_PythonNDN_10_097
[2026-08-15T09:00:19] PARAM implementation=PythonNDN
[2026-08-15T09:00:19] METRIC concurrent_clients=10
[2026-08-15T09:00:19] METRIC throughput_pct_of_max=100.0
[2026-08-15T09:00:19] RUN_END status=OK
[2026-08-15T09:02:56] RUN_START run_id=SCALE_C_PythonNDN_10_098
[2026-08-15T09:02:56] PARAM implementation=PythonNDN
[2026-08-15T09:02:56] METRIC concurrent_clients=10
[2026-08-15T09:02:56] METRIC throughput_pct_of_max=100.0
[2026-08-15T09:02:56] RUN_END status=OK
[2026-08-15T09:03:42] RUN_START run_id=SCALE_C_PythonNDN_10_099
[2026-08-15T09:03:42] PARAM implementation=PythonNDN
[2026-08-15T09:03:42] METRIC concurrent_clients=10
[2026-08-15T09:03:42] METRIC throughput_pct_of_max=100.0
[2026-08-15T09:03:42] RUN_END status=OK
[2026-08-15T09:04:31] RUN_START run_id=SCALE_C_PythonNDN_10_100
[2026-08-15T09:04:31] PARAM implementation=PythonNDN
[2026-08-15T09:04:31] METRIC concurrent_clients=10
[2026-08-15T09:04:31] METRIC throughput_pct_of_max=100.0
[2026-08-15T09:04:31] RUN_END status=OK
[2026-08-15T09:08:02] RUN_START run_id=SCALE_C_PythonNDN_10_101
[2026-08-15T09:08:02] PARAM implementation=PythonNDN
[2026-08-15T09:08:02] METRIC concurrent_clients=10
[2026-08-15T09:08:02] METRIC throughput_pct_of_max=100.0
[2026-08-15T09:08:02] RUN_END status=OK
[2026-08-15T12:14:01] RUN_START run_id=SCALE_C_NFD_5000_087
[2026-08-15T12:14:01] PARAM implementation=NFD
[2026-08-15T12:14:01] METRIC concurrent_clients=5000
[2026-08-15T12:14:01] METRIC throughput_pct_of_max=37.398
[2026-08-15T12:14:01] RUN_END status=OK
[2026-08-15T12:16:47] RUN_START run_id=SCALE_C_NFD_5000_088
[2026-08-15T12:16:47] PARAM implementation=NFD
[2026-08-15T12:16:47] METRIC concurrent_clients=5000
[2026-08-15T12:16:47] METRIC throughput_pct_of_max=39.129
[2026-08-15T12:16:47] RUN_END status=OK
[2026-08-15T12:18:40] RUN_START run_id=SCALE_C_NFD_5000_089
[2026-08-15T12:18:40] PARAM implementation=NFD
[2026-08-15T12:18:40] METRIC concurrent_clients=5000
[2026-08-15T12:18:40] METRIC throughput_pct_of_max=40.647
[2026-08-15T12:18:40] RUN_END status=OK
[2026-08-15T12:20:49] RUN_START run_id=SCALE_C_NFD_5000_090
[2026-08-15T12:20:49] PARAM implementation=NFD
[2026-08-15T12:20:49] METRIC concurrent_clients=5000
[2026-08-15T12:20:49] METRIC throughput_pct_of_max=39.536
[2026-08-15T12:20:49] RUN_END status=OK
[2026-08-15T12:21:16] RUN_START run_id=SCALE_C_NFD_5000_091
[2026-08-15T12:21:16] PARAM implementation=NFD
[2026-08-15T12:21:16] METRIC concurrent_clients=5000
[2026-08-15T12:21:16] METRIC throughput_pct_of_max=36.61
[2026-08-15T12:21:16] RUN_END status=OK
[2026-08-15T12:22:42] RUN_START run_id=SCALE_C_NFD_5000_092
[2026-08-15T12:22:42] PARAM implementation=NFD
[2026-08-15T12:22:42] METRIC concurrent_clients=5000
[2026-08-15T12:22:42] METRIC throughput_pct_of_max=39.563
[2026-08-15T12:22:42] RUN_END status=OK
[2026-08-15T12:25:51] RUN_START run_id=SCALE_C_NFD_5000_093
[2026-08-15T12:25:51] PARAM implementation=NFD
[2026-08-15T12:25:51] METRIC concurrent_clients=5000
[2026-08-15T12:25:51] METRIC throughput_pct_of_max=40.719
[2026-08-15T12:25:51] RUN_END status=OK
[2026-08-15T12:29:02] RUN_START run_id=SCALE_C_NFD_5000_094
[2026-08-15T12:29:02] PARAM implementation=NFD
[2026-08-15T12:29:02] METRIC concurrent_clients=5000
[2026-08-15T12:29:02] METRIC throughput_pct_of_max=40.173
[2026-08-15T12:29:02] RUN_END status=OK
[2026-08-15T12:32:04] RUN_START run_id=SCALE_C_NFD_5000_095
[2026-08-15T12:32:04] PARAM implementation=NFD
[2026-08-15T12:32:04] METRIC concurrent_clients=5000
[2026-08-15T12:32:04] METRIC throughput_pct_of_max=37.149
[2026-08-15T12:32:04] RUN_END status=OK
[2026-08-15T12:33:53] RUN_START run_id=SCALE_C_NFD_5000_096
[2026-08-15T12:33:53] PARAM implementation=NFD
[2026-08-15T12:33:53] METRIC concurrent_clients=5000
[2026-08-15T12:33:53] METRIC throughput_pct_of_max=38.112
[2026-08-15T12:33:53] RUN_END status=OK
[2026-08-15T12:36:10] RUN_START run_id=SCALE_C_NFD_5000_097
[2026-08-15T12:36:10] PARAM implementation=NFD
[2026-08-15T12:36:10] METRIC concurrent_clients=5000
[2026-08-15T12:36:10] METRIC throughput_pct_of_max=37.316
[2026-08-15T12:36:10] RUN_END status=OK
[2026-08-15T12:37:22] RUN_START run_id=SCALE_C_NFD_5000_098
[2026-08-15T12:37:22] PARAM implementation=NFD
[2026-08-15T12:37:22] METRIC concurrent_clients=5000
[2026-08-15T12:37:22] METRIC throughput_pct_of_max=37.226
[2026-08-15T12:37:22] RUN_END status=OK
