[2026-08-20T17:14:11] RUN_START run_id=SCALE_C_CCNlite_100_008
[2026-08-20T17:14:11] PARAM implementation=CCNlite
[2026-08-20T17:14:11] METRIC concurrent_clients=100
[2026-08-20T17:14:11] METRIC throughput_pct_of_max=81.981
[2026-08-20T17:14:11] RUN_END status=OK
[2026-08-20T17:15:01] RUN_START run_id=SCALE_C_CCNlite_100_009
[2026-08-20T17:15:01] PARAM implementation=CCNlite
[2026-08-20T17:15:01] METRIC concurrent_clients=100
[2026-08-20T17:15:01] METRIC throughput_pct_of_max=79.334
[2026-08-20T17:15:01] RUN_END status=OK
[2026-08-20T17:16:09] RUN_START run_id=SCALE_C_CCNlite_100_010
[2026-08-20T17:16:09] PARAM implementation=CCNlite
[2026-08-20T17:16:09] METRIC concurrent_clients=100
[2026-08-20T17:16:09] METRIC throughput_pct_of_max=76.072
[2026-08-20T17:16:09] RUN_END status=OK
[2026-08-20T17:17:21] RUN_START run_id=SCALE_C_CCNlite_100_011
[2026-08-20T17:17:21] PARAM implementation=CCNlite
[2026-08-20T17:17:21] METRIC concurrent_clients=100
[2026-08-20T17:17:21] METRIC throughput_pct_of_max=81.569
[2026-08-20T17:17:21] RUN_END status=OK
[2026-08-20T17:19:39] RUN_START run_id=SCALE_C_CCNlite_100_012
[2026-08-20T17:19:39] PARAM implementation=CCNlite
[2026-08-20T17:19:39] METRIC concurrent_clients=100
[2026-08-20T17:19:39] METRIC throughput_pct_of_max=79.486
[2026-08-20T17:19:39] RUN_END status=OK
[2026-08-20T17:22:28] RUN_START run_id=SCALE_C_CCNlite_100_013
[2026-08-20T17:22:28] PARAM implementation=CCNlite
[2026-08-20T17:22:28] METRIC concurrent_clients=100
[2026-08-20T17:22:28] METRIC throughput_pct_of_max=76.07
[2026-08-20T17:22:28] RUN_END status=OK
[2026-08-20T17:23:58] RUN_START run_id=SCALE_C_CCNlite_100_014
[2026-08-20T17:23:58] PARAM implementation=CCNlite
[2026-08-20T17:23:58] METRIC concurrent_clients=100
[2026-08-20T17:23:58] METRIC throughput_pct_of_max=79.362
[2026-08-20T17:23:58] RUN_END status=OK
[2026-08-20T21:13:34] RUN_START run_id=SCALE_C_uDCN_500_127
[2026-08-20T21:13:34] PARAM implementation=uDCN
[2026-08-20T21:13:34] METRIC concurrent_clients=500
[2026-08-20T21:13:34] METRIC throughput_pct_of_max=93.476
[2026-08-20T21:13:34] RUN_END status=OK
[2026-08-20T21:16:19] RUN_START run_id=SCALE_C_uDCN_500_128
[2026-08-20T21:16:19] PARAM implementation=uDCN
[2026-08-20T21:16:19] METRIC concurrent_clients=500
[2026-08-20T21:16:19] METRIC throughput_pct_of_max=95.02
[2026-08-20T21:16:19] RUN_END status=OK
[2026-08-20T21:18:19] RUN_START run_id=SCALE_C_uDCN_500_129
[2026-08-20T21:18:19] PARAM implementation=uDCN
[2026-08-20T21:18:19] METRIC concurrent_clients=500
[2026-08-20T21:18:19] METRIC throughput_pct_of_max=91.952
[2026-08-20T21:18:19] RUN_END status=OK
[2026-08-20T21:20:01] RUN_START run_id=SCALE_C_uDCN_500_130
[2026-08-20T21:20:01] PARAM implementation=uDCN
[2026-08-20T21:20:01] METRIC concurrent_clients=500
[2026-08-20T21:20:01] METRIC throughput_pct_of_max=88.656
[2026-08-20T21:20:01] RUN_END status=OK
[2026-08-20T21:23:20] RUN_START run_id=SCALE_C_uDCN_500_131
[2026-08-20T21:23:20] PARAM implementation=uDCN
[2026-08-20T21:23:20] METRIC concurrent_clients=500
[2026-08-20T21:23:20] METRIC throughput_pct_of_max=92.817
[2026-08-20T21:23:20] RUN_END status=OK
[2026-08-20T21:25:40] RUN_START run_id=SCALE_C_uDCN_500_132
[2026-08-20T21:25:40] PARAM implementation=uDCN
[2026-08-20T21:25:40] METRIC concurrent_clients=500
[2026-08-20T21:25:40] METRIC throughput_pct_of_max=93.876
[2026-08-20T21:25:40] RUN_END status=OK
[2026-08-20T21:27:00] RUN_START run_id=SCALE_C_uDCN_500_133
[2026-08-20T21:27:00] PARAM implementation=uDCN
[2026-08-20T21:27:00] METRIC concurrent_clients=500
[2026-08-20T21:27:00] METRIC throughput_pct_of_max=94.415
[2026-08-20T21:27:00] RUN_END status=OK
[2026-08-20T21:29:35] RUN_START run_id=SCALE_C_uDCN_500_134
[2026-08-20T21:29:35] PARAM implementation=uDCN
[2026-08-20T21:29:35] METRIC concurrent_clients=500
[2026-08-20T21:29:35] METRIC throughput_pct_of_max=94.23
[2026-08-20T21:29:35] RUN_END status=OK
[2026-08-20T21:31:33] RUN_START run_id=SCALE_C_uDCN_500_135
[2026-08-20T21:31:33] PARAM implementation=uDCN
[2026-08-20T21:31:33] METRIC concurrent_clients=500
[2026-08-20T21:31:33] METRIC throughput_pct_of_max=93.18
[2026-08-20T21:31:33] RUN_END status=OK
