[2026-08-23T00:30:21] RUN_START run_id=SCALE_C_CCNlite_500_033
[2026-08-23T00:30:21] PARAM implementation=CCNlite
[2026-08-23T00:30:21] METRIC concurrent_clients=500
[2026-08-23T00:30:21] METRIC throughput_pct_of_max=65.572
[2026-08-23T00:30:21] RUN_END status=OK
[2026-08-23T00:30:35] RUN_START run_id=SCALE_C_CCNlite_10_118
[2026-08-23T00:30:35] PARAM implementation=CCNlite
[2026-08-23T00:30:35] METRIC concurrent_clients=10
[2026-08-23T00:30:35] METRIC throughput_pct_of_max=99.387
[2026-08-23T00:30:35] RUN_END status=OK
[2026-08-23T00:31:36] RUN_START run_id=SCALE_C_CCNlite_10_119
[2026-08-23T00:31:36] PARAM implementation=CCNlite
[2026-08-23T00:31:36] METRIC concurrent_clients=10
[2026-08-23T00:31:36] METRIC throughput_pct_of_max=95.79
[2026-08-23T00:31:36] RUN_END status=OK
[2026-08-23T00:32:04] RUN_START run_id=SCALE_C_CCNlite_100_023
[2026-08-23T00:32:04] PARAM implementation=CCNlite
[2026-08-23T00:32:04] METRIC concurrent_clients=100
[2026-08-23T00:32:04] METRIC throughput_pct_of_max=77.567
[2026-08-23T00:32:04] RUN_END status=OK
[2026-08-23T00:34:04] RUN_START run_id=SCALE_C_CCNlite_10_120
[2026-08-23T00:34:04] PARAM implementation=CCNlite
[2026-08-23T00:34:04] METRIC concurrent_clients=10
[2026-08-23T00:34:04] METRIC throughput_pct_of_max=100.0
[2026-08-23T00:34:04] RUN_END status=OK
[2026-08-23T00:34:32] RUN_START run_id=SCALE_C_CCNlite_100_024
[2026-08-23T00:34:32] PARAM implementation=CCNlite
[2026-08-23T00:34:32] METRIC concurrent_clients=100
[2026-08-23T00:34:32] METRIC throughput_pct_of_max=78.733
[2026-08-23T00:34:32] RUN_END status=OK
[2026-08-23T00:34:41] RUN_START run_id=SCALE_C_CCNlite_10_121
[2026-08-23T00:34:41] PARAM implementation=CCNlite
[2026-08-23T00:34:41] METRIC concurrent_clients=10
[2026-08-23T00:34:41] METRIC throughput_pct_of_max=99.07
[2026-08-23T00:34:41] RUN_END status=OK
[2026-08-23T00:34:59] RUN_START run_id=SCALE_C_CCNlite_500_034
[2026-08-23T00:34:59] PARAM implementation=CCNlite
[2026-08-23T00:34:59] METRIC concurrent_clients=500
[2026-08-23T00:34:59] METRIC throughput_pct_of_max=64.819
[2026-08-23T00:34:59] RUN_END status=OK
[2026-08-23T00:35:33] RUN_START run_id=SCALE_C_CCNlite_10_122
[2026-08-23T00:35:33] PARAM implementation=CCNlite
[2026-08-23T00:35:33] METRIC concurrent_clients=10
[2026-08-23T00:35:33] METRIC throughput_pct_of_max=100.0
[2026-08-23T00:35:33] RUN_END status=OK
[2026-08-23T00:35:37] RUN_START run_id=SCALE_C_CCNlite_100_025
[2026-08-23T00:35:37] PARAM implementation=CCNlite
[2026-08-23T00:35:37] METRIC concurrent_clients=100
[2026-08-23T00:35:37] METRIC throughput_pct_of_max=87.423
[2026-08-23T00:35:37] RUN_END status=OK
[2026-08-23T00:37:45] RUN_START run_id=SCALE_C_CCNlite_100_026
[2026-08-23T00:37:45] PARAM implementation=CCNlite
[2026-08-23T00:37:45] METRIC concurrent_clients=100
[2026-08-23T00:37:45] METRIC throughput_pct_of_max=78.939
[2026-08-23T00:37:45] RUN_END status=OK
[2026-08-23T00:39:09] RUN_START run_id=SCALE_C_CCNlite_10_123
[2026-08-23T00:39:09] PARAM implementation=CCNlite
[2026-08-23T00:39:09] METRIC concurrent_clients=10
[2026-08-23T00:39:09] METRIC throughput_pct_of_max=100.0
[2026-08-23T00:39:09] RUN_END status=OK
[2026-08-23T00:40:30] RUN_START run_id=SCALE_C_CCNlite_500_035
[2026-08-23T00:40:30] PARAM implementation=CCNlite
[2026-08-23T00:40:30] METRIC concurrent_clients=500
[2026-08-23T00:40:30] METRIC throughput_pct_of_max=70.567
[2026-08-23T00:40:30] RUN_END status=OK
[2026-08-23T00:43:31] RUN_START run_id=SCALE_C_CCNlite_10_124
[2026-08-23T00:43:31] PARAM implementation=CCNlite
[2026-08-23T00:43:31] METRIC concurrent_clients=10
[2026-08-23T00:43:31] METRIC throughput_pct_of_max=100.0
[2026-08-23T00:43:31] RUN_END status=OK
[2026-08-23T00:44:08] RUN_START run_id=SCALE_C_CCNlite_10_125
[2026-08-23T00:44:08] PARAM implementation=CCNlite
[2026-08-23T00:44:08] METRIC concurrent_clients=10
[2026-08-23T00:44:08] METRIC throughput_pct_of_max=100.0
[2026-08-23T00:44:08] RUN_END status=OK
[2026-08-23T00:45:30] RUN_START run_id=SCALE_C_CCNlite_500_036
[2026-08-23T00:45:30] PARAM implementation=CCNlite
[2026-08-23T00:45:30] METRIC concurrent_clients=500
[2026-08-23T00:45:30] METRIC throughput_pct_of_max=64.693
[2026-08-23T00:45:30] RUN_END status=OK
[2026-08-23T00:46:30] RUN_START run_id=SCALE_C_CCNlite_10_126
[2026-08-23T00:46:30] PARAM implementation=CCNlite
[2026-08-23T00:46:30] METRIC concurrent_clients=10
[2026-08-23T00:46:30] METRIC throughput_pct_of_max=100.0
[2026-08-23T00:46:30] RUN_END status=OK
[2026-08-23T00:46:36] RUN_START run_id=SCALE_C_CCNlite_500_037
[2026-08-23T00:46:36] PARAM implementation=CCNlite
[2026-08-23T00:46:36] METRIC concurrent_clients=500
[2026-08-23T00:46:36] METRIC throughput_pct_of_max=68.417
[2026-08-23T00:46:36] RUN_END status=OK
