[2026-08-18T18:40:34] RUN_START run_id=SCALE_C_CCNlite_1000_048
[2026-08-18T18:40:34] PARAM implementation=CCNlite
[2026-08-18T18:40:34] METRIC concurrent_clients=1000
[2026-08-18T18:40:34] METRIC throughput_pct_of_max=61.626
[2026-08-18T18:40:34] RUN_END status=OK
[2026-08-18T18:41:37] RUN_START run_id=SCALE_C_NFD_1000_018
[2026-08-18T18:41:37] PARAM implementation=NFD
[2026-08-18T18:41:37] METRIC concurrent_clients=1000
[2026-08-18T18:41:37] METRIC throughput_pct_of_max=58.873
[2026-08-18T18:41:37] RUN_END status=OK
[2026-08-18T18:41:39] RUN_START run_id=SCALE_C_CCNlite_1000_049
[2026-08-18T18:41:39] PARAM implementation=CCNlite
[2026-08-18T18:41:39] METRIC concurrent_clients=1000
[2026-08-18T18:41:39] METRIC throughput_pct_of_max=64.78
[2026-08-18T18:41:39] RUN_END status=OK
[2026-08-18T18:42:54] RUN_START run_id=SCALE_C_NFD_1000_019
[2026-08-18T18:42:54] PARAM implementation=NFD
[2026-08-18T18:42:54] METRIC concurrent_clients=1000
[2026-08-18T18:42:54] METRIC throughput_pct_of_max=60.283
[2026-08-18T18:42:54] RUN_END status=OK
[2026-08-18T18:43:23] RUN_START run_id=SCALE_C_NFD_1000_020
[2026-08-18T18:43:23] PARAM implementation=NFD
[2026-08-18T18:43:23] METRIC concurrent_clients=1000
[2026-08-18T18:43:23] METRIC throughput_pct_of_max=60.454
[2026-08-18T18:43:23] RUN_END status=OK
[2026-08-18T18:43:54] RUN_START run_id=SCALE_C_CCNlite_1000_050
[2026-08-18T18:43:54] PARAM implementation=CCNlite
[2026-08-18T18:43:54] METRIC concurrent_clients=1000
[2026-08-18T18:43:54] METRIC throughput_pct_of_max=60.352
[2026-08-18T18:43:54] RUN_END status=OK
[2026-08-18T18:46:41] RUN_START run_id=SCALE_C_CCNlite_1000_051
[2026-08-18T18:46:41] PARAM implementation=CCNlite
[2026-08-18T18:46:41] METRIC concurrent_clients=1000
[2026-08-18T18:46:41] METRIC throughput_pct_of_max=59.022
[2026-08-18T18:46:41] RUN_END status=OK
[2026-08-18T18:46:41] RUN_START run_id=SCALE_C_NFD_1000_021
[2026-08-18T18:46:41] PARAM implementation=NFD
[2026-08-18T18:46:41] METRIC concurrent_clients=1000
[2026-08-18T18:46:41] METRIC throughput_pct_of_max=53.159
[2026-08-18T18:46:41] RUN_END status=OK
[2026-08-18T18:48:06] RUN_START run_id=SCALE_C_CCNlite_1000_052
[2026-08-18T18:48:06] PARAM implementation=CCNlite
[2026-08-18T18:48:06] METRIC concurrent_clients=1000
[2026-08-18T18:48:06] METRIC throughput_pct_of_max=59.62
[2026-08-18T18:48:06] RUN_END status=OK
[2026-08-18T18:48:07] RUN_START run_id=SCALE_C_NFD_1000_022
[2026-08-18T18:48:07] PARAM implementation=NFD
[2026-08-18T18:48:07] METRIC concurrent_clients=1000
[2026-08-18T18:48:07] METRIC throughput_pct_of_max=56.804
[2026-08-18T18:48:07] RUN_END status=OK
[2026-08-18T18:48:58] RUN_START run_id=SCALE_C_NFD_1000_023
[2026-08-18T18:48:58] PARAM implementation=NFD
[2026-08-18T18:48:58] METRIC concurrent_clients=1000
[2026-08-18T18:48:58] METRIC throughput_pct_of_max=57.437
[2026-08-18T18:48:58] RUN_END status=OK
[2026-08-18T18:49:14] RUN_START run_id=SCALE_C_CCNlite_1000_053
[2026-08-18T18:49:14] PARAM implementation=CCNlite
[2026-08-18T18:49:14] METRIC concurrent_clients=1000
[2026-08-18T18:49:14] METRIC throughput_pct_of_max=58.525
[2026-08-18T18:49:14] RUN_END status=OK
[2026-08-18T18:50:39] RUN_START run_id=SCALE_C_CCNlite_1000_054
[2026-08-18T18:50:39] PARAM implementation=CCNlite
[2026-08-18T18:50:39] METRIC concurrent_clients=1000
[2026-08-18T18:50:39] METRIC throughput_pct_of_max=59.27
[2026-08-18T18:50:39] RUN_END status=OK
