[2026-08-23T03:13:00] RUN_START run_id=SCALE_C_NFD_500_091
[2026-08-23T03:13:00] PARAM implementation=NFD
[2026-08-23T03:13:00] METRIC concurrent_clients=500
[2026-08-23T03:13:00] METRIC throughput_pct_of_max=65.066
[2026-08-23T03:13:00] RUN_END status=OK
[2026-08-23T03:15:27] RUN_START run_id=SCALE_C_NFD_500_092
[2026-08-23T03:15:27] PARAM implementation=NFD
[2026-08-23T03:15:27] METRIC concurrent_clients=500
[2026-08-23T03:15:27] METRIC throughput_pct_of_max=67.424
[2026-08-23T03:15:27] RUN_END status=OK
[2026-08-23T03:17:01] RUN_START run_id=SCALE_C_NFD_500_093
[2026-08-23T03:17:01] PARAM implementation=NFD
[2026-08-23T03:17:01] METRIC concurrent_clients=500
[2026-08-23T03:17:01] METRIC throughput_pct_of_max=67.031
[2026-08-23T03:17:01] RUN_END status=OK
[2026-08-23T03:18:13] RUN_START run_id=SCALE_C_NFD_500_094
[2026-08-23T03:18:13] PARAM implementation=NFD
[2026-08-23T03:18:13] METRIC concurrent_clients=500
[2026-08-23T03:18:13] METRIC throughput_pct_of_max=64.758
[2026-08-23T03:18:13] RUN_END status=OK
[2026-08-23T03:22:16] RUN_START run_id=SCALE_C_NFD_500_095
[2026-08-23T03:22:16] PARAM implementation=NFD
[2026-08-23T03:22:16] METRIC concurrent_clients=500
[2026-08-23T03:22:16] METRIC throughput_pct_of_max=66.466
[2026-08-23T03:22:16] RUN_END status=OK
[2026-08-23T03:24:45] RUN_START run_id=SCALE_C_NFD_500_096
[2026-08-23T03:24:45] PARAM implementation=NFD
[2026-08-23T03:24:45] METRIC concurrent_clients=500
[2026-08-23T03:24:45] METRIC throughput_pct_of_max=63.87
[2026-08-23T03:24:45] RUN_END status=OK
[2026-08-23T03:26:36] RUN_START run_id=SCALE_C_NFD_500_097
[2026-08-23T03:26:36] PARAM implementation=NFD
[2026-08-23T03:26:36] METRIC concurrent_clients=500
[2026-08-23T03:26:36] METRIC throughput_pct_of_max=67.966
[2026-08-23T03:26:36] RUN_END status=OK
[2026-08-23T03:28:29] RUN_START run_id=SCALE_C_NFD_500_098
[2026-08-23T03:28:29] PARAM implementation=NFD
[2026-08-23T03:28:29] METRIC concurrent_clients=500
[2026-08-23T03:28:29] METRIC throughput_pct_of_max=69.968
[2026-08-23T03:28:29] RUN_END status=OK
[2026-08-23T03:33:16] RUN_START run_id=SCALE_C_NFD_500_099
[2026-08-23T03:33:16] PARAM implementation=NFD
[2026-08-23T03:33:16] METRIC concurrent_clients=500
[2026-08-23T03:33:16] METRIC throughput_pct_of_max=67.894
[2026-08-23T03:33:16] RUN_END status=OK
[2026-08-23T03:36:00] RUN_START run_id=SCALE_C_NFD_500_100
[2026-08-23T03:36:00] PARAM implementation=NFD
[2026-08-23T03:36:00] METRIC concurrent_clients=500
[2026-08-23T03:36:00] METRIC throughput_pct_of_max=59.989
[2026-08-23T03:36:00] RUN_END status=OK
[2026-08-23T03:36:33] RUN_START run_id=SCALE_C_NFD_500_101
[2026-08-23T03:36:33] PARAM implementation=NFD
[2026-08-23T03:36:33] METRIC concurrent_clients=500
[2026-08-23T03:36:33] METRIC throughput_pct_of_max=70.196
[2026-08-23T03:36:33] RUN_END status=OK
[2026-08-23T04:22:27] RUN_START run_id=SCALE_C_CCNlite_100_027
[2026-08-23T04:22:27] PARAM implementation=CCNlite
[2026-08-23T04:22:27] METRIC concurrent_clients=100
[2026-08-23T04:22:27] METRIC throughput_pct_of_max=79.757
[2026-08-23T04:22:27] RUN_END status=OK
[2026-08-23T04:24:19] RUN_START run_id=SCALE_C_CCNlite_100_028
[2026-08-23T04:24:19] PARAM implementation=CCNlite
[2026-08-23T04:24:19] METRIC concurrent_clients=100
[2026-08-23T04:24:19] METRIC throughput_pct_of_max=79.327
[2026-08-23T04:24:19] RUN_END status=OK
[2026-08-23T04:27:10] RUN_START run_id=SCALE_C_CCNlite_100_029
[2026-08-23T04:27:10] PARAM implementation=CCNlite
[2026-08-23T04:27:10] METRIC concurrent_clients=100
[2026-08-23T04:27:10] METRIC throughput_pct_of_max=83.838
[2026-08-23T04:27:10] RUN_END status=OK
[2026-08-23T04:32:15] RUN_START run_id=SCALE_C_CCNlite_100_030
[2026-08-23T04:32:15] PARAM implementation=CCNlite
[2026-08-23T04:32:15] METRIC concurrent_clients=100
[2026-08-23T04:32:15] METRIC throughput_pct_of_max=81.768
[2026-08-23T04:32:15] RUN_END status=OK
[2026-08-23T04:32:41] RUN_START run_id=SCALE_C_CCNlite_100_031
[2026-08-23T04:32:41] PARAM implementation=CCNlite
[2026-08-23T04:32:41] METRIC concurrent_clients=100
[2026-08-23T04:32:41] METRIC throughput_pct_of_max=78.431
[2026-08-23T04:32:41] RUN_END status=OK
