[2026-08-24T08:58:17] RUN_START run_id=SCALE_C_NFD_100_134
[2026-08-24T08:58:17] PARAM implementation=NFD
[2026-08-24T08:58:17] METRIC concurrent_clients=100
[2026-08-24T08:58:17] METRIC throughput_pct_of_max=79.007
[2026-08-24T08:58:17] RUN_END status=OK
[2026-08-24T09:01:44] RUN_START run_id=SCALE_C_NFD_100_135
[2026-08-24T09:01:44] PARAM implementation=NFD
[2026-08-24T09:01:44] METRIC concurrent_clients=100
[2026-08-24T09:01:44] METRIC throughput_pct_of_max=78.155
[2026-08-24T09:01:44] RUN_END status=OK
[2026-08-24T09:04:40] RUN_START run_id=SCALE_C_NFD_100_136
[2026-08-24T09:04:40] PARAM implementation=NFD
[2026-08-24T09:04:40] METRIC concurrent_clients=100
[2026-08-24T09:04:40] METRIC throughput_pct_of_max=82.715
[2026-08-24T09:04:40] RUN_END status=OK
[2026-08-24T09:06:15] RUN_START run_id=SCALE_C_NFD_100_137
[2026-08-24T09:06:15] PARAM implementation=NFD
[2026-08-24T09:06:15] METRIC concurrent_clients=100
[2026-08-24T09:06:15] METRIC throughput_pct_of_max=78.116
[2026-08-24T09:06:15] RUN_END status=OK
[2026-08-24T09:08:32] RUN_START run_id=SCALE_C_NFD_100_138
[2026-08-24T09:08:32] PARAM implementation=NFD
[2026-08-24T09:08:32] METRIC concurrent_clients=100
[2026-08-24T09:08:32] METRIC throughput_pct_of_max=80.866
[2026-08-24T09:08:32] RUN_END status=OK
[2026-08-24T09:09:08] RUN_START run_id=SCALE_C_NFD_100_139
[2026-08-24T09:09:08] PARAM implementation=NFD
[2026-08-24T09:09:08] METRIC concurrent_clients=100
[2026-08-24T09:09:08] METRIC throughput_pct_of_max=76.914
[2026-08-24T09:09:08] RUN_END status=OK
[2026-08-24T09:09:40] RUN_START run_id=SCALE_C_NFD_100_140
[2026-08-24T09:09:40] PARAM implementation=NFD
[2026-08-24T09:09:40] METRIC concurrent_clients=100
[2026-08-24T09:09:40] METRIC throughput_pct_of_max=72.672
[2026-08-24T09:09:40] RUN_END status=OK
[2026-08-24T09:14:06] RUN_START run_id=SCALE_C_NFD_100_141
[2026-08-24T09:14:06] PARAM implementation=NFD
[2026-08-24T09:14:06] METRIC concurrent_clients=100
[2026-08-24T09:14:06] METRIC throughput_pct_of_max=77.164
[2026-08-24T09:14:06] RUN_END status=OK
[2026-08-24T09:16:26] RUN_START run_id=SCALE_C_NFD_100_142
[2026-08-24T09:16:26] PARAM implementation=NFD
[2026-08-24T09:16:26] METRIC concurrent_clients=100
[2026-08-24T09:16:26] METRIC throughput_pct_of_max=78.402
[2026-08-24T09:16:26] RUN_END status=OK
[2026-08-24T09:17:45] RUN_START run_id=SCALE_C_NFD_100_143
[2026-08-24T09:17:45] PARAM implementation=NFD
[2026-08-24T09:17:45] METRIC concurrent_clients=100
[2026-08-24T09:17:45] METRIC throughput_pct_of_max=71.791
[2026-08-24T09:17:45] RUN_END status=OK
[2026-08-24T09:18:41] RUN_START run_id=SCALE_C_NFD_100_144
[2026-08-24T09:18:41] PARAM implementation=NFD
[2026-08-24T09:18:41] METRIC concurrent_clients=100
[2026-08-24T09:18:41] METRIC throughput_pct_of_max=76.698
[2026-08-24T09:18:41] RUN_END status=OK
[2026-08-24T09:21:50] RUN_START run_id=SCALE_C_NFD_100_145
[2026-08-24T09:21:50] PARAM implementation=NFD
[2026-08-24T09:21:50] METRIC concurrent_clients=100
[2026-08-24T09:21:50] METRIC throughput_pct_of_max=76.563
[2026-08-24T09:21:50] RUN_END status=OK
