[2026-08-29T07:56:54] RUN_START run_id=SCALE_C_PythonNDN_500_095
[2026-08-29T07:56:54] PARAM implementation=PythonNDN
[2026-08-29T07:56:54] METRIC concurrent_clients=500
[2026-08-29T07:56:54] METRIC throughput_pct_of_max=33.017
[2026-08-29T07:56:54] RUN_END status=OK
[2026-08-29T08:00:24] RUN_START run_id=SCALE_C_PythonNDN_500_096
[2026-08-29T08:00:24] PARAM implementation=PythonNDN
[2026-08-29T08:00:24] METRIC concurrent_clients=500
[2026-08-29T08:00:24] METRIC throughput_pct_of_max=33.062
[2026-08-29T08:00:24] RUN_END status=OK
[2026-08-29T08:03:16] RUN_START run_id=SCALE_C_PythonNDN_500_097
[2026-08-29T08:03:16] PARAM implementation=PythonNDN
[2026-08-29T08:03:16] METRIC concurrent_clients=500
[2026-08-29T08:03:16] METRIC throughput_pct_of_max=34.887
[2026-08-29T08:03:16] RUN_END status=OK
[2026-08-29T08:04:08] RUN_START run_id=SCALE_C_PythonNDN_500_098
[2026-08-29T08:04:08] PARAM implementation=PythonNDN
[2026-08-29T08:04:08] METRIC concurrent_clients=500
[2026-08-29T08:04:08] METRIC throughput_pct_of_max=33.532
[2026-08-29T08:04:08] RUN_END status=OK
[2026-08-29T08:06:02] RUN_START run_id=SCALE_C_PythonNDN_500_099
[2026-08-29T08:06:02] PARAM implementation=PythonNDN
[2026-08-29T08:06:02] METRIC concurrent_clients=500
[2026-08-29T08:06:02] METRIC throughput_pct_of_max=36.892
[2026-08-29T08:06:02] RUN_END status=OK
[2026-08-29T08:10:04] RUN_START run_id=SCALE_C_PythonNDN_500_100
[2026-08-29T08:10:04] PARAM implementation=PythonNDN
[2026-08-29T08:10:04] METRIC concurrent_clients=500
[2026-08-29T08:10:04] METRIC throughput_pct_of_max=33.357
[2026-08-29T08:10:04] RUN_END status=OK
[2026-08-29T08:13:31] RUN_START run_id=SCALE_C_PythonNDN_500_101
[2026-08-29T08:13:31] PARAM implementation=PythonNDN
[2026-08-29T08:13:31] METRIC concurrent_clients=500
[2026-08-29T08:13:31] METRIC throughput_pct_of_max=33.814
[2026-08-29T08:13:31] RUN_END status=OK
[2026-08-29T08:16:26] RUN_START run_id=SCALE_C_PythonNDN_500_102
[2026-08-29T08:16:26] PARAM implementation=PythonNDN
[2026-08-29T08:16:26] METRIC concurrent_clients=500
[2026-08-29T08:16:26] METRIC throughput_pct_of_max=35.521
[2026-08-29T08:16:26] RUN_END status=OK
[2026-08-29T08:17:42] RUN_START run_id=SCALE_C_PythonNDN_500_103
[2026-08-29T08:17:42] PARAM implementation=PythonNDN
[2026-08-29T08:17:42] METRIC concurrent_clients=500
[2026-08-29T08:17:42] METRIC throughput_pct_of_max=31.012
[2026-08-29T08:17:42] RUN_END status=OK
[2026-08-29T08:18:35] RUN_START run_id=SCALE_C_PythonNDN_500_104
[2026-08-29T08:18:35] PARAM implementation=PythonNDN
[2026-08-29T08:18:35] METRIC concurrent_clients=500
[2026-08-29T08:18:35] METRIC throughput_pct_of_max=35.623
[2026-08-29T08:18:35] RUN_END status=OK
[2026-08-29T08:19:40] RUN_START run_id=SCALE_C_PythonNDN_500_105
[2026-08-29T08:19:40] PARAM implementation=PythonNDN
[2026-08-29T08:19:40] METRIC concurrent_clients=500
[2026-08-29T08:19:40] METRIC throughput_pct_of_max=33.985
[2026-08-29T08:19:40] RUN_END status=OK
[2026-08-29T08:22:56] RUN_START run_id=SCALE_C_PythonNDN_500_106
[2026-08-29T08:22:56] PARAM implementation=PythonNDN
[2026-08-29T08:22:56] METRIC concurrent_clients=500
[2026-08-29T08:22:56] METRIC throughput_pct_of_max=33.802
[2026-08-29T08:22:56] RUN_END status=OK
[2026-08-29T08:28:21] RUN_START run_id=SCALE_C_PythonNDN_500_107
[2026-08-29T08:28:21] PARAM implementation=PythonNDN
[2026-08-29T08:28:21] METRIC concurrent_clients=500
[2026-08-29T08:28:21] METRIC throughput_pct_of_max=32.657
[2026-08-29T08:28:21] RUN_END status=OK
[2026-08-29T08:30:09] RUN_START run_id=SCALE_C_PythonNDN_500_108
[2026-08-29T08:30:09] PARAM implementation=PythonNDN
[2026-08-29T08:30:09] METRIC concurrent_clients=500
[2026-08-29T08:30:09] METRIC throughput_pct_of_max=33.511
[2026-08-29T08:30:09] RUN_END status=OK
[2026-08-29T08:33:17] RUN_START run_id=SCALE_C_PythonNDN_500_109
[2026-08-29T08:33:17] PARAM implementation=PythonNDN
[2026-08-29T08:33:17] METRIC concurrent_clients=500
[2026-08-29T08:33:17] METRIC throughput_pct_of_max=35.584
[2026-08-29T08:33:17] RUN_END status=OK
[2026-08-29T08:33:56] RUN_START run_id=SCALE_C_PythonNDN_500_110
[2026-08-29T08:33:56] PARAM implementation=PythonNDN
[2026-08-29T08:33:56] METRIC concurrent_clients=500
[2026-08-29T08:33:56] METRIC throughput_pct_of_max=34.803
[2026-08-29T08:33:56] RUN_END status=OK
[2026-08-29T08:34:43] RUN_START run_id=SCALE_C_PythonNDN_500_111
[2026-08-29T08:34:43] PARAM implementation=PythonNDN
[2026-08-29T08:34:43] METRIC concurrent_clients=500
[2026-08-29T08:34:43] METRIC throughput_pct_of_max=33.241
[2026-08-29T08:34:43] RUN_END status=OK
