[2026-08-30T07:14:25] RUN_START run_id=SCALE_C_CCNlite_5000_065
[2026-08-30T07:14:25] PARAM implementation=CCNlite
[2026-08-30T07:14:25] METRIC concurrent_clients=5000
[2026-08-30T07:14:25] METRIC throughput_pct_of_max=42.501
[2026-08-30T07:14:25] RUN_END status=OK
[2026-08-30T07:17:08] RUN_START run_id=SCALE_C_CCNlite_5000_066
[2026-08-30T07:17:08] PARAM implementation=CCNlite
[2026-08-30T07:17:08] METRIC concurrent_clients=5000
[2026-08-30T07:17:08] METRIC throughput_pct_of_max=42.497
[2026-08-30T07:17:08] RUN_END status=OK
[2026-08-30T11:39:17] RUN_START run_id=SCALE_C_PythonNDN_500_149
[2026-08-30T11:39:17] PARAM implementation=PythonNDN
[2026-08-30T11:39:17] METRIC concurrent_clients=500
[2026-08-30T11:39:17] METRIC throughput_pct_of_max=36.015
[2026-08-30T11:39:17] RUN_END status=OK
[2026-08-30T11:41:53] RUN_START run_id=SCALE_C_PythonNDN_500_150
[2026-08-30T11:41:53] PARAM implementation=PythonNDN
[2026-08-30T11:41:53] METRIC concurrent_clients=500
[2026-08-30T11:41:53] METRIC throughput_pct_of_max=34.836
[2026-08-30T11:41:53] RUN_END status=OK
[2026-08-31T00:54:11] RUN_START run_id=SCALE_C_CCNlite_5000_067
[2026-08-31T00:54:11] PARAM implementation=CCNlite
[2026-08-31T00:54:11] METRIC concurrent_clients=5000
[2026-08-31T00:54:11] METRIC throughput_pct_of_max=42.379
[2026-08-31T00:54:11] RUN_END status=OK
[2026-08-31T00:55:44] RUN_START run_id=SCALE_C_CCNlite_5000_068
[2026-08-31T00:55:44] PARAM implementation=CCNlite
[2026-08-31T00:55:44] METRIC concurrent_clients=5000
[2026-08-31T00:55:44] METRIC throughput_pct_of_max=41.171
[2026-08-31T00:55:44] RUN_END status=OK
[2026-08-31T00:59:18] RUN_START run_id=SCALE_C_CCNlite_5000_069
[2026-08-31T00:59:18] PARAM implementation=CCNlite
[2026-08-31T00:59:18] METRIC concurrent_clients=5000
[2026-08-31T00:59:18] METRIC throughput_pct_of_max=43.047
[2026-08-31T00:59:18] RUN_END status=OK
[2026-08-31T01:02:38] RUN_START run_id=SCALE_C_CCNlite_5000_070
[2026-08-31T01:02:38] PARAM implementation=CCNlite
[2026-08-31T01:02:38] METRIC concurrent_clients=5000
[2026-08-31T01:02:38] METRIC throughput_pct_of_max=43.781
[2026-08-31T01:02:38] RUN_END status=OK
[2026-08-31T01:03:46] RUN_START run_id=SCALE_C_CCNlite_5000_071
[2026-08-31T01:03:46] PARAM implementation=CCNlite
[2026-08-31T01:03:46] METRIC concurrent_clients=5000
[2026-08-31T01:03:46] METRIC throughput_pct_of_max=43.169
[2026-08-31T01:03:46] RUN_END status=OK
[2026-08-31T01:04:55] RUN_START run_id=SCALE_C_CCNlite_5000_072
[2026-08-31T01:04:55] PARAM implementation=CCNlite
[2026-08-31T01:04:55] METRIC concurrent_clients=5000
[2026-08-31T01:04:55] METRIC throughput_pct_of_max=43.124
[2026-08-31T01:04:55] RUN_END status=OK
[2026-08-31T01:06:22] RUN_START run_id=SCALE_C_CCNlite_5000_073
[2026-08-31T01:06:22] PARAM implementation=CCNlite
[2026-08-31T01:06:22] METRIC concurrent_clients=5000
[2026-08-31T01:06:22] METRIC throughput_pct_of_max=41.565
[2026-08-31T01:06:22] RUN_END status=OK
[2026-08-31T01:08:39] RUN_START run_id=SCALE_C_CCNlite_5000_074
[2026-08-31T01:08:39] PARAM implementation=CCNlite
[2026-08-31T01:08:39] METRIC concurrent_clients=5000
[2026-08-31T01:08:39] METRIC throughput_pct_of_max=41.37
[2026-08-31T01:08:39] RUN_END status=OK
[2026-08-31T01:09:17] RUN_START run_id=SCALE_C_CCNlite_5000_075
[2026-08-31T01:09:17] PARAM implementation=CCNlite
[2026-08-31T01:09:17] METRIC concurrent_clients=5000
[2026-08-31T01:09:17] METRIC throughput_pct_of_max=41.503
[2026-08-31T01:09:17] RUN_END status=OK
[2026-08-31T01:11:47] RUN_START run_id=SCALE_C_CCNlite_5000_076
[2026-08-31T01:11:47] PARAM implementation=CCNlite
[2026-08-31T01:11:47] METRIC concurrent_clients=5000
[2026-08-31T01:11:47] METRIC throughput_pct_of_max=40.85
[2026-08-31T01:11:47] RUN_END status=OK
