[2026-08-29T05:26:29] RUN_START run_id=SCALE_C_CCNlite_50_099
[2026-08-29T05:26:29] PARAM implementation=CCNlite
[2026-08-29T05:26:29] METRIC concurrent_clients=50
[2026-08-29T05:26:29] METRIC throughput_pct_of_max=87.768
[2026-08-29T05:26:29] RUN_END status=OK
[2026-08-29T05:31:01] RUN_START run_id=SCALE_C_CCNlite_50_100
[2026-08-29T05:31:01] PARAM implementation=CCNlite
[2026-08-29T05:31:01] METRIC concurrent_clients=50
[2026-08-29T05:31:01] METRIC throughput_pct_of_max=90.568
[2026-08-29T05:31:01] RUN_END status=OK
[2026-08-29T05:33:35] RUN_START run_id=SCALE_C_CCNlite_50_101
[2026-08-29T05:33:35] PARAM implementation=CCNlite
[2026-08-29T05:33:35] METRIC concurrent_clients=50
[2026-08-29T05:33:35] METRIC throughput_pct_of_max=85.939
[2026-08-29T05:33:35] RUN_END status=OK
[2026-08-29T05:38:29] RUN_START run_id=SCALE_C_CCNlite_50_102
[2026-08-29T05:38:29] PARAM implementation=CCNlite
[2026-08-29T05:38:29] METRIC concurrent_clients=50
[2026-08-29T05:38:29] METRIC throughput_pct_of_max=88.731
[2026-08-29T05:38:29] RUN_END status=OK
[2026-08-29T05:39:25] RUN_START run_id=SCALE_C_CCNlite_50_103
[2026-08-29T05:39:25] PARAM implementation=CCNlite
[2026-08-29T05:39:25] METRIC concurrent_clients=50
[2026-08-29T05:39:25] METRIC throughput_pct_of_max=88.345
[2026-08-29T05:39:25] RUN_END status=OK
[2026-08-29T05:40:45] RUN_START run_id=SCALE_C_CCNlite_50_104
[2026-08-29T05:40:45] PARAM implementation=CCNlite
[2026-08-29T05:40:45] METRIC concurrent_clients=50
[2026-08-29T05:40:45] METRIC throughput_pct_of_max=89.434
[2026-08-29T05:40:45] RUN_END status=OK
[2026-08-29T05:42:25] RUN_START run_id=SCALE_C_CCNlite_50_105
[2026-08-29T05:42:25] PARAM implementation=CCNlite
[2026-08-29T05:42:25] METRIC concurrent_clients=50
[2026-08-29T05:42:25] METRIC throughput_pct_of_max=95.361
[2026-08-29T05:42:25] RUN_END status=OK
[2026-08-29T05:43:16] RUN_START run_id=SCALE_C_CCNlite_50_106
[2026-08-29T05:43:16] PARAM implementation=CCNlite
[2026-08-29T05:43:16] METRIC concurrent_clients=50
[2026-08-29T05:43:16] METRIC throughput_pct_of_max=88.921
[2026-08-29T05:43:16] RUN_END status=OK
[2026-08-29T05:46:03] RUN_START run_id=SCALE_C_CCNlite_50_107
[2026-08-29T05:46:03] PARAM implementation=CCNlite
[2026-08-29T05:46:03] METRIC concurrent_clients=50
[2026-08-29T05:46:03] METRIC throughput_pct_of_max=89.453
[2026-08-29T05:46:03] RUN_END status=OK
[2026-08-29T05:50:46] RUN_START run_id=SCALE_C_CCNlite_50_108
[2026-08-29T05:50:46] PARAM implementation=CCNlite
[2026-08-29T05:50:46] METRIC concurrent_clients=50
[2026-08-29T05:50:46] METRIC throughput_pct_of_max=92.88
[2026-08-29T05:50:46] RUN_END status=OK
[2026-08-29T05:54:15] RUN_START run_id=SCALE_C_CCNlite_50_109
[2026-08-29T05:54:15] PARAM implementation=CCNlite
[2026-08-29T05:54:15] METRIC concurrent_clients=50
[2026-08-29T05:54:15] METRIC throughput_pct_of_max=94.126
[2026-08-29T05:54:15] RUN_END status=OK
[2026-08-29T05:56:09] RUN_START run_id=SCALE_C_CCNlite_50_110
[2026-08-29T05:56:09] PARAM implementation=CCNlite
[2026-08-29T05:56:09] METRIC concurrent_clients=50
[2026-08-29T05:56:09] METRIC throughput_pct_of_max=91.829
[2026-08-29T05:56:09] RUN_END status=OK
[2026-08-29T06:01:21] RUN_START run_id=SCALE_C_CCNlite_50_111
[2026-08-29T06:01:21] PARAM implementation=CCNlite
[2026-08-29T06:01:21] METRIC concurrent_clients=50
[2026-08-29T06:01:21] METRIC throughput_pct_of_max=95.396
[2026-08-29T06:01:21] RUN_END status=OK
[2026-08-29T06:03:52] RUN_START run_id=SCALE_C_CCNlite_50_112
[2026-08-29T06:03:52] PARAM implementation=CCNlite
[2026-08-29T06:03:52] METRIC concurrent_clients=50
[2026-08-29T06:03:52] METRIC throughput_pct_of_max=92.767
[2026-08-29T06:03:52] RUN_END status=OK
[2026-08-29T06:10:21] RUN_START run_id=SCALE_C_CCNlite_50_113
[2026-08-29T06:10:21] PARAM implementation=CCNlite
[2026-08-29T06:10:21] METRIC concurrent_clients=50
[2026-08-29T06:10:21] METRIC throughput_pct_of_max=95.896
[2026-08-29T06:10:21] RUN_END status=OK
[2026-08-29T06:12:21] RUN_START run_id=SCALE_C_CCNlite_50_114
[2026-08-29T06:12:21] PARAM implementation=CCNlite
[2026-08-29T06:12:21] METRIC concurrent_clients=50
[2026-08-29T06:12:21] METRIC throughput_pct_of_max=90.474
[2026-08-29T06:12:21] RUN_END status=OK
[2026-08-29T06:13:10] RUN_START run_id=SCALE_C_CCNlite_50_115
[2026-08-29T06:13:10] PARAM implementation=CCNlite
[2026-08-29T06:13:10] METRIC concurrent_clients=50
[2026-08-29T06:13:10] METRIC throughput_pct_of_max=97.801
[2026-08-29T06:13:10] RUN_END status=OK
