[2026-08-18T17:08:03] RUN_START run_id=SCALE_C_NFD_50_035
[2026-08-18T17:08:03] PARAM implementation=NFD
[2026-08-18T17:08:03] METRIC concurrent_clients=50
[2026-08-18T17:08:03] METRIC throughput_pct_of_max=89.679
[2026-08-18T17:08:03] RUN_END status=OK
[2026-08-18T17:10:44] RUN_START run_id=SCALE_C_NFD_50_036
[2026-08-18T17:10:44] PARAM implementation=NFD
[2026-08-18T17:10:44] METRIC concurrent_clients=50
[2026-08-18T17:10:44] METRIC throughput_pct_of_max=91.335
[2026-08-18T17:10:44] RUN_END status=OK
[2026-08-18T17:11:59] RUN_START run_id=SCALE_C_NFD_50_037
[2026-08-18T17:11:59] PARAM implementation=NFD
[2026-08-18T17:11:59] METRIC concurrent_clients=50
[2026-08-18T17:11:59] METRIC throughput_pct_of_max=94.145
[2026-08-18T17:11:59] RUN_END status=OK
[2026-08-18T17:13:32] RUN_START run_id=SCALE_C_NFD_50_038
[2026-08-18T17:13:32] PARAM implementation=NFD
[2026-08-18T17:13:32] METRIC concurrent_clients=50
[2026-08-18T17:13:32] METRIC throughput_pct_of_max=94.763
[2026-08-18T17:13:32] RUN_END status=OK
[2026-08-18T17:14:50] RUN_START run_id=SCALE_C_NFD_50_039
[2026-08-18T17:14:50] PARAM implementation=NFD
[2026-08-18T17:14:50] METRIC concurrent_clients=50
[2026-08-18T17:14:50] METRIC throughput_pct_of_max=89.839
[2026-08-18T17:14:50] RUN_END status=OK
[2026-08-18T17:16:49] RUN_START run_id=SCALE_C_NFD_50_040
[2026-08-18T17:16:49] PARAM implementation=NFD
[2026-08-18T17:16:49] METRIC concurrent_clients=50
[2026-08-18T17:16:49] METRIC throughput_pct_of_max=88.903
[2026-08-18T17:16:49] RUN_END status=OK
[2026-08-18T17:19:15] RUN_START run_id=SCALE_C_NFD_50_041
[2026-08-18T17:19:15] PARAM implementation=NFD
[2026-08-18T17:19:15] METRIC concurrent_clients=50
[2026-08-18T17:19:15] METRIC throughput_pct_of_max=92.599
[2026-08-18T17:19:15] RUN_END status=OK
[2026-08-18T17:22:05] RUN_START run_id=SCALE_C_NFD_50_042
[2026-08-18T17:22:05] PARAM implementation=NFD
[2026-08-18T17:22:05] METRIC concurrent_clients=50
[2026-08-18T17:22:05] METRIC throughput_pct_of_max=91.437
[2026-08-18T17:22:05] RUN_END status=OK
[2026-08-18T17:25:26] RUN_START run_id=SCALE_C_NFD_50_043
[2026-08-18T17:25:26] PARAM implementation=NFD
[2026-08-18T17:25:26] METRIC concurrent_clients=50
[2026-08-18T17:25:26] METRIC throughput_pct_of_max=85.281
[2026-08-18T17:25:26] RUN_END status=OK
[2026-08-18T17:27:51] RUN_START run_id=SCALE_C_NFD_50_044
[2026-08-18T17:27:51] PARAM implementation=NFD
[2026-08-18T17:27:51] METRIC concurrent_clients=50
[2026-08-18T17:27:51] METRIC throughput_pct_of_max=95.71
[2026-08-18T17:27:51] RUN_END status=OK
[2026-08-18T17:29:38] RUN_START run_id=SCALE_C_NFD_50_045
[2026-08-18T17:29:38] PARAM implementation=NFD
[2026-08-18T17:29:38] METRIC concurrent_clients=50
[2026-08-18T17:29:38] METRIC throughput_pct_of_max=93.325
[2026-08-18T17:29:38] RUN_END status=OK
[2026-08-18T17:31:24] RUN_START run_id=SCALE_C_NFD_50_046
[2026-08-18T17:31:24] PARAM implementation=NFD
[2026-08-18T17:31:24] METRIC concurrent_clients=50
[2026-08-18T17:31:24] METRIC throughput_pct_of_max=93.17
[2026-08-18T17:31:24] RUN_END status=OK
[2026-08-18T17:32:07] RUN_START run_id=SCALE_C_NFD_50_047
[2026-08-18T17:32:07] PARAM implementation=NFD
[2026-08-18T17:32:07] METRIC concurrent_clients=50
[2026-08-18T17:32:07] METRIC throughput_pct_of_max=97.213
[2026-08-18T17:32:07] RUN_END status=OK
[2026-08-18T17:33:31] RUN_START run_id=SCALE_C_NFD_50_048
[2026-08-18T17:33:31] PARAM implementation=NFD
[2026-08-18T17:33:31] METRIC concurrent_clients=50
[2026-08-18T17:33:31] METRIC throughput_pct_of_max=87.33
[2026-08-18T17:33:31] RUN_END status=OK
[2026-08-18T17:34:26] RUN_START run_id=SCALE_C_NFD_50_049
[2026-08-18T17:34:26] PARAM implementation=NFD
[2026-08-18T17:34:26] METRIC concurrent_clients=50
[2026-08-18T17:34:26] METRIC throughput_pct_of_max=94.2
[2026-08-18T17:34:26] RUN_END status=OK
