[2026-08-17T17:56:23] RUN_START run_id=SCALE_C_CCNlite_1000_028
[2026-08-17T17:56:23] PARAM implementation=CCNlite
[2026-08-17T17:56:23] METRIC concurrent_clients=1000
[2026-08-17T17:56:23] METRIC throughput_pct_of_max=59.425
[2026-08-17T17:56:23] RUN_END status=OK
[2026-08-17T17:58:15] RUN_START run_id=SCALE_C_CCNlite_1000_029
[2026-08-17T17:58:15] PARAM implementation=CCNlite
[2026-08-17T17:58:15] METRIC concurrent_clients=1000
[2026-08-17T17:58:15] METRIC throughput_pct_of_max=57.391
[2026-08-17T17:58:15] RUN_END status=OK
[2026-08-17T17:58:44] RUN_START run_id=SCALE_C_CCNlite_1000_030
[2026-08-17T17:58:44] PARAM implementation=CCNlite
[2026-08-17T17:58:44] METRIC concurrent_clients=1000
[2026-08-17T17:58:44] METRIC throughput_pct_of_max=60.968
[2026-08-17T17:58:44] RUN_END status=OK
[2026-08-17T18:02:20] RUN_START run_id=SCALE_C_CCNlite_1000_031
[2026-08-17T18:02:20] PARAM implementation=CCNlite
[2026-08-17T18:02:20] METRIC concurrent_clients=1000
[2026-08-17T18:02:20] METRIC throughput_pct_of_max=61.457
[2026-08-17T18:02:20] RUN_END status=OK
[2026-08-17T18:06:00] RUN_START run_id=SCALE_C_CCNlite_1000_032
[2026-08-17T18:06:00] PARAM implementation=CCNlite
[2026-08-17T18:06:00] METRIC concurrent_clients=1000
[2026-08-17T18:06:00] METRIC throughput_pct_of_max=57.624
[2026-08-17T18:06:00] RUN_END status=OK
[2026-08-17T18:06:28] RUN_START run_id=SCALE_C_CCNlite_1000_033
[2026-08-17T18:06:28] PARAM implementation=CCNlite
[2026-08-17T18:06:28] METRIC concurrent_clients=1000
[2026-08-17T18:06:28] METRIC throughput_pct_of_max=57.548
[2026-08-17T18:06:28] RUN_END status=OK
[2026-08-17T18:54:56] RUN_START run_id=SCALE_C_uDCN_10_130
[2026-08-17T18:54:56] PARAM implementation=uDCN
[2026-08-17T18:54:56] METRIC concurrent_clients=10
[2026-08-17T18:54:56] METRIC throughput_pct_of_max=100.0
[2026-08-17T18:54:56] RUN_END status=OK
[2026-08-17T18:55:52] RUN_START run_id=SCALE_C_uDCN_10_131
[2026-08-17T18:55:52] PARAM implementation=uDCN
[2026-08-17T18:55:52] METRIC concurrent_clients=10
[2026-08-17T18:55:52] METRIC throughput_pct_of_max=100.0
[2026-08-17T18:55:52] RUN_END status=OK
[2026-08-17T18:59:19] RUN_START run_id=SCALE_C_uDCN_10_132
[2026-08-17T18:59:19] PARAM implementation=uDCN
[2026-08-17T18:59:19] METRIC concurrent_clients=10
[2026-08-17T18:59:19] METRIC throughput_pct_of_max=100.0
[2026-08-17T18:59:19] RUN_END status=OK
[2026-08-17T19:03:14] RUN_START run_id=SCALE_C_uDCN_10_133
[2026-08-17T19:03:14] PARAM implementation=uDCN
[2026-08-17T19:03:14] METRIC concurrent_clients=10
[2026-08-17T19:03:14] METRIC throughput_pct_of_max=100.0
[2026-08-17T19:03:14] RUN_END status=OK
[2026-08-17T19:04:36] RUN_START run_id=SCALE_C_uDCN_10_134
[2026-08-17T19:04:36] PARAM implementation=uDCN
[2026-08-17T19:04:36] METRIC concurrent_clients=10
[2026-08-17T19:04:36] METRIC throughput_pct_of_max=98.805
[2026-08-17T19:04:36] RUN_END status=OK
[2026-08-17T19:05:39] RUN_START run_id=SCALE_C_uDCN_10_135
[2026-08-17T19:05:39] PARAM implementation=uDCN
[2026-08-17T19:05:39] METRIC concurrent_clients=10
[2026-08-17T19:05:39] METRIC throughput_pct_of_max=98.31
[2026-08-17T19:05:39] RUN_END status=OK
[2026-08-17T19:09:34] RUN_START run_id=SCALE_C_uDCN_10_136
[2026-08-17T19:09:34] PARAM implementation=uDCN
[2026-08-17T19:09:34] METRIC concurrent_clients=10
[2026-08-17T19:09:34] METRIC throughput_pct_of_max=95.342
[2026-08-17T19:09:34] RUN_END status=OK
[2026-08-17T19:13:12] RUN_START run_id=SCALE_C_uDCN_10_137
[2026-08-17T19:13:12] PARAM implementation=uDCN
[2026-08-17T19:13:12] METRIC concurrent_clients=10
[2026-08-17T19:13:12] METRIC throughput_pct_of_max=98.302
[2026-08-17T19:13:12] RUN_END status=OK
[2026-08-17T19:16:35] RUN_START run_id=SCALE_C_uDCN_10_138
[2026-08-17T19:16:35] PARAM implementation=uDCN
[2026-08-17T19:16:35] METRIC concurrent_clients=10
[2026-08-17T19:16:35] METRIC throughput_pct_of_max=100.0
[2026-08-17T19:16:35] RUN_END status=OK
[2026-08-17T19:19:22] RUN_START run_id=SCALE_C_uDCN_10_139
[2026-08-17T19:19:22] PARAM implementation=uDCN
[2026-08-17T19:19:22] METRIC concurrent_clients=10
[2026-08-17T19:19:22] METRIC throughput_pct_of_max=100.0
[2026-08-17T19:19:22] RUN_END status=OK
[2026-08-17T19:22:20] RUN_START run_id=SCALE_C_uDCN_10_140
[2026-08-17T19:22:20] PARAM implementation=uDCN
[2026-08-17T19:22:20] METRIC concurrent_clients=10
[2026-08-17T19:22:20] METRIC throughput_pct_of_max=96.345
[2026-08-17T19:22:20] RUN_END status=OK
[2026-08-17T19:23:52] RUN_START run_id=SCALE_C_uDCN_10_141
[2026-08-17T19:23:52] PARAM implementation=uDCN
[2026-08-17T19:23:52] METRIC concurrent_clients=10
[2026-08-17T19:23:52] METRIC throughput_pct_of_max=94.974
[2026-08-17T19:23:52] RUN_END status=OK
