[2026-08-28T10:27:27] RUN_START run_id=SCALE_C_CCNlite_50_084
[2026-08-28T10:27:27] PARAM implementation=CCNlite
[2026-08-28T10:27:27] METRIC concurrent_clients=50
[2026-08-28T10:27:27] METRIC throughput_pct_of_max=91.649
[2026-08-28T10:27:27] RUN_END status=OK
[2026-08-28T10:31:32] RUN_START run_id=SCALE_C_uDCN_100_089
[2026-08-28T10:31:32] PARAM implementation=uDCN
[2026-08-28T10:31:32] METRIC concurrent_clients=100
[2026-08-28T10:31:32] METRIC throughput_pct_of_max=91.969
[2026-08-28T10:31:32] RUN_END status=OK
[2026-08-28T10:31:59] RUN_START run_id=SCALE_C_CCNlite_50_085
[2026-08-28T10:31:59] PARAM implementation=CCNlite
[2026-08-28T10:31:59] METRIC concurrent_clients=50
[2026-08-28T10:31:59] METRIC throughput_pct_of_max=93.556
[2026-08-28T10:31:59] RUN_END status=OK
[2026-08-28T10:33:49] RUN_START run_id=SCALE_C_uDCN_100_090
[2026-08-28T10:33:49] PARAM implementation=uDCN
[2026-08-28T10:33:49] METRIC concurrent_clients=100
[2026-08-28T10:33:49] METRIC throughput_pct_of_max=95.209
[2026-08-28T10:33:49] RUN_END status=OK
[2026-08-28T10:34:36] RUN_START run_id=SCALE_C_uDCN_100_091
[2026-08-28T10:34:36] PARAM implementation=uDCN
[2026-08-28T10:34:36] METRIC concurrent_clients=100
[2026-08-28T10:34:36] METRIC throughput_pct_of_max=88.269
[2026-08-28T10:34:36] RUN_END status=OK
[2026-08-28T10:37:25] RUN_START run_id=SCALE_C_uDCN_100_092
[2026-08-28T10:37:25] PARAM implementation=uDCN
[2026-08-28T10:37:25] METRIC concurrent_clients=100
[2026-08-28T10:37:25] METRIC throughput_pct_of_max=97.13
[2026-08-28T10:37:25] RUN_END status=OK
[2026-08-28T10:38:10] RUN_START run_id=SCALE_C_CCNlite_50_086
[2026-08-28T10:38:10] PARAM implementation=CCNlite
[2026-08-28T10:38:10] METRIC concurrent_clients=50
[2026-08-28T10:38:10] METRIC throughput_pct_of_max=96.059
[2026-08-28T10:38:10] RUN_END status=OK
[2026-08-28T10:38:44] RUN_START run_id=SCALE_C_CCNlite_50_087
[2026-08-28T10:38:44] PARAM implementation=CCNlite
[2026-08-28T10:38:44] METRIC concurrent_clients=50
[2026-08-28T10:38:44] METRIC throughput_pct_of_max=85.961
[2026-08-28T10:38:44] RUN_END status=OK
[2026-08-28T10:39:34] RUN_START run_id=SCALE_C_uDCN_100_093
[2026-08-28T10:39:34] PARAM implementation=uDCN
[2026-08-28T10:39:34] METRIC concurrent_clients=100
[2026-08-28T10:39:34] METRIC throughput_pct_of_max=92.096
[2026-08-28T10:39:34] RUN_END status=OK
[2026-08-28T10:40:11] RUN_START run_id=SCALE_C_CCNlite_50_088
[2026-08-28T10:40:11] PARAM implementation=CCNlite
[2026-08-28T10:40:11] METRIC concurrent_clients=50
[2026-08-28T10:40:11] METRIC throughput_pct_of_max=96.119
[2026-08-28T10:40:11] RUN_END status=OK
