[2026-08-28T10:04:50] RUN_START run_id=SCALE_C_uDCN_100_079
[2026-08-28T10:04:50] PARAM implementation=uDCN
[2026-08-28T10:04:50] METRIC concurrent_clients=100
[2026-08-28T10:04:50] METRIC throughput_pct_of_max=91.327
[2026-08-28T10:04:50] RUN_END status=OK
[2026-08-28T10:06:31] RUN_START run_id=SCALE_C_uDCN_100_080
[2026-08-28T10:06:31] PARAM implementation=uDCN
[2026-08-28T10:06:31] METRIC concurrent_clients=100
[2026-08-28T10:06:31] METRIC throughput_pct_of_max=91.94
[2026-08-28T10:06:31] RUN_END status=OK
[2026-08-28T10:08:48] RUN_START run_id=SCALE_C_uDCN_100_081
[2026-08-28T10:08:48] PARAM implementation=uDCN
[2026-08-28T10:08:48] METRIC concurrent_clients=100
[2026-08-28T10:08:48] METRIC throughput_pct_of_max=90.685
[2026-08-28T10:08:48] RUN_END status=OK
[2026-08-28T10:10:36] RUN_START run_id=SCALE_C_uDCN_100_082
[2026-08-28T10:10:36] PARAM implementation=uDCN
[2026-08-28T10:10:36] METRIC concurrent_clients=100
[2026-08-28T10:10:36] METRIC throughput_pct_of_max=90.174
[2026-08-28T10:10:36] RUN_END status=OK
[2026-08-28T10:12:44] RUN_START run_id=SCALE_C_uDCN_100_083
[2026-08-28T10:12:44] PARAM implementation=uDCN
[2026-08-28T10:12:44] METRIC concurrent_clients=100
[2026-08-28T10:12:44] METRIC throughput_pct_of_max=95.466
[2026-08-28T10:12:44] RUN_END status=OK
[2026-08-28T10:15:02] RUN_START run_id=SCALE_C_uDCN_100_084
[2026-08-28T10:15:02] PARAM implementation=uDCN
[2026-08-28T10:15:02] METRIC concurrent_clients=100
[2026-08-28T10:15:02] METRIC throughput_pct_of_max=92.901
[2026-08-28T10:15:02] RUN_END status=OK
[2026-08-28T10:18:04] RUN_START run_id=SCALE_C_uDCN_100_085
[2026-08-28T10:18:04] PARAM implementation=uDCN
[2026-08-28T10:18:04] METRIC concurrent_clients=100
[2026-08-28T10:18:04] METRIC throughput_pct_of_max=95.574
[2026-08-28T10:18:04] RUN_END status=OK
[2026-08-28T10:19:36] RUN_START run_id=SCALE_C_uDCN_100_086
[2026-08-28T10:19:36] PARAM implementation=uDCN
[2026-08-28T10:19:36] METRIC concurrent_clients=100
[2026-08-28T10:19:36] METRIC throughput_pct_of_max=91.191
[2026-08-28T10:19:36] RUN_END status=OK
[2026-08-28T10:19:41] RUN_START run_id=SCALE_C_CCNlite_50_079
[2026-08-28T10:19:41] PARAM implementation=CCNlite
[2026-08-28T10:19:41] METRIC concurrent_clients=50
[2026-08-28T10:19:41] METRIC throughput_pct_of_max=88.814
[2026-08-28T10:19:41] RUN_END status=OK
[2026-08-28T10:20:45] RUN_START run_id=SCALE_C_CCNlite_50_080
[2026-08-28T10:20:45] PARAM implementation=CCNlite
[2026-08-28T10:20:45] METRIC concurrent_clients=50
[2026-08-28T10:20:45] METRIC throughput_pct_of_max=90.793
[2026-08-28T10:20:45] RUN_END status=OK
[2026-08-28T10:21:10] RUN_START run_id=SCALE_C_CCNlite_50_081
[2026-08-28T10:21:10] PARAM implementation=CCNlite
[2026-08-28T10:21:10] METRIC concurrent_clients=50
[2026-08-28T10:21:10] METRIC throughput_pct_of_max=96.174
[2026-08-28T10:21:10] RUN_END status=OK
[2026-08-28T10:22:15] RUN_START run_id=SCALE_C_CCNlite_50_082
[2026-08-28T10:22:15] PARAM implementation=CCNlite
[2026-08-28T10:22:15] METRIC concurrent_clients=50
[2026-08-28T10:22:15] METRIC throughput_pct_of_max=90.493
[2026-08-28T10:22:15] RUN_END status=OK
[2026-08-28T10:24:50] RUN_START run_id=SCALE_C_uDCN_100_087
[2026-08-28T10:24:50] PARAM implementation=uDCN
[2026-08-28T10:24:50] METRIC concurrent_clients=100
[2026-08-28T10:24:50] METRIC throughput_pct_of_max=95.329
[2026-08-28T10:24:50] RUN_END status=OK
[2026-08-28T10:25:29] RUN_START run_id=SCALE_C_CCNlite_50_083
[2026-08-28T10:25:29] PARAM implementation=CCNlite
[2026-08-28T10:25:29] METRIC concurrent_clients=50
[2026-08-28T10:25:29] METRIC throughput_pct_of_max=84.888
[2026-08-28T10:25:29] RUN_END status=OK
[2026-08-28T10:26:41] RUN_START run_id=SCALE_C_uDCN_100_088
[2026-08-28T10:26:41] PARAM implementation=uDCN
[2026-08-28T10:26:41] METRIC concurrent_clients=100
[2026-08-28T10:26:41] METRIC throughput_pct_of_max=91.606
[2026-08-28T10:26:41] RUN_END status=OK
