[2026-08-24T17:06:24] RUN_START run_id=SCALE_C_uDCN_5000_003
[2026-08-24T17:06:24] PARAM implementation=uDCN
[2026-08-24T17:06:24] METRIC concurrent_clients=5000
[2026-08-24T17:06:24] METRIC throughput_pct_of_max=76.802
[2026-08-24T17:06:24] RUN_END status=OK
[2026-08-24T17:07:38] RUN_START run_id=SCALE_C_uDCN_5000_004
[2026-08-24T17:07:38] PARAM implementation=uDCN
[2026-08-24T17:07:38] METRIC concurrent_clients=5000
[2026-08-24T17:07:38] METRIC throughput_pct_of_max=77.042
[2026-08-24T17:07:38] RUN_END status=OK
[2026-08-24T17:09:09] RUN_START run_id=SCALE_C_uDCN_5000_005
[2026-08-24T17:09:09] PARAM implementation=uDCN
[2026-08-24T17:09:09] METRIC concurrent_clients=5000
[2026-08-24T17:09:09] METRIC throughput_pct_of_max=74.11
[2026-08-24T17:09:09] RUN_END status=OK
[2026-08-24T17:11:26] RUN_START run_id=SCALE_C_uDCN_5000_006
[2026-08-24T17:11:26] PARAM implementation=uDCN
[2026-08-24T17:11:26] METRIC concurrent_clients=5000
[2026-08-24T17:11:26] METRIC throughput_pct_of_max=75.152
[2026-08-24T17:11:26] RUN_END status=OK
[2026-08-24T17:15:45] RUN_START run_id=SCALE_C_uDCN_5000_007
[2026-08-24T17:15:45] PARAM implementation=uDCN
[2026-08-24T17:15:45] METRIC concurrent_clients=5000
[2026-08-24T17:15:45] METRIC throughput_pct_of_max=76.022
[2026-08-24T17:15:45] RUN_END status=OK
[2026-08-24T17:16:40] RUN_START run_id=SCALE_C_uDCN_5000_008
[2026-08-24T17:16:40] PARAM implementation=uDCN
[2026-08-24T17:16:40] METRIC concurrent_clients=5000
[2026-08-24T17:16:40] METRIC throughput_pct_of_max=74.597
[2026-08-24T17:16:40] RUN_END status=OK
[2026-08-24T17:18:57] RUN_START run_id=SCALE_C_uDCN_5000_009
[2026-08-24T17:18:57] PARAM implementation=uDCN
[2026-08-24T17:18:57] METRIC concurrent_clients=5000
[2026-08-24T17:18:57] METRIC throughput_pct_of_max=74.099
[2026-08-24T17:18:57] RUN_END status=OK
[2026-08-24T17:20:04] RUN_START run_id=SCALE_C_uDCN_5000_010
[2026-08-24T17:20:04] PARAM implementation=uDCN
[2026-08-24T17:20:04] METRIC concurrent_clients=5000
[2026-08-24T17:20:04] METRIC throughput_pct_of_max=76.35
[2026-08-24T17:20:04] RUN_END status=OK
[2026-08-24T17:22:45] RUN_START run_id=SCALE_C_uDCN_5000_011
[2026-08-24T17:22:45] PARAM implementation=uDCN
[2026-08-24T17:22:45] METRIC concurrent_clients=5000
[2026-08-24T17:22:45] METRIC throughput_pct_of_max=73.916
[2026-08-24T17:22:45] RUN_END status=OK
[2026-08-24T17:24:41] RUN_START run_id=SCALE_C_uDCN_5000_012
[2026-08-24T17:24:41] PARAM implementation=uDCN
[2026-08-24T17:24:41] METRIC concurrent_clients=5000
[2026-08-24T17:24:41] METRIC throughput_pct_of_max=75.675
[2026-08-24T17:24:41] RUN_END status=OK
[2026-08-24T17:24:54] RUN_START run_id=SCALE_C_uDCN_5000_013
[2026-08-24T17:24:54] PARAM implementation=uDCN
[2026-08-24T17:24:54] METRIC concurrent_clients=5000
[2026-08-24T17:24:54] METRIC throughput_pct_of_max=77.553
[2026-08-24T17:24:54] RUN_END status=OK
