[2026-08-24T09:23:46] RUN_START run_id=SCALE_C_NFD_100_146
[2026-08-24T09:23:46] PARAM implementation=NFD
[2026-08-24T09:23:46] METRIC concurrent_clients=100
[2026-08-24T09:23:46] METRIC throughput_pct_of_max=81.347
[2026-08-24T09:23:46] RUN_END status=OK
[2026-08-24T09:25:02] RUN_START run_id=07_scalability_clients_DISCARDED_0160
[2026-08-24T09:25:02] RUN_ABORTED reason=trex_controller_reset: TRex stateful-engine control connection dropped mid-run before steady-state throughput reached
[2026-08-24T09:26:13] RUN_START run_id=SCALE_C_NFD_100_147
[2026-08-24T09:26:13] PARAM implementation=NFD
[2026-08-24T09:26:13] METRIC concurrent_clients=100
[2026-08-24T09:26:13] METRIC throughput_pct_of_max=83.254
[2026-08-24T09:26:13] RUN_END status=OK
[2026-08-24T09:30:52] RUN_START run_id=SCALE_C_NFD_100_148
[2026-08-24T09:30:52] PARAM implementation=NFD
[2026-08-24T09:30:52] METRIC concurrent_clients=100
[2026-08-24T09:30:52] METRIC throughput_pct_of_max=82.502
[2026-08-24T09:30:52] RUN_END status=OK
[2026-08-24T09:31:40] RUN_START run_id=SCALE_C_NFD_100_149
[2026-08-24T09:31:40] PARAM implementation=NFD
[2026-08-24T09:31:40] METRIC concurrent_clients=100
[2026-08-24T09:31:40] METRIC throughput_pct_of_max=77.695
[2026-08-24T09:31:40] RUN_END status=OK
[2026-08-24T09:35:11] RUN_START run_id=SCALE_C_NFD_100_150
[2026-08-24T09:35:11] PARAM implementation=NFD
[2026-08-24T09:35:11] METRIC concurrent_clients=100
[2026-08-24T09:35:11] METRIC throughput_pct_of_max=81.942
[2026-08-24T09:35:11] RUN_END status=OK
[2026-08-24T10:19:37] RUN_START run_id=SCALE_C_uDCN_1000_141
[2026-08-24T10:19:37] PARAM implementation=uDCN
[2026-08-24T10:19:37] METRIC concurrent_clients=1000
[2026-08-24T10:19:37] METRIC throughput_pct_of_max=92.22
[2026-08-24T10:19:37] RUN_END status=OK
[2026-08-24T10:22:49] RUN_START run_id=SCALE_C_uDCN_1000_142
[2026-08-24T10:22:49] PARAM implementation=uDCN
[2026-08-24T10:22:49] METRIC concurrent_clients=1000
[2026-08-24T10:22:49] METRIC throughput_pct_of_max=91.723
[2026-08-24T10:22:49] RUN_END status=OK
[2026-08-24T10:27:18] RUN_START run_id=SCALE_C_uDCN_1000_143
[2026-08-24T10:27:18] PARAM implementation=uDCN
[2026-08-24T10:27:18] METRIC concurrent_clients=1000
[2026-08-24T10:27:18] METRIC throughput_pct_of_max=93.101
[2026-08-24T10:27:18] RUN_END status=OK
[2026-08-24T10:28:51] RUN_START run_id=SCALE_C_uDCN_1000_144
[2026-08-24T10:28:51] PARAM implementation=uDCN
[2026-08-24T10:28:51] METRIC concurrent_clients=1000
[2026-08-24T10:28:51] METRIC throughput_pct_of_max=95.034
[2026-08-24T10:28:51] RUN_END status=OK
[2026-08-24T10:30:13] RUN_START run_id=SCALE_C_uDCN_1000_145
[2026-08-24T10:30:13] PARAM implementation=uDCN
[2026-08-24T10:30:13] METRIC concurrent_clients=1000
[2026-08-24T10:30:13] METRIC throughput_pct_of_max=96.854
[2026-08-24T10:30:13] RUN_END status=OK
[2026-08-24T10:31:37] RUN_START run_id=SCALE_C_uDCN_1000_146
[2026-08-24T10:31:37] PARAM implementation=uDCN
[2026-08-24T10:31:37] METRIC concurrent_clients=1000
[2026-08-24T10:31:37] METRIC throughput_pct_of_max=90.915
[2026-08-24T10:31:37] RUN_END status=OK
[2026-08-24T10:34:09] RUN_START run_id=SCALE_C_uDCN_1000_147
[2026-08-24T10:34:09] PARAM implementation=uDCN
[2026-08-24T10:34:09] METRIC concurrent_clients=1000
[2026-08-24T10:34:09] METRIC throughput_pct_of_max=98.192
[2026-08-24T10:34:09] RUN_END status=OK
[2026-08-24T10:37:00] RUN_START run_id=SCALE_C_uDCN_1000_148
[2026-08-24T10:37:00] PARAM implementation=uDCN
[2026-08-24T10:37:00] METRIC concurrent_clients=1000
[2026-08-24T10:37:00] METRIC throughput_pct_of_max=90.154
[2026-08-24T10:37:00] RUN_END status=OK
[2026-08-24T10:37:43] RUN_START run_id=SCALE_C_uDCN_1000_149
[2026-08-24T10:37:43] PARAM implementation=uDCN
[2026-08-24T10:37:43] METRIC concurrent_clients=1000
[2026-08-24T10:37:43] METRIC throughput_pct_of_max=92.54
[2026-08-24T10:37:43] RUN_END status=OK
[2026-08-24T10:38:44] RUN_START run_id=SCALE_C_uDCN_1000_150
[2026-08-24T10:38:44] PARAM implementation=uDCN
[2026-08-24T10:38:44] METRIC concurrent_clients=1000
[2026-08-24T10:38:44] METRIC throughput_pct_of_max=97.901
[2026-08-24T10:38:44] RUN_END status=OK
[2026-08-24T14:30:40] RUN_START run_id=SCALE_C_NFD_500_121
[2026-08-24T14:30:40] PARAM implementation=NFD
[2026-08-24T14:30:40] METRIC concurrent_clients=500
[2026-08-24T14:30:40] METRIC throughput_pct_of_max=69.083
[2026-08-24T14:30:40] RUN_END status=OK
[2026-08-24T14:33:52] RUN_START run_id=SCALE_C_NFD_500_122
[2026-08-24T14:33:52] PARAM implementation=NFD
[2026-08-24T14:33:52] METRIC concurrent_clients=500
[2026-08-24T14:33:52] METRIC throughput_pct_of_max=65.427
[2026-08-24T14:33:52] RUN_END status=OK
[2026-08-24T14:34:23] RUN_START run_id=SCALE_C_NFD_500_123
[2026-08-24T14:34:23] PARAM implementation=NFD
[2026-08-24T14:34:23] METRIC concurrent_clients=500
[2026-08-24T14:34:23] METRIC throughput_pct_of_max=64.141
[2026-08-24T14:34:23] RUN_END status=OK
[2026-08-24T14:36:11] RUN_START run_id=SCALE_C_NFD_500_124
[2026-08-24T14:36:11] PARAM implementation=NFD
[2026-08-24T14:36:11] METRIC concurrent_clients=500
[2026-08-24T14:36:11] METRIC throughput_pct_of_max=66.468
[2026-08-24T14:36:11] RUN_END status=OK
[2026-08-24T14:39:39] RUN_START run_id=SCALE_C_NFD_500_125
[2026-08-24T14:39:39] PARAM implementation=NFD
[2026-08-24T14:39:39] METRIC concurrent_clients=500
[2026-08-24T14:39:39] METRIC throughput_pct_of_max=62.385
[2026-08-24T14:39:39] RUN_END status=OK
