[2026-09-03T13:43:13] RUN_START run_id=SCALE_C_CCNlite_5000_125
[2026-09-03T13:43:13] PARAM implementation=CCNlite
[2026-09-03T13:43:13] METRIC concurrent_clients=5000
[2026-09-03T13:43:13] METRIC throughput_pct_of_max=43.619
[2026-09-03T13:43:13] RUN_END status=OK
[2026-09-03T13:44:37] RUN_START run_id=SCALE_C_CCNlite_5000_126
[2026-09-03T13:44:37] PARAM implementation=CCNlite
[2026-09-03T13:44:37] METRIC concurrent_clients=5000
[2026-09-03T13:44:37] METRIC throughput_pct_of_max=40.047
[2026-09-03T13:44:37] RUN_END status=OK
[2026-09-03T13:47:16] RUN_START run_id=SCALE_C_CCNlite_5000_127
[2026-09-03T13:47:16] PARAM implementation=CCNlite
[2026-09-03T13:47:16] METRIC concurrent_clients=5000
[2026-09-03T13:47:16] METRIC throughput_pct_of_max=43.256
[2026-09-03T13:47:16] RUN_END status=OK
[2026-09-03T13:50:01] RUN_START run_id=SCALE_C_CCNlite_5000_128
[2026-09-03T13:50:01] PARAM implementation=CCNlite
[2026-09-03T13:50:01] METRIC concurrent_clients=5000
[2026-09-03T13:50:01] METRIC throughput_pct_of_max=44.328
[2026-09-03T13:50:01] RUN_END status=OK
[2026-09-03T13:52:13] RUN_START run_id=SCALE_C_CCNlite_5000_129
[2026-09-03T13:52:13] PARAM implementation=CCNlite
[2026-09-03T13:52:13] METRIC concurrent_clients=5000
[2026-09-03T13:52:13] METRIC throughput_pct_of_max=38.962
[2026-09-03T13:52:13] RUN_END status=OK
[2026-09-03T13:54:31] RUN_START run_id=SCALE_C_CCNlite_5000_130
[2026-09-03T13:54:31] PARAM implementation=CCNlite
[2026-09-03T13:54:31] METRIC concurrent_clients=5000
[2026-09-03T13:54:31] METRIC throughput_pct_of_max=42.785
[2026-09-03T13:54:31] RUN_END status=OK
[2026-09-03T13:57:23] RUN_START run_id=SCALE_C_CCNlite_5000_131
[2026-09-03T13:57:23] PARAM implementation=CCNlite
[2026-09-03T13:57:23] METRIC concurrent_clients=5000
[2026-09-03T13:57:23] METRIC throughput_pct_of_max=42.116
[2026-09-03T13:57:23] RUN_END status=OK
[2026-09-03T13:57:44] RUN_START run_id=07_scalability_clients_DISCARDED_0237
[2026-09-03T13:57:44] RUN_ABORTED reason=trex_controller_reset: TRex stateful-engine control connection dropped mid-run before steady-state throughput reached
[2026-09-03T13:57:57] RUN_START run_id=SCALE_C_CCNlite_5000_132
[2026-09-03T13:57:57] PARAM implementation=CCNlite
[2026-09-03T13:57:57] METRIC concurrent_clients=5000
[2026-09-03T13:57:57] METRIC throughput_pct_of_max=43.327
[2026-09-03T13:57:57] RUN_END status=OK
[2026-09-03T13:59:22] RUN_START run_id=SCALE_C_CCNlite_5000_133
[2026-09-03T13:59:22] PARAM implementation=CCNlite
[2026-09-03T13:59:22] METRIC concurrent_clients=5000
[2026-09-03T13:59:22] METRIC throughput_pct_of_max=43.085
[2026-09-03T13:59:22] RUN_END status=OK
[2026-09-04T01:56:30] RUN_START run_id=SCALE_C_CCNlite_5000_134
[2026-09-04T01:56:30] PARAM implementation=CCNlite
[2026-09-04T01:56:30] METRIC concurrent_clients=5000
[2026-09-04T01:56:30] METRIC throughput_pct_of_max=45.691
[2026-09-04T01:56:30] RUN_END status=OK
[2026-09-04T01:56:57] RUN_START run_id=SCALE_C_CCNlite_5000_135
[2026-09-04T01:56:57] PARAM implementation=CCNlite
[2026-09-04T01:56:57] METRIC concurrent_clients=5000
[2026-09-04T01:56:57] METRIC throughput_pct_of_max=41.359
[2026-09-04T01:56:57] RUN_END status=OK
[2026-09-04T01:59:14] RUN_START run_id=SCALE_C_CCNlite_5000_136
[2026-09-04T01:59:14] PARAM implementation=CCNlite
[2026-09-04T01:59:14] METRIC concurrent_clients=5000
[2026-09-04T01:59:14] METRIC throughput_pct_of_max=41.812
[2026-09-04T01:59:14] RUN_END status=OK
[2026-09-04T02:00:54] RUN_START run_id=SCALE_C_CCNlite_5000_137
[2026-09-04T02:00:54] PARAM implementation=CCNlite
[2026-09-04T02:00:54] METRIC concurrent_clients=5000
[2026-09-04T02:00:54] METRIC throughput_pct_of_max=43.404
[2026-09-04T02:00:54] RUN_END status=OK
[2026-09-04T02:02:19] RUN_START run_id=SCALE_C_CCNlite_5000_138
[2026-09-04T02:02:19] PARAM implementation=CCNlite
[2026-09-04T02:02:19] METRIC concurrent_clients=5000
[2026-09-04T02:02:19] METRIC throughput_pct_of_max=45.112
[2026-09-04T02:02:19] RUN_END status=OK
[2026-09-04T02:04:25] RUN_START run_id=SCALE_C_CCNlite_5000_139
[2026-09-04T02:04:25] PARAM implementation=CCNlite
[2026-09-04T02:04:25] METRIC concurrent_clients=5000
[2026-09-04T02:04:25] METRIC throughput_pct_of_max=41.067
[2026-09-04T02:04:25] RUN_END status=OK
[2026-09-04T02:06:53] RUN_START run_id=SCALE_C_CCNlite_5000_140
[2026-09-04T02:06:53] PARAM implementation=CCNlite
[2026-09-04T02:06:53] METRIC concurrent_clients=5000
[2026-09-04T02:06:53] METRIC throughput_pct_of_max=44.345
[2026-09-04T02:06:53] RUN_END status=OK
[2026-09-04T02:07:26] RUN_START run_id=SCALE_C_CCNlite_5000_141
[2026-09-04T02:07:26] PARAM implementation=CCNlite
[2026-09-04T02:07:26] METRIC concurrent_clients=5000
[2026-09-04T02:07:26] METRIC throughput_pct_of_max=43.055
[2026-09-04T02:07:26] RUN_END status=OK
[2026-09-04T02:08:59] RUN_START run_id=SCALE_C_CCNlite_5000_142
[2026-09-04T02:08:59] PARAM implementation=CCNlite
[2026-09-04T02:08:59] METRIC concurrent_clients=5000
[2026-09-04T02:08:59] METRIC throughput_pct_of_max=41.219
[2026-09-04T02:08:59] RUN_END status=OK
[2026-09-04T02:10:28] RUN_START run_id=SCALE_C_CCNlite_5000_143
[2026-09-04T02:10:28] PARAM implementation=CCNlite
[2026-09-04T02:10:28] METRIC concurrent_clients=5000
[2026-09-04T02:10:28] METRIC throughput_pct_of_max=43.003
[2026-09-04T02:10:28] RUN_END status=OK
[2026-09-04T02:12:03] RUN_START run_id=SCALE_C_CCNlite_5000_144
[2026-09-04T02:12:03] PARAM implementation=CCNlite
[2026-09-04T02:12:03] METRIC concurrent_clients=5000
[2026-09-04T02:12:03] METRIC throughput_pct_of_max=43.317
[2026-09-04T02:12:03] RUN_END status=OK
