[2026-08-26T17:45:28] RUN_START run_id=SCALE_C_uDCN_5000_070
[2026-08-26T17:45:28] PARAM implementation=uDCN
[2026-08-26T17:45:28] METRIC concurrent_clients=5000
[2026-08-26T17:45:28] METRIC throughput_pct_of_max=78.593
[2026-08-26T17:45:28] RUN_END status=OK
[2026-08-26T17:47:26] RUN_START run_id=SCALE_C_uDCN_5000_071
[2026-08-26T17:47:26] PARAM implementation=uDCN
[2026-08-26T17:47:26] METRIC concurrent_clients=5000
[2026-08-26T17:47:26] METRIC throughput_pct_of_max=76.87
[2026-08-26T17:47:26] RUN_END status=OK
[2026-08-26T17:54:01] RUN_START run_id=SCALE_C_uDCN_5000_072
[2026-08-26T17:54:01] PARAM implementation=uDCN
[2026-08-26T17:54:01] METRIC concurrent_clients=5000
[2026-08-26T17:54:01] METRIC throughput_pct_of_max=71.143
[2026-08-26T17:54:01] RUN_END status=OK
[2026-08-26T17:56:40] RUN_START run_id=SCALE_C_uDCN_5000_073
[2026-08-26T17:56:40] PARAM implementation=uDCN
[2026-08-26T17:56:40] METRIC concurrent_clients=5000
[2026-08-26T17:56:40] METRIC throughput_pct_of_max=77.048
[2026-08-26T17:56:40] RUN_END status=OK
[2026-08-26T17:59:56] RUN_START run_id=SCALE_C_uDCN_5000_074
[2026-08-26T17:59:56] PARAM implementation=uDCN
[2026-08-26T17:59:56] METRIC concurrent_clients=5000
[2026-08-26T17:59:56] METRIC throughput_pct_of_max=71.028
[2026-08-26T17:59:56] RUN_END status=OK
[2026-08-26T18:03:46] RUN_START run_id=SCALE_C_uDCN_5000_075
[2026-08-26T18:03:46] PARAM implementation=uDCN
[2026-08-26T18:03:46] METRIC concurrent_clients=5000
[2026-08-26T18:03:46] METRIC throughput_pct_of_max=76.728
[2026-08-26T18:03:46] RUN_END status=OK
[2026-08-26T18:08:02] RUN_START run_id=SCALE_C_uDCN_5000_076
[2026-08-26T18:08:02] PARAM implementation=uDCN
[2026-08-26T18:08:02] METRIC concurrent_clients=5000
[2026-08-26T18:08:02] METRIC throughput_pct_of_max=77.271
[2026-08-26T18:08:02] RUN_END status=OK
[2026-08-26T18:08:36] RUN_START run_id=SCALE_C_uDCN_5000_077
[2026-08-26T18:08:36] PARAM implementation=uDCN
[2026-08-26T18:08:36] METRIC concurrent_clients=5000
[2026-08-26T18:08:36] METRIC throughput_pct_of_max=73.114
[2026-08-26T18:08:36] RUN_END status=OK
[2026-08-26T18:11:00] RUN_START run_id=SCALE_C_uDCN_5000_078
[2026-08-26T18:11:00] PARAM implementation=uDCN
[2026-08-26T18:11:00] METRIC concurrent_clients=5000
[2026-08-26T18:11:00] METRIC throughput_pct_of_max=77.49
[2026-08-26T18:11:00] RUN_END status=OK
[2026-08-26T18:12:24] RUN_START run_id=SCALE_C_uDCN_5000_079
[2026-08-26T18:12:24] PARAM implementation=uDCN
[2026-08-26T18:12:24] METRIC concurrent_clients=5000
[2026-08-26T18:12:24] METRIC throughput_pct_of_max=76.414
[2026-08-26T18:12:24] RUN_END status=OK
[2026-08-26T18:15:13] RUN_START run_id=SCALE_C_uDCN_5000_080
[2026-08-26T18:15:13] PARAM implementation=uDCN
[2026-08-26T18:15:13] METRIC concurrent_clients=5000
[2026-08-26T18:15:13] METRIC throughput_pct_of_max=77.374
[2026-08-26T18:15:13] RUN_END status=OK
[2026-08-26T18:17:23] RUN_START run_id=SCALE_C_uDCN_5000_081
[2026-08-26T18:17:23] PARAM implementation=uDCN
[2026-08-26T18:17:23] METRIC concurrent_clients=5000
[2026-08-26T18:17:23] METRIC throughput_pct_of_max=75.916
[2026-08-26T18:17:23] RUN_END status=OK
[2026-08-26T18:21:26] RUN_START run_id=SCALE_C_uDCN_5000_082
[2026-08-26T18:21:26] PARAM implementation=uDCN
[2026-08-26T18:21:26] METRIC concurrent_clients=5000
[2026-08-26T18:21:26] METRIC throughput_pct_of_max=77.491
[2026-08-26T18:21:26] RUN_END status=OK
[2026-08-26T23:01:11] RUN_START run_id=SCALE_C_uDCN_100_027
[2026-08-26T23:01:11] PARAM implementation=uDCN
[2026-08-26T23:01:11] METRIC concurrent_clients=100
[2026-08-26T23:01:11] METRIC throughput_pct_of_max=89.737
[2026-08-26T23:01:11] RUN_END status=OK
[2026-08-26T23:03:20] RUN_START run_id=SCALE_C_uDCN_100_028
[2026-08-26T23:03:20] PARAM implementation=uDCN
[2026-08-26T23:03:20] METRIC concurrent_clients=100
[2026-08-26T23:03:20] METRIC throughput_pct_of_max=94.606
[2026-08-26T23:03:20] RUN_END status=OK
[2026-08-26T23:04:51] RUN_START run_id=SCALE_C_uDCN_100_029
[2026-08-26T23:04:51] PARAM implementation=uDCN
[2026-08-26T23:04:51] METRIC concurrent_clients=100
[2026-08-26T23:04:51] METRIC throughput_pct_of_max=92.888
[2026-08-26T23:04:51] RUN_END status=OK
[2026-08-26T23:08:43] RUN_START run_id=SCALE_C_uDCN_100_030
[2026-08-26T23:08:43] PARAM implementation=uDCN
[2026-08-26T23:08:43] METRIC concurrent_clients=100
[2026-08-26T23:08:43] METRIC throughput_pct_of_max=92.55
[2026-08-26T23:08:43] RUN_END status=OK
[2026-08-26T23:11:13] RUN_START run_id=SCALE_C_uDCN_100_031
[2026-08-26T23:11:13] PARAM implementation=uDCN
[2026-08-26T23:11:13] METRIC concurrent_clients=100
[2026-08-26T23:11:13] METRIC throughput_pct_of_max=94.535
[2026-08-26T23:11:13] RUN_END status=OK
