[2026-08-21T17:50:08] RUN_START run_id=SCALE_C_CCNlite_10_066
[2026-08-21T17:50:08] PARAM implementation=CCNlite
[2026-08-21T17:50:08] METRIC concurrent_clients=10
[2026-08-21T17:50:08] METRIC throughput_pct_of_max=100.0
[2026-08-21T17:50:08] RUN_END status=OK
[2026-08-21T17:52:05] RUN_START run_id=SCALE_C_CCNlite_10_067
[2026-08-21T17:52:05] PARAM implementation=CCNlite
[2026-08-21T17:52:05] METRIC concurrent_clients=10
[2026-08-21T17:52:05] METRIC throughput_pct_of_max=100.0
[2026-08-21T17:52:05] RUN_END status=OK
[2026-08-21T17:55:31] RUN_START run_id=SCALE_C_CCNlite_10_068
[2026-08-21T17:55:31] PARAM implementation=CCNlite
[2026-08-21T17:55:31] METRIC concurrent_clients=10
[2026-08-21T17:55:31] METRIC throughput_pct_of_max=99.003
[2026-08-21T17:55:31] RUN_END status=OK
[2026-08-21T17:59:12] RUN_START run_id=SCALE_C_CCNlite_10_069
[2026-08-21T17:59:12] PARAM implementation=CCNlite
[2026-08-21T17:59:12] METRIC concurrent_clients=10
[2026-08-21T17:59:12] METRIC throughput_pct_of_max=100.0
[2026-08-21T17:59:12] RUN_END status=OK
[2026-08-21T18:02:20] RUN_START run_id=SCALE_C_CCNlite_10_070
[2026-08-21T18:02:20] PARAM implementation=CCNlite
[2026-08-21T18:02:20] METRIC concurrent_clients=10
[2026-08-21T18:02:20] METRIC throughput_pct_of_max=100.0
[2026-08-21T18:02:20] RUN_END status=OK
[2026-08-21T18:05:03] RUN_START run_id=SCALE_C_CCNlite_10_071
[2026-08-21T18:05:03] PARAM implementation=CCNlite
[2026-08-21T18:05:03] METRIC concurrent_clients=10
[2026-08-21T18:05:03] METRIC throughput_pct_of_max=100.0
[2026-08-21T18:05:03] RUN_END status=OK
[2026-08-21T18:06:21] RUN_START run_id=SCALE_C_CCNlite_10_072
[2026-08-21T18:06:21] PARAM implementation=CCNlite
[2026-08-21T18:06:21] METRIC concurrent_clients=10
[2026-08-21T18:06:21] METRIC throughput_pct_of_max=97.863
[2026-08-21T18:06:21] RUN_END status=OK
[2026-08-21T18:08:48] RUN_START run_id=SCALE_C_CCNlite_10_073
[2026-08-21T18:08:48] PARAM implementation=CCNlite
[2026-08-21T18:08:48] METRIC concurrent_clients=10
[2026-08-21T18:08:48] METRIC throughput_pct_of_max=98.031
[2026-08-21T18:08:48] RUN_END status=OK
[2026-08-21T18:09:41] RUN_START run_id=SCALE_C_CCNlite_10_074
[2026-08-21T18:09:41] PARAM implementation=CCNlite
[2026-08-21T18:09:41] METRIC concurrent_clients=10
[2026-08-21T18:09:41] METRIC throughput_pct_of_max=93.669
[2026-08-21T18:09:41] RUN_END status=OK
[2026-08-21T18:10:22] RUN_START run_id=SCALE_C_CCNlite_10_075
[2026-08-21T18:10:22] PARAM implementation=CCNlite
[2026-08-21T18:10:22] METRIC concurrent_clients=10
[2026-08-21T18:10:22] METRIC throughput_pct_of_max=100.0
[2026-08-21T18:10:22] RUN_END status=OK
[2026-08-21T18:11:41] RUN_START run_id=SCALE_C_CCNlite_10_076
[2026-08-21T18:11:41] PARAM implementation=CCNlite
[2026-08-21T18:11:41] METRIC concurrent_clients=10
[2026-08-21T18:11:41] METRIC throughput_pct_of_max=100.0
[2026-08-21T18:11:41] RUN_END status=OK
