[2026-08-23T09:20:40] RUN_START run_id=SCALE_C_CCNlite_10_142
[2026-08-23T09:20:40] PARAM implementation=CCNlite
[2026-08-23T09:20:40] METRIC concurrent_clients=10
[2026-08-23T09:20:40] METRIC throughput_pct_of_max=95.071
[2026-08-23T09:20:40] RUN_END status=OK
[2026-08-23T09:23:39] RUN_START run_id=SCALE_C_CCNlite_10_143
[2026-08-23T09:23:39] PARAM implementation=CCNlite
[2026-08-23T09:23:39] METRIC concurrent_clients=10
[2026-08-23T09:23:39] METRIC throughput_pct_of_max=100.0
[2026-08-23T09:23:39] RUN_END status=OK
[2026-08-23T09:24:54] RUN_START run_id=SCALE_C_CCNlite_10_144
[2026-08-23T09:24:54] PARAM implementation=CCNlite
[2026-08-23T09:24:54] METRIC concurrent_clients=10
[2026-08-23T09:24:54] METRIC throughput_pct_of_max=100.0
[2026-08-23T09:24:54] RUN_END status=OK
[2026-08-23T09:29:33] RUN_START run_id=SCALE_C_CCNlite_10_145
[2026-08-23T09:29:33] PARAM implementation=CCNlite
[2026-08-23T09:29:33] METRIC concurrent_clients=10
[2026-08-23T09:29:33] METRIC throughput_pct_of_max=97.215
[2026-08-23T09:29:33] RUN_END status=OK
[2026-08-23T09:31:24] RUN_START run_id=SCALE_C_CCNlite_10_146
[2026-08-23T09:31:24] PARAM implementation=CCNlite
[2026-08-23T09:31:24] METRIC concurrent_clients=10
[2026-08-23T09:31:24] METRIC throughput_pct_of_max=100.0
[2026-08-23T09:31:24] RUN_END status=OK
[2026-08-23T09:32:22] RUN_START run_id=SCALE_C_CCNlite_10_147
[2026-08-23T09:32:22] PARAM implementation=CCNlite
[2026-08-23T09:32:22] METRIC concurrent_clients=10
[2026-08-23T09:32:22] METRIC throughput_pct_of_max=98.309
[2026-08-23T09:32:22] RUN_END status=OK
[2026-08-23T09:35:11] RUN_START run_id=SCALE_C_CCNlite_10_148
[2026-08-23T09:35:11] PARAM implementation=CCNlite
[2026-08-23T09:35:11] METRIC concurrent_clients=10
[2026-08-23T09:35:11] METRIC throughput_pct_of_max=99.224
[2026-08-23T09:35:11] RUN_END status=OK
[2026-08-23T09:37:51] RUN_START run_id=SCALE_C_CCNlite_10_149
[2026-08-23T09:37:51] PARAM implementation=CCNlite
[2026-08-23T09:37:51] METRIC concurrent_clients=10
[2026-08-23T09:37:51] METRIC throughput_pct_of_max=97.679
[2026-08-23T09:37:51] RUN_END status=OK
[2026-08-23T09:42:26] RUN_START run_id=SCALE_C_CCNlite_10_150
[2026-08-23T09:42:26] PARAM implementation=CCNlite
[2026-08-23T09:42:26] METRIC concurrent_clients=10
[2026-08-23T09:42:26] METRIC throughput_pct_of_max=100.0
[2026-08-23T09:42:26] RUN_END status=OK
[2026-08-23T10:00:00] RUN_START run_id=SCALE_C_CCNlite_50_001
[2026-08-23T10:00:00] PARAM implementation=CCNlite
[2026-08-23T10:00:00] METRIC concurrent_clients=50
[2026-08-23T10:00:00] METRIC throughput_pct_of_max=91.921
[2026-08-23T10:00:00] RUN_END status=OK
[2026-08-23T10:02:09] RUN_START run_id=SCALE_C_CCNlite_50_002
[2026-08-23T10:02:09] PARAM implementation=CCNlite
[2026-08-23T10:02:09] METRIC concurrent_clients=50
[2026-08-23T10:02:09] METRIC throughput_pct_of_max=85.631
[2026-08-23T10:02:09] RUN_END status=OK
[2026-08-23T10:05:41] RUN_START run_id=SCALE_C_CCNlite_50_003
[2026-08-23T10:05:41] PARAM implementation=CCNlite
[2026-08-23T10:05:41] METRIC concurrent_clients=50
[2026-08-23T10:05:41] METRIC throughput_pct_of_max=92.696
[2026-08-23T10:05:41] RUN_END status=OK
[2026-08-23T10:09:03] RUN_START run_id=SCALE_C_CCNlite_50_004
[2026-08-23T10:09:03] PARAM implementation=CCNlite
[2026-08-23T10:09:03] METRIC concurrent_clients=50
[2026-08-23T10:09:03] METRIC throughput_pct_of_max=87.277
[2026-08-23T10:09:03] RUN_END status=OK
[2026-08-23T10:10:50] RUN_START run_id=SCALE_C_CCNlite_50_005
[2026-08-23T10:10:50] PARAM implementation=CCNlite
[2026-08-23T10:10:50] METRIC concurrent_clients=50
[2026-08-23T10:10:50] METRIC throughput_pct_of_max=92.367
[2026-08-23T10:10:50] RUN_END status=OK
[2026-08-23T10:12:46] RUN_START run_id=SCALE_C_CCNlite_50_006
[2026-08-23T10:12:46] PARAM implementation=CCNlite
[2026-08-23T10:12:46] METRIC concurrent_clients=50
[2026-08-23T10:12:46] METRIC throughput_pct_of_max=93.052
[2026-08-23T10:12:46] RUN_END status=OK
[2026-08-23T10:13:00] RUN_START run_id=07_scalability_clients_DISCARDED_0148
[2026-08-23T10:13:00] RUN_ABORTED reason=trex_controller_reset: TRex stateful-engine control connection dropped mid-run before steady-state throughput reached
[2026-08-23T10:13:16] RUN_START run_id=SCALE_C_CCNlite_50_007
[2026-08-23T10:13:16] PARAM implementation=CCNlite
[2026-08-23T10:13:16] METRIC concurrent_clients=50
[2026-08-23T10:13:16] METRIC throughput_pct_of_max=94.341
[2026-08-23T10:13:16] RUN_END status=OK
[2026-08-23T10:14:18] RUN_START run_id=SCALE_C_CCNlite_50_008
[2026-08-23T10:14:18] PARAM implementation=CCNlite
[2026-08-23T10:14:18] METRIC concurrent_clients=50
[2026-08-23T10:14:18] METRIC throughput_pct_of_max=89.731
[2026-08-23T10:14:18] RUN_END status=OK
[2026-08-23T10:17:01] RUN_START run_id=SCALE_C_CCNlite_50_009
[2026-08-23T10:17:01] PARAM implementation=CCNlite
[2026-08-23T10:17:01] METRIC concurrent_clients=50
[2026-08-23T10:17:01] METRIC throughput_pct_of_max=89.258
[2026-08-23T10:17:01] RUN_END status=OK
