[2026-08-24T00:19:35] RUN_START run_id=SCALE_C_CCNlite_500_055
[2026-08-24T00:19:35] PARAM implementation=CCNlite
[2026-08-24T00:19:35] METRIC concurrent_clients=500
[2026-08-24T00:19:35] METRIC throughput_pct_of_max=67.868
[2026-08-24T00:19:35] RUN_END status=OK
[2026-08-24T00:19:41] RUN_START run_id=SCALE_C_PythonNDN_5000_084
[2026-08-24T00:19:41] PARAM implementation=PythonNDN
[2026-08-24T00:19:41] METRIC concurrent_clients=5000
[2026-08-24T00:19:41] METRIC throughput_pct_of_max=9.629
[2026-08-24T00:19:41] RUN_END status=OK
[2026-08-24T00:22:01] RUN_START run_id=SCALE_C_PythonNDN_5000_085
[2026-08-24T00:22:01] PARAM implementation=PythonNDN
[2026-08-24T00:22:01] METRIC concurrent_clients=5000
[2026-08-24T00:22:01] METRIC throughput_pct_of_max=10.509
[2026-08-24T00:22:01] RUN_END status=OK
[2026-08-24T00:22:46] RUN_START run_id=SCALE_C_CCNlite_500_056
[2026-08-24T00:22:46] PARAM implementation=CCNlite
[2026-08-24T00:22:46] METRIC concurrent_clients=500
[2026-08-24T00:22:46] METRIC throughput_pct_of_max=63.811
[2026-08-24T00:22:46] RUN_END status=OK
[2026-08-24T00:23:30] RUN_START run_id=SCALE_C_PythonNDN_5000_086
[2026-08-24T00:23:30] PARAM implementation=PythonNDN
[2026-08-24T00:23:30] METRIC concurrent_clients=5000
[2026-08-24T00:23:30] METRIC throughput_pct_of_max=10.393
[2026-08-24T00:23:30] RUN_END status=OK
[2026-08-24T00:25:05] RUN_START run_id=SCALE_C_CCNlite_500_057
[2026-08-24T00:25:05] PARAM implementation=CCNlite
[2026-08-24T00:25:05] METRIC concurrent_clients=500
[2026-08-24T00:25:05] METRIC throughput_pct_of_max=69.277
[2026-08-24T00:25:05] RUN_END status=OK
[2026-08-24T00:27:53] RUN_START run_id=SCALE_C_CCNlite_500_058
[2026-08-24T00:27:53] PARAM implementation=CCNlite
[2026-08-24T00:27:53] METRIC concurrent_clients=500
[2026-08-24T00:27:53] METRIC throughput_pct_of_max=66.256
[2026-08-24T00:27:53] RUN_END status=OK
[2026-08-24T00:28:40] RUN_START run_id=SCALE_C_PythonNDN_5000_087
[2026-08-24T00:28:40] PARAM implementation=PythonNDN
[2026-08-24T00:28:40] METRIC concurrent_clients=5000
[2026-08-24T00:28:40] METRIC throughput_pct_of_max=9.422
[2026-08-24T00:28:40] RUN_END status=OK
[2026-08-24T00:30:56] RUN_START run_id=SCALE_C_PythonNDN_5000_088
[2026-08-24T00:30:56] PARAM implementation=PythonNDN
[2026-08-24T00:30:56] METRIC concurrent_clients=5000
[2026-08-24T00:30:56] METRIC throughput_pct_of_max=9.603
[2026-08-24T00:30:56] RUN_END status=OK
[2026-08-24T00:31:29] RUN_START run_id=SCALE_C_PythonNDN_5000_089
[2026-08-24T00:31:29] PARAM implementation=PythonNDN
[2026-08-24T00:31:29] METRIC concurrent_clients=5000
[2026-08-24T00:31:29] METRIC throughput_pct_of_max=9.397
[2026-08-24T00:31:29] RUN_END status=OK
