[2026-08-13T08:02:24] RUN_START run_id=SCALE_C_PythonNDN_1000_003
[2026-08-13T08:02:24] PARAM implementation=PythonNDN
[2026-08-13T08:02:24] METRIC concurrent_clients=1000
[2026-08-13T08:02:24] METRIC throughput_pct_of_max=14.54
[2026-08-13T08:02:24] RUN_END status=OK
[2026-08-13T08:05:05] RUN_START run_id=SCALE_C_PythonNDN_1000_004
[2026-08-13T08:05:05] PARAM implementation=PythonNDN
[2026-08-13T08:05:05] METRIC concurrent_clients=1000
[2026-08-13T08:05:05] METRIC throughput_pct_of_max=14.872
[2026-08-13T08:05:05] RUN_END status=OK
[2026-08-13T08:06:22] RUN_START run_id=SCALE_C_PythonNDN_1000_005
[2026-08-13T08:06:22] PARAM implementation=PythonNDN
[2026-08-13T08:06:22] METRIC concurrent_clients=1000
[2026-08-13T08:06:22] METRIC throughput_pct_of_max=14.242
[2026-08-13T08:06:22] RUN_END status=OK
[2026-08-13T08:08:59] RUN_START run_id=SCALE_C_PythonNDN_1000_006
[2026-08-13T08:08:59] PARAM implementation=PythonNDN
[2026-08-13T08:08:59] METRIC concurrent_clients=1000
[2026-08-13T08:08:59] METRIC throughput_pct_of_max=14.976
[2026-08-13T08:08:59] RUN_END status=OK
[2026-08-13T08:10:58] RUN_START run_id=SCALE_C_PythonNDN_1000_007
[2026-08-13T08:10:58] PARAM implementation=PythonNDN
[2026-08-13T08:10:58] METRIC concurrent_clients=1000
[2026-08-13T08:10:58] METRIC throughput_pct_of_max=15.872
[2026-08-13T08:10:58] RUN_END status=OK
[2026-08-13T08:12:49] RUN_START run_id=SCALE_C_PythonNDN_1000_008
[2026-08-13T08:12:49] PARAM implementation=PythonNDN
[2026-08-13T08:12:49] METRIC concurrent_clients=1000
[2026-08-13T08:12:49] METRIC throughput_pct_of_max=14.728
[2026-08-13T08:12:49] RUN_END status=OK
[2026-08-13T08:16:36] RUN_START run_id=SCALE_C_PythonNDN_1000_009
[2026-08-13T08:16:36] PARAM implementation=PythonNDN
[2026-08-13T08:16:36] METRIC concurrent_clients=1000
[2026-08-13T08:16:36] METRIC throughput_pct_of_max=14.443
[2026-08-13T08:16:36] RUN_END status=OK
[2026-08-13T08:18:13] RUN_START run_id=SCALE_C_PythonNDN_1000_010
[2026-08-13T08:18:13] PARAM implementation=PythonNDN
[2026-08-13T08:18:13] METRIC concurrent_clients=1000
[2026-08-13T08:18:13] METRIC throughput_pct_of_max=14.67
[2026-08-13T08:18:13] RUN_END status=OK
[2026-08-13T08:21:59] RUN_START run_id=SCALE_C_PythonNDN_1000_011
[2026-08-13T08:21:59] PARAM implementation=PythonNDN
[2026-08-13T08:21:59] METRIC concurrent_clients=1000
[2026-08-13T08:21:59] METRIC throughput_pct_of_max=15.676
[2026-08-13T08:21:59] RUN_END status=OK
[2026-08-13T08:23:11] RUN_START run_id=SCALE_C_PythonNDN_1000_012
[2026-08-13T08:23:11] PARAM implementation=PythonNDN
[2026-08-13T08:23:11] METRIC concurrent_clients=1000
[2026-08-13T08:23:11] METRIC throughput_pct_of_max=15.224
[2026-08-13T08:23:11] RUN_END status=OK
[2026-08-13T08:26:54] RUN_START run_id=SCALE_C_PythonNDN_1000_013
[2026-08-13T08:26:54] PARAM implementation=PythonNDN
[2026-08-13T08:26:54] METRIC concurrent_clients=1000
[2026-08-13T08:26:54] METRIC throughput_pct_of_max=15.512
[2026-08-13T08:26:54] RUN_END status=OK
