[2026-08-28T08:11:39] RUN_START run_id=SCALE_C_uDCN_5000_125
[2026-08-28T08:11:39] PARAM implementation=uDCN
[2026-08-28T08:11:39] METRIC concurrent_clients=5000
[2026-08-28T08:11:39] METRIC throughput_pct_of_max=75.399
[2026-08-28T08:11:39] RUN_END status=OK
[2026-08-28T08:14:49] RUN_START run_id=SCALE_C_uDCN_5000_126
[2026-08-28T08:14:49] PARAM implementation=uDCN
[2026-08-28T08:14:49] METRIC concurrent_clients=5000
[2026-08-28T08:14:49] METRIC throughput_pct_of_max=74.764
[2026-08-28T08:14:49] RUN_END status=OK
[2026-08-28T08:15:55] RUN_START run_id=SCALE_C_uDCN_5000_127
[2026-08-28T08:15:55] PARAM implementation=uDCN
[2026-08-28T08:15:55] METRIC concurrent_clients=5000
[2026-08-28T08:15:55] METRIC throughput_pct_of_max=72.494
[2026-08-28T08:15:55] RUN_END status=OK
[2026-08-28T08:21:17] RUN_START run_id=SCALE_C_uDCN_5000_128
[2026-08-28T08:21:17] PARAM implementation=uDCN
[2026-08-28T08:21:17] METRIC concurrent_clients=5000
[2026-08-28T08:21:17] METRIC throughput_pct_of_max=74.873
[2026-08-28T08:21:17] RUN_END status=OK
[2026-08-28T08:22:45] RUN_START run_id=SCALE_C_uDCN_5000_129
[2026-08-28T08:22:45] PARAM implementation=uDCN
[2026-08-28T08:22:45] METRIC concurrent_clients=5000
[2026-08-28T08:22:45] METRIC throughput_pct_of_max=74.534
[2026-08-28T08:22:45] RUN_END status=OK
[2026-08-28T08:23:26] RUN_START run_id=SCALE_C_uDCN_5000_130
[2026-08-28T08:23:26] PARAM implementation=uDCN
[2026-08-28T08:23:26] METRIC concurrent_clients=5000
[2026-08-28T08:23:26] METRIC throughput_pct_of_max=73.696
[2026-08-28T08:23:26] RUN_END status=OK
[2026-08-28T08:27:41] RUN_START run_id=SCALE_C_uDCN_5000_131
[2026-08-28T08:27:41] PARAM implementation=uDCN
[2026-08-28T08:27:41] METRIC concurrent_clients=5000
[2026-08-28T08:27:41] METRIC throughput_pct_of_max=72.238
[2026-08-28T08:27:41] RUN_END status=OK
[2026-08-28T08:29:15] RUN_START run_id=SCALE_C_uDCN_5000_132
[2026-08-28T08:29:15] PARAM implementation=uDCN
[2026-08-28T08:29:15] METRIC concurrent_clients=5000
[2026-08-28T08:29:15] METRIC throughput_pct_of_max=72.572
[2026-08-28T08:29:15] RUN_END status=OK
[2026-08-28T08:33:45] RUN_START run_id=SCALE_C_uDCN_5000_133
[2026-08-28T08:33:45] PARAM implementation=uDCN
[2026-08-28T08:33:45] METRIC concurrent_clients=5000
[2026-08-28T08:33:45] METRIC throughput_pct_of_max=77.159
[2026-08-28T08:33:45] RUN_END status=OK
[2026-08-28T08:34:19] RUN_START run_id=SCALE_C_uDCN_5000_134
[2026-08-28T08:34:19] PARAM implementation=uDCN
[2026-08-28T08:34:19] METRIC concurrent_clients=5000
[2026-08-28T08:34:19] METRIC throughput_pct_of_max=77.016
[2026-08-28T08:34:19] RUN_END status=OK
[2026-08-28T08:37:24] RUN_START run_id=SCALE_C_uDCN_5000_135
[2026-08-28T08:37:24] PARAM implementation=uDCN
[2026-08-28T08:37:24] METRIC concurrent_clients=5000
[2026-08-28T08:37:24] METRIC throughput_pct_of_max=80.4
[2026-08-28T08:37:24] RUN_END status=OK
[2026-08-28T08:39:22] RUN_START run_id=SCALE_C_uDCN_5000_136
[2026-08-28T08:39:22] PARAM implementation=uDCN
[2026-08-28T08:39:22] METRIC concurrent_clients=5000
[2026-08-28T08:39:22] METRIC throughput_pct_of_max=78.946
[2026-08-28T08:39:22] RUN_END status=OK
[2026-08-28T08:40:27] RUN_START run_id=SCALE_C_uDCN_5000_137
[2026-08-28T08:40:27] PARAM implementation=uDCN
[2026-08-28T08:40:27] METRIC concurrent_clients=5000
[2026-08-28T08:40:27] METRIC throughput_pct_of_max=77.395
[2026-08-28T08:40:27] RUN_END status=OK
[2026-08-28T08:40:45] RUN_START run_id=SCALE_C_uDCN_5000_138
[2026-08-28T08:40:45] PARAM implementation=uDCN
[2026-08-28T08:40:45] METRIC concurrent_clients=5000
[2026-08-28T08:40:45] METRIC throughput_pct_of_max=79.102
[2026-08-28T08:40:45] RUN_END status=OK
[2026-08-28T08:43:17] RUN_START run_id=SCALE_C_uDCN_5000_139
[2026-08-28T08:43:17] PARAM implementation=uDCN
[2026-08-28T08:43:17] METRIC concurrent_clients=5000
[2026-08-28T08:43:17] METRIC throughput_pct_of_max=80.606
[2026-08-28T08:43:17] RUN_END status=OK
[2026-08-28T08:44:50] RUN_START run_id=SCALE_C_uDCN_5000_140
[2026-08-28T08:44:50] PARAM implementation=uDCN
[2026-08-28T08:44:50] METRIC concurrent_clients=5000
[2026-08-28T08:44:50] METRIC throughput_pct_of_max=70.337
[2026-08-28T08:44:50] RUN_END status=OK
[2026-08-28T08:46:09] RUN_START run_id=SCALE_C_uDCN_5000_141
[2026-08-28T08:46:09] PARAM implementation=uDCN
[2026-08-28T08:46:09] METRIC concurrent_clients=5000
[2026-08-28T08:46:09] METRIC throughput_pct_of_max=70.579
[2026-08-28T08:46:09] RUN_END status=OK
[2026-08-28T08:47:44] RUN_START run_id=SCALE_C_uDCN_5000_142
[2026-08-28T08:47:44] PARAM implementation=uDCN
[2026-08-28T08:47:44] METRIC concurrent_clients=5000
[2026-08-28T08:47:44] METRIC throughput_pct_of_max=75.349
[2026-08-28T08:47:44] RUN_END status=OK
