[2026-08-26T23:15:27] RUN_START run_id=SCALE_C_uDCN_100_032
[2026-08-26T23:15:27] PARAM implementation=uDCN
[2026-08-26T23:15:27] METRIC concurrent_clients=100
[2026-08-26T23:15:27] METRIC throughput_pct_of_max=91.747
[2026-08-26T23:15:27] RUN_END status=OK
[2026-08-26T23:19:08] RUN_START run_id=SCALE_C_uDCN_100_033
[2026-08-26T23:19:08] PARAM implementation=uDCN
[2026-08-26T23:19:08] METRIC concurrent_clients=100
[2026-08-26T23:19:08] METRIC throughput_pct_of_max=93.035
[2026-08-26T23:19:08] RUN_END status=OK
[2026-08-26T23:20:19] RUN_START run_id=SCALE_C_uDCN_100_034
[2026-08-26T23:20:19] PARAM implementation=uDCN
[2026-08-26T23:20:19] METRIC concurrent_clients=100
[2026-08-26T23:20:19] METRIC throughput_pct_of_max=96.715
[2026-08-26T23:20:19] RUN_END status=OK
[2026-08-26T23:22:10] RUN_START run_id=SCALE_C_uDCN_100_035
[2026-08-26T23:22:10] PARAM implementation=uDCN
[2026-08-26T23:22:10] METRIC concurrent_clients=100
[2026-08-26T23:22:10] METRIC throughput_pct_of_max=94.908
[2026-08-26T23:22:10] RUN_END status=OK
[2026-08-26T23:24:41] RUN_START run_id=SCALE_C_uDCN_100_036
[2026-08-26T23:24:41] PARAM implementation=uDCN
[2026-08-26T23:24:41] METRIC concurrent_clients=100
[2026-08-26T23:24:41] METRIC throughput_pct_of_max=90.155
[2026-08-26T23:24:41] RUN_END status=OK
[2026-08-26T23:25:57] RUN_START run_id=SCALE_C_uDCN_100_037
[2026-08-26T23:25:57] PARAM implementation=uDCN
[2026-08-26T23:25:57] METRIC concurrent_clients=100
[2026-08-26T23:25:57] METRIC throughput_pct_of_max=88.748
[2026-08-26T23:25:57] RUN_END status=OK
[2026-08-26T23:27:36] RUN_START run_id=SCALE_C_uDCN_100_038
[2026-08-26T23:27:36] PARAM implementation=uDCN
[2026-08-26T23:27:36] METRIC concurrent_clients=100
[2026-08-26T23:27:36] METRIC throughput_pct_of_max=95.708
[2026-08-26T23:27:36] RUN_END status=OK
[2026-08-26T23:29:58] RUN_START run_id=SCALE_C_uDCN_100_039
[2026-08-26T23:29:58] PARAM implementation=uDCN
[2026-08-26T23:29:58] METRIC concurrent_clients=100
[2026-08-26T23:29:58] METRIC throughput_pct_of_max=95.827
[2026-08-26T23:29:58] RUN_END status=OK
[2026-08-26T23:30:35] RUN_START run_id=SCALE_C_uDCN_100_040
[2026-08-26T23:30:35] PARAM implementation=uDCN
[2026-08-26T23:30:35] METRIC concurrent_clients=100
[2026-08-26T23:30:35] METRIC throughput_pct_of_max=90.475
[2026-08-26T23:30:35] RUN_END status=OK
[2026-08-26T23:34:26] RUN_START run_id=SCALE_C_uDCN_100_041
[2026-08-26T23:34:26] PARAM implementation=uDCN
[2026-08-26T23:34:26] METRIC concurrent_clients=100
[2026-08-26T23:34:26] METRIC throughput_pct_of_max=90.726
[2026-08-26T23:34:26] RUN_END status=OK
[2026-08-26T23:36:21] RUN_START run_id=SCALE_C_uDCN_100_042
[2026-08-26T23:36:21] PARAM implementation=uDCN
[2026-08-26T23:36:21] METRIC concurrent_clients=100
[2026-08-26T23:36:21] METRIC throughput_pct_of_max=94.392
[2026-08-26T23:36:21] RUN_END status=OK
[2026-08-26T23:41:21] RUN_START run_id=SCALE_C_uDCN_100_043
[2026-08-26T23:41:21] PARAM implementation=uDCN
[2026-08-26T23:41:21] METRIC concurrent_clients=100
[2026-08-26T23:41:21] METRIC throughput_pct_of_max=94.605
[2026-08-26T23:41:21] RUN_END status=OK
[2026-08-26T23:42:09] RUN_START run_id=SCALE_C_uDCN_100_044
[2026-08-26T23:42:09] PARAM implementation=uDCN
[2026-08-26T23:42:09] METRIC concurrent_clients=100
[2026-08-26T23:42:09] METRIC throughput_pct_of_max=93.959
[2026-08-26T23:42:09] RUN_END status=OK
[2026-08-26T23:45:32] RUN_START run_id=SCALE_C_uDCN_100_045
[2026-08-26T23:45:32] PARAM implementation=uDCN
[2026-08-26T23:45:32] METRIC concurrent_clients=100
[2026-08-26T23:45:32] METRIC throughput_pct_of_max=97.492
[2026-08-26T23:45:32] RUN_END status=OK
[2026-08-26T23:46:38] RUN_START run_id=SCALE_C_uDCN_100_046
[2026-08-26T23:46:38] PARAM implementation=uDCN
[2026-08-26T23:46:38] METRIC concurrent_clients=100
[2026-08-26T23:46:38] METRIC throughput_pct_of_max=89.25
[2026-08-26T23:46:38] RUN_END status=OK
[2026-08-26T23:47:38] RUN_START run_id=SCALE_C_uDCN_100_047
[2026-08-26T23:47:38] PARAM implementation=uDCN
[2026-08-26T23:47:38] METRIC concurrent_clients=100
[2026-08-26T23:47:38] METRIC throughput_pct_of_max=92.537
[2026-08-26T23:47:38] RUN_END status=OK
