[2026-08-22T23:52:02] RUN_START run_id=SCALE_C_uDCN_50_150
[2026-08-22T23:52:02] PARAM implementation=uDCN
[2026-08-22T23:52:02] METRIC concurrent_clients=50
[2026-08-22T23:52:02] METRIC throughput_pct_of_max=100.0
[2026-08-22T23:52:02] RUN_END status=OK
[2026-08-23T00:11:18] RUN_START run_id=SCALE_C_CCNlite_500_026
[2026-08-23T00:11:18] PARAM implementation=CCNlite
[2026-08-23T00:11:18] METRIC concurrent_clients=500
[2026-08-23T00:11:18] METRIC throughput_pct_of_max=68.376
[2026-08-23T00:11:18] RUN_END status=OK
[2026-08-23T00:16:02] RUN_START run_id=SCALE_C_CCNlite_500_027
[2026-08-23T00:16:02] PARAM implementation=CCNlite
[2026-08-23T00:16:02] METRIC concurrent_clients=500
[2026-08-23T00:16:02] METRIC throughput_pct_of_max=65.17
[2026-08-23T00:16:02] RUN_END status=OK
[2026-08-23T00:17:09] RUN_START run_id=SCALE_C_CCNlite_500_028
[2026-08-23T00:17:09] PARAM implementation=CCNlite
[2026-08-23T00:17:09] METRIC concurrent_clients=500
[2026-08-23T00:17:09] METRIC throughput_pct_of_max=63.859
[2026-08-23T00:17:09] RUN_END status=OK
[2026-08-23T00:18:09] RUN_START run_id=SCALE_C_CCNlite_100_015
[2026-08-23T00:18:09] PARAM implementation=CCNlite
[2026-08-23T00:18:09] METRIC concurrent_clients=100
[2026-08-23T00:18:09] METRIC throughput_pct_of_max=82.223
[2026-08-23T00:18:09] RUN_END status=OK
[2026-08-23T00:19:25] RUN_START run_id=SCALE_C_CCNlite_100_016
[2026-08-23T00:19:25] PARAM implementation=CCNlite
[2026-08-23T00:19:25] METRIC concurrent_clients=100
[2026-08-23T00:19:25] METRIC throughput_pct_of_max=81.731
[2026-08-23T00:19:25] RUN_END status=OK
[2026-08-23T00:19:46] RUN_START run_id=SCALE_C_CCNlite_500_029
[2026-08-23T00:19:46] PARAM implementation=CCNlite
[2026-08-23T00:19:46] METRIC concurrent_clients=500
[2026-08-23T00:19:46] METRIC throughput_pct_of_max=68.293
[2026-08-23T00:19:46] RUN_END status=OK
[2026-08-23T00:21:19] RUN_START run_id=SCALE_C_CCNlite_500_030
[2026-08-23T00:21:19] PARAM implementation=CCNlite
[2026-08-23T00:21:19] METRIC concurrent_clients=500
[2026-08-23T00:21:19] METRIC throughput_pct_of_max=64.601
[2026-08-23T00:21:19] RUN_END status=OK
[2026-08-23T00:23:26] RUN_START run_id=SCALE_C_CCNlite_100_017
[2026-08-23T00:23:26] PARAM implementation=CCNlite
[2026-08-23T00:23:26] METRIC concurrent_clients=100
[2026-08-23T00:23:26] METRIC throughput_pct_of_max=76.293
[2026-08-23T00:23:26] RUN_END status=OK
[2026-08-23T00:24:14] RUN_START run_id=SCALE_C_CCNlite_10_115
[2026-08-23T00:24:14] PARAM implementation=CCNlite
[2026-08-23T00:24:14] METRIC concurrent_clients=10
[2026-08-23T00:24:14] METRIC throughput_pct_of_max=100.0
[2026-08-23T00:24:14] RUN_END status=OK
[2026-08-23T00:25:22] RUN_START run_id=SCALE_C_CCNlite_100_018
[2026-08-23T00:25:22] PARAM implementation=CCNlite
[2026-08-23T00:25:22] METRIC concurrent_clients=100
[2026-08-23T00:25:22] METRIC throughput_pct_of_max=77.705
[2026-08-23T00:25:22] RUN_END status=OK
[2026-08-23T00:25:38] RUN_START run_id=SCALE_C_CCNlite_100_019
[2026-08-23T00:25:38] PARAM implementation=CCNlite
[2026-08-23T00:25:38] METRIC concurrent_clients=100
[2026-08-23T00:25:38] METRIC throughput_pct_of_max=81.837
[2026-08-23T00:25:38] RUN_END status=OK
[2026-08-23T00:26:25] RUN_START run_id=SCALE_C_CCNlite_100_020
[2026-08-23T00:26:25] PARAM implementation=CCNlite
[2026-08-23T00:26:25] METRIC concurrent_clients=100
[2026-08-23T00:26:25] METRIC throughput_pct_of_max=81.246
[2026-08-23T00:26:25] RUN_END status=OK
[2026-08-23T00:26:43] RUN_START run_id=SCALE_C_CCNlite_10_116
[2026-08-23T00:26:43] PARAM implementation=CCNlite
[2026-08-23T00:26:43] METRIC concurrent_clients=10
[2026-08-23T00:26:43] METRIC throughput_pct_of_max=98.804
[2026-08-23T00:26:43] RUN_END status=OK
[2026-08-23T00:27:44] RUN_START run_id=SCALE_C_CCNlite_100_021
[2026-08-23T00:27:44] PARAM implementation=CCNlite
[2026-08-23T00:27:44] METRIC concurrent_clients=100
[2026-08-23T00:27:44] METRIC throughput_pct_of_max=83.256
[2026-08-23T00:27:44] RUN_END status=OK
[2026-08-23T00:28:48] RUN_START run_id=SCALE_C_CCNlite_500_031
[2026-08-23T00:28:48] PARAM implementation=CCNlite
[2026-08-23T00:28:48] METRIC concurrent_clients=500
[2026-08-23T00:28:48] METRIC throughput_pct_of_max=68.344
[2026-08-23T00:28:48] RUN_END status=OK
[2026-08-23T00:29:15] RUN_START run_id=SCALE_C_CCNlite_100_022
[2026-08-23T00:29:15] PARAM implementation=CCNlite
[2026-08-23T00:29:15] METRIC concurrent_clients=100
[2026-08-23T00:29:15] METRIC throughput_pct_of_max=82.104
[2026-08-23T00:29:15] RUN_END status=OK
[2026-08-23T00:29:52] RUN_START run_id=SCALE_C_CCNlite_500_032
[2026-08-23T00:29:52] PARAM implementation=CCNlite
[2026-08-23T00:29:52] METRIC concurrent_clients=500
[2026-08-23T00:29:52] METRIC throughput_pct_of_max=67.739
[2026-08-23T00:29:52] RUN_END status=OK
[2026-08-23T00:30:06] RUN_START run_id=SCALE_C_CCNlite_10_117
[2026-08-23T00:30:06] PARAM implementation=CCNlite
[2026-08-23T00:30:06] METRIC concurrent_clients=10
[2026-08-23T00:30:06] METRIC throughput_pct_of_max=98.931
[2026-08-23T00:30:06] RUN_END status=OK
