[2026-08-20T04:52:52] RUN_START run_id=SCALE_C_uDCN_50_051
[2026-08-20T04:52:52] PARAM implementation=uDCN
[2026-08-20T04:52:52] METRIC concurrent_clients=50
[2026-08-20T04:52:52] METRIC throughput_pct_of_max=100.0
[2026-08-20T04:52:52] RUN_END status=OK
[2026-08-20T04:55:15] RUN_START run_id=SCALE_C_uDCN_50_052
[2026-08-20T04:55:15] PARAM implementation=uDCN
[2026-08-20T04:55:15] METRIC concurrent_clients=50
[2026-08-20T04:55:15] METRIC throughput_pct_of_max=97.349
[2026-08-20T04:55:15] RUN_END status=OK
[2026-08-20T04:57:20] RUN_START run_id=SCALE_C_uDCN_50_053
[2026-08-20T04:57:20] PARAM implementation=uDCN
[2026-08-20T04:57:20] METRIC concurrent_clients=50
[2026-08-20T04:57:20] METRIC throughput_pct_of_max=98.041
[2026-08-20T04:57:20] RUN_END status=OK
[2026-08-20T04:59:00] RUN_START run_id=SCALE_C_uDCN_50_054
[2026-08-20T04:59:00] PARAM implementation=uDCN
[2026-08-20T04:59:00] METRIC concurrent_clients=50
[2026-08-20T04:59:00] METRIC throughput_pct_of_max=92.578
[2026-08-20T04:59:00] RUN_END status=OK
[2026-08-20T04:59:59] RUN_START run_id=SCALE_C_uDCN_50_055
[2026-08-20T04:59:59] PARAM implementation=uDCN
[2026-08-20T04:59:59] METRIC concurrent_clients=50
[2026-08-20T04:59:59] METRIC throughput_pct_of_max=97.099
[2026-08-20T04:59:59] RUN_END status=OK
[2026-08-20T05:02:02] RUN_START run_id=SCALE_C_uDCN_50_056
[2026-08-20T05:02:02] PARAM implementation=uDCN
[2026-08-20T05:02:02] METRIC concurrent_clients=50
[2026-08-20T05:02:02] METRIC throughput_pct_of_max=98.394
[2026-08-20T05:02:02] RUN_END status=OK
[2026-08-20T05:05:20] RUN_START run_id=SCALE_C_uDCN_50_057
[2026-08-20T05:05:20] PARAM implementation=uDCN
[2026-08-20T05:05:20] METRIC concurrent_clients=50
[2026-08-20T05:05:20] METRIC throughput_pct_of_max=98.189
[2026-08-20T05:05:20] RUN_END status=OK
[2026-08-20T07:15:21] RUN_START run_id=SCALE_C_uDCN_500_092
[2026-08-20T07:15:21] PARAM implementation=uDCN
[2026-08-20T07:15:21] METRIC concurrent_clients=500
[2026-08-20T07:15:21] METRIC throughput_pct_of_max=90.376
[2026-08-20T07:15:21] RUN_END status=OK
[2026-08-20T07:16:47] RUN_START run_id=SCALE_C_uDCN_500_093
[2026-08-20T07:16:47] PARAM implementation=uDCN
[2026-08-20T07:16:47] METRIC concurrent_clients=500
[2026-08-20T07:16:47] METRIC throughput_pct_of_max=96.859
[2026-08-20T07:16:47] RUN_END status=OK
[2026-08-20T07:18:09] RUN_START run_id=SCALE_C_uDCN_500_094
[2026-08-20T07:18:09] PARAM implementation=uDCN
[2026-08-20T07:18:09] METRIC concurrent_clients=500
[2026-08-20T07:18:09] METRIC throughput_pct_of_max=88.947
[2026-08-20T07:18:09] RUN_END status=OK
[2026-08-20T07:19:44] RUN_START run_id=SCALE_C_uDCN_500_095
[2026-08-20T07:19:44] PARAM implementation=uDCN
[2026-08-20T07:19:44] METRIC concurrent_clients=500
[2026-08-20T07:19:44] METRIC throughput_pct_of_max=96.607
[2026-08-20T07:19:44] RUN_END status=OK
[2026-08-20T07:21:13] RUN_START run_id=SCALE_C_uDCN_500_096
[2026-08-20T07:21:13] PARAM implementation=uDCN
[2026-08-20T07:21:13] METRIC concurrent_clients=500
[2026-08-20T07:21:13] METRIC throughput_pct_of_max=91.091
[2026-08-20T07:21:13] RUN_END status=OK
[2026-08-20T07:22:02] RUN_START run_id=SCALE_C_uDCN_500_097
[2026-08-20T07:22:02] PARAM implementation=uDCN
[2026-08-20T07:22:02] METRIC concurrent_clients=500
[2026-08-20T07:22:02] METRIC throughput_pct_of_max=95.689
[2026-08-20T07:22:02] RUN_END status=OK
[2026-08-20T07:22:56] RUN_START run_id=SCALE_C_uDCN_500_098
[2026-08-20T07:22:56] PARAM implementation=uDCN
[2026-08-20T07:22:56] METRIC concurrent_clients=500
[2026-08-20T07:22:56] METRIC throughput_pct_of_max=93.552
[2026-08-20T07:22:56] RUN_END status=OK
[2026-08-20T07:28:11] RUN_START run_id=SCALE_C_uDCN_500_099
[2026-08-20T07:28:11] PARAM implementation=uDCN
[2026-08-20T07:28:11] METRIC concurrent_clients=500
[2026-08-20T07:28:11] METRIC throughput_pct_of_max=87.843
[2026-08-20T07:28:11] RUN_END status=OK
[2026-08-20T07:31:22] RUN_START run_id=SCALE_C_uDCN_500_100
[2026-08-20T07:31:22] PARAM implementation=uDCN
[2026-08-20T07:31:22] METRIC concurrent_clients=500
[2026-08-20T07:31:22] METRIC throughput_pct_of_max=97.953
[2026-08-20T07:31:22] RUN_END status=OK
[2026-08-20T07:32:24] RUN_START run_id=SCALE_C_uDCN_500_101
[2026-08-20T07:32:24] PARAM implementation=uDCN
[2026-08-20T07:32:24] METRIC concurrent_clients=500
[2026-08-20T07:32:24] METRIC throughput_pct_of_max=95.096
[2026-08-20T07:32:24] RUN_END status=OK
[2026-08-20T07:35:50] RUN_START run_id=SCALE_C_uDCN_500_102
[2026-08-20T07:35:50] PARAM implementation=uDCN
[2026-08-20T07:35:50] METRIC concurrent_clients=500
[2026-08-20T07:35:50] METRIC throughput_pct_of_max=92.831
[2026-08-20T07:35:50] RUN_END status=OK
[2026-08-20T07:38:29] RUN_START run_id=SCALE_C_uDCN_500_103
[2026-08-20T07:38:29] PARAM implementation=uDCN
[2026-08-20T07:38:29] METRIC concurrent_clients=500
[2026-08-20T07:38:29] METRIC throughput_pct_of_max=90.528
[2026-08-20T07:38:29] RUN_END status=OK
