[2026-08-21T14:42:45] RUN_START run_id=SCALE_C_CCNlite_1000_148
[2026-08-21T14:42:45] PARAM implementation=CCNlite
[2026-08-21T14:42:45] METRIC concurrent_clients=1000
[2026-08-21T14:42:45] METRIC throughput_pct_of_max=61.012
[2026-08-21T14:42:45] RUN_END status=OK
[2026-08-21T14:44:04] RUN_START run_id=SCALE_C_CCNlite_1000_149
[2026-08-21T14:44:04] PARAM implementation=CCNlite
[2026-08-21T14:44:04] METRIC concurrent_clients=1000
[2026-08-21T14:44:04] METRIC throughput_pct_of_max=59.273
[2026-08-21T14:44:04] RUN_END status=OK
[2026-08-21T14:45:48] RUN_START run_id=SCALE_C_CCNlite_1000_150
[2026-08-21T14:45:48] PARAM implementation=CCNlite
[2026-08-21T14:45:48] METRIC concurrent_clients=1000
[2026-08-21T14:45:48] METRIC throughput_pct_of_max=62.534
[2026-08-21T14:45:48] RUN_END status=OK
[2026-08-21T15:39:09] RUN_START run_id=SCALE_C_PythonNDN_50_076
[2026-08-21T15:39:09] PARAM implementation=PythonNDN
[2026-08-21T15:39:09] METRIC concurrent_clients=50
[2026-08-21T15:39:09] METRIC throughput_pct_of_max=85.301
[2026-08-21T15:39:09] RUN_END status=OK
[2026-08-21T15:40:24] RUN_START run_id=SCALE_C_PythonNDN_50_077
[2026-08-21T15:40:24] PARAM implementation=PythonNDN
[2026-08-21T15:40:24] METRIC concurrent_clients=50
[2026-08-21T15:40:24] METRIC throughput_pct_of_max=92.067
[2026-08-21T15:40:24] RUN_END status=OK
[2026-08-21T15:42:52] RUN_START run_id=SCALE_C_PythonNDN_50_078
[2026-08-21T15:42:52] PARAM implementation=PythonNDN
[2026-08-21T15:42:52] METRIC concurrent_clients=50
[2026-08-21T15:42:52] METRIC throughput_pct_of_max=90.293
[2026-08-21T15:42:52] RUN_END status=OK
[2026-08-21T15:44:35] RUN_START run_id=SCALE_C_PythonNDN_50_079
[2026-08-21T15:44:35] PARAM implementation=PythonNDN
[2026-08-21T15:44:35] METRIC concurrent_clients=50
[2026-08-21T15:44:35] METRIC throughput_pct_of_max=88.361
[2026-08-21T15:44:35] RUN_END status=OK
[2026-08-21T15:45:15] RUN_START run_id=SCALE_C_PythonNDN_50_080
[2026-08-21T15:45:15] PARAM implementation=PythonNDN
[2026-08-21T15:45:15] METRIC concurrent_clients=50
[2026-08-21T15:45:15] METRIC throughput_pct_of_max=80.673
[2026-08-21T15:45:15] RUN_END status=OK
[2026-08-21T15:46:45] RUN_START run_id=SCALE_C_PythonNDN_50_081
[2026-08-21T15:46:45] PARAM implementation=PythonNDN
[2026-08-21T15:46:45] METRIC concurrent_clients=50
[2026-08-21T15:46:45] METRIC throughput_pct_of_max=82.275
[2026-08-21T15:46:45] RUN_END status=OK
[2026-08-21T15:48:22] RUN_START run_id=SCALE_C_PythonNDN_50_082
[2026-08-21T15:48:22] PARAM implementation=PythonNDN
[2026-08-21T15:48:22] METRIC concurrent_clients=50
[2026-08-21T15:48:22] METRIC throughput_pct_of_max=80.823
[2026-08-21T15:48:22] RUN_END status=OK
[2026-08-21T15:51:03] RUN_START run_id=SCALE_C_PythonNDN_50_083
[2026-08-21T15:51:03] PARAM implementation=PythonNDN
[2026-08-21T15:51:03] METRIC concurrent_clients=50
[2026-08-21T15:51:03] METRIC throughput_pct_of_max=85.692
[2026-08-21T15:51:03] RUN_END status=OK
