[2026-08-24T00:55:52] RUN_START run_id=SCALE_C_CCNlite_500_069
[2026-08-24T00:55:52] PARAM implementation=CCNlite
[2026-08-24T00:55:52] METRIC concurrent_clients=500
[2026-08-24T00:55:52] METRIC throughput_pct_of_max=67.187
[2026-08-24T00:55:52] RUN_END status=OK
[2026-08-24T00:57:53] RUN_START run_id=SCALE_C_CCNlite_500_070
[2026-08-24T00:57:53] PARAM implementation=CCNlite
[2026-08-24T00:57:53] METRIC concurrent_clients=500
[2026-08-24T00:57:53] METRIC throughput_pct_of_max=66.455
[2026-08-24T00:57:53] RUN_END status=OK
[2026-08-24T00:59:10] RUN_START run_id=07_scalability_clients_DISCARDED_0156
[2026-08-24T00:59:10] RUN_ABORTED reason=trex_controller_reset: TRex stateful-engine control connection dropped mid-run before steady-state throughput reached
[2026-08-24T00:59:57] RUN_START run_id=SCALE_C_CCNlite_500_071
[2026-08-24T00:59:57] PARAM implementation=CCNlite
[2026-08-24T00:59:57] METRIC concurrent_clients=500
[2026-08-24T00:59:57] METRIC throughput_pct_of_max=68.216
[2026-08-24T00:59:57] RUN_END status=OK
[2026-08-24T01:02:40] RUN_START run_id=SCALE_C_CCNlite_500_072
[2026-08-24T01:02:40] PARAM implementation=CCNlite
[2026-08-24T01:02:40] METRIC concurrent_clients=500
[2026-08-24T01:02:40] METRIC throughput_pct_of_max=65.49
[2026-08-24T01:02:40] RUN_END status=OK
[2026-08-24T01:04:12] RUN_START run_id=SCALE_C_CCNlite_500_073
[2026-08-24T01:04:12] PARAM implementation=CCNlite
[2026-08-24T01:04:12] METRIC concurrent_clients=500
[2026-08-24T01:04:12] METRIC throughput_pct_of_max=67.26
[2026-08-24T01:04:12] RUN_END status=OK
[2026-08-24T01:05:34] RUN_START run_id=SCALE_C_CCNlite_500_074
[2026-08-24T01:05:34] PARAM implementation=CCNlite
[2026-08-24T01:05:34] METRIC concurrent_clients=500
[2026-08-24T01:05:34] METRIC throughput_pct_of_max=68.86
[2026-08-24T01:05:34] RUN_END status=OK
[2026-08-24T01:07:42] RUN_START run_id=SCALE_C_CCNlite_500_075
[2026-08-24T01:07:42] PARAM implementation=CCNlite
[2026-08-24T01:07:42] METRIC concurrent_clients=500
[2026-08-24T01:07:42] METRIC throughput_pct_of_max=65.091
[2026-08-24T01:07:42] RUN_END status=OK
[2026-08-24T01:11:24] RUN_START run_id=SCALE_C_CCNlite_500_076
[2026-08-24T01:11:24] PARAM implementation=CCNlite
[2026-08-24T01:11:24] METRIC concurrent_clients=500
[2026-08-24T01:11:24] METRIC throughput_pct_of_max=70.803
[2026-08-24T01:11:24] RUN_END status=OK
[2026-08-24T01:15:11] RUN_START run_id=SCALE_C_CCNlite_500_077
[2026-08-24T01:15:11] PARAM implementation=CCNlite
[2026-08-24T01:15:11] METRIC concurrent_clients=500
[2026-08-24T01:15:11] METRIC throughput_pct_of_max=70.033
[2026-08-24T01:15:11] RUN_END status=OK
[2026-08-24T01:17:28] RUN_START run_id=SCALE_C_CCNlite_500_078
[2026-08-24T01:17:28] PARAM implementation=CCNlite
[2026-08-24T01:17:28] METRIC concurrent_clients=500
[2026-08-24T01:17:28] METRIC throughput_pct_of_max=68.88
[2026-08-24T01:17:28] RUN_END status=OK
[2026-08-24T01:20:55] RUN_START run_id=SCALE_C_CCNlite_500_079
[2026-08-24T01:20:55] PARAM implementation=CCNlite
[2026-08-24T01:20:55] METRIC concurrent_clients=500
[2026-08-24T01:20:55] METRIC throughput_pct_of_max=67.621
[2026-08-24T01:20:55] RUN_END status=OK
[2026-08-24T01:22:02] RUN_START run_id=SCALE_C_CCNlite_500_080
[2026-08-24T01:22:02] PARAM implementation=CCNlite
[2026-08-24T01:22:02] METRIC concurrent_clients=500
[2026-08-24T01:22:02] METRIC throughput_pct_of_max=66.804
[2026-08-24T01:22:02] RUN_END status=OK
[2026-08-24T01:23:46] RUN_START run_id=SCALE_C_CCNlite_500_081
[2026-08-24T01:23:46] PARAM implementation=CCNlite
[2026-08-24T01:23:46] METRIC concurrent_clients=500
[2026-08-24T01:23:46] METRIC throughput_pct_of_max=62.104
[2026-08-24T01:23:46] RUN_END status=OK
[2026-08-24T01:26:59] RUN_START run_id=SCALE_C_CCNlite_500_082
[2026-08-24T01:26:59] PARAM implementation=CCNlite
[2026-08-24T01:26:59] METRIC concurrent_clients=500
[2026-08-24T01:26:59] METRIC throughput_pct_of_max=71.6
[2026-08-24T01:26:59] RUN_END status=OK
[2026-08-24T01:28:36] RUN_START run_id=SCALE_C_CCNlite_500_083
[2026-08-24T01:28:36] PARAM implementation=CCNlite
[2026-08-24T01:28:36] METRIC concurrent_clients=500
[2026-08-24T01:28:36] METRIC throughput_pct_of_max=66.932
[2026-08-24T01:28:36] RUN_END status=OK
[2026-08-24T01:29:48] RUN_START run_id=SCALE_C_CCNlite_500_084
[2026-08-24T01:29:48] PARAM implementation=CCNlite
[2026-08-24T01:29:48] METRIC concurrent_clients=500
[2026-08-24T01:29:48] METRIC throughput_pct_of_max=66.62
[2026-08-24T01:29:48] RUN_END status=OK
[2026-08-24T01:30:08] RUN_START run_id=SCALE_C_CCNlite_500_085
[2026-08-24T01:30:08] PARAM implementation=CCNlite
[2026-08-24T01:30:08] METRIC concurrent_clients=500
[2026-08-24T01:30:08] METRIC throughput_pct_of_max=67.472
[2026-08-24T01:30:08] RUN_END status=OK
[2026-08-24T01:32:48] RUN_START run_id=SCALE_C_CCNlite_500_086
[2026-08-24T01:32:48] PARAM implementation=CCNlite
[2026-08-24T01:32:48] METRIC concurrent_clients=500
[2026-08-24T01:32:48] METRIC throughput_pct_of_max=67.266
[2026-08-24T01:32:48] RUN_END status=OK
[2026-08-24T05:40:34] RUN_START run_id=SCALE_C_uDCN_1000_125
[2026-08-24T05:40:34] PARAM implementation=uDCN
[2026-08-24T05:40:34] METRIC concurrent_clients=1000
[2026-08-24T05:40:34] METRIC throughput_pct_of_max=89.823
[2026-08-24T05:40:34] RUN_END status=OK
