[2026-08-20T13:10:36] RUN_START run_id=SCALE_C_NFD_100_006
[2026-08-20T13:10:36] PARAM implementation=NFD
[2026-08-20T13:10:36] METRIC concurrent_clients=100
[2026-08-20T13:10:36] METRIC throughput_pct_of_max=79.729
[2026-08-20T13:10:36] RUN_END status=OK
[2026-08-20T13:10:57] RUN_START run_id=SCALE_C_CCNlite_10_032
[2026-08-20T13:10:57] PARAM implementation=CCNlite
[2026-08-20T13:10:57] METRIC concurrent_clients=10
[2026-08-20T13:10:57] METRIC throughput_pct_of_max=100.0
[2026-08-20T13:10:57] RUN_END status=OK
[2026-08-20T13:12:13] RUN_START run_id=SCALE_C_NFD_100_007
[2026-08-20T13:12:13] PARAM implementation=NFD
[2026-08-20T13:12:13] METRIC concurrent_clients=100
[2026-08-20T13:12:13] METRIC throughput_pct_of_max=83.639
[2026-08-20T13:12:13] RUN_END status=OK
[2026-08-20T13:13:04] RUN_START run_id=SCALE_C_CCNlite_10_033
[2026-08-20T13:13:04] PARAM implementation=CCNlite
[2026-08-20T13:13:04] METRIC concurrent_clients=10
[2026-08-20T13:13:04] METRIC throughput_pct_of_max=100.0
[2026-08-20T13:13:04] RUN_END status=OK
[2026-08-20T13:14:16] RUN_START run_id=SCALE_C_NFD_100_008
[2026-08-20T13:14:16] PARAM implementation=NFD
[2026-08-20T13:14:16] METRIC concurrent_clients=100
[2026-08-20T13:14:16] METRIC throughput_pct_of_max=76.553
[2026-08-20T13:14:16] RUN_END status=OK
[2026-08-20T13:16:37] RUN_START run_id=SCALE_C_NFD_100_009
[2026-08-20T13:16:37] PARAM implementation=NFD
[2026-08-20T13:16:37] METRIC concurrent_clients=100
[2026-08-20T13:16:37] METRIC throughput_pct_of_max=79.337
[2026-08-20T13:16:37] RUN_END status=OK
[2026-08-20T13:21:00] RUN_START run_id=SCALE_C_NFD_100_010
[2026-08-20T13:21:00] PARAM implementation=NFD
[2026-08-20T13:21:00] METRIC concurrent_clients=100
[2026-08-20T13:21:00] METRIC throughput_pct_of_max=77.153
[2026-08-20T13:21:00] RUN_END status=OK
[2026-08-20T13:24:49] RUN_START run_id=SCALE_C_NFD_100_011
[2026-08-20T13:24:49] PARAM implementation=NFD
[2026-08-20T13:24:49] METRIC concurrent_clients=100
[2026-08-20T13:24:49] METRIC throughput_pct_of_max=78.845
[2026-08-20T13:24:49] RUN_END status=OK
[2026-08-20T13:29:04] RUN_START run_id=SCALE_C_NFD_100_012
[2026-08-20T13:29:04] PARAM implementation=NFD
[2026-08-20T13:29:04] METRIC concurrent_clients=100
[2026-08-20T13:29:04] METRIC throughput_pct_of_max=76.753
[2026-08-20T13:29:04] RUN_END status=OK
[2026-08-20T13:30:00] RUN_START run_id=SCALE_C_NFD_100_013
[2026-08-20T13:30:00] PARAM implementation=NFD
[2026-08-20T13:30:00] METRIC concurrent_clients=100
[2026-08-20T13:30:00] METRIC throughput_pct_of_max=78.516
[2026-08-20T13:30:00] RUN_END status=OK
[2026-08-20T13:35:17] RUN_START run_id=SCALE_C_NFD_100_014
[2026-08-20T13:35:17] PARAM implementation=NFD
[2026-08-20T13:35:17] METRIC concurrent_clients=100
[2026-08-20T13:35:17] METRIC throughput_pct_of_max=79.02
[2026-08-20T13:35:17] RUN_END status=OK
[2026-08-20T13:36:06] RUN_START run_id=SCALE_C_NFD_100_015
[2026-08-20T13:36:06] PARAM implementation=NFD
[2026-08-20T13:36:06] METRIC concurrent_clients=100
[2026-08-20T13:36:06] METRIC throughput_pct_of_max=75.977
[2026-08-20T13:36:06] RUN_END status=OK
[2026-08-20T13:38:15] RUN_START run_id=SCALE_C_NFD_100_016
[2026-08-20T13:38:15] PARAM implementation=NFD
[2026-08-20T13:38:15] METRIC concurrent_clients=100
[2026-08-20T13:38:15] METRIC throughput_pct_of_max=77.169
[2026-08-20T13:38:15] RUN_END status=OK
[2026-08-20T13:40:27] RUN_START run_id=SCALE_C_NFD_100_017
[2026-08-20T13:40:27] PARAM implementation=NFD
[2026-08-20T13:40:27] METRIC concurrent_clients=100
[2026-08-20T13:40:27] METRIC throughput_pct_of_max=79.776
[2026-08-20T13:40:27] RUN_END status=OK
[2026-08-20T13:44:42] RUN_START run_id=SCALE_C_NFD_100_018
[2026-08-20T13:44:42] PARAM implementation=NFD
[2026-08-20T13:44:42] METRIC concurrent_clients=100
[2026-08-20T13:44:42] METRIC throughput_pct_of_max=78.829
[2026-08-20T13:44:42] RUN_END status=OK
[2026-08-20T13:45:56] RUN_START run_id=SCALE_C_NFD_100_019
[2026-08-20T13:45:56] PARAM implementation=NFD
[2026-08-20T13:45:56] METRIC concurrent_clients=100
[2026-08-20T13:45:56] METRIC throughput_pct_of_max=79.775
[2026-08-20T13:45:56] RUN_END status=OK
[2026-08-20T13:49:11] RUN_START run_id=SCALE_C_NFD_100_020
[2026-08-20T13:49:11] PARAM implementation=NFD
[2026-08-20T13:49:11] METRIC concurrent_clients=100
[2026-08-20T13:49:11] METRIC throughput_pct_of_max=80.825
[2026-08-20T13:49:11] RUN_END status=OK
[2026-08-20T13:51:37] RUN_START run_id=SCALE_C_NFD_100_021
[2026-08-20T13:51:37] PARAM implementation=NFD
[2026-08-20T13:51:37] METRIC concurrent_clients=100
[2026-08-20T13:51:37] METRIC throughput_pct_of_max=76.96
[2026-08-20T13:51:37] RUN_END status=OK
[2026-08-20T13:52:47] RUN_START run_id=SCALE_C_NFD_100_022
[2026-08-20T13:52:47] PARAM implementation=NFD
[2026-08-20T13:52:47] METRIC concurrent_clients=100
[2026-08-20T13:52:47] METRIC throughput_pct_of_max=82.709
[2026-08-20T13:52:47] RUN_END status=OK
