[2026-08-27T14:00:57] RUN_START run_id=SCALE_C_NFD_10_030
[2026-08-27T14:00:57] PARAM implementation=NFD
[2026-08-27T14:00:57] METRIC concurrent_clients=10
[2026-08-27T14:00:57] METRIC throughput_pct_of_max=97.225
[2026-08-27T14:00:57] RUN_END status=OK
[2026-08-27T14:02:30] RUN_START run_id=SCALE_C_NFD_10_031
[2026-08-27T14:02:30] PARAM implementation=NFD
[2026-08-27T14:02:30] METRIC concurrent_clients=10
[2026-08-27T14:02:30] METRIC throughput_pct_of_max=100.0
[2026-08-27T14:02:30] RUN_END status=OK
[2026-08-27T18:00:00] RUN_START run_id=SCALE_C_CCNlite_5000_001
[2026-08-27T18:00:00] PARAM implementation=CCNlite
[2026-08-27T18:00:00] METRIC concurrent_clients=5000
[2026-08-27T18:00:00] METRIC throughput_pct_of_max=40.38
[2026-08-27T18:00:00] RUN_END status=OK
[2026-08-27T18:03:17] RUN_START run_id=SCALE_C_CCNlite_5000_002
[2026-08-27T18:03:17] PARAM implementation=CCNlite
[2026-08-27T18:03:17] METRIC concurrent_clients=5000
[2026-08-27T18:03:17] METRIC throughput_pct_of_max=42.865
[2026-08-27T18:03:17] RUN_END status=OK
[2026-08-27T18:06:26] RUN_START run_id=SCALE_C_CCNlite_5000_003
[2026-08-27T18:06:26] PARAM implementation=CCNlite
[2026-08-27T18:06:26] METRIC concurrent_clients=5000
[2026-08-27T18:06:26] METRIC throughput_pct_of_max=41.909
[2026-08-27T18:06:26] RUN_END status=OK
[2026-08-27T18:07:49] RUN_START run_id=SCALE_C_CCNlite_5000_004
[2026-08-27T18:07:49] PARAM implementation=CCNlite
[2026-08-27T18:07:49] METRIC concurrent_clients=5000
[2026-08-27T18:07:49] METRIC throughput_pct_of_max=41.229
[2026-08-27T18:07:49] RUN_END status=OK
[2026-08-27T18:09:27] RUN_START run_id=SCALE_C_CCNlite_5000_005
[2026-08-27T18:09:27] PARAM implementation=CCNlite
[2026-08-27T18:09:27] METRIC concurrent_clients=5000
[2026-08-27T18:09:27] METRIC throughput_pct_of_max=42.903
[2026-08-27T18:09:27] RUN_END status=OK
[2026-08-27T18:11:03] RUN_START run_id=SCALE_C_CCNlite_5000_006
[2026-08-27T18:11:03] PARAM implementation=CCNlite
[2026-08-27T18:11:03] METRIC concurrent_clients=5000
[2026-08-27T18:11:03] METRIC throughput_pct_of_max=42.178
[2026-08-27T18:11:03] RUN_END status=OK
[2026-08-27T18:15:27] RUN_START run_id=SCALE_C_CCNlite_5000_007
[2026-08-27T18:15:27] PARAM implementation=CCNlite
[2026-08-27T18:15:27] METRIC concurrent_clients=5000
[2026-08-27T18:15:27] METRIC throughput_pct_of_max=43.752
[2026-08-27T18:15:27] RUN_END status=OK
[2026-08-27T18:21:25] RUN_START run_id=SCALE_C_CCNlite_5000_008
[2026-08-27T18:21:25] PARAM implementation=CCNlite
[2026-08-27T18:21:25] METRIC concurrent_clients=5000
[2026-08-27T18:21:25] METRIC throughput_pct_of_max=43.155
[2026-08-27T18:21:25] RUN_END status=OK
[2026-08-27T18:23:59] RUN_START run_id=SCALE_C_CCNlite_5000_009
[2026-08-27T18:23:59] PARAM implementation=CCNlite
[2026-08-27T18:23:59] METRIC concurrent_clients=5000
[2026-08-27T18:23:59] METRIC throughput_pct_of_max=40.278
[2026-08-27T18:23:59] RUN_END status=OK
[2026-08-27T18:25:27] RUN_START run_id=07_scalability_clients_DISCARDED_0196
[2026-08-27T18:25:27] RUN_ABORTED reason=trex_controller_reset: TRex stateful-engine control connection dropped mid-run before steady-state throughput reached
[2026-08-27T18:26:56] RUN_START run_id=SCALE_C_CCNlite_5000_010
[2026-08-27T18:26:56] PARAM implementation=CCNlite
[2026-08-27T18:26:56] METRIC concurrent_clients=5000
[2026-08-27T18:26:56] METRIC throughput_pct_of_max=41.692
[2026-08-27T18:26:56] RUN_END status=OK
[2026-08-27T18:28:38] RUN_START run_id=SCALE_C_CCNlite_5000_011
[2026-08-27T18:28:38] PARAM implementation=CCNlite
[2026-08-27T18:28:38] METRIC concurrent_clients=5000
[2026-08-27T18:28:38] METRIC throughput_pct_of_max=41.037
[2026-08-27T18:28:38] RUN_END status=OK
[2026-08-27T18:30:00] RUN_START run_id=SCALE_C_CCNlite_5000_012
[2026-08-27T18:30:00] PARAM implementation=CCNlite
[2026-08-27T18:30:00] METRIC concurrent_clients=5000
[2026-08-27T18:30:00] METRIC throughput_pct_of_max=44.46
[2026-08-27T18:30:00] RUN_END status=OK
[2026-08-27T18:32:49] RUN_START run_id=SCALE_C_CCNlite_5000_013
[2026-08-27T18:32:49] PARAM implementation=CCNlite
[2026-08-27T18:32:49] METRIC concurrent_clients=5000
[2026-08-27T18:32:49] METRIC throughput_pct_of_max=42.203
[2026-08-27T18:32:49] RUN_END status=OK
