[2026-08-19T19:18:41] RUN_START run_id=SCALE_C_PythonNDN_50_032
[2026-08-19T19:18:41] PARAM implementation=PythonNDN
[2026-08-19T19:18:41] METRIC concurrent_clients=50
[2026-08-19T19:18:41] METRIC throughput_pct_of_max=84.688
[2026-08-19T19:18:41] RUN_END status=OK
[2026-08-19T19:20:29] RUN_START run_id=SCALE_C_PythonNDN_50_033
[2026-08-19T19:20:29] PARAM implementation=PythonNDN
[2026-08-19T19:20:29] METRIC concurrent_clients=50
[2026-08-19T19:20:29] METRIC throughput_pct_of_max=83.877
[2026-08-19T19:20:29] RUN_END status=OK
[2026-08-19T19:21:59] RUN_START run_id=SCALE_C_PythonNDN_50_034
[2026-08-19T19:21:59] PARAM implementation=PythonNDN
[2026-08-19T19:21:59] METRIC concurrent_clients=50
[2026-08-19T19:21:59] METRIC throughput_pct_of_max=89.344
[2026-08-19T19:21:59] RUN_END status=OK
[2026-08-19T19:25:28] RUN_START run_id=SCALE_C_PythonNDN_50_035
[2026-08-19T19:25:28] PARAM implementation=PythonNDN
[2026-08-19T19:25:28] METRIC concurrent_clients=50
[2026-08-19T19:25:28] METRIC throughput_pct_of_max=79.377
[2026-08-19T19:25:28] RUN_END status=OK
[2026-08-19T21:45:10] RUN_START run_id=SCALE_C_CCNlite_1000_059
[2026-08-19T21:45:10] PARAM implementation=CCNlite
[2026-08-19T21:45:10] METRIC concurrent_clients=1000
[2026-08-19T21:45:10] METRIC throughput_pct_of_max=57.965
[2026-08-19T21:45:10] RUN_END status=OK
[2026-08-19T21:49:55] RUN_START run_id=SCALE_C_CCNlite_1000_060
[2026-08-19T21:49:55] PARAM implementation=CCNlite
[2026-08-19T21:49:55] METRIC concurrent_clients=1000
[2026-08-19T21:49:55] METRIC throughput_pct_of_max=61.16
[2026-08-19T21:49:55] RUN_END status=OK
[2026-08-19T21:51:51] RUN_START run_id=SCALE_C_CCNlite_1000_061
[2026-08-19T21:51:51] PARAM implementation=CCNlite
[2026-08-19T21:51:51] METRIC concurrent_clients=1000
[2026-08-19T21:51:51] METRIC throughput_pct_of_max=60.852
[2026-08-19T21:51:51] RUN_END status=OK
[2026-08-19T21:55:27] RUN_START run_id=SCALE_C_CCNlite_1000_062
[2026-08-19T21:55:27] PARAM implementation=CCNlite
[2026-08-19T21:55:27] METRIC concurrent_clients=1000
[2026-08-19T21:55:27] METRIC throughput_pct_of_max=61.486
[2026-08-19T21:55:27] RUN_END status=OK
[2026-08-19T21:56:33] RUN_START run_id=SCALE_C_CCNlite_1000_063
[2026-08-19T21:56:33] PARAM implementation=CCNlite
[2026-08-19T21:56:33] METRIC concurrent_clients=1000
[2026-08-19T21:56:33] METRIC throughput_pct_of_max=57.99
[2026-08-19T21:56:33] RUN_END status=OK
[2026-08-19T21:57:58] RUN_START run_id=SCALE_C_CCNlite_1000_064
[2026-08-19T21:57:58] PARAM implementation=CCNlite
[2026-08-19T21:57:58] METRIC concurrent_clients=1000
[2026-08-19T21:57:58] METRIC throughput_pct_of_max=60.693
[2026-08-19T21:57:58] RUN_END status=OK
[2026-08-19T22:02:25] RUN_START run_id=SCALE_C_CCNlite_1000_065
[2026-08-19T22:02:25] PARAM implementation=CCNlite
[2026-08-19T22:02:25] METRIC concurrent_clients=1000
[2026-08-19T22:02:25] METRIC throughput_pct_of_max=59.244
[2026-08-19T22:02:25] RUN_END status=OK
[2026-08-19T22:04:28] RUN_START run_id=SCALE_C_CCNlite_1000_066
[2026-08-19T22:04:28] PARAM implementation=CCNlite
[2026-08-19T22:04:28] METRIC concurrent_clients=1000
[2026-08-19T22:04:28] METRIC throughput_pct_of_max=57.829
[2026-08-19T22:04:28] RUN_END status=OK
[2026-08-19T22:06:17] RUN_START run_id=SCALE_C_CCNlite_1000_067
[2026-08-19T22:06:17] PARAM implementation=CCNlite
[2026-08-19T22:06:17] METRIC concurrent_clients=1000
[2026-08-19T22:06:17] METRIC throughput_pct_of_max=60.615
[2026-08-19T22:06:17] RUN_END status=OK
[2026-08-19T22:10:23] RUN_START run_id=SCALE_C_CCNlite_1000_068
[2026-08-19T22:10:23] PARAM implementation=CCNlite
[2026-08-19T22:10:23] METRIC concurrent_clients=1000
[2026-08-19T22:10:23] METRIC throughput_pct_of_max=60.435
[2026-08-19T22:10:23] RUN_END status=OK
