[2026-08-25T00:51:53] RUN_START run_id=SCALE_C_NFD_1000_097
[2026-08-25T00:51:53] PARAM implementation=NFD
[2026-08-25T00:51:53] METRIC concurrent_clients=1000
[2026-08-25T00:51:53] METRIC throughput_pct_of_max=54.2
[2026-08-25T00:51:53] RUN_END status=OK
[2026-08-25T00:53:27] RUN_START run_id=SCALE_C_NFD_1000_098
[2026-08-25T00:53:27] PARAM implementation=NFD
[2026-08-25T00:53:27] METRIC concurrent_clients=1000
[2026-08-25T00:53:27] METRIC throughput_pct_of_max=54.988
[2026-08-25T00:53:27] RUN_END status=OK
[2026-08-25T00:57:00] RUN_START run_id=SCALE_C_NFD_1000_099
[2026-08-25T00:57:00] PARAM implementation=NFD
[2026-08-25T00:57:00] METRIC concurrent_clients=1000
[2026-08-25T00:57:00] METRIC throughput_pct_of_max=54.715
[2026-08-25T00:57:00] RUN_END status=OK
[2026-08-25T00:57:43] RUN_START run_id=SCALE_C_NFD_1000_100
[2026-08-25T00:57:43] PARAM implementation=NFD
[2026-08-25T00:57:43] METRIC concurrent_clients=1000
[2026-08-25T00:57:43] METRIC throughput_pct_of_max=60.265
[2026-08-25T00:57:43] RUN_END status=OK
[2026-08-25T00:59:13] RUN_START run_id=SCALE_C_NFD_1000_101
[2026-08-25T00:59:13] PARAM implementation=NFD
[2026-08-25T00:59:13] METRIC concurrent_clients=1000
[2026-08-25T00:59:13] METRIC throughput_pct_of_max=58.559
[2026-08-25T00:59:13] RUN_END status=OK
[2026-08-25T01:03:58] RUN_START run_id=SCALE_C_NFD_1000_102
[2026-08-25T01:03:58] PARAM implementation=NFD
[2026-08-25T01:03:58] METRIC concurrent_clients=1000
[2026-08-25T01:03:58] METRIC throughput_pct_of_max=56.689
[2026-08-25T01:03:58] RUN_END status=OK
[2026-08-25T05:02:33] RUN_START run_id=SCALE_C_PythonNDN_500_025
[2026-08-25T05:02:33] PARAM implementation=PythonNDN
[2026-08-25T05:02:33] METRIC concurrent_clients=500
[2026-08-25T05:02:33] METRIC throughput_pct_of_max=34.155
[2026-08-25T05:02:33] RUN_END status=OK
[2026-08-25T05:04:04] RUN_START run_id=SCALE_C_PythonNDN_500_026
[2026-08-25T05:04:04] PARAM implementation=PythonNDN
[2026-08-25T05:04:04] METRIC concurrent_clients=500
[2026-08-25T05:04:04] METRIC throughput_pct_of_max=34.735
[2026-08-25T05:04:04] RUN_END status=OK
[2026-08-25T05:05:19] RUN_START run_id=SCALE_C_PythonNDN_500_027
[2026-08-25T05:05:19] PARAM implementation=PythonNDN
[2026-08-25T05:05:19] METRIC concurrent_clients=500
[2026-08-25T05:05:19] METRIC throughput_pct_of_max=33.458
[2026-08-25T05:05:19] RUN_END status=OK
[2026-08-25T05:08:30] RUN_START run_id=SCALE_C_PythonNDN_500_028
[2026-08-25T05:08:30] PARAM implementation=PythonNDN
[2026-08-25T05:08:30] METRIC concurrent_clients=500
[2026-08-25T05:08:30] METRIC throughput_pct_of_max=33.154
[2026-08-25T05:08:30] RUN_END status=OK
[2026-08-25T05:10:30] RUN_START run_id=SCALE_C_PythonNDN_500_029
[2026-08-25T05:10:30] PARAM implementation=PythonNDN
[2026-08-25T05:10:30] METRIC concurrent_clients=500
[2026-08-25T05:10:30] METRIC throughput_pct_of_max=32.769
[2026-08-25T05:10:30] RUN_END status=OK
[2026-08-25T05:10:58] RUN_START run_id=SCALE_C_PythonNDN_5000_097
[2026-08-25T05:10:58] PARAM implementation=PythonNDN
[2026-08-25T05:10:58] METRIC concurrent_clients=5000
[2026-08-25T05:10:58] METRIC throughput_pct_of_max=9.908
[2026-08-25T05:10:58] RUN_END status=OK
[2026-08-25T05:12:16] RUN_START run_id=SCALE_C_PythonNDN_5000_098
[2026-08-25T05:12:16] PARAM implementation=PythonNDN
[2026-08-25T05:12:16] METRIC concurrent_clients=5000
[2026-08-25T05:12:16] METRIC throughput_pct_of_max=9.756
[2026-08-25T05:12:16] RUN_END status=OK
[2026-08-25T05:12:43] RUN_START run_id=SCALE_C_PythonNDN_500_030
[2026-08-25T05:12:43] PARAM implementation=PythonNDN
[2026-08-25T05:12:43] METRIC concurrent_clients=500
[2026-08-25T05:12:43] METRIC throughput_pct_of_max=34.571
[2026-08-25T05:12:43] RUN_END status=OK
