[2026-08-10T12:40:29] RUN_START run_id=SCALE_C_PythonNDN_10_014
[2026-08-10T12:40:29] PARAM implementation=PythonNDN
[2026-08-10T12:40:29] METRIC concurrent_clients=10
[2026-08-10T12:40:29] METRIC throughput_pct_of_max=94.632
[2026-08-10T12:40:29] RUN_END status=OK
[2026-08-10T12:41:27] RUN_START run_id=SCALE_C_PythonNDN_10_015
[2026-08-10T12:41:27] PARAM implementation=PythonNDN
[2026-08-10T12:41:27] METRIC concurrent_clients=10
[2026-08-10T12:41:27] METRIC throughput_pct_of_max=98.918
[2026-08-10T12:41:27] RUN_END status=OK
[2026-08-10T12:42:31] RUN_START run_id=SCALE_C_PythonNDN_10_016
[2026-08-10T12:42:31] PARAM implementation=PythonNDN
[2026-08-10T12:42:31] METRIC concurrent_clients=10
[2026-08-10T12:42:31] METRIC throughput_pct_of_max=98.806
[2026-08-10T12:42:31] RUN_END status=OK
[2026-08-10T12:45:51] RUN_START run_id=SCALE_C_PythonNDN_10_017
[2026-08-10T12:45:51] PARAM implementation=PythonNDN
[2026-08-10T12:45:51] METRIC concurrent_clients=10
[2026-08-10T12:45:51] METRIC throughput_pct_of_max=97.187
[2026-08-10T12:45:51] RUN_END status=OK
[2026-08-10T12:46:21] RUN_START run_id=SCALE_C_PythonNDN_10_018
[2026-08-10T12:46:21] PARAM implementation=PythonNDN
[2026-08-10T12:46:21] METRIC concurrent_clients=10
[2026-08-10T12:46:21] METRIC throughput_pct_of_max=100.0
[2026-08-10T12:46:21] RUN_END status=OK
[2026-08-10T12:48:46] RUN_START run_id=SCALE_C_PythonNDN_10_019
[2026-08-10T12:48:46] PARAM implementation=PythonNDN
[2026-08-10T12:48:46] METRIC concurrent_clients=10
[2026-08-10T12:48:46] METRIC throughput_pct_of_max=95.93
[2026-08-10T12:48:46] RUN_END status=OK
[2026-08-10T12:50:21] RUN_START run_id=SCALE_C_PythonNDN_10_020
[2026-08-10T12:50:21] PARAM implementation=PythonNDN
[2026-08-10T12:50:21] METRIC concurrent_clients=10
[2026-08-10T12:50:21] METRIC throughput_pct_of_max=98.674
[2026-08-10T12:50:21] RUN_END status=OK
[2026-08-10T12:53:53] RUN_START run_id=SCALE_C_PythonNDN_10_021
[2026-08-10T12:53:53] PARAM implementation=PythonNDN
[2026-08-10T12:53:53] METRIC concurrent_clients=10
[2026-08-10T12:53:53] METRIC throughput_pct_of_max=97.114
[2026-08-10T12:53:53] RUN_END status=OK
[2026-08-10T12:55:52] RUN_START run_id=SCALE_C_PythonNDN_10_022
[2026-08-10T12:55:52] PARAM implementation=PythonNDN
[2026-08-10T12:55:52] METRIC concurrent_clients=10
[2026-08-10T12:55:52] METRIC throughput_pct_of_max=100.0
[2026-08-10T12:55:52] RUN_END status=OK
[2026-08-10T12:57:28] RUN_START run_id=SCALE_C_PythonNDN_10_023
[2026-08-10T12:57:28] PARAM implementation=PythonNDN
[2026-08-10T12:57:28] METRIC concurrent_clients=10
[2026-08-10T12:57:28] METRIC throughput_pct_of_max=99.352
[2026-08-10T12:57:28] RUN_END status=OK
[2026-08-10T12:58:01] RUN_START run_id=SCALE_C_PythonNDN_10_024
[2026-08-10T12:58:01] PARAM implementation=PythonNDN
[2026-08-10T12:58:01] METRIC concurrent_clients=10
[2026-08-10T12:58:01] METRIC throughput_pct_of_max=99.388
[2026-08-10T12:58:01] RUN_END status=OK
[2026-08-10T13:02:53] RUN_START run_id=SCALE_C_PythonNDN_10_025
[2026-08-10T13:02:53] PARAM implementation=PythonNDN
[2026-08-10T13:02:53] METRIC concurrent_clients=10
[2026-08-10T13:02:53] METRIC throughput_pct_of_max=100.0
[2026-08-10T13:02:53] RUN_END status=OK
[2026-08-10T13:04:31] RUN_START run_id=SCALE_C_PythonNDN_10_026
[2026-08-10T13:04:31] PARAM implementation=PythonNDN
[2026-08-10T13:04:31] METRIC concurrent_clients=10
[2026-08-10T13:04:31] METRIC throughput_pct_of_max=100.0
[2026-08-10T13:04:31] RUN_END status=OK
