[2026-08-20T12:00:32] RUN_START run_id=SCALE_C_uDCN_1000_101
[2026-08-20T12:00:32] PARAM implementation=uDCN
[2026-08-20T12:00:32] METRIC concurrent_clients=1000
[2026-08-20T12:00:32] METRIC throughput_pct_of_max=93.351
[2026-08-20T12:00:32] RUN_END status=OK
[2026-08-20T12:01:14] RUN_START run_id=SCALE_C_uDCN_1000_102
[2026-08-20T12:01:14] PARAM implementation=uDCN
[2026-08-20T12:01:14] METRIC concurrent_clients=1000
[2026-08-20T12:01:14] METRIC throughput_pct_of_max=89.733
[2026-08-20T12:01:14] RUN_END status=OK
[2026-08-20T12:02:03] RUN_START run_id=SCALE_C_CCNlite_10_002
[2026-08-20T12:02:03] PARAM implementation=CCNlite
[2026-08-20T12:02:03] METRIC concurrent_clients=10
[2026-08-20T12:02:03] METRIC throughput_pct_of_max=99.091
[2026-08-20T12:02:03] RUN_END status=OK
[2026-08-20T12:03:53] RUN_START run_id=SCALE_C_uDCN_1000_103
[2026-08-20T12:03:53] PARAM implementation=uDCN
[2026-08-20T12:03:53] METRIC concurrent_clients=1000
[2026-08-20T12:03:53] METRIC throughput_pct_of_max=89.309
[2026-08-20T12:03:53] RUN_END status=OK
[2026-08-20T12:04:24] RUN_START run_id=SCALE_C_uDCN_500_112
[2026-08-20T12:04:24] PARAM implementation=uDCN
[2026-08-20T12:04:24] METRIC concurrent_clients=500
[2026-08-20T12:04:24] METRIC throughput_pct_of_max=87.805
[2026-08-20T12:04:24] RUN_END status=OK
[2026-08-20T12:04:55] RUN_START run_id=SCALE_C_uDCN_500_113
[2026-08-20T12:04:55] PARAM implementation=uDCN
[2026-08-20T12:04:55] METRIC concurrent_clients=500
[2026-08-20T12:04:55] METRIC throughput_pct_of_max=95.79
[2026-08-20T12:04:55] RUN_END status=OK
[2026-08-20T12:06:03] RUN_START run_id=SCALE_C_CCNlite_10_003
[2026-08-20T12:06:03] PARAM implementation=CCNlite
[2026-08-20T12:06:03] METRIC concurrent_clients=10
[2026-08-20T12:06:03] METRIC throughput_pct_of_max=96.255
[2026-08-20T12:06:03] RUN_END status=OK
[2026-08-20T12:06:55] RUN_START run_id=SCALE_C_CCNlite_10_004
[2026-08-20T12:06:55] PARAM implementation=CCNlite
[2026-08-20T12:06:55] METRIC concurrent_clients=10
[2026-08-20T12:06:55] METRIC throughput_pct_of_max=100.0
[2026-08-20T12:06:55] RUN_END status=OK
[2026-08-20T12:07:15] RUN_START run_id=SCALE_C_uDCN_500_114
[2026-08-20T12:07:15] PARAM implementation=uDCN
[2026-08-20T12:07:15] METRIC concurrent_clients=500
[2026-08-20T12:07:15] METRIC throughput_pct_of_max=90.693
[2026-08-20T12:07:15] RUN_END status=OK
[2026-08-20T12:09:00] RUN_START run_id=SCALE_C_CCNlite_10_005
[2026-08-20T12:09:00] PARAM implementation=CCNlite
[2026-08-20T12:09:00] METRIC concurrent_clients=10
[2026-08-20T12:09:00] METRIC throughput_pct_of_max=100.0
[2026-08-20T12:09:00] RUN_END status=OK
[2026-08-20T12:09:10] RUN_START run_id=SCALE_C_uDCN_500_115
[2026-08-20T12:09:10] PARAM implementation=uDCN
[2026-08-20T12:09:10] METRIC concurrent_clients=500
[2026-08-20T12:09:10] METRIC throughput_pct_of_max=91.698
[2026-08-20T12:09:10] RUN_END status=OK
[2026-08-20T12:10:05] RUN_START run_id=SCALE_C_uDCN_500_116
[2026-08-20T12:10:05] PARAM implementation=uDCN
[2026-08-20T12:10:05] METRIC concurrent_clients=500
[2026-08-20T12:10:05] METRIC throughput_pct_of_max=91.277
[2026-08-20T12:10:05] RUN_END status=OK
[2026-08-20T12:12:00] RUN_START run_id=SCALE_C_uDCN_500_117
[2026-08-20T12:12:00] PARAM implementation=uDCN
[2026-08-20T12:12:00] METRIC concurrent_clients=500
[2026-08-20T12:12:00] METRIC throughput_pct_of_max=92.266
[2026-08-20T12:12:00] RUN_END status=OK
[2026-08-20T12:12:42] RUN_START run_id=SCALE_C_CCNlite_10_006
[2026-08-20T12:12:42] PARAM implementation=CCNlite
[2026-08-20T12:12:42] METRIC concurrent_clients=10
[2026-08-20T12:12:42] METRIC throughput_pct_of_max=98.344
[2026-08-20T12:12:42] RUN_END status=OK
[2026-08-20T12:14:12] RUN_START run_id=SCALE_C_CCNlite_10_007
[2026-08-20T12:14:12] PARAM implementation=CCNlite
[2026-08-20T12:14:12] METRIC concurrent_clients=10
[2026-08-20T12:14:12] METRIC throughput_pct_of_max=100.0
[2026-08-20T12:14:12] RUN_END status=OK
