[2026-08-26T11:36:44] RUN_START run_id=SCALE_C_CCNlite_100_062
[2026-08-26T11:36:44] PARAM implementation=CCNlite
[2026-08-26T11:36:44] METRIC concurrent_clients=100
[2026-08-26T11:36:44] METRIC throughput_pct_of_max=78.446
[2026-08-26T11:36:44] RUN_END status=OK
[2026-08-26T11:39:20] RUN_START run_id=SCALE_C_CCNlite_100_063
[2026-08-26T11:39:20] PARAM implementation=CCNlite
[2026-08-26T11:39:20] METRIC concurrent_clients=100
[2026-08-26T11:39:20] METRIC throughput_pct_of_max=83.111
[2026-08-26T11:39:20] RUN_END status=OK
[2026-08-26T11:40:17] RUN_START run_id=SCALE_C_CCNlite_100_064
[2026-08-26T11:40:17] PARAM implementation=CCNlite
[2026-08-26T11:40:17] METRIC concurrent_clients=100
[2026-08-26T11:40:17] METRIC throughput_pct_of_max=80.871
[2026-08-26T11:40:17] RUN_END status=OK
[2026-08-26T11:41:22] RUN_START run_id=SCALE_C_CCNlite_100_065
[2026-08-26T11:41:22] PARAM implementation=CCNlite
[2026-08-26T11:41:22] METRIC concurrent_clients=100
[2026-08-26T11:41:22] METRIC throughput_pct_of_max=82.106
[2026-08-26T11:41:22] RUN_END status=OK
[2026-08-26T11:44:22] RUN_START run_id=SCALE_C_CCNlite_100_066
[2026-08-26T11:44:22] PARAM implementation=CCNlite
[2026-08-26T11:44:22] METRIC concurrent_clients=100
[2026-08-26T11:44:22] METRIC throughput_pct_of_max=81.47
[2026-08-26T11:44:22] RUN_END status=OK
[2026-08-26T11:47:34] RUN_START run_id=SCALE_C_CCNlite_100_067
[2026-08-26T11:47:34] PARAM implementation=CCNlite
[2026-08-26T11:47:34] METRIC concurrent_clients=100
[2026-08-26T11:47:34] METRIC throughput_pct_of_max=81.961
[2026-08-26T11:47:34] RUN_END status=OK
[2026-08-26T11:49:53] RUN_START run_id=SCALE_C_CCNlite_100_068
[2026-08-26T11:49:53] PARAM implementation=CCNlite
[2026-08-26T11:49:53] METRIC concurrent_clients=100
[2026-08-26T11:49:53] METRIC throughput_pct_of_max=75.404
[2026-08-26T11:49:53] RUN_END status=OK
[2026-08-26T11:56:28] RUN_START run_id=SCALE_C_CCNlite_100_069
[2026-08-26T11:56:28] PARAM implementation=CCNlite
[2026-08-26T11:56:28] METRIC concurrent_clients=100
[2026-08-26T11:56:28] METRIC throughput_pct_of_max=81.628
[2026-08-26T11:56:28] RUN_END status=OK
[2026-08-26T11:57:21] RUN_START run_id=SCALE_C_CCNlite_100_070
[2026-08-26T11:57:21] PARAM implementation=CCNlite
[2026-08-26T11:57:21] METRIC concurrent_clients=100
[2026-08-26T11:57:21] METRIC throughput_pct_of_max=81.375
[2026-08-26T11:57:21] RUN_END status=OK
[2026-08-26T11:59:02] RUN_START run_id=SCALE_C_CCNlite_100_071
[2026-08-26T11:59:02] PARAM implementation=CCNlite
[2026-08-26T11:59:02] METRIC concurrent_clients=100
[2026-08-26T11:59:02] METRIC throughput_pct_of_max=76.362
[2026-08-26T11:59:02] RUN_END status=OK
[2026-08-26T12:00:06] RUN_START run_id=SCALE_C_CCNlite_100_072
[2026-08-26T12:00:06] PARAM implementation=CCNlite
[2026-08-26T12:00:06] METRIC concurrent_clients=100
[2026-08-26T12:00:06] METRIC throughput_pct_of_max=81.214
[2026-08-26T12:00:06] RUN_END status=OK
[2026-08-26T12:00:59] RUN_START run_id=SCALE_C_CCNlite_100_073
[2026-08-26T12:00:59] PARAM implementation=CCNlite
[2026-08-26T12:00:59] METRIC concurrent_clients=100
[2026-08-26T12:00:59] METRIC throughput_pct_of_max=78.6
[2026-08-26T12:00:59] RUN_END status=OK
