[2026-08-20T02:48:06] RUN_START run_id=SCALE_C_uDCN_500_065
[2026-08-20T02:48:06] PARAM implementation=uDCN
[2026-08-20T02:48:06] METRIC concurrent_clients=500
[2026-08-20T02:48:06] METRIC throughput_pct_of_max=89.648
[2026-08-20T02:48:06] RUN_END status=OK
[2026-08-20T02:48:16] RUN_START run_id=SCALE_C_uDCN_50_020
[2026-08-20T02:48:16] PARAM implementation=uDCN
[2026-08-20T02:48:16] METRIC concurrent_clients=50
[2026-08-20T02:48:16] METRIC throughput_pct_of_max=91.85
[2026-08-20T02:48:16] RUN_END status=OK
[2026-08-20T02:49:15] RUN_START run_id=SCALE_C_PythonNDN_100_097
[2026-08-20T02:49:15] PARAM implementation=PythonNDN
[2026-08-20T02:49:15] METRIC concurrent_clients=100
[2026-08-20T02:49:15] METRIC throughput_pct_of_max=71.145
[2026-08-20T02:49:15] RUN_END status=OK
[2026-08-20T02:50:49] RUN_START run_id=SCALE_C_PythonNDN_100_098
[2026-08-20T02:50:49] PARAM implementation=PythonNDN
[2026-08-20T02:50:49] METRIC concurrent_clients=100
[2026-08-20T02:50:49] METRIC throughput_pct_of_max=64.404
[2026-08-20T02:50:49] RUN_END status=OK
[2026-08-20T02:51:56] RUN_START run_id=SCALE_C_uDCN_500_066
[2026-08-20T02:51:56] PARAM implementation=uDCN
[2026-08-20T02:51:56] METRIC concurrent_clients=500
[2026-08-20T02:51:56] METRIC throughput_pct_of_max=87.432
[2026-08-20T02:51:56] RUN_END status=OK
[2026-08-20T02:52:35] RUN_START run_id=SCALE_C_uDCN_50_021
[2026-08-20T02:52:35] PARAM implementation=uDCN
[2026-08-20T02:52:35] METRIC concurrent_clients=50
[2026-08-20T02:52:35] METRIC throughput_pct_of_max=96.302
[2026-08-20T02:52:35] RUN_END status=OK
[2026-08-20T02:53:19] RUN_START run_id=SCALE_C_PythonNDN_100_099
[2026-08-20T02:53:19] PARAM implementation=PythonNDN
[2026-08-20T02:53:19] METRIC concurrent_clients=100
[2026-08-20T02:53:19] METRIC throughput_pct_of_max=67.488
[2026-08-20T02:53:19] RUN_END status=OK
[2026-08-20T02:53:50] RUN_START run_id=SCALE_C_PythonNDN_100_100
[2026-08-20T02:53:50] PARAM implementation=PythonNDN
[2026-08-20T02:53:50] METRIC concurrent_clients=100
[2026-08-20T02:53:50] METRIC throughput_pct_of_max=68.694
[2026-08-20T02:53:50] RUN_END status=OK
[2026-08-20T02:53:53] RUN_START run_id=SCALE_C_uDCN_500_067
[2026-08-20T02:53:53] PARAM implementation=uDCN
[2026-08-20T02:53:53] METRIC concurrent_clients=500
[2026-08-20T02:53:53] METRIC throughput_pct_of_max=93.254
[2026-08-20T02:53:53] RUN_END status=OK
[2026-08-20T02:54:33] RUN_START run_id=SCALE_C_uDCN_50_022
[2026-08-20T02:54:33] PARAM implementation=uDCN
[2026-08-20T02:54:33] METRIC concurrent_clients=50
[2026-08-20T02:54:33] METRIC throughput_pct_of_max=99.916
[2026-08-20T02:54:33] RUN_END status=OK
[2026-08-20T02:54:51] RUN_START run_id=SCALE_C_uDCN_500_068
[2026-08-20T02:54:51] PARAM implementation=uDCN
[2026-08-20T02:54:51] METRIC concurrent_clients=500
[2026-08-20T02:54:51] METRIC throughput_pct_of_max=89.558
[2026-08-20T02:54:51] RUN_END status=OK
[2026-08-20T02:55:09] RUN_START run_id=SCALE_C_PythonNDN_100_101
[2026-08-20T02:55:09] PARAM implementation=PythonNDN
[2026-08-20T02:55:09] METRIC concurrent_clients=100
[2026-08-20T02:55:09] METRIC throughput_pct_of_max=64.592
[2026-08-20T02:55:09] RUN_END status=OK
