[2026-08-27T18:34:23] RUN_START run_id=SCALE_C_CCNlite_5000_014
[2026-08-27T18:34:23] PARAM implementation=CCNlite
[2026-08-27T18:34:23] METRIC concurrent_clients=5000
[2026-08-27T18:34:23] METRIC throughput_pct_of_max=44.973
[2026-08-27T18:34:23] RUN_END status=OK
[2026-08-27T18:34:52] RUN_START run_id=SCALE_C_CCNlite_5000_015
[2026-08-27T18:34:52] PARAM implementation=CCNlite
[2026-08-27T18:34:52] METRIC concurrent_clients=5000
[2026-08-27T18:34:52] METRIC throughput_pct_of_max=43.465
[2026-08-27T18:34:52] RUN_END status=OK
[2026-08-27T18:36:05] RUN_START run_id=SCALE_C_CCNlite_5000_016
[2026-08-27T18:36:05] PARAM implementation=CCNlite
[2026-08-27T18:36:05] METRIC concurrent_clients=5000
[2026-08-27T18:36:05] METRIC throughput_pct_of_max=42.878
[2026-08-27T18:36:05] RUN_END status=OK
[2026-08-27T18:38:05] RUN_START run_id=SCALE_C_CCNlite_5000_017
[2026-08-27T18:38:05] PARAM implementation=CCNlite
[2026-08-27T18:38:05] METRIC concurrent_clients=5000
[2026-08-27T18:38:05] METRIC throughput_pct_of_max=44.534
[2026-08-27T18:38:05] RUN_END status=OK
[2026-08-27T18:41:05] RUN_START run_id=SCALE_C_CCNlite_5000_018
[2026-08-27T18:41:05] PARAM implementation=CCNlite
[2026-08-27T18:41:05] METRIC concurrent_clients=5000
[2026-08-27T18:41:05] METRIC throughput_pct_of_max=44.748
[2026-08-27T18:41:05] RUN_END status=OK
[2026-08-27T18:42:46] RUN_START run_id=SCALE_C_CCNlite_5000_019
[2026-08-27T18:42:46] PARAM implementation=CCNlite
[2026-08-27T18:42:46] METRIC concurrent_clients=5000
[2026-08-27T18:42:46] METRIC throughput_pct_of_max=41.039
[2026-08-27T18:42:46] RUN_END status=OK
[2026-08-27T18:45:07] RUN_START run_id=SCALE_C_CCNlite_5000_020
[2026-08-27T18:45:07] PARAM implementation=CCNlite
[2026-08-27T18:45:07] METRIC concurrent_clients=5000
[2026-08-27T18:45:07] METRIC throughput_pct_of_max=42.874
[2026-08-27T18:45:07] RUN_END status=OK
[2026-08-27T18:46:05] RUN_START run_id=SCALE_C_CCNlite_5000_021
[2026-08-27T18:46:05] PARAM implementation=CCNlite
[2026-08-27T18:46:05] METRIC concurrent_clients=5000
[2026-08-27T18:46:05] METRIC throughput_pct_of_max=43.76
[2026-08-27T18:46:05] RUN_END status=OK
[2026-08-27T18:47:03] RUN_START run_id=SCALE_C_CCNlite_5000_022
[2026-08-27T18:47:03] PARAM implementation=CCNlite
[2026-08-27T18:47:03] METRIC concurrent_clients=5000
[2026-08-27T18:47:03] METRIC throughput_pct_of_max=40.041
[2026-08-27T18:47:03] RUN_END status=OK
[2026-08-27T18:50:25] RUN_START run_id=SCALE_C_CCNlite_5000_023
[2026-08-27T18:50:25] PARAM implementation=CCNlite
[2026-08-27T18:50:25] METRIC concurrent_clients=5000
[2026-08-27T18:50:25] METRIC throughput_pct_of_max=41.05
[2026-08-27T18:50:25] RUN_END status=OK
[2026-08-27T18:52:04] RUN_START run_id=SCALE_C_CCNlite_5000_024
[2026-08-27T18:52:04] PARAM implementation=CCNlite
[2026-08-27T18:52:04] METRIC concurrent_clients=5000
[2026-08-27T18:52:04] METRIC throughput_pct_of_max=42.904
[2026-08-27T18:52:04] RUN_END status=OK
[2026-08-27T18:56:08] RUN_START run_id=SCALE_C_CCNlite_5000_025
[2026-08-27T18:56:08] PARAM implementation=CCNlite
[2026-08-27T18:56:08] METRIC concurrent_clients=5000
[2026-08-27T18:56:08] METRIC throughput_pct_of_max=41.875
[2026-08-27T18:56:08] RUN_END status=OK
[2026-08-27T21:54:43] RUN_START run_id=SCALE_C_uDCN_5000_083
[2026-08-27T21:54:43] PARAM implementation=uDCN
[2026-08-27T21:54:43] METRIC concurrent_clients=5000
[2026-08-27T21:54:43] METRIC throughput_pct_of_max=77.382
[2026-08-27T21:54:43] RUN_END status=OK
[2026-08-27T21:56:15] RUN_START run_id=SCALE_C_uDCN_5000_084
[2026-08-27T21:56:15] PARAM implementation=uDCN
[2026-08-27T21:56:15] METRIC concurrent_clients=5000
[2026-08-27T21:56:15] METRIC throughput_pct_of_max=78.969
[2026-08-27T21:56:15] RUN_END status=OK
[2026-08-27T21:58:12] RUN_START run_id=SCALE_C_uDCN_5000_085
[2026-08-27T21:58:12] PARAM implementation=uDCN
[2026-08-27T21:58:12] METRIC concurrent_clients=5000
[2026-08-27T21:58:12] METRIC throughput_pct_of_max=78.803
[2026-08-27T21:58:12] RUN_END status=OK
