[2026-08-14T09:44:29] RUN_START run_id=SCALE_C_NFD_5000_082
[2026-08-14T09:44:29] PARAM implementation=NFD
[2026-08-14T09:44:29] METRIC concurrent_clients=5000
[2026-08-14T09:44:29] METRIC throughput_pct_of_max=36.141
[2026-08-14T09:44:29] RUN_END status=OK
[2026-08-14T09:45:57] RUN_START run_id=SCALE_C_PythonNDN_1000_039
[2026-08-14T09:45:57] PARAM implementation=PythonNDN
[2026-08-14T09:45:57] METRIC concurrent_clients=1000
[2026-08-14T09:45:57] METRIC throughput_pct_of_max=15.303
[2026-08-14T09:45:57] RUN_END status=OK
[2026-08-14T09:48:27] RUN_START run_id=SCALE_C_NFD_5000_083
[2026-08-14T09:48:27] PARAM implementation=NFD
[2026-08-14T09:48:27] METRIC concurrent_clients=5000
[2026-08-14T09:48:27] METRIC throughput_pct_of_max=36.816
[2026-08-14T09:48:27] RUN_END status=OK
[2026-08-14T09:49:13] RUN_START run_id=SCALE_C_PythonNDN_1000_040
[2026-08-14T09:49:13] PARAM implementation=PythonNDN
[2026-08-14T09:49:13] METRIC concurrent_clients=1000
[2026-08-14T09:49:13] METRIC throughput_pct_of_max=15.325
[2026-08-14T09:49:13] RUN_END status=OK
[2026-08-14T09:50:42] RUN_START run_id=SCALE_C_NFD_5000_084
[2026-08-14T09:50:42] PARAM implementation=NFD
[2026-08-14T09:50:42] METRIC concurrent_clients=5000
[2026-08-14T09:50:42] METRIC throughput_pct_of_max=39.084
[2026-08-14T09:50:42] RUN_END status=OK
[2026-08-14T09:52:28] RUN_START run_id=SCALE_C_PythonNDN_1000_041
[2026-08-14T09:52:28] PARAM implementation=PythonNDN
[2026-08-14T09:52:28] METRIC concurrent_clients=1000
[2026-08-14T09:52:28] METRIC throughput_pct_of_max=14.534
[2026-08-14T09:52:28] RUN_END status=OK
[2026-08-14T09:53:16] RUN_START run_id=SCALE_C_NFD_5000_085
[2026-08-14T09:53:16] PARAM implementation=NFD
[2026-08-14T09:53:16] METRIC concurrent_clients=5000
[2026-08-14T09:53:16] METRIC throughput_pct_of_max=38.2
[2026-08-14T09:53:16] RUN_END status=OK
[2026-08-14T09:54:15] RUN_START run_id=SCALE_C_PythonNDN_1000_042
[2026-08-14T09:54:15] PARAM implementation=PythonNDN
[2026-08-14T09:54:15] METRIC concurrent_clients=1000
[2026-08-14T09:54:15] METRIC throughput_pct_of_max=14.645
[2026-08-14T09:54:15] RUN_END status=OK
[2026-08-14T09:55:34] RUN_START run_id=SCALE_C_PythonNDN_1000_043
[2026-08-14T09:55:34] PARAM implementation=PythonNDN
[2026-08-14T09:55:34] METRIC concurrent_clients=1000
[2026-08-14T09:55:34] METRIC throughput_pct_of_max=15.894
[2026-08-14T09:55:34] RUN_END status=OK
[2026-08-14T09:56:16] RUN_START run_id=SCALE_C_NFD_5000_086
[2026-08-14T09:56:16] PARAM implementation=NFD
[2026-08-14T09:56:16] METRIC concurrent_clients=5000
[2026-08-14T09:56:16] METRIC throughput_pct_of_max=35.624
[2026-08-14T09:56:16] RUN_END status=OK
[2026-08-14T09:58:19] RUN_START run_id=SCALE_C_PythonNDN_1000_044
[2026-08-14T09:58:19] PARAM implementation=PythonNDN
[2026-08-14T09:58:19] METRIC concurrent_clients=1000
[2026-08-14T09:58:19] METRIC throughput_pct_of_max=16.034
[2026-08-14T09:58:19] RUN_END status=OK
[2026-08-14T10:00:17] RUN_START run_id=SCALE_C_PythonNDN_1000_045
[2026-08-14T10:00:17] PARAM implementation=PythonNDN
[2026-08-14T10:00:17] METRIC concurrent_clients=1000
[2026-08-14T10:00:17] METRIC throughput_pct_of_max=14.497
[2026-08-14T10:00:17] RUN_END status=OK
[2026-08-14T10:02:45] RUN_START run_id=SCALE_C_PythonNDN_1000_046
[2026-08-14T10:02:45] PARAM implementation=PythonNDN
[2026-08-14T10:02:45] METRIC concurrent_clients=1000
[2026-08-14T10:02:45] METRIC throughput_pct_of_max=14.875
[2026-08-14T10:02:45] RUN_END status=OK
