[2026-08-20T07:38:56] RUN_START run_id=SCALE_C_uDCN_500_104
[2026-08-20T07:38:56] PARAM implementation=uDCN
[2026-08-20T07:38:56] METRIC concurrent_clients=500
[2026-08-20T07:38:56] METRIC throughput_pct_of_max=92.2
[2026-08-20T07:38:56] RUN_END status=OK
[2026-08-20T07:40:47] RUN_START run_id=SCALE_C_uDCN_500_105
[2026-08-20T07:40:47] PARAM implementation=uDCN
[2026-08-20T07:40:47] METRIC concurrent_clients=500
[2026-08-20T07:40:47] METRIC throughput_pct_of_max=86.217
[2026-08-20T07:40:47] RUN_END status=OK
[2026-08-20T07:47:26] RUN_START run_id=SCALE_C_uDCN_500_106
[2026-08-20T07:47:26] PARAM implementation=uDCN
[2026-08-20T07:47:26] METRIC concurrent_clients=500
[2026-08-20T07:47:26] METRIC throughput_pct_of_max=98.17
[2026-08-20T07:47:26] RUN_END status=OK
[2026-08-20T07:48:02] RUN_START run_id=SCALE_C_uDCN_500_107
[2026-08-20T07:48:02] PARAM implementation=uDCN
[2026-08-20T07:48:02] METRIC concurrent_clients=500
[2026-08-20T07:48:02] METRIC throughput_pct_of_max=91.472
[2026-08-20T07:48:02] RUN_END status=OK
[2026-08-20T07:49:29] RUN_START run_id=SCALE_C_uDCN_500_108
[2026-08-20T07:49:29] PARAM implementation=uDCN
[2026-08-20T07:49:29] METRIC concurrent_clients=500
[2026-08-20T07:49:29] METRIC throughput_pct_of_max=94.283
[2026-08-20T07:49:29] RUN_END status=OK
[2026-08-20T08:14:38] RUN_START run_id=SCALE_C_CCNlite_1000_087
[2026-08-20T08:14:38] PARAM implementation=CCNlite
[2026-08-20T08:14:38] METRIC concurrent_clients=1000
[2026-08-20T08:14:38] METRIC throughput_pct_of_max=59.498
[2026-08-20T08:14:38] RUN_END status=OK
[2026-08-20T08:18:06] RUN_START run_id=SCALE_C_CCNlite_1000_088
[2026-08-20T08:18:06] PARAM implementation=CCNlite
[2026-08-20T08:18:06] METRIC concurrent_clients=1000
[2026-08-20T08:18:06] METRIC throughput_pct_of_max=54.403
[2026-08-20T08:18:06] RUN_END status=OK
[2026-08-20T08:22:09] RUN_START run_id=SCALE_C_CCNlite_1000_089
[2026-08-20T08:22:09] PARAM implementation=CCNlite
[2026-08-20T08:22:09] METRIC concurrent_clients=1000
[2026-08-20T08:22:09] METRIC throughput_pct_of_max=57.389
[2026-08-20T08:22:09] RUN_END status=OK
[2026-08-20T08:25:32] RUN_START run_id=SCALE_C_CCNlite_1000_090
[2026-08-20T08:25:32] PARAM implementation=CCNlite
[2026-08-20T08:25:32] METRIC concurrent_clients=1000
[2026-08-20T08:25:32] METRIC throughput_pct_of_max=57.134
[2026-08-20T08:25:32] RUN_END status=OK
[2026-08-20T08:26:57] RUN_START run_id=SCALE_C_CCNlite_1000_091
[2026-08-20T08:26:57] PARAM implementation=CCNlite
[2026-08-20T08:26:57] METRIC concurrent_clients=1000
[2026-08-20T08:26:57] METRIC throughput_pct_of_max=57.627
[2026-08-20T08:26:57] RUN_END status=OK
[2026-08-20T08:30:55] RUN_START run_id=SCALE_C_CCNlite_1000_092
[2026-08-20T08:30:55] PARAM implementation=CCNlite
[2026-08-20T08:30:55] METRIC concurrent_clients=1000
[2026-08-20T08:30:55] METRIC throughput_pct_of_max=61.441
[2026-08-20T08:30:55] RUN_END status=OK
[2026-08-20T08:32:32] RUN_START run_id=SCALE_C_CCNlite_1000_093
[2026-08-20T08:32:32] PARAM implementation=CCNlite
[2026-08-20T08:32:32] METRIC concurrent_clients=1000
[2026-08-20T08:32:32] METRIC throughput_pct_of_max=58.566
[2026-08-20T08:32:32] RUN_END status=OK
[2026-08-20T08:34:13] RUN_START run_id=SCALE_C_CCNlite_1000_094
[2026-08-20T08:34:13] PARAM implementation=CCNlite
[2026-08-20T08:34:13] METRIC concurrent_clients=1000
[2026-08-20T08:34:13] METRIC throughput_pct_of_max=63.305
[2026-08-20T08:34:13] RUN_END status=OK
[2026-08-20T08:38:02] RUN_START run_id=SCALE_C_CCNlite_1000_095
[2026-08-20T08:38:02] PARAM implementation=CCNlite
[2026-08-20T08:38:02] METRIC concurrent_clients=1000
[2026-08-20T08:38:02] METRIC throughput_pct_of_max=59.16
[2026-08-20T08:38:02] RUN_END status=OK
[2026-08-20T08:41:30] RUN_START run_id=SCALE_C_CCNlite_1000_096
[2026-08-20T08:41:30] PARAM implementation=CCNlite
[2026-08-20T08:41:30] METRIC concurrent_clients=1000
[2026-08-20T08:41:30] METRIC throughput_pct_of_max=63.804
[2026-08-20T08:41:30] RUN_END status=OK
[2026-08-20T08:42:19] RUN_START run_id=SCALE_C_CCNlite_1000_097
[2026-08-20T08:42:19] PARAM implementation=CCNlite
[2026-08-20T08:42:19] METRIC concurrent_clients=1000
[2026-08-20T08:42:19] METRIC throughput_pct_of_max=57.044
[2026-08-20T08:42:19] RUN_END status=OK
[2026-08-20T08:43:22] RUN_START run_id=SCALE_C_CCNlite_1000_098
[2026-08-20T08:43:22] PARAM implementation=CCNlite
[2026-08-20T08:43:22] METRIC concurrent_clients=1000
[2026-08-20T08:43:22] METRIC throughput_pct_of_max=58.631
[2026-08-20T08:43:22] RUN_END status=OK
[2026-08-20T08:45:10] RUN_START run_id=SCALE_C_CCNlite_1000_099
[2026-08-20T08:45:10] PARAM implementation=CCNlite
[2026-08-20T08:45:10] METRIC concurrent_clients=1000
[2026-08-20T08:45:10] METRIC throughput_pct_of_max=62.912
[2026-08-20T08:45:10] RUN_END status=OK
[2026-08-20T08:46:09] RUN_START run_id=SCALE_C_CCNlite_1000_100
[2026-08-20T08:46:09] PARAM implementation=CCNlite
[2026-08-20T08:46:09] METRIC concurrent_clients=1000
[2026-08-20T08:46:09] METRIC throughput_pct_of_max=59.402
[2026-08-20T08:46:09] RUN_END status=OK
[2026-08-20T08:47:48] RUN_START run_id=SCALE_C_CCNlite_1000_101
[2026-08-20T08:47:48] PARAM implementation=CCNlite
[2026-08-20T08:47:48] METRIC concurrent_clients=1000
[2026-08-20T08:47:48] METRIC throughput_pct_of_max=59.942
[2026-08-20T08:47:48] RUN_END status=OK
