[2026-09-05T11:15:58] RUN_START run_id=SCALE_C_NFD_10_132
[2026-09-05T11:15:58] PARAM implementation=NFD
[2026-09-05T11:15:58] METRIC concurrent_clients=10
[2026-09-05T11:15:58] METRIC throughput_pct_of_max=94.53
[2026-09-05T11:15:58] RUN_END status=OK
[2026-09-05T11:20:58] RUN_START run_id=SCALE_C_NFD_10_133
[2026-09-05T11:20:58] PARAM implementation=NFD
[2026-09-05T11:20:58] METRIC concurrent_clients=10
[2026-09-05T11:20:58] METRIC throughput_pct_of_max=100.0
[2026-09-05T11:20:58] RUN_END status=OK
[2026-09-05T11:25:26] RUN_START run_id=SCALE_C_NFD_10_134
[2026-09-05T11:25:26] PARAM implementation=NFD
[2026-09-05T11:25:26] METRIC concurrent_clients=10
[2026-09-05T11:25:26] METRIC throughput_pct_of_max=100.0
[2026-09-05T11:25:26] RUN_END status=OK
[2026-09-05T11:28:14] RUN_START run_id=SCALE_C_NFD_10_135
[2026-09-05T11:28:14] PARAM implementation=NFD
[2026-09-05T11:28:14] METRIC concurrent_clients=10
[2026-09-05T11:28:14] METRIC throughput_pct_of_max=100.0
[2026-09-05T11:28:14] RUN_END status=OK
[2026-09-05T11:31:27] RUN_START run_id=SCALE_C_NFD_10_136
[2026-09-05T11:31:27] PARAM implementation=NFD
[2026-09-05T11:31:27] METRIC concurrent_clients=10
[2026-09-05T11:31:27] METRIC throughput_pct_of_max=97.564
[2026-09-05T11:31:27] RUN_END status=OK
[2026-09-05T11:32:46] RUN_START run_id=SCALE_C_NFD_10_137
[2026-09-05T11:32:46] PARAM implementation=NFD
[2026-09-05T11:32:46] METRIC concurrent_clients=10
[2026-09-05T11:32:46] METRIC throughput_pct_of_max=100.0
[2026-09-05T11:32:46] RUN_END status=OK
[2026-09-05T11:36:42] RUN_START run_id=SCALE_C_NFD_10_138
[2026-09-05T11:36:42] PARAM implementation=NFD
[2026-09-05T11:36:42] METRIC concurrent_clients=10
[2026-09-05T11:36:42] METRIC throughput_pct_of_max=100.0
[2026-09-05T11:36:42] RUN_END status=OK
[2026-09-05T11:37:57] RUN_START run_id=SCALE_C_NFD_10_139
[2026-09-05T11:37:57] PARAM implementation=NFD
[2026-09-05T11:37:57] METRIC concurrent_clients=10
[2026-09-05T11:37:57] METRIC throughput_pct_of_max=100.0
[2026-09-05T11:37:57] RUN_END status=OK
[2026-09-05T11:39:59] RUN_START run_id=SCALE_C_NFD_10_140
[2026-09-05T11:39:59] PARAM implementation=NFD
[2026-09-05T11:39:59] METRIC concurrent_clients=10
[2026-09-05T11:39:59] METRIC throughput_pct_of_max=100.0
[2026-09-05T11:39:59] RUN_END status=OK
[2026-09-05T11:41:14] RUN_START run_id=SCALE_C_NFD_10_141
[2026-09-05T11:41:14] PARAM implementation=NFD
[2026-09-05T11:41:14] METRIC concurrent_clients=10
[2026-09-05T11:41:14] METRIC throughput_pct_of_max=100.0
[2026-09-05T11:41:14] RUN_END status=OK
[2026-09-05T11:42:25] RUN_START run_id=SCALE_C_NFD_10_142
[2026-09-05T11:42:25] PARAM implementation=NFD
[2026-09-05T11:42:25] METRIC concurrent_clients=10
[2026-09-05T11:42:25] METRIC throughput_pct_of_max=95.109
[2026-09-05T11:42:25] RUN_END status=OK
[2026-09-05T11:46:23] RUN_START run_id=SCALE_C_NFD_10_143
[2026-09-05T11:46:23] PARAM implementation=NFD
[2026-09-05T11:46:23] METRIC concurrent_clients=10
[2026-09-05T11:46:23] METRIC throughput_pct_of_max=100.0
[2026-09-05T11:46:23] RUN_END status=OK
[2026-09-05T11:50:15] RUN_START run_id=SCALE_C_NFD_10_144
[2026-09-05T11:50:15] PARAM implementation=NFD
[2026-09-05T11:50:15] METRIC concurrent_clients=10
[2026-09-05T11:50:15] METRIC throughput_pct_of_max=100.0
[2026-09-05T11:50:15] RUN_END status=OK
[2026-09-05T11:51:00] RUN_START run_id=SCALE_C_NFD_10_145
[2026-09-05T11:51:00] PARAM implementation=NFD
[2026-09-05T11:51:00] METRIC concurrent_clients=10
[2026-09-05T11:51:00] METRIC throughput_pct_of_max=99.9
[2026-09-05T11:51:00] RUN_END status=OK
[2026-09-05T11:53:56] RUN_START run_id=SCALE_C_NFD_10_146
[2026-09-05T11:53:56] PARAM implementation=NFD
[2026-09-05T11:53:56] METRIC concurrent_clients=10
[2026-09-05T11:53:56] METRIC throughput_pct_of_max=98.119
[2026-09-05T11:53:56] RUN_END status=OK
[2026-09-05T11:54:55] RUN_START run_id=SCALE_C_NFD_10_147
[2026-09-05T11:54:55] PARAM implementation=NFD
[2026-09-05T11:54:55] METRIC concurrent_clients=10
[2026-09-05T11:54:55] METRIC throughput_pct_of_max=99.792
[2026-09-05T11:54:55] RUN_END status=OK
[2026-09-05T11:56:11] RUN_START run_id=SCALE_C_NFD_10_148
[2026-09-05T11:56:11] PARAM implementation=NFD
[2026-09-05T11:56:11] METRIC concurrent_clients=10
[2026-09-05T11:56:11] METRIC throughput_pct_of_max=100.0
[2026-09-05T11:56:11] RUN_END status=OK
