[2026-08-25T15:21:52] RUN_START run_id=SCALE_C_CCNlite_500_103
[2026-08-25T15:21:52] PARAM implementation=CCNlite
[2026-08-25T15:21:52] METRIC concurrent_clients=500
[2026-08-25T15:21:52] METRIC throughput_pct_of_max=66.812
[2026-08-25T15:21:52] RUN_END status=OK
[2026-08-25T15:23:06] RUN_START run_id=SCALE_C_CCNlite_50_045
[2026-08-25T15:23:06] PARAM implementation=CCNlite
[2026-08-25T15:23:06] METRIC concurrent_clients=50
[2026-08-25T15:23:06] METRIC throughput_pct_of_max=96.398
[2026-08-25T15:23:06] RUN_END status=OK
[2026-08-25T15:23:31] RUN_START run_id=07_scalability_clients_DISCARDED_0177
[2026-08-25T15:23:31] RUN_ABORTED reason=trex_controller_reset: TRex stateful-engine control connection dropped mid-run before steady-state throughput reached
[2026-08-25T15:24:14] RUN_START run_id=SCALE_C_CCNlite_500_104
[2026-08-25T15:24:14] PARAM implementation=CCNlite
[2026-08-25T15:24:14] METRIC concurrent_clients=500
[2026-08-25T15:24:14] METRIC throughput_pct_of_max=67.585
[2026-08-25T15:24:14] RUN_END status=OK
[2026-08-25T15:25:31] RUN_START run_id=SCALE_C_CCNlite_500_105
[2026-08-25T15:25:31] PARAM implementation=CCNlite
[2026-08-25T15:25:31] METRIC concurrent_clients=500
[2026-08-25T15:25:31] METRIC throughput_pct_of_max=74.583
[2026-08-25T15:25:31] RUN_END status=OK
[2026-08-25T15:26:11] RUN_START run_id=SCALE_C_CCNlite_50_046
[2026-08-25T15:26:11] PARAM implementation=CCNlite
[2026-08-25T15:26:11] METRIC concurrent_clients=50
[2026-08-25T15:26:11] METRIC throughput_pct_of_max=88.709
[2026-08-25T15:26:11] RUN_END status=OK
[2026-08-25T15:28:07] RUN_START run_id=SCALE_C_CCNlite_50_047
[2026-08-25T15:28:07] PARAM implementation=CCNlite
[2026-08-25T15:28:07] METRIC concurrent_clients=50
[2026-08-25T15:28:07] METRIC throughput_pct_of_max=94.571
[2026-08-25T15:28:07] RUN_END status=OK
[2026-08-25T15:29:12] RUN_START run_id=SCALE_C_CCNlite_500_106
[2026-08-25T15:29:12] PARAM implementation=CCNlite
[2026-08-25T15:29:12] METRIC concurrent_clients=500
[2026-08-25T15:29:12] METRIC throughput_pct_of_max=67.848
[2026-08-25T15:29:12] RUN_END status=OK
[2026-08-25T15:30:55] RUN_START run_id=SCALE_C_CCNlite_500_107
[2026-08-25T15:30:55] PARAM implementation=CCNlite
[2026-08-25T15:30:55] METRIC concurrent_clients=500
[2026-08-25T15:30:55] METRIC throughput_pct_of_max=67.851
[2026-08-25T15:30:55] RUN_END status=OK
[2026-08-25T15:31:03] RUN_START run_id=SCALE_C_CCNlite_50_048
[2026-08-25T15:31:03] PARAM implementation=CCNlite
[2026-08-25T15:31:03] METRIC concurrent_clients=50
[2026-08-25T15:31:03] METRIC throughput_pct_of_max=94.484
[2026-08-25T15:31:03] RUN_END status=OK
[2026-08-25T15:32:36] RUN_START run_id=SCALE_C_CCNlite_50_049
[2026-08-25T15:32:36] PARAM implementation=CCNlite
[2026-08-25T15:32:36] METRIC concurrent_clients=50
[2026-08-25T15:32:36] METRIC throughput_pct_of_max=89.038
[2026-08-25T15:32:36] RUN_END status=OK
[2026-08-25T15:33:17] RUN_START run_id=SCALE_C_CCNlite_500_108
[2026-08-25T15:33:17] PARAM implementation=CCNlite
[2026-08-25T15:33:17] METRIC concurrent_clients=500
[2026-08-25T15:33:17] METRIC throughput_pct_of_max=64.761
[2026-08-25T15:33:17] RUN_END status=OK
[2026-08-25T15:34:58] RUN_START run_id=SCALE_C_CCNlite_50_050
[2026-08-25T15:34:58] PARAM implementation=CCNlite
[2026-08-25T15:34:58] METRIC concurrent_clients=50
[2026-08-25T15:34:58] METRIC throughput_pct_of_max=88.849
[2026-08-25T15:34:58] RUN_END status=OK
[2026-08-25T15:35:52] RUN_START run_id=SCALE_C_CCNlite_500_109
[2026-08-25T15:35:52] PARAM implementation=CCNlite
[2026-08-25T15:35:52] METRIC concurrent_clients=500
[2026-08-25T15:35:52] METRIC throughput_pct_of_max=66.921
[2026-08-25T15:35:52] RUN_END status=OK
[2026-08-25T15:35:56] RUN_START run_id=SCALE_C_CCNlite_50_051
[2026-08-25T15:35:56] PARAM implementation=CCNlite
[2026-08-25T15:35:56] METRIC concurrent_clients=50
[2026-08-25T15:35:56] METRIC throughput_pct_of_max=90.314
[2026-08-25T15:35:56] RUN_END status=OK
