[2026-08-25T18:01:40] RUN_START run_id=SCALE_C_uDCN_5000_035
[2026-08-25T18:01:40] PARAM implementation=uDCN
[2026-08-25T18:01:40] METRIC concurrent_clients=5000
[2026-08-25T18:01:40] METRIC throughput_pct_of_max=78.028
[2026-08-25T18:01:40] RUN_END status=OK
[2026-08-25T18:03:17] RUN_START run_id=SCALE_C_uDCN_5000_036
[2026-08-25T18:03:17] PARAM implementation=uDCN
[2026-08-25T18:03:17] METRIC concurrent_clients=5000
[2026-08-25T18:03:17] METRIC throughput_pct_of_max=74.635
[2026-08-25T18:03:17] RUN_END status=OK
[2026-08-25T18:07:12] RUN_START run_id=SCALE_C_uDCN_5000_037
[2026-08-25T18:07:12] PARAM implementation=uDCN
[2026-08-25T18:07:12] METRIC concurrent_clients=5000
[2026-08-25T18:07:12] METRIC throughput_pct_of_max=72.496
[2026-08-25T18:07:12] RUN_END status=OK
[2026-08-25T18:09:27] RUN_START run_id=SCALE_C_uDCN_5000_038
[2026-08-25T18:09:27] PARAM implementation=uDCN
[2026-08-25T18:09:27] METRIC concurrent_clients=5000
[2026-08-25T18:09:27] METRIC throughput_pct_of_max=75.286
[2026-08-25T18:09:27] RUN_END status=OK
[2026-08-25T18:12:51] RUN_START run_id=SCALE_C_uDCN_5000_039
[2026-08-25T18:12:51] PARAM implementation=uDCN
[2026-08-25T18:12:51] METRIC concurrent_clients=5000
[2026-08-25T18:12:51] METRIC throughput_pct_of_max=75.075
[2026-08-25T18:12:51] RUN_END status=OK
[2026-08-25T18:13:38] RUN_START run_id=SCALE_C_uDCN_5000_040
[2026-08-25T18:13:38] PARAM implementation=uDCN
[2026-08-25T18:13:38] METRIC concurrent_clients=5000
[2026-08-25T18:13:38] METRIC throughput_pct_of_max=75.225
[2026-08-25T18:13:38] RUN_END status=OK
[2026-08-25T18:14:49] RUN_START run_id=SCALE_C_uDCN_5000_041
[2026-08-25T18:14:49] PARAM implementation=uDCN
[2026-08-25T18:14:49] METRIC concurrent_clients=5000
[2026-08-25T18:14:49] METRIC throughput_pct_of_max=74.265
[2026-08-25T18:14:49] RUN_END status=OK
[2026-08-25T18:18:33] RUN_START run_id=SCALE_C_uDCN_5000_042
[2026-08-25T18:18:33] PARAM implementation=uDCN
[2026-08-25T18:18:33] METRIC concurrent_clients=5000
[2026-08-25T18:18:33] METRIC throughput_pct_of_max=78.212
[2026-08-25T18:18:33] RUN_END status=OK
[2026-08-25T18:21:20] RUN_START run_id=SCALE_C_uDCN_5000_043
[2026-08-25T18:21:20] PARAM implementation=uDCN
[2026-08-25T18:21:20] METRIC concurrent_clients=5000
[2026-08-25T18:21:20] METRIC throughput_pct_of_max=73.571
[2026-08-25T18:21:20] RUN_END status=OK
[2026-08-25T18:21:51] RUN_START run_id=SCALE_C_uDCN_5000_044
[2026-08-25T18:21:51] PARAM implementation=uDCN
[2026-08-25T18:21:51] METRIC concurrent_clients=5000
[2026-08-25T18:21:51] METRIC throughput_pct_of_max=74.226
[2026-08-25T18:21:51] RUN_END status=OK
[2026-08-25T18:24:06] RUN_START run_id=SCALE_C_uDCN_5000_045
[2026-08-25T18:24:06] PARAM implementation=uDCN
[2026-08-25T18:24:06] METRIC concurrent_clients=5000
[2026-08-25T18:24:06] METRIC throughput_pct_of_max=74.591
[2026-08-25T18:24:06] RUN_END status=OK
