[2026-08-24T15:25:15] RUN_START run_id=SCALE_C_NFD_500_144
[2026-08-24T15:25:15] PARAM implementation=NFD
[2026-08-24T15:25:15] METRIC concurrent_clients=500
[2026-08-24T15:25:15] METRIC throughput_pct_of_max=66.682
[2026-08-24T15:25:15] RUN_END status=OK
[2026-08-24T15:26:51] RUN_START run_id=SCALE_C_NFD_500_145
[2026-08-24T15:26:51] PARAM implementation=NFD
[2026-08-24T15:26:51] METRIC concurrent_clients=500
[2026-08-24T15:26:51] METRIC throughput_pct_of_max=67.447
[2026-08-24T15:26:51] RUN_END status=OK
[2026-08-24T15:28:27] RUN_START run_id=SCALE_C_NFD_500_146
[2026-08-24T15:28:27] PARAM implementation=NFD
[2026-08-24T15:28:27] METRIC concurrent_clients=500
[2026-08-24T15:28:27] METRIC throughput_pct_of_max=70.042
[2026-08-24T15:28:27] RUN_END status=OK
[2026-08-24T16:00:00] RUN_START run_id=SCALE_C_PythonNDN_500_001
[2026-08-24T16:00:00] PARAM implementation=PythonNDN
[2026-08-24T16:00:00] METRIC concurrent_clients=500
[2026-08-24T16:00:00] METRIC throughput_pct_of_max=33.947
[2026-08-24T16:00:00] RUN_END status=OK
[2026-08-24T16:00:34] RUN_START run_id=SCALE_C_PythonNDN_500_002
[2026-08-24T16:00:34] PARAM implementation=PythonNDN
[2026-08-24T16:00:34] METRIC concurrent_clients=500
[2026-08-24T16:00:34] METRIC throughput_pct_of_max=34.245
[2026-08-24T16:00:34] RUN_END status=OK
[2026-08-24T16:03:54] RUN_START run_id=SCALE_C_PythonNDN_500_003
[2026-08-24T16:03:54] PARAM implementation=PythonNDN
[2026-08-24T16:03:54] METRIC concurrent_clients=500
[2026-08-24T16:03:54] METRIC throughput_pct_of_max=35.102
[2026-08-24T16:03:54] RUN_END status=OK
[2026-08-24T16:06:35] RUN_START run_id=SCALE_C_PythonNDN_500_004
[2026-08-24T16:06:35] PARAM implementation=PythonNDN
[2026-08-24T16:06:35] METRIC concurrent_clients=500
[2026-08-24T16:06:35] METRIC throughput_pct_of_max=32.393
[2026-08-24T16:06:35] RUN_END status=OK
[2026-08-24T16:08:03] RUN_START run_id=SCALE_C_PythonNDN_500_005
[2026-08-24T16:08:03] PARAM implementation=PythonNDN
[2026-08-24T16:08:03] METRIC concurrent_clients=500
[2026-08-24T16:08:03] METRIC throughput_pct_of_max=33.038
[2026-08-24T16:08:03] RUN_END status=OK
[2026-08-24T16:09:28] RUN_START run_id=SCALE_C_PythonNDN_500_006
[2026-08-24T16:09:28] PARAM implementation=PythonNDN
[2026-08-24T16:09:28] METRIC concurrent_clients=500
[2026-08-24T16:09:28] METRIC throughput_pct_of_max=33.572
[2026-08-24T16:09:28] RUN_END status=OK
[2026-08-24T16:18:21] RUN_START run_id=SCALE_C_PythonNDN_500_007
[2026-08-24T16:18:21] PARAM implementation=PythonNDN
[2026-08-24T16:18:21] METRIC concurrent_clients=500
[2026-08-24T16:18:21] METRIC throughput_pct_of_max=34.968
[2026-08-24T16:18:21] RUN_END status=OK
[2026-08-24T16:18:33] RUN_START run_id=SCALE_C_PythonNDN_500_008
[2026-08-24T16:18:33] PARAM implementation=PythonNDN
[2026-08-24T16:18:33] METRIC concurrent_clients=500
[2026-08-24T16:18:33] METRIC throughput_pct_of_max=34.758
[2026-08-24T16:18:33] RUN_END status=OK
