[2026-08-22T10:40:05] RUN_START run_id=SCALE_C_PythonNDN_5000_024
[2026-08-22T10:40:05] PARAM implementation=PythonNDN
[2026-08-22T10:40:05] METRIC concurrent_clients=5000
[2026-08-22T10:40:05] METRIC throughput_pct_of_max=9.875
[2026-08-22T10:40:05] RUN_END status=OK
[2026-08-22T10:41:46] RUN_START run_id=SCALE_C_PythonNDN_5000_025
[2026-08-22T10:41:46] PARAM implementation=PythonNDN
[2026-08-22T10:41:46] METRIC concurrent_clients=5000
[2026-08-22T10:41:46] METRIC throughput_pct_of_max=9.879
[2026-08-22T10:41:46] RUN_END status=OK
[2026-08-22T10:46:56] RUN_START run_id=SCALE_C_PythonNDN_5000_026
[2026-08-22T10:46:56] PARAM implementation=PythonNDN
[2026-08-22T10:46:56] METRIC concurrent_clients=5000
[2026-08-22T10:46:56] METRIC throughput_pct_of_max=9.555
[2026-08-22T10:46:56] RUN_END status=OK
[2026-08-22T10:48:18] RUN_START run_id=SCALE_C_PythonNDN_5000_027
[2026-08-22T10:48:18] PARAM implementation=PythonNDN
[2026-08-22T10:48:18] METRIC concurrent_clients=5000
[2026-08-22T10:48:18] METRIC throughput_pct_of_max=10.172
[2026-08-22T10:48:18] RUN_END status=OK
[2026-08-22T10:51:55] RUN_START run_id=SCALE_C_PythonNDN_5000_028
[2026-08-22T10:51:55] PARAM implementation=PythonNDN
[2026-08-22T10:51:55] METRIC concurrent_clients=5000
[2026-08-22T10:51:55] METRIC throughput_pct_of_max=9.843
[2026-08-22T10:51:55] RUN_END status=OK
[2026-08-22T10:54:27] RUN_START run_id=SCALE_C_PythonNDN_5000_029
[2026-08-22T10:54:27] PARAM implementation=PythonNDN
[2026-08-22T10:54:27] METRIC concurrent_clients=5000
[2026-08-22T10:54:27] METRIC throughput_pct_of_max=10.372
[2026-08-22T10:54:27] RUN_END status=OK
[2026-08-22T10:58:20] RUN_START run_id=SCALE_C_PythonNDN_5000_030
[2026-08-22T10:58:20] PARAM implementation=PythonNDN
[2026-08-22T10:58:20] METRIC concurrent_clients=5000
[2026-08-22T10:58:20] METRIC throughput_pct_of_max=10.474
[2026-08-22T10:58:20] RUN_END status=OK
[2026-08-22T11:02:55] RUN_START run_id=SCALE_C_PythonNDN_5000_031
[2026-08-22T11:02:55] PARAM implementation=PythonNDN
[2026-08-22T11:02:55] METRIC concurrent_clients=5000
[2026-08-22T11:02:55] METRIC throughput_pct_of_max=10.238
[2026-08-22T11:02:55] RUN_END status=OK
[2026-08-22T11:05:36] RUN_START run_id=SCALE_C_PythonNDN_5000_032
[2026-08-22T11:05:36] PARAM implementation=PythonNDN
[2026-08-22T11:05:36] METRIC concurrent_clients=5000
[2026-08-22T11:05:36] METRIC throughput_pct_of_max=9.52
[2026-08-22T11:05:36] RUN_END status=OK
[2026-08-22T11:07:31] RUN_START run_id=SCALE_C_PythonNDN_5000_033
[2026-08-22T11:07:31] PARAM implementation=PythonNDN
[2026-08-22T11:07:31] METRIC concurrent_clients=5000
[2026-08-22T11:07:31] METRIC throughput_pct_of_max=9.902
[2026-08-22T11:07:31] RUN_END status=OK
[2026-08-22T11:09:42] RUN_START run_id=SCALE_C_PythonNDN_5000_034
[2026-08-22T11:09:42] PARAM implementation=PythonNDN
[2026-08-22T11:09:42] METRIC concurrent_clients=5000
[2026-08-22T11:09:42] METRIC throughput_pct_of_max=10.284
[2026-08-22T11:09:42] RUN_END status=OK
[2026-08-22T11:10:40] RUN_START run_id=SCALE_C_PythonNDN_5000_035
[2026-08-22T11:10:40] PARAM implementation=PythonNDN
[2026-08-22T11:10:40] METRIC concurrent_clients=5000
[2026-08-22T11:10:40] METRIC throughput_pct_of_max=9.655
[2026-08-22T11:10:40] RUN_END status=OK
