[2026-08-27T05:05:40] RUN_START run_id=SCALE_C_uDCN_100_065
[2026-08-27T05:05:40] PARAM implementation=uDCN
[2026-08-27T05:05:40] METRIC concurrent_clients=100
[2026-08-27T05:05:40] METRIC throughput_pct_of_max=93.754
[2026-08-27T05:05:40] RUN_END status=OK
[2026-08-27T05:06:07] RUN_START run_id=SCALE_C_uDCN_100_066
[2026-08-27T05:06:07] PARAM implementation=uDCN
[2026-08-27T05:06:07] METRIC concurrent_clients=100
[2026-08-27T05:06:07] METRIC throughput_pct_of_max=90.889
[2026-08-27T05:06:07] RUN_END status=OK
[2026-08-27T05:09:14] RUN_START run_id=SCALE_C_uDCN_100_067
[2026-08-27T05:09:14] PARAM implementation=uDCN
[2026-08-27T05:09:14] METRIC concurrent_clients=100
[2026-08-27T05:09:14] METRIC throughput_pct_of_max=95.985
[2026-08-27T05:09:14] RUN_END status=OK
[2026-08-27T05:11:52] RUN_START run_id=SCALE_C_uDCN_100_068
[2026-08-27T05:11:52] PARAM implementation=uDCN
[2026-08-27T05:11:52] METRIC concurrent_clients=100
[2026-08-27T05:11:52] METRIC throughput_pct_of_max=95.215
[2026-08-27T05:11:52] RUN_END status=OK
[2026-08-27T05:14:45] RUN_START run_id=SCALE_C_uDCN_100_069
[2026-08-27T05:14:45] PARAM implementation=uDCN
[2026-08-27T05:14:45] METRIC concurrent_clients=100
[2026-08-27T05:14:45] METRIC throughput_pct_of_max=89.124
[2026-08-27T05:14:45] RUN_END status=OK
[2026-08-27T05:15:42] RUN_START run_id=SCALE_C_uDCN_100_070
[2026-08-27T05:15:42] PARAM implementation=uDCN
[2026-08-27T05:15:42] METRIC concurrent_clients=100
[2026-08-27T05:15:42] METRIC throughput_pct_of_max=91.513
[2026-08-27T05:15:42] RUN_END status=OK
[2026-08-27T05:19:13] RUN_START run_id=SCALE_C_uDCN_100_071
[2026-08-27T05:19:13] PARAM implementation=uDCN
[2026-08-27T05:19:13] METRIC concurrent_clients=100
[2026-08-27T05:19:13] METRIC throughput_pct_of_max=91.135
[2026-08-27T05:19:13] RUN_END status=OK
[2026-08-27T05:20:26] RUN_START run_id=SCALE_C_uDCN_100_072
[2026-08-27T05:20:26] PARAM implementation=uDCN
[2026-08-27T05:20:26] METRIC concurrent_clients=100
[2026-08-27T05:20:26] METRIC throughput_pct_of_max=94.402
[2026-08-27T05:20:26] RUN_END status=OK
[2026-08-27T05:21:00] RUN_START run_id=07_scalability_clients_DISCARDED_0193
[2026-08-27T05:21:00] RUN_ABORTED reason=trex_controller_reset: TRex stateful-engine control connection dropped mid-run before steady-state throughput reached
[2026-08-27T05:21:25] RUN_START run_id=SCALE_C_uDCN_100_073
[2026-08-27T05:21:25] PARAM implementation=uDCN
[2026-08-27T05:21:25] METRIC concurrent_clients=100
[2026-08-27T05:21:25] METRIC throughput_pct_of_max=95.384
[2026-08-27T05:21:25] RUN_END status=OK
[2026-08-27T13:00:00] RUN_START run_id=SCALE_C_NFD_10_001
[2026-08-27T13:00:00] PARAM implementation=NFD
[2026-08-27T13:00:00] METRIC concurrent_clients=10
[2026-08-27T13:00:00] METRIC throughput_pct_of_max=96.086
[2026-08-27T13:00:00] RUN_END status=OK
[2026-08-27T13:01:11] RUN_START run_id=SCALE_C_NFD_10_002
[2026-08-27T13:01:11] PARAM implementation=NFD
[2026-08-27T13:01:11] METRIC concurrent_clients=10
[2026-08-27T13:01:11] METRIC throughput_pct_of_max=98.92
[2026-08-27T13:01:11] RUN_END status=OK
[2026-08-27T13:02:23] RUN_START run_id=SCALE_C_NFD_10_003
[2026-08-27T13:02:23] PARAM implementation=NFD
[2026-08-27T13:02:23] METRIC concurrent_clients=10
[2026-08-27T13:02:23] METRIC throughput_pct_of_max=100.0
[2026-08-27T13:02:23] RUN_END status=OK
[2026-08-27T13:06:00] RUN_START run_id=SCALE_C_NFD_10_004
[2026-08-27T13:06:00] PARAM implementation=NFD
[2026-08-27T13:06:00] METRIC concurrent_clients=10
[2026-08-27T13:06:00] METRIC throughput_pct_of_max=100.0
[2026-08-27T13:06:00] RUN_END status=OK
[2026-08-27T13:07:26] RUN_START run_id=SCALE_C_NFD_10_005
[2026-08-27T13:07:26] PARAM implementation=NFD
[2026-08-27T13:07:26] METRIC concurrent_clients=10
[2026-08-27T13:07:26] METRIC throughput_pct_of_max=99.994
[2026-08-27T13:07:26] RUN_END status=OK
