[2026-08-18T19:43:53] RUN_START run_id=SCALE_C_uDCN_500_033
[2026-08-18T19:43:53] PARAM implementation=uDCN
[2026-08-18T19:43:53] METRIC concurrent_clients=500
[2026-08-18T19:43:53] METRIC throughput_pct_of_max=83.663
[2026-08-18T19:43:53] RUN_END status=OK
[2026-08-18T19:46:28] RUN_START run_id=SCALE_C_uDCN_500_034
[2026-08-18T19:46:28] PARAM implementation=uDCN
[2026-08-18T19:46:28] METRIC concurrent_clients=500
[2026-08-18T19:46:28] METRIC throughput_pct_of_max=92.176
[2026-08-18T19:46:28] RUN_END status=OK
[2026-08-18T19:50:16] RUN_START run_id=SCALE_C_uDCN_500_035
[2026-08-18T19:50:16] PARAM implementation=uDCN
[2026-08-18T19:50:16] METRIC concurrent_clients=500
[2026-08-18T19:50:16] METRIC throughput_pct_of_max=92.916
[2026-08-18T19:50:16] RUN_END status=OK
[2026-08-18T19:51:29] RUN_START run_id=SCALE_C_uDCN_500_036
[2026-08-18T19:51:29] PARAM implementation=uDCN
[2026-08-18T19:51:29] METRIC concurrent_clients=500
[2026-08-18T19:51:29] METRIC throughput_pct_of_max=89.755
[2026-08-18T19:51:29] RUN_END status=OK
[2026-08-18T19:53:21] RUN_START run_id=SCALE_C_uDCN_500_037
[2026-08-18T19:53:21] PARAM implementation=uDCN
[2026-08-18T19:53:21] METRIC concurrent_clients=500
[2026-08-18T19:53:21] METRIC throughput_pct_of_max=93.359
[2026-08-18T19:53:21] RUN_END status=OK
[2026-08-18T19:55:51] RUN_START run_id=SCALE_C_uDCN_500_038
[2026-08-18T19:55:51] PARAM implementation=uDCN
[2026-08-18T19:55:51] METRIC concurrent_clients=500
[2026-08-18T19:55:51] METRIC throughput_pct_of_max=92.19
[2026-08-18T19:55:51] RUN_END status=OK
[2026-08-18T19:57:49] RUN_START run_id=SCALE_C_uDCN_500_039
[2026-08-18T19:57:49] PARAM implementation=uDCN
[2026-08-18T19:57:49] METRIC concurrent_clients=500
[2026-08-18T19:57:49] METRIC throughput_pct_of_max=93.456
[2026-08-18T19:57:49] RUN_END status=OK
[2026-08-18T20:04:08] RUN_START run_id=SCALE_C_uDCN_500_040
[2026-08-18T20:04:08] PARAM implementation=uDCN
[2026-08-18T20:04:08] METRIC concurrent_clients=500
[2026-08-18T20:04:08] METRIC throughput_pct_of_max=98.574
[2026-08-18T20:04:08] RUN_END status=OK
[2026-08-18T20:08:16] RUN_START run_id=SCALE_C_uDCN_500_041
[2026-08-18T20:08:16] PARAM implementation=uDCN
[2026-08-18T20:08:16] METRIC concurrent_clients=500
[2026-08-18T20:08:16] METRIC throughput_pct_of_max=97.571
[2026-08-18T20:08:16] RUN_END status=OK
[2026-08-18T20:09:05] RUN_START run_id=SCALE_C_uDCN_500_042
[2026-08-18T20:09:05] PARAM implementation=uDCN
[2026-08-18T20:09:05] METRIC concurrent_clients=500
[2026-08-18T20:09:05] METRIC throughput_pct_of_max=92.037
[2026-08-18T20:09:05] RUN_END status=OK
