[2026-08-25T15:57:46] RUN_START run_id=SCALE_C_CCNlite_50_059
[2026-08-25T15:57:46] PARAM implementation=CCNlite
[2026-08-25T15:57:46] METRIC concurrent_clients=50
[2026-08-25T15:57:46] METRIC throughput_pct_of_max=93.098
[2026-08-25T15:57:46] RUN_END status=OK
[2026-08-25T15:57:55] RUN_START run_id=SCALE_C_CCNlite_500_120
[2026-08-25T15:57:55] PARAM implementation=CCNlite
[2026-08-25T15:57:55] METRIC concurrent_clients=500
[2026-08-25T15:57:55] METRIC throughput_pct_of_max=67.656
[2026-08-25T15:57:55] RUN_END status=OK
[2026-08-25T15:58:40] RUN_START run_id=SCALE_C_CCNlite_500_121
[2026-08-25T15:58:40] PARAM implementation=CCNlite
[2026-08-25T15:58:40] METRIC concurrent_clients=500
[2026-08-25T15:58:40] METRIC throughput_pct_of_max=67.578
[2026-08-25T15:58:40] RUN_END status=OK
[2026-08-25T16:00:06] RUN_START run_id=SCALE_C_CCNlite_500_122
[2026-08-25T16:00:06] PARAM implementation=CCNlite
[2026-08-25T16:00:06] METRIC concurrent_clients=500
[2026-08-25T16:00:06] METRIC throughput_pct_of_max=75.144
[2026-08-25T16:00:06] RUN_END status=OK
[2026-08-25T16:00:42] RUN_START run_id=SCALE_C_CCNlite_50_060
[2026-08-25T16:00:42] PARAM implementation=CCNlite
[2026-08-25T16:00:42] METRIC concurrent_clients=50
[2026-08-25T16:00:42] METRIC throughput_pct_of_max=93.543
[2026-08-25T16:00:42] RUN_END status=OK
[2026-08-25T16:01:07] RUN_START run_id=SCALE_C_CCNlite_500_123
[2026-08-25T16:01:07] PARAM implementation=CCNlite
[2026-08-25T16:01:07] METRIC concurrent_clients=500
[2026-08-25T16:01:07] METRIC throughput_pct_of_max=70.045
[2026-08-25T16:01:07] RUN_END status=OK
[2026-08-25T16:01:33] RUN_START run_id=SCALE_C_CCNlite_50_061
[2026-08-25T16:01:33] PARAM implementation=CCNlite
[2026-08-25T16:01:33] METRIC concurrent_clients=50
[2026-08-25T16:01:33] METRIC throughput_pct_of_max=95.246
[2026-08-25T16:01:33] RUN_END status=OK
[2026-08-25T16:03:56] RUN_START run_id=SCALE_C_CCNlite_500_124
[2026-08-25T16:03:56] PARAM implementation=CCNlite
[2026-08-25T16:03:56] METRIC concurrent_clients=500
[2026-08-25T16:03:56] METRIC throughput_pct_of_max=68.412
[2026-08-25T16:03:56] RUN_END status=OK
[2026-08-25T16:05:49] RUN_START run_id=SCALE_C_CCNlite_500_125
[2026-08-25T16:05:49] PARAM implementation=CCNlite
[2026-08-25T16:05:49] METRIC concurrent_clients=500
[2026-08-25T16:05:49] METRIC throughput_pct_of_max=66.448
[2026-08-25T16:05:49] RUN_END status=OK
[2026-08-25T16:10:12] RUN_START run_id=SCALE_C_CCNlite_500_126
[2026-08-25T16:10:12] PARAM implementation=CCNlite
[2026-08-25T16:10:12] METRIC concurrent_clients=500
[2026-08-25T16:10:12] METRIC throughput_pct_of_max=69.578
[2026-08-25T16:10:12] RUN_END status=OK
[2026-08-25T16:12:38] RUN_START run_id=SCALE_C_CCNlite_500_127
[2026-08-25T16:12:38] PARAM implementation=CCNlite
[2026-08-25T16:12:38] METRIC concurrent_clients=500
[2026-08-25T16:12:38] METRIC throughput_pct_of_max=64.47
[2026-08-25T16:12:38] RUN_END status=OK
[2026-08-25T16:15:48] RUN_START run_id=SCALE_C_CCNlite_500_128
[2026-08-25T16:15:48] PARAM implementation=CCNlite
[2026-08-25T16:15:48] METRIC concurrent_clients=500
[2026-08-25T16:15:48] METRIC throughput_pct_of_max=70.863
[2026-08-25T16:15:48] RUN_END status=OK
[2026-08-25T16:17:58] RUN_START run_id=SCALE_C_CCNlite_500_129
[2026-08-25T16:17:58] PARAM implementation=CCNlite
[2026-08-25T16:17:58] METRIC concurrent_clients=500
[2026-08-25T16:17:58] METRIC throughput_pct_of_max=60.236
[2026-08-25T16:17:58] RUN_END status=OK
[2026-08-25T17:50:05] RUN_START run_id=SCALE_C_uDCN_5000_029
[2026-08-25T17:50:05] PARAM implementation=uDCN
[2026-08-25T17:50:05] METRIC concurrent_clients=5000
[2026-08-25T17:50:05] METRIC throughput_pct_of_max=71.467
[2026-08-25T17:50:05] RUN_END status=OK
[2026-08-25T17:52:10] RUN_START run_id=SCALE_C_uDCN_5000_030
[2026-08-25T17:52:10] PARAM implementation=uDCN
[2026-08-25T17:52:10] METRIC concurrent_clients=5000
[2026-08-25T17:52:10] METRIC throughput_pct_of_max=74.059
[2026-08-25T17:52:10] RUN_END status=OK
[2026-08-25T17:55:15] RUN_START run_id=SCALE_C_uDCN_5000_031
[2026-08-25T17:55:15] PARAM implementation=uDCN
[2026-08-25T17:55:15] METRIC concurrent_clients=5000
[2026-08-25T17:55:15] METRIC throughput_pct_of_max=72.745
[2026-08-25T17:55:15] RUN_END status=OK
[2026-08-25T17:57:22] RUN_START run_id=SCALE_C_uDCN_5000_032
[2026-08-25T17:57:22] PARAM implementation=uDCN
[2026-08-25T17:57:22] METRIC concurrent_clients=5000
[2026-08-25T17:57:22] METRIC throughput_pct_of_max=76.127
[2026-08-25T17:57:22] RUN_END status=OK
[2026-08-25T17:58:57] RUN_START run_id=SCALE_C_uDCN_5000_033
[2026-08-25T17:58:57] PARAM implementation=uDCN
[2026-08-25T17:58:57] METRIC concurrent_clients=5000
[2026-08-25T17:58:57] METRIC throughput_pct_of_max=73.947
[2026-08-25T17:58:57] RUN_END status=OK
[2026-08-25T18:00:41] RUN_START run_id=SCALE_C_uDCN_5000_034
[2026-08-25T18:00:41] PARAM implementation=uDCN
[2026-08-25T18:00:41] METRIC concurrent_clients=5000
[2026-08-25T18:00:41] METRIC throughput_pct_of_max=77.644
[2026-08-25T18:00:41] RUN_END status=OK
