[2026-08-24T16:40:10] RUN_START run_id=SCALE_C_NFD_1000_075
[2026-08-24T16:40:10] PARAM implementation=NFD
[2026-08-24T16:40:10] METRIC concurrent_clients=1000
[2026-08-24T16:40:10] METRIC throughput_pct_of_max=55.148
[2026-08-24T16:40:10] RUN_END status=OK
[2026-08-24T16:41:00] RUN_START run_id=SCALE_C_PythonNDN_500_019
[2026-08-24T16:41:00] PARAM implementation=PythonNDN
[2026-08-24T16:41:00] METRIC concurrent_clients=500
[2026-08-24T16:41:00] METRIC throughput_pct_of_max=32.117
[2026-08-24T16:41:00] RUN_END status=OK
[2026-08-24T16:42:25] RUN_START run_id=SCALE_C_PythonNDN_500_020
[2026-08-24T16:42:25] PARAM implementation=PythonNDN
[2026-08-24T16:42:25] METRIC concurrent_clients=500
[2026-08-24T16:42:25] METRIC throughput_pct_of_max=36.232
[2026-08-24T16:42:25] RUN_END status=OK
[2026-08-24T16:43:23] RUN_START run_id=SCALE_C_NFD_1000_076
[2026-08-24T16:43:23] PARAM implementation=NFD
[2026-08-24T16:43:23] METRIC concurrent_clients=1000
[2026-08-24T16:43:23] METRIC throughput_pct_of_max=56.207
[2026-08-24T16:43:23] RUN_END status=OK
[2026-08-24T16:43:39] RUN_START run_id=SCALE_C_PythonNDN_500_021
[2026-08-24T16:43:39] PARAM implementation=PythonNDN
[2026-08-24T16:43:39] METRIC concurrent_clients=500
[2026-08-24T16:43:39] METRIC throughput_pct_of_max=34.666
[2026-08-24T16:43:39] RUN_END status=OK
[2026-08-24T16:44:37] RUN_START run_id=SCALE_C_NFD_1000_077
[2026-08-24T16:44:37] PARAM implementation=NFD
[2026-08-24T16:44:37] METRIC concurrent_clients=1000
[2026-08-24T16:44:37] METRIC throughput_pct_of_max=56.31
[2026-08-24T16:44:37] RUN_END status=OK
[2026-08-24T16:44:47] RUN_START run_id=SCALE_C_PythonNDN_500_022
[2026-08-24T16:44:47] PARAM implementation=PythonNDN
[2026-08-24T16:44:47] METRIC concurrent_clients=500
[2026-08-24T16:44:47] METRIC throughput_pct_of_max=33.711
[2026-08-24T16:44:47] RUN_END status=OK
[2026-08-24T16:46:03] RUN_START run_id=SCALE_C_NFD_1000_078
[2026-08-24T16:46:03] PARAM implementation=NFD
[2026-08-24T16:46:03] METRIC concurrent_clients=1000
[2026-08-24T16:46:03] METRIC throughput_pct_of_max=56.384
[2026-08-24T16:46:03] RUN_END status=OK
[2026-08-24T16:47:02] RUN_START run_id=SCALE_C_PythonNDN_500_023
[2026-08-24T16:47:02] PARAM implementation=PythonNDN
[2026-08-24T16:47:02] METRIC concurrent_clients=500
[2026-08-24T16:47:02] METRIC throughput_pct_of_max=33.777
[2026-08-24T16:47:02] RUN_END status=OK
[2026-08-24T16:47:25] RUN_START run_id=SCALE_C_NFD_1000_079
[2026-08-24T16:47:25] PARAM implementation=NFD
[2026-08-24T16:47:25] METRIC concurrent_clients=1000
[2026-08-24T16:47:25] METRIC throughput_pct_of_max=56.301
[2026-08-24T16:47:25] RUN_END status=OK
[2026-08-24T16:47:57] RUN_START run_id=SCALE_C_PythonNDN_500_024
[2026-08-24T16:47:57] PARAM implementation=PythonNDN
[2026-08-24T16:47:57] METRIC concurrent_clients=500
[2026-08-24T16:47:57] METRIC throughput_pct_of_max=36.542
[2026-08-24T16:47:57] RUN_END status=OK
[2026-08-24T17:00:00] RUN_START run_id=SCALE_C_uDCN_5000_001
[2026-08-24T17:00:00] PARAM implementation=uDCN
[2026-08-24T17:00:00] METRIC concurrent_clients=5000
[2026-08-24T17:00:00] METRIC throughput_pct_of_max=80.351
[2026-08-24T17:00:00] RUN_END status=OK
[2026-08-24T17:02:06] RUN_START run_id=SCALE_C_uDCN_5000_002
[2026-08-24T17:02:06] PARAM implementation=uDCN
[2026-08-24T17:02:06] METRIC concurrent_clients=5000
[2026-08-24T17:02:06] METRIC throughput_pct_of_max=75.055
[2026-08-24T17:02:06] RUN_END status=OK
