[2026-08-22T20:13:17] RUN_START run_id=SCALE_C_PythonNDN_50_145
[2026-08-22T20:13:17] PARAM implementation=PythonNDN
[2026-08-22T20:13:17] METRIC concurrent_clients=50
[2026-08-22T20:13:17] METRIC throughput_pct_of_max=89.25
[2026-08-22T20:13:17] RUN_END status=OK
[2026-08-22T20:13:23] RUN_START run_id=SCALE_C_PythonNDN_5000_072
[2026-08-22T20:13:23] PARAM implementation=PythonNDN
[2026-08-22T20:13:23] METRIC concurrent_clients=5000
[2026-08-22T20:13:23] METRIC throughput_pct_of_max=10.2
[2026-08-22T20:13:23] RUN_END status=OK
[2026-08-22T20:14:11] RUN_START run_id=SCALE_C_PythonNDN_5000_073
[2026-08-22T20:14:11] PARAM implementation=PythonNDN
[2026-08-22T20:14:11] METRIC concurrent_clients=5000
[2026-08-22T20:14:11] METRIC throughput_pct_of_max=10.452
[2026-08-22T20:14:11] RUN_END status=OK
[2026-08-22T20:16:34] RUN_START run_id=SCALE_C_PythonNDN_5000_074
[2026-08-22T20:16:34] PARAM implementation=PythonNDN
[2026-08-22T20:16:34] METRIC concurrent_clients=5000
[2026-08-22T20:16:34] METRIC throughput_pct_of_max=10.549
[2026-08-22T20:16:34] RUN_END status=OK
[2026-08-22T20:18:09] RUN_START run_id=SCALE_C_PythonNDN_5000_075
[2026-08-22T20:18:09] PARAM implementation=PythonNDN
[2026-08-22T20:18:09] METRIC concurrent_clients=5000
[2026-08-22T20:18:09] METRIC throughput_pct_of_max=9.705
[2026-08-22T20:18:09] RUN_END status=OK
[2026-08-22T22:36:11] RUN_START run_id=SCALE_C_uDCN_50_122
[2026-08-22T22:36:11] PARAM implementation=uDCN
[2026-08-22T22:36:11] METRIC concurrent_clients=50
[2026-08-22T22:36:11] METRIC throughput_pct_of_max=95.192
[2026-08-22T22:36:11] RUN_END status=OK
[2026-08-22T22:37:51] RUN_START run_id=SCALE_C_uDCN_50_123
[2026-08-22T22:37:51] PARAM implementation=uDCN
[2026-08-22T22:37:51] METRIC concurrent_clients=50
[2026-08-22T22:37:51] METRIC throughput_pct_of_max=99.619
[2026-08-22T22:37:51] RUN_END status=OK
[2026-08-22T22:42:36] RUN_START run_id=SCALE_C_uDCN_50_124
[2026-08-22T22:42:36] PARAM implementation=uDCN
[2026-08-22T22:42:36] METRIC concurrent_clients=50
[2026-08-22T22:42:36] METRIC throughput_pct_of_max=100.0
[2026-08-22T22:42:36] RUN_END status=OK
[2026-08-22T22:43:32] RUN_START run_id=SCALE_C_uDCN_50_125
[2026-08-22T22:43:32] PARAM implementation=uDCN
[2026-08-22T22:43:32] METRIC concurrent_clients=50
[2026-08-22T22:43:32] METRIC throughput_pct_of_max=97.552
[2026-08-22T22:43:32] RUN_END status=OK
[2026-08-22T22:45:07] RUN_START run_id=SCALE_C_uDCN_50_126
[2026-08-22T22:45:07] PARAM implementation=uDCN
[2026-08-22T22:45:07] METRIC concurrent_clients=50
[2026-08-22T22:45:07] METRIC throughput_pct_of_max=100.0
[2026-08-22T22:45:07] RUN_END status=OK
[2026-08-22T22:46:23] RUN_START run_id=SCALE_C_uDCN_50_127
[2026-08-22T22:46:23] PARAM implementation=uDCN
[2026-08-22T22:46:23] METRIC concurrent_clients=50
[2026-08-22T22:46:23] METRIC throughput_pct_of_max=97.797
[2026-08-22T22:46:23] RUN_END status=OK
[2026-08-22T22:48:43] RUN_START run_id=SCALE_C_uDCN_50_128
[2026-08-22T22:48:43] PARAM implementation=uDCN
[2026-08-22T22:48:43] METRIC concurrent_clients=50
[2026-08-22T22:48:43] METRIC throughput_pct_of_max=97.17
[2026-08-22T22:48:43] RUN_END status=OK
[2026-08-22T22:49:37] RUN_START run_id=SCALE_C_uDCN_50_129
[2026-08-22T22:49:37] PARAM implementation=uDCN
[2026-08-22T22:49:37] METRIC concurrent_clients=50
[2026-08-22T22:49:37] METRIC throughput_pct_of_max=94.989
[2026-08-22T22:49:37] RUN_END status=OK
[2026-08-22T22:52:42] RUN_START run_id=SCALE_C_uDCN_50_130
[2026-08-22T22:52:42] PARAM implementation=uDCN
[2026-08-22T22:52:42] METRIC concurrent_clients=50
[2026-08-22T22:52:42] METRIC throughput_pct_of_max=98.777
[2026-08-22T22:52:42] RUN_END status=OK
