[2026-08-23T10:55:45] RUN_START run_id=SCALE_C_CCNlite_50_027
[2026-08-23T10:55:45] PARAM implementation=CCNlite
[2026-08-23T10:55:45] METRIC concurrent_clients=50
[2026-08-23T10:55:45] METRIC throughput_pct_of_max=93.497
[2026-08-23T10:55:45] RUN_END status=OK
[2026-08-23T15:33:54] RUN_START run_id=SCALE_C_PythonNDN_50_146
[2026-08-23T15:33:54] PARAM implementation=PythonNDN
[2026-08-23T15:33:54] METRIC concurrent_clients=50
[2026-08-23T15:33:54] METRIC throughput_pct_of_max=83.345
[2026-08-23T15:33:54] RUN_END status=OK
[2026-08-23T15:34:53] RUN_START run_id=SCALE_C_PythonNDN_50_147
[2026-08-23T15:34:53] PARAM implementation=PythonNDN
[2026-08-23T15:34:53] METRIC concurrent_clients=50
[2026-08-23T15:34:53] METRIC throughput_pct_of_max=86.858
[2026-08-23T15:34:53] RUN_END status=OK
[2026-08-23T15:37:32] RUN_START run_id=SCALE_C_PythonNDN_50_148
[2026-08-23T15:37:32] PARAM implementation=PythonNDN
[2026-08-23T15:37:32] METRIC concurrent_clients=50
[2026-08-23T15:37:32] METRIC throughput_pct_of_max=82.718
[2026-08-23T15:37:32] RUN_END status=OK
[2026-08-23T15:40:10] RUN_START run_id=SCALE_C_PythonNDN_50_149
[2026-08-23T15:40:10] PARAM implementation=PythonNDN
[2026-08-23T15:40:10] METRIC concurrent_clients=50
[2026-08-23T15:40:10] METRIC throughput_pct_of_max=87.483
[2026-08-23T15:40:10] RUN_END status=OK
[2026-08-23T15:41:22] RUN_START run_id=SCALE_C_PythonNDN_50_150
[2026-08-23T15:41:22] PARAM implementation=PythonNDN
[2026-08-23T15:41:22] METRIC concurrent_clients=50
[2026-08-23T15:41:22] METRIC throughput_pct_of_max=84.199
[2026-08-23T15:41:22] RUN_END status=OK
[2026-08-23T16:27:59] RUN_START run_id=SCALE_C_NFD_100_086
[2026-08-23T16:27:59] PARAM implementation=NFD
[2026-08-23T16:27:59] METRIC concurrent_clients=100
[2026-08-23T16:27:59] METRIC throughput_pct_of_max=82.496
[2026-08-23T16:27:59] RUN_END status=OK
[2026-08-23T16:28:42] RUN_START run_id=SCALE_C_NFD_100_087
[2026-08-23T16:28:42] PARAM implementation=NFD
[2026-08-23T16:28:42] METRIC concurrent_clients=100
[2026-08-23T16:28:42] METRIC throughput_pct_of_max=78.879
[2026-08-23T16:28:42] RUN_END status=OK
[2026-08-23T16:37:09] RUN_START run_id=SCALE_C_NFD_100_088
[2026-08-23T16:37:09] PARAM implementation=NFD
[2026-08-23T16:37:09] METRIC concurrent_clients=100
[2026-08-23T16:37:09] METRIC throughput_pct_of_max=81.798
[2026-08-23T16:37:09] RUN_END status=OK
[2026-08-23T16:40:44] RUN_START run_id=SCALE_C_NFD_100_089
[2026-08-23T16:40:44] PARAM implementation=NFD
[2026-08-23T16:40:44] METRIC concurrent_clients=100
[2026-08-23T16:40:44] METRIC throughput_pct_of_max=80.474
[2026-08-23T16:40:44] RUN_END status=OK
[2026-08-23T16:41:55] RUN_START run_id=SCALE_C_NFD_100_090
[2026-08-23T16:41:55] PARAM implementation=NFD
[2026-08-23T16:41:55] METRIC concurrent_clients=100
[2026-08-23T16:41:55] METRIC throughput_pct_of_max=77.986
[2026-08-23T16:41:55] RUN_END status=OK
[2026-08-23T16:45:51] RUN_START run_id=07_scalability_clients_DISCARDED_0150
[2026-08-23T16:45:51] RUN_ABORTED reason=trex_controller_reset: TRex stateful-engine control connection dropped mid-run before steady-state throughput reached
[2026-08-23T16:47:45] RUN_START run_id=SCALE_C_NFD_100_091
[2026-08-23T16:47:45] PARAM implementation=NFD
[2026-08-23T16:47:45] METRIC concurrent_clients=100
[2026-08-23T16:47:45] METRIC throughput_pct_of_max=76.502
[2026-08-23T16:47:45] RUN_END status=OK
[2026-08-23T16:49:26] RUN_START run_id=SCALE_C_NFD_100_092
[2026-08-23T16:49:26] PARAM implementation=NFD
[2026-08-23T16:49:26] METRIC concurrent_clients=100
[2026-08-23T16:49:26] METRIC throughput_pct_of_max=82.555
[2026-08-23T16:49:26] RUN_END status=OK
[2026-08-23T16:51:08] RUN_START run_id=SCALE_C_NFD_100_093
[2026-08-23T16:51:08] PARAM implementation=NFD
[2026-08-23T16:51:08] METRIC concurrent_clients=100
[2026-08-23T16:51:08] METRIC throughput_pct_of_max=73.94
[2026-08-23T16:51:08] RUN_END status=OK
[2026-08-23T16:55:29] RUN_START run_id=SCALE_C_NFD_100_094
[2026-08-23T16:55:29] PARAM implementation=NFD
[2026-08-23T16:55:29] METRIC concurrent_clients=100
[2026-08-23T16:55:29] METRIC throughput_pct_of_max=79.083
[2026-08-23T16:55:29] RUN_END status=OK
[2026-08-23T16:56:59] RUN_START run_id=SCALE_C_NFD_100_095
[2026-08-23T16:56:59] PARAM implementation=NFD
[2026-08-23T16:56:59] METRIC concurrent_clients=100
[2026-08-23T16:56:59] METRIC throughput_pct_of_max=81.822
[2026-08-23T16:56:59] RUN_END status=OK
[2026-08-23T16:58:01] RUN_START run_id=SCALE_C_NFD_100_096
[2026-08-23T16:58:01] PARAM implementation=NFD
[2026-08-23T16:58:01] METRIC concurrent_clients=100
[2026-08-23T16:58:01] METRIC throughput_pct_of_max=83.108
[2026-08-23T16:58:01] RUN_END status=OK
[2026-08-23T16:59:18] RUN_START run_id=SCALE_C_NFD_100_097
[2026-08-23T16:59:18] PARAM implementation=NFD
[2026-08-23T16:59:18] METRIC concurrent_clients=100
[2026-08-23T16:59:18] METRIC throughput_pct_of_max=79.784
[2026-08-23T16:59:18] RUN_END status=OK
[2026-08-23T16:59:38] RUN_START run_id=SCALE_C_NFD_100_098
[2026-08-23T16:59:38] PARAM implementation=NFD
[2026-08-23T16:59:38] METRIC concurrent_clients=100
[2026-08-23T16:59:38] METRIC throughput_pct_of_max=77.017
[2026-08-23T16:59:38] RUN_END status=OK
