[2026-08-25T22:54:10] RUN_START run_id=SCALE_C_PythonNDN_5000_145
[2026-08-25T22:54:10] PARAM implementation=PythonNDN
[2026-08-25T22:54:10] METRIC concurrent_clients=5000
[2026-08-25T22:54:10] METRIC throughput_pct_of_max=10.207
[2026-08-25T22:54:10] RUN_END status=OK
[2026-08-25T22:57:24] RUN_START run_id=SCALE_C_PythonNDN_5000_146
[2026-08-25T22:57:24] PARAM implementation=PythonNDN
[2026-08-25T22:57:24] METRIC concurrent_clients=5000
[2026-08-25T22:57:24] METRIC throughput_pct_of_max=9.884
[2026-08-25T22:57:24] RUN_END status=OK
[2026-08-25T22:58:28] RUN_START run_id=SCALE_C_PythonNDN_5000_147
[2026-08-25T22:58:28] PARAM implementation=PythonNDN
[2026-08-25T22:58:28] METRIC concurrent_clients=5000
[2026-08-25T22:58:28] METRIC throughput_pct_of_max=10.105
[2026-08-25T22:58:28] RUN_END status=OK
[2026-08-25T23:01:55] RUN_START run_id=SCALE_C_PythonNDN_5000_148
[2026-08-25T23:01:55] PARAM implementation=PythonNDN
[2026-08-25T23:01:55] METRIC concurrent_clients=5000
[2026-08-25T23:01:55] METRIC throughput_pct_of_max=9.697
[2026-08-25T23:01:55] RUN_END status=OK
[2026-08-25T23:03:06] RUN_START run_id=SCALE_C_PythonNDN_5000_149
[2026-08-25T23:03:06] PARAM implementation=PythonNDN
[2026-08-25T23:03:06] METRIC concurrent_clients=5000
[2026-08-25T23:03:06] METRIC throughput_pct_of_max=10.131
[2026-08-25T23:03:06] RUN_END status=OK
[2026-08-25T23:04:49] RUN_START run_id=SCALE_C_PythonNDN_5000_150
[2026-08-25T23:04:49] PARAM implementation=PythonNDN
[2026-08-25T23:04:49] METRIC concurrent_clients=5000
[2026-08-25T23:04:49] METRIC throughput_pct_of_max=10.109
[2026-08-25T23:04:49] RUN_END status=OK
[2026-08-26T09:38:45] RUN_START run_id=SCALE_C_CCNlite_500_130
[2026-08-26T09:38:45] PARAM implementation=CCNlite
[2026-08-26T09:38:45] METRIC concurrent_clients=500
[2026-08-26T09:38:45] METRIC throughput_pct_of_max=65.016
[2026-08-26T09:38:45] RUN_END status=OK
[2026-08-26T09:40:31] RUN_START run_id=SCALE_C_CCNlite_500_131
[2026-08-26T09:40:31] PARAM implementation=CCNlite
[2026-08-26T09:40:31] METRIC concurrent_clients=500
[2026-08-26T09:40:31] METRIC throughput_pct_of_max=69.838
[2026-08-26T09:40:31] RUN_END status=OK
[2026-08-26T09:44:09] RUN_START run_id=SCALE_C_CCNlite_500_132
[2026-08-26T09:44:09] PARAM implementation=CCNlite
[2026-08-26T09:44:09] METRIC concurrent_clients=500
[2026-08-26T09:44:09] METRIC throughput_pct_of_max=70.636
[2026-08-26T09:44:09] RUN_END status=OK
[2026-08-26T09:45:32] RUN_START run_id=SCALE_C_CCNlite_500_133
[2026-08-26T09:45:32] PARAM implementation=CCNlite
[2026-08-26T09:45:32] METRIC concurrent_clients=500
[2026-08-26T09:45:32] METRIC throughput_pct_of_max=70.794
[2026-08-26T09:45:32] RUN_END status=OK
[2026-08-26T09:46:07] RUN_START run_id=SCALE_C_CCNlite_500_134
[2026-08-26T09:46:07] PARAM implementation=CCNlite
[2026-08-26T09:46:07] METRIC concurrent_clients=500
[2026-08-26T09:46:07] METRIC throughput_pct_of_max=70.281
[2026-08-26T09:46:07] RUN_END status=OK
[2026-08-26T09:48:23] RUN_START run_id=SCALE_C_CCNlite_500_135
[2026-08-26T09:48:23] PARAM implementation=CCNlite
[2026-08-26T09:48:23] METRIC concurrent_clients=500
[2026-08-26T09:48:23] METRIC throughput_pct_of_max=67.71
[2026-08-26T09:48:23] RUN_END status=OK
[2026-08-26T09:51:02] RUN_START run_id=SCALE_C_CCNlite_500_136
[2026-08-26T09:51:02] PARAM implementation=CCNlite
[2026-08-26T09:51:02] METRIC concurrent_clients=500
[2026-08-26T09:51:02] METRIC throughput_pct_of_max=62.432
[2026-08-26T09:51:02] RUN_END status=OK
[2026-08-26T09:52:07] RUN_START run_id=SCALE_C_CCNlite_500_137
[2026-08-26T09:52:07] PARAM implementation=CCNlite
[2026-08-26T09:52:07] METRIC concurrent_clients=500
[2026-08-26T09:52:07] METRIC throughput_pct_of_max=68.01
[2026-08-26T09:52:07] RUN_END status=OK
[2026-08-26T09:55:41] RUN_START run_id=SCALE_C_CCNlite_500_138
[2026-08-26T09:55:41] PARAM implementation=CCNlite
[2026-08-26T09:55:41] METRIC concurrent_clients=500
[2026-08-26T09:55:41] METRIC throughput_pct_of_max=62.952
[2026-08-26T09:55:41] RUN_END status=OK
[2026-08-26T09:56:13] RUN_START run_id=SCALE_C_CCNlite_500_139
[2026-08-26T09:56:13] PARAM implementation=CCNlite
[2026-08-26T09:56:13] METRIC concurrent_clients=500
[2026-08-26T09:56:13] METRIC throughput_pct_of_max=65.74
[2026-08-26T09:56:13] RUN_END status=OK
[2026-08-26T09:59:53] RUN_START run_id=SCALE_C_CCNlite_500_140
[2026-08-26T09:59:53] PARAM implementation=CCNlite
[2026-08-26T09:59:53] METRIC concurrent_clients=500
[2026-08-26T09:59:53] METRIC throughput_pct_of_max=65.115
[2026-08-26T09:59:53] RUN_END status=OK
[2026-08-26T10:00:53] RUN_START run_id=SCALE_C_CCNlite_500_141
[2026-08-26T10:00:53] PARAM implementation=CCNlite
[2026-08-26T10:00:53] METRIC concurrent_clients=500
[2026-08-26T10:00:53] METRIC throughput_pct_of_max=68.425
[2026-08-26T10:00:53] RUN_END status=OK
[2026-08-26T10:04:02] RUN_START run_id=SCALE_C_CCNlite_500_142
[2026-08-26T10:04:02] PARAM implementation=CCNlite
[2026-08-26T10:04:02] METRIC concurrent_clients=500
[2026-08-26T10:04:02] METRIC throughput_pct_of_max=66.533
[2026-08-26T10:04:02] RUN_END status=OK
[2026-08-26T10:06:04] RUN_START run_id=SCALE_C_CCNlite_500_143
[2026-08-26T10:06:04] PARAM implementation=CCNlite
[2026-08-26T10:06:04] METRIC concurrent_clients=500
[2026-08-26T10:06:04] METRIC throughput_pct_of_max=61.073
[2026-08-26T10:06:04] RUN_END status=OK
