[2026-07-13T08:00:00] RUN_START run_id=BASE_MLP_proposed_001
[2026-07-13T08:00:00] PARAM method=MLP_proposed
[2026-07-13T08:00:00] METRIC mae_bytes=103.7
[2026-07-13T08:00:00] METRIC throughput_gbps=8.4682
[2026-07-13T08:00:00] METRIC latency_ms=12.0352
[2026-07-13T08:00:00] RUN_END status=OK
[2026-07-13T08:03:05] RUN_START run_id=BASE_MLP_proposed_002
[2026-07-13T08:03:05] PARAM method=MLP_proposed
[2026-07-13T08:03:05] METRIC mae_bytes=125.99
[2026-07-13T08:03:05] METRIC throughput_gbps=7.7091
[2026-07-13T08:03:05] METRIC latency_ms=11.4478
[2026-07-13T08:03:05] RUN_END status=OK
[2026-07-13T08:06:46] RUN_START run_id=BASE_MLP_proposed_003
[2026-07-13T08:06:46] PARAM method=MLP_proposed
[2026-07-13T08:06:46] METRIC mae_bytes=130.19
[2026-07-13T08:06:46] METRIC throughput_gbps=8.1076
[2026-07-13T08:06:46] METRIC latency_ms=12.1101
[2026-07-13T08:06:46] RUN_END status=OK
[2026-07-13T08:07:43] RUN_START run_id=BASE_MLP_proposed_004
[2026-07-13T08:07:43] PARAM method=MLP_proposed
[2026-07-13T08:07:43] METRIC mae_bytes=121.12
[2026-07-13T08:07:43] METRIC throughput_gbps=8.0603
[2026-07-13T08:07:43] METRIC latency_ms=12.304
[2026-07-13T08:07:43] RUN_END status=OK
[2026-07-13T08:10:12] RUN_START run_id=BASE_MLP_proposed_005
[2026-07-13T08:10:12] PARAM method=MLP_proposed
[2026-07-13T08:10:12] METRIC mae_bytes=114.64
[2026-07-13T08:10:12] METRIC throughput_gbps=8.6687
[2026-07-13T08:10:12] METRIC latency_ms=11.3623
[2026-07-13T08:10:12] RUN_END status=OK
[2026-07-13T08:13:19] RUN_START run_id=BASE_MLP_proposed_006
[2026-07-13T08:13:19] PARAM method=MLP_proposed
[2026-07-13T08:13:19] METRIC mae_bytes=129.48
[2026-07-13T08:13:19] METRIC throughput_gbps=8.3813
[2026-07-13T08:13:19] METRIC latency_ms=11.6127
[2026-07-13T08:13:19] RUN_END status=OK
[2026-07-13T08:14:45] RUN_START run_id=BASE_MLP_proposed_007
[2026-07-13T08:14:45] PARAM method=MLP_proposed
[2026-07-13T08:14:45] METRIC mae_bytes=106.5
[2026-07-13T08:14:45] METRIC throughput_gbps=8.1585
[2026-07-13T08:14:45] METRIC latency_ms=12.6849
[2026-07-13T08:14:45] RUN_END status=OK
[2026-07-13T08:16:09] RUN_START run_id=BASE_MLP_proposed_008
[2026-07-13T08:16:09] PARAM method=MLP_proposed
[2026-07-13T08:16:09] METRIC mae_bytes=127.62
[2026-07-13T08:16:09] METRIC throughput_gbps=8.2835
[2026-07-13T08:16:09] METRIC latency_ms=13.0847
[2026-07-13T08:16:09] RUN_END status=OK
[2026-07-13T08:16:30] RUN_START run_id=04_mtu_baseline_comparison_DISCARDED_0010
[2026-07-13T08:16:30] RUN_ABORTED reason=binary_search_no_convergence: calibration script exceeded step budget (576-9000B @ 8B step) without stable peak goodput
[2026-07-13T08:17:19] RUN_START run_id=BASE_MLP_proposed_009
[2026-07-13T08:17:19] PARAM method=MLP_proposed
[2026-07-13T08:17:19] METRIC mae_bytes=122.87
[2026-07-13T08:17:19] METRIC throughput_gbps=8.6282
[2026-07-13T08:17:19] METRIC latency_ms=12.4946
[2026-07-13T08:17:19] RUN_END status=OK
[2026-07-13T08:18:53] RUN_START run_id=BASE_MLP_proposed_010
[2026-07-13T08:18:53] PARAM method=MLP_proposed
[2026-07-13T08:18:53] METRIC mae_bytes=105.94
[2026-07-13T08:18:53] METRIC throughput_gbps=8.5394
[2026-07-13T08:18:53] METRIC latency_ms=12.9795
[2026-07-13T08:18:53] RUN_END status=OK
[2026-07-13T08:20:47] RUN_START run_id=BASE_MLP_proposed_011
[2026-07-13T08:20:47] PARAM method=MLP_proposed
[2026-07-13T08:20:47] METRIC mae_bytes=117.11
[2026-07-13T08:20:47] METRIC throughput_gbps=8.393
[2026-07-13T08:20:47] METRIC latency_ms=12.6238
[2026-07-13T08:20:47] RUN_END status=OK
[2026-07-13T08:23:59] RUN_START run_id=BASE_MLP_proposed_012
[2026-07-13T08:23:59] PARAM method=MLP_proposed
[2026-07-13T08:23:59] METRIC mae_bytes=115.29
[2026-07-13T08:23:59] METRIC throughput_gbps=8.3859
[2026-07-13T08:23:59] METRIC latency_ms=13.0828
[2026-07-13T08:23:59] RUN_END status=OK
[2026-07-13T08:26:23] RUN_START run_id=BASE_MLP_proposed_013
[2026-07-13T08:26:23] PARAM method=MLP_proposed
[2026-07-13T08:26:23] METRIC mae_bytes=116.94
[2026-07-13T08:26:23] METRIC throughput_gbps=8.1585
[2026-07-13T08:26:23] METRIC latency_ms=13.0689
[2026-07-13T08:26:23] RUN_END status=OK
