[2026-07-17T11:26:25] RUN_START run_id=BASE_Linear_regression_075
[2026-07-17T11:26:25] PARAM method=Linear_regression
[2026-07-17T11:26:25] METRIC mae_bytes=221.6
[2026-07-17T11:26:25] METRIC throughput_gbps=7.8407
[2026-07-17T11:26:25] METRIC latency_ms=14.4558
[2026-07-17T11:26:25] RUN_END status=OK
[2026-07-17T11:26:40] RUN_START run_id=BASE_Linear_regression_076
[2026-07-17T11:26:40] PARAM method=Linear_regression
[2026-07-17T11:26:40] METRIC mae_bytes=241.72
[2026-07-17T11:26:40] METRIC throughput_gbps=8.1539
[2026-07-17T11:26:40] METRIC latency_ms=13.2424
[2026-07-17T11:26:40] RUN_END status=OK
[2026-07-17T11:30:37] RUN_START run_id=BASE_Linear_regression_077
[2026-07-17T11:30:37] PARAM method=Linear_regression
[2026-07-17T11:30:37] METRIC mae_bytes=232.97
[2026-07-17T11:30:37] METRIC throughput_gbps=8.3624
[2026-07-17T11:30:37] METRIC latency_ms=14.0356
[2026-07-17T11:30:37] RUN_END status=OK
[2026-07-17T11:31:37] RUN_START run_id=BASE_Linear_regression_078
[2026-07-17T11:31:37] PARAM method=Linear_regression
[2026-07-17T11:31:37] METRIC mae_bytes=273.24
[2026-07-17T11:31:37] METRIC throughput_gbps=7.7552
[2026-07-17T11:31:37] METRIC latency_ms=13.2989
[2026-07-17T11:31:37] RUN_END status=OK
[2026-07-17T11:34:34] RUN_START run_id=BASE_Linear_regression_079
[2026-07-17T11:34:34] PARAM method=Linear_regression
[2026-07-17T11:34:34] METRIC mae_bytes=222.01
[2026-07-17T11:34:34] METRIC throughput_gbps=7.5417
[2026-07-17T11:34:34] METRIC latency_ms=12.6001
[2026-07-17T11:34:34] RUN_END status=OK
[2026-07-17T11:35:46] RUN_START run_id=BASE_Linear_regression_080
[2026-07-17T11:35:46] PARAM method=Linear_regression
[2026-07-17T11:35:46] METRIC mae_bytes=254.28
[2026-07-17T11:35:46] METRIC throughput_gbps=7.7414
[2026-07-17T11:35:46] METRIC latency_ms=15.3238
[2026-07-17T11:35:46] RUN_END status=OK
[2026-07-17T11:37:02] RUN_START run_id=BASE_Linear_regression_081
[2026-07-17T11:37:02] PARAM method=Linear_regression
[2026-07-17T11:37:02] METRIC mae_bytes=218.94
[2026-07-17T11:37:02] METRIC throughput_gbps=8.0237
[2026-07-17T11:37:02] METRIC latency_ms=13.2722
[2026-07-17T11:37:02] RUN_END status=OK
[2026-07-17T11:37:52] RUN_START run_id=BASE_Linear_regression_082
[2026-07-17T11:37:52] PARAM method=Linear_regression
[2026-07-17T11:37:52] METRIC mae_bytes=205.13
[2026-07-17T11:37:52] METRIC throughput_gbps=7.6263
[2026-07-17T11:37:52] METRIC latency_ms=14.2968
[2026-07-17T11:37:52] RUN_END status=OK
[2026-07-17T11:41:44] RUN_START run_id=BASE_Linear_regression_083
[2026-07-17T11:41:44] PARAM method=Linear_regression
[2026-07-17T11:41:44] METRIC mae_bytes=227.4
[2026-07-17T11:41:44] METRIC throughput_gbps=8.0831
[2026-07-17T11:41:44] METRIC latency_ms=12.6236
[2026-07-17T11:41:44] RUN_END status=OK
[2026-07-17T11:44:54] RUN_START run_id=BASE_Linear_regression_084
[2026-07-17T11:44:54] PARAM method=Linear_regression
[2026-07-17T11:44:54] METRIC mae_bytes=292.48
[2026-07-17T11:44:54] METRIC throughput_gbps=7.83
[2026-07-17T11:44:54] METRIC latency_ms=14.9212
[2026-07-17T11:44:54] RUN_END status=OK
[2026-07-17T11:45:43] RUN_START run_id=BASE_Linear_regression_085
[2026-07-17T11:45:43] PARAM method=Linear_regression
[2026-07-17T11:45:43] METRIC mae_bytes=253.78
[2026-07-17T11:45:43] METRIC throughput_gbps=8.0196
[2026-07-17T11:45:43] METRIC latency_ms=14.1688
[2026-07-17T11:45:43] RUN_END status=OK
[2026-07-17T11:46:14] RUN_START run_id=BASE_Linear_regression_086
[2026-07-17T11:46:14] PARAM method=Linear_regression
[2026-07-17T11:46:14] METRIC mae_bytes=236.75
[2026-07-17T11:46:14] METRIC throughput_gbps=8.0563
[2026-07-17T11:46:14] METRIC latency_ms=13.4468
[2026-07-17T11:46:14] RUN_END status=OK
[2026-07-17T11:47:52] RUN_START run_id=BASE_Linear_regression_087
[2026-07-17T11:47:52] PARAM method=Linear_regression
[2026-07-17T11:47:52] METRIC mae_bytes=223.1
[2026-07-17T11:47:52] METRIC throughput_gbps=7.5313
[2026-07-17T11:47:52] METRIC latency_ms=14.2595
[2026-07-17T11:47:52] RUN_END status=OK
[2026-07-17T11:51:12] RUN_START run_id=BASE_Linear_regression_088
[2026-07-17T11:51:12] PARAM method=Linear_regression
[2026-07-17T11:51:12] METRIC mae_bytes=221.42
[2026-07-17T11:51:12] METRIC throughput_gbps=8.135
[2026-07-17T11:51:12] METRIC latency_ms=12.795
[2026-07-17T11:51:12] RUN_END status=OK
[2026-07-17T11:52:40] RUN_START run_id=BASE_Linear_regression_089
[2026-07-17T11:52:40] PARAM method=Linear_regression
[2026-07-17T11:52:40] METRIC mae_bytes=228.62
[2026-07-17T11:52:40] METRIC throughput_gbps=8.3077
[2026-07-17T11:52:40] METRIC latency_ms=13.8296
[2026-07-17T11:52:40] RUN_END status=OK
[2026-07-17T11:53:40] RUN_START run_id=BASE_Linear_regression_090
[2026-07-17T11:53:40] PARAM method=Linear_regression
[2026-07-17T11:53:40] METRIC mae_bytes=281.81
[2026-07-17T11:53:40] METRIC throughput_gbps=8.209
[2026-07-17T11:53:40] METRIC latency_ms=13.1725
[2026-07-17T11:53:40] RUN_END status=OK
[2026-07-17T11:55:24] RUN_START run_id=BASE_Linear_regression_091
[2026-07-17T11:55:24] PARAM method=Linear_regression
[2026-07-17T11:55:24] METRIC mae_bytes=248.6
[2026-07-17T11:55:24] METRIC throughput_gbps=7.7503
[2026-07-17T11:55:24] METRIC latency_ms=13.826
[2026-07-17T11:55:24] RUN_END status=OK
