[2026-07-13T08:28:17] RUN_START run_id=BASE_MLP_proposed_014
[2026-07-13T08:28:17] PARAM method=MLP_proposed
[2026-07-13T08:28:17] METRIC mae_bytes=111.3
[2026-07-13T08:28:17] METRIC throughput_gbps=8.1284
[2026-07-13T08:28:17] METRIC latency_ms=12.2402
[2026-07-13T08:28:17] RUN_END status=OK
[2026-07-13T08:28:37] RUN_START run_id=BASE_MLP_proposed_015
[2026-07-13T08:28:37] PARAM method=MLP_proposed
[2026-07-13T08:28:37] METRIC mae_bytes=109.1
[2026-07-13T08:28:37] METRIC throughput_gbps=8.5463
[2026-07-13T08:28:37] METRIC latency_ms=12.0291
[2026-07-13T08:28:37] RUN_END status=OK
[2026-07-13T08:30:05] RUN_START run_id=BASE_MLP_proposed_016
[2026-07-13T08:30:05] PARAM method=MLP_proposed
[2026-07-13T08:30:05] METRIC mae_bytes=112.9
[2026-07-13T08:30:05] METRIC throughput_gbps=8.5636
[2026-07-13T08:30:05] METRIC latency_ms=12.4672
[2026-07-13T08:30:05] RUN_END status=OK
[2026-07-13T08:32:00] RUN_START run_id=BASE_MLP_proposed_017
[2026-07-13T08:32:00] PARAM method=MLP_proposed
[2026-07-13T08:32:00] METRIC mae_bytes=124.19
[2026-07-13T08:32:00] METRIC throughput_gbps=8.4145
[2026-07-13T08:32:00] METRIC latency_ms=11.4087
[2026-07-13T08:32:00] RUN_END status=OK
[2026-07-13T08:32:32] RUN_START run_id=BASE_MLP_proposed_018
[2026-07-13T08:32:32] PARAM method=MLP_proposed
[2026-07-13T08:32:32] METRIC mae_bytes=97.9
[2026-07-13T08:32:32] METRIC throughput_gbps=8.3979
[2026-07-13T08:32:32] METRIC latency_ms=12.6722
[2026-07-13T08:32:32] RUN_END status=OK
[2026-07-13T08:34:06] RUN_START run_id=BASE_MLP_proposed_019
[2026-07-13T08:34:06] PARAM method=MLP_proposed
[2026-07-13T08:34:06] METRIC mae_bytes=101.55
[2026-07-13T08:34:06] METRIC throughput_gbps=8.3132
[2026-07-13T08:34:06] METRIC latency_ms=12.4092
[2026-07-13T08:34:06] RUN_END status=OK
[2026-07-13T08:37:12] RUN_START run_id=BASE_MLP_proposed_020
[2026-07-13T08:37:12] PARAM method=MLP_proposed
[2026-07-13T08:37:12] METRIC mae_bytes=107.5
[2026-07-13T08:37:12] METRIC throughput_gbps=8.3955
[2026-07-13T08:37:12] METRIC latency_ms=12.0226
[2026-07-13T08:37:12] RUN_END status=OK
[2026-07-13T08:37:52] RUN_START run_id=BASE_MLP_proposed_021
[2026-07-13T08:37:52] PARAM method=MLP_proposed
[2026-07-13T08:37:52] METRIC mae_bytes=113.97
[2026-07-13T08:37:52] METRIC throughput_gbps=8.4705
[2026-07-13T08:37:52] METRIC latency_ms=12.1543
[2026-07-13T08:37:52] RUN_END status=OK
[2026-07-13T08:40:51] RUN_START run_id=BASE_MLP_proposed_022
[2026-07-13T08:40:51] PARAM method=MLP_proposed
[2026-07-13T08:40:51] METRIC mae_bytes=114.36
[2026-07-13T08:40:51] METRIC throughput_gbps=8.069
[2026-07-13T08:40:51] METRIC latency_ms=12.9029
[2026-07-13T08:40:51] RUN_END status=OK
[2026-07-13T08:41:59] RUN_START run_id=BASE_MLP_proposed_023
[2026-07-13T08:41:59] PARAM method=MLP_proposed
[2026-07-13T08:41:59] METRIC mae_bytes=118.21
[2026-07-13T08:41:59] METRIC throughput_gbps=7.7102
[2026-07-13T08:41:59] METRIC latency_ms=12.3656
[2026-07-13T08:41:59] RUN_END status=OK
