[2026-07-15T11:36:56] RUN_START run_id=BASE_MLP_proposed_048
[2026-07-15T11:36:56] PARAM method=MLP_proposed
[2026-07-15T11:36:56] METRIC mae_bytes=118.5
[2026-07-15T11:36:56] METRIC throughput_gbps=8.2557
[2026-07-15T11:36:56] METRIC latency_ms=12.2614
[2026-07-15T11:36:56] RUN_END status=OK
[2026-07-15T11:41:06] RUN_START run_id=BASE_MLP_proposed_049
[2026-07-15T11:41:06] PARAM method=MLP_proposed
[2026-07-15T11:41:06] METRIC mae_bytes=128.45
[2026-07-15T11:41:06] METRIC throughput_gbps=7.4356
[2026-07-15T11:41:06] METRIC latency_ms=12.6421
[2026-07-15T11:41:06] RUN_END status=OK
[2026-07-15T11:43:50] RUN_START run_id=BASE_MLP_proposed_050
[2026-07-15T11:43:50] PARAM method=MLP_proposed
[2026-07-15T11:43:50] METRIC mae_bytes=118.48
[2026-07-15T11:43:50] METRIC throughput_gbps=8.1726
[2026-07-15T11:43:50] METRIC latency_ms=12.8663
[2026-07-15T11:43:50] RUN_END status=OK
[2026-07-15T11:47:03] RUN_START run_id=BASE_MLP_proposed_051
[2026-07-15T11:47:03] PARAM method=MLP_proposed
[2026-07-15T11:47:03] METRIC mae_bytes=110.23
[2026-07-15T11:47:03] METRIC throughput_gbps=8.7642
[2026-07-15T11:47:03] METRIC latency_ms=12.5704
[2026-07-15T11:47:03] RUN_END status=OK
[2026-07-15T11:49:19] RUN_START run_id=BASE_MLP_proposed_052
[2026-07-15T11:49:19] PARAM method=MLP_proposed
[2026-07-15T11:49:19] METRIC mae_bytes=118.76
[2026-07-15T11:49:19] METRIC throughput_gbps=8.3473
[2026-07-15T11:49:19] METRIC latency_ms=12.3371
[2026-07-15T11:49:19] RUN_END status=OK
[2026-07-15T11:50:40] RUN_START run_id=BASE_MLP_proposed_053
[2026-07-15T11:50:40] PARAM method=MLP_proposed
[2026-07-15T11:50:40] METRIC mae_bytes=90.69
[2026-07-15T11:50:40] METRIC throughput_gbps=8.6388
[2026-07-15T11:50:40] METRIC latency_ms=12.0608
[2026-07-15T11:50:40] RUN_END status=OK
[2026-07-15T11:55:03] RUN_START run_id=BASE_MLP_proposed_054
[2026-07-15T11:55:03] PARAM method=MLP_proposed
[2026-07-15T11:55:03] METRIC mae_bytes=128.13
[2026-07-15T11:55:03] METRIC throughput_gbps=8.2181
[2026-07-15T11:55:03] METRIC latency_ms=12.4626
[2026-07-15T11:55:03] RUN_END status=OK
[2026-07-15T11:57:53] RUN_START run_id=BASE_MLP_proposed_055
[2026-07-15T11:57:53] PARAM method=MLP_proposed
[2026-07-15T11:57:53] METRIC mae_bytes=112.32
[2026-07-15T11:57:53] METRIC throughput_gbps=8.2527
[2026-07-15T11:57:53] METRIC latency_ms=12.9346
[2026-07-15T11:57:53] RUN_END status=OK
[2026-07-15T12:00:00] RUN_START run_id=BASE_MLP_proposed_056
[2026-07-15T12:00:00] PARAM method=MLP_proposed
[2026-07-15T12:00:00] METRIC mae_bytes=94.54
[2026-07-15T12:00:00] METRIC throughput_gbps=8.5406
[2026-07-15T12:00:00] METRIC latency_ms=11.3958
[2026-07-15T12:00:00] RUN_END status=OK
[2026-07-15T12:03:35] RUN_START run_id=BASE_MLP_proposed_057
[2026-07-15T12:03:35] PARAM method=MLP_proposed
[2026-07-15T12:03:35] METRIC mae_bytes=105.31
[2026-07-15T12:03:35] METRIC throughput_gbps=8.0004
[2026-07-15T12:03:35] METRIC latency_ms=12.201
[2026-07-15T12:03:35] RUN_END status=OK
[2026-07-15T12:07:07] RUN_START run_id=BASE_MLP_proposed_058
[2026-07-15T12:07:07] PARAM method=MLP_proposed
[2026-07-15T12:07:07] METRIC mae_bytes=121.73
[2026-07-15T12:07:07] METRIC throughput_gbps=7.8972
[2026-07-15T12:07:07] METRIC latency_ms=12.0435
[2026-07-15T12:07:07] RUN_END status=OK
