[2026-07-16T09:56:33] RUN_START run_id=BASE_Linear_regression_024
[2026-07-16T09:56:33] PARAM method=Linear_regression
[2026-07-16T09:56:33] METRIC mae_bytes=184.66
[2026-07-16T09:56:33] METRIC throughput_gbps=8.4655
[2026-07-16T09:56:33] METRIC latency_ms=13.0917
[2026-07-16T09:56:33] RUN_END status=OK
[2026-07-16T09:59:26] RUN_START run_id=BASE_Linear_regression_025
[2026-07-16T09:59:26] PARAM method=Linear_regression
[2026-07-16T09:59:26] METRIC mae_bytes=231.98
[2026-07-16T09:59:26] METRIC throughput_gbps=7.4267
[2026-07-16T09:59:26] METRIC latency_ms=13.1078
[2026-07-16T09:59:26] RUN_END status=OK
[2026-07-16T10:02:16] RUN_START run_id=BASE_Linear_regression_026
[2026-07-16T10:02:16] PARAM method=Linear_regression
[2026-07-16T10:02:16] METRIC mae_bytes=231.73
[2026-07-16T10:02:16] METRIC throughput_gbps=7.9958
[2026-07-16T10:02:16] METRIC latency_ms=11.7958
[2026-07-16T10:02:16] RUN_END status=OK
[2026-07-16T10:03:25] RUN_START run_id=BASE_Linear_regression_027
[2026-07-16T10:03:25] PARAM method=Linear_regression
[2026-07-16T10:03:25] METRIC mae_bytes=251.38
[2026-07-16T10:03:25] METRIC throughput_gbps=8.1718
[2026-07-16T10:03:25] METRIC latency_ms=12.913
[2026-07-16T10:03:25] RUN_END status=OK
[2026-07-16T10:05:26] RUN_START run_id=BASE_Linear_regression_028
[2026-07-16T10:05:26] PARAM method=Linear_regression
[2026-07-16T10:05:26] METRIC mae_bytes=227.89
[2026-07-16T10:05:26] METRIC throughput_gbps=7.5785
[2026-07-16T10:05:26] METRIC latency_ms=14.0316
[2026-07-16T10:05:26] RUN_END status=OK
[2026-07-16T10:06:56] RUN_START run_id=BASE_Linear_regression_029
[2026-07-16T10:06:56] PARAM method=Linear_regression
[2026-07-16T10:06:56] METRIC mae_bytes=214.7
[2026-07-16T10:06:56] METRIC throughput_gbps=7.9448
[2026-07-16T10:06:56] METRIC latency_ms=13.4169
[2026-07-16T10:06:56] RUN_END status=OK
[2026-07-16T10:08:09] RUN_START run_id=BASE_Linear_regression_030
[2026-07-16T10:08:09] PARAM method=Linear_regression
[2026-07-16T10:08:09] METRIC mae_bytes=241.64
[2026-07-16T10:08:09] METRIC throughput_gbps=7.7143
[2026-07-16T10:08:09] METRIC latency_ms=14.3676
[2026-07-16T10:08:09] RUN_END status=OK
[2026-07-16T10:09:07] RUN_START run_id=BASE_Linear_regression_031
[2026-07-16T10:09:07] PARAM method=Linear_regression
[2026-07-16T10:09:07] METRIC mae_bytes=205.51
[2026-07-16T10:09:07] METRIC throughput_gbps=7.4142
[2026-07-16T10:09:07] METRIC latency_ms=13.6536
[2026-07-16T10:09:07] RUN_END status=OK
[2026-07-16T10:10:00] RUN_START run_id=BASE_Linear_regression_032
[2026-07-16T10:10:00] PARAM method=Linear_regression
[2026-07-16T10:10:00] METRIC mae_bytes=220.44
[2026-07-16T10:10:00] METRIC throughput_gbps=7.6591
[2026-07-16T10:10:00] METRIC latency_ms=13.9607
[2026-07-16T10:10:00] RUN_END status=OK
[2026-07-16T10:12:10] RUN_START run_id=BASE_Linear_regression_033
[2026-07-16T10:12:10] PARAM method=Linear_regression
[2026-07-16T10:12:10] METRIC mae_bytes=214.15
[2026-07-16T10:12:10] METRIC throughput_gbps=8.1921
[2026-07-16T10:12:10] METRIC latency_ms=14.2632
[2026-07-16T10:12:10] RUN_END status=OK
[2026-07-16T10:14:14] RUN_START run_id=BASE_Linear_regression_034
[2026-07-16T10:14:14] PARAM method=Linear_regression
[2026-07-16T10:14:14] METRIC mae_bytes=249.4
[2026-07-16T10:14:14] METRIC throughput_gbps=7.8802
[2026-07-16T10:14:14] METRIC latency_ms=13.3708
[2026-07-16T10:14:14] RUN_END status=OK
[2026-07-16T20:35:45] RUN_START run_id=BASE_Linear_regression_035
[2026-07-16T20:35:45] PARAM method=Linear_regression
[2026-07-16T20:35:45] METRIC mae_bytes=247.12
[2026-07-16T20:35:45] METRIC throughput_gbps=8.1178
[2026-07-16T20:35:45] METRIC latency_ms=12.607
[2026-07-16T20:35:45] RUN_END status=OK
[2026-07-16T20:37:53] RUN_START run_id=BASE_Linear_regression_036
[2026-07-16T20:37:53] PARAM method=Linear_regression
[2026-07-16T20:37:53] METRIC mae_bytes=250.56
[2026-07-16T20:37:53] METRIC throughput_gbps=7.9382
[2026-07-16T20:37:53] METRIC latency_ms=14.0318
[2026-07-16T20:37:53] RUN_END status=OK
[2026-07-16T20:38:57] RUN_START run_id=BASE_Linear_regression_037
[2026-07-16T20:38:57] PARAM method=Linear_regression
[2026-07-16T20:38:57] METRIC mae_bytes=205.31
[2026-07-16T20:38:57] METRIC throughput_gbps=7.521
[2026-07-16T20:38:57] METRIC latency_ms=13.8834
[2026-07-16T20:38:57] RUN_END status=OK
[2026-07-16T20:39:38] RUN_START run_id=BASE_Linear_regression_038
[2026-07-16T20:39:38] PARAM method=Linear_regression
[2026-07-16T20:39:38] METRIC mae_bytes=228.32
[2026-07-16T20:39:38] METRIC throughput_gbps=7.8075
[2026-07-16T20:39:38] METRIC latency_ms=13.7247
[2026-07-16T20:39:38] RUN_END status=OK
[2026-07-16T20:42:29] RUN_START run_id=BASE_Linear_regression_039
[2026-07-16T20:42:29] PARAM method=Linear_regression
[2026-07-16T20:42:29] METRIC mae_bytes=283.47
[2026-07-16T20:42:29] METRIC throughput_gbps=7.5695
[2026-07-16T20:42:29] METRIC latency_ms=15.0623
[2026-07-16T20:42:29] RUN_END status=OK
[2026-07-16T20:44:01] RUN_START run_id=BASE_Linear_regression_040
[2026-07-16T20:44:01] PARAM method=Linear_regression
[2026-07-16T20:44:01] METRIC mae_bytes=207.54
[2026-07-16T20:44:01] METRIC throughput_gbps=7.5707
[2026-07-16T20:44:01] METRIC latency_ms=12.9593
[2026-07-16T20:44:01] RUN_END status=OK
[2026-07-16T20:46:06] RUN_START run_id=BASE_Linear_regression_041
[2026-07-16T20:46:06] PARAM method=Linear_regression
[2026-07-16T20:46:06] METRIC mae_bytes=259.46
[2026-07-16T20:46:06] METRIC throughput_gbps=7.5782
[2026-07-16T20:46:06] METRIC latency_ms=14.8724
[2026-07-16T20:46:06] RUN_END status=OK
