[2026-07-16T09:07:34] RUN_START run_id=BASE_MLP_proposed_095
[2026-07-16T09:07:34] PARAM method=MLP_proposed
[2026-07-16T09:07:34] METRIC mae_bytes=114.17
[2026-07-16T09:07:34] METRIC throughput_gbps=8.2717
[2026-07-16T09:07:34] METRIC latency_ms=12.5103
[2026-07-16T09:07:34] RUN_END status=OK
[2026-07-16T09:08:57] RUN_START run_id=BASE_MLP_proposed_096
[2026-07-16T09:08:57] PARAM method=MLP_proposed
[2026-07-16T09:08:57] METRIC mae_bytes=97.47
[2026-07-16T09:08:57] METRIC throughput_gbps=8.1097
[2026-07-16T09:08:57] METRIC latency_ms=12.6024
[2026-07-16T09:08:57] RUN_END status=OK
[2026-07-16T09:11:10] RUN_START run_id=BASE_MLP_proposed_097
[2026-07-16T09:11:10] PARAM method=MLP_proposed
[2026-07-16T09:11:10] METRIC mae_bytes=124.28
[2026-07-16T09:11:10] METRIC throughput_gbps=8.4552
[2026-07-16T09:11:10] METRIC latency_ms=12.9668
[2026-07-16T09:11:10] RUN_END status=OK
[2026-07-16T09:11:46] RUN_START run_id=BASE_Linear_regression_005
[2026-07-16T09:11:46] PARAM method=Linear_regression
[2026-07-16T09:11:46] METRIC mae_bytes=197.91
[2026-07-16T09:11:46] METRIC throughput_gbps=8.2278
[2026-07-16T09:11:46] METRIC latency_ms=13.7589
[2026-07-16T09:11:46] RUN_END status=OK
[2026-07-16T09:11:53] RUN_START run_id=BASE_MLP_proposed_098
[2026-07-16T09:11:53] PARAM method=MLP_proposed
[2026-07-16T09:11:53] METRIC mae_bytes=109.1
[2026-07-16T09:11:53] METRIC throughput_gbps=8.3927
[2026-07-16T09:11:53] METRIC latency_ms=12.6825
[2026-07-16T09:11:53] RUN_END status=OK
[2026-07-16T09:12:42] RUN_START run_id=BASE_Linear_regression_006
[2026-07-16T09:12:42] PARAM method=Linear_regression
[2026-07-16T09:12:42] METRIC mae_bytes=250.75
[2026-07-16T09:12:42] METRIC throughput_gbps=8.3796
[2026-07-16T09:12:42] METRIC latency_ms=13.4845
[2026-07-16T09:12:42] RUN_END status=OK
[2026-07-16T09:12:44] RUN_START run_id=BASE_MLP_proposed_099
[2026-07-16T09:12:44] PARAM method=MLP_proposed
[2026-07-16T09:12:44] METRIC mae_bytes=121.41
[2026-07-16T09:12:44] METRIC throughput_gbps=8.6341
[2026-07-16T09:12:44] METRIC latency_ms=13.5171
[2026-07-16T09:12:44] RUN_END status=OK
[2026-07-16T09:13:55] RUN_START run_id=BASE_Linear_regression_007
[2026-07-16T09:13:55] PARAM method=Linear_regression
[2026-07-16T09:13:55] METRIC mae_bytes=246.33
[2026-07-16T09:13:55] METRIC throughput_gbps=7.5597
[2026-07-16T09:13:55] METRIC latency_ms=12.923
[2026-07-16T09:13:55] RUN_END status=OK
[2026-07-16T09:13:56] RUN_START run_id=BASE_MLP_proposed_100
[2026-07-16T09:13:56] PARAM method=MLP_proposed
[2026-07-16T09:13:56] METRIC mae_bytes=117.23
[2026-07-16T09:13:56] METRIC throughput_gbps=7.739
[2026-07-16T09:13:56] METRIC latency_ms=12.705
[2026-07-16T09:13:56] RUN_END status=OK
[2026-07-16T09:15:10] RUN_START run_id=BASE_Linear_regression_008
[2026-07-16T09:15:10] PARAM method=Linear_regression
[2026-07-16T09:15:10] METRIC mae_bytes=234.01
[2026-07-16T09:15:10] METRIC throughput_gbps=7.879
[2026-07-16T09:15:10] METRIC latency_ms=12.9672
[2026-07-16T09:15:10] RUN_END status=OK
[2026-07-16T09:18:29] RUN_START run_id=BASE_Linear_regression_009
[2026-07-16T09:18:29] PARAM method=Linear_regression
[2026-07-16T09:18:29] METRIC mae_bytes=225.53
[2026-07-16T09:18:29] METRIC throughput_gbps=8.1839
[2026-07-16T09:18:29] METRIC latency_ms=15.161
[2026-07-16T09:18:29] RUN_END status=OK
[2026-07-16T09:19:10] RUN_START run_id=BASE_MLP_proposed_101
[2026-07-16T09:19:10] PARAM method=MLP_proposed
[2026-07-16T09:19:10] METRIC mae_bytes=112.21
[2026-07-16T09:19:10] METRIC throughput_gbps=8.3522
[2026-07-16T09:19:10] METRIC latency_ms=11.824
[2026-07-16T09:19:10] RUN_END status=OK
[2026-07-16T09:22:14] RUN_START run_id=BASE_Linear_regression_010
[2026-07-16T09:22:14] PARAM method=Linear_regression
[2026-07-16T09:22:14] METRIC mae_bytes=228.15
[2026-07-16T09:22:14] METRIC throughput_gbps=7.4901
[2026-07-16T09:22:14] METRIC latency_ms=13.0811
[2026-07-16T09:22:14] RUN_END status=OK
[2026-07-16T09:22:36] RUN_START run_id=BASE_MLP_proposed_102
[2026-07-16T09:22:36] PARAM method=MLP_proposed
[2026-07-16T09:22:36] METRIC mae_bytes=103.41
[2026-07-16T09:22:36] METRIC throughput_gbps=7.9908
[2026-07-16T09:22:36] METRIC latency_ms=11.9925
[2026-07-16T09:22:36] RUN_END status=OK
[2026-07-16T09:24:20] RUN_START run_id=BASE_MLP_proposed_103
[2026-07-16T09:24:20] PARAM method=MLP_proposed
[2026-07-16T09:24:20] METRIC mae_bytes=101.66
[2026-07-16T09:24:20] METRIC throughput_gbps=8.2888
[2026-07-16T09:24:20] METRIC latency_ms=12.9921
[2026-07-16T09:24:20] RUN_END status=OK
[2026-07-16T09:25:07] RUN_START run_id=BASE_Linear_regression_011
[2026-07-16T09:25:07] PARAM method=Linear_regression
[2026-07-16T09:25:07] METRIC mae_bytes=247.84
[2026-07-16T09:25:07] METRIC throughput_gbps=8.2456
[2026-07-16T09:25:07] METRIC latency_ms=13.5915
[2026-07-16T09:25:07] RUN_END status=OK
[2026-07-16T09:25:50] RUN_START run_id=BASE_MLP_proposed_104
[2026-07-16T09:25:50] PARAM method=MLP_proposed
[2026-07-16T09:25:50] METRIC mae_bytes=129.35
[2026-07-16T09:25:50] METRIC throughput_gbps=8.3062
[2026-07-16T09:25:50] METRIC latency_ms=12.5107
[2026-07-16T09:25:50] RUN_END status=OK
[2026-07-16T09:27:28] RUN_START run_id=BASE_MLP_proposed_105
[2026-07-16T09:27:28] PARAM method=MLP_proposed
[2026-07-16T09:27:28] METRIC mae_bytes=112.32
[2026-07-16T09:27:28] METRIC throughput_gbps=8.378
[2026-07-16T09:27:28] METRIC latency_ms=11.4248
[2026-07-16T09:27:28] RUN_END status=OK
[2026-07-16T09:29:05] RUN_START run_id=BASE_Linear_regression_012
[2026-07-16T09:29:05] PARAM method=Linear_regression
[2026-07-16T09:29:05] METRIC mae_bytes=235.28
[2026-07-16T09:29:05] METRIC throughput_gbps=7.3584
[2026-07-16T09:29:05] METRIC latency_ms=13.3543
[2026-07-16T09:29:05] RUN_END status=OK
[2026-07-16T09:30:43] RUN_START run_id=BASE_Linear_regression_013
[2026-07-16T09:30:43] PARAM method=Linear_regression
[2026-07-16T09:30:43] METRIC mae_bytes=222.81
[2026-07-16T09:30:43] METRIC throughput_gbps=7.8666
[2026-07-16T09:30:43] METRIC latency_ms=13.6393
[2026-07-16T09:30:43] RUN_END status=OK
