[2026-07-19T17:18:02] RUN_START run_id=BASE_Static_1500_010
[2026-07-19T17:18:02] PARAM method=Static_1500
[2026-07-19T17:18:02] METRIC mae_bytes=1469.09
[2026-07-19T17:18:02] METRIC throughput_gbps=7.4191
[2026-07-19T17:18:02] METRIC latency_ms=16.8509
[2026-07-19T17:18:02] RUN_END status=OK
[2026-07-19T17:20:40] RUN_START run_id=BASE_Static_1500_011
[2026-07-19T17:20:40] PARAM method=Static_1500
[2026-07-19T17:20:40] METRIC mae_bytes=1563.59
[2026-07-19T17:20:40] METRIC throughput_gbps=6.8605
[2026-07-19T17:20:40] METRIC latency_ms=15.2026
[2026-07-19T17:20:40] RUN_END status=OK
[2026-07-19T17:22:43] RUN_START run_id=BASE_Static_1500_012
[2026-07-19T17:22:43] PARAM method=Static_1500
[2026-07-19T17:22:43] METRIC mae_bytes=1576.24
[2026-07-19T17:22:43] METRIC throughput_gbps=7.4867
[2026-07-19T17:22:43] METRIC latency_ms=16.4822
[2026-07-19T17:22:43] RUN_END status=OK
[2026-07-19T17:27:29] RUN_START run_id=BASE_Static_1500_013
[2026-07-19T17:27:29] PARAM method=Static_1500
[2026-07-19T17:27:29] METRIC mae_bytes=1497.86
[2026-07-19T17:27:29] METRIC throughput_gbps=6.8819
[2026-07-19T17:27:29] METRIC latency_ms=15.5109
[2026-07-19T17:27:29] RUN_END status=OK
[2026-07-19T17:31:53] RUN_START run_id=BASE_Static_1500_014
[2026-07-19T17:31:53] PARAM method=Static_1500
[2026-07-19T17:31:53] METRIC mae_bytes=1521.45
[2026-07-19T17:31:53] METRIC throughput_gbps=6.9945
[2026-07-19T17:31:53] METRIC latency_ms=17.1257
[2026-07-19T17:31:53] RUN_END status=OK
[2026-07-19T17:33:24] RUN_START run_id=BASE_Static_1500_015
[2026-07-19T17:33:24] PARAM method=Static_1500
[2026-07-19T17:33:24] METRIC mae_bytes=1640.44
[2026-07-19T17:33:24] METRIC throughput_gbps=7.01
[2026-07-19T17:33:24] METRIC latency_ms=17.0958
[2026-07-19T17:33:24] RUN_END status=OK
[2026-07-19T17:34:57] RUN_START run_id=BASE_Static_1500_016
[2026-07-19T17:34:57] PARAM method=Static_1500
[2026-07-19T17:34:57] METRIC mae_bytes=1745.52
[2026-07-19T17:34:57] METRIC throughput_gbps=6.7718
[2026-07-19T17:34:57] METRIC latency_ms=17.1516
[2026-07-19T17:34:57] RUN_END status=OK
[2026-07-19T17:36:21] RUN_START run_id=BASE_Static_1500_017
[2026-07-19T17:36:21] PARAM method=Static_1500
[2026-07-19T17:36:21] METRIC mae_bytes=1910.84
[2026-07-19T17:36:21] METRIC throughput_gbps=7.048
[2026-07-19T17:36:21] METRIC latency_ms=17.5559
[2026-07-19T17:36:21] RUN_END status=OK
[2026-07-19T17:40:47] RUN_START run_id=BASE_Static_1500_018
[2026-07-19T17:40:47] PARAM method=Static_1500
[2026-07-19T17:40:47] METRIC mae_bytes=1586.55
[2026-07-19T17:40:47] METRIC throughput_gbps=7.1803
[2026-07-19T17:40:47] METRIC latency_ms=15.5418
[2026-07-19T17:40:47] RUN_END status=OK
[2026-07-19T17:43:29] RUN_START run_id=BASE_Static_1500_019
[2026-07-19T17:43:29] PARAM method=Static_1500
[2026-07-19T17:43:29] METRIC mae_bytes=1369.4
[2026-07-19T17:43:29] METRIC throughput_gbps=7.6169
[2026-07-19T17:43:29] METRIC latency_ms=13.3696
[2026-07-19T17:43:29] RUN_END status=OK
[2026-07-19T17:45:00] RUN_START run_id=BASE_Static_1500_020
[2026-07-19T17:45:00] PARAM method=Static_1500
[2026-07-19T17:45:00] METRIC mae_bytes=1497.82
[2026-07-19T17:45:00] METRIC throughput_gbps=7.3673
[2026-07-19T17:45:00] METRIC latency_ms=14.5218
[2026-07-19T17:45:00] RUN_END status=OK
[2026-07-20T15:00:00] RUN_START run_id=BASE_Random_forest_001
[2026-07-20T15:00:00] PARAM method=Random_forest
[2026-07-20T15:00:00] METRIC mae_bytes=159.95
[2026-07-20T15:00:00] METRIC throughput_gbps=8.0701
[2026-07-20T15:00:00] METRIC latency_ms=12.8902
[2026-07-20T15:00:00] RUN_END status=OK
