[2026-07-27T15:18:20] RUN_START run_id=BASE_PMTUD_heuristic_104
[2026-07-27T15:18:20] PARAM method=PMTUD_heuristic
[2026-07-27T15:18:20] METRIC mae_bytes=290.29
[2026-07-27T15:18:20] METRIC throughput_gbps=7.9366
[2026-07-27T15:18:20] METRIC latency_ms=13.3396
[2026-07-27T15:18:20] RUN_END status=OK
[2026-07-27T15:19:37] RUN_START run_id=BASE_PMTUD_heuristic_105
[2026-07-27T15:19:37] PARAM method=PMTUD_heuristic
[2026-07-27T15:19:37] METRIC mae_bytes=290.61
[2026-07-27T15:19:37] METRIC throughput_gbps=7.4951
[2026-07-27T15:19:37] METRIC latency_ms=12.6222
[2026-07-27T15:19:37] RUN_END status=OK
[2026-07-27T15:21:36] RUN_START run_id=BASE_PMTUD_heuristic_106
[2026-07-27T15:21:36] PARAM method=PMTUD_heuristic
[2026-07-27T15:21:36] METRIC mae_bytes=288.55
[2026-07-27T15:21:36] METRIC throughput_gbps=7.6807
[2026-07-27T15:21:36] METRIC latency_ms=13.5338
[2026-07-27T15:21:36] RUN_END status=OK
[2026-07-27T15:25:40] RUN_START run_id=BASE_PMTUD_heuristic_107
[2026-07-27T15:25:40] PARAM method=PMTUD_heuristic
[2026-07-27T15:25:40] METRIC mae_bytes=293.4
[2026-07-27T15:25:40] METRIC throughput_gbps=7.4172
[2026-07-27T15:25:40] METRIC latency_ms=13.5198
[2026-07-27T15:25:40] RUN_END status=OK
[2026-07-27T15:27:10] RUN_START run_id=BASE_PMTUD_heuristic_108
[2026-07-27T15:27:10] PARAM method=PMTUD_heuristic
[2026-07-27T15:27:10] METRIC mae_bytes=285.4
[2026-07-27T15:27:10] METRIC throughput_gbps=7.5208
[2026-07-27T15:27:10] METRIC latency_ms=13.6662
[2026-07-27T15:27:10] RUN_END status=OK
[2026-07-27T15:29:56] RUN_START run_id=BASE_PMTUD_heuristic_109
[2026-07-27T15:29:56] PARAM method=PMTUD_heuristic
[2026-07-27T15:29:56] METRIC mae_bytes=309.46
[2026-07-27T15:29:56] METRIC throughput_gbps=7.2587
[2026-07-27T15:29:56] METRIC latency_ms=13.6956
[2026-07-27T15:29:56] RUN_END status=OK
[2026-07-27T15:32:11] RUN_START run_id=BASE_PMTUD_heuristic_110
[2026-07-27T15:32:11] PARAM method=PMTUD_heuristic
[2026-07-27T15:32:11] METRIC mae_bytes=258.13
[2026-07-27T15:32:11] METRIC throughput_gbps=8.1681
[2026-07-27T15:32:11] METRIC latency_ms=12.6503
[2026-07-27T15:32:11] RUN_END status=OK
[2026-07-27T15:34:37] RUN_START run_id=BASE_PMTUD_heuristic_111
[2026-07-27T15:34:37] PARAM method=PMTUD_heuristic
[2026-07-27T15:34:37] METRIC mae_bytes=279.53
[2026-07-27T15:34:37] METRIC throughput_gbps=7.854
[2026-07-27T15:34:37] METRIC latency_ms=14.2016
[2026-07-27T15:34:37] RUN_END status=OK
[2026-07-27T15:37:14] RUN_START run_id=BASE_PMTUD_heuristic_112
[2026-07-27T15:37:14] PARAM method=PMTUD_heuristic
[2026-07-27T15:37:14] METRIC mae_bytes=292.25
[2026-07-27T15:37:14] METRIC throughput_gbps=7.8757
[2026-07-27T15:37:14] METRIC latency_ms=14.0893
[2026-07-27T15:37:14] RUN_END status=OK
[2026-07-27T15:37:30] RUN_START run_id=BASE_PMTUD_heuristic_113
[2026-07-27T15:37:30] PARAM method=PMTUD_heuristic
[2026-07-27T15:37:30] METRIC mae_bytes=303.49
[2026-07-27T15:37:30] METRIC throughput_gbps=7.7827
[2026-07-27T15:37:30] METRIC latency_ms=15.0604
[2026-07-27T15:37:30] RUN_END status=OK
[2026-07-27T15:40:04] RUN_START run_id=BASE_PMTUD_heuristic_114
[2026-07-27T15:40:04] PARAM method=PMTUD_heuristic
[2026-07-27T15:40:04] METRIC mae_bytes=311.44
[2026-07-27T15:40:04] METRIC throughput_gbps=7.9547
[2026-07-27T15:40:04] METRIC latency_ms=13.5211
[2026-07-27T15:40:04] RUN_END status=OK
[2026-07-28T17:34:18] RUN_START run_id=BASE_PMTUD_heuristic_115
[2026-07-28T17:34:18] PARAM method=PMTUD_heuristic
[2026-07-28T17:34:18] METRIC mae_bytes=311.18
[2026-07-28T17:34:18] METRIC throughput_gbps=7.8799
[2026-07-28T17:34:18] METRIC latency_ms=13.8642
[2026-07-28T17:34:18] RUN_END status=OK
[2026-07-28T17:35:37] RUN_START run_id=BASE_PMTUD_heuristic_116
[2026-07-28T17:35:37] PARAM method=PMTUD_heuristic
[2026-07-28T17:35:37] METRIC mae_bytes=237.63
[2026-07-28T17:35:37] METRIC throughput_gbps=7.2636
[2026-07-28T17:35:37] METRIC latency_ms=14.1669
[2026-07-28T17:35:37] RUN_END status=OK
[2026-07-28T17:42:37] RUN_START run_id=BASE_PMTUD_heuristic_117
[2026-07-28T17:42:37] PARAM method=PMTUD_heuristic
[2026-07-28T17:42:37] METRIC mae_bytes=289.55
[2026-07-28T17:42:37] METRIC throughput_gbps=7.243
[2026-07-28T17:42:37] METRIC latency_ms=14.6466
[2026-07-28T17:42:37] RUN_END status=OK
[2026-07-28T17:46:33] RUN_START run_id=BASE_PMTUD_heuristic_118
[2026-07-28T17:46:33] PARAM method=PMTUD_heuristic
[2026-07-28T17:46:33] METRIC mae_bytes=311.53
[2026-07-28T17:46:33] METRIC throughput_gbps=7.618
[2026-07-28T17:46:33] METRIC latency_ms=12.5073
[2026-07-28T17:46:33] RUN_END status=OK
