[2026-07-24T22:03:47] RUN_START run_id=BASE_Static_1500_146
[2026-07-24T22:03:47] PARAM method=Static_1500
[2026-07-24T22:03:47] METRIC mae_bytes=1608.19
[2026-07-24T22:03:47] METRIC throughput_gbps=6.495
[2026-07-24T22:03:47] METRIC latency_ms=16.6557
[2026-07-24T22:03:47] RUN_END status=OK
[2026-07-24T22:05:08] RUN_START run_id=BASE_Static_1500_147
[2026-07-24T22:05:08] PARAM method=Static_1500
[2026-07-24T22:05:08] METRIC mae_bytes=1449.92
[2026-07-24T22:05:08] METRIC throughput_gbps=6.7575
[2026-07-24T22:05:08] METRIC latency_ms=15.5443
[2026-07-24T22:05:08] RUN_END status=OK
[2026-07-24T22:06:22] RUN_START run_id=BASE_Static_1500_148
[2026-07-24T22:06:22] PARAM method=Static_1500
[2026-07-24T22:06:22] METRIC mae_bytes=1274.59
[2026-07-24T22:06:22] METRIC throughput_gbps=6.8177
[2026-07-24T22:06:22] METRIC latency_ms=17.0323
[2026-07-24T22:06:22] RUN_END status=OK
[2026-07-24T22:07:48] RUN_START run_id=BASE_Static_1500_149
[2026-07-24T22:07:48] PARAM method=Static_1500
[2026-07-24T22:07:48] METRIC mae_bytes=1645.94
[2026-07-24T22:07:48] METRIC throughput_gbps=6.6478
[2026-07-24T22:07:48] METRIC latency_ms=16.2134
[2026-07-24T22:07:48] RUN_END status=OK
[2026-07-24T22:10:45] RUN_START run_id=BASE_Static_1500_150
[2026-07-24T22:10:45] PARAM method=Static_1500
[2026-07-24T22:10:45] METRIC mae_bytes=1465.65
[2026-07-24T22:10:45] METRIC throughput_gbps=7.2716
[2026-07-24T22:10:45] METRIC latency_ms=16.1447
[2026-07-24T22:10:45] RUN_END status=OK
[2026-07-24T23:04:01] RUN_START run_id=BASE_PMTUD_heuristic_030
[2026-07-24T23:04:01] PARAM method=PMTUD_heuristic
[2026-07-24T23:04:01] METRIC mae_bytes=342.71
[2026-07-24T23:04:01] METRIC throughput_gbps=7.954
[2026-07-24T23:04:01] METRIC latency_ms=14.7592
[2026-07-24T23:04:01] RUN_END status=OK
[2026-07-24T23:05:42] RUN_START run_id=BASE_PMTUD_heuristic_031
[2026-07-24T23:05:42] PARAM method=PMTUD_heuristic
[2026-07-24T23:05:42] METRIC mae_bytes=291.15
[2026-07-24T23:05:42] METRIC throughput_gbps=7.6462
[2026-07-24T23:05:42] METRIC latency_ms=12.956
[2026-07-24T23:05:42] RUN_END status=OK
[2026-07-24T23:07:27] RUN_START run_id=BASE_PMTUD_heuristic_032
[2026-07-24T23:07:27] PARAM method=PMTUD_heuristic
[2026-07-24T23:07:27] METRIC mae_bytes=243.2
[2026-07-24T23:07:27] METRIC throughput_gbps=7.9115
[2026-07-24T23:07:27] METRIC latency_ms=14.1843
[2026-07-24T23:07:27] RUN_END status=OK
[2026-07-24T23:10:10] RUN_START run_id=BASE_PMTUD_heuristic_033
[2026-07-24T23:10:10] PARAM method=PMTUD_heuristic
[2026-07-24T23:10:10] METRIC mae_bytes=289.3
[2026-07-24T23:10:10] METRIC throughput_gbps=7.7607
[2026-07-24T23:10:10] METRIC latency_ms=14.548
[2026-07-24T23:10:10] RUN_END status=OK
[2026-07-24T23:11:00] RUN_START run_id=BASE_PMTUD_heuristic_034
[2026-07-24T23:11:00] PARAM method=PMTUD_heuristic
[2026-07-24T23:11:00] METRIC mae_bytes=279.67
[2026-07-24T23:11:00] METRIC throughput_gbps=7.8829
[2026-07-24T23:11:00] METRIC latency_ms=13.1479
[2026-07-24T23:11:00] RUN_END status=OK
[2026-07-24T23:11:55] RUN_START run_id=BASE_PMTUD_heuristic_035
[2026-07-24T23:11:55] PARAM method=PMTUD_heuristic
[2026-07-24T23:11:55] METRIC mae_bytes=284.34
[2026-07-24T23:11:55] METRIC throughput_gbps=7.5036
[2026-07-24T23:11:55] METRIC latency_ms=12.3529
[2026-07-24T23:11:55] RUN_END status=OK
[2026-07-24T23:13:23] RUN_START run_id=BASE_PMTUD_heuristic_036
[2026-07-24T23:13:23] PARAM method=PMTUD_heuristic
[2026-07-24T23:13:23] METRIC mae_bytes=338.51
[2026-07-24T23:13:23] METRIC throughput_gbps=7.9252
[2026-07-24T23:13:23] METRIC latency_ms=13.157
[2026-07-24T23:13:23] RUN_END status=OK
[2026-07-24T23:14:04] RUN_START run_id=BASE_PMTUD_heuristic_037
[2026-07-24T23:14:04] PARAM method=PMTUD_heuristic
[2026-07-24T23:14:04] METRIC mae_bytes=283.0
[2026-07-24T23:14:04] METRIC throughput_gbps=7.3621
[2026-07-24T23:14:04] METRIC latency_ms=13.3722
[2026-07-24T23:14:04] RUN_END status=OK
[2026-07-24T23:16:54] RUN_START run_id=BASE_PMTUD_heuristic_038
[2026-07-24T23:16:54] PARAM method=PMTUD_heuristic
[2026-07-24T23:16:54] METRIC mae_bytes=273.56
[2026-07-24T23:16:54] METRIC throughput_gbps=8.0408
[2026-07-24T23:16:54] METRIC latency_ms=13.5528
[2026-07-24T23:16:54] RUN_END status=OK
[2026-07-24T23:19:39] RUN_START run_id=BASE_PMTUD_heuristic_039
[2026-07-24T23:19:39] PARAM method=PMTUD_heuristic
[2026-07-24T23:19:39] METRIC mae_bytes=286.45
[2026-07-24T23:19:39] METRIC throughput_gbps=8.1378
[2026-07-24T23:19:39] METRIC latency_ms=12.3245
[2026-07-24T23:19:39] RUN_END status=OK
[2026-07-24T23:22:30] RUN_START run_id=BASE_PMTUD_heuristic_040
[2026-07-24T23:22:30] PARAM method=PMTUD_heuristic
[2026-07-24T23:22:30] METRIC mae_bytes=255.18
[2026-07-24T23:22:30] METRIC throughput_gbps=7.8218
[2026-07-24T23:22:30] METRIC latency_ms=13.2222
[2026-07-24T23:22:30] RUN_END status=OK
[2026-07-24T23:23:09] RUN_START run_id=BASE_PMTUD_heuristic_041
[2026-07-24T23:23:09] PARAM method=PMTUD_heuristic
[2026-07-24T23:23:09] METRIC mae_bytes=259.71
[2026-07-24T23:23:09] METRIC throughput_gbps=8.0217
[2026-07-24T23:23:09] METRIC latency_ms=13.3438
[2026-07-24T23:23:09] RUN_END status=OK
[2026-07-24T23:23:51] RUN_START run_id=BASE_PMTUD_heuristic_042
[2026-07-24T23:23:51] PARAM method=PMTUD_heuristic
[2026-07-24T23:23:51] METRIC mae_bytes=295.6
[2026-07-24T23:23:51] METRIC throughput_gbps=8.1297
[2026-07-24T23:23:51] METRIC latency_ms=14.1244
[2026-07-24T23:23:51] RUN_END status=OK
[2026-07-24T23:27:23] RUN_START run_id=BASE_PMTUD_heuristic_043
[2026-07-24T23:27:23] PARAM method=PMTUD_heuristic
[2026-07-24T23:27:23] METRIC mae_bytes=337.18
[2026-07-24T23:27:23] METRIC throughput_gbps=7.9793
[2026-07-24T23:27:23] METRIC latency_ms=15.0746
[2026-07-24T23:27:23] RUN_END status=OK
[2026-07-24T23:29:49] RUN_START run_id=BASE_PMTUD_heuristic_044
[2026-07-24T23:29:49] PARAM method=PMTUD_heuristic
[2026-07-24T23:29:49] METRIC mae_bytes=279.94
[2026-07-24T23:29:49] METRIC throughput_gbps=7.8277
[2026-07-24T23:29:49] METRIC latency_ms=13.5626
[2026-07-24T23:29:49] RUN_END status=OK
