[2026-07-17T11:57:15] RUN_START run_id=BASE_Linear_regression_092
[2026-07-17T11:57:15] PARAM method=Linear_regression
[2026-07-17T11:57:15] METRIC mae_bytes=197.1
[2026-07-17T11:57:15] METRIC throughput_gbps=7.7445
[2026-07-17T11:57:15] METRIC latency_ms=13.5501
[2026-07-17T11:57:15] RUN_END status=OK
[2026-07-17T11:58:07] RUN_START run_id=BASE_Linear_regression_093
[2026-07-17T11:58:07] PARAM method=Linear_regression
[2026-07-17T11:58:07] METRIC mae_bytes=227.49
[2026-07-17T11:58:07] METRIC throughput_gbps=7.9256
[2026-07-17T11:58:07] METRIC latency_ms=12.22
[2026-07-17T11:58:07] RUN_END status=OK
[2026-07-18T04:12:51] RUN_START run_id=BASE_Linear_regression_094
[2026-07-18T04:12:51] PARAM method=Linear_regression
[2026-07-18T04:12:51] METRIC mae_bytes=241.93
[2026-07-18T04:12:51] METRIC throughput_gbps=7.8616
[2026-07-18T04:12:51] METRIC latency_ms=13.3305
[2026-07-18T04:12:51] RUN_END status=OK
[2026-07-18T04:15:04] RUN_START run_id=BASE_Linear_regression_095
[2026-07-18T04:15:04] PARAM method=Linear_regression
[2026-07-18T04:15:04] METRIC mae_bytes=212.09
[2026-07-18T04:15:04] METRIC throughput_gbps=7.7239
[2026-07-18T04:15:04] METRIC latency_ms=13.7186
[2026-07-18T04:15:04] RUN_END status=OK
[2026-07-18T04:16:12] RUN_START run_id=BASE_Linear_regression_096
[2026-07-18T04:16:12] PARAM method=Linear_regression
[2026-07-18T04:16:12] METRIC mae_bytes=224.23
[2026-07-18T04:16:12] METRIC throughput_gbps=7.9892
[2026-07-18T04:16:12] METRIC latency_ms=13.023
[2026-07-18T04:16:12] RUN_END status=OK
[2026-07-18T04:17:00] RUN_START run_id=BASE_Linear_regression_097
[2026-07-18T04:17:00] PARAM method=Linear_regression
[2026-07-18T04:17:00] METRIC mae_bytes=261.79
[2026-07-18T04:17:00] METRIC throughput_gbps=7.8887
[2026-07-18T04:17:00] METRIC latency_ms=14.6382
[2026-07-18T04:17:00] RUN_END status=OK
[2026-07-18T04:19:28] RUN_START run_id=BASE_Linear_regression_098
[2026-07-18T04:19:28] PARAM method=Linear_regression
[2026-07-18T04:19:28] METRIC mae_bytes=221.43
[2026-07-18T04:19:28] METRIC throughput_gbps=7.5152
[2026-07-18T04:19:28] METRIC latency_ms=14.1356
[2026-07-18T04:19:28] RUN_END status=OK
[2026-07-18T04:21:19] RUN_START run_id=BASE_Linear_regression_099
[2026-07-18T04:21:19] PARAM method=Linear_regression
[2026-07-18T04:21:19] METRIC mae_bytes=234.15
[2026-07-18T04:21:19] METRIC throughput_gbps=7.9195
[2026-07-18T04:21:19] METRIC latency_ms=13.5406
[2026-07-18T04:21:19] RUN_END status=OK
[2026-07-18T04:22:45] RUN_START run_id=BASE_Linear_regression_100
[2026-07-18T04:22:45] PARAM method=Linear_regression
[2026-07-18T04:22:45] METRIC mae_bytes=240.16
[2026-07-18T04:22:45] METRIC throughput_gbps=8.0376
[2026-07-18T04:22:45] METRIC latency_ms=13.9943
[2026-07-18T04:22:45] RUN_END status=OK
[2026-07-18T04:24:41] RUN_START run_id=BASE_Linear_regression_101
[2026-07-18T04:24:41] PARAM method=Linear_regression
[2026-07-18T04:24:41] METRIC mae_bytes=264.16
[2026-07-18T04:24:41] METRIC throughput_gbps=7.9448
[2026-07-18T04:24:41] METRIC latency_ms=13.0565
[2026-07-18T04:24:41] RUN_END status=OK
[2026-07-18T04:25:16] RUN_START run_id=BASE_Linear_regression_102
[2026-07-18T04:25:16] PARAM method=Linear_regression
[2026-07-18T04:25:16] METRIC mae_bytes=253.9
[2026-07-18T04:25:16] METRIC throughput_gbps=7.5263
[2026-07-18T04:25:16] METRIC latency_ms=13.8117
[2026-07-18T04:25:16] RUN_END status=OK
