[2026-07-19T03:06:41] RUN_START run_id=BASE_Linear_regression_120
[2026-07-19T03:06:41] PARAM method=Linear_regression
[2026-07-19T03:06:41] METRIC mae_bytes=210.53
[2026-07-19T03:06:41] METRIC throughput_gbps=7.3219
[2026-07-19T03:06:41] METRIC latency_ms=13.962
[2026-07-19T03:06:41] RUN_END status=OK
[2026-07-19T03:10:36] RUN_START run_id=BASE_Linear_regression_121
[2026-07-19T03:10:36] PARAM method=Linear_regression
[2026-07-19T03:10:36] METRIC mae_bytes=212.97
[2026-07-19T03:10:36] METRIC throughput_gbps=7.8
[2026-07-19T03:10:36] METRIC latency_ms=13.172
[2026-07-19T03:10:36] RUN_END status=OK
[2026-07-19T03:11:56] RUN_START run_id=BASE_Linear_regression_122
[2026-07-19T03:11:56] PARAM method=Linear_regression
[2026-07-19T03:11:56] METRIC mae_bytes=269.17
[2026-07-19T03:11:56] METRIC throughput_gbps=7.7162
[2026-07-19T03:11:56] METRIC latency_ms=12.5396
[2026-07-19T03:11:56] RUN_END status=OK
[2026-07-19T03:12:33] RUN_START run_id=BASE_Linear_regression_123
[2026-07-19T03:12:33] PARAM method=Linear_regression
[2026-07-19T03:12:33] METRIC mae_bytes=234.42
[2026-07-19T03:12:33] METRIC throughput_gbps=8.1586
[2026-07-19T03:12:33] METRIC latency_ms=13.6544
[2026-07-19T03:12:33] RUN_END status=OK
[2026-07-19T03:14:40] RUN_START run_id=BASE_Linear_regression_124
[2026-07-19T03:14:40] PARAM method=Linear_regression
[2026-07-19T03:14:40] METRIC mae_bytes=220.81
[2026-07-19T03:14:40] METRIC throughput_gbps=7.7009
[2026-07-19T03:14:40] METRIC latency_ms=13.4053
[2026-07-19T03:14:40] RUN_END status=OK
[2026-07-19T03:20:36] RUN_START run_id=BASE_Linear_regression_125
[2026-07-19T03:20:36] PARAM method=Linear_regression
[2026-07-19T03:20:36] METRIC mae_bytes=251.87
[2026-07-19T03:20:36] METRIC throughput_gbps=7.4118
[2026-07-19T03:20:36] METRIC latency_ms=13.2156
[2026-07-19T03:20:36] RUN_END status=OK
[2026-07-19T03:22:07] RUN_START run_id=BASE_Linear_regression_126
[2026-07-19T03:22:07] PARAM method=Linear_regression
[2026-07-19T03:22:07] METRIC mae_bytes=224.68
[2026-07-19T03:22:07] METRIC throughput_gbps=8.0448
[2026-07-19T03:22:07] METRIC latency_ms=13.6143
[2026-07-19T03:22:07] RUN_END status=OK
[2026-07-19T17:00:00] RUN_START run_id=BASE_Static_1500_001
[2026-07-19T17:00:00] PARAM method=Static_1500
[2026-07-19T17:00:00] METRIC mae_bytes=1406.87
[2026-07-19T17:00:00] METRIC throughput_gbps=6.99
[2026-07-19T17:00:00] METRIC latency_ms=14.7862
[2026-07-19T17:00:00] RUN_END status=OK
[2026-07-19T17:02:08] RUN_START run_id=BASE_Static_1500_002
[2026-07-19T17:02:08] PARAM method=Static_1500
[2026-07-19T17:02:08] METRIC mae_bytes=1487.64
[2026-07-19T17:02:08] METRIC throughput_gbps=7.1926
[2026-07-19T17:02:08] METRIC latency_ms=16.0549
[2026-07-19T17:02:08] RUN_END status=OK
[2026-07-19T17:03:52] RUN_START run_id=BASE_Static_1500_003
[2026-07-19T17:03:52] PARAM method=Static_1500
[2026-07-19T17:03:52] METRIC mae_bytes=1665.35
[2026-07-19T17:03:52] METRIC throughput_gbps=7.2736
[2026-07-19T17:03:52] METRIC latency_ms=15.9388
[2026-07-19T17:03:52] RUN_END status=OK
[2026-07-19T17:05:24] RUN_START run_id=BASE_Static_1500_004
[2026-07-19T17:05:24] PARAM method=Static_1500
[2026-07-19T17:05:24] METRIC mae_bytes=1831.46
[2026-07-19T17:05:24] METRIC throughput_gbps=6.9568
[2026-07-19T17:05:24] METRIC latency_ms=15.8179
[2026-07-19T17:05:24] RUN_END status=OK
[2026-07-19T17:06:59] RUN_START run_id=BASE_Static_1500_005
[2026-07-19T17:06:59] PARAM method=Static_1500
[2026-07-19T17:06:59] METRIC mae_bytes=1487.35
[2026-07-19T17:06:59] METRIC throughput_gbps=6.796
[2026-07-19T17:06:59] METRIC latency_ms=15.664
[2026-07-19T17:06:59] RUN_END status=OK
[2026-07-19T17:10:23] RUN_START run_id=BASE_Static_1500_006
[2026-07-19T17:10:23] PARAM method=Static_1500
[2026-07-19T17:10:23] METRIC mae_bytes=1971.02
[2026-07-19T17:10:23] METRIC throughput_gbps=6.8642
[2026-07-19T17:10:23] METRIC latency_ms=15.0086
[2026-07-19T17:10:23] RUN_END status=OK
[2026-07-19T17:11:26] RUN_START run_id=BASE_Static_1500_007
[2026-07-19T17:11:26] PARAM method=Static_1500
[2026-07-19T17:11:26] METRIC mae_bytes=1503.77
[2026-07-19T17:11:26] METRIC throughput_gbps=7.2946
[2026-07-19T17:11:26] METRIC latency_ms=15.7877
[2026-07-19T17:11:26] RUN_END status=OK
[2026-07-19T17:13:52] RUN_START run_id=BASE_Static_1500_008
[2026-07-19T17:13:52] PARAM method=Static_1500
[2026-07-19T17:13:52] METRIC mae_bytes=1504.21
[2026-07-19T17:13:52] METRIC throughput_gbps=6.9391
[2026-07-19T17:13:52] METRIC latency_ms=16.431
[2026-07-19T17:13:52] RUN_END status=OK
[2026-07-19T17:16:23] RUN_START run_id=BASE_Static_1500_009
[2026-07-19T17:16:23] PARAM method=Static_1500
[2026-07-19T17:16:23] METRIC mae_bytes=1607.62
[2026-07-19T17:16:23] METRIC throughput_gbps=7.4778
[2026-07-19T17:16:23] METRIC latency_ms=14.8913
[2026-07-19T17:16:23] RUN_END status=OK
