[2026-07-20T15:00:53] RUN_START run_id=BASE_Random_forest_002
[2026-07-20T15:00:53] PARAM method=Random_forest
[2026-07-20T15:00:53] METRIC mae_bytes=166.81
[2026-07-20T15:00:53] METRIC throughput_gbps=8.3853
[2026-07-20T15:00:53] METRIC latency_ms=12.139
[2026-07-20T15:00:53] RUN_END status=OK
[2026-07-20T15:01:29] RUN_START run_id=BASE_Random_forest_003
[2026-07-20T15:01:29] PARAM method=Random_forest
[2026-07-20T15:01:29] METRIC mae_bytes=176.1
[2026-07-20T15:01:29] METRIC throughput_gbps=8.1588
[2026-07-20T15:01:29] METRIC latency_ms=12.9741
[2026-07-20T15:01:29] RUN_END status=OK
[2026-07-20T15:07:12] RUN_START run_id=BASE_Random_forest_004
[2026-07-20T15:07:12] PARAM method=Random_forest
[2026-07-20T15:07:12] METRIC mae_bytes=174.19
[2026-07-20T15:07:12] METRIC throughput_gbps=8.4405
[2026-07-20T15:07:12] METRIC latency_ms=13.6285
[2026-07-20T15:07:12] RUN_END status=OK
[2026-07-20T15:10:46] RUN_START run_id=BASE_Random_forest_005
[2026-07-20T15:10:46] PARAM method=Random_forest
[2026-07-20T15:10:46] METRIC mae_bytes=146.37
[2026-07-20T15:10:46] METRIC throughput_gbps=7.8774
[2026-07-20T15:10:46] METRIC latency_ms=13.961
[2026-07-20T15:10:46] RUN_END status=OK
[2026-07-20T15:14:16] RUN_START run_id=BASE_Random_forest_006
[2026-07-20T15:14:16] PARAM method=Random_forest
[2026-07-20T15:14:16] METRIC mae_bytes=143.32
[2026-07-20T15:14:16] METRIC throughput_gbps=8.3296
[2026-07-20T15:14:16] METRIC latency_ms=12.6077
[2026-07-20T15:14:16] RUN_END status=OK
[2026-07-20T15:15:59] RUN_START run_id=BASE_Random_forest_007
[2026-07-20T15:15:59] PARAM method=Random_forest
[2026-07-20T15:15:59] METRIC mae_bytes=207.61
[2026-07-20T15:15:59] METRIC throughput_gbps=8.0949
[2026-07-20T15:15:59] METRIC latency_ms=13.6441
[2026-07-20T15:15:59] RUN_END status=OK
[2026-07-20T15:18:23] RUN_START run_id=BASE_Random_forest_008
[2026-07-20T15:18:23] PARAM method=Random_forest
[2026-07-20T15:18:23] METRIC mae_bytes=191.68
[2026-07-20T15:18:23] METRIC throughput_gbps=7.3742
[2026-07-20T15:18:23] METRIC latency_ms=13.7018
[2026-07-20T15:18:23] RUN_END status=OK
[2026-07-20T15:20:27] RUN_START run_id=BASE_Random_forest_009
[2026-07-20T15:20:27] PARAM method=Random_forest
[2026-07-20T15:20:27] METRIC mae_bytes=142.29
[2026-07-20T15:20:27] METRIC throughput_gbps=7.6682
[2026-07-20T15:20:27] METRIC latency_ms=13.2757
[2026-07-20T15:20:27] RUN_END status=OK
[2026-07-20T15:23:12] RUN_START run_id=BASE_Random_forest_010
[2026-07-20T15:23:12] PARAM method=Random_forest
[2026-07-20T15:23:12] METRIC mae_bytes=160.81
[2026-07-20T15:23:12] METRIC throughput_gbps=7.9958
[2026-07-20T15:23:12] METRIC latency_ms=13.4298
[2026-07-20T15:23:12] RUN_END status=OK
[2026-07-20T15:23:40] RUN_START run_id=BASE_Random_forest_011
[2026-07-20T15:23:40] PARAM method=Random_forest
[2026-07-20T15:23:40] METRIC mae_bytes=168.64
[2026-07-20T15:23:40] METRIC throughput_gbps=8.3221
[2026-07-20T15:23:40] METRIC latency_ms=13.9105
[2026-07-20T15:23:40] RUN_END status=OK
[2026-07-20T15:25:42] RUN_START run_id=BASE_Random_forest_012
[2026-07-20T15:25:42] PARAM method=Random_forest
[2026-07-20T15:25:42] METRIC mae_bytes=178.46
[2026-07-20T15:25:42] METRIC throughput_gbps=8.0038
[2026-07-20T15:25:42] METRIC latency_ms=12.2101
[2026-07-20T15:25:42] RUN_END status=OK
[2026-07-20T15:27:58] RUN_START run_id=BASE_Random_forest_013
[2026-07-20T15:27:58] PARAM method=Random_forest
[2026-07-20T15:27:58] METRIC mae_bytes=166.39
[2026-07-20T15:27:58] METRIC throughput_gbps=7.8661
[2026-07-20T15:27:58] METRIC latency_ms=13.0675
[2026-07-20T15:27:58] RUN_END status=OK
[2026-07-20T15:29:29] RUN_START run_id=BASE_Random_forest_014
[2026-07-20T15:29:29] PARAM method=Random_forest
[2026-07-20T15:29:29] METRIC mae_bytes=153.4
[2026-07-20T15:29:29] METRIC throughput_gbps=8.2219
[2026-07-20T15:29:29] METRIC latency_ms=13.7121
[2026-07-20T15:29:29] RUN_END status=OK
[2026-07-20T15:32:05] RUN_START run_id=BASE_Random_forest_015
[2026-07-20T15:32:05] PARAM method=Random_forest
[2026-07-20T15:32:05] METRIC mae_bytes=168.39
[2026-07-20T15:32:05] METRIC throughput_gbps=7.9311
[2026-07-20T15:32:05] METRIC latency_ms=11.8891
[2026-07-20T15:32:05] RUN_END status=OK
[2026-07-20T15:34:05] RUN_START run_id=BASE_Random_forest_016
[2026-07-20T15:34:05] PARAM method=Random_forest
[2026-07-20T15:34:05] METRIC mae_bytes=160.26
[2026-07-20T15:34:05] METRIC throughput_gbps=8.163
[2026-07-20T15:34:05] METRIC latency_ms=13.0153
[2026-07-20T15:34:05] RUN_END status=OK
[2026-07-20T15:36:35] RUN_START run_id=BASE_Random_forest_017
[2026-07-20T15:36:35] PARAM method=Random_forest
[2026-07-20T15:36:35] METRIC mae_bytes=170.82
[2026-07-20T15:36:35] METRIC throughput_gbps=8.0342
[2026-07-20T15:36:35] METRIC latency_ms=11.8165
[2026-07-20T15:36:35] RUN_END status=OK
[2026-07-20T15:39:54] RUN_START run_id=BASE_Random_forest_018
[2026-07-20T15:39:54] PARAM method=Random_forest
[2026-07-20T15:39:54] METRIC mae_bytes=158.41
[2026-07-20T15:39:54] METRIC throughput_gbps=9.0194
[2026-07-20T15:39:54] METRIC latency_ms=12.1844
[2026-07-20T15:39:54] RUN_END status=OK
[2026-07-20T15:42:12] RUN_START run_id=BASE_Random_forest_019
[2026-07-20T15:42:12] PARAM method=Random_forest
[2026-07-20T15:42:12] METRIC mae_bytes=150.13
[2026-07-20T15:42:12] METRIC throughput_gbps=8.1179
[2026-07-20T15:42:12] METRIC latency_ms=12.5215
[2026-07-20T15:42:12] RUN_END status=OK
[2026-07-20T15:44:13] RUN_START run_id=BASE_Random_forest_020
[2026-07-20T15:44:13] PARAM method=Random_forest
[2026-07-20T15:44:13] METRIC mae_bytes=171.54
[2026-07-20T15:44:13] METRIC throughput_gbps=8.3856
[2026-07-20T15:44:13] METRIC latency_ms=12.7883
[2026-07-20T15:44:13] RUN_END status=OK
