[2026-07-14T14:42:12] RUN_START run_id=BASE_MLP_proposed_037
[2026-07-14T14:42:12] PARAM method=MLP_proposed
[2026-07-14T14:42:12] METRIC mae_bytes=106.98
[2026-07-14T14:42:12] METRIC throughput_gbps=8.0557
[2026-07-14T14:42:12] METRIC latency_ms=12.9344
[2026-07-14T14:42:12] RUN_END status=OK
[2026-07-14T14:43:44] RUN_START run_id=BASE_MLP_proposed_038
[2026-07-14T14:43:44] PARAM method=MLP_proposed
[2026-07-14T14:43:44] METRIC mae_bytes=115.38
[2026-07-14T14:43:44] METRIC throughput_gbps=8.6745
[2026-07-14T14:43:44] METRIC latency_ms=12.4326
[2026-07-14T14:43:44] RUN_END status=OK
[2026-07-14T14:45:59] RUN_START run_id=BASE_MLP_proposed_039
[2026-07-14T14:45:59] PARAM method=MLP_proposed
[2026-07-14T14:45:59] METRIC mae_bytes=127.22
[2026-07-14T14:45:59] METRIC throughput_gbps=8.5753
[2026-07-14T14:45:59] METRIC latency_ms=13.1027
[2026-07-14T14:45:59] RUN_END status=OK
[2026-07-14T14:46:28] RUN_START run_id=BASE_MLP_proposed_040
[2026-07-14T14:46:28] PARAM method=MLP_proposed
[2026-07-14T14:46:28] METRIC mae_bytes=121.86
[2026-07-14T14:46:28] METRIC throughput_gbps=8.051
[2026-07-14T14:46:28] METRIC latency_ms=11.47
[2026-07-14T14:46:28] RUN_END status=OK
[2026-07-14T14:47:40] RUN_START run_id=BASE_MLP_proposed_041
[2026-07-14T14:47:40] PARAM method=MLP_proposed
[2026-07-14T14:47:40] METRIC mae_bytes=123.07
[2026-07-14T14:47:40] METRIC throughput_gbps=8.6101
[2026-07-14T14:47:40] METRIC latency_ms=12.8858
[2026-07-14T14:47:40] RUN_END status=OK
[2026-07-14T14:48:53] RUN_START run_id=BASE_MLP_proposed_042
[2026-07-14T14:48:53] PARAM method=MLP_proposed
[2026-07-14T14:48:53] METRIC mae_bytes=125.0
[2026-07-14T14:48:53] METRIC throughput_gbps=8.9889
[2026-07-14T14:48:53] METRIC latency_ms=11.5766
[2026-07-14T14:48:53] RUN_END status=OK
[2026-07-14T14:51:47] RUN_START run_id=BASE_MLP_proposed_043
[2026-07-14T14:51:47] PARAM method=MLP_proposed
[2026-07-14T14:51:47] METRIC mae_bytes=112.14
[2026-07-14T14:51:47] METRIC throughput_gbps=8.0554
[2026-07-14T14:51:47] METRIC latency_ms=11.8083
[2026-07-14T14:51:47] RUN_END status=OK
[2026-07-14T14:54:09] RUN_START run_id=BASE_MLP_proposed_044
[2026-07-14T14:54:09] PARAM method=MLP_proposed
[2026-07-14T14:54:09] METRIC mae_bytes=120.2
[2026-07-14T14:54:09] METRIC throughput_gbps=8.1089
[2026-07-14T14:54:09] METRIC latency_ms=12.6298
[2026-07-14T14:54:09] RUN_END status=OK
[2026-07-14T14:54:48] RUN_START run_id=BASE_MLP_proposed_045
[2026-07-14T14:54:48] PARAM method=MLP_proposed
[2026-07-14T14:54:48] METRIC mae_bytes=127.7
[2026-07-14T14:54:48] METRIC throughput_gbps=7.9567
[2026-07-14T14:54:48] METRIC latency_ms=12.3856
[2026-07-14T14:54:48] RUN_END status=OK
[2026-07-14T14:55:58] RUN_START run_id=BASE_MLP_proposed_046
[2026-07-14T14:55:58] PARAM method=MLP_proposed
[2026-07-14T14:55:58] METRIC mae_bytes=103.27
[2026-07-14T14:55:58] METRIC throughput_gbps=8.0778
[2026-07-14T14:55:58] METRIC latency_ms=13.5344
[2026-07-14T14:55:58] RUN_END status=OK
[2026-07-14T14:57:22] RUN_START run_id=04_mtu_baseline_comparison_DISCARDED_0013
[2026-07-14T14:57:22] RUN_ABORTED reason=binary_search_no_convergence: calibration script exceeded step budget (576-9000B @ 8B step) without stable peak goodput
[2026-07-14T15:00:36] RUN_START run_id=BASE_MLP_proposed_047
[2026-07-14T15:00:36] PARAM method=MLP_proposed
[2026-07-14T15:00:36] METRIC mae_bytes=105.89
[2026-07-14T15:00:36] METRIC throughput_gbps=8.1117
[2026-07-14T15:00:36] METRIC latency_ms=12.5915
[2026-07-14T15:00:36] RUN_END status=OK
