[2026-07-22T03:57:47] RUN_START run_id=BASE_Static_1500_080
[2026-07-22T03:57:47] PARAM method=Static_1500
[2026-07-22T03:57:47] METRIC mae_bytes=1455.79
[2026-07-22T03:57:47] METRIC throughput_gbps=7.0719
[2026-07-22T03:57:47] METRIC latency_ms=15.532
[2026-07-22T03:57:47] RUN_END status=OK
[2026-07-22T03:59:38] RUN_START run_id=BASE_Static_1500_081
[2026-07-22T03:59:38] PARAM method=Static_1500
[2026-07-22T03:59:38] METRIC mae_bytes=1515.48
[2026-07-22T03:59:38] METRIC throughput_gbps=7.1058
[2026-07-22T03:59:38] METRIC latency_ms=15.5241
[2026-07-22T03:59:38] RUN_END status=OK
[2026-07-22T04:01:56] RUN_START run_id=BASE_Static_1500_082
[2026-07-22T04:01:56] PARAM method=Static_1500
[2026-07-22T04:01:56] METRIC mae_bytes=1448.32
[2026-07-22T04:01:56] METRIC throughput_gbps=7.0765
[2026-07-22T04:01:56] METRIC latency_ms=15.8519
[2026-07-22T04:01:56] RUN_END status=OK
[2026-07-22T04:04:00] RUN_START run_id=BASE_Static_1500_083
[2026-07-22T04:04:00] PARAM method=Static_1500
[2026-07-22T04:04:00] METRIC mae_bytes=1645.17
[2026-07-22T04:04:00] METRIC throughput_gbps=7.2748
[2026-07-22T04:04:00] METRIC latency_ms=17.8837
[2026-07-22T04:04:00] RUN_END status=OK
[2026-07-22T04:15:00] RUN_START run_id=BASE_Linear_regression_127
[2026-07-22T04:15:00] PARAM method=Linear_regression
[2026-07-22T04:15:00] METRIC mae_bytes=249.74
[2026-07-22T04:15:00] METRIC throughput_gbps=7.6245
[2026-07-22T04:15:00] METRIC latency_ms=13.4792
[2026-07-22T04:15:00] RUN_END status=OK
[2026-07-22T04:15:29] RUN_START run_id=BASE_Linear_regression_128
[2026-07-22T04:15:29] PARAM method=Linear_regression
[2026-07-22T04:15:29] METRIC mae_bytes=234.28
[2026-07-22T04:15:29] METRIC throughput_gbps=7.5409
[2026-07-22T04:15:29] METRIC latency_ms=12.6889
[2026-07-22T04:15:29] RUN_END status=OK
[2026-07-22T04:18:40] RUN_START run_id=BASE_Linear_regression_129
[2026-07-22T04:18:40] PARAM method=Linear_regression
[2026-07-22T04:18:40] METRIC mae_bytes=243.12
[2026-07-22T04:18:40] METRIC throughput_gbps=7.4485
[2026-07-22T04:18:40] METRIC latency_ms=14.009
[2026-07-22T04:18:40] RUN_END status=OK
[2026-07-22T04:20:02] RUN_START run_id=BASE_Linear_regression_130
[2026-07-22T04:20:02] PARAM method=Linear_regression
[2026-07-22T04:20:02] METRIC mae_bytes=215.28
[2026-07-22T04:20:02] METRIC throughput_gbps=8.1386
[2026-07-22T04:20:02] METRIC latency_ms=13.3204
[2026-07-22T04:20:02] RUN_END status=OK
[2026-07-22T04:21:41] RUN_START run_id=BASE_Linear_regression_131
[2026-07-22T04:21:41] PARAM method=Linear_regression
[2026-07-22T04:21:41] METRIC mae_bytes=240.99
[2026-07-22T04:21:41] METRIC throughput_gbps=7.8487
[2026-07-22T04:21:41] METRIC latency_ms=13.2591
[2026-07-22T04:21:41] RUN_END status=OK
[2026-07-22T04:22:49] RUN_START run_id=BASE_Linear_regression_132
[2026-07-22T04:22:49] PARAM method=Linear_regression
[2026-07-22T04:22:49] METRIC mae_bytes=242.27
[2026-07-22T04:22:49] METRIC throughput_gbps=7.7474
[2026-07-22T04:22:49] METRIC latency_ms=14.5504
[2026-07-22T04:22:49] RUN_END status=OK
[2026-07-22T04:25:59] RUN_START run_id=BASE_Linear_regression_133
[2026-07-22T04:25:59] PARAM method=Linear_regression
[2026-07-22T04:25:59] METRIC mae_bytes=254.87
[2026-07-22T04:25:59] METRIC throughput_gbps=7.7237
[2026-07-22T04:25:59] METRIC latency_ms=12.872
[2026-07-22T04:25:59] RUN_END status=OK
[2026-07-22T04:27:45] RUN_START run_id=BASE_Linear_regression_134
[2026-07-22T04:27:45] PARAM method=Linear_regression
[2026-07-22T04:27:45] METRIC mae_bytes=259.58
[2026-07-22T04:27:45] METRIC throughput_gbps=8.3457
[2026-07-22T04:27:45] METRIC latency_ms=13.0619
[2026-07-22T04:27:45] RUN_END status=OK
[2026-07-22T04:30:08] RUN_START run_id=BASE_Linear_regression_135
[2026-07-22T04:30:08] PARAM method=Linear_regression
[2026-07-22T04:30:08] METRIC mae_bytes=223.09
[2026-07-22T04:30:08] METRIC throughput_gbps=7.9978
[2026-07-22T04:30:08] METRIC latency_ms=13.4401
[2026-07-22T04:30:08] RUN_END status=OK
[2026-07-22T04:31:39] RUN_START run_id=BASE_Linear_regression_136
[2026-07-22T04:31:39] PARAM method=Linear_regression
[2026-07-22T04:31:39] METRIC mae_bytes=254.9
[2026-07-22T04:31:39] METRIC throughput_gbps=7.9328
[2026-07-22T04:31:39] METRIC latency_ms=14.1312
[2026-07-22T04:31:39] RUN_END status=OK
