[2026-07-21T14:43:44] RUN_START run_id=BASE_Random_forest_031
[2026-07-21T14:43:44] PARAM method=Random_forest
[2026-07-21T14:43:44] METRIC mae_bytes=170.83
[2026-07-21T14:43:44] METRIC throughput_gbps=8.1935
[2026-07-21T14:43:44] METRIC latency_ms=12.4664
[2026-07-21T14:43:44] RUN_END status=OK
[2026-07-21T14:49:57] RUN_START run_id=BASE_Random_forest_032
[2026-07-21T14:49:57] PARAM method=Random_forest
[2026-07-21T14:49:57] METRIC mae_bytes=152.83
[2026-07-21T14:49:57] METRIC throughput_gbps=8.2638
[2026-07-21T14:49:57] METRIC latency_ms=12.8225
[2026-07-21T14:49:57] RUN_END status=OK
[2026-07-21T14:50:59] RUN_START run_id=BASE_Random_forest_033
[2026-07-21T14:50:59] PARAM method=Random_forest
[2026-07-21T14:50:59] METRIC mae_bytes=188.89
[2026-07-21T14:50:59] METRIC throughput_gbps=8.2117
[2026-07-21T14:50:59] METRIC latency_ms=12.9592
[2026-07-21T14:50:59] RUN_END status=OK
[2026-07-21T14:52:41] RUN_START run_id=BASE_Random_forest_034
[2026-07-21T14:52:41] PARAM method=Random_forest
[2026-07-21T14:52:41] METRIC mae_bytes=168.5
[2026-07-21T14:52:41] METRIC throughput_gbps=8.1212
[2026-07-21T14:52:41] METRIC latency_ms=12.0945
[2026-07-21T14:52:41] RUN_END status=OK
[2026-07-21T14:54:59] RUN_START run_id=BASE_Random_forest_035
[2026-07-21T14:54:59] PARAM method=Random_forest
[2026-07-21T14:54:59] METRIC mae_bytes=164.28
[2026-07-21T14:54:59] METRIC throughput_gbps=7.9412
[2026-07-21T14:54:59] METRIC latency_ms=12.6828
[2026-07-21T14:54:59] RUN_END status=OK
[2026-07-21T14:55:38] RUN_START run_id=BASE_Random_forest_036
[2026-07-21T14:55:38] PARAM method=Random_forest
[2026-07-21T14:55:38] METRIC mae_bytes=158.61
[2026-07-21T14:55:38] METRIC throughput_gbps=7.9947
[2026-07-21T14:55:38] METRIC latency_ms=12.2008
[2026-07-21T14:55:38] RUN_END status=OK
[2026-07-21T14:56:40] RUN_START run_id=BASE_Random_forest_037
[2026-07-21T14:56:40] PARAM method=Random_forest
[2026-07-21T14:56:40] METRIC mae_bytes=156.52
[2026-07-21T14:56:40] METRIC throughput_gbps=8.3375
[2026-07-21T14:56:40] METRIC latency_ms=12.2263
[2026-07-21T14:56:40] RUN_END status=OK
[2026-07-21T14:59:06] RUN_START run_id=BASE_Random_forest_038
[2026-07-21T14:59:06] PARAM method=Random_forest
[2026-07-21T14:59:06] METRIC mae_bytes=143.89
[2026-07-21T14:59:06] METRIC throughput_gbps=8.3633
[2026-07-21T14:59:06] METRIC latency_ms=12.9063
[2026-07-21T14:59:06] RUN_END status=OK
[2026-07-21T15:00:21] RUN_START run_id=BASE_Random_forest_039
[2026-07-21T15:00:21] PARAM method=Random_forest
[2026-07-21T15:00:21] METRIC mae_bytes=162.43
[2026-07-21T15:00:21] METRIC throughput_gbps=8.1178
[2026-07-21T15:00:21] METRIC latency_ms=12.0934
[2026-07-21T15:00:21] RUN_END status=OK
[2026-07-21T15:02:54] RUN_START run_id=BASE_Random_forest_040
[2026-07-21T15:02:54] PARAM method=Random_forest
[2026-07-21T15:02:54] METRIC mae_bytes=141.22
[2026-07-21T15:02:54] METRIC throughput_gbps=8.4455
[2026-07-21T15:02:54] METRIC latency_ms=12.7989
[2026-07-21T15:02:54] RUN_END status=OK
[2026-07-21T15:04:17] RUN_START run_id=BASE_Random_forest_041
[2026-07-21T15:04:17] PARAM method=Random_forest
[2026-07-21T15:04:17] METRIC mae_bytes=170.26
[2026-07-21T15:04:17] METRIC throughput_gbps=8.0851
[2026-07-21T15:04:17] METRIC latency_ms=13.4581
[2026-07-21T15:04:17] RUN_END status=OK
[2026-07-21T15:08:21] RUN_START run_id=BASE_Random_forest_042
[2026-07-21T15:08:21] PARAM method=Random_forest
[2026-07-21T15:08:21] METRIC mae_bytes=175.19
[2026-07-21T15:08:21] METRIC throughput_gbps=8.4411
[2026-07-21T15:08:21] METRIC latency_ms=12.3243
[2026-07-21T15:08:21] RUN_END status=OK
[2026-07-21T15:12:57] RUN_START run_id=BASE_Random_forest_043
[2026-07-21T15:12:57] PARAM method=Random_forest
[2026-07-21T15:12:57] METRIC mae_bytes=151.7
[2026-07-21T15:12:57] METRIC throughput_gbps=8.5394
[2026-07-21T15:12:57] METRIC latency_ms=13.3934
[2026-07-21T15:12:57] RUN_END status=OK
[2026-07-21T15:14:53] RUN_START run_id=BASE_Random_forest_044
[2026-07-21T15:14:53] PARAM method=Random_forest
[2026-07-21T15:14:53] METRIC mae_bytes=163.05
[2026-07-21T15:14:53] METRIC throughput_gbps=8.2532
[2026-07-21T15:14:53] METRIC latency_ms=12.3648
[2026-07-21T15:14:53] RUN_END status=OK
[2026-07-21T15:16:47] RUN_START run_id=BASE_Random_forest_045
[2026-07-21T15:16:47] PARAM method=Random_forest
[2026-07-21T15:16:47] METRIC mae_bytes=153.11
[2026-07-21T15:16:47] METRIC throughput_gbps=7.9671
[2026-07-21T15:16:47] METRIC latency_ms=11.7905
[2026-07-21T15:16:47] RUN_END status=OK
[2026-07-21T22:26:19] RUN_START run_id=BASE_Random_forest_046
[2026-07-21T22:26:19] PARAM method=Random_forest
[2026-07-21T22:26:19] METRIC mae_bytes=178.5
[2026-07-21T22:26:19] METRIC throughput_gbps=8.0837
[2026-07-21T22:26:19] METRIC latency_ms=13.5701
[2026-07-21T22:26:19] RUN_END status=OK
[2026-07-21T22:27:34] RUN_START run_id=BASE_Random_forest_047
[2026-07-21T22:27:34] PARAM method=Random_forest
[2026-07-21T22:27:34] METRIC mae_bytes=173.25
[2026-07-21T22:27:34] METRIC throughput_gbps=8.0102
[2026-07-21T22:27:34] METRIC latency_ms=13.1062
[2026-07-21T22:27:34] RUN_END status=OK
[2026-07-21T22:30:13] RUN_START run_id=BASE_Random_forest_048
[2026-07-21T22:30:13] PARAM method=Random_forest
[2026-07-21T22:30:13] METRIC mae_bytes=169.95
[2026-07-21T22:30:13] METRIC throughput_gbps=8.0647
[2026-07-21T22:30:13] METRIC latency_ms=11.8766
[2026-07-21T22:30:13] RUN_END status=OK
[2026-07-21T22:32:33] RUN_START run_id=BASE_Random_forest_049
[2026-07-21T22:32:33] PARAM method=Random_forest
[2026-07-21T22:32:33] METRIC mae_bytes=147.7
[2026-07-21T22:32:33] METRIC throughput_gbps=7.9086
[2026-07-21T22:32:33] METRIC latency_ms=12.0381
[2026-07-21T22:32:33] RUN_END status=OK
[2026-07-21T22:33:35] RUN_START run_id=BASE_Random_forest_050
[2026-07-21T22:33:35] PARAM method=Random_forest
[2026-07-21T22:33:35] METRIC mae_bytes=173.79
[2026-07-21T22:33:35] METRIC throughput_gbps=8.1734
[2026-07-21T22:33:35] METRIC latency_ms=11.7341
[2026-07-21T22:33:35] RUN_END status=OK
