[2026-07-18T07:02:04] RUN_START run_id=BASE_MLP_proposed_112
[2026-07-18T07:02:04] PARAM method=MLP_proposed
[2026-07-18T07:02:04] METRIC mae_bytes=120.66
[2026-07-18T07:02:04] METRIC throughput_gbps=8.3527
[2026-07-18T07:02:04] METRIC latency_ms=11.8551
[2026-07-18T07:02:04] RUN_END status=OK
[2026-07-18T07:03:09] RUN_START run_id=BASE_MLP_proposed_113
[2026-07-18T07:03:09] PARAM method=MLP_proposed
[2026-07-18T07:03:09] METRIC mae_bytes=132.77
[2026-07-18T07:03:09] METRIC throughput_gbps=8.1238
[2026-07-18T07:03:09] METRIC latency_ms=12.4786
[2026-07-18T07:03:09] RUN_END status=OK
[2026-07-18T07:05:36] RUN_START run_id=BASE_MLP_proposed_114
[2026-07-18T07:05:36] PARAM method=MLP_proposed
[2026-07-18T07:05:36] METRIC mae_bytes=119.94
[2026-07-18T07:05:36] METRIC throughput_gbps=8.1585
[2026-07-18T07:05:36] METRIC latency_ms=12.9086
[2026-07-18T07:05:36] RUN_END status=OK
[2026-07-18T07:07:29] RUN_START run_id=BASE_MLP_proposed_115
[2026-07-18T07:07:29] PARAM method=MLP_proposed
[2026-07-18T07:07:29] METRIC mae_bytes=121.19
[2026-07-18T07:07:29] METRIC throughput_gbps=8.5468
[2026-07-18T07:07:29] METRIC latency_ms=11.8741
[2026-07-18T07:07:29] RUN_END status=OK
[2026-07-18T07:10:04] RUN_START run_id=BASE_MLP_proposed_116
[2026-07-18T07:10:04] PARAM method=MLP_proposed
[2026-07-18T07:10:04] METRIC mae_bytes=118.69
[2026-07-18T07:10:04] METRIC throughput_gbps=8.3037
[2026-07-18T07:10:04] METRIC latency_ms=12.2568
[2026-07-18T07:10:04] RUN_END status=OK
[2026-07-18T07:11:54] RUN_START run_id=BASE_MLP_proposed_117
[2026-07-18T07:11:54] PARAM method=MLP_proposed
[2026-07-18T07:11:54] METRIC mae_bytes=104.61
[2026-07-18T07:11:54] METRIC throughput_gbps=8.1788
[2026-07-18T07:11:54] METRIC latency_ms=12.1172
[2026-07-18T07:11:54] RUN_END status=OK
[2026-07-18T07:12:58] RUN_START run_id=04_mtu_baseline_comparison_DISCARDED_0026
[2026-07-18T07:12:58] RUN_ABORTED reason=binary_search_no_convergence: calibration script exceeded step budget (576-9000B @ 8B step) without stable peak goodput
[2026-07-18T07:14:23] RUN_START run_id=BASE_MLP_proposed_118
[2026-07-18T07:14:23] PARAM method=MLP_proposed
[2026-07-18T07:14:23] METRIC mae_bytes=112.9
[2026-07-18T07:14:23] METRIC throughput_gbps=8.9254
[2026-07-18T07:14:23] METRIC latency_ms=11.469
[2026-07-18T07:14:23] RUN_END status=OK
[2026-07-18T07:16:58] RUN_START run_id=BASE_MLP_proposed_119
[2026-07-18T07:16:58] PARAM method=MLP_proposed
[2026-07-18T07:16:58] METRIC mae_bytes=116.64
[2026-07-18T07:16:58] METRIC throughput_gbps=8.6983
[2026-07-18T07:16:58] METRIC latency_ms=12.1315
[2026-07-18T07:16:58] RUN_END status=OK
[2026-07-18T07:19:03] RUN_START run_id=BASE_MLP_proposed_120
[2026-07-18T07:19:03] PARAM method=MLP_proposed
[2026-07-18T07:19:03] METRIC mae_bytes=105.29
[2026-07-18T07:19:03] METRIC throughput_gbps=8.3218
[2026-07-18T07:19:03] METRIC latency_ms=12.331
[2026-07-18T07:19:03] RUN_END status=OK
[2026-07-18T07:20:21] RUN_START run_id=BASE_MLP_proposed_121
[2026-07-18T07:20:21] PARAM method=MLP_proposed
[2026-07-18T07:20:21] METRIC mae_bytes=113.1
[2026-07-18T07:20:21] METRIC throughput_gbps=8.1327
[2026-07-18T07:20:21] METRIC latency_ms=11.6613
[2026-07-18T07:20:21] RUN_END status=OK
