[2026-07-22T19:34:04] RUN_START run_id=BASE_Random_forest_122
[2026-07-22T19:34:04] PARAM method=Random_forest
[2026-07-22T19:34:04] METRIC mae_bytes=180.16
[2026-07-22T19:34:04] METRIC throughput_gbps=7.8828
[2026-07-22T19:34:04] METRIC latency_ms=12.5635
[2026-07-22T19:34:04] RUN_END status=OK
[2026-07-22T19:35:29] RUN_START run_id=BASE_Random_forest_123
[2026-07-22T19:35:29] PARAM method=Random_forest
[2026-07-22T19:35:29] METRIC mae_bytes=161.93
[2026-07-22T19:35:29] METRIC throughput_gbps=8.3156
[2026-07-22T19:35:29] METRIC latency_ms=11.3168
[2026-07-22T19:35:29] RUN_END status=OK
[2026-07-22T19:41:01] RUN_START run_id=BASE_Random_forest_124
[2026-07-22T19:41:01] PARAM method=Random_forest
[2026-07-22T19:41:01] METRIC mae_bytes=165.9
[2026-07-22T19:41:01] METRIC throughput_gbps=8.0967
[2026-07-22T19:41:01] METRIC latency_ms=12.2537
[2026-07-22T19:41:01] RUN_END status=OK
[2026-07-22T19:46:42] RUN_START run_id=BASE_Random_forest_125
[2026-07-22T19:46:42] PARAM method=Random_forest
[2026-07-22T19:46:42] METRIC mae_bytes=164.18
[2026-07-22T19:46:42] METRIC throughput_gbps=8.9735
[2026-07-22T19:46:42] METRIC latency_ms=12.6965
[2026-07-22T19:46:42] RUN_END status=OK
[2026-07-22T19:47:48] RUN_START run_id=BASE_Random_forest_126
[2026-07-22T19:47:48] PARAM method=Random_forest
[2026-07-22T19:47:48] METRIC mae_bytes=174.87
[2026-07-22T19:47:48] METRIC throughput_gbps=8.0222
[2026-07-22T19:47:48] METRIC latency_ms=12.5522
[2026-07-22T19:47:48] RUN_END status=OK
[2026-07-23T06:06:16] RUN_START run_id=BASE_Random_forest_127
[2026-07-23T06:06:16] PARAM method=Random_forest
[2026-07-23T06:06:16] METRIC mae_bytes=159.91
[2026-07-23T06:06:16] METRIC throughput_gbps=8.2576
[2026-07-23T06:06:16] METRIC latency_ms=12.7648
[2026-07-23T06:06:16] RUN_END status=OK
[2026-07-23T06:08:30] RUN_START run_id=BASE_Random_forest_128
[2026-07-23T06:08:30] PARAM method=Random_forest
[2026-07-23T06:08:30] METRIC mae_bytes=161.51
[2026-07-23T06:08:30] METRIC throughput_gbps=7.9781
[2026-07-23T06:08:30] METRIC latency_ms=12.6043
[2026-07-23T06:08:30] RUN_END status=OK
[2026-07-23T06:10:06] RUN_START run_id=BASE_Random_forest_129
[2026-07-23T06:10:06] PARAM method=Random_forest
[2026-07-23T06:10:06] METRIC mae_bytes=168.28
[2026-07-23T06:10:06] METRIC throughput_gbps=8.1551
[2026-07-23T06:10:06] METRIC latency_ms=14.1087
[2026-07-23T06:10:06] RUN_END status=OK
[2026-07-23T06:12:29] RUN_START run_id=BASE_Random_forest_130
[2026-07-23T06:12:29] PARAM method=Random_forest
[2026-07-23T06:12:29] METRIC mae_bytes=170.86
[2026-07-23T06:12:29] METRIC throughput_gbps=8.1992
[2026-07-23T06:12:29] METRIC latency_ms=12.7518
[2026-07-23T06:12:29] RUN_END status=OK
[2026-07-23T06:16:09] RUN_START run_id=BASE_Random_forest_131
[2026-07-23T06:16:09] PARAM method=Random_forest
[2026-07-23T06:16:09] METRIC mae_bytes=166.7
[2026-07-23T06:16:09] METRIC throughput_gbps=8.0785
[2026-07-23T06:16:09] METRIC latency_ms=12.8704
[2026-07-23T06:16:09] RUN_END status=OK
[2026-07-23T06:17:44] RUN_START run_id=BASE_Random_forest_132
[2026-07-23T06:17:44] PARAM method=Random_forest
[2026-07-23T06:17:44] METRIC mae_bytes=173.68
[2026-07-23T06:17:44] METRIC throughput_gbps=8.1545
[2026-07-23T06:17:44] METRIC latency_ms=13.5386
[2026-07-23T06:17:44] RUN_END status=OK
[2026-07-23T06:20:13] RUN_START run_id=BASE_Random_forest_133
[2026-07-23T06:20:13] PARAM method=Random_forest
[2026-07-23T06:20:13] METRIC mae_bytes=172.29
[2026-07-23T06:20:13] METRIC throughput_gbps=8.805
[2026-07-23T06:20:13] METRIC latency_ms=12.4366
[2026-07-23T06:20:13] RUN_END status=OK
[2026-07-23T06:24:31] RUN_START run_id=BASE_Random_forest_134
[2026-07-23T06:24:31] PARAM method=Random_forest
[2026-07-23T06:24:31] METRIC mae_bytes=141.87
[2026-07-23T06:24:31] METRIC throughput_gbps=7.8388
[2026-07-23T06:24:31] METRIC latency_ms=12.8275
[2026-07-23T06:24:31] RUN_END status=OK
[2026-07-23T06:26:17] RUN_START run_id=BASE_Random_forest_135
[2026-07-23T06:26:17] PARAM method=Random_forest
[2026-07-23T06:26:17] METRIC mae_bytes=195.88
[2026-07-23T06:26:17] METRIC throughput_gbps=8.2778
[2026-07-23T06:26:17] METRIC latency_ms=13.4556
[2026-07-23T06:26:17] RUN_END status=OK
[2026-07-23T06:30:07] RUN_START run_id=BASE_Random_forest_136
[2026-07-23T06:30:07] PARAM method=Random_forest
[2026-07-23T06:30:07] METRIC mae_bytes=172.61
[2026-07-23T06:30:07] METRIC throughput_gbps=8.157
[2026-07-23T06:30:07] METRIC latency_ms=12.2094
[2026-07-23T06:30:07] RUN_END status=OK
[2026-07-23T06:31:02] RUN_START run_id=BASE_Random_forest_137
[2026-07-23T06:31:02] PARAM method=Random_forest
[2026-07-23T06:31:02] METRIC mae_bytes=137.19
[2026-07-23T06:31:02] METRIC throughput_gbps=7.8528
[2026-07-23T06:31:02] METRIC latency_ms=13.3984
[2026-07-23T06:31:02] RUN_END status=OK
[2026-07-23T06:31:56] RUN_START run_id=BASE_Random_forest_138
[2026-07-23T06:31:56] PARAM method=Random_forest
[2026-07-23T06:31:56] METRIC mae_bytes=184.54
[2026-07-23T06:31:56] METRIC throughput_gbps=7.7648
[2026-07-23T06:31:56] METRIC latency_ms=13.1677
[2026-07-23T06:31:56] RUN_END status=OK
