[2026-07-22T14:44:36] RUN_START run_id=BASE_Static_1500_089
[2026-07-22T14:44:36] PARAM method=Static_1500
[2026-07-22T14:44:36] METRIC mae_bytes=1618.83
[2026-07-22T14:44:36] METRIC throughput_gbps=6.8342
[2026-07-22T14:44:36] METRIC latency_ms=17.1327
[2026-07-22T14:44:36] RUN_END status=OK
[2026-07-22T14:45:50] RUN_START run_id=BASE_Static_1500_090
[2026-07-22T14:45:50] PARAM method=Static_1500
[2026-07-22T14:45:50] METRIC mae_bytes=1445.67
[2026-07-22T14:45:50] METRIC throughput_gbps=6.6477
[2026-07-22T14:45:50] METRIC latency_ms=16.0065
[2026-07-22T14:45:50] RUN_END status=OK
[2026-07-22T14:47:09] RUN_START run_id=BASE_Static_1500_091
[2026-07-22T14:47:09] PARAM method=Static_1500
[2026-07-22T14:47:09] METRIC mae_bytes=1520.45
[2026-07-22T14:47:09] METRIC throughput_gbps=6.6965
[2026-07-22T14:47:09] METRIC latency_ms=16.1368
[2026-07-22T14:47:09] RUN_END status=OK
[2026-07-22T14:50:18] RUN_START run_id=BASE_Static_1500_092
[2026-07-22T14:50:18] PARAM method=Static_1500
[2026-07-22T14:50:18] METRIC mae_bytes=1904.74
[2026-07-22T14:50:18] METRIC throughput_gbps=7.345
[2026-07-22T14:50:18] METRIC latency_ms=15.3447
[2026-07-22T14:50:18] RUN_END status=OK
[2026-07-22T14:52:37] RUN_START run_id=BASE_Static_1500_093
[2026-07-22T14:52:37] PARAM method=Static_1500
[2026-07-22T14:52:37] METRIC mae_bytes=1878.41
[2026-07-22T14:52:37] METRIC throughput_gbps=7.1615
[2026-07-22T14:52:37] METRIC latency_ms=15.6841
[2026-07-22T14:52:37] RUN_END status=OK
[2026-07-22T14:53:03] RUN_START run_id=04_mtu_baseline_comparison_DISCARDED_0042
[2026-07-22T14:53:03] RUN_ABORTED reason=binary_search_no_convergence: calibration script exceeded step budget (576-9000B @ 8B step) without stable peak goodput
[2026-07-22T14:53:38] RUN_START run_id=BASE_Static_1500_094
[2026-07-22T14:53:38] PARAM method=Static_1500
[2026-07-22T14:53:38] METRIC mae_bytes=1436.75
[2026-07-22T14:53:38] METRIC throughput_gbps=6.8114
[2026-07-22T14:53:38] METRIC latency_ms=17.8079
[2026-07-22T14:53:38] RUN_END status=OK
[2026-07-22T14:54:18] RUN_START run_id=BASE_Static_1500_095
[2026-07-22T14:54:18] PARAM method=Static_1500
[2026-07-22T14:54:18] METRIC mae_bytes=1559.07
[2026-07-22T14:54:18] METRIC throughput_gbps=7.1492
[2026-07-22T14:54:18] METRIC latency_ms=14.8375
[2026-07-22T14:54:18] RUN_END status=OK
[2026-07-22T14:59:26] RUN_START run_id=BASE_Static_1500_096
[2026-07-22T14:59:26] PARAM method=Static_1500
[2026-07-22T14:59:26] METRIC mae_bytes=1504.05
[2026-07-22T14:59:26] METRIC throughput_gbps=6.7368
[2026-07-22T14:59:26] METRIC latency_ms=14.1506
[2026-07-22T14:59:26] RUN_END status=OK
[2026-07-22T15:01:52] RUN_START run_id=BASE_Static_1500_097
[2026-07-22T15:01:52] PARAM method=Static_1500
[2026-07-22T15:01:52] METRIC mae_bytes=1622.7
[2026-07-22T15:01:52] METRIC throughput_gbps=6.7715
[2026-07-22T15:01:52] METRIC latency_ms=15.5923
[2026-07-22T15:01:52] RUN_END status=OK
[2026-07-22T15:03:54] RUN_START run_id=BASE_Static_1500_098
[2026-07-22T15:03:54] PARAM method=Static_1500
[2026-07-22T15:03:54] METRIC mae_bytes=1408.17
[2026-07-22T15:03:54] METRIC throughput_gbps=6.5463
[2026-07-22T15:03:54] METRIC latency_ms=14.9263
[2026-07-22T15:03:54] RUN_END status=OK
[2026-07-22T15:06:05] RUN_START run_id=BASE_Static_1500_099
[2026-07-22T15:06:05] PARAM method=Static_1500
[2026-07-22T15:06:05] METRIC mae_bytes=1641.75
[2026-07-22T15:06:05] METRIC throughput_gbps=6.8678
[2026-07-22T15:06:05] METRIC latency_ms=14.659
[2026-07-22T15:06:05] RUN_END status=OK
[2026-07-22T17:04:21] RUN_START run_id=BASE_Random_forest_089
[2026-07-22T17:04:21] PARAM method=Random_forest
[2026-07-22T17:04:21] METRIC mae_bytes=155.12
[2026-07-22T17:04:21] METRIC throughput_gbps=8.0141
[2026-07-22T17:04:21] METRIC latency_ms=12.7693
[2026-07-22T17:04:21] RUN_END status=OK
[2026-07-22T17:05:28] RUN_START run_id=BASE_Random_forest_090
[2026-07-22T17:05:28] PARAM method=Random_forest
[2026-07-22T17:05:28] METRIC mae_bytes=157.66
[2026-07-22T17:05:28] METRIC throughput_gbps=7.6971
[2026-07-22T17:05:28] METRIC latency_ms=13.2147
[2026-07-22T17:05:28] RUN_END status=OK
[2026-07-22T17:06:46] RUN_START run_id=BASE_Random_forest_091
[2026-07-22T17:06:46] PARAM method=Random_forest
[2026-07-22T17:06:46] METRIC mae_bytes=153.91
[2026-07-22T17:06:46] METRIC throughput_gbps=7.7511
[2026-07-22T17:06:46] METRIC latency_ms=12.8761
[2026-07-22T17:06:46] RUN_END status=OK
