[2026-07-22T17:10:05] RUN_START run_id=BASE_Random_forest_092
[2026-07-22T17:10:05] PARAM method=Random_forest
[2026-07-22T17:10:05] METRIC mae_bytes=150.83
[2026-07-22T17:10:05] METRIC throughput_gbps=7.7749
[2026-07-22T17:10:05] METRIC latency_ms=13.5134
[2026-07-22T17:10:05] RUN_END status=OK
[2026-07-22T17:11:46] RUN_START run_id=BASE_Random_forest_093
[2026-07-22T17:11:46] PARAM method=Random_forest
[2026-07-22T17:11:46] METRIC mae_bytes=143.18
[2026-07-22T17:11:46] METRIC throughput_gbps=8.1489
[2026-07-22T17:11:46] METRIC latency_ms=12.6406
[2026-07-22T17:11:46] RUN_END status=OK
[2026-07-22T17:13:33] RUN_START run_id=BASE_Random_forest_094
[2026-07-22T17:13:33] PARAM method=Random_forest
[2026-07-22T17:13:33] METRIC mae_bytes=136.29
[2026-07-22T17:13:33] METRIC throughput_gbps=7.6825
[2026-07-22T17:13:33] METRIC latency_ms=12.8385
[2026-07-22T17:13:33] RUN_END status=OK
[2026-07-22T17:15:50] RUN_START run_id=BASE_Random_forest_095
[2026-07-22T17:15:50] PARAM method=Random_forest
[2026-07-22T17:15:50] METRIC mae_bytes=161.65
[2026-07-22T17:15:50] METRIC throughput_gbps=7.694
[2026-07-22T17:15:50] METRIC latency_ms=12.1007
[2026-07-22T17:15:50] RUN_END status=OK
[2026-07-22T17:16:35] RUN_START run_id=BASE_Random_forest_096
[2026-07-22T17:16:35] PARAM method=Random_forest
[2026-07-22T17:16:35] METRIC mae_bytes=185.28
[2026-07-22T17:16:35] METRIC throughput_gbps=7.5292
[2026-07-22T17:16:35] METRIC latency_ms=13.1615
[2026-07-22T17:16:35] RUN_END status=OK
[2026-07-22T17:19:57] RUN_START run_id=BASE_Random_forest_097
[2026-07-22T17:19:57] PARAM method=Random_forest
[2026-07-22T17:19:57] METRIC mae_bytes=159.59
[2026-07-22T17:19:57] METRIC throughput_gbps=8.4727
[2026-07-22T17:19:57] METRIC latency_ms=12.0487
[2026-07-22T17:19:57] RUN_END status=OK
[2026-07-22T17:20:15] RUN_START run_id=BASE_Random_forest_098
[2026-07-22T17:20:15] PARAM method=Random_forest
[2026-07-22T17:20:15] METRIC mae_bytes=161.03
[2026-07-22T17:20:15] METRIC throughput_gbps=8.0354
[2026-07-22T17:20:15] METRIC latency_ms=13.0346
[2026-07-22T17:20:15] RUN_END status=OK
[2026-07-22T17:20:40] RUN_START run_id=BASE_Random_forest_099
[2026-07-22T17:20:40] PARAM method=Random_forest
[2026-07-22T17:20:40] METRIC mae_bytes=153.1
[2026-07-22T17:20:40] METRIC throughput_gbps=7.9207
[2026-07-22T17:20:40] METRIC latency_ms=12.8189
[2026-07-22T17:20:40] RUN_END status=OK
[2026-07-22T17:23:34] RUN_START run_id=BASE_Random_forest_100
[2026-07-22T17:23:34] PARAM method=Random_forest
[2026-07-22T17:23:34] METRIC mae_bytes=166.95
[2026-07-22T17:23:34] METRIC throughput_gbps=7.6571
[2026-07-22T17:23:34] METRIC latency_ms=12.3893
[2026-07-22T17:23:34] RUN_END status=OK
[2026-07-22T17:25:01] RUN_START run_id=BASE_Random_forest_101
[2026-07-22T17:25:01] PARAM method=Random_forest
[2026-07-22T17:25:01] METRIC mae_bytes=157.36
[2026-07-22T17:25:01] METRIC throughput_gbps=8.6595
[2026-07-22T17:25:01] METRIC latency_ms=13.5616
[2026-07-22T17:25:01] RUN_END status=OK
