[2026-08-10T22:50:26] TRACE_START run_id=68
[2026-08-10T22:50:26] SAMPLE t=0s phase=Stable adaptation=with_ML throughput_gbps=8.4255 latency_ms=66.126
[2026-08-10T22:50:27] SAMPLE t=1s phase=Stable adaptation=with_ML throughput_gbps=7.9319 latency_ms=66.9242
[2026-08-10T22:50:28] SAMPLE t=2s phase=Stable adaptation=with_ML throughput_gbps=7.4731 latency_ms=65.1883
[2026-08-10T22:50:29] SAMPLE t=3s phase=Stable adaptation=with_ML throughput_gbps=8.1382 latency_ms=65.1111
[2026-08-10T22:50:30] SAMPLE t=4s phase=Stable adaptation=with_ML throughput_gbps=8.0524 latency_ms=66.429
[2026-08-10T22:50:31] SAMPLE t=5s phase=Stable adaptation=with_ML throughput_gbps=8.0154 latency_ms=66.1838
[2026-08-10T22:50:32] SAMPLE t=6s phase=Stable adaptation=with_ML throughput_gbps=8.3576 latency_ms=63.9861
[2026-08-10T22:50:33] SAMPLE t=7s phase=Stable adaptation=with_ML throughput_gbps=8.0449 latency_ms=65.9597
[2026-08-10T22:50:34] SAMPLE t=8s phase=Stable adaptation=with_ML throughput_gbps=8.4835 latency_ms=66.8857
[2026-08-10T22:50:35] SAMPLE t=9s phase=Stable adaptation=with_ML throughput_gbps=8.2401 latency_ms=66.4091
[2026-08-10T22:50:36] SAMPLE t=10s phase=Stable adaptation=with_ML throughput_gbps=8.1385 latency_ms=65.6811
[2026-08-10T22:50:37] SAMPLE t=11s phase=Stable adaptation=with_ML throughput_gbps=8.0228 latency_ms=66.7195
[2026-08-10T22:50:38] SAMPLE t=12s phase=Stable adaptation=with_ML throughput_gbps=7.817 latency_ms=65.062
[2026-08-10T22:50:39] SAMPLE t=13s phase=Stable adaptation=with_ML throughput_gbps=8.1052 latency_ms=66.6701
[2026-08-10T22:50:40] SAMPLE t=14s phase=Stable adaptation=with_ML throughput_gbps=8.2156 latency_ms=63.4354
[2026-08-10T22:50:41] SAMPLE t=15s phase=Stable adaptation=with_ML throughput_gbps=8.0857 latency_ms=66.6299
[2026-08-10T22:50:42] SAMPLE t=16s phase=Stable adaptation=with_ML throughput_gbps=8.3691 latency_ms=66.6139
[2026-08-10T22:50:43] SAMPLE t=17s phase=Stable adaptation=with_ML throughput_gbps=8.3187 latency_ms=64.7612
[2026-08-10T22:50:44] SAMPLE t=18s phase=Stable adaptation=with_ML throughput_gbps=8.1546 latency_ms=64.6715
[2026-08-10T22:50:45] SAMPLE t=19s phase=Stable adaptation=with_ML throughput_gbps=8.1309 latency_ms=66.791
[2026-08-10T22:50:46] SAMPLE t=20s phase=Congestion adaptation=with_ML throughput_gbps=8.0869 latency_ms=66.2088
[2026-08-10T22:50:47] SAMPLE t=21s phase=Congestion adaptation=with_ML throughput_gbps=7.9864 latency_ms=65.6368
[2026-08-10T22:50:48] SAMPLE t=22s phase=Congestion adaptation=with_ML throughput_gbps=8.1191 latency_ms=65.3782
[2026-08-10T22:50:49] SAMPLE t=23s phase=Congestion adaptation=with_ML throughput_gbps=7.819 latency_ms=65.2994
[2026-08-10T22:50:50] SAMPLE t=24s phase=Congestion adaptation=with_ML throughput_gbps=8.1366 latency_ms=67.1588
[2026-08-10T22:50:51] SAMPLE t=25s phase=Congestion adaptation=with_ML throughput_gbps=8.2379 latency_ms=66.4517
[2026-08-10T22:50:52] SAMPLE t=26s phase=Congestion adaptation=with_ML throughput_gbps=7.9915 latency_ms=66.9467
[2026-08-10T22:50:53] SAMPLE t=27s phase=Congestion adaptation=with_ML throughput_gbps=8.2403 latency_ms=64.815
[2026-08-10T22:50:54] SAMPLE t=28s phase=Congestion adaptation=with_ML throughput_gbps=8.1413 latency_ms=64.2515
[2026-08-10T22:50:55] SAMPLE t=29s phase=Congestion adaptation=with_ML throughput_gbps=8.1853 latency_ms=65.5861
[2026-08-10T22:50:56] SAMPLE t=30s phase=Congestion adaptation=with_ML throughput_gbps=7.6234 latency_ms=66.5397
[2026-08-10T22:50:57] SAMPLE t=31s phase=Congestion adaptation=with_ML throughput_gbps=7.7709 latency_ms=65.1639
[2026-08-10T22:50:58] SAMPLE t=32s phase=Congestion adaptation=with_ML throughput_gbps=8.0004 latency_ms=68.5458
[2026-08-10T22:50:59] SAMPLE t=33s phase=Congestion adaptation=with_ML throughput_gbps=8.0222 latency_ms=64.416
[2026-08-10T22:51:00] SAMPLE t=34s phase=Congestion adaptation=with_ML throughput_gbps=8.2571 latency_ms=65.9191
[2026-08-10T22:51:01] SAMPLE t=35s phase=Congestion adaptation=with_ML throughput_gbps=8.2158 latency_ms=66.3623
[2026-08-10T22:51:02] SAMPLE t=36s phase=Congestion adaptation=with_ML throughput_gbps=8.2991 latency_ms=66.7368
[2026-08-10T22:51:03] SAMPLE t=37s phase=Congestion adaptation=with_ML throughput_gbps=7.7989 latency_ms=67.3273
[2026-08-10T22:51:04] SAMPLE t=38s phase=Congestion adaptation=with_ML throughput_gbps=8.4107 latency_ms=65.6705
[2026-08-10T22:51:05] SAMPLE t=39s phase=Congestion adaptation=with_ML throughput_gbps=8.0209 latency_ms=65.9231
[2026-08-10T22:51:06] SAMPLE t=40s phase=Path_change adaptation=with_ML throughput_gbps=8.022 latency_ms=66.3831
[2026-08-10T22:51:07] SAMPLE t=41s phase=Path_change adaptation=with_ML throughput_gbps=8.0074 latency_ms=66.4593
[2026-08-10T22:51:08] SAMPLE t=42s phase=Path_change adaptation=with_ML throughput_gbps=7.4557 latency_ms=66.6178
[2026-08-10T22:51:09] SAMPLE t=43s phase=Path_change adaptation=with_ML throughput_gbps=7.618 latency_ms=67.3497
[2026-08-10T22:51:10] SAMPLE t=44s phase=Path_change adaptation=with_ML throughput_gbps=7.3335 latency_ms=68.6235
[2026-08-10T22:51:11] SAMPLE t=45s phase=Path_change adaptation=with_ML throughput_gbps=7.3793 latency_ms=69.093
[2026-08-10T22:51:12] SAMPLE t=46s phase=Path_change adaptation=with_ML throughput_gbps=7.4639 latency_ms=68.1283
[2026-08-10T22:51:13] SAMPLE t=47s phase=Path_change adaptation=with_ML throughput_gbps=7.103 latency_ms=69.7533
[2026-08-10T22:51:14] SAMPLE t=48s phase=Path_change adaptation=with_ML throughput_gbps=7.1959 latency_ms=69.2924
[2026-08-10T22:51:15] SAMPLE t=49s phase=Path_change adaptation=with_ML throughput_gbps=7.3681 latency_ms=66.477
[2026-08-10T22:51:16] SAMPLE t=50s phase=Path_change adaptation=with_ML throughput_gbps=7.0508 latency_ms=70.2389
[2026-08-10T22:51:17] SAMPLE t=51s phase=Path_change adaptation=with_ML throughput_gbps=7.2191 latency_ms=68.7503
[2026-08-10T22:51:18] SAMPLE t=52s phase=Path_change adaptation=with_ML throughput_gbps=7.163 latency_ms=69.2676
[2026-08-10T22:51:19] SAMPLE t=53s phase=Path_change adaptation=with_ML throughput_gbps=7.1865 latency_ms=68.2569
[2026-08-10T22:51:20] SAMPLE t=54s phase=Path_change adaptation=with_ML throughput_gbps=7.6767 latency_ms=68.5335
[2026-08-10T22:51:21] SAMPLE t=55s phase=Path_change adaptation=with_ML throughput_gbps=7.6332 latency_ms=66.4407
[2026-08-10T22:51:22] SAMPLE t=56s phase=Path_change adaptation=with_ML throughput_gbps=7.7255 latency_ms=67.8074
[2026-08-10T22:51:23] SAMPLE t=57s phase=Path_change adaptation=with_ML throughput_gbps=7.6689 latency_ms=69.7549
[2026-08-10T22:51:24] SAMPLE t=58s phase=Path_change adaptation=with_ML throughput_gbps=8.0235 latency_ms=65.7029
[2026-08-10T22:51:25] SAMPLE t=59s phase=Path_change adaptation=with_ML throughput_gbps=8.0097 latency_ms=67.6989
[2026-08-10T22:51:26] SAMPLE t=60s phase=Loss_spike adaptation=with_ML throughput_gbps=7.2964 latency_ms=68.8051
[2026-08-10T22:51:27] SAMPLE t=61s phase=Loss_spike adaptation=with_ML throughput_gbps=8.4618 latency_ms=71.6926
[2026-08-10T22:51:28] SAMPLE t=62s phase=Loss_spike adaptation=with_ML throughput_gbps=8.0814 latency_ms=69.8468
[2026-08-10T22:51:29] SAMPLE t=63s phase=Loss_spike adaptation=with_ML throughput_gbps=6.5076 latency_ms=70.8382
[2026-08-10T22:51:30] SAMPLE t=64s phase=Loss_spike adaptation=with_ML throughput_gbps=6.1635 latency_ms=72.0655
[2026-08-10T22:51:31] SAMPLE t=65s phase=Loss_spike adaptation=with_ML throughput_gbps=7.2301 latency_ms=67.6499
[2026-08-10T22:51:32] SAMPLE t=66s phase=Loss_spike adaptation=with_ML throughput_gbps=8.5749 latency_ms=68.8174
[2026-08-10T22:51:33] SAMPLE t=67s phase=Loss_spike adaptation=with_ML throughput_gbps=7.5653 latency_ms=71.2535
[2026-08-10T22:51:34] SAMPLE t=68s phase=Loss_spike adaptation=with_ML throughput_gbps=6.8842 latency_ms=70.1105
[2026-08-10T22:51:35] SAMPLE t=69s phase=Loss_spike adaptation=with_ML throughput_gbps=6.4586 latency_ms=72.1572
[2026-08-10T22:51:36] SAMPLE t=70s phase=Loss_spike adaptation=with_ML throughput_gbps=7.4381 latency_ms=67.8832
[2026-08-10T22:51:37] SAMPLE t=71s phase=Loss_spike adaptation=with_ML throughput_gbps=8.5067 latency_ms=71.9657
[2026-08-10T22:51:38] SAMPLE t=72s phase=Loss_spike adaptation=with_ML throughput_gbps=7.9789 latency_ms=70.3368
[2026-08-10T22:51:39] SAMPLE t=73s phase=Loss_spike adaptation=with_ML throughput_gbps=6.8051 latency_ms=70.9627
[2026-08-10T22:51:40] SAMPLE t=74s phase=Loss_spike adaptation=with_ML throughput_gbps=6.3317 latency_ms=70.8599
[2026-08-10T22:51:41] SAMPLE t=75s phase=Loss_spike adaptation=with_ML throughput_gbps=7.3047 latency_ms=68.8125
[2026-08-10T22:51:42] SAMPLE t=76s phase=Loss_spike adaptation=with_ML throughput_gbps=8.2446 latency_ms=70.4814
[2026-08-10T22:51:43] SAMPLE t=77s phase=Loss_spike adaptation=with_ML throughput_gbps=7.9604 latency_ms=68.9901
[2026-08-10T22:51:44] SAMPLE t=78s phase=Loss_spike adaptation=with_ML throughput_gbps=6.7185 latency_ms=68.261
[2026-08-10T22:51:45] SAMPLE t=79s phase=Loss_spike adaptation=with_ML throughput_gbps=6.1976 latency_ms=71.3151
[2026-08-10T22:51:46] SAMPLE t=80s phase=Recovery adaptation=with_ML throughput_gbps=8.2369 latency_ms=65.5473
[2026-08-10T22:51:47] SAMPLE t=81s phase=Recovery adaptation=with_ML throughput_gbps=8.391 latency_ms=65.6416
[2026-08-10T22:51:48] SAMPLE t=82s phase=Recovery adaptation=with_ML throughput_gbps=8.0044 latency_ms=67.7194
[2026-08-10T22:51:49] SAMPLE t=83s phase=Recovery adaptation=with_ML throughput_gbps=8.6641 latency_ms=64.1963
[2026-08-10T22:51:50] SAMPLE t=84s phase=Recovery adaptation=with_ML throughput_gbps=8.0717 latency_ms=64.8132
[2026-08-10T22:51:51] SAMPLE t=85s phase=Recovery adaptation=with_ML throughput_gbps=7.9424 latency_ms=65.1709
[2026-08-10T22:51:52] SAMPLE t=86s phase=Recovery adaptation=with_ML throughput_gbps=8.0555 latency_ms=65.8587
[2026-08-10T22:51:53] SAMPLE t=87s phase=Recovery adaptation=with_ML throughput_gbps=8.3824 latency_ms=65.0831
[2026-08-10T22:51:54] SAMPLE t=88s phase=Recovery adaptation=with_ML throughput_gbps=8.27 latency_ms=65.1438
[2026-08-10T22:51:55] SAMPLE t=89s phase=Recovery adaptation=with_ML throughput_gbps=8.5785 latency_ms=65.0111
[2026-08-10T22:51:56] SAMPLE t=90s phase=Recovery adaptation=with_ML throughput_gbps=8.6245 latency_ms=64.1621
[2026-08-10T22:51:57] SAMPLE t=91s phase=Recovery adaptation=with_ML throughput_gbps=8.3862 latency_ms=63.4723
[2026-08-10T22:51:58] SAMPLE t=92s phase=Recovery adaptation=with_ML throughput_gbps=8.3032 latency_ms=65.0188
[2026-08-10T22:51:59] SAMPLE t=93s phase=Recovery adaptation=with_ML throughput_gbps=8.8475 latency_ms=65.896
[2026-08-10T22:52:00] SAMPLE t=94s phase=Recovery adaptation=with_ML throughput_gbps=8.1076 latency_ms=64.2521
[2026-08-10T22:52:01] SAMPLE t=95s phase=Recovery adaptation=with_ML throughput_gbps=8.3691 latency_ms=65.787
[2026-08-10T22:52:02] SAMPLE t=96s phase=Recovery adaptation=with_ML throughput_gbps=8.4188 latency_ms=65.7874
[2026-08-10T22:52:03] SAMPLE t=97s phase=Recovery adaptation=with_ML throughput_gbps=8.4955 latency_ms=65.4464
[2026-08-10T22:52:04] SAMPLE t=98s phase=Recovery adaptation=with_ML throughput_gbps=8.1515 latency_ms=65.7933
[2026-08-10T22:52:05] SAMPLE t=99s phase=Recovery adaptation=with_ML throughput_gbps=8.2274 latency_ms=64.8709
[2026-08-10T22:50:26] SAMPLE t=0s phase=Stable adaptation=without_ML throughput_gbps=8.0351 latency_ms=64.7803
[2026-08-10T22:50:27] SAMPLE t=1s phase=Stable adaptation=without_ML throughput_gbps=8.2973 latency_ms=66.0044
[2026-08-10T22:50:28] SAMPLE t=2s phase=Stable adaptation=without_ML throughput_gbps=8.1863 latency_ms=68.029
[2026-08-10T22:50:29] SAMPLE t=3s phase=Stable adaptation=without_ML throughput_gbps=7.6982 latency_ms=64.3043
[2026-08-10T22:50:30] SAMPLE t=4s phase=Stable adaptation=without_ML throughput_gbps=7.9214 latency_ms=64.3442
[2026-08-10T22:50:31] SAMPLE t=5s phase=Stable adaptation=without_ML throughput_gbps=8.2018 latency_ms=65.0966
[2026-08-10T22:50:32] SAMPLE t=6s phase=Stable adaptation=without_ML throughput_gbps=8.0424 latency_ms=66.9286
[2026-08-10T22:50:33] SAMPLE t=7s phase=Stable adaptation=without_ML throughput_gbps=7.9455 latency_ms=63.9186
[2026-08-10T22:50:34] SAMPLE t=8s phase=Stable adaptation=without_ML throughput_gbps=8.2236 latency_ms=65.6345
[2026-08-10T22:50:35] SAMPLE t=9s phase=Stable adaptation=without_ML throughput_gbps=8.4481 latency_ms=64.1076
[2026-08-10T22:50:36] SAMPLE t=10s phase=Stable adaptation=without_ML throughput_gbps=7.5038 latency_ms=65.158
[2026-08-10T22:50:37] SAMPLE t=11s phase=Stable adaptation=without_ML throughput_gbps=8.0712 latency_ms=65.588
[2026-08-10T22:50:38] SAMPLE t=12s phase=Stable adaptation=without_ML throughput_gbps=6.9954 latency_ms=69.243
[2026-08-10T22:50:39] SAMPLE t=13s phase=Stable adaptation=without_ML throughput_gbps=7.8039 latency_ms=68.605
[2026-08-10T22:50:40] SAMPLE t=14s phase=Stable adaptation=without_ML throughput_gbps=7.9864 latency_ms=63.7069
[2026-08-10T22:50:41] SAMPLE t=15s phase=Stable adaptation=without_ML throughput_gbps=8.0994 latency_ms=63.4455
[2026-08-10T22:50:42] SAMPLE t=16s phase=Stable adaptation=without_ML throughput_gbps=8.2593 latency_ms=65.762
[2026-08-10T22:50:43] SAMPLE t=17s phase=Stable adaptation=without_ML throughput_gbps=8.0831 latency_ms=65.0395
[2026-08-10T22:50:44] SAMPLE t=18s phase=Stable adaptation=without_ML throughput_gbps=8.4687 latency_ms=67.3404
[2026-08-10T22:50:45] SAMPLE t=19s phase=Stable adaptation=without_ML throughput_gbps=8.0154 latency_ms=68.5387
[2026-08-10T22:50:46] SAMPLE t=20s phase=Congestion adaptation=without_ML throughput_gbps=8.1191 latency_ms=66.3277
[2026-08-10T22:50:47] SAMPLE t=21s phase=Congestion adaptation=without_ML throughput_gbps=8.3943 latency_ms=65.7334
[2026-08-10T22:50:48] SAMPLE t=22s phase=Congestion adaptation=without_ML throughput_gbps=7.8269 latency_ms=66.942
[2026-08-10T22:50:49] SAMPLE t=23s phase=Congestion adaptation=without_ML throughput_gbps=7.8844 latency_ms=65.1469
[2026-08-10T22:50:50] SAMPLE t=24s phase=Congestion adaptation=without_ML throughput_gbps=7.5842 latency_ms=64.8398
[2026-08-10T22:50:51] SAMPLE t=25s phase=Congestion adaptation=without_ML throughput_gbps=7.8674 latency_ms=66.6417
[2026-08-10T22:50:52] SAMPLE t=26s phase=Congestion adaptation=without_ML throughput_gbps=7.6999 latency_ms=68.0875
[2026-08-10T22:50:53] SAMPLE t=27s phase=Congestion adaptation=without_ML throughput_gbps=7.7594 latency_ms=65.002
[2026-08-10T22:50:54] SAMPLE t=28s phase=Congestion adaptation=without_ML throughput_gbps=7.8922 latency_ms=65.2128
[2026-08-10T22:50:55] SAMPLE t=29s phase=Congestion adaptation=without_ML throughput_gbps=7.8796 latency_ms=63.594
[2026-08-10T22:50:56] SAMPLE t=30s phase=Congestion adaptation=without_ML throughput_gbps=7.9129 latency_ms=64.3997
[2026-08-10T22:50:57] SAMPLE t=31s phase=Congestion adaptation=without_ML throughput_gbps=7.9399 latency_ms=64.9616
[2026-08-10T22:50:58] SAMPLE t=32s phase=Congestion adaptation=without_ML throughput_gbps=7.8531 latency_ms=66.7874
[2026-08-10T22:50:59] SAMPLE t=33s phase=Congestion adaptation=without_ML throughput_gbps=8.0465 latency_ms=63.7925
[2026-08-10T22:51:00] SAMPLE t=34s phase=Congestion adaptation=without_ML throughput_gbps=8.0654 latency_ms=67.2922
[2026-08-10T22:51:01] SAMPLE t=35s phase=Congestion adaptation=without_ML throughput_gbps=7.7603 latency_ms=65.5622
[2026-08-10T22:51:02] SAMPLE t=36s phase=Congestion adaptation=without_ML throughput_gbps=8.0376 latency_ms=67.5289
[2026-08-10T22:51:03] SAMPLE t=37s phase=Congestion adaptation=without_ML throughput_gbps=8.1837 latency_ms=63.7618
[2026-08-10T22:51:04] SAMPLE t=38s phase=Congestion adaptation=without_ML throughput_gbps=7.5566 latency_ms=67.5108
[2026-08-10T22:51:05] SAMPLE t=39s phase=Congestion adaptation=without_ML throughput_gbps=7.7715 latency_ms=66.8452
[2026-08-10T22:51:06] SAMPLE t=40s phase=Path_change adaptation=without_ML throughput_gbps=7.9304 latency_ms=66.7882
[2026-08-10T22:51:07] SAMPLE t=41s phase=Path_change adaptation=without_ML throughput_gbps=7.9903 latency_ms=66.2082
[2026-08-10T22:51:08] SAMPLE t=42s phase=Path_change adaptation=without_ML throughput_gbps=7.573 latency_ms=67.1082
[2026-08-10T22:51:09] SAMPLE t=43s phase=Path_change adaptation=without_ML throughput_gbps=7.2068 latency_ms=70.5783
[2026-08-10T22:51:10] SAMPLE t=44s phase=Path_change adaptation=without_ML throughput_gbps=6.8895 latency_ms=73.2738
[2026-08-10T22:51:11] SAMPLE t=45s phase=Path_change adaptation=without_ML throughput_gbps=6.2659 latency_ms=69.7357
[2026-08-10T22:51:12] SAMPLE t=46s phase=Path_change adaptation=without_ML throughput_gbps=6.0631 latency_ms=73.5372
[2026-08-10T22:51:13] SAMPLE t=47s phase=Path_change adaptation=without_ML throughput_gbps=6.0306 latency_ms=74.4545
[2026-08-10T22:51:14] SAMPLE t=48s phase=Path_change adaptation=without_ML throughput_gbps=5.6009 latency_ms=72.0125
[2026-08-10T22:51:15] SAMPLE t=49s phase=Path_change adaptation=without_ML throughput_gbps=5.5964 latency_ms=74.9943
[2026-08-10T22:51:16] SAMPLE t=50s phase=Path_change adaptation=without_ML throughput_gbps=5.6642 latency_ms=73.6965
[2026-08-10T22:51:17] SAMPLE t=51s phase=Path_change adaptation=without_ML throughput_gbps=5.8386 latency_ms=71.6661
[2026-08-10T22:51:18] SAMPLE t=52s phase=Path_change adaptation=without_ML throughput_gbps=5.6589 latency_ms=71.1154
[2026-08-10T22:51:19] SAMPLE t=53s phase=Path_change adaptation=without_ML throughput_gbps=5.9428 latency_ms=72.1519
[2026-08-10T22:51:20] SAMPLE t=54s phase=Path_change adaptation=without_ML throughput_gbps=6.0701 latency_ms=73.3753
[2026-08-10T22:51:21] SAMPLE t=55s phase=Path_change adaptation=without_ML throughput_gbps=6.1101 latency_ms=70.5372
[2026-08-10T22:51:22] SAMPLE t=56s phase=Path_change adaptation=without_ML throughput_gbps=6.9421 latency_ms=69.7434
[2026-08-10T22:51:23] SAMPLE t=57s phase=Path_change adaptation=without_ML throughput_gbps=7.2541 latency_ms=66.6867
[2026-08-10T22:51:24] SAMPLE t=58s phase=Path_change adaptation=without_ML throughput_gbps=7.4523 latency_ms=68.8971
[2026-08-10T22:51:25] SAMPLE t=59s phase=Path_change adaptation=without_ML throughput_gbps=7.7721 latency_ms=67.275
[2026-08-10T22:51:26] SAMPLE t=60s phase=Loss_spike adaptation=without_ML throughput_gbps=6.2615 latency_ms=69.9788
[2026-08-10T22:51:27] SAMPLE t=61s phase=Loss_spike adaptation=without_ML throughput_gbps=8.0988 latency_ms=77.8291
[2026-08-10T22:51:28] SAMPLE t=62s phase=Loss_spike adaptation=without_ML throughput_gbps=7.6524 latency_ms=78.1461
[2026-08-10T22:51:29] SAMPLE t=63s phase=Loss_spike adaptation=without_ML throughput_gbps=4.8586 latency_ms=73.9515
[2026-08-10T22:51:30] SAMPLE t=64s phase=Loss_spike adaptation=without_ML throughput_gbps=4.0253 latency_ms=78.0877
[2026-08-10T22:51:31] SAMPLE t=65s phase=Loss_spike adaptation=without_ML throughput_gbps=6.4658 latency_ms=70.6191
[2026-08-10T22:51:32] SAMPLE t=66s phase=Loss_spike adaptation=without_ML throughput_gbps=8.8549 latency_ms=79.6052
[2026-08-10T22:51:33] SAMPLE t=67s phase=Loss_spike adaptation=without_ML throughput_gbps=7.5804 latency_ms=75.5029
[2026-08-10T22:51:34] SAMPLE t=68s phase=Loss_spike adaptation=without_ML throughput_gbps=4.8687 latency_ms=77.8815
[2026-08-10T22:51:35] SAMPLE t=69s phase=Loss_spike adaptation=without_ML throughput_gbps=3.9751 latency_ms=77.7372
[2026-08-10T22:51:36] SAMPLE t=70s phase=Loss_spike adaptation=without_ML throughput_gbps=6.3902 latency_ms=69.7296
[2026-08-10T22:51:37] SAMPLE t=71s phase=Loss_spike adaptation=without_ML throughput_gbps=8.4776 latency_ms=80.7987
[2026-08-10T22:51:38] SAMPLE t=72s phase=Loss_spike adaptation=without_ML throughput_gbps=7.767 latency_ms=74.4897
[2026-08-10T22:51:39] SAMPLE t=73s phase=Loss_spike adaptation=without_ML throughput_gbps=4.8853 latency_ms=76.3236
[2026-08-10T22:51:40] SAMPLE t=74s phase=Loss_spike adaptation=without_ML throughput_gbps=3.8401 latency_ms=79.9807
[2026-08-10T22:51:41] SAMPLE t=75s phase=Loss_spike adaptation=without_ML throughput_gbps=6.2676 latency_ms=67.584
[2026-08-10T22:51:42] SAMPLE t=76s phase=Loss_spike adaptation=without_ML throughput_gbps=8.4334 latency_ms=77.9554
[2026-08-10T22:51:43] SAMPLE t=77s phase=Loss_spike adaptation=without_ML throughput_gbps=7.4218 latency_ms=76.7027
[2026-08-10T22:51:44] SAMPLE t=78s phase=Loss_spike adaptation=without_ML throughput_gbps=4.9741 latency_ms=76.1618
[2026-08-10T22:51:45] SAMPLE t=79s phase=Loss_spike adaptation=without_ML throughput_gbps=4.2634 latency_ms=83.0683
[2026-08-10T22:51:46] SAMPLE t=80s phase=Recovery adaptation=without_ML throughput_gbps=8.1438 latency_ms=64.0023
[2026-08-10T22:51:47] SAMPLE t=81s phase=Recovery adaptation=without_ML throughput_gbps=7.8924 latency_ms=68.3242
[2026-08-10T22:51:48] SAMPLE t=82s phase=Recovery adaptation=without_ML throughput_gbps=7.5404 latency_ms=67.6151
[2026-08-10T22:51:49] SAMPLE t=83s phase=Recovery adaptation=without_ML throughput_gbps=8.3355 latency_ms=67.4268
[2026-08-10T22:51:50] SAMPLE t=84s phase=Recovery adaptation=without_ML throughput_gbps=8.0331 latency_ms=66.8261
[2026-08-10T22:51:51] SAMPLE t=85s phase=Recovery adaptation=without_ML throughput_gbps=7.6578 latency_ms=68.402
[2026-08-10T22:51:52] SAMPLE t=86s phase=Recovery adaptation=without_ML throughput_gbps=7.9535 latency_ms=64.4557
[2026-08-10T22:51:53] SAMPLE t=87s phase=Recovery adaptation=without_ML throughput_gbps=7.9259 latency_ms=65.4525
[2026-08-10T22:51:54] SAMPLE t=88s phase=Recovery adaptation=without_ML throughput_gbps=7.9128 latency_ms=66.3779
[2026-08-10T22:51:55] SAMPLE t=89s phase=Recovery adaptation=without_ML throughput_gbps=7.7263 latency_ms=66.2958
[2026-08-10T22:51:56] SAMPLE t=90s phase=Recovery adaptation=without_ML throughput_gbps=7.913 latency_ms=66.822
[2026-08-10T22:51:57] SAMPLE t=91s phase=Recovery adaptation=without_ML throughput_gbps=7.8725 latency_ms=64.7046
[2026-08-10T22:51:58] SAMPLE t=92s phase=Recovery adaptation=without_ML throughput_gbps=8.0753 latency_ms=65.4727
[2026-08-10T22:51:59] SAMPLE t=93s phase=Recovery adaptation=without_ML throughput_gbps=7.6235 latency_ms=67.2708
[2026-08-10T22:52:00] SAMPLE t=94s phase=Recovery adaptation=without_ML throughput_gbps=8.101 latency_ms=68.1363
[2026-08-10T22:52:01] SAMPLE t=95s phase=Recovery adaptation=without_ML throughput_gbps=7.8883 latency_ms=65.8141
[2026-08-10T22:52:02] SAMPLE t=96s phase=Recovery adaptation=without_ML throughput_gbps=8.0648 latency_ms=63.2673
[2026-08-10T22:52:03] SAMPLE t=97s phase=Recovery adaptation=without_ML throughput_gbps=8.1688 latency_ms=64.5558
[2026-08-10T22:52:04] SAMPLE t=98s phase=Recovery adaptation=without_ML throughput_gbps=8.3258 latency_ms=64.6639
[2026-08-10T22:52:05] SAMPLE t=99s phase=Recovery adaptation=without_ML throughput_gbps=7.832 latency_ms=65.8402
[2026-08-10T22:50:26] TRACE_END run_id=68 status=OK
[2026-08-11T08:14:27] TRACE_START run_id=69
[2026-08-11T08:14:27] SAMPLE t=0s phase=Stable adaptation=with_ML throughput_gbps=8.3702 latency_ms=65.2816
[2026-08-11T08:14:28] SAMPLE t=1s phase=Stable adaptation=with_ML throughput_gbps=7.9103 latency_ms=68.2219
[2026-08-11T08:14:29] SAMPLE t=2s phase=Stable adaptation=with_ML throughput_gbps=7.7291 latency_ms=69.8367
[2026-08-11T08:14:30] SAMPLE t=3s phase=Stable adaptation=with_ML throughput_gbps=8.2952 latency_ms=64.6941
[2026-08-11T08:14:31] SAMPLE t=4s phase=Stable adaptation=with_ML throughput_gbps=7.9822 latency_ms=66.7285
[2026-08-11T08:14:32] SAMPLE t=5s phase=Stable adaptation=with_ML throughput_gbps=7.934 latency_ms=68.2286
[2026-08-11T08:14:33] SAMPLE t=6s phase=Stable adaptation=with_ML throughput_gbps=8.283 latency_ms=67.859
[2026-08-11T08:14:34] SAMPLE t=7s phase=Stable adaptation=with_ML throughput_gbps=8.1889 latency_ms=66.2091
[2026-08-11T08:14:35] SAMPLE t=8s phase=Stable adaptation=with_ML throughput_gbps=8.1495 latency_ms=65.8064
[2026-08-11T08:14:36] SAMPLE t=9s phase=Stable adaptation=with_ML throughput_gbps=8.3396 latency_ms=68.3683
[2026-08-11T08:14:37] SAMPLE t=10s phase=Stable adaptation=with_ML throughput_gbps=8.1037 latency_ms=66.4047
[2026-08-11T08:14:38] SAMPLE t=11s phase=Stable adaptation=with_ML throughput_gbps=7.9751 latency_ms=66.1054
[2026-08-11T08:14:39] SAMPLE t=12s phase=Stable adaptation=with_ML throughput_gbps=7.9902 latency_ms=66.3462
[2026-08-11T08:14:40] SAMPLE t=13s phase=Stable adaptation=with_ML throughput_gbps=8.0669 latency_ms=69.4727
[2026-08-11T08:14:41] SAMPLE t=14s phase=Stable adaptation=with_ML throughput_gbps=7.7252 latency_ms=67.004
[2026-08-11T08:14:42] SAMPLE t=15s phase=Stable adaptation=with_ML throughput_gbps=8.449 latency_ms=65.8176
[2026-08-11T08:14:43] SAMPLE t=16s phase=Stable adaptation=with_ML throughput_gbps=8.0927 latency_ms=67.0468
[2026-08-11T08:14:44] SAMPLE t=17s phase=Stable adaptation=with_ML throughput_gbps=8.2091 latency_ms=64.1795
[2026-08-11T08:14:45] SAMPLE t=18s phase=Stable adaptation=with_ML throughput_gbps=8.3712 latency_ms=67.5002
[2026-08-11T08:14:46] SAMPLE t=19s phase=Stable adaptation=with_ML throughput_gbps=8.1397 latency_ms=65.7805
[2026-08-11T08:14:47] SAMPLE t=20s phase=Congestion adaptation=with_ML throughput_gbps=7.9511 latency_ms=65.5782
[2026-08-11T08:14:48] SAMPLE t=21s phase=Congestion adaptation=with_ML throughput_gbps=7.7986 latency_ms=65.7519
[2026-08-11T08:14:49] SAMPLE t=22s phase=Congestion adaptation=with_ML throughput_gbps=7.8779 latency_ms=65.3372
[2026-08-11T08:14:50] SAMPLE t=23s phase=Congestion adaptation=with_ML throughput_gbps=8.0996 latency_ms=65.3225
[2026-08-11T08:14:51] SAMPLE t=24s phase=Congestion adaptation=with_ML throughput_gbps=8.0766 latency_ms=67.5773
[2026-08-11T08:14:52] SAMPLE t=25s phase=Congestion adaptation=with_ML throughput_gbps=8.1865 latency_ms=66.7941
[2026-08-11T08:14:53] SAMPLE t=26s phase=Congestion adaptation=with_ML throughput_gbps=8.4228 latency_ms=66.31
[2026-08-11T08:14:54] SAMPLE t=27s phase=Congestion adaptation=with_ML throughput_gbps=8.3387 latency_ms=67.5947
[2026-08-11T08:14:55] SAMPLE t=28s phase=Congestion adaptation=with_ML throughput_gbps=8.0375 latency_ms=66.8702
[2026-08-11T08:14:56] SAMPLE t=29s phase=Congestion adaptation=with_ML throughput_gbps=8.4199 latency_ms=65.5521
[2026-08-11T08:14:57] SAMPLE t=30s phase=Congestion adaptation=with_ML throughput_gbps=8.1835 latency_ms=67.6809
[2026-08-11T08:14:58] SAMPLE t=31s phase=Congestion adaptation=with_ML throughput_gbps=8.2558 latency_ms=66.0506
[2026-08-11T08:14:59] SAMPLE t=32s phase=Congestion adaptation=with_ML throughput_gbps=8.191 latency_ms=64.2781
[2026-08-11T08:15:00] SAMPLE t=33s phase=Congestion adaptation=with_ML throughput_gbps=8.2849 latency_ms=66.8728
[2026-08-11T08:15:01] SAMPLE t=34s phase=Congestion adaptation=with_ML throughput_gbps=8.0572 latency_ms=67.3008
[2026-08-11T08:15:02] SAMPLE t=35s phase=Congestion adaptation=with_ML throughput_gbps=8.623 latency_ms=67.0681
[2026-08-11T08:15:03] SAMPLE t=36s phase=Congestion adaptation=with_ML throughput_gbps=8.4299 latency_ms=66.1397
[2026-08-11T08:15:04] SAMPLE t=37s phase=Congestion adaptation=with_ML throughput_gbps=8.0448 latency_ms=65.5573
[2026-08-11T08:15:05] SAMPLE t=38s phase=Congestion adaptation=with_ML throughput_gbps=8.3324 latency_ms=67.478
[2026-08-11T08:15:06] SAMPLE t=39s phase=Congestion adaptation=with_ML throughput_gbps=8.0617 latency_ms=68.0701
[2026-08-11T08:15:07] SAMPLE t=40s phase=Path_change adaptation=with_ML throughput_gbps=7.9346 latency_ms=65.1242
[2026-08-11T08:15:08] SAMPLE t=41s phase=Path_change adaptation=with_ML throughput_gbps=7.63 latency_ms=67.2805
[2026-08-11T08:15:09] SAMPLE t=42s phase=Path_change adaptation=with_ML throughput_gbps=7.7741 latency_ms=65.9695
[2026-08-11T08:15:10] SAMPLE t=43s phase=Path_change adaptation=with_ML throughput_gbps=7.878 latency_ms=67.8494
[2026-08-11T08:15:11] SAMPLE t=44s phase=Path_change adaptation=with_ML throughput_gbps=7.5598 latency_ms=67.9459
[2026-08-11T08:15:12] SAMPLE t=45s phase=Path_change adaptation=with_ML throughput_gbps=7.108 latency_ms=66.9662
[2026-08-11T08:15:13] SAMPLE t=46s phase=Path_change adaptation=with_ML throughput_gbps=7.5154 latency_ms=67.7105
[2026-08-11T08:15:14] SAMPLE t=47s phase=Path_change adaptation=with_ML throughput_gbps=7.242 latency_ms=67.2656
[2026-08-11T08:15:15] SAMPLE t=48s phase=Path_change adaptation=with_ML throughput_gbps=7.4144 latency_ms=68.47
[2026-08-11T08:15:16] SAMPLE t=49s phase=Path_change adaptation=with_ML throughput_gbps=7.2756 latency_ms=67.7808
[2026-08-11T08:15:17] SAMPLE t=50s phase=Path_change adaptation=with_ML throughput_gbps=7.4481 latency_ms=68.5993
[2026-08-11T08:15:18] SAMPLE t=51s phase=Path_change adaptation=with_ML throughput_gbps=7.4867 latency_ms=68.0087
[2026-08-11T08:15:19] SAMPLE t=52s phase=Path_change adaptation=with_ML throughput_gbps=7.1505 latency_ms=67.3224
[2026-08-11T08:15:20] SAMPLE t=53s phase=Path_change adaptation=with_ML throughput_gbps=7.4013 latency_ms=66.2573
[2026-08-11T08:15:21] SAMPLE t=54s phase=Path_change adaptation=with_ML throughput_gbps=7.6014 latency_ms=68.3215
[2026-08-11T08:15:22] SAMPLE t=55s phase=Path_change adaptation=with_ML throughput_gbps=7.5337 latency_ms=68.6348
[2026-08-11T08:15:23] SAMPLE t=56s phase=Path_change adaptation=with_ML throughput_gbps=7.5749 latency_ms=68.714
[2026-08-11T08:15:24] SAMPLE t=57s phase=Path_change adaptation=with_ML throughput_gbps=7.3629 latency_ms=65.9609
[2026-08-11T08:15:25] SAMPLE t=58s phase=Path_change adaptation=with_ML throughput_gbps=7.7052 latency_ms=67.2469
[2026-08-11T08:15:26] SAMPLE t=59s phase=Path_change adaptation=with_ML throughput_gbps=7.8301 latency_ms=66.8672
[2026-08-11T08:15:27] SAMPLE t=60s phase=Loss_spike adaptation=with_ML throughput_gbps=7.4215 latency_ms=67.7904
[2026-08-11T08:15:28] SAMPLE t=61s phase=Loss_spike adaptation=with_ML throughput_gbps=8.3909 latency_ms=68.9187
[2026-08-11T08:15:29] SAMPLE t=62s phase=Loss_spike adaptation=with_ML throughput_gbps=8.1379 latency_ms=70.1998
[2026-08-11T08:15:30] SAMPLE t=63s phase=Loss_spike adaptation=with_ML throughput_gbps=6.5552 latency_ms=72.8912
[2026-08-11T08:15:31] SAMPLE t=64s phase=Loss_spike adaptation=with_ML throughput_gbps=6.2057 latency_ms=69.1545
[2026-08-11T08:15:32] SAMPLE t=65s phase=Loss_spike adaptation=with_ML throughput_gbps=7.4994 latency_ms=68.8004
[2026-08-11T08:15:33] SAMPLE t=66s phase=Loss_spike adaptation=with_ML throughput_gbps=8.3677 latency_ms=70.959
[2026-08-11T08:15:34] SAMPLE t=67s phase=Loss_spike adaptation=with_ML throughput_gbps=7.9603 latency_ms=71.4181
[2026-08-11T08:15:35] SAMPLE t=68s phase=Loss_spike adaptation=with_ML throughput_gbps=6.5248 latency_ms=70.6621
[2026-08-11T08:15:36] SAMPLE t=69s phase=Loss_spike adaptation=with_ML throughput_gbps=6.2683 latency_ms=70.1422
[2026-08-11T08:15:37] SAMPLE t=70s phase=Loss_spike adaptation=with_ML throughput_gbps=7.5716 latency_ms=67.7398
[2026-08-11T08:15:38] SAMPLE t=71s phase=Loss_spike adaptation=with_ML throughput_gbps=8.3207 latency_ms=72.5142
[2026-08-11T08:15:39] SAMPLE t=72s phase=Loss_spike adaptation=with_ML throughput_gbps=8.0228 latency_ms=69.4055
[2026-08-11T08:15:40] SAMPLE t=73s phase=Loss_spike adaptation=with_ML throughput_gbps=6.5853 latency_ms=72.2205
[2026-08-11T08:15:41] SAMPLE t=74s phase=Loss_spike adaptation=with_ML throughput_gbps=6.0137 latency_ms=71.8033
[2026-08-11T08:15:42] SAMPLE t=75s phase=Loss_spike adaptation=with_ML throughput_gbps=7.0551 latency_ms=67.7025
[2026-08-11T08:15:43] SAMPLE t=76s phase=Loss_spike adaptation=with_ML throughput_gbps=8.4839 latency_ms=71.4203
[2026-08-11T08:15:44] SAMPLE t=77s phase=Loss_spike adaptation=with_ML throughput_gbps=7.9321 latency_ms=69.8113
[2026-08-11T08:15:45] SAMPLE t=78s phase=Loss_spike adaptation=with_ML throughput_gbps=6.5527 latency_ms=70.4323
[2026-08-11T08:15:46] SAMPLE t=79s phase=Loss_spike adaptation=with_ML throughput_gbps=6.287 latency_ms=72.5755
[2026-08-11T08:15:47] SAMPLE t=80s phase=Recovery adaptation=with_ML throughput_gbps=7.8035 latency_ms=66.0288
[2026-08-11T08:15:48] SAMPLE t=81s phase=Recovery adaptation=with_ML throughput_gbps=8.6112 latency_ms=66.5021
[2026-08-11T08:15:49] SAMPLE t=82s phase=Recovery adaptation=with_ML throughput_gbps=8.1114 latency_ms=65.3586
[2026-08-11T08:15:50] SAMPLE t=83s phase=Recovery adaptation=with_ML throughput_gbps=8.2754 latency_ms=66.5194
[2026-08-11T08:15:51] SAMPLE t=84s phase=Recovery adaptation=with_ML throughput_gbps=7.8232 latency_ms=65.1334
[2026-08-11T08:15:52] SAMPLE t=85s phase=Recovery adaptation=with_ML throughput_gbps=8.5504 latency_ms=63.9796
[2026-08-11T08:15:53] SAMPLE t=86s phase=Recovery adaptation=with_ML throughput_gbps=8.1249 latency_ms=66.825
[2026-08-11T08:15:54] SAMPLE t=87s phase=Recovery adaptation=with_ML throughput_gbps=7.7302 latency_ms=66.9846
[2026-08-11T08:15:55] SAMPLE t=88s phase=Recovery adaptation=with_ML throughput_gbps=8.1489 latency_ms=62.7718
[2026-08-11T08:15:56] SAMPLE t=89s phase=Recovery adaptation=with_ML throughput_gbps=8.1362 latency_ms=66.8078
[2026-08-11T08:15:57] SAMPLE t=90s phase=Recovery adaptation=with_ML throughput_gbps=8.1698 latency_ms=63.5519
[2026-08-11T08:15:58] SAMPLE t=91s phase=Recovery adaptation=with_ML throughput_gbps=8.0996 latency_ms=64.7382
[2026-08-11T08:15:59] SAMPLE t=92s phase=Recovery adaptation=with_ML throughput_gbps=8.3187 latency_ms=65.552
[2026-08-11T08:16:00] SAMPLE t=93s phase=Recovery adaptation=with_ML throughput_gbps=8.2919 latency_ms=64.3133
[2026-08-11T08:16:01] SAMPLE t=94s phase=Recovery adaptation=with_ML throughput_gbps=8.4329 latency_ms=65.3995
[2026-08-11T08:16:02] SAMPLE t=95s phase=Recovery adaptation=with_ML throughput_gbps=8.1599 latency_ms=67.6007
[2026-08-11T08:16:03] SAMPLE t=96s phase=Recovery adaptation=with_ML throughput_gbps=8.3865 latency_ms=65.0132
[2026-08-11T08:16:04] SAMPLE t=97s phase=Recovery adaptation=with_ML throughput_gbps=8.6006 latency_ms=64.1527
[2026-08-11T08:16:05] SAMPLE t=98s phase=Recovery adaptation=with_ML throughput_gbps=9.372 latency_ms=65.2967
[2026-08-11T08:16:06] SAMPLE t=99s phase=Recovery adaptation=with_ML throughput_gbps=8.4521 latency_ms=64.8944
[2026-08-11T08:14:27] SAMPLE t=0s phase=Stable adaptation=without_ML throughput_gbps=8.1375 latency_ms=64.0044
[2026-08-11T08:14:28] SAMPLE t=1s phase=Stable adaptation=without_ML throughput_gbps=7.8663 latency_ms=65.7053
[2026-08-11T08:14:29] SAMPLE t=2s phase=Stable adaptation=without_ML throughput_gbps=7.9978 latency_ms=64.8331
[2026-08-11T08:14:30] SAMPLE t=3s phase=Stable adaptation=without_ML throughput_gbps=7.6096 latency_ms=64.9634
[2026-08-11T08:14:31] SAMPLE t=4s phase=Stable adaptation=without_ML throughput_gbps=7.7016 latency_ms=63.0684
[2026-08-11T08:14:32] SAMPLE t=5s phase=Stable adaptation=without_ML throughput_gbps=7.9848 latency_ms=68.1658
[2026-08-11T08:14:33] SAMPLE t=6s phase=Stable adaptation=without_ML throughput_gbps=8.3512 latency_ms=65.077
[2026-08-11T08:14:34] SAMPLE t=7s phase=Stable adaptation=without_ML throughput_gbps=8.1407 latency_ms=66.2426
[2026-08-11T08:14:35] SAMPLE t=8s phase=Stable adaptation=without_ML throughput_gbps=8.0388 latency_ms=67.06
[2026-08-11T08:14:36] SAMPLE t=9s phase=Stable adaptation=without_ML throughput_gbps=8.4435 latency_ms=65.9631
[2026-08-11T08:14:37] SAMPLE t=10s phase=Stable adaptation=without_ML throughput_gbps=7.9976 latency_ms=63.5698
[2026-08-11T08:14:38] SAMPLE t=11s phase=Stable adaptation=without_ML throughput_gbps=8.3202 latency_ms=65.7791
[2026-08-11T08:14:39] SAMPLE t=12s phase=Stable adaptation=without_ML throughput_gbps=8.2623 latency_ms=65.159
[2026-08-11T08:14:40] SAMPLE t=13s phase=Stable adaptation=without_ML throughput_gbps=8.1955 latency_ms=65.7911
[2026-08-11T08:14:41] SAMPLE t=14s phase=Stable adaptation=without_ML throughput_gbps=7.354 latency_ms=65.8831
[2026-08-11T08:14:42] SAMPLE t=15s phase=Stable adaptation=without_ML throughput_gbps=7.9398 latency_ms=69.0809
[2026-08-11T08:14:43] SAMPLE t=16s phase=Stable adaptation=without_ML throughput_gbps=8.1654 latency_ms=67.0726
[2026-08-11T08:14:44] SAMPLE t=17s phase=Stable adaptation=without_ML throughput_gbps=7.5731 latency_ms=66.8373
[2026-08-11T08:14:45] SAMPLE t=18s phase=Stable adaptation=without_ML throughput_gbps=7.8756 latency_ms=65.8929
[2026-08-11T08:14:46] SAMPLE t=19s phase=Stable adaptation=without_ML throughput_gbps=8.2179 latency_ms=69.7115
[2026-08-11T08:14:47] SAMPLE t=20s phase=Congestion adaptation=without_ML throughput_gbps=7.5906 latency_ms=67.6888
[2026-08-11T08:14:48] SAMPLE t=21s phase=Congestion adaptation=without_ML throughput_gbps=8.0014 latency_ms=65.5095
[2026-08-11T08:14:49] SAMPLE t=22s phase=Congestion adaptation=without_ML throughput_gbps=8.0577 latency_ms=65.7776
[2026-08-11T08:14:50] SAMPLE t=23s phase=Congestion adaptation=without_ML throughput_gbps=8.1356 latency_ms=65.3401
[2026-08-11T08:14:51] SAMPLE t=24s phase=Congestion adaptation=without_ML throughput_gbps=7.8631 latency_ms=66.7445
[2026-08-11T08:14:52] SAMPLE t=25s phase=Congestion adaptation=without_ML throughput_gbps=8.1502 latency_ms=66.8787
[2026-08-11T08:14:53] SAMPLE t=26s phase=Congestion adaptation=without_ML throughput_gbps=8.2166 latency_ms=63.9174
[2026-08-11T08:14:54] SAMPLE t=27s phase=Congestion adaptation=without_ML throughput_gbps=8.037 latency_ms=64.4404
[2026-08-11T08:14:55] SAMPLE t=28s phase=Congestion adaptation=without_ML throughput_gbps=8.0238 latency_ms=65.3856
[2026-08-11T08:14:56] SAMPLE t=29s phase=Congestion adaptation=without_ML throughput_gbps=8.326 latency_ms=64.6013
[2026-08-11T08:14:57] SAMPLE t=30s phase=Congestion adaptation=without_ML throughput_gbps=8.0998 latency_ms=63.7326
[2026-08-11T08:14:58] SAMPLE t=31s phase=Congestion adaptation=without_ML throughput_gbps=7.8409 latency_ms=65.9895
[2026-08-11T08:14:59] SAMPLE t=32s phase=Congestion adaptation=without_ML throughput_gbps=7.5862 latency_ms=64.9037
[2026-08-11T08:15:00] SAMPLE t=33s phase=Congestion adaptation=without_ML throughput_gbps=8.0029 latency_ms=66.4134
[2026-08-11T08:15:01] SAMPLE t=34s phase=Congestion adaptation=without_ML throughput_gbps=7.9691 latency_ms=65.8346
[2026-08-11T08:15:02] SAMPLE t=35s phase=Congestion adaptation=without_ML throughput_gbps=7.8439 latency_ms=67.146
[2026-08-11T08:15:03] SAMPLE t=36s phase=Congestion adaptation=without_ML throughput_gbps=7.5816 latency_ms=65.7473
[2026-08-11T08:15:04] SAMPLE t=37s phase=Congestion adaptation=without_ML throughput_gbps=8.0971 latency_ms=65.9897
[2026-08-11T08:15:05] SAMPLE t=38s phase=Congestion adaptation=without_ML throughput_gbps=8.2425 latency_ms=63.5146
[2026-08-11T08:15:06] SAMPLE t=39s phase=Congestion adaptation=without_ML throughput_gbps=8.1171 latency_ms=65.1252
[2026-08-11T08:15:07] SAMPLE t=40s phase=Path_change adaptation=without_ML throughput_gbps=8.0453 latency_ms=63.8281
[2026-08-11T08:15:08] SAMPLE t=41s phase=Path_change adaptation=without_ML throughput_gbps=7.7244 latency_ms=69.2427
[2026-08-11T08:15:09] SAMPLE t=42s phase=Path_change adaptation=without_ML throughput_gbps=7.3932 latency_ms=66.089
[2026-08-11T08:15:10] SAMPLE t=43s phase=Path_change adaptation=without_ML throughput_gbps=6.5384 latency_ms=68.1454
[2026-08-11T08:15:11] SAMPLE t=44s phase=Path_change adaptation=without_ML throughput_gbps=6.2995 latency_ms=71.3624
[2026-08-11T08:15:12] SAMPLE t=45s phase=Path_change adaptation=without_ML throughput_gbps=6.2847 latency_ms=70.4767
[2026-08-11T08:15:13] SAMPLE t=46s phase=Path_change adaptation=without_ML throughput_gbps=5.8442 latency_ms=71.8261
[2026-08-11T08:15:14] SAMPLE t=47s phase=Path_change adaptation=without_ML throughput_gbps=5.7703 latency_ms=72.4791
[2026-08-11T08:15:15] SAMPLE t=48s phase=Path_change adaptation=without_ML throughput_gbps=5.6578 latency_ms=70.7828
[2026-08-11T08:15:16] SAMPLE t=49s phase=Path_change adaptation=without_ML throughput_gbps=5.5907 latency_ms=71.3885
[2026-08-11T08:15:17] SAMPLE t=50s phase=Path_change adaptation=without_ML throughput_gbps=5.7405 latency_ms=76.1145
[2026-08-11T08:15:18] SAMPLE t=51s phase=Path_change adaptation=without_ML throughput_gbps=5.6121 latency_ms=72.36
[2026-08-11T08:15:19] SAMPLE t=52s phase=Path_change adaptation=without_ML throughput_gbps=5.6506 latency_ms=71.4271
[2026-08-11T08:15:20] SAMPLE t=53s phase=Path_change adaptation=without_ML throughput_gbps=6.0748 latency_ms=71.8244
[2026-08-11T08:15:21] SAMPLE t=54s phase=Path_change adaptation=without_ML throughput_gbps=6.0436 latency_ms=72.5899
[2026-08-11T08:15:22] SAMPLE t=55s phase=Path_change adaptation=without_ML throughput_gbps=6.4953 latency_ms=71.581
[2026-08-11T08:15:23] SAMPLE t=56s phase=Path_change adaptation=without_ML throughput_gbps=6.7296 latency_ms=68.4633
[2026-08-11T08:15:24] SAMPLE t=57s phase=Path_change adaptation=without_ML throughput_gbps=6.9668 latency_ms=68.7498
[2026-08-11T08:15:25] SAMPLE t=58s phase=Path_change adaptation=without_ML throughput_gbps=7.3791 latency_ms=70.9285
[2026-08-11T08:15:26] SAMPLE t=59s phase=Path_change adaptation=without_ML throughput_gbps=7.4908 latency_ms=67.5214
[2026-08-11T08:15:27] SAMPLE t=60s phase=Loss_spike adaptation=without_ML throughput_gbps=5.924 latency_ms=70.7892
[2026-08-11T08:15:28] SAMPLE t=61s phase=Loss_spike adaptation=without_ML throughput_gbps=7.9312 latency_ms=79.9639
[2026-08-11T08:15:29] SAMPLE t=62s phase=Loss_spike adaptation=without_ML throughput_gbps=7.4171 latency_ms=75.0438
[2026-08-11T08:15:30] SAMPLE t=63s phase=Loss_spike adaptation=without_ML throughput_gbps=4.7679 latency_ms=73.4121
[2026-08-11T08:15:31] SAMPLE t=64s phase=Loss_spike adaptation=without_ML throughput_gbps=4.1711 latency_ms=78.808
[2026-08-11T08:15:32] SAMPLE t=65s phase=Loss_spike adaptation=without_ML throughput_gbps=6.4585 latency_ms=67.7617
[2026-08-11T08:15:33] SAMPLE t=66s phase=Loss_spike adaptation=without_ML throughput_gbps=8.0553 latency_ms=81.6107
[2026-08-11T08:15:34] SAMPLE t=67s phase=Loss_spike adaptation=without_ML throughput_gbps=7.0579 latency_ms=75.4447
[2026-08-11T08:15:35] SAMPLE t=68s phase=Loss_spike adaptation=without_ML throughput_gbps=4.8575 latency_ms=74.0164
[2026-08-11T08:15:36] SAMPLE t=69s phase=Loss_spike adaptation=without_ML throughput_gbps=4.2249 latency_ms=79.9053
[2026-08-11T08:15:37] SAMPLE t=70s phase=Loss_spike adaptation=without_ML throughput_gbps=6.3612 latency_ms=68.6633
[2026-08-11T08:15:38] SAMPLE t=71s phase=Loss_spike adaptation=without_ML throughput_gbps=8.3609 latency_ms=80.6274
[2026-08-11T08:15:39] SAMPLE t=72s phase=Loss_spike adaptation=without_ML throughput_gbps=7.5086 latency_ms=75.877
[2026-08-11T08:15:40] SAMPLE t=73s phase=Loss_spike adaptation=without_ML throughput_gbps=4.7881 latency_ms=75.793
[2026-08-11T08:15:41] SAMPLE t=74s phase=Loss_spike adaptation=without_ML throughput_gbps=3.8128 latency_ms=78.7217
[2026-08-11T08:15:42] SAMPLE t=75s phase=Loss_spike adaptation=without_ML throughput_gbps=6.3761 latency_ms=69.6438
[2026-08-11T08:15:43] SAMPLE t=76s phase=Loss_spike adaptation=without_ML throughput_gbps=8.3104 latency_ms=79.022
[2026-08-11T08:15:44] SAMPLE t=77s phase=Loss_spike adaptation=without_ML throughput_gbps=7.2387 latency_ms=75.5316
[2026-08-11T08:15:45] SAMPLE t=78s phase=Loss_spike adaptation=without_ML throughput_gbps=5.1565 latency_ms=74.6696
[2026-08-11T08:15:46] SAMPLE t=79s phase=Loss_spike adaptation=without_ML throughput_gbps=4.0083 latency_ms=77.1068
[2026-08-11T08:15:47] SAMPLE t=80s phase=Recovery adaptation=without_ML throughput_gbps=7.9136 latency_ms=66.3659
[2026-08-11T08:15:48] SAMPLE t=81s phase=Recovery adaptation=without_ML throughput_gbps=7.9249 latency_ms=68.5406
[2026-08-11T08:15:49] SAMPLE t=82s phase=Recovery adaptation=without_ML throughput_gbps=7.809 latency_ms=65.6526
[2026-08-11T08:15:50] SAMPLE t=83s phase=Recovery adaptation=without_ML throughput_gbps=8.25 latency_ms=66.2419
[2026-08-11T08:15:51] SAMPLE t=84s phase=Recovery adaptation=without_ML throughput_gbps=7.7861 latency_ms=67.226
[2026-08-11T08:15:52] SAMPLE t=85s phase=Recovery adaptation=without_ML throughput_gbps=7.9739 latency_ms=64.9047
[2026-08-11T08:15:53] SAMPLE t=86s phase=Recovery adaptation=without_ML throughput_gbps=8.2887 latency_ms=67.7336
[2026-08-11T08:15:54] SAMPLE t=87s phase=Recovery adaptation=without_ML throughput_gbps=8.0691 latency_ms=66.1917
[2026-08-11T08:15:55] SAMPLE t=88s phase=Recovery adaptation=without_ML throughput_gbps=8.2624 latency_ms=66.3116
[2026-08-11T08:15:56] SAMPLE t=89s phase=Recovery adaptation=without_ML throughput_gbps=8.2213 latency_ms=66.3233
[2026-08-11T08:15:57] SAMPLE t=90s phase=Recovery adaptation=without_ML throughput_gbps=7.6727 latency_ms=68.0789
[2026-08-11T08:15:58] SAMPLE t=91s phase=Recovery adaptation=without_ML throughput_gbps=7.9461 latency_ms=68.6529
[2026-08-11T08:15:59] SAMPLE t=92s phase=Recovery adaptation=without_ML throughput_gbps=8.0943 latency_ms=67.3446
[2026-08-11T08:16:00] SAMPLE t=93s phase=Recovery adaptation=without_ML throughput_gbps=8.1099 latency_ms=64.7311
[2026-08-11T08:16:01] SAMPLE t=94s phase=Recovery adaptation=without_ML throughput_gbps=8.3583 latency_ms=65.8563
[2026-08-11T08:16:02] SAMPLE t=95s phase=Recovery adaptation=without_ML throughput_gbps=8.4202 latency_ms=65.632
[2026-08-11T08:16:03] SAMPLE t=96s phase=Recovery adaptation=without_ML throughput_gbps=8.0119 latency_ms=65.0467
[2026-08-11T08:16:04] SAMPLE t=97s phase=Recovery adaptation=without_ML throughput_gbps=7.9288 latency_ms=64.1384
[2026-08-11T08:16:05] SAMPLE t=98s phase=Recovery adaptation=without_ML throughput_gbps=7.9846 latency_ms=65.369
[2026-08-11T08:16:06] SAMPLE t=99s phase=Recovery adaptation=without_ML throughput_gbps=7.8048 latency_ms=65.3557
[2026-08-11T08:14:27] TRACE_END run_id=69 status=OK
[2026-08-11T08:20:34] TRACE_START run_id=70
[2026-08-11T08:20:34] SAMPLE t=0s phase=Stable adaptation=with_ML throughput_gbps=7.8756 latency_ms=67.6547
[2026-08-11T08:20:35] SAMPLE t=1s phase=Stable adaptation=with_ML throughput_gbps=8.5155 latency_ms=66.2823
[2026-08-11T08:20:36] SAMPLE t=2s phase=Stable adaptation=with_ML throughput_gbps=7.7224 latency_ms=67.2118
[2026-08-11T08:20:37] SAMPLE t=3s phase=Stable adaptation=with_ML throughput_gbps=7.8384 latency_ms=67.3091
[2026-08-11T08:20:38] SAMPLE t=4s phase=Stable adaptation=with_ML throughput_gbps=8.3413 latency_ms=65.6699
[2026-08-11T08:20:39] SAMPLE t=5s phase=Stable adaptation=with_ML throughput_gbps=8.1427 latency_ms=67.2721
[2026-08-11T08:20:40] SAMPLE t=6s phase=Stable adaptation=with_ML throughput_gbps=7.9952 latency_ms=65.8475
[2026-08-11T08:20:41] SAMPLE t=7s phase=Stable adaptation=with_ML throughput_gbps=8.0484 latency_ms=65.0102
[2026-08-11T08:20:42] SAMPLE t=8s phase=Stable adaptation=with_ML throughput_gbps=8.4008 latency_ms=66.2121
[2026-08-11T08:20:43] SAMPLE t=9s phase=Stable adaptation=with_ML throughput_gbps=8.0948 latency_ms=67.748
[2026-08-11T08:20:44] SAMPLE t=10s phase=Stable adaptation=with_ML throughput_gbps=8.0062 latency_ms=65.1576
[2026-08-11T08:20:45] SAMPLE t=11s phase=Stable adaptation=with_ML throughput_gbps=8.0303 latency_ms=66.32
[2026-08-11T08:20:46] SAMPLE t=12s phase=Stable adaptation=with_ML throughput_gbps=7.9936 latency_ms=65.6616
[2026-08-11T08:20:47] SAMPLE t=13s phase=Stable adaptation=with_ML throughput_gbps=7.8809 latency_ms=66.5768
[2026-08-11T08:20:48] SAMPLE t=14s phase=Stable adaptation=with_ML throughput_gbps=8.1313 latency_ms=65.6804
[2026-08-11T08:20:49] SAMPLE t=15s phase=Stable adaptation=with_ML throughput_gbps=7.8984 latency_ms=65.4395
[2026-08-11T08:20:50] SAMPLE t=16s phase=Stable adaptation=with_ML throughput_gbps=7.88 latency_ms=65.5188
[2026-08-11T08:20:51] SAMPLE t=17s phase=Stable adaptation=with_ML throughput_gbps=8.279 latency_ms=64.5748
[2026-08-11T08:20:52] SAMPLE t=18s phase=Stable adaptation=with_ML throughput_gbps=8.0835 latency_ms=66.6373
[2026-08-11T08:20:53] SAMPLE t=19s phase=Stable adaptation=with_ML throughput_gbps=8.387 latency_ms=66.4821
[2026-08-11T08:20:54] SAMPLE t=20s phase=Congestion adaptation=with_ML throughput_gbps=7.8217 latency_ms=66.7854
[2026-08-11T08:20:55] SAMPLE t=21s phase=Congestion adaptation=with_ML throughput_gbps=7.9391 latency_ms=67.9878
[2026-08-11T08:20:56] SAMPLE t=22s phase=Congestion adaptation=with_ML throughput_gbps=8.5269 latency_ms=66.8802
[2026-08-11T08:20:57] SAMPLE t=23s phase=Congestion adaptation=with_ML throughput_gbps=7.8748 latency_ms=65.3623
[2026-08-11T08:20:58] SAMPLE t=24s phase=Congestion adaptation=with_ML throughput_gbps=8.1934 latency_ms=66.106
[2026-08-11T08:20:59] SAMPLE t=25s phase=Congestion adaptation=with_ML throughput_gbps=7.8876 latency_ms=65.7416
[2026-08-11T08:21:00] SAMPLE t=26s phase=Congestion adaptation=with_ML throughput_gbps=8.0048 latency_ms=66.5412
[2026-08-11T08:21:01] SAMPLE t=27s phase=Congestion adaptation=with_ML throughput_gbps=8.3017 latency_ms=65.4809
[2026-08-11T08:21:02] SAMPLE t=28s phase=Congestion adaptation=with_ML throughput_gbps=8.0244 latency_ms=65.6254
[2026-08-11T08:21:03] SAMPLE t=29s phase=Congestion adaptation=with_ML throughput_gbps=8.0202 latency_ms=67.4749
[2026-08-11T08:21:04] SAMPLE t=30s phase=Congestion adaptation=with_ML throughput_gbps=8.1038 latency_ms=66.9601
[2026-08-11T08:21:05] SAMPLE t=31s phase=Congestion adaptation=with_ML throughput_gbps=7.763 latency_ms=66.5242
[2026-08-11T08:21:06] SAMPLE t=32s phase=Congestion adaptation=with_ML throughput_gbps=8.3096 latency_ms=67.8947
[2026-08-11T08:21:07] SAMPLE t=33s phase=Congestion adaptation=with_ML throughput_gbps=8.1006 latency_ms=64.5616
[2026-08-11T08:21:08] SAMPLE t=34s phase=Congestion adaptation=with_ML throughput_gbps=8.3878 latency_ms=65.8349
[2026-08-11T08:21:09] SAMPLE t=35s phase=Congestion adaptation=with_ML throughput_gbps=8.2192 latency_ms=66.9306
[2026-08-11T08:21:10] SAMPLE t=36s phase=Congestion adaptation=with_ML throughput_gbps=8.0989 latency_ms=65.9369
[2026-08-11T08:21:11] SAMPLE t=37s phase=Congestion adaptation=with_ML throughput_gbps=8.0614 latency_ms=66.0383
[2026-08-11T08:21:12] SAMPLE t=38s phase=Congestion adaptation=with_ML throughput_gbps=8.2562 latency_ms=65.5801
[2026-08-11T08:21:13] SAMPLE t=39s phase=Congestion adaptation=with_ML throughput_gbps=8.2897 latency_ms=66.0023
[2026-08-11T08:21:14] SAMPLE t=40s phase=Path_change adaptation=with_ML throughput_gbps=8.1496 latency_ms=65.9221
[2026-08-11T08:21:15] SAMPLE t=41s phase=Path_change adaptation=with_ML throughput_gbps=7.8175 latency_ms=67.1693
[2026-08-11T08:21:16] SAMPLE t=42s phase=Path_change adaptation=with_ML throughput_gbps=7.6669 latency_ms=68.7177
[2026-08-11T08:21:17] SAMPLE t=43s phase=Path_change adaptation=with_ML throughput_gbps=7.3593 latency_ms=65.1791
[2026-08-11T08:21:18] SAMPLE t=44s phase=Path_change adaptation=with_ML throughput_gbps=7.4519 latency_ms=64.7555
[2026-08-11T08:21:19] SAMPLE t=45s phase=Path_change adaptation=with_ML throughput_gbps=7.4107 latency_ms=66.4112
[2026-08-11T08:21:20] SAMPLE t=46s phase=Path_change adaptation=with_ML throughput_gbps=7.0076 latency_ms=69.7998
[2026-08-11T08:21:21] SAMPLE t=47s phase=Path_change adaptation=with_ML throughput_gbps=7.1948 latency_ms=69.7212
[2026-08-11T08:21:22] SAMPLE t=48s phase=Path_change adaptation=with_ML throughput_gbps=7.3788 latency_ms=69.4827
[2026-08-11T08:21:23] SAMPLE t=49s phase=Path_change adaptation=with_ML throughput_gbps=7.6404 latency_ms=66.828
[2026-08-11T08:21:24] SAMPLE t=50s phase=Path_change adaptation=with_ML throughput_gbps=7.2591 latency_ms=69.2942
[2026-08-11T08:21:25] SAMPLE t=51s phase=Path_change adaptation=with_ML throughput_gbps=7.244 latency_ms=68.5564
[2026-08-11T08:21:26] SAMPLE t=52s phase=Path_change adaptation=with_ML throughput_gbps=7.1072 latency_ms=68.7674
[2026-08-11T08:21:27] SAMPLE t=53s phase=Path_change adaptation=with_ML throughput_gbps=7.2315 latency_ms=66.8936
[2026-08-11T08:21:28] SAMPLE t=54s phase=Path_change adaptation=with_ML throughput_gbps=7.5082 latency_ms=69.1942
[2026-08-11T08:21:29] SAMPLE t=55s phase=Path_change adaptation=with_ML throughput_gbps=7.2267 latency_ms=68.373
[2026-08-11T08:21:30] SAMPLE t=56s phase=Path_change adaptation=with_ML throughput_gbps=7.4594 latency_ms=67.7194
[2026-08-11T08:21:31] SAMPLE t=57s phase=Path_change adaptation=with_ML throughput_gbps=7.44 latency_ms=66.7305
[2026-08-11T08:21:32] SAMPLE t=58s phase=Path_change adaptation=with_ML throughput_gbps=7.7573 latency_ms=68.4108
[2026-08-11T08:21:33] SAMPLE t=59s phase=Path_change adaptation=with_ML throughput_gbps=7.8175 latency_ms=66.6249
[2026-08-11T08:21:34] SAMPLE t=60s phase=Loss_spike adaptation=with_ML throughput_gbps=7.2783 latency_ms=69.1457
[2026-08-11T08:21:35] SAMPLE t=61s phase=Loss_spike adaptation=with_ML throughput_gbps=8.1636 latency_ms=69.228
[2026-08-11T08:21:36] SAMPLE t=62s phase=Loss_spike adaptation=with_ML throughput_gbps=7.9159 latency_ms=70.279
[2026-08-11T08:21:37] SAMPLE t=63s phase=Loss_spike adaptation=with_ML throughput_gbps=6.7654 latency_ms=67.6976
[2026-08-11T08:21:38] SAMPLE t=64s phase=Loss_spike adaptation=with_ML throughput_gbps=6.1093 latency_ms=69.1171
[2026-08-11T08:21:39] SAMPLE t=65s phase=Loss_spike adaptation=with_ML throughput_gbps=7.4254 latency_ms=66.3951
[2026-08-11T08:21:40] SAMPLE t=66s phase=Loss_spike adaptation=with_ML throughput_gbps=8.4264 latency_ms=68.9729
[2026-08-11T08:21:41] SAMPLE t=67s phase=Loss_spike adaptation=with_ML throughput_gbps=7.9331 latency_ms=71.1962
[2026-08-11T08:21:42] SAMPLE t=68s phase=Loss_spike adaptation=with_ML throughput_gbps=6.5473 latency_ms=68.5133
[2026-08-11T08:21:43] SAMPLE t=69s phase=Loss_spike adaptation=with_ML throughput_gbps=6.045 latency_ms=69.977
[2026-08-11T08:21:44] SAMPLE t=70s phase=Loss_spike adaptation=with_ML throughput_gbps=7.1571 latency_ms=69.5778
[2026-08-11T08:21:45] SAMPLE t=71s phase=Loss_spike adaptation=with_ML throughput_gbps=8.3617 latency_ms=70.3785
[2026-08-11T08:21:46] SAMPLE t=72s phase=Loss_spike adaptation=with_ML throughput_gbps=8.0171 latency_ms=74.0162
[2026-08-11T08:21:47] SAMPLE t=73s phase=Loss_spike adaptation=with_ML throughput_gbps=6.6201 latency_ms=69.1652
[2026-08-11T08:21:48] SAMPLE t=74s phase=Loss_spike adaptation=with_ML throughput_gbps=6.2358 latency_ms=71.9467
[2026-08-11T08:21:49] SAMPLE t=75s phase=Loss_spike adaptation=with_ML throughput_gbps=7.2658 latency_ms=68.8559
[2026-08-11T08:21:50] SAMPLE t=76s phase=Loss_spike adaptation=with_ML throughput_gbps=8.2768 latency_ms=71.5989
[2026-08-11T08:21:51] SAMPLE t=77s phase=Loss_spike adaptation=with_ML throughput_gbps=7.8461 latency_ms=70.7337
[2026-08-11T08:21:52] SAMPLE t=78s phase=Loss_spike adaptation=with_ML throughput_gbps=6.4969 latency_ms=70.6851
[2026-08-11T08:21:53] SAMPLE t=79s phase=Loss_spike adaptation=with_ML throughput_gbps=6.3871 latency_ms=70.1121
[2026-08-11T08:21:54] SAMPLE t=80s phase=Recovery adaptation=with_ML throughput_gbps=7.9279 latency_ms=63.8161
[2026-08-11T08:21:55] SAMPLE t=81s phase=Recovery adaptation=with_ML throughput_gbps=7.9087 latency_ms=65.7576
[2026-08-11T08:21:56] SAMPLE t=82s phase=Recovery adaptation=with_ML throughput_gbps=8.0267 latency_ms=66.1781
[2026-08-11T08:21:57] SAMPLE t=83s phase=Recovery adaptation=with_ML throughput_gbps=8.1841 latency_ms=65.7676
[2026-08-11T08:21:58] SAMPLE t=84s phase=Recovery adaptation=with_ML throughput_gbps=8.3392 latency_ms=66.4062
[2026-08-11T08:21:59] SAMPLE t=85s phase=Recovery adaptation=with_ML throughput_gbps=8.3796 latency_ms=67.4093
[2026-08-11T08:22:00] SAMPLE t=86s phase=Recovery adaptation=with_ML throughput_gbps=7.9851 latency_ms=64.6961
[2026-08-11T08:22:01] SAMPLE t=87s phase=Recovery adaptation=with_ML throughput_gbps=8.1818 latency_ms=66.2025
[2026-08-11T08:22:02] SAMPLE t=88s phase=Recovery adaptation=with_ML throughput_gbps=8.4517 latency_ms=63.7917
[2026-08-11T08:22:03] SAMPLE t=89s phase=Recovery adaptation=with_ML throughput_gbps=8.4603 latency_ms=64.5131
[2026-08-11T08:22:04] SAMPLE t=90s phase=Recovery adaptation=with_ML throughput_gbps=8.3303 latency_ms=66.6754
[2026-08-11T08:22:05] SAMPLE t=91s phase=Recovery adaptation=with_ML throughput_gbps=8.2911 latency_ms=64.6966
[2026-08-11T08:22:06] SAMPLE t=92s phase=Recovery adaptation=with_ML throughput_gbps=8.3242 latency_ms=64.2541
[2026-08-11T08:22:07] SAMPLE t=93s phase=Recovery adaptation=with_ML throughput_gbps=8.6851 latency_ms=65.8657
[2026-08-11T08:22:08] SAMPLE t=94s phase=Recovery adaptation=with_ML throughput_gbps=8.6356 latency_ms=66.331
[2026-08-11T08:22:09] SAMPLE t=95s phase=Recovery adaptation=with_ML throughput_gbps=8.654 latency_ms=67.3733
[2026-08-11T08:22:10] SAMPLE t=96s phase=Recovery adaptation=with_ML throughput_gbps=8.5297 latency_ms=66.048
[2026-08-11T08:22:11] SAMPLE t=97s phase=Recovery adaptation=with_ML throughput_gbps=8.7617 latency_ms=64.9229
[2026-08-11T08:22:12] SAMPLE t=98s phase=Recovery adaptation=with_ML throughput_gbps=8.1454 latency_ms=65.1771
[2026-08-11T08:22:13] SAMPLE t=99s phase=Recovery adaptation=with_ML throughput_gbps=8.0414 latency_ms=64.3419
[2026-08-11T08:20:34] SAMPLE t=0s phase=Stable adaptation=without_ML throughput_gbps=8.2834 latency_ms=65.6002
[2026-08-11T08:20:35] SAMPLE t=1s phase=Stable adaptation=without_ML throughput_gbps=7.6043 latency_ms=64.1092
[2026-08-11T08:20:36] SAMPLE t=2s phase=Stable adaptation=without_ML throughput_gbps=8.0786 latency_ms=68.3302
[2026-08-11T08:20:37] SAMPLE t=3s phase=Stable adaptation=without_ML throughput_gbps=7.3896 latency_ms=63.3618
[2026-08-11T08:20:38] SAMPLE t=4s phase=Stable adaptation=without_ML throughput_gbps=8.3856 latency_ms=68.0786
[2026-08-11T08:20:39] SAMPLE t=5s phase=Stable adaptation=without_ML throughput_gbps=7.956 latency_ms=65.1815
[2026-08-11T08:20:40] SAMPLE t=6s phase=Stable adaptation=without_ML throughput_gbps=8.0112 latency_ms=64.7888
[2026-08-11T08:20:41] SAMPLE t=7s phase=Stable adaptation=without_ML throughput_gbps=8.0379 latency_ms=66.0514
[2026-08-11T08:20:42] SAMPLE t=8s phase=Stable adaptation=without_ML throughput_gbps=8.2005 latency_ms=64.5723
[2026-08-11T08:20:43] SAMPLE t=9s phase=Stable adaptation=without_ML throughput_gbps=7.6553 latency_ms=62.7334
[2026-08-11T08:20:44] SAMPLE t=10s phase=Stable adaptation=without_ML throughput_gbps=7.9213 latency_ms=66.0746
[2026-08-11T08:20:45] SAMPLE t=11s phase=Stable adaptation=without_ML throughput_gbps=7.843 latency_ms=66.6878
[2026-08-11T08:20:46] SAMPLE t=12s phase=Stable adaptation=without_ML throughput_gbps=8.0874 latency_ms=67.8855
[2026-08-11T08:20:47] SAMPLE t=13s phase=Stable adaptation=without_ML throughput_gbps=7.8844 latency_ms=65.0416
[2026-08-11T08:20:48] SAMPLE t=14s phase=Stable adaptation=without_ML throughput_gbps=7.8427 latency_ms=65.8843
[2026-08-11T08:20:49] SAMPLE t=15s phase=Stable adaptation=without_ML throughput_gbps=8.0543 latency_ms=66.3607
[2026-08-11T08:20:50] SAMPLE t=16s phase=Stable adaptation=without_ML throughput_gbps=8.0587 latency_ms=66.7367
[2026-08-11T08:20:51] SAMPLE t=17s phase=Stable adaptation=without_ML throughput_gbps=8.2422 latency_ms=70.2527
[2026-08-11T08:20:52] SAMPLE t=18s phase=Stable adaptation=without_ML throughput_gbps=8.2369 latency_ms=67.9055
[2026-08-11T08:20:53] SAMPLE t=19s phase=Stable adaptation=without_ML throughput_gbps=8.0595 latency_ms=66.1315
[2026-08-11T08:20:54] SAMPLE t=20s phase=Congestion adaptation=without_ML throughput_gbps=8.4953 latency_ms=64.5523
[2026-08-11T08:20:55] SAMPLE t=21s phase=Congestion adaptation=without_ML throughput_gbps=7.6035 latency_ms=66.5404
[2026-08-11T08:20:56] SAMPLE t=22s phase=Congestion adaptation=without_ML throughput_gbps=7.9608 latency_ms=65.8363
[2026-08-11T08:20:57] SAMPLE t=23s phase=Congestion adaptation=without_ML throughput_gbps=8.0196 latency_ms=67.5768
[2026-08-11T08:20:58] SAMPLE t=24s phase=Congestion adaptation=without_ML throughput_gbps=7.9245 latency_ms=65.8916
[2026-08-11T08:20:59] SAMPLE t=25s phase=Congestion adaptation=without_ML throughput_gbps=8.1348 latency_ms=66.7354
[2026-08-11T08:21:00] SAMPLE t=26s phase=Congestion adaptation=without_ML throughput_gbps=8.0235 latency_ms=65.0861
[2026-08-11T08:21:01] SAMPLE t=27s phase=Congestion adaptation=without_ML throughput_gbps=8.1141 latency_ms=67.4544
[2026-08-11T08:21:02] SAMPLE t=28s phase=Congestion adaptation=without_ML throughput_gbps=8.2803 latency_ms=64.8984
[2026-08-11T08:21:03] SAMPLE t=29s phase=Congestion adaptation=without_ML throughput_gbps=7.5215 latency_ms=64.6452
[2026-08-11T08:21:04] SAMPLE t=30s phase=Congestion adaptation=without_ML throughput_gbps=7.8112 latency_ms=65.9464
[2026-08-11T08:21:05] SAMPLE t=31s phase=Congestion adaptation=without_ML throughput_gbps=7.9487 latency_ms=65.4849
[2026-08-11T08:21:06] SAMPLE t=32s phase=Congestion adaptation=without_ML throughput_gbps=7.7607 latency_ms=65.1866
[2026-08-11T08:21:07] SAMPLE t=33s phase=Congestion adaptation=without_ML throughput_gbps=8.0173 latency_ms=64.5458
[2026-08-11T08:21:08] SAMPLE t=34s phase=Congestion adaptation=without_ML throughput_gbps=8.0528 latency_ms=66.916
[2026-08-11T08:21:09] SAMPLE t=35s phase=Congestion adaptation=without_ML throughput_gbps=7.8979 latency_ms=66.3471
[2026-08-11T08:21:10] SAMPLE t=36s phase=Congestion adaptation=without_ML throughput_gbps=8.0694 latency_ms=65.8542
[2026-08-11T08:21:11] SAMPLE t=37s phase=Congestion adaptation=without_ML throughput_gbps=8.0367 latency_ms=66.0472
[2026-08-11T08:21:12] SAMPLE t=38s phase=Congestion adaptation=without_ML throughput_gbps=7.7015 latency_ms=65.7563
[2026-08-11T08:21:13] SAMPLE t=39s phase=Congestion adaptation=without_ML throughput_gbps=7.8331 latency_ms=64.9488
[2026-08-11T08:21:14] SAMPLE t=40s phase=Path_change adaptation=without_ML throughput_gbps=8.197 latency_ms=62.9677
[2026-08-11T08:21:15] SAMPLE t=41s phase=Path_change adaptation=without_ML throughput_gbps=7.7024 latency_ms=66.7658
[2026-08-11T08:21:16] SAMPLE t=42s phase=Path_change adaptation=without_ML throughput_gbps=7.3001 latency_ms=67.8072
[2026-08-11T08:21:17] SAMPLE t=43s phase=Path_change adaptation=without_ML throughput_gbps=6.7839 latency_ms=68.3801
[2026-08-11T08:21:18] SAMPLE t=44s phase=Path_change adaptation=without_ML throughput_gbps=6.3417 latency_ms=70.7719
[2026-08-11T08:21:19] SAMPLE t=45s phase=Path_change adaptation=without_ML throughput_gbps=6.2829 latency_ms=72.6843
[2026-08-11T08:21:20] SAMPLE t=46s phase=Path_change adaptation=without_ML throughput_gbps=6.218 latency_ms=71.7275
[2026-08-11T08:21:21] SAMPLE t=47s phase=Path_change adaptation=without_ML throughput_gbps=5.6074 latency_ms=70.2434
[2026-08-11T08:21:22] SAMPLE t=48s phase=Path_change adaptation=without_ML throughput_gbps=5.5169 latency_ms=74.2016
[2026-08-11T08:21:23] SAMPLE t=49s phase=Path_change adaptation=without_ML throughput_gbps=5.791 latency_ms=70.6165
[2026-08-11T08:21:24] SAMPLE t=50s phase=Path_change adaptation=without_ML throughput_gbps=5.5858 latency_ms=71.5935
[2026-08-11T08:21:25] SAMPLE t=51s phase=Path_change adaptation=without_ML throughput_gbps=5.7891 latency_ms=71.927
[2026-08-11T08:21:26] SAMPLE t=52s phase=Path_change adaptation=without_ML throughput_gbps=5.8082 latency_ms=73.5504
[2026-08-11T08:21:27] SAMPLE t=53s phase=Path_change adaptation=without_ML throughput_gbps=6.2571 latency_ms=73.0457
[2026-08-11T08:21:28] SAMPLE t=54s phase=Path_change adaptation=without_ML throughput_gbps=6.0219 latency_ms=68.6712
[2026-08-11T08:21:29] SAMPLE t=55s phase=Path_change adaptation=without_ML throughput_gbps=6.3711 latency_ms=69.5616
[2026-08-11T08:21:30] SAMPLE t=56s phase=Path_change adaptation=without_ML throughput_gbps=6.5977 latency_ms=69.3532
[2026-08-11T08:21:31] SAMPLE t=57s phase=Path_change adaptation=without_ML throughput_gbps=7.0865 latency_ms=69.63
[2026-08-11T08:21:32] SAMPLE t=58s phase=Path_change adaptation=without_ML throughput_gbps=6.8899 latency_ms=68.3296
[2026-08-11T08:21:33] SAMPLE t=59s phase=Path_change adaptation=without_ML throughput_gbps=7.5471 latency_ms=67.8885
[2026-08-11T08:21:34] SAMPLE t=60s phase=Loss_spike adaptation=without_ML throughput_gbps=6.408 latency_ms=69.8123
[2026-08-11T08:21:35] SAMPLE t=61s phase=Loss_spike adaptation=without_ML throughput_gbps=8.1323 latency_ms=80.4014
[2026-08-11T08:21:36] SAMPLE t=62s phase=Loss_spike adaptation=without_ML throughput_gbps=7.5942 latency_ms=73.299
[2026-08-11T08:21:37] SAMPLE t=63s phase=Loss_spike adaptation=without_ML throughput_gbps=4.9573 latency_ms=76.6018
[2026-08-11T08:21:38] SAMPLE t=64s phase=Loss_spike adaptation=without_ML throughput_gbps=3.9015 latency_ms=78.6931
[2026-08-11T08:21:39] SAMPLE t=65s phase=Loss_spike adaptation=without_ML throughput_gbps=6.258 latency_ms=69.5093
[2026-08-11T08:21:40] SAMPLE t=66s phase=Loss_spike adaptation=without_ML throughput_gbps=8.7515 latency_ms=76.153
[2026-08-11T08:21:41] SAMPLE t=67s phase=Loss_spike adaptation=without_ML throughput_gbps=7.586 latency_ms=73.9185
[2026-08-11T08:21:42] SAMPLE t=68s phase=Loss_spike adaptation=without_ML throughput_gbps=4.5819 latency_ms=74.1318
[2026-08-11T08:21:43] SAMPLE t=69s phase=Loss_spike adaptation=without_ML throughput_gbps=4.0042 latency_ms=78.239
[2026-08-11T08:21:44] SAMPLE t=70s phase=Loss_spike adaptation=without_ML throughput_gbps=6.2467 latency_ms=69.7325
[2026-08-11T08:21:45] SAMPLE t=71s phase=Loss_spike adaptation=without_ML throughput_gbps=8.2583 latency_ms=77.986
[2026-08-11T08:21:46] SAMPLE t=72s phase=Loss_spike adaptation=without_ML throughput_gbps=7.4951 latency_ms=76.5276
[2026-08-11T08:21:47] SAMPLE t=73s phase=Loss_spike adaptation=without_ML throughput_gbps=4.7893 latency_ms=79.3016
[2026-08-11T08:21:48] SAMPLE t=74s phase=Loss_spike adaptation=without_ML throughput_gbps=3.9958 latency_ms=77.6453
[2026-08-11T08:21:49] SAMPLE t=75s phase=Loss_spike adaptation=without_ML throughput_gbps=6.1021 latency_ms=72.3085
[2026-08-11T08:21:50] SAMPLE t=76s phase=Loss_spike adaptation=without_ML throughput_gbps=8.4246 latency_ms=80.4054
[2026-08-11T08:21:51] SAMPLE t=77s phase=Loss_spike adaptation=without_ML throughput_gbps=7.4178 latency_ms=74.6338
[2026-08-11T08:21:52] SAMPLE t=78s phase=Loss_spike adaptation=without_ML throughput_gbps=5.0403 latency_ms=76.0717
[2026-08-11T08:21:53] SAMPLE t=79s phase=Loss_spike adaptation=without_ML throughput_gbps=3.9558 latency_ms=80.2731
[2026-08-11T08:21:54] SAMPLE t=80s phase=Recovery adaptation=without_ML throughput_gbps=7.8409 latency_ms=65.795
[2026-08-11T08:21:55] SAMPLE t=81s phase=Recovery adaptation=without_ML throughput_gbps=7.8106 latency_ms=68.9783
[2026-08-11T08:21:56] SAMPLE t=82s phase=Recovery adaptation=without_ML throughput_gbps=8.1829 latency_ms=65.5114
[2026-08-11T08:21:57] SAMPLE t=83s phase=Recovery adaptation=without_ML throughput_gbps=7.7864 latency_ms=64.3051
[2026-08-11T08:21:58] SAMPLE t=84s phase=Recovery adaptation=without_ML throughput_gbps=7.9433 latency_ms=65.3878
[2026-08-11T08:21:59] SAMPLE t=85s phase=Recovery adaptation=without_ML throughput_gbps=7.986 latency_ms=66.9561
[2026-08-11T08:22:00] SAMPLE t=86s phase=Recovery adaptation=without_ML throughput_gbps=7.8068 latency_ms=64.7546
[2026-08-11T08:22:01] SAMPLE t=87s phase=Recovery adaptation=without_ML throughput_gbps=8.2215 latency_ms=65.1521
[2026-08-11T08:22:02] SAMPLE t=88s phase=Recovery adaptation=without_ML throughput_gbps=7.8297 latency_ms=62.7317
[2026-08-11T08:22:03] SAMPLE t=89s phase=Recovery adaptation=without_ML throughput_gbps=8.3379 latency_ms=64.4371
[2026-08-11T08:22:04] SAMPLE t=90s phase=Recovery adaptation=without_ML throughput_gbps=7.6757 latency_ms=66.7824
[2026-08-11T08:22:05] SAMPLE t=91s phase=Recovery adaptation=without_ML throughput_gbps=8.2593 latency_ms=65.3164
[2026-08-11T08:22:06] SAMPLE t=92s phase=Recovery adaptation=without_ML throughput_gbps=8.0885 latency_ms=67.6988
[2026-08-11T08:22:07] SAMPLE t=93s phase=Recovery adaptation=without_ML throughput_gbps=8.1654 latency_ms=67.9652
[2026-08-11T08:22:08] SAMPLE t=94s phase=Recovery adaptation=without_ML throughput_gbps=7.9813 latency_ms=67.0951
[2026-08-11T08:22:09] SAMPLE t=95s phase=Recovery adaptation=without_ML throughput_gbps=8.2167 latency_ms=66.1897
[2026-08-11T08:22:10] SAMPLE t=96s phase=Recovery adaptation=without_ML throughput_gbps=8.1977 latency_ms=66.4295
[2026-08-11T08:22:11] SAMPLE t=97s phase=Recovery adaptation=without_ML throughput_gbps=7.7143 latency_ms=66.8538
[2026-08-11T08:22:12] SAMPLE t=98s phase=Recovery adaptation=without_ML throughput_gbps=7.6768 latency_ms=64.3389
[2026-08-11T08:22:13] SAMPLE t=99s phase=Recovery adaptation=without_ML throughput_gbps=8.27 latency_ms=66.1416
[2026-08-11T08:20:34] TRACE_END run_id=70 status=OK
[2026-08-11T08:32:29] TRACE_START run_id=71
[2026-08-11T08:32:29] SAMPLE t=0s phase=Stable adaptation=with_ML throughput_gbps=7.9931 latency_ms=68.9193
[2026-08-11T08:32:30] SAMPLE t=1s phase=Stable adaptation=with_ML throughput_gbps=7.9251 latency_ms=63.5799
[2026-08-11T08:32:31] SAMPLE t=2s phase=Stable adaptation=with_ML throughput_gbps=8.3215 latency_ms=64.7762
[2026-08-11T08:32:32] SAMPLE t=3s phase=Stable adaptation=with_ML throughput_gbps=7.8424 latency_ms=65.7704
[2026-08-11T08:32:33] SAMPLE t=4s phase=Stable adaptation=with_ML throughput_gbps=8.284 latency_ms=65.9748
[2026-08-11T08:32:34] SAMPLE t=5s phase=Stable adaptation=with_ML throughput_gbps=8.1269 latency_ms=69.9995
[2026-08-11T08:32:35] SAMPLE t=6s phase=Stable adaptation=with_ML throughput_gbps=8.3057 latency_ms=65.1799
[2026-08-11T08:32:36] SAMPLE t=7s phase=Stable adaptation=with_ML throughput_gbps=7.9764 latency_ms=64.7355
[2026-08-11T08:32:37] SAMPLE t=8s phase=Stable adaptation=with_ML throughput_gbps=7.9894 latency_ms=66.876
[2026-08-11T08:32:38] SAMPLE t=9s phase=Stable adaptation=with_ML throughput_gbps=8.1675 latency_ms=65.72
[2026-08-11T08:32:39] SAMPLE t=10s phase=Stable adaptation=with_ML throughput_gbps=7.8849 latency_ms=67.1817
[2026-08-11T08:32:40] SAMPLE t=11s phase=Stable adaptation=with_ML throughput_gbps=8.0349 latency_ms=66.722
[2026-08-11T08:32:41] SAMPLE t=12s phase=Stable adaptation=with_ML throughput_gbps=8.2122 latency_ms=65.5194
[2026-08-11T08:32:42] SAMPLE t=13s phase=Stable adaptation=with_ML throughput_gbps=7.8519 latency_ms=65.6783
[2026-08-11T08:32:43] SAMPLE t=14s phase=Stable adaptation=with_ML throughput_gbps=8.094 latency_ms=66.435
[2026-08-11T08:32:44] SAMPLE t=15s phase=Stable adaptation=with_ML throughput_gbps=8.1027 latency_ms=66.7178
[2026-08-11T08:32:45] SAMPLE t=16s phase=Stable adaptation=with_ML throughput_gbps=8.2067 latency_ms=65.8338
[2026-08-11T08:32:46] SAMPLE t=17s phase=Stable adaptation=with_ML throughput_gbps=7.9095 latency_ms=65.2339
[2026-08-11T08:32:47] SAMPLE t=18s phase=Stable adaptation=with_ML throughput_gbps=8.0556 latency_ms=65.2891
[2026-08-11T08:32:48] SAMPLE t=19s phase=Stable adaptation=with_ML throughput_gbps=8.0354 latency_ms=64.5169
[2026-08-11T08:32:49] SAMPLE t=20s phase=Congestion adaptation=with_ML throughput_gbps=8.2136 latency_ms=65.7361
[2026-08-11T08:32:50] SAMPLE t=21s phase=Congestion adaptation=with_ML throughput_gbps=8.1077 latency_ms=66.7831
[2026-08-11T08:32:51] SAMPLE t=22s phase=Congestion adaptation=with_ML throughput_gbps=8.1075 latency_ms=65.8115
[2026-08-11T08:32:52] SAMPLE t=23s phase=Congestion adaptation=with_ML throughput_gbps=7.7168 latency_ms=63.8822
[2026-08-11T08:32:53] SAMPLE t=24s phase=Congestion adaptation=with_ML throughput_gbps=8.0729 latency_ms=68.5727
[2026-08-11T08:32:54] SAMPLE t=25s phase=Congestion adaptation=with_ML throughput_gbps=8.5374 latency_ms=67.956
[2026-08-11T08:32:55] SAMPLE t=26s phase=Congestion adaptation=with_ML throughput_gbps=8.253 latency_ms=66.2689
[2026-08-11T08:32:56] SAMPLE t=27s phase=Congestion adaptation=with_ML throughput_gbps=8.4637 latency_ms=65.7357
[2026-08-11T08:32:57] SAMPLE t=28s phase=Congestion adaptation=with_ML throughput_gbps=8.3393 latency_ms=67.3494
[2026-08-11T08:32:58] SAMPLE t=29s phase=Congestion adaptation=with_ML throughput_gbps=8.115 latency_ms=67.4274
[2026-08-11T08:32:59] SAMPLE t=30s phase=Congestion adaptation=with_ML throughput_gbps=8.0104 latency_ms=66.2872
[2026-08-11T08:33:00] SAMPLE t=31s phase=Congestion adaptation=with_ML throughput_gbps=7.8975 latency_ms=68.2029
[2026-08-11T08:33:01] SAMPLE t=32s phase=Congestion adaptation=with_ML throughput_gbps=8.1559 latency_ms=66.5545
[2026-08-11T08:33:02] SAMPLE t=33s phase=Congestion adaptation=with_ML throughput_gbps=7.9615 latency_ms=64.6206
[2026-08-11T08:33:03] SAMPLE t=34s phase=Congestion adaptation=with_ML throughput_gbps=8.1421 latency_ms=65.2138
[2026-08-11T08:33:04] SAMPLE t=35s phase=Congestion adaptation=with_ML throughput_gbps=8.1216 latency_ms=67.9008
[2026-08-11T08:33:05] SAMPLE t=36s phase=Congestion adaptation=with_ML throughput_gbps=8.1948 latency_ms=69.165
[2026-08-11T08:33:06] SAMPLE t=37s phase=Congestion adaptation=with_ML throughput_gbps=8.458 latency_ms=67.971
[2026-08-11T08:33:07] SAMPLE t=38s phase=Congestion adaptation=with_ML throughput_gbps=8.1343 latency_ms=66.6627
[2026-08-11T08:33:08] SAMPLE t=39s phase=Congestion adaptation=with_ML throughput_gbps=8.2634 latency_ms=67.0049
[2026-08-11T08:33:09] SAMPLE t=40s phase=Path_change adaptation=with_ML throughput_gbps=8.0767 latency_ms=67.3206
[2026-08-11T08:33:10] SAMPLE t=41s phase=Path_change adaptation=with_ML throughput_gbps=7.6032 latency_ms=68.8636
[2026-08-11T08:33:11] SAMPLE t=42s phase=Path_change adaptation=with_ML throughput_gbps=7.703 latency_ms=69.7232
[2026-08-11T08:33:12] SAMPLE t=43s phase=Path_change adaptation=with_ML throughput_gbps=7.5808 latency_ms=66.9468
[2026-08-11T08:33:13] SAMPLE t=44s phase=Path_change adaptation=with_ML throughput_gbps=7.6651 latency_ms=65.813
[2026-08-11T08:33:14] SAMPLE t=45s phase=Path_change adaptation=with_ML throughput_gbps=7.445 latency_ms=67.211
[2026-08-11T08:33:15] SAMPLE t=46s phase=Path_change adaptation=with_ML throughput_gbps=7.7343 latency_ms=66.4704
[2026-08-11T08:33:16] SAMPLE t=47s phase=Path_change adaptation=with_ML throughput_gbps=7.2215 latency_ms=68.1293
[2026-08-11T08:33:17] SAMPLE t=48s phase=Path_change adaptation=with_ML throughput_gbps=7.3674 latency_ms=68.8774
[2026-08-11T08:33:18] SAMPLE t=49s phase=Path_change adaptation=with_ML throughput_gbps=7.2125 latency_ms=69.8558
[2026-08-11T08:33:19] SAMPLE t=50s phase=Path_change adaptation=with_ML throughput_gbps=7.0209 latency_ms=68.3629
[2026-08-11T08:33:20] SAMPLE t=51s phase=Path_change adaptation=with_ML throughput_gbps=6.885 latency_ms=67.3067
[2026-08-11T08:33:21] SAMPLE t=52s phase=Path_change adaptation=with_ML throughput_gbps=7.5934 latency_ms=66.9535
[2026-08-11T08:33:22] SAMPLE t=53s phase=Path_change adaptation=with_ML throughput_gbps=7.3278 latency_ms=68.4369
[2026-08-11T08:33:23] SAMPLE t=54s phase=Path_change adaptation=with_ML throughput_gbps=7.5767 latency_ms=68.5425
[2026-08-11T08:33:24] SAMPLE t=55s phase=Path_change adaptation=with_ML throughput_gbps=7.3193 latency_ms=67.5348
[2026-08-11T08:33:25] SAMPLE t=56s phase=Path_change adaptation=with_ML throughput_gbps=7.6311 latency_ms=66.7122
[2026-08-11T08:33:26] SAMPLE t=57s phase=Path_change adaptation=with_ML throughput_gbps=7.5316 latency_ms=67.5626
[2026-08-11T08:33:27] SAMPLE t=58s phase=Path_change adaptation=with_ML throughput_gbps=7.9721 latency_ms=68.2767
[2026-08-11T08:33:28] SAMPLE t=59s phase=Path_change adaptation=with_ML throughput_gbps=8.0182 latency_ms=67.6511
[2026-08-11T08:33:29] SAMPLE t=60s phase=Loss_spike adaptation=with_ML throughput_gbps=7.3365 latency_ms=65.9004
[2026-08-11T08:33:30] SAMPLE t=61s phase=Loss_spike adaptation=with_ML throughput_gbps=8.1375 latency_ms=70.5515
[2026-08-11T08:33:31] SAMPLE t=62s phase=Loss_spike adaptation=with_ML throughput_gbps=8.1101 latency_ms=70.0353
[2026-08-11T08:33:32] SAMPLE t=63s phase=Loss_spike adaptation=with_ML throughput_gbps=6.5135 latency_ms=70.4982
[2026-08-11T08:33:33] SAMPLE t=64s phase=Loss_spike adaptation=with_ML throughput_gbps=6.3623 latency_ms=68.8785
[2026-08-11T08:33:34] SAMPLE t=65s phase=Loss_spike adaptation=with_ML throughput_gbps=7.3882 latency_ms=67.6457
[2026-08-11T08:33:35] SAMPLE t=66s phase=Loss_spike adaptation=with_ML throughput_gbps=8.0664 latency_ms=70.2552
[2026-08-11T08:33:36] SAMPLE t=67s phase=Loss_spike adaptation=with_ML throughput_gbps=7.9951 latency_ms=67.9175
[2026-08-11T08:33:37] SAMPLE t=68s phase=Loss_spike adaptation=with_ML throughput_gbps=6.8393 latency_ms=68.1464
[2026-08-11T08:33:38] SAMPLE t=69s phase=Loss_spike adaptation=with_ML throughput_gbps=6.2635 latency_ms=71.0742
[2026-08-11T08:33:39] SAMPLE t=70s phase=Loss_spike adaptation=with_ML throughput_gbps=7.2176 latency_ms=68.1953
[2026-08-11T08:33:40] SAMPLE t=71s phase=Loss_spike adaptation=with_ML throughput_gbps=8.4825 latency_ms=71.6386
[2026-08-11T08:33:41] SAMPLE t=72s phase=Loss_spike adaptation=with_ML throughput_gbps=7.9412 latency_ms=68.589
[2026-08-11T08:33:42] SAMPLE t=73s phase=Loss_spike adaptation=with_ML throughput_gbps=6.4742 latency_ms=68.4621
[2026-08-11T08:33:43] SAMPLE t=74s phase=Loss_spike adaptation=with_ML throughput_gbps=6.1904 latency_ms=71.5252
[2026-08-11T08:33:44] SAMPLE t=75s phase=Loss_spike adaptation=with_ML throughput_gbps=7.3139 latency_ms=67.7159
[2026-08-11T08:33:45] SAMPLE t=76s phase=Loss_spike adaptation=with_ML throughput_gbps=8.1986 latency_ms=71.677
[2026-08-11T08:33:46] SAMPLE t=77s phase=Loss_spike adaptation=with_ML throughput_gbps=8.3296 latency_ms=67.9789
[2026-08-11T08:33:47] SAMPLE t=78s phase=Loss_spike adaptation=with_ML throughput_gbps=6.9067 latency_ms=70.1334
[2026-08-11T08:33:48] SAMPLE t=79s phase=Loss_spike adaptation=with_ML throughput_gbps=6.4899 latency_ms=69.9627
[2026-08-11T08:33:49] SAMPLE t=80s phase=Recovery adaptation=with_ML throughput_gbps=7.8834 latency_ms=65.9936
[2026-08-11T08:33:50] SAMPLE t=81s phase=Recovery adaptation=with_ML throughput_gbps=8.0778 latency_ms=65.838
[2026-08-11T08:33:51] SAMPLE t=82s phase=Recovery adaptation=with_ML throughput_gbps=8.2836 latency_ms=67.3221
[2026-08-11T08:33:52] SAMPLE t=83s phase=Recovery adaptation=with_ML throughput_gbps=8.3923 latency_ms=65.7325
[2026-08-11T08:33:53] SAMPLE t=84s phase=Recovery adaptation=with_ML throughput_gbps=8.3667 latency_ms=66.0695
[2026-08-11T08:33:54] SAMPLE t=85s phase=Recovery adaptation=with_ML throughput_gbps=8.2818 latency_ms=64.9658
[2026-08-11T08:33:55] SAMPLE t=86s phase=Recovery adaptation=with_ML throughput_gbps=8.212 latency_ms=64.0355
[2026-08-11T08:33:56] SAMPLE t=87s phase=Recovery adaptation=with_ML throughput_gbps=8.1346 latency_ms=67.6245
[2026-08-11T08:33:57] SAMPLE t=88s phase=Recovery adaptation=with_ML throughput_gbps=7.8484 latency_ms=63.9105
[2026-08-11T08:33:58] SAMPLE t=89s phase=Recovery adaptation=with_ML throughput_gbps=8.3906 latency_ms=66.9502
[2026-08-11T08:33:59] SAMPLE t=90s phase=Recovery adaptation=with_ML throughput_gbps=8.4396 latency_ms=63.934
[2026-08-11T08:34:00] SAMPLE t=91s phase=Recovery adaptation=with_ML throughput_gbps=8.3739 latency_ms=66.6799
[2026-08-11T08:34:01] SAMPLE t=92s phase=Recovery adaptation=with_ML throughput_gbps=8.5729 latency_ms=63.8997
[2026-08-11T08:34:02] SAMPLE t=93s phase=Recovery adaptation=with_ML throughput_gbps=8.5208 latency_ms=66.2466
[2026-08-11T08:34:03] SAMPLE t=94s phase=Recovery adaptation=with_ML throughput_gbps=8.6677 latency_ms=64.7913
[2026-08-11T08:34:04] SAMPLE t=95s phase=Recovery adaptation=with_ML throughput_gbps=8.362 latency_ms=65.5903
[2026-08-11T08:34:05] SAMPLE t=96s phase=Recovery adaptation=with_ML throughput_gbps=8.8229 latency_ms=63.8954
[2026-08-11T08:34:06] SAMPLE t=97s phase=Recovery adaptation=with_ML throughput_gbps=8.4749 latency_ms=66.9443
[2026-08-11T08:34:07] SAMPLE t=98s phase=Recovery adaptation=with_ML throughput_gbps=8.8404 latency_ms=65.5825
[2026-08-11T08:34:08] SAMPLE t=99s phase=Recovery adaptation=with_ML throughput_gbps=8.6927 latency_ms=65.4874
[2026-08-11T08:32:29] SAMPLE t=0s phase=Stable adaptation=without_ML throughput_gbps=8.1854 latency_ms=65.3919
[2026-08-11T08:32:30] SAMPLE t=1s phase=Stable adaptation=without_ML throughput_gbps=7.8127 latency_ms=64.8067
[2026-08-11T08:32:31] SAMPLE t=2s phase=Stable adaptation=without_ML throughput_gbps=7.996 latency_ms=65.4899
[2026-08-11T08:32:32] SAMPLE t=3s phase=Stable adaptation=without_ML throughput_gbps=8.2882 latency_ms=65.5627
[2026-08-11T08:32:33] SAMPLE t=4s phase=Stable adaptation=without_ML throughput_gbps=7.9677 latency_ms=66.8738
[2026-08-11T08:32:34] SAMPLE t=5s phase=Stable adaptation=without_ML throughput_gbps=8.4409 latency_ms=64.7107
[2026-08-11T08:32:35] SAMPLE t=6s phase=Stable adaptation=without_ML throughput_gbps=8.2087 latency_ms=65.7915
[2026-08-11T08:32:36] SAMPLE t=7s phase=Stable adaptation=without_ML throughput_gbps=8.251 latency_ms=64.8151
[2026-08-11T08:32:37] SAMPLE t=8s phase=Stable adaptation=without_ML throughput_gbps=8.1383 latency_ms=67.1423
[2026-08-11T08:32:38] SAMPLE t=9s phase=Stable adaptation=without_ML throughput_gbps=8.0428 latency_ms=64.4194
[2026-08-11T08:32:39] SAMPLE t=10s phase=Stable adaptation=without_ML throughput_gbps=8.2622 latency_ms=64.7811
[2026-08-11T08:32:40] SAMPLE t=11s phase=Stable adaptation=without_ML throughput_gbps=7.9831 latency_ms=64.2962
[2026-08-11T08:32:41] SAMPLE t=12s phase=Stable adaptation=without_ML throughput_gbps=7.8925 latency_ms=65.985
[2026-08-11T08:32:42] SAMPLE t=13s phase=Stable adaptation=without_ML throughput_gbps=8.1377 latency_ms=67.338
[2026-08-11T08:32:43] SAMPLE t=14s phase=Stable adaptation=without_ML throughput_gbps=8.1785 latency_ms=65.8621
[2026-08-11T08:32:44] SAMPLE t=15s phase=Stable adaptation=without_ML throughput_gbps=7.9297 latency_ms=65.6465
[2026-08-11T08:32:45] SAMPLE t=16s phase=Stable adaptation=without_ML throughput_gbps=8.4528 latency_ms=64.6167
[2026-08-11T08:32:46] SAMPLE t=17s phase=Stable adaptation=without_ML throughput_gbps=7.5098 latency_ms=65.6956
[2026-08-11T08:32:47] SAMPLE t=18s phase=Stable adaptation=without_ML throughput_gbps=7.7751 latency_ms=68.0368
[2026-08-11T08:32:48] SAMPLE t=19s phase=Stable adaptation=without_ML throughput_gbps=7.6989 latency_ms=65.8872
[2026-08-11T08:32:49] SAMPLE t=20s phase=Congestion adaptation=without_ML throughput_gbps=7.5965 latency_ms=65.4862
[2026-08-11T08:32:50] SAMPLE t=21s phase=Congestion adaptation=without_ML throughput_gbps=8.0912 latency_ms=66.8349
[2026-08-11T08:32:51] SAMPLE t=22s phase=Congestion adaptation=without_ML throughput_gbps=7.988 latency_ms=68.0094
[2026-08-11T08:32:52] SAMPLE t=23s phase=Congestion adaptation=without_ML throughput_gbps=7.8471 latency_ms=65.778
[2026-08-11T08:32:53] SAMPLE t=24s phase=Congestion adaptation=without_ML throughput_gbps=8.002 latency_ms=64.5551
[2026-08-11T08:32:54] SAMPLE t=25s phase=Congestion adaptation=without_ML throughput_gbps=8.3098 latency_ms=65.2741
[2026-08-11T08:32:55] SAMPLE t=26s phase=Congestion adaptation=without_ML throughput_gbps=8.1156 latency_ms=64.8773
[2026-08-11T08:32:56] SAMPLE t=27s phase=Congestion adaptation=without_ML throughput_gbps=8.1255 latency_ms=66.7403
[2026-08-11T08:32:57] SAMPLE t=28s phase=Congestion adaptation=without_ML throughput_gbps=7.5376 latency_ms=67.2718
[2026-08-11T08:32:58] SAMPLE t=29s phase=Congestion adaptation=without_ML throughput_gbps=7.9704 latency_ms=63.3867
[2026-08-11T08:32:59] SAMPLE t=30s phase=Congestion adaptation=without_ML throughput_gbps=7.8992 latency_ms=65.2269
[2026-08-11T08:33:00] SAMPLE t=31s phase=Congestion adaptation=without_ML throughput_gbps=8.3888 latency_ms=65.7876
[2026-08-11T08:33:01] SAMPLE t=32s phase=Congestion adaptation=without_ML throughput_gbps=8.0512 latency_ms=66.1261
[2026-08-11T08:33:02] SAMPLE t=33s phase=Congestion adaptation=without_ML throughput_gbps=8.3395 latency_ms=64.6852
[2026-08-11T08:33:03] SAMPLE t=34s phase=Congestion adaptation=without_ML throughput_gbps=7.8349 latency_ms=65.044
[2026-08-11T08:33:04] SAMPLE t=35s phase=Congestion adaptation=without_ML throughput_gbps=8.2175 latency_ms=67.6598
[2026-08-11T08:33:05] SAMPLE t=36s phase=Congestion adaptation=without_ML throughput_gbps=8.1738 latency_ms=67.7069
[2026-08-11T08:33:06] SAMPLE t=37s phase=Congestion adaptation=without_ML throughput_gbps=7.9915 latency_ms=64.0058
[2026-08-11T08:33:07] SAMPLE t=38s phase=Congestion adaptation=without_ML throughput_gbps=7.4328 latency_ms=62.5676
[2026-08-11T08:33:08] SAMPLE t=39s phase=Congestion adaptation=without_ML throughput_gbps=7.9253 latency_ms=67.9328
[2026-08-11T08:33:09] SAMPLE t=40s phase=Path_change adaptation=without_ML throughput_gbps=7.9184 latency_ms=63.8804
[2026-08-11T08:33:10] SAMPLE t=41s phase=Path_change adaptation=without_ML throughput_gbps=7.4469 latency_ms=65.8995
[2026-08-11T08:33:11] SAMPLE t=42s phase=Path_change adaptation=without_ML throughput_gbps=7.4661 latency_ms=69.7039
[2026-08-11T08:33:12] SAMPLE t=43s phase=Path_change adaptation=without_ML throughput_gbps=6.7651 latency_ms=67.9575
[2026-08-11T08:33:13] SAMPLE t=44s phase=Path_change adaptation=without_ML throughput_gbps=6.5119 latency_ms=69.8835
[2026-08-11T08:33:14] SAMPLE t=45s phase=Path_change adaptation=without_ML throughput_gbps=6.5546 latency_ms=70.1357
[2026-08-11T08:33:15] SAMPLE t=46s phase=Path_change adaptation=without_ML throughput_gbps=6.2526 latency_ms=75.0231
[2026-08-11T08:33:16] SAMPLE t=47s phase=Path_change adaptation=without_ML throughput_gbps=6.2183 latency_ms=72.7707
[2026-08-11T08:33:17] SAMPLE t=48s phase=Path_change adaptation=without_ML throughput_gbps=6.0182 latency_ms=69.7553
[2026-08-11T08:33:18] SAMPLE t=49s phase=Path_change adaptation=without_ML throughput_gbps=5.7313 latency_ms=71.3823
[2026-08-11T08:33:19] SAMPLE t=50s phase=Path_change adaptation=without_ML throughput_gbps=5.7346 latency_ms=71.5833
[2026-08-11T08:33:20] SAMPLE t=51s phase=Path_change adaptation=without_ML throughput_gbps=5.9615 latency_ms=74.3751
[2026-08-11T08:33:21] SAMPLE t=52s phase=Path_change adaptation=without_ML throughput_gbps=5.8259 latency_ms=71.7671
[2026-08-11T08:33:22] SAMPLE t=53s phase=Path_change adaptation=without_ML throughput_gbps=5.8831 latency_ms=74.0121
[2026-08-11T08:33:23] SAMPLE t=54s phase=Path_change adaptation=without_ML throughput_gbps=6.2289 latency_ms=72.8358
[2026-08-11T08:33:24] SAMPLE t=55s phase=Path_change adaptation=without_ML throughput_gbps=6.1483 latency_ms=70.7055
[2026-08-11T08:33:25] SAMPLE t=56s phase=Path_change adaptation=without_ML throughput_gbps=6.5125 latency_ms=69.0638
[2026-08-11T08:33:26] SAMPLE t=57s phase=Path_change adaptation=without_ML throughput_gbps=6.866 latency_ms=69.7366
[2026-08-11T08:33:27] SAMPLE t=58s phase=Path_change adaptation=without_ML throughput_gbps=7.232 latency_ms=66.8634
[2026-08-11T08:33:28] SAMPLE t=59s phase=Path_change adaptation=without_ML throughput_gbps=7.3437 latency_ms=66.3809
[2026-08-11T08:33:29] SAMPLE t=60s phase=Loss_spike adaptation=without_ML throughput_gbps=6.411 latency_ms=70.6134
[2026-08-11T08:33:30] SAMPLE t=61s phase=Loss_spike adaptation=without_ML throughput_gbps=8.6258 latency_ms=81.459
[2026-08-11T08:33:31] SAMPLE t=62s phase=Loss_spike adaptation=without_ML throughput_gbps=7.6326 latency_ms=74.8865
[2026-08-11T08:33:32] SAMPLE t=63s phase=Loss_spike adaptation=without_ML throughput_gbps=4.8092 latency_ms=77.6997
[2026-08-11T08:33:33] SAMPLE t=64s phase=Loss_spike adaptation=without_ML throughput_gbps=4.1267 latency_ms=81.903
[2026-08-11T08:33:34] SAMPLE t=65s phase=Loss_spike adaptation=without_ML throughput_gbps=6.2354 latency_ms=71.6302
[2026-08-11T08:33:35] SAMPLE t=66s phase=Loss_spike adaptation=without_ML throughput_gbps=8.0856 latency_ms=78.5613
[2026-08-11T08:33:36] SAMPLE t=67s phase=Loss_spike adaptation=without_ML throughput_gbps=8.167 latency_ms=74.2164
[2026-08-11T08:33:37] SAMPLE t=68s phase=Loss_spike adaptation=without_ML throughput_gbps=4.9898 latency_ms=74.7354
[2026-08-11T08:33:38] SAMPLE t=69s phase=Loss_spike adaptation=without_ML throughput_gbps=4.0876 latency_ms=79.6022
[2026-08-11T08:33:39] SAMPLE t=70s phase=Loss_spike adaptation=without_ML throughput_gbps=6.1841 latency_ms=70.5983
[2026-08-11T08:33:40] SAMPLE t=71s phase=Loss_spike adaptation=without_ML throughput_gbps=8.4687 latency_ms=75.9793
[2026-08-11T08:33:41] SAMPLE t=72s phase=Loss_spike adaptation=without_ML throughput_gbps=8.0868 latency_ms=77.211
[2026-08-11T08:33:42] SAMPLE t=73s phase=Loss_spike adaptation=without_ML throughput_gbps=4.8907 latency_ms=74.9756
[2026-08-11T08:33:43] SAMPLE t=74s phase=Loss_spike adaptation=without_ML throughput_gbps=3.7872 latency_ms=80.6537
[2026-08-11T08:33:44] SAMPLE t=75s phase=Loss_spike adaptation=without_ML throughput_gbps=5.9805 latency_ms=70.4695
[2026-08-11T08:33:45] SAMPLE t=76s phase=Loss_spike adaptation=without_ML throughput_gbps=8.4139 latency_ms=77.5537
[2026-08-11T08:33:46] SAMPLE t=77s phase=Loss_spike adaptation=without_ML throughput_gbps=7.0185 latency_ms=74.9571
[2026-08-11T08:33:47] SAMPLE t=78s phase=Loss_spike adaptation=without_ML throughput_gbps=5.0163 latency_ms=76.8292
[2026-08-11T08:33:48] SAMPLE t=79s phase=Loss_spike adaptation=without_ML throughput_gbps=4.1727 latency_ms=78.927
[2026-08-11T08:33:49] SAMPLE t=80s phase=Recovery adaptation=without_ML throughput_gbps=7.6942 latency_ms=63.6972
[2026-08-11T08:33:50] SAMPLE t=81s phase=Recovery adaptation=without_ML throughput_gbps=7.5924 latency_ms=68.3682
[2026-08-11T08:33:51] SAMPLE t=82s phase=Recovery adaptation=without_ML throughput_gbps=7.7613 latency_ms=65.3879
[2026-08-11T08:33:52] SAMPLE t=83s phase=Recovery adaptation=without_ML throughput_gbps=7.8856 latency_ms=62.529
[2026-08-11T08:33:53] SAMPLE t=84s phase=Recovery adaptation=without_ML throughput_gbps=8.0383 latency_ms=66.5865
[2026-08-11T08:33:54] SAMPLE t=85s phase=Recovery adaptation=without_ML throughput_gbps=7.9131 latency_ms=65.4226
[2026-08-11T08:33:55] SAMPLE t=86s phase=Recovery adaptation=without_ML throughput_gbps=7.9924 latency_ms=65.0515
[2026-08-11T08:33:56] SAMPLE t=87s phase=Recovery adaptation=without_ML throughput_gbps=8.3619 latency_ms=65.4968
[2026-08-11T08:33:57] SAMPLE t=88s phase=Recovery adaptation=without_ML throughput_gbps=7.9258 latency_ms=66.4797
[2026-08-11T08:33:58] SAMPLE t=89s phase=Recovery adaptation=without_ML throughput_gbps=8.0115 latency_ms=66.1893
[2026-08-11T08:33:59] SAMPLE t=90s phase=Recovery adaptation=without_ML throughput_gbps=8.0727 latency_ms=66.1487
[2026-08-11T08:34:00] SAMPLE t=91s phase=Recovery adaptation=without_ML throughput_gbps=8.0829 latency_ms=66.8138
[2026-08-11T08:34:01] SAMPLE t=92s phase=Recovery adaptation=without_ML throughput_gbps=7.9266 latency_ms=65.5166
[2026-08-11T08:34:02] SAMPLE t=93s phase=Recovery adaptation=without_ML throughput_gbps=7.7295 latency_ms=63.6613
[2026-08-11T08:34:03] SAMPLE t=94s phase=Recovery adaptation=without_ML throughput_gbps=8.0552 latency_ms=65.5978
[2026-08-11T08:34:04] SAMPLE t=95s phase=Recovery adaptation=without_ML throughput_gbps=7.9578 latency_ms=66.0661
[2026-08-11T08:34:05] SAMPLE t=96s phase=Recovery adaptation=without_ML throughput_gbps=7.9453 latency_ms=63.1199
[2026-08-11T08:34:06] SAMPLE t=97s phase=Recovery adaptation=without_ML throughput_gbps=8.0019 latency_ms=65.2049
[2026-08-11T08:34:07] SAMPLE t=98s phase=Recovery adaptation=without_ML throughput_gbps=8.1424 latency_ms=67.1128
[2026-08-11T08:34:08] SAMPLE t=99s phase=Recovery adaptation=without_ML throughput_gbps=7.8861 latency_ms=66.3454
[2026-08-11T08:32:29] TRACE_END run_id=71 status=OK
