[2026-07-22T10:35:45] RUN_START run_id=FI_080
[2026-07-22T10:35:45] METRIC importance_avg_object_size=0.35015
[2026-07-22T10:35:45] METRIC importance_packet_loss_rate=0.2426
[2026-07-22T10:35:45] METRIC importance_retransmission_count=0.14401
[2026-07-22T10:35:45] METRIC importance_throughput=0.0872
[2026-07-22T10:35:45] METRIC importance_latency=0.06366
[2026-07-22T10:35:45] METRIC importance_jitter=0.05304
[2026-07-22T10:35:45] METRIC importance_cache_hit_ratio=0.03202
[2026-07-22T10:35:45] METRIC importance_bandwidth_utilization=0.02731
[2026-07-22T10:35:45] RUN_END status=OK
[2026-07-24T13:47:48] RUN_START run_id=FI_081
[2026-07-24T13:47:48] METRIC importance_avg_object_size=0.31147
[2026-07-24T13:47:48] METRIC importance_packet_loss_rate=0.20721
[2026-07-24T13:47:48] METRIC importance_retransmission_count=0.13306
[2026-07-24T13:47:48] METRIC importance_throughput=0.10276
[2026-07-24T13:47:48] METRIC importance_latency=0.10144
[2026-07-24T13:47:48] METRIC importance_jitter=0.06507
[2026-07-24T13:47:48] METRIC importance_cache_hit_ratio=0.04265
[2026-07-24T13:47:48] METRIC importance_bandwidth_utilization=0.03635
[2026-07-24T13:47:48] RUN_END status=OK
[2026-07-24T13:51:02] RUN_START run_id=FI_082
[2026-07-24T13:51:02] METRIC importance_avg_object_size=0.29377
[2026-07-24T13:51:02] METRIC importance_packet_loss_rate=0.20862
[2026-07-24T13:51:02] METRIC importance_retransmission_count=0.16227
[2026-07-24T13:51:02] METRIC importance_throughput=0.11227
[2026-07-24T13:51:02] METRIC importance_latency=0.08104
[2026-07-24T13:51:02] METRIC importance_jitter=0.07234
[2026-07-24T13:51:02] METRIC importance_cache_hit_ratio=0.04473
[2026-07-24T13:51:02] METRIC importance_bandwidth_utilization=0.02495
[2026-07-24T13:51:02] RUN_END status=OK
[2026-07-24T13:52:33] RUN_START run_id=FI_083
[2026-07-24T13:52:33] METRIC importance_avg_object_size=0.27191
[2026-07-24T13:52:33] METRIC importance_packet_loss_rate=0.18508
[2026-07-24T13:52:33] METRIC importance_retransmission_count=0.17129
[2026-07-24T13:52:33] METRIC importance_throughput=0.13946
[2026-07-24T13:52:33] METRIC importance_latency=0.08622
[2026-07-24T13:52:33] METRIC importance_jitter=0.07161
[2026-07-24T13:52:33] METRIC importance_cache_hit_ratio=0.04715
[2026-07-24T13:52:33] METRIC importance_bandwidth_utilization=0.02726
[2026-07-24T13:52:33] RUN_END status=OK
[2026-07-24T13:53:54] RUN_START run_id=FI_084
[2026-07-24T13:53:54] METRIC importance_avg_object_size=0.26397
[2026-07-24T13:53:54] METRIC importance_packet_loss_rate=0.22323
[2026-07-24T13:53:54] METRIC importance_retransmission_count=0.15694
[2026-07-24T13:53:54] METRIC importance_throughput=0.13835
[2026-07-24T13:53:54] METRIC importance_latency=0.09009
[2026-07-24T13:53:54] METRIC importance_jitter=0.06383
[2026-07-24T13:53:54] METRIC importance_cache_hit_ratio=0.03454
[2026-07-24T13:53:54] METRIC importance_bandwidth_utilization=0.02905
[2026-07-24T13:53:54] RUN_END status=OK
[2026-07-24T13:56:32] RUN_START run_id=FI_085
[2026-07-24T13:56:32] METRIC importance_avg_object_size=0.32554
[2026-07-24T13:56:32] METRIC importance_packet_loss_rate=0.23287
[2026-07-24T13:56:32] METRIC importance_retransmission_count=0.14485
[2026-07-24T13:56:32] METRIC importance_throughput=0.09075
[2026-07-24T13:56:32] METRIC importance_latency=0.08646
[2026-07-24T13:56:32] METRIC importance_jitter=0.05419
[2026-07-24T13:56:32] METRIC importance_cache_hit_ratio=0.03613
[2026-07-24T13:56:32] METRIC importance_bandwidth_utilization=0.02921
[2026-07-24T13:56:32] RUN_END status=OK
[2026-07-24T14:00:23] RUN_START run_id=FI_086
[2026-07-24T14:00:23] METRIC importance_avg_object_size=0.27064
[2026-07-24T14:00:23] METRIC importance_packet_loss_rate=0.21762
[2026-07-24T14:00:23] METRIC importance_retransmission_count=0.19657
[2026-07-24T14:00:23] METRIC importance_throughput=0.0832
[2026-07-24T14:00:23] METRIC importance_latency=0.09394
[2026-07-24T14:00:23] METRIC importance_jitter=0.06493
[2026-07-24T14:00:23] METRIC importance_cache_hit_ratio=0.04429
[2026-07-24T14:00:23] METRIC importance_bandwidth_utilization=0.02881
[2026-07-24T14:00:23] RUN_END status=OK
[2026-07-24T14:01:45] RUN_START run_id=FI_087
[2026-07-24T14:01:45] METRIC importance_avg_object_size=0.31901
[2026-07-24T14:01:45] METRIC importance_packet_loss_rate=0.27877
[2026-07-24T14:01:45] METRIC importance_retransmission_count=0.1325
[2026-07-24T14:01:45] METRIC importance_throughput=0.08289
[2026-07-24T14:01:45] METRIC importance_latency=0.06536
[2026-07-24T14:01:45] METRIC importance_jitter=0.05353
[2026-07-24T14:01:45] METRIC importance_cache_hit_ratio=0.04548
[2026-07-24T14:01:45] METRIC importance_bandwidth_utilization=0.02246
[2026-07-24T14:01:45] RUN_END status=OK
[2026-07-24T14:02:18] RUN_START run_id=FI_088
[2026-07-24T14:02:18] METRIC importance_avg_object_size=0.30654
[2026-07-24T14:02:18] METRIC importance_packet_loss_rate=0.24526
[2026-07-24T14:02:18] METRIC importance_retransmission_count=0.16047
[2026-07-24T14:02:18] METRIC importance_throughput=0.08754
[2026-07-24T14:02:18] METRIC importance_latency=0.06967
[2026-07-24T14:02:18] METRIC importance_jitter=0.05771
[2026-07-24T14:02:18] METRIC importance_cache_hit_ratio=0.03916
[2026-07-24T14:02:18] METRIC importance_bandwidth_utilization=0.03364
[2026-07-24T14:02:18] RUN_END status=OK
[2026-07-24T14:04:08] RUN_START run_id=FI_089
[2026-07-24T14:04:08] METRIC importance_avg_object_size=0.26788
[2026-07-24T14:04:08] METRIC importance_packet_loss_rate=0.22721
[2026-07-24T14:04:08] METRIC importance_retransmission_count=0.15757
[2026-07-24T14:04:08] METRIC importance_throughput=0.11301
[2026-07-24T14:04:08] METRIC importance_latency=0.08478
[2026-07-24T14:04:08] METRIC importance_jitter=0.07731
[2026-07-24T14:04:08] METRIC importance_cache_hit_ratio=0.04805
[2026-07-24T14:04:08] METRIC importance_bandwidth_utilization=0.0242
[2026-07-24T14:04:08] RUN_END status=OK
[2026-07-24T14:06:38] RUN_START run_id=FI_090
[2026-07-24T14:06:38] METRIC importance_avg_object_size=0.32751
[2026-07-24T14:06:38] METRIC importance_packet_loss_rate=0.22376
[2026-07-24T14:06:38] METRIC importance_retransmission_count=0.12802
[2026-07-24T14:06:38] METRIC importance_throughput=0.11472
[2026-07-24T14:06:38] METRIC importance_latency=0.0851
[2026-07-24T14:06:38] METRIC importance_jitter=0.05411
[2026-07-24T14:06:38] METRIC importance_cache_hit_ratio=0.04127
[2026-07-24T14:06:38] METRIC importance_bandwidth_utilization=0.02551
[2026-07-24T14:06:38] RUN_END status=OK
[2026-07-24T14:08:15] RUN_START run_id=FI_091
[2026-07-24T14:08:15] METRIC importance_avg_object_size=0.31056
[2026-07-24T14:08:15] METRIC importance_packet_loss_rate=0.19832
[2026-07-24T14:08:15] METRIC importance_retransmission_count=0.17809
[2026-07-24T14:08:15] METRIC importance_throughput=0.08972
[2026-07-24T14:08:15] METRIC importance_latency=0.09896
[2026-07-24T14:08:15] METRIC importance_jitter=0.0515
[2026-07-24T14:08:15] METRIC importance_cache_hit_ratio=0.05119
[2026-07-24T14:08:15] METRIC importance_bandwidth_utilization=0.02166
[2026-07-24T14:08:15] RUN_END status=OK
[2026-07-24T14:09:43] RUN_START run_id=FI_092
[2026-07-24T14:09:43] METRIC importance_avg_object_size=0.35529
[2026-07-24T14:09:43] METRIC importance_packet_loss_rate=0.20112
[2026-07-24T14:09:43] METRIC importance_retransmission_count=0.15562
[2026-07-24T14:09:43] METRIC importance_throughput=0.10787
[2026-07-24T14:09:43] METRIC importance_latency=0.06059
[2026-07-24T14:09:43] METRIC importance_jitter=0.05133
[2026-07-24T14:09:43] METRIC importance_cache_hit_ratio=0.03737
[2026-07-24T14:09:43] METRIC importance_bandwidth_utilization=0.03081
[2026-07-24T14:09:43] RUN_END status=OK
[2026-07-24T14:11:43] RUN_START run_id=FI_093
[2026-07-24T14:11:43] METRIC importance_avg_object_size=0.33507
[2026-07-24T14:11:43] METRIC importance_packet_loss_rate=0.18059
[2026-07-24T14:11:43] METRIC importance_retransmission_count=0.14301
[2026-07-24T14:11:43] METRIC importance_throughput=0.12521
[2026-07-24T14:11:43] METRIC importance_latency=0.08501
[2026-07-24T14:11:43] METRIC importance_jitter=0.06753
[2026-07-24T14:11:43] METRIC importance_cache_hit_ratio=0.04057
[2026-07-24T14:11:43] METRIC importance_bandwidth_utilization=0.02303
[2026-07-24T14:11:43] RUN_END status=OK
[2026-07-24T14:13:45] RUN_START run_id=FI_094
[2026-07-24T14:13:45] METRIC importance_avg_object_size=0.33353
[2026-07-24T14:13:45] METRIC importance_packet_loss_rate=0.19815
[2026-07-24T14:13:45] METRIC importance_retransmission_count=0.15546
[2026-07-24T14:13:45] METRIC importance_throughput=0.08383
[2026-07-24T14:13:45] METRIC importance_latency=0.08955
[2026-07-24T14:13:45] METRIC importance_jitter=0.05556
[2026-07-24T14:13:45] METRIC importance_cache_hit_ratio=0.04723
[2026-07-24T14:13:45] METRIC importance_bandwidth_utilization=0.03669
[2026-07-24T14:13:45] RUN_END status=OK
[2026-07-24T14:14:37] RUN_START run_id=FI_095
[2026-07-24T14:14:37] METRIC importance_avg_object_size=0.29585
[2026-07-24T14:14:37] METRIC importance_packet_loss_rate=0.2639
[2026-07-24T14:14:37] METRIC importance_retransmission_count=0.16567
[2026-07-24T14:14:37] METRIC importance_throughput=0.0776
[2026-07-24T14:14:37] METRIC importance_latency=0.07292
[2026-07-24T14:14:37] METRIC importance_jitter=0.05203
[2026-07-24T14:14:37] METRIC importance_cache_hit_ratio=0.04131
[2026-07-24T14:14:37] METRIC importance_bandwidth_utilization=0.03071
[2026-07-24T14:14:37] RUN_END status=OK
[2026-07-24T14:15:23] RUN_START run_id=FI_096
[2026-07-24T14:15:23] METRIC importance_avg_object_size=0.34943
[2026-07-24T14:15:23] METRIC importance_packet_loss_rate=0.20205
[2026-07-24T14:15:23] METRIC importance_retransmission_count=0.15081
[2026-07-24T14:15:23] METRIC importance_throughput=0.12914
[2026-07-24T14:15:23] METRIC importance_latency=0.05451
[2026-07-24T14:15:23] METRIC importance_jitter=0.049
[2026-07-24T14:15:23] METRIC importance_cache_hit_ratio=0.04327
[2026-07-24T14:15:23] METRIC importance_bandwidth_utilization=0.02179
[2026-07-24T14:15:23] RUN_END status=OK
[2026-07-24T14:20:23] RUN_START run_id=FI_097
[2026-07-24T14:20:23] METRIC importance_avg_object_size=0.29624
[2026-07-24T14:20:23] METRIC importance_packet_loss_rate=0.25793
[2026-07-24T14:20:23] METRIC importance_retransmission_count=0.13171
[2026-07-24T14:20:23] METRIC importance_throughput=0.11128
[2026-07-24T14:20:23] METRIC importance_latency=0.0713
[2026-07-24T14:20:23] METRIC importance_jitter=0.05447
[2026-07-24T14:20:23] METRIC importance_cache_hit_ratio=0.03669
[2026-07-24T14:20:23] METRIC importance_bandwidth_utilization=0.0404
[2026-07-24T14:20:23] RUN_END status=OK
[2026-07-24T14:22:28] RUN_START run_id=FI_098
[2026-07-24T14:22:28] METRIC importance_avg_object_size=0.29834
[2026-07-24T14:22:28] METRIC importance_packet_loss_rate=0.20139
[2026-07-24T14:22:28] METRIC importance_retransmission_count=0.15077
[2026-07-24T14:22:28] METRIC importance_throughput=0.11548
[2026-07-24T14:22:28] METRIC importance_latency=0.08161
[2026-07-24T14:22:28] METRIC importance_jitter=0.07747
[2026-07-24T14:22:28] METRIC importance_cache_hit_ratio=0.04156
[2026-07-24T14:22:28] METRIC importance_bandwidth_utilization=0.03337
[2026-07-24T14:22:28] RUN_END status=OK
[2026-07-24T14:26:04] RUN_START run_id=FI_099
[2026-07-24T14:26:04] METRIC importance_avg_object_size=0.31407
[2026-07-24T14:26:04] METRIC importance_packet_loss_rate=0.20056
[2026-07-24T14:26:04] METRIC importance_retransmission_count=0.14959
[2026-07-24T14:26:04] METRIC importance_throughput=0.16602
[2026-07-24T14:26:04] METRIC importance_latency=0.06195
[2026-07-24T14:26:04] METRIC importance_jitter=0.05363
[2026-07-24T14:26:04] METRIC importance_cache_hit_ratio=0.03139
[2026-07-24T14:26:04] METRIC importance_bandwidth_utilization=0.02278
[2026-07-24T14:26:04] RUN_END status=OK
