[2026-07-21T06:29:13] RUN_START run_id=FI_045
[2026-07-21T06:29:13] METRIC importance_avg_object_size=0.28923
[2026-07-21T06:29:13] METRIC importance_packet_loss_rate=0.22051
[2026-07-21T06:29:13] METRIC importance_retransmission_count=0.14374
[2026-07-21T06:29:13] METRIC importance_throughput=0.10803
[2026-07-21T06:29:13] METRIC importance_latency=0.09541
[2026-07-21T06:29:13] METRIC importance_jitter=0.06401
[2026-07-21T06:29:13] METRIC importance_cache_hit_ratio=0.04525
[2026-07-21T06:29:13] METRIC importance_bandwidth_utilization=0.03383
[2026-07-21T06:29:13] RUN_END status=OK
[2026-07-22T09:19:39] RUN_START run_id=FI_046
[2026-07-22T09:19:39] METRIC importance_avg_object_size=0.28677
[2026-07-22T09:19:39] METRIC importance_packet_loss_rate=0.19551
[2026-07-22T09:19:39] METRIC importance_retransmission_count=0.19296
[2026-07-22T09:19:39] METRIC importance_throughput=0.0995
[2026-07-22T09:19:39] METRIC importance_latency=0.09356
[2026-07-22T09:19:39] METRIC importance_jitter=0.05356
[2026-07-22T09:19:39] METRIC importance_cache_hit_ratio=0.04533
[2026-07-22T09:19:39] METRIC importance_bandwidth_utilization=0.0328
[2026-07-22T09:19:39] RUN_END status=OK
[2026-07-22T09:19:58] RUN_START run_id=FI_047
[2026-07-22T09:19:58] METRIC importance_avg_object_size=0.29495
[2026-07-22T09:19:58] METRIC importance_packet_loss_rate=0.21174
[2026-07-22T09:19:58] METRIC importance_retransmission_count=0.16475
[2026-07-22T09:19:58] METRIC importance_throughput=0.13389
[2026-07-22T09:19:58] METRIC importance_latency=0.06959
[2026-07-22T09:19:58] METRIC importance_jitter=0.05073
[2026-07-22T09:19:58] METRIC importance_cache_hit_ratio=0.03411
[2026-07-22T09:19:58] METRIC importance_bandwidth_utilization=0.04025
[2026-07-22T09:19:58] RUN_END status=OK
[2026-07-22T09:20:52] RUN_START run_id=FI_048
[2026-07-22T09:20:52] METRIC importance_avg_object_size=0.33546
[2026-07-22T09:20:52] METRIC importance_packet_loss_rate=0.18815
[2026-07-22T09:20:52] METRIC importance_retransmission_count=0.16872
[2026-07-22T09:20:52] METRIC importance_throughput=0.11309
[2026-07-22T09:20:52] METRIC importance_latency=0.08563
[2026-07-22T09:20:52] METRIC importance_jitter=0.05019
[2026-07-22T09:20:52] METRIC importance_cache_hit_ratio=0.03543
[2026-07-22T09:20:52] METRIC importance_bandwidth_utilization=0.02333
[2026-07-22T09:20:52] RUN_END status=OK
[2026-07-22T09:23:03] RUN_START run_id=FI_049
[2026-07-22T09:23:03] METRIC importance_avg_object_size=0.30658
[2026-07-22T09:23:03] METRIC importance_packet_loss_rate=0.25499
[2026-07-22T09:23:03] METRIC importance_retransmission_count=0.11883
[2026-07-22T09:23:03] METRIC importance_throughput=0.09073
[2026-07-22T09:23:03] METRIC importance_latency=0.08792
[2026-07-22T09:23:03] METRIC importance_jitter=0.06171
[2026-07-22T09:23:03] METRIC importance_cache_hit_ratio=0.04554
[2026-07-22T09:23:03] METRIC importance_bandwidth_utilization=0.0337
[2026-07-22T09:23:03] RUN_END status=OK
[2026-07-22T09:27:29] RUN_START run_id=FI_050
[2026-07-22T09:27:29] METRIC importance_avg_object_size=0.28347
[2026-07-22T09:27:29] METRIC importance_packet_loss_rate=0.18669
[2026-07-22T09:27:29] METRIC importance_retransmission_count=0.19668
[2026-07-22T09:27:29] METRIC importance_throughput=0.10013
[2026-07-22T09:27:29] METRIC importance_latency=0.12336
[2026-07-22T09:27:29] METRIC importance_jitter=0.04457
[2026-07-22T09:27:29] METRIC importance_cache_hit_ratio=0.03597
[2026-07-22T09:27:29] METRIC importance_bandwidth_utilization=0.02914
[2026-07-22T09:27:29] RUN_END status=OK
[2026-07-22T09:30:14] RUN_START run_id=FI_051
[2026-07-22T09:30:14] METRIC importance_avg_object_size=0.28741
[2026-07-22T09:30:14] METRIC importance_packet_loss_rate=0.22331
[2026-07-22T09:30:14] METRIC importance_retransmission_count=0.15456
[2026-07-22T09:30:14] METRIC importance_throughput=0.12955
[2026-07-22T09:30:14] METRIC importance_latency=0.08606
[2026-07-22T09:30:14] METRIC importance_jitter=0.05463
[2026-07-22T09:30:14] METRIC importance_cache_hit_ratio=0.03343
[2026-07-22T09:30:14] METRIC importance_bandwidth_utilization=0.03106
[2026-07-22T09:30:14] RUN_END status=OK
[2026-07-22T09:33:31] RUN_START run_id=FI_052
[2026-07-22T09:33:31] METRIC importance_avg_object_size=0.36413
[2026-07-22T09:33:31] METRIC importance_packet_loss_rate=0.21899
[2026-07-22T09:33:31] METRIC importance_retransmission_count=0.15006
[2026-07-22T09:33:31] METRIC importance_throughput=0.10804
[2026-07-22T09:33:31] METRIC importance_latency=0.05601
[2026-07-22T09:33:31] METRIC importance_jitter=0.0502
[2026-07-22T09:33:31] METRIC importance_cache_hit_ratio=0.02775
[2026-07-22T09:33:31] METRIC importance_bandwidth_utilization=0.02481
[2026-07-22T09:33:31] RUN_END status=OK
[2026-07-22T09:35:46] RUN_START run_id=FI_053
[2026-07-22T09:35:46] METRIC importance_avg_object_size=0.29337
[2026-07-22T09:35:46] METRIC importance_packet_loss_rate=0.22512
[2026-07-22T09:35:46] METRIC importance_retransmission_count=0.13625
[2026-07-22T09:35:46] METRIC importance_throughput=0.09923
[2026-07-22T09:35:46] METRIC importance_latency=0.1108
[2026-07-22T09:35:46] METRIC importance_jitter=0.05804
[2026-07-22T09:35:46] METRIC importance_cache_hit_ratio=0.04452
[2026-07-22T09:35:46] METRIC importance_bandwidth_utilization=0.03267
[2026-07-22T09:35:46] RUN_END status=OK
[2026-07-22T09:37:53] RUN_START run_id=FI_054
[2026-07-22T09:37:53] METRIC importance_avg_object_size=0.28589
[2026-07-22T09:37:53] METRIC importance_packet_loss_rate=0.24394
[2026-07-22T09:37:53] METRIC importance_retransmission_count=0.14796
[2026-07-22T09:37:53] METRIC importance_throughput=0.12046
[2026-07-22T09:37:53] METRIC importance_latency=0.07051
[2026-07-22T09:37:53] METRIC importance_jitter=0.05175
[2026-07-22T09:37:53] METRIC importance_cache_hit_ratio=0.03975
[2026-07-22T09:37:53] METRIC importance_bandwidth_utilization=0.03975
[2026-07-22T09:37:53] RUN_END status=OK
[2026-07-22T09:39:41] RUN_START run_id=FI_055
[2026-07-22T09:39:41] METRIC importance_avg_object_size=0.30228
[2026-07-22T09:39:41] METRIC importance_packet_loss_rate=0.17089
[2026-07-22T09:39:41] METRIC importance_retransmission_count=0.19799
[2026-07-22T09:39:41] METRIC importance_throughput=0.12714
[2026-07-22T09:39:41] METRIC importance_latency=0.08291
[2026-07-22T09:39:41] METRIC importance_jitter=0.0567
[2026-07-22T09:39:41] METRIC importance_cache_hit_ratio=0.03079
[2026-07-22T09:39:41] METRIC importance_bandwidth_utilization=0.0313
[2026-07-22T09:39:41] RUN_END status=OK
[2026-07-22T09:42:54] RUN_START run_id=FI_056
[2026-07-22T09:42:54] METRIC importance_avg_object_size=0.2731
[2026-07-22T09:42:54] METRIC importance_packet_loss_rate=0.20395
[2026-07-22T09:42:54] METRIC importance_retransmission_count=0.21037
[2026-07-22T09:42:54] METRIC importance_throughput=0.10735
[2026-07-22T09:42:54] METRIC importance_latency=0.07903
[2026-07-22T09:42:54] METRIC importance_jitter=0.06141
[2026-07-22T09:42:54] METRIC importance_cache_hit_ratio=0.04055
[2026-07-22T09:42:54] METRIC importance_bandwidth_utilization=0.02425
[2026-07-22T09:42:54] RUN_END status=OK
[2026-07-22T09:44:16] RUN_START run_id=FI_057
[2026-07-22T09:44:16] METRIC importance_avg_object_size=0.26968
[2026-07-22T09:44:16] METRIC importance_packet_loss_rate=0.26324
[2026-07-22T09:44:16] METRIC importance_retransmission_count=0.16338
[2026-07-22T09:44:16] METRIC importance_throughput=0.10741
[2026-07-22T09:44:16] METRIC importance_latency=0.07377
[2026-07-22T09:44:16] METRIC importance_jitter=0.04929
[2026-07-22T09:44:16] METRIC importance_cache_hit_ratio=0.04419
[2026-07-22T09:44:16] METRIC importance_bandwidth_utilization=0.02905
[2026-07-22T09:44:16] RUN_END status=OK
[2026-07-22T09:45:40] RUN_START run_id=FI_058
[2026-07-22T09:45:40] METRIC importance_avg_object_size=0.30602
[2026-07-22T09:45:40] METRIC importance_packet_loss_rate=0.2211
[2026-07-22T09:45:40] METRIC importance_retransmission_count=0.13955
[2026-07-22T09:45:40] METRIC importance_throughput=0.09726
[2026-07-22T09:45:40] METRIC importance_latency=0.09814
[2026-07-22T09:45:40] METRIC importance_jitter=0.0641
[2026-07-22T09:45:40] METRIC importance_cache_hit_ratio=0.04882
[2026-07-22T09:45:40] METRIC importance_bandwidth_utilization=0.02502
[2026-07-22T09:45:40] RUN_END status=OK
[2026-07-22T09:49:02] RUN_START run_id=FI_059
[2026-07-22T09:49:02] METRIC importance_avg_object_size=0.28263
[2026-07-22T09:49:02] METRIC importance_packet_loss_rate=0.20602
[2026-07-22T09:49:02] METRIC importance_retransmission_count=0.17078
[2026-07-22T09:49:02] METRIC importance_throughput=0.12909
[2026-07-22T09:49:02] METRIC importance_latency=0.08781
[2026-07-22T09:49:02] METRIC importance_jitter=0.06138
[2026-07-22T09:49:02] METRIC importance_cache_hit_ratio=0.03439
[2026-07-22T09:49:02] METRIC importance_bandwidth_utilization=0.0279
[2026-07-22T09:49:02] RUN_END status=OK
[2026-07-22T09:50:54] RUN_START run_id=FI_060
[2026-07-22T09:50:54] METRIC importance_avg_object_size=0.2356
[2026-07-22T09:50:54] METRIC importance_packet_loss_rate=0.25409
[2026-07-22T09:50:54] METRIC importance_retransmission_count=0.13154
[2026-07-22T09:50:54] METRIC importance_throughput=0.15282
[2026-07-22T09:50:54] METRIC importance_latency=0.08887
[2026-07-22T09:50:54] METRIC importance_jitter=0.05921
[2026-07-22T09:50:54] METRIC importance_cache_hit_ratio=0.04548
[2026-07-22T09:50:54] METRIC importance_bandwidth_utilization=0.03239
[2026-07-22T09:50:54] RUN_END status=OK
[2026-07-22T09:53:31] RUN_START run_id=FI_061
[2026-07-22T09:53:31] METRIC importance_avg_object_size=0.31897
[2026-07-22T09:53:31] METRIC importance_packet_loss_rate=0.20488
[2026-07-22T09:53:31] METRIC importance_retransmission_count=0.1524
[2026-07-22T09:53:31] METRIC importance_throughput=0.11142
[2026-07-22T09:53:31] METRIC importance_latency=0.07541
[2026-07-22T09:53:31] METRIC importance_jitter=0.06995
[2026-07-22T09:53:31] METRIC importance_cache_hit_ratio=0.04108
[2026-07-22T09:53:31] METRIC importance_bandwidth_utilization=0.02589
[2026-07-22T09:53:31] RUN_END status=OK
[2026-07-22T09:54:36] RUN_START run_id=FI_062
[2026-07-22T09:54:36] METRIC importance_avg_object_size=0.35275
[2026-07-22T09:54:36] METRIC importance_packet_loss_rate=0.18396
[2026-07-22T09:54:36] METRIC importance_retransmission_count=0.14864
[2026-07-22T09:54:36] METRIC importance_throughput=0.10436
[2026-07-22T09:54:36] METRIC importance_latency=0.07987
[2026-07-22T09:54:36] METRIC importance_jitter=0.05508
[2026-07-22T09:54:36] METRIC importance_cache_hit_ratio=0.04551
[2026-07-22T09:54:36] METRIC importance_bandwidth_utilization=0.02983
[2026-07-22T09:54:36] RUN_END status=OK
[2026-07-22T09:55:56] RUN_START run_id=FI_063
[2026-07-22T09:55:56] METRIC importance_avg_object_size=0.27313
[2026-07-22T09:55:56] METRIC importance_packet_loss_rate=0.21038
[2026-07-22T09:55:56] METRIC importance_retransmission_count=0.18264
[2026-07-22T09:55:56] METRIC importance_throughput=0.11976
[2026-07-22T09:55:56] METRIC importance_latency=0.08045
[2026-07-22T09:55:56] METRIC importance_jitter=0.05604
[2026-07-22T09:55:56] METRIC importance_cache_hit_ratio=0.03941
[2026-07-22T09:55:56] METRIC importance_bandwidth_utilization=0.0382
[2026-07-22T09:55:56] RUN_END status=OK
[2026-07-22T09:56:26] RUN_START run_id=FI_064
[2026-07-22T09:56:26] METRIC importance_avg_object_size=0.37021
[2026-07-22T09:56:26] METRIC importance_packet_loss_rate=0.22162
[2026-07-22T09:56:26] METRIC importance_retransmission_count=0.11718
[2026-07-22T09:56:26] METRIC importance_throughput=0.10482
[2026-07-22T09:56:26] METRIC importance_latency=0.07891
[2026-07-22T09:56:26] METRIC importance_jitter=0.04659
[2026-07-22T09:56:26] METRIC importance_cache_hit_ratio=0.02802
[2026-07-22T09:56:26] METRIC importance_bandwidth_utilization=0.03263
[2026-07-22T09:56:26] RUN_END status=OK
