[2026-07-24T23:50:56] RUN_START run_id=FI_128
[2026-07-24T23:50:56] METRIC importance_avg_object_size=0.2919
[2026-07-24T23:50:56] METRIC importance_packet_loss_rate=0.17789
[2026-07-24T23:50:56] METRIC importance_retransmission_count=0.24332
[2026-07-24T23:50:56] METRIC importance_throughput=0.08406
[2026-07-24T23:50:56] METRIC importance_latency=0.07799
[2026-07-24T23:50:56] METRIC importance_jitter=0.05027
[2026-07-24T23:50:56] METRIC importance_cache_hit_ratio=0.03828
[2026-07-24T23:50:56] METRIC importance_bandwidth_utilization=0.03629
[2026-07-24T23:50:56] RUN_END status=OK
[2026-07-24T23:51:20] RUN_START run_id=FI_129
[2026-07-24T23:51:20] METRIC importance_avg_object_size=0.26158
[2026-07-24T23:51:20] METRIC importance_packet_loss_rate=0.25819
[2026-07-24T23:51:20] METRIC importance_retransmission_count=0.15883
[2026-07-24T23:51:20] METRIC importance_throughput=0.11953
[2026-07-24T23:51:20] METRIC importance_latency=0.07929
[2026-07-24T23:51:20] METRIC importance_jitter=0.06224
[2026-07-24T23:51:20] METRIC importance_cache_hit_ratio=0.03244
[2026-07-24T23:51:20] METRIC importance_bandwidth_utilization=0.0279
[2026-07-24T23:51:20] RUN_END status=OK
[2026-07-24T23:54:09] RUN_START run_id=FI_130
[2026-07-24T23:54:09] METRIC importance_avg_object_size=0.35617
[2026-07-24T23:54:09] METRIC importance_packet_loss_rate=0.19117
[2026-07-24T23:54:09] METRIC importance_retransmission_count=0.1568
[2026-07-24T23:54:09] METRIC importance_throughput=0.09463
[2026-07-24T23:54:09] METRIC importance_latency=0.07792
[2026-07-24T23:54:09] METRIC importance_jitter=0.0517
[2026-07-24T23:54:09] METRIC importance_cache_hit_ratio=0.03685
[2026-07-24T23:54:09] METRIC importance_bandwidth_utilization=0.03476
[2026-07-24T23:54:09] RUN_END status=OK
[2026-07-24T23:56:51] RUN_START run_id=FI_131
[2026-07-24T23:56:51] METRIC importance_avg_object_size=0.29009
[2026-07-24T23:56:51] METRIC importance_packet_loss_rate=0.18428
[2026-07-24T23:56:51] METRIC importance_retransmission_count=0.1904
[2026-07-24T23:56:51] METRIC importance_throughput=0.11479
[2026-07-24T23:56:51] METRIC importance_latency=0.08256
[2026-07-24T23:56:51] METRIC importance_jitter=0.06724
[2026-07-24T23:56:51] METRIC importance_cache_hit_ratio=0.04107
[2026-07-24T23:56:51] METRIC importance_bandwidth_utilization=0.02956
[2026-07-24T23:56:51] RUN_END status=OK
[2026-07-24T23:59:13] RUN_START run_id=FI_132
[2026-07-24T23:59:13] METRIC importance_avg_object_size=0.32743
[2026-07-24T23:59:13] METRIC importance_packet_loss_rate=0.23833
[2026-07-24T23:59:13] METRIC importance_retransmission_count=0.13976
[2026-07-24T23:59:13] METRIC importance_throughput=0.10069
[2026-07-24T23:59:13] METRIC importance_latency=0.08259
[2026-07-24T23:59:13] METRIC importance_jitter=0.0472
[2026-07-24T23:59:13] METRIC importance_cache_hit_ratio=0.03672
[2026-07-24T23:59:13] METRIC importance_bandwidth_utilization=0.02727
[2026-07-24T23:59:13] RUN_END status=OK
[2026-07-25T00:05:53] RUN_START run_id=FI_133
[2026-07-25T00:05:53] METRIC importance_avg_object_size=0.34476
[2026-07-25T00:05:53] METRIC importance_packet_loss_rate=0.19649
[2026-07-25T00:05:53] METRIC importance_retransmission_count=0.14431
[2026-07-25T00:05:53] METRIC importance_throughput=0.09509
[2026-07-25T00:05:53] METRIC importance_latency=0.08748
[2026-07-25T00:05:53] METRIC importance_jitter=0.04885
[2026-07-25T00:05:53] METRIC importance_cache_hit_ratio=0.04545
[2026-07-25T00:05:53] METRIC importance_bandwidth_utilization=0.03756
[2026-07-25T00:05:53] RUN_END status=OK
[2026-07-25T00:08:53] RUN_START run_id=FI_134
[2026-07-25T00:08:53] METRIC importance_avg_object_size=0.32841
[2026-07-25T00:08:53] METRIC importance_packet_loss_rate=0.21109
[2026-07-25T00:08:53] METRIC importance_retransmission_count=0.1261
[2026-07-25T00:08:53] METRIC importance_throughput=0.12715
[2026-07-25T00:08:53] METRIC importance_latency=0.06437
[2026-07-25T00:08:53] METRIC importance_jitter=0.07023
[2026-07-25T00:08:53] METRIC importance_cache_hit_ratio=0.04189
[2026-07-25T00:08:53] METRIC importance_bandwidth_utilization=0.03078
[2026-07-25T00:08:53] RUN_END status=OK
[2026-07-25T00:12:38] RUN_START run_id=FI_135
[2026-07-25T00:12:38] METRIC importance_avg_object_size=0.29748
[2026-07-25T00:12:38] METRIC importance_packet_loss_rate=0.26849
[2026-07-25T00:12:38] METRIC importance_retransmission_count=0.14358
[2026-07-25T00:12:38] METRIC importance_throughput=0.08957
[2026-07-25T00:12:38] METRIC importance_latency=0.08141
[2026-07-25T00:12:38] METRIC importance_jitter=0.05451
[2026-07-25T00:12:38] METRIC importance_cache_hit_ratio=0.03225
[2026-07-25T00:12:38] METRIC importance_bandwidth_utilization=0.03271
[2026-07-25T00:12:38] RUN_END status=OK
[2026-07-25T00:15:25] RUN_START run_id=FI_136
[2026-07-25T00:15:25] METRIC importance_avg_object_size=0.26174
[2026-07-25T00:15:25] METRIC importance_packet_loss_rate=0.26452
[2026-07-25T00:15:25] METRIC importance_retransmission_count=0.16165
[2026-07-25T00:15:25] METRIC importance_throughput=0.07348
[2026-07-25T00:15:25] METRIC importance_latency=0.08643
[2026-07-25T00:15:25] METRIC importance_jitter=0.0644
[2026-07-25T00:15:25] METRIC importance_cache_hit_ratio=0.05679
[2026-07-25T00:15:25] METRIC importance_bandwidth_utilization=0.03097
[2026-07-25T00:15:25] RUN_END status=OK
[2026-07-25T00:18:17] RUN_START run_id=FI_137
[2026-07-25T00:18:17] METRIC importance_avg_object_size=0.30117
[2026-07-25T00:18:17] METRIC importance_packet_loss_rate=0.19889
[2026-07-25T00:18:17] METRIC importance_retransmission_count=0.17332
[2026-07-25T00:18:17] METRIC importance_throughput=0.1082
[2026-07-25T00:18:17] METRIC importance_latency=0.07355
[2026-07-25T00:18:17] METRIC importance_jitter=0.0757
[2026-07-25T00:18:17] METRIC importance_cache_hit_ratio=0.0318
[2026-07-25T00:18:17] METRIC importance_bandwidth_utilization=0.03736
[2026-07-25T00:18:17] RUN_END status=OK
[2026-07-25T00:22:14] RUN_START run_id=FI_138
[2026-07-25T00:22:14] METRIC importance_avg_object_size=0.2965
[2026-07-25T00:22:14] METRIC importance_packet_loss_rate=0.19634
[2026-07-25T00:22:14] METRIC importance_retransmission_count=0.16916
[2026-07-25T00:22:14] METRIC importance_throughput=0.09145
[2026-07-25T00:22:14] METRIC importance_latency=0.10258
[2026-07-25T00:22:14] METRIC importance_jitter=0.07129
[2026-07-25T00:22:14] METRIC importance_cache_hit_ratio=0.04109
[2026-07-25T00:22:14] METRIC importance_bandwidth_utilization=0.03158
[2026-07-25T00:22:14] RUN_END status=OK
[2026-07-25T00:25:16] RUN_START run_id=FI_139
[2026-07-25T00:25:16] METRIC importance_avg_object_size=0.33289
[2026-07-25T00:25:16] METRIC importance_packet_loss_rate=0.19535
[2026-07-25T00:25:16] METRIC importance_retransmission_count=0.15608
[2026-07-25T00:25:16] METRIC importance_throughput=0.12047
[2026-07-25T00:25:16] METRIC importance_latency=0.07862
[2026-07-25T00:25:16] METRIC importance_jitter=0.05363
[2026-07-25T00:25:16] METRIC importance_cache_hit_ratio=0.03914
[2026-07-25T00:25:16] METRIC importance_bandwidth_utilization=0.02382
[2026-07-25T00:25:16] RUN_END status=OK
[2026-07-25T00:27:23] RUN_START run_id=FI_140
[2026-07-25T00:27:23] METRIC importance_avg_object_size=0.27921
[2026-07-25T00:27:23] METRIC importance_packet_loss_rate=0.21295
[2026-07-25T00:27:23] METRIC importance_retransmission_count=0.16269
[2026-07-25T00:27:23] METRIC importance_throughput=0.10634
[2026-07-25T00:27:23] METRIC importance_latency=0.09579
[2026-07-25T00:27:23] METRIC importance_jitter=0.07744
[2026-07-25T00:27:23] METRIC importance_cache_hit_ratio=0.03299
[2026-07-25T00:27:23] METRIC importance_bandwidth_utilization=0.03259
[2026-07-25T00:27:23] RUN_END status=OK
[2026-07-25T00:32:10] RUN_START run_id=FI_141
[2026-07-25T00:32:10] METRIC importance_avg_object_size=0.27335
[2026-07-25T00:32:10] METRIC importance_packet_loss_rate=0.22869
[2026-07-25T00:32:10] METRIC importance_retransmission_count=0.1629
[2026-07-25T00:32:10] METRIC importance_throughput=0.1051
[2026-07-25T00:32:10] METRIC importance_latency=0.09558
[2026-07-25T00:32:10] METRIC importance_jitter=0.05133
[2026-07-25T00:32:10] METRIC importance_cache_hit_ratio=0.05369
[2026-07-25T00:32:10] METRIC importance_bandwidth_utilization=0.02935
[2026-07-25T00:32:10] RUN_END status=OK
[2026-07-25T00:35:30] RUN_START run_id=FI_142
[2026-07-25T00:35:30] METRIC importance_avg_object_size=0.35355
[2026-07-25T00:35:30] METRIC importance_packet_loss_rate=0.14805
[2026-07-25T00:35:30] METRIC importance_retransmission_count=0.17491
[2026-07-25T00:35:30] METRIC importance_throughput=0.09461
[2026-07-25T00:35:30] METRIC importance_latency=0.0996
[2026-07-25T00:35:30] METRIC importance_jitter=0.04701
[2026-07-25T00:35:30] METRIC importance_cache_hit_ratio=0.05028
[2026-07-25T00:35:30] METRIC importance_bandwidth_utilization=0.032
[2026-07-25T00:35:30] RUN_END status=OK
[2026-07-25T00:37:24] RUN_START run_id=FI_143
[2026-07-25T00:37:24] METRIC importance_avg_object_size=0.24439
[2026-07-25T00:37:24] METRIC importance_packet_loss_rate=0.22465
[2026-07-25T00:37:24] METRIC importance_retransmission_count=0.16799
[2026-07-25T00:37:24] METRIC importance_throughput=0.12745
[2026-07-25T00:37:24] METRIC importance_latency=0.07624
[2026-07-25T00:37:24] METRIC importance_jitter=0.08735
[2026-07-25T00:37:24] METRIC importance_cache_hit_ratio=0.03868
[2026-07-25T00:37:24] METRIC importance_bandwidth_utilization=0.03326
[2026-07-25T00:37:24] RUN_END status=OK
[2026-07-25T01:16:53] RUN_START run_id=FI_144
[2026-07-25T01:16:53] METRIC importance_avg_object_size=0.28503
[2026-07-25T01:16:53] METRIC importance_packet_loss_rate=0.22005
[2026-07-25T01:16:53] METRIC importance_retransmission_count=0.18604
[2026-07-25T01:16:53] METRIC importance_throughput=0.09922
[2026-07-25T01:16:53] METRIC importance_latency=0.08097
[2026-07-25T01:16:53] METRIC importance_jitter=0.0571
[2026-07-25T01:16:53] METRIC importance_cache_hit_ratio=0.03582
[2026-07-25T01:16:53] METRIC importance_bandwidth_utilization=0.03577
[2026-07-25T01:16:53] RUN_END status=OK
[2026-07-25T01:17:14] RUN_START run_id=FI_145
[2026-07-25T01:17:14] METRIC importance_avg_object_size=0.36631
[2026-07-25T01:17:14] METRIC importance_packet_loss_rate=0.19749
[2026-07-25T01:17:14] METRIC importance_retransmission_count=0.12709
[2026-07-25T01:17:14] METRIC importance_throughput=0.09139
[2026-07-25T01:17:14] METRIC importance_latency=0.07819
[2026-07-25T01:17:14] METRIC importance_jitter=0.0683
[2026-07-25T01:17:14] METRIC importance_cache_hit_ratio=0.04411
[2026-07-25T01:17:14] METRIC importance_bandwidth_utilization=0.02711
[2026-07-25T01:17:14] RUN_END status=OK
[2026-07-25T01:17:55] RUN_START run_id=FI_146
[2026-07-25T01:17:55] METRIC importance_avg_object_size=0.31484
[2026-07-25T01:17:55] METRIC importance_packet_loss_rate=0.2238
[2026-07-25T01:17:55] METRIC importance_retransmission_count=0.15778
[2026-07-25T01:17:55] METRIC importance_throughput=0.09222
[2026-07-25T01:17:55] METRIC importance_latency=0.07015
[2026-07-25T01:17:55] METRIC importance_jitter=0.05709
[2026-07-25T01:17:55] METRIC importance_cache_hit_ratio=0.05776
[2026-07-25T01:17:55] METRIC importance_bandwidth_utilization=0.02636
[2026-07-25T01:17:55] RUN_END status=OK
[2026-07-25T01:19:29] RUN_START run_id=FI_147
[2026-07-25T01:19:29] METRIC importance_avg_object_size=0.32423
[2026-07-25T01:19:29] METRIC importance_packet_loss_rate=0.21465
[2026-07-25T01:19:29] METRIC importance_retransmission_count=0.16552
[2026-07-25T01:19:29] METRIC importance_throughput=0.09022
[2026-07-25T01:19:29] METRIC importance_latency=0.0708
[2026-07-25T01:19:29] METRIC importance_jitter=0.06338
[2026-07-25T01:19:29] METRIC importance_cache_hit_ratio=0.04602
[2026-07-25T01:19:29] METRIC importance_bandwidth_utilization=0.02518
[2026-07-25T01:19:29] RUN_END status=OK
