[2026-07-16T08:53:44] RUN_START run_id=BASE_MLP_proposed_088
[2026-07-16T08:53:44] PARAM method=MLP_proposed
[2026-07-16T08:53:44] METRIC mae_bytes=103.76
[2026-07-16T08:53:44] METRIC throughput_gbps=8.5129
[2026-07-16T08:53:44] METRIC latency_ms=12.1424
[2026-07-16T08:53:44] RUN_END status=OK
[2026-07-16T08:54:45] RUN_START run_id=BASE_MLP_proposed_089
[2026-07-16T08:54:45] PARAM method=MLP_proposed
[2026-07-16T08:54:45] METRIC mae_bytes=102.89
[2026-07-16T08:54:45] METRIC throughput_gbps=8.0386
[2026-07-16T08:54:45] METRIC latency_ms=11.2009
[2026-07-16T08:54:45] RUN_END status=OK
[2026-07-16T08:56:00] RUN_START run_id=BASE_MLP_proposed_090
[2026-07-16T08:56:00] PARAM method=MLP_proposed
[2026-07-16T08:56:00] METRIC mae_bytes=97.84
[2026-07-16T08:56:00] METRIC throughput_gbps=8.3308
[2026-07-16T08:56:00] METRIC latency_ms=12.5429
[2026-07-16T08:56:00] RUN_END status=OK
[2026-07-16T08:58:22] RUN_START run_id=BASE_MLP_proposed_091
[2026-07-16T08:58:22] PARAM method=MLP_proposed
[2026-07-16T08:58:22] METRIC mae_bytes=115.97
[2026-07-16T08:58:22] METRIC throughput_gbps=8.0317
[2026-07-16T08:58:22] METRIC latency_ms=12.7542
[2026-07-16T08:58:22] RUN_END status=OK
[2026-07-16T09:00:00] RUN_START run_id=BASE_Linear_regression_001
[2026-07-16T09:00:00] PARAM method=Linear_regression
[2026-07-16T09:00:00] METRIC mae_bytes=214.95
[2026-07-16T09:00:00] METRIC throughput_gbps=7.2318
[2026-07-16T09:00:00] METRIC latency_ms=13.1768
[2026-07-16T09:00:00] RUN_END status=OK
[2026-07-16T09:01:12] RUN_START run_id=BASE_Linear_regression_002
[2026-07-16T09:01:12] PARAM method=Linear_regression
[2026-07-16T09:01:12] METRIC mae_bytes=230.55
[2026-07-16T09:01:12] METRIC throughput_gbps=8.1903
[2026-07-16T09:01:12] METRIC latency_ms=14.9152
[2026-07-16T09:01:12] RUN_END status=OK
[2026-07-16T09:01:44] RUN_START run_id=BASE_MLP_proposed_092
[2026-07-16T09:01:44] PARAM method=MLP_proposed
[2026-07-16T09:01:44] METRIC mae_bytes=102.63
[2026-07-16T09:01:44] METRIC throughput_gbps=7.8764
[2026-07-16T09:01:44] METRIC latency_ms=12.7769
[2026-07-16T09:01:44] RUN_END status=OK
[2026-07-16T09:04:29] RUN_START run_id=BASE_MLP_proposed_093
[2026-07-16T09:04:29] PARAM method=MLP_proposed
[2026-07-16T09:04:29] METRIC mae_bytes=128.16
[2026-07-16T09:04:29] METRIC throughput_gbps=8.238
[2026-07-16T09:04:29] METRIC latency_ms=12.379
[2026-07-16T09:04:29] RUN_END status=OK
[2026-07-16T09:05:06] RUN_START run_id=BASE_Linear_regression_003
[2026-07-16T09:05:06] PARAM method=Linear_regression
[2026-07-16T09:05:06] METRIC mae_bytes=253.0
[2026-07-16T09:05:06] METRIC throughput_gbps=7.4286
[2026-07-16T09:05:06] METRIC latency_ms=13.5273
[2026-07-16T09:05:06] RUN_END status=OK
[2026-07-16T09:05:28] RUN_START run_id=BASE_MLP_proposed_094
[2026-07-16T09:05:28] PARAM method=MLP_proposed
[2026-07-16T09:05:28] METRIC mae_bytes=118.12
[2026-07-16T09:05:28] METRIC throughput_gbps=8.5295
[2026-07-16T09:05:28] METRIC latency_ms=13.3515
[2026-07-16T09:05:28] RUN_END status=OK
[2026-07-16T09:06:02] RUN_START run_id=BASE_Linear_regression_004
[2026-07-16T09:06:02] PARAM method=Linear_regression
[2026-07-16T09:06:02] METRIC mae_bytes=243.05
[2026-07-16T09:06:02] METRIC throughput_gbps=7.5954
[2026-07-16T09:06:02] METRIC latency_ms=13.8293
[2026-07-16T09:06:02] RUN_END status=OK
