[2026-07-22T04:32:35] RUN_START run_id=BASE_Linear_regression_137
[2026-07-22T04:32:35] PARAM method=Linear_regression
[2026-07-22T04:32:35] METRIC mae_bytes=219.55
[2026-07-22T04:32:35] METRIC throughput_gbps=7.9139
[2026-07-22T04:32:35] METRIC latency_ms=13.7162
[2026-07-22T04:32:35] RUN_END status=OK
[2026-07-22T04:34:06] RUN_START run_id=BASE_Linear_regression_138
[2026-07-22T04:34:06] PARAM method=Linear_regression
[2026-07-22T04:34:06] METRIC mae_bytes=231.62
[2026-07-22T04:34:06] METRIC throughput_gbps=8.0102
[2026-07-22T04:34:06] METRIC latency_ms=13.505
[2026-07-22T04:34:06] RUN_END status=OK
[2026-07-22T04:36:20] RUN_START run_id=BASE_Linear_regression_139
[2026-07-22T04:36:20] PARAM method=Linear_regression
[2026-07-22T04:36:20] METRIC mae_bytes=250.97
[2026-07-22T04:36:20] METRIC throughput_gbps=8.2722
[2026-07-22T04:36:20] METRIC latency_ms=12.8504
[2026-07-22T04:36:20] RUN_END status=OK
[2026-07-22T04:38:46] RUN_START run_id=BASE_Linear_regression_140
[2026-07-22T04:38:46] PARAM method=Linear_regression
[2026-07-22T04:38:46] METRIC mae_bytes=228.04
[2026-07-22T04:38:46] METRIC throughput_gbps=7.8945
[2026-07-22T04:38:46] METRIC latency_ms=12.631
[2026-07-22T04:38:46] RUN_END status=OK
[2026-07-22T04:41:32] RUN_START run_id=BASE_Linear_regression_141
[2026-07-22T04:41:32] PARAM method=Linear_regression
[2026-07-22T04:41:32] METRIC mae_bytes=237.07
[2026-07-22T04:41:32] METRIC throughput_gbps=8.424
[2026-07-22T04:41:32] METRIC latency_ms=14.425
[2026-07-22T04:41:32] RUN_END status=OK
[2026-07-22T04:41:48] RUN_START run_id=BASE_Linear_regression_142
[2026-07-22T04:41:48] PARAM method=Linear_regression
[2026-07-22T04:41:48] METRIC mae_bytes=238.05
[2026-07-22T04:41:48] METRIC throughput_gbps=7.5799
[2026-07-22T04:41:48] METRIC latency_ms=12.811
[2026-07-22T04:41:48] RUN_END status=OK
[2026-07-22T04:44:39] RUN_START run_id=BASE_Linear_regression_143
[2026-07-22T04:44:39] PARAM method=Linear_regression
[2026-07-22T04:44:39] METRIC mae_bytes=240.75
[2026-07-22T04:44:39] METRIC throughput_gbps=7.9564
[2026-07-22T04:44:39] METRIC latency_ms=13.9188
[2026-07-22T04:44:39] RUN_END status=OK
[2026-07-22T04:46:43] RUN_START run_id=BASE_Linear_regression_144
[2026-07-22T04:46:43] PARAM method=Linear_regression
[2026-07-22T04:46:43] METRIC mae_bytes=220.03
[2026-07-22T04:46:43] METRIC throughput_gbps=7.9941
[2026-07-22T04:46:43] METRIC latency_ms=14.1001
[2026-07-22T04:46:43] RUN_END status=OK
[2026-07-22T04:54:28] RUN_START run_id=BASE_Linear_regression_145
[2026-07-22T04:54:28] PARAM method=Linear_regression
[2026-07-22T04:54:28] METRIC mae_bytes=254.42
[2026-07-22T04:54:28] METRIC throughput_gbps=7.7923
[2026-07-22T04:54:28] METRIC latency_ms=13.8344
[2026-07-22T04:54:28] RUN_END status=OK
[2026-07-22T04:57:23] RUN_START run_id=BASE_Linear_regression_146
[2026-07-22T04:57:23] PARAM method=Linear_regression
[2026-07-22T04:57:23] METRIC mae_bytes=208.33
[2026-07-22T04:57:23] METRIC throughput_gbps=8.3186
[2026-07-22T04:57:23] METRIC latency_ms=13.9676
[2026-07-22T04:57:23] RUN_END status=OK
[2026-07-22T04:58:32] RUN_START run_id=BASE_Linear_regression_147
[2026-07-22T04:58:32] PARAM method=Linear_regression
[2026-07-22T04:58:32] METRIC mae_bytes=204.64
[2026-07-22T04:58:32] METRIC throughput_gbps=8.1737
[2026-07-22T04:58:32] METRIC latency_ms=13.9493
[2026-07-22T04:58:32] RUN_END status=OK
[2026-07-22T05:00:50] RUN_START run_id=BASE_Linear_regression_148
[2026-07-22T05:00:50] PARAM method=Linear_regression
[2026-07-22T05:00:50] METRIC mae_bytes=260.13
[2026-07-22T05:00:50] METRIC throughput_gbps=8.1111
[2026-07-22T05:00:50] METRIC latency_ms=12.4795
[2026-07-22T05:00:50] RUN_END status=OK
[2026-07-22T05:04:09] RUN_START run_id=BASE_Linear_regression_149
[2026-07-22T05:04:09] PARAM method=Linear_regression
[2026-07-22T05:04:09] METRIC mae_bytes=230.47
[2026-07-22T05:04:09] METRIC throughput_gbps=7.7457
[2026-07-22T05:04:09] METRIC latency_ms=13.5859
[2026-07-22T05:04:09] RUN_END status=OK
[2026-07-22T05:04:57] RUN_START run_id=BASE_Linear_regression_150
[2026-07-22T05:04:57] PARAM method=Linear_regression
[2026-07-22T05:04:57] METRIC mae_bytes=219.31
[2026-07-22T05:04:57] METRIC throughput_gbps=7.7186
[2026-07-22T05:04:57] METRIC latency_ms=13.5072
[2026-07-22T05:04:57] RUN_END status=OK
[2026-07-22T14:37:36] RUN_START run_id=BASE_Static_1500_084
[2026-07-22T14:37:36] PARAM method=Static_1500
[2026-07-22T14:37:36] METRIC mae_bytes=1827.32
[2026-07-22T14:37:36] METRIC throughput_gbps=7.1864
[2026-07-22T14:37:36] METRIC latency_ms=15.6365
[2026-07-22T14:37:36] RUN_END status=OK
[2026-07-22T14:38:48] RUN_START run_id=BASE_Static_1500_085
[2026-07-22T14:38:48] PARAM method=Static_1500
[2026-07-22T14:38:48] METRIC mae_bytes=1415.28
[2026-07-22T14:38:48] METRIC throughput_gbps=6.9039
[2026-07-22T14:38:48] METRIC latency_ms=16.9187
[2026-07-22T14:38:48] RUN_END status=OK
[2026-07-22T14:40:37] RUN_START run_id=BASE_Static_1500_086
[2026-07-22T14:40:37] PARAM method=Static_1500
[2026-07-22T14:40:37] METRIC mae_bytes=1487.02
[2026-07-22T14:40:37] METRIC throughput_gbps=7.2695
[2026-07-22T14:40:37] METRIC latency_ms=15.2895
[2026-07-22T14:40:37] RUN_END status=OK
[2026-07-22T14:42:01] RUN_START run_id=BASE_Static_1500_087
[2026-07-22T14:42:01] PARAM method=Static_1500
[2026-07-22T14:42:01] METRIC mae_bytes=1403.39
[2026-07-22T14:42:01] METRIC throughput_gbps=6.9211
[2026-07-22T14:42:01] METRIC latency_ms=15.3035
[2026-07-22T14:42:01] RUN_END status=OK
[2026-07-22T14:42:48] RUN_START run_id=BASE_Static_1500_088
[2026-07-22T14:42:48] PARAM method=Static_1500
[2026-07-22T14:42:48] METRIC mae_bytes=1620.92
[2026-07-22T14:42:48] METRIC throughput_gbps=7.0643
[2026-07-22T14:42:48] METRIC latency_ms=15.7053
[2026-07-22T14:42:48] RUN_END status=OK
