[2026-07-06T09:55:42] RUN_START run_id=BASE_Static_9000_074
[2026-07-06T09:55:42] PARAM method=Static_9000
[2026-07-06T09:55:42] METRIC mae_bytes=1402.67
[2026-07-06T09:55:42] METRIC throughput_gbps=7.4199
[2026-07-06T09:55:42] METRIC latency_ms=14.5429
[2026-07-06T09:55:42] RUN_END status=OK
[2026-07-06T09:57:53] RUN_START run_id=BASE_Static_9000_075
[2026-07-06T09:57:53] PARAM method=Static_9000
[2026-07-06T09:57:53] METRIC mae_bytes=1229.73
[2026-07-06T09:57:53] METRIC throughput_gbps=7.9441
[2026-07-06T09:57:53] METRIC latency_ms=15.3057
[2026-07-06T09:57:53] RUN_END status=OK
[2026-07-06T10:00:11] RUN_START run_id=BASE_Static_9000_076
[2026-07-06T10:00:11] PARAM method=Static_9000
[2026-07-06T10:00:11] METRIC mae_bytes=1465.3
[2026-07-06T10:00:11] METRIC throughput_gbps=6.9407
[2026-07-06T10:00:11] METRIC latency_ms=13.6041
[2026-07-06T10:00:11] RUN_END status=OK
[2026-07-06T10:00:57] RUN_START run_id=BASE_Static_9000_077
[2026-07-06T10:00:57] PARAM method=Static_9000
[2026-07-06T10:00:57] METRIC mae_bytes=1268.8
[2026-07-06T10:00:57] METRIC throughput_gbps=7.8937
[2026-07-06T10:00:57] METRIC latency_ms=15.0382
[2026-07-06T10:00:57] RUN_END status=OK
[2026-07-06T10:03:59] RUN_START run_id=BASE_Static_9000_078
[2026-07-06T10:03:59] PARAM method=Static_9000
[2026-07-06T10:03:59] METRIC mae_bytes=1230.91
[2026-07-06T10:03:59] METRIC throughput_gbps=7.1909
[2026-07-06T10:03:59] METRIC latency_ms=13.9079
[2026-07-06T10:03:59] RUN_END status=OK
[2026-07-06T10:06:50] RUN_START run_id=BASE_Static_9000_079
[2026-07-06T10:06:50] PARAM method=Static_9000
[2026-07-06T10:06:50] METRIC mae_bytes=1129.09
[2026-07-06T10:06:50] METRIC throughput_gbps=7.7344
[2026-07-06T10:06:50] METRIC latency_ms=15.504
[2026-07-06T10:06:50] RUN_END status=OK
[2026-07-06T10:09:32] RUN_START run_id=BASE_Static_9000_080
[2026-07-06T10:09:32] PARAM method=Static_9000
[2026-07-06T10:09:32] METRIC mae_bytes=1447.5
[2026-07-06T10:09:32] METRIC throughput_gbps=7.4941
[2026-07-06T10:09:32] METRIC latency_ms=15.5627
[2026-07-06T10:09:32] RUN_END status=OK
[2026-07-06T10:10:42] RUN_START run_id=BASE_Static_9000_081
[2026-07-06T10:10:42] PARAM method=Static_9000
[2026-07-06T10:10:42] METRIC mae_bytes=1392.61
[2026-07-06T10:10:42] METRIC throughput_gbps=8.461
[2026-07-06T10:10:42] METRIC latency_ms=14.0431
[2026-07-06T10:10:42] RUN_END status=OK
[2026-07-06T10:11:13] RUN_START run_id=BASE_Static_9000_082
[2026-07-06T10:11:13] PARAM method=Static_9000
[2026-07-06T10:11:13] METRIC mae_bytes=1255.44
[2026-07-06T10:11:13] METRIC throughput_gbps=7.7355
[2026-07-06T10:11:13] METRIC latency_ms=14.2052
[2026-07-06T10:11:13] RUN_END status=OK
[2026-07-06T10:12:24] RUN_START run_id=BASE_Static_9000_083
[2026-07-06T10:12:24] PARAM method=Static_9000
[2026-07-06T10:12:24] METRIC mae_bytes=1191.85
[2026-07-06T10:12:24] METRIC throughput_gbps=7.5202
[2026-07-06T10:12:24] METRIC latency_ms=14.5909
[2026-07-06T10:12:24] RUN_END status=OK
[2026-07-06T10:15:30] RUN_START run_id=BASE_Static_9000_084
[2026-07-06T10:15:30] PARAM method=Static_9000
[2026-07-06T10:15:30] METRIC mae_bytes=1179.85
[2026-07-06T10:15:30] METRIC throughput_gbps=8.0252
[2026-07-06T10:15:30] METRIC latency_ms=14.7615
[2026-07-06T10:15:30] RUN_END status=OK
[2026-07-06T10:18:50] RUN_START run_id=BASE_Static_9000_085
[2026-07-06T10:18:50] PARAM method=Static_9000
[2026-07-06T10:18:50] METRIC mae_bytes=1194.17
[2026-07-06T10:18:50] METRIC throughput_gbps=7.8556
[2026-07-06T10:18:50] METRIC latency_ms=14.3108
[2026-07-06T10:18:50] RUN_END status=OK
[2026-07-06T10:22:01] RUN_START run_id=BASE_Static_9000_086
[2026-07-06T10:22:01] PARAM method=Static_9000
[2026-07-06T10:22:01] METRIC mae_bytes=1245.17
[2026-07-06T10:22:01] METRIC throughput_gbps=7.422
[2026-07-06T10:22:01] METRIC latency_ms=15.5606
[2026-07-06T10:22:01] RUN_END status=OK
[2026-07-06T10:23:02] RUN_START run_id=BASE_Static_9000_087
[2026-07-06T10:23:02] PARAM method=Static_9000
[2026-07-06T10:23:02] METRIC mae_bytes=1130.79
[2026-07-06T10:23:02] METRIC throughput_gbps=7.6343
[2026-07-06T10:23:02] METRIC latency_ms=14.9355
[2026-07-06T10:23:02] RUN_END status=OK
[2026-07-06T10:24:02] RUN_START run_id=BASE_Static_9000_088
[2026-07-06T10:24:02] PARAM method=Static_9000
[2026-07-06T10:24:02] METRIC mae_bytes=1164.11
[2026-07-06T10:24:02] METRIC throughput_gbps=8.05
[2026-07-06T10:24:02] METRIC latency_ms=13.9396
[2026-07-06T10:24:02] RUN_END status=OK
[2026-07-06T10:25:27] RUN_START run_id=BASE_Static_9000_089
[2026-07-06T10:25:27] PARAM method=Static_9000
[2026-07-06T10:25:27] METRIC mae_bytes=1261.15
[2026-07-06T10:25:27] METRIC throughput_gbps=7.0349
[2026-07-06T10:25:27] METRIC latency_ms=15.1066
[2026-07-06T10:25:27] RUN_END status=OK
[2026-07-06T10:28:31] RUN_START run_id=BASE_Static_9000_090
[2026-07-06T10:28:31] PARAM method=Static_9000
[2026-07-06T10:28:31] METRIC mae_bytes=1177.38
[2026-07-06T10:28:31] METRIC throughput_gbps=7.2753
[2026-07-06T10:28:31] METRIC latency_ms=14.4002
[2026-07-06T10:28:31] RUN_END status=OK
[2026-07-06T10:28:55] RUN_START run_id=BASE_Static_9000_091
[2026-07-06T10:28:55] PARAM method=Static_9000
[2026-07-06T10:28:55] METRIC mae_bytes=1166.35
[2026-07-06T10:28:55] METRIC throughput_gbps=7.5936
[2026-07-06T10:28:55] METRIC latency_ms=14.9577
[2026-07-06T10:28:55] RUN_END status=OK
[2026-07-06T10:30:30] RUN_START run_id=BASE_Static_9000_092
[2026-07-06T10:30:30] PARAM method=Static_9000
[2026-07-06T10:30:30] METRIC mae_bytes=1345.5
[2026-07-06T10:30:30] METRIC throughput_gbps=8.1007
[2026-07-06T10:30:30] METRIC latency_ms=15.7569
[2026-07-06T10:30:30] RUN_END status=OK
[2026-07-06T10:33:17] RUN_START run_id=BASE_Static_9000_093
[2026-07-06T10:33:17] PARAM method=Static_9000
[2026-07-06T10:33:17] METRIC mae_bytes=1398.57
[2026-07-06T10:33:17] METRIC throughput_gbps=7.2746
[2026-07-06T10:33:17] METRIC latency_ms=14.2875
[2026-07-06T10:33:17] RUN_END status=OK
