[2026-07-23T11:26:23] RUN_START run_id=BASE_Static_1500_100
[2026-07-23T11:26:23] PARAM method=Static_1500
[2026-07-23T11:26:23] METRIC mae_bytes=1714.1
[2026-07-23T11:26:23] METRIC throughput_gbps=7.1057
[2026-07-23T11:26:23] METRIC latency_ms=14.0906
[2026-07-23T11:26:23] RUN_END status=OK
[2026-07-23T11:27:46] RUN_START run_id=BASE_Static_1500_101
[2026-07-23T11:27:46] PARAM method=Static_1500
[2026-07-23T11:27:46] METRIC mae_bytes=1749.75
[2026-07-23T11:27:46] METRIC throughput_gbps=7.5998
[2026-07-23T11:27:46] METRIC latency_ms=16.0486
[2026-07-23T11:27:46] RUN_END status=OK
[2026-07-23T11:30:51] RUN_START run_id=BASE_Static_1500_102
[2026-07-23T11:30:51] PARAM method=Static_1500
[2026-07-23T11:30:51] METRIC mae_bytes=1366.49
[2026-07-23T11:30:51] METRIC throughput_gbps=6.8889
[2026-07-23T11:30:51] METRIC latency_ms=15.6986
[2026-07-23T11:30:51] RUN_END status=OK
[2026-07-23T11:32:41] RUN_START run_id=BASE_Static_1500_103
[2026-07-23T11:32:41] PARAM method=Static_1500
[2026-07-23T11:32:41] METRIC mae_bytes=1850.18
[2026-07-23T11:32:41] METRIC throughput_gbps=7.0311
[2026-07-23T11:32:41] METRIC latency_ms=15.4707
[2026-07-23T11:32:41] RUN_END status=OK
[2026-07-23T11:35:42] RUN_START run_id=BASE_Static_1500_104
[2026-07-23T11:35:42] PARAM method=Static_1500
[2026-07-23T11:35:42] METRIC mae_bytes=1436.91
[2026-07-23T11:35:42] METRIC throughput_gbps=7.0641
[2026-07-23T11:35:42] METRIC latency_ms=16.4359
[2026-07-23T11:35:42] RUN_END status=OK
[2026-07-23T11:41:52] RUN_START run_id=BASE_Static_1500_105
[2026-07-23T11:41:52] PARAM method=Static_1500
[2026-07-23T11:41:52] METRIC mae_bytes=1376.16
[2026-07-23T11:41:52] METRIC throughput_gbps=7.1913
[2026-07-23T11:41:52] METRIC latency_ms=16.6182
[2026-07-23T11:41:52] RUN_END status=OK
[2026-07-23T11:43:47] RUN_START run_id=BASE_Static_1500_106
[2026-07-23T11:43:47] PARAM method=Static_1500
[2026-07-23T11:43:47] METRIC mae_bytes=1739.3
[2026-07-23T11:43:47] METRIC throughput_gbps=6.7999
[2026-07-23T11:43:47] METRIC latency_ms=15.8557
[2026-07-23T11:43:47] RUN_END status=OK
[2026-07-23T11:44:51] RUN_START run_id=BASE_Static_1500_107
[2026-07-23T11:44:51] PARAM method=Static_1500
[2026-07-23T11:44:51] METRIC mae_bytes=1699.92
[2026-07-23T11:44:51] METRIC throughput_gbps=6.6929
[2026-07-23T11:44:51] METRIC latency_ms=16.4754
[2026-07-23T11:44:51] RUN_END status=OK
[2026-07-23T11:46:42] RUN_START run_id=BASE_Static_1500_108
[2026-07-23T11:46:42] PARAM method=Static_1500
[2026-07-23T11:46:42] METRIC mae_bytes=1561.11
[2026-07-23T11:46:42] METRIC throughput_gbps=7.1871
[2026-07-23T11:46:42] METRIC latency_ms=14.6097
[2026-07-23T11:46:42] RUN_END status=OK
[2026-07-23T11:47:31] RUN_START run_id=BASE_Static_1500_109
[2026-07-23T11:47:31] PARAM method=Static_1500
[2026-07-23T11:47:31] METRIC mae_bytes=1703.83
[2026-07-23T11:47:31] METRIC throughput_gbps=6.6644
[2026-07-23T11:47:31] METRIC latency_ms=16.0505
[2026-07-23T11:47:31] RUN_END status=OK
[2026-07-23T11:49:48] RUN_START run_id=BASE_Static_1500_110
[2026-07-23T11:49:48] PARAM method=Static_1500
[2026-07-23T11:49:48] METRIC mae_bytes=1670.97
[2026-07-23T11:49:48] METRIC throughput_gbps=7.098
[2026-07-23T11:49:48] METRIC latency_ms=14.9154
[2026-07-23T11:49:48] RUN_END status=OK
[2026-07-23T11:51:21] RUN_START run_id=BASE_Static_1500_111
[2026-07-23T11:51:21] PARAM method=Static_1500
[2026-07-23T11:51:21] METRIC mae_bytes=1618.38
[2026-07-23T11:51:21] METRIC throughput_gbps=6.844
[2026-07-23T11:51:21] METRIC latency_ms=15.6434
[2026-07-23T11:51:21] RUN_END status=OK
[2026-07-23T11:52:24] RUN_START run_id=BASE_Static_1500_112
[2026-07-23T11:52:24] PARAM method=Static_1500
[2026-07-23T11:52:24] METRIC mae_bytes=1422.28
[2026-07-23T11:52:24] METRIC throughput_gbps=6.9781
[2026-07-23T11:52:24] METRIC latency_ms=16.9801
[2026-07-23T11:52:24] RUN_END status=OK
[2026-07-23T11:54:06] RUN_START run_id=BASE_Static_1500_113
[2026-07-23T11:54:06] PARAM method=Static_1500
[2026-07-23T11:54:06] METRIC mae_bytes=1519.88
[2026-07-23T11:54:06] METRIC throughput_gbps=7.0895
[2026-07-23T11:54:06] METRIC latency_ms=15.6835
[2026-07-23T11:54:06] RUN_END status=OK
[2026-07-23T11:58:47] RUN_START run_id=BASE_Static_1500_114
[2026-07-23T11:58:47] PARAM method=Static_1500
[2026-07-23T11:58:47] METRIC mae_bytes=1568.7
[2026-07-23T11:58:47] METRIC throughput_gbps=6.5472
[2026-07-23T11:58:47] METRIC latency_ms=17.3769
[2026-07-23T11:58:47] RUN_END status=OK
[2026-07-24T01:13:57] RUN_START run_id=BASE_Random_forest_139
[2026-07-24T01:13:57] PARAM method=Random_forest
[2026-07-24T01:13:57] METRIC mae_bytes=176.36
[2026-07-24T01:13:57] METRIC throughput_gbps=8.5666
[2026-07-24T01:13:57] METRIC latency_ms=12.3483
[2026-07-24T01:13:57] RUN_END status=OK
