[2026-07-15T12:08:37] RUN_START run_id=04_mtu_baseline_comparison_DISCARDED_0015
[2026-07-15T12:08:37] RUN_ABORTED reason=binary_search_no_convergence: calibration script exceeded step budget (576-9000B @ 8B step) without stable peak goodput
[2026-07-15T12:09:07] RUN_START run_id=BASE_MLP_proposed_059
[2026-07-15T12:09:07] PARAM method=MLP_proposed
[2026-07-15T12:09:07] METRIC mae_bytes=113.54
[2026-07-15T12:09:07] METRIC throughput_gbps=8.0825
[2026-07-15T12:09:07] METRIC latency_ms=12.8035
[2026-07-15T12:09:07] RUN_END status=OK
[2026-07-15T12:11:28] RUN_START run_id=BASE_MLP_proposed_060
[2026-07-15T12:11:28] PARAM method=MLP_proposed
[2026-07-15T12:11:28] METRIC mae_bytes=121.95
[2026-07-15T12:11:28] METRIC throughput_gbps=7.9558
[2026-07-15T12:11:28] METRIC latency_ms=12.7379
[2026-07-15T12:11:28] RUN_END status=OK
[2026-07-15T12:12:47] RUN_START run_id=BASE_MLP_proposed_061
[2026-07-15T12:12:47] PARAM method=MLP_proposed
[2026-07-15T12:12:47] METRIC mae_bytes=114.74
[2026-07-15T12:12:47] METRIC throughput_gbps=8.3066
[2026-07-15T12:12:47] METRIC latency_ms=12.1432
[2026-07-15T12:12:47] RUN_END status=OK
[2026-07-15T19:26:09] RUN_START run_id=BASE_MLP_proposed_062
[2026-07-15T19:26:09] PARAM method=MLP_proposed
[2026-07-15T19:26:09] METRIC mae_bytes=116.44
[2026-07-15T19:26:09] METRIC throughput_gbps=8.5082
[2026-07-15T19:26:09] METRIC latency_ms=12.1932
[2026-07-15T19:26:09] RUN_END status=OK
[2026-07-15T19:26:47] RUN_START run_id=BASE_MLP_proposed_063
[2026-07-15T19:26:47] PARAM method=MLP_proposed
[2026-07-15T19:26:47] METRIC mae_bytes=112.62
[2026-07-15T19:26:47] METRIC throughput_gbps=8.1934
[2026-07-15T19:26:47] METRIC latency_ms=12.7822
[2026-07-15T19:26:47] RUN_END status=OK
[2026-07-15T19:29:42] RUN_START run_id=BASE_MLP_proposed_064
[2026-07-15T19:29:42] PARAM method=MLP_proposed
[2026-07-15T19:29:42] METRIC mae_bytes=111.15
[2026-07-15T19:29:42] METRIC throughput_gbps=8.1085
[2026-07-15T19:29:42] METRIC latency_ms=10.7111
[2026-07-15T19:29:42] RUN_END status=OK
[2026-07-15T19:30:39] RUN_START run_id=BASE_MLP_proposed_065
[2026-07-15T19:30:39] PARAM method=MLP_proposed
[2026-07-15T19:30:39] METRIC mae_bytes=111.6
[2026-07-15T19:30:39] METRIC throughput_gbps=8.152
[2026-07-15T19:30:39] METRIC latency_ms=12.3345
[2026-07-15T19:30:39] RUN_END status=OK
[2026-07-15T19:31:45] RUN_START run_id=BASE_MLP_proposed_066
[2026-07-15T19:31:45] PARAM method=MLP_proposed
[2026-07-15T19:31:45] METRIC mae_bytes=101.62
[2026-07-15T19:31:45] METRIC throughput_gbps=8.6286
[2026-07-15T19:31:45] METRIC latency_ms=12.8415
[2026-07-15T19:31:45] RUN_END status=OK
[2026-07-15T19:36:27] RUN_START run_id=BASE_MLP_proposed_067
[2026-07-15T19:36:27] PARAM method=MLP_proposed
[2026-07-15T19:36:27] METRIC mae_bytes=116.9
[2026-07-15T19:36:27] METRIC throughput_gbps=7.8053
[2026-07-15T19:36:27] METRIC latency_ms=11.2042
[2026-07-15T19:36:27] RUN_END status=OK
[2026-07-15T19:38:15] RUN_START run_id=BASE_MLP_proposed_068
[2026-07-15T19:38:15] PARAM method=MLP_proposed
[2026-07-15T19:38:15] METRIC mae_bytes=119.39
[2026-07-15T19:38:15] METRIC throughput_gbps=8.1363
[2026-07-15T19:38:15] METRIC latency_ms=13.005
[2026-07-15T19:38:15] RUN_END status=OK
[2026-07-15T19:40:27] RUN_START run_id=BASE_MLP_proposed_069
[2026-07-15T19:40:27] PARAM method=MLP_proposed
[2026-07-15T19:40:27] METRIC mae_bytes=121.74
[2026-07-15T19:40:27] METRIC throughput_gbps=7.7507
[2026-07-15T19:40:27] METRIC latency_ms=12.031
[2026-07-15T19:40:27] RUN_END status=OK
[2026-07-15T19:43:33] RUN_START run_id=BASE_MLP_proposed_070
[2026-07-15T19:43:33] PARAM method=MLP_proposed
[2026-07-15T19:43:33] METRIC mae_bytes=112.58
[2026-07-15T19:43:33] METRIC throughput_gbps=8.4017
[2026-07-15T19:43:33] METRIC latency_ms=12.5524
[2026-07-15T19:43:33] RUN_END status=OK
