[2026-07-24T14:50:46] RUN_START run_id=BASE_PMTUD_heuristic_021
[2026-07-24T14:50:46] PARAM method=PMTUD_heuristic
[2026-07-24T14:50:46] METRIC mae_bytes=244.15
[2026-07-24T14:50:46] METRIC throughput_gbps=8.3758
[2026-07-24T14:50:46] METRIC latency_ms=13.0164
[2026-07-24T14:50:46] RUN_END status=OK
[2026-07-24T14:53:17] RUN_START run_id=BASE_PMTUD_heuristic_022
[2026-07-24T14:53:17] PARAM method=PMTUD_heuristic
[2026-07-24T14:53:17] METRIC mae_bytes=266.07
[2026-07-24T14:53:17] METRIC throughput_gbps=7.8218
[2026-07-24T14:53:17] METRIC latency_ms=14.2294
[2026-07-24T14:53:17] RUN_END status=OK
[2026-07-24T15:00:20] RUN_START run_id=BASE_PMTUD_heuristic_023
[2026-07-24T15:00:20] PARAM method=PMTUD_heuristic
[2026-07-24T15:00:20] METRIC mae_bytes=317.06
[2026-07-24T15:00:20] METRIC throughput_gbps=8.1979
[2026-07-24T15:00:20] METRIC latency_ms=14.428
[2026-07-24T15:00:20] RUN_END status=OK
[2026-07-24T15:01:59] RUN_START run_id=BASE_PMTUD_heuristic_024
[2026-07-24T15:01:59] PARAM method=PMTUD_heuristic
[2026-07-24T15:01:59] METRIC mae_bytes=261.78
[2026-07-24T15:01:59] METRIC throughput_gbps=7.6613
[2026-07-24T15:01:59] METRIC latency_ms=11.8519
[2026-07-24T15:01:59] RUN_END status=OK
[2026-07-24T15:03:24] RUN_START run_id=BASE_PMTUD_heuristic_025
[2026-07-24T15:03:24] PARAM method=PMTUD_heuristic
[2026-07-24T15:03:24] METRIC mae_bytes=258.17
[2026-07-24T15:03:24] METRIC throughput_gbps=7.5567
[2026-07-24T15:03:24] METRIC latency_ms=13.6213
[2026-07-24T15:03:24] RUN_END status=OK
[2026-07-24T15:05:03] RUN_START run_id=BASE_PMTUD_heuristic_026
[2026-07-24T15:05:03] PARAM method=PMTUD_heuristic
[2026-07-24T15:05:03] METRIC mae_bytes=271.22
[2026-07-24T15:05:03] METRIC throughput_gbps=7.9066
[2026-07-24T15:05:03] METRIC latency_ms=14.0304
[2026-07-24T15:05:03] RUN_END status=OK
[2026-07-24T15:06:55] RUN_START run_id=BASE_PMTUD_heuristic_027
[2026-07-24T15:06:55] PARAM method=PMTUD_heuristic
[2026-07-24T15:06:55] METRIC mae_bytes=245.04
[2026-07-24T15:06:55] METRIC throughput_gbps=7.5724
[2026-07-24T15:06:55] METRIC latency_ms=12.6681
[2026-07-24T15:06:55] RUN_END status=OK
[2026-07-24T15:07:42] RUN_START run_id=BASE_PMTUD_heuristic_028
[2026-07-24T15:07:42] PARAM method=PMTUD_heuristic
[2026-07-24T15:07:42] METRIC mae_bytes=285.24
[2026-07-24T15:07:42] METRIC throughput_gbps=8.139
[2026-07-24T15:07:42] METRIC latency_ms=14.0007
[2026-07-24T15:07:42] RUN_END status=OK
[2026-07-24T15:08:54] RUN_START run_id=BASE_PMTUD_heuristic_029
[2026-07-24T15:08:54] PARAM method=PMTUD_heuristic
[2026-07-24T15:08:54] METRIC mae_bytes=224.67
[2026-07-24T15:08:54] METRIC throughput_gbps=7.9316
[2026-07-24T15:08:54] METRIC latency_ms=13.5547
[2026-07-24T15:08:54] RUN_END status=OK
[2026-07-24T21:56:02] RUN_START run_id=BASE_Static_1500_142
[2026-07-24T21:56:02] PARAM method=Static_1500
[2026-07-24T21:56:02] METRIC mae_bytes=1527.37
[2026-07-24T21:56:02] METRIC throughput_gbps=6.94
[2026-07-24T21:56:02] METRIC latency_ms=15.6676
[2026-07-24T21:56:02] RUN_END status=OK
[2026-07-24T21:57:09] RUN_START run_id=BASE_Static_1500_143
[2026-07-24T21:57:09] PARAM method=Static_1500
[2026-07-24T21:57:09] METRIC mae_bytes=1647.0
[2026-07-24T21:57:09] METRIC throughput_gbps=6.9896
[2026-07-24T21:57:09] METRIC latency_ms=15.0449
[2026-07-24T21:57:09] RUN_END status=OK
[2026-07-24T21:58:02] RUN_START run_id=BASE_Static_1500_144
[2026-07-24T21:58:02] PARAM method=Static_1500
[2026-07-24T21:58:02] METRIC mae_bytes=1662.67
[2026-07-24T21:58:02] METRIC throughput_gbps=7.1097
[2026-07-24T21:58:02] METRIC latency_ms=16.2756
[2026-07-24T21:58:02] RUN_END status=OK
[2026-07-24T22:00:56] RUN_START run_id=BASE_Static_1500_145
[2026-07-24T22:00:56] PARAM method=Static_1500
[2026-07-24T22:00:56] METRIC mae_bytes=1369.64
[2026-07-24T22:00:56] METRIC throughput_gbps=6.9613
[2026-07-24T22:00:56] METRIC latency_ms=15.7038
[2026-07-24T22:00:56] RUN_END status=OK
