[2026-07-18T20:13:34] RUN_START run_id=BASE_MLP_proposed_141
[2026-07-18T20:13:34] PARAM method=MLP_proposed
[2026-07-18T20:13:34] METRIC mae_bytes=97.75
[2026-07-18T20:13:34] METRIC throughput_gbps=8.1004
[2026-07-18T20:13:34] METRIC latency_ms=13.2765
[2026-07-18T20:13:34] RUN_END status=OK
[2026-07-18T20:15:12] RUN_START run_id=BASE_MLP_proposed_142
[2026-07-18T20:15:12] PARAM method=MLP_proposed
[2026-07-18T20:15:12] METRIC mae_bytes=113.93
[2026-07-18T20:15:12] METRIC throughput_gbps=7.8892
[2026-07-18T20:15:12] METRIC latency_ms=11.4085
[2026-07-18T20:15:12] RUN_END status=OK
[2026-07-18T20:17:12] RUN_START run_id=BASE_MLP_proposed_143
[2026-07-18T20:17:12] PARAM method=MLP_proposed
[2026-07-18T20:17:12] METRIC mae_bytes=121.2
[2026-07-18T20:17:12] METRIC throughput_gbps=8.4265
[2026-07-18T20:17:12] METRIC latency_ms=11.6002
[2026-07-18T20:17:12] RUN_END status=OK
[2026-07-18T20:18:58] RUN_START run_id=BASE_MLP_proposed_144
[2026-07-18T20:18:58] PARAM method=MLP_proposed
[2026-07-18T20:18:58] METRIC mae_bytes=104.53
[2026-07-18T20:18:58] METRIC throughput_gbps=8.3851
[2026-07-18T20:18:58] METRIC latency_ms=12.6635
[2026-07-18T20:18:58] RUN_END status=OK
[2026-07-18T20:21:56] RUN_START run_id=BASE_MLP_proposed_145
[2026-07-18T20:21:56] PARAM method=MLP_proposed
[2026-07-18T20:21:56] METRIC mae_bytes=118.28
[2026-07-18T20:21:56] METRIC throughput_gbps=8.1679
[2026-07-18T20:21:56] METRIC latency_ms=12.7275
[2026-07-18T20:21:56] RUN_END status=OK
[2026-07-18T20:23:18] RUN_START run_id=BASE_MLP_proposed_146
[2026-07-18T20:23:18] PARAM method=MLP_proposed
[2026-07-18T20:23:18] METRIC mae_bytes=103.65
[2026-07-18T20:23:18] METRIC throughput_gbps=7.8909
[2026-07-18T20:23:18] METRIC latency_ms=11.6712
[2026-07-18T20:23:18] RUN_END status=OK
[2026-07-18T20:24:15] RUN_START run_id=BASE_MLP_proposed_147
[2026-07-18T20:24:15] PARAM method=MLP_proposed
[2026-07-18T20:24:15] METRIC mae_bytes=110.28
[2026-07-18T20:24:15] METRIC throughput_gbps=8.0943
[2026-07-18T20:24:15] METRIC latency_ms=11.8432
[2026-07-18T20:24:15] RUN_END status=OK
[2026-07-18T20:26:58] RUN_START run_id=BASE_MLP_proposed_148
[2026-07-18T20:26:58] PARAM method=MLP_proposed
[2026-07-18T20:26:58] METRIC mae_bytes=118.99
[2026-07-18T20:26:58] METRIC throughput_gbps=8.0172
[2026-07-18T20:26:58] METRIC latency_ms=12.4159
[2026-07-18T20:26:58] RUN_END status=OK
[2026-07-18T20:28:25] RUN_START run_id=BASE_MLP_proposed_149
[2026-07-18T20:28:25] PARAM method=MLP_proposed
[2026-07-18T20:28:25] METRIC mae_bytes=118.3
[2026-07-18T20:28:25] METRIC throughput_gbps=7.8609
[2026-07-18T20:28:25] METRIC latency_ms=12.9487
[2026-07-18T20:28:25] RUN_END status=OK
[2026-07-18T20:30:26] RUN_START run_id=BASE_MLP_proposed_150
[2026-07-18T20:30:26] PARAM method=MLP_proposed
[2026-07-18T20:30:26] METRIC mae_bytes=135.39
[2026-07-18T20:30:26] METRIC throughput_gbps=8.5228
[2026-07-18T20:30:26] METRIC latency_ms=12.1674
[2026-07-18T20:30:26] RUN_END status=OK
[2026-07-19T02:39:59] RUN_START run_id=BASE_Linear_regression_110
[2026-07-19T02:39:59] PARAM method=Linear_regression
[2026-07-19T02:39:59] METRIC mae_bytes=240.37
[2026-07-19T02:39:59] METRIC throughput_gbps=7.9329
[2026-07-19T02:39:59] METRIC latency_ms=13.7239
[2026-07-19T02:39:59] RUN_END status=OK
[2026-07-19T02:40:45] RUN_START run_id=BASE_Linear_regression_111
[2026-07-19T02:40:45] PARAM method=Linear_regression
[2026-07-19T02:40:45] METRIC mae_bytes=227.7
[2026-07-19T02:40:45] METRIC throughput_gbps=7.5459
[2026-07-19T02:40:45] METRIC latency_ms=12.6542
[2026-07-19T02:40:45] RUN_END status=OK
[2026-07-19T02:42:55] RUN_START run_id=BASE_Linear_regression_112
[2026-07-19T02:42:55] PARAM method=Linear_regression
[2026-07-19T02:42:55] METRIC mae_bytes=177.25
[2026-07-19T02:42:55] METRIC throughput_gbps=8.0536
[2026-07-19T02:42:55] METRIC latency_ms=12.9119
[2026-07-19T02:42:55] RUN_END status=OK
[2026-07-19T02:45:42] RUN_START run_id=BASE_Linear_regression_113
[2026-07-19T02:45:42] PARAM method=Linear_regression
[2026-07-19T02:45:42] METRIC mae_bytes=209.33
[2026-07-19T02:45:42] METRIC throughput_gbps=7.8386
[2026-07-19T02:45:42] METRIC latency_ms=13.3932
[2026-07-19T02:45:42] RUN_END status=OK
[2026-07-19T02:49:13] RUN_START run_id=BASE_Linear_regression_114
[2026-07-19T02:49:13] PARAM method=Linear_regression
[2026-07-19T02:49:13] METRIC mae_bytes=243.59
[2026-07-19T02:49:13] METRIC throughput_gbps=7.7683
[2026-07-19T02:49:13] METRIC latency_ms=12.9421
[2026-07-19T02:49:13] RUN_END status=OK
[2026-07-19T02:52:05] RUN_START run_id=BASE_Linear_regression_115
[2026-07-19T02:52:05] PARAM method=Linear_regression
[2026-07-19T02:52:05] METRIC mae_bytes=261.88
[2026-07-19T02:52:05] METRIC throughput_gbps=7.7686
[2026-07-19T02:52:05] METRIC latency_ms=13.9486
[2026-07-19T02:52:05] RUN_END status=OK
[2026-07-19T02:54:57] RUN_START run_id=BASE_Linear_regression_116
[2026-07-19T02:54:57] PARAM method=Linear_regression
[2026-07-19T02:54:57] METRIC mae_bytes=216.2
[2026-07-19T02:54:57] METRIC throughput_gbps=7.6857
[2026-07-19T02:54:57] METRIC latency_ms=13.9499
[2026-07-19T02:54:57] RUN_END status=OK
[2026-07-19T02:59:05] RUN_START run_id=BASE_Linear_regression_117
[2026-07-19T02:59:05] PARAM method=Linear_regression
[2026-07-19T02:59:05] METRIC mae_bytes=243.52
[2026-07-19T02:59:05] METRIC throughput_gbps=7.9677
[2026-07-19T02:59:05] METRIC latency_ms=13.6655
[2026-07-19T02:59:05] RUN_END status=OK
[2026-07-19T03:01:26] RUN_START run_id=BASE_Linear_regression_118
[2026-07-19T03:01:26] PARAM method=Linear_regression
[2026-07-19T03:01:26] METRIC mae_bytes=216.77
[2026-07-19T03:01:26] METRIC throughput_gbps=7.9972
[2026-07-19T03:01:26] METRIC latency_ms=13.9161
[2026-07-19T03:01:26] RUN_END status=OK
[2026-07-19T03:03:56] RUN_START run_id=BASE_Linear_regression_119
[2026-07-19T03:03:56] PARAM method=Linear_regression
[2026-07-19T03:03:56] METRIC mae_bytes=225.76
[2026-07-19T03:03:56] METRIC throughput_gbps=7.8531
[2026-07-19T03:03:56] METRIC latency_ms=13.8105
[2026-07-19T03:03:56] RUN_END status=OK
