[2026-07-25T13:05:49] RUN_START run_id=BASE_PMTUD_heuristic_087
[2026-07-25T13:05:49] PARAM method=PMTUD_heuristic
[2026-07-25T13:05:49] METRIC mae_bytes=261.98
[2026-07-25T13:05:49] METRIC throughput_gbps=7.4569
[2026-07-25T13:05:49] METRIC latency_ms=13.9496
[2026-07-25T13:05:49] RUN_END status=OK
[2026-07-25T13:07:41] RUN_START run_id=BASE_PMTUD_heuristic_088
[2026-07-25T13:07:41] PARAM method=PMTUD_heuristic
[2026-07-25T13:07:41] METRIC mae_bytes=266.37
[2026-07-25T13:07:41] METRIC throughput_gbps=7.7865
[2026-07-25T13:07:41] METRIC latency_ms=13.6562
[2026-07-25T13:07:41] RUN_END status=OK
[2026-07-25T13:08:27] RUN_START run_id=BASE_PMTUD_heuristic_089
[2026-07-25T13:08:27] PARAM method=PMTUD_heuristic
[2026-07-25T13:08:27] METRIC mae_bytes=277.43
[2026-07-25T13:08:27] METRIC throughput_gbps=7.8799
[2026-07-25T13:08:27] METRIC latency_ms=13.22
[2026-07-25T13:08:27] RUN_END status=OK
[2026-07-26T17:18:45] RUN_START run_id=BASE_PMTUD_heuristic_090
[2026-07-26T17:18:45] PARAM method=PMTUD_heuristic
[2026-07-26T17:18:45] METRIC mae_bytes=299.38
[2026-07-26T17:18:45] METRIC throughput_gbps=7.2381
[2026-07-26T17:18:45] METRIC latency_ms=14.1858
[2026-07-26T17:18:45] RUN_END status=OK
[2026-07-26T17:19:14] RUN_START run_id=BASE_PMTUD_heuristic_091
[2026-07-26T17:19:14] PARAM method=PMTUD_heuristic
[2026-07-26T17:19:14] METRIC mae_bytes=288.82
[2026-07-26T17:19:14] METRIC throughput_gbps=8.0966
[2026-07-26T17:19:14] METRIC latency_ms=13.3749
[2026-07-26T17:19:14] RUN_END status=OK
[2026-07-26T17:21:35] RUN_START run_id=BASE_PMTUD_heuristic_092
[2026-07-26T17:21:35] PARAM method=PMTUD_heuristic
[2026-07-26T17:21:35] METRIC mae_bytes=243.99
[2026-07-26T17:21:35] METRIC throughput_gbps=8.087
[2026-07-26T17:21:35] METRIC latency_ms=14.4978
[2026-07-26T17:21:35] RUN_END status=OK
[2026-07-26T17:23:45] RUN_START run_id=BASE_PMTUD_heuristic_093
[2026-07-26T17:23:45] PARAM method=PMTUD_heuristic
[2026-07-26T17:23:45] METRIC mae_bytes=250.36
[2026-07-26T17:23:45] METRIC throughput_gbps=8.1321
[2026-07-26T17:23:45] METRIC latency_ms=14.1506
[2026-07-26T17:23:45] RUN_END status=OK
[2026-07-26T17:30:03] RUN_START run_id=BASE_PMTUD_heuristic_094
[2026-07-26T17:30:03] PARAM method=PMTUD_heuristic
[2026-07-26T17:30:03] METRIC mae_bytes=287.48
[2026-07-26T17:30:03] METRIC throughput_gbps=8.7216
[2026-07-26T17:30:03] METRIC latency_ms=14.77
[2026-07-26T17:30:03] RUN_END status=OK
[2026-07-26T17:31:12] RUN_START run_id=BASE_PMTUD_heuristic_095
[2026-07-26T17:31:12] PARAM method=PMTUD_heuristic
[2026-07-26T17:31:12] METRIC mae_bytes=324.16
[2026-07-26T17:31:12] METRIC throughput_gbps=7.5164
[2026-07-26T17:31:12] METRIC latency_ms=12.9435
[2026-07-26T17:31:12] RUN_END status=OK
[2026-07-26T17:36:07] RUN_START run_id=BASE_PMTUD_heuristic_096
[2026-07-26T17:36:07] PARAM method=PMTUD_heuristic
[2026-07-26T17:36:07] METRIC mae_bytes=282.41
[2026-07-26T17:36:07] METRIC throughput_gbps=7.4661
[2026-07-26T17:36:07] METRIC latency_ms=13.7927
[2026-07-26T17:36:07] RUN_END status=OK
[2026-07-26T17:36:32] RUN_START run_id=BASE_PMTUD_heuristic_097
[2026-07-26T17:36:32] PARAM method=PMTUD_heuristic
[2026-07-26T17:36:32] METRIC mae_bytes=261.67
[2026-07-26T17:36:32] METRIC throughput_gbps=7.5128
[2026-07-26T17:36:32] METRIC latency_ms=12.4247
[2026-07-26T17:36:32] RUN_END status=OK
[2026-07-26T17:38:45] RUN_START run_id=BASE_PMTUD_heuristic_098
[2026-07-26T17:38:45] PARAM method=PMTUD_heuristic
[2026-07-26T17:38:45] METRIC mae_bytes=288.91
[2026-07-26T17:38:45] METRIC throughput_gbps=8.0285
[2026-07-26T17:38:45] METRIC latency_ms=14.9793
[2026-07-26T17:38:45] RUN_END status=OK
[2026-07-26T17:40:27] RUN_START run_id=BASE_PMTUD_heuristic_099
[2026-07-26T17:40:27] PARAM method=PMTUD_heuristic
[2026-07-26T17:40:27] METRIC mae_bytes=265.14
[2026-07-26T17:40:27] METRIC throughput_gbps=7.7696
[2026-07-26T17:40:27] METRIC latency_ms=13.4732
[2026-07-26T17:40:27] RUN_END status=OK
[2026-07-26T17:42:29] RUN_START run_id=BASE_PMTUD_heuristic_100
[2026-07-26T17:42:29] PARAM method=PMTUD_heuristic
[2026-07-26T17:42:29] METRIC mae_bytes=285.73
[2026-07-26T17:42:29] METRIC throughput_gbps=7.999
[2026-07-26T17:42:29] METRIC latency_ms=14.4091
[2026-07-26T17:42:29] RUN_END status=OK
[2026-07-26T17:45:18] RUN_START run_id=BASE_PMTUD_heuristic_101
[2026-07-26T17:45:18] PARAM method=PMTUD_heuristic
[2026-07-26T17:45:18] METRIC mae_bytes=317.74
[2026-07-26T17:45:18] METRIC throughput_gbps=7.4167
[2026-07-26T17:45:18] METRIC latency_ms=14.2913
[2026-07-26T17:45:18] RUN_END status=OK
[2026-07-27T15:12:21] RUN_START run_id=BASE_PMTUD_heuristic_102
[2026-07-27T15:12:21] PARAM method=PMTUD_heuristic
[2026-07-27T15:12:21] METRIC mae_bytes=245.66
[2026-07-27T15:12:21] METRIC throughput_gbps=7.4434
[2026-07-27T15:12:21] METRIC latency_ms=14.7254
[2026-07-27T15:12:21] RUN_END status=OK
[2026-07-27T15:14:57] RUN_START run_id=BASE_PMTUD_heuristic_103
[2026-07-27T15:14:57] PARAM method=PMTUD_heuristic
[2026-07-27T15:14:57] METRIC mae_bytes=278.05
[2026-07-27T15:14:57] METRIC throughput_gbps=7.9429
[2026-07-27T15:14:57] METRIC latency_ms=13.0315
[2026-07-27T15:14:57] RUN_END status=OK
