[2026-07-07T01:58:40] RUN_START run_id=BASE_Static_9000_094
[2026-07-07T01:58:40] PARAM method=Static_9000
[2026-07-07T01:58:40] METRIC mae_bytes=1278.99
[2026-07-07T01:58:40] METRIC throughput_gbps=7.5432
[2026-07-07T01:58:40] METRIC latency_ms=15.0498
[2026-07-07T01:58:40] RUN_END status=OK
[2026-07-07T02:00:02] RUN_START run_id=BASE_Static_9000_095
[2026-07-07T02:00:02] PARAM method=Static_9000
[2026-07-07T02:00:02] METRIC mae_bytes=1266.55
[2026-07-07T02:00:02] METRIC throughput_gbps=7.504
[2026-07-07T02:00:02] METRIC latency_ms=14.6642
[2026-07-07T02:00:02] RUN_END status=OK
[2026-07-07T02:03:35] RUN_START run_id=BASE_Static_9000_096
[2026-07-07T02:03:35] PARAM method=Static_9000
[2026-07-07T02:03:35] METRIC mae_bytes=1258.2
[2026-07-07T02:03:35] METRIC throughput_gbps=7.9235
[2026-07-07T02:03:35] METRIC latency_ms=14.9474
[2026-07-07T02:03:35] RUN_END status=OK
[2026-07-07T02:05:24] RUN_START run_id=BASE_Static_9000_097
[2026-07-07T02:05:24] PARAM method=Static_9000
[2026-07-07T02:05:24] METRIC mae_bytes=1220.1
[2026-07-07T02:05:24] METRIC throughput_gbps=7.7455
[2026-07-07T02:05:24] METRIC latency_ms=16.0278
[2026-07-07T02:05:24] RUN_END status=OK
[2026-07-07T02:06:50] RUN_START run_id=BASE_Static_9000_098
[2026-07-07T02:06:50] PARAM method=Static_9000
[2026-07-07T02:06:50] METRIC mae_bytes=1242.1
[2026-07-07T02:06:50] METRIC throughput_gbps=7.6215
[2026-07-07T02:06:50] METRIC latency_ms=16.0387
[2026-07-07T02:06:50] RUN_END status=OK
[2026-07-07T02:07:36] RUN_START run_id=BASE_Static_9000_099
[2026-07-07T02:07:36] PARAM method=Static_9000
[2026-07-07T02:07:36] METRIC mae_bytes=1278.84
[2026-07-07T02:07:36] METRIC throughput_gbps=7.3673
[2026-07-07T02:07:36] METRIC latency_ms=13.6333
[2026-07-07T02:07:36] RUN_END status=OK
[2026-07-07T02:08:55] RUN_START run_id=BASE_Static_9000_100
[2026-07-07T02:08:55] PARAM method=Static_9000
[2026-07-07T02:08:55] METRIC mae_bytes=1128.55
[2026-07-07T02:08:55] METRIC throughput_gbps=7.1426
[2026-07-07T02:08:55] METRIC latency_ms=16.2589
[2026-07-07T02:08:55] RUN_END status=OK
[2026-07-07T02:14:08] RUN_START run_id=BASE_Static_9000_101
[2026-07-07T02:14:08] PARAM method=Static_9000
[2026-07-07T02:14:08] METRIC mae_bytes=1086.75
[2026-07-07T02:14:08] METRIC throughput_gbps=7.8061
[2026-07-07T02:14:08] METRIC latency_ms=15.9853
[2026-07-07T02:14:08] RUN_END status=OK
[2026-07-07T02:15:41] RUN_START run_id=BASE_Static_9000_102
[2026-07-07T02:15:41] PARAM method=Static_9000
[2026-07-07T02:15:41] METRIC mae_bytes=1146.66
[2026-07-07T02:15:41] METRIC throughput_gbps=8.1096
[2026-07-07T02:15:41] METRIC latency_ms=14.5209
[2026-07-07T02:15:41] RUN_END status=OK
[2026-07-07T02:17:46] RUN_START run_id=BASE_Static_9000_103
[2026-07-07T02:17:46] PARAM method=Static_9000
[2026-07-07T02:17:46] METRIC mae_bytes=1143.48
[2026-07-07T02:17:46] METRIC throughput_gbps=7.5459
[2026-07-07T02:17:46] METRIC latency_ms=15.7394
[2026-07-07T02:17:46] RUN_END status=OK
