[2026-07-16T21:10:37] RUN_START run_id=BASE_Linear_regression_058
[2026-07-16T21:10:37] PARAM method=Linear_regression
[2026-07-16T21:10:37] METRIC mae_bytes=251.97
[2026-07-16T21:10:37] METRIC throughput_gbps=8.1075
[2026-07-16T21:10:37] METRIC latency_ms=13.9692
[2026-07-16T21:10:37] RUN_END status=OK
[2026-07-16T21:11:32] RUN_START run_id=BASE_Linear_regression_059
[2026-07-16T21:11:32] PARAM method=Linear_regression
[2026-07-16T21:11:32] METRIC mae_bytes=231.65
[2026-07-16T21:11:32] METRIC throughput_gbps=7.9596
[2026-07-16T21:11:32] METRIC latency_ms=12.8821
[2026-07-16T21:11:32] RUN_END status=OK
[2026-07-16T21:12:47] RUN_START run_id=BASE_Linear_regression_060
[2026-07-16T21:12:47] PARAM method=Linear_regression
[2026-07-16T21:12:47] METRIC mae_bytes=217.06
[2026-07-16T21:12:47] METRIC throughput_gbps=8.3397
[2026-07-16T21:12:47] METRIC latency_ms=13.8814
[2026-07-16T21:12:47] RUN_END status=OK
[2026-07-16T21:16:17] RUN_START run_id=BASE_Linear_regression_061
[2026-07-16T21:16:17] PARAM method=Linear_regression
[2026-07-16T21:16:17] METRIC mae_bytes=232.98
[2026-07-16T21:16:17] METRIC throughput_gbps=7.5547
[2026-07-16T21:16:17] METRIC latency_ms=12.8799
[2026-07-16T21:16:17] RUN_END status=OK
[2026-07-16T21:17:48] RUN_START run_id=BASE_Linear_regression_062
[2026-07-16T21:17:48] PARAM method=Linear_regression
[2026-07-16T21:17:48] METRIC mae_bytes=229.34
[2026-07-16T21:17:48] METRIC throughput_gbps=7.6534
[2026-07-16T21:17:48] METRIC latency_ms=13.73
[2026-07-16T21:17:48] RUN_END status=OK
[2026-07-16T21:20:41] RUN_START run_id=BASE_Linear_regression_063
[2026-07-16T21:20:41] PARAM method=Linear_regression
[2026-07-16T21:20:41] METRIC mae_bytes=228.73
[2026-07-16T21:20:41] METRIC throughput_gbps=8.0095
[2026-07-16T21:20:41] METRIC latency_ms=14.4687
[2026-07-16T21:20:41] RUN_END status=OK
[2026-07-16T21:22:44] RUN_START run_id=BASE_Linear_regression_064
[2026-07-16T21:22:44] PARAM method=Linear_regression
[2026-07-16T21:22:44] METRIC mae_bytes=209.89
[2026-07-16T21:22:44] METRIC throughput_gbps=7.8408
[2026-07-16T21:22:44] METRIC latency_ms=13.7408
[2026-07-16T21:22:44] RUN_END status=OK
[2026-07-16T21:24:52] RUN_START run_id=BASE_Linear_regression_065
[2026-07-16T21:24:52] PARAM method=Linear_regression
[2026-07-16T21:24:52] METRIC mae_bytes=205.06
[2026-07-16T21:24:52] METRIC throughput_gbps=7.7805
[2026-07-16T21:24:52] METRIC latency_ms=14.6608
[2026-07-16T21:24:52] RUN_END status=OK
[2026-07-16T21:25:19] RUN_START run_id=BASE_Linear_regression_066
[2026-07-16T21:25:19] PARAM method=Linear_regression
[2026-07-16T21:25:19] METRIC mae_bytes=238.87
[2026-07-16T21:25:19] METRIC throughput_gbps=7.5387
[2026-07-16T21:25:19] METRIC latency_ms=13.0805
[2026-07-16T21:25:19] RUN_END status=OK
[2026-07-17T11:08:04] RUN_START run_id=BASE_Linear_regression_067
[2026-07-17T11:08:04] PARAM method=Linear_regression
[2026-07-17T11:08:04] METRIC mae_bytes=234.02
[2026-07-17T11:08:04] METRIC throughput_gbps=7.6361
[2026-07-17T11:08:04] METRIC latency_ms=13.6985
[2026-07-17T11:08:04] RUN_END status=OK
[2026-07-17T11:11:29] RUN_START run_id=BASE_Linear_regression_068
[2026-07-17T11:11:29] PARAM method=Linear_regression
[2026-07-17T11:11:29] METRIC mae_bytes=243.27
[2026-07-17T11:11:29] METRIC throughput_gbps=8.0032
[2026-07-17T11:11:29] METRIC latency_ms=13.7314
[2026-07-17T11:11:29] RUN_END status=OK
[2026-07-17T11:13:11] RUN_START run_id=BASE_Linear_regression_069
[2026-07-17T11:13:11] PARAM method=Linear_regression
[2026-07-17T11:13:11] METRIC mae_bytes=236.44
[2026-07-17T11:13:11] METRIC throughput_gbps=7.5358
[2026-07-17T11:13:11] METRIC latency_ms=14.8055
[2026-07-17T11:13:11] RUN_END status=OK
[2026-07-17T11:15:14] RUN_START run_id=BASE_Linear_regression_070
[2026-07-17T11:15:14] PARAM method=Linear_regression
[2026-07-17T11:15:14] METRIC mae_bytes=230.39
[2026-07-17T11:15:14] METRIC throughput_gbps=7.5733
[2026-07-17T11:15:14] METRIC latency_ms=14.9643
[2026-07-17T11:15:14] RUN_END status=OK
[2026-07-17T11:16:06] RUN_START run_id=BASE_Linear_regression_071
[2026-07-17T11:16:06] PARAM method=Linear_regression
[2026-07-17T11:16:06] METRIC mae_bytes=195.67
[2026-07-17T11:16:06] METRIC throughput_gbps=7.6649
[2026-07-17T11:16:06] METRIC latency_ms=13.2595
[2026-07-17T11:16:06] RUN_END status=OK
[2026-07-17T11:19:08] RUN_START run_id=BASE_Linear_regression_072
[2026-07-17T11:19:08] PARAM method=Linear_regression
[2026-07-17T11:19:08] METRIC mae_bytes=269.7
[2026-07-17T11:19:08] METRIC throughput_gbps=8.3528
[2026-07-17T11:19:08] METRIC latency_ms=13.4701
[2026-07-17T11:19:08] RUN_END status=OK
[2026-07-17T11:23:19] RUN_START run_id=BASE_Linear_regression_073
[2026-07-17T11:23:19] PARAM method=Linear_regression
[2026-07-17T11:23:19] METRIC mae_bytes=283.99
[2026-07-17T11:23:19] METRIC throughput_gbps=7.8313
[2026-07-17T11:23:19] METRIC latency_ms=14.1657
[2026-07-17T11:23:19] RUN_END status=OK
[2026-07-17T11:23:57] RUN_START run_id=BASE_Linear_regression_074
[2026-07-17T11:23:57] PARAM method=Linear_regression
[2026-07-17T11:23:57] METRIC mae_bytes=233.62
[2026-07-17T11:23:57] METRIC throughput_gbps=8.0673
[2026-07-17T11:23:57] METRIC latency_ms=13.3386
[2026-07-17T11:23:57] RUN_END status=OK
