[2026-07-21T22:36:14] RUN_START run_id=BASE_Random_forest_051
[2026-07-21T22:36:14] PARAM method=Random_forest
[2026-07-21T22:36:14] METRIC mae_bytes=179.43
[2026-07-21T22:36:14] METRIC throughput_gbps=7.6781
[2026-07-21T22:36:14] METRIC latency_ms=12.7668
[2026-07-21T22:36:14] RUN_END status=OK
[2026-07-21T22:37:08] RUN_START run_id=BASE_Random_forest_052
[2026-07-21T22:37:08] PARAM method=Random_forest
[2026-07-21T22:37:08] METRIC mae_bytes=168.58
[2026-07-21T22:37:08] METRIC throughput_gbps=7.7294
[2026-07-21T22:37:08] METRIC latency_ms=12.5621
[2026-07-21T22:37:08] RUN_END status=OK
[2026-07-21T22:38:52] RUN_START run_id=BASE_Random_forest_053
[2026-07-21T22:38:52] PARAM method=Random_forest
[2026-07-21T22:38:52] METRIC mae_bytes=180.82
[2026-07-21T22:38:52] METRIC throughput_gbps=8.0751
[2026-07-21T22:38:52] METRIC latency_ms=10.6208
[2026-07-21T22:38:52] RUN_END status=OK
[2026-07-21T22:39:41] RUN_START run_id=BASE_Random_forest_054
[2026-07-21T22:39:41] PARAM method=Random_forest
[2026-07-21T22:39:41] METRIC mae_bytes=162.9
[2026-07-21T22:39:41] METRIC throughput_gbps=8.0842
[2026-07-21T22:39:41] METRIC latency_ms=12.7486
[2026-07-21T22:39:41] RUN_END status=OK
[2026-07-21T22:42:05] RUN_START run_id=BASE_Random_forest_055
[2026-07-21T22:42:05] PARAM method=Random_forest
[2026-07-21T22:42:05] METRIC mae_bytes=163.49
[2026-07-21T22:42:05] METRIC throughput_gbps=7.6792
[2026-07-21T22:42:05] METRIC latency_ms=12.3274
[2026-07-21T22:42:05] RUN_END status=OK
[2026-07-21T22:46:10] RUN_START run_id=BASE_Random_forest_056
[2026-07-21T22:46:10] PARAM method=Random_forest
[2026-07-21T22:46:10] METRIC mae_bytes=179.95
[2026-07-21T22:46:10] METRIC throughput_gbps=8.1506
[2026-07-21T22:46:10] METRIC latency_ms=13.2398
[2026-07-21T22:46:10] RUN_END status=OK
[2026-07-21T22:47:31] RUN_START run_id=BASE_Random_forest_057
[2026-07-21T22:47:31] PARAM method=Random_forest
[2026-07-21T22:47:31] METRIC mae_bytes=175.94
[2026-07-21T22:47:31] METRIC throughput_gbps=8.1812
[2026-07-21T22:47:31] METRIC latency_ms=13.3374
[2026-07-21T22:47:31] RUN_END status=OK
[2026-07-21T22:50:16] RUN_START run_id=BASE_Random_forest_058
[2026-07-21T22:50:16] PARAM method=Random_forest
[2026-07-21T22:50:16] METRIC mae_bytes=153.61
[2026-07-21T22:50:16] METRIC throughput_gbps=8.1625
[2026-07-21T22:50:16] METRIC latency_ms=12.3285
[2026-07-21T22:50:16] RUN_END status=OK
[2026-07-21T22:52:59] RUN_START run_id=BASE_Random_forest_059
[2026-07-21T22:52:59] PARAM method=Random_forest
[2026-07-21T22:52:59] METRIC mae_bytes=181.56
[2026-07-21T22:52:59] METRIC throughput_gbps=7.8924
[2026-07-21T22:52:59] METRIC latency_ms=12.4756
[2026-07-21T22:52:59] RUN_END status=OK
[2026-07-21T22:55:06] RUN_START run_id=BASE_Random_forest_060
[2026-07-21T22:55:06] PARAM method=Random_forest
[2026-07-21T22:55:06] METRIC mae_bytes=184.28
[2026-07-21T22:55:06] METRIC throughput_gbps=8.2122
[2026-07-21T22:55:06] METRIC latency_ms=12.4519
[2026-07-21T22:55:06] RUN_END status=OK
[2026-07-21T22:57:05] RUN_START run_id=BASE_Random_forest_061
[2026-07-21T22:57:05] PARAM method=Random_forest
[2026-07-21T22:57:05] METRIC mae_bytes=145.41
[2026-07-21T22:57:05] METRIC throughput_gbps=8.126
[2026-07-21T22:57:05] METRIC latency_ms=13.0049
[2026-07-21T22:57:05] RUN_END status=OK
[2026-07-21T23:01:20] RUN_START run_id=BASE_Random_forest_062
[2026-07-21T23:01:20] PARAM method=Random_forest
[2026-07-21T23:01:20] METRIC mae_bytes=149.89
[2026-07-21T23:01:20] METRIC throughput_gbps=7.9528
[2026-07-21T23:01:20] METRIC latency_ms=13.885
[2026-07-21T23:01:20] RUN_END status=OK
[2026-07-21T23:02:03] RUN_START run_id=BASE_Random_forest_063
[2026-07-21T23:02:03] PARAM method=Random_forest
[2026-07-21T23:02:03] METRIC mae_bytes=159.66
[2026-07-21T23:02:03] METRIC throughput_gbps=7.9899
[2026-07-21T23:02:03] METRIC latency_ms=12.2864
[2026-07-21T23:02:03] RUN_END status=OK
[2026-07-21T23:04:13] RUN_START run_id=BASE_Random_forest_064
[2026-07-21T23:04:13] PARAM method=Random_forest
[2026-07-21T23:04:13] METRIC mae_bytes=162.04
[2026-07-21T23:04:13] METRIC throughput_gbps=7.5149
[2026-07-21T23:04:13] METRIC latency_ms=12.2883
[2026-07-21T23:04:13] RUN_END status=OK
[2026-07-21T23:06:58] RUN_START run_id=BASE_Random_forest_065
[2026-07-21T23:06:58] PARAM method=Random_forest
[2026-07-21T23:06:58] METRIC mae_bytes=175.11
[2026-07-21T23:06:58] METRIC throughput_gbps=8.0716
[2026-07-21T23:06:58] METRIC latency_ms=11.9546
[2026-07-21T23:06:58] RUN_END status=OK
[2026-07-21T23:07:10] RUN_START run_id=BASE_Random_forest_066
[2026-07-21T23:07:10] PARAM method=Random_forest
[2026-07-21T23:07:10] METRIC mae_bytes=161.81
[2026-07-21T23:07:10] METRIC throughput_gbps=7.9385
[2026-07-21T23:07:10] METRIC latency_ms=12.8649
[2026-07-21T23:07:10] RUN_END status=OK
[2026-07-21T23:08:34] RUN_START run_id=BASE_Random_forest_067
[2026-07-21T23:08:34] PARAM method=Random_forest
[2026-07-21T23:08:34] METRIC mae_bytes=154.07
[2026-07-21T23:08:34] METRIC throughput_gbps=7.9658
[2026-07-21T23:08:34] METRIC latency_ms=13.2957
[2026-07-21T23:08:34] RUN_END status=OK
