[2026-07-24T23:31:22] RUN_START run_id=BASE_PMTUD_heuristic_045
[2026-07-24T23:31:22] PARAM method=PMTUD_heuristic
[2026-07-24T23:31:22] METRIC mae_bytes=313.65
[2026-07-24T23:31:22] METRIC throughput_gbps=7.5085
[2026-07-24T23:31:22] METRIC latency_ms=13.718
[2026-07-24T23:31:22] RUN_END status=OK
[2026-07-24T23:32:16] RUN_START run_id=BASE_PMTUD_heuristic_046
[2026-07-24T23:32:16] PARAM method=PMTUD_heuristic
[2026-07-24T23:32:16] METRIC mae_bytes=352.65
[2026-07-24T23:32:16] METRIC throughput_gbps=8.295
[2026-07-24T23:32:16] METRIC latency_ms=13.7324
[2026-07-24T23:32:16] RUN_END status=OK
[2026-07-24T23:33:36] RUN_START run_id=BASE_PMTUD_heuristic_047
[2026-07-24T23:33:36] PARAM method=PMTUD_heuristic
[2026-07-24T23:33:36] METRIC mae_bytes=284.12
[2026-07-24T23:33:36] METRIC throughput_gbps=7.6481
[2026-07-24T23:33:36] METRIC latency_ms=12.889
[2026-07-24T23:33:36] RUN_END status=OK
[2026-07-24T23:37:13] RUN_START run_id=BASE_PMTUD_heuristic_048
[2026-07-24T23:37:13] PARAM method=PMTUD_heuristic
[2026-07-24T23:37:13] METRIC mae_bytes=269.25
[2026-07-24T23:37:13] METRIC throughput_gbps=7.624
[2026-07-24T23:37:13] METRIC latency_ms=15.2095
[2026-07-24T23:37:13] RUN_END status=OK
[2026-07-24T23:39:01] RUN_START run_id=BASE_PMTUD_heuristic_049
[2026-07-24T23:39:01] PARAM method=PMTUD_heuristic
[2026-07-24T23:39:01] METRIC mae_bytes=309.51
[2026-07-24T23:39:01] METRIC throughput_gbps=8.141
[2026-07-24T23:39:01] METRIC latency_ms=13.4961
[2026-07-24T23:39:01] RUN_END status=OK
[2026-07-24T23:45:58] RUN_START run_id=BASE_PMTUD_heuristic_050
[2026-07-24T23:45:58] PARAM method=PMTUD_heuristic
[2026-07-24T23:45:58] METRIC mae_bytes=257.25
[2026-07-24T23:45:58] METRIC throughput_gbps=7.8973
[2026-07-24T23:45:58] METRIC latency_ms=14.2449
[2026-07-24T23:45:58] RUN_END status=OK
[2026-07-24T23:48:29] RUN_START run_id=BASE_PMTUD_heuristic_051
[2026-07-24T23:48:29] PARAM method=PMTUD_heuristic
[2026-07-24T23:48:29] METRIC mae_bytes=270.81
[2026-07-24T23:48:29] METRIC throughput_gbps=7.5101
[2026-07-24T23:48:29] METRIC latency_ms=15.7174
[2026-07-24T23:48:29] RUN_END status=OK
[2026-07-24T23:52:15] RUN_START run_id=BASE_PMTUD_heuristic_052
[2026-07-24T23:52:15] PARAM method=PMTUD_heuristic
[2026-07-24T23:52:15] METRIC mae_bytes=265.46
[2026-07-24T23:52:15] METRIC throughput_gbps=7.7372
[2026-07-24T23:52:15] METRIC latency_ms=13.1416
[2026-07-24T23:52:15] RUN_END status=OK
[2026-07-24T23:53:49] RUN_START run_id=BASE_PMTUD_heuristic_053
[2026-07-24T23:53:49] PARAM method=PMTUD_heuristic
[2026-07-24T23:53:49] METRIC mae_bytes=271.2
[2026-07-24T23:53:49] METRIC throughput_gbps=8.017
[2026-07-24T23:53:49] METRIC latency_ms=14.1774
[2026-07-24T23:53:49] RUN_END status=OK
[2026-07-24T23:57:33] RUN_START run_id=BASE_PMTUD_heuristic_054
[2026-07-24T23:57:33] PARAM method=PMTUD_heuristic
[2026-07-24T23:57:33] METRIC mae_bytes=294.78
[2026-07-24T23:57:33] METRIC throughput_gbps=8.1889
[2026-07-24T23:57:33] METRIC latency_ms=12.36
[2026-07-24T23:57:33] RUN_END status=OK
[2026-07-25T00:00:41] RUN_START run_id=BASE_PMTUD_heuristic_055
[2026-07-25T00:00:41] PARAM method=PMTUD_heuristic
[2026-07-25T00:00:41] METRIC mae_bytes=220.87
[2026-07-25T00:00:41] METRIC throughput_gbps=7.8322
[2026-07-25T00:00:41] METRIC latency_ms=14.0532
[2026-07-25T00:00:41] RUN_END status=OK
[2026-07-25T00:01:26] RUN_START run_id=BASE_PMTUD_heuristic_056
[2026-07-25T00:01:26] PARAM method=PMTUD_heuristic
[2026-07-25T00:01:26] METRIC mae_bytes=243.66
[2026-07-25T00:01:26] METRIC throughput_gbps=7.7436
[2026-07-25T00:01:26] METRIC latency_ms=14.387
[2026-07-25T00:01:26] RUN_END status=OK
[2026-07-25T00:04:17] RUN_START run_id=BASE_PMTUD_heuristic_057
[2026-07-25T00:04:17] PARAM method=PMTUD_heuristic
[2026-07-25T00:04:17] METRIC mae_bytes=292.23
[2026-07-25T00:04:17] METRIC throughput_gbps=7.8351
[2026-07-25T00:04:17] METRIC latency_ms=13.8059
[2026-07-25T00:04:17] RUN_END status=OK
[2026-07-25T00:06:01] RUN_START run_id=BASE_PMTUD_heuristic_058
[2026-07-25T00:06:01] PARAM method=PMTUD_heuristic
[2026-07-25T00:06:01] METRIC mae_bytes=283.39
[2026-07-25T00:06:01] METRIC throughput_gbps=7.3819
[2026-07-25T00:06:01] METRIC latency_ms=13.5012
[2026-07-25T00:06:01] RUN_END status=OK
[2026-07-25T11:53:21] RUN_START run_id=BASE_PMTUD_heuristic_059
[2026-07-25T11:53:21] PARAM method=PMTUD_heuristic
[2026-07-25T11:53:21] METRIC mae_bytes=315.73
[2026-07-25T11:53:21] METRIC throughput_gbps=7.8267
[2026-07-25T11:53:21] METRIC latency_ms=16.1534
[2026-07-25T11:53:21] RUN_END status=OK
[2026-07-25T11:55:45] RUN_START run_id=BASE_PMTUD_heuristic_060
[2026-07-25T11:55:45] PARAM method=PMTUD_heuristic
[2026-07-25T11:55:45] METRIC mae_bytes=250.35
[2026-07-25T11:55:45] METRIC throughput_gbps=7.6013
[2026-07-25T11:55:45] METRIC latency_ms=14.349
[2026-07-25T11:55:45] RUN_END status=OK
