[2026-07-16T20:48:58] RUN_START run_id=BASE_Linear_regression_042
[2026-07-16T20:48:58] PARAM method=Linear_regression
[2026-07-16T20:48:58] METRIC mae_bytes=247.48
[2026-07-16T20:48:58] METRIC throughput_gbps=7.8295
[2026-07-16T20:48:58] METRIC latency_ms=12.8421
[2026-07-16T20:48:58] RUN_END status=OK
[2026-07-16T20:49:47] RUN_START run_id=BASE_Linear_regression_043
[2026-07-16T20:49:47] PARAM method=Linear_regression
[2026-07-16T20:49:47] METRIC mae_bytes=244.5
[2026-07-16T20:49:47] METRIC throughput_gbps=7.7686
[2026-07-16T20:49:47] METRIC latency_ms=13.03
[2026-07-16T20:49:47] RUN_END status=OK
[2026-07-16T20:51:51] RUN_START run_id=BASE_Linear_regression_044
[2026-07-16T20:51:51] PARAM method=Linear_regression
[2026-07-16T20:51:51] METRIC mae_bytes=189.0
[2026-07-16T20:51:51] METRIC throughput_gbps=7.7273
[2026-07-16T20:51:51] METRIC latency_ms=13.7118
[2026-07-16T20:51:51] RUN_END status=OK
[2026-07-16T20:52:35] RUN_START run_id=BASE_Linear_regression_045
[2026-07-16T20:52:35] PARAM method=Linear_regression
[2026-07-16T20:52:35] METRIC mae_bytes=253.14
[2026-07-16T20:52:35] METRIC throughput_gbps=8.2894
[2026-07-16T20:52:35] METRIC latency_ms=14.0164
[2026-07-16T20:52:35] RUN_END status=OK
[2026-07-16T20:54:22] RUN_START run_id=BASE_Linear_regression_046
[2026-07-16T20:54:22] PARAM method=Linear_regression
[2026-07-16T20:54:22] METRIC mae_bytes=242.31
[2026-07-16T20:54:22] METRIC throughput_gbps=7.6706
[2026-07-16T20:54:22] METRIC latency_ms=13.8331
[2026-07-16T20:54:22] RUN_END status=OK
[2026-07-16T20:55:45] RUN_START run_id=BASE_Linear_regression_047
[2026-07-16T20:55:45] PARAM method=Linear_regression
[2026-07-16T20:55:45] METRIC mae_bytes=264.13
[2026-07-16T20:55:45] METRIC throughput_gbps=8.0796
[2026-07-16T20:55:45] METRIC latency_ms=14.141
[2026-07-16T20:55:45] RUN_END status=OK
[2026-07-16T20:56:09] RUN_START run_id=BASE_Linear_regression_048
[2026-07-16T20:56:09] PARAM method=Linear_regression
[2026-07-16T20:56:09] METRIC mae_bytes=211.95
[2026-07-16T20:56:09] METRIC throughput_gbps=8.0087
[2026-07-16T20:56:09] METRIC latency_ms=13.4128
[2026-07-16T20:56:09] RUN_END status=OK
[2026-07-16T20:57:36] RUN_START run_id=BASE_Linear_regression_049
[2026-07-16T20:57:36] PARAM method=Linear_regression
[2026-07-16T20:57:36] METRIC mae_bytes=233.65
[2026-07-16T20:57:36] METRIC throughput_gbps=8.0413
[2026-07-16T20:57:36] METRIC latency_ms=13.5766
[2026-07-16T20:57:36] RUN_END status=OK
[2026-07-16T20:59:05] RUN_START run_id=BASE_Linear_regression_050
[2026-07-16T20:59:05] PARAM method=Linear_regression
[2026-07-16T20:59:05] METRIC mae_bytes=252.56
[2026-07-16T20:59:05] METRIC throughput_gbps=7.9582
[2026-07-16T20:59:05] METRIC latency_ms=12.5111
[2026-07-16T20:59:05] RUN_END status=OK
[2026-07-16T21:01:38] RUN_START run_id=BASE_Linear_regression_051
[2026-07-16T21:01:38] PARAM method=Linear_regression
[2026-07-16T21:01:38] METRIC mae_bytes=252.24
[2026-07-16T21:01:38] METRIC throughput_gbps=8.4772
[2026-07-16T21:01:38] METRIC latency_ms=13.9886
[2026-07-16T21:01:38] RUN_END status=OK
[2026-07-16T21:04:03] RUN_START run_id=BASE_Linear_regression_052
[2026-07-16T21:04:03] PARAM method=Linear_regression
[2026-07-16T21:04:03] METRIC mae_bytes=262.79
[2026-07-16T21:04:03] METRIC throughput_gbps=7.669
[2026-07-16T21:04:03] METRIC latency_ms=13.1576
[2026-07-16T21:04:03] RUN_END status=OK
[2026-07-16T21:05:45] RUN_START run_id=BASE_Linear_regression_053
[2026-07-16T21:05:45] PARAM method=Linear_regression
[2026-07-16T21:05:45] METRIC mae_bytes=249.82
[2026-07-16T21:05:45] METRIC throughput_gbps=7.5854
[2026-07-16T21:05:45] METRIC latency_ms=12.6001
[2026-07-16T21:05:45] RUN_END status=OK
[2026-07-16T21:06:31] RUN_START run_id=BASE_Linear_regression_054
[2026-07-16T21:06:31] PARAM method=Linear_regression
[2026-07-16T21:06:31] METRIC mae_bytes=219.23
[2026-07-16T21:06:31] METRIC throughput_gbps=7.8586
[2026-07-16T21:06:31] METRIC latency_ms=12.5158
[2026-07-16T21:06:31] RUN_END status=OK
[2026-07-16T21:06:53] RUN_START run_id=BASE_Linear_regression_055
[2026-07-16T21:06:53] PARAM method=Linear_regression
[2026-07-16T21:06:53] METRIC mae_bytes=214.29
[2026-07-16T21:06:53] METRIC throughput_gbps=7.4317
[2026-07-16T21:06:53] METRIC latency_ms=12.7061
[2026-07-16T21:06:53] RUN_END status=OK
[2026-07-16T21:09:00] RUN_START run_id=BASE_Linear_regression_056
[2026-07-16T21:09:00] PARAM method=Linear_regression
[2026-07-16T21:09:00] METRIC mae_bytes=247.38
[2026-07-16T21:09:00] METRIC throughput_gbps=8.2458
[2026-07-16T21:09:00] METRIC latency_ms=15.7789
[2026-07-16T21:09:00] RUN_END status=OK
[2026-07-16T21:09:22] RUN_START run_id=BASE_Linear_regression_057
[2026-07-16T21:09:22] PARAM method=Linear_regression
[2026-07-16T21:09:22] METRIC mae_bytes=236.29
[2026-07-16T21:09:22] METRIC throughput_gbps=7.8027
[2026-07-16T21:09:22] METRIC latency_ms=13.4554
[2026-07-16T21:09:22] RUN_END status=OK
