[2026-07-28T21:04:55] RUN_START run_id=BASE_PMTUD_heuristic_139
[2026-07-28T21:04:55] PARAM method=PMTUD_heuristic
[2026-07-28T21:04:55] METRIC mae_bytes=320.59
[2026-07-28T21:04:55] METRIC throughput_gbps=8.0421
[2026-07-28T21:04:55] METRIC latency_ms=13.3449
[2026-07-28T21:04:55] RUN_END status=OK
[2026-07-28T21:06:58] RUN_START run_id=BASE_PMTUD_heuristic_140
[2026-07-28T21:06:58] PARAM method=PMTUD_heuristic
[2026-07-28T21:06:58] METRIC mae_bytes=293.14
[2026-07-28T21:06:58] METRIC throughput_gbps=7.1616
[2026-07-28T21:06:58] METRIC latency_ms=13.6511
[2026-07-28T21:06:58] RUN_END status=OK
[2026-07-28T21:09:42] RUN_START run_id=BASE_PMTUD_heuristic_141
[2026-07-28T21:09:42] PARAM method=PMTUD_heuristic
[2026-07-28T21:09:42] METRIC mae_bytes=268.39
[2026-07-28T21:09:42] METRIC throughput_gbps=7.4464
[2026-07-28T21:09:42] METRIC latency_ms=14.3729
[2026-07-28T21:09:42] RUN_END status=OK
[2026-07-28T21:10:54] RUN_START run_id=BASE_PMTUD_heuristic_142
[2026-07-28T21:10:54] PARAM method=PMTUD_heuristic
[2026-07-28T21:10:54] METRIC mae_bytes=275.16
[2026-07-28T21:10:54] METRIC throughput_gbps=7.9782
[2026-07-28T21:10:54] METRIC latency_ms=14.6271
[2026-07-28T21:10:54] RUN_END status=OK
[2026-07-28T21:12:50] RUN_START run_id=BASE_PMTUD_heuristic_143
[2026-07-28T21:12:50] PARAM method=PMTUD_heuristic
[2026-07-28T21:12:50] METRIC mae_bytes=251.08
[2026-07-28T21:12:50] METRIC throughput_gbps=7.9052
[2026-07-28T21:12:50] METRIC latency_ms=13.5651
[2026-07-28T21:12:50] RUN_END status=OK
[2026-07-28T21:14:05] RUN_START run_id=BASE_PMTUD_heuristic_144
[2026-07-28T21:14:05] PARAM method=PMTUD_heuristic
[2026-07-28T21:14:05] METRIC mae_bytes=277.38
[2026-07-28T21:14:05] METRIC throughput_gbps=7.7306
[2026-07-28T21:14:05] METRIC latency_ms=14.2213
[2026-07-28T21:14:05] RUN_END status=OK
[2026-07-28T21:14:28] RUN_START run_id=BASE_PMTUD_heuristic_145
[2026-07-28T21:14:28] PARAM method=PMTUD_heuristic
[2026-07-28T21:14:28] METRIC mae_bytes=282.7
[2026-07-28T21:14:28] METRIC throughput_gbps=7.6829
[2026-07-28T21:14:28] METRIC latency_ms=13.5784
[2026-07-28T21:14:28] RUN_END status=OK
[2026-07-28T21:18:10] RUN_START run_id=BASE_PMTUD_heuristic_146
[2026-07-28T21:18:10] PARAM method=PMTUD_heuristic
[2026-07-28T21:18:10] METRIC mae_bytes=243.54
[2026-07-28T21:18:10] METRIC throughput_gbps=7.6507
[2026-07-28T21:18:10] METRIC latency_ms=13.7974
[2026-07-28T21:18:10] RUN_END status=OK
[2026-07-28T21:19:33] RUN_START run_id=BASE_PMTUD_heuristic_147
[2026-07-28T21:19:33] PARAM method=PMTUD_heuristic
[2026-07-28T21:19:33] METRIC mae_bytes=273.01
[2026-07-28T21:19:33] METRIC throughput_gbps=7.2975
[2026-07-28T21:19:33] METRIC latency_ms=14.3992
[2026-07-28T21:19:33] RUN_END status=OK
[2026-07-28T21:23:00] RUN_START run_id=BASE_PMTUD_heuristic_148
[2026-07-28T21:23:00] PARAM method=PMTUD_heuristic
[2026-07-28T21:23:00] METRIC mae_bytes=280.66
[2026-07-28T21:23:00] METRIC throughput_gbps=7.6074
[2026-07-28T21:23:00] METRIC latency_ms=13.8988
[2026-07-28T21:23:00] RUN_END status=OK
[2026-07-28T21:24:51] RUN_START run_id=BASE_PMTUD_heuristic_149
[2026-07-28T21:24:51] PARAM method=PMTUD_heuristic
[2026-07-28T21:24:51] METRIC mae_bytes=283.0
[2026-07-28T21:24:51] METRIC throughput_gbps=8.2496
[2026-07-28T21:24:51] METRIC latency_ms=13.1833
[2026-07-28T21:24:51] RUN_END status=OK
[2026-07-28T21:25:25] RUN_START run_id=BASE_PMTUD_heuristic_150
[2026-07-28T21:25:25] PARAM method=PMTUD_heuristic
[2026-07-28T21:25:25] METRIC mae_bytes=296.53
[2026-07-28T21:25:25] METRIC throughput_gbps=7.8197
[2026-07-28T21:25:25] METRIC latency_ms=13.9675
[2026-07-28T21:25:25] RUN_END status=OK
