[2026-08-14T02:51:56] RUN_START run_id=SCALE_O_CCNlite_1000_083
[2026-08-14T02:51:56] PARAM implementation=CCNlite
[2026-08-14T02:51:56] METRIC unique_content_objects=1000
[2026-08-14T02:51:56] METRIC cache_hit_ratio=0.9106
[2026-08-14T02:51:56] RUN_END status=OK
[2026-08-14T02:53:38] RUN_START run_id=SCALE_O_CCNlite_1000_084
[2026-08-14T02:53:38] PARAM implementation=CCNlite
[2026-08-14T02:53:38] METRIC unique_content_objects=1000
[2026-08-14T02:53:38] METRIC cache_hit_ratio=0.9179
[2026-08-14T02:53:38] RUN_END status=OK
[2026-08-14T02:56:21] RUN_START run_id=SCALE_O_CCNlite_1000_085
[2026-08-14T02:56:21] PARAM implementation=CCNlite
[2026-08-14T02:56:21] METRIC unique_content_objects=1000
[2026-08-14T02:56:21] METRIC cache_hit_ratio=0.9154
[2026-08-14T02:56:21] RUN_END status=OK
[2026-08-14T02:57:22] RUN_START run_id=SCALE_O_CCNlite_1000_086
[2026-08-14T02:57:22] PARAM implementation=CCNlite
[2026-08-14T02:57:22] METRIC unique_content_objects=1000
[2026-08-14T02:57:22] METRIC cache_hit_ratio=0.9823
[2026-08-14T02:57:22] RUN_END status=OK
[2026-08-14T02:58:11] RUN_START run_id=SCALE_O_CCNlite_1000_087
[2026-08-14T02:58:11] PARAM implementation=CCNlite
[2026-08-14T02:58:11] METRIC unique_content_objects=1000
[2026-08-14T02:58:11] METRIC cache_hit_ratio=0.9473
[2026-08-14T02:58:11] RUN_END status=OK
[2026-08-14T03:03:23] RUN_START run_id=SCALE_O_CCNlite_1000_088
[2026-08-14T03:03:23] PARAM implementation=CCNlite
[2026-08-14T03:03:23] METRIC unique_content_objects=1000
[2026-08-14T03:03:23] METRIC cache_hit_ratio=0.9045
[2026-08-14T03:03:23] RUN_END status=OK
[2026-08-14T03:05:46] RUN_START run_id=SCALE_O_CCNlite_1000_089
[2026-08-14T03:05:46] PARAM implementation=CCNlite
[2026-08-14T03:05:46] METRIC unique_content_objects=1000
[2026-08-14T03:05:46] METRIC cache_hit_ratio=0.9317
[2026-08-14T03:05:46] RUN_END status=OK
[2026-08-14T03:07:01] RUN_START run_id=SCALE_O_CCNlite_1000_090
[2026-08-14T03:07:01] PARAM implementation=CCNlite
[2026-08-14T03:07:01] METRIC unique_content_objects=1000
[2026-08-14T03:07:01] METRIC cache_hit_ratio=0.8582
[2026-08-14T03:07:01] RUN_END status=OK
[2026-08-14T03:07:25] RUN_START run_id=SCALE_O_CCNlite_1000_091
[2026-08-14T03:07:25] PARAM implementation=CCNlite
[2026-08-14T03:07:25] METRIC unique_content_objects=1000
[2026-08-14T03:07:25] METRIC cache_hit_ratio=0.8859
[2026-08-14T03:07:25] RUN_END status=OK
[2026-08-14T03:09:35] RUN_START run_id=SCALE_O_CCNlite_1000_092
[2026-08-14T03:09:35] PARAM implementation=CCNlite
[2026-08-14T03:09:35] METRIC unique_content_objects=1000
[2026-08-14T03:09:35] METRIC cache_hit_ratio=0.9159
[2026-08-14T03:09:35] RUN_END status=OK
[2026-08-14T03:09:51] RUN_START run_id=SCALE_O_CCNlite_1000_093
[2026-08-14T03:09:51] PARAM implementation=CCNlite
[2026-08-14T03:09:51] METRIC unique_content_objects=1000
[2026-08-14T03:09:51] METRIC cache_hit_ratio=0.9606
[2026-08-14T03:09:51] RUN_END status=OK
[2026-08-14T03:12:10] RUN_START run_id=SCALE_O_CCNlite_1000_094
[2026-08-14T03:12:10] PARAM implementation=CCNlite
[2026-08-14T03:12:10] METRIC unique_content_objects=1000
[2026-08-14T03:12:10] METRIC cache_hit_ratio=0.9489
[2026-08-14T03:12:10] RUN_END status=OK
