[2026-08-11T03:38:52] RUN_START run_id=SCALE_O_uDCN_5000000_036
[2026-08-11T03:38:52] PARAM implementation=uDCN
[2026-08-11T03:38:52] METRIC unique_content_objects=5000000
[2026-08-11T03:38:52] METRIC cache_hit_ratio=0.2658
[2026-08-11T03:38:52] RUN_END status=OK
[2026-08-11T03:43:16] RUN_START run_id=SCALE_O_uDCN_5000000_037
[2026-08-11T03:43:16] PARAM implementation=uDCN
[2026-08-11T03:43:16] METRIC unique_content_objects=5000000
[2026-08-11T03:43:16] METRIC cache_hit_ratio=0.2676
[2026-08-11T03:43:16] RUN_END status=OK
[2026-08-11T03:45:20] RUN_START run_id=SCALE_O_uDCN_5000000_038
[2026-08-11T03:45:20] PARAM implementation=uDCN
[2026-08-11T03:45:20] METRIC unique_content_objects=5000000
[2026-08-11T03:45:20] METRIC cache_hit_ratio=0.2691
[2026-08-11T03:45:20] RUN_END status=OK
[2026-08-11T03:46:47] RUN_START run_id=SCALE_O_uDCN_5000000_039
[2026-08-11T03:46:47] PARAM implementation=uDCN
[2026-08-11T03:46:47] METRIC unique_content_objects=5000000
[2026-08-11T03:46:47] METRIC cache_hit_ratio=0.2951
[2026-08-11T03:46:47] RUN_END status=OK
[2026-08-11T03:48:24] RUN_START run_id=SCALE_O_uDCN_5000000_040
[2026-08-11T03:48:24] PARAM implementation=uDCN
[2026-08-11T03:48:24] METRIC unique_content_objects=5000000
[2026-08-11T03:48:24] METRIC cache_hit_ratio=0.2927
[2026-08-11T03:48:24] RUN_END status=OK
[2026-08-11T03:51:54] RUN_START run_id=SCALE_O_uDCN_5000000_041
[2026-08-11T03:51:54] PARAM implementation=uDCN
[2026-08-11T03:51:54] METRIC unique_content_objects=5000000
[2026-08-11T03:51:54] METRIC cache_hit_ratio=0.2636
[2026-08-11T03:51:54] RUN_END status=OK
[2026-08-11T03:52:45] RUN_START run_id=SCALE_O_uDCN_5000000_042
[2026-08-11T03:52:45] PARAM implementation=uDCN
[2026-08-11T03:52:45] METRIC unique_content_objects=5000000
[2026-08-11T03:52:45] METRIC cache_hit_ratio=0.2647
[2026-08-11T03:52:45] RUN_END status=OK
[2026-08-11T03:54:42] RUN_START run_id=SCALE_O_uDCN_5000000_043
[2026-08-11T03:54:42] PARAM implementation=uDCN
[2026-08-11T03:54:42] METRIC unique_content_objects=5000000
[2026-08-11T03:54:42] METRIC cache_hit_ratio=0.2746
[2026-08-11T03:54:42] RUN_END status=OK
[2026-08-11T03:56:41] RUN_START run_id=SCALE_O_uDCN_5000000_044
[2026-08-11T03:56:41] PARAM implementation=uDCN
[2026-08-11T03:56:41] METRIC unique_content_objects=5000000
[2026-08-11T03:56:41] METRIC cache_hit_ratio=0.2559
[2026-08-11T03:56:41] RUN_END status=OK
[2026-08-11T03:57:56] RUN_START run_id=SCALE_O_uDCN_5000000_045
[2026-08-11T03:57:56] PARAM implementation=uDCN
[2026-08-11T03:57:56] METRIC unique_content_objects=5000000
[2026-08-11T03:57:56] METRIC cache_hit_ratio=0.2742
[2026-08-11T03:57:56] RUN_END status=OK
[2026-08-11T04:01:18] RUN_START run_id=SCALE_O_uDCN_5000000_046
[2026-08-11T04:01:18] PARAM implementation=uDCN
[2026-08-11T04:01:18] METRIC unique_content_objects=5000000
[2026-08-11T04:01:18] METRIC cache_hit_ratio=0.2624
[2026-08-11T04:01:18] RUN_END status=OK
[2026-08-11T04:02:15] RUN_START run_id=SCALE_O_uDCN_5000000_047
[2026-08-11T04:02:15] PARAM implementation=uDCN
[2026-08-11T04:02:15] METRIC unique_content_objects=5000000
[2026-08-11T04:02:15] METRIC cache_hit_ratio=0.2827
[2026-08-11T04:02:15] RUN_END status=OK
[2026-08-11T04:07:28] RUN_START run_id=SCALE_O_uDCN_5000000_048
[2026-08-11T04:07:28] PARAM implementation=uDCN
[2026-08-11T04:07:28] METRIC unique_content_objects=5000000
[2026-08-11T04:07:28] METRIC cache_hit_ratio=0.2788
[2026-08-11T04:07:28] RUN_END status=OK
[2026-08-11T04:08:13] RUN_START run_id=SCALE_O_uDCN_5000000_049
[2026-08-11T04:08:13] PARAM implementation=uDCN
[2026-08-11T04:08:13] METRIC unique_content_objects=5000000
[2026-08-11T04:08:13] METRIC cache_hit_ratio=0.2827
[2026-08-11T04:08:13] RUN_END status=OK
[2026-08-11T04:10:24] RUN_START run_id=SCALE_O_uDCN_5000000_050
[2026-08-11T04:10:24] PARAM implementation=uDCN
[2026-08-11T04:10:24] METRIC unique_content_objects=5000000
[2026-08-11T04:10:24] METRIC cache_hit_ratio=0.2896
[2026-08-11T04:10:24] RUN_END status=OK
[2026-08-11T04:11:43] RUN_START run_id=SCALE_O_uDCN_5000000_051
[2026-08-11T04:11:43] PARAM implementation=uDCN
[2026-08-11T04:11:43] METRIC unique_content_objects=5000000
[2026-08-11T04:11:43] METRIC cache_hit_ratio=0.2643
[2026-08-11T04:11:43] RUN_END status=OK
