[2026-08-15T17:54:54] RUN_START run_id=SCALE_O_uDCN_100000_025
[2026-08-15T17:54:54] PARAM implementation=uDCN
[2026-08-15T17:54:54] METRIC unique_content_objects=100000
[2026-08-15T17:54:54] METRIC cache_hit_ratio=0.7636
[2026-08-15T17:54:54] RUN_END status=OK
[2026-08-15T17:55:38] RUN_START run_id=SCALE_O_uDCN_300000_051
[2026-08-15T17:55:38] PARAM implementation=uDCN
[2026-08-15T17:55:38] METRIC unique_content_objects=300000
[2026-08-15T17:55:38] METRIC cache_hit_ratio=0.5874
[2026-08-15T17:55:38] RUN_END status=OK
[2026-08-15T17:57:23] RUN_START run_id=SCALE_O_uDCN_100000_026
[2026-08-15T17:57:23] PARAM implementation=uDCN
[2026-08-15T17:57:23] METRIC unique_content_objects=100000
[2026-08-15T17:57:23] METRIC cache_hit_ratio=0.8515
[2026-08-15T17:57:23] RUN_END status=OK
[2026-08-15T17:58:51] RUN_START run_id=SCALE_O_uDCN_100000_027
[2026-08-15T17:58:51] PARAM implementation=uDCN
[2026-08-15T17:58:51] METRIC unique_content_objects=100000
[2026-08-15T17:58:51] METRIC cache_hit_ratio=0.8895
[2026-08-15T17:58:51] RUN_END status=OK
[2026-08-15T18:00:00] RUN_START run_id=SCALE_O_CCNlite_1000000_001
[2026-08-15T18:00:00] PARAM implementation=CCNlite
[2026-08-15T18:00:00] METRIC unique_content_objects=1000000
[2026-08-15T18:00:00] METRIC cache_hit_ratio=0.2679
[2026-08-15T18:00:00] RUN_END status=OK
[2026-08-15T18:00:04] RUN_START run_id=SCALE_O_uDCN_100000_028
[2026-08-15T18:00:04] PARAM implementation=uDCN
[2026-08-15T18:00:04] METRIC unique_content_objects=100000
[2026-08-15T18:00:04] METRIC cache_hit_ratio=0.8184
[2026-08-15T18:00:04] RUN_END status=OK
[2026-08-15T18:00:12] RUN_START run_id=SCALE_O_CCNlite_1000000_002
[2026-08-15T18:00:12] PARAM implementation=CCNlite
[2026-08-15T18:00:12] METRIC unique_content_objects=1000000
[2026-08-15T18:00:12] METRIC cache_hit_ratio=0.2774
[2026-08-15T18:00:12] RUN_END status=OK
[2026-08-15T18:01:55] RUN_START run_id=SCALE_O_uDCN_100000_029
[2026-08-15T18:01:55] PARAM implementation=uDCN
[2026-08-15T18:01:55] METRIC unique_content_objects=100000
[2026-08-15T18:01:55] METRIC cache_hit_ratio=0.8599
[2026-08-15T18:01:55] RUN_END status=OK
[2026-08-15T18:03:09] RUN_START run_id=SCALE_O_CCNlite_1000000_003
[2026-08-15T18:03:09] PARAM implementation=CCNlite
[2026-08-15T18:03:09] METRIC unique_content_objects=1000000
[2026-08-15T18:03:09] METRIC cache_hit_ratio=0.2769
[2026-08-15T18:03:09] RUN_END status=OK
[2026-08-15T18:03:59] RUN_START run_id=SCALE_O_uDCN_300000_052
[2026-08-15T18:03:59] PARAM implementation=uDCN
[2026-08-15T18:03:59] METRIC unique_content_objects=300000
[2026-08-15T18:03:59] METRIC cache_hit_ratio=0.6243
[2026-08-15T18:03:59] RUN_END status=OK
[2026-08-15T18:04:23] RUN_START run_id=SCALE_O_CCNlite_1000000_004
[2026-08-15T18:04:23] PARAM implementation=CCNlite
[2026-08-15T18:04:23] METRIC unique_content_objects=1000000
[2026-08-15T18:04:23] METRIC cache_hit_ratio=0.2674
[2026-08-15T18:04:23] RUN_END status=OK
[2026-08-15T18:04:59] RUN_START run_id=SCALE_O_uDCN_100000_030
[2026-08-15T18:04:59] PARAM implementation=uDCN
[2026-08-15T18:04:59] METRIC unique_content_objects=100000
[2026-08-15T18:04:59] METRIC cache_hit_ratio=0.8345
[2026-08-15T18:04:59] RUN_END status=OK
[2026-08-15T18:07:24] RUN_START run_id=SCALE_O_uDCN_100000_031
[2026-08-15T18:07:24] PARAM implementation=uDCN
[2026-08-15T18:07:24] METRIC unique_content_objects=100000
[2026-08-15T18:07:24] METRIC cache_hit_ratio=0.8023
[2026-08-15T18:07:24] RUN_END status=OK
