[2026-08-20T11:39:04] RUN_START run_id=SCALE_O_NFD_1000_148
[2026-08-20T11:39:04] PARAM implementation=NFD
[2026-08-20T11:39:04] METRIC unique_content_objects=1000
[2026-08-20T11:39:04] METRIC cache_hit_ratio=0.8415
[2026-08-20T11:39:04] RUN_END status=OK
[2026-08-20T11:45:50] RUN_START run_id=SCALE_O_NFD_1000_149
[2026-08-20T11:45:50] PARAM implementation=NFD
[2026-08-20T11:45:50] METRIC unique_content_objects=1000
[2026-08-20T11:45:50] METRIC cache_hit_ratio=0.9562
[2026-08-20T11:45:50] RUN_END status=OK
[2026-08-20T11:50:54] RUN_START run_id=SCALE_O_NFD_1000_150
[2026-08-20T11:50:54] PARAM implementation=NFD
[2026-08-20T11:50:54] METRIC unique_content_objects=1000
[2026-08-20T11:50:54] METRIC cache_hit_ratio=1.0
[2026-08-20T11:50:54] RUN_END status=OK
[2026-08-20T15:50:36] RUN_START run_id=SCALE_O_NFD_10000_032
[2026-08-20T15:50:36] PARAM implementation=NFD
[2026-08-20T15:50:36] METRIC unique_content_objects=10000
[2026-08-20T15:50:36] METRIC cache_hit_ratio=0.8189
[2026-08-20T15:50:36] RUN_END status=OK
[2026-08-20T15:53:36] RUN_START run_id=SCALE_O_NFD_10000_033
[2026-08-20T15:53:36] PARAM implementation=NFD
[2026-08-20T15:53:36] METRIC unique_content_objects=10000
[2026-08-20T15:53:36] METRIC cache_hit_ratio=0.8016
[2026-08-20T15:53:36] RUN_END status=OK
[2026-08-20T15:57:15] RUN_START run_id=SCALE_O_NFD_10000_034
[2026-08-20T15:57:15] PARAM implementation=NFD
[2026-08-20T15:57:15] METRIC unique_content_objects=10000
[2026-08-20T15:57:15] METRIC cache_hit_ratio=0.7543
[2026-08-20T15:57:15] RUN_END status=OK
[2026-08-20T15:58:12] RUN_START run_id=SCALE_O_NFD_10000_035
[2026-08-20T15:58:12] PARAM implementation=NFD
[2026-08-20T15:58:12] METRIC unique_content_objects=10000
[2026-08-20T15:58:12] METRIC cache_hit_ratio=0.8224
[2026-08-20T15:58:12] RUN_END status=OK
[2026-08-20T16:00:00] RUN_START run_id=SCALE_O_NFD_100000_001
[2026-08-20T16:00:00] PARAM implementation=NFD
[2026-08-20T16:00:00] METRIC unique_content_objects=100000
[2026-08-20T16:00:00] METRIC cache_hit_ratio=0.6434
[2026-08-20T16:00:00] RUN_END status=OK
[2026-08-20T16:00:11] RUN_START run_id=SCALE_O_NFD_10000_036
[2026-08-20T16:00:11] PARAM implementation=NFD
[2026-08-20T16:00:11] METRIC unique_content_objects=10000
[2026-08-20T16:00:11] METRIC cache_hit_ratio=0.8229
[2026-08-20T16:00:11] RUN_END status=OK
[2026-08-20T16:01:00] RUN_START run_id=SCALE_O_NFD_100000_002
[2026-08-20T16:01:00] PARAM implementation=NFD
[2026-08-20T16:01:00] METRIC unique_content_objects=100000
[2026-08-20T16:01:00] METRIC cache_hit_ratio=0.6158
[2026-08-20T16:01:00] RUN_END status=OK
[2026-08-20T16:01:49] RUN_START run_id=SCALE_O_NFD_10000_037
[2026-08-20T16:01:49] PARAM implementation=NFD
[2026-08-20T16:01:49] METRIC unique_content_objects=10000
[2026-08-20T16:01:49] METRIC cache_hit_ratio=0.8909
[2026-08-20T16:01:49] RUN_END status=OK
[2026-08-20T16:03:46] RUN_START run_id=SCALE_O_NFD_100000_003
[2026-08-20T16:03:46] PARAM implementation=NFD
[2026-08-20T16:03:46] METRIC unique_content_objects=100000
[2026-08-20T16:03:46] METRIC cache_hit_ratio=0.6586
[2026-08-20T16:03:46] RUN_END status=OK
[2026-08-20T16:04:32] RUN_START run_id=SCALE_O_NFD_10000_038
[2026-08-20T16:04:32] PARAM implementation=NFD
[2026-08-20T16:04:32] METRIC unique_content_objects=10000
[2026-08-20T16:04:32] METRIC cache_hit_ratio=0.8618
[2026-08-20T16:04:32] RUN_END status=OK
[2026-08-20T16:06:27] RUN_START run_id=SCALE_O_NFD_100000_004
[2026-08-20T16:06:27] PARAM implementation=NFD
[2026-08-20T16:06:27] METRIC unique_content_objects=100000
[2026-08-20T16:06:27] METRIC cache_hit_ratio=0.6619
[2026-08-20T16:06:27] RUN_END status=OK
[2026-08-20T16:07:22] RUN_START run_id=SCALE_O_NFD_10000_039
[2026-08-20T16:07:22] PARAM implementation=NFD
[2026-08-20T16:07:22] METRIC unique_content_objects=10000
[2026-08-20T16:07:22] METRIC cache_hit_ratio=0.8186
[2026-08-20T16:07:22] RUN_END status=OK
