[2026-08-15T17:34:06] RUN_START run_id=SCALE_O_uDCN_100000_014
[2026-08-15T17:34:06] PARAM implementation=uDCN
[2026-08-15T17:34:06] METRIC unique_content_objects=100000
[2026-08-15T17:34:06] METRIC cache_hit_ratio=0.7673
[2026-08-15T17:34:06] RUN_END status=OK
[2026-08-15T17:34:48] RUN_START run_id=SCALE_O_uDCN_100000_015
[2026-08-15T17:34:48] PARAM implementation=uDCN
[2026-08-15T17:34:48] METRIC unique_content_objects=100000
[2026-08-15T17:34:48] METRIC cache_hit_ratio=0.803
[2026-08-15T17:34:48] RUN_END status=OK
[2026-08-15T17:35:40] RUN_START run_id=SCALE_O_uDCN_100000_016
[2026-08-15T17:35:40] PARAM implementation=uDCN
[2026-08-15T17:35:40] METRIC unique_content_objects=100000
[2026-08-15T17:35:40] METRIC cache_hit_ratio=0.7927
[2026-08-15T17:35:40] RUN_END status=OK
[2026-08-15T17:38:19] RUN_START run_id=SCALE_O_uDCN_100000_017
[2026-08-15T17:38:19] PARAM implementation=uDCN
[2026-08-15T17:38:19] METRIC unique_content_objects=100000
[2026-08-15T17:38:19] METRIC cache_hit_ratio=0.8377
[2026-08-15T17:38:19] RUN_END status=OK
[2026-08-15T17:39:11] RUN_START run_id=SCALE_O_uDCN_300000_043
[2026-08-15T17:39:11] PARAM implementation=uDCN
[2026-08-15T17:39:11] METRIC unique_content_objects=300000
[2026-08-15T17:39:11] METRIC cache_hit_ratio=0.6056
[2026-08-15T17:39:11] RUN_END status=OK
[2026-08-15T17:39:33] RUN_START run_id=SCALE_O_uDCN_100000_018
[2026-08-15T17:39:33] PARAM implementation=uDCN
[2026-08-15T17:39:33] METRIC unique_content_objects=100000
[2026-08-15T17:39:33] METRIC cache_hit_ratio=0.8366
[2026-08-15T17:39:33] RUN_END status=OK
[2026-08-15T17:41:19] RUN_START run_id=SCALE_O_uDCN_300000_044
[2026-08-15T17:41:19] PARAM implementation=uDCN
[2026-08-15T17:41:19] METRIC unique_content_objects=300000
[2026-08-15T17:41:19] METRIC cache_hit_ratio=0.5591
[2026-08-15T17:41:19] RUN_END status=OK
[2026-08-15T17:44:08] RUN_START run_id=SCALE_O_uDCN_100000_019
[2026-08-15T17:44:08] PARAM implementation=uDCN
[2026-08-15T17:44:08] METRIC unique_content_objects=100000
[2026-08-15T17:44:08] METRIC cache_hit_ratio=0.8189
[2026-08-15T17:44:08] RUN_END status=OK
[2026-08-15T17:45:11] RUN_START run_id=SCALE_O_uDCN_100000_020
[2026-08-15T17:45:11] PARAM implementation=uDCN
[2026-08-15T17:45:11] METRIC unique_content_objects=100000
[2026-08-15T17:45:11] METRIC cache_hit_ratio=0.7955
[2026-08-15T17:45:11] RUN_END status=OK
[2026-08-15T17:46:16] RUN_START run_id=SCALE_O_uDCN_300000_045
[2026-08-15T17:46:16] PARAM implementation=uDCN
[2026-08-15T17:46:16] METRIC unique_content_objects=300000
[2026-08-15T17:46:16] METRIC cache_hit_ratio=0.6258
[2026-08-15T17:46:16] RUN_END status=OK
[2026-08-15T17:47:29] RUN_START run_id=SCALE_O_uDCN_100000_021
[2026-08-15T17:47:29] PARAM implementation=uDCN
[2026-08-15T17:47:29] METRIC unique_content_objects=100000
[2026-08-15T17:47:29] METRIC cache_hit_ratio=0.9073
[2026-08-15T17:47:29] RUN_END status=OK
[2026-08-15T17:48:26] RUN_START run_id=SCALE_O_uDCN_300000_046
[2026-08-15T17:48:26] PARAM implementation=uDCN
[2026-08-15T17:48:26] METRIC unique_content_objects=300000
[2026-08-15T17:48:26] METRIC cache_hit_ratio=0.6005
[2026-08-15T17:48:26] RUN_END status=OK
[2026-08-15T17:48:28] RUN_START run_id=SCALE_O_uDCN_100000_022
[2026-08-15T17:48:28] PARAM implementation=uDCN
[2026-08-15T17:48:28] METRIC unique_content_objects=100000
[2026-08-15T17:48:28] METRIC cache_hit_ratio=0.7721
[2026-08-15T17:48:28] RUN_END status=OK
[2026-08-15T17:49:19] RUN_START run_id=SCALE_O_uDCN_100000_023
[2026-08-15T17:49:19] PARAM implementation=uDCN
[2026-08-15T17:49:19] METRIC unique_content_objects=100000
[2026-08-15T17:49:19] METRIC cache_hit_ratio=0.8536
[2026-08-15T17:49:19] RUN_END status=OK
[2026-08-15T17:49:20] RUN_START run_id=SCALE_O_uDCN_300000_047
[2026-08-15T17:49:20] PARAM implementation=uDCN
[2026-08-15T17:49:20] METRIC unique_content_objects=300000
[2026-08-15T17:49:20] METRIC cache_hit_ratio=0.6516
[2026-08-15T17:49:20] RUN_END status=OK
[2026-08-15T17:51:02] RUN_START run_id=SCALE_O_uDCN_300000_048
[2026-08-15T17:51:02] PARAM implementation=uDCN
[2026-08-15T17:51:02] METRIC unique_content_objects=300000
[2026-08-15T17:51:02] METRIC cache_hit_ratio=0.5795
[2026-08-15T17:51:02] RUN_END status=OK
[2026-08-15T17:53:13] RUN_START run_id=SCALE_O_uDCN_100000_024
[2026-08-15T17:53:13] PARAM implementation=uDCN
[2026-08-15T17:53:13] METRIC unique_content_objects=100000
[2026-08-15T17:53:13] METRIC cache_hit_ratio=0.7765
[2026-08-15T17:53:13] RUN_END status=OK
[2026-08-15T17:53:36] RUN_START run_id=SCALE_O_uDCN_300000_049
[2026-08-15T17:53:36] PARAM implementation=uDCN
[2026-08-15T17:53:36] METRIC unique_content_objects=300000
[2026-08-15T17:53:36] METRIC cache_hit_ratio=0.5801
[2026-08-15T17:53:36] RUN_END status=OK
[2026-08-15T17:54:22] RUN_START run_id=SCALE_O_uDCN_300000_050
[2026-08-15T17:54:22] PARAM implementation=uDCN
[2026-08-15T17:54:22] METRIC unique_content_objects=300000
[2026-08-15T17:54:22] METRIC cache_hit_ratio=0.593
[2026-08-15T17:54:22] RUN_END status=OK
