[2026-08-14T00:44:13] RUN_START run_id=SCALE_O_uDCN_5000000_120
[2026-08-14T00:44:13] PARAM implementation=uDCN
[2026-08-14T00:44:13] METRIC unique_content_objects=5000000
[2026-08-14T00:44:13] METRIC cache_hit_ratio=0.2729
[2026-08-14T00:44:13] RUN_END status=OK
[2026-08-14T00:48:17] RUN_START run_id=SCALE_O_uDCN_5000000_121
[2026-08-14T00:48:17] PARAM implementation=uDCN
[2026-08-14T00:48:17] METRIC unique_content_objects=5000000
[2026-08-14T00:48:17] METRIC cache_hit_ratio=0.2787
[2026-08-14T00:48:17] RUN_END status=OK
[2026-08-14T00:53:12] RUN_START run_id=SCALE_O_uDCN_5000000_122
[2026-08-14T00:53:12] PARAM implementation=uDCN
[2026-08-14T00:53:12] METRIC unique_content_objects=5000000
[2026-08-14T00:53:12] METRIC cache_hit_ratio=0.2748
[2026-08-14T00:53:12] RUN_END status=OK
[2026-08-14T00:54:35] RUN_START run_id=SCALE_O_uDCN_5000000_123
[2026-08-14T00:54:35] PARAM implementation=uDCN
[2026-08-14T00:54:35] METRIC unique_content_objects=5000000
[2026-08-14T00:54:35] METRIC cache_hit_ratio=0.2715
[2026-08-14T00:54:35] RUN_END status=OK
[2026-08-14T00:57:19] RUN_START run_id=SCALE_O_uDCN_5000000_124
[2026-08-14T00:57:19] PARAM implementation=uDCN
[2026-08-14T00:57:19] METRIC unique_content_objects=5000000
[2026-08-14T00:57:19] METRIC cache_hit_ratio=0.2795
[2026-08-14T00:57:19] RUN_END status=OK
[2026-08-14T01:00:57] RUN_START run_id=SCALE_O_uDCN_5000000_125
[2026-08-14T01:00:57] PARAM implementation=uDCN
[2026-08-14T01:00:57] METRIC unique_content_objects=5000000
[2026-08-14T01:00:57] METRIC cache_hit_ratio=0.2746
[2026-08-14T01:00:57] RUN_END status=OK
[2026-08-14T02:08:47] RUN_START run_id=SCALE_O_CCNlite_1000_065
[2026-08-14T02:08:47] PARAM implementation=CCNlite
[2026-08-14T02:08:47] METRIC unique_content_objects=1000
[2026-08-14T02:08:47] METRIC cache_hit_ratio=0.924
[2026-08-14T02:08:47] RUN_END status=OK
[2026-08-14T02:10:07] RUN_START run_id=SCALE_O_CCNlite_1000_066
[2026-08-14T02:10:07] PARAM implementation=CCNlite
[2026-08-14T02:10:07] METRIC unique_content_objects=1000
[2026-08-14T02:10:07] METRIC cache_hit_ratio=0.9385
[2026-08-14T02:10:07] RUN_END status=OK
[2026-08-14T02:11:22] RUN_START run_id=SCALE_O_CCNlite_1000_067
[2026-08-14T02:11:22] PARAM implementation=CCNlite
[2026-08-14T02:11:22] METRIC unique_content_objects=1000
[2026-08-14T02:11:22] METRIC cache_hit_ratio=1.0
[2026-08-14T02:11:22] RUN_END status=OK
[2026-08-14T02:12:00] RUN_START run_id=SCALE_O_uDCN_300000_028
[2026-08-14T02:12:00] PARAM implementation=uDCN
[2026-08-14T02:12:00] METRIC unique_content_objects=300000
[2026-08-14T02:12:00] METRIC cache_hit_ratio=0.6249
[2026-08-14T02:12:00] RUN_END status=OK
[2026-08-14T02:12:26] RUN_START run_id=SCALE_O_CCNlite_1000_068
[2026-08-14T02:12:26] PARAM implementation=CCNlite
[2026-08-14T02:12:26] METRIC unique_content_objects=1000
[2026-08-14T02:12:26] METRIC cache_hit_ratio=0.8864
[2026-08-14T02:12:26] RUN_END status=OK
[2026-08-14T02:14:20] RUN_START run_id=SCALE_O_CCNlite_1000_069
[2026-08-14T02:14:20] PARAM implementation=CCNlite
[2026-08-14T02:14:20] METRIC unique_content_objects=1000
[2026-08-14T02:14:20] METRIC cache_hit_ratio=0.9389
[2026-08-14T02:14:20] RUN_END status=OK
[2026-08-14T02:15:19] RUN_START run_id=SCALE_O_uDCN_300000_029
[2026-08-14T02:15:19] PARAM implementation=uDCN
[2026-08-14T02:15:19] METRIC unique_content_objects=300000
[2026-08-14T02:15:19] METRIC cache_hit_ratio=0.6011
[2026-08-14T02:15:19] RUN_END status=OK
[2026-08-14T02:16:16] RUN_START run_id=SCALE_O_uDCN_300000_030
[2026-08-14T02:16:16] PARAM implementation=uDCN
[2026-08-14T02:16:16] METRIC unique_content_objects=300000
[2026-08-14T02:16:16] METRIC cache_hit_ratio=0.5785
[2026-08-14T02:16:16] RUN_END status=OK
