[2026-08-18T00:57:06] RUN_START run_id=SCALE_O_PythonNDN_300000_061
[2026-08-18T00:57:06] PARAM implementation=PythonNDN
[2026-08-18T00:57:06] METRIC unique_content_objects=300000
[2026-08-18T00:57:06] METRIC cache_hit_ratio=0.2346
[2026-08-18T00:57:06] RUN_END status=OK
[2026-08-18T00:58:05] RUN_START run_id=SCALE_O_PythonNDN_300000_062
[2026-08-18T00:58:05] PARAM implementation=PythonNDN
[2026-08-18T00:58:05] METRIC unique_content_objects=300000
[2026-08-18T00:58:05] METRIC cache_hit_ratio=0.2415
[2026-08-18T00:58:05] RUN_END status=OK
[2026-08-18T00:58:45] RUN_START run_id=SCALE_O_PythonNDN_300000_063
[2026-08-18T00:58:45] PARAM implementation=PythonNDN
[2026-08-18T00:58:45] METRIC unique_content_objects=300000
[2026-08-18T00:58:45] METRIC cache_hit_ratio=0.2417
[2026-08-18T00:58:45] RUN_END status=OK
[2026-08-18T01:01:01] RUN_START run_id=SCALE_O_PythonNDN_300000_064
[2026-08-18T01:01:01] PARAM implementation=PythonNDN
[2026-08-18T01:01:01] METRIC unique_content_objects=300000
[2026-08-18T01:01:01] METRIC cache_hit_ratio=0.2501
[2026-08-18T01:01:01] RUN_END status=OK
[2026-08-18T01:02:03] RUN_START run_id=SCALE_O_PythonNDN_300000_065
[2026-08-18T01:02:03] PARAM implementation=PythonNDN
[2026-08-18T01:02:03] METRIC unique_content_objects=300000
[2026-08-18T01:02:03] METRIC cache_hit_ratio=0.2496
[2026-08-18T01:02:03] RUN_END status=OK
[2026-08-18T01:03:11] RUN_START run_id=SCALE_O_PythonNDN_300000_066
[2026-08-18T01:03:11] PARAM implementation=PythonNDN
[2026-08-18T01:03:11] METRIC unique_content_objects=300000
[2026-08-18T01:03:11] METRIC cache_hit_ratio=0.2388
[2026-08-18T01:03:11] RUN_END status=OK
[2026-08-18T01:05:56] RUN_START run_id=SCALE_O_PythonNDN_300000_067
[2026-08-18T01:05:56] PARAM implementation=PythonNDN
[2026-08-18T01:05:56] METRIC unique_content_objects=300000
[2026-08-18T01:05:56] METRIC cache_hit_ratio=0.2784
[2026-08-18T01:05:56] RUN_END status=OK
[2026-08-18T01:09:44] RUN_START run_id=SCALE_O_PythonNDN_300000_068
[2026-08-18T01:09:44] PARAM implementation=PythonNDN
[2026-08-18T01:09:44] METRIC unique_content_objects=300000
[2026-08-18T01:09:44] METRIC cache_hit_ratio=0.2417
[2026-08-18T01:09:44] RUN_END status=OK
[2026-08-18T01:11:02] RUN_START run_id=SCALE_O_PythonNDN_300000_069
[2026-08-18T01:11:02] PARAM implementation=PythonNDN
[2026-08-18T01:11:02] METRIC unique_content_objects=300000
[2026-08-18T01:11:02] METRIC cache_hit_ratio=0.2473
[2026-08-18T01:11:02] RUN_END status=OK
[2026-08-18T01:17:48] RUN_START run_id=SCALE_O_PythonNDN_300000_070
[2026-08-18T01:17:48] PARAM implementation=PythonNDN
[2026-08-18T01:17:48] METRIC unique_content_objects=300000
[2026-08-18T01:17:48] METRIC cache_hit_ratio=0.2448
[2026-08-18T01:17:48] RUN_END status=OK
[2026-08-18T01:19:37] RUN_START run_id=SCALE_O_NFD_1000000_033
[2026-08-18T01:19:37] PARAM implementation=NFD
[2026-08-18T01:19:37] METRIC unique_content_objects=1000000
[2026-08-18T01:19:37] METRIC cache_hit_ratio=0.2563
[2026-08-18T01:19:37] RUN_END status=OK
[2026-08-18T01:21:52] RUN_START run_id=SCALE_O_NFD_1000000_034
[2026-08-18T01:21:52] PARAM implementation=NFD
[2026-08-18T01:21:52] METRIC unique_content_objects=1000000
[2026-08-18T01:21:52] METRIC cache_hit_ratio=0.2556
[2026-08-18T01:21:52] RUN_END status=OK
[2026-08-18T01:22:14] RUN_START run_id=SCALE_O_PythonNDN_300000_071
[2026-08-18T01:22:14] PARAM implementation=PythonNDN
[2026-08-18T01:22:14] METRIC unique_content_objects=300000
[2026-08-18T01:22:14] METRIC cache_hit_ratio=0.239
[2026-08-18T01:22:14] RUN_END status=OK
[2026-08-18T01:22:55] RUN_START run_id=SCALE_O_NFD_1000000_035
[2026-08-18T01:22:55] PARAM implementation=NFD
[2026-08-18T01:22:55] METRIC unique_content_objects=1000000
[2026-08-18T01:22:55] METRIC cache_hit_ratio=0.251
[2026-08-18T01:22:55] RUN_END status=OK
[2026-08-18T01:25:36] RUN_START run_id=SCALE_O_NFD_1000000_036
[2026-08-18T01:25:36] PARAM implementation=NFD
[2026-08-18T01:25:36] METRIC unique_content_objects=1000000
[2026-08-18T01:25:36] METRIC cache_hit_ratio=0.2653
[2026-08-18T01:25:36] RUN_END status=OK
[2026-08-18T01:28:44] RUN_START run_id=SCALE_O_NFD_1000000_037
[2026-08-18T01:28:44] PARAM implementation=NFD
[2026-08-18T01:28:44] METRIC unique_content_objects=1000000
[2026-08-18T01:28:44] METRIC cache_hit_ratio=0.2563
[2026-08-18T01:28:44] RUN_END status=OK
[2026-08-18T01:30:41] RUN_START run_id=SCALE_O_NFD_1000000_038
[2026-08-18T01:30:41] PARAM implementation=NFD
[2026-08-18T01:30:41] METRIC unique_content_objects=1000000
[2026-08-18T01:30:41] METRIC cache_hit_ratio=0.2357
[2026-08-18T01:30:41] RUN_END status=OK
