[2026-08-17T08:07:35] RUN_START run_id=SCALE_O_CCNlite_100000_086
[2026-08-17T08:07:35] PARAM implementation=CCNlite
[2026-08-17T08:07:35] METRIC unique_content_objects=100000
[2026-08-17T08:07:35] METRIC cache_hit_ratio=0.6028
[2026-08-17T08:07:35] RUN_END status=OK
[2026-08-17T08:07:57] RUN_START run_id=SCALE_O_NFD_1000000_029
[2026-08-17T08:07:57] PARAM implementation=NFD
[2026-08-17T08:07:57] METRIC unique_content_objects=1000000
[2026-08-17T08:07:57] METRIC cache_hit_ratio=0.2461
[2026-08-17T08:07:57] RUN_END status=OK
[2026-08-17T08:08:42] RUN_START run_id=SCALE_O_CCNlite_100000_087
[2026-08-17T08:08:42] PARAM implementation=CCNlite
[2026-08-17T08:08:42] METRIC unique_content_objects=100000
[2026-08-17T08:08:42] METRIC cache_hit_ratio=0.6701
[2026-08-17T08:08:42] RUN_END status=OK
[2026-08-17T08:09:38] RUN_START run_id=SCALE_O_CCNlite_100000_088
[2026-08-17T08:09:38] PARAM implementation=CCNlite
[2026-08-17T08:09:38] METRIC unique_content_objects=100000
[2026-08-17T08:09:38] METRIC cache_hit_ratio=0.6551
[2026-08-17T08:09:38] RUN_END status=OK
[2026-08-17T08:10:59] RUN_START run_id=SCALE_O_NFD_1000000_030
[2026-08-17T08:10:59] PARAM implementation=NFD
[2026-08-17T08:10:59] METRIC unique_content_objects=1000000
[2026-08-17T08:10:59] METRIC cache_hit_ratio=0.24
[2026-08-17T08:10:59] RUN_END status=OK
[2026-08-17T08:11:50] RUN_START run_id=SCALE_O_CCNlite_100000_089
[2026-08-17T08:11:50] PARAM implementation=CCNlite
[2026-08-17T08:11:50] METRIC unique_content_objects=100000
[2026-08-17T08:11:50] METRIC cache_hit_ratio=0.6149
[2026-08-17T08:11:50] RUN_END status=OK
[2026-08-17T08:12:40] RUN_START run_id=SCALE_O_NFD_1000000_031
[2026-08-17T08:12:40] PARAM implementation=NFD
[2026-08-17T08:12:40] METRIC unique_content_objects=1000000
[2026-08-17T08:12:40] METRIC cache_hit_ratio=0.2466
[2026-08-17T08:12:40] RUN_END status=OK
[2026-08-17T08:13:11] RUN_START run_id=08_scalability_content_DISCARDED_0091
[2026-08-17T08:13:11] RUN_ABORTED reason=cache_warmup_incomplete: content-store did not reach steady-state hit ratio within the 30s warm-up window, run discarded
[2026-08-17T08:13:40] RUN_START run_id=SCALE_O_CCNlite_100000_090
[2026-08-17T08:13:40] PARAM implementation=CCNlite
[2026-08-17T08:13:40] METRIC unique_content_objects=100000
[2026-08-17T08:13:40] METRIC cache_hit_ratio=0.6245
[2026-08-17T08:13:40] RUN_END status=OK
[2026-08-17T08:14:41] RUN_START run_id=SCALE_O_CCNlite_100000_091
[2026-08-17T08:14:41] PARAM implementation=CCNlite
[2026-08-17T08:14:41] METRIC unique_content_objects=100000
[2026-08-17T08:14:41] METRIC cache_hit_ratio=0.6601
[2026-08-17T08:14:41] RUN_END status=OK
[2026-08-17T08:14:59] RUN_START run_id=SCALE_O_NFD_1000000_032
[2026-08-17T08:14:59] PARAM implementation=NFD
[2026-08-17T08:14:59] METRIC unique_content_objects=1000000
[2026-08-17T08:14:59] METRIC cache_hit_ratio=0.2345
[2026-08-17T08:14:59] RUN_END status=OK
[2026-08-17T08:15:54] RUN_START run_id=SCALE_O_CCNlite_100000_092
[2026-08-17T08:15:54] PARAM implementation=CCNlite
[2026-08-17T08:15:54] METRIC unique_content_objects=100000
[2026-08-17T08:15:54] METRIC cache_hit_ratio=0.6256
[2026-08-17T08:15:54] RUN_END status=OK
[2026-08-17T08:20:46] RUN_START run_id=SCALE_O_CCNlite_100000_093
[2026-08-17T08:20:46] PARAM implementation=CCNlite
[2026-08-17T08:20:46] METRIC unique_content_objects=100000
[2026-08-17T08:20:46] METRIC cache_hit_ratio=0.6204
[2026-08-17T08:20:46] RUN_END status=OK
[2026-08-17T08:23:28] RUN_START run_id=SCALE_O_CCNlite_100000_094
[2026-08-17T08:23:28] PARAM implementation=CCNlite
[2026-08-17T08:23:28] METRIC unique_content_objects=100000
[2026-08-17T08:23:28] METRIC cache_hit_ratio=0.6079
[2026-08-17T08:23:28] RUN_END status=OK
[2026-08-17T08:28:18] RUN_START run_id=SCALE_O_CCNlite_100000_095
[2026-08-17T08:28:18] PARAM implementation=CCNlite
[2026-08-17T08:28:18] METRIC unique_content_objects=100000
[2026-08-17T08:28:18] METRIC cache_hit_ratio=0.6676
[2026-08-17T08:28:18] RUN_END status=OK
[2026-08-17T08:29:53] RUN_START run_id=SCALE_O_CCNlite_100000_096
[2026-08-17T08:29:53] PARAM implementation=CCNlite
[2026-08-17T08:29:53] METRIC unique_content_objects=100000
[2026-08-17T08:29:53] METRIC cache_hit_ratio=0.6869
[2026-08-17T08:29:53] RUN_END status=OK
