[2026-08-28T21:57:22] RUN_START run_id=SCALE_O_PythonNDN_5000000_103
[2026-08-28T21:57:22] PARAM implementation=PythonNDN
[2026-08-28T21:57:22] METRIC unique_content_objects=5000000
[2026-08-28T21:57:22] METRIC cache_hit_ratio=0.0508
[2026-08-28T21:57:22] RUN_END status=OK
[2026-08-28T21:59:09] RUN_START run_id=SCALE_O_PythonNDN_5000000_104
[2026-08-28T21:59:09] PARAM implementation=PythonNDN
[2026-08-28T21:59:09] METRIC unique_content_objects=5000000
[2026-08-28T21:59:09] METRIC cache_hit_ratio=0.0494
[2026-08-28T21:59:09] RUN_END status=OK
[2026-08-28T22:00:27] RUN_START run_id=SCALE_O_PythonNDN_5000000_105
[2026-08-28T22:00:27] PARAM implementation=PythonNDN
[2026-08-28T22:00:27] METRIC unique_content_objects=5000000
[2026-08-28T22:00:27] METRIC cache_hit_ratio=0.0487
[2026-08-28T22:00:27] RUN_END status=OK
[2026-08-28T22:01:51] RUN_START run_id=SCALE_O_PythonNDN_5000000_106
[2026-08-28T22:01:51] PARAM implementation=PythonNDN
[2026-08-28T22:01:51] METRIC unique_content_objects=5000000
[2026-08-28T22:01:51] METRIC cache_hit_ratio=0.0487
[2026-08-28T22:01:51] RUN_END status=OK
[2026-08-28T22:04:32] RUN_START run_id=SCALE_O_PythonNDN_5000000_107
[2026-08-28T22:04:32] PARAM implementation=PythonNDN
[2026-08-28T22:04:32] METRIC unique_content_objects=5000000
[2026-08-28T22:04:32] METRIC cache_hit_ratio=0.0537
[2026-08-28T22:04:32] RUN_END status=OK
[2026-08-28T22:06:56] RUN_START run_id=SCALE_O_PythonNDN_5000000_108
[2026-08-28T22:06:56] PARAM implementation=PythonNDN
[2026-08-28T22:06:56] METRIC unique_content_objects=5000000
[2026-08-28T22:06:56] METRIC cache_hit_ratio=0.0482
[2026-08-28T22:06:56] RUN_END status=OK
[2026-08-29T08:56:33] RUN_START run_id=SCALE_O_CCNlite_10000_070
[2026-08-29T08:56:33] PARAM implementation=CCNlite
[2026-08-29T08:56:33] METRIC unique_content_objects=10000
[2026-08-29T08:56:33] METRIC cache_hit_ratio=0.7972
[2026-08-29T08:56:33] RUN_END status=OK
[2026-08-29T08:59:11] RUN_START run_id=SCALE_O_CCNlite_10000_071
[2026-08-29T08:59:11] PARAM implementation=CCNlite
[2026-08-29T08:59:11] METRIC unique_content_objects=10000
[2026-08-29T08:59:11] METRIC cache_hit_ratio=0.7656
[2026-08-29T08:59:11] RUN_END status=OK
[2026-08-29T09:02:06] RUN_START run_id=SCALE_O_CCNlite_10000_072
[2026-08-29T09:02:06] PARAM implementation=CCNlite
[2026-08-29T09:02:06] METRIC unique_content_objects=10000
[2026-08-29T09:02:06] METRIC cache_hit_ratio=0.8369
[2026-08-29T09:02:06] RUN_END status=OK
[2026-08-29T09:04:30] RUN_START run_id=SCALE_O_CCNlite_10000_073
[2026-08-29T09:04:30] PARAM implementation=CCNlite
[2026-08-29T09:04:30] METRIC unique_content_objects=10000
[2026-08-29T09:04:30] METRIC cache_hit_ratio=0.8104
[2026-08-29T09:04:30] RUN_END status=OK
[2026-08-29T09:06:42] RUN_START run_id=SCALE_O_CCNlite_10000_074
[2026-08-29T09:06:42] PARAM implementation=CCNlite
[2026-08-29T09:06:42] METRIC unique_content_objects=10000
[2026-08-29T09:06:42] METRIC cache_hit_ratio=0.7859
[2026-08-29T09:06:42] RUN_END status=OK
[2026-08-29T09:09:19] RUN_START run_id=SCALE_O_CCNlite_10000_075
[2026-08-29T09:09:19] PARAM implementation=CCNlite
[2026-08-29T09:09:19] METRIC unique_content_objects=10000
[2026-08-29T09:09:19] METRIC cache_hit_ratio=0.8321
[2026-08-29T09:09:19] RUN_END status=OK
[2026-08-29T09:12:18] RUN_START run_id=SCALE_O_CCNlite_10000_076
[2026-08-29T09:12:18] PARAM implementation=CCNlite
[2026-08-29T09:12:18] METRIC unique_content_objects=10000
[2026-08-29T09:12:18] METRIC cache_hit_ratio=0.812
[2026-08-29T09:12:18] RUN_END status=OK
[2026-08-29T09:14:45] RUN_START run_id=SCALE_O_CCNlite_10000_077
[2026-08-29T09:14:45] PARAM implementation=CCNlite
[2026-08-29T09:14:45] METRIC unique_content_objects=10000
[2026-08-29T09:14:45] METRIC cache_hit_ratio=0.8094
[2026-08-29T09:14:45] RUN_END status=OK
[2026-08-29T09:16:19] RUN_START run_id=SCALE_O_CCNlite_10000_078
[2026-08-29T09:16:19] PARAM implementation=CCNlite
[2026-08-29T09:16:19] METRIC unique_content_objects=10000
[2026-08-29T09:16:19] METRIC cache_hit_ratio=0.7699
[2026-08-29T09:16:19] RUN_END status=OK
[2026-08-29T09:18:34] RUN_START run_id=SCALE_O_CCNlite_10000_079
[2026-08-29T09:18:34] PARAM implementation=CCNlite
[2026-08-29T09:18:34] METRIC unique_content_objects=10000
[2026-08-29T09:18:34] METRIC cache_hit_ratio=0.7332
[2026-08-29T09:18:34] RUN_END status=OK
[2026-08-29T09:21:45] RUN_START run_id=SCALE_O_CCNlite_10000_080
[2026-08-29T09:21:45] PARAM implementation=CCNlite
[2026-08-29T09:21:45] METRIC unique_content_objects=10000
[2026-08-29T09:21:45] METRIC cache_hit_ratio=0.831
[2026-08-29T09:21:45] RUN_END status=OK
[2026-08-29T09:23:30] RUN_START run_id=SCALE_O_CCNlite_10000_081
[2026-08-29T09:23:30] PARAM implementation=CCNlite
[2026-08-29T09:23:30] METRIC unique_content_objects=10000
[2026-08-29T09:23:30] METRIC cache_hit_ratio=0.8122
[2026-08-29T09:23:30] RUN_END status=OK
