[2026-08-18T16:15:04] RUN_START run_id=SCALE_O_uDCN_10000_088
[2026-08-18T16:15:04] PARAM implementation=uDCN
[2026-08-18T16:15:04] METRIC unique_content_objects=10000
[2026-08-18T16:15:04] METRIC cache_hit_ratio=0.892
[2026-08-18T16:15:04] RUN_END status=OK
[2026-08-18T16:17:41] RUN_START run_id=SCALE_O_uDCN_10000_089
[2026-08-18T16:17:41] PARAM implementation=uDCN
[2026-08-18T16:17:41] METRIC unique_content_objects=10000
[2026-08-18T16:17:41] METRIC cache_hit_ratio=0.9433
[2026-08-18T16:17:41] RUN_END status=OK
[2026-08-18T16:20:02] RUN_START run_id=SCALE_O_uDCN_10000_090
[2026-08-18T16:20:02] PARAM implementation=uDCN
[2026-08-18T16:20:02] METRIC unique_content_objects=10000
[2026-08-18T16:20:02] METRIC cache_hit_ratio=0.8368
[2026-08-18T16:20:02] RUN_END status=OK
[2026-08-18T16:25:02] RUN_START run_id=SCALE_O_uDCN_10000_091
[2026-08-18T16:25:02] PARAM implementation=uDCN
[2026-08-18T16:25:02] METRIC unique_content_objects=10000
[2026-08-18T16:25:02] METRIC cache_hit_ratio=0.8435
[2026-08-18T16:25:02] RUN_END status=OK
[2026-08-18T16:27:45] RUN_START run_id=SCALE_O_uDCN_10000_092
[2026-08-18T16:27:45] PARAM implementation=uDCN
[2026-08-18T16:27:45] METRIC unique_content_objects=10000
[2026-08-18T16:27:45] METRIC cache_hit_ratio=0.8651
[2026-08-18T16:27:45] RUN_END status=OK
[2026-08-18T16:31:48] RUN_START run_id=SCALE_O_uDCN_10000_093
[2026-08-18T16:31:48] PARAM implementation=uDCN
[2026-08-18T16:31:48] METRIC unique_content_objects=10000
[2026-08-18T16:31:48] METRIC cache_hit_ratio=0.8703
[2026-08-18T16:31:48] RUN_END status=OK
[2026-08-18T16:32:47] RUN_START run_id=SCALE_O_uDCN_10000_094
[2026-08-18T16:32:47] PARAM implementation=uDCN
[2026-08-18T16:32:47] METRIC unique_content_objects=10000
[2026-08-18T16:32:47] METRIC cache_hit_ratio=0.8913
[2026-08-18T16:32:47] RUN_END status=OK
[2026-08-18T16:34:33] RUN_START run_id=SCALE_O_uDCN_10000_095
[2026-08-18T16:34:33] PARAM implementation=uDCN
[2026-08-18T16:34:33] METRIC unique_content_objects=10000
[2026-08-18T16:34:33] METRIC cache_hit_ratio=0.863
[2026-08-18T16:34:33] RUN_END status=OK
[2026-08-18T16:35:49] RUN_START run_id=SCALE_O_uDCN_10000_096
[2026-08-18T16:35:49] PARAM implementation=uDCN
[2026-08-18T16:35:49] METRIC unique_content_objects=10000
[2026-08-18T16:35:49] METRIC cache_hit_ratio=0.8469
[2026-08-18T16:35:49] RUN_END status=OK
[2026-08-18T16:38:05] RUN_START run_id=SCALE_O_uDCN_10000_097
[2026-08-18T16:38:05] PARAM implementation=uDCN
[2026-08-18T16:38:05] METRIC unique_content_objects=10000
[2026-08-18T16:38:05] METRIC cache_hit_ratio=0.8168
[2026-08-18T16:38:05] RUN_END status=OK
