[2026-08-22T09:16:21] RUN_START run_id=SCALE_O_NFD_10000_108
[2026-08-22T09:16:21] PARAM implementation=NFD
[2026-08-22T09:16:21] METRIC unique_content_objects=10000
[2026-08-22T09:16:21] METRIC cache_hit_ratio=0.8398
[2026-08-22T09:16:21] RUN_END status=OK
[2026-08-22T10:20:53] RUN_START run_id=SCALE_O_CCNlite_300000_059
[2026-08-22T10:20:53] PARAM implementation=CCNlite
[2026-08-22T10:20:53] METRIC unique_content_objects=300000
[2026-08-22T10:20:53] METRIC cache_hit_ratio=0.4074
[2026-08-22T10:20:53] RUN_END status=OK
[2026-08-22T10:23:42] RUN_START run_id=SCALE_O_CCNlite_300000_060
[2026-08-22T10:23:42] PARAM implementation=CCNlite
[2026-08-22T10:23:42] METRIC unique_content_objects=300000
[2026-08-22T10:23:42] METRIC cache_hit_ratio=0.3996
[2026-08-22T10:23:42] RUN_END status=OK
[2026-08-22T10:25:04] RUN_START run_id=SCALE_O_CCNlite_300000_061
[2026-08-22T10:25:04] PARAM implementation=CCNlite
[2026-08-22T10:25:04] METRIC unique_content_objects=300000
[2026-08-22T10:25:04] METRIC cache_hit_ratio=0.4406
[2026-08-22T10:25:04] RUN_END status=OK
[2026-08-22T10:29:28] RUN_START run_id=SCALE_O_CCNlite_300000_062
[2026-08-22T10:29:28] PARAM implementation=CCNlite
[2026-08-22T10:29:28] METRIC unique_content_objects=300000
[2026-08-22T10:29:28] METRIC cache_hit_ratio=0.4637
[2026-08-22T10:29:28] RUN_END status=OK
[2026-08-22T10:32:28] RUN_START run_id=SCALE_O_CCNlite_300000_063
[2026-08-22T10:32:28] PARAM implementation=CCNlite
[2026-08-22T10:32:28] METRIC unique_content_objects=300000
[2026-08-22T10:32:28] METRIC cache_hit_ratio=0.4185
[2026-08-22T10:32:28] RUN_END status=OK
[2026-08-22T10:33:43] RUN_START run_id=SCALE_O_CCNlite_300000_064
[2026-08-22T10:33:43] PARAM implementation=CCNlite
[2026-08-22T10:33:43] METRIC unique_content_objects=300000
[2026-08-22T10:33:43] METRIC cache_hit_ratio=0.4488
[2026-08-22T10:33:43] RUN_END status=OK
[2026-08-22T10:34:42] RUN_START run_id=SCALE_O_CCNlite_300000_065
[2026-08-22T10:34:42] PARAM implementation=CCNlite
[2026-08-22T10:34:42] METRIC unique_content_objects=300000
[2026-08-22T10:34:42] METRIC cache_hit_ratio=0.4317
[2026-08-22T10:34:42] RUN_END status=OK
[2026-08-22T10:37:02] RUN_START run_id=SCALE_O_CCNlite_300000_066
[2026-08-22T10:37:02] PARAM implementation=CCNlite
[2026-08-22T10:37:02] METRIC unique_content_objects=300000
[2026-08-22T10:37:02] METRIC cache_hit_ratio=0.4062
[2026-08-22T10:37:02] RUN_END status=OK
[2026-08-22T10:42:16] RUN_START run_id=SCALE_O_CCNlite_300000_067
[2026-08-22T10:42:16] PARAM implementation=CCNlite
[2026-08-22T10:42:16] METRIC unique_content_objects=300000
[2026-08-22T10:42:16] METRIC cache_hit_ratio=0.4458
[2026-08-22T10:42:16] RUN_END status=OK
[2026-08-22T10:43:29] RUN_START run_id=SCALE_O_CCNlite_300000_068
[2026-08-22T10:43:29] PARAM implementation=CCNlite
[2026-08-22T10:43:29] METRIC unique_content_objects=300000
[2026-08-22T10:43:29] METRIC cache_hit_ratio=0.4114
[2026-08-22T10:43:29] RUN_END status=OK
[2026-08-22T10:46:19] RUN_START run_id=SCALE_O_CCNlite_300000_069
[2026-08-22T10:46:19] PARAM implementation=CCNlite
[2026-08-22T10:46:19] METRIC unique_content_objects=300000
[2026-08-22T10:46:19] METRIC cache_hit_ratio=0.4049
[2026-08-22T10:46:19] RUN_END status=OK
[2026-08-22T10:46:54] RUN_START run_id=SCALE_O_CCNlite_300000_070
[2026-08-22T10:46:54] PARAM implementation=CCNlite
[2026-08-22T10:46:54] METRIC unique_content_objects=300000
[2026-08-22T10:46:54] METRIC cache_hit_ratio=0.4311
[2026-08-22T10:46:54] RUN_END status=OK
[2026-08-22T10:48:22] RUN_START run_id=SCALE_O_CCNlite_300000_071
[2026-08-22T10:48:22] PARAM implementation=CCNlite
[2026-08-22T10:48:22] METRIC unique_content_objects=300000
[2026-08-22T10:48:22] METRIC cache_hit_ratio=0.4337
[2026-08-22T10:48:22] RUN_END status=OK
