[2026-08-14T17:13:44] RUN_START run_id=SCALE_O_NFD_1000_009
[2026-08-14T17:13:44] PARAM implementation=NFD
[2026-08-14T17:13:44] METRIC unique_content_objects=1000
[2026-08-14T17:13:44] METRIC cache_hit_ratio=0.9881
[2026-08-14T17:13:44] RUN_END status=OK
[2026-08-14T17:15:24] RUN_START run_id=SCALE_O_NFD_1000_010
[2026-08-14T17:15:24] PARAM implementation=NFD
[2026-08-14T17:15:24] METRIC unique_content_objects=1000
[2026-08-14T17:15:24] METRIC cache_hit_ratio=0.9583
[2026-08-14T17:15:24] RUN_END status=OK
[2026-08-14T17:16:05] RUN_START run_id=SCALE_O_PythonNDN_10000_018
[2026-08-14T17:16:05] PARAM implementation=PythonNDN
[2026-08-14T17:16:05] METRIC unique_content_objects=10000
[2026-08-14T17:16:05] METRIC cache_hit_ratio=0.6979
[2026-08-14T17:16:05] RUN_END status=OK
[2026-08-14T17:18:48] RUN_START run_id=SCALE_O_NFD_1000_011
[2026-08-14T17:18:48] PARAM implementation=NFD
[2026-08-14T17:18:48] METRIC unique_content_objects=1000
[2026-08-14T17:18:48] METRIC cache_hit_ratio=0.8491
[2026-08-14T17:18:48] RUN_END status=OK
[2026-08-14T17:19:20] RUN_START run_id=SCALE_O_NFD_1000_012
[2026-08-14T17:19:20] PARAM implementation=NFD
[2026-08-14T17:19:20] METRIC unique_content_objects=1000
[2026-08-14T17:19:20] METRIC cache_hit_ratio=0.9328
[2026-08-14T17:19:20] RUN_END status=OK
[2026-08-14T17:19:42] RUN_START run_id=SCALE_O_PythonNDN_10000_019
[2026-08-14T17:19:42] PARAM implementation=PythonNDN
[2026-08-14T17:19:42] METRIC unique_content_objects=10000
[2026-08-14T17:19:42] METRIC cache_hit_ratio=0.7443
[2026-08-14T17:19:42] RUN_END status=OK
[2026-08-14T17:21:37] RUN_START run_id=SCALE_O_PythonNDN_10000_020
[2026-08-14T17:21:37] PARAM implementation=PythonNDN
[2026-08-14T17:21:37] METRIC unique_content_objects=10000
[2026-08-14T17:21:37] METRIC cache_hit_ratio=0.7329
[2026-08-14T17:21:37] RUN_END status=OK
[2026-08-14T17:23:24] RUN_START run_id=SCALE_O_NFD_1000_013
[2026-08-14T17:23:24] PARAM implementation=NFD
[2026-08-14T17:23:24] METRIC unique_content_objects=1000
[2026-08-14T17:23:24] METRIC cache_hit_ratio=0.8784
[2026-08-14T17:23:24] RUN_END status=OK
[2026-08-14T17:25:16] RUN_START run_id=SCALE_O_PythonNDN_10000_021
[2026-08-14T17:25:16] PARAM implementation=PythonNDN
[2026-08-14T17:25:16] METRIC unique_content_objects=10000
[2026-08-14T17:25:16] METRIC cache_hit_ratio=0.7047
[2026-08-14T17:25:16] RUN_END status=OK
[2026-08-14T17:26:54] RUN_START run_id=SCALE_O_NFD_1000_014
[2026-08-14T17:26:54] PARAM implementation=NFD
[2026-08-14T17:26:54] METRIC unique_content_objects=1000
[2026-08-14T17:26:54] METRIC cache_hit_ratio=0.9437
[2026-08-14T17:26:54] RUN_END status=OK
