[2026-08-29T10:14:26] RUN_START run_id=SCALE_O_CCNlite_10000_102
[2026-08-29T10:14:26] PARAM implementation=CCNlite
[2026-08-29T10:14:26] METRIC unique_content_objects=10000
[2026-08-29T10:14:26] METRIC cache_hit_ratio=0.8163
[2026-08-29T10:14:26] RUN_END status=OK
[2026-08-29T11:30:21] RUN_START run_id=SCALE_O_CCNlite_10000_103
[2026-08-29T11:30:21] PARAM implementation=CCNlite
[2026-08-29T11:30:21] METRIC unique_content_objects=10000
[2026-08-29T11:30:21] METRIC cache_hit_ratio=0.8542
[2026-08-29T11:30:21] RUN_END status=OK
[2026-08-29T11:31:39] RUN_START run_id=SCALE_O_CCNlite_10000_104
[2026-08-29T11:31:39] PARAM implementation=CCNlite
[2026-08-29T11:31:39] METRIC unique_content_objects=10000
[2026-08-29T11:31:39] METRIC cache_hit_ratio=0.7785
[2026-08-29T11:31:39] RUN_END status=OK
[2026-08-29T11:33:40] RUN_START run_id=SCALE_O_CCNlite_10000_105
[2026-08-29T11:33:40] PARAM implementation=CCNlite
[2026-08-29T11:33:40] METRIC unique_content_objects=10000
[2026-08-29T11:33:40] METRIC cache_hit_ratio=0.8343
[2026-08-29T11:33:40] RUN_END status=OK
[2026-08-29T11:37:12] RUN_START run_id=SCALE_O_CCNlite_10000_106
[2026-08-29T11:37:12] PARAM implementation=CCNlite
[2026-08-29T11:37:12] METRIC unique_content_objects=10000
[2026-08-29T11:37:12] METRIC cache_hit_ratio=0.7871
[2026-08-29T11:37:12] RUN_END status=OK
[2026-08-29T11:40:29] RUN_START run_id=SCALE_O_CCNlite_10000_107
[2026-08-29T11:40:29] PARAM implementation=CCNlite
[2026-08-29T11:40:29] METRIC unique_content_objects=10000
[2026-08-29T11:40:29] METRIC cache_hit_ratio=0.7668
[2026-08-29T11:40:29] RUN_END status=OK
[2026-08-29T11:43:01] RUN_START run_id=SCALE_O_CCNlite_10000_108
[2026-08-29T11:43:01] PARAM implementation=CCNlite
[2026-08-29T11:43:01] METRIC unique_content_objects=10000
[2026-08-29T11:43:01] METRIC cache_hit_ratio=0.7476
[2026-08-29T11:43:01] RUN_END status=OK
[2026-08-29T11:44:46] RUN_START run_id=SCALE_O_CCNlite_10000_109
[2026-08-29T11:44:46] PARAM implementation=CCNlite
[2026-08-29T11:44:46] METRIC unique_content_objects=10000
[2026-08-29T11:44:46] METRIC cache_hit_ratio=0.7745
[2026-08-29T11:44:46] RUN_END status=OK
[2026-08-29T11:46:48] RUN_START run_id=SCALE_O_CCNlite_10000_110
[2026-08-29T11:46:48] PARAM implementation=CCNlite
[2026-08-29T11:46:48] METRIC unique_content_objects=10000
[2026-08-29T11:46:48] METRIC cache_hit_ratio=0.7319
[2026-08-29T11:46:48] RUN_END status=OK
[2026-08-29T11:48:26] RUN_START run_id=SCALE_O_CCNlite_10000_111
[2026-08-29T11:48:26] PARAM implementation=CCNlite
[2026-08-29T11:48:26] METRIC unique_content_objects=10000
[2026-08-29T11:48:26] METRIC cache_hit_ratio=0.7847
[2026-08-29T11:48:26] RUN_END status=OK
[2026-08-29T11:51:00] RUN_START run_id=SCALE_O_CCNlite_10000_112
[2026-08-29T11:51:00] PARAM implementation=CCNlite
[2026-08-29T11:51:00] METRIC unique_content_objects=10000
[2026-08-29T11:51:00] METRIC cache_hit_ratio=0.8108
[2026-08-29T11:51:00] RUN_END status=OK
[2026-08-29T11:51:40] RUN_START run_id=SCALE_O_CCNlite_10000_113
[2026-08-29T11:51:40] PARAM implementation=CCNlite
[2026-08-29T11:51:40] METRIC unique_content_objects=10000
[2026-08-29T11:51:40] METRIC cache_hit_ratio=0.7945
[2026-08-29T11:51:40] RUN_END status=OK
[2026-08-29T11:55:35] RUN_START run_id=SCALE_O_CCNlite_10000_114
[2026-08-29T11:55:35] PARAM implementation=CCNlite
[2026-08-29T11:55:35] METRIC unique_content_objects=10000
[2026-08-29T11:55:35] METRIC cache_hit_ratio=0.8355
[2026-08-29T11:55:35] RUN_END status=OK
[2026-08-29T11:57:52] RUN_START run_id=SCALE_O_CCNlite_10000_115
[2026-08-29T11:57:52] PARAM implementation=CCNlite
[2026-08-29T11:57:52] METRIC unique_content_objects=10000
[2026-08-29T11:57:52] METRIC cache_hit_ratio=0.781
[2026-08-29T11:57:52] RUN_END status=OK
[2026-08-29T12:00:48] RUN_START run_id=SCALE_O_CCNlite_10000_116
[2026-08-29T12:00:48] PARAM implementation=CCNlite
[2026-08-29T12:00:48] METRIC unique_content_objects=10000
[2026-08-29T12:00:48] METRIC cache_hit_ratio=0.7337
[2026-08-29T12:00:48] RUN_END status=OK
[2026-08-29T12:05:37] RUN_START run_id=SCALE_O_CCNlite_10000_117
[2026-08-29T12:05:37] PARAM implementation=CCNlite
[2026-08-29T12:05:37] METRIC unique_content_objects=10000
[2026-08-29T12:05:37] METRIC cache_hit_ratio=0.7586
[2026-08-29T12:05:37] RUN_END status=OK
[2026-08-29T12:06:48] RUN_START run_id=SCALE_O_CCNlite_10000_118
[2026-08-29T12:06:48] PARAM implementation=CCNlite
[2026-08-29T12:06:48] METRIC unique_content_objects=10000
[2026-08-29T12:06:48] METRIC cache_hit_ratio=0.7953
[2026-08-29T12:06:48] RUN_END status=OK
