[2026-08-18T22:27:50] RUN_START run_id=SCALE_O_PythonNDN_300000_076
[2026-08-18T22:27:50] PARAM implementation=PythonNDN
[2026-08-18T22:27:50] METRIC unique_content_objects=300000
[2026-08-18T22:27:50] METRIC cache_hit_ratio=0.2586
[2026-08-18T22:27:50] RUN_END status=OK
[2026-08-18T22:28:05] RUN_START run_id=SCALE_O_uDCN_300000_103
[2026-08-18T22:28:05] PARAM implementation=uDCN
[2026-08-18T22:28:05] METRIC unique_content_objects=300000
[2026-08-18T22:28:05] METRIC cache_hit_ratio=0.5889
[2026-08-18T22:28:05] RUN_END status=OK
[2026-08-18T22:28:29] RUN_START run_id=SCALE_O_CCNlite_100000_126
[2026-08-18T22:28:29] PARAM implementation=CCNlite
[2026-08-18T22:28:29] METRIC unique_content_objects=100000
[2026-08-18T22:28:29] METRIC cache_hit_ratio=0.6399
[2026-08-18T22:28:29] RUN_END status=OK
[2026-08-18T22:29:31] RUN_START run_id=SCALE_O_uDCN_300000_104
[2026-08-18T22:29:31] PARAM implementation=uDCN
[2026-08-18T22:29:31] METRIC unique_content_objects=300000
[2026-08-18T22:29:31] METRIC cache_hit_ratio=0.5767
[2026-08-18T22:29:31] RUN_END status=OK
[2026-08-18T22:30:38] RUN_START run_id=SCALE_O_PythonNDN_300000_077
[2026-08-18T22:30:38] PARAM implementation=PythonNDN
[2026-08-18T22:30:38] METRIC unique_content_objects=300000
[2026-08-18T22:30:38] METRIC cache_hit_ratio=0.2529
[2026-08-18T22:30:38] RUN_END status=OK
[2026-08-18T22:30:55] RUN_START run_id=SCALE_O_uDCN_300000_105
[2026-08-18T22:30:55] PARAM implementation=uDCN
[2026-08-18T22:30:55] METRIC unique_content_objects=300000
[2026-08-18T22:30:55] METRIC cache_hit_ratio=0.6369
[2026-08-18T22:30:55] RUN_END status=OK
[2026-08-18T22:31:33] RUN_START run_id=SCALE_O_PythonNDN_300000_078
[2026-08-18T22:31:33] PARAM implementation=PythonNDN
[2026-08-18T22:31:33] METRIC unique_content_objects=300000
[2026-08-18T22:31:33] METRIC cache_hit_ratio=0.2807
[2026-08-18T22:31:33] RUN_END status=OK
[2026-08-18T22:32:53] RUN_START run_id=SCALE_O_uDCN_300000_106
[2026-08-18T22:32:53] PARAM implementation=uDCN
[2026-08-18T22:32:53] METRIC unique_content_objects=300000
[2026-08-18T22:32:53] METRIC cache_hit_ratio=0.5927
[2026-08-18T22:32:53] RUN_END status=OK
[2026-08-18T22:33:23] RUN_START run_id=SCALE_O_PythonNDN_300000_079
[2026-08-18T22:33:23] PARAM implementation=PythonNDN
[2026-08-18T22:33:23] METRIC unique_content_objects=300000
[2026-08-18T22:33:23] METRIC cache_hit_ratio=0.2712
[2026-08-18T22:33:23] RUN_END status=OK
[2026-08-18T22:34:01] RUN_START run_id=SCALE_O_uDCN_300000_107
[2026-08-18T22:34:01] PARAM implementation=uDCN
[2026-08-18T22:34:01] METRIC unique_content_objects=300000
[2026-08-18T22:34:01] METRIC cache_hit_ratio=0.6105
[2026-08-18T22:34:01] RUN_END status=OK
[2026-08-18T22:34:51] RUN_START run_id=SCALE_O_CCNlite_100000_127
[2026-08-18T22:34:51] PARAM implementation=CCNlite
[2026-08-18T22:34:51] METRIC unique_content_objects=100000
[2026-08-18T22:34:51] METRIC cache_hit_ratio=0.6972
[2026-08-18T22:34:51] RUN_END status=OK
[2026-08-18T22:35:48] RUN_START run_id=08_scalability_content_DISCARDED_0120
[2026-08-18T22:35:48] RUN_ABORTED reason=cache_warmup_incomplete: content-store did not reach steady-state hit ratio within the 30s warm-up window, run discarded
