[2026-08-14T08:29:56] RUN_START run_id=SCALE_O_PythonNDN_1000000_015
[2026-08-14T08:29:56] PARAM implementation=PythonNDN
[2026-08-14T08:29:56] METRIC unique_content_objects=1000000
[2026-08-14T08:29:56] METRIC cache_hit_ratio=0.1209
[2026-08-14T08:29:56] RUN_END status=OK
[2026-08-14T08:33:44] RUN_START run_id=SCALE_O_PythonNDN_1000000_016
[2026-08-14T08:33:44] PARAM implementation=PythonNDN
[2026-08-14T08:33:44] METRIC unique_content_objects=1000000
[2026-08-14T08:33:44] METRIC cache_hit_ratio=0.1324
[2026-08-14T08:33:44] RUN_END status=OK
[2026-08-14T08:35:20] RUN_START run_id=SCALE_O_PythonNDN_1000000_017
[2026-08-14T08:35:20] PARAM implementation=PythonNDN
[2026-08-14T08:35:20] METRIC unique_content_objects=1000000
[2026-08-14T08:35:20] METRIC cache_hit_ratio=0.1314
[2026-08-14T08:35:20] RUN_END status=OK
[2026-08-14T08:38:01] RUN_START run_id=SCALE_O_PythonNDN_1000000_018
[2026-08-14T08:38:01] PARAM implementation=PythonNDN
[2026-08-14T08:38:01] METRIC unique_content_objects=1000000
[2026-08-14T08:38:01] METRIC cache_hit_ratio=0.1299
[2026-08-14T08:38:01] RUN_END status=OK
[2026-08-14T08:40:09] RUN_START run_id=SCALE_O_PythonNDN_1000000_019
[2026-08-14T08:40:09] PARAM implementation=PythonNDN
[2026-08-14T08:40:09] METRIC unique_content_objects=1000000
[2026-08-14T08:40:09] METRIC cache_hit_ratio=0.1311
[2026-08-14T08:40:09] RUN_END status=OK
[2026-08-14T08:44:34] RUN_START run_id=SCALE_O_PythonNDN_1000000_020
[2026-08-14T08:44:34] PARAM implementation=PythonNDN
[2026-08-14T08:44:34] METRIC unique_content_objects=1000000
[2026-08-14T08:44:34] METRIC cache_hit_ratio=0.1209
[2026-08-14T08:44:34] RUN_END status=OK
[2026-08-14T08:45:39] RUN_START run_id=SCALE_O_PythonNDN_1000000_021
[2026-08-14T08:45:39] PARAM implementation=PythonNDN
[2026-08-14T08:45:39] METRIC unique_content_objects=1000000
[2026-08-14T08:45:39] METRIC cache_hit_ratio=0.1258
[2026-08-14T08:45:39] RUN_END status=OK
[2026-08-14T08:49:14] RUN_START run_id=SCALE_O_PythonNDN_1000000_022
[2026-08-14T08:49:14] PARAM implementation=PythonNDN
[2026-08-14T08:49:14] METRIC unique_content_objects=1000000
[2026-08-14T08:49:14] METRIC cache_hit_ratio=0.1331
[2026-08-14T08:49:14] RUN_END status=OK
[2026-08-14T08:50:32] RUN_START run_id=SCALE_O_PythonNDN_1000000_023
[2026-08-14T08:50:32] PARAM implementation=PythonNDN
[2026-08-14T08:50:32] METRIC unique_content_objects=1000000
[2026-08-14T08:50:32] METRIC cache_hit_ratio=0.1325
[2026-08-14T08:50:32] RUN_END status=OK
[2026-08-14T08:51:14] RUN_START run_id=SCALE_O_PythonNDN_1000000_024
[2026-08-14T08:51:14] PARAM implementation=PythonNDN
[2026-08-14T08:51:14] METRIC unique_content_objects=1000000
[2026-08-14T08:51:14] METRIC cache_hit_ratio=0.1318
[2026-08-14T08:51:14] RUN_END status=OK
[2026-08-14T08:54:05] RUN_START run_id=SCALE_O_PythonNDN_1000000_025
[2026-08-14T08:54:05] PARAM implementation=PythonNDN
[2026-08-14T08:54:05] METRIC unique_content_objects=1000000
[2026-08-14T08:54:05] METRIC cache_hit_ratio=0.1294
[2026-08-14T08:54:05] RUN_END status=OK
[2026-08-14T08:56:07] RUN_START run_id=SCALE_O_PythonNDN_1000000_026
[2026-08-14T08:56:07] PARAM implementation=PythonNDN
[2026-08-14T08:56:07] METRIC unique_content_objects=1000000
[2026-08-14T08:56:07] METRIC cache_hit_ratio=0.1308
[2026-08-14T08:56:07] RUN_END status=OK
[2026-08-14T08:56:58] RUN_START run_id=SCALE_O_PythonNDN_1000000_027
[2026-08-14T08:56:58] PARAM implementation=PythonNDN
[2026-08-14T08:56:58] METRIC unique_content_objects=1000000
[2026-08-14T08:56:58] METRIC cache_hit_ratio=0.1293
[2026-08-14T08:56:58] RUN_END status=OK
[2026-08-14T08:58:32] RUN_START run_id=SCALE_O_PythonNDN_1000000_028
[2026-08-14T08:58:32] PARAM implementation=PythonNDN
[2026-08-14T08:58:32] METRIC unique_content_objects=1000000
[2026-08-14T08:58:32] METRIC cache_hit_ratio=0.1397
[2026-08-14T08:58:32] RUN_END status=OK
