[2026-08-18T07:59:41] RUN_START run_id=SCALE_O_uDCN_1000_136
[2026-08-18T07:59:41] PARAM implementation=uDCN
[2026-08-18T07:59:41] METRIC unique_content_objects=1000
[2026-08-18T07:59:41] METRIC cache_hit_ratio=0.9125
[2026-08-18T07:59:41] RUN_END status=OK
[2026-08-18T08:00:03] RUN_START run_id=SCALE_O_PythonNDN_1000000_091
[2026-08-18T08:00:03] PARAM implementation=PythonNDN
[2026-08-18T08:00:03] METRIC unique_content_objects=1000000
[2026-08-18T08:00:03] METRIC cache_hit_ratio=0.1322
[2026-08-18T08:00:03] RUN_END status=OK
[2026-08-18T08:00:28] RUN_START run_id=SCALE_O_uDCN_1000_137
[2026-08-18T08:00:28] PARAM implementation=uDCN
[2026-08-18T08:00:28] METRIC unique_content_objects=1000
[2026-08-18T08:00:28] METRIC cache_hit_ratio=0.8932
[2026-08-18T08:00:28] RUN_END status=OK
[2026-08-18T08:02:00] RUN_START run_id=SCALE_O_PythonNDN_1000000_092
[2026-08-18T08:02:00] PARAM implementation=PythonNDN
[2026-08-18T08:02:00] METRIC unique_content_objects=1000000
[2026-08-18T08:02:00] METRIC cache_hit_ratio=0.1186
[2026-08-18T08:02:00] RUN_END status=OK
[2026-08-18T08:03:13] RUN_START run_id=SCALE_O_uDCN_1000_138
[2026-08-18T08:03:13] PARAM implementation=uDCN
[2026-08-18T08:03:13] METRIC unique_content_objects=1000
[2026-08-18T08:03:13] METRIC cache_hit_ratio=0.927
[2026-08-18T08:03:13] RUN_END status=OK
[2026-08-18T08:03:58] RUN_START run_id=SCALE_O_uDCN_1000_139
[2026-08-18T08:03:58] PARAM implementation=uDCN
[2026-08-18T08:03:58] METRIC unique_content_objects=1000
[2026-08-18T08:03:58] METRIC cache_hit_ratio=0.9116
[2026-08-18T08:03:58] RUN_END status=OK
[2026-08-18T08:05:00] RUN_START run_id=SCALE_O_PythonNDN_1000000_093
[2026-08-18T08:05:00] PARAM implementation=PythonNDN
[2026-08-18T08:05:00] METRIC unique_content_objects=1000000
[2026-08-18T08:05:00] METRIC cache_hit_ratio=0.1299
[2026-08-18T08:05:00] RUN_END status=OK
[2026-08-18T08:05:21] RUN_START run_id=SCALE_O_uDCN_1000_140
[2026-08-18T08:05:21] PARAM implementation=uDCN
[2026-08-18T08:05:21] METRIC unique_content_objects=1000
[2026-08-18T08:05:21] METRIC cache_hit_ratio=1.0
[2026-08-18T08:05:21] RUN_END status=OK
[2026-08-18T08:06:16] RUN_START run_id=SCALE_O_uDCN_1000_141
[2026-08-18T08:06:16] PARAM implementation=uDCN
[2026-08-18T08:06:16] METRIC unique_content_objects=1000
[2026-08-18T08:06:16] METRIC cache_hit_ratio=0.9134
[2026-08-18T08:06:16] RUN_END status=OK
[2026-08-18T08:06:43] RUN_START run_id=SCALE_O_PythonNDN_1000000_094
[2026-08-18T08:06:43] PARAM implementation=PythonNDN
[2026-08-18T08:06:43] METRIC unique_content_objects=1000000
[2026-08-18T08:06:43] METRIC cache_hit_ratio=0.127
[2026-08-18T08:06:43] RUN_END status=OK
[2026-08-18T08:07:06] RUN_START run_id=SCALE_O_uDCN_1000_142
[2026-08-18T08:07:06] PARAM implementation=uDCN
[2026-08-18T08:07:06] METRIC unique_content_objects=1000
[2026-08-18T08:07:06] METRIC cache_hit_ratio=0.9985
[2026-08-18T08:07:06] RUN_END status=OK
[2026-08-18T08:08:59] RUN_START run_id=SCALE_O_uDCN_1000_143
[2026-08-18T08:08:59] PARAM implementation=uDCN
[2026-08-18T08:08:59] METRIC unique_content_objects=1000
[2026-08-18T08:08:59] METRIC cache_hit_ratio=0.8821
[2026-08-18T08:08:59] RUN_END status=OK
