[2026-08-19T07:13:21] RUN_START run_id=SCALE_O_CCNlite_5000000_072
[2026-08-19T07:13:21] PARAM implementation=CCNlite
[2026-08-19T07:13:21] METRIC unique_content_objects=5000000
[2026-08-19T07:13:21] METRIC cache_hit_ratio=0.1119
[2026-08-19T07:13:21] RUN_END status=OK
[2026-08-19T07:16:13] RUN_START run_id=SCALE_O_CCNlite_5000000_073
[2026-08-19T07:16:13] PARAM implementation=CCNlite
[2026-08-19T07:16:13] METRIC unique_content_objects=5000000
[2026-08-19T07:16:13] METRIC cache_hit_ratio=0.1079
[2026-08-19T07:16:13] RUN_END status=OK
[2026-08-19T07:17:08] RUN_START run_id=SCALE_O_CCNlite_5000000_074
[2026-08-19T07:17:08] PARAM implementation=CCNlite
[2026-08-19T07:17:08] METRIC unique_content_objects=5000000
[2026-08-19T07:17:08] METRIC cache_hit_ratio=0.1054
[2026-08-19T07:17:08] RUN_END status=OK
[2026-08-19T07:20:06] RUN_START run_id=SCALE_O_CCNlite_5000000_075
[2026-08-19T07:20:06] PARAM implementation=CCNlite
[2026-08-19T07:20:06] METRIC unique_content_objects=5000000
[2026-08-19T07:20:06] METRIC cache_hit_ratio=0.1151
[2026-08-19T07:20:06] RUN_END status=OK
[2026-08-19T07:21:12] RUN_START run_id=SCALE_O_CCNlite_5000000_076
[2026-08-19T07:21:12] PARAM implementation=CCNlite
[2026-08-19T07:21:12] METRIC unique_content_objects=5000000
[2026-08-19T07:21:12] METRIC cache_hit_ratio=0.117
[2026-08-19T07:21:12] RUN_END status=OK
[2026-08-19T07:25:02] RUN_START run_id=SCALE_O_CCNlite_5000000_077
[2026-08-19T07:25:02] PARAM implementation=CCNlite
[2026-08-19T07:25:02] METRIC unique_content_objects=5000000
[2026-08-19T07:25:02] METRIC cache_hit_ratio=0.1145
[2026-08-19T07:25:02] RUN_END status=OK
[2026-08-19T07:26:26] RUN_START run_id=SCALE_O_CCNlite_5000000_078
[2026-08-19T07:26:26] PARAM implementation=CCNlite
[2026-08-19T07:26:26] METRIC unique_content_objects=5000000
[2026-08-19T07:26:26] METRIC cache_hit_ratio=0.1109
[2026-08-19T07:26:26] RUN_END status=OK
[2026-08-19T07:31:01] RUN_START run_id=SCALE_O_CCNlite_5000000_079
[2026-08-19T07:31:01] PARAM implementation=CCNlite
[2026-08-19T07:31:01] METRIC unique_content_objects=5000000
[2026-08-19T07:31:01] METRIC cache_hit_ratio=0.1115
[2026-08-19T07:31:01] RUN_END status=OK
[2026-08-19T07:32:04] RUN_START run_id=SCALE_O_CCNlite_5000000_080
[2026-08-19T07:32:04] PARAM implementation=CCNlite
[2026-08-19T07:32:04] METRIC unique_content_objects=5000000
[2026-08-19T07:32:04] METRIC cache_hit_ratio=0.0992
[2026-08-19T07:32:04] RUN_END status=OK
[2026-08-19T07:34:18] RUN_START run_id=SCALE_O_CCNlite_5000000_081
[2026-08-19T07:34:18] PARAM implementation=CCNlite
[2026-08-19T07:34:18] METRIC unique_content_objects=5000000
[2026-08-19T07:34:18] METRIC cache_hit_ratio=0.1115
[2026-08-19T07:34:18] RUN_END status=OK
[2026-08-19T07:35:21] RUN_START run_id=SCALE_O_CCNlite_5000000_082
[2026-08-19T07:35:21] PARAM implementation=CCNlite
[2026-08-19T07:35:21] METRIC unique_content_objects=5000000
[2026-08-19T07:35:21] METRIC cache_hit_ratio=0.1065
[2026-08-19T07:35:21] RUN_END status=OK
[2026-08-19T08:00:00] RUN_START run_id=SCALE_O_NFD_300000_001
[2026-08-19T08:00:00] PARAM implementation=NFD
[2026-08-19T08:00:00] METRIC unique_content_objects=300000
[2026-08-19T08:00:00] METRIC cache_hit_ratio=0.4452
[2026-08-19T08:00:00] RUN_END status=OK
[2026-08-19T08:02:16] RUN_START run_id=SCALE_O_NFD_300000_002
[2026-08-19T08:02:16] PARAM implementation=NFD
[2026-08-19T08:02:16] METRIC unique_content_objects=300000
[2026-08-19T08:02:16] METRIC cache_hit_ratio=0.4639
[2026-08-19T08:02:16] RUN_END status=OK
