[2026-08-24T10:02:32] RUN_START run_id=SCALE_O_PythonNDN_100000_081
[2026-08-24T10:02:32] PARAM implementation=PythonNDN
[2026-08-24T10:02:32] METRIC unique_content_objects=100000
[2026-08-24T10:02:32] METRIC cache_hit_ratio=0.529
[2026-08-24T10:02:32] RUN_END status=OK
[2026-08-24T10:06:10] RUN_START run_id=SCALE_O_NFD_300000_112
[2026-08-24T10:06:10] PARAM implementation=NFD
[2026-08-24T10:06:10] METRIC unique_content_objects=300000
[2026-08-24T10:06:10] METRIC cache_hit_ratio=0.4359
[2026-08-24T10:06:10] RUN_END status=OK
[2026-08-24T10:06:52] RUN_START run_id=SCALE_O_NFD_300000_113
[2026-08-24T10:06:52] PARAM implementation=NFD
[2026-08-24T10:06:52] METRIC unique_content_objects=300000
[2026-08-24T10:06:52] METRIC cache_hit_ratio=0.4498
[2026-08-24T10:06:52] RUN_END status=OK
[2026-08-24T10:09:55] RUN_START run_id=SCALE_O_NFD_300000_114
[2026-08-24T10:09:55] PARAM implementation=NFD
[2026-08-24T10:09:55] METRIC unique_content_objects=300000
[2026-08-24T10:09:55] METRIC cache_hit_ratio=0.4371
[2026-08-24T10:09:55] RUN_END status=OK
[2026-08-24T10:10:23] RUN_START run_id=SCALE_O_NFD_300000_115
[2026-08-24T10:10:23] PARAM implementation=NFD
[2026-08-24T10:10:23] METRIC unique_content_objects=300000
[2026-08-24T10:10:23] METRIC cache_hit_ratio=0.446
[2026-08-24T10:10:23] RUN_END status=OK
[2026-08-24T10:11:18] RUN_START run_id=SCALE_O_NFD_300000_116
[2026-08-24T10:11:18] PARAM implementation=NFD
[2026-08-24T10:11:18] METRIC unique_content_objects=300000
[2026-08-24T10:11:18] METRIC cache_hit_ratio=0.4704
[2026-08-24T10:11:18] RUN_END status=OK
[2026-08-24T10:14:22] RUN_START run_id=SCALE_O_NFD_300000_117
[2026-08-24T10:14:22] PARAM implementation=NFD
[2026-08-24T10:14:22] METRIC unique_content_objects=300000
[2026-08-24T10:14:22] METRIC cache_hit_ratio=0.4659
[2026-08-24T10:14:22] RUN_END status=OK
[2026-08-24T10:16:27] RUN_START run_id=SCALE_O_NFD_300000_118
[2026-08-24T10:16:27] PARAM implementation=NFD
[2026-08-24T10:16:27] METRIC unique_content_objects=300000
[2026-08-24T10:16:27] METRIC cache_hit_ratio=0.4509
[2026-08-24T10:16:27] RUN_END status=OK
[2026-08-24T10:21:19] RUN_START run_id=SCALE_O_NFD_300000_119
[2026-08-24T10:21:19] PARAM implementation=NFD
[2026-08-24T10:21:19] METRIC unique_content_objects=300000
[2026-08-24T10:21:19] METRIC cache_hit_ratio=0.4355
[2026-08-24T10:21:19] RUN_END status=OK
[2026-08-24T10:22:29] RUN_START run_id=SCALE_O_NFD_300000_120
[2026-08-24T10:22:29] PARAM implementation=NFD
[2026-08-24T10:22:29] METRIC unique_content_objects=300000
[2026-08-24T10:22:29] METRIC cache_hit_ratio=0.4458
[2026-08-24T10:22:29] RUN_END status=OK
[2026-08-24T10:23:18] RUN_START run_id=SCALE_O_NFD_300000_121
[2026-08-24T10:23:18] PARAM implementation=NFD
[2026-08-24T10:23:18] METRIC unique_content_objects=300000
[2026-08-24T10:23:18] METRIC cache_hit_ratio=0.4418
[2026-08-24T10:23:18] RUN_END status=OK
[2026-08-24T10:24:14] RUN_START run_id=SCALE_O_NFD_300000_122
[2026-08-24T10:24:14] PARAM implementation=NFD
[2026-08-24T10:24:14] METRIC unique_content_objects=300000
[2026-08-24T10:24:14] METRIC cache_hit_ratio=0.4457
[2026-08-24T10:24:14] RUN_END status=OK
