[2026-08-23T03:17:53] RUN_START run_id=SCALE_O_CCNlite_300000_112
[2026-08-23T03:17:53] PARAM implementation=CCNlite
[2026-08-23T03:17:53] METRIC unique_content_objects=300000
[2026-08-23T03:17:53] METRIC cache_hit_ratio=0.4269
[2026-08-23T03:17:53] RUN_END status=OK
[2026-08-23T03:17:59] RUN_START run_id=SCALE_O_CCNlite_5000000_144
[2026-08-23T03:17:59] PARAM implementation=CCNlite
[2026-08-23T03:17:59] METRIC unique_content_objects=5000000
[2026-08-23T03:17:59] METRIC cache_hit_ratio=0.1108
[2026-08-23T03:17:59] RUN_END status=OK
[2026-08-23T03:20:06] RUN_START run_id=SCALE_O_CCNlite_300000_113
[2026-08-23T03:20:06] PARAM implementation=CCNlite
[2026-08-23T03:20:06] METRIC unique_content_objects=300000
[2026-08-23T03:20:06] METRIC cache_hit_ratio=0.4369
[2026-08-23T03:20:06] RUN_END status=OK
[2026-08-23T03:22:52] RUN_START run_id=SCALE_O_CCNlite_300000_114
[2026-08-23T03:22:52] PARAM implementation=CCNlite
[2026-08-23T03:22:52] METRIC unique_content_objects=300000
[2026-08-23T03:22:52] METRIC cache_hit_ratio=0.4171
[2026-08-23T03:22:52] RUN_END status=OK
[2026-08-23T03:25:16] RUN_START run_id=SCALE_O_CCNlite_300000_115
[2026-08-23T03:25:16] PARAM implementation=CCNlite
[2026-08-23T03:25:16] METRIC unique_content_objects=300000
[2026-08-23T03:25:16] METRIC cache_hit_ratio=0.445
[2026-08-23T03:25:16] RUN_END status=OK
[2026-08-23T03:26:02] RUN_START run_id=SCALE_O_CCNlite_300000_116
[2026-08-23T03:26:02] PARAM implementation=CCNlite
[2026-08-23T03:26:02] METRIC unique_content_objects=300000
[2026-08-23T03:26:02] METRIC cache_hit_ratio=0.439
[2026-08-23T03:26:02] RUN_END status=OK
[2026-08-23T03:27:11] RUN_START run_id=SCALE_O_CCNlite_300000_117
[2026-08-23T03:27:11] PARAM implementation=CCNlite
[2026-08-23T03:27:11] METRIC unique_content_objects=300000
[2026-08-23T03:27:11] METRIC cache_hit_ratio=0.4163
[2026-08-23T03:27:11] RUN_END status=OK
[2026-08-23T03:28:49] RUN_START run_id=SCALE_O_CCNlite_300000_118
[2026-08-23T03:28:49] PARAM implementation=CCNlite
[2026-08-23T03:28:49] METRIC unique_content_objects=300000
[2026-08-23T03:28:49] METRIC cache_hit_ratio=0.4379
[2026-08-23T03:28:49] RUN_END status=OK
[2026-08-23T03:31:51] RUN_START run_id=SCALE_O_CCNlite_300000_119
[2026-08-23T03:31:51] PARAM implementation=CCNlite
[2026-08-23T03:31:51] METRIC unique_content_objects=300000
[2026-08-23T03:31:51] METRIC cache_hit_ratio=0.4033
[2026-08-23T03:31:51] RUN_END status=OK
[2026-08-23T03:33:13] RUN_START run_id=SCALE_O_CCNlite_300000_120
[2026-08-23T03:33:13] PARAM implementation=CCNlite
[2026-08-23T03:33:13] METRIC unique_content_objects=300000
[2026-08-23T03:33:13] METRIC cache_hit_ratio=0.4158
[2026-08-23T03:33:13] RUN_END status=OK
[2026-08-23T04:33:33] RUN_START run_id=SCALE_O_CCNlite_300000_121
[2026-08-23T04:33:33] PARAM implementation=CCNlite
[2026-08-23T04:33:33] METRIC unique_content_objects=300000
[2026-08-23T04:33:33] METRIC cache_hit_ratio=0.4394
[2026-08-23T04:33:33] RUN_END status=OK
[2026-08-23T04:35:04] RUN_START run_id=SCALE_O_CCNlite_300000_122
[2026-08-23T04:35:04] PARAM implementation=CCNlite
[2026-08-23T04:35:04] METRIC unique_content_objects=300000
[2026-08-23T04:35:04] METRIC cache_hit_ratio=0.4252
[2026-08-23T04:35:04] RUN_END status=OK
[2026-08-23T04:37:53] RUN_START run_id=SCALE_O_CCNlite_300000_123
[2026-08-23T04:37:53] PARAM implementation=CCNlite
[2026-08-23T04:37:53] METRIC unique_content_objects=300000
[2026-08-23T04:37:53] METRIC cache_hit_ratio=0.4444
[2026-08-23T04:37:53] RUN_END status=OK
[2026-08-23T04:39:02] RUN_START run_id=SCALE_O_CCNlite_300000_124
[2026-08-23T04:39:02] PARAM implementation=CCNlite
[2026-08-23T04:39:02] METRIC unique_content_objects=300000
[2026-08-23T04:39:02] METRIC cache_hit_ratio=0.4177
[2026-08-23T04:39:02] RUN_END status=OK
[2026-08-23T04:39:59] RUN_START run_id=SCALE_O_CCNlite_300000_125
[2026-08-23T04:39:59] PARAM implementation=CCNlite
[2026-08-23T04:39:59] METRIC unique_content_objects=300000
[2026-08-23T04:39:59] METRIC cache_hit_ratio=0.4423
[2026-08-23T04:39:59] RUN_END status=OK
[2026-08-23T04:41:33] RUN_START run_id=SCALE_O_CCNlite_300000_126
[2026-08-23T04:41:33] PARAM implementation=CCNlite
[2026-08-23T04:41:33] METRIC unique_content_objects=300000
[2026-08-23T04:41:33] METRIC cache_hit_ratio=0.4314
[2026-08-23T04:41:33] RUN_END status=OK
[2026-08-23T04:43:10] RUN_START run_id=SCALE_O_CCNlite_300000_127
[2026-08-23T04:43:10] PARAM implementation=CCNlite
[2026-08-23T04:43:10] METRIC unique_content_objects=300000
[2026-08-23T04:43:10] METRIC cache_hit_ratio=0.4129
[2026-08-23T04:43:10] RUN_END status=OK
[2026-08-23T04:44:15] RUN_START run_id=SCALE_O_CCNlite_300000_128
[2026-08-23T04:44:15] PARAM implementation=CCNlite
[2026-08-23T04:44:15] METRIC unique_content_objects=300000
[2026-08-23T04:44:15] METRIC cache_hit_ratio=0.4727
[2026-08-23T04:44:15] RUN_END status=OK
[2026-08-23T04:47:58] RUN_START run_id=SCALE_O_CCNlite_300000_129
[2026-08-23T04:47:58] PARAM implementation=CCNlite
[2026-08-23T04:47:58] METRIC unique_content_objects=300000
[2026-08-23T04:47:58] METRIC cache_hit_ratio=0.4103
[2026-08-23T04:47:58] RUN_END status=OK
[2026-08-23T04:50:07] RUN_START run_id=SCALE_O_CCNlite_300000_130
[2026-08-23T04:50:07] PARAM implementation=CCNlite
[2026-08-23T04:50:07] METRIC unique_content_objects=300000
[2026-08-23T04:50:07] METRIC cache_hit_ratio=0.4246
[2026-08-23T04:50:07] RUN_END status=OK
