[2026-08-27T18:54:07] RUN_START run_id=SCALE_O_PythonNDN_5000000_084
[2026-08-27T18:54:07] PARAM implementation=PythonNDN
[2026-08-27T18:54:07] METRIC unique_content_objects=5000000
[2026-08-27T18:54:07] METRIC cache_hit_ratio=0.05
[2026-08-27T18:54:07] RUN_END status=OK
[2026-08-27T18:54:53] RUN_START run_id=SCALE_O_PythonNDN_5000000_085
[2026-08-27T18:54:53] PARAM implementation=PythonNDN
[2026-08-27T18:54:53] METRIC unique_content_objects=5000000
[2026-08-27T18:54:53] METRIC cache_hit_ratio=0.0507
[2026-08-27T18:54:53] RUN_END status=OK
[2026-08-27T18:56:44] RUN_START run_id=SCALE_O_PythonNDN_5000000_086
[2026-08-27T18:56:44] PARAM implementation=PythonNDN
[2026-08-27T18:56:44] METRIC unique_content_objects=5000000
[2026-08-27T18:56:44] METRIC cache_hit_ratio=0.046
[2026-08-27T18:56:44] RUN_END status=OK
[2026-08-27T18:59:52] RUN_START run_id=SCALE_O_PythonNDN_5000000_087
[2026-08-27T18:59:52] PARAM implementation=PythonNDN
[2026-08-27T18:59:52] METRIC unique_content_objects=5000000
[2026-08-27T18:59:52] METRIC cache_hit_ratio=0.0502
[2026-08-27T18:59:52] RUN_END status=OK
[2026-08-27T19:01:36] RUN_START run_id=SCALE_O_PythonNDN_5000000_088
[2026-08-27T19:01:36] PARAM implementation=PythonNDN
[2026-08-27T19:01:36] METRIC unique_content_objects=5000000
[2026-08-27T19:01:36] METRIC cache_hit_ratio=0.0493
[2026-08-27T19:01:36] RUN_END status=OK
[2026-08-27T19:04:05] RUN_START run_id=SCALE_O_PythonNDN_5000000_089
[2026-08-27T19:04:05] PARAM implementation=PythonNDN
[2026-08-27T19:04:05] METRIC unique_content_objects=5000000
[2026-08-27T19:04:05] METRIC cache_hit_ratio=0.0501
[2026-08-27T19:04:05] RUN_END status=OK
[2026-08-27T19:05:57] RUN_START run_id=SCALE_O_PythonNDN_5000000_090
[2026-08-27T19:05:57] PARAM implementation=PythonNDN
[2026-08-27T19:05:57] METRIC unique_content_objects=5000000
[2026-08-27T19:05:57] METRIC cache_hit_ratio=0.0481
[2026-08-27T19:05:57] RUN_END status=OK
[2026-08-27T19:06:37] RUN_START run_id=SCALE_O_PythonNDN_5000000_091
[2026-08-27T19:06:37] PARAM implementation=PythonNDN
[2026-08-27T19:06:37] METRIC unique_content_objects=5000000
[2026-08-27T19:06:37] METRIC cache_hit_ratio=0.0471
[2026-08-27T19:06:37] RUN_END status=OK
[2026-08-27T19:08:33] RUN_START run_id=SCALE_O_PythonNDN_5000000_092
[2026-08-27T19:08:33] PARAM implementation=PythonNDN
[2026-08-27T19:08:33] METRIC unique_content_objects=5000000
[2026-08-27T19:08:33] METRIC cache_hit_ratio=0.0497
[2026-08-27T19:08:33] RUN_END status=OK
[2026-08-27T19:13:42] RUN_START run_id=SCALE_O_PythonNDN_5000000_093
[2026-08-27T19:13:42] PARAM implementation=PythonNDN
[2026-08-27T19:13:42] METRIC unique_content_objects=5000000
[2026-08-27T19:13:42] METRIC cache_hit_ratio=0.051
[2026-08-27T19:13:42] RUN_END status=OK
[2026-08-27T19:16:16] RUN_START run_id=SCALE_O_PythonNDN_5000000_094
[2026-08-27T19:16:16] PARAM implementation=PythonNDN
[2026-08-27T19:16:16] METRIC unique_content_objects=5000000
[2026-08-27T19:16:16] METRIC cache_hit_ratio=0.0486
[2026-08-27T19:16:16] RUN_END status=OK
[2026-08-28T10:29:25] RUN_START run_id=SCALE_O_PythonNDN_1000_100
[2026-08-28T10:29:25] PARAM implementation=PythonNDN
[2026-08-28T10:29:25] METRIC unique_content_objects=1000
[2026-08-28T10:29:25] METRIC cache_hit_ratio=0.946
[2026-08-28T10:29:25] RUN_END status=OK
[2026-08-28T10:31:13] RUN_START run_id=SCALE_O_PythonNDN_1000_101
[2026-08-28T10:31:13] PARAM implementation=PythonNDN
[2026-08-28T10:31:13] METRIC unique_content_objects=1000
[2026-08-28T10:31:13] METRIC cache_hit_ratio=0.8871
[2026-08-28T10:31:13] RUN_END status=OK
