[2026-08-24T11:47:30] RUN_START run_id=SCALE_O_NFD_100000_107
[2026-08-24T11:47:30] PARAM implementation=NFD
[2026-08-24T11:47:30] METRIC unique_content_objects=100000
[2026-08-24T11:47:30] METRIC cache_hit_ratio=0.6137
[2026-08-24T11:47:30] RUN_END status=OK
[2026-08-24T11:48:59] RUN_START run_id=SCALE_O_NFD_100000_108
[2026-08-24T11:48:59] PARAM implementation=NFD
[2026-08-24T11:48:59] METRIC unique_content_objects=100000
[2026-08-24T11:48:59] METRIC cache_hit_ratio=0.6676
[2026-08-24T11:48:59] RUN_END status=OK
[2026-08-24T11:51:54] RUN_START run_id=SCALE_O_NFD_100000_109
[2026-08-24T11:51:54] PARAM implementation=NFD
[2026-08-24T11:51:54] METRIC unique_content_objects=100000
[2026-08-24T11:51:54] METRIC cache_hit_ratio=0.6387
[2026-08-24T11:51:54] RUN_END status=OK
[2026-08-24T11:54:05] RUN_START run_id=SCALE_O_NFD_100000_110
[2026-08-24T11:54:05] PARAM implementation=NFD
[2026-08-24T11:54:05] METRIC unique_content_objects=100000
[2026-08-24T11:54:05] METRIC cache_hit_ratio=0.636
[2026-08-24T11:54:05] RUN_END status=OK
[2026-08-24T11:58:17] RUN_START run_id=SCALE_O_NFD_100000_111
[2026-08-24T11:58:17] PARAM implementation=NFD
[2026-08-24T11:58:17] METRIC unique_content_objects=100000
[2026-08-24T11:58:17] METRIC cache_hit_ratio=0.678
[2026-08-24T11:58:17] RUN_END status=OK
[2026-08-24T11:59:53] RUN_START run_id=SCALE_O_NFD_100000_112
[2026-08-24T11:59:53] PARAM implementation=NFD
[2026-08-24T11:59:53] METRIC unique_content_objects=100000
[2026-08-24T11:59:53] METRIC cache_hit_ratio=0.7142
[2026-08-24T11:59:53] RUN_END status=OK
[2026-08-24T12:00:49] RUN_START run_id=SCALE_O_NFD_100000_113
[2026-08-24T12:00:49] PARAM implementation=NFD
[2026-08-24T12:00:49] METRIC unique_content_objects=100000
[2026-08-24T12:00:49] METRIC cache_hit_ratio=0.6253
[2026-08-24T12:00:49] RUN_END status=OK
[2026-08-24T12:03:17] RUN_START run_id=SCALE_O_NFD_100000_114
[2026-08-24T12:03:17] PARAM implementation=NFD
[2026-08-24T12:03:17] METRIC unique_content_objects=100000
[2026-08-24T12:03:17] METRIC cache_hit_ratio=0.6621
[2026-08-24T12:03:17] RUN_END status=OK
[2026-08-24T15:21:23] RUN_START run_id=SCALE_O_PythonNDN_1000_030
[2026-08-24T15:21:23] PARAM implementation=PythonNDN
[2026-08-24T15:21:23] METRIC unique_content_objects=1000
[2026-08-24T15:21:23] METRIC cache_hit_ratio=0.8594
[2026-08-24T15:21:23] RUN_END status=OK
[2026-08-24T15:22:42] RUN_START run_id=SCALE_O_PythonNDN_1000_031
[2026-08-24T15:22:42] PARAM implementation=PythonNDN
[2026-08-24T15:22:42] METRIC unique_content_objects=1000
[2026-08-24T15:22:42] METRIC cache_hit_ratio=0.8422
[2026-08-24T15:22:42] RUN_END status=OK
[2026-08-24T15:25:39] RUN_START run_id=SCALE_O_PythonNDN_1000_032
[2026-08-24T15:25:39] PARAM implementation=PythonNDN
[2026-08-24T15:25:39] METRIC unique_content_objects=1000
[2026-08-24T15:25:39] METRIC cache_hit_ratio=0.9334
[2026-08-24T15:25:39] RUN_END status=OK
[2026-08-24T15:27:58] RUN_START run_id=SCALE_O_PythonNDN_1000_033
[2026-08-24T15:27:58] PARAM implementation=PythonNDN
[2026-08-24T15:27:58] METRIC unique_content_objects=1000
[2026-08-24T15:27:58] METRIC cache_hit_ratio=0.8673
[2026-08-24T15:27:58] RUN_END status=OK
[2026-08-24T15:29:00] RUN_START run_id=SCALE_O_PythonNDN_1000_034
[2026-08-24T15:29:00] PARAM implementation=PythonNDN
[2026-08-24T15:29:00] METRIC unique_content_objects=1000
[2026-08-24T15:29:00] METRIC cache_hit_ratio=0.8965
[2026-08-24T15:29:00] RUN_END status=OK
[2026-08-24T15:31:25] RUN_START run_id=SCALE_O_PythonNDN_1000_035
[2026-08-24T15:31:25] PARAM implementation=PythonNDN
[2026-08-24T15:31:25] METRIC unique_content_objects=1000
[2026-08-24T15:31:25] METRIC cache_hit_ratio=0.9191
[2026-08-24T15:31:25] RUN_END status=OK
[2026-08-24T15:34:07] RUN_START run_id=SCALE_O_PythonNDN_1000_036
[2026-08-24T15:34:07] PARAM implementation=PythonNDN
[2026-08-24T15:34:07] METRIC unique_content_objects=1000
[2026-08-24T15:34:07] METRIC cache_hit_ratio=0.9048
[2026-08-24T15:34:07] RUN_END status=OK
[2026-08-24T15:35:30] RUN_START run_id=SCALE_O_PythonNDN_1000_037
[2026-08-24T15:35:30] PARAM implementation=PythonNDN
[2026-08-24T15:35:30] METRIC unique_content_objects=1000
[2026-08-24T15:35:30] METRIC cache_hit_ratio=0.9785
[2026-08-24T15:35:30] RUN_END status=OK
