[2026-08-25T16:26:07] RUN_START run_id=SCALE_O_NFD_100000_136
[2026-08-25T16:26:07] PARAM implementation=NFD
[2026-08-25T16:26:07] METRIC unique_content_objects=100000
[2026-08-25T16:26:07] METRIC cache_hit_ratio=0.6675
[2026-08-25T16:26:07] RUN_END status=OK
[2026-08-25T16:32:02] RUN_START run_id=SCALE_O_NFD_100000_137
[2026-08-25T16:32:02] PARAM implementation=NFD
[2026-08-25T16:32:02] METRIC unique_content_objects=100000
[2026-08-25T16:32:02] METRIC cache_hit_ratio=0.6213
[2026-08-25T16:32:02] RUN_END status=OK
[2026-08-25T16:33:09] RUN_START run_id=SCALE_O_NFD_100000_138
[2026-08-25T16:33:09] PARAM implementation=NFD
[2026-08-25T16:33:09] METRIC unique_content_objects=100000
[2026-08-25T16:33:09] METRIC cache_hit_ratio=0.617
[2026-08-25T16:33:09] RUN_END status=OK
[2026-08-25T16:35:51] RUN_START run_id=SCALE_O_NFD_100000_139
[2026-08-25T16:35:51] PARAM implementation=NFD
[2026-08-25T16:35:51] METRIC unique_content_objects=100000
[2026-08-25T16:35:51] METRIC cache_hit_ratio=0.6908
[2026-08-25T16:35:51] RUN_END status=OK
[2026-08-25T16:39:12] RUN_START run_id=SCALE_O_NFD_100000_140
[2026-08-25T16:39:12] PARAM implementation=NFD
[2026-08-25T16:39:12] METRIC unique_content_objects=100000
[2026-08-25T16:39:12] METRIC cache_hit_ratio=0.7111
[2026-08-25T16:39:12] RUN_END status=OK
[2026-08-25T16:40:27] RUN_START run_id=SCALE_O_NFD_100000_141
[2026-08-25T16:40:27] PARAM implementation=NFD
[2026-08-25T16:40:27] METRIC unique_content_objects=100000
[2026-08-25T16:40:27] METRIC cache_hit_ratio=0.6733
[2026-08-25T16:40:27] RUN_END status=OK
[2026-08-25T16:42:07] RUN_START run_id=SCALE_O_NFD_100000_142
[2026-08-25T16:42:07] PARAM implementation=NFD
[2026-08-25T16:42:07] METRIC unique_content_objects=100000
[2026-08-25T16:42:07] METRIC cache_hit_ratio=0.6039
[2026-08-25T16:42:07] RUN_END status=OK
[2026-08-25T16:44:05] RUN_START run_id=SCALE_O_NFD_100000_143
[2026-08-25T16:44:05] PARAM implementation=NFD
[2026-08-25T16:44:05] METRIC unique_content_objects=100000
[2026-08-25T16:44:05] METRIC cache_hit_ratio=0.5874
[2026-08-25T16:44:05] RUN_END status=OK
[2026-08-25T16:45:30] RUN_START run_id=SCALE_O_NFD_100000_144
[2026-08-25T16:45:30] PARAM implementation=NFD
[2026-08-25T16:45:30] METRIC unique_content_objects=100000
[2026-08-25T16:45:30] METRIC cache_hit_ratio=0.6638
[2026-08-25T16:45:30] RUN_END status=OK
[2026-08-25T16:46:38] RUN_START run_id=SCALE_O_NFD_100000_145
[2026-08-25T16:46:38] PARAM implementation=NFD
[2026-08-25T16:46:38] METRIC unique_content_objects=100000
[2026-08-25T16:46:38] METRIC cache_hit_ratio=0.7156
[2026-08-25T16:46:38] RUN_END status=OK
[2026-08-25T16:47:21] RUN_START run_id=SCALE_O_NFD_100000_146
[2026-08-25T16:47:21] PARAM implementation=NFD
[2026-08-25T16:47:21] METRIC unique_content_objects=100000
[2026-08-25T16:47:21] METRIC cache_hit_ratio=0.686
[2026-08-25T16:47:21] RUN_END status=OK
[2026-08-25T23:59:26] RUN_START run_id=SCALE_O_CCNlite_300000_149
[2026-08-25T23:59:26] PARAM implementation=CCNlite
[2026-08-25T23:59:26] METRIC unique_content_objects=300000
[2026-08-25T23:59:26] METRIC cache_hit_ratio=0.4036
[2026-08-25T23:59:26] RUN_END status=OK
[2026-08-26T00:01:46] RUN_START run_id=SCALE_O_CCNlite_300000_150
[2026-08-26T00:01:46] PARAM implementation=CCNlite
[2026-08-26T00:01:46] METRIC unique_content_objects=300000
[2026-08-26T00:01:46] METRIC cache_hit_ratio=0.4449
[2026-08-26T00:01:46] RUN_END status=OK
[2026-08-26T00:24:07] RUN_START run_id=SCALE_O_PythonNDN_1000_071
[2026-08-26T00:24:07] PARAM implementation=PythonNDN
[2026-08-26T00:24:07] METRIC unique_content_objects=1000
[2026-08-26T00:24:07] METRIC cache_hit_ratio=0.8979
[2026-08-26T00:24:07] RUN_END status=OK
[2026-08-26T00:26:17] RUN_START run_id=SCALE_O_PythonNDN_1000_072
[2026-08-26T00:26:17] PARAM implementation=PythonNDN
[2026-08-26T00:26:17] METRIC unique_content_objects=1000
[2026-08-26T00:26:17] METRIC cache_hit_ratio=0.9126
[2026-08-26T00:26:17] RUN_END status=OK
[2026-08-26T00:28:47] RUN_START run_id=SCALE_O_PythonNDN_1000_073
[2026-08-26T00:28:47] PARAM implementation=PythonNDN
[2026-08-26T00:28:47] METRIC unique_content_objects=1000
[2026-08-26T00:28:47] METRIC cache_hit_ratio=0.8854
[2026-08-26T00:28:47] RUN_END status=OK
