[2026-08-20T22:09:58] RUN_START run_id=SCALE_O_CCNlite_1000000_111
[2026-08-20T22:09:58] PARAM implementation=CCNlite
[2026-08-20T22:09:58] METRIC unique_content_objects=1000000
[2026-08-20T22:09:58] METRIC cache_hit_ratio=0.2966
[2026-08-20T22:09:58] RUN_END status=OK
[2026-08-20T22:11:17] RUN_START run_id=SCALE_O_CCNlite_1000000_112
[2026-08-20T22:11:17] PARAM implementation=CCNlite
[2026-08-20T22:11:17] METRIC unique_content_objects=1000000
[2026-08-20T22:11:17] METRIC cache_hit_ratio=0.2904
[2026-08-20T22:11:17] RUN_END status=OK
[2026-08-20T22:12:56] RUN_START run_id=SCALE_O_CCNlite_1000000_113
[2026-08-20T22:12:56] PARAM implementation=CCNlite
[2026-08-20T22:12:56] METRIC unique_content_objects=1000000
[2026-08-20T22:12:56] METRIC cache_hit_ratio=0.2578
[2026-08-20T22:12:56] RUN_END status=OK
[2026-08-20T22:14:45] RUN_START run_id=SCALE_O_CCNlite_1000000_114
[2026-08-20T22:14:45] PARAM implementation=CCNlite
[2026-08-20T22:14:45] METRIC unique_content_objects=1000000
[2026-08-20T22:14:45] METRIC cache_hit_ratio=0.2805
[2026-08-20T22:14:45] RUN_END status=OK
[2026-08-20T22:18:50] RUN_START run_id=SCALE_O_CCNlite_1000000_115
[2026-08-20T22:18:50] PARAM implementation=CCNlite
[2026-08-20T22:18:50] METRIC unique_content_objects=1000000
[2026-08-20T22:18:50] METRIC cache_hit_ratio=0.2531
[2026-08-20T22:18:50] RUN_END status=OK
[2026-08-20T22:22:00] RUN_START run_id=SCALE_O_CCNlite_1000000_116
[2026-08-20T22:22:00] PARAM implementation=CCNlite
[2026-08-20T22:22:00] METRIC unique_content_objects=1000000
[2026-08-20T22:22:00] METRIC cache_hit_ratio=0.2796
[2026-08-20T22:22:00] RUN_END status=OK
[2026-08-21T05:02:52] RUN_START run_id=SCALE_O_uDCN_10000_114
[2026-08-21T05:02:52] PARAM implementation=uDCN
[2026-08-21T05:02:52] METRIC unique_content_objects=10000
[2026-08-21T05:02:52] METRIC cache_hit_ratio=0.8666
[2026-08-21T05:02:52] RUN_END status=OK
[2026-08-21T05:05:59] RUN_START run_id=SCALE_O_uDCN_10000_115
[2026-08-21T05:05:59] PARAM implementation=uDCN
[2026-08-21T05:05:59] METRIC unique_content_objects=10000
[2026-08-21T05:05:59] METRIC cache_hit_ratio=0.9463
[2026-08-21T05:05:59] RUN_END status=OK
[2026-08-21T05:07:16] RUN_START run_id=SCALE_O_uDCN_10000_116
[2026-08-21T05:07:16] PARAM implementation=uDCN
[2026-08-21T05:07:16] METRIC unique_content_objects=10000
[2026-08-21T05:07:16] METRIC cache_hit_ratio=0.8614
[2026-08-21T05:07:16] RUN_END status=OK
[2026-08-21T05:09:19] RUN_START run_id=SCALE_O_uDCN_10000_117
[2026-08-21T05:09:19] PARAM implementation=uDCN
[2026-08-21T05:09:19] METRIC unique_content_objects=10000
[2026-08-21T05:09:19] METRIC cache_hit_ratio=0.8608
[2026-08-21T05:09:19] RUN_END status=OK
[2026-08-21T05:11:28] RUN_START run_id=SCALE_O_uDCN_10000_118
[2026-08-21T05:11:28] PARAM implementation=uDCN
[2026-08-21T05:11:28] METRIC unique_content_objects=10000
[2026-08-21T05:11:28] METRIC cache_hit_ratio=0.8494
[2026-08-21T05:11:28] RUN_END status=OK
[2026-08-21T05:13:31] RUN_START run_id=SCALE_O_uDCN_10000_119
[2026-08-21T05:13:31] PARAM implementation=uDCN
[2026-08-21T05:13:31] METRIC unique_content_objects=10000
[2026-08-21T05:13:31] METRIC cache_hit_ratio=0.8834
[2026-08-21T05:13:31] RUN_END status=OK
[2026-08-21T05:15:48] RUN_START run_id=SCALE_O_uDCN_10000_120
[2026-08-21T05:15:48] PARAM implementation=uDCN
[2026-08-21T05:15:48] METRIC unique_content_objects=10000
[2026-08-21T05:15:48] METRIC cache_hit_ratio=0.8896
[2026-08-21T05:15:48] RUN_END status=OK
[2026-08-21T05:17:02] RUN_START run_id=SCALE_O_uDCN_10000_121
[2026-08-21T05:17:02] PARAM implementation=uDCN
[2026-08-21T05:17:02] METRIC unique_content_objects=10000
[2026-08-21T05:17:02] METRIC cache_hit_ratio=0.9338
[2026-08-21T05:17:02] RUN_END status=OK
