[2026-08-16T21:16:32] RUN_START run_id=SCALE_O_PythonNDN_10000_116
[2026-08-16T21:16:32] PARAM implementation=PythonNDN
[2026-08-16T21:16:32] METRIC unique_content_objects=10000
[2026-08-16T21:16:32] METRIC cache_hit_ratio=0.6964
[2026-08-16T21:16:32] RUN_END status=OK
[2026-08-16T21:17:15] RUN_START run_id=SCALE_O_NFD_5000000_072
[2026-08-16T21:17:15] PARAM implementation=NFD
[2026-08-16T21:17:15] METRIC unique_content_objects=5000000
[2026-08-16T21:17:15] METRIC cache_hit_ratio=0.1009
[2026-08-16T21:17:15] RUN_END status=OK
[2026-08-16T21:18:54] RUN_START run_id=SCALE_O_NFD_5000000_073
[2026-08-16T21:18:54] PARAM implementation=NFD
[2026-08-16T21:18:54] METRIC unique_content_objects=5000000
[2026-08-16T21:18:54] METRIC cache_hit_ratio=0.1005
[2026-08-16T21:18:54] RUN_END status=OK
[2026-08-16T21:19:45] RUN_START run_id=SCALE_O_PythonNDN_10000_117
[2026-08-16T21:19:45] PARAM implementation=PythonNDN
[2026-08-16T21:19:45] METRIC unique_content_objects=10000
[2026-08-16T21:19:45] METRIC cache_hit_ratio=0.7949
[2026-08-16T21:19:45] RUN_END status=OK
[2026-08-16T21:22:04] RUN_START run_id=SCALE_O_NFD_5000000_074
[2026-08-16T21:22:04] PARAM implementation=NFD
[2026-08-16T21:22:04] METRIC unique_content_objects=5000000
[2026-08-16T21:22:04] METRIC cache_hit_ratio=0.095
[2026-08-16T21:22:04] RUN_END status=OK
[2026-08-16T21:22:40] RUN_START run_id=SCALE_O_PythonNDN_10000_118
[2026-08-16T21:22:40] PARAM implementation=PythonNDN
[2026-08-16T21:22:40] METRIC unique_content_objects=10000
[2026-08-16T21:22:40] METRIC cache_hit_ratio=0.7909
[2026-08-16T21:22:40] RUN_END status=OK
[2026-08-16T21:23:10] RUN_START run_id=SCALE_O_NFD_5000000_075
[2026-08-16T21:23:10] PARAM implementation=NFD
[2026-08-16T21:23:10] METRIC unique_content_objects=5000000
[2026-08-16T21:23:10] METRIC cache_hit_ratio=0.1005
[2026-08-16T21:23:10] RUN_END status=OK
[2026-08-16T21:25:23] RUN_START run_id=SCALE_O_NFD_5000000_076
[2026-08-16T21:25:23] PARAM implementation=NFD
[2026-08-16T21:25:23] METRIC unique_content_objects=5000000
[2026-08-16T21:25:23] METRIC cache_hit_ratio=0.106
[2026-08-16T21:25:23] RUN_END status=OK
[2026-08-16T21:25:51] RUN_START run_id=SCALE_O_PythonNDN_10000_119
[2026-08-16T21:25:51] PARAM implementation=PythonNDN
[2026-08-16T21:25:51] METRIC unique_content_objects=10000
[2026-08-16T21:25:51] METRIC cache_hit_ratio=0.7275
[2026-08-16T21:25:51] RUN_END status=OK
[2026-08-16T21:26:35] RUN_START run_id=SCALE_O_PythonNDN_10000_120
[2026-08-16T21:26:35] PARAM implementation=PythonNDN
[2026-08-16T21:26:35] METRIC unique_content_objects=10000
[2026-08-16T21:26:35] METRIC cache_hit_ratio=0.7329
[2026-08-16T21:26:35] RUN_END status=OK
