[2026-08-30T07:26:41] RUN_START run_id=SCALE_O_PythonNDN_1000_137
[2026-08-30T07:26:41] PARAM implementation=PythonNDN
[2026-08-30T07:26:41] METRIC unique_content_objects=1000
[2026-08-30T07:26:41] METRIC cache_hit_ratio=0.8785
[2026-08-30T07:26:41] RUN_END status=OK
[2026-08-30T07:29:11] RUN_START run_id=SCALE_O_PythonNDN_1000_138
[2026-08-30T07:29:11] PARAM implementation=PythonNDN
[2026-08-30T07:29:11] METRIC unique_content_objects=1000
[2026-08-30T07:29:11] METRIC cache_hit_ratio=0.9422
[2026-08-30T07:29:11] RUN_END status=OK
[2026-08-30T07:31:12] RUN_START run_id=SCALE_O_PythonNDN_1000_139
[2026-08-30T07:31:12] PARAM implementation=PythonNDN
[2026-08-30T07:31:12] METRIC unique_content_objects=1000
[2026-08-30T07:31:12] METRIC cache_hit_ratio=0.9626
[2026-08-30T07:31:12] RUN_END status=OK
[2026-08-30T07:34:29] RUN_START run_id=SCALE_O_PythonNDN_1000_140
[2026-08-30T07:34:29] PARAM implementation=PythonNDN
[2026-08-30T07:34:29] METRIC unique_content_objects=1000
[2026-08-30T07:34:29] METRIC cache_hit_ratio=0.8977
[2026-08-30T07:34:29] RUN_END status=OK
[2026-08-30T07:38:46] RUN_START run_id=SCALE_O_PythonNDN_1000_141
[2026-08-30T07:38:46] PARAM implementation=PythonNDN
[2026-08-30T07:38:46] METRIC unique_content_objects=1000
[2026-08-30T07:38:46] METRIC cache_hit_ratio=0.9089
[2026-08-30T07:38:46] RUN_END status=OK
[2026-08-30T07:40:02] RUN_START run_id=SCALE_O_PythonNDN_1000_142
[2026-08-30T07:40:02] PARAM implementation=PythonNDN
[2026-08-30T07:40:02] METRIC unique_content_objects=1000
[2026-08-30T07:40:02] METRIC cache_hit_ratio=0.9277
[2026-08-30T07:40:02] RUN_END status=OK
[2026-08-30T07:42:23] RUN_START run_id=SCALE_O_PythonNDN_1000_143
[2026-08-30T07:42:23] PARAM implementation=PythonNDN
[2026-08-30T07:42:23] METRIC unique_content_objects=1000
[2026-08-30T07:42:23] METRIC cache_hit_ratio=0.886
[2026-08-30T07:42:23] RUN_END status=OK
[2026-08-30T07:44:20] RUN_START run_id=SCALE_O_PythonNDN_1000_144
[2026-08-30T07:44:20] PARAM implementation=PythonNDN
[2026-08-30T07:44:20] METRIC unique_content_objects=1000
[2026-08-30T07:44:20] METRIC cache_hit_ratio=0.9828
[2026-08-30T07:44:20] RUN_END status=OK
[2026-08-30T07:47:24] RUN_START run_id=SCALE_O_PythonNDN_1000_145
[2026-08-30T07:47:24] PARAM implementation=PythonNDN
[2026-08-30T07:47:24] METRIC unique_content_objects=1000
[2026-08-30T07:47:24] METRIC cache_hit_ratio=0.8765
[2026-08-30T07:47:24] RUN_END status=OK
[2026-08-30T07:50:33] RUN_START run_id=SCALE_O_PythonNDN_1000_146
[2026-08-30T07:50:33] PARAM implementation=PythonNDN
[2026-08-30T07:50:33] METRIC unique_content_objects=1000
[2026-08-30T07:50:33] METRIC cache_hit_ratio=0.8797
[2026-08-30T07:50:33] RUN_END status=OK
[2026-08-30T07:52:01] RUN_START run_id=SCALE_O_PythonNDN_1000_147
[2026-08-30T07:52:01] PARAM implementation=PythonNDN
[2026-08-30T07:52:01] METRIC unique_content_objects=1000
[2026-08-30T07:52:01] METRIC cache_hit_ratio=0.8525
[2026-08-30T07:52:01] RUN_END status=OK
[2026-08-30T07:54:35] RUN_START run_id=SCALE_O_PythonNDN_1000_148
[2026-08-30T07:54:35] PARAM implementation=PythonNDN
[2026-08-30T07:54:35] METRIC unique_content_objects=1000
[2026-08-30T07:54:35] METRIC cache_hit_ratio=0.9653
[2026-08-30T07:54:35] RUN_END status=OK
[2026-08-30T07:55:55] RUN_START run_id=SCALE_O_PythonNDN_1000_149
[2026-08-30T07:55:55] PARAM implementation=PythonNDN
[2026-08-30T07:55:55] METRIC unique_content_objects=1000
[2026-08-30T07:55:55] METRIC cache_hit_ratio=0.8833
[2026-08-30T07:55:55] RUN_END status=OK
[2026-08-30T08:01:02] RUN_START run_id=SCALE_O_PythonNDN_1000_150
[2026-08-30T08:01:02] PARAM implementation=PythonNDN
[2026-08-30T08:01:02] METRIC unique_content_objects=1000
[2026-08-30T08:01:02] METRIC cache_hit_ratio=0.8864
[2026-08-30T08:01:02] RUN_END status=OK
[2026-08-30T18:10:32] RUN_START run_id=SCALE_O_CCNlite_10000_135
[2026-08-30T18:10:32] PARAM implementation=CCNlite
[2026-08-30T18:10:32] METRIC unique_content_objects=10000
[2026-08-30T18:10:32] METRIC cache_hit_ratio=0.8139
[2026-08-30T18:10:32] RUN_END status=OK
[2026-08-30T18:11:37] RUN_START run_id=SCALE_O_CCNlite_10000_136
[2026-08-30T18:11:37] PARAM implementation=CCNlite
[2026-08-30T18:11:37] METRIC unique_content_objects=10000
[2026-08-30T18:11:37] METRIC cache_hit_ratio=0.8224
[2026-08-30T18:11:37] RUN_END status=OK
[2026-08-30T18:14:07] RUN_START run_id=SCALE_O_CCNlite_10000_137
[2026-08-30T18:14:07] PARAM implementation=CCNlite
[2026-08-30T18:14:07] METRIC unique_content_objects=10000
[2026-08-30T18:14:07] METRIC cache_hit_ratio=0.8176
[2026-08-30T18:14:07] RUN_END status=OK
[2026-08-30T18:16:43] RUN_START run_id=SCALE_O_CCNlite_10000_138
[2026-08-30T18:16:43] PARAM implementation=CCNlite
[2026-08-30T18:16:43] METRIC unique_content_objects=10000
[2026-08-30T18:16:43] METRIC cache_hit_ratio=0.8188
[2026-08-30T18:16:43] RUN_END status=OK
[2026-08-30T18:17:31] RUN_START run_id=SCALE_O_CCNlite_10000_139
[2026-08-30T18:17:31] PARAM implementation=CCNlite
[2026-08-30T18:17:31] METRIC unique_content_objects=10000
[2026-08-30T18:17:31] METRIC cache_hit_ratio=0.7368
[2026-08-30T18:17:31] RUN_END status=OK
[2026-08-30T18:18:22] RUN_START run_id=SCALE_O_CCNlite_10000_140
[2026-08-30T18:18:22] PARAM implementation=CCNlite
[2026-08-30T18:18:22] METRIC unique_content_objects=10000
[2026-08-30T18:18:22] METRIC cache_hit_ratio=0.7627
[2026-08-30T18:18:22] RUN_END status=OK
