[2026-08-13T15:00:06] RUN_START run_id=SCALE_O_CCNlite_1000_035
[2026-08-13T15:00:06] PARAM implementation=CCNlite
[2026-08-13T15:00:06] METRIC unique_content_objects=1000
[2026-08-13T15:00:06] METRIC cache_hit_ratio=0.9427
[2026-08-13T15:00:06] RUN_END status=OK
[2026-08-13T15:00:19] RUN_START run_id=SCALE_O_uDCN_1000000_120
[2026-08-13T15:00:19] PARAM implementation=uDCN
[2026-08-13T15:00:19] METRIC unique_content_objects=1000000
[2026-08-13T15:00:19] METRIC cache_hit_ratio=0.4539
[2026-08-13T15:00:19] RUN_END status=OK
[2026-08-13T15:00:39] RUN_START run_id=SCALE_O_NFD_5000000_026
[2026-08-13T15:00:39] PARAM implementation=NFD
[2026-08-13T15:00:39] METRIC unique_content_objects=5000000
[2026-08-13T15:00:39] METRIC cache_hit_ratio=0.1026
[2026-08-13T15:00:39] RUN_END status=OK
[2026-08-13T15:00:52] RUN_START run_id=SCALE_O_uDCN_1000000_121
[2026-08-13T15:00:52] PARAM implementation=uDCN
[2026-08-13T15:00:52] METRIC unique_content_objects=1000000
[2026-08-13T15:00:52] METRIC cache_hit_ratio=0.4408
[2026-08-13T15:00:52] RUN_END status=OK
[2026-08-13T15:01:09] RUN_START run_id=SCALE_O_PythonNDN_10000_002
[2026-08-13T15:01:09] PARAM implementation=PythonNDN
[2026-08-13T15:01:09] METRIC unique_content_objects=10000
[2026-08-13T15:01:09] METRIC cache_hit_ratio=0.7362
[2026-08-13T15:01:09] RUN_END status=OK
[2026-08-13T15:02:05] RUN_START run_id=SCALE_O_CCNlite_1000_036
[2026-08-13T15:02:05] PARAM implementation=CCNlite
[2026-08-13T15:02:05] METRIC unique_content_objects=1000
[2026-08-13T15:02:05] METRIC cache_hit_ratio=0.9336
[2026-08-13T15:02:05] RUN_END status=OK
[2026-08-13T15:02:19] RUN_START run_id=SCALE_O_NFD_5000000_027
[2026-08-13T15:02:19] PARAM implementation=NFD
[2026-08-13T15:02:19] METRIC unique_content_objects=5000000
[2026-08-13T15:02:19] METRIC cache_hit_ratio=0.1046
[2026-08-13T15:02:19] RUN_END status=OK
[2026-08-13T15:02:30] RUN_START run_id=SCALE_O_PythonNDN_10000_003
[2026-08-13T15:02:30] PARAM implementation=PythonNDN
[2026-08-13T15:02:30] METRIC unique_content_objects=10000
[2026-08-13T15:02:30] METRIC cache_hit_ratio=0.777
[2026-08-13T15:02:30] RUN_END status=OK
[2026-08-13T15:03:40] RUN_START run_id=SCALE_O_NFD_5000000_028
[2026-08-13T15:03:40] PARAM implementation=NFD
[2026-08-13T15:03:40] METRIC unique_content_objects=5000000
[2026-08-13T15:03:40] METRIC cache_hit_ratio=0.0946
[2026-08-13T15:03:40] RUN_END status=OK
[2026-08-13T15:03:59] RUN_START run_id=SCALE_O_PythonNDN_10000_004
[2026-08-13T15:03:59] PARAM implementation=PythonNDN
[2026-08-13T15:03:59] METRIC unique_content_objects=10000
[2026-08-13T15:03:59] METRIC cache_hit_ratio=0.6821
[2026-08-13T15:03:59] RUN_END status=OK
[2026-08-13T15:04:37] RUN_START run_id=SCALE_O_CCNlite_1000_037
[2026-08-13T15:04:37] PARAM implementation=CCNlite
[2026-08-13T15:04:37] METRIC unique_content_objects=1000
[2026-08-13T15:04:37] METRIC cache_hit_ratio=0.9692
[2026-08-13T15:04:37] RUN_END status=OK
