[2026-08-25T12:09:03] RUN_START run_id=SCALE_O_PythonNDN_100000_113
[2026-08-25T12:09:03] PARAM implementation=PythonNDN
[2026-08-25T12:09:03] METRIC unique_content_objects=100000
[2026-08-25T12:09:03] METRIC cache_hit_ratio=0.53
[2026-08-25T12:09:03] RUN_END status=OK
[2026-08-25T12:10:53] RUN_START run_id=SCALE_O_PythonNDN_100000_114
[2026-08-25T12:10:53] PARAM implementation=PythonNDN
[2026-08-25T12:10:53] METRIC unique_content_objects=100000
[2026-08-25T12:10:53] METRIC cache_hit_ratio=0.4525
[2026-08-25T12:10:53] RUN_END status=OK
[2026-08-25T12:13:01] RUN_START run_id=SCALE_O_PythonNDN_100000_115
[2026-08-25T12:13:01] PARAM implementation=PythonNDN
[2026-08-25T12:13:01] METRIC unique_content_objects=100000
[2026-08-25T12:13:01] METRIC cache_hit_ratio=0.4876
[2026-08-25T12:13:01] RUN_END status=OK
[2026-08-25T12:13:26] RUN_START run_id=SCALE_O_CCNlite_10000_004
[2026-08-25T12:13:26] PARAM implementation=CCNlite
[2026-08-25T12:13:26] METRIC unique_content_objects=10000
[2026-08-25T12:13:26] METRIC cache_hit_ratio=0.8718
[2026-08-25T12:13:26] RUN_END status=OK
[2026-08-25T12:17:10] RUN_START run_id=SCALE_O_PythonNDN_100000_116
[2026-08-25T12:17:10] PARAM implementation=PythonNDN
[2026-08-25T12:17:10] METRIC unique_content_objects=100000
[2026-08-25T12:17:10] METRIC cache_hit_ratio=0.516
[2026-08-25T12:17:10] RUN_END status=OK
[2026-08-25T12:17:14] RUN_START run_id=SCALE_O_CCNlite_10000_005
[2026-08-25T12:17:14] PARAM implementation=CCNlite
[2026-08-25T12:17:14] METRIC unique_content_objects=10000
[2026-08-25T12:17:14] METRIC cache_hit_ratio=0.7967
[2026-08-25T12:17:14] RUN_END status=OK
[2026-08-25T12:18:10] RUN_START run_id=SCALE_O_CCNlite_10000_006
[2026-08-25T12:18:10] PARAM implementation=CCNlite
[2026-08-25T12:18:10] METRIC unique_content_objects=10000
[2026-08-25T12:18:10] METRIC cache_hit_ratio=0.8241
[2026-08-25T12:18:10] RUN_END status=OK
[2026-08-25T12:19:18] RUN_START run_id=SCALE_O_PythonNDN_100000_117
[2026-08-25T12:19:18] PARAM implementation=PythonNDN
[2026-08-25T12:19:18] METRIC unique_content_objects=100000
[2026-08-25T12:19:18] METRIC cache_hit_ratio=0.5281
[2026-08-25T12:19:18] RUN_END status=OK
[2026-08-25T12:21:38] RUN_START run_id=SCALE_O_PythonNDN_100000_118
[2026-08-25T12:21:38] PARAM implementation=PythonNDN
[2026-08-25T12:21:38] METRIC unique_content_objects=100000
[2026-08-25T12:21:38] METRIC cache_hit_ratio=0.4696
[2026-08-25T12:21:38] RUN_END status=OK
[2026-08-25T12:22:53] RUN_START run_id=SCALE_O_CCNlite_10000_007
[2026-08-25T12:22:53] PARAM implementation=CCNlite
[2026-08-25T12:22:53] METRIC unique_content_objects=10000
[2026-08-25T12:22:53] METRIC cache_hit_ratio=0.8148
[2026-08-25T12:22:53] RUN_END status=OK
[2026-08-25T12:25:08] RUN_START run_id=SCALE_O_PythonNDN_100000_119
[2026-08-25T12:25:08] PARAM implementation=PythonNDN
[2026-08-25T12:25:08] METRIC unique_content_objects=100000
[2026-08-25T12:25:08] METRIC cache_hit_ratio=0.5371
[2026-08-25T12:25:08] RUN_END status=OK
[2026-08-25T12:27:17] RUN_START run_id=SCALE_O_PythonNDN_100000_120
[2026-08-25T12:27:17] PARAM implementation=PythonNDN
[2026-08-25T12:27:17] METRIC unique_content_objects=100000
[2026-08-25T12:27:17] METRIC cache_hit_ratio=0.4935
[2026-08-25T12:27:17] RUN_END status=OK
[2026-08-25T12:27:46] RUN_START run_id=SCALE_O_CCNlite_10000_008
[2026-08-25T12:27:46] PARAM implementation=CCNlite
[2026-08-25T12:27:46] METRIC unique_content_objects=10000
[2026-08-25T12:27:46] METRIC cache_hit_ratio=0.8391
[2026-08-25T12:27:46] RUN_END status=OK
[2026-08-25T12:29:38] RUN_START run_id=SCALE_O_CCNlite_10000_009
[2026-08-25T12:29:38] PARAM implementation=CCNlite
[2026-08-25T12:29:38] METRIC unique_content_objects=10000
[2026-08-25T12:29:38] METRIC cache_hit_ratio=0.788
[2026-08-25T12:29:38] RUN_END status=OK
[2026-08-25T12:30:11] RUN_START run_id=SCALE_O_PythonNDN_100000_121
[2026-08-25T12:30:11] PARAM implementation=PythonNDN
[2026-08-25T12:30:11] METRIC unique_content_objects=100000
[2026-08-25T12:30:11] METRIC cache_hit_ratio=0.4881
[2026-08-25T12:30:11] RUN_END status=OK
[2026-08-25T12:32:15] RUN_START run_id=SCALE_O_CCNlite_10000_010
[2026-08-25T12:32:15] PARAM implementation=CCNlite
[2026-08-25T12:32:15] METRIC unique_content_objects=10000
[2026-08-25T12:32:15] METRIC cache_hit_ratio=0.8099
[2026-08-25T12:32:15] RUN_END status=OK
[2026-08-25T12:33:47] RUN_START run_id=SCALE_O_PythonNDN_100000_122
[2026-08-25T12:33:47] PARAM implementation=PythonNDN
[2026-08-25T12:33:47] METRIC unique_content_objects=100000
[2026-08-25T12:33:47] METRIC cache_hit_ratio=0.4814
[2026-08-25T12:33:47] RUN_END status=OK
[2026-08-25T12:34:59] RUN_START run_id=SCALE_O_PythonNDN_100000_123
[2026-08-25T12:34:59] PARAM implementation=PythonNDN
[2026-08-25T12:34:59] METRIC unique_content_objects=100000
[2026-08-25T12:34:59] METRIC cache_hit_ratio=0.5039
[2026-08-25T12:34:59] RUN_END status=OK
