[2026-08-17T07:32:24] RUN_START run_id=SCALE_O_NFD_1000000_013
[2026-08-17T07:32:24] PARAM implementation=NFD
[2026-08-17T07:32:24] METRIC unique_content_objects=1000000
[2026-08-17T07:32:24] METRIC cache_hit_ratio=0.2579
[2026-08-17T07:32:24] RUN_END status=OK
[2026-08-17T07:33:11] RUN_START run_id=SCALE_O_CCNlite_100000_074
[2026-08-17T07:33:11] PARAM implementation=CCNlite
[2026-08-17T07:33:11] METRIC unique_content_objects=100000
[2026-08-17T07:33:11] METRIC cache_hit_ratio=0.6135
[2026-08-17T07:33:11] RUN_END status=OK
[2026-08-17T07:33:39] RUN_START run_id=SCALE_O_NFD_1000000_014
[2026-08-17T07:33:39] PARAM implementation=NFD
[2026-08-17T07:33:39] METRIC unique_content_objects=1000000
[2026-08-17T07:33:39] METRIC cache_hit_ratio=0.2495
[2026-08-17T07:33:39] RUN_END status=OK
[2026-08-17T07:34:18] RUN_START run_id=SCALE_O_CCNlite_100000_075
[2026-08-17T07:34:18] PARAM implementation=CCNlite
[2026-08-17T07:34:18] METRIC unique_content_objects=100000
[2026-08-17T07:34:18] METRIC cache_hit_ratio=0.6174
[2026-08-17T07:34:18] RUN_END status=OK
[2026-08-17T07:35:09] RUN_START run_id=SCALE_O_CCNlite_100000_076
[2026-08-17T07:35:09] PARAM implementation=CCNlite
[2026-08-17T07:35:09] METRIC unique_content_objects=100000
[2026-08-17T07:35:09] METRIC cache_hit_ratio=0.5939
[2026-08-17T07:35:09] RUN_END status=OK
[2026-08-17T07:35:29] RUN_START run_id=SCALE_O_NFD_1000000_015
[2026-08-17T07:35:29] PARAM implementation=NFD
[2026-08-17T07:35:29] METRIC unique_content_objects=1000000
[2026-08-17T07:35:29] METRIC cache_hit_ratio=0.2485
[2026-08-17T07:35:29] RUN_END status=OK
[2026-08-17T07:36:25] RUN_START run_id=SCALE_O_NFD_1000000_016
[2026-08-17T07:36:25] PARAM implementation=NFD
[2026-08-17T07:36:25] METRIC unique_content_objects=1000000
[2026-08-17T07:36:25] METRIC cache_hit_ratio=0.241
[2026-08-17T07:36:25] RUN_END status=OK
[2026-08-17T07:37:49] RUN_START run_id=SCALE_O_NFD_1000000_017
[2026-08-17T07:37:49] PARAM implementation=NFD
[2026-08-17T07:37:49] METRIC unique_content_objects=1000000
[2026-08-17T07:37:49] METRIC cache_hit_ratio=0.2512
[2026-08-17T07:37:49] RUN_END status=OK
[2026-08-17T07:38:35] RUN_START run_id=SCALE_O_CCNlite_100000_077
[2026-08-17T07:38:35] PARAM implementation=CCNlite
[2026-08-17T07:38:35] METRIC unique_content_objects=100000
[2026-08-17T07:38:35] METRIC cache_hit_ratio=0.6105
[2026-08-17T07:38:35] RUN_END status=OK
[2026-08-17T07:39:53] RUN_START run_id=SCALE_O_NFD_1000000_018
[2026-08-17T07:39:53] PARAM implementation=NFD
[2026-08-17T07:39:53] METRIC unique_content_objects=1000000
[2026-08-17T07:39:53] METRIC cache_hit_ratio=0.2301
[2026-08-17T07:39:53] RUN_END status=OK
[2026-08-17T07:42:09] RUN_START run_id=SCALE_O_NFD_1000000_019
[2026-08-17T07:42:09] PARAM implementation=NFD
[2026-08-17T07:42:09] METRIC unique_content_objects=1000000
[2026-08-17T07:42:09] METRIC cache_hit_ratio=0.2374
[2026-08-17T07:42:09] RUN_END status=OK
[2026-08-17T07:43:49] RUN_START run_id=SCALE_O_CCNlite_100000_078
[2026-08-17T07:43:49] PARAM implementation=CCNlite
[2026-08-17T07:43:49] METRIC unique_content_objects=100000
[2026-08-17T07:43:49] METRIC cache_hit_ratio=0.6569
[2026-08-17T07:43:49] RUN_END status=OK
[2026-08-17T07:45:01] RUN_START run_id=SCALE_O_NFD_1000000_020
[2026-08-17T07:45:01] PARAM implementation=NFD
[2026-08-17T07:45:01] METRIC unique_content_objects=1000000
[2026-08-17T07:45:01] METRIC cache_hit_ratio=0.2381
[2026-08-17T07:45:01] RUN_END status=OK
[2026-08-17T07:45:48] RUN_START run_id=SCALE_O_CCNlite_100000_079
[2026-08-17T07:45:48] PARAM implementation=CCNlite
[2026-08-17T07:45:48] METRIC unique_content_objects=100000
[2026-08-17T07:45:48] METRIC cache_hit_ratio=0.6715
[2026-08-17T07:45:48] RUN_END status=OK
[2026-08-17T07:47:01] RUN_START run_id=SCALE_O_CCNlite_100000_080
[2026-08-17T07:47:01] PARAM implementation=CCNlite
[2026-08-17T07:47:01] METRIC unique_content_objects=100000
[2026-08-17T07:47:01] METRIC cache_hit_ratio=0.606
[2026-08-17T07:47:01] RUN_END status=OK
[2026-08-17T07:47:15] RUN_START run_id=SCALE_O_NFD_1000000_021
[2026-08-17T07:47:15] PARAM implementation=NFD
[2026-08-17T07:47:15] METRIC unique_content_objects=1000000
[2026-08-17T07:47:15] METRIC cache_hit_ratio=0.2372
[2026-08-17T07:47:15] RUN_END status=OK
[2026-08-17T07:48:50] RUN_START run_id=SCALE_O_NFD_1000000_022
[2026-08-17T07:48:50] PARAM implementation=NFD
[2026-08-17T07:48:50] METRIC unique_content_objects=1000000
[2026-08-17T07:48:50] METRIC cache_hit_ratio=0.2533
[2026-08-17T07:48:50] RUN_END status=OK
