[2026-08-15T15:00:52] RUN_START run_id=SCALE_O_uDCN_1000000_146
[2026-08-15T15:00:52] PARAM implementation=uDCN
[2026-08-15T15:00:52] METRIC unique_content_objects=1000000
[2026-08-15T15:00:52] METRIC cache_hit_ratio=0.4318
[2026-08-15T15:00:52] RUN_END status=OK
[2026-08-15T15:01:33] RUN_START run_id=SCALE_O_uDCN_1000000_147
[2026-08-15T15:01:33] PARAM implementation=uDCN
[2026-08-15T15:01:33] METRIC unique_content_objects=1000000
[2026-08-15T15:01:33] METRIC cache_hit_ratio=0.4606
[2026-08-15T15:01:33] RUN_END status=OK
[2026-08-15T15:03:30] RUN_START run_id=SCALE_O_uDCN_1000000_148
[2026-08-15T15:03:30] PARAM implementation=uDCN
[2026-08-15T15:03:30] METRIC unique_content_objects=1000000
[2026-08-15T15:03:30] METRIC cache_hit_ratio=0.4492
[2026-08-15T15:03:30] RUN_END status=OK
[2026-08-15T15:04:25] RUN_START run_id=SCALE_O_uDCN_1000000_149
[2026-08-15T15:04:25] PARAM implementation=uDCN
[2026-08-15T15:04:25] METRIC unique_content_objects=1000000
[2026-08-15T15:04:25] METRIC cache_hit_ratio=0.4352
[2026-08-15T15:04:25] RUN_END status=OK
[2026-08-15T15:07:32] RUN_START run_id=SCALE_O_uDCN_1000000_150
[2026-08-15T15:07:32] PARAM implementation=uDCN
[2026-08-15T15:07:32] METRIC unique_content_objects=1000000
[2026-08-15T15:07:32] METRIC cache_hit_ratio=0.4505
[2026-08-15T15:07:32] RUN_END status=OK
[2026-08-15T17:00:00] RUN_START run_id=SCALE_O_uDCN_100000_001
[2026-08-15T17:00:00] PARAM implementation=uDCN
[2026-08-15T17:00:00] METRIC unique_content_objects=100000
[2026-08-15T17:00:00] METRIC cache_hit_ratio=0.8494
[2026-08-15T17:00:00] RUN_END status=OK
[2026-08-15T17:04:41] RUN_START run_id=SCALE_O_uDCN_100000_002
[2026-08-15T17:04:41] PARAM implementation=uDCN
[2026-08-15T17:04:41] METRIC unique_content_objects=100000
[2026-08-15T17:04:41] METRIC cache_hit_ratio=0.8294
[2026-08-15T17:04:41] RUN_END status=OK
[2026-08-15T17:06:12] RUN_START run_id=SCALE_O_uDCN_100000_003
[2026-08-15T17:06:12] PARAM implementation=uDCN
[2026-08-15T17:06:12] METRIC unique_content_objects=100000
[2026-08-15T17:06:12] METRIC cache_hit_ratio=0.7736
[2026-08-15T17:06:12] RUN_END status=OK
[2026-08-15T17:07:19] RUN_START run_id=08_scalability_content_DISCARDED_0061
[2026-08-15T17:07:19] RUN_ABORTED reason=cache_warmup_incomplete: content-store did not reach steady-state hit ratio within the 30s warm-up window, run discarded
[2026-08-15T17:07:38] RUN_START run_id=SCALE_O_uDCN_100000_004
[2026-08-15T17:07:38] PARAM implementation=uDCN
[2026-08-15T17:07:38] METRIC unique_content_objects=100000
[2026-08-15T17:07:38] METRIC cache_hit_ratio=0.8028
[2026-08-15T17:07:38] RUN_END status=OK
[2026-08-15T17:09:06] RUN_START run_id=SCALE_O_uDCN_100000_005
[2026-08-15T17:09:06] PARAM implementation=uDCN
[2026-08-15T17:09:06] METRIC unique_content_objects=100000
[2026-08-15T17:09:06] METRIC cache_hit_ratio=0.8121
[2026-08-15T17:09:06] RUN_END status=OK
[2026-08-15T17:13:23] RUN_START run_id=SCALE_O_uDCN_100000_006
[2026-08-15T17:13:23] PARAM implementation=uDCN
[2026-08-15T17:13:23] METRIC unique_content_objects=100000
[2026-08-15T17:13:23] METRIC cache_hit_ratio=0.8149
[2026-08-15T17:13:23] RUN_END status=OK
[2026-08-15T17:16:11] RUN_START run_id=SCALE_O_uDCN_100000_007
[2026-08-15T17:16:11] PARAM implementation=uDCN
[2026-08-15T17:16:11] METRIC unique_content_objects=100000
[2026-08-15T17:16:11] METRIC cache_hit_ratio=0.8359
[2026-08-15T17:16:11] RUN_END status=OK
[2026-08-15T17:18:08] RUN_START run_id=SCALE_O_uDCN_100000_008
[2026-08-15T17:18:08] PARAM implementation=uDCN
[2026-08-15T17:18:08] METRIC unique_content_objects=100000
[2026-08-15T17:18:08] METRIC cache_hit_ratio=0.8318
[2026-08-15T17:18:08] RUN_END status=OK
[2026-08-15T17:19:35] RUN_START run_id=SCALE_O_uDCN_100000_009
[2026-08-15T17:19:35] PARAM implementation=uDCN
[2026-08-15T17:19:35] METRIC unique_content_objects=100000
[2026-08-15T17:19:35] METRIC cache_hit_ratio=0.8762
[2026-08-15T17:19:35] RUN_END status=OK
[2026-08-15T17:21:43] RUN_START run_id=SCALE_O_uDCN_100000_010
[2026-08-15T17:21:43] PARAM implementation=uDCN
[2026-08-15T17:21:43] METRIC unique_content_objects=100000
[2026-08-15T17:21:43] METRIC cache_hit_ratio=0.7838
[2026-08-15T17:21:43] RUN_END status=OK
[2026-08-15T17:27:14] RUN_START run_id=SCALE_O_uDCN_100000_011
[2026-08-15T17:27:14] PARAM implementation=uDCN
[2026-08-15T17:27:14] METRIC unique_content_objects=100000
[2026-08-15T17:27:14] METRIC cache_hit_ratio=0.836
[2026-08-15T17:27:14] RUN_END status=OK
[2026-08-15T17:30:40] RUN_START run_id=SCALE_O_uDCN_100000_012
[2026-08-15T17:30:40] PARAM implementation=uDCN
[2026-08-15T17:30:40] METRIC unique_content_objects=100000
[2026-08-15T17:30:40] METRIC cache_hit_ratio=0.8433
[2026-08-15T17:30:40] RUN_END status=OK
[2026-08-15T17:31:41] RUN_START run_id=SCALE_O_uDCN_100000_013
[2026-08-15T17:31:41] PARAM implementation=uDCN
[2026-08-15T17:31:41] METRIC unique_content_objects=100000
[2026-08-15T17:31:41] METRIC cache_hit_ratio=0.8936
[2026-08-15T17:31:41] RUN_END status=OK
