[2026-08-13T15:04:59] RUN_START run_id=SCALE_O_uDCN_1000000_122
[2026-08-13T15:04:59] PARAM implementation=uDCN
[2026-08-13T15:04:59] METRIC unique_content_objects=1000000
[2026-08-13T15:04:59] METRIC cache_hit_ratio=0.4362
[2026-08-13T15:04:59] RUN_END status=OK
[2026-08-13T15:05:43] RUN_START run_id=SCALE_O_CCNlite_1000_038
[2026-08-13T15:05:43] PARAM implementation=CCNlite
[2026-08-13T15:05:43] METRIC unique_content_objects=1000
[2026-08-13T15:05:43] METRIC cache_hit_ratio=0.9396
[2026-08-13T15:05:43] RUN_END status=OK
[2026-08-13T15:07:12] RUN_START run_id=SCALE_O_PythonNDN_10000_005
[2026-08-13T15:07:12] PARAM implementation=PythonNDN
[2026-08-13T15:07:12] METRIC unique_content_objects=10000
[2026-08-13T15:07:12] METRIC cache_hit_ratio=0.6908
[2026-08-13T15:07:12] RUN_END status=OK
[2026-08-13T15:07:22] RUN_START run_id=SCALE_O_CCNlite_1000_039
[2026-08-13T15:07:22] PARAM implementation=CCNlite
[2026-08-13T15:07:22] METRIC unique_content_objects=1000
[2026-08-13T15:07:22] METRIC cache_hit_ratio=0.8811
[2026-08-13T15:07:22] RUN_END status=OK
[2026-08-13T15:08:04] RUN_START run_id=SCALE_O_CCNlite_1000_040
[2026-08-13T15:08:04] PARAM implementation=CCNlite
[2026-08-13T15:08:04] METRIC unique_content_objects=1000
[2026-08-13T15:08:04] METRIC cache_hit_ratio=0.8601
[2026-08-13T15:08:04] RUN_END status=OK
[2026-08-13T15:08:18] RUN_START run_id=SCALE_O_PythonNDN_10000_006
[2026-08-13T15:08:18] PARAM implementation=PythonNDN
[2026-08-13T15:08:18] METRIC unique_content_objects=10000
[2026-08-13T15:08:18] METRIC cache_hit_ratio=0.7455
[2026-08-13T15:08:18] RUN_END status=OK
[2026-08-13T15:13:15] RUN_START run_id=SCALE_O_PythonNDN_10000_007
[2026-08-13T15:13:15] PARAM implementation=PythonNDN
[2026-08-13T15:13:15] METRIC unique_content_objects=10000
[2026-08-13T15:13:15] METRIC cache_hit_ratio=0.7649
[2026-08-13T15:13:15] RUN_END status=OK
[2026-08-13T15:14:43] RUN_START run_id=SCALE_O_CCNlite_1000_041
[2026-08-13T15:14:43] PARAM implementation=CCNlite
[2026-08-13T15:14:43] METRIC unique_content_objects=1000
[2026-08-13T15:14:43] METRIC cache_hit_ratio=0.9395
[2026-08-13T15:14:43] RUN_END status=OK
[2026-08-13T15:14:52] RUN_START run_id=SCALE_O_PythonNDN_10000_008
[2026-08-13T15:14:52] PARAM implementation=PythonNDN
[2026-08-13T15:14:52] METRIC unique_content_objects=10000
[2026-08-13T15:14:52] METRIC cache_hit_ratio=0.7942
[2026-08-13T15:14:52] RUN_END status=OK
[2026-08-13T15:15:53] RUN_START run_id=SCALE_O_CCNlite_1000_042
[2026-08-13T15:15:53] PARAM implementation=CCNlite
[2026-08-13T15:15:53] METRIC unique_content_objects=1000
[2026-08-13T15:15:53] METRIC cache_hit_ratio=0.9257
[2026-08-13T15:15:53] RUN_END status=OK
[2026-08-13T15:16:51] RUN_START run_id=SCALE_O_PythonNDN_10000_009
[2026-08-13T15:16:51] PARAM implementation=PythonNDN
[2026-08-13T15:16:51] METRIC unique_content_objects=10000
[2026-08-13T15:16:51] METRIC cache_hit_ratio=0.7457
[2026-08-13T15:16:51] RUN_END status=OK
[2026-08-13T15:17:29] RUN_START run_id=SCALE_O_CCNlite_1000_043
[2026-08-13T15:17:29] PARAM implementation=CCNlite
[2026-08-13T15:17:29] METRIC unique_content_objects=1000
[2026-08-13T15:17:29] METRIC cache_hit_ratio=0.8813
[2026-08-13T15:17:29] RUN_END status=OK
[2026-08-13T15:19:23] RUN_START run_id=SCALE_O_PythonNDN_10000_010
[2026-08-13T15:19:23] PARAM implementation=PythonNDN
[2026-08-13T15:19:23] METRIC unique_content_objects=10000
[2026-08-13T15:19:23] METRIC cache_hit_ratio=0.7522
[2026-08-13T15:19:23] RUN_END status=OK
[2026-08-13T15:19:39] RUN_START run_id=SCALE_O_CCNlite_1000_044
[2026-08-13T15:19:39] PARAM implementation=CCNlite
[2026-08-13T15:19:39] METRIC unique_content_objects=1000
[2026-08-13T15:19:39] METRIC cache_hit_ratio=0.9093
[2026-08-13T15:19:39] RUN_END status=OK
[2026-08-13T15:20:50] RUN_START run_id=SCALE_O_CCNlite_1000_045
[2026-08-13T15:20:50] PARAM implementation=CCNlite
[2026-08-13T15:20:50] METRIC unique_content_objects=1000
[2026-08-13T15:20:50] METRIC cache_hit_ratio=0.8951
[2026-08-13T15:20:50] RUN_END status=OK
[2026-08-13T15:21:00] RUN_START run_id=SCALE_O_PythonNDN_10000_011
[2026-08-13T15:21:00] PARAM implementation=PythonNDN
[2026-08-13T15:21:00] METRIC unique_content_objects=10000
[2026-08-13T15:21:00] METRIC cache_hit_ratio=0.7388
[2026-08-13T15:21:00] RUN_END status=OK
[2026-08-13T15:23:28] RUN_START run_id=SCALE_O_CCNlite_1000_046
[2026-08-13T15:23:28] PARAM implementation=CCNlite
[2026-08-13T15:23:28] METRIC unique_content_objects=1000
[2026-08-13T15:23:28] METRIC cache_hit_ratio=0.9068
[2026-08-13T15:23:28] RUN_END status=OK
[2026-08-13T15:23:57] RUN_START run_id=SCALE_O_PythonNDN_10000_012
[2026-08-13T15:23:57] PARAM implementation=PythonNDN
[2026-08-13T15:23:57] METRIC unique_content_objects=10000
[2026-08-13T15:23:57] METRIC cache_hit_ratio=0.6899
[2026-08-13T15:23:57] RUN_END status=OK
[2026-08-13T15:26:28] RUN_START run_id=SCALE_O_PythonNDN_10000_013
[2026-08-13T15:26:28] PARAM implementation=PythonNDN
[2026-08-13T15:26:28] METRIC unique_content_objects=10000
[2026-08-13T15:26:28] METRIC cache_hit_ratio=0.6772
[2026-08-13T15:26:28] RUN_END status=OK
[2026-08-13T15:26:44] RUN_START run_id=SCALE_O_CCNlite_1000_047
[2026-08-13T15:26:44] PARAM implementation=CCNlite
[2026-08-13T15:26:44] METRIC unique_content_objects=1000
[2026-08-13T15:26:44] METRIC cache_hit_ratio=0.8311
[2026-08-13T15:26:44] RUN_END status=OK
