[2026-08-19T12:30:43] RUN_START run_id=SCALE_O_CCNlite_5000000_097
[2026-08-19T12:30:43] PARAM implementation=CCNlite
[2026-08-19T12:30:43] METRIC unique_content_objects=5000000
[2026-08-19T12:30:43] METRIC cache_hit_ratio=0.113
[2026-08-19T12:30:43] RUN_END status=OK
[2026-08-19T12:32:52] RUN_START run_id=SCALE_O_CCNlite_5000000_098
[2026-08-19T12:32:52] PARAM implementation=CCNlite
[2026-08-19T12:32:52] METRIC unique_content_objects=5000000
[2026-08-19T12:32:52] METRIC cache_hit_ratio=0.1114
[2026-08-19T12:32:52] RUN_END status=OK
[2026-08-19T12:35:05] RUN_START run_id=SCALE_O_CCNlite_5000000_099
[2026-08-19T12:35:05] PARAM implementation=CCNlite
[2026-08-19T12:35:05] METRIC unique_content_objects=5000000
[2026-08-19T12:35:05] METRIC cache_hit_ratio=0.1087
[2026-08-19T12:35:05] RUN_END status=OK
[2026-08-19T12:37:02] RUN_START run_id=SCALE_O_CCNlite_5000000_100
[2026-08-19T12:37:02] PARAM implementation=CCNlite
[2026-08-19T12:37:02] METRIC unique_content_objects=5000000
[2026-08-19T12:37:02] METRIC cache_hit_ratio=0.1102
[2026-08-19T12:37:02] RUN_END status=OK
[2026-08-19T12:38:51] RUN_START run_id=SCALE_O_CCNlite_5000000_101
[2026-08-19T12:38:51] PARAM implementation=CCNlite
[2026-08-19T12:38:51] METRIC unique_content_objects=5000000
[2026-08-19T12:38:51] METRIC cache_hit_ratio=0.1031
[2026-08-19T12:38:51] RUN_END status=OK
[2026-08-19T12:40:10] RUN_START run_id=SCALE_O_CCNlite_5000000_102
[2026-08-19T12:40:10] PARAM implementation=CCNlite
[2026-08-19T12:40:10] METRIC unique_content_objects=5000000
[2026-08-19T12:40:10] METRIC cache_hit_ratio=0.1143
[2026-08-19T12:40:10] RUN_END status=OK
[2026-08-19T12:42:44] RUN_START run_id=SCALE_O_CCNlite_5000000_103
[2026-08-19T12:42:44] PARAM implementation=CCNlite
[2026-08-19T12:42:44] METRIC unique_content_objects=5000000
[2026-08-19T12:42:44] METRIC cache_hit_ratio=0.1119
[2026-08-19T12:42:44] RUN_END status=OK
[2026-08-19T12:44:26] RUN_START run_id=SCALE_O_CCNlite_5000000_104
[2026-08-19T12:44:26] PARAM implementation=CCNlite
[2026-08-19T12:44:26] METRIC unique_content_objects=5000000
[2026-08-19T12:44:26] METRIC cache_hit_ratio=0.1052
[2026-08-19T12:44:26] RUN_END status=OK
[2026-08-19T12:49:51] RUN_START run_id=SCALE_O_CCNlite_5000000_105
[2026-08-19T12:49:51] PARAM implementation=CCNlite
[2026-08-19T12:49:51] METRIC unique_content_objects=5000000
[2026-08-19T12:49:51] METRIC cache_hit_ratio=0.1134
[2026-08-19T12:49:51] RUN_END status=OK
[2026-08-19T12:52:59] RUN_START run_id=SCALE_O_CCNlite_5000000_106
[2026-08-19T12:52:59] PARAM implementation=CCNlite
[2026-08-19T12:52:59] METRIC unique_content_objects=5000000
[2026-08-19T12:52:59] METRIC cache_hit_ratio=0.1049
[2026-08-19T12:52:59] RUN_END status=OK
