[2026-08-18T07:38:20] RUN_START run_id=SCALE_O_uDCN_1000_126
[2026-08-18T07:38:20] PARAM implementation=uDCN
[2026-08-18T07:38:20] METRIC unique_content_objects=1000
[2026-08-18T07:38:20] METRIC cache_hit_ratio=0.989
[2026-08-18T07:38:20] RUN_END status=OK
[2026-08-18T07:39:59] RUN_START run_id=SCALE_O_PythonNDN_1000000_083
[2026-08-18T07:39:59] PARAM implementation=PythonNDN
[2026-08-18T07:39:59] METRIC unique_content_objects=1000000
[2026-08-18T07:39:59] METRIC cache_hit_ratio=0.1254
[2026-08-18T07:39:59] RUN_END status=OK
[2026-08-18T07:41:31] RUN_START run_id=SCALE_O_PythonNDN_1000000_084
[2026-08-18T07:41:31] PARAM implementation=PythonNDN
[2026-08-18T07:41:31] METRIC unique_content_objects=1000000
[2026-08-18T07:41:31] METRIC cache_hit_ratio=0.1335
[2026-08-18T07:41:31] RUN_END status=OK
[2026-08-18T07:42:56] RUN_START run_id=SCALE_O_uDCN_1000_127
[2026-08-18T07:42:56] PARAM implementation=uDCN
[2026-08-18T07:42:56] METRIC unique_content_objects=1000
[2026-08-18T07:42:56] METRIC cache_hit_ratio=0.9574
[2026-08-18T07:42:56] RUN_END status=OK
[2026-08-18T07:44:28] RUN_START run_id=SCALE_O_PythonNDN_1000000_085
[2026-08-18T07:44:28] PARAM implementation=PythonNDN
[2026-08-18T07:44:28] METRIC unique_content_objects=1000000
[2026-08-18T07:44:28] METRIC cache_hit_ratio=0.1191
[2026-08-18T07:44:28] RUN_END status=OK
[2026-08-18T07:45:59] RUN_START run_id=SCALE_O_uDCN_1000_128
[2026-08-18T07:45:59] PARAM implementation=uDCN
[2026-08-18T07:45:59] METRIC unique_content_objects=1000
[2026-08-18T07:45:59] METRIC cache_hit_ratio=0.9153
[2026-08-18T07:45:59] RUN_END status=OK
[2026-08-18T07:47:05] RUN_START run_id=SCALE_O_PythonNDN_1000000_086
[2026-08-18T07:47:05] PARAM implementation=PythonNDN
[2026-08-18T07:47:05] METRIC unique_content_objects=1000000
[2026-08-18T07:47:05] METRIC cache_hit_ratio=0.1275
[2026-08-18T07:47:05] RUN_END status=OK
[2026-08-18T07:48:30] RUN_START run_id=SCALE_O_uDCN_1000_129
[2026-08-18T07:48:30] PARAM implementation=uDCN
[2026-08-18T07:48:30] METRIC unique_content_objects=1000
[2026-08-18T07:48:30] METRIC cache_hit_ratio=0.9989
[2026-08-18T07:48:30] RUN_END status=OK
[2026-08-18T07:48:53] RUN_START run_id=SCALE_O_uDCN_1000_130
[2026-08-18T07:48:53] PARAM implementation=uDCN
[2026-08-18T07:48:53] METRIC unique_content_objects=1000
[2026-08-18T07:48:53] METRIC cache_hit_ratio=0.8793
[2026-08-18T07:48:53] RUN_END status=OK
[2026-08-18T07:49:40] RUN_START run_id=SCALE_O_PythonNDN_1000000_087
[2026-08-18T07:49:40] PARAM implementation=PythonNDN
[2026-08-18T07:49:40] METRIC unique_content_objects=1000000
[2026-08-18T07:49:40] METRIC cache_hit_ratio=0.1258
[2026-08-18T07:49:40] RUN_END status=OK
[2026-08-18T07:50:03] RUN_START run_id=SCALE_O_uDCN_1000_131
[2026-08-18T07:50:03] PARAM implementation=uDCN
[2026-08-18T07:50:03] METRIC unique_content_objects=1000
[2026-08-18T07:50:03] METRIC cache_hit_ratio=0.9426
[2026-08-18T07:50:03] RUN_END status=OK
[2026-08-18T07:50:51] RUN_START run_id=SCALE_O_PythonNDN_1000000_088
[2026-08-18T07:50:51] PARAM implementation=PythonNDN
[2026-08-18T07:50:51] METRIC unique_content_objects=1000000
[2026-08-18T07:50:51] METRIC cache_hit_ratio=0.1255
[2026-08-18T07:50:51] RUN_END status=OK
[2026-08-18T07:51:44] RUN_START run_id=SCALE_O_uDCN_1000_132
[2026-08-18T07:51:44] PARAM implementation=uDCN
[2026-08-18T07:51:44] METRIC unique_content_objects=1000
[2026-08-18T07:51:44] METRIC cache_hit_ratio=0.9738
[2026-08-18T07:51:44] RUN_END status=OK
[2026-08-18T07:54:53] RUN_START run_id=SCALE_O_uDCN_1000_133
[2026-08-18T07:54:53] PARAM implementation=uDCN
[2026-08-18T07:54:53] METRIC unique_content_objects=1000
[2026-08-18T07:54:53] METRIC cache_hit_ratio=0.9329
[2026-08-18T07:54:53] RUN_END status=OK
[2026-08-18T07:54:54] RUN_START run_id=SCALE_O_PythonNDN_1000000_089
[2026-08-18T07:54:54] PARAM implementation=PythonNDN
[2026-08-18T07:54:54] METRIC unique_content_objects=1000000
[2026-08-18T07:54:54] METRIC cache_hit_ratio=0.1287
[2026-08-18T07:54:54] RUN_END status=OK
[2026-08-18T07:56:28] RUN_START run_id=SCALE_O_uDCN_1000_134
[2026-08-18T07:56:28] PARAM implementation=uDCN
[2026-08-18T07:56:28] METRIC unique_content_objects=1000
[2026-08-18T07:56:28] METRIC cache_hit_ratio=0.8971
[2026-08-18T07:56:28] RUN_END status=OK
[2026-08-18T07:57:04] RUN_START run_id=SCALE_O_PythonNDN_1000000_090
[2026-08-18T07:57:04] PARAM implementation=PythonNDN
[2026-08-18T07:57:04] METRIC unique_content_objects=1000000
[2026-08-18T07:57:04] METRIC cache_hit_ratio=0.1357
[2026-08-18T07:57:04] RUN_END status=OK
[2026-08-18T07:58:02] RUN_START run_id=SCALE_O_uDCN_1000_135
[2026-08-18T07:58:02] PARAM implementation=uDCN
[2026-08-18T07:58:02] METRIC unique_content_objects=1000
[2026-08-18T07:58:02] METRIC cache_hit_ratio=0.9406
[2026-08-18T07:58:02] RUN_END status=OK
