[2026-08-13T14:54:18] RUN_START run_id=SCALE_O_uDCN_1000000_117
[2026-08-13T14:54:18] PARAM implementation=uDCN
[2026-08-13T14:54:18] METRIC unique_content_objects=1000000
[2026-08-13T14:54:18] METRIC cache_hit_ratio=0.4902
[2026-08-13T14:54:18] RUN_END status=OK
[2026-08-13T14:54:37] RUN_START run_id=SCALE_O_NFD_5000000_022
[2026-08-13T14:54:37] PARAM implementation=NFD
[2026-08-13T14:54:37] METRIC unique_content_objects=5000000
[2026-08-13T14:54:37] METRIC cache_hit_ratio=0.0976
[2026-08-13T14:54:37] RUN_END status=OK
[2026-08-13T14:54:46] RUN_START run_id=SCALE_O_CCNlite_1000_032
[2026-08-13T14:54:46] PARAM implementation=CCNlite
[2026-08-13T14:54:46] METRIC unique_content_objects=1000
[2026-08-13T14:54:46] METRIC cache_hit_ratio=0.9484
[2026-08-13T14:54:46] RUN_END status=OK
[2026-08-13T14:55:57] RUN_START run_id=SCALE_O_uDCN_1000000_118
[2026-08-13T14:55:57] PARAM implementation=uDCN
[2026-08-13T14:55:57] METRIC unique_content_objects=1000000
[2026-08-13T14:55:57] METRIC cache_hit_ratio=0.4818
[2026-08-13T14:55:57] RUN_END status=OK
[2026-08-13T14:56:31] RUN_START run_id=SCALE_O_uDCN_1000000_119
[2026-08-13T14:56:31] PARAM implementation=uDCN
[2026-08-13T14:56:31] METRIC unique_content_objects=1000000
[2026-08-13T14:56:31] METRIC cache_hit_ratio=0.4269
[2026-08-13T14:56:31] RUN_END status=OK
[2026-08-13T14:56:31] RUN_START run_id=SCALE_O_NFD_5000000_023
[2026-08-13T14:56:31] PARAM implementation=NFD
[2026-08-13T14:56:31] METRIC unique_content_objects=5000000
[2026-08-13T14:56:31] METRIC cache_hit_ratio=0.0988
[2026-08-13T14:56:31] RUN_END status=OK
[2026-08-13T14:56:54] RUN_START run_id=SCALE_O_CCNlite_1000_033
[2026-08-13T14:56:54] PARAM implementation=CCNlite
[2026-08-13T14:56:54] METRIC unique_content_objects=1000
[2026-08-13T14:56:54] METRIC cache_hit_ratio=0.9338
[2026-08-13T14:56:54] RUN_END status=OK
[2026-08-13T14:58:36] RUN_START run_id=SCALE_O_NFD_5000000_024
[2026-08-13T14:58:36] PARAM implementation=NFD
[2026-08-13T14:58:36] METRIC unique_content_objects=5000000
[2026-08-13T14:58:36] METRIC cache_hit_ratio=0.1067
[2026-08-13T14:58:36] RUN_END status=OK
[2026-08-13T14:58:48] RUN_START run_id=SCALE_O_CCNlite_1000_034
[2026-08-13T14:58:48] PARAM implementation=CCNlite
[2026-08-13T14:58:48] METRIC unique_content_objects=1000
[2026-08-13T14:58:48] METRIC cache_hit_ratio=0.8762
[2026-08-13T14:58:48] RUN_END status=OK
[2026-08-13T14:59:10] RUN_START run_id=SCALE_O_NFD_5000000_025
[2026-08-13T14:59:10] PARAM implementation=NFD
[2026-08-13T14:59:10] METRIC unique_content_objects=5000000
[2026-08-13T14:59:10] METRIC cache_hit_ratio=0.1065
[2026-08-13T14:59:10] RUN_END status=OK
[2026-08-13T15:00:00] RUN_START run_id=SCALE_O_PythonNDN_10000_001
[2026-08-13T15:00:00] PARAM implementation=PythonNDN
[2026-08-13T15:00:00] METRIC unique_content_objects=10000
[2026-08-13T15:00:00] METRIC cache_hit_ratio=0.749
[2026-08-13T15:00:00] RUN_END status=OK
