[2026-08-14T11:44:13] RUN_START run_id=SCALE_O_CCNlite_100000_029
[2026-08-14T11:44:13] PARAM implementation=CCNlite
[2026-08-14T11:44:13] METRIC unique_content_objects=100000
[2026-08-14T11:44:13] METRIC cache_hit_ratio=0.653
[2026-08-14T11:44:13] RUN_END status=OK
[2026-08-14T11:45:18] RUN_START run_id=SCALE_O_CCNlite_100000_030
[2026-08-14T11:45:18] PARAM implementation=CCNlite
[2026-08-14T11:45:18] METRIC unique_content_objects=100000
[2026-08-14T11:45:18] METRIC cache_hit_ratio=0.6119
[2026-08-14T11:45:18] RUN_END status=OK
[2026-08-14T11:49:59] RUN_START run_id=SCALE_O_CCNlite_100000_031
[2026-08-14T11:49:59] PARAM implementation=CCNlite
[2026-08-14T11:49:59] METRIC unique_content_objects=100000
[2026-08-14T11:49:59] METRIC cache_hit_ratio=0.6393
[2026-08-14T11:49:59] RUN_END status=OK
[2026-08-14T11:52:11] RUN_START run_id=SCALE_O_CCNlite_100000_032
[2026-08-14T11:52:11] PARAM implementation=CCNlite
[2026-08-14T11:52:11] METRIC unique_content_objects=100000
[2026-08-14T11:52:11] METRIC cache_hit_ratio=0.5768
[2026-08-14T11:52:11] RUN_END status=OK
[2026-08-14T11:53:29] RUN_START run_id=SCALE_O_CCNlite_100000_033
[2026-08-14T11:53:29] PARAM implementation=CCNlite
[2026-08-14T11:53:29] METRIC unique_content_objects=100000
[2026-08-14T11:53:29] METRIC cache_hit_ratio=0.6492
[2026-08-14T11:53:29] RUN_END status=OK
[2026-08-14T11:57:05] RUN_START run_id=SCALE_O_CCNlite_100000_034
[2026-08-14T11:57:05] PARAM implementation=CCNlite
[2026-08-14T11:57:05] METRIC unique_content_objects=100000
[2026-08-14T11:57:05] METRIC cache_hit_ratio=0.6336
[2026-08-14T11:57:05] RUN_END status=OK
[2026-08-14T11:59:53] RUN_START run_id=SCALE_O_CCNlite_100000_035
[2026-08-14T11:59:53] PARAM implementation=CCNlite
[2026-08-14T11:59:53] METRIC unique_content_objects=100000
[2026-08-14T11:59:53] METRIC cache_hit_ratio=0.6769
[2026-08-14T11:59:53] RUN_END status=OK
[2026-08-14T12:00:00] RUN_START run_id=SCALE_O_uDCN_10000_001
[2026-08-14T12:00:00] PARAM implementation=uDCN
[2026-08-14T12:00:00] METRIC unique_content_objects=10000
[2026-08-14T12:00:00] METRIC cache_hit_ratio=0.9653
[2026-08-14T12:00:00] RUN_END status=OK
[2026-08-14T12:01:43] RUN_START run_id=SCALE_O_CCNlite_100000_036
[2026-08-14T12:01:43] PARAM implementation=CCNlite
[2026-08-14T12:01:43] METRIC unique_content_objects=100000
[2026-08-14T12:01:43] METRIC cache_hit_ratio=0.6012
[2026-08-14T12:01:43] RUN_END status=OK
[2026-08-14T12:02:24] RUN_START run_id=SCALE_O_uDCN_10000_002
[2026-08-14T12:02:24] PARAM implementation=uDCN
[2026-08-14T12:02:24] METRIC unique_content_objects=10000
[2026-08-14T12:02:24] METRIC cache_hit_ratio=0.9
[2026-08-14T12:02:24] RUN_END status=OK
[2026-08-14T12:04:03] RUN_START run_id=SCALE_O_uDCN_10000_003
[2026-08-14T12:04:03] PARAM implementation=uDCN
[2026-08-14T12:04:03] METRIC unique_content_objects=10000
[2026-08-14T12:04:03] METRIC cache_hit_ratio=0.8817
[2026-08-14T12:04:03] RUN_END status=OK
[2026-08-14T12:05:20] RUN_START run_id=SCALE_O_CCNlite_100000_037
[2026-08-14T12:05:20] PARAM implementation=CCNlite
[2026-08-14T12:05:20] METRIC unique_content_objects=100000
[2026-08-14T12:05:20] METRIC cache_hit_ratio=0.6988
[2026-08-14T12:05:20] RUN_END status=OK
[2026-08-14T12:05:33] RUN_START run_id=SCALE_O_NFD_5000000_029
[2026-08-14T12:05:33] PARAM implementation=NFD
[2026-08-14T12:05:33] METRIC unique_content_objects=5000000
[2026-08-14T12:05:33] METRIC cache_hit_ratio=0.1015
[2026-08-14T12:05:33] RUN_END status=OK
[2026-08-14T12:06:18] RUN_START run_id=SCALE_O_uDCN_10000_004
[2026-08-14T12:06:18] PARAM implementation=uDCN
[2026-08-14T12:06:18] METRIC unique_content_objects=10000
[2026-08-14T12:06:18] METRIC cache_hit_ratio=0.8429
[2026-08-14T12:06:18] RUN_END status=OK
[2026-08-14T12:08:26] RUN_START run_id=SCALE_O_CCNlite_100000_038
[2026-08-14T12:08:26] PARAM implementation=CCNlite
[2026-08-14T12:08:26] METRIC unique_content_objects=100000
[2026-08-14T12:08:26] METRIC cache_hit_ratio=0.6239
[2026-08-14T12:08:26] RUN_END status=OK
[2026-08-14T12:08:36] RUN_START run_id=08_scalability_content_DISCARDED_0038
[2026-08-14T12:08:36] RUN_ABORTED reason=cache_warmup_incomplete: content-store did not reach steady-state hit ratio within the 30s warm-up window, run discarded
[2026-08-14T12:08:44] RUN_START run_id=SCALE_O_NFD_5000000_030
[2026-08-14T12:08:44] PARAM implementation=NFD
[2026-08-14T12:08:44] METRIC unique_content_objects=5000000
[2026-08-14T12:08:44] METRIC cache_hit_ratio=0.1
[2026-08-14T12:08:44] RUN_END status=OK
[2026-08-14T12:09:48] RUN_START run_id=SCALE_O_uDCN_10000_005
[2026-08-14T12:09:48] PARAM implementation=uDCN
[2026-08-14T12:09:48] METRIC unique_content_objects=10000
[2026-08-14T12:09:48] METRIC cache_hit_ratio=0.8538
[2026-08-14T12:09:48] RUN_END status=OK
[2026-08-14T12:10:56] RUN_START run_id=SCALE_O_CCNlite_100000_039
[2026-08-14T12:10:56] PARAM implementation=CCNlite
[2026-08-14T12:10:56] METRIC unique_content_objects=100000
[2026-08-14T12:10:56] METRIC cache_hit_ratio=0.6535
[2026-08-14T12:10:56] RUN_END status=OK
[2026-08-14T12:12:26] RUN_START run_id=SCALE_O_uDCN_10000_006
[2026-08-14T12:12:26] PARAM implementation=uDCN
[2026-08-14T12:12:26] METRIC unique_content_objects=10000
[2026-08-14T12:12:26] METRIC cache_hit_ratio=0.8663
[2026-08-14T12:12:26] RUN_END status=OK
