[2026-08-23T09:23:05] RUN_START run_id=SCALE_O_NFD_10000_121
[2026-08-23T09:23:05] PARAM implementation=NFD
[2026-08-23T09:23:05] METRIC unique_content_objects=10000
[2026-08-23T09:23:05] METRIC cache_hit_ratio=0.8704
[2026-08-23T09:23:05] RUN_END status=OK
[2026-08-23T09:25:08] RUN_START run_id=SCALE_O_NFD_10000_122
[2026-08-23T09:25:08] PARAM implementation=NFD
[2026-08-23T09:25:08] METRIC unique_content_objects=10000
[2026-08-23T09:25:08] METRIC cache_hit_ratio=0.7748
[2026-08-23T09:25:08] RUN_END status=OK
[2026-08-23T09:31:34] RUN_START run_id=SCALE_O_NFD_10000_123
[2026-08-23T09:31:34] PARAM implementation=NFD
[2026-08-23T09:31:34] METRIC unique_content_objects=10000
[2026-08-23T09:31:34] METRIC cache_hit_ratio=0.745
[2026-08-23T09:31:34] RUN_END status=OK
[2026-08-23T09:34:26] RUN_START run_id=SCALE_O_NFD_10000_124
[2026-08-23T09:34:26] PARAM implementation=NFD
[2026-08-23T09:34:26] METRIC unique_content_objects=10000
[2026-08-23T09:34:26] METRIC cache_hit_ratio=0.7781
[2026-08-23T09:34:26] RUN_END status=OK
[2026-08-23T09:34:39] RUN_START run_id=SCALE_O_NFD_10000_125
[2026-08-23T09:34:39] PARAM implementation=NFD
[2026-08-23T09:34:39] METRIC unique_content_objects=10000
[2026-08-23T09:34:39] METRIC cache_hit_ratio=0.7848
[2026-08-23T09:34:39] RUN_END status=OK
[2026-08-23T09:36:27] RUN_START run_id=SCALE_O_NFD_10000_126
[2026-08-23T09:36:27] PARAM implementation=NFD
[2026-08-23T09:36:27] METRIC unique_content_objects=10000
[2026-08-23T09:36:27] METRIC cache_hit_ratio=0.7412
[2026-08-23T09:36:27] RUN_END status=OK
[2026-08-23T09:38:27] RUN_START run_id=SCALE_O_NFD_10000_127
[2026-08-23T09:38:27] PARAM implementation=NFD
[2026-08-23T09:38:27] METRIC unique_content_objects=10000
[2026-08-23T09:38:27] METRIC cache_hit_ratio=0.7632
[2026-08-23T09:38:27] RUN_END status=OK
[2026-08-23T09:43:03] RUN_START run_id=SCALE_O_NFD_10000_128
[2026-08-23T09:43:03] PARAM implementation=NFD
[2026-08-23T09:43:03] METRIC unique_content_objects=10000
[2026-08-23T09:43:03] METRIC cache_hit_ratio=0.7939
[2026-08-23T09:43:03] RUN_END status=OK
[2026-08-23T09:44:54] RUN_START run_id=SCALE_O_NFD_10000_129
[2026-08-23T09:44:54] PARAM implementation=NFD
[2026-08-23T09:44:54] METRIC unique_content_objects=10000
[2026-08-23T09:44:54] METRIC cache_hit_ratio=0.8109
[2026-08-23T09:44:54] RUN_END status=OK
[2026-08-23T09:48:00] RUN_START run_id=SCALE_O_NFD_10000_130
[2026-08-23T09:48:00] PARAM implementation=NFD
[2026-08-23T09:48:00] METRIC unique_content_objects=10000
[2026-08-23T09:48:00] METRIC cache_hit_ratio=0.8384
[2026-08-23T09:48:00] RUN_END status=OK
[2026-08-23T09:49:02] RUN_START run_id=SCALE_O_NFD_10000_131
[2026-08-23T09:49:02] PARAM implementation=NFD
[2026-08-23T09:49:02] METRIC unique_content_objects=10000
[2026-08-23T09:49:02] METRIC cache_hit_ratio=0.906
[2026-08-23T09:49:02] RUN_END status=OK
[2026-08-23T09:49:59] RUN_START run_id=SCALE_O_NFD_10000_132
[2026-08-23T09:49:59] PARAM implementation=NFD
[2026-08-23T09:49:59] METRIC unique_content_objects=10000
[2026-08-23T09:49:59] METRIC cache_hit_ratio=0.8303
[2026-08-23T09:49:59] RUN_END status=OK
[2026-08-23T09:52:00] RUN_START run_id=SCALE_O_NFD_10000_133
[2026-08-23T09:52:00] PARAM implementation=NFD
[2026-08-23T09:52:00] METRIC unique_content_objects=10000
[2026-08-23T09:52:00] METRIC cache_hit_ratio=0.7788
[2026-08-23T09:52:00] RUN_END status=OK
[2026-08-23T09:52:30] RUN_START run_id=SCALE_O_NFD_10000_134
[2026-08-23T09:52:30] PARAM implementation=NFD
[2026-08-23T09:52:30] METRIC unique_content_objects=10000
[2026-08-23T09:52:30] METRIC cache_hit_ratio=0.7878
[2026-08-23T09:52:30] RUN_END status=OK
[2026-08-23T09:54:10] RUN_START run_id=SCALE_O_NFD_10000_135
[2026-08-23T09:54:10] PARAM implementation=NFD
[2026-08-23T09:54:10] METRIC unique_content_objects=10000
[2026-08-23T09:54:10] METRIC cache_hit_ratio=0.8516
[2026-08-23T09:54:10] RUN_END status=OK
[2026-08-23T09:57:28] RUN_START run_id=SCALE_O_NFD_10000_136
[2026-08-23T09:57:28] PARAM implementation=NFD
[2026-08-23T09:57:28] METRIC unique_content_objects=10000
[2026-08-23T09:57:28] METRIC cache_hit_ratio=0.7444
[2026-08-23T09:57:28] RUN_END status=OK
[2026-08-23T10:00:00] RUN_START run_id=SCALE_O_PythonNDN_1000_001
[2026-08-23T10:00:00] PARAM implementation=PythonNDN
[2026-08-23T10:00:00] METRIC unique_content_objects=1000
[2026-08-23T10:00:00] METRIC cache_hit_ratio=0.947
[2026-08-23T10:00:00] RUN_END status=OK
[2026-08-23T10:02:32] RUN_START run_id=SCALE_O_NFD_10000_137
[2026-08-23T10:02:32] PARAM implementation=NFD
[2026-08-23T10:02:32] METRIC unique_content_objects=10000
[2026-08-23T10:02:32] METRIC cache_hit_ratio=0.8536
[2026-08-23T10:02:32] RUN_END status=OK
