[2026-08-23T13:01:35] RUN_START run_id=SCALE_O_NFD_10000_149
[2026-08-23T13:01:35] PARAM implementation=NFD
[2026-08-23T13:01:35] METRIC unique_content_objects=10000
[2026-08-23T13:01:35] METRIC cache_hit_ratio=0.8015
[2026-08-23T13:01:35] RUN_END status=OK
[2026-08-23T13:02:28] RUN_START run_id=SCALE_O_NFD_100000_079
[2026-08-23T13:02:28] PARAM implementation=NFD
[2026-08-23T13:02:28] METRIC unique_content_objects=100000
[2026-08-23T13:02:28] METRIC cache_hit_ratio=0.6663
[2026-08-23T13:02:28] RUN_END status=OK
[2026-08-23T13:02:56] RUN_START run_id=SCALE_O_PythonNDN_5000000_030
[2026-08-23T13:02:56] PARAM implementation=PythonNDN
[2026-08-23T13:02:56] METRIC unique_content_objects=5000000
[2026-08-23T13:02:56] METRIC cache_hit_ratio=0.0487
[2026-08-23T13:02:56] RUN_END status=OK
[2026-08-23T13:03:30] RUN_START run_id=SCALE_O_NFD_10000_150
[2026-08-23T13:03:30] PARAM implementation=NFD
[2026-08-23T13:03:30] METRIC unique_content_objects=10000
[2026-08-23T13:03:30] METRIC cache_hit_ratio=0.798
[2026-08-23T13:03:30] RUN_END status=OK
[2026-08-23T13:04:45] RUN_START run_id=SCALE_O_PythonNDN_5000000_031
[2026-08-23T13:04:45] PARAM implementation=PythonNDN
[2026-08-23T13:04:45] METRIC unique_content_objects=5000000
[2026-08-23T13:04:45] METRIC cache_hit_ratio=0.0487
[2026-08-23T13:04:45] RUN_END status=OK
[2026-08-23T13:05:42] RUN_START run_id=SCALE_O_PythonNDN_5000000_032
[2026-08-23T13:05:42] PARAM implementation=PythonNDN
[2026-08-23T13:05:42] METRIC unique_content_objects=5000000
[2026-08-23T13:05:42] METRIC cache_hit_ratio=0.0481
[2026-08-23T13:05:42] RUN_END status=OK
[2026-08-23T13:07:46] RUN_START run_id=SCALE_O_NFD_100000_080
[2026-08-23T13:07:46] PARAM implementation=NFD
[2026-08-23T13:07:46] METRIC unique_content_objects=100000
[2026-08-23T13:07:46] METRIC cache_hit_ratio=0.6335
[2026-08-23T13:07:46] RUN_END status=OK
[2026-08-23T13:07:48] RUN_START run_id=SCALE_O_PythonNDN_5000000_033
[2026-08-23T13:07:48] PARAM implementation=PythonNDN
[2026-08-23T13:07:48] METRIC unique_content_objects=5000000
[2026-08-23T13:07:48] METRIC cache_hit_ratio=0.0519
[2026-08-23T13:07:48] RUN_END status=OK
[2026-08-23T13:08:06] RUN_START run_id=SCALE_O_PythonNDN_5000000_034
[2026-08-23T13:08:06] PARAM implementation=PythonNDN
[2026-08-23T13:08:06] METRIC unique_content_objects=5000000
[2026-08-23T13:08:06] METRIC cache_hit_ratio=0.0513
[2026-08-23T13:08:06] RUN_END status=OK
[2026-08-23T13:10:36] RUN_START run_id=SCALE_O_NFD_100000_081
[2026-08-23T13:10:36] PARAM implementation=NFD
[2026-08-23T13:10:36] METRIC unique_content_objects=100000
[2026-08-23T13:10:36] METRIC cache_hit_ratio=0.671
[2026-08-23T13:10:36] RUN_END status=OK
[2026-08-23T13:12:49] RUN_START run_id=SCALE_O_NFD_100000_082
[2026-08-23T13:12:49] PARAM implementation=NFD
[2026-08-23T13:12:49] METRIC unique_content_objects=100000
[2026-08-23T13:12:49] METRIC cache_hit_ratio=0.6659
[2026-08-23T13:12:49] RUN_END status=OK
[2026-08-23T13:15:30] RUN_START run_id=SCALE_O_NFD_100000_083
[2026-08-23T13:15:30] PARAM implementation=NFD
[2026-08-23T13:15:30] METRIC unique_content_objects=100000
[2026-08-23T13:15:30] METRIC cache_hit_ratio=0.5848
[2026-08-23T13:15:30] RUN_END status=OK
[2026-08-23T13:18:19] RUN_START run_id=SCALE_O_NFD_100000_084
[2026-08-23T13:18:19] PARAM implementation=NFD
[2026-08-23T13:18:19] METRIC unique_content_objects=100000
[2026-08-23T13:18:19] METRIC cache_hit_ratio=0.6336
[2026-08-23T13:18:19] RUN_END status=OK
[2026-08-23T13:19:00] RUN_START run_id=SCALE_O_NFD_100000_085
[2026-08-23T13:19:00] PARAM implementation=NFD
[2026-08-23T13:19:00] METRIC unique_content_objects=100000
[2026-08-23T13:19:00] METRIC cache_hit_ratio=0.6376
[2026-08-23T13:19:00] RUN_END status=OK
[2026-08-23T13:21:24] RUN_START run_id=SCALE_O_NFD_100000_086
[2026-08-23T13:21:24] PARAM implementation=NFD
[2026-08-23T13:21:24] METRIC unique_content_objects=100000
[2026-08-23T13:21:24] METRIC cache_hit_ratio=0.6526
[2026-08-23T13:21:24] RUN_END status=OK
[2026-08-23T13:24:02] RUN_START run_id=SCALE_O_NFD_100000_087
[2026-08-23T13:24:02] PARAM implementation=NFD
[2026-08-23T13:24:02] METRIC unique_content_objects=100000
[2026-08-23T13:24:02] METRIC cache_hit_ratio=0.6015
[2026-08-23T13:24:02] RUN_END status=OK
[2026-08-23T13:28:52] RUN_START run_id=SCALE_O_NFD_100000_088
[2026-08-23T13:28:52] PARAM implementation=NFD
[2026-08-23T13:28:52] METRIC unique_content_objects=100000
[2026-08-23T13:28:52] METRIC cache_hit_ratio=0.6085
[2026-08-23T13:28:52] RUN_END status=OK
[2026-08-23T13:31:18] RUN_START run_id=SCALE_O_NFD_100000_089
[2026-08-23T13:31:18] PARAM implementation=NFD
[2026-08-23T13:31:18] METRIC unique_content_objects=100000
[2026-08-23T13:31:18] METRIC cache_hit_ratio=0.6328
[2026-08-23T13:31:18] RUN_END status=OK
[2026-08-23T13:31:59] RUN_START run_id=SCALE_O_NFD_100000_090
[2026-08-23T13:31:59] PARAM implementation=NFD
[2026-08-23T13:31:59] METRIC unique_content_objects=100000
[2026-08-23T13:31:59] METRIC cache_hit_ratio=0.6568
[2026-08-23T13:31:59] RUN_END status=OK
[2026-08-23T13:34:12] RUN_START run_id=SCALE_O_NFD_100000_091
[2026-08-23T13:34:12] PARAM implementation=NFD
[2026-08-23T13:34:12] METRIC unique_content_objects=100000
[2026-08-23T13:34:12] METRIC cache_hit_ratio=0.6148
[2026-08-23T13:34:12] RUN_END status=OK
