[2026-08-26T13:31:03] RUN_START run_id=SCALE_O_CCNlite_10000_020
[2026-08-26T13:31:03] PARAM implementation=CCNlite
[2026-08-26T13:31:03] METRIC unique_content_objects=10000
[2026-08-26T13:31:03] METRIC cache_hit_ratio=0.7684
[2026-08-26T13:31:03] RUN_END status=OK
[2026-08-26T13:31:28] RUN_START run_id=SCALE_O_CCNlite_10000_021
[2026-08-26T13:31:28] PARAM implementation=CCNlite
[2026-08-26T13:31:28] METRIC unique_content_objects=10000
[2026-08-26T13:31:28] METRIC cache_hit_ratio=0.7673
[2026-08-26T13:31:28] RUN_END status=OK
[2026-08-26T13:34:40] RUN_START run_id=SCALE_O_CCNlite_10000_022
[2026-08-26T13:34:40] PARAM implementation=CCNlite
[2026-08-26T13:34:40] METRIC unique_content_objects=10000
[2026-08-26T13:34:40] METRIC cache_hit_ratio=0.8287
[2026-08-26T13:34:40] RUN_END status=OK
[2026-08-26T13:35:24] RUN_START run_id=SCALE_O_CCNlite_10000_023
[2026-08-26T13:35:24] PARAM implementation=CCNlite
[2026-08-26T13:35:24] METRIC unique_content_objects=10000
[2026-08-26T13:35:24] METRIC cache_hit_ratio=0.8128
[2026-08-26T13:35:24] RUN_END status=OK
[2026-08-26T13:37:01] RUN_START run_id=SCALE_O_CCNlite_10000_024
[2026-08-26T13:37:01] PARAM implementation=CCNlite
[2026-08-26T13:37:01] METRIC unique_content_objects=10000
[2026-08-26T13:37:01] METRIC cache_hit_ratio=0.7456
[2026-08-26T13:37:01] RUN_END status=OK
[2026-08-26T13:40:56] RUN_START run_id=SCALE_O_CCNlite_10000_025
[2026-08-26T13:40:56] PARAM implementation=CCNlite
[2026-08-26T13:40:56] METRIC unique_content_objects=10000
[2026-08-26T13:40:56] METRIC cache_hit_ratio=0.8135
[2026-08-26T13:40:56] RUN_END status=OK
[2026-08-26T13:43:27] RUN_START run_id=SCALE_O_CCNlite_10000_026
[2026-08-26T13:43:27] PARAM implementation=CCNlite
[2026-08-26T13:43:27] METRIC unique_content_objects=10000
[2026-08-26T13:43:27] METRIC cache_hit_ratio=0.7955
[2026-08-26T13:43:27] RUN_END status=OK
[2026-08-26T13:45:11] RUN_START run_id=SCALE_O_CCNlite_10000_027
[2026-08-26T13:45:11] PARAM implementation=CCNlite
[2026-08-26T13:45:11] METRIC unique_content_objects=10000
[2026-08-26T13:45:11] METRIC cache_hit_ratio=0.8299
[2026-08-26T13:45:11] RUN_END status=OK
[2026-08-26T13:46:16] RUN_START run_id=SCALE_O_CCNlite_10000_028
[2026-08-26T13:46:16] PARAM implementation=CCNlite
[2026-08-26T13:46:16] METRIC unique_content_objects=10000
[2026-08-26T13:46:16] METRIC cache_hit_ratio=0.8254
[2026-08-26T13:46:16] RUN_END status=OK
[2026-08-26T13:48:13] RUN_START run_id=SCALE_O_CCNlite_10000_029
[2026-08-26T13:48:13] PARAM implementation=CCNlite
[2026-08-26T13:48:13] METRIC unique_content_objects=10000
[2026-08-26T13:48:13] METRIC cache_hit_ratio=0.8154
[2026-08-26T13:48:13] RUN_END status=OK
[2026-08-26T13:49:41] RUN_START run_id=SCALE_O_CCNlite_10000_030
[2026-08-26T13:49:41] PARAM implementation=CCNlite
[2026-08-26T13:49:41] METRIC unique_content_objects=10000
[2026-08-26T13:49:41] METRIC cache_hit_ratio=0.8123
[2026-08-26T13:49:41] RUN_END status=OK
[2026-08-26T13:57:44] RUN_START run_id=SCALE_O_CCNlite_10000_031
[2026-08-26T13:57:44] PARAM implementation=CCNlite
[2026-08-26T13:57:44] METRIC unique_content_objects=10000
[2026-08-26T13:57:44] METRIC cache_hit_ratio=0.7852
[2026-08-26T13:57:44] RUN_END status=OK
[2026-08-26T13:59:02] RUN_START run_id=SCALE_O_CCNlite_10000_032
[2026-08-26T13:59:02] PARAM implementation=CCNlite
[2026-08-26T13:59:02] METRIC unique_content_objects=10000
[2026-08-26T13:59:02] METRIC cache_hit_ratio=0.8204
[2026-08-26T13:59:02] RUN_END status=OK
[2026-08-26T14:00:31] RUN_START run_id=SCALE_O_CCNlite_10000_033
[2026-08-26T14:00:31] PARAM implementation=CCNlite
[2026-08-26T14:00:31] METRIC unique_content_objects=10000
[2026-08-26T14:00:31] METRIC cache_hit_ratio=0.7778
[2026-08-26T14:00:31] RUN_END status=OK
[2026-08-26T15:04:51] RUN_START run_id=SCALE_O_PythonNDN_100000_141
[2026-08-26T15:04:51] PARAM implementation=PythonNDN
[2026-08-26T15:04:51] METRIC unique_content_objects=100000
[2026-08-26T15:04:51] METRIC cache_hit_ratio=0.4801
[2026-08-26T15:04:51] RUN_END status=OK
[2026-08-26T15:06:28] RUN_START run_id=SCALE_O_PythonNDN_100000_142
[2026-08-26T15:06:28] PARAM implementation=PythonNDN
[2026-08-26T15:06:28] METRIC unique_content_objects=100000
[2026-08-26T15:06:28] METRIC cache_hit_ratio=0.5162
[2026-08-26T15:06:28] RUN_END status=OK
[2026-08-26T15:08:07] RUN_START run_id=SCALE_O_PythonNDN_100000_143
[2026-08-26T15:08:07] PARAM implementation=PythonNDN
[2026-08-26T15:08:07] METRIC unique_content_objects=100000
[2026-08-26T15:08:07] METRIC cache_hit_ratio=0.4818
[2026-08-26T15:08:07] RUN_END status=OK
[2026-08-26T15:11:53] RUN_START run_id=SCALE_O_PythonNDN_100000_144
[2026-08-26T15:11:53] PARAM implementation=PythonNDN
[2026-08-26T15:11:53] METRIC unique_content_objects=100000
[2026-08-26T15:11:53] METRIC cache_hit_ratio=0.5206
[2026-08-26T15:11:53] RUN_END status=OK
