[2026-08-15T06:24:47] RUN_START run_id=SCALE_O_PythonNDN_10000_065
[2026-08-15T06:24:47] PARAM implementation=PythonNDN
[2026-08-15T06:24:47] METRIC unique_content_objects=10000
[2026-08-15T06:24:47] METRIC cache_hit_ratio=0.719
[2026-08-15T06:24:47] RUN_END status=OK
[2026-08-15T06:25:11] RUN_START run_id=SCALE_O_PythonNDN_10000_066
[2026-08-15T06:25:11] PARAM implementation=PythonNDN
[2026-08-15T06:25:11] METRIC unique_content_objects=10000
[2026-08-15T06:25:11] METRIC cache_hit_ratio=0.7311
[2026-08-15T06:25:11] RUN_END status=OK
[2026-08-15T06:27:39] RUN_START run_id=SCALE_O_PythonNDN_10000_067
[2026-08-15T06:27:39] PARAM implementation=PythonNDN
[2026-08-15T06:27:39] METRIC unique_content_objects=10000
[2026-08-15T06:27:39] METRIC cache_hit_ratio=0.7951
[2026-08-15T06:27:39] RUN_END status=OK
[2026-08-15T06:31:18] RUN_START run_id=SCALE_O_PythonNDN_10000_068
[2026-08-15T06:31:18] PARAM implementation=PythonNDN
[2026-08-15T06:31:18] METRIC unique_content_objects=10000
[2026-08-15T06:31:18] METRIC cache_hit_ratio=0.6755
[2026-08-15T06:31:18] RUN_END status=OK
[2026-08-15T06:35:09] RUN_START run_id=SCALE_O_PythonNDN_10000_069
[2026-08-15T06:35:09] PARAM implementation=PythonNDN
[2026-08-15T06:35:09] METRIC unique_content_objects=10000
[2026-08-15T06:35:09] METRIC cache_hit_ratio=0.7372
[2026-08-15T06:35:09] RUN_END status=OK
[2026-08-15T06:37:44] RUN_START run_id=SCALE_O_PythonNDN_10000_070
[2026-08-15T06:37:44] PARAM implementation=PythonNDN
[2026-08-15T06:37:44] METRIC unique_content_objects=10000
[2026-08-15T06:37:44] METRIC cache_hit_ratio=0.7001
[2026-08-15T06:37:44] RUN_END status=OK
[2026-08-15T06:39:03] RUN_START run_id=SCALE_O_PythonNDN_10000_071
[2026-08-15T06:39:03] PARAM implementation=PythonNDN
[2026-08-15T06:39:03] METRIC unique_content_objects=10000
[2026-08-15T06:39:03] METRIC cache_hit_ratio=0.6978
[2026-08-15T06:39:03] RUN_END status=OK
[2026-08-15T06:39:41] RUN_START run_id=SCALE_O_PythonNDN_10000_072
[2026-08-15T06:39:41] PARAM implementation=PythonNDN
[2026-08-15T06:39:41] METRIC unique_content_objects=10000
[2026-08-15T06:39:41] METRIC cache_hit_ratio=0.7476
[2026-08-15T06:39:41] RUN_END status=OK
[2026-08-15T06:43:16] RUN_START run_id=SCALE_O_PythonNDN_10000_073
[2026-08-15T06:43:16] PARAM implementation=PythonNDN
[2026-08-15T06:43:16] METRIC unique_content_objects=10000
[2026-08-15T06:43:16] METRIC cache_hit_ratio=0.707
[2026-08-15T06:43:16] RUN_END status=OK
[2026-08-15T06:44:59] RUN_START run_id=SCALE_O_PythonNDN_10000_074
[2026-08-15T06:44:59] PARAM implementation=PythonNDN
[2026-08-15T06:44:59] METRIC unique_content_objects=10000
[2026-08-15T06:44:59] METRIC cache_hit_ratio=0.7719
[2026-08-15T06:44:59] RUN_END status=OK
[2026-08-15T06:46:56] RUN_START run_id=SCALE_O_PythonNDN_10000_075
[2026-08-15T06:46:56] PARAM implementation=PythonNDN
[2026-08-15T06:46:56] METRIC unique_content_objects=10000
[2026-08-15T06:46:56] METRIC cache_hit_ratio=0.7353
[2026-08-15T06:46:56] RUN_END status=OK
[2026-08-15T06:47:50] RUN_START run_id=SCALE_O_PythonNDN_10000_076
[2026-08-15T06:47:50] PARAM implementation=PythonNDN
[2026-08-15T06:47:50] METRIC unique_content_objects=10000
[2026-08-15T06:47:50] METRIC cache_hit_ratio=0.7763
[2026-08-15T06:47:50] RUN_END status=OK
[2026-08-15T06:49:12] RUN_START run_id=SCALE_O_PythonNDN_10000_077
[2026-08-15T06:49:12] PARAM implementation=PythonNDN
[2026-08-15T06:49:12] METRIC unique_content_objects=10000
[2026-08-15T06:49:12] METRIC cache_hit_ratio=0.7819
[2026-08-15T06:49:12] RUN_END status=OK
[2026-08-15T06:51:17] RUN_START run_id=SCALE_O_PythonNDN_10000_078
[2026-08-15T06:51:17] PARAM implementation=PythonNDN
[2026-08-15T06:51:17] METRIC unique_content_objects=10000
[2026-08-15T06:51:17] METRIC cache_hit_ratio=0.7455
[2026-08-15T06:51:17] RUN_END status=OK
[2026-08-15T06:52:32] RUN_START run_id=SCALE_O_PythonNDN_10000_079
[2026-08-15T06:52:32] PARAM implementation=PythonNDN
[2026-08-15T06:52:32] METRIC unique_content_objects=10000
[2026-08-15T06:52:32] METRIC cache_hit_ratio=0.7306
[2026-08-15T06:52:32] RUN_END status=OK
[2026-08-15T06:56:02] RUN_START run_id=SCALE_O_PythonNDN_10000_080
[2026-08-15T06:56:02] PARAM implementation=PythonNDN
[2026-08-15T06:56:02] METRIC unique_content_objects=10000
[2026-08-15T06:56:02] METRIC cache_hit_ratio=0.7433
[2026-08-15T06:56:02] RUN_END status=OK
[2026-08-15T07:01:20] RUN_START run_id=SCALE_O_PythonNDN_10000_081
[2026-08-15T07:01:20] PARAM implementation=PythonNDN
[2026-08-15T07:01:20] METRIC unique_content_objects=10000
[2026-08-15T07:01:20] METRIC cache_hit_ratio=0.7867
[2026-08-15T07:01:20] RUN_END status=OK
