[2026-08-18T14:08:49] RUN_START run_id=SCALE_O_PythonNDN_1000000_116
[2026-08-18T14:08:49] PARAM implementation=PythonNDN
[2026-08-18T14:08:49] METRIC unique_content_objects=1000000
[2026-08-18T14:08:49] METRIC cache_hit_ratio=0.1335
[2026-08-18T14:08:49] RUN_END status=OK
[2026-08-18T14:10:47] RUN_START run_id=SCALE_O_PythonNDN_1000000_117
[2026-08-18T14:10:47] PARAM implementation=PythonNDN
[2026-08-18T14:10:47] METRIC unique_content_objects=1000000
[2026-08-18T14:10:47] METRIC cache_hit_ratio=0.1318
[2026-08-18T14:10:47] RUN_END status=OK
[2026-08-18T14:11:35] RUN_START run_id=SCALE_O_PythonNDN_1000000_118
[2026-08-18T14:11:35] PARAM implementation=PythonNDN
[2026-08-18T14:11:35] METRIC unique_content_objects=1000000
[2026-08-18T14:11:35] METRIC cache_hit_ratio=0.1235
[2026-08-18T14:11:35] RUN_END status=OK
[2026-08-18T14:16:25] RUN_START run_id=SCALE_O_PythonNDN_1000000_119
[2026-08-18T14:16:25] PARAM implementation=PythonNDN
[2026-08-18T14:16:25] METRIC unique_content_objects=1000000
[2026-08-18T14:16:25] METRIC cache_hit_ratio=0.1298
[2026-08-18T14:16:25] RUN_END status=OK
[2026-08-18T14:20:03] RUN_START run_id=SCALE_O_PythonNDN_1000000_120
[2026-08-18T14:20:03] PARAM implementation=PythonNDN
[2026-08-18T14:20:03] METRIC unique_content_objects=1000000
[2026-08-18T14:20:03] METRIC cache_hit_ratio=0.1201
[2026-08-18T14:20:03] RUN_END status=OK
[2026-08-18T14:25:06] RUN_START run_id=SCALE_O_PythonNDN_1000000_121
[2026-08-18T14:25:06] PARAM implementation=PythonNDN
[2026-08-18T14:25:06] METRIC unique_content_objects=1000000
[2026-08-18T14:25:06] METRIC cache_hit_ratio=0.1336
[2026-08-18T14:25:06] RUN_END status=OK
[2026-08-18T14:28:00] RUN_START run_id=SCALE_O_PythonNDN_1000000_122
[2026-08-18T14:28:00] PARAM implementation=PythonNDN
[2026-08-18T14:28:00] METRIC unique_content_objects=1000000
[2026-08-18T14:28:00] METRIC cache_hit_ratio=0.1201
[2026-08-18T14:28:00] RUN_END status=OK
[2026-08-18T14:31:27] RUN_START run_id=SCALE_O_PythonNDN_1000000_123
[2026-08-18T14:31:27] PARAM implementation=PythonNDN
[2026-08-18T14:31:27] METRIC unique_content_objects=1000000
[2026-08-18T14:31:27] METRIC cache_hit_ratio=0.1319
[2026-08-18T14:31:27] RUN_END status=OK
[2026-08-18T14:33:06] RUN_START run_id=SCALE_O_PythonNDN_1000000_124
[2026-08-18T14:33:06] PARAM implementation=PythonNDN
[2026-08-18T14:33:06] METRIC unique_content_objects=1000000
[2026-08-18T14:33:06] METRIC cache_hit_ratio=0.1268
[2026-08-18T14:33:06] RUN_END status=OK
[2026-08-18T14:34:48] RUN_START run_id=SCALE_O_PythonNDN_1000000_125
[2026-08-18T14:34:48] PARAM implementation=PythonNDN
[2026-08-18T14:34:48] METRIC unique_content_objects=1000000
[2026-08-18T14:34:48] METRIC cache_hit_ratio=0.1254
[2026-08-18T14:34:48] RUN_END status=OK
