[2026-08-10T17:00:00] RUN_START run_id=SCALE_O_uDCN_1000_001
[2026-08-10T17:00:00] PARAM implementation=uDCN
[2026-08-10T17:00:00] METRIC unique_content_objects=1000
[2026-08-10T17:00:00] METRIC cache_hit_ratio=0.9384
[2026-08-10T17:00:00] RUN_END status=OK
[2026-08-10T17:03:47] RUN_START run_id=SCALE_O_uDCN_1000_002
[2026-08-10T17:03:47] PARAM implementation=uDCN
[2026-08-10T17:03:47] METRIC unique_content_objects=1000
[2026-08-10T17:03:47] METRIC cache_hit_ratio=0.9525
[2026-08-10T17:03:47] RUN_END status=OK
[2026-08-10T17:05:34] RUN_START run_id=SCALE_O_uDCN_1000_003
[2026-08-10T17:05:34] PARAM implementation=uDCN
[2026-08-10T17:05:34] METRIC unique_content_objects=1000
[2026-08-10T17:05:34] METRIC cache_hit_ratio=0.8927
[2026-08-10T17:05:34] RUN_END status=OK
[2026-08-10T17:12:44] RUN_START run_id=SCALE_O_uDCN_1000_004
[2026-08-10T17:12:44] PARAM implementation=uDCN
[2026-08-10T17:12:44] METRIC unique_content_objects=1000
[2026-08-10T17:12:44] METRIC cache_hit_ratio=0.892
[2026-08-10T17:12:44] RUN_END status=OK
[2026-08-10T17:16:14] RUN_START run_id=SCALE_O_uDCN_1000_005
[2026-08-10T17:16:14] PARAM implementation=uDCN
[2026-08-10T17:16:14] METRIC unique_content_objects=1000
[2026-08-10T17:16:14] METRIC cache_hit_ratio=0.946
[2026-08-10T17:16:14] RUN_END status=OK
[2026-08-10T17:17:22] RUN_START run_id=SCALE_O_uDCN_1000_006
[2026-08-10T17:17:22] PARAM implementation=uDCN
[2026-08-10T17:17:22] METRIC unique_content_objects=1000
[2026-08-10T17:17:22] METRIC cache_hit_ratio=0.9229
[2026-08-10T17:17:22] RUN_END status=OK
[2026-08-10T17:18:02] RUN_START run_id=SCALE_O_uDCN_1000_007
[2026-08-10T17:18:02] PARAM implementation=uDCN
[2026-08-10T17:18:02] METRIC unique_content_objects=1000
[2026-08-10T17:18:02] METRIC cache_hit_ratio=1.0
[2026-08-10T17:18:02] RUN_END status=OK
[2026-08-10T17:18:42] RUN_START run_id=SCALE_O_uDCN_1000_008
[2026-08-10T17:18:42] PARAM implementation=uDCN
[2026-08-10T17:18:42] METRIC unique_content_objects=1000
[2026-08-10T17:18:42] METRIC cache_hit_ratio=0.901
[2026-08-10T17:18:42] RUN_END status=OK
[2026-08-10T17:19:26] RUN_START run_id=SCALE_O_uDCN_1000_009
[2026-08-10T17:19:26] PARAM implementation=uDCN
[2026-08-10T17:19:26] METRIC unique_content_objects=1000
[2026-08-10T17:19:26] METRIC cache_hit_ratio=0.9608
[2026-08-10T17:19:26] RUN_END status=OK
[2026-08-10T17:21:52] RUN_START run_id=SCALE_O_uDCN_1000_010
[2026-08-10T17:21:52] PARAM implementation=uDCN
[2026-08-10T17:21:52] METRIC unique_content_objects=1000
[2026-08-10T17:21:52] METRIC cache_hit_ratio=1.0
[2026-08-10T17:21:52] RUN_END status=OK
[2026-08-10T17:24:03] RUN_START run_id=SCALE_O_uDCN_1000_011
[2026-08-10T17:24:03] PARAM implementation=uDCN
[2026-08-10T17:24:03] METRIC unique_content_objects=1000
[2026-08-10T17:24:03] METRIC cache_hit_ratio=1.0
[2026-08-10T17:24:03] RUN_END status=OK
[2026-08-10T17:26:04] RUN_START run_id=SCALE_O_uDCN_1000_012
[2026-08-10T17:26:04] PARAM implementation=uDCN
[2026-08-10T17:26:04] METRIC unique_content_objects=1000
[2026-08-10T17:26:04] METRIC cache_hit_ratio=0.9654
[2026-08-10T17:26:04] RUN_END status=OK
[2026-08-10T17:28:58] RUN_START run_id=SCALE_O_uDCN_1000_013
[2026-08-10T17:28:58] PARAM implementation=uDCN
[2026-08-10T17:28:58] METRIC unique_content_objects=1000
[2026-08-10T17:28:58] METRIC cache_hit_ratio=0.918
[2026-08-10T17:28:58] RUN_END status=OK
[2026-08-10T17:30:27] RUN_START run_id=SCALE_O_uDCN_1000_014
[2026-08-10T17:30:27] PARAM implementation=uDCN
[2026-08-10T17:30:27] METRIC unique_content_objects=1000
[2026-08-10T17:30:27] METRIC cache_hit_ratio=0.9358
[2026-08-10T17:30:27] RUN_END status=OK
