[2026-08-23T12:43:29] RUN_START run_id=SCALE_O_PythonNDN_5000000_022
[2026-08-23T12:43:29] PARAM implementation=PythonNDN
[2026-08-23T12:43:29] METRIC unique_content_objects=5000000
[2026-08-23T12:43:29] METRIC cache_hit_ratio=0.0509
[2026-08-23T12:43:29] RUN_END status=OK
[2026-08-23T12:44:25] RUN_START run_id=SCALE_O_PythonNDN_5000000_023
[2026-08-23T12:44:25] PARAM implementation=PythonNDN
[2026-08-23T12:44:25] METRIC unique_content_objects=5000000
[2026-08-23T12:44:25] METRIC cache_hit_ratio=0.0513
[2026-08-23T12:44:25] RUN_END status=OK
[2026-08-23T12:46:42] RUN_START run_id=SCALE_O_NFD_10000_143
[2026-08-23T12:46:42] PARAM implementation=NFD
[2026-08-23T12:46:42] METRIC unique_content_objects=10000
[2026-08-23T12:46:42] METRIC cache_hit_ratio=0.8454
[2026-08-23T12:46:42] RUN_END status=OK
[2026-08-23T12:47:00] RUN_START run_id=SCALE_O_NFD_100000_076
[2026-08-23T12:47:00] PARAM implementation=NFD
[2026-08-23T12:47:00] METRIC unique_content_objects=100000
[2026-08-23T12:47:00] METRIC cache_hit_ratio=0.6808
[2026-08-23T12:47:00] RUN_END status=OK
[2026-08-23T12:47:23] RUN_START run_id=SCALE_O_PythonNDN_5000000_024
[2026-08-23T12:47:23] PARAM implementation=PythonNDN
[2026-08-23T12:47:23] METRIC unique_content_objects=5000000
[2026-08-23T12:47:23] METRIC cache_hit_ratio=0.0509
[2026-08-23T12:47:23] RUN_END status=OK
[2026-08-23T12:48:00] RUN_START run_id=SCALE_O_NFD_10000_144
[2026-08-23T12:48:00] PARAM implementation=NFD
[2026-08-23T12:48:00] METRIC unique_content_objects=10000
[2026-08-23T12:48:00] METRIC cache_hit_ratio=0.8238
[2026-08-23T12:48:00] RUN_END status=OK
[2026-08-23T12:49:40] RUN_START run_id=SCALE_O_NFD_100000_077
[2026-08-23T12:49:40] PARAM implementation=NFD
[2026-08-23T12:49:40] METRIC unique_content_objects=100000
[2026-08-23T12:49:40] METRIC cache_hit_ratio=0.678
[2026-08-23T12:49:40] RUN_END status=OK
[2026-08-23T12:50:14] RUN_START run_id=SCALE_O_NFD_10000_145
[2026-08-23T12:50:14] PARAM implementation=NFD
[2026-08-23T12:50:14] METRIC unique_content_objects=10000
[2026-08-23T12:50:14] METRIC cache_hit_ratio=0.8138
[2026-08-23T12:50:14] RUN_END status=OK
[2026-08-23T12:50:51] RUN_START run_id=SCALE_O_PythonNDN_5000000_025
[2026-08-23T12:50:51] PARAM implementation=PythonNDN
[2026-08-23T12:50:51] METRIC unique_content_objects=5000000
[2026-08-23T12:50:51] METRIC cache_hit_ratio=0.0482
[2026-08-23T12:50:51] RUN_END status=OK
[2026-08-23T12:53:48] RUN_START run_id=SCALE_O_NFD_10000_146
[2026-08-23T12:53:48] PARAM implementation=NFD
[2026-08-23T12:53:48] METRIC unique_content_objects=10000
[2026-08-23T12:53:48] METRIC cache_hit_ratio=0.7769
[2026-08-23T12:53:48] RUN_END status=OK
[2026-08-23T12:54:25] RUN_START run_id=SCALE_O_PythonNDN_5000000_026
[2026-08-23T12:54:25] PARAM implementation=PythonNDN
[2026-08-23T12:54:25] METRIC unique_content_objects=5000000
[2026-08-23T12:54:25] METRIC cache_hit_ratio=0.0483
[2026-08-23T12:54:25] RUN_END status=OK
[2026-08-23T12:55:11] RUN_START run_id=SCALE_O_NFD_100000_078
[2026-08-23T12:55:11] PARAM implementation=NFD
[2026-08-23T12:55:11] METRIC unique_content_objects=100000
[2026-08-23T12:55:11] METRIC cache_hit_ratio=0.6395
[2026-08-23T12:55:11] RUN_END status=OK
[2026-08-23T12:56:08] RUN_START run_id=SCALE_O_PythonNDN_5000000_027
[2026-08-23T12:56:08] PARAM implementation=PythonNDN
[2026-08-23T12:56:08] METRIC unique_content_objects=5000000
[2026-08-23T12:56:08] METRIC cache_hit_ratio=0.0506
[2026-08-23T12:56:08] RUN_END status=OK
[2026-08-23T12:56:43] RUN_START run_id=SCALE_O_NFD_10000_147
[2026-08-23T12:56:43] PARAM implementation=NFD
[2026-08-23T12:56:43] METRIC unique_content_objects=10000
[2026-08-23T12:56:43] METRIC cache_hit_ratio=0.8019
[2026-08-23T12:56:43] RUN_END status=OK
[2026-08-23T12:58:37] RUN_START run_id=SCALE_O_NFD_10000_148
[2026-08-23T12:58:37] PARAM implementation=NFD
[2026-08-23T12:58:37] METRIC unique_content_objects=10000
[2026-08-23T12:58:37] METRIC cache_hit_ratio=0.8013
[2026-08-23T12:58:37] RUN_END status=OK
[2026-08-23T12:58:48] RUN_START run_id=SCALE_O_PythonNDN_5000000_028
[2026-08-23T12:58:48] PARAM implementation=PythonNDN
[2026-08-23T12:58:48] METRIC unique_content_objects=5000000
[2026-08-23T12:58:48] METRIC cache_hit_ratio=0.0516
[2026-08-23T12:58:48] RUN_END status=OK
[2026-08-23T13:01:23] RUN_START run_id=SCALE_O_PythonNDN_5000000_029
[2026-08-23T13:01:23] PARAM implementation=PythonNDN
[2026-08-23T13:01:23] METRIC unique_content_objects=5000000
[2026-08-23T13:01:23] METRIC cache_hit_ratio=0.0504
[2026-08-23T13:01:23] RUN_END status=OK
