[2026-08-26T19:18:22] RUN_START run_id=SCALE_O_PythonNDN_5000000_057
[2026-08-26T19:18:22] PARAM implementation=PythonNDN
[2026-08-26T19:18:22] METRIC unique_content_objects=5000000
[2026-08-26T19:18:22] METRIC cache_hit_ratio=0.0503
[2026-08-26T19:18:22] RUN_END status=OK
[2026-08-26T19:26:37] RUN_START run_id=SCALE_O_PythonNDN_5000000_058
[2026-08-26T19:26:37] PARAM implementation=PythonNDN
[2026-08-26T19:26:37] METRIC unique_content_objects=5000000
[2026-08-26T19:26:37] METRIC cache_hit_ratio=0.0482
[2026-08-26T19:26:37] RUN_END status=OK
[2026-08-26T19:28:44] RUN_START run_id=SCALE_O_PythonNDN_5000000_059
[2026-08-26T19:28:44] PARAM implementation=PythonNDN
[2026-08-26T19:28:44] METRIC unique_content_objects=5000000
[2026-08-26T19:28:44] METRIC cache_hit_ratio=0.0523
[2026-08-26T19:28:44] RUN_END status=OK
[2026-08-26T19:30:57] RUN_START run_id=SCALE_O_PythonNDN_5000000_060
[2026-08-26T19:30:57] PARAM implementation=PythonNDN
[2026-08-26T19:30:57] METRIC unique_content_objects=5000000
[2026-08-26T19:30:57] METRIC cache_hit_ratio=0.0485
[2026-08-26T19:30:57] RUN_END status=OK
[2026-08-27T12:43:30] RUN_START run_id=SCALE_O_CCNlite_10000_034
[2026-08-27T12:43:30] PARAM implementation=CCNlite
[2026-08-27T12:43:30] METRIC unique_content_objects=10000
[2026-08-27T12:43:30] METRIC cache_hit_ratio=0.7548
[2026-08-27T12:43:30] RUN_END status=OK
[2026-08-27T12:45:29] RUN_START run_id=SCALE_O_CCNlite_10000_035
[2026-08-27T12:45:29] PARAM implementation=CCNlite
[2026-08-27T12:45:29] METRIC unique_content_objects=10000
[2026-08-27T12:45:29] METRIC cache_hit_ratio=0.8011
[2026-08-27T12:45:29] RUN_END status=OK
[2026-08-27T12:47:06] RUN_START run_id=08_scalability_content_DISCARDED_0223
[2026-08-27T12:47:06] RUN_ABORTED reason=cache_warmup_incomplete: content-store did not reach steady-state hit ratio within the 30s warm-up window, run discarded
[2026-08-27T12:48:26] RUN_START run_id=SCALE_O_CCNlite_10000_036
[2026-08-27T12:48:26] PARAM implementation=CCNlite
[2026-08-27T12:48:26] METRIC unique_content_objects=10000
[2026-08-27T12:48:26] METRIC cache_hit_ratio=0.8223
[2026-08-27T12:48:26] RUN_END status=OK
[2026-08-27T12:50:29] RUN_START run_id=SCALE_O_CCNlite_10000_037
[2026-08-27T12:50:29] PARAM implementation=CCNlite
[2026-08-27T12:50:29] METRIC unique_content_objects=10000
[2026-08-27T12:50:29] METRIC cache_hit_ratio=0.7853
[2026-08-27T12:50:29] RUN_END status=OK
[2026-08-27T12:51:27] RUN_START run_id=SCALE_O_CCNlite_10000_038
[2026-08-27T12:51:27] PARAM implementation=CCNlite
[2026-08-27T12:51:27] METRIC unique_content_objects=10000
[2026-08-27T12:51:27] METRIC cache_hit_ratio=0.7692
[2026-08-27T12:51:27] RUN_END status=OK
[2026-08-27T12:54:36] RUN_START run_id=SCALE_O_CCNlite_10000_039
[2026-08-27T12:54:36] PARAM implementation=CCNlite
[2026-08-27T12:54:36] METRIC unique_content_objects=10000
[2026-08-27T12:54:36] METRIC cache_hit_ratio=0.7623
[2026-08-27T12:54:36] RUN_END status=OK
[2026-08-27T12:58:20] RUN_START run_id=SCALE_O_CCNlite_10000_040
[2026-08-27T12:58:20] PARAM implementation=CCNlite
[2026-08-27T12:58:20] METRIC unique_content_objects=10000
[2026-08-27T12:58:20] METRIC cache_hit_ratio=0.7886
[2026-08-27T12:58:20] RUN_END status=OK
[2026-08-27T12:58:58] RUN_START run_id=SCALE_O_CCNlite_10000_041
[2026-08-27T12:58:58] PARAM implementation=CCNlite
[2026-08-27T12:58:58] METRIC unique_content_objects=10000
[2026-08-27T12:58:58] METRIC cache_hit_ratio=0.8024
[2026-08-27T12:58:58] RUN_END status=OK
[2026-08-27T13:01:01] RUN_START run_id=SCALE_O_CCNlite_10000_042
[2026-08-27T13:01:01] PARAM implementation=CCNlite
[2026-08-27T13:01:01] METRIC unique_content_objects=10000
[2026-08-27T13:01:01] METRIC cache_hit_ratio=0.8528
[2026-08-27T13:01:01] RUN_END status=OK
[2026-08-27T13:04:30] RUN_START run_id=SCALE_O_CCNlite_10000_043
[2026-08-27T13:04:30] PARAM implementation=CCNlite
[2026-08-27T13:04:30] METRIC unique_content_objects=10000
[2026-08-27T13:04:30] METRIC cache_hit_ratio=0.8423
[2026-08-27T13:04:30] RUN_END status=OK
[2026-08-27T13:05:11] RUN_START run_id=SCALE_O_CCNlite_10000_044
[2026-08-27T13:05:11] PARAM implementation=CCNlite
[2026-08-27T13:05:11] METRIC unique_content_objects=10000
[2026-08-27T13:05:11] METRIC cache_hit_ratio=0.8279
[2026-08-27T13:05:11] RUN_END status=OK
