[2026-08-15T18:40:50] RUN_START run_id=SCALE_O_CCNlite_1000000_016
[2026-08-15T18:40:50] PARAM implementation=CCNlite
[2026-08-15T18:40:50] METRIC unique_content_objects=1000000
[2026-08-15T18:40:50] METRIC cache_hit_ratio=0.2761
[2026-08-15T18:40:50] RUN_END status=OK
[2026-08-15T18:41:06] RUN_START run_id=SCALE_O_uDCN_300000_066
[2026-08-15T18:41:06] PARAM implementation=uDCN
[2026-08-15T18:41:06] METRIC unique_content_objects=300000
[2026-08-15T18:41:06] METRIC cache_hit_ratio=0.6091
[2026-08-15T18:41:06] RUN_END status=OK
[2026-08-15T18:42:44] RUN_START run_id=SCALE_O_uDCN_300000_067
[2026-08-15T18:42:44] PARAM implementation=uDCN
[2026-08-15T18:42:44] METRIC unique_content_objects=300000
[2026-08-15T18:42:44] METRIC cache_hit_ratio=0.6129
[2026-08-15T18:42:44] RUN_END status=OK
[2026-08-15T18:43:34] RUN_START run_id=SCALE_O_CCNlite_1000000_017
[2026-08-15T18:43:34] PARAM implementation=CCNlite
[2026-08-15T18:43:34] METRIC unique_content_objects=1000000
[2026-08-15T18:43:34] METRIC cache_hit_ratio=0.3117
[2026-08-15T18:43:34] RUN_END status=OK
[2026-08-15T18:44:28] RUN_START run_id=SCALE_O_CCNlite_1000000_018
[2026-08-15T18:44:28] PARAM implementation=CCNlite
[2026-08-15T18:44:28] METRIC unique_content_objects=1000000
[2026-08-15T18:44:28] METRIC cache_hit_ratio=0.2712
[2026-08-15T18:44:28] RUN_END status=OK
[2026-08-15T18:45:43] RUN_START run_id=SCALE_O_uDCN_300000_068
[2026-08-15T18:45:43] PARAM implementation=uDCN
[2026-08-15T18:45:43] METRIC unique_content_objects=300000
[2026-08-15T18:45:43] METRIC cache_hit_ratio=0.5815
[2026-08-15T18:45:43] RUN_END status=OK
[2026-08-15T18:46:16] RUN_START run_id=SCALE_O_CCNlite_1000000_019
[2026-08-15T18:46:16] PARAM implementation=CCNlite
[2026-08-15T18:46:16] METRIC unique_content_objects=1000000
[2026-08-15T18:46:16] METRIC cache_hit_ratio=0.2661
[2026-08-15T18:46:16] RUN_END status=OK
[2026-08-15T18:47:41] RUN_START run_id=SCALE_O_CCNlite_1000000_020
[2026-08-15T18:47:41] PARAM implementation=CCNlite
[2026-08-15T18:47:41] METRIC unique_content_objects=1000000
[2026-08-15T18:47:41] METRIC cache_hit_ratio=0.2659
[2026-08-15T18:47:41] RUN_END status=OK
[2026-08-15T18:47:53] RUN_START run_id=SCALE_O_uDCN_300000_069
[2026-08-15T18:47:53] PARAM implementation=uDCN
[2026-08-15T18:47:53] METRIC unique_content_objects=300000
[2026-08-15T18:47:53] METRIC cache_hit_ratio=0.5803
[2026-08-15T18:47:53] RUN_END status=OK
[2026-08-15T18:51:19] RUN_START run_id=SCALE_O_CCNlite_1000000_021
[2026-08-15T18:51:19] PARAM implementation=CCNlite
[2026-08-15T18:51:19] METRIC unique_content_objects=1000000
[2026-08-15T18:51:19] METRIC cache_hit_ratio=0.2626
[2026-08-15T18:51:19] RUN_END status=OK
[2026-08-15T18:54:38] RUN_START run_id=SCALE_O_CCNlite_1000000_022
[2026-08-15T18:54:38] PARAM implementation=CCNlite
[2026-08-15T18:54:38] METRIC unique_content_objects=1000000
[2026-08-15T18:54:38] METRIC cache_hit_ratio=0.2837
[2026-08-15T18:54:38] RUN_END status=OK
[2026-08-15T18:55:59] RUN_START run_id=SCALE_O_CCNlite_1000000_023
[2026-08-15T18:55:59] PARAM implementation=CCNlite
[2026-08-15T18:55:59] METRIC unique_content_objects=1000000
[2026-08-15T18:55:59] METRIC cache_hit_ratio=0.2669
[2026-08-15T18:55:59] RUN_END status=OK
[2026-08-15T18:59:36] RUN_START run_id=SCALE_O_CCNlite_1000000_024
[2026-08-15T18:59:36] PARAM implementation=CCNlite
[2026-08-15T18:59:36] METRIC unique_content_objects=1000000
[2026-08-15T18:59:36] METRIC cache_hit_ratio=0.2743
[2026-08-15T18:59:36] RUN_END status=OK
