[2026-08-22T18:09:38] RUN_START run_id=SCALE_O_NFD_300000_054
[2026-08-22T18:09:38] PARAM implementation=NFD
[2026-08-22T18:09:38] METRIC unique_content_objects=300000
[2026-08-22T18:09:38] METRIC cache_hit_ratio=0.4866
[2026-08-22T18:09:38] RUN_END status=OK
[2026-08-22T18:11:20] RUN_START run_id=SCALE_O_NFD_300000_055
[2026-08-22T18:11:20] PARAM implementation=NFD
[2026-08-22T18:11:20] METRIC unique_content_objects=300000
[2026-08-22T18:11:20] METRIC cache_hit_ratio=0.4372
[2026-08-22T18:11:20] RUN_END status=OK
[2026-08-22T18:11:49] RUN_START run_id=SCALE_O_NFD_300000_056
[2026-08-22T18:11:49] PARAM implementation=NFD
[2026-08-22T18:11:49] METRIC unique_content_objects=300000
[2026-08-22T18:11:49] METRIC cache_hit_ratio=0.4198
[2026-08-22T18:11:49] RUN_END status=OK
[2026-08-22T18:15:45] RUN_START run_id=SCALE_O_NFD_300000_057
[2026-08-22T18:15:45] PARAM implementation=NFD
[2026-08-22T18:15:45] METRIC unique_content_objects=300000
[2026-08-22T18:15:45] METRIC cache_hit_ratio=0.4401
[2026-08-22T18:15:45] RUN_END status=OK
[2026-08-22T19:52:20] RUN_START run_id=SCALE_O_NFD_300000_058
[2026-08-22T19:52:20] PARAM implementation=NFD
[2026-08-22T19:52:20] METRIC unique_content_objects=300000
[2026-08-22T19:52:20] METRIC cache_hit_ratio=0.4356
[2026-08-22T19:52:20] RUN_END status=OK
[2026-08-22T19:54:34] RUN_START run_id=SCALE_O_NFD_300000_059
[2026-08-22T19:54:34] PARAM implementation=NFD
[2026-08-22T19:54:34] METRIC unique_content_objects=300000
[2026-08-22T19:54:34] METRIC cache_hit_ratio=0.471
[2026-08-22T19:54:34] RUN_END status=OK
[2026-08-22T19:58:25] RUN_START run_id=SCALE_O_NFD_300000_060
[2026-08-22T19:58:25] PARAM implementation=NFD
[2026-08-22T19:58:25] METRIC unique_content_objects=300000
[2026-08-22T19:58:25] METRIC cache_hit_ratio=0.4617
[2026-08-22T19:58:25] RUN_END status=OK
[2026-08-22T20:00:41] RUN_START run_id=SCALE_O_NFD_300000_061
[2026-08-22T20:00:41] PARAM implementation=NFD
[2026-08-22T20:00:41] METRIC unique_content_objects=300000
[2026-08-22T20:00:41] METRIC cache_hit_ratio=0.4345
[2026-08-22T20:00:41] RUN_END status=OK
[2026-08-22T20:02:05] RUN_START run_id=SCALE_O_NFD_300000_062
[2026-08-22T20:02:05] PARAM implementation=NFD
[2026-08-22T20:02:05] METRIC unique_content_objects=300000
[2026-08-22T20:02:05] METRIC cache_hit_ratio=0.4367
[2026-08-22T20:02:05] RUN_END status=OK
[2026-08-22T20:03:12] RUN_START run_id=SCALE_O_NFD_300000_063
[2026-08-22T20:03:12] PARAM implementation=NFD
[2026-08-22T20:03:12] METRIC unique_content_objects=300000
[2026-08-22T20:03:12] METRIC cache_hit_ratio=0.4286
[2026-08-22T20:03:12] RUN_END status=OK
[2026-08-22T20:04:57] RUN_START run_id=SCALE_O_NFD_300000_064
[2026-08-22T20:04:57] PARAM implementation=NFD
[2026-08-22T20:04:57] METRIC unique_content_objects=300000
[2026-08-22T20:04:57] METRIC cache_hit_ratio=0.4155
[2026-08-22T20:04:57] RUN_END status=OK
[2026-08-22T20:10:28] RUN_START run_id=SCALE_O_NFD_300000_065
[2026-08-22T20:10:28] PARAM implementation=NFD
[2026-08-22T20:10:28] METRIC unique_content_objects=300000
[2026-08-22T20:10:28] METRIC cache_hit_ratio=0.4616
[2026-08-22T20:10:28] RUN_END status=OK
[2026-08-22T20:13:18] RUN_START run_id=SCALE_O_NFD_300000_066
[2026-08-22T20:13:18] PARAM implementation=NFD
[2026-08-22T20:13:18] METRIC unique_content_objects=300000
[2026-08-22T20:13:18] METRIC cache_hit_ratio=0.4017
[2026-08-22T20:13:18] RUN_END status=OK
[2026-08-22T20:17:24] RUN_START run_id=SCALE_O_NFD_300000_067
[2026-08-22T20:17:24] PARAM implementation=NFD
[2026-08-22T20:17:24] METRIC unique_content_objects=300000
[2026-08-22T20:17:24] METRIC cache_hit_ratio=0.4393
[2026-08-22T20:17:24] RUN_END status=OK
[2026-08-22T20:19:32] RUN_START run_id=SCALE_O_NFD_300000_068
[2026-08-22T20:19:32] PARAM implementation=NFD
[2026-08-22T20:19:32] METRIC unique_content_objects=300000
[2026-08-22T20:19:32] METRIC cache_hit_ratio=0.4439
[2026-08-22T20:19:32] RUN_END status=OK
[2026-08-22T20:20:24] RUN_START run_id=SCALE_O_CCNlite_300000_084
[2026-08-22T20:20:24] PARAM implementation=CCNlite
[2026-08-22T20:20:24] METRIC unique_content_objects=300000
[2026-08-22T20:20:24] METRIC cache_hit_ratio=0.4338
[2026-08-22T20:20:24] RUN_END status=OK
