[2026-08-16T02:49:23] RUN_START run_id=SCALE_O_NFD_1000_059
[2026-08-16T02:49:23] PARAM implementation=NFD
[2026-08-16T02:49:23] METRIC unique_content_objects=1000
[2026-08-16T02:49:23] METRIC cache_hit_ratio=0.8939
[2026-08-16T02:49:23] RUN_END status=OK
[2026-08-16T02:50:54] RUN_START run_id=SCALE_O_NFD_1000_060
[2026-08-16T02:50:54] PARAM implementation=NFD
[2026-08-16T02:50:54] METRIC unique_content_objects=1000
[2026-08-16T02:50:54] METRIC cache_hit_ratio=0.9378
[2026-08-16T02:50:54] RUN_END status=OK
[2026-08-16T02:55:23] RUN_START run_id=SCALE_O_NFD_1000_061
[2026-08-16T02:55:23] PARAM implementation=NFD
[2026-08-16T02:55:23] METRIC unique_content_objects=1000
[2026-08-16T02:55:23] METRIC cache_hit_ratio=0.9086
[2026-08-16T02:55:23] RUN_END status=OK
[2026-08-16T03:00:33] RUN_START run_id=SCALE_O_NFD_1000_062
[2026-08-16T03:00:33] PARAM implementation=NFD
[2026-08-16T03:00:33] METRIC unique_content_objects=1000
[2026-08-16T03:00:33] METRIC cache_hit_ratio=0.921
[2026-08-16T03:00:33] RUN_END status=OK
[2026-08-16T03:12:33] RUN_START run_id=SCALE_O_NFD_1000_063
[2026-08-16T03:12:33] PARAM implementation=NFD
[2026-08-16T03:12:33] METRIC unique_content_objects=1000
[2026-08-16T03:12:33] METRIC cache_hit_ratio=0.911
[2026-08-16T03:12:33] RUN_END status=OK
[2026-08-16T03:14:58] RUN_START run_id=SCALE_O_NFD_1000_064
[2026-08-16T03:14:58] PARAM implementation=NFD
[2026-08-16T03:14:58] METRIC unique_content_objects=1000
[2026-08-16T03:14:58] METRIC cache_hit_ratio=0.8833
[2026-08-16T03:14:58] RUN_END status=OK
[2026-08-16T03:16:44] RUN_START run_id=SCALE_O_NFD_1000_065
[2026-08-16T03:16:44] PARAM implementation=NFD
[2026-08-16T03:16:44] METRIC unique_content_objects=1000
[2026-08-16T03:16:44] METRIC cache_hit_ratio=0.9132
[2026-08-16T03:16:44] RUN_END status=OK
[2026-08-16T03:18:38] RUN_START run_id=SCALE_O_NFD_1000_066
[2026-08-16T03:18:38] PARAM implementation=NFD
[2026-08-16T03:18:38] METRIC unique_content_objects=1000
[2026-08-16T03:18:38] METRIC cache_hit_ratio=0.8886
[2026-08-16T03:18:38] RUN_END status=OK
[2026-08-16T03:20:00] RUN_START run_id=SCALE_O_NFD_1000_067
[2026-08-16T03:20:00] PARAM implementation=NFD
[2026-08-16T03:20:00] METRIC unique_content_objects=1000
[2026-08-16T03:20:00] METRIC cache_hit_ratio=0.8442
[2026-08-16T03:20:00] RUN_END status=OK
[2026-08-16T03:22:33] RUN_START run_id=SCALE_O_NFD_1000_068
[2026-08-16T03:22:33] PARAM implementation=NFD
[2026-08-16T03:22:33] METRIC unique_content_objects=1000
[2026-08-16T03:22:33] METRIC cache_hit_ratio=0.9982
[2026-08-16T03:22:33] RUN_END status=OK
[2026-08-16T03:26:21] RUN_START run_id=SCALE_O_NFD_1000_069
[2026-08-16T03:26:21] PARAM implementation=NFD
[2026-08-16T03:26:21] METRIC unique_content_objects=1000
[2026-08-16T03:26:21] METRIC cache_hit_ratio=0.8684
[2026-08-16T03:26:21] RUN_END status=OK
[2026-08-16T03:30:01] RUN_START run_id=SCALE_O_NFD_1000_070
[2026-08-16T03:30:01] PARAM implementation=NFD
[2026-08-16T03:30:01] METRIC unique_content_objects=1000
[2026-08-16T03:30:01] METRIC cache_hit_ratio=0.9697
[2026-08-16T03:30:01] RUN_END status=OK
[2026-08-16T03:31:28] RUN_START run_id=SCALE_O_NFD_1000_071
[2026-08-16T03:31:28] PARAM implementation=NFD
[2026-08-16T03:31:28] METRIC unique_content_objects=1000
[2026-08-16T03:31:28] METRIC cache_hit_ratio=0.9022
[2026-08-16T03:31:28] RUN_END status=OK
