[2026-08-24T15:41:02] RUN_START run_id=SCALE_O_PythonNDN_1000_038
[2026-08-24T15:41:02] PARAM implementation=PythonNDN
[2026-08-24T15:41:02] METRIC unique_content_objects=1000
[2026-08-24T15:41:02] METRIC cache_hit_ratio=0.918
[2026-08-24T15:41:02] RUN_END status=OK
[2026-08-24T15:43:03] RUN_START run_id=SCALE_O_PythonNDN_1000_039
[2026-08-24T15:43:03] PARAM implementation=PythonNDN
[2026-08-24T15:43:03] METRIC unique_content_objects=1000
[2026-08-24T15:43:03] METRIC cache_hit_ratio=0.9202
[2026-08-24T15:43:03] RUN_END status=OK
[2026-08-24T15:45:36] RUN_START run_id=SCALE_O_PythonNDN_1000_040
[2026-08-24T15:45:36] PARAM implementation=PythonNDN
[2026-08-24T15:45:36] METRIC unique_content_objects=1000
[2026-08-24T15:45:36] METRIC cache_hit_ratio=0.9351
[2026-08-24T15:45:36] RUN_END status=OK
[2026-08-24T15:48:05] RUN_START run_id=SCALE_O_PythonNDN_1000_041
[2026-08-24T15:48:05] PARAM implementation=PythonNDN
[2026-08-24T15:48:05] METRIC unique_content_objects=1000
[2026-08-24T15:48:05] METRIC cache_hit_ratio=0.89
[2026-08-24T15:48:05] RUN_END status=OK
[2026-08-24T15:48:48] RUN_START run_id=SCALE_O_PythonNDN_1000_042
[2026-08-24T15:48:48] PARAM implementation=PythonNDN
[2026-08-24T15:48:48] METRIC unique_content_objects=1000
[2026-08-24T15:48:48] METRIC cache_hit_ratio=0.9271
[2026-08-24T15:48:48] RUN_END status=OK
[2026-08-24T17:29:47] RUN_START run_id=SCALE_O_PythonNDN_1000_043
[2026-08-24T17:29:47] PARAM implementation=PythonNDN
[2026-08-24T17:29:47] METRIC unique_content_objects=1000
[2026-08-24T17:29:47] METRIC cache_hit_ratio=0.8798
[2026-08-24T17:29:47] RUN_END status=OK
[2026-08-24T17:33:13] RUN_START run_id=SCALE_O_PythonNDN_1000_044
[2026-08-24T17:33:13] PARAM implementation=PythonNDN
[2026-08-24T17:33:13] METRIC unique_content_objects=1000
[2026-08-24T17:33:13] METRIC cache_hit_ratio=0.9442
[2026-08-24T17:33:13] RUN_END status=OK
[2026-08-24T17:35:23] RUN_START run_id=SCALE_O_NFD_300000_141
[2026-08-24T17:35:23] PARAM implementation=NFD
[2026-08-24T17:35:23] METRIC unique_content_objects=300000
[2026-08-24T17:35:23] METRIC cache_hit_ratio=0.4422
[2026-08-24T17:35:23] RUN_END status=OK
[2026-08-24T17:36:33] RUN_START run_id=SCALE_O_PythonNDN_1000_045
[2026-08-24T17:36:33] PARAM implementation=PythonNDN
[2026-08-24T17:36:33] METRIC unique_content_objects=1000
[2026-08-24T17:36:33] METRIC cache_hit_ratio=0.9522
[2026-08-24T17:36:33] RUN_END status=OK
[2026-08-24T17:37:38] RUN_START run_id=SCALE_O_PythonNDN_1000_046
[2026-08-24T17:37:38] PARAM implementation=PythonNDN
[2026-08-24T17:37:38] METRIC unique_content_objects=1000
[2026-08-24T17:37:38] METRIC cache_hit_ratio=0.8466
[2026-08-24T17:37:38] RUN_END status=OK
[2026-08-24T17:39:27] RUN_START run_id=SCALE_O_PythonNDN_1000_047
[2026-08-24T17:39:27] PARAM implementation=PythonNDN
[2026-08-24T17:39:27] METRIC unique_content_objects=1000
[2026-08-24T17:39:27] METRIC cache_hit_ratio=0.9634
[2026-08-24T17:39:27] RUN_END status=OK
[2026-08-24T17:39:40] RUN_START run_id=SCALE_O_NFD_300000_142
[2026-08-24T17:39:40] PARAM implementation=NFD
[2026-08-24T17:39:40] METRIC unique_content_objects=300000
[2026-08-24T17:39:40] METRIC cache_hit_ratio=0.4668
[2026-08-24T17:39:40] RUN_END status=OK
[2026-08-24T17:41:36] RUN_START run_id=SCALE_O_PythonNDN_1000_048
[2026-08-24T17:41:36] PARAM implementation=PythonNDN
[2026-08-24T17:41:36] METRIC unique_content_objects=1000
[2026-08-24T17:41:36] METRIC cache_hit_ratio=0.9245
[2026-08-24T17:41:36] RUN_END status=OK
[2026-08-24T17:44:38] RUN_START run_id=SCALE_O_NFD_300000_143
[2026-08-24T17:44:38] PARAM implementation=NFD
[2026-08-24T17:44:38] METRIC unique_content_objects=300000
[2026-08-24T17:44:38] METRIC cache_hit_ratio=0.4684
[2026-08-24T17:44:38] RUN_END status=OK
[2026-08-24T17:44:50] RUN_START run_id=SCALE_O_PythonNDN_1000_049
[2026-08-24T17:44:50] PARAM implementation=PythonNDN
[2026-08-24T17:44:50] METRIC unique_content_objects=1000
[2026-08-24T17:44:50] METRIC cache_hit_ratio=0.9035
[2026-08-24T17:44:50] RUN_END status=OK
[2026-08-24T17:46:46] RUN_START run_id=SCALE_O_NFD_300000_144
[2026-08-24T17:46:46] PARAM implementation=NFD
[2026-08-24T17:46:46] METRIC unique_content_objects=300000
[2026-08-24T17:46:46] METRIC cache_hit_ratio=0.4091
[2026-08-24T17:46:46] RUN_END status=OK
[2026-08-24T17:48:34] RUN_START run_id=SCALE_O_NFD_300000_145
[2026-08-24T17:48:34] PARAM implementation=NFD
[2026-08-24T17:48:34] METRIC unique_content_objects=300000
[2026-08-24T17:48:34] METRIC cache_hit_ratio=0.4528
[2026-08-24T17:48:34] RUN_END status=OK
