[2026-08-17T22:59:56] RUN_START run_id=SCALE_O_NFD_5000000_135
[2026-08-17T22:59:56] PARAM implementation=NFD
[2026-08-17T22:59:56] METRIC unique_content_objects=5000000
[2026-08-17T22:59:56] METRIC cache_hit_ratio=0.0963
[2026-08-17T22:59:56] RUN_END status=OK
[2026-08-17T23:02:13] RUN_START run_id=SCALE_O_NFD_5000000_136
[2026-08-17T23:02:13] PARAM implementation=NFD
[2026-08-17T23:02:13] METRIC unique_content_objects=5000000
[2026-08-17T23:02:13] METRIC cache_hit_ratio=0.0929
[2026-08-17T23:02:13] RUN_END status=OK
[2026-08-17T23:04:39] RUN_START run_id=SCALE_O_NFD_5000000_137
[2026-08-17T23:04:39] PARAM implementation=NFD
[2026-08-17T23:04:39] METRIC unique_content_objects=5000000
[2026-08-17T23:04:39] METRIC cache_hit_ratio=0.0902
[2026-08-17T23:04:39] RUN_END status=OK
[2026-08-17T23:07:07] RUN_START run_id=SCALE_O_NFD_5000000_138
[2026-08-17T23:07:07] PARAM implementation=NFD
[2026-08-17T23:07:07] METRIC unique_content_objects=5000000
[2026-08-17T23:07:07] METRIC cache_hit_ratio=0.1035
[2026-08-17T23:07:07] RUN_END status=OK
[2026-08-17T23:09:55] RUN_START run_id=SCALE_O_NFD_5000000_139
[2026-08-17T23:09:55] PARAM implementation=NFD
[2026-08-17T23:09:55] METRIC unique_content_objects=5000000
[2026-08-17T23:09:55] METRIC cache_hit_ratio=0.1008
[2026-08-17T23:09:55] RUN_END status=OK
[2026-08-17T23:13:46] RUN_START run_id=SCALE_O_NFD_5000000_140
[2026-08-17T23:13:46] PARAM implementation=NFD
[2026-08-17T23:13:46] METRIC unique_content_objects=5000000
[2026-08-17T23:13:46] METRIC cache_hit_ratio=0.098
[2026-08-17T23:13:46] RUN_END status=OK
[2026-08-17T23:16:12] RUN_START run_id=SCALE_O_NFD_5000000_141
[2026-08-17T23:16:12] PARAM implementation=NFD
[2026-08-17T23:16:12] METRIC unique_content_objects=5000000
[2026-08-17T23:16:12] METRIC cache_hit_ratio=0.0992
[2026-08-17T23:16:12] RUN_END status=OK
[2026-08-17T23:19:39] RUN_START run_id=SCALE_O_NFD_5000000_142
[2026-08-17T23:19:39] PARAM implementation=NFD
[2026-08-17T23:19:39] METRIC unique_content_objects=5000000
[2026-08-17T23:19:39] METRIC cache_hit_ratio=0.0945
[2026-08-17T23:19:39] RUN_END status=OK
[2026-08-17T23:21:47] RUN_START run_id=SCALE_O_NFD_5000000_143
[2026-08-17T23:21:47] PARAM implementation=NFD
[2026-08-17T23:21:47] METRIC unique_content_objects=5000000
[2026-08-17T23:21:47] METRIC cache_hit_ratio=0.0977
[2026-08-17T23:21:47] RUN_END status=OK
[2026-08-17T23:56:46] RUN_START run_id=SCALE_O_uDCN_1000_103
[2026-08-17T23:56:46] PARAM implementation=uDCN
[2026-08-17T23:56:46] METRIC unique_content_objects=1000
[2026-08-17T23:56:46] METRIC cache_hit_ratio=0.9397
[2026-08-17T23:56:46] RUN_END status=OK
[2026-08-17T23:58:26] RUN_START run_id=SCALE_O_uDCN_1000_104
[2026-08-17T23:58:26] PARAM implementation=uDCN
[2026-08-17T23:58:26] METRIC unique_content_objects=1000
[2026-08-17T23:58:26] METRIC cache_hit_ratio=0.9741
[2026-08-17T23:58:26] RUN_END status=OK
[2026-08-18T00:00:25] RUN_START run_id=SCALE_O_uDCN_1000_105
[2026-08-18T00:00:25] PARAM implementation=uDCN
[2026-08-18T00:00:25] METRIC unique_content_objects=1000
[2026-08-18T00:00:25] METRIC cache_hit_ratio=0.9186
[2026-08-18T00:00:25] RUN_END status=OK
[2026-08-18T00:05:11] RUN_START run_id=SCALE_O_uDCN_1000_106
[2026-08-18T00:05:11] PARAM implementation=uDCN
[2026-08-18T00:05:11] METRIC unique_content_objects=1000
[2026-08-18T00:05:11] METRIC cache_hit_ratio=1.0
[2026-08-18T00:05:11] RUN_END status=OK
[2026-08-18T00:08:09] RUN_START run_id=SCALE_O_uDCN_1000_107
[2026-08-18T00:08:09] PARAM implementation=uDCN
[2026-08-18T00:08:09] METRIC unique_content_objects=1000
[2026-08-18T00:08:09] METRIC cache_hit_ratio=0.9086
[2026-08-18T00:08:09] RUN_END status=OK
[2026-08-18T00:10:11] RUN_START run_id=SCALE_O_uDCN_1000_108
[2026-08-18T00:10:11] PARAM implementation=uDCN
[2026-08-18T00:10:11] METRIC unique_content_objects=1000
[2026-08-18T00:10:11] METRIC cache_hit_ratio=0.9323
[2026-08-18T00:10:11] RUN_END status=OK
[2026-08-18T00:14:02] RUN_START run_id=SCALE_O_uDCN_1000_109
[2026-08-18T00:14:02] PARAM implementation=uDCN
[2026-08-18T00:14:02] METRIC unique_content_objects=1000
[2026-08-18T00:14:02] METRIC cache_hit_ratio=0.9575
[2026-08-18T00:14:02] RUN_END status=OK
[2026-08-18T00:18:43] RUN_START run_id=SCALE_O_uDCN_1000_110
[2026-08-18T00:18:43] PARAM implementation=uDCN
[2026-08-18T00:18:43] METRIC unique_content_objects=1000
[2026-08-18T00:18:43] METRIC cache_hit_ratio=1.0
[2026-08-18T00:18:43] RUN_END status=OK
[2026-08-18T00:20:29] RUN_START run_id=SCALE_O_uDCN_1000_111
[2026-08-18T00:20:29] PARAM implementation=uDCN
[2026-08-18T00:20:29] METRIC unique_content_objects=1000
[2026-08-18T00:20:29] METRIC cache_hit_ratio=0.965
[2026-08-18T00:20:29] RUN_END status=OK
[2026-08-18T00:25:22] RUN_START run_id=SCALE_O_uDCN_1000_112
[2026-08-18T00:25:22] PARAM implementation=uDCN
[2026-08-18T00:25:22] METRIC unique_content_objects=1000
[2026-08-18T00:25:22] METRIC cache_hit_ratio=0.9224
[2026-08-18T00:25:22] RUN_END status=OK
[2026-08-18T00:26:58] RUN_START run_id=SCALE_O_uDCN_1000_113
[2026-08-18T00:26:58] PARAM implementation=uDCN
[2026-08-18T00:26:58] METRIC unique_content_objects=1000
[2026-08-18T00:26:58] METRIC cache_hit_ratio=0.8745
[2026-08-18T00:26:58] RUN_END status=OK
