[2026-08-16T21:52:22] RUN_START run_id=SCALE_O_NFD_1000_083
[2026-08-16T21:52:22] PARAM implementation=NFD
[2026-08-16T21:52:22] METRIC unique_content_objects=1000
[2026-08-16T21:52:22] METRIC cache_hit_ratio=0.9514
[2026-08-16T21:52:22] RUN_END status=OK
[2026-08-16T21:55:44] RUN_START run_id=SCALE_O_NFD_1000_084
[2026-08-16T21:55:44] PARAM implementation=NFD
[2026-08-16T21:55:44] METRIC unique_content_objects=1000
[2026-08-16T21:55:44] METRIC cache_hit_ratio=0.9318
[2026-08-16T21:55:44] RUN_END status=OK
[2026-08-16T21:59:05] RUN_START run_id=SCALE_O_NFD_1000_085
[2026-08-16T21:59:05] PARAM implementation=NFD
[2026-08-16T21:59:05] METRIC unique_content_objects=1000
[2026-08-16T21:59:05] METRIC cache_hit_ratio=0.8604
[2026-08-16T21:59:05] RUN_END status=OK
[2026-08-16T22:01:04] RUN_START run_id=SCALE_O_NFD_1000_086
[2026-08-16T22:01:04] PARAM implementation=NFD
[2026-08-16T22:01:04] METRIC unique_content_objects=1000
[2026-08-16T22:01:04] METRIC cache_hit_ratio=0.9236
[2026-08-16T22:01:04] RUN_END status=OK
[2026-08-16T22:03:46] RUN_START run_id=SCALE_O_NFD_1000_087
[2026-08-16T22:03:46] PARAM implementation=NFD
[2026-08-16T22:03:46] METRIC unique_content_objects=1000
[2026-08-16T22:03:46] METRIC cache_hit_ratio=0.97
[2026-08-16T22:03:46] RUN_END status=OK
[2026-08-16T22:06:15] RUN_START run_id=SCALE_O_NFD_1000_088
[2026-08-16T22:06:15] PARAM implementation=NFD
[2026-08-16T22:06:15] METRIC unique_content_objects=1000
[2026-08-16T22:06:15] METRIC cache_hit_ratio=0.9381
[2026-08-16T22:06:15] RUN_END status=OK
[2026-08-16T22:07:41] RUN_START run_id=SCALE_O_NFD_1000_089
[2026-08-16T22:07:41] PARAM implementation=NFD
[2026-08-16T22:07:41] METRIC unique_content_objects=1000
[2026-08-16T22:07:41] METRIC cache_hit_ratio=0.929
[2026-08-16T22:07:41] RUN_END status=OK
[2026-08-16T22:11:53] RUN_START run_id=SCALE_O_NFD_1000_090
[2026-08-16T22:11:53] PARAM implementation=NFD
[2026-08-16T22:11:53] METRIC unique_content_objects=1000
[2026-08-16T22:11:53] METRIC cache_hit_ratio=0.8977
[2026-08-16T22:11:53] RUN_END status=OK
[2026-08-16T22:14:09] RUN_START run_id=SCALE_O_NFD_1000_091
[2026-08-16T22:14:09] PARAM implementation=NFD
[2026-08-16T22:14:09] METRIC unique_content_objects=1000
[2026-08-16T22:14:09] METRIC cache_hit_ratio=0.889
[2026-08-16T22:14:09] RUN_END status=OK
[2026-08-16T22:15:21] RUN_START run_id=SCALE_O_NFD_1000_092
[2026-08-16T22:15:21] PARAM implementation=NFD
[2026-08-16T22:15:21] METRIC unique_content_objects=1000
[2026-08-16T22:15:21] METRIC cache_hit_ratio=0.8411
[2026-08-16T22:15:21] RUN_END status=OK
