[2026-08-18T22:14:13] RUN_START run_id=SCALE_O_uDCN_300000_097
[2026-08-18T22:14:13] PARAM implementation=uDCN
[2026-08-18T22:14:13] METRIC unique_content_objects=300000
[2026-08-18T22:14:13] METRIC cache_hit_ratio=0.6022
[2026-08-18T22:14:13] RUN_END status=OK
[2026-08-18T22:15:41] RUN_START run_id=SCALE_O_CCNlite_100000_121
[2026-08-18T22:15:41] PARAM implementation=CCNlite
[2026-08-18T22:15:41] METRIC unique_content_objects=100000
[2026-08-18T22:15:41] METRIC cache_hit_ratio=0.6186
[2026-08-18T22:15:41] RUN_END status=OK
[2026-08-18T22:16:12] RUN_START run_id=SCALE_O_PythonNDN_300000_072
[2026-08-18T22:16:12] PARAM implementation=PythonNDN
[2026-08-18T22:16:12] METRIC unique_content_objects=300000
[2026-08-18T22:16:12] METRIC cache_hit_ratio=0.2451
[2026-08-18T22:16:12] RUN_END status=OK
[2026-08-18T22:17:25] RUN_START run_id=SCALE_O_uDCN_300000_098
[2026-08-18T22:17:25] PARAM implementation=uDCN
[2026-08-18T22:17:25] METRIC unique_content_objects=300000
[2026-08-18T22:17:25] METRIC cache_hit_ratio=0.5831
[2026-08-18T22:17:25] RUN_END status=OK
[2026-08-18T22:19:03] RUN_START run_id=SCALE_O_CCNlite_100000_122
[2026-08-18T22:19:03] PARAM implementation=CCNlite
[2026-08-18T22:19:03] METRIC unique_content_objects=100000
[2026-08-18T22:19:03] METRIC cache_hit_ratio=0.6958
[2026-08-18T22:19:03] RUN_END status=OK
[2026-08-18T22:19:59] RUN_START run_id=SCALE_O_uDCN_300000_099
[2026-08-18T22:19:59] PARAM implementation=uDCN
[2026-08-18T22:19:59] METRIC unique_content_objects=300000
[2026-08-18T22:19:59] METRIC cache_hit_ratio=0.6011
[2026-08-18T22:19:59] RUN_END status=OK
[2026-08-18T22:20:40] RUN_START run_id=SCALE_O_CCNlite_100000_123
[2026-08-18T22:20:40] PARAM implementation=CCNlite
[2026-08-18T22:20:40] METRIC unique_content_objects=100000
[2026-08-18T22:20:40] METRIC cache_hit_ratio=0.6333
[2026-08-18T22:20:40] RUN_END status=OK
[2026-08-18T22:21:19] RUN_START run_id=SCALE_O_uDCN_300000_100
[2026-08-18T22:21:19] PARAM implementation=uDCN
[2026-08-18T22:21:19] METRIC unique_content_objects=300000
[2026-08-18T22:21:19] METRIC cache_hit_ratio=0.6616
[2026-08-18T22:21:19] RUN_END status=OK
[2026-08-18T22:21:26] RUN_START run_id=SCALE_O_PythonNDN_300000_073
[2026-08-18T22:21:26] PARAM implementation=PythonNDN
[2026-08-18T22:21:26] METRIC unique_content_objects=300000
[2026-08-18T22:21:26] METRIC cache_hit_ratio=0.2542
[2026-08-18T22:21:26] RUN_END status=OK
[2026-08-18T22:22:13] RUN_START run_id=SCALE_O_CCNlite_100000_124
[2026-08-18T22:22:13] PARAM implementation=CCNlite
[2026-08-18T22:22:13] METRIC unique_content_objects=100000
[2026-08-18T22:22:13] METRIC cache_hit_ratio=0.6963
[2026-08-18T22:22:13] RUN_END status=OK
[2026-08-18T22:22:46] RUN_START run_id=SCALE_O_uDCN_300000_101
[2026-08-18T22:22:46] PARAM implementation=uDCN
[2026-08-18T22:22:46] METRIC unique_content_objects=300000
[2026-08-18T22:22:46] METRIC cache_hit_ratio=0.5981
[2026-08-18T22:22:46] RUN_END status=OK
[2026-08-18T22:23:44] RUN_START run_id=SCALE_O_uDCN_300000_102
[2026-08-18T22:23:44] PARAM implementation=uDCN
[2026-08-18T22:23:44] METRIC unique_content_objects=300000
[2026-08-18T22:23:44] METRIC cache_hit_ratio=0.5776
[2026-08-18T22:23:44] RUN_END status=OK
[2026-08-18T22:25:01] RUN_START run_id=SCALE_O_CCNlite_100000_125
[2026-08-18T22:25:01] PARAM implementation=CCNlite
[2026-08-18T22:25:01] METRIC unique_content_objects=100000
[2026-08-18T22:25:01] METRIC cache_hit_ratio=0.6558
[2026-08-18T22:25:01] RUN_END status=OK
[2026-08-18T22:25:35] RUN_START run_id=SCALE_O_PythonNDN_300000_074
[2026-08-18T22:25:35] PARAM implementation=PythonNDN
[2026-08-18T22:25:35] METRIC unique_content_objects=300000
[2026-08-18T22:25:35] METRIC cache_hit_ratio=0.2726
[2026-08-18T22:25:35] RUN_END status=OK
[2026-08-18T22:26:23] RUN_START run_id=SCALE_O_PythonNDN_300000_075
[2026-08-18T22:26:23] PARAM implementation=PythonNDN
[2026-08-18T22:26:23] METRIC unique_content_objects=300000
[2026-08-18T22:26:23] METRIC cache_hit_ratio=0.2507
[2026-08-18T22:26:23] RUN_END status=OK
