[2026-08-25T16:00:32] RUN_START run_id=SCALE_O_NFD_100000_125
[2026-08-25T16:00:32] PARAM implementation=NFD
[2026-08-25T16:00:32] METRIC unique_content_objects=100000
[2026-08-25T16:00:32] METRIC cache_hit_ratio=0.6767
[2026-08-25T16:00:32] RUN_END status=OK
[2026-08-25T16:01:05] RUN_START run_id=SCALE_O_NFD_100000_126
[2026-08-25T16:01:05] PARAM implementation=NFD
[2026-08-25T16:01:05] METRIC unique_content_objects=100000
[2026-08-25T16:01:05] METRIC cache_hit_ratio=0.6442
[2026-08-25T16:01:05] RUN_END status=OK
[2026-08-25T16:04:33] RUN_START run_id=SCALE_O_NFD_100000_127
[2026-08-25T16:04:33] PARAM implementation=NFD
[2026-08-25T16:04:33] METRIC unique_content_objects=100000
[2026-08-25T16:04:33] METRIC cache_hit_ratio=0.5951
[2026-08-25T16:04:33] RUN_END status=OK
[2026-08-25T16:08:21] RUN_START run_id=SCALE_O_NFD_100000_128
[2026-08-25T16:08:21] PARAM implementation=NFD
[2026-08-25T16:08:21] METRIC unique_content_objects=100000
[2026-08-25T16:08:21] METRIC cache_hit_ratio=0.6378
[2026-08-25T16:08:21] RUN_END status=OK
[2026-08-25T16:09:09] RUN_START run_id=SCALE_O_NFD_100000_129
[2026-08-25T16:09:09] PARAM implementation=NFD
[2026-08-25T16:09:09] METRIC unique_content_objects=100000
[2026-08-25T16:09:09] METRIC cache_hit_ratio=0.6759
[2026-08-25T16:09:09] RUN_END status=OK
[2026-08-25T16:09:37] RUN_START run_id=SCALE_O_NFD_100000_130
[2026-08-25T16:09:37] PARAM implementation=NFD
[2026-08-25T16:09:37] METRIC unique_content_objects=100000
[2026-08-25T16:09:37] METRIC cache_hit_ratio=0.6284
[2026-08-25T16:09:37] RUN_END status=OK
[2026-08-25T16:11:50] RUN_START run_id=SCALE_O_NFD_100000_131
[2026-08-25T16:11:50] PARAM implementation=NFD
[2026-08-25T16:11:50] METRIC unique_content_objects=100000
[2026-08-25T16:11:50] METRIC cache_hit_ratio=0.6725
[2026-08-25T16:11:50] RUN_END status=OK
[2026-08-25T16:15:31] RUN_START run_id=SCALE_O_NFD_100000_132
[2026-08-25T16:15:31] PARAM implementation=NFD
[2026-08-25T16:15:31] METRIC unique_content_objects=100000
[2026-08-25T16:15:31] METRIC cache_hit_ratio=0.5954
[2026-08-25T16:15:31] RUN_END status=OK
[2026-08-25T16:17:58] RUN_START run_id=SCALE_O_NFD_100000_133
[2026-08-25T16:17:58] PARAM implementation=NFD
[2026-08-25T16:17:58] METRIC unique_content_objects=100000
[2026-08-25T16:17:58] METRIC cache_hit_ratio=0.6907
[2026-08-25T16:17:58] RUN_END status=OK
[2026-08-25T16:20:08] RUN_START run_id=SCALE_O_NFD_100000_134
[2026-08-25T16:20:08] PARAM implementation=NFD
[2026-08-25T16:20:08] METRIC unique_content_objects=100000
[2026-08-25T16:20:08] METRIC cache_hit_ratio=0.6239
[2026-08-25T16:20:08] RUN_END status=OK
[2026-08-25T16:25:12] RUN_START run_id=SCALE_O_NFD_100000_135
[2026-08-25T16:25:12] PARAM implementation=NFD
[2026-08-25T16:25:12] METRIC unique_content_objects=100000
[2026-08-25T16:25:12] METRIC cache_hit_ratio=0.6346
[2026-08-25T16:25:12] RUN_END status=OK
