[2026-08-19T12:03:21] RUN_START run_id=SCALE_O_NFD_1000000_113
[2026-08-19T12:03:21] PARAM implementation=NFD
[2026-08-19T12:03:21] METRIC unique_content_objects=1000000
[2026-08-19T12:03:21] METRIC cache_hit_ratio=0.247
[2026-08-19T12:03:21] RUN_END status=OK
[2026-08-19T12:04:17] RUN_START run_id=SCALE_O_CCNlite_5000000_085
[2026-08-19T12:04:17] PARAM implementation=CCNlite
[2026-08-19T12:04:17] METRIC unique_content_objects=5000000
[2026-08-19T12:04:17] METRIC cache_hit_ratio=0.116
[2026-08-19T12:04:17] RUN_END status=OK
[2026-08-19T12:05:58] RUN_START run_id=SCALE_O_NFD_1000000_114
[2026-08-19T12:05:58] PARAM implementation=NFD
[2026-08-19T12:05:58] METRIC unique_content_objects=1000000
[2026-08-19T12:05:58] METRIC cache_hit_ratio=0.2424
[2026-08-19T12:05:58] RUN_END status=OK
[2026-08-19T12:06:08] RUN_START run_id=SCALE_O_CCNlite_5000000_086
[2026-08-19T12:06:08] PARAM implementation=CCNlite
[2026-08-19T12:06:08] METRIC unique_content_objects=5000000
[2026-08-19T12:06:08] METRIC cache_hit_ratio=0.1109
[2026-08-19T12:06:08] RUN_END status=OK
[2026-08-19T12:07:11] RUN_START run_id=SCALE_O_CCNlite_5000000_087
[2026-08-19T12:07:11] PARAM implementation=CCNlite
[2026-08-19T12:07:11] METRIC unique_content_objects=5000000
[2026-08-19T12:07:11] METRIC cache_hit_ratio=0.105
[2026-08-19T12:07:11] RUN_END status=OK
[2026-08-19T12:10:49] RUN_START run_id=SCALE_O_CCNlite_5000000_088
[2026-08-19T12:10:49] PARAM implementation=CCNlite
[2026-08-19T12:10:49] METRIC unique_content_objects=5000000
[2026-08-19T12:10:49] METRIC cache_hit_ratio=0.1071
[2026-08-19T12:10:49] RUN_END status=OK
[2026-08-19T12:11:35] RUN_START run_id=SCALE_O_CCNlite_5000000_089
[2026-08-19T12:11:35] PARAM implementation=CCNlite
[2026-08-19T12:11:35] METRIC unique_content_objects=5000000
[2026-08-19T12:11:35] METRIC cache_hit_ratio=0.1184
[2026-08-19T12:11:35] RUN_END status=OK
[2026-08-19T12:12:50] RUN_START run_id=SCALE_O_CCNlite_5000000_090
[2026-08-19T12:12:50] PARAM implementation=CCNlite
[2026-08-19T12:12:50] METRIC unique_content_objects=5000000
[2026-08-19T12:12:50] METRIC cache_hit_ratio=0.1127
[2026-08-19T12:12:50] RUN_END status=OK
[2026-08-19T12:13:55] RUN_START run_id=SCALE_O_CCNlite_5000000_091
[2026-08-19T12:13:55] PARAM implementation=CCNlite
[2026-08-19T12:13:55] METRIC unique_content_objects=5000000
[2026-08-19T12:13:55] METRIC cache_hit_ratio=0.1121
[2026-08-19T12:13:55] RUN_END status=OK
[2026-08-19T12:15:11] RUN_START run_id=SCALE_O_CCNlite_5000000_092
[2026-08-19T12:15:11] PARAM implementation=CCNlite
[2026-08-19T12:15:11] METRIC unique_content_objects=5000000
[2026-08-19T12:15:11] METRIC cache_hit_ratio=0.1028
[2026-08-19T12:15:11] RUN_END status=OK
[2026-08-19T12:16:42] RUN_START run_id=SCALE_O_CCNlite_5000000_093
[2026-08-19T12:16:42] PARAM implementation=CCNlite
[2026-08-19T12:16:42] METRIC unique_content_objects=5000000
[2026-08-19T12:16:42] METRIC cache_hit_ratio=0.1066
[2026-08-19T12:16:42] RUN_END status=OK
[2026-08-19T12:23:11] RUN_START run_id=SCALE_O_CCNlite_5000000_094
[2026-08-19T12:23:11] PARAM implementation=CCNlite
[2026-08-19T12:23:11] METRIC unique_content_objects=5000000
[2026-08-19T12:23:11] METRIC cache_hit_ratio=0.1087
[2026-08-19T12:23:11] RUN_END status=OK
[2026-08-19T12:27:47] RUN_START run_id=SCALE_O_CCNlite_5000000_095
[2026-08-19T12:27:47] PARAM implementation=CCNlite
[2026-08-19T12:27:47] METRIC unique_content_objects=5000000
[2026-08-19T12:27:47] METRIC cache_hit_ratio=0.1054
[2026-08-19T12:27:47] RUN_END status=OK
[2026-08-19T12:29:53] RUN_START run_id=SCALE_O_CCNlite_5000000_096
[2026-08-19T12:29:53] PARAM implementation=CCNlite
[2026-08-19T12:29:53] METRIC unique_content_objects=5000000
[2026-08-19T12:29:53] METRIC cache_hit_ratio=0.1121
[2026-08-19T12:29:53] RUN_END status=OK
[2026-08-19T12:30:51] RUN_START run_id=08_scalability_content_DISCARDED_0136
[2026-08-19T12:30:51] RUN_ABORTED reason=cache_warmup_incomplete: content-store did not reach steady-state hit ratio within the 30s warm-up window, run discarded
