[2026-08-19T10:52:41] RUN_START run_id=SCALE_O_NFD_10000_026
[2026-08-19T10:52:41] PARAM implementation=NFD
[2026-08-19T10:52:41] METRIC unique_content_objects=10000
[2026-08-19T10:52:41] METRIC cache_hit_ratio=0.7876
[2026-08-19T10:52:41] RUN_END status=OK
[2026-08-19T10:54:36] RUN_START run_id=SCALE_O_NFD_1000000_085
[2026-08-19T10:54:36] PARAM implementation=NFD
[2026-08-19T10:54:36] METRIC unique_content_objects=1000000
[2026-08-19T10:54:36] METRIC cache_hit_ratio=0.2494
[2026-08-19T10:54:36] RUN_END status=OK
[2026-08-19T10:55:27] RUN_START run_id=SCALE_O_NFD_10000_027
[2026-08-19T10:55:27] PARAM implementation=NFD
[2026-08-19T10:55:27] METRIC unique_content_objects=10000
[2026-08-19T10:55:27] METRIC cache_hit_ratio=0.8795
[2026-08-19T10:55:27] RUN_END status=OK
[2026-08-19T10:55:33] RUN_START run_id=SCALE_O_NFD_1000000_086
[2026-08-19T10:55:33] PARAM implementation=NFD
[2026-08-19T10:55:33] METRIC unique_content_objects=1000000
[2026-08-19T10:55:33] METRIC cache_hit_ratio=0.2495
[2026-08-19T10:55:33] RUN_END status=OK
[2026-08-19T10:56:57] RUN_START run_id=SCALE_O_NFD_10000_028
[2026-08-19T10:56:57] PARAM implementation=NFD
[2026-08-19T10:56:57] METRIC unique_content_objects=10000
[2026-08-19T10:56:57] METRIC cache_hit_ratio=0.8116
[2026-08-19T10:56:57] RUN_END status=OK
[2026-08-19T10:57:51] RUN_START run_id=SCALE_O_NFD_10000_029
[2026-08-19T10:57:51] PARAM implementation=NFD
[2026-08-19T10:57:51] METRIC unique_content_objects=10000
[2026-08-19T10:57:51] METRIC cache_hit_ratio=0.8094
[2026-08-19T10:57:51] RUN_END status=OK
[2026-08-19T10:58:50] RUN_START run_id=SCALE_O_NFD_1000000_087
[2026-08-19T10:58:50] PARAM implementation=NFD
[2026-08-19T10:58:50] METRIC unique_content_objects=1000000
[2026-08-19T10:58:50] METRIC cache_hit_ratio=0.2421
[2026-08-19T10:58:50] RUN_END status=OK
[2026-08-19T11:00:16] RUN_START run_id=SCALE_O_NFD_1000000_088
[2026-08-19T11:00:16] PARAM implementation=NFD
[2026-08-19T11:00:16] METRIC unique_content_objects=1000000
[2026-08-19T11:00:16] METRIC cache_hit_ratio=0.229
[2026-08-19T11:00:16] RUN_END status=OK
[2026-08-19T11:01:05] RUN_START run_id=SCALE_O_NFD_10000_030
[2026-08-19T11:01:05] PARAM implementation=NFD
[2026-08-19T11:01:05] METRIC unique_content_objects=10000
[2026-08-19T11:01:05] METRIC cache_hit_ratio=0.7838
[2026-08-19T11:01:05] RUN_END status=OK
[2026-08-19T11:02:05] RUN_START run_id=SCALE_O_NFD_1000000_089
[2026-08-19T11:02:05] PARAM implementation=NFD
[2026-08-19T11:02:05] METRIC unique_content_objects=1000000
[2026-08-19T11:02:05] METRIC cache_hit_ratio=0.2518
[2026-08-19T11:02:05] RUN_END status=OK
[2026-08-19T11:02:38] RUN_START run_id=SCALE_O_CCNlite_100000_137
[2026-08-19T11:02:38] PARAM implementation=CCNlite
[2026-08-19T11:02:38] METRIC unique_content_objects=100000
[2026-08-19T11:02:38] METRIC cache_hit_ratio=0.6693
[2026-08-19T11:02:38] RUN_END status=OK
[2026-08-19T11:03:08] RUN_START run_id=SCALE_O_NFD_10000_031
[2026-08-19T11:03:08] PARAM implementation=NFD
[2026-08-19T11:03:08] METRIC unique_content_objects=10000
[2026-08-19T11:03:08] METRIC cache_hit_ratio=0.8033
[2026-08-19T11:03:08] RUN_END status=OK
[2026-08-19T11:03:41] RUN_START run_id=SCALE_O_CCNlite_100000_138
[2026-08-19T11:03:41] PARAM implementation=CCNlite
[2026-08-19T11:03:41] METRIC unique_content_objects=100000
[2026-08-19T11:03:41] METRIC cache_hit_ratio=0.5653
[2026-08-19T11:03:41] RUN_END status=OK
[2026-08-19T11:05:20] RUN_START run_id=SCALE_O_NFD_1000000_090
[2026-08-19T11:05:20] PARAM implementation=NFD
[2026-08-19T11:05:20] METRIC unique_content_objects=1000000
[2026-08-19T11:05:20] METRIC cache_hit_ratio=0.2307
[2026-08-19T11:05:20] RUN_END status=OK
[2026-08-19T11:05:21] RUN_START run_id=08_scalability_content_DISCARDED_0133
[2026-08-19T11:05:21] RUN_ABORTED reason=cache_warmup_incomplete: content-store did not reach steady-state hit ratio within the 30s warm-up window, run discarded
[2026-08-19T11:05:26] RUN_START run_id=SCALE_O_CCNlite_100000_139
[2026-08-19T11:05:26] PARAM implementation=CCNlite
[2026-08-19T11:05:26] METRIC unique_content_objects=100000
[2026-08-19T11:05:26] METRIC cache_hit_ratio=0.6525
[2026-08-19T11:05:26] RUN_END status=OK
[2026-08-19T11:06:12] RUN_START run_id=SCALE_O_CCNlite_100000_140
[2026-08-19T11:06:12] PARAM implementation=CCNlite
[2026-08-19T11:06:12] METRIC unique_content_objects=100000
[2026-08-19T11:06:12] METRIC cache_hit_ratio=0.6471
[2026-08-19T11:06:12] RUN_END status=OK
[2026-08-19T11:06:39] RUN_START run_id=SCALE_O_NFD_1000000_091
[2026-08-19T11:06:39] PARAM implementation=NFD
[2026-08-19T11:06:39] METRIC unique_content_objects=1000000
[2026-08-19T11:06:39] METRIC cache_hit_ratio=0.2492
[2026-08-19T11:06:39] RUN_END status=OK
[2026-08-19T11:07:35] RUN_START run_id=SCALE_O_CCNlite_100000_141
[2026-08-19T11:07:35] PARAM implementation=CCNlite
[2026-08-19T11:07:35] METRIC unique_content_objects=100000
[2026-08-19T11:07:35] METRIC cache_hit_ratio=0.6258
[2026-08-19T11:07:35] RUN_END status=OK
[2026-08-19T11:08:35] RUN_START run_id=SCALE_O_CCNlite_100000_142
[2026-08-19T11:08:35] PARAM implementation=CCNlite
[2026-08-19T11:08:35] METRIC unique_content_objects=100000
[2026-08-19T11:08:35] METRIC cache_hit_ratio=0.6112
[2026-08-19T11:08:35] RUN_END status=OK
[2026-08-19T11:10:23] RUN_START run_id=SCALE_O_NFD_1000000_092
[2026-08-19T11:10:23] PARAM implementation=NFD
[2026-08-19T11:10:23] METRIC unique_content_objects=1000000
[2026-08-19T11:10:23] METRIC cache_hit_ratio=0.2549
[2026-08-19T11:10:23] RUN_END status=OK
