[2026-08-17T10:27:35] RUN_START run_id=SCALE_O_PythonNDN_300000_032
[2026-08-17T10:27:35] PARAM implementation=PythonNDN
[2026-08-17T10:27:35] METRIC unique_content_objects=300000
[2026-08-17T10:27:35] METRIC cache_hit_ratio=0.2708
[2026-08-17T10:27:35] RUN_END status=OK
[2026-08-17T10:36:55] RUN_START run_id=SCALE_O_PythonNDN_300000_033
[2026-08-17T10:36:55] PARAM implementation=PythonNDN
[2026-08-17T10:36:55] METRIC unique_content_objects=300000
[2026-08-17T10:36:55] METRIC cache_hit_ratio=0.2357
[2026-08-17T10:36:55] RUN_END status=OK
[2026-08-17T10:37:27] RUN_START run_id=08_scalability_content_DISCARDED_0093
[2026-08-17T10:37:27] RUN_ABORTED reason=cache_warmup_incomplete: content-store did not reach steady-state hit ratio within the 30s warm-up window, run discarded
[2026-08-17T10:38:01] RUN_START run_id=SCALE_O_PythonNDN_300000_034
[2026-08-17T10:38:01] PARAM implementation=PythonNDN
[2026-08-17T10:38:01] METRIC unique_content_objects=300000
[2026-08-17T10:38:01] METRIC cache_hit_ratio=0.2445
[2026-08-17T10:38:01] RUN_END status=OK
[2026-08-17T10:40:18] RUN_START run_id=SCALE_O_PythonNDN_300000_035
[2026-08-17T10:40:18] PARAM implementation=PythonNDN
[2026-08-17T10:40:18] METRIC unique_content_objects=300000
[2026-08-17T10:40:18] METRIC cache_hit_ratio=0.247
[2026-08-17T10:40:18] RUN_END status=OK
[2026-08-17T10:42:51] RUN_START run_id=SCALE_O_PythonNDN_300000_036
[2026-08-17T10:42:51] PARAM implementation=PythonNDN
[2026-08-17T10:42:51] METRIC unique_content_objects=300000
[2026-08-17T10:42:51] METRIC cache_hit_ratio=0.2416
[2026-08-17T10:42:51] RUN_END status=OK
[2026-08-17T10:44:51] RUN_START run_id=SCALE_O_PythonNDN_300000_037
[2026-08-17T10:44:51] PARAM implementation=PythonNDN
[2026-08-17T10:44:51] METRIC unique_content_objects=300000
[2026-08-17T10:44:51] METRIC cache_hit_ratio=0.2689
[2026-08-17T10:44:51] RUN_END status=OK
[2026-08-17T10:46:42] RUN_START run_id=SCALE_O_PythonNDN_300000_038
[2026-08-17T10:46:42] PARAM implementation=PythonNDN
[2026-08-17T10:46:42] METRIC unique_content_objects=300000
[2026-08-17T10:46:42] METRIC cache_hit_ratio=0.254
[2026-08-17T10:46:42] RUN_END status=OK
[2026-08-17T10:49:21] RUN_START run_id=SCALE_O_PythonNDN_300000_039
[2026-08-17T10:49:21] PARAM implementation=PythonNDN
[2026-08-17T10:49:21] METRIC unique_content_objects=300000
[2026-08-17T10:49:21] METRIC cache_hit_ratio=0.2477
[2026-08-17T10:49:21] RUN_END status=OK
[2026-08-17T10:51:21] RUN_START run_id=SCALE_O_PythonNDN_300000_040
[2026-08-17T10:51:21] PARAM implementation=PythonNDN
[2026-08-17T10:51:21] METRIC unique_content_objects=300000
[2026-08-17T10:51:21] METRIC cache_hit_ratio=0.2601
[2026-08-17T10:51:21] RUN_END status=OK
[2026-08-17T10:52:20] RUN_START run_id=SCALE_O_PythonNDN_300000_041
[2026-08-17T10:52:20] PARAM implementation=PythonNDN
[2026-08-17T10:52:20] METRIC unique_content_objects=300000
[2026-08-17T10:52:20] METRIC cache_hit_ratio=0.2521
[2026-08-17T10:52:20] RUN_END status=OK
[2026-08-17T10:53:11] RUN_START run_id=SCALE_O_PythonNDN_300000_042
[2026-08-17T10:53:11] PARAM implementation=PythonNDN
[2026-08-17T10:53:11] METRIC unique_content_objects=300000
[2026-08-17T10:53:11] METRIC cache_hit_ratio=0.2397
[2026-08-17T10:53:11] RUN_END status=OK
[2026-08-17T10:57:23] RUN_START run_id=SCALE_O_PythonNDN_300000_043
[2026-08-17T10:57:23] PARAM implementation=PythonNDN
[2026-08-17T10:57:23] METRIC unique_content_objects=300000
[2026-08-17T10:57:23] METRIC cache_hit_ratio=0.2462
[2026-08-17T10:57:23] RUN_END status=OK
[2026-08-17T10:59:49] RUN_START run_id=SCALE_O_PythonNDN_300000_044
[2026-08-17T10:59:49] PARAM implementation=PythonNDN
[2026-08-17T10:59:49] METRIC unique_content_objects=300000
[2026-08-17T10:59:49] METRIC cache_hit_ratio=0.2449
[2026-08-17T10:59:49] RUN_END status=OK
[2026-08-17T11:00:43] RUN_START run_id=SCALE_O_PythonNDN_300000_045
[2026-08-17T11:00:43] PARAM implementation=PythonNDN
[2026-08-17T11:00:43] METRIC unique_content_objects=300000
[2026-08-17T11:00:43] METRIC cache_hit_ratio=0.2548
[2026-08-17T11:00:43] RUN_END status=OK
