[2026-08-19T05:41:34] RUN_START run_id=SCALE_O_NFD_1000_138
[2026-08-19T05:41:34] PARAM implementation=NFD
[2026-08-19T05:41:34] METRIC unique_content_objects=1000
[2026-08-19T05:41:34] METRIC cache_hit_ratio=0.9606
[2026-08-19T05:41:34] RUN_END status=OK
[2026-08-19T05:42:33] RUN_START run_id=SCALE_O_NFD_1000_139
[2026-08-19T05:42:33] PARAM implementation=NFD
[2026-08-19T05:42:33] METRIC unique_content_objects=1000
[2026-08-19T05:42:33] METRIC cache_hit_ratio=0.9756
[2026-08-19T05:42:33] RUN_END status=OK
[2026-08-19T05:44:40] RUN_START run_id=SCALE_O_NFD_1000_140
[2026-08-19T05:44:40] PARAM implementation=NFD
[2026-08-19T05:44:40] METRIC unique_content_objects=1000
[2026-08-19T05:44:40] METRIC cache_hit_ratio=0.8688
[2026-08-19T05:44:40] RUN_END status=OK
[2026-08-19T05:47:29] RUN_START run_id=SCALE_O_NFD_1000_141
[2026-08-19T05:47:29] PARAM implementation=NFD
[2026-08-19T05:47:29] METRIC unique_content_objects=1000
[2026-08-19T05:47:29] METRIC cache_hit_ratio=0.8539
[2026-08-19T05:47:29] RUN_END status=OK
[2026-08-19T05:49:16] RUN_START run_id=SCALE_O_NFD_1000_142
[2026-08-19T05:49:16] PARAM implementation=NFD
[2026-08-19T05:49:16] METRIC unique_content_objects=1000
[2026-08-19T05:49:16] METRIC cache_hit_ratio=0.9134
[2026-08-19T05:49:16] RUN_END status=OK
[2026-08-19T05:51:36] RUN_START run_id=08_scalability_content_DISCARDED_0127
[2026-08-19T05:51:36] RUN_ABORTED reason=cache_warmup_incomplete: content-store did not reach steady-state hit ratio within the 30s warm-up window, run discarded
[2026-08-19T05:55:57] RUN_START run_id=SCALE_O_NFD_1000_143
[2026-08-19T05:55:57] PARAM implementation=NFD
[2026-08-19T05:55:57] METRIC unique_content_objects=1000
[2026-08-19T05:55:57] METRIC cache_hit_ratio=0.889
[2026-08-19T05:55:57] RUN_END status=OK
[2026-08-19T05:56:27] RUN_START run_id=SCALE_O_NFD_1000_144
[2026-08-19T05:56:27] PARAM implementation=NFD
[2026-08-19T05:56:27] METRIC unique_content_objects=1000
[2026-08-19T05:56:27] METRIC cache_hit_ratio=0.957
[2026-08-19T05:56:27] RUN_END status=OK
[2026-08-19T05:58:17] RUN_START run_id=SCALE_O_NFD_1000_145
[2026-08-19T05:58:17] PARAM implementation=NFD
[2026-08-19T05:58:17] METRIC unique_content_objects=1000
[2026-08-19T05:58:17] METRIC cache_hit_ratio=0.8758
[2026-08-19T05:58:17] RUN_END status=OK
[2026-08-19T06:00:00] RUN_START run_id=SCALE_O_NFD_1000_146
[2026-08-19T06:00:00] PARAM implementation=NFD
[2026-08-19T06:00:00] METRIC unique_content_objects=1000
[2026-08-19T06:00:00] METRIC cache_hit_ratio=0.8726
[2026-08-19T06:00:00] RUN_END status=OK
[2026-08-19T06:04:08] RUN_START run_id=SCALE_O_NFD_1000_147
[2026-08-19T06:04:08] PARAM implementation=NFD
[2026-08-19T06:04:08] METRIC unique_content_objects=1000
[2026-08-19T06:04:08] METRIC cache_hit_ratio=0.8591
[2026-08-19T06:04:08] RUN_END status=OK
[2026-08-19T06:15:44] RUN_START run_id=SCALE_O_uDCN_10000_101
[2026-08-19T06:15:44] PARAM implementation=uDCN
[2026-08-19T06:15:44] METRIC unique_content_objects=10000
[2026-08-19T06:15:44] METRIC cache_hit_ratio=0.9108
[2026-08-19T06:15:44] RUN_END status=OK
[2026-08-19T06:17:20] RUN_START run_id=SCALE_O_uDCN_10000_102
[2026-08-19T06:17:20] PARAM implementation=uDCN
[2026-08-19T06:17:20] METRIC unique_content_objects=10000
[2026-08-19T06:17:20] METRIC cache_hit_ratio=0.953
[2026-08-19T06:17:20] RUN_END status=OK
[2026-08-19T06:17:56] RUN_START run_id=SCALE_O_uDCN_10000_103
[2026-08-19T06:17:56] PARAM implementation=uDCN
[2026-08-19T06:17:56] METRIC unique_content_objects=10000
[2026-08-19T06:17:56] METRIC cache_hit_ratio=0.8628
[2026-08-19T06:17:56] RUN_END status=OK
[2026-08-19T06:22:14] RUN_START run_id=SCALE_O_uDCN_10000_104
[2026-08-19T06:22:14] PARAM implementation=uDCN
[2026-08-19T06:22:14] METRIC unique_content_objects=10000
[2026-08-19T06:22:14] METRIC cache_hit_ratio=0.857
[2026-08-19T06:22:14] RUN_END status=OK
[2026-08-19T06:26:03] RUN_START run_id=SCALE_O_uDCN_10000_105
[2026-08-19T06:26:03] PARAM implementation=uDCN
[2026-08-19T06:26:03] METRIC unique_content_objects=10000
[2026-08-19T06:26:03] METRIC cache_hit_ratio=0.9235
[2026-08-19T06:26:03] RUN_END status=OK
[2026-08-19T06:27:59] RUN_START run_id=SCALE_O_uDCN_10000_106
[2026-08-19T06:27:59] PARAM implementation=uDCN
[2026-08-19T06:27:59] METRIC unique_content_objects=10000
[2026-08-19T06:27:59] METRIC cache_hit_ratio=0.8784
[2026-08-19T06:27:59] RUN_END status=OK
[2026-08-19T06:30:07] RUN_START run_id=SCALE_O_uDCN_10000_107
[2026-08-19T06:30:07] PARAM implementation=uDCN
[2026-08-19T06:30:07] METRIC unique_content_objects=10000
[2026-08-19T06:30:07] METRIC cache_hit_ratio=0.8825
[2026-08-19T06:30:07] RUN_END status=OK
[2026-08-19T06:31:49] RUN_START run_id=SCALE_O_uDCN_10000_108
[2026-08-19T06:31:49] PARAM implementation=uDCN
[2026-08-19T06:31:49] METRIC unique_content_objects=10000
[2026-08-19T06:31:49] METRIC cache_hit_ratio=0.9793
[2026-08-19T06:31:49] RUN_END status=OK
