[2026-08-19T12:54:09] RUN_START run_id=SCALE_O_CCNlite_5000000_107
[2026-08-19T12:54:09] PARAM implementation=CCNlite
[2026-08-19T12:54:09] METRIC unique_content_objects=5000000
[2026-08-19T12:54:09] METRIC cache_hit_ratio=0.105
[2026-08-19T12:54:09] RUN_END status=OK
[2026-08-19T12:55:00] RUN_START run_id=SCALE_O_CCNlite_5000000_108
[2026-08-19T12:55:00] PARAM implementation=CCNlite
[2026-08-19T12:55:00] METRIC unique_content_objects=5000000
[2026-08-19T12:55:00] METRIC cache_hit_ratio=0.1142
[2026-08-19T12:55:00] RUN_END status=OK
[2026-08-19T12:57:30] RUN_START run_id=SCALE_O_CCNlite_5000000_109
[2026-08-19T12:57:30] PARAM implementation=CCNlite
[2026-08-19T12:57:30] METRIC unique_content_objects=5000000
[2026-08-19T12:57:30] METRIC cache_hit_ratio=0.1126
[2026-08-19T12:57:30] RUN_END status=OK
[2026-08-19T12:59:13] RUN_START run_id=SCALE_O_CCNlite_5000000_110
[2026-08-19T12:59:13] PARAM implementation=CCNlite
[2026-08-19T12:59:13] METRIC unique_content_objects=5000000
[2026-08-19T12:59:13] METRIC cache_hit_ratio=0.1059
[2026-08-19T12:59:13] RUN_END status=OK
[2026-08-19T17:35:27] RUN_START run_id=SCALE_O_uDCN_300000_110
[2026-08-19T17:35:27] PARAM implementation=uDCN
[2026-08-19T17:35:27] METRIC unique_content_objects=300000
[2026-08-19T17:35:27] METRIC cache_hit_ratio=0.6217
[2026-08-19T17:35:27] RUN_END status=OK
[2026-08-19T17:36:43] RUN_START run_id=SCALE_O_uDCN_300000_111
[2026-08-19T17:36:43] PARAM implementation=uDCN
[2026-08-19T17:36:43] METRIC unique_content_objects=300000
[2026-08-19T17:36:43] METRIC cache_hit_ratio=0.6318
[2026-08-19T17:36:43] RUN_END status=OK
[2026-08-19T17:39:02] RUN_START run_id=SCALE_O_uDCN_300000_112
[2026-08-19T17:39:02] PARAM implementation=uDCN
[2026-08-19T17:39:02] METRIC unique_content_objects=300000
[2026-08-19T17:39:02] METRIC cache_hit_ratio=0.5551
[2026-08-19T17:39:02] RUN_END status=OK
[2026-08-19T17:40:42] RUN_START run_id=SCALE_O_uDCN_300000_113
[2026-08-19T17:40:42] PARAM implementation=uDCN
[2026-08-19T17:40:42] METRIC unique_content_objects=300000
[2026-08-19T17:40:42] METRIC cache_hit_ratio=0.5671
[2026-08-19T17:40:42] RUN_END status=OK
[2026-08-19T17:43:30] RUN_START run_id=SCALE_O_uDCN_300000_114
[2026-08-19T17:43:30] PARAM implementation=uDCN
[2026-08-19T17:43:30] METRIC unique_content_objects=300000
[2026-08-19T17:43:30] METRIC cache_hit_ratio=0.5968
[2026-08-19T17:43:30] RUN_END status=OK
[2026-08-19T17:45:21] RUN_START run_id=SCALE_O_uDCN_300000_115
[2026-08-19T17:45:21] PARAM implementation=uDCN
[2026-08-19T17:45:21] METRIC unique_content_objects=300000
[2026-08-19T17:45:21] METRIC cache_hit_ratio=0.5494
[2026-08-19T17:45:21] RUN_END status=OK
[2026-08-19T17:47:41] RUN_START run_id=SCALE_O_uDCN_300000_116
[2026-08-19T17:47:41] PARAM implementation=uDCN
[2026-08-19T17:47:41] METRIC unique_content_objects=300000
[2026-08-19T17:47:41] METRIC cache_hit_ratio=0.5648
[2026-08-19T17:47:41] RUN_END status=OK
[2026-08-19T17:49:39] RUN_START run_id=SCALE_O_uDCN_300000_117
[2026-08-19T17:49:39] PARAM implementation=uDCN
[2026-08-19T17:49:39] METRIC unique_content_objects=300000
[2026-08-19T17:49:39] METRIC cache_hit_ratio=0.577
[2026-08-19T17:49:39] RUN_END status=OK
[2026-08-19T17:50:25] RUN_START run_id=SCALE_O_uDCN_300000_118
[2026-08-19T17:50:25] PARAM implementation=uDCN
[2026-08-19T17:50:25] METRIC unique_content_objects=300000
[2026-08-19T17:50:25] METRIC cache_hit_ratio=0.6046
[2026-08-19T17:50:25] RUN_END status=OK
[2026-08-19T17:54:56] RUN_START run_id=SCALE_O_uDCN_300000_119
[2026-08-19T17:54:56] PARAM implementation=uDCN
[2026-08-19T17:54:56] METRIC unique_content_objects=300000
[2026-08-19T17:54:56] METRIC cache_hit_ratio=0.5864
[2026-08-19T17:54:56] RUN_END status=OK
[2026-08-19T17:58:36] RUN_START run_id=SCALE_O_uDCN_300000_120
[2026-08-19T17:58:36] PARAM implementation=uDCN
[2026-08-19T17:58:36] METRIC unique_content_objects=300000
[2026-08-19T17:58:36] METRIC cache_hit_ratio=0.6039
[2026-08-19T17:58:36] RUN_END status=OK
