[2026-08-17T22:13:42] RUN_START run_id=SCALE_O_NFD_5000000_115
[2026-08-17T22:13:42] PARAM implementation=NFD
[2026-08-17T22:13:42] METRIC unique_content_objects=5000000
[2026-08-17T22:13:42] METRIC cache_hit_ratio=0.0983
[2026-08-17T22:13:42] RUN_END status=OK
[2026-08-17T22:16:15] RUN_START run_id=SCALE_O_NFD_5000000_116
[2026-08-17T22:16:15] PARAM implementation=NFD
[2026-08-17T22:16:15] METRIC unique_content_objects=5000000
[2026-08-17T22:16:15] METRIC cache_hit_ratio=0.0993
[2026-08-17T22:16:15] RUN_END status=OK
[2026-08-17T22:21:06] RUN_START run_id=SCALE_O_NFD_5000000_117
[2026-08-17T22:21:06] PARAM implementation=NFD
[2026-08-17T22:21:06] METRIC unique_content_objects=5000000
[2026-08-17T22:21:06] METRIC cache_hit_ratio=0.1056
[2026-08-17T22:21:06] RUN_END status=OK
[2026-08-17T22:22:10] RUN_START run_id=SCALE_O_NFD_5000000_118
[2026-08-17T22:22:10] PARAM implementation=NFD
[2026-08-17T22:22:10] METRIC unique_content_objects=5000000
[2026-08-17T22:22:10] METRIC cache_hit_ratio=0.0949
[2026-08-17T22:22:10] RUN_END status=OK
[2026-08-17T22:23:00] RUN_START run_id=SCALE_O_NFD_5000000_119
[2026-08-17T22:23:00] PARAM implementation=NFD
[2026-08-17T22:23:00] METRIC unique_content_objects=5000000
[2026-08-17T22:23:00] METRIC cache_hit_ratio=0.1027
[2026-08-17T22:23:00] RUN_END status=OK
[2026-08-17T22:24:43] RUN_START run_id=SCALE_O_NFD_5000000_120
[2026-08-17T22:24:43] PARAM implementation=NFD
[2026-08-17T22:24:43] METRIC unique_content_objects=5000000
[2026-08-17T22:24:43] METRIC cache_hit_ratio=0.0893
[2026-08-17T22:24:43] RUN_END status=OK
[2026-08-17T22:28:38] RUN_START run_id=SCALE_O_NFD_5000000_121
[2026-08-17T22:28:38] PARAM implementation=NFD
[2026-08-17T22:28:38] METRIC unique_content_objects=5000000
[2026-08-17T22:28:38] METRIC cache_hit_ratio=0.105
[2026-08-17T22:28:38] RUN_END status=OK
[2026-08-17T22:31:00] RUN_START run_id=SCALE_O_NFD_5000000_122
[2026-08-17T22:31:00] PARAM implementation=NFD
[2026-08-17T22:31:00] METRIC unique_content_objects=5000000
[2026-08-17T22:31:00] METRIC cache_hit_ratio=0.0981
[2026-08-17T22:31:00] RUN_END status=OK
[2026-08-17T22:34:30] RUN_START run_id=SCALE_O_NFD_5000000_123
[2026-08-17T22:34:30] PARAM implementation=NFD
[2026-08-17T22:34:30] METRIC unique_content_objects=5000000
[2026-08-17T22:34:30] METRIC cache_hit_ratio=0.0937
[2026-08-17T22:34:30] RUN_END status=OK
[2026-08-17T22:37:18] RUN_START run_id=SCALE_O_NFD_5000000_124
[2026-08-17T22:37:18] PARAM implementation=NFD
[2026-08-17T22:37:18] METRIC unique_content_objects=5000000
[2026-08-17T22:37:18] METRIC cache_hit_ratio=0.1001
[2026-08-17T22:37:18] RUN_END status=OK
[2026-08-17T22:38:42] RUN_START run_id=SCALE_O_NFD_5000000_125
[2026-08-17T22:38:42] PARAM implementation=NFD
[2026-08-17T22:38:42] METRIC unique_content_objects=5000000
[2026-08-17T22:38:42] METRIC cache_hit_ratio=0.0974
[2026-08-17T22:38:42] RUN_END status=OK
[2026-08-17T22:40:16] RUN_START run_id=SCALE_O_NFD_5000000_126
[2026-08-17T22:40:16] PARAM implementation=NFD
[2026-08-17T22:40:16] METRIC unique_content_objects=5000000
[2026-08-17T22:40:16] METRIC cache_hit_ratio=0.1004
[2026-08-17T22:40:16] RUN_END status=OK
[2026-08-17T22:42:27] RUN_START run_id=SCALE_O_NFD_5000000_127
[2026-08-17T22:42:27] PARAM implementation=NFD
[2026-08-17T22:42:27] METRIC unique_content_objects=5000000
[2026-08-17T22:42:27] METRIC cache_hit_ratio=0.1072
[2026-08-17T22:42:27] RUN_END status=OK
[2026-08-17T22:44:34] RUN_START run_id=SCALE_O_NFD_5000000_128
[2026-08-17T22:44:34] PARAM implementation=NFD
[2026-08-17T22:44:34] METRIC unique_content_objects=5000000
[2026-08-17T22:44:34] METRIC cache_hit_ratio=0.0962
[2026-08-17T22:44:34] RUN_END status=OK
[2026-08-17T22:47:31] RUN_START run_id=SCALE_O_NFD_5000000_129
[2026-08-17T22:47:31] PARAM implementation=NFD
[2026-08-17T22:47:31] METRIC unique_content_objects=5000000
[2026-08-17T22:47:31] METRIC cache_hit_ratio=0.1025
[2026-08-17T22:47:31] RUN_END status=OK
[2026-08-17T22:49:47] RUN_START run_id=SCALE_O_NFD_5000000_130
[2026-08-17T22:49:47] PARAM implementation=NFD
[2026-08-17T22:49:47] METRIC unique_content_objects=5000000
[2026-08-17T22:49:47] METRIC cache_hit_ratio=0.0945
[2026-08-17T22:49:47] RUN_END status=OK
[2026-08-17T22:50:58] RUN_START run_id=SCALE_O_NFD_5000000_131
[2026-08-17T22:50:58] PARAM implementation=NFD
[2026-08-17T22:50:58] METRIC unique_content_objects=5000000
[2026-08-17T22:50:58] METRIC cache_hit_ratio=0.1003
[2026-08-17T22:50:58] RUN_END status=OK
[2026-08-17T22:52:57] RUN_START run_id=SCALE_O_NFD_5000000_132
[2026-08-17T22:52:57] PARAM implementation=NFD
[2026-08-17T22:52:57] METRIC unique_content_objects=5000000
[2026-08-17T22:52:57] METRIC cache_hit_ratio=0.0967
[2026-08-17T22:52:57] RUN_END status=OK
[2026-08-17T22:55:29] RUN_START run_id=SCALE_O_NFD_5000000_133
[2026-08-17T22:55:29] PARAM implementation=NFD
[2026-08-17T22:55:29] METRIC unique_content_objects=5000000
[2026-08-17T22:55:29] METRIC cache_hit_ratio=0.0993
[2026-08-17T22:55:29] RUN_END status=OK
[2026-08-17T22:56:31] RUN_START run_id=SCALE_O_NFD_5000000_134
[2026-08-17T22:56:31] PARAM implementation=NFD
[2026-08-17T22:56:31] METRIC unique_content_objects=5000000
[2026-08-17T22:56:31] METRIC cache_hit_ratio=0.1032
[2026-08-17T22:56:31] RUN_END status=OK
