[2026-08-23T08:01:28] RUN_START run_id=SCALE_O_PythonNDN_100000_029
[2026-08-23T08:01:28] PARAM implementation=PythonNDN
[2026-08-23T08:01:28] METRIC unique_content_objects=100000
[2026-08-23T08:01:28] METRIC cache_hit_ratio=0.5166
[2026-08-23T08:01:28] RUN_END status=OK
[2026-08-23T08:02:33] RUN_START run_id=SCALE_O_PythonNDN_100000_030
[2026-08-23T08:02:33] PARAM implementation=PythonNDN
[2026-08-23T08:02:33] METRIC unique_content_objects=100000
[2026-08-23T08:02:33] METRIC cache_hit_ratio=0.4843
[2026-08-23T08:02:33] RUN_END status=OK
[2026-08-23T08:05:27] RUN_START run_id=SCALE_O_PythonNDN_100000_031
[2026-08-23T08:05:27] PARAM implementation=PythonNDN
[2026-08-23T08:05:27] METRIC unique_content_objects=100000
[2026-08-23T08:05:27] METRIC cache_hit_ratio=0.4806
[2026-08-23T08:05:27] RUN_END status=OK
[2026-08-23T08:08:09] RUN_START run_id=SCALE_O_PythonNDN_100000_032
[2026-08-23T08:08:09] PARAM implementation=PythonNDN
[2026-08-23T08:08:09] METRIC unique_content_objects=100000
[2026-08-23T08:08:09] METRIC cache_hit_ratio=0.5143
[2026-08-23T08:08:09] RUN_END status=OK
[2026-08-23T08:08:57] RUN_START run_id=SCALE_O_PythonNDN_100000_033
[2026-08-23T08:08:57] PARAM implementation=PythonNDN
[2026-08-23T08:08:57] METRIC unique_content_objects=100000
[2026-08-23T08:08:57] METRIC cache_hit_ratio=0.5203
[2026-08-23T08:08:57] RUN_END status=OK
[2026-08-23T08:09:52] RUN_START run_id=SCALE_O_PythonNDN_100000_034
[2026-08-23T08:09:52] PARAM implementation=PythonNDN
[2026-08-23T08:09:52] METRIC unique_content_objects=100000
[2026-08-23T08:09:52] METRIC cache_hit_ratio=0.5244
[2026-08-23T08:09:52] RUN_END status=OK
[2026-08-23T08:54:34] RUN_START run_id=SCALE_O_NFD_10000_109
[2026-08-23T08:54:34] PARAM implementation=NFD
[2026-08-23T08:54:34] METRIC unique_content_objects=10000
[2026-08-23T08:54:34] METRIC cache_hit_ratio=0.7777
[2026-08-23T08:54:34] RUN_END status=OK
[2026-08-23T08:56:10] RUN_START run_id=SCALE_O_NFD_10000_110
[2026-08-23T08:56:10] PARAM implementation=NFD
[2026-08-23T08:56:10] METRIC unique_content_objects=10000
[2026-08-23T08:56:10] METRIC cache_hit_ratio=0.7961
[2026-08-23T08:56:10] RUN_END status=OK
[2026-08-23T08:57:56] RUN_START run_id=SCALE_O_NFD_10000_111
[2026-08-23T08:57:56] PARAM implementation=NFD
[2026-08-23T08:57:56] METRIC unique_content_objects=10000
[2026-08-23T08:57:56] METRIC cache_hit_ratio=0.8419
[2026-08-23T08:57:56] RUN_END status=OK
[2026-08-23T08:59:39] RUN_START run_id=08_scalability_content_DISCARDED_0191
[2026-08-23T08:59:39] RUN_ABORTED reason=cache_warmup_incomplete: content-store did not reach steady-state hit ratio within the 30s warm-up window, run discarded
[2026-08-23T09:02:35] RUN_START run_id=SCALE_O_NFD_10000_112
[2026-08-23T09:02:35] PARAM implementation=NFD
[2026-08-23T09:02:35] METRIC unique_content_objects=10000
[2026-08-23T09:02:35] METRIC cache_hit_ratio=0.8073
[2026-08-23T09:02:35] RUN_END status=OK
[2026-08-23T09:03:16] RUN_START run_id=SCALE_O_NFD_10000_113
[2026-08-23T09:03:16] PARAM implementation=NFD
[2026-08-23T09:03:16] METRIC unique_content_objects=10000
[2026-08-23T09:03:16] METRIC cache_hit_ratio=0.7541
[2026-08-23T09:03:16] RUN_END status=OK
[2026-08-23T09:07:25] RUN_START run_id=SCALE_O_NFD_10000_114
[2026-08-23T09:07:25] PARAM implementation=NFD
[2026-08-23T09:07:25] METRIC unique_content_objects=10000
[2026-08-23T09:07:25] METRIC cache_hit_ratio=0.7643
[2026-08-23T09:07:25] RUN_END status=OK
[2026-08-23T09:08:23] RUN_START run_id=SCALE_O_NFD_10000_115
[2026-08-23T09:08:23] PARAM implementation=NFD
[2026-08-23T09:08:23] METRIC unique_content_objects=10000
[2026-08-23T09:08:23] METRIC cache_hit_ratio=0.8707
[2026-08-23T09:08:23] RUN_END status=OK
[2026-08-23T09:11:59] RUN_START run_id=SCALE_O_NFD_10000_116
[2026-08-23T09:11:59] PARAM implementation=NFD
[2026-08-23T09:11:59] METRIC unique_content_objects=10000
[2026-08-23T09:11:59] METRIC cache_hit_ratio=0.8391
[2026-08-23T09:11:59] RUN_END status=OK
[2026-08-23T09:15:53] RUN_START run_id=SCALE_O_NFD_10000_117
[2026-08-23T09:15:53] PARAM implementation=NFD
[2026-08-23T09:15:53] METRIC unique_content_objects=10000
[2026-08-23T09:15:53] METRIC cache_hit_ratio=0.7889
[2026-08-23T09:15:53] RUN_END status=OK
[2026-08-23T09:16:37] RUN_START run_id=SCALE_O_NFD_10000_118
[2026-08-23T09:16:37] PARAM implementation=NFD
[2026-08-23T09:16:37] METRIC unique_content_objects=10000
[2026-08-23T09:16:37] METRIC cache_hit_ratio=0.7566
[2026-08-23T09:16:37] RUN_END status=OK
[2026-08-23T09:19:02] RUN_START run_id=SCALE_O_NFD_10000_119
[2026-08-23T09:19:02] PARAM implementation=NFD
[2026-08-23T09:19:02] METRIC unique_content_objects=10000
[2026-08-23T09:19:02] METRIC cache_hit_ratio=0.7698
[2026-08-23T09:19:02] RUN_END status=OK
[2026-08-23T09:20:56] RUN_START run_id=SCALE_O_NFD_10000_120
[2026-08-23T09:20:56] PARAM implementation=NFD
[2026-08-23T09:20:56] METRIC unique_content_objects=10000
[2026-08-23T09:20:56] METRIC cache_hit_ratio=0.8902
[2026-08-23T09:20:56] RUN_END status=OK
