[2026-08-21T12:31:38] RUN_START run_id=SCALE_O_uDCN_100000_127
[2026-08-21T12:31:38] PARAM implementation=uDCN
[2026-08-21T12:31:38] METRIC unique_content_objects=100000
[2026-08-21T12:31:38] METRIC cache_hit_ratio=0.8754
[2026-08-21T12:31:38] RUN_END status=OK
[2026-08-21T12:32:28] RUN_START run_id=SCALE_O_CCNlite_300000_018
[2026-08-21T12:32:28] PARAM implementation=CCNlite
[2026-08-21T12:32:28] METRIC unique_content_objects=300000
[2026-08-21T12:32:28] METRIC cache_hit_ratio=0.399
[2026-08-21T12:32:28] RUN_END status=OK
[2026-08-21T12:35:13] RUN_START run_id=SCALE_O_uDCN_100000_128
[2026-08-21T12:35:13] PARAM implementation=uDCN
[2026-08-21T12:35:13] METRIC unique_content_objects=100000
[2026-08-21T12:35:13] METRIC cache_hit_ratio=0.7979
[2026-08-21T12:35:13] RUN_END status=OK
[2026-08-21T12:35:54] RUN_START run_id=SCALE_O_CCNlite_300000_019
[2026-08-21T12:35:54] PARAM implementation=CCNlite
[2026-08-21T12:35:54] METRIC unique_content_objects=300000
[2026-08-21T12:35:54] METRIC cache_hit_ratio=0.4343
[2026-08-21T12:35:54] RUN_END status=OK
[2026-08-21T12:36:34] RUN_START run_id=SCALE_O_uDCN_100000_129
[2026-08-21T12:36:34] PARAM implementation=uDCN
[2026-08-21T12:36:34] METRIC unique_content_objects=100000
[2026-08-21T12:36:34] METRIC cache_hit_ratio=0.8093
[2026-08-21T12:36:34] RUN_END status=OK
[2026-08-21T12:36:35] RUN_START run_id=SCALE_O_CCNlite_300000_020
[2026-08-21T12:36:35] PARAM implementation=CCNlite
[2026-08-21T12:36:35] METRIC unique_content_objects=300000
[2026-08-21T12:36:35] METRIC cache_hit_ratio=0.4474
[2026-08-21T12:36:35] RUN_END status=OK
[2026-08-21T12:38:18] RUN_START run_id=SCALE_O_CCNlite_300000_021
[2026-08-21T12:38:18] PARAM implementation=CCNlite
[2026-08-21T12:38:18] METRIC unique_content_objects=300000
[2026-08-21T12:38:18] METRIC cache_hit_ratio=0.4151
[2026-08-21T12:38:18] RUN_END status=OK
[2026-08-21T12:39:46] RUN_START run_id=SCALE_O_CCNlite_300000_022
[2026-08-21T12:39:46] PARAM implementation=CCNlite
[2026-08-21T12:39:46] METRIC unique_content_objects=300000
[2026-08-21T12:39:46] METRIC cache_hit_ratio=0.4078
[2026-08-21T12:39:46] RUN_END status=OK
[2026-08-21T12:43:03] RUN_START run_id=SCALE_O_CCNlite_300000_023
[2026-08-21T12:43:03] PARAM implementation=CCNlite
[2026-08-21T12:43:03] METRIC unique_content_objects=300000
[2026-08-21T12:43:03] METRIC cache_hit_ratio=0.4363
[2026-08-21T12:43:03] RUN_END status=OK
[2026-08-21T12:45:56] RUN_START run_id=SCALE_O_CCNlite_300000_024
[2026-08-21T12:45:56] PARAM implementation=CCNlite
[2026-08-21T12:45:56] METRIC unique_content_objects=300000
[2026-08-21T12:45:56] METRIC cache_hit_ratio=0.4025
[2026-08-21T12:45:56] RUN_END status=OK
[2026-08-21T12:47:44] RUN_START run_id=SCALE_O_CCNlite_300000_025
[2026-08-21T12:47:44] PARAM implementation=CCNlite
[2026-08-21T12:47:44] METRIC unique_content_objects=300000
[2026-08-21T12:47:44] METRIC cache_hit_ratio=0.4358
[2026-08-21T12:47:44] RUN_END status=OK
