[2026-08-22T08:43:39] RUN_START run_id=SCALE_O_uDCN_10000_142
[2026-08-22T08:43:39] PARAM implementation=uDCN
[2026-08-22T08:43:39] METRIC unique_content_objects=10000
[2026-08-22T08:43:39] METRIC cache_hit_ratio=0.848
[2026-08-22T08:43:39] RUN_END status=OK
[2026-08-22T08:43:51] RUN_START run_id=SCALE_O_uDCN_10000_143
[2026-08-22T08:43:51] PARAM implementation=uDCN
[2026-08-22T08:43:51] METRIC unique_content_objects=10000
[2026-08-22T08:43:51] METRIC cache_hit_ratio=0.8394
[2026-08-22T08:43:51] RUN_END status=OK
[2026-08-22T08:44:22] RUN_START run_id=SCALE_O_NFD_10000_095
[2026-08-22T08:44:22] PARAM implementation=NFD
[2026-08-22T08:44:22] METRIC unique_content_objects=10000
[2026-08-22T08:44:22] METRIC cache_hit_ratio=0.7896
[2026-08-22T08:44:22] RUN_END status=OK
[2026-08-22T08:44:27] RUN_START run_id=SCALE_O_uDCN_10000_144
[2026-08-22T08:44:27] PARAM implementation=uDCN
[2026-08-22T08:44:27] METRIC unique_content_objects=10000
[2026-08-22T08:44:27] METRIC cache_hit_ratio=0.8283
[2026-08-22T08:44:27] RUN_END status=OK
[2026-08-22T08:45:20] RUN_START run_id=SCALE_O_uDCN_10000_145
[2026-08-22T08:45:20] PARAM implementation=uDCN
[2026-08-22T08:45:20] METRIC unique_content_objects=10000
[2026-08-22T08:45:20] METRIC cache_hit_ratio=0.8405
[2026-08-22T08:45:20] RUN_END status=OK
[2026-08-22T08:45:22] RUN_START run_id=SCALE_O_NFD_10000_096
[2026-08-22T08:45:22] PARAM implementation=NFD
[2026-08-22T08:45:22] METRIC unique_content_objects=10000
[2026-08-22T08:45:22] METRIC cache_hit_ratio=0.7382
[2026-08-22T08:45:22] RUN_END status=OK
[2026-08-22T08:46:32] RUN_START run_id=SCALE_O_uDCN_10000_146
[2026-08-22T08:46:32] PARAM implementation=uDCN
[2026-08-22T08:46:32] METRIC unique_content_objects=10000
[2026-08-22T08:46:32] METRIC cache_hit_ratio=0.8231
[2026-08-22T08:46:32] RUN_END status=OK
[2026-08-22T08:46:47] RUN_START run_id=SCALE_O_NFD_10000_097
[2026-08-22T08:46:47] PARAM implementation=NFD
[2026-08-22T08:46:47] METRIC unique_content_objects=10000
[2026-08-22T08:46:47] METRIC cache_hit_ratio=0.8289
[2026-08-22T08:46:47] RUN_END status=OK
[2026-08-22T08:48:34] RUN_START run_id=SCALE_O_uDCN_10000_147
[2026-08-22T08:48:34] PARAM implementation=uDCN
[2026-08-22T08:48:34] METRIC unique_content_objects=10000
[2026-08-22T08:48:34] METRIC cache_hit_ratio=0.9057
[2026-08-22T08:48:34] RUN_END status=OK
[2026-08-22T08:49:56] RUN_START run_id=SCALE_O_NFD_10000_098
[2026-08-22T08:49:56] PARAM implementation=NFD
[2026-08-22T08:49:56] METRIC unique_content_objects=10000
[2026-08-22T08:49:56] METRIC cache_hit_ratio=0.7773
[2026-08-22T08:49:56] RUN_END status=OK
[2026-08-22T08:52:48] RUN_START run_id=SCALE_O_NFD_10000_099
[2026-08-22T08:52:48] PARAM implementation=NFD
[2026-08-22T08:52:48] METRIC unique_content_objects=10000
[2026-08-22T08:52:48] METRIC cache_hit_ratio=0.8632
[2026-08-22T08:52:48] RUN_END status=OK
[2026-08-22T08:54:41] RUN_START run_id=SCALE_O_NFD_10000_100
[2026-08-22T08:54:41] PARAM implementation=NFD
[2026-08-22T08:54:41] METRIC unique_content_objects=10000
[2026-08-22T08:54:41] METRIC cache_hit_ratio=0.8023
[2026-08-22T08:54:41] RUN_END status=OK
[2026-08-22T08:56:11] RUN_START run_id=SCALE_O_NFD_10000_101
[2026-08-22T08:56:11] PARAM implementation=NFD
[2026-08-22T08:56:11] METRIC unique_content_objects=10000
[2026-08-22T08:56:11] METRIC cache_hit_ratio=0.8993
[2026-08-22T08:56:11] RUN_END status=OK
[2026-08-22T08:58:27] RUN_START run_id=SCALE_O_NFD_10000_102
[2026-08-22T08:58:27] PARAM implementation=NFD
[2026-08-22T08:58:27] METRIC unique_content_objects=10000
[2026-08-22T08:58:27] METRIC cache_hit_ratio=0.8591
[2026-08-22T08:58:27] RUN_END status=OK
[2026-08-22T09:03:34] RUN_START run_id=SCALE_O_NFD_10000_103
[2026-08-22T09:03:34] PARAM implementation=NFD
[2026-08-22T09:03:34] METRIC unique_content_objects=10000
[2026-08-22T09:03:34] METRIC cache_hit_ratio=0.7912
[2026-08-22T09:03:34] RUN_END status=OK
[2026-08-22T09:04:44] RUN_START run_id=08_scalability_content_DISCARDED_0175
[2026-08-22T09:04:44] RUN_ABORTED reason=cache_warmup_incomplete: content-store did not reach steady-state hit ratio within the 30s warm-up window, run discarded
[2026-08-22T09:05:37] RUN_START run_id=SCALE_O_NFD_10000_104
[2026-08-22T09:05:37] PARAM implementation=NFD
[2026-08-22T09:05:37] METRIC unique_content_objects=10000
[2026-08-22T09:05:37] METRIC cache_hit_ratio=0.8195
[2026-08-22T09:05:37] RUN_END status=OK
[2026-08-22T09:07:07] RUN_START run_id=SCALE_O_NFD_10000_105
[2026-08-22T09:07:07] PARAM implementation=NFD
[2026-08-22T09:07:07] METRIC unique_content_objects=10000
[2026-08-22T09:07:07] METRIC cache_hit_ratio=0.7896
[2026-08-22T09:07:07] RUN_END status=OK
[2026-08-22T09:08:52] RUN_START run_id=SCALE_O_NFD_10000_106
[2026-08-22T09:08:52] PARAM implementation=NFD
[2026-08-22T09:08:52] METRIC unique_content_objects=10000
[2026-08-22T09:08:52] METRIC cache_hit_ratio=0.7257
[2026-08-22T09:08:52] RUN_END status=OK
[2026-08-22T09:10:43] RUN_START run_id=SCALE_O_NFD_10000_107
[2026-08-22T09:10:43] PARAM implementation=NFD
[2026-08-22T09:10:43] METRIC unique_content_objects=10000
[2026-08-22T09:10:43] METRIC cache_hit_ratio=0.7993
[2026-08-22T09:10:43] RUN_END status=OK
