[2026-08-27T18:14:02] RUN_START run_id=SCALE_O_PythonNDN_5000000_069
[2026-08-27T18:14:02] PARAM implementation=PythonNDN
[2026-08-27T18:14:02] METRIC unique_content_objects=5000000
[2026-08-27T18:14:02] METRIC cache_hit_ratio=0.047
[2026-08-27T18:14:02] RUN_END status=OK
[2026-08-27T18:15:33] RUN_START run_id=SCALE_O_PythonNDN_5000000_070
[2026-08-27T18:15:33] PARAM implementation=PythonNDN
[2026-08-27T18:15:33] METRIC unique_content_objects=5000000
[2026-08-27T18:15:33] METRIC cache_hit_ratio=0.05
[2026-08-27T18:15:33] RUN_END status=OK
[2026-08-27T18:17:44] RUN_START run_id=SCALE_O_PythonNDN_5000000_071
[2026-08-27T18:17:44] PARAM implementation=PythonNDN
[2026-08-27T18:17:44] METRIC unique_content_objects=5000000
[2026-08-27T18:17:44] METRIC cache_hit_ratio=0.0517
[2026-08-27T18:17:44] RUN_END status=OK
[2026-08-27T18:25:19] RUN_START run_id=SCALE_O_PythonNDN_5000000_072
[2026-08-27T18:25:19] PARAM implementation=PythonNDN
[2026-08-27T18:25:19] METRIC unique_content_objects=5000000
[2026-08-27T18:25:19] METRIC cache_hit_ratio=0.0492
[2026-08-27T18:25:19] RUN_END status=OK
[2026-08-27T18:30:22] RUN_START run_id=SCALE_O_PythonNDN_5000000_073
[2026-08-27T18:30:22] PARAM implementation=PythonNDN
[2026-08-27T18:30:22] METRIC unique_content_objects=5000000
[2026-08-27T18:30:22] METRIC cache_hit_ratio=0.054
[2026-08-27T18:30:22] RUN_END status=OK
[2026-08-27T18:30:55] RUN_START run_id=SCALE_O_PythonNDN_5000000_074
[2026-08-27T18:30:55] PARAM implementation=PythonNDN
[2026-08-27T18:30:55] METRIC unique_content_objects=5000000
[2026-08-27T18:30:55] METRIC cache_hit_ratio=0.0509
[2026-08-27T18:30:55] RUN_END status=OK
[2026-08-27T18:34:21] RUN_START run_id=SCALE_O_PythonNDN_5000000_075
[2026-08-27T18:34:21] PARAM implementation=PythonNDN
[2026-08-27T18:34:21] METRIC unique_content_objects=5000000
[2026-08-27T18:34:21] METRIC cache_hit_ratio=0.0497
[2026-08-27T18:34:21] RUN_END status=OK
[2026-08-27T18:35:58] RUN_START run_id=SCALE_O_PythonNDN_5000000_076
[2026-08-27T18:35:58] PARAM implementation=PythonNDN
[2026-08-27T18:35:58] METRIC unique_content_objects=5000000
[2026-08-27T18:35:58] METRIC cache_hit_ratio=0.0506
[2026-08-27T18:35:58] RUN_END status=OK
[2026-08-27T18:37:07] RUN_START run_id=SCALE_O_PythonNDN_5000000_077
[2026-08-27T18:37:07] PARAM implementation=PythonNDN
[2026-08-27T18:37:07] METRIC unique_content_objects=5000000
[2026-08-27T18:37:07] METRIC cache_hit_ratio=0.0471
[2026-08-27T18:37:07] RUN_END status=OK
[2026-08-27T18:40:43] RUN_START run_id=SCALE_O_PythonNDN_5000000_078
[2026-08-27T18:40:43] PARAM implementation=PythonNDN
[2026-08-27T18:40:43] METRIC unique_content_objects=5000000
[2026-08-27T18:40:43] METRIC cache_hit_ratio=0.0492
[2026-08-27T18:40:43] RUN_END status=OK
[2026-08-27T18:43:35] RUN_START run_id=SCALE_O_PythonNDN_5000000_079
[2026-08-27T18:43:35] PARAM implementation=PythonNDN
[2026-08-27T18:43:35] METRIC unique_content_objects=5000000
[2026-08-27T18:43:35] METRIC cache_hit_ratio=0.0499
[2026-08-27T18:43:35] RUN_END status=OK
[2026-08-27T18:47:20] RUN_START run_id=SCALE_O_PythonNDN_5000000_080
[2026-08-27T18:47:20] PARAM implementation=PythonNDN
[2026-08-27T18:47:20] METRIC unique_content_objects=5000000
[2026-08-27T18:47:20] METRIC cache_hit_ratio=0.0494
[2026-08-27T18:47:20] RUN_END status=OK
[2026-08-27T18:48:24] RUN_START run_id=SCALE_O_PythonNDN_5000000_081
[2026-08-27T18:48:24] PARAM implementation=PythonNDN
[2026-08-27T18:48:24] METRIC unique_content_objects=5000000
[2026-08-27T18:48:24] METRIC cache_hit_ratio=0.0496
[2026-08-27T18:48:24] RUN_END status=OK
[2026-08-27T18:51:48] RUN_START run_id=SCALE_O_PythonNDN_5000000_082
[2026-08-27T18:51:48] PARAM implementation=PythonNDN
[2026-08-27T18:51:48] METRIC unique_content_objects=5000000
[2026-08-27T18:51:48] METRIC cache_hit_ratio=0.0505
[2026-08-27T18:51:48] RUN_END status=OK
[2026-08-27T18:52:47] RUN_START run_id=SCALE_O_PythonNDN_5000000_083
[2026-08-27T18:52:47] PARAM implementation=PythonNDN
[2026-08-27T18:52:47] METRIC unique_content_objects=5000000
[2026-08-27T18:52:47] METRIC cache_hit_ratio=0.0501
[2026-08-27T18:52:47] RUN_END status=OK
