[2026-08-11T04:13:35] RUN_START run_id=SCALE_O_uDCN_5000000_052
[2026-08-11T04:13:35] PARAM implementation=uDCN
[2026-08-11T04:13:35] METRIC unique_content_objects=5000000
[2026-08-11T04:13:35] METRIC cache_hit_ratio=0.2938
[2026-08-11T04:13:35] RUN_END status=OK
[2026-08-11T06:58:53] RUN_START run_id=SCALE_O_uDCN_1000000_050
[2026-08-11T06:58:53] PARAM implementation=uDCN
[2026-08-11T06:58:53] METRIC unique_content_objects=1000000
[2026-08-11T06:58:53] METRIC cache_hit_ratio=0.4466
[2026-08-11T06:58:53] RUN_END status=OK
[2026-08-11T07:00:18] RUN_START run_id=SCALE_O_uDCN_1000000_051
[2026-08-11T07:00:18] PARAM implementation=uDCN
[2026-08-11T07:00:18] METRIC unique_content_objects=1000000
[2026-08-11T07:00:18] METRIC cache_hit_ratio=0.4164
[2026-08-11T07:00:18] RUN_END status=OK
[2026-08-11T07:00:52] RUN_START run_id=SCALE_O_uDCN_1000000_052
[2026-08-11T07:00:52] PARAM implementation=uDCN
[2026-08-11T07:00:52] METRIC unique_content_objects=1000000
[2026-08-11T07:00:52] METRIC cache_hit_ratio=0.4417
[2026-08-11T07:00:52] RUN_END status=OK
[2026-08-11T07:03:09] RUN_START run_id=SCALE_O_uDCN_1000000_053
[2026-08-11T07:03:09] PARAM implementation=uDCN
[2026-08-11T07:03:09] METRIC unique_content_objects=1000000
[2026-08-11T07:03:09] METRIC cache_hit_ratio=0.4327
[2026-08-11T07:03:09] RUN_END status=OK
[2026-08-11T07:05:30] RUN_START run_id=SCALE_O_uDCN_1000000_054
[2026-08-11T07:05:30] PARAM implementation=uDCN
[2026-08-11T07:05:30] METRIC unique_content_objects=1000000
[2026-08-11T07:05:30] METRIC cache_hit_ratio=0.445
[2026-08-11T07:05:30] RUN_END status=OK
[2026-08-11T07:06:14] RUN_START run_id=SCALE_O_uDCN_1000000_055
[2026-08-11T07:06:14] PARAM implementation=uDCN
[2026-08-11T07:06:14] METRIC unique_content_objects=1000000
[2026-08-11T07:06:14] METRIC cache_hit_ratio=0.4678
[2026-08-11T07:06:14] RUN_END status=OK
[2026-08-11T07:08:53] RUN_START run_id=SCALE_O_uDCN_1000000_056
[2026-08-11T07:08:53] PARAM implementation=uDCN
[2026-08-11T07:08:53] METRIC unique_content_objects=1000000
[2026-08-11T07:08:53] METRIC cache_hit_ratio=0.435
[2026-08-11T07:08:53] RUN_END status=OK
[2026-08-11T07:12:00] RUN_START run_id=SCALE_O_uDCN_1000000_057
[2026-08-11T07:12:00] PARAM implementation=uDCN
[2026-08-11T07:12:00] METRIC unique_content_objects=1000000
[2026-08-11T07:12:00] METRIC cache_hit_ratio=0.4376
[2026-08-11T07:12:00] RUN_END status=OK
[2026-08-11T07:12:57] RUN_START run_id=SCALE_O_uDCN_1000000_058
[2026-08-11T07:12:57] PARAM implementation=uDCN
[2026-08-11T07:12:57] METRIC unique_content_objects=1000000
[2026-08-11T07:12:57] METRIC cache_hit_ratio=0.4619
[2026-08-11T07:12:57] RUN_END status=OK
[2026-08-11T07:13:32] RUN_START run_id=SCALE_O_uDCN_1000000_059
[2026-08-11T07:13:32] PARAM implementation=uDCN
[2026-08-11T07:13:32] METRIC unique_content_objects=1000000
[2026-08-11T07:13:32] METRIC cache_hit_ratio=0.4577
[2026-08-11T07:13:32] RUN_END status=OK
