[2026-08-16T10:18:18] RUN_START run_id=SCALE_O_PythonNDN_300000_010
[2026-08-16T10:18:18] PARAM implementation=PythonNDN
[2026-08-16T10:18:18] METRIC unique_content_objects=300000
[2026-08-16T10:18:18] METRIC cache_hit_ratio=0.2486
[2026-08-16T10:18:18] RUN_END status=OK
[2026-08-16T10:18:56] RUN_START run_id=SCALE_O_PythonNDN_300000_011
[2026-08-16T10:18:56] PARAM implementation=PythonNDN
[2026-08-16T10:18:56] METRIC unique_content_objects=300000
[2026-08-16T10:18:56] METRIC cache_hit_ratio=0.2534
[2026-08-16T10:18:56] RUN_END status=OK
[2026-08-16T10:20:18] RUN_START run_id=SCALE_O_PythonNDN_300000_012
[2026-08-16T10:20:18] PARAM implementation=PythonNDN
[2026-08-16T10:20:18] METRIC unique_content_objects=300000
[2026-08-16T10:20:18] METRIC cache_hit_ratio=0.2575
[2026-08-16T10:20:18] RUN_END status=OK
[2026-08-16T10:23:08] RUN_START run_id=SCALE_O_PythonNDN_300000_013
[2026-08-16T10:23:08] PARAM implementation=PythonNDN
[2026-08-16T10:23:08] METRIC unique_content_objects=300000
[2026-08-16T10:23:08] METRIC cache_hit_ratio=0.2716
[2026-08-16T10:23:08] RUN_END status=OK
[2026-08-16T10:24:21] RUN_START run_id=SCALE_O_PythonNDN_300000_014
[2026-08-16T10:24:21] PARAM implementation=PythonNDN
[2026-08-16T10:24:21] METRIC unique_content_objects=300000
[2026-08-16T10:24:21] METRIC cache_hit_ratio=0.2391
[2026-08-16T10:24:21] RUN_END status=OK
[2026-08-16T10:24:59] RUN_START run_id=SCALE_O_PythonNDN_300000_015
[2026-08-16T10:24:59] PARAM implementation=PythonNDN
[2026-08-16T10:24:59] METRIC unique_content_objects=300000
[2026-08-16T10:24:59] METRIC cache_hit_ratio=0.2503
[2026-08-16T10:24:59] RUN_END status=OK
[2026-08-16T10:28:43] RUN_START run_id=SCALE_O_PythonNDN_300000_016
[2026-08-16T10:28:43] PARAM implementation=PythonNDN
[2026-08-16T10:28:43] METRIC unique_content_objects=300000
[2026-08-16T10:28:43] METRIC cache_hit_ratio=0.2472
[2026-08-16T10:28:43] RUN_END status=OK
[2026-08-16T10:30:27] RUN_START run_id=SCALE_O_PythonNDN_300000_017
[2026-08-16T10:30:27] PARAM implementation=PythonNDN
[2026-08-16T10:30:27] METRIC unique_content_objects=300000
[2026-08-16T10:30:27] METRIC cache_hit_ratio=0.2572
[2026-08-16T10:30:27] RUN_END status=OK
[2026-08-16T10:33:27] RUN_START run_id=SCALE_O_PythonNDN_300000_018
[2026-08-16T10:33:27] PARAM implementation=PythonNDN
[2026-08-16T10:33:27] METRIC unique_content_objects=300000
[2026-08-16T10:33:27] METRIC cache_hit_ratio=0.2522
[2026-08-16T10:33:27] RUN_END status=OK
[2026-08-16T10:37:19] RUN_START run_id=SCALE_O_PythonNDN_300000_019
[2026-08-16T10:37:19] PARAM implementation=PythonNDN
[2026-08-16T10:37:19] METRIC unique_content_objects=300000
[2026-08-16T10:37:19] METRIC cache_hit_ratio=0.2478
[2026-08-16T10:37:19] RUN_END status=OK
[2026-08-16T10:38:47] RUN_START run_id=SCALE_O_PythonNDN_300000_020
[2026-08-16T10:38:47] PARAM implementation=PythonNDN
[2026-08-16T10:38:47] METRIC unique_content_objects=300000
[2026-08-16T10:38:47] METRIC cache_hit_ratio=0.2687
[2026-08-16T10:38:47] RUN_END status=OK
[2026-08-16T12:58:29] RUN_START run_id=SCALE_O_uDCN_1000_077
[2026-08-16T12:58:29] PARAM implementation=uDCN
[2026-08-16T12:58:29] METRIC unique_content_objects=1000
[2026-08-16T12:58:29] METRIC cache_hit_ratio=0.9354
[2026-08-16T12:58:29] RUN_END status=OK
[2026-08-16T13:01:05] RUN_START run_id=SCALE_O_uDCN_1000_078
[2026-08-16T13:01:05] PARAM implementation=uDCN
[2026-08-16T13:01:05] METRIC unique_content_objects=1000
[2026-08-16T13:01:05] METRIC cache_hit_ratio=0.9772
[2026-08-16T13:01:05] RUN_END status=OK
[2026-08-16T13:02:58] RUN_START run_id=SCALE_O_uDCN_1000_079
[2026-08-16T13:02:58] PARAM implementation=uDCN
[2026-08-16T13:02:58] METRIC unique_content_objects=1000
[2026-08-16T13:02:58] METRIC cache_hit_ratio=0.9859
[2026-08-16T13:02:58] RUN_END status=OK
[2026-08-16T13:08:05] RUN_START run_id=SCALE_O_uDCN_1000_080
[2026-08-16T13:08:05] PARAM implementation=uDCN
[2026-08-16T13:08:05] METRIC unique_content_objects=1000
[2026-08-16T13:08:05] METRIC cache_hit_ratio=0.9877
[2026-08-16T13:08:05] RUN_END status=OK
[2026-08-16T13:11:12] RUN_START run_id=SCALE_O_uDCN_1000_081
[2026-08-16T13:11:12] PARAM implementation=uDCN
[2026-08-16T13:11:12] METRIC unique_content_objects=1000
[2026-08-16T13:11:12] METRIC cache_hit_ratio=0.9883
[2026-08-16T13:11:12] RUN_END status=OK
[2026-08-16T13:13:44] RUN_START run_id=SCALE_O_uDCN_1000_082
[2026-08-16T13:13:44] PARAM implementation=uDCN
[2026-08-16T13:13:44] METRIC unique_content_objects=1000
[2026-08-16T13:13:44] METRIC cache_hit_ratio=0.9647
[2026-08-16T13:13:44] RUN_END status=OK
