[2026-08-26T01:13:47] RUN_START run_id=SCALE_O_PythonNDN_1000_091
[2026-08-26T01:13:47] PARAM implementation=PythonNDN
[2026-08-26T01:13:47] METRIC unique_content_objects=1000
[2026-08-26T01:13:47] METRIC cache_hit_ratio=0.9008
[2026-08-26T01:13:47] RUN_END status=OK
[2026-08-26T01:16:10] RUN_START run_id=SCALE_O_PythonNDN_1000_092
[2026-08-26T01:16:10] PARAM implementation=PythonNDN
[2026-08-26T01:16:10] METRIC unique_content_objects=1000
[2026-08-26T01:16:10] METRIC cache_hit_ratio=0.8935
[2026-08-26T01:16:10] RUN_END status=OK
[2026-08-26T01:16:33] RUN_START run_id=SCALE_O_PythonNDN_1000_093
[2026-08-26T01:16:33] PARAM implementation=PythonNDN
[2026-08-26T01:16:33] METRIC unique_content_objects=1000
[2026-08-26T01:16:33] METRIC cache_hit_ratio=0.8764
[2026-08-26T01:16:33] RUN_END status=OK
[2026-08-26T01:18:11] RUN_START run_id=SCALE_O_PythonNDN_1000_094
[2026-08-26T01:18:11] PARAM implementation=PythonNDN
[2026-08-26T01:18:11] METRIC unique_content_objects=1000
[2026-08-26T01:18:11] METRIC cache_hit_ratio=0.9181
[2026-08-26T01:18:11] RUN_END status=OK
[2026-08-26T01:20:27] RUN_START run_id=SCALE_O_PythonNDN_1000_095
[2026-08-26T01:20:27] PARAM implementation=PythonNDN
[2026-08-26T01:20:27] METRIC unique_content_objects=1000
[2026-08-26T01:20:27] METRIC cache_hit_ratio=0.8871
[2026-08-26T01:20:27] RUN_END status=OK
[2026-08-26T01:23:42] RUN_START run_id=SCALE_O_PythonNDN_1000_096
[2026-08-26T01:23:42] PARAM implementation=PythonNDN
[2026-08-26T01:23:42] METRIC unique_content_objects=1000
[2026-08-26T01:23:42] METRIC cache_hit_ratio=0.8909
[2026-08-26T01:23:42] RUN_END status=OK
[2026-08-26T01:24:09] RUN_START run_id=SCALE_O_PythonNDN_1000_097
[2026-08-26T01:24:09] PARAM implementation=PythonNDN
[2026-08-26T01:24:09] METRIC unique_content_objects=1000
[2026-08-26T01:24:09] METRIC cache_hit_ratio=0.8812
[2026-08-26T01:24:09] RUN_END status=OK
[2026-08-26T01:28:01] RUN_START run_id=SCALE_O_PythonNDN_1000_098
[2026-08-26T01:28:01] PARAM implementation=PythonNDN
[2026-08-26T01:28:01] METRIC unique_content_objects=1000
[2026-08-26T01:28:01] METRIC cache_hit_ratio=0.9296
[2026-08-26T01:28:01] RUN_END status=OK
[2026-08-26T01:31:34] RUN_START run_id=SCALE_O_PythonNDN_1000_099
[2026-08-26T01:31:34] PARAM implementation=PythonNDN
[2026-08-26T01:31:34] METRIC unique_content_objects=1000
[2026-08-26T01:31:34] METRIC cache_hit_ratio=0.8827
[2026-08-26T01:31:34] RUN_END status=OK
[2026-08-26T03:38:49] RUN_START run_id=SCALE_O_NFD_100000_147
[2026-08-26T03:38:49] PARAM implementation=NFD
[2026-08-26T03:38:49] METRIC unique_content_objects=100000
[2026-08-26T03:38:49] METRIC cache_hit_ratio=0.6626
[2026-08-26T03:38:49] RUN_END status=OK
[2026-08-26T03:40:34] RUN_START run_id=SCALE_O_NFD_100000_148
[2026-08-26T03:40:34] PARAM implementation=NFD
[2026-08-26T03:40:34] METRIC unique_content_objects=100000
[2026-08-26T03:40:34] METRIC cache_hit_ratio=0.6157
[2026-08-26T03:40:34] RUN_END status=OK
[2026-08-26T03:41:52] RUN_START run_id=SCALE_O_NFD_100000_149
[2026-08-26T03:41:52] PARAM implementation=NFD
[2026-08-26T03:41:52] METRIC unique_content_objects=100000
[2026-08-26T03:41:52] METRIC cache_hit_ratio=0.6631
[2026-08-26T03:41:52] RUN_END status=OK
[2026-08-26T03:43:12] RUN_START run_id=SCALE_O_NFD_100000_150
[2026-08-26T03:43:12] PARAM implementation=NFD
[2026-08-26T03:43:12] METRIC unique_content_objects=100000
[2026-08-26T03:43:12] METRIC cache_hit_ratio=0.6658
[2026-08-26T03:43:12] RUN_END status=OK
