[2026-08-15T18:21:03] RUN_START run_id=SCALE_O_CCNlite_1000000_011
[2026-08-15T18:21:03] PARAM implementation=CCNlite
[2026-08-15T18:21:03] METRIC unique_content_objects=1000000
[2026-08-15T18:21:03] METRIC cache_hit_ratio=0.2735
[2026-08-15T18:21:03] RUN_END status=OK
[2026-08-15T18:22:48] RUN_START run_id=SCALE_O_uDCN_300000_061
[2026-08-15T18:22:48] PARAM implementation=uDCN
[2026-08-15T18:22:48] METRIC unique_content_objects=300000
[2026-08-15T18:22:48] METRIC cache_hit_ratio=0.5765
[2026-08-15T18:22:48] RUN_END status=OK
[2026-08-15T18:24:39] RUN_START run_id=SCALE_O_uDCN_300000_062
[2026-08-15T18:24:39] PARAM implementation=uDCN
[2026-08-15T18:24:39] METRIC unique_content_objects=300000
[2026-08-15T18:24:39] METRIC cache_hit_ratio=0.5473
[2026-08-15T18:24:39] RUN_END status=OK
[2026-08-15T18:27:57] RUN_START run_id=SCALE_O_CCNlite_1000000_012
[2026-08-15T18:27:57] PARAM implementation=CCNlite
[2026-08-15T18:27:57] METRIC unique_content_objects=1000000
[2026-08-15T18:27:57] METRIC cache_hit_ratio=0.2594
[2026-08-15T18:27:57] RUN_END status=OK
[2026-08-15T18:29:52] RUN_START run_id=SCALE_O_uDCN_300000_063
[2026-08-15T18:29:52] PARAM implementation=uDCN
[2026-08-15T18:29:52] METRIC unique_content_objects=300000
[2026-08-15T18:29:52] METRIC cache_hit_ratio=0.584
[2026-08-15T18:29:52] RUN_END status=OK
[2026-08-15T18:32:17] RUN_START run_id=SCALE_O_CCNlite_1000000_013
[2026-08-15T18:32:17] PARAM implementation=CCNlite
[2026-08-15T18:32:17] METRIC unique_content_objects=1000000
[2026-08-15T18:32:17] METRIC cache_hit_ratio=0.309
[2026-08-15T18:32:17] RUN_END status=OK
[2026-08-15T18:33:22] RUN_START run_id=SCALE_O_uDCN_300000_064
[2026-08-15T18:33:22] PARAM implementation=uDCN
[2026-08-15T18:33:22] METRIC unique_content_objects=300000
[2026-08-15T18:33:22] METRIC cache_hit_ratio=0.5774
[2026-08-15T18:33:22] RUN_END status=OK
[2026-08-15T18:36:48] RUN_START run_id=SCALE_O_CCNlite_1000000_014
[2026-08-15T18:36:48] PARAM implementation=CCNlite
[2026-08-15T18:36:48] METRIC unique_content_objects=1000000
[2026-08-15T18:36:48] METRIC cache_hit_ratio=0.2655
[2026-08-15T18:36:48] RUN_END status=OK
[2026-08-15T18:37:28] RUN_START run_id=SCALE_O_uDCN_300000_065
[2026-08-15T18:37:28] PARAM implementation=uDCN
[2026-08-15T18:37:28] METRIC unique_content_objects=300000
[2026-08-15T18:37:28] METRIC cache_hit_ratio=0.6244
[2026-08-15T18:37:28] RUN_END status=OK
[2026-08-15T18:39:23] RUN_START run_id=SCALE_O_CCNlite_1000000_015
[2026-08-15T18:39:23] PARAM implementation=CCNlite
[2026-08-15T18:39:23] METRIC unique_content_objects=1000000
[2026-08-15T18:39:23] METRIC cache_hit_ratio=0.2545
[2026-08-15T18:39:23] RUN_END status=OK
