[2026-08-17T15:56:57] RUN_START run_id=SCALE_O_NFD_5000000_087
[2026-08-17T15:56:57] PARAM implementation=NFD
[2026-08-17T15:56:57] METRIC unique_content_objects=5000000
[2026-08-17T15:56:57] METRIC cache_hit_ratio=0.0936
[2026-08-17T15:56:57] RUN_END status=OK
[2026-08-17T15:57:43] RUN_START run_id=SCALE_O_NFD_5000000_088
[2026-08-17T15:57:43] PARAM implementation=NFD
[2026-08-17T15:57:43] METRIC unique_content_objects=5000000
[2026-08-17T15:57:43] METRIC cache_hit_ratio=0.0968
[2026-08-17T15:57:43] RUN_END status=OK
[2026-08-17T16:02:07] RUN_START run_id=SCALE_O_NFD_5000000_089
[2026-08-17T16:02:07] PARAM implementation=NFD
[2026-08-17T16:02:07] METRIC unique_content_objects=5000000
[2026-08-17T16:02:07] METRIC cache_hit_ratio=0.0928
[2026-08-17T16:02:07] RUN_END status=OK
[2026-08-17T16:03:01] RUN_START run_id=SCALE_O_NFD_5000000_090
[2026-08-17T16:03:01] PARAM implementation=NFD
[2026-08-17T16:03:01] METRIC unique_content_objects=5000000
[2026-08-17T16:03:01] METRIC cache_hit_ratio=0.0975
[2026-08-17T16:03:01] RUN_END status=OK
[2026-08-17T16:06:01] RUN_START run_id=SCALE_O_NFD_5000000_091
[2026-08-17T16:06:01] PARAM implementation=NFD
[2026-08-17T16:06:01] METRIC unique_content_objects=5000000
[2026-08-17T16:06:01] METRIC cache_hit_ratio=0.0989
[2026-08-17T16:06:01] RUN_END status=OK
[2026-08-17T16:08:13] RUN_START run_id=SCALE_O_NFD_5000000_092
[2026-08-17T16:08:13] PARAM implementation=NFD
[2026-08-17T16:08:13] METRIC unique_content_objects=5000000
[2026-08-17T16:08:13] METRIC cache_hit_ratio=0.1021
[2026-08-17T16:08:13] RUN_END status=OK
[2026-08-17T16:11:51] RUN_START run_id=SCALE_O_NFD_5000000_093
[2026-08-17T16:11:51] PARAM implementation=NFD
[2026-08-17T16:11:51] METRIC unique_content_objects=5000000
[2026-08-17T16:11:51] METRIC cache_hit_ratio=0.1015
[2026-08-17T16:11:51] RUN_END status=OK
[2026-08-17T16:14:06] RUN_START run_id=SCALE_O_NFD_5000000_094
[2026-08-17T16:14:06] PARAM implementation=NFD
[2026-08-17T16:14:06] METRIC unique_content_objects=5000000
[2026-08-17T16:14:06] METRIC cache_hit_ratio=0.1013
[2026-08-17T16:14:06] RUN_END status=OK
[2026-08-17T16:19:01] RUN_START run_id=SCALE_O_NFD_5000000_095
[2026-08-17T16:19:01] PARAM implementation=NFD
[2026-08-17T16:19:01] METRIC unique_content_objects=5000000
[2026-08-17T16:19:01] METRIC cache_hit_ratio=0.0988
[2026-08-17T16:19:01] RUN_END status=OK
[2026-08-17T16:19:53] RUN_START run_id=SCALE_O_NFD_5000000_096
[2026-08-17T16:19:53] PARAM implementation=NFD
[2026-08-17T16:19:53] METRIC unique_content_objects=5000000
[2026-08-17T16:19:53] METRIC cache_hit_ratio=0.1093
[2026-08-17T16:19:53] RUN_END status=OK
[2026-08-17T16:22:50] RUN_START run_id=SCALE_O_NFD_5000000_097
[2026-08-17T16:22:50] PARAM implementation=NFD
[2026-08-17T16:22:50] METRIC unique_content_objects=5000000
[2026-08-17T16:22:50] METRIC cache_hit_ratio=0.0968
[2026-08-17T16:22:50] RUN_END status=OK
[2026-08-17T16:27:15] RUN_START run_id=SCALE_O_NFD_5000000_098
[2026-08-17T16:27:15] PARAM implementation=NFD
[2026-08-17T16:27:15] METRIC unique_content_objects=5000000
[2026-08-17T16:27:15] METRIC cache_hit_ratio=0.0969
[2026-08-17T16:27:15] RUN_END status=OK
[2026-08-17T16:32:19] RUN_START run_id=SCALE_O_NFD_5000000_099
[2026-08-17T16:32:19] PARAM implementation=NFD
[2026-08-17T16:32:19] METRIC unique_content_objects=5000000
[2026-08-17T16:32:19] METRIC cache_hit_ratio=0.0995
[2026-08-17T16:32:19] RUN_END status=OK
[2026-08-17T16:35:10] RUN_START run_id=SCALE_O_NFD_5000000_100
[2026-08-17T16:35:10] PARAM implementation=NFD
[2026-08-17T16:35:10] METRIC unique_content_objects=5000000
[2026-08-17T16:35:10] METRIC cache_hit_ratio=0.0945
[2026-08-17T16:35:10] RUN_END status=OK
[2026-08-17T16:36:46] RUN_START run_id=SCALE_O_NFD_5000000_101
[2026-08-17T16:36:46] PARAM implementation=NFD
[2026-08-17T16:36:46] METRIC unique_content_objects=5000000
[2026-08-17T16:36:46] METRIC cache_hit_ratio=0.1007
[2026-08-17T16:36:46] RUN_END status=OK
[2026-08-17T16:38:49] RUN_START run_id=SCALE_O_NFD_5000000_102
[2026-08-17T16:38:49] PARAM implementation=NFD
[2026-08-17T16:38:49] METRIC unique_content_objects=5000000
[2026-08-17T16:38:49] METRIC cache_hit_ratio=0.0963
[2026-08-17T16:38:49] RUN_END status=OK
[2026-08-17T16:41:55] RUN_START run_id=SCALE_O_NFD_5000000_103
[2026-08-17T16:41:55] PARAM implementation=NFD
[2026-08-17T16:41:55] METRIC unique_content_objects=5000000
[2026-08-17T16:41:55] METRIC cache_hit_ratio=0.1031
[2026-08-17T16:41:55] RUN_END status=OK
