[2026-08-26T05:44:26] RUN_START run_id=SCALE_O_PythonNDN_100000_124
[2026-08-26T05:44:26] PARAM implementation=PythonNDN
[2026-08-26T05:44:26] METRIC unique_content_objects=100000
[2026-08-26T05:44:26] METRIC cache_hit_ratio=0.5207
[2026-08-26T05:44:26] RUN_END status=OK
[2026-08-26T05:45:39] RUN_START run_id=SCALE_O_PythonNDN_100000_125
[2026-08-26T05:45:39] PARAM implementation=PythonNDN
[2026-08-26T05:45:39] METRIC unique_content_objects=100000
[2026-08-26T05:45:39] METRIC cache_hit_ratio=0.4827
[2026-08-26T05:45:39] RUN_END status=OK
[2026-08-26T05:50:28] RUN_START run_id=SCALE_O_PythonNDN_100000_126
[2026-08-26T05:50:28] PARAM implementation=PythonNDN
[2026-08-26T05:50:28] METRIC unique_content_objects=100000
[2026-08-26T05:50:28] METRIC cache_hit_ratio=0.4971
[2026-08-26T05:50:28] RUN_END status=OK
[2026-08-26T05:52:03] RUN_START run_id=SCALE_O_PythonNDN_100000_127
[2026-08-26T05:52:03] PARAM implementation=PythonNDN
[2026-08-26T05:52:03] METRIC unique_content_objects=100000
[2026-08-26T05:52:03] METRIC cache_hit_ratio=0.4951
[2026-08-26T05:52:03] RUN_END status=OK
[2026-08-26T05:57:12] RUN_START run_id=SCALE_O_PythonNDN_100000_128
[2026-08-26T05:57:12] PARAM implementation=PythonNDN
[2026-08-26T05:57:12] METRIC unique_content_objects=100000
[2026-08-26T05:57:12] METRIC cache_hit_ratio=0.4384
[2026-08-26T05:57:12] RUN_END status=OK
[2026-08-26T06:01:29] RUN_START run_id=SCALE_O_PythonNDN_100000_129
[2026-08-26T06:01:29] PARAM implementation=PythonNDN
[2026-08-26T06:01:29] METRIC unique_content_objects=100000
[2026-08-26T06:01:29] METRIC cache_hit_ratio=0.4949
[2026-08-26T06:01:29] RUN_END status=OK
[2026-08-26T06:02:19] RUN_START run_id=SCALE_O_PythonNDN_100000_130
[2026-08-26T06:02:19] PARAM implementation=PythonNDN
[2026-08-26T06:02:19] METRIC unique_content_objects=100000
[2026-08-26T06:02:19] METRIC cache_hit_ratio=0.462
[2026-08-26T06:02:19] RUN_END status=OK
[2026-08-26T06:04:10] RUN_START run_id=SCALE_O_PythonNDN_100000_131
[2026-08-26T06:04:10] PARAM implementation=PythonNDN
[2026-08-26T06:04:10] METRIC unique_content_objects=100000
[2026-08-26T06:04:10] METRIC cache_hit_ratio=0.5177
[2026-08-26T06:04:10] RUN_END status=OK
[2026-08-26T06:04:37] RUN_START run_id=SCALE_O_PythonNDN_100000_132
[2026-08-26T06:04:37] PARAM implementation=PythonNDN
[2026-08-26T06:04:37] METRIC unique_content_objects=100000
[2026-08-26T06:04:37] METRIC cache_hit_ratio=0.5193
[2026-08-26T06:04:37] RUN_END status=OK
[2026-08-26T06:09:03] RUN_START run_id=SCALE_O_PythonNDN_100000_133
[2026-08-26T06:09:03] PARAM implementation=PythonNDN
[2026-08-26T06:09:03] METRIC unique_content_objects=100000
[2026-08-26T06:09:03] METRIC cache_hit_ratio=0.4788
[2026-08-26T06:09:03] RUN_END status=OK
[2026-08-26T06:10:30] RUN_START run_id=SCALE_O_PythonNDN_100000_134
[2026-08-26T06:10:30] PARAM implementation=PythonNDN
[2026-08-26T06:10:30] METRIC unique_content_objects=100000
[2026-08-26T06:10:30] METRIC cache_hit_ratio=0.4791
[2026-08-26T06:10:30] RUN_END status=OK
[2026-08-26T06:13:14] RUN_START run_id=SCALE_O_PythonNDN_100000_135
[2026-08-26T06:13:14] PARAM implementation=PythonNDN
[2026-08-26T06:13:14] METRIC unique_content_objects=100000
[2026-08-26T06:13:14] METRIC cache_hit_ratio=0.5038
[2026-08-26T06:13:14] RUN_END status=OK
[2026-08-26T06:14:22] RUN_START run_id=SCALE_O_PythonNDN_100000_136
[2026-08-26T06:14:22] PARAM implementation=PythonNDN
[2026-08-26T06:14:22] METRIC unique_content_objects=100000
[2026-08-26T06:14:22] METRIC cache_hit_ratio=0.5217
[2026-08-26T06:14:22] RUN_END status=OK
[2026-08-26T06:18:01] RUN_START run_id=SCALE_O_PythonNDN_100000_137
[2026-08-26T06:18:01] PARAM implementation=PythonNDN
[2026-08-26T06:18:01] METRIC unique_content_objects=100000
[2026-08-26T06:18:01] METRIC cache_hit_ratio=0.4844
[2026-08-26T06:18:01] RUN_END status=OK
[2026-08-26T06:19:26] RUN_START run_id=SCALE_O_PythonNDN_100000_138
[2026-08-26T06:19:26] PARAM implementation=PythonNDN
[2026-08-26T06:19:26] METRIC unique_content_objects=100000
[2026-08-26T06:19:26] METRIC cache_hit_ratio=0.5148
[2026-08-26T06:19:26] RUN_END status=OK
[2026-08-26T06:21:12] RUN_START run_id=SCALE_O_PythonNDN_100000_139
[2026-08-26T06:21:12] PARAM implementation=PythonNDN
[2026-08-26T06:21:12] METRIC unique_content_objects=100000
[2026-08-26T06:21:12] METRIC cache_hit_ratio=0.4991
[2026-08-26T06:21:12] RUN_END status=OK
[2026-08-26T06:22:36] RUN_START run_id=SCALE_O_PythonNDN_100000_140
[2026-08-26T06:22:36] PARAM implementation=PythonNDN
[2026-08-26T06:22:36] METRIC unique_content_objects=100000
[2026-08-26T06:22:36] METRIC cache_hit_ratio=0.4994
[2026-08-26T06:22:36] RUN_END status=OK
