[2026-08-23T01:16:50] RUN_START run_id=SCALE_O_NFD_100000_038
[2026-08-23T01:16:50] PARAM implementation=NFD
[2026-08-23T01:16:50] METRIC unique_content_objects=100000
[2026-08-23T01:16:50] METRIC cache_hit_ratio=0.6565
[2026-08-23T01:16:50] RUN_END status=OK
[2026-08-23T01:18:55] RUN_START run_id=SCALE_O_NFD_100000_039
[2026-08-23T01:18:55] PARAM implementation=NFD
[2026-08-23T01:18:55] METRIC unique_content_objects=100000
[2026-08-23T01:18:55] METRIC cache_hit_ratio=0.6418
[2026-08-23T01:18:55] RUN_END status=OK
[2026-08-23T01:19:38] RUN_START run_id=SCALE_O_NFD_100000_040
[2026-08-23T01:19:38] PARAM implementation=NFD
[2026-08-23T01:19:38] METRIC unique_content_objects=100000
[2026-08-23T01:19:38] METRIC cache_hit_ratio=0.6428
[2026-08-23T01:19:38] RUN_END status=OK
[2026-08-23T01:23:41] RUN_START run_id=SCALE_O_NFD_100000_041
[2026-08-23T01:23:41] PARAM implementation=NFD
[2026-08-23T01:23:41] METRIC unique_content_objects=100000
[2026-08-23T01:23:41] METRIC cache_hit_ratio=0.633
[2026-08-23T01:23:41] RUN_END status=OK
[2026-08-23T01:25:25] RUN_START run_id=SCALE_O_NFD_100000_042
[2026-08-23T01:25:25] PARAM implementation=NFD
[2026-08-23T01:25:25] METRIC unique_content_objects=100000
[2026-08-23T01:25:25] METRIC cache_hit_ratio=0.6424
[2026-08-23T01:25:25] RUN_END status=OK
[2026-08-23T01:27:07] RUN_START run_id=SCALE_O_NFD_100000_043
[2026-08-23T01:27:07] PARAM implementation=NFD
[2026-08-23T01:27:07] METRIC unique_content_objects=100000
[2026-08-23T01:27:07] METRIC cache_hit_ratio=0.6598
[2026-08-23T01:27:07] RUN_END status=OK
[2026-08-23T01:29:50] RUN_START run_id=SCALE_O_NFD_100000_044
[2026-08-23T01:29:50] PARAM implementation=NFD
[2026-08-23T01:29:50] METRIC unique_content_objects=100000
[2026-08-23T01:29:50] METRIC cache_hit_ratio=0.6463
[2026-08-23T01:29:50] RUN_END status=OK
[2026-08-23T01:31:56] RUN_START run_id=SCALE_O_NFD_100000_045
[2026-08-23T01:31:56] PARAM implementation=NFD
[2026-08-23T01:31:56] METRIC unique_content_objects=100000
[2026-08-23T01:31:56] METRIC cache_hit_ratio=0.6718
[2026-08-23T01:31:56] RUN_END status=OK
[2026-08-23T01:33:20] RUN_START run_id=SCALE_O_NFD_100000_046
[2026-08-23T01:33:20] PARAM implementation=NFD
[2026-08-23T01:33:20] METRIC unique_content_objects=100000
[2026-08-23T01:33:20] METRIC cache_hit_ratio=0.6481
[2026-08-23T01:33:20] RUN_END status=OK
[2026-08-23T01:33:32] RUN_START run_id=SCALE_O_NFD_100000_047
[2026-08-23T01:33:32] PARAM implementation=NFD
[2026-08-23T01:33:32] METRIC unique_content_objects=100000
[2026-08-23T01:33:32] METRIC cache_hit_ratio=0.6389
[2026-08-23T01:33:32] RUN_END status=OK
[2026-08-23T01:37:32] RUN_START run_id=SCALE_O_NFD_100000_048
[2026-08-23T01:37:32] PARAM implementation=NFD
[2026-08-23T01:37:32] METRIC unique_content_objects=100000
[2026-08-23T01:37:32] METRIC cache_hit_ratio=0.655
[2026-08-23T01:37:32] RUN_END status=OK
[2026-08-23T01:40:08] RUN_START run_id=SCALE_O_NFD_100000_049
[2026-08-23T01:40:08] PARAM implementation=NFD
[2026-08-23T01:40:08] METRIC unique_content_objects=100000
[2026-08-23T01:40:08] METRIC cache_hit_ratio=0.6671
[2026-08-23T01:40:08] RUN_END status=OK
[2026-08-23T01:42:19] RUN_START run_id=SCALE_O_NFD_100000_050
[2026-08-23T01:42:19] PARAM implementation=NFD
[2026-08-23T01:42:19] METRIC unique_content_objects=100000
[2026-08-23T01:42:19] METRIC cache_hit_ratio=0.6206
[2026-08-23T01:42:19] RUN_END status=OK
[2026-08-23T01:44:32] RUN_START run_id=SCALE_O_NFD_100000_051
[2026-08-23T01:44:32] PARAM implementation=NFD
[2026-08-23T01:44:32] METRIC unique_content_objects=100000
[2026-08-23T01:44:32] METRIC cache_hit_ratio=0.6525
[2026-08-23T01:44:32] RUN_END status=OK
[2026-08-23T01:45:31] RUN_START run_id=SCALE_O_NFD_100000_052
[2026-08-23T01:45:31] PARAM implementation=NFD
[2026-08-23T01:45:31] METRIC unique_content_objects=100000
[2026-08-23T01:45:31] METRIC cache_hit_ratio=0.6559
[2026-08-23T01:45:31] RUN_END status=OK
[2026-08-23T01:50:55] RUN_START run_id=SCALE_O_NFD_100000_053
[2026-08-23T01:50:55] PARAM implementation=NFD
[2026-08-23T01:50:55] METRIC unique_content_objects=100000
[2026-08-23T01:50:55] METRIC cache_hit_ratio=0.6533
[2026-08-23T01:50:55] RUN_END status=OK
[2026-08-23T01:53:39] RUN_START run_id=SCALE_O_NFD_100000_054
[2026-08-23T01:53:39] PARAM implementation=NFD
[2026-08-23T01:53:39] METRIC unique_content_objects=100000
[2026-08-23T01:53:39] METRIC cache_hit_ratio=0.6534
[2026-08-23T01:53:39] RUN_END status=OK
[2026-08-23T01:54:16] RUN_START run_id=08_scalability_content_DISCARDED_0184
[2026-08-23T01:54:16] RUN_ABORTED reason=cache_warmup_incomplete: content-store did not reach steady-state hit ratio within the 30s warm-up window, run discarded
[2026-08-23T01:54:44] RUN_START run_id=SCALE_O_NFD_100000_055
[2026-08-23T01:54:44] PARAM implementation=NFD
[2026-08-23T01:54:44] METRIC unique_content_objects=100000
[2026-08-23T01:54:44] METRIC cache_hit_ratio=0.6283
[2026-08-23T01:54:44] RUN_END status=OK
[2026-08-23T01:56:45] RUN_START run_id=SCALE_O_NFD_100000_056
[2026-08-23T01:56:45] PARAM implementation=NFD
[2026-08-23T01:56:45] METRIC unique_content_objects=100000
[2026-08-23T01:56:45] METRIC cache_hit_ratio=0.683
[2026-08-23T01:56:45] RUN_END status=OK
