[2026-08-23T02:57:22] RUN_START run_id=SCALE_O_CCNlite_5000000_135
[2026-08-23T02:57:22] PARAM implementation=CCNlite
[2026-08-23T02:57:22] METRIC unique_content_objects=5000000
[2026-08-23T02:57:22] METRIC cache_hit_ratio=0.1076
[2026-08-23T02:57:22] RUN_END status=OK
[2026-08-23T02:58:57] RUN_START run_id=SCALE_O_CCNlite_5000000_136
[2026-08-23T02:58:57] PARAM implementation=CCNlite
[2026-08-23T02:58:57] METRIC unique_content_objects=5000000
[2026-08-23T02:58:57] METRIC cache_hit_ratio=0.1117
[2026-08-23T02:58:57] RUN_END status=OK
[2026-08-23T02:59:42] RUN_START run_id=SCALE_O_CCNlite_300000_104
[2026-08-23T02:59:42] PARAM implementation=CCNlite
[2026-08-23T02:59:42] METRIC unique_content_objects=300000
[2026-08-23T02:59:42] METRIC cache_hit_ratio=0.4048
[2026-08-23T02:59:42] RUN_END status=OK
[2026-08-23T03:02:33] RUN_START run_id=SCALE_O_CCNlite_300000_105
[2026-08-23T03:02:33] PARAM implementation=CCNlite
[2026-08-23T03:02:33] METRIC unique_content_objects=300000
[2026-08-23T03:02:33] METRIC cache_hit_ratio=0.4625
[2026-08-23T03:02:33] RUN_END status=OK
[2026-08-23T03:02:36] RUN_START run_id=SCALE_O_CCNlite_5000000_137
[2026-08-23T03:02:36] PARAM implementation=CCNlite
[2026-08-23T03:02:36] METRIC unique_content_objects=5000000
[2026-08-23T03:02:36] METRIC cache_hit_ratio=0.106
[2026-08-23T03:02:36] RUN_END status=OK
[2026-08-23T03:04:17] RUN_START run_id=SCALE_O_CCNlite_5000000_138
[2026-08-23T03:04:17] PARAM implementation=CCNlite
[2026-08-23T03:04:17] METRIC unique_content_objects=5000000
[2026-08-23T03:04:17] METRIC cache_hit_ratio=0.1076
[2026-08-23T03:04:17] RUN_END status=OK
[2026-08-23T03:04:45] RUN_START run_id=SCALE_O_CCNlite_300000_106
[2026-08-23T03:04:45] PARAM implementation=CCNlite
[2026-08-23T03:04:45] METRIC unique_content_objects=300000
[2026-08-23T03:04:45] METRIC cache_hit_ratio=0.4383
[2026-08-23T03:04:45] RUN_END status=OK
[2026-08-23T03:06:08] RUN_START run_id=SCALE_O_CCNlite_300000_107
[2026-08-23T03:06:08] PARAM implementation=CCNlite
[2026-08-23T03:06:08] METRIC unique_content_objects=300000
[2026-08-23T03:06:08] METRIC cache_hit_ratio=0.4379
[2026-08-23T03:06:08] RUN_END status=OK
[2026-08-23T03:07:35] RUN_START run_id=SCALE_O_CCNlite_5000000_139
[2026-08-23T03:07:35] PARAM implementation=CCNlite
[2026-08-23T03:07:35] METRIC unique_content_objects=5000000
[2026-08-23T03:07:35] METRIC cache_hit_ratio=0.1005
[2026-08-23T03:07:35] RUN_END status=OK
[2026-08-23T03:08:02] RUN_START run_id=SCALE_O_CCNlite_300000_108
[2026-08-23T03:08:02] PARAM implementation=CCNlite
[2026-08-23T03:08:02] METRIC unique_content_objects=300000
[2026-08-23T03:08:02] METRIC cache_hit_ratio=0.4597
[2026-08-23T03:08:02] RUN_END status=OK
[2026-08-23T03:10:50] RUN_START run_id=SCALE_O_CCNlite_300000_109
[2026-08-23T03:10:50] PARAM implementation=CCNlite
[2026-08-23T03:10:50] METRIC unique_content_objects=300000
[2026-08-23T03:10:50] METRIC cache_hit_ratio=0.3993
[2026-08-23T03:10:50] RUN_END status=OK
[2026-08-23T03:11:10] RUN_START run_id=SCALE_O_CCNlite_5000000_140
[2026-08-23T03:11:10] PARAM implementation=CCNlite
[2026-08-23T03:11:10] METRIC unique_content_objects=5000000
[2026-08-23T03:11:10] METRIC cache_hit_ratio=0.1155
[2026-08-23T03:11:10] RUN_END status=OK
[2026-08-23T03:12:12] RUN_START run_id=SCALE_O_CCNlite_5000000_141
[2026-08-23T03:12:12] PARAM implementation=CCNlite
[2026-08-23T03:12:12] METRIC unique_content_objects=5000000
[2026-08-23T03:12:12] METRIC cache_hit_ratio=0.1078
[2026-08-23T03:12:12] RUN_END status=OK
[2026-08-23T03:12:18] RUN_START run_id=SCALE_O_CCNlite_300000_110
[2026-08-23T03:12:18] PARAM implementation=CCNlite
[2026-08-23T03:12:18] METRIC unique_content_objects=300000
[2026-08-23T03:12:18] METRIC cache_hit_ratio=0.4107
[2026-08-23T03:12:18] RUN_END status=OK
[2026-08-23T03:12:55] RUN_START run_id=SCALE_O_CCNlite_5000000_142
[2026-08-23T03:12:55] PARAM implementation=CCNlite
[2026-08-23T03:12:55] METRIC unique_content_objects=5000000
[2026-08-23T03:12:55] METRIC cache_hit_ratio=0.1021
[2026-08-23T03:12:55] RUN_END status=OK
[2026-08-23T03:14:25] RUN_START run_id=SCALE_O_CCNlite_5000000_143
[2026-08-23T03:14:25] PARAM implementation=CCNlite
[2026-08-23T03:14:25] METRIC unique_content_objects=5000000
[2026-08-23T03:14:25] METRIC cache_hit_ratio=0.1105
[2026-08-23T03:14:25] RUN_END status=OK
[2026-08-23T03:15:29] RUN_START run_id=SCALE_O_CCNlite_300000_111
[2026-08-23T03:15:29] PARAM implementation=CCNlite
[2026-08-23T03:15:29] METRIC unique_content_objects=300000
[2026-08-23T03:15:29] METRIC cache_hit_ratio=0.4573
[2026-08-23T03:15:29] RUN_END status=OK
