[2026-08-13T14:35:32] RUN_START run_id=SCALE_O_uDCN_1000000_109
[2026-08-13T14:35:32] PARAM implementation=uDCN
[2026-08-13T14:35:32] METRIC unique_content_objects=1000000
[2026-08-13T14:35:32] METRIC cache_hit_ratio=0.4387
[2026-08-13T14:35:32] RUN_END status=OK
[2026-08-13T14:37:36] RUN_START run_id=SCALE_O_NFD_5000000_014
[2026-08-13T14:37:36] PARAM implementation=NFD
[2026-08-13T14:37:36] METRIC unique_content_objects=5000000
[2026-08-13T14:37:36] METRIC cache_hit_ratio=0.1046
[2026-08-13T14:37:36] RUN_END status=OK
[2026-08-13T14:40:30] RUN_START run_id=SCALE_O_uDCN_1000000_110
[2026-08-13T14:40:30] PARAM implementation=uDCN
[2026-08-13T14:40:30] METRIC unique_content_objects=1000000
[2026-08-13T14:40:30] METRIC cache_hit_ratio=0.5091
[2026-08-13T14:40:30] RUN_END status=OK
[2026-08-13T14:40:52] RUN_START run_id=SCALE_O_NFD_5000000_015
[2026-08-13T14:40:52] PARAM implementation=NFD
[2026-08-13T14:40:52] METRIC unique_content_objects=5000000
[2026-08-13T14:40:52] METRIC cache_hit_ratio=0.1064
[2026-08-13T14:40:52] RUN_END status=OK
[2026-08-13T14:41:47] RUN_START run_id=SCALE_O_NFD_5000000_016
[2026-08-13T14:41:47] PARAM implementation=NFD
[2026-08-13T14:41:47] METRIC unique_content_objects=5000000
[2026-08-13T14:41:47] METRIC cache_hit_ratio=0.0965
[2026-08-13T14:41:47] RUN_END status=OK
[2026-08-13T14:42:07] RUN_START run_id=SCALE_O_uDCN_1000000_111
[2026-08-13T14:42:07] PARAM implementation=uDCN
[2026-08-13T14:42:07] METRIC unique_content_objects=1000000
[2026-08-13T14:42:07] METRIC cache_hit_ratio=0.4653
[2026-08-13T14:42:07] RUN_END status=OK
[2026-08-13T14:43:05] RUN_START run_id=SCALE_O_NFD_5000000_017
[2026-08-13T14:43:05] PARAM implementation=NFD
[2026-08-13T14:43:05] METRIC unique_content_objects=5000000
[2026-08-13T14:43:05] METRIC cache_hit_ratio=0.1018
[2026-08-13T14:43:05] RUN_END status=OK
[2026-08-13T14:44:17] RUN_START run_id=SCALE_O_uDCN_1000000_112
[2026-08-13T14:44:17] PARAM implementation=uDCN
[2026-08-13T14:44:17] METRIC unique_content_objects=1000000
[2026-08-13T14:44:17] METRIC cache_hit_ratio=0.4836
[2026-08-13T14:44:17] RUN_END status=OK
[2026-08-13T14:45:31] RUN_START run_id=SCALE_O_NFD_5000000_018
[2026-08-13T14:45:31] PARAM implementation=NFD
[2026-08-13T14:45:31] METRIC unique_content_objects=5000000
[2026-08-13T14:45:31] METRIC cache_hit_ratio=0.0986
[2026-08-13T14:45:31] RUN_END status=OK
[2026-08-13T14:47:10] RUN_START run_id=SCALE_O_uDCN_1000000_113
[2026-08-13T14:47:10] PARAM implementation=uDCN
[2026-08-13T14:47:10] METRIC unique_content_objects=1000000
[2026-08-13T14:47:10] METRIC cache_hit_ratio=0.4934
[2026-08-13T14:47:10] RUN_END status=OK
[2026-08-13T14:47:34] RUN_START run_id=SCALE_O_NFD_5000000_019
[2026-08-13T14:47:34] PARAM implementation=NFD
[2026-08-13T14:47:34] METRIC unique_content_objects=5000000
[2026-08-13T14:47:34] METRIC cache_hit_ratio=0.097
[2026-08-13T14:47:34] RUN_END status=OK
[2026-08-13T14:48:35] RUN_START run_id=SCALE_O_uDCN_1000000_114
[2026-08-13T14:48:35] PARAM implementation=uDCN
[2026-08-13T14:48:35] METRIC unique_content_objects=1000000
[2026-08-13T14:48:35] METRIC cache_hit_ratio=0.4318
[2026-08-13T14:48:35] RUN_END status=OK
[2026-08-13T14:49:53] RUN_START run_id=SCALE_O_uDCN_1000000_115
[2026-08-13T14:49:53] PARAM implementation=uDCN
[2026-08-13T14:49:53] METRIC unique_content_objects=1000000
[2026-08-13T14:49:53] METRIC cache_hit_ratio=0.4445
[2026-08-13T14:49:53] RUN_END status=OK
[2026-08-13T14:50:11] RUN_START run_id=SCALE_O_NFD_5000000_020
[2026-08-13T14:50:11] PARAM implementation=NFD
[2026-08-13T14:50:11] METRIC unique_content_objects=5000000
[2026-08-13T14:50:11] METRIC cache_hit_ratio=0.1088
[2026-08-13T14:50:11] RUN_END status=OK
[2026-08-13T14:51:40] RUN_START run_id=SCALE_O_NFD_5000000_021
[2026-08-13T14:51:40] PARAM implementation=NFD
[2026-08-13T14:51:40] METRIC unique_content_objects=5000000
[2026-08-13T14:51:40] METRIC cache_hit_ratio=0.0951
[2026-08-13T14:51:40] RUN_END status=OK
[2026-08-13T14:52:29] RUN_START run_id=SCALE_O_uDCN_1000000_116
[2026-08-13T14:52:29] PARAM implementation=uDCN
[2026-08-13T14:52:29] METRIC unique_content_objects=1000000
[2026-08-13T14:52:29] METRIC cache_hit_ratio=0.4039
[2026-08-13T14:52:29] RUN_END status=OK
