[2026-08-20T01:04:58] RUN_START run_id=SCALE_O_uDCN_300000_141
[2026-08-20T01:04:58] PARAM implementation=uDCN
[2026-08-20T01:04:58] METRIC unique_content_objects=300000
[2026-08-20T01:04:58] METRIC cache_hit_ratio=0.6564
[2026-08-20T01:04:58] RUN_END status=OK
[2026-08-20T01:06:13] RUN_START run_id=SCALE_O_PythonNDN_300000_092
[2026-08-20T01:06:13] PARAM implementation=PythonNDN
[2026-08-20T01:06:13] METRIC unique_content_objects=300000
[2026-08-20T01:06:13] METRIC cache_hit_ratio=0.2779
[2026-08-20T01:06:13] RUN_END status=OK
[2026-08-20T01:08:05] RUN_START run_id=SCALE_O_PythonNDN_300000_093
[2026-08-20T01:08:05] PARAM implementation=PythonNDN
[2026-08-20T01:08:05] METRIC unique_content_objects=300000
[2026-08-20T01:08:05] METRIC cache_hit_ratio=0.2579
[2026-08-20T01:08:05] RUN_END status=OK
[2026-08-20T01:08:37] RUN_START run_id=SCALE_O_uDCN_300000_142
[2026-08-20T01:08:37] PARAM implementation=uDCN
[2026-08-20T01:08:37] METRIC unique_content_objects=300000
[2026-08-20T01:08:37] METRIC cache_hit_ratio=0.6037
[2026-08-20T01:08:37] RUN_END status=OK
[2026-08-20T01:09:30] RUN_START run_id=SCALE_O_uDCN_300000_143
[2026-08-20T01:09:30] PARAM implementation=uDCN
[2026-08-20T01:09:30] METRIC unique_content_objects=300000
[2026-08-20T01:09:30] METRIC cache_hit_ratio=0.5842
[2026-08-20T01:09:30] RUN_END status=OK
[2026-08-20T01:10:41] RUN_START run_id=SCALE_O_PythonNDN_300000_094
[2026-08-20T01:10:41] PARAM implementation=PythonNDN
[2026-08-20T01:10:41] METRIC unique_content_objects=300000
[2026-08-20T01:10:41] METRIC cache_hit_ratio=0.2155
[2026-08-20T01:10:41] RUN_END status=OK
[2026-08-20T01:12:07] RUN_START run_id=SCALE_O_uDCN_300000_144
[2026-08-20T01:12:07] PARAM implementation=uDCN
[2026-08-20T01:12:07] METRIC unique_content_objects=300000
[2026-08-20T01:12:07] METRIC cache_hit_ratio=0.5727
[2026-08-20T01:12:07] RUN_END status=OK
[2026-08-20T01:14:16] RUN_START run_id=SCALE_O_PythonNDN_300000_095
[2026-08-20T01:14:16] PARAM implementation=PythonNDN
[2026-08-20T01:14:16] METRIC unique_content_objects=300000
[2026-08-20T01:14:16] METRIC cache_hit_ratio=0.2724
[2026-08-20T01:14:16] RUN_END status=OK
[2026-08-20T01:14:29] RUN_START run_id=SCALE_O_uDCN_300000_145
[2026-08-20T01:14:29] PARAM implementation=uDCN
[2026-08-20T01:14:29] METRIC unique_content_objects=300000
[2026-08-20T01:14:29] METRIC cache_hit_ratio=0.5776
[2026-08-20T01:14:29] RUN_END status=OK
[2026-08-20T01:17:36] RUN_START run_id=SCALE_O_PythonNDN_300000_096
[2026-08-20T01:17:36] PARAM implementation=PythonNDN
[2026-08-20T01:17:36] METRIC unique_content_objects=300000
[2026-08-20T01:17:36] METRIC cache_hit_ratio=0.2322
[2026-08-20T01:17:36] RUN_END status=OK
[2026-08-20T01:18:30] RUN_START run_id=SCALE_O_PythonNDN_300000_097
[2026-08-20T01:18:30] PARAM implementation=PythonNDN
[2026-08-20T01:18:30] METRIC unique_content_objects=300000
[2026-08-20T01:18:30] METRIC cache_hit_ratio=0.2395
[2026-08-20T01:18:30] RUN_END status=OK
[2026-08-20T01:20:27] RUN_START run_id=SCALE_O_PythonNDN_300000_098
[2026-08-20T01:20:27] PARAM implementation=PythonNDN
[2026-08-20T01:20:27] METRIC unique_content_objects=300000
[2026-08-20T01:20:27] METRIC cache_hit_ratio=0.2384
[2026-08-20T01:20:27] RUN_END status=OK
[2026-08-20T01:22:27] RUN_START run_id=SCALE_O_uDCN_300000_146
[2026-08-20T01:22:27] PARAM implementation=uDCN
[2026-08-20T01:22:27] METRIC unique_content_objects=300000
[2026-08-20T01:22:27] METRIC cache_hit_ratio=0.5666
[2026-08-20T01:22:27] RUN_END status=OK
[2026-08-20T01:24:30] RUN_START run_id=SCALE_O_PythonNDN_300000_099
[2026-08-20T01:24:30] PARAM implementation=PythonNDN
[2026-08-20T01:24:30] METRIC unique_content_objects=300000
[2026-08-20T01:24:30] METRIC cache_hit_ratio=0.2568
[2026-08-20T01:24:30] RUN_END status=OK
[2026-08-20T01:25:29] RUN_START run_id=SCALE_O_uDCN_300000_147
[2026-08-20T01:25:29] PARAM implementation=uDCN
[2026-08-20T01:25:29] METRIC unique_content_objects=300000
[2026-08-20T01:25:29] METRIC cache_hit_ratio=0.6006
[2026-08-20T01:25:29] RUN_END status=OK
[2026-08-20T01:27:57] RUN_START run_id=SCALE_O_PythonNDN_300000_100
[2026-08-20T01:27:57] PARAM implementation=PythonNDN
[2026-08-20T01:27:57] METRIC unique_content_objects=300000
[2026-08-20T01:27:57] METRIC cache_hit_ratio=0.2461
[2026-08-20T01:27:57] RUN_END status=OK
