[2026-08-26T00:32:04] RUN_START run_id=SCALE_O_PythonNDN_1000_074
[2026-08-26T00:32:04] PARAM implementation=PythonNDN
[2026-08-26T00:32:04] METRIC unique_content_objects=1000
[2026-08-26T00:32:04] METRIC cache_hit_ratio=0.8253
[2026-08-26T00:32:04] RUN_END status=OK
[2026-08-26T00:33:35] RUN_START run_id=SCALE_O_PythonNDN_1000_075
[2026-08-26T00:33:35] PARAM implementation=PythonNDN
[2026-08-26T00:33:35] METRIC unique_content_objects=1000
[2026-08-26T00:33:35] METRIC cache_hit_ratio=0.8709
[2026-08-26T00:33:35] RUN_END status=OK
[2026-08-26T00:35:12] RUN_START run_id=SCALE_O_PythonNDN_1000_076
[2026-08-26T00:35:12] PARAM implementation=PythonNDN
[2026-08-26T00:35:12] METRIC unique_content_objects=1000
[2026-08-26T00:35:12] METRIC cache_hit_ratio=0.962
[2026-08-26T00:35:12] RUN_END status=OK
[2026-08-26T00:38:33] RUN_START run_id=SCALE_O_PythonNDN_1000_077
[2026-08-26T00:38:33] PARAM implementation=PythonNDN
[2026-08-26T00:38:33] METRIC unique_content_objects=1000
[2026-08-26T00:38:33] METRIC cache_hit_ratio=0.9533
[2026-08-26T00:38:33] RUN_END status=OK
[2026-08-26T00:39:42] RUN_START run_id=SCALE_O_PythonNDN_1000_078
[2026-08-26T00:39:42] PARAM implementation=PythonNDN
[2026-08-26T00:39:42] METRIC unique_content_objects=1000
[2026-08-26T00:39:42] METRIC cache_hit_ratio=0.9063
[2026-08-26T00:39:42] RUN_END status=OK
[2026-08-26T00:42:20] RUN_START run_id=SCALE_O_PythonNDN_1000_079
[2026-08-26T00:42:20] PARAM implementation=PythonNDN
[2026-08-26T00:42:20] METRIC unique_content_objects=1000
[2026-08-26T00:42:20] METRIC cache_hit_ratio=0.9128
[2026-08-26T00:42:20] RUN_END status=OK
[2026-08-26T00:46:55] RUN_START run_id=SCALE_O_PythonNDN_1000_080
[2026-08-26T00:46:55] PARAM implementation=PythonNDN
[2026-08-26T00:46:55] METRIC unique_content_objects=1000
[2026-08-26T00:46:55] METRIC cache_hit_ratio=0.8536
[2026-08-26T00:46:55] RUN_END status=OK
[2026-08-26T00:50:31] RUN_START run_id=SCALE_O_PythonNDN_1000_081
[2026-08-26T00:50:31] PARAM implementation=PythonNDN
[2026-08-26T00:50:31] METRIC unique_content_objects=1000
[2026-08-26T00:50:31] METRIC cache_hit_ratio=0.9816
[2026-08-26T00:50:31] RUN_END status=OK
[2026-08-26T00:53:25] RUN_START run_id=SCALE_O_PythonNDN_1000_082
[2026-08-26T00:53:25] PARAM implementation=PythonNDN
[2026-08-26T00:53:25] METRIC unique_content_objects=1000
[2026-08-26T00:53:25] METRIC cache_hit_ratio=0.8754
[2026-08-26T00:53:25] RUN_END status=OK
[2026-08-26T00:53:37] RUN_START run_id=SCALE_O_PythonNDN_1000_083
[2026-08-26T00:53:37] PARAM implementation=PythonNDN
[2026-08-26T00:53:37] METRIC unique_content_objects=1000
[2026-08-26T00:53:37] METRIC cache_hit_ratio=0.9132
[2026-08-26T00:53:37] RUN_END status=OK
[2026-08-26T00:55:50] RUN_START run_id=SCALE_O_PythonNDN_1000_084
[2026-08-26T00:55:50] PARAM implementation=PythonNDN
[2026-08-26T00:55:50] METRIC unique_content_objects=1000
[2026-08-26T00:55:50] METRIC cache_hit_ratio=0.886
[2026-08-26T00:55:50] RUN_END status=OK
[2026-08-26T00:59:53] RUN_START run_id=SCALE_O_PythonNDN_1000_085
[2026-08-26T00:59:53] PARAM implementation=PythonNDN
[2026-08-26T00:59:53] METRIC unique_content_objects=1000
[2026-08-26T00:59:53] METRIC cache_hit_ratio=0.9515
[2026-08-26T00:59:53] RUN_END status=OK
[2026-08-26T01:01:41] RUN_START run_id=SCALE_O_PythonNDN_1000_086
[2026-08-26T01:01:41] PARAM implementation=PythonNDN
[2026-08-26T01:01:41] METRIC unique_content_objects=1000
[2026-08-26T01:01:41] METRIC cache_hit_ratio=0.9806
[2026-08-26T01:01:41] RUN_END status=OK
[2026-08-26T01:03:26] RUN_START run_id=SCALE_O_PythonNDN_1000_087
[2026-08-26T01:03:26] PARAM implementation=PythonNDN
[2026-08-26T01:03:26] METRIC unique_content_objects=1000
[2026-08-26T01:03:26] METRIC cache_hit_ratio=0.9108
[2026-08-26T01:03:26] RUN_END status=OK
[2026-08-26T01:05:14] RUN_START run_id=SCALE_O_PythonNDN_1000_088
[2026-08-26T01:05:14] PARAM implementation=PythonNDN
[2026-08-26T01:05:14] METRIC unique_content_objects=1000
[2026-08-26T01:05:14] METRIC cache_hit_ratio=0.9387
[2026-08-26T01:05:14] RUN_END status=OK
[2026-08-26T01:06:53] RUN_START run_id=SCALE_O_PythonNDN_1000_089
[2026-08-26T01:06:53] PARAM implementation=PythonNDN
[2026-08-26T01:06:53] METRIC unique_content_objects=1000
[2026-08-26T01:06:53] METRIC cache_hit_ratio=0.916
[2026-08-26T01:06:53] RUN_END status=OK
[2026-08-26T01:12:15] RUN_START run_id=SCALE_O_PythonNDN_1000_090
[2026-08-26T01:12:15] PARAM implementation=PythonNDN
[2026-08-26T01:12:15] METRIC unique_content_objects=1000
[2026-08-26T01:12:15] METRIC cache_hit_ratio=0.9018
[2026-08-26T01:12:15] RUN_END status=OK
