[2026-08-21T15:18:05] RUN_START run_id=SCALE_O_PythonNDN_1000000_141
[2026-08-21T15:18:05] PARAM implementation=PythonNDN
[2026-08-21T15:18:05] METRIC unique_content_objects=1000000
[2026-08-21T15:18:05] METRIC cache_hit_ratio=0.1288
[2026-08-21T15:18:05] RUN_END status=OK
[2026-08-21T15:18:30] RUN_START run_id=SCALE_O_NFD_10000_061
[2026-08-21T15:18:30] PARAM implementation=NFD
[2026-08-21T15:18:30] METRIC unique_content_objects=10000
[2026-08-21T15:18:30] METRIC cache_hit_ratio=0.7955
[2026-08-21T15:18:30] RUN_END status=OK
[2026-08-21T15:19:57] RUN_START run_id=SCALE_O_CCNlite_300000_036
[2026-08-21T15:19:57] PARAM implementation=CCNlite
[2026-08-21T15:19:57] METRIC unique_content_objects=300000
[2026-08-21T15:19:57] METRIC cache_hit_ratio=0.4442
[2026-08-21T15:19:57] RUN_END status=OK
[2026-08-21T15:20:54] RUN_START run_id=SCALE_O_NFD_10000_062
[2026-08-21T15:20:54] PARAM implementation=NFD
[2026-08-21T15:20:54] METRIC unique_content_objects=10000
[2026-08-21T15:20:54] METRIC cache_hit_ratio=0.8311
[2026-08-21T15:20:54] RUN_END status=OK
[2026-08-21T15:21:05] RUN_START run_id=SCALE_O_CCNlite_300000_037
[2026-08-21T15:21:05] PARAM implementation=CCNlite
[2026-08-21T15:21:05] METRIC unique_content_objects=300000
[2026-08-21T15:21:05] METRIC cache_hit_ratio=0.4268
[2026-08-21T15:21:05] RUN_END status=OK
[2026-08-21T15:21:20] RUN_START run_id=SCALE_O_PythonNDN_1000000_142
[2026-08-21T15:21:20] PARAM implementation=PythonNDN
[2026-08-21T15:21:20] METRIC unique_content_objects=1000000
[2026-08-21T15:21:20] METRIC cache_hit_ratio=0.1269
[2026-08-21T15:21:20] RUN_END status=OK
[2026-08-21T15:21:55] RUN_START run_id=SCALE_O_CCNlite_300000_038
[2026-08-21T15:21:55] PARAM implementation=CCNlite
[2026-08-21T15:21:55] METRIC unique_content_objects=300000
[2026-08-21T15:21:55] METRIC cache_hit_ratio=0.4563
[2026-08-21T15:21:55] RUN_END status=OK
[2026-08-21T15:22:42] RUN_START run_id=SCALE_O_CCNlite_300000_039
[2026-08-21T15:22:42] PARAM implementation=CCNlite
[2026-08-21T15:22:42] METRIC unique_content_objects=300000
[2026-08-21T15:22:42] METRIC cache_hit_ratio=0.3895
[2026-08-21T15:22:42] RUN_END status=OK
[2026-08-21T15:23:15] RUN_START run_id=SCALE_O_PythonNDN_1000000_143
[2026-08-21T15:23:15] PARAM implementation=PythonNDN
[2026-08-21T15:23:15] METRIC unique_content_objects=1000000
[2026-08-21T15:23:15] METRIC cache_hit_ratio=0.1328
[2026-08-21T15:23:15] RUN_END status=OK
[2026-08-21T15:24:04] RUN_START run_id=SCALE_O_NFD_10000_063
[2026-08-21T15:24:04] PARAM implementation=NFD
[2026-08-21T15:24:04] METRIC unique_content_objects=10000
[2026-08-21T15:24:04] METRIC cache_hit_ratio=0.7931
[2026-08-21T15:24:04] RUN_END status=OK
[2026-08-21T15:24:09] RUN_START run_id=SCALE_O_PythonNDN_1000000_144
[2026-08-21T15:24:09] PARAM implementation=PythonNDN
[2026-08-21T15:24:09] METRIC unique_content_objects=1000000
[2026-08-21T15:24:09] METRIC cache_hit_ratio=0.1329
[2026-08-21T15:24:09] RUN_END status=OK
[2026-08-21T15:24:28] RUN_START run_id=SCALE_O_NFD_10000_064
[2026-08-21T15:24:28] PARAM implementation=NFD
[2026-08-21T15:24:28] METRIC unique_content_objects=10000
[2026-08-21T15:24:28] METRIC cache_hit_ratio=0.7535
[2026-08-21T15:24:28] RUN_END status=OK
[2026-08-21T15:26:13] RUN_START run_id=SCALE_O_NFD_10000_065
[2026-08-21T15:26:13] PARAM implementation=NFD
[2026-08-21T15:26:13] METRIC unique_content_objects=10000
[2026-08-21T15:26:13] METRIC cache_hit_ratio=0.8458
[2026-08-21T15:26:13] RUN_END status=OK
[2026-08-21T15:26:25] RUN_START run_id=SCALE_O_CCNlite_300000_040
[2026-08-21T15:26:25] PARAM implementation=CCNlite
[2026-08-21T15:26:25] METRIC unique_content_objects=300000
[2026-08-21T15:26:25] METRIC cache_hit_ratio=0.4365
[2026-08-21T15:26:25] RUN_END status=OK
