[2026-08-19T17:59:39] RUN_START run_id=SCALE_O_uDCN_300000_121
[2026-08-19T17:59:39] PARAM implementation=uDCN
[2026-08-19T17:59:39] METRIC unique_content_objects=300000
[2026-08-19T17:59:39] METRIC cache_hit_ratio=0.5981
[2026-08-19T17:59:39] RUN_END status=OK
[2026-08-19T18:32:03] RUN_START run_id=SCALE_O_uDCN_100000_066
[2026-08-19T18:32:03] PARAM implementation=uDCN
[2026-08-19T18:32:03] METRIC unique_content_objects=100000
[2026-08-19T18:32:03] METRIC cache_hit_ratio=0.802
[2026-08-19T18:32:03] RUN_END status=OK
[2026-08-19T18:34:29] RUN_START run_id=SCALE_O_uDCN_100000_067
[2026-08-19T18:34:29] PARAM implementation=uDCN
[2026-08-19T18:34:29] METRIC unique_content_objects=100000
[2026-08-19T18:34:29] METRIC cache_hit_ratio=0.8622
[2026-08-19T18:34:29] RUN_END status=OK
[2026-08-19T18:35:56] RUN_START run_id=SCALE_O_uDCN_100000_068
[2026-08-19T18:35:56] PARAM implementation=uDCN
[2026-08-19T18:35:56] METRIC unique_content_objects=100000
[2026-08-19T18:35:56] METRIC cache_hit_ratio=0.8522
[2026-08-19T18:35:56] RUN_END status=OK
[2026-08-19T18:37:58] RUN_START run_id=SCALE_O_uDCN_100000_069
[2026-08-19T18:37:58] PARAM implementation=uDCN
[2026-08-19T18:37:58] METRIC unique_content_objects=100000
[2026-08-19T18:37:58] METRIC cache_hit_ratio=0.7652
[2026-08-19T18:37:58] RUN_END status=OK
[2026-08-19T18:41:16] RUN_START run_id=SCALE_O_uDCN_100000_070
[2026-08-19T18:41:16] PARAM implementation=uDCN
[2026-08-19T18:41:16] METRIC unique_content_objects=100000
[2026-08-19T18:41:16] METRIC cache_hit_ratio=0.8428
[2026-08-19T18:41:16] RUN_END status=OK
[2026-08-19T18:42:51] RUN_START run_id=SCALE_O_uDCN_100000_071
[2026-08-19T18:42:51] PARAM implementation=uDCN
[2026-08-19T18:42:51] METRIC unique_content_objects=100000
[2026-08-19T18:42:51] METRIC cache_hit_ratio=0.8202
[2026-08-19T18:42:51] RUN_END status=OK
[2026-08-19T18:45:43] RUN_START run_id=SCALE_O_uDCN_100000_072
[2026-08-19T18:45:43] PARAM implementation=uDCN
[2026-08-19T18:45:43] METRIC unique_content_objects=100000
[2026-08-19T18:45:43] METRIC cache_hit_ratio=0.8034
[2026-08-19T18:45:43] RUN_END status=OK
[2026-08-19T18:51:37] RUN_START run_id=SCALE_O_uDCN_100000_073
[2026-08-19T18:51:37] PARAM implementation=uDCN
[2026-08-19T18:51:37] METRIC unique_content_objects=100000
[2026-08-19T18:51:37] METRIC cache_hit_ratio=0.8228
[2026-08-19T18:51:37] RUN_END status=OK
[2026-08-19T18:59:11] RUN_START run_id=SCALE_O_uDCN_100000_074
[2026-08-19T18:59:11] PARAM implementation=uDCN
[2026-08-19T18:59:11] METRIC unique_content_objects=100000
[2026-08-19T18:59:11] METRIC cache_hit_ratio=0.8461
[2026-08-19T18:59:11] RUN_END status=OK
[2026-08-19T19:00:44] RUN_START run_id=SCALE_O_uDCN_100000_075
[2026-08-19T19:00:44] PARAM implementation=uDCN
[2026-08-19T19:00:44] METRIC unique_content_objects=100000
[2026-08-19T19:00:44] METRIC cache_hit_ratio=0.8091
[2026-08-19T19:00:44] RUN_END status=OK
[2026-08-19T19:01:33] RUN_START run_id=SCALE_O_uDCN_100000_076
[2026-08-19T19:01:33] PARAM implementation=uDCN
[2026-08-19T19:01:33] METRIC unique_content_objects=100000
[2026-08-19T19:01:33] METRIC cache_hit_ratio=0.8161
[2026-08-19T19:01:33] RUN_END status=OK
[2026-08-19T19:03:56] RUN_START run_id=SCALE_O_uDCN_100000_077
[2026-08-19T19:03:56] PARAM implementation=uDCN
[2026-08-19T19:03:56] METRIC unique_content_objects=100000
[2026-08-19T19:03:56] METRIC cache_hit_ratio=0.8326
[2026-08-19T19:03:56] RUN_END status=OK
[2026-08-19T19:06:56] RUN_START run_id=SCALE_O_uDCN_100000_078
[2026-08-19T19:06:56] PARAM implementation=uDCN
[2026-08-19T19:06:56] METRIC unique_content_objects=100000
[2026-08-19T19:06:56] METRIC cache_hit_ratio=0.8046
[2026-08-19T19:06:56] RUN_END status=OK
[2026-08-19T19:07:44] RUN_START run_id=SCALE_O_uDCN_100000_079
[2026-08-19T19:07:44] PARAM implementation=uDCN
[2026-08-19T19:07:44] METRIC unique_content_objects=100000
[2026-08-19T19:07:44] METRIC cache_hit_ratio=0.8703
[2026-08-19T19:07:44] RUN_END status=OK
[2026-08-19T19:10:29] RUN_START run_id=SCALE_O_uDCN_100000_080
[2026-08-19T19:10:29] PARAM implementation=uDCN
[2026-08-19T19:10:29] METRIC unique_content_objects=100000
[2026-08-19T19:10:29] METRIC cache_hit_ratio=0.7382
[2026-08-19T19:10:29] RUN_END status=OK
[2026-08-19T19:11:19] RUN_START run_id=SCALE_O_uDCN_100000_081
[2026-08-19T19:11:19] PARAM implementation=uDCN
[2026-08-19T19:11:19] METRIC unique_content_objects=100000
[2026-08-19T19:11:19] METRIC cache_hit_ratio=0.8192
[2026-08-19T19:11:19] RUN_END status=OK
[2026-08-19T19:14:01] RUN_START run_id=SCALE_O_uDCN_100000_082
[2026-08-19T19:14:01] PARAM implementation=uDCN
[2026-08-19T19:14:01] METRIC unique_content_objects=100000
[2026-08-19T19:14:01] METRIC cache_hit_ratio=0.8601
[2026-08-19T19:14:01] RUN_END status=OK
[2026-08-19T19:14:34] RUN_START run_id=08_scalability_content_DISCARDED_0139
[2026-08-19T19:14:34] RUN_ABORTED reason=cache_warmup_incomplete: content-store did not reach steady-state hit ratio within the 30s warm-up window, run discarded
[2026-08-19T19:15:48] RUN_START run_id=SCALE_O_uDCN_100000_083
[2026-08-19T19:15:48] PARAM implementation=uDCN
[2026-08-19T19:15:48] METRIC unique_content_objects=100000
[2026-08-19T19:15:48] METRIC cache_hit_ratio=0.7906
[2026-08-19T19:15:48] RUN_END status=OK
