[2026-08-16T21:01:56] RUN_START run_id=SCALE_O_PythonNDN_10000_108
[2026-08-16T21:01:56] PARAM implementation=PythonNDN
[2026-08-16T21:01:56] METRIC unique_content_objects=10000
[2026-08-16T21:01:56] METRIC cache_hit_ratio=0.7202
[2026-08-16T21:01:56] RUN_END status=OK
[2026-08-16T21:04:13] RUN_START run_id=SCALE_O_PythonNDN_10000_109
[2026-08-16T21:04:13] PARAM implementation=PythonNDN
[2026-08-16T21:04:13] METRIC unique_content_objects=10000
[2026-08-16T21:04:13] METRIC cache_hit_ratio=0.715
[2026-08-16T21:04:13] RUN_END status=OK
[2026-08-16T21:05:00] RUN_START run_id=SCALE_O_NFD_5000000_065
[2026-08-16T21:05:00] PARAM implementation=NFD
[2026-08-16T21:05:00] METRIC unique_content_objects=5000000
[2026-08-16T21:05:00] METRIC cache_hit_ratio=0.1037
[2026-08-16T21:05:00] RUN_END status=OK
[2026-08-16T21:07:15] RUN_START run_id=SCALE_O_NFD_5000000_066
[2026-08-16T21:07:15] PARAM implementation=NFD
[2026-08-16T21:07:15] METRIC unique_content_objects=5000000
[2026-08-16T21:07:15] METRIC cache_hit_ratio=0.0889
[2026-08-16T21:07:15] RUN_END status=OK
[2026-08-16T21:07:38] RUN_START run_id=SCALE_O_PythonNDN_10000_110
[2026-08-16T21:07:38] PARAM implementation=PythonNDN
[2026-08-16T21:07:38] METRIC unique_content_objects=10000
[2026-08-16T21:07:38] METRIC cache_hit_ratio=0.7648
[2026-08-16T21:07:38] RUN_END status=OK
[2026-08-16T21:08:12] RUN_START run_id=SCALE_O_PythonNDN_10000_111
[2026-08-16T21:08:12] PARAM implementation=PythonNDN
[2026-08-16T21:08:12] METRIC unique_content_objects=10000
[2026-08-16T21:08:12] METRIC cache_hit_ratio=0.7281
[2026-08-16T21:08:12] RUN_END status=OK
[2026-08-16T21:08:33] RUN_START run_id=SCALE_O_NFD_5000000_067
[2026-08-16T21:08:33] PARAM implementation=NFD
[2026-08-16T21:08:33] METRIC unique_content_objects=5000000
[2026-08-16T21:08:33] METRIC cache_hit_ratio=0.0966
[2026-08-16T21:08:33] RUN_END status=OK
[2026-08-16T21:10:11] RUN_START run_id=SCALE_O_NFD_5000000_068
[2026-08-16T21:10:11] PARAM implementation=NFD
[2026-08-16T21:10:11] METRIC unique_content_objects=5000000
[2026-08-16T21:10:11] METRIC cache_hit_ratio=0.0944
[2026-08-16T21:10:11] RUN_END status=OK
[2026-08-16T21:10:30] RUN_START run_id=SCALE_O_PythonNDN_10000_112
[2026-08-16T21:10:30] PARAM implementation=PythonNDN
[2026-08-16T21:10:30] METRIC unique_content_objects=10000
[2026-08-16T21:10:30] METRIC cache_hit_ratio=0.7412
[2026-08-16T21:10:30] RUN_END status=OK
[2026-08-16T21:11:35] RUN_START run_id=SCALE_O_NFD_5000000_069
[2026-08-16T21:11:35] PARAM implementation=NFD
[2026-08-16T21:11:35] METRIC unique_content_objects=5000000
[2026-08-16T21:11:35] METRIC cache_hit_ratio=0.1041
[2026-08-16T21:11:35] RUN_END status=OK
[2026-08-16T21:12:47] RUN_START run_id=SCALE_O_PythonNDN_10000_113
[2026-08-16T21:12:47] PARAM implementation=PythonNDN
[2026-08-16T21:12:47] METRIC unique_content_objects=10000
[2026-08-16T21:12:47] METRIC cache_hit_ratio=0.7466
[2026-08-16T21:12:47] RUN_END status=OK
[2026-08-16T21:12:49] RUN_START run_id=SCALE_O_NFD_5000000_070
[2026-08-16T21:12:49] PARAM implementation=NFD
[2026-08-16T21:12:49] METRIC unique_content_objects=5000000
[2026-08-16T21:12:49] METRIC cache_hit_ratio=0.0994
[2026-08-16T21:12:49] RUN_END status=OK
[2026-08-16T21:14:10] RUN_START run_id=SCALE_O_PythonNDN_10000_114
[2026-08-16T21:14:10] PARAM implementation=PythonNDN
[2026-08-16T21:14:10] METRIC unique_content_objects=10000
[2026-08-16T21:14:10] METRIC cache_hit_ratio=0.7559
[2026-08-16T21:14:10] RUN_END status=OK
[2026-08-16T21:14:38] RUN_START run_id=SCALE_O_PythonNDN_10000_115
[2026-08-16T21:14:38] PARAM implementation=PythonNDN
[2026-08-16T21:14:38] METRIC unique_content_objects=10000
[2026-08-16T21:14:38] METRIC cache_hit_ratio=0.7161
[2026-08-16T21:14:38] RUN_END status=OK
[2026-08-16T21:15:29] RUN_START run_id=SCALE_O_NFD_5000000_071
[2026-08-16T21:15:29] PARAM implementation=NFD
[2026-08-16T21:15:29] METRIC unique_content_objects=5000000
[2026-08-16T21:15:29] METRIC cache_hit_ratio=0.1011
[2026-08-16T21:15:29] RUN_END status=OK
