[2026-08-16T01:22:14] RUN_START run_id=SCALE_O_PythonNDN_1000000_055
[2026-08-16T01:22:14] PARAM implementation=PythonNDN
[2026-08-16T01:22:14] METRIC unique_content_objects=1000000
[2026-08-16T01:22:14] METRIC cache_hit_ratio=0.136
[2026-08-16T01:22:14] RUN_END status=OK
[2026-08-16T01:24:32] RUN_START run_id=SCALE_O_PythonNDN_1000000_056
[2026-08-16T01:24:32] PARAM implementation=PythonNDN
[2026-08-16T01:24:32] METRIC unique_content_objects=1000000
[2026-08-16T01:24:32] METRIC cache_hit_ratio=0.1279
[2026-08-16T01:24:32] RUN_END status=OK
[2026-08-16T01:26:55] RUN_START run_id=SCALE_O_PythonNDN_1000000_057
[2026-08-16T01:26:55] PARAM implementation=PythonNDN
[2026-08-16T01:26:55] METRIC unique_content_objects=1000000
[2026-08-16T01:26:55] METRIC cache_hit_ratio=0.1247
[2026-08-16T01:26:55] RUN_END status=OK
[2026-08-16T01:28:08] RUN_START run_id=SCALE_O_PythonNDN_1000000_058
[2026-08-16T01:28:08] PARAM implementation=PythonNDN
[2026-08-16T01:28:08] METRIC unique_content_objects=1000000
[2026-08-16T01:28:08] METRIC cache_hit_ratio=0.1292
[2026-08-16T01:28:08] RUN_END status=OK
[2026-08-16T01:31:24] RUN_START run_id=SCALE_O_PythonNDN_1000000_059
[2026-08-16T01:31:24] PARAM implementation=PythonNDN
[2026-08-16T01:31:24] METRIC unique_content_objects=1000000
[2026-08-16T01:31:24] METRIC cache_hit_ratio=0.1332
[2026-08-16T01:31:24] RUN_END status=OK
[2026-08-16T01:34:14] RUN_START run_id=SCALE_O_PythonNDN_1000000_060
[2026-08-16T01:34:14] PARAM implementation=PythonNDN
[2026-08-16T01:34:14] METRIC unique_content_objects=1000000
[2026-08-16T01:34:14] METRIC cache_hit_ratio=0.1304
[2026-08-16T01:34:14] RUN_END status=OK
[2026-08-16T01:36:41] RUN_START run_id=SCALE_O_PythonNDN_1000000_061
[2026-08-16T01:36:41] PARAM implementation=PythonNDN
[2026-08-16T01:36:41] METRIC unique_content_objects=1000000
[2026-08-16T01:36:41] METRIC cache_hit_ratio=0.1192
[2026-08-16T01:36:41] RUN_END status=OK
[2026-08-16T02:35:29] RUN_START run_id=SCALE_O_NFD_1000_052
[2026-08-16T02:35:29] PARAM implementation=NFD
[2026-08-16T02:35:29] METRIC unique_content_objects=1000
[2026-08-16T02:35:29] METRIC cache_hit_ratio=0.9275
[2026-08-16T02:35:29] RUN_END status=OK
[2026-08-16T02:39:01] RUN_START run_id=SCALE_O_NFD_1000_053
[2026-08-16T02:39:01] PARAM implementation=NFD
[2026-08-16T02:39:01] METRIC unique_content_objects=1000
[2026-08-16T02:39:01] METRIC cache_hit_ratio=0.9158
[2026-08-16T02:39:01] RUN_END status=OK
[2026-08-16T02:40:56] RUN_START run_id=SCALE_O_NFD_1000_054
[2026-08-16T02:40:56] PARAM implementation=NFD
[2026-08-16T02:40:56] METRIC unique_content_objects=1000
[2026-08-16T02:40:56] METRIC cache_hit_ratio=0.929
[2026-08-16T02:40:56] RUN_END status=OK
[2026-08-16T02:41:57] RUN_START run_id=SCALE_O_NFD_1000_055
[2026-08-16T02:41:57] PARAM implementation=NFD
[2026-08-16T02:41:57] METRIC unique_content_objects=1000
[2026-08-16T02:41:57] METRIC cache_hit_ratio=0.9635
[2026-08-16T02:41:57] RUN_END status=OK
[2026-08-16T02:45:16] RUN_START run_id=SCALE_O_NFD_1000_056
[2026-08-16T02:45:16] PARAM implementation=NFD
[2026-08-16T02:45:16] METRIC unique_content_objects=1000
[2026-08-16T02:45:16] METRIC cache_hit_ratio=0.9092
[2026-08-16T02:45:16] RUN_END status=OK
[2026-08-16T02:45:40] RUN_START run_id=SCALE_O_NFD_1000_057
[2026-08-16T02:45:40] PARAM implementation=NFD
[2026-08-16T02:45:40] METRIC unique_content_objects=1000
[2026-08-16T02:45:40] METRIC cache_hit_ratio=0.9205
[2026-08-16T02:45:40] RUN_END status=OK
[2026-08-16T02:47:53] RUN_START run_id=SCALE_O_NFD_1000_058
[2026-08-16T02:47:53] PARAM implementation=NFD
[2026-08-16T02:47:53] METRIC unique_content_objects=1000
[2026-08-16T02:47:53] METRIC cache_hit_ratio=0.9081
[2026-08-16T02:47:53] RUN_END status=OK
