[2026-08-20T16:08:58] RUN_START run_id=SCALE_O_NFD_10000_040
[2026-08-20T16:08:58] PARAM implementation=NFD
[2026-08-20T16:08:58] METRIC unique_content_objects=10000
[2026-08-20T16:08:58] METRIC cache_hit_ratio=0.7892
[2026-08-20T16:08:58] RUN_END status=OK
[2026-08-20T16:11:13] RUN_START run_id=SCALE_O_NFD_100000_005
[2026-08-20T16:11:13] PARAM implementation=NFD
[2026-08-20T16:11:13] METRIC unique_content_objects=100000
[2026-08-20T16:11:13] METRIC cache_hit_ratio=0.6886
[2026-08-20T16:11:13] RUN_END status=OK
[2026-08-20T16:11:23] RUN_START run_id=SCALE_O_NFD_10000_041
[2026-08-20T16:11:23] PARAM implementation=NFD
[2026-08-20T16:11:23] METRIC unique_content_objects=10000
[2026-08-20T16:11:23] METRIC cache_hit_ratio=0.7814
[2026-08-20T16:11:23] RUN_END status=OK
[2026-08-20T16:12:49] RUN_START run_id=SCALE_O_NFD_100000_006
[2026-08-20T16:12:49] PARAM implementation=NFD
[2026-08-20T16:12:49] METRIC unique_content_objects=100000
[2026-08-20T16:12:49] METRIC cache_hit_ratio=0.6569
[2026-08-20T16:12:49] RUN_END status=OK
[2026-08-20T16:13:49] RUN_START run_id=SCALE_O_NFD_100000_007
[2026-08-20T16:13:49] PARAM implementation=NFD
[2026-08-20T16:13:49] METRIC unique_content_objects=100000
[2026-08-20T16:13:49] METRIC cache_hit_ratio=0.6514
[2026-08-20T16:13:49] RUN_END status=OK
[2026-08-20T16:14:16] RUN_START run_id=08_scalability_content_DISCARDED_0151
[2026-08-20T16:14:16] RUN_ABORTED reason=cache_warmup_incomplete: content-store did not reach steady-state hit ratio within the 30s warm-up window, run discarded
[2026-08-20T16:14:28] RUN_START run_id=SCALE_O_NFD_10000_042
[2026-08-20T16:14:28] PARAM implementation=NFD
[2026-08-20T16:14:28] METRIC unique_content_objects=10000
[2026-08-20T16:14:28] METRIC cache_hit_ratio=0.8775
[2026-08-20T16:14:28] RUN_END status=OK
[2026-08-20T16:15:14] RUN_START run_id=SCALE_O_NFD_100000_008
[2026-08-20T16:15:14] PARAM implementation=NFD
[2026-08-20T16:15:14] METRIC unique_content_objects=100000
[2026-08-20T16:15:14] METRIC cache_hit_ratio=0.6488
[2026-08-20T16:15:14] RUN_END status=OK
[2026-08-20T16:16:28] RUN_START run_id=SCALE_O_NFD_10000_043
[2026-08-20T16:16:28] PARAM implementation=NFD
[2026-08-20T16:16:28] METRIC unique_content_objects=10000
[2026-08-20T16:16:28] METRIC cache_hit_ratio=0.8032
[2026-08-20T16:16:28] RUN_END status=OK
[2026-08-20T16:20:16] RUN_START run_id=SCALE_O_NFD_10000_044
[2026-08-20T16:20:16] PARAM implementation=NFD
[2026-08-20T16:20:16] METRIC unique_content_objects=10000
[2026-08-20T16:20:16] METRIC cache_hit_ratio=0.7888
[2026-08-20T16:20:16] RUN_END status=OK
[2026-08-20T16:22:11] RUN_START run_id=SCALE_O_NFD_100000_009
[2026-08-20T16:22:11] PARAM implementation=NFD
[2026-08-20T16:22:11] METRIC unique_content_objects=100000
[2026-08-20T16:22:11] METRIC cache_hit_ratio=0.6292
[2026-08-20T16:22:11] RUN_END status=OK
[2026-08-20T16:24:39] RUN_START run_id=SCALE_O_NFD_100000_010
[2026-08-20T16:24:39] PARAM implementation=NFD
[2026-08-20T16:24:39] METRIC unique_content_objects=100000
[2026-08-20T16:24:39] METRIC cache_hit_ratio=0.6686
[2026-08-20T16:24:39] RUN_END status=OK
[2026-08-20T16:24:58] RUN_START run_id=SCALE_O_NFD_10000_045
[2026-08-20T16:24:58] PARAM implementation=NFD
[2026-08-20T16:24:58] METRIC unique_content_objects=10000
[2026-08-20T16:24:58] METRIC cache_hit_ratio=0.8126
[2026-08-20T16:24:58] RUN_END status=OK
[2026-08-20T16:27:02] RUN_START run_id=SCALE_O_NFD_10000_046
[2026-08-20T16:27:02] PARAM implementation=NFD
[2026-08-20T16:27:02] METRIC unique_content_objects=10000
[2026-08-20T16:27:02] METRIC cache_hit_ratio=0.776
[2026-08-20T16:27:02] RUN_END status=OK
[2026-08-20T16:29:20] RUN_START run_id=SCALE_O_NFD_10000_047
[2026-08-20T16:29:20] PARAM implementation=NFD
[2026-08-20T16:29:20] METRIC unique_content_objects=10000
[2026-08-20T16:29:20] METRIC cache_hit_ratio=0.7668
[2026-08-20T16:29:20] RUN_END status=OK
[2026-08-20T16:29:41] RUN_START run_id=SCALE_O_NFD_100000_011
[2026-08-20T16:29:41] PARAM implementation=NFD
[2026-08-20T16:29:41] METRIC unique_content_objects=100000
[2026-08-20T16:29:41] METRIC cache_hit_ratio=0.6495
[2026-08-20T16:29:41] RUN_END status=OK
