[2026-08-22T11:13:56] RUN_START run_id=SCALE_C_PythonNDN_5000_036
[2026-08-22T11:13:56] PARAM implementation=PythonNDN
[2026-08-22T11:13:56] METRIC concurrent_clients=5000
[2026-08-22T11:13:56] METRIC throughput_pct_of_max=9.971
[2026-08-22T11:13:56] RUN_END status=OK
[2026-08-22T11:16:40] RUN_START run_id=SCALE_C_PythonNDN_5000_037
[2026-08-22T11:16:40] PARAM implementation=PythonNDN
[2026-08-22T11:16:40] METRIC concurrent_clients=5000
[2026-08-22T11:16:40] METRIC throughput_pct_of_max=10.217
[2026-08-22T11:16:40] RUN_END status=OK
[2026-08-22T11:19:57] RUN_START run_id=SCALE_C_PythonNDN_5000_038
[2026-08-22T11:19:57] PARAM implementation=PythonNDN
[2026-08-22T11:19:57] METRIC concurrent_clients=5000
[2026-08-22T11:19:57] METRIC throughput_pct_of_max=10.014
[2026-08-22T11:19:57] RUN_END status=OK
[2026-08-22T11:22:53] RUN_START run_id=SCALE_C_PythonNDN_5000_039
[2026-08-22T11:22:53] PARAM implementation=PythonNDN
[2026-08-22T11:22:53] METRIC concurrent_clients=5000
[2026-08-22T11:22:53] METRIC throughput_pct_of_max=9.683
[2026-08-22T11:22:53] RUN_END status=OK
[2026-08-22T11:24:07] RUN_START run_id=SCALE_C_PythonNDN_5000_040
[2026-08-22T11:24:07] PARAM implementation=PythonNDN
[2026-08-22T11:24:07] METRIC concurrent_clients=5000
[2026-08-22T11:24:07] METRIC throughput_pct_of_max=10.425
[2026-08-22T11:24:07] RUN_END status=OK
[2026-08-22T12:26:14] RUN_START run_id=SCALE_C_NFD_100_055
[2026-08-22T12:26:14] PARAM implementation=NFD
[2026-08-22T12:26:14] METRIC concurrent_clients=100
[2026-08-22T12:26:14] METRIC throughput_pct_of_max=79.15
[2026-08-22T12:26:14] RUN_END status=OK
[2026-08-22T12:28:21] RUN_START run_id=SCALE_C_NFD_100_056
[2026-08-22T12:28:21] PARAM implementation=NFD
[2026-08-22T12:28:21] METRIC concurrent_clients=100
[2026-08-22T12:28:21] METRIC throughput_pct_of_max=80.646
[2026-08-22T12:28:21] RUN_END status=OK
[2026-08-22T12:30:09] RUN_START run_id=SCALE_C_NFD_100_057
[2026-08-22T12:30:09] PARAM implementation=NFD
[2026-08-22T12:30:09] METRIC concurrent_clients=100
[2026-08-22T12:30:09] METRIC throughput_pct_of_max=77.152
[2026-08-22T12:30:09] RUN_END status=OK
[2026-08-22T12:34:21] RUN_START run_id=SCALE_C_NFD_100_058
[2026-08-22T12:34:21] PARAM implementation=NFD
[2026-08-22T12:34:21] METRIC concurrent_clients=100
[2026-08-22T12:34:21] METRIC throughput_pct_of_max=76.695
[2026-08-22T12:34:21] RUN_END status=OK
[2026-08-22T12:35:43] RUN_START run_id=SCALE_C_NFD_100_059
[2026-08-22T12:35:43] PARAM implementation=NFD
[2026-08-22T12:35:43] METRIC concurrent_clients=100
[2026-08-22T12:35:43] METRIC throughput_pct_of_max=77.413
[2026-08-22T12:35:43] RUN_END status=OK
[2026-08-22T12:38:05] RUN_START run_id=SCALE_C_NFD_100_060
[2026-08-22T12:38:05] PARAM implementation=NFD
[2026-08-22T12:38:05] METRIC concurrent_clients=100
[2026-08-22T12:38:05] METRIC throughput_pct_of_max=77.573
[2026-08-22T12:38:05] RUN_END status=OK
[2026-08-22T12:40:42] RUN_START run_id=SCALE_C_NFD_100_061
[2026-08-22T12:40:42] PARAM implementation=NFD
[2026-08-22T12:40:42] METRIC concurrent_clients=100
[2026-08-22T12:40:42] METRIC throughput_pct_of_max=78.549
[2026-08-22T12:40:42] RUN_END status=OK
[2026-08-22T12:44:01] RUN_START run_id=SCALE_C_NFD_100_062
[2026-08-22T12:44:01] PARAM implementation=NFD
[2026-08-22T12:44:01] METRIC concurrent_clients=100
[2026-08-22T12:44:01] METRIC throughput_pct_of_max=80.912
[2026-08-22T12:44:01] RUN_END status=OK
[2026-08-22T12:44:47] RUN_START run_id=SCALE_C_NFD_100_063
[2026-08-22T12:44:47] PARAM implementation=NFD
[2026-08-22T12:44:47] METRIC concurrent_clients=100
[2026-08-22T12:44:47] METRIC throughput_pct_of_max=78.756
[2026-08-22T12:44:47] RUN_END status=OK
[2026-08-22T12:47:11] RUN_START run_id=SCALE_C_NFD_100_064
[2026-08-22T12:47:11] PARAM implementation=NFD
[2026-08-22T12:47:11] METRIC concurrent_clients=100
[2026-08-22T12:47:11] METRIC throughput_pct_of_max=80.609
[2026-08-22T12:47:11] RUN_END status=OK
[2026-08-22T12:48:28] RUN_START run_id=SCALE_C_NFD_100_065
[2026-08-22T12:48:28] PARAM implementation=NFD
[2026-08-22T12:48:28] METRIC concurrent_clients=100
[2026-08-22T12:48:28] METRIC throughput_pct_of_max=74.027
[2026-08-22T12:48:28] RUN_END status=OK
[2026-08-22T12:50:58] RUN_START run_id=SCALE_C_NFD_100_066
[2026-08-22T12:50:58] PARAM implementation=NFD
[2026-08-22T12:50:58] METRIC concurrent_clients=100
[2026-08-22T12:50:58] METRIC throughput_pct_of_max=83.34
[2026-08-22T12:50:58] RUN_END status=OK
[2026-08-22T14:55:26] RUN_START run_id=SCALE_C_NFD_500_065
[2026-08-22T14:55:26] PARAM implementation=NFD
[2026-08-22T14:55:26] METRIC concurrent_clients=500
[2026-08-22T14:55:26] METRIC throughput_pct_of_max=67.27
[2026-08-22T14:55:26] RUN_END status=OK
