[2026-08-22T19:37:26] RUN_START run_id=SCALE_C_PythonNDN_50_127
[2026-08-22T19:37:26] PARAM implementation=PythonNDN
[2026-08-22T19:37:26] METRIC concurrent_clients=50
[2026-08-22T19:37:26] METRIC throughput_pct_of_max=91.686
[2026-08-22T19:37:26] RUN_END status=OK
[2026-08-22T19:38:18] RUN_START run_id=SCALE_C_PythonNDN_5000_060
[2026-08-22T19:38:18] PARAM implementation=PythonNDN
[2026-08-22T19:38:18] METRIC concurrent_clients=5000
[2026-08-22T19:38:18] METRIC throughput_pct_of_max=10.465
[2026-08-22T19:38:18] RUN_END status=OK
[2026-08-22T19:38:23] RUN_START run_id=SCALE_C_PythonNDN_50_128
[2026-08-22T19:38:23] PARAM implementation=PythonNDN
[2026-08-22T19:38:23] METRIC concurrent_clients=50
[2026-08-22T19:38:23] METRIC throughput_pct_of_max=81.839
[2026-08-22T19:38:23] RUN_END status=OK
[2026-08-22T19:40:38] RUN_START run_id=SCALE_C_PythonNDN_50_129
[2026-08-22T19:40:38] PARAM implementation=PythonNDN
[2026-08-22T19:40:38] METRIC concurrent_clients=50
[2026-08-22T19:40:38] METRIC throughput_pct_of_max=81.288
[2026-08-22T19:40:38] RUN_END status=OK
[2026-08-22T19:40:47] RUN_START run_id=SCALE_C_PythonNDN_5000_061
[2026-08-22T19:40:47] PARAM implementation=PythonNDN
[2026-08-22T19:40:47] METRIC concurrent_clients=5000
[2026-08-22T19:40:47] METRIC throughput_pct_of_max=9.884
[2026-08-22T19:40:47] RUN_END status=OK
[2026-08-22T19:42:50] RUN_START run_id=SCALE_C_PythonNDN_50_130
[2026-08-22T19:42:50] PARAM implementation=PythonNDN
[2026-08-22T19:42:50] METRIC concurrent_clients=50
[2026-08-22T19:42:50] METRIC throughput_pct_of_max=85.125
[2026-08-22T19:42:50] RUN_END status=OK
[2026-08-22T19:43:02] RUN_START run_id=SCALE_C_PythonNDN_50_131
[2026-08-22T19:43:02] PARAM implementation=PythonNDN
[2026-08-22T19:43:02] METRIC concurrent_clients=50
[2026-08-22T19:43:02] METRIC throughput_pct_of_max=84.038
[2026-08-22T19:43:02] RUN_END status=OK
[2026-08-22T19:43:46] RUN_START run_id=SCALE_C_PythonNDN_5000_062
[2026-08-22T19:43:46] PARAM implementation=PythonNDN
[2026-08-22T19:43:46] METRIC concurrent_clients=5000
[2026-08-22T19:43:46] METRIC throughput_pct_of_max=9.596
[2026-08-22T19:43:46] RUN_END status=OK
[2026-08-22T19:46:35] RUN_START run_id=SCALE_C_PythonNDN_5000_063
[2026-08-22T19:46:35] PARAM implementation=PythonNDN
[2026-08-22T19:46:35] METRIC concurrent_clients=5000
[2026-08-22T19:46:35] METRIC throughput_pct_of_max=9.955
[2026-08-22T19:46:35] RUN_END status=OK
[2026-08-22T19:47:12] RUN_START run_id=SCALE_C_PythonNDN_50_132
[2026-08-22T19:47:12] PARAM implementation=PythonNDN
[2026-08-22T19:47:12] METRIC concurrent_clients=50
[2026-08-22T19:47:12] METRIC throughput_pct_of_max=84.487
[2026-08-22T19:47:12] RUN_END status=OK
[2026-08-22T19:48:39] RUN_START run_id=SCALE_C_PythonNDN_50_133
[2026-08-22T19:48:39] PARAM implementation=PythonNDN
[2026-08-22T19:48:39] METRIC concurrent_clients=50
[2026-08-22T19:48:39] METRIC throughput_pct_of_max=78.41
[2026-08-22T19:48:39] RUN_END status=OK
[2026-08-22T19:50:56] RUN_START run_id=SCALE_C_PythonNDN_50_134
[2026-08-22T19:50:56] PARAM implementation=PythonNDN
[2026-08-22T19:50:56] METRIC concurrent_clients=50
[2026-08-22T19:50:56] METRIC throughput_pct_of_max=89.881
[2026-08-22T19:50:56] RUN_END status=OK
[2026-08-22T19:51:26] RUN_START run_id=SCALE_C_PythonNDN_5000_064
[2026-08-22T19:51:26] PARAM implementation=PythonNDN
[2026-08-22T19:51:26] METRIC concurrent_clients=5000
[2026-08-22T19:51:26] METRIC throughput_pct_of_max=10.885
[2026-08-22T19:51:26] RUN_END status=OK
[2026-08-22T19:52:12] RUN_START run_id=SCALE_C_PythonNDN_50_135
[2026-08-22T19:52:12] PARAM implementation=PythonNDN
[2026-08-22T19:52:12] METRIC concurrent_clients=50
[2026-08-22T19:52:12] METRIC throughput_pct_of_max=89.452
[2026-08-22T19:52:12] RUN_END status=OK
[2026-08-22T19:54:18] RUN_START run_id=SCALE_C_PythonNDN_50_136
[2026-08-22T19:54:18] PARAM implementation=PythonNDN
[2026-08-22T19:54:18] METRIC concurrent_clients=50
[2026-08-22T19:54:18] METRIC throughput_pct_of_max=88.221
[2026-08-22T19:54:18] RUN_END status=OK
[2026-08-22T19:56:04] RUN_START run_id=SCALE_C_PythonNDN_5000_065
[2026-08-22T19:56:04] PARAM implementation=PythonNDN
[2026-08-22T19:56:04] METRIC concurrent_clients=5000
[2026-08-22T19:56:04] METRIC throughput_pct_of_max=10.004
[2026-08-22T19:56:04] RUN_END status=OK
[2026-08-22T19:56:41] RUN_START run_id=SCALE_C_PythonNDN_50_137
[2026-08-22T19:56:41] PARAM implementation=PythonNDN
[2026-08-22T19:56:41] METRIC concurrent_clients=50
[2026-08-22T19:56:41] METRIC throughput_pct_of_max=84.953
[2026-08-22T19:56:41] RUN_END status=OK
[2026-08-22T19:57:19] RUN_START run_id=SCALE_C_PythonNDN_50_138
[2026-08-22T19:57:19] PARAM implementation=PythonNDN
[2026-08-22T19:57:19] METRIC concurrent_clients=50
[2026-08-22T19:57:19] METRIC throughput_pct_of_max=84.226
[2026-08-22T19:57:19] RUN_END status=OK
[2026-08-22T19:58:13] RUN_START run_id=SCALE_C_PythonNDN_5000_066
[2026-08-22T19:58:13] PARAM implementation=PythonNDN
[2026-08-22T19:58:13] METRIC concurrent_clients=5000
[2026-08-22T19:58:13] METRIC throughput_pct_of_max=10.121
[2026-08-22T19:58:13] RUN_END status=OK
[2026-08-22T19:59:02] RUN_START run_id=07_scalability_clients_DISCARDED_0136
[2026-08-22T19:59:02] RUN_ABORTED reason=trex_controller_reset: TRex stateful-engine control connection dropped mid-run before steady-state throughput reached
[2026-08-22T20:00:40] RUN_START run_id=SCALE_C_PythonNDN_50_139
[2026-08-22T20:00:40] PARAM implementation=PythonNDN
[2026-08-22T20:00:40] METRIC concurrent_clients=50
[2026-08-22T20:00:40] METRIC throughput_pct_of_max=89.317
[2026-08-22T20:00:40] RUN_END status=OK
