[2026-08-21T22:39:58] RUN_START run_id=SCALE_C_CCNlite_10_087
[2026-08-21T22:39:58] PARAM implementation=CCNlite
[2026-08-21T22:39:58] METRIC concurrent_clients=10
[2026-08-21T22:39:58] METRIC throughput_pct_of_max=100.0
[2026-08-21T22:39:58] RUN_END status=OK
[2026-08-21T22:41:12] RUN_START run_id=SCALE_C_CCNlite_10_088
[2026-08-21T22:41:12] PARAM implementation=CCNlite
[2026-08-21T22:41:12] METRIC concurrent_clients=10
[2026-08-21T22:41:12] METRIC throughput_pct_of_max=96.575
[2026-08-21T22:41:12] RUN_END status=OK
[2026-08-21T22:42:49] RUN_START run_id=SCALE_C_CCNlite_10_089
[2026-08-21T22:42:49] PARAM implementation=CCNlite
[2026-08-21T22:42:49] METRIC concurrent_clients=10
[2026-08-21T22:42:49] METRIC throughput_pct_of_max=100.0
[2026-08-21T22:42:49] RUN_END status=OK
[2026-08-21T22:45:31] RUN_START run_id=SCALE_C_CCNlite_10_090
[2026-08-21T22:45:31] PARAM implementation=CCNlite
[2026-08-21T22:45:31] METRIC concurrent_clients=10
[2026-08-21T22:45:31] METRIC throughput_pct_of_max=95.875
[2026-08-21T22:45:31] RUN_END status=OK
[2026-08-21T22:48:31] RUN_START run_id=SCALE_C_CCNlite_10_091
[2026-08-21T22:48:31] PARAM implementation=CCNlite
[2026-08-21T22:48:31] METRIC concurrent_clients=10
[2026-08-21T22:48:31] METRIC throughput_pct_of_max=96.919
[2026-08-21T22:48:31] RUN_END status=OK
[2026-08-21T22:50:04] RUN_START run_id=SCALE_C_CCNlite_10_092
[2026-08-21T22:50:04] PARAM implementation=CCNlite
[2026-08-21T22:50:04] METRIC concurrent_clients=10
[2026-08-21T22:50:04] METRIC throughput_pct_of_max=87.84
[2026-08-21T22:50:04] RUN_END status=OK
[2026-08-21T22:53:14] RUN_START run_id=SCALE_C_CCNlite_10_093
[2026-08-21T22:53:14] PARAM implementation=CCNlite
[2026-08-21T22:53:14] METRIC concurrent_clients=10
[2026-08-21T22:53:14] METRIC throughput_pct_of_max=100.0
[2026-08-21T22:53:14] RUN_END status=OK
[2026-08-21T22:56:52] RUN_START run_id=SCALE_C_CCNlite_10_094
[2026-08-21T22:56:52] PARAM implementation=CCNlite
[2026-08-21T22:56:52] METRIC concurrent_clients=10
[2026-08-21T22:56:52] METRIC throughput_pct_of_max=99.639
[2026-08-21T22:56:52] RUN_END status=OK
[2026-08-21T22:57:44] RUN_START run_id=SCALE_C_CCNlite_10_095
[2026-08-21T22:57:44] PARAM implementation=CCNlite
[2026-08-21T22:57:44] METRIC concurrent_clients=10
[2026-08-21T22:57:44] METRIC throughput_pct_of_max=100.0
[2026-08-21T22:57:44] RUN_END status=OK
[2026-08-21T22:58:48] RUN_START run_id=SCALE_C_CCNlite_10_096
[2026-08-21T22:58:48] PARAM implementation=CCNlite
[2026-08-21T22:58:48] METRIC concurrent_clients=10
[2026-08-21T22:58:48] METRIC throughput_pct_of_max=99.588
[2026-08-21T22:58:48] RUN_END status=OK
[2026-08-21T23:00:12] RUN_START run_id=SCALE_C_CCNlite_10_097
[2026-08-21T23:00:12] PARAM implementation=CCNlite
[2026-08-21T23:00:12] METRIC concurrent_clients=10
[2026-08-21T23:00:12] METRIC throughput_pct_of_max=100.0
[2026-08-21T23:00:12] RUN_END status=OK
[2026-08-21T23:02:17] RUN_START run_id=SCALE_C_CCNlite_10_098
[2026-08-21T23:02:17] PARAM implementation=CCNlite
[2026-08-21T23:02:17] METRIC concurrent_clients=10
[2026-08-21T23:02:17] METRIC throughput_pct_of_max=100.0
[2026-08-21T23:02:17] RUN_END status=OK
[2026-08-21T23:02:48] RUN_START run_id=SCALE_C_CCNlite_10_099
[2026-08-21T23:02:48] PARAM implementation=CCNlite
[2026-08-21T23:02:48] METRIC concurrent_clients=10
[2026-08-21T23:02:48] METRIC throughput_pct_of_max=98.502
[2026-08-21T23:02:48] RUN_END status=OK
[2026-08-21T23:06:05] RUN_START run_id=SCALE_C_CCNlite_10_100
[2026-08-21T23:06:05] PARAM implementation=CCNlite
[2026-08-21T23:06:05] METRIC concurrent_clients=10
[2026-08-21T23:06:05] METRIC throughput_pct_of_max=97.769
[2026-08-21T23:06:05] RUN_END status=OK
[2026-08-21T23:08:01] RUN_START run_id=SCALE_C_CCNlite_10_101
[2026-08-21T23:08:01] PARAM implementation=CCNlite
[2026-08-21T23:08:01] METRIC concurrent_clients=10
[2026-08-21T23:08:01] METRIC throughput_pct_of_max=98.61
[2026-08-21T23:08:01] RUN_END status=OK
[2026-08-21T23:12:16] RUN_START run_id=SCALE_C_CCNlite_10_102
[2026-08-21T23:12:16] PARAM implementation=CCNlite
[2026-08-21T23:12:16] METRIC concurrent_clients=10
[2026-08-21T23:12:16] METRIC throughput_pct_of_max=99.859
[2026-08-21T23:12:16] RUN_END status=OK
[2026-08-21T23:14:06] RUN_START run_id=SCALE_C_CCNlite_10_103
[2026-08-21T23:14:06] PARAM implementation=CCNlite
[2026-08-21T23:14:06] METRIC concurrent_clients=10
[2026-08-21T23:14:06] METRIC throughput_pct_of_max=97.942
[2026-08-21T23:14:06] RUN_END status=OK
