[2026-08-21T23:15:30] RUN_START run_id=SCALE_C_CCNlite_10_104
[2026-08-21T23:15:30] PARAM implementation=CCNlite
[2026-08-21T23:15:30] METRIC concurrent_clients=10
[2026-08-21T23:15:30] METRIC throughput_pct_of_max=98.942
[2026-08-21T23:15:30] RUN_END status=OK
[2026-08-21T23:17:31] RUN_START run_id=SCALE_C_CCNlite_10_105
[2026-08-21T23:17:31] PARAM implementation=CCNlite
[2026-08-21T23:17:31] METRIC concurrent_clients=10
[2026-08-21T23:17:31] METRIC throughput_pct_of_max=88.265
[2026-08-21T23:17:31] RUN_END status=OK
[2026-08-21T23:19:23] RUN_START run_id=SCALE_C_CCNlite_10_106
[2026-08-21T23:19:23] PARAM implementation=CCNlite
[2026-08-21T23:19:23] METRIC concurrent_clients=10
[2026-08-21T23:19:23] METRIC throughput_pct_of_max=100.0
[2026-08-21T23:19:23] RUN_END status=OK
[2026-08-21T23:22:03] RUN_START run_id=SCALE_C_CCNlite_10_107
[2026-08-21T23:22:03] PARAM implementation=CCNlite
[2026-08-21T23:22:03] METRIC concurrent_clients=10
[2026-08-21T23:22:03] METRIC throughput_pct_of_max=100.0
[2026-08-21T23:22:03] RUN_END status=OK
[2026-08-21T23:23:37] RUN_START run_id=SCALE_C_CCNlite_10_108
[2026-08-21T23:23:37] PARAM implementation=CCNlite
[2026-08-21T23:23:37] METRIC concurrent_clients=10
[2026-08-21T23:23:37] METRIC throughput_pct_of_max=100.0
[2026-08-21T23:23:37] RUN_END status=OK
[2026-08-21T23:26:23] RUN_START run_id=SCALE_C_CCNlite_10_109
[2026-08-21T23:26:23] PARAM implementation=CCNlite
[2026-08-21T23:26:23] METRIC concurrent_clients=10
[2026-08-21T23:26:23] METRIC throughput_pct_of_max=100.0
[2026-08-21T23:26:23] RUN_END status=OK
[2026-08-21T23:28:31] RUN_START run_id=SCALE_C_CCNlite_10_110
[2026-08-21T23:28:31] PARAM implementation=CCNlite
[2026-08-21T23:28:31] METRIC concurrent_clients=10
[2026-08-21T23:28:31] METRIC throughput_pct_of_max=98.417
[2026-08-21T23:28:31] RUN_END status=OK
[2026-08-21T23:30:37] RUN_START run_id=SCALE_C_CCNlite_10_111
[2026-08-21T23:30:37] PARAM implementation=CCNlite
[2026-08-21T23:30:37] METRIC concurrent_clients=10
[2026-08-21T23:30:37] METRIC throughput_pct_of_max=99.516
[2026-08-21T23:30:37] RUN_END status=OK
[2026-08-21T23:32:53] RUN_START run_id=SCALE_C_CCNlite_10_112
[2026-08-21T23:32:53] PARAM implementation=CCNlite
[2026-08-21T23:32:53] METRIC concurrent_clients=10
[2026-08-21T23:32:53] METRIC throughput_pct_of_max=100.0
[2026-08-21T23:32:53] RUN_END status=OK
[2026-08-21T23:34:19] RUN_START run_id=SCALE_C_CCNlite_10_113
[2026-08-21T23:34:19] PARAM implementation=CCNlite
[2026-08-21T23:34:19] METRIC concurrent_clients=10
[2026-08-21T23:34:19] METRIC throughput_pct_of_max=100.0
[2026-08-21T23:34:19] RUN_END status=OK
[2026-08-21T23:36:57] RUN_START run_id=SCALE_C_CCNlite_10_114
[2026-08-21T23:36:57] PARAM implementation=CCNlite
[2026-08-21T23:36:57] METRIC concurrent_clients=10
[2026-08-21T23:36:57] METRIC throughput_pct_of_max=100.0
[2026-08-21T23:36:57] RUN_END status=OK
[2026-08-22T01:23:52] RUN_START run_id=SCALE_C_PythonNDN_50_094
[2026-08-22T01:23:52] PARAM implementation=PythonNDN
[2026-08-22T01:23:52] METRIC concurrent_clients=50
[2026-08-22T01:23:52] METRIC throughput_pct_of_max=89.061
[2026-08-22T01:23:52] RUN_END status=OK
[2026-08-22T01:25:33] RUN_START run_id=SCALE_C_PythonNDN_50_095
[2026-08-22T01:25:33] PARAM implementation=PythonNDN
[2026-08-22T01:25:33] METRIC concurrent_clients=50
[2026-08-22T01:25:33] METRIC throughput_pct_of_max=88.007
[2026-08-22T01:25:33] RUN_END status=OK
[2026-08-22T01:27:15] RUN_START run_id=SCALE_C_PythonNDN_50_096
[2026-08-22T01:27:15] PARAM implementation=PythonNDN
[2026-08-22T01:27:15] METRIC concurrent_clients=50
[2026-08-22T01:27:15] METRIC throughput_pct_of_max=87.62
[2026-08-22T01:27:15] RUN_END status=OK
[2026-08-22T01:30:35] RUN_START run_id=SCALE_C_PythonNDN_50_097
[2026-08-22T01:30:35] PARAM implementation=PythonNDN
[2026-08-22T01:30:35] METRIC concurrent_clients=50
[2026-08-22T01:30:35] METRIC throughput_pct_of_max=85.086
[2026-08-22T01:30:35] RUN_END status=OK
[2026-08-22T01:31:11] RUN_START run_id=SCALE_C_PythonNDN_50_098
[2026-08-22T01:31:11] PARAM implementation=PythonNDN
[2026-08-22T01:31:11] METRIC concurrent_clients=50
[2026-08-22T01:31:11] METRIC throughput_pct_of_max=87.598
[2026-08-22T01:31:11] RUN_END status=OK
[2026-08-22T01:32:14] RUN_START run_id=SCALE_C_PythonNDN_50_099
[2026-08-22T01:32:14] PARAM implementation=PythonNDN
[2026-08-22T01:32:14] METRIC concurrent_clients=50
[2026-08-22T01:32:14] METRIC throughput_pct_of_max=87.779
[2026-08-22T01:32:14] RUN_END status=OK
[2026-08-22T01:32:48] RUN_START run_id=SCALE_C_PythonNDN_50_100
[2026-08-22T01:32:48] PARAM implementation=PythonNDN
[2026-08-22T01:32:48] METRIC concurrent_clients=50
[2026-08-22T01:32:48] METRIC throughput_pct_of_max=87.789
[2026-08-22T01:32:48] RUN_END status=OK
