[2026-08-20T11:23:45] RUN_START run_id=SCALE_C_uDCN_1000_086
[2026-08-20T11:23:45] PARAM implementation=uDCN
[2026-08-20T11:23:45] METRIC concurrent_clients=1000
[2026-08-20T11:23:45] METRIC throughput_pct_of_max=87.654
[2026-08-20T11:23:45] RUN_END status=OK
[2026-08-20T11:24:50] RUN_START run_id=SCALE_C_uDCN_1000_087
[2026-08-20T11:24:50] PARAM implementation=uDCN
[2026-08-20T11:24:50] METRIC concurrent_clients=1000
[2026-08-20T11:24:50] METRIC throughput_pct_of_max=90.04
[2026-08-20T11:24:50] RUN_END status=OK
[2026-08-20T11:27:52] RUN_START run_id=SCALE_C_uDCN_1000_088
[2026-08-20T11:27:52] PARAM implementation=uDCN
[2026-08-20T11:27:52] METRIC concurrent_clients=1000
[2026-08-20T11:27:52] METRIC throughput_pct_of_max=91.211
[2026-08-20T11:27:52] RUN_END status=OK
[2026-08-20T11:29:08] RUN_START run_id=SCALE_C_uDCN_1000_089
[2026-08-20T11:29:08] PARAM implementation=uDCN
[2026-08-20T11:29:08] METRIC concurrent_clients=1000
[2026-08-20T11:29:08] METRIC throughput_pct_of_max=90.997
[2026-08-20T11:29:08] RUN_END status=OK
[2026-08-20T11:31:55] RUN_START run_id=SCALE_C_uDCN_1000_090
[2026-08-20T11:31:55] PARAM implementation=uDCN
[2026-08-20T11:31:55] METRIC concurrent_clients=1000
[2026-08-20T11:31:55] METRIC throughput_pct_of_max=86.016
[2026-08-20T11:31:55] RUN_END status=OK
[2026-08-20T11:34:12] RUN_START run_id=SCALE_C_uDCN_1000_091
[2026-08-20T11:34:12] PARAM implementation=uDCN
[2026-08-20T11:34:12] METRIC concurrent_clients=1000
[2026-08-20T11:34:12] METRIC throughput_pct_of_max=92.935
[2026-08-20T11:34:12] RUN_END status=OK
[2026-08-20T11:37:00] RUN_START run_id=SCALE_C_uDCN_1000_092
[2026-08-20T11:37:00] PARAM implementation=uDCN
[2026-08-20T11:37:00] METRIC concurrent_clients=1000
[2026-08-20T11:37:00] METRIC throughput_pct_of_max=85.058
[2026-08-20T11:37:00] RUN_END status=OK
[2026-08-20T11:39:02] RUN_START run_id=SCALE_C_uDCN_1000_093
[2026-08-20T11:39:02] PARAM implementation=uDCN
[2026-08-20T11:39:02] METRIC concurrent_clients=1000
[2026-08-20T11:39:02] METRIC throughput_pct_of_max=87.501
[2026-08-20T11:39:02] RUN_END status=OK
[2026-08-20T11:40:56] RUN_START run_id=SCALE_C_uDCN_1000_094
[2026-08-20T11:40:56] PARAM implementation=uDCN
[2026-08-20T11:40:56] METRIC concurrent_clients=1000
[2026-08-20T11:40:56] METRIC throughput_pct_of_max=89.294
[2026-08-20T11:40:56] RUN_END status=OK
[2026-08-20T11:44:15] RUN_START run_id=SCALE_C_uDCN_1000_095
[2026-08-20T11:44:15] PARAM implementation=uDCN
[2026-08-20T11:44:15] METRIC concurrent_clients=1000
[2026-08-20T11:44:15] METRIC throughput_pct_of_max=92.493
[2026-08-20T11:44:15] RUN_END status=OK
[2026-08-20T11:48:22] RUN_START run_id=SCALE_C_uDCN_1000_096
[2026-08-20T11:48:22] PARAM implementation=uDCN
[2026-08-20T11:48:22] METRIC concurrent_clients=1000
[2026-08-20T11:48:22] METRIC throughput_pct_of_max=89.774
[2026-08-20T11:48:22] RUN_END status=OK
[2026-08-20T11:49:19] RUN_START run_id=SCALE_C_uDCN_1000_097
[2026-08-20T11:49:19] PARAM implementation=uDCN
[2026-08-20T11:49:19] METRIC concurrent_clients=1000
[2026-08-20T11:49:19] METRIC throughput_pct_of_max=86.78
[2026-08-20T11:49:19] RUN_END status=OK
[2026-08-20T11:52:07] RUN_START run_id=SCALE_C_uDCN_1000_098
[2026-08-20T11:52:07] PARAM implementation=uDCN
[2026-08-20T11:52:07] METRIC concurrent_clients=1000
[2026-08-20T11:52:07] METRIC throughput_pct_of_max=90.985
[2026-08-20T11:52:07] RUN_END status=OK
[2026-08-20T11:54:23] RUN_START run_id=SCALE_C_uDCN_500_109
[2026-08-20T11:54:23] PARAM implementation=uDCN
[2026-08-20T11:54:23] METRIC concurrent_clients=500
[2026-08-20T11:54:23] METRIC throughput_pct_of_max=99.967
[2026-08-20T11:54:23] RUN_END status=OK
[2026-08-20T11:54:27] RUN_START run_id=SCALE_C_uDCN_1000_099
[2026-08-20T11:54:27] PARAM implementation=uDCN
[2026-08-20T11:54:27] METRIC concurrent_clients=1000
[2026-08-20T11:54:27] METRIC throughput_pct_of_max=91.781
[2026-08-20T11:54:27] RUN_END status=OK
[2026-08-20T11:56:13] RUN_START run_id=SCALE_C_uDCN_1000_100
[2026-08-20T11:56:13] PARAM implementation=uDCN
[2026-08-20T11:56:13] METRIC concurrent_clients=1000
[2026-08-20T11:56:13] METRIC throughput_pct_of_max=95.562
[2026-08-20T11:56:13] RUN_END status=OK
[2026-08-20T11:58:14] RUN_START run_id=SCALE_C_uDCN_500_110
[2026-08-20T11:58:14] PARAM implementation=uDCN
[2026-08-20T11:58:14] METRIC concurrent_clients=500
[2026-08-20T11:58:14] METRIC throughput_pct_of_max=89.525
[2026-08-20T11:58:14] RUN_END status=OK
[2026-08-20T12:00:00] RUN_START run_id=SCALE_C_CCNlite_10_001
[2026-08-20T12:00:00] PARAM implementation=CCNlite
[2026-08-20T12:00:00] METRIC concurrent_clients=10
[2026-08-20T12:00:00] METRIC throughput_pct_of_max=100.0
[2026-08-20T12:00:00] RUN_END status=OK
[2026-08-20T12:00:22] RUN_START run_id=SCALE_C_uDCN_500_111
[2026-08-20T12:00:22] PARAM implementation=uDCN
[2026-08-20T12:00:22] METRIC concurrent_clients=500
[2026-08-20T12:00:22] METRIC throughput_pct_of_max=89.347
[2026-08-20T12:00:22] RUN_END status=OK
