[2026-08-23T10:17:44] RUN_START run_id=SCALE_C_CCNlite_50_010
[2026-08-23T10:17:44] PARAM implementation=CCNlite
[2026-08-23T10:17:44] METRIC concurrent_clients=50
[2026-08-23T10:17:44] METRIC throughput_pct_of_max=88.936
[2026-08-23T10:17:44] RUN_END status=OK
[2026-08-23T10:19:12] RUN_START run_id=SCALE_C_CCNlite_50_011
[2026-08-23T10:19:12] PARAM implementation=CCNlite
[2026-08-23T10:19:12] METRIC concurrent_clients=50
[2026-08-23T10:19:12] METRIC throughput_pct_of_max=94.633
[2026-08-23T10:19:12] RUN_END status=OK
[2026-08-23T10:21:17] RUN_START run_id=SCALE_C_CCNlite_50_012
[2026-08-23T10:21:17] PARAM implementation=CCNlite
[2026-08-23T10:21:17] METRIC concurrent_clients=50
[2026-08-23T10:21:17] METRIC throughput_pct_of_max=94.15
[2026-08-23T10:21:17] RUN_END status=OK
[2026-08-23T10:22:16] RUN_START run_id=SCALE_C_CCNlite_50_013
[2026-08-23T10:22:16] PARAM implementation=CCNlite
[2026-08-23T10:22:16] METRIC concurrent_clients=50
[2026-08-23T10:22:16] METRIC throughput_pct_of_max=91.29
[2026-08-23T10:22:16] RUN_END status=OK
[2026-08-23T10:27:44] RUN_START run_id=SCALE_C_CCNlite_50_014
[2026-08-23T10:27:44] PARAM implementation=CCNlite
[2026-08-23T10:27:44] METRIC concurrent_clients=50
[2026-08-23T10:27:44] METRIC throughput_pct_of_max=92.36
[2026-08-23T10:27:44] RUN_END status=OK
[2026-08-23T10:31:00] RUN_START run_id=SCALE_C_CCNlite_50_015
[2026-08-23T10:31:00] PARAM implementation=CCNlite
[2026-08-23T10:31:00] METRIC concurrent_clients=50
[2026-08-23T10:31:00] METRIC throughput_pct_of_max=92.732
[2026-08-23T10:31:00] RUN_END status=OK
[2026-08-23T10:32:39] RUN_START run_id=SCALE_C_CCNlite_50_016
[2026-08-23T10:32:39] PARAM implementation=CCNlite
[2026-08-23T10:32:39] METRIC concurrent_clients=50
[2026-08-23T10:32:39] METRIC throughput_pct_of_max=90.047
[2026-08-23T10:32:39] RUN_END status=OK
[2026-08-23T10:35:11] RUN_START run_id=SCALE_C_CCNlite_50_017
[2026-08-23T10:35:11] PARAM implementation=CCNlite
[2026-08-23T10:35:11] METRIC concurrent_clients=50
[2026-08-23T10:35:11] METRIC throughput_pct_of_max=91.218
[2026-08-23T10:35:11] RUN_END status=OK
[2026-08-23T10:37:01] RUN_START run_id=SCALE_C_CCNlite_50_018
[2026-08-23T10:37:01] PARAM implementation=CCNlite
[2026-08-23T10:37:01] METRIC concurrent_clients=50
[2026-08-23T10:37:01] METRIC throughput_pct_of_max=86.313
[2026-08-23T10:37:01] RUN_END status=OK
[2026-08-23T10:38:07] RUN_START run_id=SCALE_C_CCNlite_50_019
[2026-08-23T10:38:07] PARAM implementation=CCNlite
[2026-08-23T10:38:07] METRIC concurrent_clients=50
[2026-08-23T10:38:07] METRIC throughput_pct_of_max=88.936
[2026-08-23T10:38:07] RUN_END status=OK
[2026-08-23T10:43:04] RUN_START run_id=SCALE_C_CCNlite_50_020
[2026-08-23T10:43:04] PARAM implementation=CCNlite
[2026-08-23T10:43:04] METRIC concurrent_clients=50
[2026-08-23T10:43:04] METRIC throughput_pct_of_max=91.665
[2026-08-23T10:43:04] RUN_END status=OK
[2026-08-23T10:43:16] RUN_START run_id=SCALE_C_CCNlite_50_021
[2026-08-23T10:43:16] PARAM implementation=CCNlite
[2026-08-23T10:43:16] METRIC concurrent_clients=50
[2026-08-23T10:43:16] METRIC throughput_pct_of_max=92.67
[2026-08-23T10:43:16] RUN_END status=OK
[2026-08-23T10:45:22] RUN_START run_id=SCALE_C_CCNlite_50_022
[2026-08-23T10:45:22] PARAM implementation=CCNlite
[2026-08-23T10:45:22] METRIC concurrent_clients=50
[2026-08-23T10:45:22] METRIC throughput_pct_of_max=86.604
[2026-08-23T10:45:22] RUN_END status=OK
[2026-08-23T10:49:44] RUN_START run_id=SCALE_C_CCNlite_50_023
[2026-08-23T10:49:44] PARAM implementation=CCNlite
[2026-08-23T10:49:44] METRIC concurrent_clients=50
[2026-08-23T10:49:44] METRIC throughput_pct_of_max=91.321
[2026-08-23T10:49:44] RUN_END status=OK
[2026-08-23T10:51:11] RUN_START run_id=SCALE_C_CCNlite_50_024
[2026-08-23T10:51:11] PARAM implementation=CCNlite
[2026-08-23T10:51:11] METRIC concurrent_clients=50
[2026-08-23T10:51:11] METRIC throughput_pct_of_max=94.103
[2026-08-23T10:51:11] RUN_END status=OK
[2026-08-23T10:53:39] RUN_START run_id=SCALE_C_CCNlite_50_025
[2026-08-23T10:53:39] PARAM implementation=CCNlite
[2026-08-23T10:53:39] METRIC concurrent_clients=50
[2026-08-23T10:53:39] METRIC throughput_pct_of_max=87.788
[2026-08-23T10:53:39] RUN_END status=OK
[2026-08-23T10:54:26] RUN_START run_id=SCALE_C_CCNlite_50_026
[2026-08-23T10:54:26] PARAM implementation=CCNlite
[2026-08-23T10:54:26] METRIC concurrent_clients=50
[2026-08-23T10:54:26] METRIC throughput_pct_of_max=86.535
[2026-08-23T10:54:26] RUN_END status=OK
