[2026-08-22T02:07:43] RUN_START run_id=SCALE_C_PythonNDN_50_115
[2026-08-22T02:07:43] PARAM implementation=PythonNDN
[2026-08-22T02:07:43] METRIC concurrent_clients=50
[2026-08-22T02:07:43] METRIC throughput_pct_of_max=85.357
[2026-08-22T02:07:43] RUN_END status=OK
[2026-08-22T02:09:21] RUN_START run_id=SCALE_C_PythonNDN_50_116
[2026-08-22T02:09:21] PARAM implementation=PythonNDN
[2026-08-22T02:09:21] METRIC concurrent_clients=50
[2026-08-22T02:09:21] METRIC throughput_pct_of_max=88.723
[2026-08-22T02:09:21] RUN_END status=OK
[2026-08-22T02:10:20] RUN_START run_id=SCALE_C_PythonNDN_50_117
[2026-08-22T02:10:20] PARAM implementation=PythonNDN
[2026-08-22T02:10:20] METRIC concurrent_clients=50
[2026-08-22T02:10:20] METRIC throughput_pct_of_max=85.564
[2026-08-22T02:10:20] RUN_END status=OK
[2026-08-22T02:11:23] RUN_START run_id=SCALE_C_PythonNDN_50_118
[2026-08-22T02:11:23] PARAM implementation=PythonNDN
[2026-08-22T02:11:23] METRIC concurrent_clients=50
[2026-08-22T02:11:23] METRIC throughput_pct_of_max=83.346
[2026-08-22T02:11:23] RUN_END status=OK
[2026-08-22T02:12:29] RUN_START run_id=SCALE_C_PythonNDN_50_119
[2026-08-22T02:12:29] PARAM implementation=PythonNDN
[2026-08-22T02:12:29] METRIC concurrent_clients=50
[2026-08-22T02:12:29] METRIC throughput_pct_of_max=89.571
[2026-08-22T02:12:29] RUN_END status=OK
[2026-08-22T02:13:47] RUN_START run_id=SCALE_C_PythonNDN_50_120
[2026-08-22T02:13:47] PARAM implementation=PythonNDN
[2026-08-22T02:13:47] METRIC concurrent_clients=50
[2026-08-22T02:13:47] METRIC throughput_pct_of_max=92.922
[2026-08-22T02:13:47] RUN_END status=OK
[2026-08-22T02:16:35] RUN_START run_id=SCALE_C_PythonNDN_50_121
[2026-08-22T02:16:35] PARAM implementation=PythonNDN
[2026-08-22T02:16:35] METRIC concurrent_clients=50
[2026-08-22T02:16:35] METRIC throughput_pct_of_max=87.666
[2026-08-22T02:16:35] RUN_END status=OK
[2026-08-22T02:17:44] RUN_START run_id=SCALE_C_PythonNDN_50_122
[2026-08-22T02:17:44] PARAM implementation=PythonNDN
[2026-08-22T02:17:44] METRIC concurrent_clients=50
[2026-08-22T02:17:44] METRIC throughput_pct_of_max=85.715
[2026-08-22T02:17:44] RUN_END status=OK
[2026-08-22T02:19:15] RUN_START run_id=SCALE_C_PythonNDN_50_123
[2026-08-22T02:19:15] PARAM implementation=PythonNDN
[2026-08-22T02:19:15] METRIC concurrent_clients=50
[2026-08-22T02:19:15] METRIC throughput_pct_of_max=85.249
[2026-08-22T02:19:15] RUN_END status=OK
[2026-08-22T02:23:30] RUN_START run_id=SCALE_C_PythonNDN_50_124
[2026-08-22T02:23:30] PARAM implementation=PythonNDN
[2026-08-22T02:23:30] METRIC concurrent_clients=50
[2026-08-22T02:23:30] METRIC throughput_pct_of_max=84.358
[2026-08-22T02:23:30] RUN_END status=OK
[2026-08-22T02:26:37] RUN_START run_id=SCALE_C_PythonNDN_50_125
[2026-08-22T02:26:37] PARAM implementation=PythonNDN
[2026-08-22T02:26:37] METRIC concurrent_clients=50
[2026-08-22T02:26:37] METRIC throughput_pct_of_max=85.974
[2026-08-22T02:26:37] RUN_END status=OK
[2026-08-22T06:36:29] RUN_START run_id=SCALE_C_uDCN_50_102
[2026-08-22T06:36:29] PARAM implementation=uDCN
[2026-08-22T06:36:29] METRIC concurrent_clients=50
[2026-08-22T06:36:29] METRIC throughput_pct_of_max=96.011
[2026-08-22T06:36:29] RUN_END status=OK
[2026-08-22T06:39:13] RUN_START run_id=SCALE_C_uDCN_50_103
[2026-08-22T06:39:13] PARAM implementation=uDCN
[2026-08-22T06:39:13] METRIC concurrent_clients=50
[2026-08-22T06:39:13] METRIC throughput_pct_of_max=93.115
[2026-08-22T06:39:13] RUN_END status=OK
[2026-08-22T06:40:24] RUN_START run_id=SCALE_C_uDCN_50_104
[2026-08-22T06:40:24] PARAM implementation=uDCN
[2026-08-22T06:40:24] METRIC concurrent_clients=50
[2026-08-22T06:40:24] METRIC throughput_pct_of_max=98.122
[2026-08-22T06:40:24] RUN_END status=OK
[2026-08-22T06:42:23] RUN_START run_id=SCALE_C_uDCN_50_105
[2026-08-22T06:42:23] PARAM implementation=uDCN
[2026-08-22T06:42:23] METRIC concurrent_clients=50
[2026-08-22T06:42:23] METRIC throughput_pct_of_max=100.0
[2026-08-22T06:42:23] RUN_END status=OK
[2026-08-22T06:43:00] RUN_START run_id=SCALE_C_uDCN_50_106
[2026-08-22T06:43:00] PARAM implementation=uDCN
[2026-08-22T06:43:00] METRIC concurrent_clients=50
[2026-08-22T06:43:00] METRIC throughput_pct_of_max=91.749
[2026-08-22T06:43:00] RUN_END status=OK
[2026-08-22T06:45:44] RUN_START run_id=SCALE_C_uDCN_50_107
[2026-08-22T06:45:44] PARAM implementation=uDCN
[2026-08-22T06:45:44] METRIC concurrent_clients=50
[2026-08-22T06:45:44] METRIC throughput_pct_of_max=97.029
[2026-08-22T06:45:44] RUN_END status=OK
[2026-08-22T06:46:01] RUN_START run_id=SCALE_C_uDCN_50_108
[2026-08-22T06:46:01] PARAM implementation=uDCN
[2026-08-22T06:46:01] METRIC concurrent_clients=50
[2026-08-22T06:46:01] METRIC throughput_pct_of_max=94.835
[2026-08-22T06:46:01] RUN_END status=OK
[2026-08-22T06:49:48] RUN_START run_id=SCALE_C_uDCN_50_109
[2026-08-22T06:49:48] PARAM implementation=uDCN
[2026-08-22T06:49:48] METRIC concurrent_clients=50
[2026-08-22T06:49:48] METRIC throughput_pct_of_max=100.0
[2026-08-22T06:49:48] RUN_END status=OK
[2026-08-22T06:51:23] RUN_START run_id=SCALE_C_uDCN_50_110
[2026-08-22T06:51:23] PARAM implementation=uDCN
[2026-08-22T06:51:23] METRIC concurrent_clients=50
[2026-08-22T06:51:23] METRIC throughput_pct_of_max=94.653
[2026-08-22T06:51:23] RUN_END status=OK
