[2026-08-24T16:18:55] RUN_START run_id=SCALE_C_NFD_1000_067
[2026-08-24T16:18:55] PARAM implementation=NFD
[2026-08-24T16:18:55] METRIC concurrent_clients=1000
[2026-08-24T16:18:55] METRIC throughput_pct_of_max=52.655
[2026-08-24T16:18:55] RUN_END status=OK
[2026-08-24T16:20:11] RUN_START run_id=SCALE_C_PythonNDN_500_009
[2026-08-24T16:20:11] PARAM implementation=PythonNDN
[2026-08-24T16:20:11] METRIC concurrent_clients=500
[2026-08-24T16:20:11] METRIC throughput_pct_of_max=33.065
[2026-08-24T16:20:11] RUN_END status=OK
[2026-08-24T16:21:00] RUN_START run_id=07_scalability_clients_DISCARDED_0163
[2026-08-24T16:21:00] RUN_ABORTED reason=trex_controller_reset: TRex stateful-engine control connection dropped mid-run before steady-state throughput reached
[2026-08-24T16:21:18] RUN_START run_id=SCALE_C_NFD_1000_068
[2026-08-24T16:21:18] PARAM implementation=NFD
[2026-08-24T16:21:18] METRIC concurrent_clients=1000
[2026-08-24T16:21:18] METRIC throughput_pct_of_max=52.349
[2026-08-24T16:21:18] RUN_END status=OK
[2026-08-24T16:21:50] RUN_START run_id=SCALE_C_PythonNDN_500_010
[2026-08-24T16:21:50] PARAM implementation=PythonNDN
[2026-08-24T16:21:50] METRIC concurrent_clients=500
[2026-08-24T16:21:50] METRIC throughput_pct_of_max=32.854
[2026-08-24T16:21:50] RUN_END status=OK
[2026-08-24T16:23:28] RUN_START run_id=SCALE_C_PythonNDN_500_011
[2026-08-24T16:23:28] PARAM implementation=PythonNDN
[2026-08-24T16:23:28] METRIC concurrent_clients=500
[2026-08-24T16:23:28] METRIC throughput_pct_of_max=36.989
[2026-08-24T16:23:28] RUN_END status=OK
[2026-08-24T16:26:49] RUN_START run_id=SCALE_C_NFD_1000_069
[2026-08-24T16:26:49] PARAM implementation=NFD
[2026-08-24T16:26:49] METRIC concurrent_clients=1000
[2026-08-24T16:26:49] METRIC throughput_pct_of_max=56.162
[2026-08-24T16:26:49] RUN_END status=OK
[2026-08-24T16:28:37] RUN_START run_id=SCALE_C_PythonNDN_500_012
[2026-08-24T16:28:37] PARAM implementation=PythonNDN
[2026-08-24T16:28:37] METRIC concurrent_clients=500
[2026-08-24T16:28:37] METRIC throughput_pct_of_max=34.46
[2026-08-24T16:28:37] RUN_END status=OK
[2026-08-24T16:28:52] RUN_START run_id=SCALE_C_PythonNDN_500_013
[2026-08-24T16:28:52] PARAM implementation=PythonNDN
[2026-08-24T16:28:52] METRIC concurrent_clients=500
[2026-08-24T16:28:52] METRIC throughput_pct_of_max=33.33
[2026-08-24T16:28:52] RUN_END status=OK
[2026-08-24T16:29:50] RUN_START run_id=SCALE_C_PythonNDN_500_014
[2026-08-24T16:29:50] PARAM implementation=PythonNDN
[2026-08-24T16:29:50] METRIC concurrent_clients=500
[2026-08-24T16:29:50] METRIC throughput_pct_of_max=32.007
[2026-08-24T16:29:50] RUN_END status=OK
[2026-08-24T16:31:20] RUN_START run_id=SCALE_C_NFD_1000_070
[2026-08-24T16:31:20] PARAM implementation=NFD
[2026-08-24T16:31:20] METRIC concurrent_clients=1000
[2026-08-24T16:31:20] METRIC throughput_pct_of_max=52.156
[2026-08-24T16:31:20] RUN_END status=OK
[2026-08-24T16:33:03] RUN_START run_id=SCALE_C_PythonNDN_500_015
[2026-08-24T16:33:03] PARAM implementation=PythonNDN
[2026-08-24T16:33:03] METRIC concurrent_clients=500
[2026-08-24T16:33:03] METRIC throughput_pct_of_max=35.041
[2026-08-24T16:33:03] RUN_END status=OK
[2026-08-24T16:33:47] RUN_START run_id=SCALE_C_NFD_1000_071
[2026-08-24T16:33:47] PARAM implementation=NFD
[2026-08-24T16:33:47] METRIC concurrent_clients=1000
[2026-08-24T16:33:47] METRIC throughput_pct_of_max=54.261
[2026-08-24T16:33:47] RUN_END status=OK
[2026-08-24T16:34:01] RUN_START run_id=SCALE_C_PythonNDN_500_016
[2026-08-24T16:34:01] PARAM implementation=PythonNDN
[2026-08-24T16:34:01] METRIC concurrent_clients=500
[2026-08-24T16:34:01] METRIC throughput_pct_of_max=33.599
[2026-08-24T16:34:01] RUN_END status=OK
[2026-08-24T16:34:37] RUN_START run_id=SCALE_C_NFD_1000_072
[2026-08-24T16:34:37] PARAM implementation=NFD
[2026-08-24T16:34:37] METRIC concurrent_clients=1000
[2026-08-24T16:34:37] METRIC throughput_pct_of_max=54.507
[2026-08-24T16:34:37] RUN_END status=OK
[2026-08-24T16:36:41] RUN_START run_id=SCALE_C_PythonNDN_500_017
[2026-08-24T16:36:41] PARAM implementation=PythonNDN
[2026-08-24T16:36:41] METRIC concurrent_clients=500
[2026-08-24T16:36:41] METRIC throughput_pct_of_max=34.959
[2026-08-24T16:36:41] RUN_END status=OK
[2026-08-24T16:36:56] RUN_START run_id=SCALE_C_NFD_1000_073
[2026-08-24T16:36:56] PARAM implementation=NFD
[2026-08-24T16:36:56] METRIC concurrent_clients=1000
[2026-08-24T16:36:56] METRIC throughput_pct_of_max=54.879
[2026-08-24T16:36:56] RUN_END status=OK
[2026-08-24T16:39:11] RUN_START run_id=SCALE_C_PythonNDN_500_018
[2026-08-24T16:39:11] PARAM implementation=PythonNDN
[2026-08-24T16:39:11] METRIC concurrent_clients=500
[2026-08-24T16:39:11] METRIC throughput_pct_of_max=34.195
[2026-08-24T16:39:11] RUN_END status=OK
[2026-08-24T16:39:58] RUN_START run_id=SCALE_C_NFD_1000_074
[2026-08-24T16:39:58] PARAM implementation=NFD
[2026-08-24T16:39:58] METRIC concurrent_clients=1000
[2026-08-24T16:39:58] METRIC throughput_pct_of_max=55.724
[2026-08-24T16:39:58] RUN_END status=OK
