[2026-08-23T01:06:26] RUN_START run_id=07_scalability_clients_DISCARDED_0143
[2026-08-23T01:06:26] RUN_ABORTED reason=trex_controller_reset: TRex stateful-engine control connection dropped mid-run before steady-state throughput reached
[2026-08-23T01:06:54] RUN_START run_id=SCALE_C_CCNlite_500_046
[2026-08-23T01:06:54] PARAM implementation=CCNlite
[2026-08-23T01:06:54] METRIC concurrent_clients=500
[2026-08-23T01:06:54] METRIC throughput_pct_of_max=66.882
[2026-08-23T01:06:54] RUN_END status=OK
[2026-08-23T01:07:11] RUN_START run_id=SCALE_C_CCNlite_500_047
[2026-08-23T01:07:11] PARAM implementation=CCNlite
[2026-08-23T01:07:11] METRIC concurrent_clients=500
[2026-08-23T01:07:11] METRIC throughput_pct_of_max=62.801
[2026-08-23T01:07:11] RUN_END status=OK
[2026-08-23T01:09:43] RUN_START run_id=SCALE_C_CCNlite_10_136
[2026-08-23T01:09:43] PARAM implementation=CCNlite
[2026-08-23T01:09:43] METRIC concurrent_clients=10
[2026-08-23T01:09:43] METRIC throughput_pct_of_max=100.0
[2026-08-23T01:09:43] RUN_END status=OK
[2026-08-23T01:11:16] RUN_START run_id=SCALE_C_CCNlite_10_137
[2026-08-23T01:11:16] PARAM implementation=CCNlite
[2026-08-23T01:11:16] METRIC concurrent_clients=10
[2026-08-23T01:11:16] METRIC throughput_pct_of_max=99.395
[2026-08-23T01:11:16] RUN_END status=OK
[2026-08-23T01:11:23] RUN_START run_id=SCALE_C_CCNlite_500_048
[2026-08-23T01:11:23] PARAM implementation=CCNlite
[2026-08-23T01:11:23] METRIC concurrent_clients=500
[2026-08-23T01:11:23] METRIC throughput_pct_of_max=66.675
[2026-08-23T01:11:23] RUN_END status=OK
[2026-08-23T01:12:56] RUN_START run_id=SCALE_C_CCNlite_500_049
[2026-08-23T01:12:56] PARAM implementation=CCNlite
[2026-08-23T01:12:56] METRIC concurrent_clients=500
[2026-08-23T01:12:56] METRIC throughput_pct_of_max=67.372
[2026-08-23T01:12:56] RUN_END status=OK
[2026-08-23T01:15:27] RUN_START run_id=SCALE_C_CCNlite_500_050
[2026-08-23T01:15:27] PARAM implementation=CCNlite
[2026-08-23T01:15:27] METRIC concurrent_clients=500
[2026-08-23T01:15:27] METRIC throughput_pct_of_max=66.335
[2026-08-23T01:15:27] RUN_END status=OK
[2026-08-23T01:15:33] RUN_START run_id=SCALE_C_CCNlite_10_138
[2026-08-23T01:15:33] PARAM implementation=CCNlite
[2026-08-23T01:15:33] METRIC concurrent_clients=10
[2026-08-23T01:15:33] METRIC throughput_pct_of_max=99.897
[2026-08-23T01:15:33] RUN_END status=OK
[2026-08-23T01:16:13] RUN_START run_id=SCALE_C_CCNlite_500_051
[2026-08-23T01:16:13] PARAM implementation=CCNlite
[2026-08-23T01:16:13] METRIC concurrent_clients=500
[2026-08-23T01:16:13] METRIC throughput_pct_of_max=70.467
[2026-08-23T01:16:13] RUN_END status=OK
[2026-08-23T01:17:34] RUN_START run_id=SCALE_C_CCNlite_10_139
[2026-08-23T01:17:34] PARAM implementation=CCNlite
[2026-08-23T01:17:34] METRIC concurrent_clients=10
[2026-08-23T01:17:34] METRIC throughput_pct_of_max=99.556
[2026-08-23T01:17:34] RUN_END status=OK
[2026-08-23T01:18:53] RUN_START run_id=SCALE_C_CCNlite_500_052
[2026-08-23T01:18:53] PARAM implementation=CCNlite
[2026-08-23T01:18:53] METRIC concurrent_clients=500
[2026-08-23T01:18:53] METRIC throughput_pct_of_max=66.475
[2026-08-23T01:18:53] RUN_END status=OK
