[2026-08-23T05:11:45] RUN_START run_id=SCALE_C_CCNlite_100_046
[2026-08-23T05:11:45] PARAM implementation=CCNlite
[2026-08-23T05:11:45] METRIC concurrent_clients=100
[2026-08-23T05:11:45] METRIC throughput_pct_of_max=80.57
[2026-08-23T05:11:45] RUN_END status=OK
[2026-08-23T05:14:18] RUN_START run_id=SCALE_C_CCNlite_100_047
[2026-08-23T05:14:18] PARAM implementation=CCNlite
[2026-08-23T05:14:18] METRIC concurrent_clients=100
[2026-08-23T05:14:18] METRIC throughput_pct_of_max=76.221
[2026-08-23T05:14:18] RUN_END status=OK
[2026-08-23T05:14:42] RUN_START run_id=SCALE_C_CCNlite_100_048
[2026-08-23T05:14:42] PARAM implementation=CCNlite
[2026-08-23T05:14:42] METRIC concurrent_clients=100
[2026-08-23T05:14:42] METRIC throughput_pct_of_max=79.853
[2026-08-23T05:14:42] RUN_END status=OK
[2026-08-23T05:15:48] RUN_START run_id=SCALE_C_CCNlite_100_049
[2026-08-23T05:15:48] PARAM implementation=CCNlite
[2026-08-23T05:15:48] METRIC concurrent_clients=100
[2026-08-23T05:15:48] METRIC throughput_pct_of_max=79.787
[2026-08-23T05:15:48] RUN_END status=OK
[2026-08-23T05:17:25] RUN_START run_id=SCALE_C_CCNlite_100_050
[2026-08-23T05:17:25] PARAM implementation=CCNlite
[2026-08-23T05:17:25] METRIC concurrent_clients=100
[2026-08-23T05:17:25] METRIC throughput_pct_of_max=79.98
[2026-08-23T05:17:25] RUN_END status=OK
[2026-08-23T05:18:56] RUN_START run_id=SCALE_C_CCNlite_100_051
[2026-08-23T05:18:56] PARAM implementation=CCNlite
[2026-08-23T05:18:56] METRIC concurrent_clients=100
[2026-08-23T05:18:56] METRIC throughput_pct_of_max=77.272
[2026-08-23T05:18:56] RUN_END status=OK
[2026-08-23T05:19:54] RUN_START run_id=07_scalability_clients_DISCARDED_0147
[2026-08-23T05:19:54] RUN_ABORTED reason=trex_controller_reset: TRex stateful-engine control connection dropped mid-run before steady-state throughput reached
[2026-08-23T05:20:12] RUN_START run_id=SCALE_C_CCNlite_100_052
[2026-08-23T05:20:12] PARAM implementation=CCNlite
[2026-08-23T05:20:12] METRIC concurrent_clients=100
[2026-08-23T05:20:12] METRIC throughput_pct_of_max=79.305
[2026-08-23T05:20:12] RUN_END status=OK
[2026-08-23T05:23:23] RUN_START run_id=SCALE_C_CCNlite_100_053
[2026-08-23T05:23:23] PARAM implementation=CCNlite
[2026-08-23T05:23:23] METRIC concurrent_clients=100
[2026-08-23T05:23:23] METRIC throughput_pct_of_max=80.369
[2026-08-23T05:23:23] RUN_END status=OK
[2026-08-23T05:24:28] RUN_START run_id=SCALE_C_CCNlite_100_054
[2026-08-23T05:24:28] PARAM implementation=CCNlite
[2026-08-23T05:24:28] METRIC concurrent_clients=100
[2026-08-23T05:24:28] METRIC throughput_pct_of_max=79.645
[2026-08-23T05:24:28] RUN_END status=OK
[2026-08-23T05:25:13] RUN_START run_id=SCALE_C_CCNlite_100_055
[2026-08-23T05:25:13] PARAM implementation=CCNlite
[2026-08-23T05:25:13] METRIC concurrent_clients=100
[2026-08-23T05:25:13] METRIC throughput_pct_of_max=83.877
[2026-08-23T05:25:13] RUN_END status=OK
[2026-08-23T05:27:15] RUN_START run_id=SCALE_C_CCNlite_100_056
[2026-08-23T05:27:15] PARAM implementation=CCNlite
[2026-08-23T05:27:15] METRIC concurrent_clients=100
[2026-08-23T05:27:15] METRIC throughput_pct_of_max=77.194
[2026-08-23T05:27:15] RUN_END status=OK
[2026-08-23T05:29:22] RUN_START run_id=SCALE_C_CCNlite_100_057
[2026-08-23T05:29:22] PARAM implementation=CCNlite
[2026-08-23T05:29:22] METRIC concurrent_clients=100
[2026-08-23T05:29:22] METRIC throughput_pct_of_max=82.283
[2026-08-23T05:29:22] RUN_END status=OK
[2026-08-23T05:30:54] RUN_START run_id=SCALE_C_CCNlite_100_058
[2026-08-23T05:30:54] PARAM implementation=CCNlite
[2026-08-23T05:30:54] METRIC concurrent_clients=100
[2026-08-23T05:30:54] METRIC throughput_pct_of_max=82.353
[2026-08-23T05:30:54] RUN_END status=OK
[2026-08-23T09:17:31] RUN_START run_id=SCALE_C_CCNlite_10_140
[2026-08-23T09:17:31] PARAM implementation=CCNlite
[2026-08-23T09:17:31] METRIC concurrent_clients=10
[2026-08-23T09:17:31] METRIC throughput_pct_of_max=100.0
[2026-08-23T09:17:31] RUN_END status=OK
[2026-08-23T09:19:36] RUN_START run_id=SCALE_C_CCNlite_10_141
[2026-08-23T09:19:36] PARAM implementation=CCNlite
[2026-08-23T09:19:36] METRIC concurrent_clients=10
[2026-08-23T09:19:36] METRIC throughput_pct_of_max=100.0
[2026-08-23T09:19:36] RUN_END status=OK
