[2026-08-20T16:30:02] RUN_START run_id=SCALE_C_CCNlite_10_053
[2026-08-20T16:30:02] PARAM implementation=CCNlite
[2026-08-20T16:30:02] METRIC concurrent_clients=10
[2026-08-20T16:30:02] METRIC throughput_pct_of_max=100.0
[2026-08-20T16:30:02] RUN_END status=OK
[2026-08-20T16:32:41] RUN_START run_id=SCALE_C_PythonNDN_100_129
[2026-08-20T16:32:41] PARAM implementation=PythonNDN
[2026-08-20T16:32:41] METRIC concurrent_clients=100
[2026-08-20T16:32:41] METRIC throughput_pct_of_max=66.397
[2026-08-20T16:32:41] RUN_END status=OK
[2026-08-20T16:33:18] RUN_START run_id=SCALE_C_CCNlite_10_054
[2026-08-20T16:33:18] PARAM implementation=CCNlite
[2026-08-20T16:33:18] METRIC concurrent_clients=10
[2026-08-20T16:33:18] METRIC throughput_pct_of_max=100.0
[2026-08-20T16:33:18] RUN_END status=OK
[2026-08-20T16:34:15] RUN_START run_id=SCALE_C_PythonNDN_100_130
[2026-08-20T16:34:15] PARAM implementation=PythonNDN
[2026-08-20T16:34:15] METRIC concurrent_clients=100
[2026-08-20T16:34:15] METRIC throughput_pct_of_max=65.095
[2026-08-20T16:34:15] RUN_END status=OK
[2026-08-20T16:35:52] RUN_START run_id=SCALE_C_CCNlite_10_055
[2026-08-20T16:35:52] PARAM implementation=CCNlite
[2026-08-20T16:35:52] METRIC concurrent_clients=10
[2026-08-20T16:35:52] METRIC throughput_pct_of_max=97.745
[2026-08-20T16:35:52] RUN_END status=OK
[2026-08-20T16:37:07] RUN_START run_id=SCALE_C_PythonNDN_100_131
[2026-08-20T16:37:07] PARAM implementation=PythonNDN
[2026-08-20T16:37:07] METRIC concurrent_clients=100
[2026-08-20T16:37:07] METRIC throughput_pct_of_max=66.257
[2026-08-20T16:37:07] RUN_END status=OK
[2026-08-20T16:37:28] RUN_START run_id=SCALE_C_CCNlite_10_056
[2026-08-20T16:37:28] PARAM implementation=CCNlite
[2026-08-20T16:37:28] METRIC concurrent_clients=10
[2026-08-20T16:37:28] METRIC throughput_pct_of_max=100.0
[2026-08-20T16:37:28] RUN_END status=OK
[2026-08-20T16:39:16] RUN_START run_id=SCALE_C_CCNlite_10_057
[2026-08-20T16:39:16] PARAM implementation=CCNlite
[2026-08-20T16:39:16] METRIC concurrent_clients=10
[2026-08-20T16:39:16] METRIC throughput_pct_of_max=97.663
[2026-08-20T16:39:16] RUN_END status=OK
[2026-08-20T16:39:43] RUN_START run_id=SCALE_C_PythonNDN_100_132
[2026-08-20T16:39:43] PARAM implementation=PythonNDN
[2026-08-20T16:39:43] METRIC concurrent_clients=100
[2026-08-20T16:39:43] METRIC throughput_pct_of_max=68.83
[2026-08-20T16:39:43] RUN_END status=OK
[2026-08-20T16:41:27] RUN_START run_id=SCALE_C_PythonNDN_100_133
[2026-08-20T16:41:27] PARAM implementation=PythonNDN
[2026-08-20T16:41:27] METRIC concurrent_clients=100
[2026-08-20T16:41:27] METRIC throughput_pct_of_max=64.338
[2026-08-20T16:41:27] RUN_END status=OK
[2026-08-20T16:43:11] RUN_START run_id=SCALE_C_CCNlite_10_058
[2026-08-20T16:43:11] PARAM implementation=CCNlite
[2026-08-20T16:43:11] METRIC concurrent_clients=10
[2026-08-20T16:43:11] METRIC throughput_pct_of_max=98.314
[2026-08-20T16:43:11] RUN_END status=OK
[2026-08-20T16:43:53] RUN_START run_id=SCALE_C_CCNlite_10_059
[2026-08-20T16:43:53] PARAM implementation=CCNlite
[2026-08-20T16:43:53] METRIC concurrent_clients=10
[2026-08-20T16:43:53] METRIC throughput_pct_of_max=98.264
[2026-08-20T16:43:53] RUN_END status=OK
[2026-08-20T16:44:01] RUN_START run_id=SCALE_C_PythonNDN_100_134
[2026-08-20T16:44:01] PARAM implementation=PythonNDN
[2026-08-20T16:44:01] METRIC concurrent_clients=100
[2026-08-20T16:44:01] METRIC throughput_pct_of_max=66.279
[2026-08-20T16:44:01] RUN_END status=OK
[2026-08-20T16:44:25] RUN_START run_id=SCALE_C_CCNlite_10_060
[2026-08-20T16:44:25] PARAM implementation=CCNlite
[2026-08-20T16:44:25] METRIC concurrent_clients=10
[2026-08-20T16:44:25] METRIC throughput_pct_of_max=94.464
[2026-08-20T16:44:25] RUN_END status=OK
[2026-08-20T16:45:13] RUN_START run_id=SCALE_C_PythonNDN_100_135
[2026-08-20T16:45:13] PARAM implementation=PythonNDN
[2026-08-20T16:45:13] METRIC concurrent_clients=100
[2026-08-20T16:45:13] METRIC throughput_pct_of_max=61.889
[2026-08-20T16:45:13] RUN_END status=OK
[2026-08-20T16:45:28] RUN_START run_id=SCALE_C_CCNlite_10_061
[2026-08-20T16:45:28] PARAM implementation=CCNlite
[2026-08-20T16:45:28] METRIC concurrent_clients=10
[2026-08-20T16:45:28] METRIC throughput_pct_of_max=95.154
[2026-08-20T16:45:28] RUN_END status=OK
