[2026-08-20T09:01:46] RUN_START run_id=SCALE_C_PythonNDN_50_058
[2026-08-20T09:01:46] PARAM implementation=PythonNDN
[2026-08-20T09:01:46] METRIC concurrent_clients=50
[2026-08-20T09:01:46] METRIC throughput_pct_of_max=87.906
[2026-08-20T09:01:46] RUN_END status=OK
[2026-08-20T09:06:46] RUN_START run_id=SCALE_C_PythonNDN_50_059
[2026-08-20T09:06:46] PARAM implementation=PythonNDN
[2026-08-20T09:06:46] METRIC concurrent_clients=50
[2026-08-20T09:06:46] METRIC throughput_pct_of_max=83.213
[2026-08-20T09:06:46] RUN_END status=OK
[2026-08-20T09:08:48] RUN_START run_id=SCALE_C_PythonNDN_50_060
[2026-08-20T09:08:48] PARAM implementation=PythonNDN
[2026-08-20T09:08:48] METRIC concurrent_clients=50
[2026-08-20T09:08:48] METRIC throughput_pct_of_max=83.075
[2026-08-20T09:08:48] RUN_END status=OK
[2026-08-20T09:09:34] RUN_START run_id=SCALE_C_PythonNDN_50_061
[2026-08-20T09:09:34] PARAM implementation=PythonNDN
[2026-08-20T09:09:34] METRIC concurrent_clients=50
[2026-08-20T09:09:34] METRIC throughput_pct_of_max=83.106
[2026-08-20T09:09:34] RUN_END status=OK
[2026-08-20T09:11:40] RUN_START run_id=SCALE_C_PythonNDN_50_062
[2026-08-20T09:11:40] PARAM implementation=PythonNDN
[2026-08-20T09:11:40] METRIC concurrent_clients=50
[2026-08-20T09:11:40] METRIC throughput_pct_of_max=82.681
[2026-08-20T09:11:40] RUN_END status=OK
[2026-08-20T09:12:52] RUN_START run_id=SCALE_C_PythonNDN_50_063
[2026-08-20T09:12:52] PARAM implementation=PythonNDN
[2026-08-20T09:12:52] METRIC concurrent_clients=50
[2026-08-20T09:12:52] METRIC throughput_pct_of_max=82.446
[2026-08-20T09:12:52] RUN_END status=OK
[2026-08-20T09:13:46] RUN_START run_id=SCALE_C_PythonNDN_50_064
[2026-08-20T09:13:46] PARAM implementation=PythonNDN
[2026-08-20T09:13:46] METRIC concurrent_clients=50
[2026-08-20T09:13:46] METRIC throughput_pct_of_max=85.04
[2026-08-20T09:13:46] RUN_END status=OK
[2026-08-20T09:15:43] RUN_START run_id=SCALE_C_PythonNDN_50_065
[2026-08-20T09:15:43] PARAM implementation=PythonNDN
[2026-08-20T09:15:43] METRIC concurrent_clients=50
[2026-08-20T09:15:43] METRIC throughput_pct_of_max=83.635
[2026-08-20T09:15:43] RUN_END status=OK
[2026-08-20T09:18:14] RUN_START run_id=SCALE_C_PythonNDN_50_066
[2026-08-20T09:18:14] PARAM implementation=PythonNDN
[2026-08-20T09:18:14] METRIC concurrent_clients=50
[2026-08-20T09:18:14] METRIC throughput_pct_of_max=90.159
[2026-08-20T09:18:14] RUN_END status=OK
[2026-08-20T09:19:23] RUN_START run_id=SCALE_C_PythonNDN_50_067
[2026-08-20T09:19:23] PARAM implementation=PythonNDN
[2026-08-20T09:19:23] METRIC concurrent_clients=50
[2026-08-20T09:19:23] METRIC throughput_pct_of_max=85.851
[2026-08-20T09:19:23] RUN_END status=OK
[2026-08-20T09:25:08] RUN_START run_id=SCALE_C_PythonNDN_50_068
[2026-08-20T09:25:08] PARAM implementation=PythonNDN
[2026-08-20T09:25:08] METRIC concurrent_clients=50
[2026-08-20T09:25:08] METRIC throughput_pct_of_max=83.313
[2026-08-20T09:25:08] RUN_END status=OK
[2026-08-20T09:30:11] RUN_START run_id=SCALE_C_PythonNDN_50_069
[2026-08-20T09:30:11] PARAM implementation=PythonNDN
[2026-08-20T09:30:11] METRIC concurrent_clients=50
[2026-08-20T09:30:11] METRIC throughput_pct_of_max=85.332
[2026-08-20T09:30:11] RUN_END status=OK
[2026-08-20T09:31:03] RUN_START run_id=SCALE_C_PythonNDN_50_070
[2026-08-20T09:31:03] PARAM implementation=PythonNDN
[2026-08-20T09:31:03] METRIC concurrent_clients=50
[2026-08-20T09:31:03] METRIC throughput_pct_of_max=81.552
[2026-08-20T09:31:03] RUN_END status=OK
[2026-08-20T09:32:05] RUN_START run_id=SCALE_C_PythonNDN_50_071
[2026-08-20T09:32:05] PARAM implementation=PythonNDN
[2026-08-20T09:32:05] METRIC concurrent_clients=50
[2026-08-20T09:32:05] METRIC throughput_pct_of_max=79.426
[2026-08-20T09:32:05] RUN_END status=OK
[2026-08-20T09:35:46] RUN_START run_id=SCALE_C_PythonNDN_50_072
[2026-08-20T09:35:46] PARAM implementation=PythonNDN
[2026-08-20T09:35:46] METRIC concurrent_clients=50
[2026-08-20T09:35:46] METRIC throughput_pct_of_max=89.492
[2026-08-20T09:35:46] RUN_END status=OK
[2026-08-20T09:36:54] RUN_START run_id=SCALE_C_PythonNDN_50_073
[2026-08-20T09:36:54] PARAM implementation=PythonNDN
[2026-08-20T09:36:54] METRIC concurrent_clients=50
[2026-08-20T09:36:54] METRIC throughput_pct_of_max=86.421
[2026-08-20T09:36:54] RUN_END status=OK
