[2026-08-25T07:05:55] RUN_START run_id=SCALE_C_NFD_500_150
[2026-08-25T07:05:55] PARAM implementation=NFD
[2026-08-25T07:05:55] METRIC concurrent_clients=500
[2026-08-25T07:05:55] METRIC throughput_pct_of_max=67.87
[2026-08-25T07:05:55] RUN_END status=OK
[2026-08-25T14:45:31] RUN_START run_id=SCALE_C_CCNlite_50_028
[2026-08-25T14:45:31] PARAM implementation=CCNlite
[2026-08-25T14:45:31] METRIC concurrent_clients=50
[2026-08-25T14:45:31] METRIC throughput_pct_of_max=94.206
[2026-08-25T14:45:31] RUN_END status=OK
[2026-08-25T14:46:53] RUN_START run_id=SCALE_C_CCNlite_50_029
[2026-08-25T14:46:53] PARAM implementation=CCNlite
[2026-08-25T14:46:53] METRIC concurrent_clients=50
[2026-08-25T14:46:53] METRIC throughput_pct_of_max=88.9
[2026-08-25T14:46:53] RUN_END status=OK
[2026-08-25T14:47:11] RUN_START run_id=SCALE_C_CCNlite_50_030
[2026-08-25T14:47:11] PARAM implementation=CCNlite
[2026-08-25T14:47:11] METRIC concurrent_clients=50
[2026-08-25T14:47:11] METRIC throughput_pct_of_max=90.684
[2026-08-25T14:47:11] RUN_END status=OK
[2026-08-25T14:48:29] RUN_START run_id=SCALE_C_CCNlite_50_031
[2026-08-25T14:48:29] PARAM implementation=CCNlite
[2026-08-25T14:48:29] METRIC concurrent_clients=50
[2026-08-25T14:48:29] METRIC throughput_pct_of_max=89.357
[2026-08-25T14:48:29] RUN_END status=OK
[2026-08-25T14:52:13] RUN_START run_id=SCALE_C_CCNlite_50_032
[2026-08-25T14:52:13] PARAM implementation=CCNlite
[2026-08-25T14:52:13] METRIC concurrent_clients=50
[2026-08-25T14:52:13] METRIC throughput_pct_of_max=84.237
[2026-08-25T14:52:13] RUN_END status=OK
[2026-08-25T14:57:41] RUN_START run_id=SCALE_C_CCNlite_50_033
[2026-08-25T14:57:41] PARAM implementation=CCNlite
[2026-08-25T14:57:41] METRIC concurrent_clients=50
[2026-08-25T14:57:41] METRIC throughput_pct_of_max=90.073
[2026-08-25T14:57:41] RUN_END status=OK
[2026-08-25T14:59:13] RUN_START run_id=SCALE_C_CCNlite_50_034
[2026-08-25T14:59:13] PARAM implementation=CCNlite
[2026-08-25T14:59:13] METRIC concurrent_clients=50
[2026-08-25T14:59:13] METRIC throughput_pct_of_max=94.812
[2026-08-25T14:59:13] RUN_END status=OK
[2026-08-25T15:00:00] RUN_START run_id=SCALE_C_CCNlite_50_035
[2026-08-25T15:00:00] PARAM implementation=CCNlite
[2026-08-25T15:00:00] METRIC concurrent_clients=50
[2026-08-25T15:00:00] METRIC throughput_pct_of_max=96.476
[2026-08-25T15:00:00] RUN_END status=OK
[2026-08-25T15:02:20] RUN_START run_id=SCALE_C_CCNlite_50_036
[2026-08-25T15:02:20] PARAM implementation=CCNlite
[2026-08-25T15:02:20] METRIC concurrent_clients=50
[2026-08-25T15:02:20] METRIC throughput_pct_of_max=81.905
[2026-08-25T15:02:20] RUN_END status=OK
[2026-08-25T15:05:44] RUN_START run_id=SCALE_C_CCNlite_50_037
[2026-08-25T15:05:44] PARAM implementation=CCNlite
[2026-08-25T15:05:44] METRIC concurrent_clients=50
[2026-08-25T15:05:44] METRIC throughput_pct_of_max=93.853
[2026-08-25T15:05:44] RUN_END status=OK
[2026-08-25T15:08:09] RUN_START run_id=SCALE_C_CCNlite_50_038
[2026-08-25T15:08:09] PARAM implementation=CCNlite
[2026-08-25T15:08:09] METRIC concurrent_clients=50
[2026-08-25T15:08:09] METRIC throughput_pct_of_max=90.155
[2026-08-25T15:08:09] RUN_END status=OK
[2026-08-25T15:10:01] RUN_START run_id=SCALE_C_CCNlite_50_039
[2026-08-25T15:10:01] PARAM implementation=CCNlite
[2026-08-25T15:10:01] METRIC concurrent_clients=50
[2026-08-25T15:10:01] METRIC throughput_pct_of_max=89.109
[2026-08-25T15:10:01] RUN_END status=OK
[2026-08-25T15:14:03] RUN_START run_id=SCALE_C_CCNlite_50_040
[2026-08-25T15:14:03] PARAM implementation=CCNlite
[2026-08-25T15:14:03] METRIC concurrent_clients=50
[2026-08-25T15:14:03] METRIC throughput_pct_of_max=91.235
[2026-08-25T15:14:03] RUN_END status=OK
[2026-08-25T15:17:41] RUN_START run_id=SCALE_C_CCNlite_500_101
[2026-08-25T15:17:41] PARAM implementation=CCNlite
[2026-08-25T15:17:41] METRIC concurrent_clients=500
[2026-08-25T15:17:41] METRIC throughput_pct_of_max=65.938
[2026-08-25T15:17:41] RUN_END status=OK
[2026-08-25T15:18:02] RUN_START run_id=SCALE_C_CCNlite_50_041
[2026-08-25T15:18:02] PARAM implementation=CCNlite
[2026-08-25T15:18:02] METRIC concurrent_clients=50
[2026-08-25T15:18:02] METRIC throughput_pct_of_max=89.494
[2026-08-25T15:18:02] RUN_END status=OK
[2026-08-25T15:19:15] RUN_START run_id=SCALE_C_CCNlite_50_042
[2026-08-25T15:19:15] PARAM implementation=CCNlite
[2026-08-25T15:19:15] METRIC concurrent_clients=50
[2026-08-25T15:19:15] METRIC throughput_pct_of_max=87.646
[2026-08-25T15:19:15] RUN_END status=OK
[2026-08-25T15:19:20] RUN_START run_id=SCALE_C_CCNlite_500_102
[2026-08-25T15:19:20] PARAM implementation=CCNlite
[2026-08-25T15:19:20] METRIC concurrent_clients=500
[2026-08-25T15:19:20] METRIC throughput_pct_of_max=64.743
[2026-08-25T15:19:20] RUN_END status=OK
[2026-08-25T15:20:18] RUN_START run_id=SCALE_C_CCNlite_50_043
[2026-08-25T15:20:18] PARAM implementation=CCNlite
[2026-08-25T15:20:18] METRIC concurrent_clients=50
[2026-08-25T15:20:18] METRIC throughput_pct_of_max=85.606
[2026-08-25T15:20:18] RUN_END status=OK
[2026-08-25T15:21:27] RUN_START run_id=SCALE_C_CCNlite_50_044
[2026-08-25T15:21:27] PARAM implementation=CCNlite
[2026-08-25T15:21:27] METRIC concurrent_clients=50
[2026-08-25T15:21:27] METRIC throughput_pct_of_max=90.174
[2026-08-25T15:21:27] RUN_END status=OK
