[2026-08-22T20:01:51] RUN_START run_id=SCALE_C_PythonNDN_50_140
[2026-08-22T20:01:51] PARAM implementation=PythonNDN
[2026-08-22T20:01:51] METRIC concurrent_clients=50
[2026-08-22T20:01:51] METRIC throughput_pct_of_max=83.085
[2026-08-22T20:01:51] RUN_END status=OK
[2026-08-22T20:03:01] RUN_START run_id=SCALE_C_PythonNDN_5000_067
[2026-08-22T20:03:01] PARAM implementation=PythonNDN
[2026-08-22T20:03:01] METRIC concurrent_clients=5000
[2026-08-22T20:03:01] METRIC throughput_pct_of_max=9.685
[2026-08-22T20:03:01] RUN_END status=OK
[2026-08-22T20:03:25] RUN_START run_id=SCALE_C_PythonNDN_50_141
[2026-08-22T20:03:25] PARAM implementation=PythonNDN
[2026-08-22T20:03:25] METRIC concurrent_clients=50
[2026-08-22T20:03:25] METRIC throughput_pct_of_max=87.267
[2026-08-22T20:03:25] RUN_END status=OK
[2026-08-22T20:04:27] RUN_START run_id=SCALE_C_PythonNDN_50_142
[2026-08-22T20:04:27] PARAM implementation=PythonNDN
[2026-08-22T20:04:27] METRIC concurrent_clients=50
[2026-08-22T20:04:27] METRIC throughput_pct_of_max=88.918
[2026-08-22T20:04:27] RUN_END status=OK
[2026-08-22T20:05:48] RUN_START run_id=SCALE_C_PythonNDN_5000_068
[2026-08-22T20:05:48] PARAM implementation=PythonNDN
[2026-08-22T20:05:48] METRIC concurrent_clients=5000
[2026-08-22T20:05:48] METRIC throughput_pct_of_max=9.848
[2026-08-22T20:05:48] RUN_END status=OK
[2026-08-22T20:07:34] RUN_START run_id=SCALE_C_PythonNDN_5000_069
[2026-08-22T20:07:34] PARAM implementation=PythonNDN
[2026-08-22T20:07:34] METRIC concurrent_clients=5000
[2026-08-22T20:07:34] METRIC throughput_pct_of_max=10.476
[2026-08-22T20:07:34] RUN_END status=OK
[2026-08-22T20:07:43] RUN_START run_id=SCALE_C_PythonNDN_50_143
[2026-08-22T20:07:43] PARAM implementation=PythonNDN
[2026-08-22T20:07:43] METRIC concurrent_clients=50
[2026-08-22T20:07:43] METRIC throughput_pct_of_max=88.145
[2026-08-22T20:07:43] RUN_END status=OK
[2026-08-22T20:09:22] RUN_START run_id=SCALE_C_PythonNDN_5000_070
[2026-08-22T20:09:22] PARAM implementation=PythonNDN
[2026-08-22T20:09:22] METRIC concurrent_clients=5000
[2026-08-22T20:09:22] METRIC throughput_pct_of_max=10.523
[2026-08-22T20:09:22] RUN_END status=OK
[2026-08-22T20:10:20] RUN_START run_id=SCALE_C_PythonNDN_50_144
[2026-08-22T20:10:20] PARAM implementation=PythonNDN
[2026-08-22T20:10:20] METRIC concurrent_clients=50
[2026-08-22T20:10:20] METRIC throughput_pct_of_max=89.284
[2026-08-22T20:10:20] RUN_END status=OK
[2026-08-22T20:11:00] RUN_START run_id=SCALE_C_PythonNDN_5000_071
[2026-08-22T20:11:00] PARAM implementation=PythonNDN
[2026-08-22T20:11:00] METRIC concurrent_clients=5000
[2026-08-22T20:11:00] METRIC throughput_pct_of_max=9.147
[2026-08-22T20:11:00] RUN_END status=OK
