[2026-08-22T15:25:34] RUN_START run_id=SCALE_C_NFD_500_076
[2026-08-22T15:25:34] PARAM implementation=NFD
[2026-08-22T15:25:34] METRIC concurrent_clients=500
[2026-08-22T15:25:34] METRIC throughput_pct_of_max=71.207
[2026-08-22T15:25:34] RUN_END status=OK
[2026-08-22T15:26:53] RUN_START run_id=SCALE_C_NFD_500_077
[2026-08-22T15:26:53] PARAM implementation=NFD
[2026-08-22T15:26:53] METRIC concurrent_clients=500
[2026-08-22T15:26:53] METRIC throughput_pct_of_max=65.18
[2026-08-22T15:26:53] RUN_END status=OK
[2026-08-22T15:28:54] RUN_START run_id=SCALE_C_NFD_500_078
[2026-08-22T15:28:54] PARAM implementation=NFD
[2026-08-22T15:28:54] METRIC concurrent_clients=500
[2026-08-22T15:28:54] METRIC throughput_pct_of_max=63.228
[2026-08-22T15:28:54] RUN_END status=OK
[2026-08-22T15:31:41] RUN_START run_id=SCALE_C_NFD_500_079
[2026-08-22T15:31:41] PARAM implementation=NFD
[2026-08-22T15:31:41] METRIC concurrent_clients=500
[2026-08-22T15:31:41] METRIC throughput_pct_of_max=68.185
[2026-08-22T15:31:41] RUN_END status=OK
[2026-08-22T15:34:34] RUN_START run_id=SCALE_C_NFD_500_080
[2026-08-22T15:34:34] PARAM implementation=NFD
[2026-08-22T15:34:34] METRIC concurrent_clients=500
[2026-08-22T15:34:34] METRIC throughput_pct_of_max=66.845
[2026-08-22T15:34:34] RUN_END status=OK
[2026-08-22T15:36:21] RUN_START run_id=SCALE_C_NFD_500_081
[2026-08-22T15:36:21] PARAM implementation=NFD
[2026-08-22T15:36:21] METRIC concurrent_clients=500
[2026-08-22T15:36:21] METRIC throughput_pct_of_max=67.312
[2026-08-22T15:36:21] RUN_END status=OK
[2026-08-22T15:41:13] RUN_START run_id=SCALE_C_NFD_500_082
[2026-08-22T15:41:13] PARAM implementation=NFD
[2026-08-22T15:41:13] METRIC concurrent_clients=500
[2026-08-22T15:41:13] METRIC throughput_pct_of_max=71.376
[2026-08-22T15:41:13] RUN_END status=OK
[2026-08-22T17:13:23] RUN_START run_id=SCALE_C_NFD_100_067
[2026-08-22T17:13:23] PARAM implementation=NFD
[2026-08-22T17:13:23] METRIC concurrent_clients=100
[2026-08-22T17:13:23] METRIC throughput_pct_of_max=74.565
[2026-08-22T17:13:23] RUN_END status=OK
[2026-08-22T17:15:31] RUN_START run_id=SCALE_C_NFD_100_068
[2026-08-22T17:15:31] PARAM implementation=NFD
[2026-08-22T17:15:31] METRIC concurrent_clients=100
[2026-08-22T17:15:31] METRIC throughput_pct_of_max=76.651
[2026-08-22T17:15:31] RUN_END status=OK
[2026-08-22T17:16:38] RUN_START run_id=SCALE_C_NFD_100_069
[2026-08-22T17:16:38] PARAM implementation=NFD
[2026-08-22T17:16:38] METRIC concurrent_clients=100
[2026-08-22T17:16:38] METRIC throughput_pct_of_max=77.459
[2026-08-22T17:16:38] RUN_END status=OK
[2026-08-22T17:20:05] RUN_START run_id=SCALE_C_NFD_100_070
[2026-08-22T17:20:05] PARAM implementation=NFD
[2026-08-22T17:20:05] METRIC concurrent_clients=100
[2026-08-22T17:20:05] METRIC throughput_pct_of_max=82.623
[2026-08-22T17:20:05] RUN_END status=OK
[2026-08-22T17:21:11] RUN_START run_id=SCALE_C_NFD_100_071
[2026-08-22T17:21:11] PARAM implementation=NFD
[2026-08-22T17:21:11] METRIC concurrent_clients=100
[2026-08-22T17:21:11] METRIC throughput_pct_of_max=78.163
[2026-08-22T17:21:11] RUN_END status=OK
[2026-08-22T17:22:37] RUN_START run_id=SCALE_C_NFD_100_072
[2026-08-22T17:22:37] PARAM implementation=NFD
[2026-08-22T17:22:37] METRIC concurrent_clients=100
[2026-08-22T17:22:37] METRIC throughput_pct_of_max=78.434
[2026-08-22T17:22:37] RUN_END status=OK
[2026-08-22T17:24:54] RUN_START run_id=SCALE_C_NFD_100_073
[2026-08-22T17:24:54] PARAM implementation=NFD
[2026-08-22T17:24:54] METRIC concurrent_clients=100
[2026-08-22T17:24:54] METRIC throughput_pct_of_max=80.314
[2026-08-22T17:24:54] RUN_END status=OK
[2026-08-22T17:25:47] RUN_START run_id=SCALE_C_NFD_100_074
[2026-08-22T17:25:47] PARAM implementation=NFD
[2026-08-22T17:25:47] METRIC concurrent_clients=100
[2026-08-22T17:25:47] METRIC throughput_pct_of_max=75.602
[2026-08-22T17:25:47] RUN_END status=OK
[2026-08-22T17:30:46] RUN_START run_id=SCALE_C_NFD_100_075
[2026-08-22T17:30:46] PARAM implementation=NFD
[2026-08-22T17:30:46] METRIC concurrent_clients=100
[2026-08-22T17:30:46] METRIC throughput_pct_of_max=75.108
[2026-08-22T17:30:46] RUN_END status=OK
