[2026-08-22T09:37:26] RUN_START run_id=SCALE_C_uDCN_1000_123
[2026-08-22T09:37:26] PARAM implementation=uDCN
[2026-08-22T09:37:26] METRIC concurrent_clients=1000
[2026-08-22T09:37:26] METRIC throughput_pct_of_max=96.383
[2026-08-22T09:37:26] RUN_END status=OK
[2026-08-22T09:38:05] RUN_START run_id=SCALE_C_CCNlite_500_017
[2026-08-22T09:38:05] PARAM implementation=CCNlite
[2026-08-22T09:38:05] METRIC concurrent_clients=500
[2026-08-22T09:38:05] METRIC throughput_pct_of_max=67.709
[2026-08-22T09:38:05] RUN_END status=OK
[2026-08-22T09:39:05] RUN_START run_id=SCALE_C_uDCN_1000_124
[2026-08-22T09:39:05] PARAM implementation=uDCN
[2026-08-22T09:39:05] METRIC concurrent_clients=1000
[2026-08-22T09:39:05] METRIC throughput_pct_of_max=90.615
[2026-08-22T09:39:05] RUN_END status=OK
[2026-08-22T09:39:54] RUN_START run_id=SCALE_C_PythonNDN_5000_015
[2026-08-22T09:39:54] PARAM implementation=PythonNDN
[2026-08-22T09:39:54] METRIC concurrent_clients=5000
[2026-08-22T09:39:54] METRIC throughput_pct_of_max=9.84
[2026-08-22T09:39:54] RUN_END status=OK
[2026-08-22T09:41:25] RUN_START run_id=SCALE_C_PythonNDN_5000_016
[2026-08-22T09:41:25] PARAM implementation=PythonNDN
[2026-08-22T09:41:25] METRIC concurrent_clients=5000
[2026-08-22T09:41:25] METRIC throughput_pct_of_max=9.573
[2026-08-22T09:41:25] RUN_END status=OK
[2026-08-22T09:41:31] RUN_START run_id=SCALE_C_CCNlite_500_018
[2026-08-22T09:41:31] PARAM implementation=CCNlite
[2026-08-22T09:41:31] METRIC concurrent_clients=500
[2026-08-22T09:41:31] METRIC throughput_pct_of_max=66.231
[2026-08-22T09:41:31] RUN_END status=OK
[2026-08-22T09:43:13] RUN_START run_id=SCALE_C_PythonNDN_5000_017
[2026-08-22T09:43:13] PARAM implementation=PythonNDN
[2026-08-22T09:43:13] METRIC concurrent_clients=5000
[2026-08-22T09:43:13] METRIC throughput_pct_of_max=10.295
[2026-08-22T09:43:13] RUN_END status=OK
[2026-08-22T09:44:23] RUN_START run_id=07_scalability_clients_DISCARDED_0129
[2026-08-22T09:44:23] RUN_ABORTED reason=trex_controller_reset: TRex stateful-engine control connection dropped mid-run before steady-state throughput reached
[2026-08-22T09:45:36] RUN_START run_id=SCALE_C_CCNlite_500_019
[2026-08-22T09:45:36] PARAM implementation=CCNlite
[2026-08-22T09:45:36] METRIC concurrent_clients=500
[2026-08-22T09:45:36] METRIC throughput_pct_of_max=67.888
[2026-08-22T09:45:36] RUN_END status=OK
[2026-08-22T09:46:44] RUN_START run_id=SCALE_C_PythonNDN_5000_018
[2026-08-22T09:46:44] PARAM implementation=PythonNDN
[2026-08-22T09:46:44] METRIC concurrent_clients=5000
[2026-08-22T09:46:44] METRIC throughput_pct_of_max=10.699
[2026-08-22T09:46:44] RUN_END status=OK
[2026-08-22T09:48:19] RUN_START run_id=SCALE_C_CCNlite_500_020
[2026-08-22T09:48:19] PARAM implementation=CCNlite
[2026-08-22T09:48:19] METRIC concurrent_clients=500
[2026-08-22T09:48:19] METRIC throughput_pct_of_max=68.539
[2026-08-22T09:48:19] RUN_END status=OK
[2026-08-22T09:50:05] RUN_START run_id=SCALE_C_PythonNDN_5000_019
[2026-08-22T09:50:05] PARAM implementation=PythonNDN
[2026-08-22T09:50:05] METRIC concurrent_clients=5000
[2026-08-22T09:50:05] METRIC throughput_pct_of_max=10.036
[2026-08-22T09:50:05] RUN_END status=OK
[2026-08-22T09:51:17] RUN_START run_id=SCALE_C_CCNlite_500_021
[2026-08-22T09:51:17] PARAM implementation=CCNlite
[2026-08-22T09:51:17] METRIC concurrent_clients=500
[2026-08-22T09:51:17] METRIC throughput_pct_of_max=71.223
[2026-08-22T09:51:17] RUN_END status=OK
[2026-08-22T09:52:26] RUN_START run_id=SCALE_C_PythonNDN_5000_020
[2026-08-22T09:52:26] PARAM implementation=PythonNDN
[2026-08-22T09:52:26] METRIC concurrent_clients=5000
[2026-08-22T09:52:26] METRIC throughput_pct_of_max=9.905
[2026-08-22T09:52:26] RUN_END status=OK
[2026-08-22T09:53:05] RUN_START run_id=SCALE_C_PythonNDN_5000_021
[2026-08-22T09:53:05] PARAM implementation=PythonNDN
[2026-08-22T09:53:05] METRIC concurrent_clients=5000
[2026-08-22T09:53:05] METRIC throughput_pct_of_max=9.382
[2026-08-22T09:53:05] RUN_END status=OK
[2026-08-22T09:55:05] RUN_START run_id=SCALE_C_CCNlite_500_022
[2026-08-22T09:55:05] PARAM implementation=CCNlite
[2026-08-22T09:55:05] METRIC concurrent_clients=500
[2026-08-22T09:55:05] METRIC throughput_pct_of_max=65.104
[2026-08-22T09:55:05] RUN_END status=OK
[2026-08-22T09:55:07] RUN_START run_id=SCALE_C_PythonNDN_5000_022
[2026-08-22T09:55:07] PARAM implementation=PythonNDN
[2026-08-22T09:55:07] METRIC concurrent_clients=5000
[2026-08-22T09:55:07] METRIC throughput_pct_of_max=9.897
[2026-08-22T09:55:07] RUN_END status=OK
[2026-08-22T09:57:00] RUN_START run_id=SCALE_C_PythonNDN_5000_023
[2026-08-22T09:57:00] PARAM implementation=PythonNDN
[2026-08-22T09:57:00] METRIC concurrent_clients=5000
[2026-08-22T09:57:00] METRIC throughput_pct_of_max=10.322
[2026-08-22T09:57:00] RUN_END status=OK
[2026-08-22T09:57:37] RUN_START run_id=SCALE_C_CCNlite_500_023
[2026-08-22T09:57:37] PARAM implementation=CCNlite
[2026-08-22T09:57:37] METRIC concurrent_clients=500
[2026-08-22T09:57:37] METRIC throughput_pct_of_max=72.924
[2026-08-22T09:57:37] RUN_END status=OK
[2026-08-22T10:00:32] RUN_START run_id=SCALE_C_CCNlite_500_024
[2026-08-22T10:00:32] PARAM implementation=CCNlite
[2026-08-22T10:00:32] METRIC concurrent_clients=500
[2026-08-22T10:00:32] METRIC throughput_pct_of_max=63.852
[2026-08-22T10:00:32] RUN_END status=OK
[2026-08-22T10:03:01] RUN_START run_id=SCALE_C_CCNlite_500_025
[2026-08-22T10:03:01] PARAM implementation=CCNlite
[2026-08-22T10:03:01] METRIC concurrent_clients=500
[2026-08-22T10:03:01] METRIC throughput_pct_of_max=71.157
[2026-08-22T10:03:01] RUN_END status=OK
