[2026-08-24T14:40:57] RUN_START run_id=SCALE_C_NFD_500_126
[2026-08-24T14:40:57] PARAM implementation=NFD
[2026-08-24T14:40:57] METRIC concurrent_clients=500
[2026-08-24T14:40:57] METRIC throughput_pct_of_max=70.445
[2026-08-24T14:40:57] RUN_END status=OK
[2026-08-24T14:45:16] RUN_START run_id=SCALE_C_NFD_500_127
[2026-08-24T14:45:16] PARAM implementation=NFD
[2026-08-24T14:45:16] METRIC concurrent_clients=500
[2026-08-24T14:45:16] METRIC throughput_pct_of_max=69.881
[2026-08-24T14:45:16] RUN_END status=OK
[2026-08-24T14:46:50] RUN_START run_id=SCALE_C_NFD_500_128
[2026-08-24T14:46:50] PARAM implementation=NFD
[2026-08-24T14:46:50] METRIC concurrent_clients=500
[2026-08-24T14:46:50] METRIC throughput_pct_of_max=65.848
[2026-08-24T14:46:50] RUN_END status=OK
[2026-08-24T14:49:05] RUN_START run_id=SCALE_C_NFD_500_129
[2026-08-24T14:49:05] PARAM implementation=NFD
[2026-08-24T14:49:05] METRIC concurrent_clients=500
[2026-08-24T14:49:05] METRIC throughput_pct_of_max=70.835
[2026-08-24T14:49:05] RUN_END status=OK
[2026-08-24T14:49:31] RUN_START run_id=SCALE_C_NFD_500_130
[2026-08-24T14:49:31] PARAM implementation=NFD
[2026-08-24T14:49:31] METRIC concurrent_clients=500
[2026-08-24T14:49:31] METRIC throughput_pct_of_max=67.436
[2026-08-24T14:49:31] RUN_END status=OK
[2026-08-24T14:50:34] RUN_START run_id=SCALE_C_NFD_500_131
[2026-08-24T14:50:34] PARAM implementation=NFD
[2026-08-24T14:50:34] METRIC concurrent_clients=500
[2026-08-24T14:50:34] METRIC throughput_pct_of_max=64.09
[2026-08-24T14:50:34] RUN_END status=OK
[2026-08-24T14:52:46] RUN_START run_id=SCALE_C_NFD_500_132
[2026-08-24T14:52:46] PARAM implementation=NFD
[2026-08-24T14:52:46] METRIC concurrent_clients=500
[2026-08-24T14:52:46] METRIC throughput_pct_of_max=61.168
[2026-08-24T14:52:46] RUN_END status=OK
[2026-08-24T14:57:02] RUN_START run_id=SCALE_C_NFD_500_133
[2026-08-24T14:57:02] PARAM implementation=NFD
[2026-08-24T14:57:02] METRIC concurrent_clients=500
[2026-08-24T14:57:02] METRIC throughput_pct_of_max=63.804
[2026-08-24T14:57:02] RUN_END status=OK
[2026-08-24T14:58:13] RUN_START run_id=SCALE_C_NFD_500_134
[2026-08-24T14:58:13] PARAM implementation=NFD
[2026-08-24T14:58:13] METRIC concurrent_clients=500
[2026-08-24T14:58:13] METRIC throughput_pct_of_max=66.564
[2026-08-24T14:58:13] RUN_END status=OK
[2026-08-24T14:59:43] RUN_START run_id=SCALE_C_NFD_500_135
[2026-08-24T14:59:43] PARAM implementation=NFD
[2026-08-24T14:59:43] METRIC concurrent_clients=500
[2026-08-24T14:59:43] METRIC throughput_pct_of_max=70.197
[2026-08-24T14:59:43] RUN_END status=OK
[2026-08-24T15:03:25] RUN_START run_id=SCALE_C_NFD_500_136
[2026-08-24T15:03:25] PARAM implementation=NFD
[2026-08-24T15:03:25] METRIC concurrent_clients=500
[2026-08-24T15:03:25] METRIC throughput_pct_of_max=69.992
[2026-08-24T15:03:25] RUN_END status=OK
[2026-08-24T15:05:51] RUN_START run_id=SCALE_C_NFD_500_137
[2026-08-24T15:05:51] PARAM implementation=NFD
[2026-08-24T15:05:51] METRIC concurrent_clients=500
[2026-08-24T15:05:51] METRIC throughput_pct_of_max=69.647
[2026-08-24T15:05:51] RUN_END status=OK
[2026-08-24T15:06:46] RUN_START run_id=SCALE_C_NFD_500_138
[2026-08-24T15:06:46] PARAM implementation=NFD
[2026-08-24T15:06:46] METRIC concurrent_clients=500
[2026-08-24T15:06:46] METRIC throughput_pct_of_max=63.701
[2026-08-24T15:06:46] RUN_END status=OK
[2026-08-24T15:07:21] RUN_START run_id=SCALE_C_NFD_500_139
[2026-08-24T15:07:21] PARAM implementation=NFD
[2026-08-24T15:07:21] METRIC concurrent_clients=500
[2026-08-24T15:07:21] METRIC throughput_pct_of_max=66.656
[2026-08-24T15:07:21] RUN_END status=OK
[2026-08-24T15:11:20] RUN_START run_id=SCALE_C_NFD_500_140
[2026-08-24T15:11:20] PARAM implementation=NFD
[2026-08-24T15:11:20] METRIC concurrent_clients=500
[2026-08-24T15:11:20] METRIC throughput_pct_of_max=65.954
[2026-08-24T15:11:20] RUN_END status=OK
[2026-08-24T15:14:21] RUN_START run_id=SCALE_C_NFD_500_141
[2026-08-24T15:14:21] PARAM implementation=NFD
[2026-08-24T15:14:21] METRIC concurrent_clients=500
[2026-08-24T15:14:21] METRIC throughput_pct_of_max=70.269
[2026-08-24T15:14:21] RUN_END status=OK
[2026-08-24T15:17:50] RUN_START run_id=SCALE_C_NFD_500_142
[2026-08-24T15:17:50] PARAM implementation=NFD
[2026-08-24T15:17:50] METRIC concurrent_clients=500
[2026-08-24T15:17:50] METRIC throughput_pct_of_max=66.256
[2026-08-24T15:17:50] RUN_END status=OK
[2026-08-24T15:21:45] RUN_START run_id=SCALE_C_NFD_500_143
[2026-08-24T15:21:45] PARAM implementation=NFD
[2026-08-24T15:21:45] METRIC concurrent_clients=500
[2026-08-24T15:21:45] METRIC throughput_pct_of_max=65.502
[2026-08-24T15:21:45] RUN_END status=OK
