[2026-08-20T16:46:18] RUN_START run_id=SCALE_C_CCNlite_10_062
[2026-08-20T16:46:18] PARAM implementation=CCNlite
[2026-08-20T16:46:18] METRIC concurrent_clients=10
[2026-08-20T16:46:18] METRIC throughput_pct_of_max=96.895
[2026-08-20T16:46:18] RUN_END status=OK
[2026-08-20T16:46:43] RUN_START run_id=SCALE_C_PythonNDN_100_136
[2026-08-20T16:46:43] PARAM implementation=PythonNDN
[2026-08-20T16:46:43] METRIC concurrent_clients=100
[2026-08-20T16:46:43] METRIC throughput_pct_of_max=62.568
[2026-08-20T16:46:43] RUN_END status=OK
[2026-08-20T16:49:16] RUN_START run_id=SCALE_C_PythonNDN_100_137
[2026-08-20T16:49:16] PARAM implementation=PythonNDN
[2026-08-20T16:49:16] METRIC concurrent_clients=100
[2026-08-20T16:49:16] METRIC throughput_pct_of_max=64.15
[2026-08-20T16:49:16] RUN_END status=OK
[2026-08-20T16:50:09] RUN_START run_id=SCALE_C_PythonNDN_100_138
[2026-08-20T16:50:09] PARAM implementation=PythonNDN
[2026-08-20T16:50:09] METRIC concurrent_clients=100
[2026-08-20T16:50:09] METRIC throughput_pct_of_max=66.273
[2026-08-20T16:50:09] RUN_END status=OK
[2026-08-20T16:53:21] RUN_START run_id=SCALE_C_PythonNDN_100_139
[2026-08-20T16:53:21] PARAM implementation=PythonNDN
[2026-08-20T16:53:21] METRIC concurrent_clients=100
[2026-08-20T16:53:21] METRIC throughput_pct_of_max=70.381
[2026-08-20T16:53:21] RUN_END status=OK
[2026-08-20T16:54:26] RUN_START run_id=SCALE_C_PythonNDN_100_140
[2026-08-20T16:54:26] PARAM implementation=PythonNDN
[2026-08-20T16:54:26] METRIC concurrent_clients=100
[2026-08-20T16:54:26] METRIC throughput_pct_of_max=68.54
[2026-08-20T16:54:26] RUN_END status=OK
[2026-08-20T16:57:38] RUN_START run_id=SCALE_C_PythonNDN_100_141
[2026-08-20T16:57:38] PARAM implementation=PythonNDN
[2026-08-20T16:57:38] METRIC concurrent_clients=100
[2026-08-20T16:57:38] METRIC throughput_pct_of_max=65.035
[2026-08-20T16:57:38] RUN_END status=OK
[2026-08-20T16:58:44] RUN_START run_id=SCALE_C_PythonNDN_100_142
[2026-08-20T16:58:44] PARAM implementation=PythonNDN
[2026-08-20T16:58:44] METRIC concurrent_clients=100
[2026-08-20T16:58:44] METRIC throughput_pct_of_max=69.088
[2026-08-20T16:58:44] RUN_END status=OK
[2026-08-20T17:00:00] RUN_START run_id=SCALE_C_CCNlite_100_001
[2026-08-20T17:00:00] PARAM implementation=CCNlite
[2026-08-20T17:00:00] METRIC concurrent_clients=100
[2026-08-20T17:00:00] METRIC throughput_pct_of_max=78.62
[2026-08-20T17:00:00] RUN_END status=OK
[2026-08-20T17:01:01] RUN_START run_id=SCALE_C_PythonNDN_100_143
[2026-08-20T17:01:01] PARAM implementation=PythonNDN
[2026-08-20T17:01:01] METRIC concurrent_clients=100
[2026-08-20T17:01:01] METRIC throughput_pct_of_max=62.512
[2026-08-20T17:01:01] RUN_END status=OK
[2026-08-20T17:01:05] RUN_START run_id=SCALE_C_CCNlite_100_002
[2026-08-20T17:01:05] PARAM implementation=CCNlite
[2026-08-20T17:01:05] METRIC concurrent_clients=100
[2026-08-20T17:01:05] METRIC throughput_pct_of_max=81.045
[2026-08-20T17:01:05] RUN_END status=OK
[2026-08-20T17:03:42] RUN_START run_id=SCALE_C_PythonNDN_100_144
[2026-08-20T17:03:42] PARAM implementation=PythonNDN
[2026-08-20T17:03:42] METRIC concurrent_clients=100
[2026-08-20T17:03:42] METRIC throughput_pct_of_max=65.479
[2026-08-20T17:03:42] RUN_END status=OK
[2026-08-20T17:04:42] RUN_START run_id=SCALE_C_CCNlite_100_003
[2026-08-20T17:04:42] PARAM implementation=CCNlite
[2026-08-20T17:04:42] METRIC concurrent_clients=100
[2026-08-20T17:04:42] METRIC throughput_pct_of_max=78.941
[2026-08-20T17:04:42] RUN_END status=OK
[2026-08-20T17:05:39] RUN_START run_id=SCALE_C_PythonNDN_100_145
[2026-08-20T17:05:39] PARAM implementation=PythonNDN
[2026-08-20T17:05:39] METRIC concurrent_clients=100
[2026-08-20T17:05:39] METRIC throughput_pct_of_max=69.768
[2026-08-20T17:05:39] RUN_END status=OK
[2026-08-20T17:06:51] RUN_START run_id=SCALE_C_CCNlite_100_004
[2026-08-20T17:06:51] PARAM implementation=CCNlite
[2026-08-20T17:06:51] METRIC concurrent_clients=100
[2026-08-20T17:06:51] METRIC throughput_pct_of_max=78.374
[2026-08-20T17:06:51] RUN_END status=OK
[2026-08-20T17:08:02] RUN_START run_id=SCALE_C_CCNlite_100_005
[2026-08-20T17:08:02] PARAM implementation=CCNlite
[2026-08-20T17:08:02] METRIC concurrent_clients=100
[2026-08-20T17:08:02] METRIC throughput_pct_of_max=78.757
[2026-08-20T17:08:02] RUN_END status=OK
[2026-08-20T17:08:43] RUN_START run_id=SCALE_C_CCNlite_100_006
[2026-08-20T17:08:43] PARAM implementation=CCNlite
[2026-08-20T17:08:43] METRIC concurrent_clients=100
[2026-08-20T17:08:43] METRIC throughput_pct_of_max=82.187
[2026-08-20T17:08:43] RUN_END status=OK
[2026-08-20T17:12:38] RUN_START run_id=SCALE_C_CCNlite_100_007
[2026-08-20T17:12:38] PARAM implementation=CCNlite
[2026-08-20T17:12:38] METRIC concurrent_clients=100
[2026-08-20T17:12:38] METRIC throughput_pct_of_max=79.062
[2026-08-20T17:12:38] RUN_END status=OK
